[2026-07-01T01:55:54.961+0000][0.009s][info][gc,init] CardTable entry size: 512
[2026-07-01T01:55:54.962+0000][0.009s][info][gc     ] Using G1
[2026-07-01T01:55:54.962+0000][0.010s][info][gc,init] Version: 21.0.11+10-LTS (release)
[2026-07-01T01:55:54.962+0000][0.010s][info][gc,init] CPUs: 4 total, 2 available
[2026-07-01T01:55:54.962+0000][0.010s][info][gc,init] Memory: 1024M
[2026-07-01T01:55:54.962+0000][0.010s][info][gc,init] Large Page Support: Disabled
[2026-07-01T01:55:54.962+0000][0.010s][info][gc,init] NUMA Support: Disabled
[2026-07-01T01:55:54.962+0000][0.010s][info][gc,init] Compressed Oops: Enabled (32-bit)
[2026-07-01T01:55:54.962+0000][0.010s][info][gc,init] Heap Region Size: 1M
[2026-07-01T01:55:54.962+0000][0.010s][info][gc,init] Heap Min Capacity: 8M
[2026-07-01T01:55:54.962+0000][0.010s][info][gc,init] Heap Initial Capacity: 16M
[2026-07-01T01:55:54.962+0000][0.010s][info][gc,init] Heap Max Capacity: 730M
[2026-07-01T01:55:54.962+0000][0.010s][info][gc,init] Pre-touch: Disabled
[2026-07-01T01:55:54.962+0000][0.010s][info][gc,init] Parallel Workers: 2
[2026-07-01T01:55:54.962+0000][0.010s][info][gc,init] Concurrent Workers: 1
[2026-07-01T01:55:54.962+0000][0.010s][info][gc,init] Concurrent Refinement Workers: 2
[2026-07-01T01:55:54.962+0000][0.010s][info][gc,init] Periodic GC: Enabled
[2026-07-01T01:55:54.962+0000][0.010s][info][gc,init] Periodic GC Interval: 10000ms
[2026-07-01T01:55:54.962+0000][0.010s][info][gc,init] G1 Time-Based Heap Sizing enabled (uncommit-only)
[2026-07-01T01:55:54.962+0000][0.010s][info][gc,init]   evaluation_interval=60000ms, uncommit_delay=300000ms, min_regions_to_uncommit=10
[2026-07-01T01:55:54.970+0000][0.018s][info][gc,metaspace] CDS archive(s) mapped at: [0x00007c0183000000-0x00007c0183c9b000-0x00007c0183c9b000), size 13217792, SharedBaseAddress: 0x00007c0183000000, ArchiveRelocationMode: 1.
[2026-07-01T01:55:54.970+0000][0.018s][info][gc,metaspace] Compressed class space mapped at: 0x00007c0184000000-0x00007c01c4000000, reserved size: 1073741824
[2026-07-01T01:55:54.970+0000][0.018s][info][gc,metaspace] Narrow klass base: 0x00007c0183000000, Narrow klass shift: 0, Narrow klass range: 0x100000000
[2026-07-01T01:55:55.428+0000][0.476s][info][gc,start    ] GC(0) Pause Young (Normal) (G1 Evacuation Pause)
[2026-07-01T01:55:55.428+0000][0.476s][info][gc,task     ] GC(0) Using 2 workers of 2 for evacuation
[2026-07-01T01:55:55.431+0000][0.479s][info][gc,phases   ] GC(0)   Pre Evacuate Collection Set: 0.57ms
[2026-07-01T01:55:55.431+0000][0.479s][info][gc,phases   ] GC(0)   Merge Heap Roots: 0.05ms
[2026-07-01T01:55:55.431+0000][0.479s][info][gc,phases   ] GC(0)   Evacuate Collection Set: 1.83ms
[2026-07-01T01:55:55.431+0000][0.479s][info][gc,phases   ] GC(0)   Post Evacuate Collection Set: 0.25ms
[2026-07-01T01:55:55.431+0000][0.479s][info][gc,phases   ] GC(0)   Other: 0.23ms
[2026-07-01T01:55:55.431+0000][0.479s][info][gc,heap     ] GC(0) Eden regions: 6->0(8)
[2026-07-01T01:55:55.431+0000][0.479s][info][gc,heap     ] GC(0) Survivor regions: 0->1(1)
[2026-07-01T01:55:55.431+0000][0.479s][info][gc,heap     ] GC(0) Old regions: 2->2
[2026-07-01T01:55:55.431+0000][0.479s][info][gc,heap     ] GC(0) Humongous regions: 0->0
[2026-07-01T01:55:55.431+0000][0.479s][info][gc,metaspace] GC(0) Metaspace: 1719K(1984K)->1719K(1984K) NonClass: 1531K(1664K)->1531K(1664K) Class: 187K(320K)->187K(320K)
[2026-07-01T01:55:55.431+0000][0.479s][info][gc          ] GC(0) Pause Young (Normal) (G1 Evacuation Pause) 7M->1M(18M) 3.124ms
[2026-07-01T01:55:55.431+0000][0.479s][info][gc,cpu      ] GC(0) User=0.00s Sys=0.01s Real=0.01s
[2026-07-01T01:55:55.721+0000][0.768s][info][gc,start    ] GC(1) Pause Young (Normal) (G1 Evacuation Pause)
[2026-07-01T01:55:55.721+0000][0.768s][info][gc,task     ] GC(1) Using 2 workers of 2 for evacuation
[2026-07-01T01:55:55.725+0000][0.773s][info][gc,phases   ] GC(1)   Pre Evacuate Collection Set: 0.05ms
[2026-07-01T01:55:55.725+0000][0.773s][info][gc,phases   ] GC(1)   Merge Heap Roots: 0.02ms
[2026-07-01T01:55:55.725+0000][0.773s][info][gc,phases   ] GC(1)   Evacuate Collection Set: 3.96ms
[2026-07-01T01:55:55.725+0000][0.773s][info][gc,phases   ] GC(1)   Post Evacuate Collection Set: 0.25ms
[2026-07-01T01:55:55.725+0000][0.773s][info][gc,phases   ] GC(1)   Other: 0.04ms
[2026-07-01T01:55:55.725+0000][0.773s][info][gc,heap     ] GC(1) Eden regions: 8->0(7)
[2026-07-01T01:55:55.725+0000][0.773s][info][gc,heap     ] GC(1) Survivor regions: 1->2(2)
[2026-07-01T01:55:55.725+0000][0.773s][info][gc,heap     ] GC(1) Old regions: 2->2
[2026-07-01T01:55:55.725+0000][0.773s][info][gc,heap     ] GC(1) Humongous regions: 0->0
[2026-07-01T01:55:55.725+0000][0.773s][info][gc,metaspace] GC(1) Metaspace: 2955K(3136K)->2955K(3136K) NonClass: 2650K(2752K)->2650K(2752K) Class: 305K(384K)->305K(384K)
[2026-07-01T01:55:55.725+0000][0.773s][info][gc          ] GC(1) Pause Young (Normal) (G1 Evacuation Pause) 9M->2M(18M) 4.458ms
[2026-07-01T01:55:55.725+0000][0.773s][info][gc,cpu      ] GC(1) User=0.01s Sys=0.00s Real=0.00s
[2026-07-01T01:55:56.007+0000][1.055s][info][gc,start    ] GC(2) Pause Young (Normal) (G1 Evacuation Pause)
[2026-07-01T01:55:56.007+0000][1.055s][info][gc,task     ] GC(2) Using 2 workers of 2 for evacuation
[2026-07-01T01:55:56.014+0000][1.062s][info][gc,phases   ] GC(2)   Pre Evacuate Collection Set: 0.05ms
[2026-07-01T01:55:56.014+0000][1.062s][info][gc,phases   ] GC(2)   Merge Heap Roots: 0.02ms
[2026-07-01T01:55:56.014+0000][1.062s][info][gc,phases   ] GC(2)   Evacuate Collection Set: 6.51ms
[2026-07-01T01:55:56.014+0000][1.062s][info][gc,phases   ] GC(2)   Post Evacuate Collection Set: 0.31ms
[2026-07-01T01:55:56.014+0000][1.062s][info][gc,phases   ] GC(2)   Other: 0.05ms
[2026-07-01T01:55:56.014+0000][1.062s][info][gc,heap     ] GC(2) Eden regions: 7->0(7)
[2026-07-01T01:55:56.015+0000][1.062s][info][gc,heap     ] GC(2) Survivor regions: 2->2(2)
[2026-07-01T01:55:56.015+0000][1.062s][info][gc,heap     ] GC(2) Old regions: 2->3
[2026-07-01T01:55:56.015+0000][1.062s][info][gc,heap     ] GC(2) Humongous regions: 0->0
[2026-07-01T01:55:56.015+0000][1.062s][info][gc,metaspace] GC(2) Metaspace: 4343K(4672K)->4343K(4672K) NonClass: 3860K(4032K)->3860K(4032K) Class: 483K(640K)->483K(640K)
[2026-07-01T01:55:56.015+0000][1.062s][info][gc          ] GC(2) Pause Young (Normal) (G1 Evacuation Pause) 9M->2M(18M) 7.102ms
[2026-07-01T01:55:56.015+0000][1.062s][info][gc,cpu      ] GC(2) User=0.01s Sys=0.00s Real=0.01s
[2026-07-01T01:55:56.129+0000][1.177s][info][gc,start    ] GC(3) Pause Young (Normal) (G1 Evacuation Pause)
[2026-07-01T01:55:56.129+0000][1.177s][info][gc,task     ] GC(3) Using 2 workers of 2 for evacuation
[2026-07-01T01:55:56.131+0000][1.179s][info][gc,phases   ] GC(3)   Pre Evacuate Collection Set: 0.05ms
[2026-07-01T01:55:56.131+0000][1.179s][info][gc,phases   ] GC(3)   Merge Heap Roots: 0.02ms
[2026-07-01T01:55:56.131+0000][1.179s][info][gc,phases   ] GC(3)   Evacuate Collection Set: 1.29ms
[2026-07-01T01:55:56.131+0000][1.179s][info][gc,phases   ] GC(3)   Post Evacuate Collection Set: 0.25ms
[2026-07-01T01:55:56.131+0000][1.179s][info][gc,phases   ] GC(3)   Other: 0.04ms
[2026-07-01T01:55:56.131+0000][1.179s][info][gc,heap     ] GC(3) Eden regions: 7->0(7)
[2026-07-01T01:55:56.131+0000][1.179s][info][gc,heap     ] GC(3) Survivor regions: 2->2(2)
[2026-07-01T01:55:56.131+0000][1.179s][info][gc,heap     ] GC(3) Old regions: 3->3
[2026-07-01T01:55:56.131+0000][1.179s][info][gc,heap     ] GC(3) Humongous regions: 0->0
[2026-07-01T01:55:56.131+0000][1.179s][info][gc,metaspace] GC(3) Metaspace: 5989K(6272K)->5989K(6272K) NonClass: 5295K(5440K)->5295K(5440K) Class: 693K(832K)->693K(832K)
[2026-07-01T01:55:56.131+0000][1.179s][info][gc          ] GC(3) Pause Young (Normal) (G1 Evacuation Pause) 9M->3M(18M) 1.761ms
[2026-07-01T01:55:56.131+0000][1.179s][info][gc,cpu      ] GC(3) User=0.01s Sys=0.00s Real=0.00s
[2026-07-01T01:55:56.229+0000][1.277s][info][gc,start    ] GC(4) Pause Young (Normal) (G1 Evacuation Pause)
[2026-07-01T01:55:56.229+0000][1.277s][info][gc,task     ] GC(4) Using 2 workers of 2 for evacuation
[2026-07-01T01:55:56.231+0000][1.279s][info][gc,phases   ] GC(4)   Pre Evacuate Collection Set: 0.07ms
[2026-07-01T01:55:56.232+0000][1.279s][info][gc,phases   ] GC(4)   Merge Heap Roots: 0.04ms
[2026-07-01T01:55:56.232+0000][1.279s][info][gc,phases   ] GC(4)   Evacuate Collection Set: 1.87ms
[2026-07-01T01:55:56.232+0000][1.279s][info][gc,phases   ] GC(4)   Post Evacuate Collection Set: 0.27ms
[2026-07-01T01:55:56.232+0000][1.279s][info][gc,phases   ] GC(4)   Other: 0.04ms
[2026-07-01T01:55:56.232+0000][1.279s][info][gc,heap     ] GC(4) Eden regions: 7->0(7)
[2026-07-01T01:55:56.232+0000][1.279s][info][gc,heap     ] GC(4) Survivor regions: 2->2(2)
[2026-07-01T01:55:56.232+0000][1.279s][info][gc,heap     ] GC(4) Old regions: 3->4
[2026-07-01T01:55:56.232+0000][1.279s][info][gc,heap     ] GC(4) Humongous regions: 0->0
[2026-07-01T01:55:56.232+0000][1.279s][info][gc,metaspace] GC(4) Metaspace: 7984K(8256K)->7984K(8256K) NonClass: 7041K(7232K)->7041K(7232K) Class: 943K(1024K)->943K(1024K)
[2026-07-01T01:55:56.232+0000][1.279s][info][gc          ] GC(4) Pause Young (Normal) (G1 Evacuation Pause) 10M->3M(18M) 2.395ms
[2026-07-01T01:55:56.232+0000][1.279s][info][gc,cpu      ] GC(4) User=0.00s Sys=0.00s Real=0.00s
[2026-07-01T01:55:56.336+0000][1.384s][info][gc,start    ] GC(5) Pause Young (Normal) (G1 Evacuation Pause)
[2026-07-01T01:55:56.336+0000][1.384s][info][gc,task     ] GC(5) Using 2 workers of 2 for evacuation
[2026-07-01T01:55:56.339+0000][1.386s][info][gc,phases   ] GC(5)   Pre Evacuate Collection Set: 0.08ms
[2026-07-01T01:55:56.339+0000][1.386s][info][gc,phases   ] GC(5)   Merge Heap Roots: 0.03ms
[2026-07-01T01:55:56.339+0000][1.386s][info][gc,phases   ] GC(5)   Evacuate Collection Set: 1.63ms
[2026-07-01T01:55:56.339+0000][1.386s][info][gc,phases   ] GC(5)   Post Evacuate Collection Set: 0.33ms
[2026-07-01T01:55:56.339+0000][1.386s][info][gc,phases   ] GC(5)   Other: 0.04ms
[2026-07-01T01:55:56.339+0000][1.386s][info][gc,heap     ] GC(5) Eden regions: 7->0(11)
[2026-07-01T01:55:56.339+0000][1.386s][info][gc,heap     ] GC(5) Survivor regions: 2->2(2)
[2026-07-01T01:55:56.339+0000][1.386s][info][gc,heap     ] GC(5) Old regions: 4->4
[2026-07-01T01:55:56.339+0000][1.386s][info][gc,heap     ] GC(5) Humongous regions: 0->0
[2026-07-01T01:55:56.339+0000][1.386s][info][gc,metaspace] GC(5) Metaspace: 9186K(9536K)->9186K(9536K) NonClass: 8057K(8256K)->8057K(8256K) Class: 1128K(1280K)->1128K(1280K)
[2026-07-01T01:55:56.339+0000][1.386s][info][gc          ] GC(5) Pause Young (Normal) (G1 Evacuation Pause) 10M->4M(22M) 2.217ms
[2026-07-01T01:55:56.339+0000][1.386s][info][gc,cpu      ] GC(5) User=0.00s Sys=0.00s Real=0.01s
[2026-07-01T01:55:56.501+0000][1.548s][info][gc,start    ] GC(6) Pause Young (Normal) (G1 Evacuation Pause)
[2026-07-01T01:55:56.501+0000][1.548s][info][gc,task     ] GC(6) Using 2 workers of 2 for evacuation
[2026-07-01T01:55:56.503+0000][1.551s][info][gc,phases   ] GC(6)   Pre Evacuate Collection Set: 0.08ms
[2026-07-01T01:55:56.503+0000][1.551s][info][gc,phases   ] GC(6)   Merge Heap Roots: 0.05ms
[2026-07-01T01:55:56.503+0000][1.551s][info][gc,phases   ] GC(6)   Evacuate Collection Set: 2.08ms
[2026-07-01T01:55:56.503+0000][1.551s][info][gc,phases   ] GC(6)   Post Evacuate Collection Set: 0.28ms
[2026-07-01T01:55:56.503+0000][1.551s][info][gc,phases   ] GC(6)   Other: 0.04ms
[2026-07-01T01:55:56.503+0000][1.551s][info][gc,heap     ] GC(6) Eden regions: 11->0(11)
[2026-07-01T01:55:56.503+0000][1.551s][info][gc,heap     ] GC(6) Survivor regions: 2->2(2)
[2026-07-01T01:55:56.503+0000][1.551s][info][gc,heap     ] GC(6) Old regions: 4->5
[2026-07-01T01:55:56.503+0000][1.551s][info][gc,heap     ] GC(6) Humongous regions: 0->0
[2026-07-01T01:55:56.503+0000][1.551s][info][gc,metaspace] GC(6) Metaspace: 11347K(11712K)->11347K(11712K) NonClass: 9897K(10112K)->9897K(10112K) Class: 1449K(1600K)->1449K(1600K)
[2026-07-01T01:55:56.503+0000][1.551s][info][gc          ] GC(6) Pause Young (Normal) (G1 Evacuation Pause) 15M->4M(22M) 2.626ms
[2026-07-01T01:55:56.503+0000][1.551s][info][gc,cpu      ] GC(6) User=0.00s Sys=0.00s Real=0.00s
[2026-07-01T01:55:56.618+0000][1.665s][info][gc,start    ] GC(7) Pause Young (Normal) (G1 Evacuation Pause)
[2026-07-01T01:55:56.618+0000][1.665s][info][gc,task     ] GC(7) Using 2 workers of 2 for evacuation
[2026-07-01T01:55:56.620+0000][1.668s][info][gc,phases   ] GC(7)   Pre Evacuate Collection Set: 0.09ms
[2026-07-01T01:55:56.620+0000][1.668s][info][gc,phases   ] GC(7)   Merge Heap Roots: 0.05ms
[2026-07-01T01:55:56.620+0000][1.668s][info][gc,phases   ] GC(7)   Evacuate Collection Set: 2.33ms
[2026-07-01T01:55:56.620+0000][1.668s][info][gc,phases   ] GC(7)   Post Evacuate Collection Set: 0.27ms
[2026-07-01T01:55:56.620+0000][1.668s][info][gc,phases   ] GC(7)   Other: 0.04ms
[2026-07-01T01:55:56.620+0000][1.668s][info][gc,heap     ] GC(7) Eden regions: 11->0(11)
[2026-07-01T01:55:56.620+0000][1.668s][info][gc,heap     ] GC(7) Survivor regions: 2->2(2)
[2026-07-01T01:55:56.620+0000][1.668s][info][gc,heap     ] GC(7) Old regions: 5->6
[2026-07-01T01:55:56.620+0000][1.668s][info][gc,heap     ] GC(7) Humongous regions: 0->0
[2026-07-01T01:55:56.620+0000][1.668s][info][gc,metaspace] GC(7) Metaspace: 13618K(14016K)->13618K(14016K) NonClass: 11904K(12160K)->11904K(12160K) Class: 1714K(1856K)->1714K(1856K)
[2026-07-01T01:55:56.620+0000][1.668s][info][gc          ] GC(7) Pause Young (Normal) (G1 Evacuation Pause) 15M->5M(22M) 2.897ms
[2026-07-01T01:55:56.620+0000][1.668s][info][gc,cpu      ] GC(7) User=0.00s Sys=0.00s Real=0.01s
[2026-07-01T01:55:56.730+0000][1.778s][info][gc,start    ] GC(8) Pause Young (Normal) (G1 Evacuation Pause)
[2026-07-01T01:55:56.730+0000][1.778s][info][gc,task     ] GC(8) Using 2 workers of 2 for evacuation
[2026-07-01T01:55:56.733+0000][1.781s][info][gc,phases   ] GC(8)   Pre Evacuate Collection Set: 0.09ms
[2026-07-01T01:55:56.733+0000][1.781s][info][gc,phases   ] GC(8)   Merge Heap Roots: 0.04ms
[2026-07-01T01:55:56.733+0000][1.781s][info][gc,phases   ] GC(8)   Evacuate Collection Set: 2.48ms
[2026-07-01T01:55:56.733+0000][1.781s][info][gc,phases   ] GC(8)   Post Evacuate Collection Set: 0.33ms
[2026-07-01T01:55:56.733+0000][1.781s][info][gc,phases   ] GC(8)   Other: 0.04ms
[2026-07-01T01:55:56.733+0000][1.781s][info][gc,heap     ] GC(8) Eden regions: 11->0(11)
[2026-07-01T01:55:56.733+0000][1.781s][info][gc,heap     ] GC(8) Survivor regions: 2->1(2)
[2026-07-01T01:55:56.733+0000][1.781s][info][gc,heap     ] GC(8) Old regions: 6->7
[2026-07-01T01:55:56.733+0000][1.781s][info][gc,heap     ] GC(8) Humongous regions: 0->0
[2026-07-01T01:55:56.733+0000][1.781s][info][gc,metaspace] GC(8) Metaspace: 15904K(16384K)->15904K(16384K) NonClass: 13889K(14144K)->13889K(14144K) Class: 2015K(2240K)->2015K(2240K)
[2026-07-01T01:55:56.733+0000][1.781s][info][gc          ] GC(8) Pause Young (Normal) (G1 Evacuation Pause) 16M->6M(22M) 3.086ms
[2026-07-01T01:55:56.733+0000][1.781s][info][gc,cpu      ] GC(8) User=0.01s Sys=0.00s Real=0.00s
[2026-07-01T01:55:56.845+0000][1.892s][info][gc,start    ] GC(9) Pause Young (Normal) (G1 Evacuation Pause)
[2026-07-01T01:55:56.845+0000][1.892s][info][gc,task     ] GC(9) Using 2 workers of 2 for evacuation
[2026-07-01T01:55:56.847+0000][1.895s][info][gc,phases   ] GC(9)   Pre Evacuate Collection Set: 0.08ms
[2026-07-01T01:55:56.847+0000][1.895s][info][gc,phases   ] GC(9)   Merge Heap Roots: 0.04ms
[2026-07-01T01:55:56.847+0000][1.895s][info][gc,phases   ] GC(9)   Evacuate Collection Set: 1.82ms
[2026-07-01T01:55:56.847+0000][1.895s][info][gc,phases   ] GC(9)   Post Evacuate Collection Set: 0.43ms
[2026-07-01T01:55:56.847+0000][1.895s][info][gc,phases   ] GC(9)   Other: 0.06ms
[2026-07-01T01:55:56.847+0000][1.895s][info][gc,heap     ] GC(9) Eden regions: 11->0(14)
[2026-07-01T01:55:56.847+0000][1.895s][info][gc,heap     ] GC(9) Survivor regions: 1->2(2)
[2026-07-01T01:55:56.847+0000][1.895s][info][gc,heap     ] GC(9) Old regions: 7->7
[2026-07-01T01:55:56.847+0000][1.895s][info][gc,heap     ] GC(9) Humongous regions: 0->0
[2026-07-01T01:55:56.847+0000][1.895s][info][gc,metaspace] GC(9) Metaspace: 18063K(18432K)->18063K(18432K) NonClass: 15802K(16000K)->15802K(16000K) Class: 2260K(2432K)->2260K(2432K)
[2026-07-01T01:55:56.847+0000][1.895s][info][gc          ] GC(9) Pause Young (Normal) (G1 Evacuation Pause) 17M->6M(27M) 2.547ms
[2026-07-01T01:55:56.847+0000][1.895s][info][gc,cpu      ] GC(9) User=0.01s Sys=0.00s Real=0.00s
[2026-07-01T01:55:57.023+0000][2.071s][info][gc,start    ] GC(10) Pause Young (Normal) (G1 Evacuation Pause)
[2026-07-01T01:55:57.023+0000][2.071s][info][gc,task     ] GC(10) Using 2 workers of 2 for evacuation
[2026-07-01T01:55:57.026+0000][2.074s][info][gc,phases   ] GC(10)   Pre Evacuate Collection Set: 0.09ms
[2026-07-01T01:55:57.026+0000][2.074s][info][gc,phases   ] GC(10)   Merge Heap Roots: 0.04ms
[2026-07-01T01:55:57.026+0000][2.074s][info][gc,phases   ] GC(10)   Evacuate Collection Set: 2.51ms
[2026-07-01T01:55:57.026+0000][2.074s][info][gc,phases   ] GC(10)   Post Evacuate Collection Set: 0.36ms
[2026-07-01T01:55:57.026+0000][2.074s][info][gc,phases   ] GC(10)   Other: 0.04ms
[2026-07-01T01:55:57.026+0000][2.074s][info][gc,heap     ] GC(10) Eden regions: 14->0(13)
[2026-07-01T01:55:57.026+0000][2.074s][info][gc,heap     ] GC(10) Survivor regions: 2->2(2)
[2026-07-01T01:55:57.026+0000][2.074s][info][gc,heap     ] GC(10) Old regions: 7->8
[2026-07-01T01:55:57.026+0000][2.074s][info][gc,heap     ] GC(10) Humongous regions: 0->0
[2026-07-01T01:55:57.026+0000][2.074s][info][gc,metaspace] GC(10) Metaspace: 19498K(20032K)->19498K(20032K) NonClass: 17052K(17344K)->17052K(17344K) Class: 2446K(2688K)->2446K(2688K)
[2026-07-01T01:55:57.026+0000][2.074s][info][gc          ] GC(10) Pause Young (Normal) (G1 Evacuation Pause) 20M->8M(27M) 3.154ms
[2026-07-01T01:55:57.026+0000][2.074s][info][gc,cpu      ] GC(10) User=0.01s Sys=0.00s Real=0.00s
[2026-07-01T01:55:57.156+0000][2.204s][info][gc,start    ] GC(11) Pause Young (Normal) (G1 Evacuation Pause)
[2026-07-01T01:55:57.156+0000][2.204s][info][gc,task     ] GC(11) Using 2 workers of 2 for evacuation
[2026-07-01T01:55:57.159+0000][2.207s][info][gc,phases   ] GC(11)   Pre Evacuate Collection Set: 0.08ms
[2026-07-01T01:55:57.159+0000][2.207s][info][gc,phases   ] GC(11)   Merge Heap Roots: 0.04ms
[2026-07-01T01:55:57.159+0000][2.207s][info][gc,phases   ] GC(11)   Evacuate Collection Set: 2.59ms
[2026-07-01T01:55:57.159+0000][2.207s][info][gc,phases   ] GC(11)   Post Evacuate Collection Set: 0.32ms
[2026-07-01T01:55:57.159+0000][2.207s][info][gc,phases   ] GC(11)   Other: 0.04ms
[2026-07-01T01:55:57.159+0000][2.207s][info][gc,heap     ] GC(11) Eden regions: 13->0(13)
[2026-07-01T01:55:57.159+0000][2.207s][info][gc,heap     ] GC(11) Survivor regions: 2->1(2)
[2026-07-01T01:55:57.159+0000][2.207s][info][gc,heap     ] GC(11) Old regions: 8->9
[2026-07-01T01:55:57.159+0000][2.207s][info][gc,heap     ] GC(11) Humongous regions: 0->0
[2026-07-01T01:55:57.159+0000][2.207s][info][gc,metaspace] GC(11) Metaspace: 20206K(20672K)->20206K(20672K) NonClass: 17685K(17920K)->17685K(17920K) Class: 2520K(2752K)->2520K(2752K)
[2026-07-01T01:55:57.159+0000][2.207s][info][gc          ] GC(11) Pause Young (Normal) (G1 Evacuation Pause) 21M->9M(27M) 3.189ms
[2026-07-01T01:55:57.159+0000][2.207s][info][gc,cpu      ] GC(11) User=0.01s Sys=0.00s Real=0.01s
[2026-07-01T01:55:57.267+0000][2.314s][info][gc,start    ] GC(12) Pause Young (Concurrent Start) (Metadata GC Threshold)
[2026-07-01T01:55:57.267+0000][2.314s][info][gc,task     ] GC(12) Using 2 workers of 2 for evacuation
[2026-07-01T01:55:57.269+0000][2.317s][info][gc,phases   ] GC(12)   Pre Evacuate Collection Set: 0.10ms
[2026-07-01T01:55:57.269+0000][2.317s][info][gc,phases   ] GC(12)   Merge Heap Roots: 0.04ms
[2026-07-01T01:55:57.269+0000][2.317s][info][gc,phases   ] GC(12)   Evacuate Collection Set: 1.70ms
[2026-07-01T01:55:57.269+0000][2.317s][info][gc,phases   ] GC(12)   Post Evacuate Collection Set: 0.28ms
[2026-07-01T01:55:57.269+0000][2.317s][info][gc,phases   ] GC(12)   Other: 0.07ms
[2026-07-01T01:55:57.269+0000][2.317s][info][gc,heap     ] GC(12) Eden regions: 10->0(13)
[2026-07-01T01:55:57.269+0000][2.317s][info][gc,heap     ] GC(12) Survivor regions: 1->2(2)
[2026-07-01T01:55:57.269+0000][2.317s][info][gc,heap     ] GC(12) Old regions: 9->9
[2026-07-01T01:55:57.269+0000][2.317s][info][gc,heap     ] GC(12) Humongous regions: 0->0
[2026-07-01T01:55:57.269+0000][2.317s][info][gc,metaspace] GC(12) Metaspace: 21046K(21504K)->21046K(21504K) NonClass: 18424K(18688K)->18424K(18688K) Class: 2621K(2816K)->2621K(2816K)
[2026-07-01T01:55:57.269+0000][2.317s][info][gc          ] GC(12) Pause Young (Concurrent Start) (Metadata GC Threshold) 18M->9M(27M) 2.338ms
[2026-07-01T01:55:57.269+0000][2.317s][info][gc,cpu      ] GC(12) User=0.01s Sys=0.00s Real=0.01s
[2026-07-01T01:55:57.269+0000][2.317s][info][gc          ] GC(13) Concurrent Mark Cycle
[2026-07-01T01:55:57.269+0000][2.317s][info][gc,marking  ] GC(13) Concurrent Scan Root Regions
[2026-07-01T01:55:57.271+0000][2.318s][info][gc,marking  ] GC(13) Concurrent Scan Root Regions 1.416ms
[2026-07-01T01:55:57.271+0000][2.318s][info][gc,marking  ] GC(13) Concurrent Mark
[2026-07-01T01:55:57.271+0000][2.318s][info][gc,marking  ] GC(13) Concurrent Mark From Roots
[2026-07-01T01:55:57.271+0000][2.318s][info][gc,task     ] GC(13) Using 1 workers of 1 for marking
[2026-07-01T01:55:57.311+0000][2.359s][info][gc,marking  ] GC(13) Concurrent Mark From Roots 40.646ms
[2026-07-01T01:55:57.311+0000][2.359s][info][gc,marking  ] GC(13) Concurrent Preclean
[2026-07-01T01:55:57.311+0000][2.359s][info][gc,marking  ] GC(13) Concurrent Preclean 0.035ms
[2026-07-01T01:55:57.311+0000][2.359s][info][gc,start    ] GC(13) Pause Remark
[2026-07-01T01:55:57.314+0000][2.362s][info][gc,heap     ] GC(13) Heap shrink completed: uncommitted 5 regions (5MB), heap size now 22MB
[2026-07-01T01:55:57.314+0000][2.362s][info][gc          ] GC(13) Pause Remark 11M->11M(22M) 2.491ms
[2026-07-01T01:55:57.314+0000][2.362s][info][gc,cpu      ] GC(13) User=0.00s Sys=0.00s Real=0.00s
[2026-07-01T01:55:57.314+0000][2.362s][info][gc,marking  ] GC(13) Concurrent Mark 43.478ms
[2026-07-01T01:55:57.314+0000][2.362s][info][gc,marking  ] GC(13) Concurrent Rebuild Remembered Sets and Scrub Regions
[2026-07-01T01:55:57.320+0000][2.368s][info][gc,marking  ] GC(13) Concurrent Rebuild Remembered Sets and Scrub Regions 6.261ms
[2026-07-01T01:55:57.320+0000][2.368s][info][gc,start    ] GC(13) Pause Cleanup
[2026-07-01T01:55:57.321+0000][2.368s][info][gc          ] GC(13) Pause Cleanup 11M->11M(22M) 0.071ms
[2026-07-01T01:55:57.321+0000][2.368s][info][gc,cpu      ] GC(13) User=0.00s Sys=0.00s Real=0.00s
[2026-07-01T01:55:57.321+0000][2.368s][info][gc,marking  ] GC(13) Concurrent Clear Claimed Marks
[2026-07-01T01:55:57.321+0000][2.368s][info][gc,marking  ] GC(13) Concurrent Clear Claimed Marks 0.024ms
[2026-07-01T01:55:57.321+0000][2.368s][info][gc,marking  ] GC(13) Concurrent Cleanup for Next Mark
[2026-07-01T01:55:57.321+0000][2.368s][info][gc,marking  ] GC(13) Concurrent Cleanup for Next Mark 0.138ms
[2026-07-01T01:55:57.321+0000][2.368s][info][gc          ] GC(13) Concurrent Mark Cycle 51.649ms
[2026-07-01T01:55:57.447+0000][2.494s][info][gc,start    ] GC(14) Pause Young (Prepare Mixed) (G1 Evacuation Pause)
[2026-07-01T01:55:57.447+0000][2.494s][info][gc,task     ] GC(14) Using 2 workers of 2 for evacuation
[2026-07-01T01:55:57.450+0000][2.498s][info][gc,phases   ] GC(14)   Pre Evacuate Collection Set: 0.09ms
[2026-07-01T01:55:57.450+0000][2.498s][info][gc,phases   ] GC(14)   Merge Heap Roots: 0.05ms
[2026-07-01T01:55:57.450+0000][2.498s][info][gc,phases   ] GC(14)   Evacuate Collection Set: 3.31ms
[2026-07-01T01:55:57.450+0000][2.498s][info][gc,phases   ] GC(14)   Post Evacuate Collection Set: 0.31ms
[2026-07-01T01:55:57.450+0000][2.498s][info][gc,phases   ] GC(14)   Other: 0.03ms
[2026-07-01T01:55:57.450+0000][2.498s][info][gc,heap     ] GC(14) Eden regions: 11->0(11)
[2026-07-01T01:55:57.450+0000][2.498s][info][gc,heap     ] GC(14) Survivor regions: 2->2(2)
[2026-07-01T01:55:57.450+0000][2.498s][info][gc,heap     ] GC(14) Old regions: 9->10
[2026-07-01T01:55:57.450+0000][2.498s][info][gc,heap     ] GC(14) Humongous regions: 0->0
[2026-07-01T01:55:57.450+0000][2.498s][info][gc,metaspace] GC(14) Metaspace: 21971K(22464K)->21971K(22464K) NonClass: 19211K(19456K)->19211K(19456K) Class: 2760K(3008K)->2760K(3008K)
[2026-07-01T01:55:57.450+0000][2.498s][info][gc          ] GC(14) Pause Young (Prepare Mixed) (G1 Evacuation Pause) 20M->10M(25M) 3.898ms
[2026-07-01T01:55:57.450+0000][2.498s][info][gc,cpu      ] GC(14) User=0.01s Sys=0.00s Real=0.01s
[2026-07-01T01:55:57.633+0000][2.681s][info][gc,start    ] GC(15) Pause Young (Mixed) (G1 Evacuation Pause)
[2026-07-01T01:55:57.633+0000][2.681s][info][gc,task     ] GC(15) Using 2 workers of 2 for evacuation
[2026-07-01T01:55:57.637+0000][2.685s][info][gc,phases   ] GC(15)   Pre Evacuate Collection Set: 0.11ms
[2026-07-01T01:55:57.637+0000][2.685s][info][gc,phases   ] GC(15)   Merge Heap Roots: 0.05ms
[2026-07-01T01:55:57.637+0000][2.685s][info][gc,phases   ] GC(15)   Evacuate Collection Set: 3.48ms
[2026-07-01T01:55:57.637+0000][2.685s][info][gc,phases   ] GC(15)   Post Evacuate Collection Set: 0.41ms
[2026-07-01T01:55:57.637+0000][2.685s][info][gc,phases   ] GC(15)   Other: 0.05ms
[2026-07-01T01:55:57.637+0000][2.685s][info][gc,heap     ] GC(15) Eden regions: 11->0(16)
[2026-07-01T01:55:57.637+0000][2.685s][info][gc,heap     ] GC(15) Survivor regions: 2->2(2)
[2026-07-01T01:55:57.637+0000][2.685s][info][gc,heap     ] GC(15) Old regions: 10->10
[2026-07-01T01:55:57.637+0000][2.685s][info][gc,heap     ] GC(15) Humongous regions: 0->0
[2026-07-01T01:55:57.637+0000][2.685s][info][gc,metaspace] GC(15) Metaspace: 23196K(23680K)->23196K(23680K) NonClass: 20264K(20544K)->20264K(20544K) Class: 2931K(3136K)->2931K(3136K)
[2026-07-01T01:55:57.637+0000][2.685s][info][gc          ] GC(15) Pause Young (Mixed) (G1 Evacuation Pause) 21M->10M(32M) 4.211ms
[2026-07-01T01:55:57.637+0000][2.685s][info][gc,cpu      ] GC(15) User=0.01s Sys=0.00s Real=0.00s
[2026-07-01T01:55:57.841+0000][2.888s][info][gc,start    ] GC(16) Pause Young (Normal) (G1 Evacuation Pause)
[2026-07-01T01:55:57.841+0000][2.888s][info][gc,task     ] GC(16) Using 2 workers of 2 for evacuation
[2026-07-01T01:55:57.845+0000][2.892s][info][gc,phases   ] GC(16)   Pre Evacuate Collection Set: 0.08ms
[2026-07-01T01:55:57.845+0000][2.892s][info][gc,phases   ] GC(16)   Merge Heap Roots: 0.04ms
[2026-07-01T01:55:57.845+0000][2.892s][info][gc,phases   ] GC(16)   Evacuate Collection Set: 3.66ms
[2026-07-01T01:55:57.845+0000][2.892s][info][gc,phases   ] GC(16)   Post Evacuate Collection Set: 0.37ms
[2026-07-01T01:55:57.845+0000][2.892s][info][gc,phases   ] GC(16)   Other: 0.05ms
[2026-07-01T01:55:57.845+0000][2.892s][info][gc,heap     ] GC(16) Eden regions: 16->0(15)
[2026-07-01T01:55:57.845+0000][2.893s][info][gc,heap     ] GC(16) Survivor regions: 2->3(3)
[2026-07-01T01:55:57.845+0000][2.893s][info][gc,heap     ] GC(16) Old regions: 10->10
[2026-07-01T01:55:57.845+0000][2.893s][info][gc,heap     ] GC(16) Humongous regions: 0->0
[2026-07-01T01:55:57.845+0000][2.893s][info][gc,metaspace] GC(16) Metaspace: 26526K(27072K)->26526K(27072K) NonClass: 23169K(23488K)->23169K(23488K) Class: 3356K(3584K)->3356K(3584K)
[2026-07-01T01:55:57.845+0000][2.893s][info][gc          ] GC(16) Pause Young (Normal) (G1 Evacuation Pause) 26M->12M(32M) 4.310ms
[2026-07-01T01:55:57.845+0000][2.893s][info][gc,cpu      ] GC(16) User=0.01s Sys=0.00s Real=0.00s
[2026-07-01T01:55:58.006+0000][3.054s][info][gc,start    ] GC(17) Pause Young (Normal) (G1 Evacuation Pause)
[2026-07-01T01:55:58.006+0000][3.054s][info][gc,task     ] GC(17) Using 2 workers of 2 for evacuation
[2026-07-01T01:55:58.013+0000][3.060s][info][gc,phases   ] GC(17)   Pre Evacuate Collection Set: 0.10ms
[2026-07-01T01:55:58.013+0000][3.060s][info][gc,phases   ] GC(17)   Merge Heap Roots: 0.05ms
[2026-07-01T01:55:58.013+0000][3.060s][info][gc,phases   ] GC(17)   Evacuate Collection Set: 5.52ms
[2026-07-01T01:55:58.013+0000][3.060s][info][gc,phases   ] GC(17)   Post Evacuate Collection Set: 0.42ms
[2026-07-01T01:55:58.013+0000][3.060s][info][gc,phases   ] GC(17)   Other: 0.06ms
[2026-07-01T01:55:58.013+0000][3.060s][info][gc,heap     ] GC(17) Eden regions: 15->0(14)
[2026-07-01T01:55:58.013+0000][3.060s][info][gc,heap     ] GC(17) Survivor regions: 3->1(3)
[2026-07-01T01:55:58.013+0000][3.060s][info][gc,heap     ] GC(17) Old regions: 10->13
[2026-07-01T01:55:58.013+0000][3.060s][info][gc,heap     ] GC(17) Humongous regions: 0->0
[2026-07-01T01:55:58.013+0000][3.060s][info][gc,metaspace] GC(17) Metaspace: 28161K(28672K)->28161K(28672K) NonClass: 24561K(24832K)->24561K(24832K) Class: 3599K(3840K)->3599K(3840K)
[2026-07-01T01:55:58.013+0000][3.060s][info][gc          ] GC(17) Pause Young (Normal) (G1 Evacuation Pause) 27M->13M(32M) 6.294ms
[2026-07-01T01:55:58.013+0000][3.060s][info][gc,cpu      ] GC(17) User=0.01s Sys=0.00s Real=0.01s
[2026-07-01T01:55:58.218+0000][3.265s][info][gc,start    ] GC(18) Pause Young (Normal) (G1 Evacuation Pause)
[2026-07-01T01:55:58.218+0000][3.265s][info][gc,task     ] GC(18) Using 2 workers of 2 for evacuation
[2026-07-01T01:55:58.222+0000][3.270s][info][gc,phases   ] GC(18)   Pre Evacuate Collection Set: 0.11ms
[2026-07-01T01:55:58.222+0000][3.270s][info][gc,phases   ] GC(18)   Merge Heap Roots: 0.05ms
[2026-07-01T01:55:58.222+0000][3.270s][info][gc,phases   ] GC(18)   Evacuate Collection Set: 4.01ms
[2026-07-01T01:55:58.222+0000][3.270s][info][gc,phases   ] GC(18)   Post Evacuate Collection Set: 0.33ms
[2026-07-01T01:55:58.222+0000][3.270s][info][gc,phases   ] GC(18)   Other: 0.05ms
[2026-07-01T01:55:58.222+0000][3.270s][info][gc,heap     ] GC(18) Eden regions: 14->0(13)
[2026-07-01T01:55:58.222+0000][3.270s][info][gc,heap     ] GC(18) Survivor regions: 1->2(2)
[2026-07-01T01:55:58.222+0000][3.270s][info][gc,heap     ] GC(18) Old regions: 13->13
[2026-07-01T01:55:58.222+0000][3.270s][info][gc,heap     ] GC(18) Humongous regions: 0->0
[2026-07-01T01:55:58.222+0000][3.270s][info][gc,metaspace] GC(18) Metaspace: 30386K(30976K)->30386K(30976K) NonClass: 26475K(26816K)->26475K(26816K) Class: 3911K(4160K)->3911K(4160K)
[2026-07-01T01:55:58.222+0000][3.270s][info][gc          ] GC(18) Pause Young (Normal) (G1 Evacuation Pause) 27M->14M(32M) 4.663ms
[2026-07-01T01:55:58.222+0000][3.270s][info][gc,cpu      ] GC(18) User=0.01s Sys=0.00s Real=0.01s
[2026-07-01T01:55:58.367+0000][3.414s][info][gc,start    ] GC(19) Pause Young (Normal) (G1 Evacuation Pause)
[2026-07-01T01:55:58.367+0000][3.414s][info][gc,task     ] GC(19) Using 2 workers of 2 for evacuation
[2026-07-01T01:55:58.372+0000][3.420s][info][gc,phases   ] GC(19)   Pre Evacuate Collection Set: 0.10ms
[2026-07-01T01:55:58.372+0000][3.420s][info][gc,phases   ] GC(19)   Merge Heap Roots: 0.05ms
[2026-07-01T01:55:58.372+0000][3.420s][info][gc,phases   ] GC(19)   Evacuate Collection Set: 4.53ms
[2026-07-01T01:55:58.372+0000][3.420s][info][gc,phases   ] GC(19)   Post Evacuate Collection Set: 0.41ms
[2026-07-01T01:55:58.372+0000][3.420s][info][gc,phases   ] GC(19)   Other: 0.05ms
[2026-07-01T01:55:58.372+0000][3.420s][info][gc,heap     ] GC(19) Eden regions: 13->0(18)
[2026-07-01T01:55:58.372+0000][3.420s][info][gc,heap     ] GC(19) Survivor regions: 2->1(2)
[2026-07-01T01:55:58.372+0000][3.420s][info][gc,heap     ] GC(19) Old regions: 13->15
[2026-07-01T01:55:58.372+0000][3.420s][info][gc,heap     ] GC(19) Humongous regions: 0->0
[2026-07-01T01:55:58.372+0000][3.420s][info][gc,metaspace] GC(19) Metaspace: 31864K(32512K)->31864K(32512K) NonClass: 27718K(28032K)->27718K(28032K) Class: 4146K(4480K)->4146K(4480K)
[2026-07-01T01:55:58.372+0000][3.420s][info][gc          ] GC(19) Pause Young (Normal) (G1 Evacuation Pause) 27M->15M(39M) 5.252ms
[2026-07-01T01:55:58.372+0000][3.420s][info][gc,cpu      ] GC(19) User=0.01s Sys=0.00s Real=0.01s
[2026-07-01T01:55:58.648+0000][3.696s][info][gc,start    ] GC(20) Pause Young (Normal) (G1 Evacuation Pause)
[2026-07-01T01:55:58.648+0000][3.696s][info][gc,task     ] GC(20) Using 2 workers of 2 for evacuation
[2026-07-01T01:55:58.657+0000][3.704s][info][gc,phases   ] GC(20)   Pre Evacuate Collection Set: 0.12ms
[2026-07-01T01:55:58.657+0000][3.704s][info][gc,phases   ] GC(20)   Merge Heap Roots: 0.06ms
[2026-07-01T01:55:58.657+0000][3.704s][info][gc,phases   ] GC(20)   Evacuate Collection Set: 7.55ms
[2026-07-01T01:55:58.657+0000][3.704s][info][gc,phases   ] GC(20)   Post Evacuate Collection Set: 0.50ms
[2026-07-01T01:55:58.657+0000][3.704s][info][gc,phases   ] GC(20)   Other: 0.06ms
[2026-07-01T01:55:58.657+0000][3.704s][info][gc,heap     ] GC(20) Eden regions: 18->0(12)
[2026-07-01T01:55:58.657+0000][3.704s][info][gc,heap     ] GC(20) Survivor regions: 1->3(3)
[2026-07-01T01:55:58.657+0000][3.704s][info][gc,heap     ] GC(20) Old regions: 15->18
[2026-07-01T01:55:58.657+0000][3.704s][info][gc,heap     ] GC(20) Humongous regions: 0->0
[2026-07-01T01:55:58.657+0000][3.704s][info][gc,metaspace] GC(20) Metaspace: 35279K(36032K)->35279K(36032K) NonClass: 30689K(31104K)->30689K(31104K) Class: 4590K(4928K)->4590K(4928K)
[2026-07-01T01:55:58.657+0000][3.704s][info][gc          ] GC(20) Pause Young (Normal) (G1 Evacuation Pause) 33M->20M(40M) 8.455ms
[2026-07-01T01:55:58.657+0000][3.704s][info][gc,cpu      ] GC(20) User=0.03s Sys=0.00s Real=0.00s
[2026-07-01T01:55:58.708+0000][3.756s][info][gc,start    ] GC(21) Pause Young (Normal) (G1 Evacuation Pause)
[2026-07-01T01:55:58.708+0000][3.756s][info][gc,task     ] GC(21) Using 2 workers of 2 for evacuation
[2026-07-01T01:55:58.723+0000][3.771s][info][gc,phases   ] GC(21)   Pre Evacuate Collection Set: 0.10ms
[2026-07-01T01:55:58.723+0000][3.771s][info][gc,phases   ] GC(21)   Merge Heap Roots: 0.07ms
[2026-07-01T01:55:58.723+0000][3.771s][info][gc,phases   ] GC(21)   Evacuate Collection Set: 14.50ms
[2026-07-01T01:55:58.723+0000][3.771s][info][gc,phases   ] GC(21)   Post Evacuate Collection Set: 0.36ms
[2026-07-01T01:55:58.723+0000][3.771s][info][gc,phases   ] GC(21)   Other: 0.04ms
[2026-07-01T01:55:58.723+0000][3.771s][info][gc,heap     ] GC(21) Eden regions: 12->0(6)
[2026-07-01T01:55:58.723+0000][3.771s][info][gc,heap     ] GC(21) Survivor regions: 3->2(2)
[2026-07-01T01:55:58.723+0000][3.771s][info][gc,heap     ] GC(21) Old regions: 18->28
[2026-07-01T01:55:58.723+0000][3.771s][info][gc,heap     ] GC(21) Humongous regions: 0->0
[2026-07-01T01:55:58.723+0000][3.771s][info][gc,metaspace] GC(21) Metaspace: 35518K(36160K)->35518K(36160K) NonClass: 30895K(31232K)->30895K(31232K) Class: 4623K(4928K)->4623K(4928K)
[2026-07-01T01:55:58.723+0000][3.771s][info][gc          ] GC(21) Pause Young (Normal) (G1 Evacuation Pause) 32M->30M(45M) 15.224ms
[2026-07-01T01:55:58.723+0000][3.771s][info][gc,cpu      ] GC(21) User=0.03s Sys=0.01s Real=0.01s
[2026-07-01T01:55:58.730+0000][3.778s][info][gc,start    ] GC(22) Pause Young (Concurrent Start) (G1 Evacuation Pause)
[2026-07-01T01:55:58.730+0000][3.778s][info][gc,task     ] GC(22) Using 2 workers of 2 for evacuation
[2026-07-01T01:55:58.735+0000][3.783s][info][gc,phases   ] GC(22)   Pre Evacuate Collection Set: 0.10ms
[2026-07-01T01:55:58.735+0000][3.783s][info][gc,phases   ] GC(22)   Merge Heap Roots: 0.03ms
[2026-07-01T01:55:58.735+0000][3.783s][info][gc,phases   ] GC(22)   Evacuate Collection Set: 3.93ms
[2026-07-01T01:55:58.735+0000][3.783s][info][gc,phases   ] GC(22)   Post Evacuate Collection Set: 0.25ms
[2026-07-01T01:55:58.735+0000][3.783s][info][gc,phases   ] GC(22)   Other: 0.06ms
[2026-07-01T01:55:58.735+0000][3.783s][info][gc,heap     ] GC(22) Eden regions: 6->0(2)
[2026-07-01T01:55:58.735+0000][3.783s][info][gc,heap     ] GC(22) Survivor regions: 2->1(1)
[2026-07-01T01:55:58.735+0000][3.783s][info][gc,heap     ] GC(22) Old regions: 28->35
[2026-07-01T01:55:58.735+0000][3.783s][info][gc,heap     ] GC(22) Humongous regions: 0->0
[2026-07-01T01:55:58.735+0000][3.783s][info][gc,metaspace] GC(22) Metaspace: 35521K(36224K)->35521K(36224K) NonClass: 30898K(31296K)->30898K(31296K) Class: 4623K(4928K)->4623K(4928K)
[2026-07-01T01:55:58.735+0000][3.783s][info][gc          ] GC(22) Pause Young (Concurrent Start) (G1 Evacuation Pause) 36M->35M(45M) 4.469ms
[2026-07-01T01:55:58.735+0000][3.783s][info][gc,cpu      ] GC(22) User=0.00s Sys=0.00s Real=0.00s
[2026-07-01T01:55:58.735+0000][3.783s][info][gc          ] GC(23) Concurrent Mark Cycle
[2026-07-01T01:55:58.735+0000][3.783s][info][gc,marking  ] GC(23) Concurrent Scan Root Regions
[2026-07-01T01:55:58.740+0000][3.788s][info][gc,start    ] GC(24) Pause Young (Normal) (G1 Evacuation Pause)
[2026-07-01T01:55:58.741+0000][3.788s][info][gc,task     ] GC(24) Using 2 workers of 2 for evacuation
[2026-07-01T01:55:58.742+0000][3.790s][info][gc,marking  ] GC(23) Concurrent Scan Root Regions 6.970ms
[2026-07-01T01:55:58.742+0000][3.790s][info][gc,marking  ] GC(23) Concurrent Mark
[2026-07-01T01:55:58.742+0000][3.790s][info][gc,marking  ] GC(23) Concurrent Mark From Roots
[2026-07-01T01:55:58.742+0000][3.790s][info][gc,task     ] GC(23) Using 1 workers of 1 for marking
[2026-07-01T01:55:58.744+0000][3.792s][info][gc,phases   ] GC(24)   Pre Evacuate Collection Set: 0.10ms
[2026-07-01T01:55:58.744+0000][3.792s][info][gc,phases   ] GC(24)   Merge Heap Roots: 0.03ms
[2026-07-01T01:55:58.744+0000][3.792s][info][gc,phases   ] GC(24)   Evacuate Collection Set: 1.39ms
[2026-07-01T01:55:58.744+0000][3.792s][info][gc,phases   ] GC(24)   Post Evacuate Collection Set: 0.70ms
[2026-07-01T01:55:58.744+0000][3.792s][info][gc,phases   ] GC(24)   Other: 0.04ms
[2026-07-01T01:55:58.744+0000][3.792s][info][gc,heap     ] GC(24) Eden regions: 2->0(27)
[2026-07-01T01:55:58.744+0000][3.792s][info][gc,heap     ] GC(24) Survivor regions: 1->1(1)
[2026-07-01T01:55:58.744+0000][3.792s][info][gc,heap     ] GC(24) Old regions: 35->37
[2026-07-01T01:55:58.744+0000][3.792s][info][gc,heap     ] GC(24) Humongous regions: 0->0
[2026-07-01T01:55:58.744+0000][3.792s][info][gc,metaspace] GC(24) Metaspace: 35522K(36224K)->35522K(36224K) NonClass: 30899K(31296K)->30899K(31296K) Class: 4623K(4928K)->4623K(4928K)
[2026-07-01T01:55:58.744+0000][3.792s][info][gc          ] GC(24) Pause Young (Normal) (G1 Evacuation Pause) 37M->37M(103M) 3.830ms
[2026-07-01T01:55:58.744+0000][3.792s][info][gc,cpu      ] GC(24) User=0.00s Sys=0.00s Real=0.00s
[2026-07-01T01:55:58.776+0000][3.824s][info][gc,marking  ] GC(23) Concurrent Mark From Roots 34.132ms
[2026-07-01T01:55:58.776+0000][3.824s][info][gc,marking  ] GC(23) Concurrent Preclean
[2026-07-01T01:55:58.776+0000][3.824s][info][gc,marking  ] GC(23) Concurrent Preclean 0.053ms
[2026-07-01T01:55:58.776+0000][3.824s][info][gc,start    ] GC(23) Pause Remark
[2026-07-01T01:55:58.781+0000][3.828s][info][gc,heap     ] GC(23) Heap shrink completed: uncommitted 25 regions (25MB), heap size now 78MB
[2026-07-01T01:55:58.781+0000][3.829s][info][gc          ] GC(23) Pause Remark 64M->64M(78M) 4.579ms
[2026-07-01T01:55:58.781+0000][3.829s][info][gc,cpu      ] GC(23) User=0.01s Sys=0.00s Real=0.01s
[2026-07-01T01:55:58.781+0000][3.829s][info][gc,marking  ] GC(23) Concurrent Mark 38.978ms
[2026-07-01T01:55:58.781+0000][3.829s][info][gc,marking  ] GC(23) Concurrent Rebuild Remembered Sets and Scrub Regions
[2026-07-01T01:55:58.788+0000][3.835s][info][gc,start    ] GC(25) Pause Young (Normal) (G1 Evacuation Pause)
[2026-07-01T01:55:58.788+0000][3.835s][info][gc,task     ] GC(25) Using 2 workers of 2 for evacuation
[2026-07-01T01:55:58.813+0000][3.860s][info][gc,phases   ] GC(25)   Pre Evacuate Collection Set: 0.08ms
[2026-07-01T01:55:58.813+0000][3.861s][info][gc,phases   ] GC(25)   Merge Heap Roots: 0.04ms
[2026-07-01T01:55:58.813+0000][3.861s][info][gc,phases   ] GC(25)   Evacuate Collection Set: 24.73ms
[2026-07-01T01:55:58.813+0000][3.861s][info][gc,phases   ] GC(25)   Post Evacuate Collection Set: 0.33ms
[2026-07-01T01:55:58.813+0000][3.861s][info][gc,phases   ] GC(25)   Other: 0.05ms
[2026-07-01T01:55:58.813+0000][3.861s][info][gc,heap     ] GC(25) Eden regions: 27->0(10)
[2026-07-01T01:55:58.813+0000][3.861s][info][gc,heap     ] GC(25) Survivor regions: 1->4(4)
[2026-07-01T01:55:58.813+0000][3.861s][info][gc,heap     ] GC(25) Old regions: 37->56
[2026-07-01T01:55:58.813+0000][3.861s][info][gc,heap     ] GC(25) Humongous regions: 1->1
[2026-07-01T01:55:58.813+0000][3.861s][info][gc,metaspace] GC(25) Metaspace: 35525K(36288K)->35525K(36288K) NonClass: 30901K(31360K)->30901K(31360K) Class: 4623K(4928K)->4623K(4928K)
[2026-07-01T01:55:58.813+0000][3.861s][info][gc          ] GC(25) Pause Young (Normal) (G1 Evacuation Pause) 65M->60M(89M) 25.351ms
[2026-07-01T01:55:58.813+0000][3.861s][info][gc,cpu      ] GC(25) User=0.03s Sys=0.01s Real=0.03s
[2026-07-01T01:55:58.829+0000][3.877s][info][gc,start    ] GC(26) Pause Young (Normal) (G1 Evacuation Pause)
[2026-07-01T01:55:58.829+0000][3.877s][info][gc,task     ] GC(26) Using 2 workers of 2 for evacuation
[2026-07-01T01:55:58.848+0000][3.896s][info][gc,phases   ] GC(26)   Pre Evacuate Collection Set: 0.10ms
[2026-07-01T01:55:58.848+0000][3.896s][info][gc,phases   ] GC(26)   Merge Heap Roots: 0.23ms
[2026-07-01T01:55:58.848+0000][3.896s][info][gc,phases   ] GC(26)   Evacuate Collection Set: 17.84ms
[2026-07-01T01:55:58.848+0000][3.896s][info][gc,phases   ] GC(26)   Post Evacuate Collection Set: 0.34ms
[2026-07-01T01:55:58.848+0000][3.896s][info][gc,phases   ] GC(26)   Other: 0.05ms
[2026-07-01T01:55:58.848+0000][3.896s][info][gc,heap     ] GC(26) Eden regions: 10->0(5)
[2026-07-01T01:55:58.848+0000][3.896s][info][gc,heap     ] GC(26) Survivor regions: 4->2(2)
[2026-07-01T01:55:58.848+0000][3.896s][info][gc,heap     ] GC(26) Old regions: 56->67
[2026-07-01T01:55:58.848+0000][3.896s][info][gc,heap     ] GC(26) Humongous regions: 3->3
[2026-07-01T01:55:58.848+0000][3.896s][info][gc,metaspace] GC(26) Metaspace: 35525K(36288K)->35525K(36288K) NonClass: 30901K(31360K)->30901K(31360K) Class: 4623K(4928K)->4623K(4928K)
[2026-07-01T01:55:58.848+0000][3.896s][info][gc          ] GC(26) Pause Young (Normal) (G1 Evacuation Pause) 72M->71M(89M) 18.686ms
[2026-07-01T01:55:58.848+0000][3.896s][info][gc,cpu      ] GC(26) User=0.03s Sys=0.00s Real=0.02s
[2026-07-01T01:55:58.852+0000][3.900s][info][gc,start    ] GC(27) Pause Young (Normal) (G1 Evacuation Pause)
[2026-07-01T01:55:58.852+0000][3.900s][info][gc,task     ] GC(27) Using 2 workers of 2 for evacuation
[2026-07-01T01:55:58.862+0000][3.909s][info][gc,phases   ] GC(27)   Pre Evacuate Collection Set: 0.09ms
[2026-07-01T01:55:58.862+0000][3.909s][info][gc,phases   ] GC(27)   Merge Heap Roots: 0.21ms
[2026-07-01T01:55:58.862+0000][3.909s][info][gc,phases   ] GC(27)   Evacuate Collection Set: 9.07ms
[2026-07-01T01:55:58.862+0000][3.909s][info][gc,phases   ] GC(27)   Post Evacuate Collection Set: 0.33ms
[2026-07-01T01:55:58.862+0000][3.909s][info][gc,phases   ] GC(27)   Other: 0.04ms
[2026-07-01T01:55:58.862+0000][3.909s][info][gc,heap     ] GC(27) Eden regions: 5->0(3)
[2026-07-01T01:55:58.862+0000][3.909s][info][gc,heap     ] GC(27) Survivor regions: 2->1(1)
[2026-07-01T01:55:58.862+0000][3.909s][info][gc,heap     ] GC(27) Old regions: 67->73
[2026-07-01T01:55:58.862+0000][3.909s][info][gc,heap     ] GC(27) Humongous regions: 3->3
[2026-07-01T01:55:58.862+0000][3.909s][info][gc,metaspace] GC(27) Metaspace: 35525K(36288K)->35525K(36288K) NonClass: 30901K(31360K)->30901K(31360K) Class: 4623K(4928K)->4623K(4928K)
[2026-07-01T01:55:58.862+0000][3.909s][info][gc          ] GC(27) Pause Young (Normal) (G1 Evacuation Pause) 76M->76M(89M) 9.822ms
[2026-07-01T01:55:58.862+0000][3.909s][info][gc,cpu      ] GC(27) User=0.02s Sys=0.00s Real=0.01s
[2026-07-01T01:55:58.864+0000][3.911s][info][gc,marking  ] GC(23) Concurrent Rebuild Remembered Sets and Scrub Regions 82.565ms
[2026-07-01T01:55:58.864+0000][3.911s][info][gc,start    ] GC(23) Pause Cleanup
[2026-07-01T01:55:58.864+0000][3.911s][info][gc          ] GC(23) Pause Cleanup 78M->78M(89M) 0.082ms
[2026-07-01T01:55:58.864+0000][3.911s][info][gc,cpu      ] GC(23) User=0.00s Sys=0.00s Real=0.00s
[2026-07-01T01:55:58.864+0000][3.912s][info][gc,marking  ] GC(23) Concurrent Clear Claimed Marks
[2026-07-01T01:55:58.864+0000][3.912s][info][gc,start    ] GC(28) Pause Young (Prepare Mixed) (G1 Evacuation Pause)
[2026-07-01T01:55:58.864+0000][3.912s][info][gc,task     ] GC(28) Using 2 workers of 2 for evacuation
[2026-07-01T01:55:58.864+0000][3.912s][info][gc,marking  ] GC(23) Concurrent Clear Claimed Marks 0.070ms
[2026-07-01T01:55:58.864+0000][3.912s][info][gc,marking  ] GC(23) Concurrent Cleanup for Next Mark
[2026-07-01T01:55:58.874+0000][3.922s][info][gc,phases   ] GC(28)   Pre Evacuate Collection Set: 0.08ms
[2026-07-01T01:55:58.874+0000][3.922s][info][gc,phases   ] GC(28)   Merge Heap Roots: 0.24ms
[2026-07-01T01:55:58.874+0000][3.922s][info][gc,phases   ] GC(28)   Evacuate Collection Set: 7.83ms
[2026-07-01T01:55:58.874+0000][3.922s][info][gc,phases   ] GC(28)   Post Evacuate Collection Set: 1.41ms
[2026-07-01T01:55:58.874+0000][3.922s][info][gc,phases   ] GC(28)   Other: 0.04ms
[2026-07-01T01:55:58.874+0000][3.922s][info][gc,heap     ] GC(28) Eden regions: 3->0(60)
[2026-07-01T01:55:58.874+0000][3.922s][info][gc,heap     ] GC(28) Survivor regions: 1->1(1)
[2026-07-01T01:55:58.874+0000][3.922s][info][gc,heap     ] GC(28) Old regions: 73->76
[2026-07-01T01:55:58.874+0000][3.922s][info][gc,heap     ] GC(28) Humongous regions: 3->3
[2026-07-01T01:55:58.874+0000][3.922s][info][gc,metaspace] GC(28) Metaspace: 35525K(36288K)->35525K(36288K) NonClass: 30901K(31360K)->30901K(31360K) Class: 4623K(4928K)->4623K(4928K)
[2026-07-01T01:55:58.874+0000][3.922s][info][gc          ] GC(28) Pause Young (Prepare Mixed) (G1 Evacuation Pause) 79M->79M(267M) 9.702ms
[2026-07-01T01:55:58.874+0000][3.922s][info][gc,cpu      ] GC(28) User=0.02s Sys=0.00s Real=0.01s
[2026-07-01T01:55:58.875+0000][3.923s][info][gc,marking  ] GC(23) Concurrent Cleanup for Next Mark 10.694ms
[2026-07-01T01:55:58.875+0000][3.923s][info][gc          ] GC(23) Concurrent Mark Cycle 140.098ms
[2026-07-01T01:55:58.939+0000][3.987s][info][gc,start    ] GC(29) Pause Young (Mixed) (G1 Evacuation Pause)
[2026-07-01T01:55:58.939+0000][3.987s][info][gc,task     ] GC(29) Using 2 workers of 2 for evacuation
[2026-07-01T01:55:58.974+0000][4.021s][info][gc,phases   ] GC(29)   Pre Evacuate Collection Set: 0.13ms
[2026-07-01T01:55:58.974+0000][4.021s][info][gc,phases   ] GC(29)   Merge Heap Roots: 0.10ms
[2026-07-01T01:55:58.974+0000][4.021s][info][gc,phases   ] GC(29)   Evacuate Collection Set: 33.54ms
[2026-07-01T01:55:58.974+0000][4.021s][info][gc,phases   ] GC(29)   Post Evacuate Collection Set: 0.32ms
[2026-07-01T01:55:58.974+0000][4.021s][info][gc,phases   ] GC(29)   Other: 0.07ms
[2026-07-01T01:55:58.974+0000][4.021s][info][gc,heap     ] GC(29) Eden regions: 60->0(44)
[2026-07-01T01:55:58.974+0000][4.021s][info][gc,heap     ] GC(29) Survivor regions: 1->8(8)
[2026-07-01T01:55:58.974+0000][4.021s][info][gc,heap     ] GC(29) Old regions: 76->117
[2026-07-01T01:55:58.974+0000][4.021s][info][gc,heap     ] GC(29) Humongous regions: 6->6
[2026-07-01T01:55:58.974+0000][4.021s][info][gc,metaspace] GC(29) Metaspace: 35525K(36288K)->35525K(36288K) NonClass: 30901K(31360K)->30901K(31360K) Class: 4623K(4928K)->4623K(4928K)
[2026-07-01T01:55:58.974+0000][4.021s][info][gc          ] GC(29) Pause Young (Mixed) (G1 Evacuation Pause) 142M->130M(267M) 34.317ms
[2026-07-01T01:55:58.974+0000][4.021s][info][gc,cpu      ] GC(29) User=0.06s Sys=0.00s Real=0.03s
[2026-07-01T01:55:59.187+0000][4.234s][info][gc,start    ] GC(30) Pause Young (Concurrent Start) (G1 Evacuation Pause)
[2026-07-01T01:55:59.187+0000][4.234s][info][gc,task     ] GC(30) Using 2 workers of 2 for evacuation
[2026-07-01T01:55:59.220+0000][4.267s][info][gc,phases   ] GC(30)   Pre Evacuate Collection Set: 0.15ms
[2026-07-01T01:55:59.220+0000][4.267s][info][gc,phases   ] GC(30)   Merge Heap Roots: 0.06ms
[2026-07-01T01:55:59.220+0000][4.267s][info][gc,phases   ] GC(30)   Evacuate Collection Set: 32.26ms
[2026-07-01T01:55:59.220+0000][4.267s][info][gc,phases   ] GC(30)   Post Evacuate Collection Set: 0.42ms
[2026-07-01T01:55:59.220+0000][4.267s][info][gc,phases   ] GC(30)   Other: 0.07ms
[2026-07-01T01:55:59.220+0000][4.267s][info][gc,heap     ] GC(30) Eden regions: 44->0(37)
[2026-07-01T01:55:59.220+0000][4.267s][info][gc,heap     ] GC(30) Survivor regions: 8->7(7)
[2026-07-01T01:55:59.220+0000][4.267s][info][gc,heap     ] GC(30) Old regions: 117->143
[2026-07-01T01:55:59.220+0000][4.267s][info][gc,heap     ] GC(30) Humongous regions: 6->6
[2026-07-01T01:55:59.220+0000][4.267s][info][gc,metaspace] GC(30) Metaspace: 38437K(39232K)->38437K(39232K) NonClass: 33409K(33856K)->33409K(33856K) Class: 5027K(5376K)->5027K(5376K)
[2026-07-01T01:55:59.220+0000][4.267s][info][gc          ] GC(30) Pause Young (Concurrent Start) (G1 Evacuation Pause) 174M->155M(267M) 33.107ms
[2026-07-01T01:55:59.220+0000][4.267s][info][gc,cpu      ] GC(30) User=0.07s Sys=0.00s Real=0.04s
[2026-07-01T01:55:59.220+0000][4.267s][info][gc          ] GC(31) Concurrent Mark Cycle
[2026-07-01T01:55:59.220+0000][4.267s][info][gc,marking  ] GC(31) Concurrent Scan Root Regions
[2026-07-01T01:55:59.344+0000][4.391s][info][gc,marking  ] GC(31) Concurrent Scan Root Regions 123.873ms
[2026-07-01T01:55:59.344+0000][4.391s][info][gc,marking  ] GC(31) Concurrent Mark
[2026-07-01T01:55:59.344+0000][4.391s][info][gc,marking  ] GC(31) Concurrent Mark From Roots
[2026-07-01T01:55:59.344+0000][4.391s][info][gc,task     ] GC(31) Using 1 workers of 1 for marking
[2026-07-01T01:56:00.244+0000][5.292s][info][gc,start    ] GC(32) Pause Young (Normal) (G1 Evacuation Pause)
[2026-07-01T01:56:00.244+0000][5.292s][info][gc,task     ] GC(32) Using 2 workers of 2 for evacuation
[2026-07-01T01:56:00.255+0000][5.303s][info][gc,phases   ] GC(32)   Pre Evacuate Collection Set: 0.15ms
[2026-07-01T01:56:00.255+0000][5.303s][info][gc,phases   ] GC(32)   Merge Heap Roots: 0.09ms
[2026-07-01T01:56:00.255+0000][5.303s][info][gc,phases   ] GC(32)   Evacuate Collection Set: 9.96ms
[2026-07-01T01:56:00.255+0000][5.303s][info][gc,phases   ] GC(32)   Post Evacuate Collection Set: 0.53ms
[2026-07-01T01:56:00.255+0000][5.303s][info][gc,phases   ] GC(32)   Other: 0.06ms
[2026-07-01T01:56:00.255+0000][5.303s][info][gc,heap     ] GC(32) Eden regions: 37->0(38)
[2026-07-01T01:56:00.255+0000][5.303s][info][gc,heap     ] GC(32) Survivor regions: 7->6(6)
[2026-07-01T01:56:00.255+0000][5.303s][info][gc,heap     ] GC(32) Old regions: 143->152
[2026-07-01T01:56:00.255+0000][5.303s][info][gc,heap     ] GC(32) Humongous regions: 6->6
[2026-07-01T01:56:00.255+0000][5.303s][info][gc,metaspace] GC(32) Metaspace: 39829K(40640K)->39829K(40640K) NonClass: 34694K(35136K)->34694K(35136K) Class: 5134K(5504K)->5134K(5504K)
[2026-07-01T01:56:00.255+0000][5.303s][info][gc          ] GC(32) Pause Young (Normal) (G1 Evacuation Pause) 192M->164M(267M) 10.968ms
[2026-07-01T01:56:00.255+0000][5.303s][info][gc,cpu      ] GC(32) User=0.02s Sys=0.00s Real=0.01s
[2026-07-01T01:56:01.549+0000][6.596s][info][gc,start    ] GC(33) Pause Young (Normal) (G1 Evacuation Pause)
[2026-07-01T01:56:01.549+0000][6.596s][info][gc,task     ] GC(33) Using 2 workers of 2 for evacuation
[2026-07-01T01:56:01.554+0000][6.601s][info][gc,phases   ] GC(33)   Pre Evacuate Collection Set: 0.19ms
[2026-07-01T01:56:01.554+0000][6.601s][info][gc,phases   ] GC(33)   Merge Heap Roots: 0.13ms
[2026-07-01T01:56:01.554+0000][6.601s][info][gc,phases   ] GC(33)   Evacuate Collection Set: 4.48ms
[2026-07-01T01:56:01.554+0000][6.601s][info][gc,phases   ] GC(33)   Post Evacuate Collection Set: 0.27ms
[2026-07-01T01:56:01.554+0000][6.601s][info][gc,phases   ] GC(33)   Other: 0.05ms
[2026-07-01T01:56:01.554+0000][6.601s][info][gc,heap     ] GC(33) Eden regions: 38->0(42)
[2026-07-01T01:56:01.554+0000][6.601s][info][gc,heap     ] GC(33) Survivor regions: 6->1(6)
[2026-07-01T01:56:01.554+0000][6.601s][info][gc,heap     ] GC(33) Old regions: 152->158
[2026-07-01T01:56:01.554+0000][6.601s][info][gc,heap     ] GC(33) Humongous regions: 6->6
[2026-07-01T01:56:01.554+0000][6.601s][info][gc,metaspace] GC(33) Metaspace: 40397K(41216K)->40397K(41216K) NonClass: 35260K(35712K)->35260K(35712K) Class: 5136K(5504K)->5136K(5504K)
[2026-07-01T01:56:01.554+0000][6.601s][info][gc          ] GC(33) Pause Young (Normal) (G1 Evacuation Pause) 202M->165M(267M) 5.243ms
[2026-07-01T01:56:01.554+0000][6.602s][info][gc,cpu      ] GC(33) User=0.01s Sys=0.01s Real=0.00s
[2026-07-01T01:56:01.840+0000][6.888s][info][gc,marking  ] GC(31) Concurrent Mark From Roots 2496.691ms
[2026-07-01T01:56:01.840+0000][6.888s][info][gc,marking  ] GC(31) Concurrent Preclean
[2026-07-01T01:56:01.840+0000][6.888s][info][gc,marking  ] GC(31) Concurrent Preclean 0.047ms
[2026-07-01T01:56:01.841+0000][6.888s][info][gc,start    ] GC(31) Pause Remark
[2026-07-01T01:56:01.846+0000][6.893s][info][gc          ] GC(31) Pause Remark 173M->170M(267M) 4.950ms
[2026-07-01T01:56:01.846+0000][6.893s][info][gc,cpu      ] GC(31) User=0.01s Sys=0.00s Real=0.00s
[2026-07-01T01:56:01.855+0000][6.903s][info][gc,marking  ] GC(31) Concurrent Mark 2511.214ms
[2026-07-01T01:56:01.855+0000][6.903s][info][gc,marking  ] GC(31) Concurrent Rebuild Remembered Sets and Scrub Regions
[2026-07-01T01:56:02.867+0000][7.915s][info][gc,start    ] GC(34) Pause Young (Normal) (G1 Evacuation Pause)
[2026-07-01T01:56:02.867+0000][7.915s][info][gc,task     ] GC(34) Using 2 workers of 2 for evacuation
[2026-07-01T01:56:02.870+0000][7.918s][info][gc,phases   ] GC(34)   Pre Evacuate Collection Set: 0.15ms
[2026-07-01T01:56:02.870+0000][7.918s][info][gc,phases   ] GC(34)   Merge Heap Roots: 0.12ms
[2026-07-01T01:56:02.870+0000][7.918s][info][gc,phases   ] GC(34)   Evacuate Collection Set: 2.17ms
[2026-07-01T01:56:02.870+0000][7.918s][info][gc,phases   ] GC(34)   Post Evacuate Collection Set: 0.37ms
[2026-07-01T01:56:02.870+0000][7.918s][info][gc,phases   ] GC(34)   Other: 0.05ms
[2026-07-01T01:56:02.870+0000][7.918s][info][gc,heap     ] GC(34) Eden regions: 42->0(47)
[2026-07-01T01:56:02.870+0000][7.918s][info][gc,heap     ] GC(34) Survivor regions: 1->1(6)
[2026-07-01T01:56:02.870+0000][7.918s][info][gc,heap     ] GC(34) Old regions: 158->158
[2026-07-01T01:56:02.870+0000][7.918s][info][gc,heap     ] GC(34) Humongous regions: 3->3
[2026-07-01T01:56:02.870+0000][7.918s][info][gc,metaspace] GC(34) Metaspace: 40722K(41536K)->40722K(41536K) NonClass: 35583K(36032K)->35583K(36032K) Class: 5139K(5504K)->5139K(5504K)
[2026-07-01T01:56:02.870+0000][7.918s][info][gc          ] GC(34) Pause Young (Normal) (G1 Evacuation Pause) 204M->161M(267M) 2.982ms
[2026-07-01T01:56:02.870+0000][7.918s][info][gc,cpu      ] GC(34) User=0.01s Sys=0.00s Real=0.01s
[2026-07-01T01:56:03.206+0000][8.254s][info][gc,marking  ] GC(31) Concurrent Rebuild Remembered Sets and Scrub Regions 1351.209ms
[2026-07-01T01:56:03.207+0000][8.254s][info][gc,start    ] GC(31) Pause Cleanup
[2026-07-01T01:56:03.207+0000][8.255s][info][gc          ] GC(31) Pause Cleanup 177M->177M(267M) 0.159ms
[2026-07-01T01:56:03.207+0000][8.255s][info][gc,cpu      ] GC(31) User=0.00s Sys=0.00s Real=0.00s
[2026-07-01T01:56:03.215+0000][8.263s][info][gc,marking  ] GC(31) Concurrent Clear Claimed Marks
[2026-07-01T01:56:03.215+0000][8.263s][info][gc,marking  ] GC(31) Concurrent Clear Claimed Marks 0.094ms
[2026-07-01T01:56:03.215+0000][8.263s][info][gc,marking  ] GC(31) Concurrent Cleanup for Next Mark
[2026-07-01T01:56:03.216+0000][8.264s][info][gc,marking  ] GC(31) Concurrent Cleanup for Next Mark 0.596ms
[2026-07-01T01:56:03.216+0000][8.264s][info][gc          ] GC(31) Concurrent Mark Cycle 3996.236ms
[2026-07-01T01:56:03.922+0000][8.970s][info][gc,start    ] GC(35) Pause Young (Prepare Mixed) (G1 Evacuation Pause)
[2026-07-01T01:56:03.922+0000][8.970s][info][gc,task     ] GC(35) Using 2 workers of 2 for evacuation
[2026-07-01T01:56:03.926+0000][8.974s][info][gc,phases   ] GC(35)   Pre Evacuate Collection Set: 0.15ms
[2026-07-01T01:56:03.926+0000][8.974s][info][gc,phases   ] GC(35)   Merge Heap Roots: 0.11ms
[2026-07-01T01:56:03.926+0000][8.974s][info][gc,phases   ] GC(35)   Evacuate Collection Set: 3.24ms
[2026-07-01T01:56:03.926+0000][8.974s][info][gc,phases   ] GC(35)   Post Evacuate Collection Set: 0.31ms
[2026-07-01T01:56:03.926+0000][8.974s][info][gc,phases   ] GC(35)   Other: 0.04ms
[2026-07-01T01:56:03.926+0000][8.974s][info][gc,heap     ] GC(35) Eden regions: 47->0(51)
[2026-07-01T01:56:03.926+0000][8.974s][info][gc,heap     ] GC(35) Survivor regions: 1->1(6)
[2026-07-01T01:56:03.926+0000][8.974s][info][gc,heap     ] GC(35) Old regions: 158->158
[2026-07-01T01:56:03.926+0000][8.974s][info][gc,heap     ] GC(35) Humongous regions: 3->3
[2026-07-01T01:56:03.926+0000][8.974s][info][gc,metaspace] GC(35) Metaspace: 40916K(41728K)->40916K(41728K) NonClass: 35777K(36224K)->35777K(36224K) Class: 5139K(5504K)->5139K(5504K)
[2026-07-01T01:56:03.926+0000][8.974s][info][gc          ] GC(35) Pause Young (Prepare Mixed) (G1 Evacuation Pause) 208M->161M(267M) 3.976ms
[2026-07-01T01:56:03.926+0000][8.974s][info][gc,cpu      ] GC(35) User=0.01s Sys=0.00s Real=0.00s
[2026-07-01T01:56:04.901+0000][9.949s][info][gc,start    ] GC(36) Pause Young (Mixed) (G1 Evacuation Pause)
[2026-07-01T01:56:04.901+0000][9.949s][info][gc,task     ] GC(36) Using 2 workers of 2 for evacuation
[2026-07-01T01:56:04.906+0000][9.954s][info][gc,phases   ] GC(36)   Pre Evacuate Collection Set: 0.16ms
[2026-07-01T01:56:04.906+0000][9.954s][info][gc,phases   ] GC(36)   Merge Heap Roots: 0.12ms
[2026-07-01T01:56:04.906+0000][9.954s][info][gc,phases   ] GC(36)   Evacuate Collection Set: 4.19ms
[2026-07-01T01:56:04.906+0000][9.954s][info][gc,phases   ] GC(36)   Post Evacuate Collection Set: 0.36ms
[2026-07-01T01:56:04.906+0000][9.954s][info][gc,phases   ] GC(36)   Other: 0.05ms
[2026-07-01T01:56:04.906+0000][9.954s][info][gc,heap     ] GC(36) Eden regions: 51->0(56)
[2026-07-01T01:56:04.906+0000][9.954s][info][gc,heap     ] GC(36) Survivor regions: 1->1(7)
[2026-07-01T01:56:04.906+0000][9.954s][info][gc,heap     ] GC(36) Old regions: 158->157
[2026-07-01T01:56:04.906+0000][9.954s][info][gc,heap     ] GC(36) Humongous regions: 3->3
[2026-07-01T01:56:04.906+0000][9.954s][info][gc,metaspace] GC(36) Metaspace: 41246K(42048K)->41246K(42048K) NonClass: 36106K(36544K)->36106K(36544K) Class: 5140K(5504K)->5140K(5504K)
[2026-07-01T01:56:04.906+0000][9.954s][info][gc          ] GC(36) Pause Young (Mixed) (G1 Evacuation Pause) 212M->160M(267M) 5.019ms
[2026-07-01T01:56:04.906+0000][9.954s][info][gc,cpu      ] GC(36) User=0.01s Sys=0.00s Real=0.00s
[2026-07-01T01:56:05.669+0000][10.717s][info][gc,start    ] GC(37) Pause Young (Concurrent Start) (G1 Evacuation Pause)
[2026-07-01T01:56:05.669+0000][10.717s][info][gc,task     ] GC(37) Using 2 workers of 2 for evacuation
[2026-07-01T01:56:05.674+0000][10.722s][info][gc,phases   ] GC(37)   Pre Evacuate Collection Set: 0.16ms
[2026-07-01T01:56:05.674+0000][10.722s][info][gc,phases   ] GC(37)   Merge Heap Roots: 0.13ms
[2026-07-01T01:56:05.674+0000][10.722s][info][gc,phases   ] GC(37)   Evacuate Collection Set: 4.56ms
[2026-07-01T01:56:05.674+0000][10.722s][info][gc,phases   ] GC(37)   Post Evacuate Collection Set: 0.36ms
[2026-07-01T01:56:05.674+0000][10.722s][info][gc,phases   ] GC(37)   Other: 0.09ms
[2026-07-01T01:56:05.674+0000][10.722s][info][gc,heap     ] GC(37) Eden regions: 56->0(60)
[2026-07-01T01:56:05.674+0000][10.722s][info][gc,heap     ] GC(37) Survivor regions: 1->3(8)
[2026-07-01T01:56:05.674+0000][10.722s][info][gc,heap     ] GC(37) Old regions: 157->157
[2026-07-01T01:56:05.674+0000][10.722s][info][gc,heap     ] GC(37) Humongous regions: 3->3
[2026-07-01T01:56:05.674+0000][10.722s][info][gc,metaspace] GC(37) Metaspace: 41391K(42176K)->41391K(42176K) NonClass: 36250K(36672K)->36250K(36672K) Class: 5141K(5504K)->5141K(5504K)
[2026-07-01T01:56:05.674+0000][10.722s][info][gc          ] GC(37) Pause Young (Concurrent Start) (G1 Evacuation Pause) 216M->162M(267M) 5.435ms
[2026-07-01T01:56:05.674+0000][10.722s][info][gc          ] GC(38) Concurrent Mark Cycle
[2026-07-01T01:56:05.674+0000][10.722s][info][gc,marking  ] GC(38) Concurrent Scan Root Regions
[2026-07-01T01:56:05.674+0000][10.722s][info][gc,cpu      ] GC(37) User=0.02s Sys=0.00s Real=0.00s
[2026-07-01T01:56:05.685+0000][10.733s][info][gc,marking  ] GC(38) Concurrent Scan Root Regions 10.611ms
[2026-07-01T01:56:05.685+0000][10.733s][info][gc,marking  ] GC(38) Concurrent Mark
[2026-07-01T01:56:05.685+0000][10.733s][info][gc,marking  ] GC(38) Concurrent Mark From Roots
[2026-07-01T01:56:05.685+0000][10.733s][info][gc,task     ] GC(38) Using 1 workers of 1 for marking
[2026-07-01T01:56:06.588+0000][11.636s][info][gc,start    ] GC(39) Pause Young (Normal) (G1 Evacuation Pause)
[2026-07-01T01:56:06.588+0000][11.636s][info][gc,task     ] GC(39) Using 2 workers of 2 for evacuation
[2026-07-01T01:56:06.594+0000][11.642s][info][gc,phases   ] GC(39)   Pre Evacuate Collection Set: 0.15ms
[2026-07-01T01:56:06.594+0000][11.642s][info][gc,phases   ] GC(39)   Merge Heap Roots: 0.14ms
[2026-07-01T01:56:06.594+0000][11.642s][info][gc,phases   ] GC(39)   Evacuate Collection Set: 4.98ms
[2026-07-01T01:56:06.594+0000][11.642s][info][gc,phases   ] GC(39)   Post Evacuate Collection Set: 0.36ms
[2026-07-01T01:56:06.594+0000][11.642s][info][gc,phases   ] GC(39)   Other: 0.07ms
[2026-07-01T01:56:06.594+0000][11.642s][info][gc,heap     ] GC(39) Eden regions: 60->0(64)
[2026-07-01T01:56:06.594+0000][11.642s][info][gc,heap     ] GC(39) Survivor regions: 3->3(8)
[2026-07-01T01:56:06.594+0000][11.642s][info][gc,heap     ] GC(39) Old regions: 157->157
[2026-07-01T01:56:06.594+0000][11.642s][info][gc,heap     ] GC(39) Humongous regions: 3->3
[2026-07-01T01:56:06.594+0000][11.642s][info][gc,metaspace] GC(39) Metaspace: 41505K(42304K)->41505K(42304K) NonClass: 36364K(36800K)->36364K(36800K) Class: 5141K(5504K)->5141K(5504K)
[2026-07-01T01:56:06.594+0000][11.642s][info][gc          ] GC(39) Pause Young (Normal) (G1 Evacuation Pause) 222M->162M(267M) 5.897ms
[2026-07-01T01:56:06.594+0000][11.642s][info][gc,cpu      ] GC(39) User=0.01s Sys=0.00s Real=0.00s
[2026-07-01T01:56:07.029+0000][12.077s][info][gc,marking  ] GC(38) Concurrent Mark From Roots 1343.894ms
[2026-07-01T01:56:07.029+0000][12.077s][info][gc,marking  ] GC(38) Concurrent Preclean
[2026-07-01T01:56:07.029+0000][12.077s][info][gc,marking  ] GC(38) Concurrent Preclean 0.118ms
[2026-07-01T01:56:07.029+0000][12.077s][info][gc,start    ] GC(38) Pause Remark
[2026-07-01T01:56:07.042+0000][12.089s][info][gc          ] GC(38) Pause Remark 200M->200M(267M) 12.360ms
[2026-07-01T01:56:07.042+0000][12.089s][info][gc,cpu      ] GC(38) User=0.03s Sys=0.00s Real=0.01s
[2026-07-01T01:56:07.050+0000][12.098s][info][gc,marking  ] GC(38) Concurrent Mark 1364.849ms
[2026-07-01T01:56:07.050+0000][12.098s][info][gc,marking  ] GC(38) Concurrent Rebuild Remembered Sets and Scrub Regions
[2026-07-01T01:56:07.370+0000][12.418s][info][gc,start    ] GC(40) Pause Young (Normal) (G1 Evacuation Pause)
[2026-07-01T01:56:07.370+0000][12.418s][info][gc,task     ] GC(40) Using 2 workers of 2 for evacuation
[2026-07-01T01:56:07.381+0000][12.429s][info][gc,phases   ] GC(40)   Pre Evacuate Collection Set: 0.17ms
[2026-07-01T01:56:07.381+0000][12.429s][info][gc,phases   ] GC(40)   Merge Heap Roots: 0.19ms
[2026-07-01T01:56:07.381+0000][12.429s][info][gc,phases   ] GC(40)   Evacuate Collection Set: 6.93ms
[2026-07-01T01:56:07.381+0000][12.429s][info][gc,phases   ] GC(40)   Post Evacuate Collection Set: 3.48ms
[2026-07-01T01:56:07.381+0000][12.429s][info][gc,phases   ] GC(40)   Other: 0.11ms
[2026-07-01T01:56:07.381+0000][12.429s][info][gc,heap     ] GC(40) Eden regions: 64->0(76)
[2026-07-01T01:56:07.381+0000][12.429s][info][gc,heap     ] GC(40) Survivor regions: 3->4(9)
[2026-07-01T01:56:07.381+0000][12.429s][info][gc,heap     ] GC(40) Old regions: 157->157
[2026-07-01T01:56:07.381+0000][12.429s][info][gc,heap     ] GC(40) Humongous regions: 3->3
[2026-07-01T01:56:07.381+0000][12.429s][info][gc,metaspace] GC(40) Metaspace: 41469K(42368K)->41469K(42368K) NonClass: 36341K(36864K)->36341K(36864K) Class: 5128K(5504K)->5128K(5504K)
[2026-07-01T01:56:07.381+0000][12.429s][info][gc          ] GC(40) Pause Young (Normal) (G1 Evacuation Pause) 226M->162M(267M) 11.066ms
[2026-07-01T01:56:07.381+0000][12.429s][info][gc,cpu      ] GC(40) User=0.02s Sys=0.00s Real=0.01s
[2026-07-01T01:56:07.550+0000][12.598s][info][gc,marking  ] GC(38) Concurrent Rebuild Remembered Sets and Scrub Regions 500.064ms
[2026-07-01T01:56:07.550+0000][12.598s][info][gc,start    ] GC(38) Pause Cleanup
[2026-07-01T01:56:07.550+0000][12.598s][info][gc          ] GC(38) Pause Cleanup 175M->175M(267M) 0.171ms
[2026-07-01T01:56:07.550+0000][12.598s][info][gc,cpu      ] GC(38) User=0.00s Sys=0.00s Real=0.00s
[2026-07-01T01:56:07.551+0000][12.599s][info][gc,marking  ] GC(38) Concurrent Clear Claimed Marks
[2026-07-01T01:56:07.551+0000][12.599s][info][gc,marking  ] GC(38) Concurrent Clear Claimed Marks 0.095ms
[2026-07-01T01:56:07.551+0000][12.599s][info][gc,marking  ] GC(38) Concurrent Cleanup for Next Mark
[2026-07-01T01:56:07.552+0000][12.600s][info][gc,marking  ] GC(38) Concurrent Cleanup for Next Mark 0.486ms
[2026-07-01T01:56:07.552+0000][12.600s][info][gc          ] GC(38) Concurrent Mark Cycle 1877.476ms
[2026-07-01T01:56:08.214+0000][13.262s][info][gc,start    ] GC(41) Pause Young (Prepare Mixed) (G1 Evacuation Pause)
[2026-07-01T01:56:08.214+0000][13.262s][info][gc,task     ] GC(41) Using 2 workers of 2 for evacuation
[2026-07-01T01:56:08.226+0000][13.273s][info][gc,phases   ] GC(41)   Pre Evacuate Collection Set: 0.33ms
[2026-07-01T01:56:08.226+0000][13.274s][info][gc,phases   ] GC(41)   Merge Heap Roots: 0.83ms
[2026-07-01T01:56:08.226+0000][13.274s][info][gc,phases   ] GC(41)   Evacuate Collection Set: 9.83ms
[2026-07-01T01:56:08.226+0000][13.274s][info][gc,phases   ] GC(41)   Post Evacuate Collection Set: 0.57ms
[2026-07-01T01:56:08.226+0000][13.274s][info][gc,phases   ] GC(41)   Other: 0.07ms
[2026-07-01T01:56:08.226+0000][13.274s][info][gc,heap     ] GC(41) Eden regions: 76->0(80)
[2026-07-01T01:56:08.226+0000][13.274s][info][gc,heap     ] GC(41) Survivor regions: 4->4(10)
[2026-07-01T01:56:08.226+0000][13.274s][info][gc,heap     ] GC(41) Old regions: 157->157
[2026-07-01T01:56:08.226+0000][13.274s][info][gc,heap     ] GC(41) Humongous regions: 3->3
[2026-07-01T01:56:08.226+0000][13.274s][info][gc,metaspace] GC(41) Metaspace: 41515K(42368K)->41515K(42368K) NonClass: 36385K(36864K)->36385K(36864K) Class: 5129K(5504K)->5129K(5504K)
[2026-07-01T01:56:08.226+0000][13.274s][info][gc          ] GC(41) Pause Young (Prepare Mixed) (G1 Evacuation Pause) 238M->163M(267M) 11.808ms
[2026-07-01T01:56:08.226+0000][13.274s][info][gc,cpu      ] GC(41) User=0.02s Sys=0.00s Real=0.01s
[2026-07-01T01:56:09.162+0000][14.210s][info][gc,start    ] GC(42) Pause Young (Mixed) (G1 Evacuation Pause)
[2026-07-01T01:56:09.162+0000][14.210s][info][gc,task     ] GC(42) Using 2 workers of 2 for evacuation
[2026-07-01T01:56:09.171+0000][14.219s][info][gc,phases   ] GC(42)   Pre Evacuate Collection Set: 0.12ms
[2026-07-01T01:56:09.171+0000][14.219s][info][gc,phases   ] GC(42)   Merge Heap Roots: 0.14ms
[2026-07-01T01:56:09.171+0000][14.219s][info][gc,phases   ] GC(42)   Evacuate Collection Set: 8.61ms
[2026-07-01T01:56:09.171+0000][14.219s][info][gc,phases   ] GC(42)   Post Evacuate Collection Set: 0.49ms
[2026-07-01T01:56:09.172+0000][14.219s][info][gc,phases   ] GC(42)   Other: 0.07ms
[2026-07-01T01:56:09.172+0000][14.219s][info][gc,heap     ] GC(42) Eden regions: 80->0(84)
[2026-07-01T01:56:09.172+0000][14.219s][info][gc,heap     ] GC(42) Survivor regions: 4->4(11)
[2026-07-01T01:56:09.172+0000][14.219s][info][gc,heap     ] GC(42) Old regions: 157->155
[2026-07-01T01:56:09.172+0000][14.219s][info][gc,heap     ] GC(42) Humongous regions: 3->3
[2026-07-01T01:56:09.172+0000][14.219s][info][gc,metaspace] GC(42) Metaspace: 41515K(42368K)->41515K(42368K) NonClass: 36386K(36864K)->36386K(36864K) Class: 5129K(5504K)->5129K(5504K)
[2026-07-01T01:56:09.172+0000][14.219s][info][gc          ] GC(42) Pause Young (Mixed) (G1 Evacuation Pause) 243M->161M(267M) 9.567ms
[2026-07-01T01:56:09.172+0000][14.219s][info][gc,cpu      ] GC(42) User=0.02s Sys=0.00s Real=0.01s
[2026-07-01T01:56:10.033+0000][15.080s][info][gc,start    ] GC(43) Pause Young (Concurrent Start) (G1 Evacuation Pause)
[2026-07-01T01:56:10.033+0000][15.080s][info][gc,task     ] GC(43) Using 2 workers of 2 for evacuation
[2026-07-01T01:56:10.042+0000][15.090s][info][gc,phases   ] GC(43)   Pre Evacuate Collection Set: 0.14ms
[2026-07-01T01:56:10.042+0000][15.090s][info][gc,phases   ] GC(43)   Merge Heap Roots: 0.14ms
[2026-07-01T01:56:10.042+0000][15.090s][info][gc,phases   ] GC(43)   Evacuate Collection Set: 8.79ms
[2026-07-01T01:56:10.042+0000][15.090s][info][gc,phases   ] GC(43)   Post Evacuate Collection Set: 0.46ms
[2026-07-01T01:56:10.042+0000][15.090s][info][gc,phases   ] GC(43)   Other: 0.07ms
[2026-07-01T01:56:10.042+0000][15.090s][info][gc,heap     ] GC(43) Eden regions: 84->0(88)
[2026-07-01T01:56:10.042+0000][15.090s][info][gc,heap     ] GC(43) Survivor regions: 4->5(11)
[2026-07-01T01:56:10.042+0000][15.090s][info][gc,heap     ] GC(43) Old regions: 155->155
[2026-07-01T01:56:10.042+0000][15.090s][info][gc,heap     ] GC(43) Humongous regions: 3->3
[2026-07-01T01:56:10.043+0000][15.090s][info][gc,metaspace] GC(43) Metaspace: 41515K(42368K)->41515K(42368K) NonClass: 36386K(36864K)->36386K(36864K) Class: 5129K(5504K)->5129K(5504K)
[2026-07-01T01:56:10.043+0000][15.090s][info][gc          ] GC(43) Pause Young (Concurrent Start) (G1 Evacuation Pause) 245M->161M(267M) 9.758ms
[2026-07-01T01:56:10.043+0000][15.090s][info][gc          ] GC(44) Concurrent Mark Cycle
[2026-07-01T01:56:10.043+0000][15.090s][info][gc,cpu      ] GC(43) User=0.02s Sys=0.00s Real=0.01s
[2026-07-01T01:56:10.043+0000][15.090s][info][gc,marking  ] GC(44) Concurrent Scan Root Regions
[2026-07-01T01:56:10.061+0000][15.108s][info][gc,marking  ] GC(44) Concurrent Scan Root Regions 17.924ms
[2026-07-01T01:56:10.061+0000][15.108s][info][gc,marking  ] GC(44) Concurrent Mark
[2026-07-01T01:56:10.061+0000][15.108s][info][gc,marking  ] GC(44) Concurrent Mark From Roots
[2026-07-01T01:56:10.061+0000][15.108s][info][gc,task     ] GC(44) Using 1 workers of 1 for marking
[2026-07-01T01:56:10.645+0000][15.693s][info][gc,marking  ] GC(44) Concurrent Mark From Roots 584.350ms
[2026-07-01T01:56:10.645+0000][15.693s][info][gc,marking  ] GC(44) Concurrent Preclean
[2026-07-01T01:56:10.645+0000][15.693s][info][gc,marking  ] GC(44) Concurrent Preclean 0.098ms
[2026-07-01T01:56:10.646+0000][15.693s][info][gc,start    ] GC(44) Pause Remark
[2026-07-01T01:56:10.654+0000][15.702s][info][gc          ] GC(44) Pause Remark 199M->199M(267M) 8.573ms
[2026-07-01T01:56:10.654+0000][15.702s][info][gc,cpu      ] GC(44) User=0.02s Sys=0.00s Real=0.01s
[2026-07-01T01:56:10.662+0000][15.710s][info][gc,marking  ] GC(44) Concurrent Mark 601.794ms
[2026-07-01T01:56:10.662+0000][15.710s][info][gc,marking  ] GC(44) Concurrent Rebuild Remembered Sets and Scrub Regions
[2026-07-01T01:56:11.026+0000][16.073s][info][gc,marking  ] GC(44) Concurrent Rebuild Remembered Sets and Scrub Regions 363.338ms
[2026-07-01T01:56:11.026+0000][16.074s][info][gc,start    ] GC(44) Pause Cleanup
[2026-07-01T01:56:11.026+0000][16.074s][info][gc          ] GC(44) Pause Cleanup 228M->228M(267M) 0.167ms
[2026-07-01T01:56:11.026+0000][16.074s][info][gc,cpu      ] GC(44) User=0.00s Sys=0.00s Real=0.00s
[2026-07-01T01:56:11.027+0000][16.074s][info][gc,marking  ] GC(44) Concurrent Clear Claimed Marks
[2026-07-01T01:56:11.027+0000][16.075s][info][gc,marking  ] GC(44) Concurrent Clear Claimed Marks 0.086ms
[2026-07-01T01:56:11.027+0000][16.075s][info][gc,marking  ] GC(44) Concurrent Cleanup for Next Mark
[2026-07-01T01:56:11.028+0000][16.075s][info][gc,marking  ] GC(44) Concurrent Cleanup for Next Mark 0.931ms
[2026-07-01T01:56:11.028+0000][16.075s][info][gc          ] GC(44) Concurrent Mark Cycle 985.266ms
[2026-07-01T01:56:11.254+0000][16.302s][info][gc,start    ] GC(45) Pause Young (Prepare Mixed) (G1 Evacuation Pause)
[2026-07-01T01:56:11.254+0000][16.302s][info][gc,task     ] GC(45) Using 2 workers of 2 for evacuation
[2026-07-01T01:56:11.264+0000][16.312s][info][gc,phases   ] GC(45)   Pre Evacuate Collection Set: 0.15ms
[2026-07-01T01:56:11.264+0000][16.312s][info][gc,phases   ] GC(45)   Merge Heap Roots: 0.25ms
[2026-07-01T01:56:11.264+0000][16.312s][info][gc,phases   ] GC(45)   Evacuate Collection Set: 8.83ms
[2026-07-01T01:56:11.264+0000][16.312s][info][gc,phases   ] GC(45)   Post Evacuate Collection Set: 0.55ms
[2026-07-01T01:56:11.264+0000][16.312s][info][gc,phases   ] GC(45)   Other: 0.06ms
[2026-07-01T01:56:11.264+0000][16.312s][info][gc,heap     ] GC(45) Eden regions: 88->0(90)
[2026-07-01T01:56:11.264+0000][16.312s][info][gc,heap     ] GC(45) Survivor regions: 5->5(12)
[2026-07-01T01:56:11.264+0000][16.312s][info][gc,heap     ] GC(45) Old regions: 155->155
[2026-07-01T01:56:11.264+0000][16.312s][info][gc,heap     ] GC(45) Humongous regions: 3->3
[2026-07-01T01:56:11.264+0000][16.312s][info][gc,metaspace] GC(45) Metaspace: 41554K(42432K)->41554K(42432K) NonClass: 36425K(36928K)->36425K(36928K) Class: 5129K(5504K)->5129K(5504K)
[2026-07-01T01:56:11.264+0000][16.312s][info][gc          ] GC(45) Pause Young (Prepare Mixed) (G1 Evacuation Pause) 249M->162M(267M) 10.027ms
[2026-07-01T01:56:11.264+0000][16.312s][info][gc,cpu      ] GC(45) User=0.03s Sys=0.00s Real=0.01s
[2026-07-01T01:56:12.248+0000][17.296s][info][gc,start    ] GC(46) Pause Young (Mixed) (G1 Evacuation Pause)
[2026-07-01T01:56:12.248+0000][17.296s][info][gc,task     ] GC(46) Using 2 workers of 2 for evacuation
[2026-07-01T01:56:12.261+0000][17.309s][info][gc,phases   ] GC(46)   Pre Evacuate Collection Set: 0.17ms
[2026-07-01T01:56:12.261+0000][17.309s][info][gc,phases   ] GC(46)   Merge Heap Roots: 0.20ms
[2026-07-01T01:56:12.261+0000][17.309s][info][gc,phases   ] GC(46)   Evacuate Collection Set: 11.71ms
[2026-07-01T01:56:12.261+0000][17.309s][info][gc,phases   ] GC(46)   Post Evacuate Collection Set: 0.78ms
[2026-07-01T01:56:12.261+0000][17.309s][info][gc,phases   ] GC(46)   Other: 0.07ms
[2026-07-01T01:56:12.261+0000][17.309s][info][gc,heap     ] GC(46) Eden regions: 90->0(91)
[2026-07-01T01:56:12.261+0000][17.309s][info][gc,heap     ] GC(46) Survivor regions: 5->5(12)
[2026-07-01T01:56:12.261+0000][17.309s][info][gc,heap     ] GC(46) Old regions: 155->154
[2026-07-01T01:56:12.261+0000][17.309s][info][gc,heap     ] GC(46) Humongous regions: 3->3
[2026-07-01T01:56:12.261+0000][17.309s][info][gc,metaspace] GC(46) Metaspace: 41556K(42432K)->41556K(42432K) NonClass: 36426K(36928K)->36426K(36928K) Class: 5129K(5504K)->5129K(5504K)
[2026-07-01T01:56:12.261+0000][17.309s][info][gc          ] GC(46) Pause Young (Mixed) (G1 Evacuation Pause) 252M->161M(267M) 13.125ms
[2026-07-01T01:56:12.261+0000][17.309s][info][gc,cpu      ] GC(46) User=0.03s Sys=0.00s Real=0.02s
[2026-07-01T01:56:13.304+0000][18.352s][info][gc,start    ] GC(47) Pause Young (Concurrent Start) (G1 Evacuation Pause)
[2026-07-01T01:56:13.304+0000][18.352s][info][gc,task     ] GC(47) Using 2 workers of 2 for evacuation
[2026-07-01T01:56:13.314+0000][18.362s][info][gc,phases   ] GC(47)   Pre Evacuate Collection Set: 0.17ms
[2026-07-01T01:56:13.314+0000][18.362s][info][gc,phases   ] GC(47)   Merge Heap Roots: 0.19ms
[2026-07-01T01:56:13.314+0000][18.362s][info][gc,phases   ] GC(47)   Evacuate Collection Set: 9.43ms
[2026-07-01T01:56:13.314+0000][18.362s][info][gc,phases   ] GC(47)   Post Evacuate Collection Set: 0.44ms
[2026-07-01T01:56:13.314+0000][18.362s][info][gc,phases   ] GC(47)   Other: 0.09ms
[2026-07-01T01:56:13.314+0000][18.362s][info][gc,heap     ] GC(47) Eden regions: 91->0(91)
[2026-07-01T01:56:13.314+0000][18.362s][info][gc,heap     ] GC(47) Survivor regions: 5->5(12)
[2026-07-01T01:56:13.314+0000][18.362s][info][gc,heap     ] GC(47) Old regions: 154->154
[2026-07-01T01:56:13.314+0000][18.362s][info][gc,heap     ] GC(47) Humongous regions: 3->3
[2026-07-01T01:56:13.314+0000][18.362s][info][gc,metaspace] GC(47) Metaspace: 41558K(42432K)->41558K(42432K) NonClass: 36428K(36928K)->36428K(36928K) Class: 5129K(5504K)->5129K(5504K)
[2026-07-01T01:56:13.314+0000][18.362s][info][gc          ] GC(47) Pause Young (Concurrent Start) (G1 Evacuation Pause) 252M->161M(267M) 10.454ms
[2026-07-01T01:56:13.314+0000][18.362s][info][gc          ] GC(48) Concurrent Mark Cycle
[2026-07-01T01:56:13.314+0000][18.362s][info][gc,marking  ] GC(48) Concurrent Scan Root Regions
[2026-07-01T01:56:13.314+0000][18.362s][info][gc,cpu      ] GC(47) User=0.03s Sys=0.00s Real=0.01s
[2026-07-01T01:56:13.327+0000][18.375s][info][gc,marking  ] GC(48) Concurrent Scan Root Regions 12.408ms
[2026-07-01T01:56:13.327+0000][18.375s][info][gc,marking  ] GC(48) Concurrent Mark
[2026-07-01T01:56:13.327+0000][18.375s][info][gc,marking  ] GC(48) Concurrent Mark From Roots
[2026-07-01T01:56:13.327+0000][18.375s][info][gc,task     ] GC(48) Using 1 workers of 1 for marking
[2026-07-01T01:56:14.361+0000][19.409s][info][gc,start    ] GC(49) Pause Young (Normal) (G1 Evacuation Pause)
[2026-07-01T01:56:14.361+0000][19.409s][info][gc,task     ] GC(49) Using 2 workers of 2 for evacuation
[2026-07-01T01:56:14.371+0000][19.418s][info][gc,phases   ] GC(49)   Pre Evacuate Collection Set: 0.18ms
[2026-07-01T01:56:14.371+0000][19.418s][info][gc,phases   ] GC(49)   Merge Heap Roots: 0.18ms
[2026-07-01T01:56:14.371+0000][19.418s][info][gc,phases   ] GC(49)   Evacuate Collection Set: 8.26ms
[2026-07-01T01:56:14.371+0000][19.418s][info][gc,phases   ] GC(49)   Post Evacuate Collection Set: 0.45ms
[2026-07-01T01:56:14.371+0000][19.418s][info][gc,phases   ] GC(49)   Other: 0.06ms
[2026-07-01T01:56:14.371+0000][19.418s][info][gc,heap     ] GC(49) Eden regions: 91->0(91)
[2026-07-01T01:56:14.371+0000][19.418s][info][gc,heap     ] GC(49) Survivor regions: 5->5(12)
[2026-07-01T01:56:14.371+0000][19.418s][info][gc,heap     ] GC(49) Old regions: 154->154
[2026-07-01T01:56:14.371+0000][19.418s][info][gc,heap     ] GC(49) Humongous regions: 3->3
[2026-07-01T01:56:14.371+0000][19.418s][info][gc,metaspace] GC(49) Metaspace: 41566K(42432K)->41566K(42432K) NonClass: 36437K(36928K)->36437K(36928K) Class: 5129K(5504K)->5129K(5504K)
[2026-07-01T01:56:14.371+0000][19.418s][info][gc          ] GC(49) Pause Young (Normal) (G1 Evacuation Pause) 252M->161M(267M) 9.304ms
[2026-07-01T01:56:14.371+0000][19.418s][info][gc,cpu      ] GC(49) User=0.02s Sys=0.00s Real=0.01s
[2026-07-01T01:56:14.501+0000][19.549s][info][gc,marking  ] GC(48) Concurrent Mark From Roots 1174.453ms
[2026-07-01T01:56:14.503+0000][19.550s][info][gc,marking  ] GC(48) Concurrent Preclean
[2026-07-01T01:56:14.503+0000][19.550s][info][gc,marking  ] GC(48) Concurrent Preclean 0.114ms
[2026-07-01T01:56:14.508+0000][19.556s][info][gc,start    ] GC(48) Pause Remark
[2026-07-01T01:56:14.515+0000][19.563s][info][gc          ] GC(48) Pause Remark 170M->170M(267M) 7.309ms
[2026-07-01T01:56:14.515+0000][19.563s][info][gc,cpu      ] GC(48) User=0.02s Sys=0.00s Real=0.01s
[2026-07-01T01:56:14.519+0000][19.567s][info][gc,marking  ] GC(48) Concurrent Mark 1192.454ms
[2026-07-01T01:56:14.519+0000][19.567s][info][gc,marking  ] GC(48) Concurrent Rebuild Remembered Sets and Scrub Regions
[2026-07-01T01:56:14.976+0000][20.023s][info][gc,marking  ] GC(48) Concurrent Rebuild Remembered Sets and Scrub Regions 456.214ms
[2026-07-01T01:56:14.980+0000][20.028s][info][gc,start    ] GC(48) Pause Cleanup
[2026-07-01T01:56:14.981+0000][20.028s][info][gc          ] GC(48) Pause Cleanup 211M->211M(267M) 0.208ms
[2026-07-01T01:56:14.981+0000][20.028s][info][gc,cpu      ] GC(48) User=0.00s Sys=0.00s Real=0.00s
[2026-07-01T01:56:14.984+0000][20.032s][info][gc,marking  ] GC(48) Concurrent Clear Claimed Marks
[2026-07-01T01:56:14.984+0000][20.032s][info][gc,marking  ] GC(48) Concurrent Clear Claimed Marks 0.235ms
[2026-07-01T01:56:14.984+0000][20.032s][info][gc,marking  ] GC(48) Concurrent Cleanup for Next Mark
[2026-07-01T01:56:15.004+0000][20.052s][info][gc,marking  ] GC(48) Concurrent Cleanup for Next Mark 19.946ms
[2026-07-01T01:56:15.004+0000][20.052s][info][gc          ] GC(48) Concurrent Mark Cycle 1690.032ms
[2026-07-01T01:56:15.496+0000][20.544s][info][gc,start    ] GC(50) Pause Young (Prepare Mixed) (G1 Evacuation Pause)
[2026-07-01T01:56:15.496+0000][20.544s][info][gc,task     ] GC(50) Using 2 workers of 2 for evacuation
[2026-07-01T01:56:15.528+0000][20.576s][info][gc,phases   ] GC(50)   Pre Evacuate Collection Set: 0.19ms
[2026-07-01T01:56:15.528+0000][20.576s][info][gc,phases   ] GC(50)   Merge Heap Roots: 0.46ms
[2026-07-01T01:56:15.528+0000][20.576s][info][gc,phases   ] GC(50)   Evacuate Collection Set: 29.98ms
[2026-07-01T01:56:15.528+0000][20.576s][info][gc,phases   ] GC(50)   Post Evacuate Collection Set: 0.72ms
[2026-07-01T01:56:15.528+0000][20.576s][info][gc,phases   ] GC(50)   Other: 0.06ms
[2026-07-01T01:56:15.528+0000][20.576s][info][gc,heap     ] GC(50) Eden regions: 91->0(90)
[2026-07-01T01:56:15.528+0000][20.576s][info][gc,heap     ] GC(50) Survivor regions: 5->6(12)
[2026-07-01T01:56:15.528+0000][20.576s][info][gc,heap     ] GC(50) Old regions: 154->154
[2026-07-01T01:56:15.528+0000][20.576s][info][gc,heap     ] GC(50) Humongous regions: 3->3
[2026-07-01T01:56:15.528+0000][20.576s][info][gc,metaspace] GC(50) Metaspace: 41574K(42432K)->41574K(42432K) NonClass: 36445K(36928K)->36445K(36928K) Class: 5129K(5504K)->5129K(5504K)
[2026-07-01T01:56:15.528+0000][20.576s][info][gc          ] GC(50) Pause Young (Prepare Mixed) (G1 Evacuation Pause) 252M->162M(267M) 31.626ms
[2026-07-01T01:56:15.528+0000][20.576s][info][gc,cpu      ] GC(50) User=0.03s Sys=0.00s Real=0.04s
[2026-07-01T01:56:16.449+0000][21.496s][info][gc,start    ] GC(51) Pause Young (Mixed) (G1 Evacuation Pause)
[2026-07-01T01:56:16.449+0000][21.497s][info][gc,task     ] GC(51) Using 2 workers of 2 for evacuation
[2026-07-01T01:56:16.460+0000][21.508s][info][gc,phases   ] GC(51)   Pre Evacuate Collection Set: 0.17ms
[2026-07-01T01:56:16.460+0000][21.508s][info][gc,phases   ] GC(51)   Merge Heap Roots: 0.19ms
[2026-07-01T01:56:16.460+0000][21.508s][info][gc,phases   ] GC(51)   Evacuate Collection Set: 10.32ms
[2026-07-01T01:56:16.460+0000][21.508s][info][gc,phases   ] GC(51)   Post Evacuate Collection Set: 0.46ms
[2026-07-01T01:56:16.460+0000][21.508s][info][gc,phases   ] GC(51)   Other: 0.06ms
[2026-07-01T01:56:16.460+0000][21.508s][info][gc,heap     ] GC(51) Eden regions: 90->0(90)
[2026-07-01T01:56:16.460+0000][21.508s][info][gc,heap     ] GC(51) Survivor regions: 6->6(12)
[2026-07-01T01:56:16.460+0000][21.508s][info][gc,heap     ] GC(51) Old regions: 154->154
[2026-07-01T01:56:16.460+0000][21.508s][info][gc,heap     ] GC(51) Humongous regions: 3->3
[2026-07-01T01:56:16.460+0000][21.508s][info][gc,metaspace] GC(51) Metaspace: 41602K(42432K)->41602K(42432K) NonClass: 36473K(36928K)->36473K(36928K) Class: 5129K(5504K)->5129K(5504K)
[2026-07-01T01:56:16.460+0000][21.508s][info][gc          ] GC(51) Pause Young (Mixed) (G1 Evacuation Pause) 252M->161M(267M) 11.369ms
[2026-07-01T01:56:16.460+0000][21.508s][info][gc,cpu      ] GC(51) User=0.02s Sys=0.01s Real=0.01s
[2026-07-01T01:56:17.347+0000][22.395s][info][gc,start    ] GC(52) Pause Young (Concurrent Start) (G1 Evacuation Pause)
[2026-07-01T01:56:17.347+0000][22.395s][info][gc,task     ] GC(52) Using 2 workers of 2 for evacuation
[2026-07-01T01:56:17.358+0000][22.406s][info][gc,phases   ] GC(52)   Pre Evacuate Collection Set: 0.25ms
[2026-07-01T01:56:17.358+0000][22.406s][info][gc,phases   ] GC(52)   Merge Heap Roots: 0.18ms
[2026-07-01T01:56:17.358+0000][22.406s][info][gc,phases   ] GC(52)   Evacuate Collection Set: 9.87ms
[2026-07-01T01:56:17.358+0000][22.406s][info][gc,phases   ] GC(52)   Post Evacuate Collection Set: 0.48ms
[2026-07-01T01:56:17.358+0000][22.406s][info][gc,phases   ] GC(52)   Other: 0.08ms
[2026-07-01T01:56:17.358+0000][22.406s][info][gc,heap     ] GC(52) Eden regions: 90->0(90)
[2026-07-01T01:56:17.358+0000][22.406s][info][gc,heap     ] GC(52) Survivor regions: 6->6(12)
[2026-07-01T01:56:17.358+0000][22.406s][info][gc,heap     ] GC(52) Old regions: 154->154
[2026-07-01T01:56:17.358+0000][22.406s][info][gc,heap     ] GC(52) Humongous regions: 3->3
[2026-07-01T01:56:17.358+0000][22.406s][info][gc,metaspace] GC(52) Metaspace: 41609K(42432K)->41609K(42432K) NonClass: 36480K(36928K)->36480K(36928K) Class: 5129K(5504K)->5129K(5504K)
[2026-07-01T01:56:17.358+0000][22.406s][info][gc          ] GC(52) Pause Young (Concurrent Start) (G1 Evacuation Pause) 251M->162M(267M) 11.037ms
[2026-07-01T01:56:17.358+0000][22.406s][info][gc          ] GC(53) Concurrent Mark Cycle
[2026-07-01T01:56:17.358+0000][22.406s][info][gc,cpu      ] GC(52) User=0.02s Sys=0.00s Real=0.02s
[2026-07-01T01:56:17.358+0000][22.406s][info][gc,marking  ] GC(53) Concurrent Scan Root Regions
[2026-07-01T01:56:17.379+0000][22.426s][info][gc,marking  ] GC(53) Concurrent Scan Root Regions 20.535ms
[2026-07-01T01:56:17.379+0000][22.426s][info][gc,marking  ] GC(53) Concurrent Mark
[2026-07-01T01:56:17.379+0000][22.426s][info][gc,marking  ] GC(53) Concurrent Mark From Roots
[2026-07-01T01:56:17.379+0000][22.426s][info][gc,task     ] GC(53) Using 1 workers of 1 for marking
[2026-07-01T01:56:17.960+0000][23.007s][info][gc,marking  ] GC(53) Concurrent Mark From Roots 580.987ms
[2026-07-01T01:56:17.960+0000][23.007s][info][gc,marking  ] GC(53) Concurrent Preclean
[2026-07-01T01:56:17.960+0000][23.008s][info][gc,marking  ] GC(53) Concurrent Preclean 0.110ms
[2026-07-01T01:56:17.966+0000][23.014s][info][gc,start    ] GC(53) Pause Remark
[2026-07-01T01:56:17.972+0000][23.020s][info][gc          ] GC(53) Pause Remark 212M->212M(267M) 6.105ms
[2026-07-01T01:56:17.972+0000][23.020s][info][gc,cpu      ] GC(53) User=0.02s Sys=0.00s Real=0.01s
[2026-07-01T01:56:17.974+0000][23.022s][info][gc,marking  ] GC(53) Concurrent Mark 595.721ms
[2026-07-01T01:56:17.974+0000][23.022s][info][gc,marking  ] GC(53) Concurrent Rebuild Remembered Sets and Scrub Regions
[2026-07-01T01:56:18.247+0000][23.295s][info][gc,marking  ] GC(53) Concurrent Rebuild Remembered Sets and Scrub Regions 272.451ms
[2026-07-01T01:56:18.247+0000][23.295s][info][gc,start    ] GC(53) Pause Cleanup
[2026-07-01T01:56:18.247+0000][23.295s][info][gc          ] GC(53) Pause Cleanup 236M->236M(267M) 0.288ms
[2026-07-01T01:56:18.247+0000][23.295s][info][gc,cpu      ] GC(53) User=0.00s Sys=0.00s Real=0.00s
[2026-07-01T01:56:18.248+0000][23.295s][info][gc,marking  ] GC(53) Concurrent Clear Claimed Marks
[2026-07-01T01:56:18.248+0000][23.295s][info][gc,marking  ] GC(53) Concurrent Clear Claimed Marks 0.090ms
[2026-07-01T01:56:18.248+0000][23.295s][info][gc,marking  ] GC(53) Concurrent Cleanup for Next Mark
[2026-07-01T01:56:18.249+0000][23.296s][info][gc,marking  ] GC(53) Concurrent Cleanup for Next Mark 0.920ms
[2026-07-01T01:56:18.249+0000][23.296s][info][gc          ] GC(53) Concurrent Mark Cycle 890.577ms
[2026-07-01T01:56:18.467+0000][23.514s][info][gc,start    ] GC(54) Pause Young (Prepare Mixed) (G1 Evacuation Pause)
[2026-07-01T01:56:18.467+0000][23.514s][info][gc,task     ] GC(54) Using 2 workers of 2 for evacuation
[2026-07-01T01:56:18.482+0000][23.529s][info][gc,phases   ] GC(54)   Pre Evacuate Collection Set: 0.19ms
[2026-07-01T01:56:18.482+0000][23.529s][info][gc,phases   ] GC(54)   Merge Heap Roots: 0.38ms
[2026-07-01T01:56:18.482+0000][23.529s][info][gc,phases   ] GC(54)   Evacuate Collection Set: 13.33ms
[2026-07-01T01:56:18.482+0000][23.529s][info][gc,phases   ] GC(54)   Post Evacuate Collection Set: 0.80ms
[2026-07-01T01:56:18.482+0000][23.529s][info][gc,phases   ] GC(54)   Other: 0.08ms
[2026-07-01T01:56:18.482+0000][23.529s][info][gc,heap     ] GC(54) Eden regions: 90->0(90)
[2026-07-01T01:56:18.482+0000][23.529s][info][gc,heap     ] GC(54) Survivor regions: 6->6(12)
[2026-07-01T01:56:18.482+0000][23.529s][info][gc,heap     ] GC(54) Old regions: 154->154
[2026-07-01T01:56:18.482+0000][23.529s][info][gc,heap     ] GC(54) Humongous regions: 3->3
[2026-07-01T01:56:18.482+0000][23.529s][info][gc,metaspace] GC(54) Metaspace: 41623K(42432K)->41623K(42432K) NonClass: 36494K(36928K)->36494K(36928K) Class: 5129K(5504K)->5129K(5504K)
[2026-07-01T01:56:18.482+0000][23.529s][info][gc          ] GC(54) Pause Young (Prepare Mixed) (G1 Evacuation Pause) 252M->162M(267M) 14.959ms
[2026-07-01T01:56:18.482+0000][23.529s][info][gc,cpu      ] GC(54) User=0.03s Sys=0.00s Real=0.02s
[2026-07-01T01:56:19.627+0000][24.674s][info][gc,start    ] GC(55) Pause Young (Mixed) (G1 Evacuation Pause)
[2026-07-01T01:56:19.627+0000][24.675s][info][gc,task     ] GC(55) Using 2 workers of 2 for evacuation
[2026-07-01T01:56:19.640+0000][24.687s][info][gc,phases   ] GC(55)   Pre Evacuate Collection Set: 0.23ms
[2026-07-01T01:56:19.640+0000][24.687s][info][gc,phases   ] GC(55)   Merge Heap Roots: 0.42ms
[2026-07-01T01:56:19.640+0000][24.687s][info][gc,phases   ] GC(55)   Evacuate Collection Set: 11.53ms
[2026-07-01T01:56:19.640+0000][24.687s][info][gc,phases   ] GC(55)   Post Evacuate Collection Set: 0.36ms
[2026-07-01T01:56:19.640+0000][24.687s][info][gc,phases   ] GC(55)   Other: 0.08ms
[2026-07-01T01:56:19.640+0000][24.687s][info][gc,heap     ] GC(55) Eden regions: 90->0(90)
[2026-07-01T01:56:19.640+0000][24.687s][info][gc,heap     ] GC(55) Survivor regions: 6->6(12)
[2026-07-01T01:56:19.640+0000][24.687s][info][gc,heap     ] GC(55) Old regions: 154->154
[2026-07-01T01:56:19.640+0000][24.687s][info][gc,heap     ] GC(55) Humongous regions: 3->3
[2026-07-01T01:56:19.640+0000][24.687s][info][gc,metaspace] GC(55) Metaspace: 41624K(42432K)->41624K(42432K) NonClass: 36495K(36928K)->36495K(36928K) Class: 5129K(5504K)->5129K(5504K)
[2026-07-01T01:56:19.640+0000][24.687s][info][gc          ] GC(55) Pause Young (Mixed) (G1 Evacuation Pause) 252M->162M(267M) 12.784ms
[2026-07-01T01:56:19.640+0000][24.687s][info][gc,cpu      ] GC(55) User=0.02s Sys=0.00s Real=0.02s
[2026-07-01T01:56:20.472+0000][25.520s][info][gc,start    ] GC(56) Pause Young (Concurrent Start) (G1 Evacuation Pause)
[2026-07-01T01:56:20.472+0000][25.520s][info][gc,task     ] GC(56) Using 2 workers of 2 for evacuation
[2026-07-01T01:56:20.504+0000][25.551s][info][gc,phases   ] GC(56)   Pre Evacuate Collection Set: 0.17ms
[2026-07-01T01:56:20.504+0000][25.551s][info][gc,phases   ] GC(56)   Merge Heap Roots: 0.26ms
[2026-07-01T01:56:20.504+0000][25.551s][info][gc,phases   ] GC(56)   Evacuate Collection Set: 30.37ms
[2026-07-01T01:56:20.504+0000][25.551s][info][gc,phases   ] GC(56)   Post Evacuate Collection Set: 0.48ms
[2026-07-01T01:56:20.504+0000][25.551s][info][gc,phases   ] GC(56)   Other: 0.07ms
[2026-07-01T01:56:20.504+0000][25.551s][info][gc,heap     ] GC(56) Eden regions: 90->0(89)
[2026-07-01T01:56:20.504+0000][25.551s][info][gc,heap     ] GC(56) Survivor regions: 6->7(12)
[2026-07-01T01:56:20.504+0000][25.551s][info][gc,heap     ] GC(56) Old regions: 154->154
[2026-07-01T01:56:20.504+0000][25.551s][info][gc,heap     ] GC(56) Humongous regions: 3->3
[2026-07-01T01:56:20.504+0000][25.551s][info][gc,metaspace] GC(56) Metaspace: 41628K(42432K)->41628K(42432K) NonClass: 36499K(36928K)->36499K(36928K) Class: 5129K(5504K)->5129K(5504K)
[2026-07-01T01:56:20.504+0000][25.551s][info][gc          ] GC(56) Pause Young (Concurrent Start) (G1 Evacuation Pause) 252M->162M(267M) 31.511ms
[2026-07-01T01:56:20.504+0000][25.551s][info][gc          ] GC(57) Concurrent Mark Cycle
[2026-07-01T01:56:20.504+0000][25.551s][info][gc,marking  ] GC(57) Concurrent Scan Root Regions
[2026-07-01T01:56:20.504+0000][25.551s][info][gc,cpu      ] GC(56) User=0.02s Sys=0.00s Real=0.03s
[2026-07-01T01:56:20.556+0000][25.604s][info][gc,marking  ] GC(57) Concurrent Scan Root Regions 52.577ms
[2026-07-01T01:56:20.556+0000][25.604s][info][gc,marking  ] GC(57) Concurrent Mark
[2026-07-01T01:56:20.556+0000][25.604s][info][gc,marking  ] GC(57) Concurrent Mark From Roots
[2026-07-01T01:56:20.556+0000][25.604s][info][gc,task     ] GC(57) Using 1 workers of 1 for marking
[2026-07-01T01:56:21.216+0000][26.264s][info][gc,marking  ] GC(57) Concurrent Mark From Roots 660.009ms
[2026-07-01T01:56:21.217+0000][26.264s][info][gc,marking  ] GC(57) Concurrent Preclean
[2026-07-01T01:56:21.217+0000][26.264s][info][gc,marking  ] GC(57) Concurrent Preclean 0.073ms
[2026-07-01T01:56:21.217+0000][26.264s][info][gc,start    ] GC(57) Pause Remark
[2026-07-01T01:56:21.225+0000][26.272s][info][gc          ] GC(57) Pause Remark 223M->223M(267M) 7.980ms
[2026-07-01T01:56:21.225+0000][26.272s][info][gc,cpu      ] GC(57) User=0.02s Sys=0.01s Real=0.01s
[2026-07-01T01:56:21.229+0000][26.277s][info][gc,marking  ] GC(57) Concurrent Mark 672.410ms
[2026-07-01T01:56:21.229+0000][26.277s][info][gc,marking  ] GC(57) Concurrent Rebuild Remembered Sets and Scrub Regions
[2026-07-01T01:56:21.514+0000][26.561s][info][gc,start    ] GC(58) Pause Young (Normal) (G1 Evacuation Pause)
[2026-07-01T01:56:21.514+0000][26.561s][info][gc,task     ] GC(58) Using 2 workers of 2 for evacuation
[2026-07-01T01:56:21.530+0000][26.578s][info][gc,phases   ] GC(58)   Pre Evacuate Collection Set: 0.12ms
[2026-07-01T01:56:21.530+0000][26.578s][info][gc,phases   ] GC(58)   Merge Heap Roots: 0.29ms
[2026-07-01T01:56:21.530+0000][26.578s][info][gc,phases   ] GC(58)   Evacuate Collection Set: 15.31ms
[2026-07-01T01:56:21.530+0000][26.578s][info][gc,phases   ] GC(58)   Post Evacuate Collection Set: 0.60ms
[2026-07-01T01:56:21.530+0000][26.578s][info][gc,phases   ] GC(58)   Other: 0.06ms
[2026-07-01T01:56:21.530+0000][26.578s][info][gc,heap     ] GC(58) Eden regions: 89->0(90)
[2026-07-01T01:56:21.530+0000][26.578s][info][gc,heap     ] GC(58) Survivor regions: 7->6(12)
[2026-07-01T01:56:21.530+0000][26.578s][info][gc,heap     ] GC(58) Old regions: 154->154
[2026-07-01T01:56:21.530+0000][26.578s][info][gc,heap     ] GC(58) Humongous regions: 3->3
[2026-07-01T01:56:21.530+0000][26.578s][info][gc,metaspace] GC(58) Metaspace: 41629K(42432K)->41629K(42432K) NonClass: 36499K(36928K)->36499K(36928K) Class: 5129K(5504K)->5129K(5504K)
[2026-07-01T01:56:21.530+0000][26.578s][info][gc          ] GC(58) Pause Young (Normal) (G1 Evacuation Pause) 251M->162M(267M) 16.528ms
[2026-07-01T01:56:21.530+0000][26.578s][info][gc,cpu      ] GC(58) User=0.03s Sys=0.00s Real=0.02s
[2026-07-01T01:56:21.746+0000][26.793s][info][gc,marking  ] GC(57) Concurrent Rebuild Remembered Sets and Scrub Regions 516.931ms
[2026-07-01T01:56:21.746+0000][26.794s][info][gc,start    ] GC(57) Pause Cleanup
[2026-07-01T01:56:21.747+0000][26.794s][info][gc          ] GC(57) Pause Cleanup 186M->186M(267M) 0.672ms
[2026-07-01T01:56:21.747+0000][26.794s][info][gc,cpu      ] GC(57) User=0.00s Sys=0.00s Real=0.00s
[2026-07-01T01:56:21.747+0000][26.795s][info][gc,marking  ] GC(57) Concurrent Clear Claimed Marks
[2026-07-01T01:56:21.747+0000][26.795s][info][gc,marking  ] GC(57) Concurrent Clear Claimed Marks 0.093ms
[2026-07-01T01:56:21.747+0000][26.795s][info][gc,marking  ] GC(57) Concurrent Cleanup for Next Mark
[2026-07-01T01:56:21.748+0000][26.796s][info][gc,marking  ] GC(57) Concurrent Cleanup for Next Mark 0.895ms
[2026-07-01T01:56:21.748+0000][26.796s][info][gc          ] GC(57) Concurrent Mark Cycle 1244.670ms
[2026-07-01T01:56:22.323+0000][27.371s][info][gc,start    ] GC(59) Pause Young (Prepare Mixed) (G1 Evacuation Pause)
[2026-07-01T01:56:22.323+0000][27.371s][info][gc,task     ] GC(59) Using 2 workers of 2 for evacuation
[2026-07-01T01:56:22.340+0000][27.388s][info][gc,phases   ] GC(59)   Pre Evacuate Collection Set: 0.19ms
[2026-07-01T01:56:22.340+0000][27.388s][info][gc,phases   ] GC(59)   Merge Heap Roots: 0.78ms
[2026-07-01T01:56:22.340+0000][27.388s][info][gc,phases   ] GC(59)   Evacuate Collection Set: 15.35ms
[2026-07-01T01:56:22.340+0000][27.388s][info][gc,phases   ] GC(59)   Post Evacuate Collection Set: 0.58ms
[2026-07-01T01:56:22.340+0000][27.388s][info][gc,phases   ] GC(59)   Other: 0.06ms
[2026-07-01T01:56:22.340+0000][27.388s][info][gc,heap     ] GC(59) Eden regions: 90->0(89)
[2026-07-01T01:56:22.340+0000][27.388s][info][gc,heap     ] GC(59) Survivor regions: 6->7(12)
[2026-07-01T01:56:22.340+0000][27.388s][info][gc,heap     ] GC(59) Old regions: 154->154
[2026-07-01T01:56:22.340+0000][27.388s][info][gc,heap     ] GC(59) Humongous regions: 3->3
[2026-07-01T01:56:22.340+0000][27.388s][info][gc,metaspace] GC(59) Metaspace: 41630K(42432K)->41630K(42432K) NonClass: 36500K(36928K)->36500K(36928K) Class: 5129K(5504K)->5129K(5504K)
[2026-07-01T01:56:22.340+0000][27.388s][info][gc          ] GC(59) Pause Young (Prepare Mixed) (G1 Evacuation Pause) 252M->163M(267M) 17.104ms
[2026-07-01T01:56:22.340+0000][27.388s][info][gc,cpu      ] GC(59) User=0.03s Sys=0.00s Real=0.02s
[2026-07-01T01:56:23.196+0000][28.244s][info][gc,start    ] GC(60) Pause Young (Mixed) (G1 Evacuation Pause)
[2026-07-01T01:56:23.197+0000][28.244s][info][gc,task     ] GC(60) Using 2 workers of 2 for evacuation
[2026-07-01T01:56:23.216+0000][28.263s][info][gc,phases   ] GC(60)   Pre Evacuate Collection Set: 0.16ms
[2026-07-01T01:56:23.216+0000][28.263s][info][gc,phases   ] GC(60)   Merge Heap Roots: 0.37ms
[2026-07-01T01:56:23.216+0000][28.263s][info][gc,phases   ] GC(60)   Evacuate Collection Set: 18.15ms
[2026-07-01T01:56:23.216+0000][28.263s][info][gc,phases   ] GC(60)   Post Evacuate Collection Set: 0.49ms
[2026-07-01T01:56:23.216+0000][28.263s][info][gc,phases   ] GC(60)   Other: 0.06ms
[2026-07-01T01:56:23.216+0000][28.263s][info][gc,heap     ] GC(60) Eden regions: 89->0(89)
[2026-07-01T01:56:23.216+0000][28.263s][info][gc,heap     ] GC(60) Survivor regions: 7->7(12)
[2026-07-01T01:56:23.216+0000][28.264s][info][gc,heap     ] GC(60) Old regions: 154->154
[2026-07-01T01:56:23.216+0000][28.264s][info][gc,heap     ] GC(60) Humongous regions: 3->3
[2026-07-01T01:56:23.216+0000][28.264s][info][gc,metaspace] GC(60) Metaspace: 41630K(42432K)->41630K(42432K) NonClass: 36500K(36928K)->36500K(36928K) Class: 5129K(5504K)->5129K(5504K)
[2026-07-01T01:56:23.216+0000][28.264s][info][gc          ] GC(60) Pause Young (Mixed) (G1 Evacuation Pause) 252M->162M(267M) 19.420ms
[2026-07-01T01:56:23.216+0000][28.264s][info][gc,cpu      ] GC(60) User=0.04s Sys=0.00s Real=0.02s
[2026-07-01T01:56:24.153+0000][29.200s][info][gc,start    ] GC(61) Pause Young (Concurrent Start) (G1 Evacuation Pause)
[2026-07-01T01:56:24.153+0000][29.201s][info][gc,task     ] GC(61) Using 2 workers of 2 for evacuation
[2026-07-01T01:56:24.184+0000][29.231s][info][gc,phases   ] GC(61)   Pre Evacuate Collection Set: 0.20ms
[2026-07-01T01:56:24.184+0000][29.231s][info][gc,phases   ] GC(61)   Merge Heap Roots: 0.37ms
[2026-07-01T01:56:24.184+0000][29.231s][info][gc,phases   ] GC(61)   Evacuate Collection Set: 29.57ms
[2026-07-01T01:56:24.184+0000][29.231s][info][gc,phases   ] GC(61)   Post Evacuate Collection Set: 0.67ms
[2026-07-01T01:56:24.184+0000][29.231s][info][gc,phases   ] GC(61)   Other: 0.08ms
[2026-07-01T01:56:24.184+0000][29.231s][info][gc,heap     ] GC(61) Eden regions: 89->0(89)
[2026-07-01T01:56:24.184+0000][29.231s][info][gc,heap     ] GC(61) Survivor regions: 7->7(12)
[2026-07-01T01:56:24.184+0000][29.231s][info][gc,heap     ] GC(61) Old regions: 154->154
[2026-07-01T01:56:24.184+0000][29.231s][info][gc,heap     ] GC(61) Humongous regions: 3->3
[2026-07-01T01:56:24.184+0000][29.231s][info][gc,metaspace] GC(61) Metaspace: 41635K(42432K)->41635K(42432K) NonClass: 36505K(36928K)->36505K(36928K) Class: 5129K(5504K)->5129K(5504K)
[2026-07-01T01:56:24.184+0000][29.232s][info][gc          ] GC(61) Pause Young (Concurrent Start) (G1 Evacuation Pause) 251M->163M(267M) 31.069ms
[2026-07-01T01:56:24.184+0000][29.232s][info][gc          ] GC(62) Concurrent Mark Cycle
[2026-07-01T01:56:24.184+0000][29.232s][info][gc,marking  ] GC(62) Concurrent Scan Root Regions
[2026-07-01T01:56:24.184+0000][29.232s][info][gc,cpu      ] GC(61) User=0.03s Sys=0.00s Real=0.03s
[2026-07-01T01:56:24.237+0000][29.284s][info][gc,marking  ] GC(62) Concurrent Scan Root Regions 52.778ms
[2026-07-01T01:56:24.237+0000][29.284s][info][gc,marking  ] GC(62) Concurrent Mark
[2026-07-01T01:56:24.237+0000][29.284s][info][gc,marking  ] GC(62) Concurrent Mark From Roots
[2026-07-01T01:56:24.237+0000][29.284s][info][gc,task     ] GC(62) Using 1 workers of 1 for marking
[2026-07-01T01:56:24.756+0000][29.803s][info][gc,marking  ] GC(62) Concurrent Mark From Roots 518.729ms
[2026-07-01T01:56:24.756+0000][29.803s][info][gc,marking  ] GC(62) Concurrent Preclean
[2026-07-01T01:56:24.756+0000][29.803s][info][gc,marking  ] GC(62) Concurrent Preclean 0.276ms
[2026-07-01T01:56:24.756+0000][29.804s][info][gc,start    ] GC(62) Pause Remark
[2026-07-01T01:56:24.767+0000][29.815s][info][gc          ] GC(62) Pause Remark 213M->213M(267M) 11.250ms
[2026-07-01T01:56:24.767+0000][29.815s][info][gc,cpu      ] GC(62) User=0.02s Sys=0.00s Real=0.01s
[2026-07-01T01:56:24.777+0000][29.824s][info][gc,marking  ] GC(62) Concurrent Mark 539.789ms
[2026-07-01T01:56:24.777+0000][29.824s][info][gc,marking  ] GC(62) Concurrent Rebuild Remembered Sets and Scrub Regions
[2026-07-01T01:56:25.108+0000][30.156s][info][gc,marking  ] GC(62) Concurrent Rebuild Remembered Sets and Scrub Regions 331.510ms
[2026-07-01T01:56:25.108+0000][30.156s][info][gc,start    ] GC(62) Pause Cleanup
[2026-07-01T01:56:25.108+0000][30.156s][info][gc          ] GC(62) Pause Cleanup 246M->246M(267M) 0.152ms
[2026-07-01T01:56:25.108+0000][30.156s][info][gc,cpu      ] GC(62) User=0.00s Sys=0.00s Real=0.00s
[2026-07-01T01:56:25.110+0000][30.158s][info][gc,marking  ] GC(62) Concurrent Clear Claimed Marks
[2026-07-01T01:56:25.111+0000][30.159s][info][gc,marking  ] GC(62) Concurrent Clear Claimed Marks 0.614ms
[2026-07-01T01:56:25.111+0000][30.159s][info][gc,marking  ] GC(62) Concurrent Cleanup for Next Mark
[2026-07-01T01:56:25.112+0000][30.159s][info][gc,marking  ] GC(62) Concurrent Cleanup for Next Mark 0.783ms
[2026-07-01T01:56:25.112+0000][30.159s][info][gc          ] GC(62) Concurrent Mark Cycle 927.922ms
[2026-07-01T01:56:25.152+0000][30.199s][info][gc,start    ] GC(63) Pause Young (Prepare Mixed) (G1 Evacuation Pause)
[2026-07-01T01:56:25.152+0000][30.199s][info][gc,task     ] GC(63) Using 2 workers of 2 for evacuation
[2026-07-01T01:56:25.163+0000][30.210s][info][gc,phases   ] GC(63)   Pre Evacuate Collection Set: 0.16ms
[2026-07-01T01:56:25.163+0000][30.211s][info][gc,phases   ] GC(63)   Merge Heap Roots: 0.40ms
[2026-07-01T01:56:25.163+0000][30.211s][info][gc,phases   ] GC(63)   Evacuate Collection Set: 10.14ms
[2026-07-01T01:56:25.163+0000][30.211s][info][gc,phases   ] GC(63)   Post Evacuate Collection Set: 0.39ms
[2026-07-01T01:56:25.163+0000][30.211s][info][gc,phases   ] GC(63)   Other: 0.04ms
[2026-07-01T01:56:25.163+0000][30.211s][info][gc,heap     ] GC(63) Eden regions: 89->0(89)
[2026-07-01T01:56:25.163+0000][30.211s][info][gc,heap     ] GC(63) Survivor regions: 7->7(12)
[2026-07-01T01:56:25.163+0000][30.211s][info][gc,heap     ] GC(63) Old regions: 154->154
[2026-07-01T01:56:25.163+0000][30.211s][info][gc,heap     ] GC(63) Humongous regions: 3->3
[2026-07-01T01:56:25.163+0000][30.211s][info][gc,metaspace] GC(63) Metaspace: 41636K(42432K)->41636K(42432K) NonClass: 36506K(36928K)->36506K(36928K) Class: 5129K(5504K)->5129K(5504K)
[2026-07-01T01:56:25.163+0000][30.211s][info][gc          ] GC(63) Pause Young (Prepare Mixed) (G1 Evacuation Pause) 252M->163M(267M) 11.259ms
[2026-07-01T01:56:25.163+0000][30.211s][info][gc,cpu      ] GC(63) User=0.03s Sys=0.00s Real=0.01s
[2026-07-01T01:56:25.885+0000][30.932s][info][gc,start    ] GC(64) Pause Young (Mixed) (G1 Evacuation Pause)
[2026-07-01T01:56:25.885+0000][30.933s][info][gc,task     ] GC(64) Using 2 workers of 2 for evacuation
[2026-07-01T01:56:25.906+0000][30.954s][info][gc,phases   ] GC(64)   Pre Evacuate Collection Set: 0.27ms
[2026-07-01T01:56:25.906+0000][30.954s][info][gc,phases   ] GC(64)   Merge Heap Roots: 0.59ms
[2026-07-01T01:56:25.906+0000][30.954s][info][gc,phases   ] GC(64)   Evacuate Collection Set: 20.07ms
[2026-07-01T01:56:25.906+0000][30.954s][info][gc,phases   ] GC(64)   Post Evacuate Collection Set: 0.43ms
[2026-07-01T01:56:25.906+0000][30.954s][info][gc,phases   ] GC(64)   Other: 0.08ms
[2026-07-01T01:56:25.906+0000][30.954s][info][gc,heap     ] GC(64) Eden regions: 89->0(89)
[2026-07-01T01:56:25.906+0000][30.954s][info][gc,heap     ] GC(64) Survivor regions: 7->7(12)
[2026-07-01T01:56:25.906+0000][30.954s][info][gc,heap     ] GC(64) Old regions: 154->154
[2026-07-01T01:56:25.906+0000][30.954s][info][gc,heap     ] GC(64) Humongous regions: 3->3
[2026-07-01T01:56:25.906+0000][30.954s][info][gc,metaspace] GC(64) Metaspace: 41636K(42432K)->41636K(42432K) NonClass: 36506K(36928K)->36506K(36928K) Class: 5129K(5504K)->5129K(5504K)
[2026-07-01T01:56:25.906+0000][30.954s][info][gc          ] GC(64) Pause Young (Mixed) (G1 Evacuation Pause) 252M->163M(267M) 21.638ms
[2026-07-01T01:56:25.906+0000][30.954s][info][gc,cpu      ] GC(64) User=0.04s Sys=0.00s Real=0.02s
[2026-07-01T01:56:26.572+0000][31.620s][info][gc,start    ] GC(65) Pause Young (Concurrent Start) (G1 Evacuation Pause)
[2026-07-01T01:56:26.572+0000][31.620s][info][gc,task     ] GC(65) Using 2 workers of 2 for evacuation
[2026-07-01T01:56:26.583+0000][31.631s][info][gc,phases   ] GC(65)   Pre Evacuate Collection Set: 0.14ms
[2026-07-01T01:56:26.583+0000][31.631s][info][gc,phases   ] GC(65)   Merge Heap Roots: 0.18ms
[2026-07-01T01:56:26.583+0000][31.631s][info][gc,phases   ] GC(65)   Evacuate Collection Set: 10.40ms
[2026-07-01T01:56:26.583+0000][31.631s][info][gc,phases   ] GC(65)   Post Evacuate Collection Set: 0.35ms
[2026-07-01T01:56:26.583+0000][31.631s][info][gc,phases   ] GC(65)   Other: 0.06ms
[2026-07-01T01:56:26.583+0000][31.631s][info][gc,heap     ] GC(65) Eden regions: 89->0(88)
[2026-07-01T01:56:26.583+0000][31.631s][info][gc,heap     ] GC(65) Survivor regions: 7->7(12)
[2026-07-01T01:56:26.583+0000][31.631s][info][gc,heap     ] GC(65) Old regions: 154->155
[2026-07-01T01:56:26.583+0000][31.631s][info][gc,heap     ] GC(65) Humongous regions: 3->3
[2026-07-01T01:56:26.583+0000][31.631s][info][gc,metaspace] GC(65) Metaspace: 41636K(42432K)->41636K(42432K) NonClass: 36506K(36928K)->36506K(36928K) Class: 5129K(5504K)->5129K(5504K)
[2026-07-01T01:56:26.583+0000][31.631s][info][gc          ] GC(65) Pause Young (Concurrent Start) (G1 Evacuation Pause) 252M->163M(267M) 11.294ms
[2026-07-01T01:56:26.583+0000][31.631s][info][gc          ] GC(66) Concurrent Mark Cycle
[2026-07-01T01:56:26.583+0000][31.631s][info][gc,marking  ] GC(66) Concurrent Scan Root Regions
[2026-07-01T01:56:26.583+0000][31.631s][info][gc,cpu      ] GC(65) User=0.02s Sys=0.00s Real=0.01s
[2026-07-01T01:56:26.602+0000][31.650s][info][gc,marking  ] GC(66) Concurrent Scan Root Regions 19.008ms
[2026-07-01T01:56:26.602+0000][31.650s][info][gc,marking  ] GC(66) Concurrent Mark
[2026-07-01T01:56:26.602+0000][31.650s][info][gc,marking  ] GC(66) Concurrent Mark From Roots
[2026-07-01T01:56:26.602+0000][31.650s][info][gc,task     ] GC(66) Using 1 workers of 1 for marking
[2026-07-01T01:56:27.273+0000][32.321s][info][gc,marking  ] GC(66) Concurrent Mark From Roots 670.591ms
[2026-07-01T01:56:27.273+0000][32.321s][info][gc,marking  ] GC(66) Concurrent Preclean
[2026-07-01T01:56:27.273+0000][32.321s][info][gc,marking  ] GC(66) Concurrent Preclean 0.085ms
[2026-07-01T01:56:27.273+0000][32.321s][info][gc,start    ] GC(66) Pause Remark
[2026-07-01T01:56:27.306+0000][32.353s][info][gc          ] GC(66) Pause Remark 230M->230M(267M) 32.384ms
[2026-07-01T01:56:27.306+0000][32.353s][info][gc,cpu      ] GC(66) User=0.02s Sys=0.00s Real=0.03s
[2026-07-01T01:56:27.314+0000][32.361s][info][gc,marking  ] GC(66) Concurrent Mark 711.419ms
[2026-07-01T01:56:27.314+0000][32.361s][info][gc,marking  ] GC(66) Concurrent Rebuild Remembered Sets and Scrub Regions
[2026-07-01T01:56:27.501+0000][32.548s][info][gc,start    ] GC(67) Pause Young (Normal) (G1 Evacuation Pause)
[2026-07-01T01:56:27.501+0000][32.548s][info][gc,task     ] GC(67) Using 2 workers of 2 for evacuation
[2026-07-01T01:56:27.515+0000][32.563s][info][gc,phases   ] GC(67)   Pre Evacuate Collection Set: 0.17ms
[2026-07-01T01:56:27.515+0000][32.563s][info][gc,phases   ] GC(67)   Merge Heap Roots: 0.27ms
[2026-07-01T01:56:27.515+0000][32.563s][info][gc,phases   ] GC(67)   Evacuate Collection Set: 13.79ms
[2026-07-01T01:56:27.515+0000][32.563s][info][gc,phases   ] GC(67)   Post Evacuate Collection Set: 0.57ms
[2026-07-01T01:56:27.515+0000][32.563s][info][gc,phases   ] GC(67)   Other: 0.05ms
[2026-07-01T01:56:27.515+0000][32.563s][info][gc,heap     ] GC(67) Eden regions: 88->0(88)
[2026-07-01T01:56:27.515+0000][32.563s][info][gc,heap     ] GC(67) Survivor regions: 7->7(12)
[2026-07-01T01:56:27.515+0000][32.563s][info][gc,heap     ] GC(67) Old regions: 155->155
[2026-07-01T01:56:27.515+0000][32.563s][info][gc,heap     ] GC(67) Humongous regions: 3->3
[2026-07-01T01:56:27.515+0000][32.563s][info][gc,metaspace] GC(67) Metaspace: 41639K(42432K)->41639K(42432K) NonClass: 36509K(36928K)->36509K(36928K) Class: 5129K(5504K)->5129K(5504K)
[2026-07-01T01:56:27.515+0000][32.563s][info][gc          ] GC(67) Pause Young (Normal) (G1 Evacuation Pause) 251M->163M(267M) 14.994ms
[2026-07-01T01:56:27.516+0000][32.563s][info][gc,cpu      ] GC(67) User=0.04s Sys=0.00s Real=0.01s
[2026-07-01T01:56:27.837+0000][32.885s][info][gc,marking  ] GC(66) Concurrent Rebuild Remembered Sets and Scrub Regions 523.517ms
[2026-07-01T01:56:27.838+0000][32.885s][info][gc,start    ] GC(66) Pause Cleanup
[2026-07-01T01:56:27.838+0000][32.885s][info][gc          ] GC(66) Pause Cleanup 196M->196M(267M) 0.161ms
[2026-07-01T01:56:27.838+0000][32.885s][info][gc,cpu      ] GC(66) User=0.00s Sys=0.00s Real=0.00s
[2026-07-01T01:56:27.838+0000][32.885s][info][gc,marking  ] GC(66) Concurrent Clear Claimed Marks
[2026-07-01T01:56:27.838+0000][32.886s][info][gc,marking  ] GC(66) Concurrent Clear Claimed Marks 0.121ms
[2026-07-01T01:56:27.838+0000][32.886s][info][gc,marking  ] GC(66) Concurrent Cleanup for Next Mark
[2026-07-01T01:56:27.838+0000][32.886s][info][gc,marking  ] GC(66) Concurrent Cleanup for Next Mark 0.437ms
[2026-07-01T01:56:27.838+0000][32.886s][info][gc          ] GC(66) Concurrent Mark Cycle 1255.232ms
[2026-07-01T01:56:28.287+0000][33.334s][info][gc,start    ] GC(68) Pause Young (Prepare Mixed) (G1 Evacuation Pause)
[2026-07-01T01:56:28.287+0000][33.334s][info][gc,task     ] GC(68) Using 2 workers of 2 for evacuation
[2026-07-01T01:56:28.307+0000][33.355s][info][gc,phases   ] GC(68)   Pre Evacuate Collection Set: 0.14ms
[2026-07-01T01:56:28.308+0000][33.355s][info][gc,phases   ] GC(68)   Merge Heap Roots: 0.38ms
[2026-07-01T01:56:28.308+0000][33.355s][info][gc,phases   ] GC(68)   Evacuate Collection Set: 19.64ms
[2026-07-01T01:56:28.308+0000][33.355s][info][gc,phases   ] GC(68)   Post Evacuate Collection Set: 0.44ms
[2026-07-01T01:56:28.308+0000][33.355s][info][gc,phases   ] GC(68)   Other: 0.07ms
[2026-07-01T01:56:28.308+0000][33.355s][info][gc,heap     ] GC(68) Eden regions: 88->0(89)
[2026-07-01T01:56:28.308+0000][33.355s][info][gc,heap     ] GC(68) Survivor regions: 7->6(12)
[2026-07-01T01:56:28.308+0000][33.355s][info][gc,heap     ] GC(68) Old regions: 155->155
[2026-07-01T01:56:28.308+0000][33.355s][info][gc,heap     ] GC(68) Humongous regions: 3->3
[2026-07-01T01:56:28.308+0000][33.355s][info][gc,metaspace] GC(68) Metaspace: 41639K(42432K)->41639K(42432K) NonClass: 36509K(36928K)->36509K(36928K) Class: 5129K(5504K)->5129K(5504K)
[2026-07-01T01:56:28.308+0000][33.355s][info][gc          ] GC(68) Pause Young (Prepare Mixed) (G1 Evacuation Pause) 251M->163M(267M) 20.948ms
[2026-07-01T01:56:28.308+0000][33.355s][info][gc,cpu      ] GC(68) User=0.03s Sys=0.00s Real=0.02s
[2026-07-01T01:56:29.374+0000][34.421s][info][gc,start    ] GC(69) Pause Young (Mixed) (G1 Evacuation Pause)
[2026-07-01T01:56:29.374+0000][34.421s][info][gc,task     ] GC(69) Using 2 workers of 2 for evacuation
[2026-07-01T01:56:29.387+0000][34.434s][info][gc,phases   ] GC(69)   Pre Evacuate Collection Set: 0.13ms
[2026-07-01T01:56:29.387+0000][34.434s][info][gc,phases   ] GC(69)   Merge Heap Roots: 0.26ms
[2026-07-01T01:56:29.387+0000][34.434s][info][gc,phases   ] GC(69)   Evacuate Collection Set: 12.16ms
[2026-07-01T01:56:29.387+0000][34.434s][info][gc,phases   ] GC(69)   Post Evacuate Collection Set: 0.36ms
[2026-07-01T01:56:29.387+0000][34.434s][info][gc,phases   ] GC(69)   Other: 0.05ms
[2026-07-01T01:56:29.387+0000][34.434s][info][gc,heap     ] GC(69) Eden regions: 89->0(88)
[2026-07-01T01:56:29.387+0000][34.434s][info][gc,heap     ] GC(69) Survivor regions: 6->7(12)
[2026-07-01T01:56:29.387+0000][34.434s][info][gc,heap     ] GC(69) Old regions: 155->155
[2026-07-01T01:56:29.387+0000][34.434s][info][gc,heap     ] GC(69) Humongous regions: 3->3
[2026-07-01T01:56:29.387+0000][34.434s][info][gc,metaspace] GC(69) Metaspace: 41639K(42432K)->41639K(42432K) NonClass: 36509K(36928K)->36509K(36928K) Class: 5129K(5504K)->5129K(5504K)
[2026-07-01T01:56:29.387+0000][34.434s][info][gc          ] GC(69) Pause Young (Mixed) (G1 Evacuation Pause) 252M->164M(267M) 13.140ms
[2026-07-01T01:56:29.387+0000][34.434s][info][gc,cpu      ] GC(69) User=0.02s Sys=0.00s Real=0.01s
[2026-07-01T01:56:30.060+0000][35.108s][info][gc,start    ] GC(70) Pause Young (Concurrent Start) (G1 Evacuation Pause)
[2026-07-01T01:56:30.060+0000][35.108s][info][gc,task     ] GC(70) Using 2 workers of 2 for evacuation
[2026-07-01T01:56:30.073+0000][35.121s][info][gc,phases   ] GC(70)   Pre Evacuate Collection Set: 0.23ms
[2026-07-01T01:56:30.073+0000][35.121s][info][gc,phases   ] GC(70)   Merge Heap Roots: 0.28ms
[2026-07-01T01:56:30.073+0000][35.121s][info][gc,phases   ] GC(70)   Evacuate Collection Set: 12.03ms
[2026-07-01T01:56:30.073+0000][35.121s][info][gc,phases   ] GC(70)   Post Evacuate Collection Set: 0.40ms
[2026-07-01T01:56:30.073+0000][35.121s][info][gc,phases   ] GC(70)   Other: 0.06ms
[2026-07-01T01:56:30.073+0000][35.121s][info][gc,heap     ] GC(70) Eden regions: 88->0(89)
[2026-07-01T01:56:30.073+0000][35.121s][info][gc,heap     ] GC(70) Survivor regions: 7->6(12)
[2026-07-01T01:56:30.073+0000][35.121s][info][gc,heap     ] GC(70) Old regions: 155->155
[2026-07-01T01:56:30.073+0000][35.121s][info][gc,heap     ] GC(70) Humongous regions: 3->3
[2026-07-01T01:56:30.073+0000][35.121s][info][gc,metaspace] GC(70) Metaspace: 41641K(42432K)->41641K(42432K) NonClass: 36511K(36928K)->36511K(36928K) Class: 5130K(5504K)->5130K(5504K)
[2026-07-01T01:56:30.073+0000][35.121s][info][gc          ] GC(70) Pause Young (Concurrent Start) (G1 Evacuation Pause) 252M->163M(267M) 13.171ms
[2026-07-01T01:56:30.073+0000][35.121s][info][gc          ] GC(71) Concurrent Mark Cycle
[2026-07-01T01:56:30.073+0000][35.121s][info][gc,marking  ] GC(71) Concurrent Scan Root Regions
[2026-07-01T01:56:30.073+0000][35.121s][info][gc,cpu      ] GC(70) User=0.03s Sys=0.00s Real=0.01s
[2026-07-01T01:56:30.085+0000][35.133s][info][gc,marking  ] GC(71) Concurrent Scan Root Regions 12.196ms
[2026-07-01T01:56:30.086+0000][35.133s][info][gc,marking  ] GC(71) Concurrent Mark
[2026-07-01T01:56:30.086+0000][35.133s][info][gc,marking  ] GC(71) Concurrent Mark From Roots
[2026-07-01T01:56:30.086+0000][35.134s][info][gc,task     ] GC(71) Using 1 workers of 1 for marking
[2026-07-01T01:56:30.745+0000][35.793s][info][gc,marking  ] GC(71) Concurrent Mark From Roots 659.366ms
[2026-07-01T01:56:30.745+0000][35.793s][info][gc,marking  ] GC(71) Concurrent Preclean
[2026-07-01T01:56:30.745+0000][35.793s][info][gc,marking  ] GC(71) Concurrent Preclean 0.108ms
[2026-07-01T01:56:30.750+0000][35.798s][info][gc,start    ] GC(71) Pause Remark
[2026-07-01T01:56:30.756+0000][35.803s][info][gc          ] GC(71) Pause Remark 222M->222M(267M) 5.683ms
[2026-07-01T01:56:30.756+0000][35.803s][info][gc,cpu      ] GC(71) User=0.01s Sys=0.00s Real=0.00s
[2026-07-01T01:56:30.760+0000][35.808s][info][gc,marking  ] GC(71) Concurrent Mark 674.565ms
[2026-07-01T01:56:30.760+0000][35.808s][info][gc,marking  ] GC(71) Concurrent Rebuild Remembered Sets and Scrub Regions
[2026-07-01T01:56:30.986+0000][36.033s][info][gc,marking  ] GC(71) Concurrent Rebuild Remembered Sets and Scrub Regions 225.303ms
[2026-07-01T01:56:30.986+0000][36.033s][info][gc,start    ] GC(71) Pause Cleanup
[2026-07-01T01:56:30.986+0000][36.034s][info][gc          ] GC(71) Pause Cleanup 237M->237M(267M) 0.138ms
[2026-07-01T01:56:30.986+0000][36.034s][info][gc,cpu      ] GC(71) User=0.00s Sys=0.00s Real=0.00s
[2026-07-01T01:56:30.987+0000][36.035s][info][gc,marking  ] GC(71) Concurrent Clear Claimed Marks
[2026-07-01T01:56:30.987+0000][36.035s][info][gc,marking  ] GC(71) Concurrent Clear Claimed Marks 0.153ms
[2026-07-01T01:56:30.987+0000][36.035s][info][gc,marking  ] GC(71) Concurrent Cleanup for Next Mark
[2026-07-01T01:56:30.988+0000][36.036s][info][gc,marking  ] GC(71) Concurrent Cleanup for Next Mark 0.672ms
[2026-07-01T01:56:30.988+0000][36.036s][info][gc          ] GC(71) Concurrent Mark Cycle 915.073ms
[2026-07-01T01:56:31.101+0000][36.148s][info][gc,start    ] GC(72) Pause Young (Prepare Mixed) (G1 Evacuation Pause)
[2026-07-01T01:56:31.101+0000][36.148s][info][gc,task     ] GC(72) Using 2 workers of 2 for evacuation
[2026-07-01T01:56:31.117+0000][36.164s][info][gc,phases   ] GC(72)   Pre Evacuate Collection Set: 0.12ms
[2026-07-01T01:56:31.117+0000][36.165s][info][gc,phases   ] GC(72)   Merge Heap Roots: 0.50ms
[2026-07-01T01:56:31.117+0000][36.165s][info][gc,phases   ] GC(72)   Evacuate Collection Set: 14.89ms
[2026-07-01T01:56:31.117+0000][36.165s][info][gc,phases   ] GC(72)   Post Evacuate Collection Set: 0.47ms
[2026-07-01T01:56:31.117+0000][36.165s][info][gc,phases   ] GC(72)   Other: 0.05ms
[2026-07-01T01:56:31.117+0000][36.165s][info][gc,heap     ] GC(72) Eden regions: 89->0(87)
[2026-07-01T01:56:31.117+0000][36.165s][info][gc,heap     ] GC(72) Survivor regions: 6->7(12)
[2026-07-01T01:56:31.117+0000][36.165s][info][gc,heap     ] GC(72) Old regions: 155->156
[2026-07-01T01:56:31.117+0000][36.165s][info][gc,heap     ] GC(72) Humongous regions: 3->3
[2026-07-01T01:56:31.117+0000][36.165s][info][gc,metaspace] GC(72) Metaspace: 41642K(42432K)->41642K(42432K) NonClass: 36512K(36928K)->36512K(36928K) Class: 5130K(5504K)->5130K(5504K)
[2026-07-01T01:56:31.117+0000][36.165s][info][gc          ] GC(72) Pause Young (Prepare Mixed) (G1 Evacuation Pause) 252M->164M(267M) 16.177ms
[2026-07-01T01:56:31.117+0000][36.165s][info][gc,cpu      ] GC(72) User=0.04s Sys=0.00s Real=0.01s
[2026-07-01T01:56:31.784+0000][36.832s][info][gc,start    ] GC(73) Pause Young (Mixed) (G1 Evacuation Pause)
[2026-07-01T01:56:31.784+0000][36.832s][info][gc,task     ] GC(73) Using 2 workers of 2 for evacuation
[2026-07-01T01:56:31.805+0000][36.853s][info][gc,phases   ] GC(73)   Pre Evacuate Collection Set: 0.21ms
[2026-07-01T01:56:31.805+0000][36.853s][info][gc,phases   ] GC(73)   Merge Heap Roots: 0.34ms
[2026-07-01T01:56:31.805+0000][36.853s][info][gc,phases   ] GC(73)   Evacuate Collection Set: 19.79ms
[2026-07-01T01:56:31.805+0000][36.853s][info][gc,phases   ] GC(73)   Post Evacuate Collection Set: 0.36ms
[2026-07-01T01:56:31.805+0000][36.853s][info][gc,phases   ] GC(73)   Other: 0.06ms
[2026-07-01T01:56:31.805+0000][36.853s][info][gc,heap     ] GC(73) Eden regions: 87->0(87)
[2026-07-01T01:56:31.805+0000][36.853s][info][gc,heap     ] GC(73) Survivor regions: 7->7(12)
[2026-07-01T01:56:31.805+0000][36.853s][info][gc,heap     ] GC(73) Old regions: 156->156
[2026-07-01T01:56:31.805+0000][36.853s][info][gc,heap     ] GC(73) Humongous regions: 3->3
[2026-07-01T01:56:31.805+0000][36.853s][info][gc,metaspace] GC(73) Metaspace: 41644K(42432K)->41644K(42432K) NonClass: 36514K(36928K)->36514K(36928K) Class: 5130K(5504K)->5130K(5504K)
[2026-07-01T01:56:31.805+0000][36.853s][info][gc          ] GC(73) Pause Young (Mixed) (G1 Evacuation Pause) 251M->164M(267M) 20.936ms
[2026-07-01T01:56:31.805+0000][36.853s][info][gc,cpu      ] GC(73) User=0.02s Sys=0.00s Real=0.02s
[2026-07-01T01:56:32.552+0000][37.600s][info][gc,start    ] GC(74) Pause Young (Concurrent Start) (G1 Evacuation Pause)
[2026-07-01T01:56:32.553+0000][37.600s][info][gc,task     ] GC(74) Using 2 workers of 2 for evacuation
[2026-07-01T01:56:32.567+0000][37.615s][info][gc,phases   ] GC(74)   Pre Evacuate Collection Set: 0.15ms
[2026-07-01T01:56:32.567+0000][37.615s][info][gc,phases   ] GC(74)   Merge Heap Roots: 0.37ms
[2026-07-01T01:56:32.567+0000][37.615s][info][gc,phases   ] GC(74)   Evacuate Collection Set: 13.48ms
[2026-07-01T01:56:32.567+0000][37.615s][info][gc,phases   ] GC(74)   Post Evacuate Collection Set: 0.32ms
[2026-07-01T01:56:32.567+0000][37.615s][info][gc,phases   ] GC(74)   Other: 0.08ms
[2026-07-01T01:56:32.567+0000][37.615s][info][gc,heap     ] GC(74) Eden regions: 87->0(88)
[2026-07-01T01:56:32.567+0000][37.615s][info][gc,heap     ] GC(74) Survivor regions: 7->6(12)
[2026-07-01T01:56:32.567+0000][37.615s][info][gc,heap     ] GC(74) Old regions: 156->156
[2026-07-01T01:56:32.567+0000][37.615s][info][gc,heap     ] GC(74) Humongous regions: 3->3
[2026-07-01T01:56:32.567+0000][37.615s][info][gc,metaspace] GC(74) Metaspace: 41649K(42496K)->41649K(42496K) NonClass: 36518K(36992K)->36518K(36992K) Class: 5130K(5504K)->5130K(5504K)
[2026-07-01T01:56:32.567+0000][37.615s][info][gc          ] GC(74) Pause Young (Concurrent Start) (G1 Evacuation Pause) 251M->164M(267M) 14.552ms
[2026-07-01T01:56:32.567+0000][37.615s][info][gc          ] GC(75) Concurrent Mark Cycle
[2026-07-01T01:56:32.567+0000][37.615s][info][gc,marking  ] GC(75) Concurrent Scan Root Regions
[2026-07-01T01:56:32.567+0000][37.615s][info][gc,cpu      ] GC(74) User=0.04s Sys=0.00s Real=0.01s
[2026-07-01T01:56:32.581+0000][37.629s][info][gc,marking  ] GC(75) Concurrent Scan Root Regions 13.797ms
[2026-07-01T01:56:32.581+0000][37.629s][info][gc,marking  ] GC(75) Concurrent Mark
[2026-07-01T01:56:32.581+0000][37.629s][info][gc,marking  ] GC(75) Concurrent Mark From Roots
[2026-07-01T01:56:32.581+0000][37.629s][info][gc,task     ] GC(75) Using 1 workers of 1 for marking
[2026-07-01T01:56:33.253+0000][38.301s][info][gc,marking  ] GC(75) Concurrent Mark From Roots 672.525ms
[2026-07-01T01:56:33.253+0000][38.301s][info][gc,marking  ] GC(75) Concurrent Preclean
[2026-07-01T01:56:33.254+0000][38.301s][info][gc,marking  ] GC(75) Concurrent Preclean 0.088ms
[2026-07-01T01:56:33.254+0000][38.301s][info][gc,start    ] GC(75) Pause Remark
[2026-07-01T01:56:33.266+0000][38.314s][info][gc          ] GC(75) Pause Remark 228M->228M(267M) 12.032ms
[2026-07-01T01:56:33.266+0000][38.314s][info][gc,cpu      ] GC(75) User=0.02s Sys=0.00s Real=0.01s
[2026-07-01T01:56:33.271+0000][38.319s][info][gc,marking  ] GC(75) Concurrent Mark 690.052ms
[2026-07-01T01:56:33.271+0000][38.319s][info][gc,marking  ] GC(75) Concurrent Rebuild Remembered Sets and Scrub Regions
[2026-07-01T01:56:33.505+0000][38.552s][info][gc,marking  ] GC(75) Concurrent Rebuild Remembered Sets and Scrub Regions 233.670ms
[2026-07-01T01:56:33.505+0000][38.553s][info][gc,start    ] GC(75) Pause Cleanup
[2026-07-01T01:56:33.505+0000][38.553s][info][gc          ] GC(75) Pause Cleanup 250M->250M(267M) 0.159ms
[2026-07-01T01:56:33.505+0000][38.553s][info][gc,cpu      ] GC(75) User=0.00s Sys=0.00s Real=0.00s
[2026-07-01T01:56:33.506+0000][38.553s][info][gc,marking  ] GC(75) Concurrent Clear Claimed Marks
[2026-07-01T01:56:33.506+0000][38.553s][info][gc,marking  ] GC(75) Concurrent Clear Claimed Marks 0.091ms
[2026-07-01T01:56:33.506+0000][38.553s][info][gc,marking  ] GC(75) Concurrent Cleanup for Next Mark
[2026-07-01T01:56:33.508+0000][38.556s][info][gc,marking  ] GC(75) Concurrent Cleanup for Next Mark 2.685ms
[2026-07-01T01:56:33.508+0000][38.556s][info][gc          ] GC(75) Concurrent Mark Cycle 941.330ms
[2026-07-01T01:56:33.520+0000][38.568s][info][gc,start    ] GC(76) Pause Young (Prepare Mixed) (G1 Evacuation Pause)
[2026-07-01T01:56:33.520+0000][38.568s][info][gc,task     ] GC(76) Using 2 workers of 2 for evacuation
[2026-07-01T01:56:33.538+0000][38.585s][info][gc,phases   ] GC(76)   Pre Evacuate Collection Set: 0.16ms
[2026-07-01T01:56:33.538+0000][38.585s][info][gc,phases   ] GC(76)   Merge Heap Roots: 0.70ms
[2026-07-01T01:56:33.538+0000][38.585s][info][gc,phases   ] GC(76)   Evacuate Collection Set: 15.86ms
[2026-07-01T01:56:33.538+0000][38.585s][info][gc,phases   ] GC(76)   Post Evacuate Collection Set: 0.44ms
[2026-07-01T01:56:33.538+0000][38.585s][info][gc,phases   ] GC(76)   Other: 0.06ms
[2026-07-01T01:56:33.538+0000][38.585s][info][gc,heap     ] GC(76) Eden regions: 88->0(87)
[2026-07-01T01:56:33.538+0000][38.585s][info][gc,heap     ] GC(76) Survivor regions: 6->7(12)
[2026-07-01T01:56:33.538+0000][38.585s][info][gc,heap     ] GC(76) Old regions: 156->156
[2026-07-01T01:56:33.538+0000][38.585s][info][gc,heap     ] GC(76) Humongous regions: 3->3
[2026-07-01T01:56:33.538+0000][38.585s][info][gc,metaspace] GC(76) Metaspace: 41649K(42496K)->41649K(42496K) NonClass: 36518K(36992K)->36518K(36992K) Class: 5130K(5504K)->5130K(5504K)
[2026-07-01T01:56:33.538+0000][38.585s][info][gc          ] GC(76) Pause Young (Prepare Mixed) (G1 Evacuation Pause) 252M->165M(267M) 17.359ms
[2026-07-01T01:56:33.538+0000][38.585s][info][gc,cpu      ] GC(76) User=0.03s Sys=0.00s Real=0.01s
[2026-07-01T01:56:34.134+0000][39.181s][info][gc,start    ] GC(77) Pause Young (Mixed) (G1 Evacuation Pause)
[2026-07-01T01:56:34.134+0000][39.181s][info][gc,task     ] GC(77) Using 2 workers of 2 for evacuation
[2026-07-01T01:56:34.168+0000][39.216s][info][gc,phases   ] GC(77)   Pre Evacuate Collection Set: 0.19ms
[2026-07-01T01:56:34.168+0000][39.216s][info][gc,phases   ] GC(77)   Merge Heap Roots: 0.44ms
[2026-07-01T01:56:34.168+0000][39.216s][info][gc,phases   ] GC(77)   Evacuate Collection Set: 33.06ms
[2026-07-01T01:56:34.168+0000][39.216s][info][gc,phases   ] GC(77)   Post Evacuate Collection Set: 0.64ms
[2026-07-01T01:56:34.168+0000][39.216s][info][gc,phases   ] GC(77)   Other: 0.05ms
[2026-07-01T01:56:34.168+0000][39.216s][info][gc,heap     ] GC(77) Eden regions: 87->0(87)
[2026-07-01T01:56:34.168+0000][39.216s][info][gc,heap     ] GC(77) Survivor regions: 7->7(12)
[2026-07-01T01:56:34.168+0000][39.216s][info][gc,heap     ] GC(77) Old regions: 156->156
[2026-07-01T01:56:34.168+0000][39.216s][info][gc,heap     ] GC(77) Humongous regions: 3->3
[2026-07-01T01:56:34.168+0000][39.216s][info][gc,metaspace] GC(77) Metaspace: 41649K(42496K)->41649K(42496K) NonClass: 36518K(36992K)->36518K(36992K) Class: 5130K(5504K)->5130K(5504K)
[2026-07-01T01:56:34.168+0000][39.216s][info][gc          ] GC(77) Pause Young (Mixed) (G1 Evacuation Pause) 252M->165M(267M) 34.597ms
[2026-07-01T01:56:34.168+0000][39.216s][info][gc,cpu      ] GC(77) User=0.03s Sys=0.00s Real=0.04s
[2026-07-01T01:56:35.021+0000][40.069s][info][gc,start    ] GC(78) Pause Young (Concurrent Start) (G1 Evacuation Pause)
[2026-07-01T01:56:35.022+0000][40.069s][info][gc,task     ] GC(78) Using 2 workers of 2 for evacuation
[2026-07-01T01:56:35.034+0000][40.081s][info][gc,phases   ] GC(78)   Pre Evacuate Collection Set: 0.19ms
[2026-07-01T01:56:35.034+0000][40.081s][info][gc,phases   ] GC(78)   Merge Heap Roots: 0.31ms
[2026-07-01T01:56:35.034+0000][40.081s][info][gc,phases   ] GC(78)   Evacuate Collection Set: 11.08ms
[2026-07-01T01:56:35.034+0000][40.081s][info][gc,phases   ] GC(78)   Post Evacuate Collection Set: 0.33ms
[2026-07-01T01:56:35.034+0000][40.081s][info][gc,phases   ] GC(78)   Other: 0.08ms
[2026-07-01T01:56:35.034+0000][40.081s][info][gc,heap     ] GC(78) Eden regions: 87->0(86)
[2026-07-01T01:56:35.034+0000][40.081s][info][gc,heap     ] GC(78) Survivor regions: 7->7(12)
[2026-07-01T01:56:35.034+0000][40.081s][info][gc,heap     ] GC(78) Old regions: 156->157
[2026-07-01T01:56:35.034+0000][40.081s][info][gc,heap     ] GC(78) Humongous regions: 3->3
[2026-07-01T01:56:35.034+0000][40.081s][info][gc,metaspace] GC(78) Metaspace: 41649K(42496K)->41649K(42496K) NonClass: 36519K(36992K)->36519K(36992K) Class: 5130K(5504K)->5130K(5504K)
[2026-07-01T01:56:35.034+0000][40.081s][info][gc          ] GC(78) Pause Young (Concurrent Start) (G1 Evacuation Pause) 252M->165M(267M) 12.156ms
[2026-07-01T01:56:35.034+0000][40.081s][info][gc          ] GC(79) Concurrent Mark Cycle
[2026-07-01T01:56:35.034+0000][40.081s][info][gc,marking  ] GC(79) Concurrent Scan Root Regions
[2026-07-01T01:56:35.034+0000][40.081s][info][gc,cpu      ] GC(78) User=0.02s Sys=0.00s Real=0.01s
[2026-07-01T01:56:35.053+0000][40.100s][info][gc,marking  ] GC(79) Concurrent Scan Root Regions 18.847ms
[2026-07-01T01:56:35.053+0000][40.100s][info][gc,marking  ] GC(79) Concurrent Mark
[2026-07-01T01:56:35.053+0000][40.100s][info][gc,marking  ] GC(79) Concurrent Mark From Roots
[2026-07-01T01:56:35.053+0000][40.100s][info][gc,task     ] GC(79) Using 1 workers of 1 for marking
[2026-07-01T01:56:35.654+0000][40.702s][info][gc,marking  ] GC(79) Concurrent Mark From Roots 601.418ms
[2026-07-01T01:56:35.654+0000][40.702s][info][gc,marking  ] GC(79) Concurrent Preclean
[2026-07-01T01:56:35.654+0000][40.702s][info][gc,marking  ] GC(79) Concurrent Preclean 0.087ms
[2026-07-01T01:56:35.655+0000][40.703s][info][gc,start    ] GC(79) Pause Remark
[2026-07-01T01:56:35.663+0000][40.711s][info][gc          ] GC(79) Pause Remark 230M->230M(267M) 8.378ms
[2026-07-01T01:56:35.664+0000][40.711s][info][gc,cpu      ] GC(79) User=0.03s Sys=0.00s Real=0.01s
[2026-07-01T01:56:35.667+0000][40.714s][info][gc,marking  ] GC(79) Concurrent Mark 614.226ms
[2026-07-01T01:56:35.667+0000][40.714s][info][gc,marking  ] GC(79) Concurrent Rebuild Remembered Sets and Scrub Regions
[2026-07-01T01:56:35.844+0000][40.892s][info][gc,start    ] GC(80) Pause Young (Normal) (G1 Evacuation Pause)
[2026-07-01T01:56:35.844+0000][40.892s][info][gc,task     ] GC(80) Using 2 workers of 2 for evacuation
[2026-07-01T01:56:35.857+0000][40.905s][info][gc,phases   ] GC(80)   Pre Evacuate Collection Set: 0.15ms
[2026-07-01T01:56:35.857+0000][40.905s][info][gc,phases   ] GC(80)   Merge Heap Roots: 0.30ms
[2026-07-01T01:56:35.857+0000][40.905s][info][gc,phases   ] GC(80)   Evacuate Collection Set: 11.81ms
[2026-07-01T01:56:35.857+0000][40.905s][info][gc,phases   ] GC(80)   Post Evacuate Collection Set: 0.49ms
[2026-07-01T01:56:35.857+0000][40.905s][info][gc,phases   ] GC(80)   Other: 0.05ms
[2026-07-01T01:56:35.857+0000][40.905s][info][gc,heap     ] GC(80) Eden regions: 86->0(86)
[2026-07-01T01:56:35.857+0000][40.905s][info][gc,heap     ] GC(80) Survivor regions: 7->7(12)
[2026-07-01T01:56:35.857+0000][40.905s][info][gc,heap     ] GC(80) Old regions: 157->157
[2026-07-01T01:56:35.857+0000][40.905s][info][gc,heap     ] GC(80) Humongous regions: 3->3
[2026-07-01T01:56:35.857+0000][40.905s][info][gc,metaspace] GC(80) Metaspace: 41650K(42496K)->41650K(42496K) NonClass: 36520K(36992K)->36520K(36992K) Class: 5130K(5504K)->5130K(5504K)
[2026-07-01T01:56:35.857+0000][40.905s][info][gc          ] GC(80) Pause Young (Normal) (G1 Evacuation Pause) 251M->166M(267M) 12.943ms
[2026-07-01T01:56:35.857+0000][40.905s][info][gc,cpu      ] GC(80) User=0.03s Sys=0.00s Real=0.01s
[2026-07-01T01:56:36.013+0000][41.061s][info][gc,marking  ] GC(79) Concurrent Rebuild Remembered Sets and Scrub Regions 346.577ms
[2026-07-01T01:56:36.015+0000][41.063s][info][gc,start    ] GC(79) Pause Cleanup
[2026-07-01T01:56:36.015+0000][41.063s][info][gc          ] GC(79) Pause Cleanup 183M->183M(267M) 0.165ms
[2026-07-01T01:56:36.015+0000][41.063s][info][gc,cpu      ] GC(79) User=0.00s Sys=0.00s Real=0.00s
[2026-07-01T01:56:36.016+0000][41.064s][info][gc,marking  ] GC(79) Concurrent Clear Claimed Marks
[2026-07-01T01:56:36.016+0000][41.064s][info][gc,marking  ] GC(79) Concurrent Clear Claimed Marks 0.139ms
[2026-07-01T01:56:36.016+0000][41.064s][info][gc,marking  ] GC(79) Concurrent Cleanup for Next Mark
[2026-07-01T01:56:36.017+0000][41.065s][info][gc,marking  ] GC(79) Concurrent Cleanup for Next Mark 1.042ms
[2026-07-01T01:56:36.017+0000][41.065s][info][gc          ] GC(79) Concurrent Mark Cycle 983.475ms
[2026-07-01T01:56:36.595+0000][41.642s][info][gc,start    ] GC(81) Pause Young (Prepare Mixed) (G1 Evacuation Pause)
[2026-07-01T01:56:36.595+0000][41.642s][info][gc,task     ] GC(81) Using 2 workers of 2 for evacuation
[2026-07-01T01:56:36.612+0000][41.660s][info][gc,phases   ] GC(81)   Pre Evacuate Collection Set: 0.19ms
[2026-07-01T01:56:36.612+0000][41.660s][info][gc,phases   ] GC(81)   Merge Heap Roots: 0.82ms
[2026-07-01T01:56:36.612+0000][41.660s][info][gc,phases   ] GC(81)   Evacuate Collection Set: 16.20ms
[2026-07-01T01:56:36.612+0000][41.660s][info][gc,phases   ] GC(81)   Post Evacuate Collection Set: 0.46ms
[2026-07-01T01:56:36.612+0000][41.660s][info][gc,phases   ] GC(81)   Other: 0.06ms
[2026-07-01T01:56:36.612+0000][41.660s][info][gc,heap     ] GC(81) Eden regions: 86->0(87)
[2026-07-01T01:56:36.612+0000][41.660s][info][gc,heap     ] GC(81) Survivor regions: 7->6(12)
[2026-07-01T01:56:36.612+0000][41.660s][info][gc,heap     ] GC(81) Old regions: 157->157
[2026-07-01T01:56:36.612+0000][41.660s][info][gc,heap     ] GC(81) Humongous regions: 3->3
[2026-07-01T01:56:36.612+0000][41.660s][info][gc,metaspace] GC(81) Metaspace: 41650K(42496K)->41650K(42496K) NonClass: 36520K(36992K)->36520K(36992K) Class: 5130K(5504K)->5130K(5504K)
[2026-07-01T01:56:36.612+0000][41.660s][info][gc          ] GC(81) Pause Young (Prepare Mixed) (G1 Evacuation Pause) 252M->165M(267M) 17.905ms
[2026-07-01T01:56:36.612+0000][41.660s][info][gc,cpu      ] GC(81) User=0.03s Sys=0.00s Real=0.02s
[2026-07-01T01:56:37.273+0000][42.321s][info][gc,start    ] GC(82) Pause Young (Mixed) (G1 Evacuation Pause)
[2026-07-01T01:56:37.273+0000][42.321s][info][gc,task     ] GC(82) Using 2 workers of 2 for evacuation
[2026-07-01T01:56:37.288+0000][42.335s][info][gc,phases   ] GC(82)   Pre Evacuate Collection Set: 0.17ms
[2026-07-01T01:56:37.288+0000][42.336s][info][gc,phases   ] GC(82)   Merge Heap Roots: 0.32ms
[2026-07-01T01:56:37.288+0000][42.336s][info][gc,phases   ] GC(82)   Evacuate Collection Set: 13.97ms
[2026-07-01T01:56:37.288+0000][42.336s][info][gc,phases   ] GC(82)   Post Evacuate Collection Set: 0.35ms
[2026-07-01T01:56:37.288+0000][42.336s][info][gc,phases   ] GC(82)   Other: 0.06ms
[2026-07-01T01:56:37.288+0000][42.336s][info][gc,heap     ] GC(82) Eden regions: 87->0(86)
[2026-07-01T01:56:37.288+0000][42.336s][info][gc,heap     ] GC(82) Survivor regions: 6->7(12)
[2026-07-01T01:56:37.288+0000][42.336s][info][gc,heap     ] GC(82) Old regions: 157->157
[2026-07-01T01:56:37.288+0000][42.336s][info][gc,heap     ] GC(82) Humongous regions: 3->3
[2026-07-01T01:56:37.288+0000][42.336s][info][gc,metaspace] GC(82) Metaspace: 41650K(42496K)->41650K(42496K) NonClass: 36520K(36992K)->36520K(36992K) Class: 5130K(5504K)->5130K(5504K)
[2026-07-01T01:56:37.288+0000][42.336s][info][gc          ] GC(82) Pause Young (Mixed) (G1 Evacuation Pause) 252M->166M(267M) 15.030ms
[2026-07-01T01:56:37.288+0000][42.336s][info][gc,cpu      ] GC(82) User=0.03s Sys=0.00s Real=0.01s
[2026-07-01T01:56:37.876+0000][42.923s][info][gc,start    ] GC(83) Pause Young (Concurrent Start) (G1 Evacuation Pause)
[2026-07-01T01:56:37.876+0000][42.923s][info][gc,task     ] GC(83) Using 2 workers of 2 for evacuation
[2026-07-01T01:56:37.888+0000][42.936s][info][gc,phases   ] GC(83)   Pre Evacuate Collection Set: 0.49ms
[2026-07-01T01:56:37.889+0000][42.936s][info][gc,phases   ] GC(83)   Merge Heap Roots: 0.30ms
[2026-07-01T01:56:37.889+0000][42.936s][info][gc,phases   ] GC(83)   Evacuate Collection Set: 11.56ms
[2026-07-01T01:56:37.889+0000][42.936s][info][gc,phases   ] GC(83)   Post Evacuate Collection Set: 0.36ms
[2026-07-01T01:56:37.889+0000][42.936s][info][gc,phases   ] GC(83)   Other: 0.07ms
[2026-07-01T01:56:37.889+0000][42.936s][info][gc,heap     ] GC(83) Eden regions: 86->0(85)
[2026-07-01T01:56:37.889+0000][42.936s][info][gc,heap     ] GC(83) Survivor regions: 7->7(12)
[2026-07-01T01:56:37.889+0000][42.936s][info][gc,heap     ] GC(83) Old regions: 157->158
[2026-07-01T01:56:37.889+0000][42.936s][info][gc,heap     ] GC(83) Humongous regions: 3->3
[2026-07-01T01:56:37.889+0000][42.936s][info][gc,metaspace] GC(83) Metaspace: 41652K(42496K)->41652K(42496K) NonClass: 36521K(36992K)->36521K(36992K) Class: 5131K(5504K)->5131K(5504K)
[2026-07-01T01:56:37.889+0000][42.936s][info][gc          ] GC(83) Pause Young (Concurrent Start) (G1 Evacuation Pause) 252M->166M(267M) 12.931ms
[2026-07-01T01:56:37.889+0000][42.936s][info][gc,cpu      ] GC(83) User=0.03s Sys=0.00s Real=0.02s
[2026-07-01T01:56:37.889+0000][42.936s][info][gc          ] GC(84) Concurrent Mark Cycle
[2026-07-01T01:56:37.889+0000][42.936s][info][gc,marking  ] GC(84) Concurrent Scan Root Regions
[2026-07-01T01:56:37.956+0000][43.004s][info][gc,marking  ] GC(84) Concurrent Scan Root Regions 67.707ms
[2026-07-01T01:56:37.956+0000][43.004s][info][gc,marking  ] GC(84) Concurrent Mark
[2026-07-01T01:56:37.956+0000][43.004s][info][gc,marking  ] GC(84) Concurrent Mark From Roots
[2026-07-01T01:56:37.956+0000][43.004s][info][gc,task     ] GC(84) Using 1 workers of 1 for marking
[2026-07-01T01:56:38.610+0000][43.657s][info][gc,marking  ] GC(84) Concurrent Mark From Roots 653.360ms
[2026-07-01T01:56:38.610+0000][43.657s][info][gc,marking  ] GC(84) Concurrent Preclean
[2026-07-01T01:56:38.610+0000][43.658s][info][gc,marking  ] GC(84) Concurrent Preclean 0.074ms
[2026-07-01T01:56:38.610+0000][43.658s][info][gc,start    ] GC(84) Pause Remark
[2026-07-01T01:56:38.618+0000][43.666s][info][gc          ] GC(84) Pause Remark 247M->247M(267M) 8.290ms
[2026-07-01T01:56:38.618+0000][43.666s][info][gc,cpu      ] GC(84) User=0.02s Sys=0.00s Real=0.01s
[2026-07-01T01:56:38.621+0000][43.669s][info][gc,marking  ] GC(84) Concurrent Mark 664.728ms
[2026-07-01T01:56:38.621+0000][43.669s][info][gc,marking  ] GC(84) Concurrent Rebuild Remembered Sets and Scrub Regions
[2026-07-01T01:56:38.707+0000][43.754s][info][gc,start    ] GC(85) Pause Young (Normal) (G1 Evacuation Pause)
[2026-07-01T01:56:38.707+0000][43.754s][info][gc,task     ] GC(85) Using 2 workers of 2 for evacuation
[2026-07-01T01:56:38.734+0000][43.781s][info][gc,phases   ] GC(85)   Pre Evacuate Collection Set: 0.16ms
[2026-07-01T01:56:38.734+0000][43.781s][info][gc,phases   ] GC(85)   Merge Heap Roots: 1.12ms
[2026-07-01T01:56:38.734+0000][43.781s][info][gc,phases   ] GC(85)   Evacuate Collection Set: 25.00ms
[2026-07-01T01:56:38.734+0000][43.781s][info][gc,phases   ] GC(85)   Post Evacuate Collection Set: 0.56ms
[2026-07-01T01:56:38.734+0000][43.781s][info][gc,phases   ] GC(85)   Other: 0.07ms
[2026-07-01T01:56:38.734+0000][43.781s][info][gc,heap     ] GC(85) Eden regions: 85->0(85)
[2026-07-01T01:56:38.734+0000][43.781s][info][gc,heap     ] GC(85) Survivor regions: 7->7(12)
[2026-07-01T01:56:38.734+0000][43.781s][info][gc,heap     ] GC(85) Old regions: 158->158
[2026-07-01T01:56:38.734+0000][43.781s][info][gc,heap     ] GC(85) Humongous regions: 3->3
[2026-07-01T01:56:38.734+0000][43.781s][info][gc,metaspace] GC(85) Metaspace: 41652K(42496K)->41652K(42496K) NonClass: 36521K(36992K)->36521K(36992K) Class: 5131K(5504K)->5131K(5504K)
[2026-07-01T01:56:38.734+0000][43.781s][info][gc          ] GC(85) Pause Young (Normal) (G1 Evacuation Pause) 251M->167M(267M) 27.108ms
[2026-07-01T01:56:38.734+0000][43.781s][info][gc,cpu      ] GC(85) User=0.04s Sys=0.00s Real=0.03s
[2026-07-01T01:56:38.858+0000][43.905s][info][gc,marking  ] GC(84) Concurrent Rebuild Remembered Sets and Scrub Regions 236.481ms
[2026-07-01T01:56:38.858+0000][43.905s][info][gc,start    ] GC(84) Pause Cleanup
[2026-07-01T01:56:38.860+0000][43.908s][info][gc          ] GC(84) Pause Cleanup 179M->179M(267M) 2.367ms
[2026-07-01T01:56:38.860+0000][43.908s][info][gc,cpu      ] GC(84) User=0.00s Sys=0.00s Real=0.01s
[2026-07-01T01:56:38.860+0000][43.908s][info][gc,marking  ] GC(84) Concurrent Clear Claimed Marks
[2026-07-01T01:56:38.860+0000][43.908s][info][gc,marking  ] GC(84) Concurrent Clear Claimed Marks 0.096ms
[2026-07-01T01:56:38.860+0000][43.908s][info][gc,marking  ] GC(84) Concurrent Cleanup for Next Mark
[2026-07-01T01:56:38.861+0000][43.908s][info][gc,marking  ] GC(84) Concurrent Cleanup for Next Mark 0.508ms
[2026-07-01T01:56:38.861+0000][43.908s][info][gc          ] GC(84) Concurrent Mark Cycle 972.249ms
[2026-07-01T01:56:39.681+0000][44.728s][info][gc,start    ] GC(86) Pause Young (Prepare Mixed) (G1 Evacuation Pause)
[2026-07-01T01:56:39.681+0000][44.728s][info][gc,task     ] GC(86) Using 2 workers of 2 for evacuation
[2026-07-01T01:56:39.701+0000][44.749s][info][gc,phases   ] GC(86)   Pre Evacuate Collection Set: 0.16ms
[2026-07-01T01:56:39.701+0000][44.749s][info][gc,phases   ] GC(86)   Merge Heap Roots: 0.76ms
[2026-07-01T01:56:39.701+0000][44.749s][info][gc,phases   ] GC(86)   Evacuate Collection Set: 19.07ms
[2026-07-01T01:56:39.701+0000][44.749s][info][gc,phases   ] GC(86)   Post Evacuate Collection Set: 0.47ms
[2026-07-01T01:56:39.701+0000][44.749s][info][gc,phases   ] GC(86)   Other: 0.05ms
[2026-07-01T01:56:39.701+0000][44.749s][info][gc,heap     ] GC(86) Eden regions: 85->0(85)
[2026-07-01T01:56:39.701+0000][44.749s][info][gc,heap     ] GC(86) Survivor regions: 7->7(12)
[2026-07-01T01:56:39.701+0000][44.749s][info][gc,heap     ] GC(86) Old regions: 158->158
[2026-07-01T01:56:39.701+0000][44.749s][info][gc,heap     ] GC(86) Humongous regions: 3->3
[2026-07-01T01:56:39.701+0000][44.749s][info][gc,metaspace] GC(86) Metaspace: 41652K(42496K)->41652K(42496K) NonClass: 36521K(36992K)->36521K(36992K) Class: 5131K(5504K)->5131K(5504K)
[2026-07-01T01:56:39.701+0000][44.749s][info][gc          ] GC(86) Pause Young (Prepare Mixed) (G1 Evacuation Pause) 252M->167M(267M) 20.715ms
[2026-07-01T01:56:39.701+0000][44.749s][info][gc,cpu      ] GC(86) User=0.03s Sys=0.00s Real=0.02s
[2026-07-01T01:56:40.235+0000][45.282s][info][gc,start    ] GC(87) Pause Young (Mixed) (G1 Evacuation Pause)
[2026-07-01T01:56:40.235+0000][45.282s][info][gc,task     ] GC(87) Using 2 workers of 2 for evacuation
[2026-07-01T01:56:40.248+0000][45.296s][info][gc,phases   ] GC(87)   Pre Evacuate Collection Set: 0.29ms
[2026-07-01T01:56:40.248+0000][45.296s][info][gc,phases   ] GC(87)   Merge Heap Roots: 0.43ms
[2026-07-01T01:56:40.248+0000][45.296s][info][gc,phases   ] GC(87)   Evacuate Collection Set: 12.10ms
[2026-07-01T01:56:40.248+0000][45.296s][info][gc,phases   ] GC(87)   Post Evacuate Collection Set: 0.40ms
[2026-07-01T01:56:40.248+0000][45.296s][info][gc,phases   ] GC(87)   Other: 0.08ms
[2026-07-01T01:56:40.248+0000][45.296s][info][gc,heap     ] GC(87) Eden regions: 85->0(84)
[2026-07-01T01:56:40.248+0000][45.296s][info][gc,heap     ] GC(87) Survivor regions: 7->7(12)
[2026-07-01T01:56:40.248+0000][45.296s][info][gc,heap     ] GC(87) Old regions: 158->159
[2026-07-01T01:56:40.248+0000][45.296s][info][gc,heap     ] GC(87) Humongous regions: 3->3
[2026-07-01T01:56:40.248+0000][45.296s][info][gc,metaspace] GC(87) Metaspace: 41657K(42496K)->41657K(42496K) NonClass: 36526K(36992K)->36526K(36992K) Class: 5131K(5504K)->5131K(5504K)
[2026-07-01T01:56:40.248+0000][45.296s][info][gc          ] GC(87) Pause Young (Mixed) (G1 Evacuation Pause) 252M->167M(267M) 13.564ms
[2026-07-01T01:56:40.248+0000][45.296s][info][gc,cpu      ] GC(87) User=0.03s Sys=0.00s Real=0.02s
[2026-07-01T01:56:40.763+0000][45.811s][info][gc,start    ] GC(88) Pause Young (Concurrent Start) (G1 Evacuation Pause)
[2026-07-01T01:56:40.763+0000][45.811s][info][gc,task     ] GC(88) Using 2 workers of 2 for evacuation
[2026-07-01T01:56:40.776+0000][45.824s][info][gc,phases   ] GC(88)   Pre Evacuate Collection Set: 0.18ms
[2026-07-01T01:56:40.776+0000][45.824s][info][gc,phases   ] GC(88)   Merge Heap Roots: 0.28ms
[2026-07-01T01:56:40.776+0000][45.824s][info][gc,phases   ] GC(88)   Evacuate Collection Set: 11.74ms
[2026-07-01T01:56:40.776+0000][45.824s][info][gc,phases   ] GC(88)   Post Evacuate Collection Set: 0.41ms
[2026-07-01T01:56:40.776+0000][45.824s][info][gc,phases   ] GC(88)   Other: 0.08ms
[2026-07-01T01:56:40.776+0000][45.824s][info][gc,heap     ] GC(88) Eden regions: 84->0(84)
[2026-07-01T01:56:40.776+0000][45.824s][info][gc,heap     ] GC(88) Survivor regions: 7->7(12)
[2026-07-01T01:56:40.776+0000][45.824s][info][gc,heap     ] GC(88) Old regions: 159->159
[2026-07-01T01:56:40.776+0000][45.824s][info][gc,heap     ] GC(88) Humongous regions: 3->3
[2026-07-01T01:56:40.776+0000][45.824s][info][gc,metaspace] GC(88) Metaspace: 41659K(42496K)->41659K(42496K) NonClass: 36527K(36992K)->36527K(36992K) Class: 5131K(5504K)->5131K(5504K)
[2026-07-01T01:56:40.776+0000][45.824s][info][gc          ] GC(88) Pause Young (Concurrent Start) (G1 Evacuation Pause) 251M->167M(267M) 12.832ms
[2026-07-01T01:56:40.776+0000][45.824s][info][gc,cpu      ] GC(88) User=0.02s Sys=0.00s Real=0.01s
[2026-07-01T01:56:40.777+0000][45.825s][info][gc          ] GC(89) Concurrent Mark Cycle
[2026-07-01T01:56:40.777+0000][45.825s][info][gc,marking  ] GC(89) Concurrent Scan Root Regions
[2026-07-01T01:56:40.789+0000][45.837s][info][gc,marking  ] GC(89) Concurrent Scan Root Regions 12.112ms
[2026-07-01T01:56:40.789+0000][45.837s][info][gc,marking  ] GC(89) Concurrent Mark
[2026-07-01T01:56:40.789+0000][45.837s][info][gc,marking  ] GC(89) Concurrent Mark From Roots
[2026-07-01T01:56:40.789+0000][45.837s][info][gc,task     ] GC(89) Using 1 workers of 1 for marking
[2026-07-01T01:56:41.352+0000][46.399s][info][gc,marking  ] GC(89) Concurrent Mark From Roots 562.531ms
[2026-07-01T01:56:41.352+0000][46.399s][info][gc,marking  ] GC(89) Concurrent Preclean
[2026-07-01T01:56:41.352+0000][46.400s][info][gc,marking  ] GC(89) Concurrent Preclean 0.066ms
[2026-07-01T01:56:41.352+0000][46.400s][info][gc,start    ] GC(89) Pause Remark
[2026-07-01T01:56:41.359+0000][46.407s][info][gc          ] GC(89) Pause Remark 244M->244M(267M) 7.080ms
[2026-07-01T01:56:41.359+0000][46.407s][info][gc,cpu      ] GC(89) User=0.01s Sys=0.00s Real=0.01s
[2026-07-01T01:56:41.363+0000][46.411s][info][gc,marking  ] GC(89) Concurrent Mark 573.892ms
[2026-07-01T01:56:41.363+0000][46.411s][info][gc,marking  ] GC(89) Concurrent Rebuild Remembered Sets and Scrub Regions
[2026-07-01T01:56:41.404+0000][46.451s][info][gc,start    ] GC(90) Pause Young (Normal) (G1 Evacuation Pause)
[2026-07-01T01:56:41.404+0000][46.451s][info][gc,task     ] GC(90) Using 2 workers of 2 for evacuation
[2026-07-01T01:56:41.416+0000][46.464s][info][gc,phases   ] GC(90)   Pre Evacuate Collection Set: 0.19ms
[2026-07-01T01:56:41.416+0000][46.464s][info][gc,phases   ] GC(90)   Merge Heap Roots: 0.30ms
[2026-07-01T01:56:41.416+0000][46.464s][info][gc,phases   ] GC(90)   Evacuate Collection Set: 11.56ms
[2026-07-01T01:56:41.416+0000][46.464s][info][gc,phases   ] GC(90)   Post Evacuate Collection Set: 0.48ms
[2026-07-01T01:56:41.416+0000][46.464s][info][gc,phases   ] GC(90)   Other: 0.07ms
[2026-07-01T01:56:41.416+0000][46.464s][info][gc,heap     ] GC(90) Eden regions: 84->0(84)
[2026-07-01T01:56:41.416+0000][46.464s][info][gc,heap     ] GC(90) Survivor regions: 7->7(12)
[2026-07-01T01:56:41.416+0000][46.464s][info][gc,heap     ] GC(90) Old regions: 159->159
[2026-07-01T01:56:41.416+0000][46.464s][info][gc,heap     ] GC(90) Humongous regions: 3->3
[2026-07-01T01:56:41.416+0000][46.464s][info][gc,metaspace] GC(90) Metaspace: 41668K(42496K)->41668K(42496K) NonClass: 36535K(36992K)->36535K(36992K) Class: 5132K(5504K)->5132K(5504K)
[2026-07-01T01:56:41.417+0000][46.464s][info][gc          ] GC(90) Pause Young (Normal) (G1 Evacuation Pause) 251M->168M(267M) 12.753ms
[2026-07-01T01:56:41.417+0000][46.464s][info][gc,cpu      ] GC(90) User=0.02s Sys=0.00s Real=0.01s
[2026-07-01T01:56:41.678+0000][46.726s][info][gc,marking  ] GC(89) Concurrent Rebuild Remembered Sets and Scrub Regions 314.710ms
[2026-07-01T01:56:41.678+0000][46.726s][info][gc,start    ] GC(89) Pause Cleanup
[2026-07-01T01:56:41.678+0000][46.726s][info][gc          ] GC(89) Pause Cleanup 204M->204M(267M) 0.397ms
[2026-07-01T01:56:41.678+0000][46.726s][info][gc,cpu      ] GC(89) User=0.00s Sys=0.00s Real=0.01s
[2026-07-01T01:56:41.679+0000][46.726s][info][gc,marking  ] GC(89) Concurrent Clear Claimed Marks
[2026-07-01T01:56:41.679+0000][46.726s][info][gc,marking  ] GC(89) Concurrent Clear Claimed Marks 0.095ms
[2026-07-01T01:56:41.679+0000][46.727s][info][gc,marking  ] GC(89) Concurrent Cleanup for Next Mark
[2026-07-01T01:56:41.680+0000][46.727s][info][gc,marking  ] GC(89) Concurrent Cleanup for Next Mark 0.853ms
[2026-07-01T01:56:41.680+0000][46.727s][info][gc          ] GC(89) Concurrent Mark Cycle 902.681ms
[2026-07-01T01:56:42.089+0000][47.136s][info][gc,start    ] GC(91) Pause Young (Prepare Mixed) (G1 Evacuation Pause)
[2026-07-01T01:56:42.089+0000][47.136s][info][gc,task     ] GC(91) Using 2 workers of 2 for evacuation
[2026-07-01T01:56:42.124+0000][47.172s][info][gc,phases   ] GC(91)   Pre Evacuate Collection Set: 0.22ms
[2026-07-01T01:56:42.124+0000][47.172s][info][gc,phases   ] GC(91)   Merge Heap Roots: 1.02ms
[2026-07-01T01:56:42.124+0000][47.172s][info][gc,phases   ] GC(91)   Evacuate Collection Set: 33.07ms
[2026-07-01T01:56:42.124+0000][47.172s][info][gc,phases   ] GC(91)   Post Evacuate Collection Set: 0.71ms
[2026-07-01T01:56:42.124+0000][47.172s][info][gc,phases   ] GC(91)   Other: 0.05ms
[2026-07-01T01:56:42.124+0000][47.172s][info][gc,heap     ] GC(91) Eden regions: 84->0(84)
[2026-07-01T01:56:42.124+0000][47.172s][info][gc,heap     ] GC(91) Survivor regions: 7->7(12)
[2026-07-01T01:56:42.124+0000][47.172s][info][gc,heap     ] GC(91) Old regions: 159->159
[2026-07-01T01:56:42.124+0000][47.172s][info][gc,heap     ] GC(91) Humongous regions: 3->3
[2026-07-01T01:56:42.124+0000][47.172s][info][gc,metaspace] GC(91) Metaspace: 41668K(42496K)->41668K(42496K) NonClass: 36535K(36992K)->36535K(36992K) Class: 5132K(5504K)->5132K(5504K)
[2026-07-01T01:56:42.124+0000][47.172s][info][gc          ] GC(91) Pause Young (Prepare Mixed) (G1 Evacuation Pause) 252M->168M(267M) 35.284ms
[2026-07-01T01:56:42.124+0000][47.172s][info][gc,cpu      ] GC(91) User=0.04s Sys=0.00s Real=0.03s
[2026-07-01T01:56:42.761+0000][47.809s][info][gc,start    ] GC(92) Pause Young (Mixed) (G1 Evacuation Pause)
[2026-07-01T01:56:42.761+0000][47.809s][info][gc,task     ] GC(92) Using 2 workers of 2 for evacuation
[2026-07-01T01:56:42.796+0000][47.844s][info][gc,phases   ] GC(92)   Pre Evacuate Collection Set: 0.19ms
[2026-07-01T01:56:42.796+0000][47.844s][info][gc,phases   ] GC(92)   Merge Heap Roots: 0.48ms
[2026-07-01T01:56:42.796+0000][47.844s][info][gc,phases   ] GC(92)   Evacuate Collection Set: 33.78ms
[2026-07-01T01:56:42.796+0000][47.844s][info][gc,phases   ] GC(92)   Post Evacuate Collection Set: 0.72ms
[2026-07-01T01:56:42.796+0000][47.844s][info][gc,phases   ] GC(92)   Other: 0.06ms
[2026-07-01T01:56:42.796+0000][47.844s][info][gc,heap     ] GC(92) Eden regions: 84->0(83)
[2026-07-01T01:56:42.796+0000][47.844s][info][gc,heap     ] GC(92) Survivor regions: 7->7(12)
[2026-07-01T01:56:42.796+0000][47.844s][info][gc,heap     ] GC(92) Old regions: 159->160
[2026-07-01T01:56:42.796+0000][47.844s][info][gc,heap     ] GC(92) Humongous regions: 3->3
[2026-07-01T01:56:42.796+0000][47.844s][info][gc,metaspace] GC(92) Metaspace: 41669K(42496K)->41669K(42496K) NonClass: 36536K(36992K)->36536K(36992K) Class: 5132K(5504K)->5132K(5504K)
[2026-07-01T01:56:42.797+0000][47.844s][info][gc          ] GC(92) Pause Young (Mixed) (G1 Evacuation Pause) 252M->168M(267M) 35.456ms
[2026-07-01T01:56:42.797+0000][47.844s][info][gc,cpu      ] GC(92) User=0.03s Sys=0.00s Real=0.03s
[2026-07-01T01:56:43.285+0000][48.332s][info][gc,start    ] GC(93) Pause Young (Concurrent Start) (G1 Evacuation Pause)
[2026-07-01T01:56:43.285+0000][48.332s][info][gc,task     ] GC(93) Using 2 workers of 2 for evacuation
[2026-07-01T01:56:43.301+0000][48.349s][info][gc,phases   ] GC(93)   Pre Evacuate Collection Set: 0.28ms
[2026-07-01T01:56:43.301+0000][48.349s][info][gc,phases   ] GC(93)   Merge Heap Roots: 0.61ms
[2026-07-01T01:56:43.302+0000][48.349s][info][gc,phases   ] GC(93)   Evacuate Collection Set: 15.23ms
[2026-07-01T01:56:43.302+0000][48.349s][info][gc,phases   ] GC(93)   Post Evacuate Collection Set: 0.48ms
[2026-07-01T01:56:43.302+0000][48.349s][info][gc,phases   ] GC(93)   Other: 0.07ms
[2026-07-01T01:56:43.302+0000][48.349s][info][gc,heap     ] GC(93) Eden regions: 83->0(83)
[2026-07-01T01:56:43.302+0000][48.349s][info][gc,heap     ] GC(93) Survivor regions: 7->7(12)
[2026-07-01T01:56:43.302+0000][48.349s][info][gc,heap     ] GC(93) Old regions: 160->160
[2026-07-01T01:56:43.302+0000][48.349s][info][gc,heap     ] GC(93) Humongous regions: 3->3
[2026-07-01T01:56:43.302+0000][48.349s][info][gc,metaspace] GC(93) Metaspace: 41669K(42496K)->41669K(42496K) NonClass: 36536K(36992K)->36536K(36992K) Class: 5132K(5504K)->5132K(5504K)
[2026-07-01T01:56:43.302+0000][48.349s][info][gc          ] GC(93) Pause Young (Concurrent Start) (G1 Evacuation Pause) 251M->168M(267M) 16.811ms
[2026-07-01T01:56:43.302+0000][48.349s][info][gc          ] GC(94) Concurrent Mark Cycle
[2026-07-01T01:56:43.302+0000][48.349s][info][gc,marking  ] GC(94) Concurrent Scan Root Regions
[2026-07-01T01:56:43.302+0000][48.349s][info][gc,cpu      ] GC(93) User=0.03s Sys=0.00s Real=0.02s
[2026-07-01T01:56:43.319+0000][48.367s][info][gc,marking  ] GC(94) Concurrent Scan Root Regions 17.588ms
[2026-07-01T01:56:43.319+0000][48.367s][info][gc,marking  ] GC(94) Concurrent Mark
[2026-07-01T01:56:43.319+0000][48.367s][info][gc,marking  ] GC(94) Concurrent Mark From Roots
[2026-07-01T01:56:43.319+0000][48.367s][info][gc,task     ] GC(94) Using 1 workers of 1 for marking
[2026-07-01T01:56:43.685+0000][48.732s][info][gc,marking  ] GC(94) Concurrent Mark From Roots 365.419ms
[2026-07-01T01:56:43.685+0000][48.732s][info][gc,marking  ] GC(94) Concurrent Preclean
[2026-07-01T01:56:43.685+0000][48.732s][info][gc,marking  ] GC(94) Concurrent Preclean 0.070ms
[2026-07-01T01:56:43.685+0000][48.733s][info][gc,start    ] GC(94) Pause Remark
[2026-07-01T01:56:43.693+0000][48.740s][info][gc          ] GC(94) Pause Remark 225M->225M(267M) 7.214ms
[2026-07-01T01:56:43.693+0000][48.740s][info][gc,cpu      ] GC(94) User=0.01s Sys=0.00s Real=0.01s
[2026-07-01T01:56:43.702+0000][48.750s][info][gc,marking  ] GC(94) Concurrent Mark 382.612ms
[2026-07-01T01:56:43.702+0000][48.750s][info][gc,marking  ] GC(94) Concurrent Rebuild Remembered Sets and Scrub Regions
[2026-07-01T01:56:43.853+0000][48.901s][info][gc,start    ] GC(95) Pause Young (Normal) (G1 Evacuation Pause)
[2026-07-01T01:56:43.853+0000][48.901s][info][gc,task     ] GC(95) Using 2 workers of 2 for evacuation
[2026-07-01T01:56:43.871+0000][48.918s][info][gc,phases   ] GC(95)   Pre Evacuate Collection Set: 0.16ms
[2026-07-01T01:56:43.871+0000][48.918s][info][gc,phases   ] GC(95)   Merge Heap Roots: 0.35ms
[2026-07-01T01:56:43.871+0000][48.918s][info][gc,phases   ] GC(95)   Evacuate Collection Set: 15.90ms
[2026-07-01T01:56:43.871+0000][48.918s][info][gc,phases   ] GC(95)   Post Evacuate Collection Set: 1.00ms
[2026-07-01T01:56:43.871+0000][48.918s][info][gc,phases   ] GC(95)   Other: 0.08ms
[2026-07-01T01:56:43.871+0000][48.918s][info][gc,heap     ] GC(95) Eden regions: 83->0(83)
[2026-07-01T01:56:43.871+0000][48.918s][info][gc,heap     ] GC(95) Survivor regions: 7->7(12)
[2026-07-01T01:56:43.871+0000][48.918s][info][gc,heap     ] GC(95) Old regions: 160->160
[2026-07-01T01:56:43.871+0000][48.918s][info][gc,heap     ] GC(95) Humongous regions: 3->3
[2026-07-01T01:56:43.871+0000][48.918s][info][gc,metaspace] GC(95) Metaspace: 41669K(42496K)->41669K(42496K) NonClass: 36536K(36992K)->36536K(36992K) Class: 5132K(5504K)->5132K(5504K)
[2026-07-01T01:56:43.871+0000][48.918s][info][gc          ] GC(95) Pause Young (Normal) (G1 Evacuation Pause) 251M->169M(267M) 17.652ms
[2026-07-01T01:56:43.871+0000][48.918s][info][gc,cpu      ] GC(95) User=0.03s Sys=0.00s Real=0.02s
[2026-07-01T01:56:43.963+0000][49.011s][info][gc,marking  ] GC(94) Concurrent Rebuild Remembered Sets and Scrub Regions 261.531ms
[2026-07-01T01:56:43.964+0000][49.011s][info][gc,start    ] GC(94) Pause Cleanup
[2026-07-01T01:56:43.964+0000][49.011s][info][gc          ] GC(94) Pause Cleanup 186M->186M(267M) 0.150ms
[2026-07-01T01:56:43.964+0000][49.011s][info][gc,cpu      ] GC(94) User=0.00s Sys=0.00s Real=0.00s
[2026-07-01T01:56:43.964+0000][49.012s][info][gc,marking  ] GC(94) Concurrent Clear Claimed Marks
[2026-07-01T01:56:43.964+0000][49.012s][info][gc,marking  ] GC(94) Concurrent Clear Claimed Marks 0.088ms
[2026-07-01T01:56:43.964+0000][49.012s][info][gc,marking  ] GC(94) Concurrent Cleanup for Next Mark
[2026-07-01T01:56:43.964+0000][49.012s][info][gc,marking  ] GC(94) Concurrent Cleanup for Next Mark 0.478ms
[2026-07-01T01:56:43.965+0000][49.012s][info][gc          ] GC(94) Concurrent Mark Cycle 662.931ms
[2026-07-01T01:56:44.281+0000][49.328s][info][gc,start    ] GC(96) Pause Young (Prepare Mixed) (G1 Evacuation Pause)
[2026-07-01T01:56:44.281+0000][49.328s][info][gc,task     ] GC(96) Using 2 workers of 2 for evacuation
[2026-07-01T01:56:44.299+0000][49.347s][info][gc,phases   ] GC(96)   Pre Evacuate Collection Set: 0.18ms
[2026-07-01T01:56:44.299+0000][49.347s][info][gc,phases   ] GC(96)   Merge Heap Roots: 0.44ms
[2026-07-01T01:56:44.299+0000][49.347s][info][gc,phases   ] GC(96)   Evacuate Collection Set: 16.95ms
[2026-07-01T01:56:44.299+0000][49.347s][info][gc,phases   ] GC(96)   Post Evacuate Collection Set: 0.51ms
[2026-07-01T01:56:44.299+0000][49.347s][info][gc,phases   ] GC(96)   Other: 0.07ms
[2026-07-01T01:56:44.299+0000][49.347s][info][gc,heap     ] GC(96) Eden regions: 83->0(83)
[2026-07-01T01:56:44.299+0000][49.347s][info][gc,heap     ] GC(96) Survivor regions: 7->7(12)
[2026-07-01T01:56:44.299+0000][49.347s][info][gc,heap     ] GC(96) Old regions: 160->160
[2026-07-01T01:56:44.299+0000][49.347s][info][gc,heap     ] GC(96) Humongous regions: 3->3
[2026-07-01T01:56:44.299+0000][49.347s][info][gc,metaspace] GC(96) Metaspace: 41669K(42496K)->41669K(42496K) NonClass: 36536K(36992K)->36536K(36992K) Class: 5132K(5504K)->5132K(5504K)
[2026-07-01T01:56:44.299+0000][49.347s][info][gc          ] GC(96) Pause Young (Prepare Mixed) (G1 Evacuation Pause) 252M->169M(267M) 18.321ms
[2026-07-01T01:56:44.299+0000][49.347s][info][gc,cpu      ] GC(96) User=0.03s Sys=0.00s Real=0.02s
[2026-07-01T01:56:44.687+0000][49.735s][info][gc,start    ] GC(97) Pause Young (Mixed) (G1 Evacuation Pause)
[2026-07-01T01:56:44.687+0000][49.735s][info][gc,task     ] GC(97) Using 2 workers of 2 for evacuation
[2026-07-01T01:56:44.706+0000][49.754s][info][gc,phases   ] GC(97)   Pre Evacuate Collection Set: 0.13ms
[2026-07-01T01:56:44.706+0000][49.754s][info][gc,phases   ] GC(97)   Merge Heap Roots: 0.27ms
[2026-07-01T01:56:44.706+0000][49.754s][info][gc,phases   ] GC(97)   Evacuate Collection Set: 18.17ms
[2026-07-01T01:56:44.706+0000][49.754s][info][gc,phases   ] GC(97)   Post Evacuate Collection Set: 0.51ms
[2026-07-01T01:56:44.706+0000][49.754s][info][gc,phases   ] GC(97)   Other: 0.05ms
[2026-07-01T01:56:44.706+0000][49.754s][info][gc,heap     ] GC(97) Eden regions: 83->0(83)
[2026-07-01T01:56:44.706+0000][49.754s][info][gc,heap     ] GC(97) Survivor regions: 7->6(12)
[2026-07-01T01:56:44.706+0000][49.754s][info][gc,heap     ] GC(97) Old regions: 160->161
[2026-07-01T01:56:44.706+0000][49.754s][info][gc,heap     ] GC(97) Humongous regions: 3->3
[2026-07-01T01:56:44.706+0000][49.754s][info][gc,metaspace] GC(97) Metaspace: 41669K(42496K)->41669K(42496K) NonClass: 36536K(36992K)->36536K(36992K) Class: 5132K(5504K)->5132K(5504K)
[2026-07-01T01:56:44.706+0000][49.754s][info][gc          ] GC(97) Pause Young (Mixed) (G1 Evacuation Pause) 252M->169M(267M) 19.290ms
[2026-07-01T01:56:44.706+0000][49.754s][info][gc,cpu      ] GC(97) User=0.04s Sys=0.00s Real=0.02s
[2026-07-01T01:56:45.093+0000][50.141s][info][gc,start    ] GC(98) Pause Young (Concurrent Start) (G1 Evacuation Pause)
[2026-07-01T01:56:45.093+0000][50.141s][info][gc,task     ] GC(98) Using 2 workers of 2 for evacuation
[2026-07-01T01:56:45.110+0000][50.157s][info][gc,phases   ] GC(98)   Pre Evacuate Collection Set: 0.16ms
[2026-07-01T01:56:45.110+0000][50.157s][info][gc,phases   ] GC(98)   Merge Heap Roots: 0.26ms
[2026-07-01T01:56:45.110+0000][50.157s][info][gc,phases   ] GC(98)   Evacuate Collection Set: 15.61ms
[2026-07-01T01:56:45.110+0000][50.157s][info][gc,phases   ] GC(98)   Post Evacuate Collection Set: 0.43ms
[2026-07-01T01:56:45.110+0000][50.157s][info][gc,phases   ] GC(98)   Other: 0.10ms
[2026-07-01T01:56:45.110+0000][50.157s][info][gc,heap     ] GC(98) Eden regions: 83->0(82)
[2026-07-01T01:56:45.110+0000][50.157s][info][gc,heap     ] GC(98) Survivor regions: 6->7(12)
[2026-07-01T01:56:45.110+0000][50.157s][info][gc,heap     ] GC(98) Old regions: 161->161
[2026-07-01T01:56:45.110+0000][50.157s][info][gc,heap     ] GC(98) Humongous regions: 3->3
[2026-07-01T01:56:45.110+0000][50.158s][info][gc,metaspace] GC(98) Metaspace: 41669K(42496K)->41669K(42496K) NonClass: 36537K(36992K)->36537K(36992K) Class: 5132K(5504K)->5132K(5504K)
[2026-07-01T01:56:45.110+0000][50.158s][info][gc          ] GC(98) Pause Young (Concurrent Start) (G1 Evacuation Pause) 252M->169M(267M) 16.755ms
[2026-07-01T01:56:45.110+0000][50.158s][info][gc          ] GC(99) Concurrent Mark Cycle
[2026-07-01T01:56:45.110+0000][50.158s][info][gc,cpu      ] GC(98) User=0.04s Sys=0.00s Real=0.02s
[2026-07-01T01:56:45.110+0000][50.158s][info][gc,marking  ] GC(99) Concurrent Scan Root Regions
[2026-07-01T01:56:45.123+0000][50.171s][info][gc,marking  ] GC(99) Concurrent Scan Root Regions 13.429ms
[2026-07-01T01:56:45.123+0000][50.171s][info][gc,marking  ] GC(99) Concurrent Mark
[2026-07-01T01:56:45.123+0000][50.171s][info][gc,marking  ] GC(99) Concurrent Mark From Roots
[2026-07-01T01:56:45.123+0000][50.171s][info][gc,task     ] GC(99) Using 1 workers of 1 for marking
[2026-07-01T01:56:45.491+0000][50.539s][info][gc,marking  ] GC(99) Concurrent Mark From Roots 367.482ms
[2026-07-01T01:56:45.491+0000][50.539s][info][gc,marking  ] GC(99) Concurrent Preclean
[2026-07-01T01:56:45.491+0000][50.539s][info][gc,marking  ] GC(99) Concurrent Preclean 0.078ms
[2026-07-01T01:56:45.491+0000][50.539s][info][gc,start    ] GC(99) Pause Remark
[2026-07-01T01:56:45.501+0000][50.548s][info][gc          ] GC(99) Pause Remark 205M->205M(267M) 9.512ms
[2026-07-01T01:56:45.501+0000][50.548s][info][gc,cpu      ] GC(99) User=0.01s Sys=0.00s Real=0.01s
[2026-07-01T01:56:45.502+0000][50.549s][info][gc,marking  ] GC(99) Concurrent Mark 378.246ms
[2026-07-01T01:56:45.502+0000][50.549s][info][gc,marking  ] GC(99) Concurrent Rebuild Remembered Sets and Scrub Regions
[2026-07-01T01:56:45.646+0000][50.694s][info][gc,marking  ] GC(99) Concurrent Rebuild Remembered Sets and Scrub Regions 144.627ms
[2026-07-01T01:56:45.646+0000][50.694s][info][gc,start    ] GC(99) Pause Cleanup
[2026-07-01T01:56:45.647+0000][50.694s][info][gc          ] GC(99) Pause Cleanup 220M->220M(267M) 0.132ms
[2026-07-01T01:56:45.647+0000][50.694s][info][gc,cpu      ] GC(99) User=0.00s Sys=0.00s Real=0.00s
[2026-07-01T01:56:45.647+0000][50.694s][info][gc,marking  ] GC(99) Concurrent Clear Claimed Marks
[2026-07-01T01:56:45.647+0000][50.694s][info][gc,marking  ] GC(99) Concurrent Clear Claimed Marks 0.075ms
[2026-07-01T01:56:45.647+0000][50.694s][info][gc,marking  ] GC(99) Concurrent Cleanup for Next Mark
[2026-07-01T01:56:45.647+0000][50.695s][info][gc,marking  ] GC(99) Concurrent Cleanup for Next Mark 0.458ms
[2026-07-01T01:56:45.647+0000][50.695s][info][gc          ] GC(99) Concurrent Mark Cycle 537.266ms
[2026-07-01T01:56:45.896+0000][50.944s][info][gc,start    ] GC(100) Pause Young (Prepare Mixed) (G1 Evacuation Pause)
[2026-07-01T01:56:45.897+0000][50.944s][info][gc,task     ] GC(100) Using 2 workers of 2 for evacuation
[2026-07-01T01:56:45.912+0000][50.960s][info][gc,phases   ] GC(100)   Pre Evacuate Collection Set: 0.14ms
[2026-07-01T01:56:45.912+0000][50.960s][info][gc,phases   ] GC(100)   Merge Heap Roots: 0.40ms
[2026-07-01T01:56:45.912+0000][50.960s][info][gc,phases   ] GC(100)   Evacuate Collection Set: 14.74ms
[2026-07-01T01:56:45.912+0000][50.960s][info][gc,phases   ] GC(100)   Post Evacuate Collection Set: 0.47ms
[2026-07-01T01:56:45.912+0000][50.960s][info][gc,phases   ] GC(100)   Other: 0.07ms
[2026-07-01T01:56:45.912+0000][50.960s][info][gc,heap     ] GC(100) Eden regions: 82->0(83)
[2026-07-01T01:56:45.912+0000][50.960s][info][gc,heap     ] GC(100) Survivor regions: 7->6(12)
[2026-07-01T01:56:45.912+0000][50.960s][info][gc,heap     ] GC(100) Old regions: 161->161
[2026-07-01T01:56:45.912+0000][50.960s][info][gc,heap     ] GC(100) Humongous regions: 3->3
[2026-07-01T01:56:45.912+0000][50.960s][info][gc,metaspace] GC(100) Metaspace: 41674K(42496K)->41674K(42496K) NonClass: 36541K(36992K)->36541K(36992K) Class: 5132K(5504K)->5132K(5504K)
[2026-07-01T01:56:45.912+0000][50.960s][info][gc          ] GC(100) Pause Young (Prepare Mixed) (G1 Evacuation Pause) 251M->169M(267M) 16.007ms
[2026-07-01T01:56:45.913+0000][50.960s][info][gc,cpu      ] GC(100) User=0.03s Sys=0.00s Real=0.02s
[2026-07-01T01:56:46.593+0000][51.640s][info][gc,start    ] GC(101) Pause Young (Mixed) (G1 Evacuation Pause)
[2026-07-01T01:56:46.593+0000][51.640s][info][gc,task     ] GC(101) Using 2 workers of 2 for evacuation
[2026-07-01T01:56:46.628+0000][51.676s][info][gc,phases   ] GC(101)   Pre Evacuate Collection Set: 0.17ms
[2026-07-01T01:56:46.628+0000][51.676s][info][gc,phases   ] GC(101)   Merge Heap Roots: 0.24ms
[2026-07-01T01:56:46.628+0000][51.676s][info][gc,phases   ] GC(101)   Evacuate Collection Set: 34.31ms
[2026-07-01T01:56:46.628+0000][51.676s][info][gc,phases   ] GC(101)   Post Evacuate Collection Set: 0.75ms
[2026-07-01T01:56:46.628+0000][51.676s][info][gc,phases   ] GC(101)   Other: 0.06ms
[2026-07-01T01:56:46.628+0000][51.676s][info][gc,heap     ] GC(101) Eden regions: 83->0(82)
[2026-07-01T01:56:46.628+0000][51.676s][info][gc,heap     ] GC(101) Survivor regions: 6->7(12)
[2026-07-01T01:56:46.628+0000][51.676s][info][gc,heap     ] GC(101) Old regions: 161->161
[2026-07-01T01:56:46.628+0000][51.676s][info][gc,heap     ] GC(101) Humongous regions: 3->3
[2026-07-01T01:56:46.628+0000][51.676s][info][gc,metaspace] GC(101) Metaspace: 41674K(42496K)->41674K(42496K) NonClass: 36541K(36992K)->36541K(36992K) Class: 5132K(5504K)->5132K(5504K)
[2026-07-01T01:56:46.628+0000][51.676s][info][gc          ] GC(101) Pause Young (Mixed) (G1 Evacuation Pause) 252M->170M(267M) 35.725ms
[2026-07-01T01:56:46.628+0000][51.676s][info][gc,cpu      ] GC(101) User=0.03s Sys=0.00s Real=0.04s
[2026-07-01T01:56:47.176+0000][52.224s][info][gc,start    ] GC(102) Pause Young (Concurrent Start) (G1 Evacuation Pause)
[2026-07-01T01:56:47.176+0000][52.224s][info][gc,task     ] GC(102) Using 2 workers of 2 for evacuation
[2026-07-01T01:56:47.194+0000][52.242s][info][gc,phases   ] GC(102)   Pre Evacuate Collection Set: 0.20ms
[2026-07-01T01:56:47.194+0000][52.242s][info][gc,phases   ] GC(102)   Merge Heap Roots: 0.50ms
[2026-07-01T01:56:47.194+0000][52.242s][info][gc,phases   ] GC(102)   Evacuate Collection Set: 16.21ms
[2026-07-01T01:56:47.194+0000][52.242s][info][gc,phases   ] GC(102)   Post Evacuate Collection Set: 0.48ms
[2026-07-01T01:56:47.194+0000][52.242s][info][gc,phases   ] GC(102)   Other: 0.09ms
[2026-07-01T01:56:47.194+0000][52.242s][info][gc,heap     ] GC(102) Eden regions: 82->0(81)
[2026-07-01T01:56:47.194+0000][52.242s][info][gc,heap     ] GC(102) Survivor regions: 7->7(12)
[2026-07-01T01:56:47.194+0000][52.242s][info][gc,heap     ] GC(102) Old regions: 161->162
[2026-07-01T01:56:47.194+0000][52.242s][info][gc,heap     ] GC(102) Humongous regions: 3->3
[2026-07-01T01:56:47.194+0000][52.242s][info][gc,metaspace] GC(102) Metaspace: 41676K(42496K)->41676K(42496K) NonClass: 36544K(36992K)->36544K(36992K) Class: 5132K(5504K)->5132K(5504K)
[2026-07-01T01:56:47.194+0000][52.242s][info][gc          ] GC(102) Pause Young (Concurrent Start) (G1 Evacuation Pause) 252M->170M(267M) 17.638ms
[2026-07-01T01:56:47.194+0000][52.242s][info][gc          ] GC(103) Concurrent Mark Cycle
[2026-07-01T01:56:47.194+0000][52.242s][info][gc,marking  ] GC(103) Concurrent Scan Root Regions
[2026-07-01T01:56:47.194+0000][52.242s][info][gc,cpu      ] GC(102) User=0.04s Sys=0.00s Real=0.02s
[2026-07-01T01:56:47.215+0000][52.263s][info][gc,marking  ] GC(103) Concurrent Scan Root Regions 20.760ms
[2026-07-01T01:56:47.215+0000][52.263s][info][gc,marking  ] GC(103) Concurrent Mark
[2026-07-01T01:56:47.216+0000][52.263s][info][gc,marking  ] GC(103) Concurrent Mark From Roots
[2026-07-01T01:56:47.216+0000][52.263s][info][gc,task     ] GC(103) Using 1 workers of 1 for marking
[2026-07-01T01:56:47.683+0000][52.730s][info][gc,start    ] GC(104) Pause Young (Normal) (G1 Evacuation Pause)
[2026-07-01T01:56:47.683+0000][52.731s][info][gc,task     ] GC(104) Using 2 workers of 2 for evacuation
[2026-07-01T01:56:47.696+0000][52.744s][info][gc,phases   ] GC(104)   Pre Evacuate Collection Set: 0.18ms
[2026-07-01T01:56:47.696+0000][52.744s][info][gc,phases   ] GC(104)   Merge Heap Roots: 0.36ms
[2026-07-01T01:56:47.696+0000][52.744s][info][gc,phases   ] GC(104)   Evacuate Collection Set: 12.10ms
[2026-07-01T01:56:47.696+0000][52.744s][info][gc,phases   ] GC(104)   Post Evacuate Collection Set: 0.34ms
[2026-07-01T01:56:47.696+0000][52.744s][info][gc,phases   ] GC(104)   Other: 0.05ms
[2026-07-01T01:56:47.696+0000][52.744s][info][gc,heap     ] GC(104) Eden regions: 81->0(81)
[2026-07-01T01:56:47.696+0000][52.744s][info][gc,heap     ] GC(104) Survivor regions: 7->7(11)
[2026-07-01T01:56:47.696+0000][52.744s][info][gc,heap     ] GC(104) Old regions: 162->162
[2026-07-01T01:56:47.696+0000][52.744s][info][gc,heap     ] GC(104) Humongous regions: 3->3
[2026-07-01T01:56:47.696+0000][52.744s][info][gc,metaspace] GC(104) Metaspace: 41676K(42496K)->41676K(42496K) NonClass: 36544K(36992K)->36544K(36992K) Class: 5132K(5504K)->5132K(5504K)
[2026-07-01T01:56:47.696+0000][52.744s][info][gc          ] GC(104) Pause Young (Normal) (G1 Evacuation Pause) 251M->171M(267M) 13.187ms
[2026-07-01T01:56:47.696+0000][52.744s][info][gc,cpu      ] GC(104) User=0.02s Sys=0.00s Real=0.01s
[2026-07-01T01:56:47.739+0000][52.787s][info][gc,marking  ] GC(103) Concurrent Mark From Roots 523.415ms
[2026-07-01T01:56:47.739+0000][52.787s][info][gc,marking  ] GC(103) Concurrent Preclean
[2026-07-01T01:56:47.739+0000][52.787s][info][gc,marking  ] GC(103) Concurrent Preclean 0.080ms
[2026-07-01T01:56:47.739+0000][52.787s][info][gc,start    ] GC(103) Pause Remark
[2026-07-01T01:56:47.745+0000][52.793s][info][gc          ] GC(103) Pause Remark 178M->178M(267M) 5.723ms
[2026-07-01T01:56:47.745+0000][52.793s][info][gc,cpu      ] GC(103) User=0.01s Sys=0.00s Real=0.00s
[2026-07-01T01:56:47.750+0000][52.797s][info][gc,marking  ] GC(103) Concurrent Mark 534.438ms
[2026-07-01T01:56:47.750+0000][52.797s][info][gc,marking  ] GC(103) Concurrent Rebuild Remembered Sets and Scrub Regions
[2026-07-01T01:56:48.027+0000][53.074s][info][gc,marking  ] GC(103) Concurrent Rebuild Remembered Sets and Scrub Regions 276.698ms
[2026-07-01T01:56:48.027+0000][53.075s][info][gc,start    ] GC(103) Pause Cleanup
[2026-07-01T01:56:48.027+0000][53.075s][info][gc          ] GC(103) Pause Cleanup 229M->229M(267M) 0.220ms
[2026-07-01T01:56:48.027+0000][53.075s][info][gc,cpu      ] GC(103) User=0.01s Sys=0.00s Real=0.00s
[2026-07-01T01:56:48.028+0000][53.075s][info][gc,marking  ] GC(103) Concurrent Clear Claimed Marks
[2026-07-01T01:56:48.028+0000][53.075s][info][gc,marking  ] GC(103) Concurrent Clear Claimed Marks 0.095ms
[2026-07-01T01:56:48.028+0000][53.075s][info][gc,marking  ] GC(103) Concurrent Cleanup for Next Mark
[2026-07-01T01:56:48.029+0000][53.077s][info][gc,marking  ] GC(103) Concurrent Cleanup for Next Mark 1.670ms
[2026-07-01T01:56:48.029+0000][53.077s][info][gc          ] GC(103) Concurrent Mark Cycle 835.248ms
[2026-07-01T01:56:48.134+0000][53.181s][info][gc,start    ] GC(105) Pause Young (Prepare Mixed) (G1 Evacuation Pause)
[2026-07-01T01:56:48.134+0000][53.181s][info][gc,task     ] GC(105) Using 2 workers of 2 for evacuation
[2026-07-01T01:56:48.145+0000][53.193s][info][gc,phases   ] GC(105)   Pre Evacuate Collection Set: 0.13ms
[2026-07-01T01:56:48.145+0000][53.193s][info][gc,phases   ] GC(105)   Merge Heap Roots: 0.37ms
[2026-07-01T01:56:48.145+0000][53.193s][info][gc,phases   ] GC(105)   Evacuate Collection Set: 10.43ms
[2026-07-01T01:56:48.145+0000][53.193s][info][gc,phases   ] GC(105)   Post Evacuate Collection Set: 0.37ms
[2026-07-01T01:56:48.145+0000][53.193s][info][gc,phases   ] GC(105)   Other: 0.06ms
[2026-07-01T01:56:48.145+0000][53.193s][info][gc,heap     ] GC(105) Eden regions: 81->0(81)
[2026-07-01T01:56:48.145+0000][53.193s][info][gc,heap     ] GC(105) Survivor regions: 7->7(11)
[2026-07-01T01:56:48.145+0000][53.193s][info][gc,heap     ] GC(105) Old regions: 162->162
[2026-07-01T01:56:48.145+0000][53.193s][info][gc,heap     ] GC(105) Humongous regions: 3->3
[2026-07-01T01:56:48.145+0000][53.193s][info][gc,metaspace] GC(105) Metaspace: 41676K(42496K)->41676K(42496K) NonClass: 36544K(36992K)->36544K(36992K) Class: 5132K(5504K)->5132K(5504K)
[2026-07-01T01:56:48.145+0000][53.193s][info][gc          ] GC(105) Pause Young (Prepare Mixed) (G1 Evacuation Pause) 252M->171M(267M) 11.519ms
[2026-07-01T01:56:48.145+0000][53.193s][info][gc,cpu      ] GC(105) User=0.02s Sys=0.00s Real=0.01s
[2026-07-01T01:56:48.515+0000][53.563s][info][gc,start    ] GC(106) Pause Young (Mixed) (G1 Evacuation Pause)
[2026-07-01T01:56:48.515+0000][53.563s][info][gc,task     ] GC(106) Using 2 workers of 2 for evacuation
[2026-07-01T01:56:48.527+0000][53.575s][info][gc,phases   ] GC(106)   Pre Evacuate Collection Set: 0.18ms
[2026-07-01T01:56:48.527+0000][53.575s][info][gc,phases   ] GC(106)   Merge Heap Roots: 0.31ms
[2026-07-01T01:56:48.527+0000][53.575s][info][gc,phases   ] GC(106)   Evacuate Collection Set: 11.30ms
[2026-07-01T01:56:48.527+0000][53.575s][info][gc,phases   ] GC(106)   Post Evacuate Collection Set: 0.32ms
[2026-07-01T01:56:48.527+0000][53.575s][info][gc,phases   ] GC(106)   Other: 0.06ms
[2026-07-01T01:56:48.527+0000][53.575s][info][gc,heap     ] GC(106) Eden regions: 81->0(81)
[2026-07-01T01:56:48.527+0000][53.575s][info][gc,heap     ] GC(106) Survivor regions: 7->6(11)
[2026-07-01T01:56:48.527+0000][53.575s][info][gc,heap     ] GC(106) Old regions: 162->163
[2026-07-01T01:56:48.527+0000][53.575s][info][gc,heap     ] GC(106) Humongous regions: 3->3
[2026-07-01T01:56:48.527+0000][53.575s][info][gc,metaspace] GC(106) Metaspace: 41676K(42496K)->41676K(42496K) NonClass: 36544K(36992K)->36544K(36992K) Class: 5132K(5504K)->5132K(5504K)
[2026-07-01T01:56:48.527+0000][53.575s][info][gc          ] GC(106) Pause Young (Mixed) (G1 Evacuation Pause) 252M->171M(267M) 12.330ms
[2026-07-01T01:56:48.527+0000][53.575s][info][gc,cpu      ] GC(106) User=0.02s Sys=0.00s Real=0.01s
[2026-07-01T01:56:48.907+0000][53.955s][info][gc,start    ] GC(107) Pause Young (Concurrent Start) (G1 Evacuation Pause)
[2026-07-01T01:56:48.907+0000][53.955s][info][gc,task     ] GC(107) Using 2 workers of 2 for evacuation
[2026-07-01T01:56:48.923+0000][53.971s][info][gc,phases   ] GC(107)   Pre Evacuate Collection Set: 0.34ms
[2026-07-01T01:56:48.923+0000][53.971s][info][gc,phases   ] GC(107)   Merge Heap Roots: 0.35ms
[2026-07-01T01:56:48.923+0000][53.971s][info][gc,phases   ] GC(107)   Evacuate Collection Set: 15.07ms
[2026-07-01T01:56:48.923+0000][53.971s][info][gc,phases   ] GC(107)   Post Evacuate Collection Set: 0.42ms
[2026-07-01T01:56:48.923+0000][53.971s][info][gc,phases   ] GC(107)   Other: 0.10ms
[2026-07-01T01:56:48.924+0000][53.971s][info][gc,heap     ] GC(107) Eden regions: 81->0(80)
[2026-07-01T01:56:48.924+0000][53.971s][info][gc,heap     ] GC(107) Survivor regions: 6->7(11)
[2026-07-01T01:56:48.924+0000][53.971s][info][gc,heap     ] GC(107) Old regions: 163->163
[2026-07-01T01:56:48.924+0000][53.971s][info][gc,heap     ] GC(107) Humongous regions: 3->3
[2026-07-01T01:56:48.924+0000][53.971s][info][gc,metaspace] GC(107) Metaspace: 41676K(42496K)->41676K(42496K) NonClass: 36544K(36992K)->36544K(36992K) Class: 5132K(5504K)->5132K(5504K)
[2026-07-01T01:56:48.924+0000][53.971s][info][gc          ] GC(107) Pause Young (Concurrent Start) (G1 Evacuation Pause) 252M->171M(267M) 16.631ms
[2026-07-01T01:56:48.924+0000][53.971s][info][gc          ] GC(108) Concurrent Mark Cycle
[2026-07-01T01:56:48.924+0000][53.971s][info][gc,marking  ] GC(108) Concurrent Scan Root Regions
[2026-07-01T01:56:48.924+0000][53.971s][info][gc,cpu      ] GC(107) User=0.03s Sys=0.00s Real=0.02s
[2026-07-01T01:56:48.939+0000][53.987s][info][gc,marking  ] GC(108) Concurrent Scan Root Regions 15.340ms
[2026-07-01T01:56:48.939+0000][53.987s][info][gc,marking  ] GC(108) Concurrent Mark
[2026-07-01T01:56:48.939+0000][53.987s][info][gc,marking  ] GC(108) Concurrent Mark From Roots
[2026-07-01T01:56:48.939+0000][53.987s][info][gc,task     ] GC(108) Using 1 workers of 1 for marking
[2026-07-01T01:56:49.384+0000][54.431s][info][gc,start    ] GC(109) Pause Young (Normal) (G1 Evacuation Pause)
[2026-07-01T01:56:49.384+0000][54.432s][info][gc,task     ] GC(109) Using 2 workers of 2 for evacuation
[2026-07-01T01:56:49.395+0000][54.443s][info][gc,phases   ] GC(109)   Pre Evacuate Collection Set: 0.12ms
[2026-07-01T01:56:49.395+0000][54.443s][info][gc,phases   ] GC(109)   Merge Heap Roots: 0.30ms
[2026-07-01T01:56:49.395+0000][54.443s][info][gc,phases   ] GC(109)   Evacuate Collection Set: 10.50ms
[2026-07-01T01:56:49.395+0000][54.443s][info][gc,phases   ] GC(109)   Post Evacuate Collection Set: 0.39ms
[2026-07-01T01:56:49.395+0000][54.443s][info][gc,phases   ] GC(109)   Other: 0.07ms
[2026-07-01T01:56:49.395+0000][54.443s][info][gc,heap     ] GC(109) Eden regions: 80->0(80)
[2026-07-01T01:56:49.395+0000][54.443s][info][gc,heap     ] GC(109) Survivor regions: 7->7(11)
[2026-07-01T01:56:49.395+0000][54.443s][info][gc,heap     ] GC(109) Old regions: 163->163
[2026-07-01T01:56:49.395+0000][54.443s][info][gc,heap     ] GC(109) Humongous regions: 3->3
[2026-07-01T01:56:49.395+0000][54.443s][info][gc,metaspace] GC(109) Metaspace: 41681K(42496K)->41681K(42496K) NonClass: 36549K(36992K)->36549K(36992K) Class: 5132K(5504K)->5132K(5504K)
[2026-07-01T01:56:49.395+0000][54.443s][info][gc          ] GC(109) Pause Young (Normal) (G1 Evacuation Pause) 251M->172M(267M) 11.542ms
[2026-07-01T01:56:49.395+0000][54.443s][info][gc,cpu      ] GC(109) User=0.02s Sys=0.00s Real=0.01s
[2026-07-01T01:56:49.454+0000][54.501s][info][gc,marking  ] GC(108) Concurrent Mark From Roots 514.540ms
[2026-07-01T01:56:49.454+0000][54.501s][info][gc,marking  ] GC(108) Concurrent Preclean
[2026-07-01T01:56:49.454+0000][54.501s][info][gc,marking  ] GC(108) Concurrent Preclean 0.081ms
[2026-07-01T01:56:49.454+0000][54.502s][info][gc,start    ] GC(108) Pause Remark
[2026-07-01T01:56:49.460+0000][54.508s][info][gc          ] GC(108) Pause Remark 182M->182M(267M) 5.741ms
[2026-07-01T01:56:49.460+0000][54.508s][info][gc,cpu      ] GC(108) User=0.01s Sys=0.00s Real=0.01s
[2026-07-01T01:56:49.464+0000][54.512s][info][gc,marking  ] GC(108) Concurrent Mark 524.953ms
[2026-07-01T01:56:49.464+0000][54.512s][info][gc,marking  ] GC(108) Concurrent Rebuild Remembered Sets and Scrub Regions
[2026-07-01T01:56:49.629+0000][54.676s][info][gc,marking  ] GC(108) Concurrent Rebuild Remembered Sets and Scrub Regions 164.788ms
[2026-07-01T01:56:49.629+0000][54.677s][info][gc,start    ] GC(108) Pause Cleanup
[2026-07-01T01:56:49.629+0000][54.677s][info][gc          ] GC(108) Pause Cleanup 209M->209M(267M) 0.184ms
[2026-07-01T01:56:49.629+0000][54.677s][info][gc,cpu      ] GC(108) User=0.00s Sys=0.00s Real=0.00s
[2026-07-01T01:56:49.631+0000][54.679s][info][gc,marking  ] GC(108) Concurrent Clear Claimed Marks
[2026-07-01T01:56:49.631+0000][54.679s][info][gc,marking  ] GC(108) Concurrent Clear Claimed Marks 0.104ms
[2026-07-01T01:56:49.631+0000][54.679s][info][gc,marking  ] GC(108) Concurrent Cleanup for Next Mark
[2026-07-01T01:56:49.632+0000][54.680s][info][gc,marking  ] GC(108) Concurrent Cleanup for Next Mark 0.433ms
[2026-07-01T01:56:49.632+0000][54.680s][info][gc          ] GC(108) Concurrent Mark Cycle 708.331ms
[2026-07-01T01:56:49.887+0000][54.935s][info][gc,start    ] GC(110) Pause Young (Prepare Mixed) (G1 Evacuation Pause)
[2026-07-01T01:56:49.887+0000][54.935s][info][gc,task     ] GC(110) Using 2 workers of 2 for evacuation
[2026-07-01T01:56:49.917+0000][54.965s][info][gc,phases   ] GC(110)   Pre Evacuate Collection Set: 0.17ms
[2026-07-01T01:56:49.918+0000][54.965s][info][gc,phases   ] GC(110)   Merge Heap Roots: 0.66ms
[2026-07-01T01:56:49.918+0000][54.965s][info][gc,phases   ] GC(110)   Evacuate Collection Set: 28.66ms
[2026-07-01T01:56:49.918+0000][54.965s][info][gc,phases   ] GC(110)   Post Evacuate Collection Set: 0.69ms
[2026-07-01T01:56:49.918+0000][54.965s][info][gc,phases   ] GC(110)   Other: 0.07ms
[2026-07-01T01:56:49.918+0000][54.965s][info][gc,heap     ] GC(110) Eden regions: 80->0(80)
[2026-07-01T01:56:49.918+0000][54.965s][info][gc,heap     ] GC(110) Survivor regions: 7->6(11)
[2026-07-01T01:56:49.918+0000][54.965s][info][gc,heap     ] GC(110) Old regions: 163->164
[2026-07-01T01:56:49.918+0000][54.965s][info][gc,heap     ] GC(110) Humongous regions: 3->3
[2026-07-01T01:56:49.918+0000][54.965s][info][gc,metaspace] GC(110) Metaspace: 41681K(42496K)->41681K(42496K) NonClass: 36549K(36992K)->36549K(36992K) Class: 5132K(5504K)->5132K(5504K)
[2026-07-01T01:56:49.918+0000][54.965s][info][gc          ] GC(110) Pause Young (Prepare Mixed) (G1 Evacuation Pause) 252M->171M(267M) 30.444ms
[2026-07-01T01:56:49.918+0000][54.965s][info][gc,cpu      ] GC(110) User=0.03s Sys=0.00s Real=0.03s
[2026-07-01T01:56:50.518+0000][55.565s][info][gc,start    ] GC(111) Pause Young (Mixed) (G1 Evacuation Pause)
[2026-07-01T01:56:50.518+0000][55.565s][info][gc,task     ] GC(111) Using 2 workers of 2 for evacuation
[2026-07-01T01:56:50.559+0000][55.606s][info][gc,phases   ] GC(111)   Pre Evacuate Collection Set: 0.17ms
[2026-07-01T01:56:50.559+0000][55.606s][info][gc,phases   ] GC(111)   Merge Heap Roots: 0.41ms
[2026-07-01T01:56:50.559+0000][55.606s][info][gc,phases   ] GC(111)   Evacuate Collection Set: 39.66ms
[2026-07-01T01:56:50.559+0000][55.606s][info][gc,phases   ] GC(111)   Post Evacuate Collection Set: 0.68ms
[2026-07-01T01:56:50.559+0000][55.606s][info][gc,phases   ] GC(111)   Other: 0.06ms
[2026-07-01T01:56:50.559+0000][55.606s][info][gc,heap     ] GC(111) Eden regions: 80->0(80)
[2026-07-01T01:56:50.559+0000][55.606s][info][gc,heap     ] GC(111) Survivor regions: 6->6(11)
[2026-07-01T01:56:50.559+0000][55.606s][info][gc,heap     ] GC(111) Old regions: 164->164
[2026-07-01T01:56:50.559+0000][55.606s][info][gc,heap     ] GC(111) Humongous regions: 3->3
[2026-07-01T01:56:50.559+0000][55.606s][info][gc,metaspace] GC(111) Metaspace: 41683K(42496K)->41683K(42496K) NonClass: 36551K(36992K)->36551K(36992K) Class: 5132K(5504K)->5132K(5504K)
[2026-07-01T01:56:50.559+0000][55.606s][info][gc          ] GC(111) Pause Young (Mixed) (G1 Evacuation Pause) 251M->172M(267M) 41.177ms
[2026-07-01T01:56:50.559+0000][55.606s][info][gc,cpu      ] GC(111) User=0.03s Sys=0.00s Real=0.05s
[2026-07-01T01:56:51.135+0000][56.182s][info][gc,start    ] GC(112) Pause Young (Concurrent Start) (G1 Evacuation Pause)
[2026-07-01T01:56:51.135+0000][56.182s][info][gc,task     ] GC(112) Using 2 workers of 2 for evacuation
[2026-07-01T01:56:51.150+0000][56.198s][info][gc,phases   ] GC(112)   Pre Evacuate Collection Set: 0.22ms
[2026-07-01T01:56:51.151+0000][56.198s][info][gc,phases   ] GC(112)   Merge Heap Roots: 0.36ms
[2026-07-01T01:56:51.151+0000][56.198s][info][gc,phases   ] GC(112)   Evacuate Collection Set: 14.54ms
[2026-07-01T01:56:51.151+0000][56.198s][info][gc,phases   ] GC(112)   Post Evacuate Collection Set: 0.43ms
[2026-07-01T01:56:51.151+0000][56.198s][info][gc,phases   ] GC(112)   Other: 0.09ms
[2026-07-01T01:56:51.151+0000][56.198s][info][gc,heap     ] GC(112) Eden regions: 80->0(80)
[2026-07-01T01:56:51.151+0000][56.198s][info][gc,heap     ] GC(112) Survivor regions: 6->6(11)
[2026-07-01T01:56:51.151+0000][56.198s][info][gc,heap     ] GC(112) Old regions: 164->164
[2026-07-01T01:56:51.151+0000][56.198s][info][gc,heap     ] GC(112) Humongous regions: 3->3
[2026-07-01T01:56:51.151+0000][56.198s][info][gc,metaspace] GC(112) Metaspace: 41695K(42496K)->41695K(42496K) NonClass: 36562K(36992K)->36562K(36992K) Class: 5132K(5504K)->5132K(5504K)
[2026-07-01T01:56:51.151+0000][56.198s][info][gc          ] GC(112) Pause Young (Concurrent Start) (G1 Evacuation Pause) 252M->172M(267M) 15.878ms
[2026-07-01T01:56:51.151+0000][56.198s][info][gc,cpu      ] GC(112) User=0.03s Sys=0.00s Real=0.02s
[2026-07-01T01:56:51.154+0000][56.201s][info][gc          ] GC(113) Concurrent Mark Cycle
[2026-07-01T01:56:51.154+0000][56.201s][info][gc,marking  ] GC(113) Concurrent Scan Root Regions
[2026-07-01T01:56:51.166+0000][56.214s][info][gc,marking  ] GC(113) Concurrent Scan Root Regions 12.363ms
[2026-07-01T01:56:51.166+0000][56.214s][info][gc,marking  ] GC(113) Concurrent Mark
[2026-07-01T01:56:51.166+0000][56.214s][info][gc,marking  ] GC(113) Concurrent Mark From Roots
[2026-07-01T01:56:51.166+0000][56.214s][info][gc,task     ] GC(113) Using 1 workers of 1 for marking
[2026-07-01T01:56:51.522+0000][56.570s][info][gc,marking  ] GC(113) Concurrent Mark From Roots 355.917ms
[2026-07-01T01:56:51.522+0000][56.570s][info][gc,marking  ] GC(113) Concurrent Preclean
[2026-07-01T01:56:51.522+0000][56.570s][info][gc,marking  ] GC(113) Concurrent Preclean 0.074ms
[2026-07-01T01:56:51.522+0000][56.570s][info][gc,start    ] GC(113) Pause Remark
[2026-07-01T01:56:51.532+0000][56.580s][info][gc          ] GC(113) Pause Remark 210M->210M(267M) 9.573ms
[2026-07-01T01:56:51.532+0000][56.580s][info][gc,cpu      ] GC(113) User=0.01s Sys=0.00s Real=0.01s
[2026-07-01T01:56:51.536+0000][56.584s][info][gc,marking  ] GC(113) Concurrent Mark 370.156ms
[2026-07-01T01:56:51.536+0000][56.584s][info][gc,marking  ] GC(113) Concurrent Rebuild Remembered Sets and Scrub Regions
[2026-07-01T01:56:51.711+0000][56.758s][info][gc,marking  ] GC(113) Concurrent Rebuild Remembered Sets and Scrub Regions 174.195ms
[2026-07-01T01:56:51.711+0000][56.758s][info][gc,start    ] GC(113) Pause Cleanup
[2026-07-01T01:56:51.711+0000][56.759s][info][gc          ] GC(113) Pause Cleanup 226M->226M(267M) 0.164ms
[2026-07-01T01:56:51.711+0000][56.759s][info][gc,cpu      ] GC(113) User=0.00s Sys=0.00s Real=0.00s
[2026-07-01T01:56:51.711+0000][56.759s][info][gc,marking  ] GC(113) Concurrent Clear Claimed Marks
[2026-07-01T01:56:51.711+0000][56.759s][info][gc,marking  ] GC(113) Concurrent Clear Claimed Marks 0.087ms
[2026-07-01T01:56:51.711+0000][56.759s][info][gc,marking  ] GC(113) Concurrent Cleanup for Next Mark
[2026-07-01T01:56:51.712+0000][56.759s][info][gc,marking  ] GC(113) Concurrent Cleanup for Next Mark 0.431ms
[2026-07-01T01:56:51.712+0000][56.760s][info][gc          ] GC(113) Concurrent Mark Cycle 558.118ms
[2026-07-01T01:56:51.902+0000][56.950s][info][gc,start    ] GC(114) Pause Young (Prepare Mixed) (G1 Evacuation Pause)
[2026-07-01T01:56:51.902+0000][56.950s][info][gc,task     ] GC(114) Using 2 workers of 2 for evacuation
[2026-07-01T01:56:51.917+0000][56.965s][info][gc,phases   ] GC(114)   Pre Evacuate Collection Set: 0.19ms
[2026-07-01T01:56:51.917+0000][56.965s][info][gc,phases   ] GC(114)   Merge Heap Roots: 0.36ms
[2026-07-01T01:56:51.917+0000][56.965s][info][gc,phases   ] GC(114)   Evacuate Collection Set: 13.93ms
[2026-07-01T01:56:51.917+0000][56.965s][info][gc,phases   ] GC(114)   Post Evacuate Collection Set: 0.48ms
[2026-07-01T01:56:51.917+0000][56.965s][info][gc,phases   ] GC(114)   Other: 0.06ms
[2026-07-01T01:56:51.917+0000][56.965s][info][gc,heap     ] GC(114) Eden regions: 80->0(80)
[2026-07-01T01:56:51.917+0000][56.965s][info][gc,heap     ] GC(114) Survivor regions: 6->6(11)
[2026-07-01T01:56:51.917+0000][56.965s][info][gc,heap     ] GC(114) Old regions: 164->164
[2026-07-01T01:56:51.917+0000][56.965s][info][gc,heap     ] GC(114) Humongous regions: 3->3
[2026-07-01T01:56:51.917+0000][56.965s][info][gc,metaspace] GC(114) Metaspace: 41697K(42496K)->41697K(42496K) NonClass: 36565K(36992K)->36565K(36992K) Class: 5132K(5504K)->5132K(5504K)
[2026-07-01T01:56:51.917+0000][56.965s][info][gc          ] GC(114) Pause Young (Prepare Mixed) (G1 Evacuation Pause) 252M->172M(267M) 15.230ms
[2026-07-01T01:56:51.917+0000][56.965s][info][gc,cpu      ] GC(114) User=0.03s Sys=0.00s Real=0.01s
[2026-07-01T01:56:52.522+0000][57.570s][info][gc,start    ] GC(115) Pause Young (Mixed) (G1 Evacuation Pause)
[2026-07-01T01:56:52.522+0000][57.570s][info][gc,task     ] GC(115) Using 2 workers of 2 for evacuation
[2026-07-01T01:56:52.538+0000][57.586s][info][gc,phases   ] GC(115)   Pre Evacuate Collection Set: 0.18ms
[2026-07-01T01:56:52.538+0000][57.586s][info][gc,phases   ] GC(115)   Merge Heap Roots: 0.28ms
[2026-07-01T01:56:52.538+0000][57.586s][info][gc,phases   ] GC(115)   Evacuate Collection Set: 14.30ms
[2026-07-01T01:56:52.538+0000][57.586s][info][gc,phases   ] GC(115)   Post Evacuate Collection Set: 0.68ms
[2026-07-01T01:56:52.538+0000][57.586s][info][gc,phases   ] GC(115)   Other: 0.06ms
[2026-07-01T01:56:52.538+0000][57.586s][info][gc,heap     ] GC(115) Eden regions: 80->0(112)
[2026-07-01T01:56:52.538+0000][57.586s][info][gc,heap     ] GC(115) Survivor regions: 6->6(11)
[2026-07-01T01:56:52.538+0000][57.586s][info][gc,heap     ] GC(115) Old regions: 164->164
[2026-07-01T01:56:52.538+0000][57.586s][info][gc,heap     ] GC(115) Humongous regions: 3->3
[2026-07-01T01:56:52.538+0000][57.586s][info][gc,metaspace] GC(115) Metaspace: 41697K(42496K)->41697K(42496K) NonClass: 36565K(36992K)->36565K(36992K) Class: 5132K(5504K)->5132K(5504K)
[2026-07-01T01:56:52.538+0000][57.586s][info][gc          ] GC(115) Pause Young (Mixed) (G1 Evacuation Pause) 252M->172M(301M) 15.689ms
[2026-07-01T01:56:52.538+0000][57.586s][info][gc,cpu      ] GC(115) User=0.03s Sys=0.00s Real=0.02s
[2026-07-01T01:56:53.098+0000][58.146s][info][gc,start    ] GC(116) Pause Young (Concurrent Start) (G1 Evacuation Pause)
[2026-07-01T01:56:53.098+0000][58.146s][info][gc,task     ] GC(116) Using 2 workers of 2 for evacuation
[2026-07-01T01:56:53.110+0000][58.157s][info][gc,phases   ] GC(116)   Pre Evacuate Collection Set: 0.19ms
[2026-07-01T01:56:53.110+0000][58.158s][info][gc,phases   ] GC(116)   Merge Heap Roots: 0.28ms
[2026-07-01T01:56:53.110+0000][58.158s][info][gc,phases   ] GC(116)   Evacuate Collection Set: 10.91ms
[2026-07-01T01:56:53.110+0000][58.158s][info][gc,phases   ] GC(116)   Post Evacuate Collection Set: 0.35ms
[2026-07-01T01:56:53.110+0000][58.158s][info][gc,phases   ] GC(116)   Other: 0.11ms
[2026-07-01T01:56:53.110+0000][58.158s][info][gc,heap     ] GC(116) Eden regions: 112->0(111)
[2026-07-01T01:56:53.110+0000][58.158s][info][gc,heap     ] GC(116) Survivor regions: 6->6(15)
[2026-07-01T01:56:53.110+0000][58.158s][info][gc,heap     ] GC(116) Old regions: 164->165
[2026-07-01T01:56:53.110+0000][58.158s][info][gc,heap     ] GC(116) Humongous regions: 3->3
[2026-07-01T01:56:53.110+0000][58.158s][info][gc,metaspace] GC(116) Metaspace: 41697K(42496K)->41697K(42496K) NonClass: 36565K(36992K)->36565K(36992K) Class: 5132K(5504K)->5132K(5504K)
[2026-07-01T01:56:53.110+0000][58.158s][info][gc          ] GC(116) Pause Young (Concurrent Start) (G1 Evacuation Pause) 284M->173M(301M) 12.002ms
[2026-07-01T01:56:53.110+0000][58.158s][info][gc          ] GC(117) Concurrent Mark Cycle
[2026-07-01T01:56:53.110+0000][58.158s][info][gc,cpu      ] GC(116) User=0.02s Sys=0.00s Real=0.02s
[2026-07-01T01:56:53.110+0000][58.158s][info][gc,marking  ] GC(117) Concurrent Scan Root Regions
[2026-07-01T01:56:53.123+0000][58.171s][info][gc,marking  ] GC(117) Concurrent Scan Root Regions 13.512ms
[2026-07-01T01:56:53.124+0000][58.171s][info][gc,marking  ] GC(117) Concurrent Mark
[2026-07-01T01:56:53.124+0000][58.171s][info][gc,marking  ] GC(117) Concurrent Mark From Roots
[2026-07-01T01:56:53.124+0000][58.171s][info][gc,task     ] GC(117) Using 1 workers of 1 for marking
[2026-07-01T01:56:53.691+0000][58.739s][info][gc,marking  ] GC(117) Concurrent Mark From Roots 567.803ms
[2026-07-01T01:56:53.691+0000][58.739s][info][gc,marking  ] GC(117) Concurrent Preclean
[2026-07-01T01:56:53.691+0000][58.739s][info][gc,marking  ] GC(117) Concurrent Preclean 0.061ms
[2026-07-01T01:56:53.691+0000][58.739s][info][gc,start    ] GC(117) Pause Remark
[2026-07-01T01:56:53.697+0000][58.745s][info][gc          ] GC(117) Pause Remark 272M->272M(301M) 5.438ms
[2026-07-01T01:56:53.697+0000][58.745s][info][gc,cpu      ] GC(117) User=0.01s Sys=0.00s Real=0.00s
[2026-07-01T01:56:53.698+0000][58.746s][info][gc,marking  ] GC(117) Concurrent Mark 574.676ms
[2026-07-01T01:56:53.698+0000][58.746s][info][gc,marking  ] GC(117) Concurrent Rebuild Remembered Sets and Scrub Regions
[2026-07-01T01:56:53.759+0000][58.806s][info][gc,start    ] GC(118) Pause Young (Normal) (G1 Evacuation Pause)
[2026-07-01T01:56:53.759+0000][58.806s][info][gc,task     ] GC(118) Using 2 workers of 2 for evacuation
[2026-07-01T01:56:53.771+0000][58.819s][info][gc,phases   ] GC(118)   Pre Evacuate Collection Set: 0.20ms
[2026-07-01T01:56:53.771+0000][58.819s][info][gc,phases   ] GC(118)   Merge Heap Roots: 0.24ms
[2026-07-01T01:56:53.771+0000][58.819s][info][gc,phases   ] GC(118)   Evacuate Collection Set: 11.33ms
[2026-07-01T01:56:53.771+0000][58.819s][info][gc,phases   ] GC(118)   Post Evacuate Collection Set: 0.48ms
[2026-07-01T01:56:53.771+0000][58.819s][info][gc,phases   ] GC(118)   Other: 0.08ms
[2026-07-01T01:56:53.771+0000][58.819s][info][gc,heap     ] GC(118) Eden regions: 111->0(110)
[2026-07-01T01:56:53.771+0000][58.819s][info][gc,heap     ] GC(118) Survivor regions: 6->7(15)
[2026-07-01T01:56:53.771+0000][58.819s][info][gc,heap     ] GC(118) Old regions: 165->165
[2026-07-01T01:56:53.771+0000][58.819s][info][gc,heap     ] GC(118) Humongous regions: 3->3
[2026-07-01T01:56:53.771+0000][58.819s][info][gc,metaspace] GC(118) Metaspace: 41697K(42496K)->41697K(42496K) NonClass: 36565K(36992K)->36565K(36992K) Class: 5132K(5504K)->5132K(5504K)
[2026-07-01T01:56:53.771+0000][58.819s][info][gc          ] GC(118) Pause Young (Normal) (G1 Evacuation Pause) 284M->173M(301M) 12.509ms
[2026-07-01T01:56:53.771+0000][58.819s][info][gc,cpu      ] GC(118) User=0.03s Sys=0.00s Real=0.01s
[2026-07-01T01:56:53.974+0000][59.022s][info][gc,marking  ] GC(117) Concurrent Rebuild Remembered Sets and Scrub Regions 275.837ms
[2026-07-01T01:56:53.974+0000][59.022s][info][gc,start    ] GC(117) Pause Cleanup
[2026-07-01T01:56:53.974+0000][59.022s][info][gc          ] GC(117) Pause Cleanup 210M->210M(301M) 0.309ms
[2026-07-01T01:56:53.975+0000][59.022s][info][gc,cpu      ] GC(117) User=0.00s Sys=0.00s Real=0.00s
[2026-07-01T01:56:53.975+0000][59.022s][info][gc,marking  ] GC(117) Concurrent Clear Claimed Marks
[2026-07-01T01:56:53.975+0000][59.022s][info][gc,marking  ] GC(117) Concurrent Clear Claimed Marks 0.091ms
[2026-07-01T01:56:53.975+0000][59.022s][info][gc,marking  ] GC(117) Concurrent Cleanup for Next Mark
[2026-07-01T01:56:53.976+0000][59.023s][info][gc,marking  ] GC(117) Concurrent Cleanup for Next Mark 1.045ms
[2026-07-01T01:56:53.976+0000][59.023s][info][gc          ] GC(117) Concurrent Mark Cycle 865.860ms
[2026-07-01T01:56:54.327+0000][59.374s][info][gc,start    ] GC(119) Pause Young (Prepare Mixed) (G1 Evacuation Pause)
[2026-07-01T01:56:54.327+0000][59.374s][info][gc,task     ] GC(119) Using 2 workers of 2 for evacuation
[2026-07-01T01:56:54.340+0000][59.388s][info][gc,phases   ] GC(119)   Pre Evacuate Collection Set: 0.23ms
[2026-07-01T01:56:54.340+0000][59.388s][info][gc,phases   ] GC(119)   Merge Heap Roots: 0.60ms
[2026-07-01T01:56:54.340+0000][59.388s][info][gc,phases   ] GC(119)   Evacuate Collection Set: 12.05ms
[2026-07-01T01:56:54.340+0000][59.388s][info][gc,phases   ] GC(119)   Post Evacuate Collection Set: 0.40ms
[2026-07-01T01:56:54.340+0000][59.388s][info][gc,phases   ] GC(119)   Other: 0.06ms
[2026-07-01T01:56:54.340+0000][59.388s][info][gc,heap     ] GC(119) Eden regions: 110->0(110)
[2026-07-01T01:56:54.340+0000][59.388s][info][gc,heap     ] GC(119) Survivor regions: 7->7(15)
[2026-07-01T01:56:54.340+0000][59.388s][info][gc,heap     ] GC(119) Old regions: 165->165
[2026-07-01T01:56:54.340+0000][59.388s][info][gc,heap     ] GC(119) Humongous regions: 3->3
[2026-07-01T01:56:54.340+0000][59.388s][info][gc,metaspace] GC(119) Metaspace: 41702K(42496K)->41702K(42496K) NonClass: 36570K(36992K)->36570K(36992K) Class: 5132K(5504K)->5132K(5504K)
[2026-07-01T01:56:54.340+0000][59.388s][info][gc          ] GC(119) Pause Young (Prepare Mixed) (G1 Evacuation Pause) 283M->174M(301M) 13.521ms
[2026-07-01T01:56:54.340+0000][59.388s][info][gc,cpu      ] GC(119) User=0.03s Sys=0.00s Real=0.02s
[2026-07-01T01:56:54.863+0000][59.911s][info][gc,start    ] GC(120) Pause Young (Mixed) (G1 Evacuation Pause)
[2026-07-01T01:56:54.863+0000][59.911s][info][gc,task     ] GC(120) Using 2 workers of 2 for evacuation
[2026-07-01T01:56:54.883+0000][59.930s][info][gc,phases   ] GC(120)   Pre Evacuate Collection Set: 0.21ms
[2026-07-01T01:56:54.883+0000][59.930s][info][gc,phases   ] GC(120)   Merge Heap Roots: 0.45ms
[2026-07-01T01:56:54.883+0000][59.930s][info][gc,phases   ] GC(120)   Evacuate Collection Set: 18.09ms
[2026-07-01T01:56:54.883+0000][59.930s][info][gc,phases   ] GC(120)   Post Evacuate Collection Set: 0.47ms
[2026-07-01T01:56:54.883+0000][59.930s][info][gc,phases   ] GC(120)   Other: 0.06ms
[2026-07-01T01:56:54.883+0000][59.930s][info][gc,heap     ] GC(120) Eden regions: 110->0(110)
[2026-07-01T01:56:54.883+0000][59.930s][info][gc,heap     ] GC(120) Survivor regions: 7->7(15)
[2026-07-01T01:56:54.883+0000][59.930s][info][gc,heap     ] GC(120) Old regions: 165->165
[2026-07-01T01:56:54.883+0000][59.930s][info][gc,heap     ] GC(120) Humongous regions: 3->3
[2026-07-01T01:56:54.883+0000][59.930s][info][gc,metaspace] GC(120) Metaspace: 41702K(42496K)->41702K(42496K) NonClass: 36570K(36992K)->36570K(36992K) Class: 5132K(5504K)->5132K(5504K)
[2026-07-01T01:56:54.883+0000][59.930s][info][gc          ] GC(120) Pause Young (Mixed) (G1 Evacuation Pause) 284M->174M(301M) 19.433ms
[2026-07-01T01:56:54.883+0000][59.930s][info][gc,cpu      ] GC(120) User=0.03s Sys=0.00s Real=0.02s
[2026-07-01T01:56:55.397+0000][60.445s][info][gc,start    ] GC(121) Pause Young (Concurrent Start) (G1 Evacuation Pause)
[2026-07-01T01:56:55.397+0000][60.445s][info][gc,task     ] GC(121) Using 2 workers of 2 for evacuation
[2026-07-01T01:56:55.414+0000][60.462s][info][gc,phases   ] GC(121)   Pre Evacuate Collection Set: 0.16ms
[2026-07-01T01:56:55.414+0000][60.462s][info][gc,phases   ] GC(121)   Merge Heap Roots: 0.32ms
[2026-07-01T01:56:55.414+0000][60.462s][info][gc,phases   ] GC(121)   Evacuate Collection Set: 15.65ms
[2026-07-01T01:56:55.414+0000][60.462s][info][gc,phases   ] GC(121)   Post Evacuate Collection Set: 0.41ms
[2026-07-01T01:56:55.414+0000][60.462s][info][gc,phases   ] GC(121)   Other: 0.07ms
[2026-07-01T01:56:55.414+0000][60.462s][info][gc,heap     ] GC(121) Eden regions: 110->0(109)
[2026-07-01T01:56:55.414+0000][60.462s][info][gc,heap     ] GC(121) Survivor regions: 7->7(15)
[2026-07-01T01:56:55.414+0000][60.462s][info][gc,heap     ] GC(121) Old regions: 165->166
[2026-07-01T01:56:55.414+0000][60.462s][info][gc,heap     ] GC(121) Humongous regions: 3->3
[2026-07-01T01:56:55.414+0000][60.462s][info][gc,metaspace] GC(121) Metaspace: 41702K(42496K)->41702K(42496K) NonClass: 36570K(36992K)->36570K(36992K) Class: 5132K(5504K)->5132K(5504K)
[2026-07-01T01:56:55.414+0000][60.462s][info][gc          ] GC(121) Pause Young (Concurrent Start) (G1 Evacuation Pause) 284M->174M(301M) 16.821ms
[2026-07-01T01:56:55.414+0000][60.462s][info][gc          ] GC(122) Concurrent Mark Cycle
[2026-07-01T01:56:55.414+0000][60.462s][info][gc,cpu      ] GC(121) User=0.03s Sys=0.00s Real=0.02s
[2026-07-01T01:56:55.414+0000][60.462s][info][gc,marking  ] GC(122) Concurrent Scan Root Regions
[2026-07-01T01:56:55.430+0000][60.477s][info][gc,marking  ] GC(122) Concurrent Scan Root Regions 15.323ms
[2026-07-01T01:56:55.430+0000][60.477s][info][gc,marking  ] GC(122) Concurrent Mark
[2026-07-01T01:56:55.430+0000][60.477s][info][gc,marking  ] GC(122) Concurrent Mark From Roots
[2026-07-01T01:56:55.430+0000][60.477s][info][gc,task     ] GC(122) Using 1 workers of 1 for marking
[2026-07-01T01:56:55.827+0000][60.875s][info][gc,marking  ] GC(122) Concurrent Mark From Roots 397.743ms
[2026-07-01T01:56:55.827+0000][60.875s][info][gc,marking  ] GC(122) Concurrent Preclean
[2026-07-01T01:56:55.827+0000][60.875s][info][gc,marking  ] GC(122) Concurrent Preclean 0.072ms
[2026-07-01T01:56:55.828+0000][60.876s][info][gc,start    ] GC(122) Pause Remark
[2026-07-01T01:56:55.834+0000][60.882s][info][gc          ] GC(122) Pause Remark 240M->240M(301M) 6.271ms
[2026-07-01T01:56:55.834+0000][60.882s][info][gc,cpu      ] GC(122) User=0.02s Sys=0.00s Real=0.01s
[2026-07-01T01:56:55.838+0000][60.885s][info][gc,marking  ] GC(122) Concurrent Mark 408.015ms
[2026-07-01T01:56:55.838+0000][60.885s][info][gc,marking  ] GC(122) Concurrent Rebuild Remembered Sets and Scrub Regions
[2026-07-01T01:56:56.062+0000][61.110s][info][gc,start    ] GC(123) Pause Young (Normal) (G1 Evacuation Pause)
[2026-07-01T01:56:56.062+0000][61.110s][info][gc,task     ] GC(123) Using 2 workers of 2 for evacuation
[2026-07-01T01:56:56.081+0000][61.129s][info][gc,phases   ] GC(123)   Pre Evacuate Collection Set: 0.16ms
[2026-07-01T01:56:56.081+0000][61.129s][info][gc,phases   ] GC(123)   Merge Heap Roots: 0.75ms
[2026-07-01T01:56:56.081+0000][61.129s][info][gc,phases   ] GC(123)   Evacuate Collection Set: 17.83ms
[2026-07-01T01:56:56.081+0000][61.129s][info][gc,phases   ] GC(123)   Post Evacuate Collection Set: 0.55ms
[2026-07-01T01:56:56.081+0000][61.129s][info][gc,phases   ] GC(123)   Other: 0.07ms
[2026-07-01T01:56:56.081+0000][61.129s][info][gc,heap     ] GC(123) Eden regions: 109->0(109)
[2026-07-01T01:56:56.081+0000][61.129s][info][gc,heap     ] GC(123) Survivor regions: 7->7(15)
[2026-07-01T01:56:56.081+0000][61.129s][info][gc,heap     ] GC(123) Old regions: 166->166
[2026-07-01T01:56:56.081+0000][61.129s][info][gc,heap     ] GC(123) Humongous regions: 3->3
[2026-07-01T01:56:56.082+0000][61.129s][info][gc,metaspace] GC(123) Metaspace: 41702K(42496K)->41702K(42496K) NonClass: 36570K(36992K)->36570K(36992K) Class: 5132K(5504K)->5132K(5504K)
[2026-07-01T01:56:56.082+0000][61.129s][info][gc          ] GC(123) Pause Young (Normal) (G1 Evacuation Pause) 283M->175M(301M) 19.539ms
[2026-07-01T01:56:56.082+0000][61.129s][info][gc,cpu      ] GC(123) User=0.03s Sys=0.00s Real=0.02s
[2026-07-01T01:56:56.140+0000][61.187s][info][gc,marking  ] GC(122) Concurrent Rebuild Remembered Sets and Scrub Regions 301.994ms
[2026-07-01T01:56:56.140+0000][61.187s][info][gc,start    ] GC(122) Pause Cleanup
[2026-07-01T01:56:56.140+0000][61.188s][info][gc          ] GC(122) Pause Cleanup 186M->186M(301M) 0.194ms
[2026-07-01T01:56:56.140+0000][61.188s][info][gc,cpu      ] GC(122) User=0.00s Sys=0.00s Real=0.00s
[2026-07-01T01:56:56.141+0000][61.189s][info][gc,marking  ] GC(122) Concurrent Clear Claimed Marks
[2026-07-01T01:56:56.141+0000][61.189s][info][gc,marking  ] GC(122) Concurrent Clear Claimed Marks 0.099ms
[2026-07-01T01:56:56.141+0000][61.189s][info][gc,marking  ] GC(122) Concurrent Cleanup for Next Mark
[2026-07-01T01:56:56.143+0000][61.190s][info][gc,marking  ] GC(122) Concurrent Cleanup for Next Mark 1.555ms
[2026-07-01T01:56:56.143+0000][61.190s][info][gc          ] GC(122) Concurrent Mark Cycle 728.600ms
[2026-07-01T01:56:56.697+0000][61.745s][info][gc,start    ] GC(124) Pause Young (Prepare Mixed) (G1 Evacuation Pause)
[2026-07-01T01:56:56.698+0000][61.745s][info][gc,task     ] GC(124) Using 2 workers of 2 for evacuation
[2026-07-01T01:56:56.715+0000][61.763s][info][gc,phases   ] GC(124)   Pre Evacuate Collection Set: 0.19ms
[2026-07-01T01:56:56.715+0000][61.763s][info][gc,phases   ] GC(124)   Merge Heap Roots: 0.49ms
[2026-07-01T01:56:56.716+0000][61.763s][info][gc,phases   ] GC(124)   Evacuate Collection Set: 16.72ms
[2026-07-01T01:56:56.716+0000][61.763s][info][gc,phases   ] GC(124)   Post Evacuate Collection Set: 0.48ms
[2026-07-01T01:56:56.716+0000][61.763s][info][gc,phases   ] GC(124)   Other: 0.07ms
[2026-07-01T01:56:56.716+0000][61.763s][info][gc,heap     ] GC(124) Eden regions: 109->0(109)
[2026-07-01T01:56:56.716+0000][61.763s][info][gc,heap     ] GC(124) Survivor regions: 7->7(15)
[2026-07-01T01:56:56.716+0000][61.763s][info][gc,heap     ] GC(124) Old regions: 166->166
[2026-07-01T01:56:56.716+0000][61.763s][info][gc,heap     ] GC(124) Humongous regions: 3->3
[2026-07-01T01:56:56.716+0000][61.763s][info][gc,metaspace] GC(124) Metaspace: 41702K(42496K)->41702K(42496K) NonClass: 36570K(36992K)->36570K(36992K) Class: 5132K(5504K)->5132K(5504K)
[2026-07-01T01:56:56.716+0000][61.763s][info][gc          ] GC(124) Pause Young (Prepare Mixed) (G1 Evacuation Pause) 284M->175M(301M) 18.146ms
[2026-07-01T01:56:56.716+0000][61.763s][info][gc,cpu      ] GC(124) User=0.03s Sys=0.00s Real=0.02s
[2026-07-01T01:56:57.532+0000][62.580s][info][gc,start    ] GC(125) Pause Young (Mixed) (G1 Evacuation Pause)
[2026-07-01T01:56:57.532+0000][62.580s][info][gc,task     ] GC(125) Using 2 workers of 2 for evacuation
[2026-07-01T01:56:57.592+0000][62.639s][info][gc,phases   ] GC(125)   Pre Evacuate Collection Set: 0.17ms
[2026-07-01T01:56:57.592+0000][62.640s][info][gc,phases   ] GC(125)   Merge Heap Roots: 0.50ms
[2026-07-01T01:56:57.592+0000][62.640s][info][gc,phases   ] GC(125)   Evacuate Collection Set: 55.44ms
[2026-07-01T01:56:57.592+0000][62.640s][info][gc,phases   ] GC(125)   Post Evacuate Collection Set: 3.17ms
[2026-07-01T01:56:57.592+0000][62.640s][info][gc,phases   ] GC(125)   Other: 0.07ms
[2026-07-01T01:56:57.592+0000][62.640s][info][gc,heap     ] GC(125) Eden regions: 109->0(109)
[2026-07-01T01:56:57.592+0000][62.640s][info][gc,heap     ] GC(125) Survivor regions: 7->7(15)
[2026-07-01T01:56:57.592+0000][62.640s][info][gc,heap     ] GC(125) Old regions: 166->166
[2026-07-01T01:56:57.592+0000][62.640s][info][gc,heap     ] GC(125) Humongous regions: 3->3
[2026-07-01T01:56:57.592+0000][62.640s][info][gc,metaspace] GC(125) Metaspace: 41708K(42496K)->41708K(42496K) NonClass: 36575K(36992K)->36575K(36992K) Class: 5132K(5504K)->5132K(5504K)
[2026-07-01T01:56:57.592+0000][62.640s][info][gc          ] GC(125) Pause Young (Mixed) (G1 Evacuation Pause) 284M->175M(301M) 59.544ms
[2026-07-01T01:56:57.592+0000][62.640s][info][gc,cpu      ] GC(125) User=0.04s Sys=0.00s Real=0.06s
[2026-07-01T01:56:58.350+0000][63.398s][info][gc,start    ] GC(126) Pause Young (Concurrent Start) (G1 Evacuation Pause)
[2026-07-01T01:56:58.350+0000][63.398s][info][gc,task     ] GC(126) Using 2 workers of 2 for evacuation
[2026-07-01T01:56:58.379+0000][63.426s][info][gc,phases   ] GC(126)   Pre Evacuate Collection Set: 0.22ms
[2026-07-01T01:56:58.379+0000][63.426s][info][gc,phases   ] GC(126)   Merge Heap Roots: 0.39ms
[2026-07-01T01:56:58.379+0000][63.426s][info][gc,phases   ] GC(126)   Evacuate Collection Set: 27.10ms
[2026-07-01T01:56:58.379+0000][63.426s][info][gc,phases   ] GC(126)   Post Evacuate Collection Set: 0.44ms
[2026-07-01T01:56:58.379+0000][63.426s][info][gc,phases   ] GC(126)   Other: 0.09ms
[2026-07-01T01:56:58.379+0000][63.426s][info][gc,heap     ] GC(126) Eden regions: 109->0(108)
[2026-07-01T01:56:58.379+0000][63.426s][info][gc,heap     ] GC(126) Survivor regions: 7->7(15)
[2026-07-01T01:56:58.379+0000][63.426s][info][gc,heap     ] GC(126) Old regions: 166->167
[2026-07-01T01:56:58.379+0000][63.426s][info][gc,heap     ] GC(126) Humongous regions: 3->3
[2026-07-01T01:56:58.379+0000][63.426s][info][gc,metaspace] GC(126) Metaspace: 41708K(42496K)->41708K(42496K) NonClass: 36575K(36992K)->36575K(36992K) Class: 5133K(5504K)->5133K(5504K)
[2026-07-01T01:56:58.379+0000][63.426s][info][gc          ] GC(126) Pause Young (Concurrent Start) (G1 Evacuation Pause) 284M->175M(301M) 28.429ms
[2026-07-01T01:56:58.379+0000][63.426s][info][gc          ] GC(127) Concurrent Mark Cycle
[2026-07-01T01:56:58.379+0000][63.426s][info][gc,marking  ] GC(127) Concurrent Scan Root Regions
[2026-07-01T01:56:58.379+0000][63.426s][info][gc,cpu      ] GC(126) User=0.04s Sys=0.00s Real=0.03s
[2026-07-01T01:56:58.396+0000][63.444s][info][gc,marking  ] GC(127) Concurrent Scan Root Regions 17.250ms
[2026-07-01T01:56:58.396+0000][63.444s][info][gc,marking  ] GC(127) Concurrent Mark
[2026-07-01T01:56:58.396+0000][63.444s][info][gc,marking  ] GC(127) Concurrent Mark From Roots
[2026-07-01T01:56:58.396+0000][63.444s][info][gc,task     ] GC(127) Using 1 workers of 1 for marking
[2026-07-01T01:56:58.723+0000][63.771s][info][gc,marking  ] GC(127) Concurrent Mark From Roots 327.010ms
[2026-07-01T01:56:58.723+0000][63.771s][info][gc,marking  ] GC(127) Concurrent Preclean
[2026-07-01T01:56:58.723+0000][63.771s][info][gc,marking  ] GC(127) Concurrent Preclean 0.076ms
[2026-07-01T01:56:58.723+0000][63.771s][info][gc,start    ] GC(127) Pause Remark
[2026-07-01T01:56:58.731+0000][63.779s][info][gc          ] GC(127) Pause Remark 211M->211M(301M) 7.535ms
[2026-07-01T01:56:58.731+0000][63.779s][info][gc,cpu      ] GC(127) User=0.01s Sys=0.00s Real=0.01s
[2026-07-01T01:56:58.735+0000][63.783s][info][gc,marking  ] GC(127) Concurrent Mark 339.317ms
[2026-07-01T01:56:58.735+0000][63.783s][info][gc,marking  ] GC(127) Concurrent Rebuild Remembered Sets and Scrub Regions
[2026-07-01T01:56:58.893+0000][63.940s][info][gc,marking  ] GC(127) Concurrent Rebuild Remembered Sets and Scrub Regions 157.346ms
[2026-07-01T01:56:58.893+0000][63.941s][info][gc,start    ] GC(127) Pause Cleanup
[2026-07-01T01:56:58.893+0000][63.941s][info][gc          ] GC(127) Pause Cleanup 227M->227M(301M) 0.149ms
[2026-07-01T01:56:58.893+0000][63.941s][info][gc,cpu      ] GC(127) User=0.00s Sys=0.00s Real=0.00s
[2026-07-01T01:56:58.893+0000][63.941s][info][gc,marking  ] GC(127) Concurrent Clear Claimed Marks
[2026-07-01T01:56:58.893+0000][63.941s][info][gc,marking  ] GC(127) Concurrent Clear Claimed Marks 0.086ms
[2026-07-01T01:56:58.893+0000][63.941s][info][gc,marking  ] GC(127) Concurrent Cleanup for Next Mark
[2026-07-01T01:56:58.894+0000][63.942s][info][gc,marking  ] GC(127) Concurrent Cleanup for Next Mark 0.475ms
[2026-07-01T01:56:58.894+0000][63.942s][info][gc          ] GC(127) Concurrent Mark Cycle 515.222ms
[2026-07-01T01:56:59.364+0000][64.412s][info][gc,start    ] GC(128) Pause Young (Prepare Mixed) (G1 Evacuation Pause)
[2026-07-01T01:56:59.364+0000][64.412s][info][gc,task     ] GC(128) Using 2 workers of 2 for evacuation
[2026-07-01T01:56:59.382+0000][64.430s][info][gc,phases   ] GC(128)   Pre Evacuate Collection Set: 0.18ms
[2026-07-01T01:56:59.382+0000][64.430s][info][gc,phases   ] GC(128)   Merge Heap Roots: 0.45ms
[2026-07-01T01:56:59.382+0000][64.430s][info][gc,phases   ] GC(128)   Evacuate Collection Set: 16.86ms
[2026-07-01T01:56:59.382+0000][64.430s][info][gc,phases   ] GC(128)   Post Evacuate Collection Set: 0.50ms
[2026-07-01T01:56:59.382+0000][64.430s][info][gc,phases   ] GC(128)   Other: 0.08ms
[2026-07-01T01:56:59.382+0000][64.430s][info][gc,heap     ] GC(128) Eden regions: 108->0(108)
[2026-07-01T01:56:59.382+0000][64.430s][info][gc,heap     ] GC(128) Survivor regions: 7->7(15)
[2026-07-01T01:56:59.382+0000][64.430s][info][gc,heap     ] GC(128) Old regions: 167->167
[2026-07-01T01:56:59.382+0000][64.430s][info][gc,heap     ] GC(128) Humongous regions: 3->3
[2026-07-01T01:56:59.382+0000][64.430s][info][gc,metaspace] GC(128) Metaspace: 41714K(42496K)->41714K(42496K) NonClass: 36581K(36992K)->36581K(36992K) Class: 5133K(5504K)->5133K(5504K)
[2026-07-01T01:56:59.382+0000][64.430s][info][gc          ] GC(128) Pause Young (Prepare Mixed) (G1 Evacuation Pause) 283M->176M(301M) 18.257ms
[2026-07-01T01:56:59.382+0000][64.430s][info][gc,cpu      ] GC(128) User=0.03s Sys=0.00s Real=0.02s
[2026-07-01T01:57:00.115+0000][65.163s][info][gc,start    ] GC(129) Pause Young (Mixed) (G1 Evacuation Pause)
[2026-07-01T01:57:00.115+0000][65.163s][info][gc,task     ] GC(129) Using 2 workers of 2 for evacuation
[2026-07-01T01:57:00.137+0000][65.184s][info][gc,phases   ] GC(129)   Pre Evacuate Collection Set: 0.19ms
[2026-07-01T01:57:00.137+0000][65.184s][info][gc,phases   ] GC(129)   Merge Heap Roots: 0.59ms
[2026-07-01T01:57:00.137+0000][65.184s][info][gc,phases   ] GC(129)   Evacuate Collection Set: 19.96ms
[2026-07-01T01:57:00.137+0000][65.184s][info][gc,phases   ] GC(129)   Post Evacuate Collection Set: 0.51ms
[2026-07-01T01:57:00.137+0000][65.184s][info][gc,phases   ] GC(129)   Other: 0.08ms
[2026-07-01T01:57:00.137+0000][65.184s][info][gc,heap     ] GC(129) Eden regions: 108->0(108)
[2026-07-01T01:57:00.137+0000][65.184s][info][gc,heap     ] GC(129) Survivor regions: 7->7(15)
[2026-07-01T01:57:00.137+0000][65.184s][info][gc,heap     ] GC(129) Old regions: 167->167
[2026-07-01T01:57:00.137+0000][65.184s][info][gc,heap     ] GC(129) Humongous regions: 3->3
[2026-07-01T01:57:00.137+0000][65.184s][info][gc,metaspace] GC(129) Metaspace: 41714K(42496K)->41714K(42496K) NonClass: 36581K(36992K)->36581K(36992K) Class: 5133K(5504K)->5133K(5504K)
[2026-07-01T01:57:00.137+0000][65.184s][info][gc          ] GC(129) Pause Young (Mixed) (G1 Evacuation Pause) 284M->176M(301M) 21.509ms
[2026-07-01T01:57:00.137+0000][65.184s][info][gc,cpu      ] GC(129) User=0.04s Sys=0.00s Real=0.02s
[2026-07-01T01:57:00.634+0000][65.682s][info][gc,start    ] GC(130) Pause Young (Concurrent Start) (G1 Evacuation Pause)
[2026-07-01T01:57:00.634+0000][65.682s][info][gc,task     ] GC(130) Using 2 workers of 2 for evacuation
[2026-07-01T01:57:00.647+0000][65.695s][info][gc,phases   ] GC(130)   Pre Evacuate Collection Set: 0.17ms
[2026-07-01T01:57:00.647+0000][65.695s][info][gc,phases   ] GC(130)   Merge Heap Roots: 0.30ms
[2026-07-01T01:57:00.647+0000][65.695s][info][gc,phases   ] GC(130)   Evacuate Collection Set: 12.13ms
[2026-07-01T01:57:00.647+0000][65.695s][info][gc,phases   ] GC(130)   Post Evacuate Collection Set: 0.39ms
[2026-07-01T01:57:00.647+0000][65.695s][info][gc,phases   ] GC(130)   Other: 0.06ms
[2026-07-01T01:57:00.647+0000][65.695s][info][gc,heap     ] GC(130) Eden regions: 108->0(108)
[2026-07-01T01:57:00.647+0000][65.695s][info][gc,heap     ] GC(130) Survivor regions: 7->7(15)
[2026-07-01T01:57:00.647+0000][65.695s][info][gc,heap     ] GC(130) Old regions: 167->167
[2026-07-01T01:57:00.647+0000][65.695s][info][gc,heap     ] GC(130) Humongous regions: 3->3
[2026-07-01T01:57:00.647+0000][65.695s][info][gc,metaspace] GC(130) Metaspace: 41714K(42496K)->41714K(42496K) NonClass: 36581K(36992K)->36581K(36992K) Class: 5133K(5504K)->5133K(5504K)
[2026-07-01T01:57:00.647+0000][65.695s][info][gc          ] GC(130) Pause Young (Concurrent Start) (G1 Evacuation Pause) 284M->176M(301M) 13.216ms
[2026-07-01T01:57:00.647+0000][65.695s][info][gc,cpu      ] GC(130) User=0.02s Sys=0.00s Real=0.01s
[2026-07-01T01:57:00.647+0000][65.695s][info][gc          ] GC(131) Concurrent Mark Cycle
[2026-07-01T01:57:00.647+0000][65.695s][info][gc,marking  ] GC(131) Concurrent Scan Root Regions
[2026-07-01T01:57:00.659+0000][65.707s][info][gc,marking  ] GC(131) Concurrent Scan Root Regions 11.803ms
[2026-07-01T01:57:00.659+0000][65.707s][info][gc,marking  ] GC(131) Concurrent Mark
[2026-07-01T01:57:00.659+0000][65.707s][info][gc,marking  ] GC(131) Concurrent Mark From Roots
[2026-07-01T01:57:00.659+0000][65.707s][info][gc,task     ] GC(131) Using 1 workers of 1 for marking
[2026-07-01T01:57:01.165+0000][66.212s][info][gc,marking  ] GC(131) Concurrent Mark From Roots 505.453ms
[2026-07-01T01:57:01.165+0000][66.212s][info][gc,marking  ] GC(131) Concurrent Preclean
[2026-07-01T01:57:01.165+0000][66.213s][info][gc,marking  ] GC(131) Concurrent Preclean 0.076ms
[2026-07-01T01:57:01.166+0000][66.214s][info][gc,start    ] GC(131) Pause Remark
[2026-07-01T01:57:01.174+0000][66.222s][info][gc          ] GC(131) Pause Remark 265M->265M(301M) 7.560ms
[2026-07-01T01:57:01.174+0000][66.222s][info][gc,cpu      ] GC(131) User=0.01s Sys=0.01s Real=0.01s
[2026-07-01T01:57:01.177+0000][66.225s][info][gc,marking  ] GC(131) Concurrent Mark 518.143ms
[2026-07-01T01:57:01.177+0000][66.225s][info][gc,marking  ] GC(131) Concurrent Rebuild Remembered Sets and Scrub Regions
[2026-07-01T01:57:01.279+0000][66.326s][info][gc,start    ] GC(132) Pause Young (Normal) (G1 Evacuation Pause)
[2026-07-01T01:57:01.279+0000][66.327s][info][gc,task     ] GC(132) Using 2 workers of 2 for evacuation
[2026-07-01T01:57:01.298+0000][66.345s][info][gc,phases   ] GC(132)   Pre Evacuate Collection Set: 0.19ms
[2026-07-01T01:57:01.298+0000][66.345s][info][gc,phases   ] GC(132)   Merge Heap Roots: 0.31ms
[2026-07-01T01:57:01.298+0000][66.345s][info][gc,phases   ] GC(132)   Evacuate Collection Set: 17.86ms
[2026-07-01T01:57:01.298+0000][66.345s][info][gc,phases   ] GC(132)   Post Evacuate Collection Set: 0.44ms
[2026-07-01T01:57:01.298+0000][66.345s][info][gc,phases   ] GC(132)   Other: 0.06ms
[2026-07-01T01:57:01.298+0000][66.345s][info][gc,heap     ] GC(132) Eden regions: 108->0(107)
[2026-07-01T01:57:01.298+0000][66.345s][info][gc,heap     ] GC(132) Survivor regions: 7->7(15)
[2026-07-01T01:57:01.298+0000][66.345s][info][gc,heap     ] GC(132) Old regions: 167->168
[2026-07-01T01:57:01.298+0000][66.345s][info][gc,heap     ] GC(132) Humongous regions: 3->3
[2026-07-01T01:57:01.298+0000][66.345s][info][gc,metaspace] GC(132) Metaspace: 41714K(42496K)->41714K(42496K) NonClass: 36581K(36992K)->36581K(36992K) Class: 5133K(5504K)->5133K(5504K)
[2026-07-01T01:57:01.298+0000][66.345s][info][gc          ] GC(132) Pause Young (Normal) (G1 Evacuation Pause) 284M->177M(301M) 19.043ms
[2026-07-01T01:57:01.298+0000][66.346s][info][gc,cpu      ] GC(132) User=0.04s Sys=0.00s Real=0.01s
[2026-07-01T01:57:01.494+0000][66.541s][info][gc,marking  ] GC(131) Concurrent Rebuild Remembered Sets and Scrub Regions 316.008ms
[2026-07-01T01:57:01.494+0000][66.541s][info][gc,start    ] GC(131) Pause Cleanup
[2026-07-01T01:57:01.494+0000][66.542s][info][gc          ] GC(131) Pause Cleanup 213M->213M(301M) 0.137ms
[2026-07-01T01:57:01.494+0000][66.542s][info][gc,cpu      ] GC(131) User=0.00s Sys=0.00s Real=0.00s
[2026-07-01T01:57:01.494+0000][66.542s][info][gc,marking  ] GC(131) Concurrent Clear Claimed Marks
[2026-07-01T01:57:01.494+0000][66.542s][info][gc,marking  ] GC(131) Concurrent Clear Claimed Marks 0.090ms
[2026-07-01T01:57:01.494+0000][66.542s][info][gc,marking  ] GC(131) Concurrent Cleanup for Next Mark
[2026-07-01T01:57:01.495+0000][66.542s][info][gc,marking  ] GC(131) Concurrent Cleanup for Next Mark 0.573ms
[2026-07-01T01:57:01.495+0000][66.542s][info][gc          ] GC(131) Concurrent Mark Cycle 847.155ms
[2026-07-01T01:57:01.820+0000][66.868s][info][gc,start    ] GC(133) Pause Young (Prepare Mixed) (G1 Evacuation Pause)
[2026-07-01T01:57:01.820+0000][66.868s][info][gc,task     ] GC(133) Using 2 workers of 2 for evacuation
[2026-07-01T01:57:01.840+0000][66.888s][info][gc,phases   ] GC(133)   Pre Evacuate Collection Set: 0.15ms
[2026-07-01T01:57:01.840+0000][66.888s][info][gc,phases   ] GC(133)   Merge Heap Roots: 0.55ms
[2026-07-01T01:57:01.840+0000][66.888s][info][gc,phases   ] GC(133)   Evacuate Collection Set: 18.84ms
[2026-07-01T01:57:01.840+0000][66.888s][info][gc,phases   ] GC(133)   Post Evacuate Collection Set: 0.49ms
[2026-07-01T01:57:01.840+0000][66.888s][info][gc,phases   ] GC(133)   Other: 0.06ms
[2026-07-01T01:57:01.840+0000][66.888s][info][gc,heap     ] GC(133) Eden regions: 107->0(106)
[2026-07-01T01:57:01.840+0000][66.888s][info][gc,heap     ] GC(133) Survivor regions: 7->8(15)
[2026-07-01T01:57:01.840+0000][66.888s][info][gc,heap     ] GC(133) Old regions: 168->168
[2026-07-01T01:57:01.840+0000][66.888s][info][gc,heap     ] GC(133) Humongous regions: 3->3
[2026-07-01T01:57:01.840+0000][66.888s][info][gc,metaspace] GC(133) Metaspace: 41715K(42496K)->41715K(42496K) NonClass: 36581K(36992K)->36581K(36992K) Class: 5133K(5504K)->5133K(5504K)
[2026-07-01T01:57:01.840+0000][66.888s][info][gc          ] GC(133) Pause Young (Prepare Mixed) (G1 Evacuation Pause) 284M->178M(301M) 20.237ms
[2026-07-01T01:57:01.840+0000][66.888s][info][gc,cpu      ] GC(133) User=0.04s Sys=0.00s Real=0.02s
[2026-07-01T01:57:02.351+0000][67.398s][info][gc,start    ] GC(134) Pause Young (Mixed) (G1 Evacuation Pause)
[2026-07-01T01:57:02.351+0000][67.398s][info][gc,task     ] GC(134) Using 2 workers of 2 for evacuation
[2026-07-01T01:57:02.372+0000][67.420s][info][gc,phases   ] GC(134)   Pre Evacuate Collection Set: 0.24ms
[2026-07-01T01:57:02.372+0000][67.420s][info][gc,phases   ] GC(134)   Merge Heap Roots: 0.48ms
[2026-07-01T01:57:02.372+0000][67.420s][info][gc,phases   ] GC(134)   Evacuate Collection Set: 20.40ms
[2026-07-01T01:57:02.373+0000][67.420s][info][gc,phases   ] GC(134)   Post Evacuate Collection Set: 0.54ms
[2026-07-01T01:57:02.373+0000][67.420s][info][gc,phases   ] GC(134)   Other: 0.06ms
[2026-07-01T01:57:02.373+0000][67.420s][info][gc,heap     ] GC(134) Eden regions: 106->0(106)
[2026-07-01T01:57:02.373+0000][67.420s][info][gc,heap     ] GC(134) Survivor regions: 8->8(15)
[2026-07-01T01:57:02.373+0000][67.420s][info][gc,heap     ] GC(134) Old regions: 168->168
[2026-07-01T01:57:02.373+0000][67.420s][info][gc,heap     ] GC(134) Humongous regions: 3->3
[2026-07-01T01:57:02.373+0000][67.420s][info][gc,metaspace] GC(134) Metaspace: 41715K(42496K)->41715K(42496K) NonClass: 36581K(36992K)->36581K(36992K) Class: 5133K(5504K)->5133K(5504K)
[2026-07-01T01:57:02.373+0000][67.420s][info][gc          ] GC(134) Pause Young (Mixed) (G1 Evacuation Pause) 284M->178M(301M) 21.880ms
[2026-07-01T01:57:02.373+0000][67.420s][info][gc,cpu      ] GC(134) User=0.04s Sys=0.00s Real=0.02s
[2026-07-01T01:57:02.867+0000][67.914s][info][gc,start    ] GC(135) Pause Young (Concurrent Start) (G1 Evacuation Pause)
[2026-07-01T01:57:02.867+0000][67.914s][info][gc,task     ] GC(135) Using 2 workers of 2 for evacuation
[2026-07-01T01:57:02.884+0000][67.931s][info][gc,phases   ] GC(135)   Pre Evacuate Collection Set: 0.19ms
[2026-07-01T01:57:02.884+0000][67.931s][info][gc,phases   ] GC(135)   Merge Heap Roots: 0.43ms
[2026-07-01T01:57:02.884+0000][67.931s][info][gc,phases   ] GC(135)   Evacuate Collection Set: 15.99ms
[2026-07-01T01:57:02.884+0000][67.931s][info][gc,phases   ] GC(135)   Post Evacuate Collection Set: 0.35ms
[2026-07-01T01:57:02.884+0000][67.931s][info][gc,phases   ] GC(135)   Other: 0.08ms
[2026-07-01T01:57:02.884+0000][67.931s][info][gc,heap     ] GC(135) Eden regions: 106->0(105)
[2026-07-01T01:57:02.884+0000][67.931s][info][gc,heap     ] GC(135) Survivor regions: 8->8(15)
[2026-07-01T01:57:02.884+0000][67.931s][info][gc,heap     ] GC(135) Old regions: 168->169
[2026-07-01T01:57:02.884+0000][67.931s][info][gc,heap     ] GC(135) Humongous regions: 3->3
[2026-07-01T01:57:02.884+0000][67.931s][info][gc,metaspace] GC(135) Metaspace: 41715K(42496K)->41715K(42496K) NonClass: 36581K(36992K)->36581K(36992K) Class: 5133K(5504K)->5133K(5504K)
[2026-07-01T01:57:02.884+0000][67.931s][info][gc          ] GC(135) Pause Young (Concurrent Start) (G1 Evacuation Pause) 284M->178M(301M) 17.203ms
[2026-07-01T01:57:02.884+0000][67.931s][info][gc,cpu      ] GC(135) User=0.03s Sys=0.00s Real=0.02s
[2026-07-01T01:57:02.886+0000][67.933s][info][gc          ] GC(136) Concurrent Mark Cycle
[2026-07-01T01:57:02.886+0000][67.933s][info][gc,marking  ] GC(136) Concurrent Scan Root Regions
[2026-07-01T01:57:02.926+0000][67.974s][info][gc,marking  ] GC(136) Concurrent Scan Root Regions 40.554ms
[2026-07-01T01:57:02.926+0000][67.974s][info][gc,marking  ] GC(136) Concurrent Mark
[2026-07-01T01:57:02.926+0000][67.974s][info][gc,marking  ] GC(136) Concurrent Mark From Roots
[2026-07-01T01:57:02.926+0000][67.974s][info][gc,task     ] GC(136) Using 1 workers of 1 for marking
[2026-07-01T01:57:03.335+0000][68.383s][info][gc,marking  ] GC(136) Concurrent Mark From Roots 408.439ms
[2026-07-01T01:57:03.335+0000][68.383s][info][gc,marking  ] GC(136) Concurrent Preclean
[2026-07-01T01:57:03.335+0000][68.383s][info][gc,marking  ] GC(136) Concurrent Preclean 0.069ms
[2026-07-01T01:57:03.335+0000][68.383s][info][gc,start    ] GC(136) Pause Remark
[2026-07-01T01:57:03.342+0000][68.390s][info][gc          ] GC(136) Pause Remark 254M->254M(301M) 7.056ms
[2026-07-01T01:57:03.342+0000][68.390s][info][gc,cpu      ] GC(136) User=0.01s Sys=0.00s Real=0.01s
[2026-07-01T01:57:03.344+0000][68.392s][info][gc,marking  ] GC(136) Concurrent Mark 417.459ms
[2026-07-01T01:57:03.344+0000][68.392s][info][gc,marking  ] GC(136) Concurrent Rebuild Remembered Sets and Scrub Regions
[2026-07-01T01:57:03.521+0000][68.568s][info][gc,start    ] GC(137) Pause Young (Normal) (G1 Evacuation Pause)
[2026-07-01T01:57:03.521+0000][68.568s][info][gc,task     ] GC(137) Using 2 workers of 2 for evacuation
[2026-07-01T01:57:03.541+0000][68.589s][info][gc,phases   ] GC(137)   Pre Evacuate Collection Set: 0.19ms
[2026-07-01T01:57:03.541+0000][68.589s][info][gc,phases   ] GC(137)   Merge Heap Roots: 0.83ms
[2026-07-01T01:57:03.541+0000][68.589s][info][gc,phases   ] GC(137)   Evacuate Collection Set: 19.09ms
[2026-07-01T01:57:03.541+0000][68.589s][info][gc,phases   ] GC(137)   Post Evacuate Collection Set: 0.58ms
[2026-07-01T01:57:03.541+0000][68.589s][info][gc,phases   ] GC(137)   Other: 0.09ms
[2026-07-01T01:57:03.541+0000][68.589s][info][gc,heap     ] GC(137) Eden regions: 105->0(106)
[2026-07-01T01:57:03.541+0000][68.589s][info][gc,heap     ] GC(137) Survivor regions: 8->7(15)
[2026-07-01T01:57:03.541+0000][68.589s][info][gc,heap     ] GC(137) Old regions: 169->169
[2026-07-01T01:57:03.541+0000][68.589s][info][gc,heap     ] GC(137) Humongous regions: 3->3
[2026-07-01T01:57:03.541+0000][68.589s][info][gc,metaspace] GC(137) Metaspace: 41715K(42496K)->41715K(42496K) NonClass: 36582K(36992K)->36582K(36992K) Class: 5133K(5504K)->5133K(5504K)
[2026-07-01T01:57:03.541+0000][68.589s][info][gc          ] GC(137) Pause Young (Normal) (G1 Evacuation Pause) 283M->178M(301M) 20.936ms
[2026-07-01T01:57:03.542+0000][68.589s][info][gc,cpu      ] GC(137) User=0.04s Sys=0.00s Real=0.02s
[2026-07-01T01:57:03.634+0000][68.682s][info][gc,marking  ] GC(136) Concurrent Rebuild Remembered Sets and Scrub Regions 290.149ms
[2026-07-01T01:57:03.635+0000][68.683s][info][gc,start    ] GC(136) Pause Cleanup
[2026-07-01T01:57:03.636+0000][68.683s][info][gc          ] GC(136) Pause Cleanup 197M->197M(301M) 0.201ms
[2026-07-01T01:57:03.636+0000][68.683s][info][gc,cpu      ] GC(136) User=0.00s Sys=0.00s Real=0.00s
[2026-07-01T01:57:03.639+0000][68.687s][info][gc,marking  ] GC(136) Concurrent Clear Claimed Marks
[2026-07-01T01:57:03.639+0000][68.687s][info][gc,marking  ] GC(136) Concurrent Clear Claimed Marks 0.131ms
[2026-07-01T01:57:03.639+0000][68.687s][info][gc,marking  ] GC(136) Concurrent Cleanup for Next Mark
[2026-07-01T01:57:03.640+0000][68.688s][info][gc,marking  ] GC(136) Concurrent Cleanup for Next Mark 0.584ms
[2026-07-01T01:57:03.640+0000][68.688s][info][gc          ] GC(136) Concurrent Mark Cycle 754.291ms
[2026-07-01T01:57:04.049+0000][69.097s][info][gc,start    ] GC(138) Pause Young (Prepare Mixed) (G1 Evacuation Pause)
[2026-07-01T01:57:04.049+0000][69.097s][info][gc,task     ] GC(138) Using 2 workers of 2 for evacuation
[2026-07-01T01:57:04.070+0000][69.117s][info][gc,phases   ] GC(138)   Pre Evacuate Collection Set: 0.18ms
[2026-07-01T01:57:04.070+0000][69.117s][info][gc,phases   ] GC(138)   Merge Heap Roots: 0.52ms
[2026-07-01T01:57:04.070+0000][69.117s][info][gc,phases   ] GC(138)   Evacuate Collection Set: 19.14ms
[2026-07-01T01:57:04.070+0000][69.117s][info][gc,phases   ] GC(138)   Post Evacuate Collection Set: 0.47ms
[2026-07-01T01:57:04.070+0000][69.117s][info][gc,phases   ] GC(138)   Other: 0.06ms
[2026-07-01T01:57:04.070+0000][69.117s][info][gc,heap     ] GC(138) Eden regions: 106->0(106)
[2026-07-01T01:57:04.070+0000][69.117s][info][gc,heap     ] GC(138) Survivor regions: 7->7(15)
[2026-07-01T01:57:04.070+0000][69.117s][info][gc,heap     ] GC(138) Old regions: 169->169
[2026-07-01T01:57:04.070+0000][69.117s][info][gc,heap     ] GC(138) Humongous regions: 3->3
[2026-07-01T01:57:04.070+0000][69.117s][info][gc,metaspace] GC(138) Metaspace: 41715K(42496K)->41715K(42496K) NonClass: 36582K(36992K)->36582K(36992K) Class: 5133K(5504K)->5133K(5504K)
[2026-07-01T01:57:04.070+0000][69.117s][info][gc          ] GC(138) Pause Young (Prepare Mixed) (G1 Evacuation Pause) 284M->178M(301M) 20.519ms
[2026-07-01T01:57:04.070+0000][69.117s][info][gc,cpu      ] GC(138) User=0.04s Sys=0.00s Real=0.02s
[2026-07-01T01:57:04.561+0000][69.608s][info][gc,start    ] GC(139) Pause Young (Mixed) (G1 Evacuation Pause)
[2026-07-01T01:57:04.561+0000][69.609s][info][gc,task     ] GC(139) Using 2 workers of 2 for evacuation
[2026-07-01T01:57:04.582+0000][69.630s][info][gc,phases   ] GC(139)   Pre Evacuate Collection Set: 0.22ms
[2026-07-01T01:57:04.582+0000][69.630s][info][gc,phases   ] GC(139)   Merge Heap Roots: 0.53ms
[2026-07-01T01:57:04.582+0000][69.630s][info][gc,phases   ] GC(139)   Evacuate Collection Set: 19.95ms
[2026-07-01T01:57:04.582+0000][69.630s][info][gc,phases   ] GC(139)   Post Evacuate Collection Set: 0.41ms
[2026-07-01T01:57:04.582+0000][69.630s][info][gc,phases   ] GC(139)   Other: 0.07ms
[2026-07-01T01:57:04.582+0000][69.630s][info][gc,heap     ] GC(139) Eden regions: 106->0(104)
[2026-07-01T01:57:04.582+0000][69.630s][info][gc,heap     ] GC(139) Survivor regions: 7->8(15)
[2026-07-01T01:57:04.582+0000][69.630s][info][gc,heap     ] GC(139) Old regions: 169->170
[2026-07-01T01:57:04.582+0000][69.630s][info][gc,heap     ] GC(139) Humongous regions: 3->3
[2026-07-01T01:57:04.582+0000][69.630s][info][gc,metaspace] GC(139) Metaspace: 41717K(42496K)->41717K(42496K) NonClass: 36583K(36992K)->36583K(36992K) Class: 5133K(5504K)->5133K(5504K)
[2026-07-01T01:57:04.582+0000][69.630s][info][gc          ] GC(139) Pause Young (Mixed) (G1 Evacuation Pause) 284M->179M(301M) 21.358ms
[2026-07-01T01:57:04.582+0000][69.630s][info][gc,cpu      ] GC(139) User=0.04s Sys=0.00s Real=0.02s
[2026-07-01T01:57:05.340+0000][70.388s][info][gc,start    ] GC(140) Pause Young (Concurrent Start) (G1 Evacuation Pause)
[2026-07-01T01:57:05.340+0000][70.388s][info][gc,task     ] GC(140) Using 2 workers of 2 for evacuation
[2026-07-01T01:57:05.368+0000][70.416s][info][gc,phases   ] GC(140)   Pre Evacuate Collection Set: 0.20ms
[2026-07-01T01:57:05.368+0000][70.416s][info][gc,phases   ] GC(140)   Merge Heap Roots: 0.43ms
[2026-07-01T01:57:05.368+0000][70.416s][info][gc,phases   ] GC(140)   Evacuate Collection Set: 26.76ms
[2026-07-01T01:57:05.368+0000][70.416s][info][gc,phases   ] GC(140)   Post Evacuate Collection Set: 0.44ms
[2026-07-01T01:57:05.368+0000][70.416s][info][gc,phases   ] GC(140)   Other: 0.09ms
[2026-07-01T01:57:05.368+0000][70.416s][info][gc,heap     ] GC(140) Eden regions: 104->0(104)
[2026-07-01T01:57:05.368+0000][70.416s][info][gc,heap     ] GC(140) Survivor regions: 8->8(14)
[2026-07-01T01:57:05.368+0000][70.416s][info][gc,heap     ] GC(140) Old regions: 170->170
[2026-07-01T01:57:05.368+0000][70.416s][info][gc,heap     ] GC(140) Humongous regions: 3->3
[2026-07-01T01:57:05.368+0000][70.416s][info][gc,metaspace] GC(140) Metaspace: 41717K(42496K)->41717K(42496K) NonClass: 36584K(36992K)->36584K(36992K) Class: 5133K(5504K)->5133K(5504K)
[2026-07-01T01:57:05.368+0000][70.416s][info][gc          ] GC(140) Pause Young (Concurrent Start) (G1 Evacuation Pause) 283M->180M(301M) 28.107ms
[2026-07-01T01:57:05.368+0000][70.416s][info][gc          ] GC(141) Concurrent Mark Cycle
[2026-07-01T01:57:05.368+0000][70.416s][info][gc,cpu      ] GC(140) User=0.04s Sys=0.00s Real=0.03s
[2026-07-01T01:57:05.368+0000][70.416s][info][gc,marking  ] GC(141) Concurrent Scan Root Regions
[2026-07-01T01:57:05.393+0000][70.440s][info][gc,marking  ] GC(141) Concurrent Scan Root Regions 24.172ms
[2026-07-01T01:57:05.393+0000][70.440s][info][gc,marking  ] GC(141) Concurrent Mark
[2026-07-01T01:57:05.393+0000][70.440s][info][gc,marking  ] GC(141) Concurrent Mark From Roots
[2026-07-01T01:57:05.393+0000][70.440s][info][gc,task     ] GC(141) Using 1 workers of 1 for marking
[2026-07-01T01:57:05.809+0000][70.857s][info][gc,marking  ] GC(141) Concurrent Mark From Roots 416.254ms
[2026-07-01T01:57:05.809+0000][70.857s][info][gc,marking  ] GC(141) Concurrent Preclean
[2026-07-01T01:57:05.809+0000][70.857s][info][gc,marking  ] GC(141) Concurrent Preclean 0.244ms
[2026-07-01T01:57:05.809+0000][70.857s][info][gc,start    ] GC(141) Pause Remark
[2026-07-01T01:57:05.816+0000][70.864s][info][gc          ] GC(141) Pause Remark 225M->225M(301M) 6.984ms
[2026-07-01T01:57:05.816+0000][70.864s][info][gc,cpu      ] GC(141) User=0.01s Sys=0.00s Real=0.00s
[2026-07-01T01:57:05.821+0000][70.868s][info][gc,marking  ] GC(141) Concurrent Mark 428.125ms
[2026-07-01T01:57:05.821+0000][70.868s][info][gc,marking  ] GC(141) Concurrent Rebuild Remembered Sets and Scrub Regions
[2026-07-01T01:57:06.003+0000][71.051s][info][gc,marking  ] GC(141) Concurrent Rebuild Remembered Sets and Scrub Regions 182.463ms
[2026-07-01T01:57:06.003+0000][71.051s][info][gc,start    ] GC(141) Pause Cleanup
[2026-07-01T01:57:06.004+0000][71.051s][info][gc          ] GC(141) Pause Cleanup 243M->243M(301M) 0.146ms
[2026-07-01T01:57:06.004+0000][71.051s][info][gc,cpu      ] GC(141) User=0.01s Sys=0.00s Real=0.00s
[2026-07-01T01:57:06.004+0000][71.051s][info][gc,marking  ] GC(141) Concurrent Clear Claimed Marks
[2026-07-01T01:57:06.004+0000][71.052s][info][gc,marking  ] GC(141) Concurrent Clear Claimed Marks 0.086ms
[2026-07-01T01:57:06.004+0000][71.052s][info][gc,marking  ] GC(141) Concurrent Cleanup for Next Mark
[2026-07-01T01:57:06.004+0000][71.052s][info][gc,marking  ] GC(141) Concurrent Cleanup for Next Mark 0.575ms
[2026-07-01T01:57:06.004+0000][71.052s][info][gc          ] GC(141) Concurrent Mark Cycle 636.081ms
[2026-07-01T01:57:06.318+0000][71.366s][info][gc,start    ] GC(142) Pause Young (Prepare Mixed) (G1 Evacuation Pause)
[2026-07-01T01:57:06.318+0000][71.366s][info][gc,task     ] GC(142) Using 2 workers of 2 for evacuation
[2026-07-01T01:57:06.337+0000][71.384s][info][gc,phases   ] GC(142)   Pre Evacuate Collection Set: 0.17ms
[2026-07-01T01:57:06.337+0000][71.384s][info][gc,phases   ] GC(142)   Merge Heap Roots: 0.43ms
[2026-07-01T01:57:06.337+0000][71.384s][info][gc,phases   ] GC(142)   Evacuate Collection Set: 17.57ms
[2026-07-01T01:57:06.337+0000][71.384s][info][gc,phases   ] GC(142)   Post Evacuate Collection Set: 0.49ms
[2026-07-01T01:57:06.337+0000][71.384s][info][gc,phases   ] GC(142)   Other: 0.07ms
[2026-07-01T01:57:06.337+0000][71.384s][info][gc,heap     ] GC(142) Eden regions: 104->0(105)
[2026-07-01T01:57:06.337+0000][71.384s][info][gc,heap     ] GC(142) Survivor regions: 8->7(14)
[2026-07-01T01:57:06.337+0000][71.384s][info][gc,heap     ] GC(142) Old regions: 170->170
[2026-07-01T01:57:06.337+0000][71.384s][info][gc,heap     ] GC(142) Humongous regions: 3->3
[2026-07-01T01:57:06.337+0000][71.384s][info][gc,metaspace] GC(142) Metaspace: 41717K(42496K)->41717K(42496K) NonClass: 36584K(36992K)->36584K(36992K) Class: 5133K(5504K)->5133K(5504K)
[2026-07-01T01:57:06.337+0000][71.385s][info][gc          ] GC(142) Pause Young (Prepare Mixed) (G1 Evacuation Pause) 284M->179M(301M) 18.903ms
[2026-07-01T01:57:06.337+0000][71.385s][info][gc,cpu      ] GC(142) User=0.04s Sys=0.00s Real=0.02s
[2026-07-01T01:57:07.074+0000][72.122s][info][gc,start    ] GC(143) Pause Young (Mixed) (G1 Evacuation Pause)
[2026-07-01T01:57:07.074+0000][72.122s][info][gc,task     ] GC(143) Using 2 workers of 2 for evacuation
[2026-07-01T01:57:07.120+0000][72.168s][info][gc,phases   ] GC(143)   Pre Evacuate Collection Set: 0.18ms
[2026-07-01T01:57:07.120+0000][72.168s][info][gc,phases   ] GC(143)   Merge Heap Roots: 0.50ms
[2026-07-01T01:57:07.120+0000][72.168s][info][gc,phases   ] GC(143)   Evacuate Collection Set: 44.48ms
[2026-07-01T01:57:07.120+0000][72.168s][info][gc,phases   ] GC(143)   Post Evacuate Collection Set: 0.74ms
[2026-07-01T01:57:07.120+0000][72.168s][info][gc,phases   ] GC(143)   Other: 0.08ms
[2026-07-01T01:57:07.120+0000][72.168s][info][gc,heap     ] GC(143) Eden regions: 105->0(104)
[2026-07-01T01:57:07.120+0000][72.168s][info][gc,heap     ] GC(143) Survivor regions: 7->7(14)
[2026-07-01T01:57:07.120+0000][72.168s][info][gc,heap     ] GC(143) Old regions: 170->171
[2026-07-01T01:57:07.120+0000][72.168s][info][gc,heap     ] GC(143) Humongous regions: 3->3
[2026-07-01T01:57:07.120+0000][72.168s][info][gc,metaspace] GC(143) Metaspace: 41717K(42496K)->41717K(42496K) NonClass: 36584K(36992K)->36584K(36992K) Class: 5133K(5504K)->5133K(5504K)
[2026-07-01T01:57:07.120+0000][72.168s][info][gc          ] GC(143) Pause Young (Mixed) (G1 Evacuation Pause) 284M->180M(301M) 46.185ms
[2026-07-01T01:57:07.120+0000][72.168s][info][gc,cpu      ] GC(143) User=0.04s Sys=0.00s Real=0.05s
[2026-07-01T01:57:07.851+0000][72.899s][info][gc,start    ] GC(144) Pause Young (Concurrent Start) (G1 Evacuation Pause)
[2026-07-01T01:57:07.852+0000][72.899s][info][gc,task     ] GC(144) Using 2 workers of 2 for evacuation
[2026-07-01T01:57:07.893+0000][72.941s][info][gc,phases   ] GC(144)   Pre Evacuate Collection Set: 0.23ms
[2026-07-01T01:57:07.893+0000][72.941s][info][gc,phases   ] GC(144)   Merge Heap Roots: 0.54ms
[2026-07-01T01:57:07.893+0000][72.941s][info][gc,phases   ] GC(144)   Evacuate Collection Set: 40.27ms
[2026-07-01T01:57:07.893+0000][72.941s][info][gc,phases   ] GC(144)   Post Evacuate Collection Set: 0.51ms
[2026-07-01T01:57:07.893+0000][72.941s][info][gc,phases   ] GC(144)   Other: 0.07ms
[2026-07-01T01:57:07.893+0000][72.941s][info][gc,heap     ] GC(144) Eden regions: 104->0(103)
[2026-07-01T01:57:07.893+0000][72.941s][info][gc,heap     ] GC(144) Survivor regions: 7->8(14)
[2026-07-01T01:57:07.893+0000][72.941s][info][gc,heap     ] GC(144) Old regions: 171->171
[2026-07-01T01:57:07.893+0000][72.941s][info][gc,heap     ] GC(144) Humongous regions: 3->3
[2026-07-01T01:57:07.893+0000][72.941s][info][gc,metaspace] GC(144) Metaspace: 41717K(42496K)->41717K(42496K) NonClass: 36584K(36992K)->36584K(36992K) Class: 5133K(5504K)->5133K(5504K)
[2026-07-01T01:57:07.893+0000][72.941s][info][gc          ] GC(144) Pause Young (Concurrent Start) (G1 Evacuation Pause) 284M->181M(301M) 41.820ms
[2026-07-01T01:57:07.893+0000][72.941s][info][gc          ] GC(145) Concurrent Mark Cycle
[2026-07-01T01:57:07.893+0000][72.941s][info][gc,marking  ] GC(145) Concurrent Scan Root Regions
[2026-07-01T01:57:07.893+0000][72.941s][info][gc,cpu      ] GC(144) User=0.04s Sys=0.00s Real=0.04s
[2026-07-01T01:57:07.923+0000][72.971s][info][gc,marking  ] GC(145) Concurrent Scan Root Regions 29.673ms
[2026-07-01T01:57:07.923+0000][72.971s][info][gc,marking  ] GC(145) Concurrent Mark
[2026-07-01T01:57:07.923+0000][72.971s][info][gc,marking  ] GC(145) Concurrent Mark From Roots
[2026-07-01T01:57:07.923+0000][72.971s][info][gc,task     ] GC(145) Using 1 workers of 1 for marking
[2026-07-01T01:57:08.315+0000][73.363s][info][gc,marking  ] GC(145) Concurrent Mark From Roots 392.253ms
[2026-07-01T01:57:08.315+0000][73.363s][info][gc,marking  ] GC(145) Concurrent Preclean
[2026-07-01T01:57:08.315+0000][73.363s][info][gc,marking  ] GC(145) Concurrent Preclean 0.081ms
[2026-07-01T01:57:08.316+0000][73.363s][info][gc,start    ] GC(145) Pause Remark
[2026-07-01T01:57:08.329+0000][73.377s][info][gc          ] GC(145) Pause Remark 227M->227M(301M) 13.703ms
[2026-07-01T01:57:08.329+0000][73.377s][info][gc,cpu      ] GC(145) User=0.02s Sys=0.00s Real=0.02s
[2026-07-01T01:57:08.331+0000][73.379s][info][gc,marking  ] GC(145) Concurrent Mark 407.992ms
[2026-07-01T01:57:08.331+0000][73.379s][info][gc,marking  ] GC(145) Concurrent Rebuild Remembered Sets and Scrub Regions
[2026-07-01T01:57:08.608+0000][73.656s][info][gc,marking  ] GC(145) Concurrent Rebuild Remembered Sets and Scrub Regions 276.894ms
[2026-07-01T01:57:08.608+0000][73.656s][info][gc,start    ] GC(145) Pause Cleanup
[2026-07-01T01:57:08.609+0000][73.656s][info][gc          ] GC(145) Pause Cleanup 259M->259M(301M) 0.520ms
[2026-07-01T01:57:08.609+0000][73.656s][info][gc,cpu      ] GC(145) User=0.00s Sys=0.00s Real=0.00s
[2026-07-01T01:57:08.610+0000][73.657s][info][gc,marking  ] GC(145) Concurrent Clear Claimed Marks
[2026-07-01T01:57:08.610+0000][73.657s][info][gc,marking  ] GC(145) Concurrent Clear Claimed Marks 0.110ms
[2026-07-01T01:57:08.610+0000][73.657s][info][gc,marking  ] GC(145) Concurrent Cleanup for Next Mark
[2026-07-01T01:57:08.610+0000][73.658s][info][gc,marking  ] GC(145) Concurrent Cleanup for Next Mark 0.544ms
[2026-07-01T01:57:08.610+0000][73.658s][info][gc          ] GC(145) Concurrent Mark Cycle 716.934ms
[2026-07-01T01:57:08.804+0000][73.852s][info][gc,start    ] GC(146) Pause Young (Prepare Mixed) (G1 Evacuation Pause)
[2026-07-01T01:57:08.804+0000][73.852s][info][gc,task     ] GC(146) Using 2 workers of 2 for evacuation
[2026-07-01T01:57:08.835+0000][73.882s][info][gc,phases   ] GC(146)   Pre Evacuate Collection Set: 0.20ms
[2026-07-01T01:57:08.835+0000][73.882s][info][gc,phases   ] GC(146)   Merge Heap Roots: 0.84ms
[2026-07-01T01:57:08.835+0000][73.882s][info][gc,phases   ] GC(146)   Evacuate Collection Set: 29.01ms
[2026-07-01T01:57:08.835+0000][73.882s][info][gc,phases   ] GC(146)   Post Evacuate Collection Set: 0.45ms
[2026-07-01T01:57:08.835+0000][73.882s][info][gc,phases   ] GC(146)   Other: 0.09ms
[2026-07-01T01:57:08.835+0000][73.882s][info][gc,heap     ] GC(146) Eden regions: 103->0(103)
[2026-07-01T01:57:08.835+0000][73.882s][info][gc,heap     ] GC(146) Survivor regions: 8->8(14)
[2026-07-01T01:57:08.835+0000][73.882s][info][gc,heap     ] GC(146) Old regions: 171->171
[2026-07-01T01:57:08.835+0000][73.882s][info][gc,heap     ] GC(146) Humongous regions: 3->3
[2026-07-01T01:57:08.835+0000][73.882s][info][gc,metaspace] GC(146) Metaspace: 41718K(42496K)->41718K(42496K) NonClass: 36584K(36992K)->36584K(36992K) Class: 5133K(5504K)->5133K(5504K)
[2026-07-01T01:57:08.835+0000][73.882s][info][gc          ] GC(146) Pause Young (Prepare Mixed) (G1 Evacuation Pause) 284M->181M(301M) 30.791ms
[2026-07-01T01:57:08.835+0000][73.882s][info][gc,cpu      ] GC(146) User=0.04s Sys=0.00s Real=0.03s
[2026-07-01T01:57:09.550+0000][74.598s][info][gc,start    ] GC(147) Pause Young (Mixed) (G1 Evacuation Pause)
[2026-07-01T01:57:09.550+0000][74.598s][info][gc,task     ] GC(147) Using 2 workers of 2 for evacuation
[2026-07-01T01:57:09.568+0000][74.616s][info][gc,phases   ] GC(147)   Pre Evacuate Collection Set: 0.21ms
[2026-07-01T01:57:09.568+0000][74.616s][info][gc,phases   ] GC(147)   Merge Heap Roots: 0.54ms
[2026-07-01T01:57:09.568+0000][74.616s][info][gc,phases   ] GC(147)   Evacuate Collection Set: 16.22ms
[2026-07-01T01:57:09.568+0000][74.616s][info][gc,phases   ] GC(147)   Post Evacuate Collection Set: 0.42ms
[2026-07-01T01:57:09.568+0000][74.616s][info][gc,phases   ] GC(147)   Other: 0.05ms
[2026-07-01T01:57:09.568+0000][74.616s][info][gc,heap     ] GC(147) Eden regions: 103->0(103)
[2026-07-01T01:57:09.568+0000][74.616s][info][gc,heap     ] GC(147) Survivor regions: 8->7(14)
[2026-07-01T01:57:09.568+0000][74.616s][info][gc,heap     ] GC(147) Old regions: 171->172
[2026-07-01T01:57:09.568+0000][74.616s][info][gc,heap     ] GC(147) Humongous regions: 3->3
[2026-07-01T01:57:09.568+0000][74.616s][info][gc,metaspace] GC(147) Metaspace: 41718K(42496K)->41718K(42496K) NonClass: 36584K(36992K)->36584K(36992K) Class: 5133K(5504K)->5133K(5504K)
[2026-07-01T01:57:09.568+0000][74.616s][info][gc          ] GC(147) Pause Young (Mixed) (G1 Evacuation Pause) 284M->181M(301M) 17.591ms
[2026-07-01T01:57:09.568+0000][74.616s][info][gc,cpu      ] GC(147) User=0.03s Sys=0.00s Real=0.01s
[2026-07-01T01:57:10.080+0000][75.128s][info][gc,start    ] GC(148) Pause Young (Concurrent Start) (G1 Evacuation Pause)
[2026-07-01T01:57:10.080+0000][75.128s][info][gc,task     ] GC(148) Using 2 workers of 2 for evacuation
[2026-07-01T01:57:10.095+0000][75.142s][info][gc,phases   ] GC(148)   Pre Evacuate Collection Set: 0.22ms
[2026-07-01T01:57:10.095+0000][75.142s][info][gc,phases   ] GC(148)   Merge Heap Roots: 0.32ms
[2026-07-01T01:57:10.095+0000][75.142s][info][gc,phases   ] GC(148)   Evacuate Collection Set: 13.18ms
[2026-07-01T01:57:10.095+0000][75.142s][info][gc,phases   ] GC(148)   Post Evacuate Collection Set: 0.39ms
[2026-07-01T01:57:10.095+0000][75.142s][info][gc,phases   ] GC(148)   Other: 0.10ms
[2026-07-01T01:57:10.095+0000][75.142s][info][gc,heap     ] GC(148) Eden regions: 103->0(103)
[2026-07-01T01:57:10.095+0000][75.142s][info][gc,heap     ] GC(148) Survivor regions: 7->7(14)
[2026-07-01T01:57:10.095+0000][75.142s][info][gc,heap     ] GC(148) Old regions: 172->172
[2026-07-01T01:57:10.095+0000][75.142s][info][gc,heap     ] GC(148) Humongous regions: 3->3
[2026-07-01T01:57:10.095+0000][75.142s][info][gc,metaspace] GC(148) Metaspace: 41718K(42496K)->41718K(42496K) NonClass: 36584K(36992K)->36584K(36992K) Class: 5133K(5504K)->5133K(5504K)
[2026-07-01T01:57:10.095+0000][75.142s][info][gc          ] GC(148) Pause Young (Concurrent Start) (G1 Evacuation Pause) 284M->181M(301M) 14.374ms
[2026-07-01T01:57:10.095+0000][75.142s][info][gc          ] GC(149) Concurrent Mark Cycle
[2026-07-01T01:57:10.095+0000][75.142s][info][gc,marking  ] GC(149) Concurrent Scan Root Regions
[2026-07-01T01:57:10.096+0000][75.144s][info][gc,cpu      ] GC(148) User=0.03s Sys=0.00s Real=0.01s
[2026-07-01T01:57:10.110+0000][75.158s][info][gc,marking  ] GC(149) Concurrent Scan Root Regions 15.236ms
[2026-07-01T01:57:10.110+0000][75.158s][info][gc,marking  ] GC(149) Concurrent Mark
[2026-07-01T01:57:10.110+0000][75.158s][info][gc,marking  ] GC(149) Concurrent Mark From Roots
[2026-07-01T01:57:10.110+0000][75.158s][info][gc,task     ] GC(149) Using 1 workers of 1 for marking
[2026-07-01T01:57:10.614+0000][75.662s][info][gc,marking  ] GC(149) Concurrent Mark From Roots 504.205ms
[2026-07-01T01:57:10.614+0000][75.662s][info][gc,marking  ] GC(149) Concurrent Preclean
[2026-07-01T01:57:10.615+0000][75.662s][info][gc,marking  ] GC(149) Concurrent Preclean 0.327ms
[2026-07-01T01:57:10.615+0000][75.662s][info][gc,start    ] GC(149) Pause Remark
[2026-07-01T01:57:10.621+0000][75.669s][info][gc          ] GC(149) Pause Remark 271M->271M(301M) 6.497ms
[2026-07-01T01:57:10.621+0000][75.669s][info][gc,cpu      ] GC(149) User=0.02s Sys=0.00s Real=0.01s
[2026-07-01T01:57:10.623+0000][75.671s][info][gc,marking  ] GC(149) Concurrent Mark 513.496ms
[2026-07-01T01:57:10.623+0000][75.671s][info][gc,marking  ] GC(149) Concurrent Rebuild Remembered Sets and Scrub Regions
[2026-07-01T01:57:10.696+0000][75.743s][info][gc,start    ] GC(150) Pause Young (Normal) (G1 Evacuation Pause)
[2026-07-01T01:57:10.696+0000][75.744s][info][gc,task     ] GC(150) Using 2 workers of 2 for evacuation
[2026-07-01T01:57:10.710+0000][75.757s][info][gc,phases   ] GC(150)   Pre Evacuate Collection Set: 0.19ms
[2026-07-01T01:57:10.710+0000][75.757s][info][gc,phases   ] GC(150)   Merge Heap Roots: 0.28ms
[2026-07-01T01:57:10.710+0000][75.757s][info][gc,phases   ] GC(150)   Evacuate Collection Set: 12.86ms
[2026-07-01T01:57:10.710+0000][75.757s][info][gc,phases   ] GC(150)   Post Evacuate Collection Set: 0.48ms
[2026-07-01T01:57:10.710+0000][75.757s][info][gc,phases   ] GC(150)   Other: 0.05ms
[2026-07-01T01:57:10.710+0000][75.757s][info][gc,heap     ] GC(150) Eden regions: 103->0(102)
[2026-07-01T01:57:10.710+0000][75.757s][info][gc,heap     ] GC(150) Survivor regions: 7->8(14)
[2026-07-01T01:57:10.710+0000][75.757s][info][gc,heap     ] GC(150) Old regions: 172->172
[2026-07-01T01:57:10.710+0000][75.757s][info][gc,heap     ] GC(150) Humongous regions: 3->3
[2026-07-01T01:57:10.710+0000][75.757s][info][gc,metaspace] GC(150) Metaspace: 41718K(42496K)->41718K(42496K) NonClass: 36584K(36992K)->36584K(36992K) Class: 5133K(5504K)->5133K(5504K)
[2026-07-01T01:57:10.710+0000][75.757s][info][gc          ] GC(150) Pause Young (Normal) (G1 Evacuation Pause) 284M->182M(301M) 14.002ms
[2026-07-01T01:57:10.710+0000][75.757s][info][gc,cpu      ] GC(150) User=0.03s Sys=0.00s Real=0.02s
[2026-07-01T01:57:10.920+0000][75.968s][info][gc,marking  ] GC(149) Concurrent Rebuild Remembered Sets and Scrub Regions 296.427ms
[2026-07-01T01:57:10.920+0000][75.968s][info][gc,start    ] GC(149) Pause Cleanup
[2026-07-01T01:57:10.920+0000][75.968s][info][gc          ] GC(149) Pause Cleanup 222M->222M(301M) 0.178ms
[2026-07-01T01:57:10.920+0000][75.968s][info][gc,cpu      ] GC(149) User=0.00s Sys=0.00s Real=0.00s
[2026-07-01T01:57:10.920+0000][75.968s][info][gc,marking  ] GC(149) Concurrent Clear Claimed Marks
[2026-07-01T01:57:10.920+0000][75.968s][info][gc,marking  ] GC(149) Concurrent Clear Claimed Marks 0.078ms
[2026-07-01T01:57:10.920+0000][75.968s][info][gc,marking  ] GC(149) Concurrent Cleanup for Next Mark
[2026-07-01T01:57:10.921+0000][75.969s][info][gc,marking  ] GC(149) Concurrent Cleanup for Next Mark 0.483ms
[2026-07-01T01:57:10.921+0000][75.969s][info][gc          ] GC(149) Concurrent Mark Cycle 826.226ms
[2026-07-01T01:57:11.204+0000][76.252s][info][gc,start    ] GC(151) Pause Young (Prepare Mixed) (G1 Evacuation Pause)
[2026-07-01T01:57:11.204+0000][76.252s][info][gc,task     ] GC(151) Using 2 workers of 2 for evacuation
[2026-07-01T01:57:11.218+0000][76.266s][info][gc,phases   ] GC(151)   Pre Evacuate Collection Set: 0.52ms
[2026-07-01T01:57:11.218+0000][76.266s][info][gc,phases   ] GC(151)   Merge Heap Roots: 0.51ms
[2026-07-01T01:57:11.218+0000][76.266s][info][gc,phases   ] GC(151)   Evacuate Collection Set: 12.75ms
[2026-07-01T01:57:11.218+0000][76.266s][info][gc,phases   ] GC(151)   Post Evacuate Collection Set: 0.42ms
[2026-07-01T01:57:11.218+0000][76.266s][info][gc,phases   ] GC(151)   Other: 0.06ms
[2026-07-01T01:57:11.218+0000][76.266s][info][gc,heap     ] GC(151) Eden regions: 102->0(102)
[2026-07-01T01:57:11.218+0000][76.266s][info][gc,heap     ] GC(151) Survivor regions: 8->7(14)
[2026-07-01T01:57:11.218+0000][76.266s][info][gc,heap     ] GC(151) Old regions: 172->173
[2026-07-01T01:57:11.218+0000][76.266s][info][gc,heap     ] GC(151) Humongous regions: 3->3
[2026-07-01T01:57:11.218+0000][76.266s][info][gc,metaspace] GC(151) Metaspace: 41722K(42496K)->41722K(42496K) NonClass: 36588K(36992K)->36588K(36992K) Class: 5133K(5504K)->5133K(5504K)
[2026-07-01T01:57:11.219+0000][76.266s][info][gc          ] GC(151) Pause Young (Prepare Mixed) (G1 Evacuation Pause) 284M->182M(301M) 14.425ms
[2026-07-01T01:57:11.219+0000][76.266s][info][gc,cpu      ] GC(151) User=0.03s Sys=0.00s Real=0.02s
[2026-07-01T01:57:11.690+0000][76.738s][info][gc,start    ] GC(152) Pause Young (Mixed) (G1 Evacuation Pause)
[2026-07-01T01:57:11.690+0000][76.738s][info][gc,task     ] GC(152) Using 2 workers of 2 for evacuation
[2026-07-01T01:57:11.705+0000][76.753s][info][gc,phases   ] GC(152)   Pre Evacuate Collection Set: 0.20ms
[2026-07-01T01:57:11.705+0000][76.753s][info][gc,phases   ] GC(152)   Merge Heap Roots: 0.34ms
[2026-07-01T01:57:11.705+0000][76.753s][info][gc,phases   ] GC(152)   Evacuate Collection Set: 14.09ms
[2026-07-01T01:57:11.705+0000][76.753s][info][gc,phases   ] GC(152)   Post Evacuate Collection Set: 0.38ms
[2026-07-01T01:57:11.705+0000][76.753s][info][gc,phases   ] GC(152)   Other: 0.06ms
[2026-07-01T01:57:11.705+0000][76.753s][info][gc,heap     ] GC(152) Eden regions: 102->0(102)
[2026-07-01T01:57:11.705+0000][76.753s][info][gc,heap     ] GC(152) Survivor regions: 7->7(14)
[2026-07-01T01:57:11.705+0000][76.753s][info][gc,heap     ] GC(152) Old regions: 173->173
[2026-07-01T01:57:11.705+0000][76.753s][info][gc,heap     ] GC(152) Humongous regions: 3->3
[2026-07-01T01:57:11.705+0000][76.753s][info][gc,metaspace] GC(152) Metaspace: 41722K(42496K)->41722K(42496K) NonClass: 36588K(36992K)->36588K(36992K) Class: 5133K(5504K)->5133K(5504K)
[2026-07-01T01:57:11.705+0000][76.753s][info][gc          ] GC(152) Pause Young (Mixed) (G1 Evacuation Pause) 284M->182M(301M) 15.230ms
[2026-07-01T01:57:11.705+0000][76.753s][info][gc,cpu      ] GC(152) User=0.02s Sys=0.00s Real=0.01s
[2026-07-01T01:57:12.173+0000][77.221s][info][gc,start    ] GC(153) Pause Young (Concurrent Start) (G1 Evacuation Pause)
[2026-07-01T01:57:12.173+0000][77.221s][info][gc,task     ] GC(153) Using 2 workers of 2 for evacuation
[2026-07-01T01:57:12.187+0000][77.235s][info][gc,phases   ] GC(153)   Pre Evacuate Collection Set: 0.16ms
[2026-07-01T01:57:12.187+0000][77.235s][info][gc,phases   ] GC(153)   Merge Heap Roots: 0.33ms
[2026-07-01T01:57:12.187+0000][77.235s][info][gc,phases   ] GC(153)   Evacuate Collection Set: 12.98ms
[2026-07-01T01:57:12.187+0000][77.235s][info][gc,phases   ] GC(153)   Post Evacuate Collection Set: 0.33ms
[2026-07-01T01:57:12.187+0000][77.235s][info][gc,phases   ] GC(153)   Other: 0.09ms
[2026-07-01T01:57:12.187+0000][77.235s][info][gc,heap     ] GC(153) Eden regions: 102->0(102)
[2026-07-01T01:57:12.187+0000][77.235s][info][gc,heap     ] GC(153) Survivor regions: 7->7(14)
[2026-07-01T01:57:12.187+0000][77.235s][info][gc,heap     ] GC(153) Old regions: 173->173
[2026-07-01T01:57:12.187+0000][77.235s][info][gc,heap     ] GC(153) Humongous regions: 3->3
[2026-07-01T01:57:12.187+0000][77.235s][info][gc,metaspace] GC(153) Metaspace: 41722K(42496K)->41722K(42496K) NonClass: 36588K(36992K)->36588K(36992K) Class: 5133K(5504K)->5133K(5504K)
[2026-07-01T01:57:12.187+0000][77.235s][info][gc          ] GC(153) Pause Young (Concurrent Start) (G1 Evacuation Pause) 284M->182M(301M) 14.062ms
[2026-07-01T01:57:12.187+0000][77.235s][info][gc          ] GC(154) Concurrent Mark Cycle
[2026-07-01T01:57:12.187+0000][77.235s][info][gc,marking  ] GC(154) Concurrent Scan Root Regions
[2026-07-01T01:57:12.187+0000][77.235s][info][gc,cpu      ] GC(153) User=0.02s Sys=0.00s Real=0.01s
[2026-07-01T01:57:12.198+0000][77.246s][info][gc,marking  ] GC(154) Concurrent Scan Root Regions 10.775ms
[2026-07-01T01:57:12.198+0000][77.246s][info][gc,marking  ] GC(154) Concurrent Mark
[2026-07-01T01:57:12.198+0000][77.246s][info][gc,marking  ] GC(154) Concurrent Mark From Roots
[2026-07-01T01:57:12.198+0000][77.246s][info][gc,task     ] GC(154) Using 1 workers of 1 for marking
[2026-07-01T01:57:12.780+0000][77.828s][info][gc,start    ] GC(155) Pause Young (Normal) (G1 Evacuation Pause)
[2026-07-01T01:57:12.780+0000][77.828s][info][gc,task     ] GC(155) Using 2 workers of 2 for evacuation
[2026-07-01T01:57:12.794+0000][77.842s][info][gc,phases   ] GC(155)   Pre Evacuate Collection Set: 0.17ms
[2026-07-01T01:57:12.794+0000][77.842s][info][gc,phases   ] GC(155)   Merge Heap Roots: 0.38ms
[2026-07-01T01:57:12.794+0000][77.842s][info][gc,phases   ] GC(155)   Evacuate Collection Set: 13.45ms
[2026-07-01T01:57:12.794+0000][77.842s][info][gc,phases   ] GC(155)   Post Evacuate Collection Set: 0.38ms
[2026-07-01T01:57:12.794+0000][77.842s][info][gc,phases   ] GC(155)   Other: 0.06ms
[2026-07-01T01:57:12.794+0000][77.842s][info][gc,heap     ] GC(155) Eden regions: 102->0(101)
[2026-07-01T01:57:12.794+0000][77.842s][info][gc,heap     ] GC(155) Survivor regions: 7->7(14)
[2026-07-01T01:57:12.794+0000][77.842s][info][gc,heap     ] GC(155) Old regions: 173->174
[2026-07-01T01:57:12.794+0000][77.842s][info][gc,heap     ] GC(155) Humongous regions: 3->3
[2026-07-01T01:57:12.794+0000][77.842s][info][gc,metaspace] GC(155) Metaspace: 41722K(42496K)->41722K(42496K) NonClass: 36588K(36992K)->36588K(36992K) Class: 5133K(5504K)->5133K(5504K)
[2026-07-01T01:57:12.794+0000][77.842s][info][gc          ] GC(155) Pause Young (Normal) (G1 Evacuation Pause) 284M->183M(301M) 14.581ms
[2026-07-01T01:57:12.795+0000][77.842s][info][gc,cpu      ] GC(155) User=0.02s Sys=0.00s Real=0.01s
[2026-07-01T01:57:12.895+0000][77.943s][info][gc,marking  ] GC(154) Concurrent Mark From Roots 697.105ms
[2026-07-01T01:57:12.895+0000][77.943s][info][gc,marking  ] GC(154) Concurrent Preclean
[2026-07-01T01:57:12.898+0000][77.945s][info][gc,marking  ] GC(154) Concurrent Preclean 2.546ms
[2026-07-01T01:57:12.901+0000][77.949s][info][gc,start    ] GC(154) Pause Remark
[2026-07-01T01:57:12.907+0000][77.955s][info][gc          ] GC(154) Pause Remark 203M->203M(301M) 6.004ms
[2026-07-01T01:57:12.907+0000][77.955s][info][gc,cpu      ] GC(154) User=0.01s Sys=0.00s Real=0.00s
[2026-07-01T01:57:12.909+0000][77.957s][info][gc,marking  ] GC(154) Concurrent Mark 711.219ms
[2026-07-01T01:57:12.909+0000][77.957s][info][gc,marking  ] GC(154) Concurrent Rebuild Remembered Sets and Scrub Regions
[2026-07-01T01:57:13.291+0000][78.339s][info][gc,marking  ] GC(154) Concurrent Rebuild Remembered Sets and Scrub Regions 382.098ms
[2026-07-01T01:57:13.292+0000][78.339s][info][gc,start    ] GC(154) Pause Cleanup
[2026-07-01T01:57:13.292+0000][78.339s][info][gc          ] GC(154) Pause Cleanup 273M->273M(301M) 0.153ms
[2026-07-01T01:57:13.292+0000][78.339s][info][gc,cpu      ] GC(154) User=0.00s Sys=0.00s Real=0.00s
[2026-07-01T01:57:13.294+0000][78.341s][info][gc,marking  ] GC(154) Concurrent Clear Claimed Marks
[2026-07-01T01:57:13.294+0000][78.341s][info][gc,marking  ] GC(154) Concurrent Clear Claimed Marks 0.111ms
[2026-07-01T01:57:13.294+0000][78.341s][info][gc,marking  ] GC(154) Concurrent Cleanup for Next Mark
[2026-07-01T01:57:13.295+0000][78.343s][info][gc,marking  ] GC(154) Concurrent Cleanup for Next Mark 1.583ms
[2026-07-01T01:57:13.295+0000][78.343s][info][gc          ] GC(154) Concurrent Mark Cycle 1108.252ms
[2026-07-01T01:57:13.342+0000][78.389s][info][gc,start    ] GC(156) Pause Young (Prepare Mixed) (G1 Evacuation Pause)
[2026-07-01T01:57:13.342+0000][78.390s][info][gc,task     ] GC(156) Using 2 workers of 2 for evacuation
[2026-07-01T01:57:13.361+0000][78.409s][info][gc,phases   ] GC(156)   Pre Evacuate Collection Set: 0.19ms
[2026-07-01T01:57:13.361+0000][78.409s][info][gc,phases   ] GC(156)   Merge Heap Roots: 0.52ms
[2026-07-01T01:57:13.361+0000][78.409s][info][gc,phases   ] GC(156)   Evacuate Collection Set: 18.06ms
[2026-07-01T01:57:13.361+0000][78.409s][info][gc,phases   ] GC(156)   Post Evacuate Collection Set: 0.47ms
[2026-07-01T01:57:13.361+0000][78.409s][info][gc,phases   ] GC(156)   Other: 0.06ms
[2026-07-01T01:57:13.361+0000][78.409s][info][gc,heap     ] GC(156) Eden regions: 101->0(101)
[2026-07-01T01:57:13.361+0000][78.409s][info][gc,heap     ] GC(156) Survivor regions: 7->7(14)
[2026-07-01T01:57:13.361+0000][78.409s][info][gc,heap     ] GC(156) Old regions: 174->174
[2026-07-01T01:57:13.361+0000][78.409s][info][gc,heap     ] GC(156) Humongous regions: 3->3
[2026-07-01T01:57:13.361+0000][78.409s][info][gc,metaspace] GC(156) Metaspace: 41722K(42496K)->41722K(42496K) NonClass: 36588K(36992K)->36588K(36992K) Class: 5133K(5504K)->5133K(5504K)
[2026-07-01T01:57:13.361+0000][78.409s][info][gc          ] GC(156) Pause Young (Prepare Mixed) (G1 Evacuation Pause) 284M->183M(301M) 19.449ms
[2026-07-01T01:57:13.361+0000][78.409s][info][gc,cpu      ] GC(156) User=0.04s Sys=0.00s Real=0.02s
[2026-07-01T01:57:13.827+0000][78.875s][info][gc,start    ] GC(157) Pause Young (Mixed) (G1 Evacuation Pause)
[2026-07-01T01:57:13.827+0000][78.875s][info][gc,task     ] GC(157) Using 2 workers of 2 for evacuation
[2026-07-01T01:57:13.842+0000][78.890s][info][gc,phases   ] GC(157)   Pre Evacuate Collection Set: 0.19ms
[2026-07-01T01:57:13.842+0000][78.890s][info][gc,phases   ] GC(157)   Merge Heap Roots: 0.27ms
[2026-07-01T01:57:13.842+0000][78.890s][info][gc,phases   ] GC(157)   Evacuate Collection Set: 14.18ms
[2026-07-01T01:57:13.842+0000][78.890s][info][gc,phases   ] GC(157)   Post Evacuate Collection Set: 0.37ms
[2026-07-01T01:57:13.842+0000][78.890s][info][gc,phases   ] GC(157)   Other: 0.06ms
[2026-07-01T01:57:13.842+0000][78.890s][info][gc,heap     ] GC(157) Eden regions: 101->0(101)
[2026-07-01T01:57:13.842+0000][78.890s][info][gc,heap     ] GC(157) Survivor regions: 7->7(14)
[2026-07-01T01:57:13.842+0000][78.890s][info][gc,heap     ] GC(157) Old regions: 174->174
[2026-07-01T01:57:13.842+0000][78.890s][info][gc,heap     ] GC(157) Humongous regions: 3->3
[2026-07-01T01:57:13.842+0000][78.890s][info][gc,metaspace] GC(157) Metaspace: 41722K(42496K)->41722K(42496K) NonClass: 36588K(36992K)->36588K(36992K) Class: 5133K(5504K)->5133K(5504K)
[2026-07-01T01:57:13.842+0000][78.890s][info][gc          ] GC(157) Pause Young (Mixed) (G1 Evacuation Pause) 284M->183M(301M) 15.219ms
[2026-07-01T01:57:13.842+0000][78.890s][info][gc,cpu      ] GC(157) User=0.03s Sys=0.00s Real=0.02s
[2026-07-01T01:57:14.312+0000][79.359s][info][gc,start    ] GC(158) Pause Young (Concurrent Start) (G1 Evacuation Pause)
[2026-07-01T01:57:14.312+0000][79.359s][info][gc,task     ] GC(158) Using 2 workers of 2 for evacuation
[2026-07-01T01:57:14.326+0000][79.373s][info][gc,phases   ] GC(158)   Pre Evacuate Collection Set: 0.20ms
[2026-07-01T01:57:14.326+0000][79.373s][info][gc,phases   ] GC(158)   Merge Heap Roots: 0.33ms
[2026-07-01T01:57:14.326+0000][79.373s][info][gc,phases   ] GC(158)   Evacuate Collection Set: 12.83ms
[2026-07-01T01:57:14.326+0000][79.373s][info][gc,phases   ] GC(158)   Post Evacuate Collection Set: 0.39ms
[2026-07-01T01:57:14.326+0000][79.373s][info][gc,phases   ] GC(158)   Other: 0.10ms
[2026-07-01T01:57:14.326+0000][79.373s][info][gc,heap     ] GC(158) Eden regions: 101->0(100)
[2026-07-01T01:57:14.326+0000][79.373s][info][gc,heap     ] GC(158) Survivor regions: 7->7(14)
[2026-07-01T01:57:14.326+0000][79.373s][info][gc,heap     ] GC(158) Old regions: 174->175
[2026-07-01T01:57:14.326+0000][79.373s][info][gc,heap     ] GC(158) Humongous regions: 3->3
[2026-07-01T01:57:14.326+0000][79.373s][info][gc,metaspace] GC(158) Metaspace: 41722K(42496K)->41722K(42496K) NonClass: 36588K(36992K)->36588K(36992K) Class: 5133K(5504K)->5133K(5504K)
[2026-07-01T01:57:14.326+0000][79.373s][info][gc          ] GC(158) Pause Young (Concurrent Start) (G1 Evacuation Pause) 284M->184M(301M) 14.070ms
[2026-07-01T01:57:14.326+0000][79.373s][info][gc,cpu      ] GC(158) User=0.03s Sys=0.01s Real=0.01s
[2026-07-01T01:57:14.326+0000][79.373s][info][gc          ] GC(159) Concurrent Mark Cycle
[2026-07-01T01:57:14.330+0000][79.378s][info][gc,marking  ] GC(159) Concurrent Scan Root Regions
[2026-07-01T01:57:14.360+0000][79.407s][info][gc,marking  ] GC(159) Concurrent Scan Root Regions 29.668ms
[2026-07-01T01:57:14.360+0000][79.407s][info][gc,marking  ] GC(159) Concurrent Mark
[2026-07-01T01:57:14.360+0000][79.407s][info][gc,marking  ] GC(159) Concurrent Mark From Roots
[2026-07-01T01:57:14.360+0000][79.407s][info][gc,task     ] GC(159) Using 1 workers of 1 for marking
[2026-07-01T01:57:14.907+0000][79.954s][info][gc,start    ] GC(160) Pause Young (Normal) (G1 Evacuation Pause)
[2026-07-01T01:57:14.907+0000][79.955s][info][gc,task     ] GC(160) Using 2 workers of 2 for evacuation
[2026-07-01T01:57:14.920+0000][79.968s][info][gc,phases   ] GC(160)   Pre Evacuate Collection Set: 0.21ms
[2026-07-01T01:57:14.920+0000][79.968s][info][gc,phases   ] GC(160)   Merge Heap Roots: 0.23ms
[2026-07-01T01:57:14.920+0000][79.968s][info][gc,phases   ] GC(160)   Evacuate Collection Set: 12.14ms
[2026-07-01T01:57:14.920+0000][79.968s][info][gc,phases   ] GC(160)   Post Evacuate Collection Set: 0.37ms
[2026-07-01T01:57:14.920+0000][79.968s][info][gc,phases   ] GC(160)   Other: 0.06ms
[2026-07-01T01:57:14.920+0000][79.968s][info][gc,heap     ] GC(160) Eden regions: 100->0(100)
[2026-07-01T01:57:14.920+0000][79.968s][info][gc,heap     ] GC(160) Survivor regions: 7->7(14)
[2026-07-01T01:57:14.920+0000][79.968s][info][gc,heap     ] GC(160) Old regions: 175->175
[2026-07-01T01:57:14.920+0000][79.968s][info][gc,heap     ] GC(160) Humongous regions: 3->3
[2026-07-01T01:57:14.920+0000][79.968s][info][gc,metaspace] GC(160) Metaspace: 41726K(42496K)->41726K(42496K) NonClass: 36592K(36992K)->36592K(36992K) Class: 5133K(5504K)->5133K(5504K)
[2026-07-01T01:57:14.920+0000][79.968s][info][gc          ] GC(160) Pause Young (Normal) (G1 Evacuation Pause) 284M->184M(301M) 13.162ms
[2026-07-01T01:57:14.920+0000][79.968s][info][gc,cpu      ] GC(160) User=0.02s Sys=0.00s Real=0.02s
[2026-07-01T01:57:15.002+0000][80.049s][info][gc,marking  ] GC(159) Concurrent Mark From Roots 641.723ms
[2026-07-01T01:57:15.002+0000][80.049s][info][gc,marking  ] GC(159) Concurrent Preclean
[2026-07-01T01:57:15.002+0000][80.049s][info][gc,marking  ] GC(159) Concurrent Preclean 0.065ms
[2026-07-01T01:57:15.002+0000][80.049s][info][gc,start    ] GC(159) Pause Remark
[2026-07-01T01:57:15.008+0000][80.055s][info][gc          ] GC(159) Pause Remark 199M->199M(301M) 6.108ms
[2026-07-01T01:57:15.008+0000][80.055s][info][gc,cpu      ] GC(159) User=0.01s Sys=0.00s Real=0.00s
[2026-07-01T01:57:15.012+0000][80.060s][info][gc,marking  ] GC(159) Concurrent Mark 652.383ms
[2026-07-01T01:57:15.012+0000][80.060s][info][gc,marking  ] GC(159) Concurrent Rebuild Remembered Sets and Scrub Regions
[2026-07-01T01:57:15.403+0000][80.451s][info][gc,marking  ] GC(159) Concurrent Rebuild Remembered Sets and Scrub Regions 391.010ms
[2026-07-01T01:57:15.403+0000][80.451s][info][gc,start    ] GC(159) Pause Cleanup
[2026-07-01T01:57:15.404+0000][80.451s][info][gc          ] GC(159) Pause Cleanup 277M->277M(301M) 0.164ms
[2026-07-01T01:57:15.404+0000][80.451s][info][gc,cpu      ] GC(159) User=0.00s Sys=0.00s Real=0.00s
[2026-07-01T01:57:15.404+0000][80.452s][info][gc,marking  ] GC(159) Concurrent Clear Claimed Marks
[2026-07-01T01:57:15.405+0000][80.452s][info][gc,marking  ] GC(159) Concurrent Clear Claimed Marks 0.244ms
[2026-07-01T01:57:15.405+0000][80.452s][info][gc,marking  ] GC(159) Concurrent Cleanup for Next Mark
[2026-07-01T01:57:15.406+0000][80.454s][info][gc,marking  ] GC(159) Concurrent Cleanup for Next Mark 1.545ms
[2026-07-01T01:57:15.406+0000][80.454s][info][gc          ] GC(159) Concurrent Mark Cycle 1080.372ms
[2026-07-01T01:57:15.433+0000][80.481s][info][gc,start    ] GC(161) Pause Young (Prepare Mixed) (G1 Evacuation Pause)
[2026-07-01T01:57:15.433+0000][80.481s][info][gc,task     ] GC(161) Using 2 workers of 2 for evacuation
[2026-07-01T01:57:15.452+0000][80.500s][info][gc,phases   ] GC(161)   Pre Evacuate Collection Set: 0.15ms
[2026-07-01T01:57:15.452+0000][80.500s][info][gc,phases   ] GC(161)   Merge Heap Roots: 0.50ms
[2026-07-01T01:57:15.452+0000][80.500s][info][gc,phases   ] GC(161)   Evacuate Collection Set: 17.47ms
[2026-07-01T01:57:15.452+0000][80.500s][info][gc,phases   ] GC(161)   Post Evacuate Collection Set: 0.51ms
[2026-07-01T01:57:15.452+0000][80.500s][info][gc,phases   ] GC(161)   Other: 0.05ms
[2026-07-01T01:57:15.452+0000][80.500s][info][gc,heap     ] GC(161) Eden regions: 100->0(100)
[2026-07-01T01:57:15.452+0000][80.500s][info][gc,heap     ] GC(161) Survivor regions: 7->7(14)
[2026-07-01T01:57:15.452+0000][80.500s][info][gc,heap     ] GC(161) Old regions: 175->175
[2026-07-01T01:57:15.452+0000][80.500s][info][gc,heap     ] GC(161) Humongous regions: 3->3
[2026-07-01T01:57:15.452+0000][80.500s][info][gc,metaspace] GC(161) Metaspace: 41726K(42496K)->41726K(42496K) NonClass: 36592K(36992K)->36592K(36992K) Class: 5133K(5504K)->5133K(5504K)
[2026-07-01T01:57:15.452+0000][80.500s][info][gc          ] GC(161) Pause Young (Prepare Mixed) (G1 Evacuation Pause) 284M->184M(301M) 18.813ms
[2026-07-01T01:57:15.452+0000][80.500s][info][gc,cpu      ] GC(161) User=0.04s Sys=0.00s Real=0.02s
[2026-07-01T01:57:15.900+0000][80.948s][info][gc,start    ] GC(162) Pause Young (Mixed) (G1 Evacuation Pause)
[2026-07-01T01:57:15.900+0000][80.948s][info][gc,task     ] GC(162) Using 2 workers of 2 for evacuation
[2026-07-01T01:57:15.915+0000][80.962s][info][gc,phases   ] GC(162)   Pre Evacuate Collection Set: 0.21ms
[2026-07-01T01:57:15.915+0000][80.962s][info][gc,phases   ] GC(162)   Merge Heap Roots: 0.31ms
[2026-07-01T01:57:15.915+0000][80.962s][info][gc,phases   ] GC(162)   Evacuate Collection Set: 13.63ms
[2026-07-01T01:57:15.915+0000][80.962s][info][gc,phases   ] GC(162)   Post Evacuate Collection Set: 0.38ms
[2026-07-01T01:57:15.915+0000][80.962s][info][gc,phases   ] GC(162)   Other: 0.05ms
[2026-07-01T01:57:15.915+0000][80.962s][info][gc,heap     ] GC(162) Eden regions: 100->0(99)
[2026-07-01T01:57:15.915+0000][80.962s][info][gc,heap     ] GC(162) Survivor regions: 7->7(14)
[2026-07-01T01:57:15.915+0000][80.962s][info][gc,heap     ] GC(162) Old regions: 175->176
[2026-07-01T01:57:15.915+0000][80.962s][info][gc,heap     ] GC(162) Humongous regions: 3->3
[2026-07-01T01:57:15.915+0000][80.962s][info][gc,metaspace] GC(162) Metaspace: 41726K(42560K)->41726K(42560K) NonClass: 36593K(37056K)->36593K(37056K) Class: 5133K(5504K)->5133K(5504K)
[2026-07-01T01:57:15.915+0000][80.962s][info][gc          ] GC(162) Pause Young (Mixed) (G1 Evacuation Pause) 284M->185M(301M) 14.735ms
[2026-07-01T01:57:15.915+0000][80.962s][info][gc,cpu      ] GC(162) User=0.03s Sys=0.00s Real=0.01s
[2026-07-01T01:57:16.364+0000][81.412s][info][gc,start    ] GC(163) Pause Young (Concurrent Start) (G1 Evacuation Pause)
[2026-07-01T01:57:16.364+0000][81.412s][info][gc,task     ] GC(163) Using 2 workers of 2 for evacuation
[2026-07-01T01:57:16.378+0000][81.425s][info][gc,phases   ] GC(163)   Pre Evacuate Collection Set: 0.17ms
[2026-07-01T01:57:16.378+0000][81.425s][info][gc,phases   ] GC(163)   Merge Heap Roots: 0.32ms
[2026-07-01T01:57:16.378+0000][81.425s][info][gc,phases   ] GC(163)   Evacuate Collection Set: 12.79ms
[2026-07-01T01:57:16.378+0000][81.425s][info][gc,phases   ] GC(163)   Post Evacuate Collection Set: 0.37ms
[2026-07-01T01:57:16.378+0000][81.426s][info][gc,phases   ] GC(163)   Other: 0.07ms
[2026-07-01T01:57:16.378+0000][81.426s][info][gc,heap     ] GC(163) Eden regions: 99->0(99)
[2026-07-01T01:57:16.378+0000][81.426s][info][gc,heap     ] GC(163) Survivor regions: 7->7(14)
[2026-07-01T01:57:16.378+0000][81.426s][info][gc,heap     ] GC(163) Old regions: 176->176
[2026-07-01T01:57:16.378+0000][81.426s][info][gc,heap     ] GC(163) Humongous regions: 3->3
[2026-07-01T01:57:16.378+0000][81.426s][info][gc,metaspace] GC(163) Metaspace: 41727K(42560K)->41727K(42560K) NonClass: 36593K(37056K)->36593K(37056K) Class: 5133K(5504K)->5133K(5504K)
[2026-07-01T01:57:16.378+0000][81.426s][info][gc          ] GC(163) Pause Young (Concurrent Start) (G1 Evacuation Pause) 284M->185M(301M) 13.889ms
[2026-07-01T01:57:16.378+0000][81.426s][info][gc          ] GC(164) Concurrent Mark Cycle
[2026-07-01T01:57:16.378+0000][81.426s][info][gc,marking  ] GC(164) Concurrent Scan Root Regions
[2026-07-01T01:57:16.378+0000][81.426s][info][gc,cpu      ] GC(163) User=0.03s Sys=0.00s Real=0.01s
[2026-07-01T01:57:16.393+0000][81.441s][info][gc,marking  ] GC(164) Concurrent Scan Root Regions 15.414ms
[2026-07-01T01:57:16.393+0000][81.441s][info][gc,marking  ] GC(164) Concurrent Mark
[2026-07-01T01:57:16.393+0000][81.441s][info][gc,marking  ] GC(164) Concurrent Mark From Roots
[2026-07-01T01:57:16.393+0000][81.441s][info][gc,task     ] GC(164) Using 1 workers of 1 for marking
[2026-07-01T01:57:16.811+0000][81.858s][info][gc,marking  ] GC(164) Concurrent Mark From Roots 417.145ms
[2026-07-01T01:57:16.811+0000][81.858s][info][gc,marking  ] GC(164) Concurrent Preclean
[2026-07-01T01:57:16.811+0000][81.858s][info][gc,marking  ] GC(164) Concurrent Preclean 0.067ms
[2026-07-01T01:57:16.811+0000][81.858s][info][gc,start    ] GC(164) Pause Remark
[2026-07-01T01:57:16.818+0000][81.866s][info][gc          ] GC(164) Pause Remark 236M->236M(301M) 7.718ms
[2026-07-01T01:57:16.819+0000][81.866s][info][gc,cpu      ] GC(164) User=0.01s Sys=0.00s Real=0.01s
[2026-07-01T01:57:16.820+0000][81.867s][info][gc,marking  ] GC(164) Concurrent Mark 426.328ms
[2026-07-01T01:57:16.820+0000][81.867s][info][gc,marking  ] GC(164) Concurrent Rebuild Remembered Sets and Scrub Regions
[2026-07-01T01:57:16.980+0000][82.028s][info][gc,marking  ] GC(164) Concurrent Rebuild Remembered Sets and Scrub Regions 160.105ms
[2026-07-01T01:57:16.980+0000][82.028s][info][gc,start    ] GC(164) Pause Cleanup
[2026-07-01T01:57:16.980+0000][82.028s][info][gc          ] GC(164) Pause Cleanup 251M->251M(301M) 0.159ms
[2026-07-01T01:57:16.980+0000][82.028s][info][gc,cpu      ] GC(164) User=0.00s Sys=0.00s Real=0.00s
[2026-07-01T01:57:16.980+0000][82.028s][info][gc,marking  ] GC(164) Concurrent Clear Claimed Marks
[2026-07-01T01:57:16.980+0000][82.028s][info][gc,marking  ] GC(164) Concurrent Clear Claimed Marks 0.090ms
[2026-07-01T01:57:16.980+0000][82.028s][info][gc,marking  ] GC(164) Concurrent Cleanup for Next Mark
[2026-07-01T01:57:16.981+0000][82.028s][info][gc,marking  ] GC(164) Concurrent Cleanup for Next Mark 0.475ms
[2026-07-01T01:57:16.981+0000][82.028s][info][gc          ] GC(164) Concurrent Mark Cycle 602.872ms
[2026-07-01T01:57:17.227+0000][82.275s][info][gc,start    ] GC(165) Pause Young (Prepare Mixed) (G1 Evacuation Pause)
[2026-07-01T01:57:17.227+0000][82.275s][info][gc,task     ] GC(165) Using 2 workers of 2 for evacuation
[2026-07-01T01:57:17.263+0000][82.310s][info][gc,phases   ] GC(165)   Pre Evacuate Collection Set: 0.18ms
[2026-07-01T01:57:17.263+0000][82.310s][info][gc,phases   ] GC(165)   Merge Heap Roots: 0.84ms
[2026-07-01T01:57:17.263+0000][82.310s][info][gc,phases   ] GC(165)   Evacuate Collection Set: 33.59ms
[2026-07-01T01:57:17.263+0000][82.310s][info][gc,phases   ] GC(165)   Post Evacuate Collection Set: 0.79ms
[2026-07-01T01:57:17.263+0000][82.310s][info][gc,phases   ] GC(165)   Other: 0.06ms
[2026-07-01T01:57:17.263+0000][82.310s][info][gc,heap     ] GC(165) Eden regions: 99->0(99)
[2026-07-01T01:57:17.263+0000][82.310s][info][gc,heap     ] GC(165) Survivor regions: 7->7(14)
[2026-07-01T01:57:17.263+0000][82.310s][info][gc,heap     ] GC(165) Old regions: 176->176
[2026-07-01T01:57:17.263+0000][82.310s][info][gc,heap     ] GC(165) Humongous regions: 3->3
[2026-07-01T01:57:17.263+0000][82.310s][info][gc,metaspace] GC(165) Metaspace: 41727K(42560K)->41727K(42560K) NonClass: 36593K(37056K)->36593K(37056K) Class: 5133K(5504K)->5133K(5504K)
[2026-07-01T01:57:17.263+0000][82.310s][info][gc          ] GC(165) Pause Young (Prepare Mixed) (G1 Evacuation Pause) 284M->185M(301M) 35.660ms
[2026-07-01T01:57:17.263+0000][82.311s][info][gc,cpu      ] GC(165) User=0.03s Sys=0.00s Real=0.04s
[2026-07-01T01:57:17.963+0000][83.011s][info][gc,start    ] GC(166) Pause Young (Mixed) (G1 Evacuation Pause)
[2026-07-01T01:57:17.963+0000][83.011s][info][gc,task     ] GC(166) Using 2 workers of 2 for evacuation
[2026-07-01T01:57:18.003+0000][83.050s][info][gc,phases   ] GC(166)   Pre Evacuate Collection Set: 0.22ms
[2026-07-01T01:57:18.003+0000][83.051s][info][gc,phases   ] GC(166)   Merge Heap Roots: 0.48ms
[2026-07-01T01:57:18.003+0000][83.051s][info][gc,phases   ] GC(166)   Evacuate Collection Set: 37.86ms
[2026-07-01T01:57:18.003+0000][83.051s][info][gc,phases   ] GC(166)   Post Evacuate Collection Set: 0.73ms
[2026-07-01T01:57:18.003+0000][83.051s][info][gc,phases   ] GC(166)   Other: 0.06ms
[2026-07-01T01:57:18.003+0000][83.051s][info][gc,heap     ] GC(166) Eden regions: 99->0(99)
[2026-07-01T01:57:18.003+0000][83.051s][info][gc,heap     ] GC(166) Survivor regions: 7->7(14)
[2026-07-01T01:57:18.003+0000][83.051s][info][gc,heap     ] GC(166) Old regions: 176->176
[2026-07-01T01:57:18.003+0000][83.051s][info][gc,heap     ] GC(166) Humongous regions: 3->3
[2026-07-01T01:57:18.003+0000][83.051s][info][gc,metaspace] GC(166) Metaspace: 41727K(42560K)->41727K(42560K) NonClass: 36593K(37056K)->36593K(37056K) Class: 5133K(5504K)->5133K(5504K)
[2026-07-01T01:57:18.003+0000][83.051s][info][gc          ] GC(166) Pause Young (Mixed) (G1 Evacuation Pause) 284M->185M(301M) 39.565ms
[2026-07-01T01:57:18.003+0000][83.051s][info][gc,cpu      ] GC(166) User=0.04s Sys=0.00s Real=0.04s
[2026-07-01T01:57:18.719+0000][83.767s][info][gc,start    ] GC(167) Pause Young (Concurrent Start) (G1 Evacuation Pause)
[2026-07-01T01:57:18.719+0000][83.767s][info][gc,task     ] GC(167) Using 2 workers of 2 for evacuation
[2026-07-01T01:57:18.752+0000][83.799s][info][gc,phases   ] GC(167)   Pre Evacuate Collection Set: 0.18ms
[2026-07-01T01:57:18.752+0000][83.799s][info][gc,phases   ] GC(167)   Merge Heap Roots: 0.43ms
[2026-07-01T01:57:18.752+0000][83.799s][info][gc,phases   ] GC(167)   Evacuate Collection Set: 31.06ms
[2026-07-01T01:57:18.752+0000][83.799s][info][gc,phases   ] GC(167)   Post Evacuate Collection Set: 0.51ms
[2026-07-01T01:57:18.752+0000][83.799s][info][gc,phases   ] GC(167)   Other: 0.08ms
[2026-07-01T01:57:18.752+0000][83.799s][info][gc,heap     ] GC(167) Eden regions: 99->0(98)
[2026-07-01T01:57:18.752+0000][83.799s][info][gc,heap     ] GC(167) Survivor regions: 7->7(14)
[2026-07-01T01:57:18.752+0000][83.799s][info][gc,heap     ] GC(167) Old regions: 176->177
[2026-07-01T01:57:18.752+0000][83.799s][info][gc,heap     ] GC(167) Humongous regions: 3->3
[2026-07-01T01:57:18.752+0000][83.799s][info][gc,metaspace] GC(167) Metaspace: 41727K(42560K)->41727K(42560K) NonClass: 36593K(37056K)->36593K(37056K) Class: 5133K(5504K)->5133K(5504K)
[2026-07-01T01:57:18.752+0000][83.799s][info][gc          ] GC(167) Pause Young (Concurrent Start) (G1 Evacuation Pause) 284M->185M(301M) 32.454ms
[2026-07-01T01:57:18.752+0000][83.799s][info][gc          ] GC(168) Concurrent Mark Cycle
[2026-07-01T01:57:18.752+0000][83.799s][info][gc,marking  ] GC(168) Concurrent Scan Root Regions
[2026-07-01T01:57:18.752+0000][83.799s][info][gc,cpu      ] GC(167) User=0.04s Sys=0.00s Real=0.03s
[2026-07-01T01:57:18.770+0000][83.817s][info][gc,marking  ] GC(168) Concurrent Scan Root Regions 17.703ms
[2026-07-01T01:57:18.770+0000][83.817s][info][gc,marking  ] GC(168) Concurrent Mark
[2026-07-01T01:57:18.770+0000][83.817s][info][gc,marking  ] GC(168) Concurrent Mark From Roots
[2026-07-01T01:57:18.770+0000][83.817s][info][gc,task     ] GC(168) Using 1 workers of 1 for marking
[2026-07-01T01:57:19.171+0000][84.218s][info][gc,marking  ] GC(168) Concurrent Mark From Roots 401.268ms
[2026-07-01T01:57:19.171+0000][84.219s][info][gc,marking  ] GC(168) Concurrent Preclean
[2026-07-01T01:57:19.171+0000][84.219s][info][gc,marking  ] GC(168) Concurrent Preclean 0.078ms
[2026-07-01T01:57:19.171+0000][84.219s][info][gc,start    ] GC(168) Pause Remark
[2026-07-01T01:57:19.178+0000][84.225s][info][gc          ] GC(168) Pause Remark 225M->225M(301M) 6.504ms
[2026-07-01T01:57:19.178+0000][84.225s][info][gc,cpu      ] GC(168) User=0.01s Sys=0.00s Real=0.00s
[2026-07-01T01:57:19.183+0000][84.231s][info][gc,marking  ] GC(168) Concurrent Mark 413.529ms
[2026-07-01T01:57:19.183+0000][84.231s][info][gc,marking  ] GC(168) Concurrent Rebuild Remembered Sets and Scrub Regions
[2026-07-01T01:57:19.347+0000][84.394s][info][gc,marking  ] GC(168) Concurrent Rebuild Remembered Sets and Scrub Regions 163.659ms
[2026-07-01T01:57:19.347+0000][84.395s][info][gc,start    ] GC(168) Pause Cleanup
[2026-07-01T01:57:19.347+0000][84.395s][info][gc          ] GC(168) Pause Cleanup 244M->244M(301M) 0.143ms
[2026-07-01T01:57:19.347+0000][84.395s][info][gc,cpu      ] GC(168) User=0.00s Sys=0.00s Real=0.00s
[2026-07-01T01:57:19.349+0000][84.397s][info][gc,marking  ] GC(168) Concurrent Clear Claimed Marks
[2026-07-01T01:57:19.349+0000][84.397s][info][gc,marking  ] GC(168) Concurrent Clear Claimed Marks 0.092ms
[2026-07-01T01:57:19.349+0000][84.397s][info][gc,marking  ] GC(168) Concurrent Cleanup for Next Mark
[2026-07-01T01:57:19.350+0000][84.397s][info][gc,marking  ] GC(168) Concurrent Cleanup for Next Mark 0.470ms
[2026-07-01T01:57:19.350+0000][84.397s][info][gc          ] GC(168) Concurrent Mark Cycle 598.024ms
[2026-07-01T01:57:19.620+0000][84.668s][info][gc,start    ] GC(169) Pause Young (Prepare Mixed) (G1 Evacuation Pause)
[2026-07-01T01:57:19.620+0000][84.668s][info][gc,task     ] GC(169) Using 2 workers of 2 for evacuation
[2026-07-01T01:57:19.646+0000][84.694s][info][gc,phases   ] GC(169)   Pre Evacuate Collection Set: 0.20ms
[2026-07-01T01:57:19.646+0000][84.694s][info][gc,phases   ] GC(169)   Merge Heap Roots: 0.75ms
[2026-07-01T01:57:19.646+0000][84.694s][info][gc,phases   ] GC(169)   Evacuate Collection Set: 24.73ms
[2026-07-01T01:57:19.646+0000][84.694s][info][gc,phases   ] GC(169)   Post Evacuate Collection Set: 0.44ms
[2026-07-01T01:57:19.646+0000][84.694s][info][gc,phases   ] GC(169)   Other: 0.06ms
[2026-07-01T01:57:19.646+0000][84.694s][info][gc,heap     ] GC(169) Eden regions: 98->0(98)
[2026-07-01T01:57:19.646+0000][84.694s][info][gc,heap     ] GC(169) Survivor regions: 7->7(14)
[2026-07-01T01:57:19.646+0000][84.694s][info][gc,heap     ] GC(169) Old regions: 177->177
[2026-07-01T01:57:19.646+0000][84.694s][info][gc,heap     ] GC(169) Humongous regions: 3->3
[2026-07-01T01:57:19.646+0000][84.694s][info][gc,metaspace] GC(169) Metaspace: 41727K(42560K)->41727K(42560K) NonClass: 36594K(37056K)->36594K(37056K) Class: 5133K(5504K)->5133K(5504K)
[2026-07-01T01:57:19.646+0000][84.694s][info][gc          ] GC(169) Pause Young (Prepare Mixed) (G1 Evacuation Pause) 283M->186M(301M) 26.376ms
[2026-07-01T01:57:19.646+0000][84.694s][info][gc,cpu      ] GC(169) User=0.04s Sys=0.00s Real=0.02s
[2026-07-01T01:57:20.339+0000][85.387s][info][gc,start    ] GC(170) Pause Young (Mixed) (G1 Evacuation Pause)
[2026-07-01T01:57:20.340+0000][85.387s][info][gc,task     ] GC(170) Using 2 workers of 2 for evacuation
[2026-07-01T01:57:20.379+0000][85.427s][info][gc,phases   ] GC(170)   Pre Evacuate Collection Set: 0.19ms
[2026-07-01T01:57:20.379+0000][85.427s][info][gc,phases   ] GC(170)   Merge Heap Roots: 0.61ms
[2026-07-01T01:57:20.379+0000][85.427s][info][gc,phases   ] GC(170)   Evacuate Collection Set: 37.94ms
[2026-07-01T01:57:20.379+0000][85.427s][info][gc,phases   ] GC(170)   Post Evacuate Collection Set: 0.69ms
[2026-07-01T01:57:20.379+0000][85.427s][info][gc,phases   ] GC(170)   Other: 0.06ms
[2026-07-01T01:57:20.379+0000][85.427s][info][gc,heap     ] GC(170) Eden regions: 98->0(98)
[2026-07-01T01:57:20.379+0000][85.427s][info][gc,heap     ] GC(170) Survivor regions: 7->7(14)
[2026-07-01T01:57:20.379+0000][85.427s][info][gc,heap     ] GC(170) Old regions: 177->177
[2026-07-01T01:57:20.379+0000][85.427s][info][gc,heap     ] GC(170) Humongous regions: 3->3
[2026-07-01T01:57:20.379+0000][85.427s][info][gc,metaspace] GC(170) Metaspace: 41728K(42560K)->41728K(42560K) NonClass: 36594K(37056K)->36594K(37056K) Class: 5133K(5504K)->5133K(5504K)
[2026-07-01T01:57:20.379+0000][85.427s][info][gc          ] GC(170) Pause Young (Mixed) (G1 Evacuation Pause) 284M->186M(301M) 39.703ms
[2026-07-01T01:57:20.379+0000][85.427s][info][gc,cpu      ] GC(170) User=0.04s Sys=0.00s Real=0.04s
[2026-07-01T01:57:21.126+0000][86.173s][info][gc,start    ] GC(171) Pause Young (Concurrent Start) (G1 Evacuation Pause)
[2026-07-01T01:57:21.126+0000][86.173s][info][gc,task     ] GC(171) Using 2 workers of 2 for evacuation
[2026-07-01T01:57:21.163+0000][86.210s][info][gc,phases   ] GC(171)   Pre Evacuate Collection Set: 0.19ms
[2026-07-01T01:57:21.163+0000][86.210s][info][gc,phases   ] GC(171)   Merge Heap Roots: 0.26ms
[2026-07-01T01:57:21.163+0000][86.210s][info][gc,phases   ] GC(171)   Evacuate Collection Set: 35.99ms
[2026-07-01T01:57:21.163+0000][86.210s][info][gc,phases   ] GC(171)   Post Evacuate Collection Set: 0.57ms
[2026-07-01T01:57:21.163+0000][86.210s][info][gc,phases   ] GC(171)   Other: 0.08ms
[2026-07-01T01:57:21.163+0000][86.210s][info][gc,heap     ] GC(171) Eden regions: 98->0(97)
[2026-07-01T01:57:21.163+0000][86.210s][info][gc,heap     ] GC(171) Survivor regions: 7->7(14)
[2026-07-01T01:57:21.163+0000][86.210s][info][gc,heap     ] GC(171) Old regions: 177->178
[2026-07-01T01:57:21.163+0000][86.210s][info][gc,heap     ] GC(171) Humongous regions: 3->3
[2026-07-01T01:57:21.163+0000][86.210s][info][gc,metaspace] GC(171) Metaspace: 41728K(42560K)->41728K(42560K) NonClass: 36594K(37056K)->36594K(37056K) Class: 5133K(5504K)->5133K(5504K)
[2026-07-01T01:57:21.163+0000][86.210s][info][gc          ] GC(171) Pause Young (Concurrent Start) (G1 Evacuation Pause) 284M->186M(301M) 37.279ms
[2026-07-01T01:57:21.163+0000][86.211s][info][gc          ] GC(172) Concurrent Mark Cycle
[2026-07-01T01:57:21.163+0000][86.211s][info][gc,marking  ] GC(172) Concurrent Scan Root Regions
[2026-07-01T01:57:21.164+0000][86.212s][info][gc,cpu      ] GC(171) User=0.04s Sys=0.00s Real=0.04s
[2026-07-01T01:57:21.182+0000][86.229s][info][gc,marking  ] GC(172) Concurrent Scan Root Regions 18.697ms
[2026-07-01T01:57:21.182+0000][86.229s][info][gc,marking  ] GC(172) Concurrent Mark
[2026-07-01T01:57:21.182+0000][86.229s][info][gc,marking  ] GC(172) Concurrent Mark From Roots
[2026-07-01T01:57:21.182+0000][86.229s][info][gc,task     ] GC(172) Using 1 workers of 1 for marking
[2026-07-01T01:57:21.558+0000][86.606s][info][gc,marking  ] GC(172) Concurrent Mark From Roots 376.803ms
[2026-07-01T01:57:21.558+0000][86.606s][info][gc,marking  ] GC(172) Concurrent Preclean
[2026-07-01T01:57:21.559+0000][86.606s][info][gc,marking  ] GC(172) Concurrent Preclean 0.063ms
[2026-07-01T01:57:21.559+0000][86.606s][info][gc,start    ] GC(172) Pause Remark
[2026-07-01T01:57:21.569+0000][86.616s][info][gc          ] GC(172) Pause Remark 232M->232M(301M) 10.198ms
[2026-07-01T01:57:21.569+0000][86.616s][info][gc,cpu      ] GC(172) User=0.02s Sys=0.00s Real=0.01s
[2026-07-01T01:57:21.570+0000][86.618s][info][gc,marking  ] GC(172) Concurrent Mark 388.839ms
[2026-07-01T01:57:21.570+0000][86.618s][info][gc,marking  ] GC(172) Concurrent Rebuild Remembered Sets and Scrub Regions
[2026-07-01T01:57:21.813+0000][86.860s][info][gc,marking  ] GC(172) Concurrent Rebuild Remembered Sets and Scrub Regions 242.187ms
[2026-07-01T01:57:21.813+0000][86.860s][info][gc,start    ] GC(172) Pause Cleanup
[2026-07-01T01:57:21.813+0000][86.861s][info][gc          ] GC(172) Pause Cleanup 260M->260M(301M) 0.165ms
[2026-07-01T01:57:21.813+0000][86.861s][info][gc,cpu      ] GC(172) User=0.00s Sys=0.00s Real=0.00s
[2026-07-01T01:57:21.813+0000][86.861s][info][gc,marking  ] GC(172) Concurrent Clear Claimed Marks
[2026-07-01T01:57:21.813+0000][86.861s][info][gc,marking  ] GC(172) Concurrent Clear Claimed Marks 0.080ms
[2026-07-01T01:57:21.813+0000][86.861s][info][gc,marking  ] GC(172) Concurrent Cleanup for Next Mark
[2026-07-01T01:57:21.814+0000][86.862s][info][gc,marking  ] GC(172) Concurrent Cleanup for Next Mark 0.727ms
[2026-07-01T01:57:21.814+0000][86.862s][info][gc          ] GC(172) Concurrent Mark Cycle 651.053ms
[2026-07-01T01:57:21.967+0000][87.014s][info][gc,start    ] GC(173) Pause Young (Prepare Mixed) (G1 Evacuation Pause)
[2026-07-01T01:57:21.967+0000][87.014s][info][gc,task     ] GC(173) Using 2 workers of 2 for evacuation
[2026-07-01T01:57:22.006+0000][87.054s][info][gc,phases   ] GC(173)   Pre Evacuate Collection Set: 0.17ms
[2026-07-01T01:57:22.006+0000][87.054s][info][gc,phases   ] GC(173)   Merge Heap Roots: 0.81ms
[2026-07-01T01:57:22.006+0000][87.054s][info][gc,phases   ] GC(173)   Evacuate Collection Set: 37.50ms
[2026-07-01T01:57:22.006+0000][87.054s][info][gc,phases   ] GC(173)   Post Evacuate Collection Set: 0.78ms
[2026-07-01T01:57:22.006+0000][87.054s][info][gc,phases   ] GC(173)   Other: 0.06ms
[2026-07-01T01:57:22.006+0000][87.054s][info][gc,heap     ] GC(173) Eden regions: 97->0(97)
[2026-07-01T01:57:22.006+0000][87.054s][info][gc,heap     ] GC(173) Survivor regions: 7->7(13)
[2026-07-01T01:57:22.006+0000][87.054s][info][gc,heap     ] GC(173) Old regions: 178->178
[2026-07-01T01:57:22.006+0000][87.054s][info][gc,heap     ] GC(173) Humongous regions: 3->3
[2026-07-01T01:57:22.006+0000][87.054s][info][gc,metaspace] GC(173) Metaspace: 41728K(42560K)->41728K(42560K) NonClass: 36594K(37056K)->36594K(37056K) Class: 5133K(5504K)->5133K(5504K)
[2026-07-01T01:57:22.006+0000][87.054s][info][gc          ] GC(173) Pause Young (Prepare Mixed) (G1 Evacuation Pause) 283M->187M(301M) 39.527ms
[2026-07-01T01:57:22.006+0000][87.054s][info][gc,cpu      ] GC(173) User=0.03s Sys=0.00s Real=0.04s
[2026-07-01T01:57:22.736+0000][87.783s][info][gc,start    ] GC(174) Pause Young (Mixed) (G1 Evacuation Pause)
[2026-07-01T01:57:22.736+0000][87.783s][info][gc,task     ] GC(174) Using 2 workers of 2 for evacuation
[2026-07-01T01:57:22.756+0000][87.803s][info][gc,phases   ] GC(174)   Pre Evacuate Collection Set: 0.16ms
[2026-07-01T01:57:22.756+0000][87.803s][info][gc,phases   ] GC(174)   Merge Heap Roots: 0.27ms
[2026-07-01T01:57:22.756+0000][87.803s][info][gc,phases   ] GC(174)   Evacuate Collection Set: 18.21ms
[2026-07-01T01:57:22.756+0000][87.803s][info][gc,phases   ] GC(174)   Post Evacuate Collection Set: 1.39ms
[2026-07-01T01:57:22.756+0000][87.803s][info][gc,phases   ] GC(174)   Other: 0.06ms
[2026-07-01T01:57:22.756+0000][87.804s][info][gc,heap     ] GC(174) Eden regions: 97->0(190)
[2026-07-01T01:57:22.756+0000][87.804s][info][gc,heap     ] GC(174) Survivor regions: 7->7(13)
[2026-07-01T01:57:22.756+0000][87.804s][info][gc,heap     ] GC(174) Old regions: 178->178
[2026-07-01T01:57:22.756+0000][87.804s][info][gc,heap     ] GC(174) Humongous regions: 3->3
[2026-07-01T01:57:22.756+0000][87.804s][info][gc,metaspace] GC(174) Metaspace: 41728K(42560K)->41728K(42560K) NonClass: 36595K(37056K)->36595K(37056K) Class: 5133K(5504K)->5133K(5504K)
[2026-07-01T01:57:22.756+0000][87.804s][info][gc          ] GC(174) Pause Young (Mixed) (G1 Evacuation Pause) 284M->187M(399M) 20.283ms
[2026-07-01T01:57:22.756+0000][87.804s][info][gc,cpu      ] GC(174) User=0.04s Sys=0.00s Real=0.02s
[2026-07-01T01:57:23.823+0000][88.871s][info][gc,start    ] GC(175) Pause Young (Normal) (G1 Evacuation Pause)
[2026-07-01T01:57:23.823+0000][88.871s][info][gc,task     ] GC(175) Using 2 workers of 2 for evacuation
[2026-07-01T01:57:23.842+0000][88.890s][info][gc,phases   ] GC(175)   Pre Evacuate Collection Set: 0.25ms
[2026-07-01T01:57:23.842+0000][88.890s][info][gc,phases   ] GC(175)   Merge Heap Roots: 0.50ms
[2026-07-01T01:57:23.842+0000][88.890s][info][gc,phases   ] GC(175)   Evacuate Collection Set: 17.56ms
[2026-07-01T01:57:23.842+0000][88.890s][info][gc,phases   ] GC(175)   Post Evacuate Collection Set: 0.48ms
[2026-07-01T01:57:23.842+0000][88.890s][info][gc,phases   ] GC(175)   Other: 0.13ms
[2026-07-01T01:57:23.842+0000][88.890s][info][gc,heap     ] GC(175) Eden regions: 190->0(189)
[2026-07-01T01:57:23.842+0000][88.890s][info][gc,heap     ] GC(175) Survivor regions: 7->7(25)
[2026-07-01T01:57:23.842+0000][88.890s][info][gc,heap     ] GC(175) Old regions: 178->179
[2026-07-01T01:57:23.842+0000][88.890s][info][gc,heap     ] GC(175) Humongous regions: 3->3
[2026-07-01T01:57:23.842+0000][88.890s][info][gc,metaspace] GC(175) Metaspace: 41728K(42560K)->41728K(42560K) NonClass: 36595K(37056K)->36595K(37056K) Class: 5133K(5504K)->5133K(5504K)
[2026-07-01T01:57:23.842+0000][88.890s][info][gc          ] GC(175) Pause Young (Normal) (G1 Evacuation Pause) 377M->188M(399M) 19.073ms
[2026-07-01T01:57:23.842+0000][88.890s][info][gc,cpu      ] GC(175) User=0.04s Sys=0.00s Real=0.02s
[2026-07-01T01:57:24.731+0000][89.779s][info][gc,start    ] GC(176) Pause Young (Normal) (G1 Evacuation Pause)
[2026-07-01T01:57:24.731+0000][89.779s][info][gc,task     ] GC(176) Using 2 workers of 2 for evacuation
[2026-07-01T01:57:24.750+0000][89.798s][info][gc,phases   ] GC(176)   Pre Evacuate Collection Set: 0.19ms
[2026-07-01T01:57:24.750+0000][89.798s][info][gc,phases   ] GC(176)   Merge Heap Roots: 0.28ms
[2026-07-01T01:57:24.750+0000][89.798s][info][gc,phases   ] GC(176)   Evacuate Collection Set: 18.07ms
[2026-07-01T01:57:24.750+0000][89.798s][info][gc,phases   ] GC(176)   Post Evacuate Collection Set: 0.49ms
[2026-07-01T01:57:24.750+0000][89.798s][info][gc,phases   ] GC(176)   Other: 0.05ms
[2026-07-01T01:57:24.750+0000][89.798s][info][gc,heap     ] GC(176) Eden regions: 189->0(189)
[2026-07-01T01:57:24.750+0000][89.798s][info][gc,heap     ] GC(176) Survivor regions: 7->7(25)
[2026-07-01T01:57:24.750+0000][89.798s][info][gc,heap     ] GC(176) Old regions: 179->179
[2026-07-01T01:57:24.750+0000][89.798s][info][gc,heap     ] GC(176) Humongous regions: 3->3
[2026-07-01T01:57:24.750+0000][89.798s][info][gc,metaspace] GC(176) Metaspace: 41733K(42560K)->41733K(42560K) NonClass: 36600K(37056K)->36600K(37056K) Class: 5133K(5504K)->5133K(5504K)
[2026-07-01T01:57:24.750+0000][89.798s][info][gc          ] GC(176) Pause Young (Normal) (G1 Evacuation Pause) 377M->188M(399M) 19.259ms
[2026-07-01T01:57:24.750+0000][89.798s][info][gc,cpu      ] GC(176) User=0.04s Sys=0.00s Real=0.02s
[2026-07-01T01:57:25.609+0000][90.657s][info][gc,start    ] GC(177) Pause Young (Concurrent Start) (G1 Evacuation Pause)
[2026-07-01T01:57:25.609+0000][90.657s][info][gc,task     ] GC(177) Using 2 workers of 2 for evacuation
[2026-07-01T01:57:25.630+0000][90.678s][info][gc,phases   ] GC(177)   Pre Evacuate Collection Set: 0.25ms
[2026-07-01T01:57:25.630+0000][90.678s][info][gc,phases   ] GC(177)   Merge Heap Roots: 0.60ms
[2026-07-01T01:57:25.630+0000][90.678s][info][gc,phases   ] GC(177)   Evacuate Collection Set: 19.49ms
[2026-07-01T01:57:25.630+0000][90.678s][info][gc,phases   ] GC(177)   Post Evacuate Collection Set: 0.43ms
[2026-07-01T01:57:25.630+0000][90.678s][info][gc,phases   ] GC(177)   Other: 0.11ms
[2026-07-01T01:57:25.630+0000][90.678s][info][gc,heap     ] GC(177) Eden regions: 189->0(188)
[2026-07-01T01:57:25.630+0000][90.678s][info][gc,heap     ] GC(177) Survivor regions: 7->8(25)
[2026-07-01T01:57:25.630+0000][90.678s][info][gc,heap     ] GC(177) Old regions: 179->179
[2026-07-01T01:57:25.630+0000][90.678s][info][gc,heap     ] GC(177) Humongous regions: 3->3
[2026-07-01T01:57:25.630+0000][90.678s][info][gc,metaspace] GC(177) Metaspace: 41733K(42560K)->41733K(42560K) NonClass: 36600K(37056K)->36600K(37056K) Class: 5133K(5504K)->5133K(5504K)
[2026-07-01T01:57:25.630+0000][90.678s][info][gc          ] GC(177) Pause Young (Concurrent Start) (G1 Evacuation Pause) 377M->189M(399M) 21.063ms
[2026-07-01T01:57:25.630+0000][90.678s][info][gc          ] GC(178) Concurrent Mark Cycle
[2026-07-01T01:57:25.630+0000][90.678s][info][gc,cpu      ] GC(177) User=0.04s Sys=0.00s Real=0.02s
[2026-07-01T01:57:25.630+0000][90.678s][info][gc,marking  ] GC(178) Concurrent Scan Root Regions
[2026-07-01T01:57:25.647+0000][90.695s][info][gc,marking  ] GC(178) Concurrent Scan Root Regions 16.751ms
[2026-07-01T01:57:25.647+0000][90.695s][info][gc,marking  ] GC(178) Concurrent Mark
[2026-07-01T01:57:25.648+0000][90.695s][info][gc,marking  ] GC(178) Concurrent Mark From Roots
[2026-07-01T01:57:25.648+0000][90.695s][info][gc,task     ] GC(178) Using 1 workers of 1 for marking
[2026-07-01T01:57:26.464+0000][91.512s][info][gc,marking  ] GC(178) Concurrent Mark From Roots 816.654ms
[2026-07-01T01:57:26.464+0000][91.512s][info][gc,marking  ] GC(178) Concurrent Preclean
[2026-07-01T01:57:26.464+0000][91.512s][info][gc,marking  ] GC(178) Concurrent Preclean 0.094ms
[2026-07-01T01:57:26.465+0000][91.512s][info][gc,start    ] GC(178) Pause Remark
[2026-07-01T01:57:26.471+0000][91.519s][info][gc,heap     ] GC(178) Heap shrink completed: uncommitted 19 regions (19MB), heap size now 380MB
[2026-07-01T01:57:26.471+0000][91.519s][info][gc          ] GC(178) Pause Remark 353M->353M(380M) 6.945ms
[2026-07-01T01:57:26.472+0000][91.519s][info][gc,cpu      ] GC(178) User=0.01s Sys=0.00s Real=0.01s
[2026-07-01T01:57:26.474+0000][91.522s][info][gc,marking  ] GC(178) Concurrent Mark 826.717ms
[2026-07-01T01:57:26.474+0000][91.522s][info][gc,marking  ] GC(178) Concurrent Rebuild Remembered Sets and Scrub Regions
[2026-07-01T01:57:26.624+0000][91.672s][info][gc,start    ] GC(179) Pause Young (Normal) (G1 Evacuation Pause)
[2026-07-01T01:57:26.624+0000][91.672s][info][gc,task     ] GC(179) Using 2 workers of 2 for evacuation
[2026-07-01T01:57:26.642+0000][91.689s][info][gc,phases   ] GC(179)   Pre Evacuate Collection Set: 0.27ms
[2026-07-01T01:57:26.642+0000][91.689s][info][gc,phases   ] GC(179)   Merge Heap Roots: 0.87ms
[2026-07-01T01:57:26.642+0000][91.689s][info][gc,phases   ] GC(179)   Evacuate Collection Set: 15.82ms
[2026-07-01T01:57:26.642+0000][91.689s][info][gc,phases   ] GC(179)   Post Evacuate Collection Set: 0.53ms
[2026-07-01T01:57:26.642+0000][91.689s][info][gc,phases   ] GC(179)   Other: 0.05ms
[2026-07-01T01:57:26.642+0000][91.689s][info][gc,heap     ] GC(179) Eden regions: 190->0(178)
[2026-07-01T01:57:26.642+0000][91.689s][info][gc,heap     ] GC(179) Survivor regions: 8->8(25)
[2026-07-01T01:57:26.642+0000][91.689s][info][gc,heap     ] GC(179) Old regions: 179->180
[2026-07-01T01:57:26.642+0000][91.689s][info][gc,heap     ] GC(179) Humongous regions: 3->3
[2026-07-01T01:57:26.642+0000][91.689s][info][gc,metaspace] GC(179) Metaspace: 41734K(42560K)->41734K(42560K) NonClass: 36600K(37056K)->36600K(37056K) Class: 5133K(5504K)->5133K(5504K)
[2026-07-01T01:57:26.642+0000][91.689s][info][gc          ] GC(179) Pause Young (Normal) (G1 Evacuation Pause) 379M->189M(389M) 17.694ms
[2026-07-01T01:57:26.642+0000][91.689s][info][gc,cpu      ] GC(179) User=0.03s Sys=0.00s Real=0.02s
[2026-07-01T01:57:26.680+0000][91.728s][info][gc,marking  ] GC(178) Concurrent Rebuild Remembered Sets and Scrub Regions 206.115ms
[2026-07-01T01:57:26.680+0000][91.728s][info][gc,start    ] GC(178) Pause Cleanup
[2026-07-01T01:57:26.681+0000][91.728s][info][gc          ] GC(178) Pause Cleanup 198M->198M(389M) 0.254ms
[2026-07-01T01:57:26.681+0000][91.728s][info][gc,cpu      ] GC(178) User=0.00s Sys=0.00s Real=0.00s
[2026-07-01T01:57:26.681+0000][91.729s][info][gc,marking  ] GC(178) Concurrent Clear Claimed Marks
[2026-07-01T01:57:26.681+0000][91.729s][info][gc,marking  ] GC(178) Concurrent Clear Claimed Marks 0.091ms
[2026-07-01T01:57:26.681+0000][91.729s][info][gc,marking  ] GC(178) Concurrent Cleanup for Next Mark
[2026-07-01T01:57:26.684+0000][91.731s][info][gc,marking  ] GC(178) Concurrent Cleanup for Next Mark 2.480ms
[2026-07-01T01:57:26.684+0000][91.731s][info][gc          ] GC(178) Concurrent Mark Cycle 1053.360ms
[2026-07-01T01:57:27.477+0000][92.524s][info][gc,start    ] GC(180) Pause Young (Prepare Mixed) (G1 Evacuation Pause)
[2026-07-01T01:57:27.477+0000][92.524s][info][gc,task     ] GC(180) Using 2 workers of 2 for evacuation
[2026-07-01T01:57:27.493+0000][92.541s][info][gc,phases   ] GC(180)   Pre Evacuate Collection Set: 0.16ms
[2026-07-01T01:57:27.494+0000][92.541s][info][gc,phases   ] GC(180)   Merge Heap Roots: 0.54ms
[2026-07-01T01:57:27.494+0000][92.541s][info][gc,phases   ] GC(180)   Evacuate Collection Set: 15.58ms
[2026-07-01T01:57:27.494+0000][92.541s][info][gc,phases   ] GC(180)   Post Evacuate Collection Set: 0.41ms
[2026-07-01T01:57:27.494+0000][92.541s][info][gc,phases   ] GC(180)   Other: 0.06ms
[2026-07-01T01:57:27.494+0000][92.541s][info][gc,heap     ] GC(180) Eden regions: 178->0(178)
[2026-07-01T01:57:27.494+0000][92.541s][info][gc,heap     ] GC(180) Survivor regions: 8->8(24)
[2026-07-01T01:57:27.494+0000][92.541s][info][gc,heap     ] GC(180) Old regions: 180->180
[2026-07-01T01:57:27.494+0000][92.541s][info][gc,heap     ] GC(180) Humongous regions: 3->3
[2026-07-01T01:57:27.494+0000][92.541s][info][gc,metaspace] GC(180) Metaspace: 41740K(42560K)->41740K(42560K) NonClass: 36606K(37056K)->36606K(37056K) Class: 5133K(5504K)->5133K(5504K)
[2026-07-01T01:57:27.494+0000][92.541s][info][gc          ] GC(180) Pause Young (Prepare Mixed) (G1 Evacuation Pause) 367M->190M(389M) 16.918ms
[2026-07-01T01:57:27.494+0000][92.541s][info][gc,cpu      ] GC(180) User=0.03s Sys=0.00s Real=0.02s
[2026-07-01T01:57:28.315+0000][93.363s][info][gc,start    ] GC(181) Pause Young (Mixed) (G1 Evacuation Pause)
[2026-07-01T01:57:28.315+0000][93.363s][info][gc,task     ] GC(181) Using 2 workers of 2 for evacuation
[2026-07-01T01:57:28.340+0000][93.388s][info][gc,phases   ] GC(181)   Pre Evacuate Collection Set: 0.28ms
[2026-07-01T01:57:28.340+0000][93.388s][info][gc,phases   ] GC(181)   Merge Heap Roots: 0.72ms
[2026-07-01T01:57:28.340+0000][93.388s][info][gc,phases   ] GC(181)   Evacuate Collection Set: 23.25ms
[2026-07-01T01:57:28.340+0000][93.388s][info][gc,phases   ] GC(181)   Post Evacuate Collection Set: 0.58ms
[2026-07-01T01:57:28.340+0000][93.388s][info][gc,phases   ] GC(181)   Other: 0.09ms
[2026-07-01T01:57:28.340+0000][93.388s][info][gc,heap     ] GC(181) Eden regions: 178->0(177)
[2026-07-01T01:57:28.340+0000][93.388s][info][gc,heap     ] GC(181) Survivor regions: 8->9(24)
[2026-07-01T01:57:28.340+0000][93.388s][info][gc,heap     ] GC(181) Old regions: 180->180
[2026-07-01T01:57:28.340+0000][93.388s][info][gc,heap     ] GC(181) Humongous regions: 3->3
[2026-07-01T01:57:28.340+0000][93.388s][info][gc,metaspace] GC(181) Metaspace: 41740K(42560K)->41740K(42560K) NonClass: 36606K(37056K)->36606K(37056K) Class: 5133K(5504K)->5133K(5504K)
[2026-07-01T01:57:28.340+0000][93.388s][info][gc          ] GC(181) Pause Young (Mixed) (G1 Evacuation Pause) 368M->191M(389M) 25.067ms
[2026-07-01T01:57:28.340+0000][93.388s][info][gc,cpu      ] GC(181) User=0.05s Sys=0.00s Real=0.03s
[2026-07-01T01:57:29.157+0000][94.204s][info][gc,start    ] GC(182) Pause Young (Concurrent Start) (G1 Evacuation Pause)
[2026-07-01T01:57:29.157+0000][94.204s][info][gc,task     ] GC(182) Using 2 workers of 2 for evacuation
[2026-07-01T01:57:29.180+0000][94.227s][info][gc,phases   ] GC(182)   Pre Evacuate Collection Set: 0.21ms
[2026-07-01T01:57:29.180+0000][94.227s][info][gc,phases   ] GC(182)   Merge Heap Roots: 0.53ms
[2026-07-01T01:57:29.180+0000][94.228s][info][gc,phases   ] GC(182)   Evacuate Collection Set: 21.77ms
[2026-07-01T01:57:29.180+0000][94.228s][info][gc,phases   ] GC(182)   Post Evacuate Collection Set: 0.50ms
[2026-07-01T01:57:29.180+0000][94.228s][info][gc,phases   ] GC(182)   Other: 0.08ms
[2026-07-01T01:57:29.180+0000][94.228s][info][gc,heap     ] GC(182) Eden regions: 177->0(176)
[2026-07-01T01:57:29.180+0000][94.228s][info][gc,heap     ] GC(182) Survivor regions: 9->9(24)
[2026-07-01T01:57:29.180+0000][94.228s][info][gc,heap     ] GC(182) Old regions: 180->181
[2026-07-01T01:57:29.180+0000][94.228s][info][gc,heap     ] GC(182) Humongous regions: 3->3
[2026-07-01T01:57:29.180+0000][94.228s][info][gc,metaspace] GC(182) Metaspace: 41740K(42560K)->41740K(42560K) NonClass: 36606K(37056K)->36606K(37056K) Class: 5133K(5504K)->5133K(5504K)
[2026-07-01T01:57:29.180+0000][94.228s][info][gc          ] GC(182) Pause Young (Concurrent Start) (G1 Evacuation Pause) 368M->191M(389M) 23.240ms
[2026-07-01T01:57:29.180+0000][94.228s][info][gc          ] GC(183) Concurrent Mark Cycle
[2026-07-01T01:57:29.180+0000][94.228s][info][gc,marking  ] GC(183) Concurrent Scan Root Regions
[2026-07-01T01:57:29.180+0000][94.228s][info][gc,cpu      ] GC(182) User=0.04s Sys=0.00s Real=0.03s
[2026-07-01T01:57:29.211+0000][94.259s][info][gc,marking  ] GC(183) Concurrent Scan Root Regions 31.515ms
[2026-07-01T01:57:29.212+0000][94.259s][info][gc,marking  ] GC(183) Concurrent Mark
[2026-07-01T01:57:29.212+0000][94.259s][info][gc,marking  ] GC(183) Concurrent Mark From Roots
[2026-07-01T01:57:29.212+0000][94.259s][info][gc,task     ] GC(183) Using 1 workers of 1 for marking
[2026-07-01T01:57:29.488+0000][94.536s][info][gc,marking  ] GC(183) Concurrent Mark From Roots 276.384ms
[2026-07-01T01:57:29.488+0000][94.536s][info][gc,marking  ] GC(183) Concurrent Preclean
[2026-07-01T01:57:29.488+0000][94.536s][info][gc,marking  ] GC(183) Concurrent Preclean 0.069ms
[2026-07-01T01:57:29.488+0000][94.536s][info][gc,start    ] GC(183) Pause Remark
[2026-07-01T01:57:29.495+0000][94.542s][info][gc,heap     ] GC(183) Heap shrink completed: uncommitted 3 regions (3MB), heap size now 386MB
[2026-07-01T01:57:29.495+0000][94.542s][info][gc          ] GC(183) Pause Remark 216M->216M(386M) 6.541ms
[2026-07-01T01:57:29.495+0000][94.542s][info][gc,cpu      ] GC(183) User=0.02s Sys=0.00s Real=0.00s
[2026-07-01T01:57:29.495+0000][94.543s][info][gc,marking  ] GC(183) Concurrent Mark 283.200ms
[2026-07-01T01:57:29.495+0000][94.543s][info][gc,marking  ] GC(183) Concurrent Rebuild Remembered Sets and Scrub Regions
[2026-07-01T01:57:29.605+0000][94.652s][info][gc,marking  ] GC(183) Concurrent Rebuild Remembered Sets and Scrub Regions 109.754ms
[2026-07-01T01:57:29.605+0000][94.652s][info][gc,start    ] GC(183) Pause Cleanup
[2026-07-01T01:57:29.605+0000][94.653s][info][gc          ] GC(183) Pause Cleanup 216M->216M(386M) 0.172ms
[2026-07-01T01:57:29.605+0000][94.653s][info][gc,cpu      ] GC(183) User=0.00s Sys=0.00s Real=0.00s
[2026-07-01T01:57:29.605+0000][94.653s][info][gc,marking  ] GC(183) Concurrent Clear Claimed Marks
[2026-07-01T01:57:29.605+0000][94.653s][info][gc,marking  ] GC(183) Concurrent Clear Claimed Marks 0.085ms
[2026-07-01T01:57:29.605+0000][94.653s][info][gc,marking  ] GC(183) Concurrent Cleanup for Next Mark
[2026-07-01T01:57:29.606+0000][94.653s][info][gc,marking  ] GC(183) Concurrent Cleanup for Next Mark 0.537ms
[2026-07-01T01:57:29.606+0000][94.653s][info][gc          ] GC(183) Concurrent Mark Cycle 425.675ms
