[2026-07-01T02:23:36.304+0000][0.006s][info][gc,init] CardTable entry size: 512
[2026-07-01T02:23:36.304+0000][0.007s][info][gc     ] Using G1
[2026-07-01T02:23:36.305+0000][0.007s][info][gc,init] Version: 21.0.11+10-LTS (release)
[2026-07-01T02:23:36.305+0000][0.007s][info][gc,init] CPUs: 4 total, 2 available
[2026-07-01T02:23:36.305+0000][0.007s][info][gc,init] Memory: 2048M
[2026-07-01T02:23:36.305+0000][0.007s][info][gc,init] Large Page Support: Disabled
[2026-07-01T02:23:36.305+0000][0.007s][info][gc,init] NUMA Support: Disabled
[2026-07-01T02:23:36.305+0000][0.007s][info][gc,init] Compressed Oops: Enabled (32-bit)
[2026-07-01T02:23:36.305+0000][0.007s][info][gc,init] Heap Region Size: 1M
[2026-07-01T02:23:36.305+0000][0.007s][info][gc,init] Heap Min Capacity: 8M
[2026-07-01T02:23:36.305+0000][0.007s][info][gc,init] Heap Initial Capacity: 32M
[2026-07-01T02:23:36.305+0000][0.007s][info][gc,init] Heap Max Capacity: 1468M
[2026-07-01T02:23:36.305+0000][0.007s][info][gc,init] Pre-touch: Disabled
[2026-07-01T02:23:36.305+0000][0.007s][info][gc,init] Parallel Workers: 2
[2026-07-01T02:23:36.305+0000][0.007s][info][gc,init] Concurrent Workers: 1
[2026-07-01T02:23:36.305+0000][0.008s][info][gc,init] Concurrent Refinement Workers: 2
[2026-07-01T02:23:36.305+0000][0.008s][info][gc,init] Periodic GC: Enabled
[2026-07-01T02:23:36.305+0000][0.008s][info][gc,init] Periodic GC Interval: 10000ms
[2026-07-01T02:23:36.305+0000][0.008s][info][gc,init] G1 Time-Based Heap Sizing enabled (uncommit-only)
[2026-07-01T02:23:36.305+0000][0.008s][info][gc,init]   evaluation_interval=60000ms, uncommit_delay=300000ms, min_regions_to_uncommit=10
[2026-07-01T02:23:36.314+0000][0.017s][info][gc,metaspace] CDS archive(s) mapped at: [0x00007a32ff000000-0x00007a32ffc9b000-0x00007a32ffc9b000), size 13217792, SharedBaseAddress: 0x00007a32ff000000, ArchiveRelocationMode: 1.
[2026-07-01T02:23:36.314+0000][0.017s][info][gc,metaspace] Compressed class space mapped at: 0x00007a3300000000-0x00007a3340000000, reserved size: 1073741824
[2026-07-01T02:23:36.314+0000][0.017s][info][gc,metaspace] Narrow klass base: 0x00007a32ff000000, Narrow klass shift: 0, Narrow klass range: 0x100000000
[2026-07-01T02:23:36.775+0000][0.478s][info][gc,start    ] GC(0) Pause Young (Normal) (G1 Evacuation Pause)
[2026-07-01T02:23:36.775+0000][0.478s][info][gc,task     ] GC(0) Using 2 workers of 2 for evacuation
[2026-07-01T02:23:36.777+0000][0.480s][info][gc,phases   ] GC(0)   Pre Evacuate Collection Set: 0.09ms
[2026-07-01T02:23:36.777+0000][0.480s][info][gc,phases   ] GC(0)   Merge Heap Roots: 0.07ms
[2026-07-01T02:23:36.777+0000][0.480s][info][gc,phases   ] GC(0)   Evacuate Collection Set: 1.61ms
[2026-07-01T02:23:36.777+0000][0.480s][info][gc,phases   ] GC(0)   Post Evacuate Collection Set: 0.26ms
[2026-07-01T02:23:36.777+0000][0.480s][info][gc,phases   ] GC(0)   Other: 0.25ms
[2026-07-01T02:23:36.777+0000][0.480s][info][gc,heap     ] GC(0) Eden regions: 6->0(10)
[2026-07-01T02:23:36.777+0000][0.480s][info][gc,heap     ] GC(0) Survivor regions: 0->1(1)
[2026-07-01T02:23:36.777+0000][0.480s][info][gc,heap     ] GC(0) Old regions: 2->2
[2026-07-01T02:23:36.777+0000][0.480s][info][gc,heap     ] GC(0) Humongous regions: 0->0
[2026-07-01T02:23:36.777+0000][0.480s][info][gc,metaspace] GC(0) Metaspace: 1705K(1984K)->1705K(1984K) NonClass: 1517K(1664K)->1517K(1664K) Class: 187K(320K)->187K(320K)
[2026-07-01T02:23:36.777+0000][0.480s][info][gc          ] GC(0) Pause Young (Normal) (G1 Evacuation Pause) 7M->1M(34M) 2.542ms
[2026-07-01T02:23:36.777+0000][0.480s][info][gc,cpu      ] GC(0) User=0.01s Sys=0.00s Real=0.00s
[2026-07-01T02:23:37.102+0000][0.805s][info][gc,start    ] GC(1) Pause Young (Normal) (G1 Evacuation Pause)
[2026-07-01T02:23:37.102+0000][0.805s][info][gc,task     ] GC(1) Using 2 workers of 2 for evacuation
[2026-07-01T02:23:37.104+0000][0.807s][info][gc,phases   ] GC(1)   Pre Evacuate Collection Set: 0.08ms
[2026-07-01T02:23:37.104+0000][0.807s][info][gc,phases   ] GC(1)   Merge Heap Roots: 0.04ms
[2026-07-01T02:23:37.104+0000][0.807s][info][gc,phases   ] GC(1)   Evacuate Collection Set: 1.67ms
[2026-07-01T02:23:37.104+0000][0.807s][info][gc,phases   ] GC(1)   Post Evacuate Collection Set: 0.26ms
[2026-07-01T02:23:37.104+0000][0.807s][info][gc,phases   ] GC(1)   Other: 0.04ms
[2026-07-01T02:23:37.104+0000][0.807s][info][gc,heap     ] GC(1) Eden regions: 10->0(17)
[2026-07-01T02:23:37.104+0000][0.807s][info][gc,heap     ] GC(1) Survivor regions: 1->2(2)
[2026-07-01T02:23:37.104+0000][0.807s][info][gc,heap     ] GC(1) Old regions: 2->2
[2026-07-01T02:23:37.104+0000][0.807s][info][gc,heap     ] GC(1) Humongous regions: 0->0
[2026-07-01T02:23:37.104+0000][0.807s][info][gc,metaspace] GC(1) Metaspace: 3437K(3712K)->3437K(3712K) NonClass: 3069K(3200K)->3069K(3200K) Class: 367K(512K)->367K(512K)
[2026-07-01T02:23:37.104+0000][0.807s][info][gc          ] GC(1) Pause Young (Normal) (G1 Evacuation Pause) 11M->2M(34M) 2.198ms
[2026-07-01T02:23:37.104+0000][0.807s][info][gc,cpu      ] GC(1) User=0.00s Sys=0.00s Real=0.00s
[2026-07-01T02:23:37.587+0000][1.290s][info][gc,start    ] GC(2) Pause Young (Normal) (G1 Evacuation Pause)
[2026-07-01T02:23:37.587+0000][1.290s][info][gc,task     ] GC(2) Using 2 workers of 2 for evacuation
[2026-07-01T02:23:37.590+0000][1.292s][info][gc,phases   ] GC(2)   Pre Evacuate Collection Set: 0.10ms
[2026-07-01T02:23:37.590+0000][1.292s][info][gc,phases   ] GC(2)   Merge Heap Roots: 0.04ms
[2026-07-01T02:23:37.590+0000][1.292s][info][gc,phases   ] GC(2)   Evacuate Collection Set: 2.29ms
[2026-07-01T02:23:37.590+0000][1.292s][info][gc,phases   ] GC(2)   Post Evacuate Collection Set: 0.36ms
[2026-07-01T02:23:37.590+0000][1.292s][info][gc,phases   ] GC(2)   Other: 0.04ms
[2026-07-01T02:23:37.590+0000][1.292s][info][gc,heap     ] GC(2) Eden regions: 17->0(16)
[2026-07-01T02:23:37.590+0000][1.292s][info][gc,heap     ] GC(2) Survivor regions: 2->3(3)
[2026-07-01T02:23:37.590+0000][1.292s][info][gc,heap     ] GC(2) Old regions: 2->2
[2026-07-01T02:23:37.590+0000][1.292s][info][gc,heap     ] GC(2) Humongous regions: 0->0
[2026-07-01T02:23:37.590+0000][1.292s][info][gc,metaspace] GC(2) Metaspace: 7296K(7680K)->7296K(7680K) NonClass: 6442K(6656K)->6442K(6656K) Class: 854K(1024K)->854K(1024K)
[2026-07-01T02:23:37.590+0000][1.293s][info][gc          ] GC(2) Pause Young (Normal) (G1 Evacuation Pause) 19M->3M(34M) 2.928ms
[2026-07-01T02:23:37.590+0000][1.293s][info][gc,cpu      ] GC(2) User=0.01s Sys=0.00s Real=0.01s
[2026-07-01T02:23:37.906+0000][1.608s][info][gc,start    ] GC(3) Pause Young (Normal) (G1 Evacuation Pause)
[2026-07-01T02:23:37.906+0000][1.608s][info][gc,task     ] GC(3) Using 2 workers of 2 for evacuation
[2026-07-01T02:23:37.909+0000][1.612s][info][gc,phases   ] GC(3)   Pre Evacuate Collection Set: 0.08ms
[2026-07-01T02:23:37.909+0000][1.612s][info][gc,phases   ] GC(3)   Merge Heap Roots: 0.04ms
[2026-07-01T02:23:37.909+0000][1.612s][info][gc,phases   ] GC(3)   Evacuate Collection Set: 3.30ms
[2026-07-01T02:23:37.909+0000][1.612s][info][gc,phases   ] GC(3)   Post Evacuate Collection Set: 0.34ms
[2026-07-01T02:23:37.910+0000][1.612s][info][gc,phases   ] GC(3)   Other: 0.04ms
[2026-07-01T02:23:37.910+0000][1.612s][info][gc,heap     ] GC(3) Eden regions: 16->0(16)
[2026-07-01T02:23:37.910+0000][1.612s][info][gc,heap     ] GC(3) Survivor regions: 3->3(3)
[2026-07-01T02:23:37.910+0000][1.612s][info][gc,heap     ] GC(3) Old regions: 2->4
[2026-07-01T02:23:37.910+0000][1.612s][info][gc,heap     ] GC(3) Humongous regions: 0->0
[2026-07-01T02:23:37.910+0000][1.612s][info][gc,metaspace] GC(3) Metaspace: 10330K(10624K)->10330K(10624K) NonClass: 9002K(9152K)->9002K(9152K) Class: 1328K(1472K)->1328K(1472K)
[2026-07-01T02:23:37.910+0000][1.612s][info][gc          ] GC(3) Pause Young (Normal) (G1 Evacuation Pause) 19M->4M(34M) 3.903ms
[2026-07-01T02:23:37.910+0000][1.612s][info][gc,cpu      ] GC(3) User=0.00s Sys=0.00s Real=0.01s
[2026-07-01T02:23:38.075+0000][1.778s][info][gc,start    ] GC(4) Pause Young (Normal) (G1 Evacuation Pause)
[2026-07-01T02:23:38.075+0000][1.778s][info][gc,task     ] GC(4) Using 2 workers of 2 for evacuation
[2026-07-01T02:23:38.079+0000][1.782s][info][gc,phases   ] GC(4)   Pre Evacuate Collection Set: 0.10ms
[2026-07-01T02:23:38.079+0000][1.782s][info][gc,phases   ] GC(4)   Merge Heap Roots: 0.05ms
[2026-07-01T02:23:38.079+0000][1.782s][info][gc,phases   ] GC(4)   Evacuate Collection Set: 2.84ms
[2026-07-01T02:23:38.079+0000][1.782s][info][gc,phases   ] GC(4)   Post Evacuate Collection Set: 0.32ms
[2026-07-01T02:23:38.079+0000][1.782s][info][gc,phases   ] GC(4)   Other: 0.04ms
[2026-07-01T02:23:38.079+0000][1.782s][info][gc,heap     ] GC(4) Eden regions: 16->0(16)
[2026-07-01T02:23:38.079+0000][1.782s][info][gc,heap     ] GC(4) Survivor regions: 3->3(3)
[2026-07-01T02:23:38.079+0000][1.782s][info][gc,heap     ] GC(4) Old regions: 4->5
[2026-07-01T02:23:38.079+0000][1.782s][info][gc,heap     ] GC(4) Humongous regions: 0->0
[2026-07-01T02:23:38.079+0000][1.782s][info][gc,metaspace] GC(4) Metaspace: 14057K(14464K)->14057K(14464K) NonClass: 12322K(12544K)->12322K(12544K) Class: 1735K(1920K)->1735K(1920K)
[2026-07-01T02:23:38.079+0000][1.782s][info][gc          ] GC(4) Pause Young (Normal) (G1 Evacuation Pause) 20M->5M(34M) 3.461ms
[2026-07-01T02:23:38.079+0000][1.782s][info][gc,cpu      ] GC(4) User=0.01s Sys=0.00s Real=0.01s
[2026-07-01T02:23:38.212+0000][1.915s][info][gc,start    ] GC(5) Pause Young (Normal) (G1 Evacuation Pause)
[2026-07-01T02:23:38.212+0000][1.915s][info][gc,task     ] GC(5) Using 2 workers of 2 for evacuation
[2026-07-01T02:23:38.216+0000][1.919s][info][gc,phases   ] GC(5)   Pre Evacuate Collection Set: 0.04ms
[2026-07-01T02:23:38.216+0000][1.919s][info][gc,phases   ] GC(5)   Merge Heap Roots: 0.02ms
[2026-07-01T02:23:38.216+0000][1.919s][info][gc,phases   ] GC(5)   Evacuate Collection Set: 3.02ms
[2026-07-01T02:23:38.216+0000][1.919s][info][gc,phases   ] GC(5)   Post Evacuate Collection Set: 0.32ms
[2026-07-01T02:23:38.216+0000][1.919s][info][gc,phases   ] GC(5)   Other: 0.04ms
[2026-07-01T02:23:38.216+0000][1.919s][info][gc,heap     ] GC(5) Eden regions: 16->0(16)
[2026-07-01T02:23:38.216+0000][1.919s][info][gc,heap     ] GC(5) Survivor regions: 3->3(3)
[2026-07-01T02:23:38.216+0000][1.919s][info][gc,heap     ] GC(5) Old regions: 5->6
[2026-07-01T02:23:38.216+0000][1.919s][info][gc,heap     ] GC(5) Humongous regions: 0->0
[2026-07-01T02:23:38.216+0000][1.919s][info][gc,metaspace] GC(5) Metaspace: 17323K(17792K)->17323K(17792K) NonClass: 15148K(15424K)->15148K(15424K) Class: 2175K(2368K)->2175K(2368K)
[2026-07-01T02:23:38.216+0000][1.919s][info][gc          ] GC(5) Pause Young (Normal) (G1 Evacuation Pause) 21M->6M(34M) 3.547ms
[2026-07-01T02:23:38.216+0000][1.919s][info][gc,cpu      ] GC(5) User=0.00s Sys=0.00s Real=0.00s
[2026-07-01T02:23:38.422+0000][2.125s][info][gc,start    ] GC(6) Pause Young (Normal) (G1 Evacuation Pause)
[2026-07-01T02:23:38.422+0000][2.125s][info][gc,task     ] GC(6) Using 2 workers of 2 for evacuation
[2026-07-01T02:23:38.427+0000][2.129s][info][gc,phases   ] GC(6)   Pre Evacuate Collection Set: 0.08ms
[2026-07-01T02:23:38.427+0000][2.129s][info][gc,phases   ] GC(6)   Merge Heap Roots: 0.05ms
[2026-07-01T02:23:38.427+0000][2.129s][info][gc,phases   ] GC(6)   Evacuate Collection Set: 3.72ms
[2026-07-01T02:23:38.427+0000][2.129s][info][gc,phases   ] GC(6)   Post Evacuate Collection Set: 0.33ms
[2026-07-01T02:23:38.427+0000][2.130s][info][gc,phases   ] GC(6)   Other: 0.04ms
[2026-07-01T02:23:38.427+0000][2.130s][info][gc,heap     ] GC(6) Eden regions: 16->0(16)
[2026-07-01T02:23:38.427+0000][2.130s][info][gc,heap     ] GC(6) Survivor regions: 3->3(3)
[2026-07-01T02:23:38.427+0000][2.130s][info][gc,heap     ] GC(6) Old regions: 6->7
[2026-07-01T02:23:38.427+0000][2.130s][info][gc,heap     ] GC(6) Humongous regions: 0->0
[2026-07-01T02:23:38.427+0000][2.130s][info][gc,metaspace] GC(6) Metaspace: 19345K(19840K)->19345K(19840K) NonClass: 16927K(17216K)->16927K(17216K) Class: 2418K(2624K)->2418K(2624K)
[2026-07-01T02:23:38.427+0000][2.130s][info][gc          ] GC(6) Pause Young (Normal) (G1 Evacuation Pause) 22M->7M(34M) 4.339ms
[2026-07-01T02:23:38.427+0000][2.130s][info][gc,cpu      ] GC(6) User=0.01s Sys=0.00s Real=0.00s
[2026-07-01T02:23:38.608+0000][2.311s][info][gc,start    ] GC(7) Pause Young (Normal) (G1 Evacuation Pause)
[2026-07-01T02:23:38.608+0000][2.311s][info][gc,task     ] GC(7) Using 2 workers of 2 for evacuation
[2026-07-01T02:23:38.613+0000][2.316s][info][gc,phases   ] GC(7)   Pre Evacuate Collection Set: 0.05ms
[2026-07-01T02:23:38.613+0000][2.316s][info][gc,phases   ] GC(7)   Merge Heap Roots: 0.05ms
[2026-07-01T02:23:38.613+0000][2.316s][info][gc,phases   ] GC(7)   Evacuate Collection Set: 3.82ms
[2026-07-01T02:23:38.613+0000][2.316s][info][gc,phases   ] GC(7)   Post Evacuate Collection Set: 0.52ms
[2026-07-01T02:23:38.613+0000][2.316s][info][gc,phases   ] GC(7)   Other: 0.05ms
[2026-07-01T02:23:38.613+0000][2.316s][info][gc,heap     ] GC(7) Eden regions: 16->0(21)
[2026-07-01T02:23:38.613+0000][2.316s][info][gc,heap     ] GC(7) Survivor regions: 3->3(3)
[2026-07-01T02:23:38.613+0000][2.316s][info][gc,heap     ] GC(7) Old regions: 7->8
[2026-07-01T02:23:38.613+0000][2.316s][info][gc,heap     ] GC(7) Humongous regions: 0->0
[2026-07-01T02:23:38.613+0000][2.316s][info][gc,metaspace] GC(7) Metaspace: 20202K(20672K)->20202K(20672K) NonClass: 17683K(17920K)->17683K(17920K) Class: 2518K(2752K)->2518K(2752K)
[2026-07-01T02:23:38.613+0000][2.316s][info][gc          ] GC(7) Pause Young (Normal) (G1 Evacuation Pause) 23M->9M(41M) 4.643ms
[2026-07-01T02:23:38.613+0000][2.316s][info][gc,cpu      ] GC(7) User=0.02s Sys=0.00s Real=0.00s
[2026-07-01T02:23:38.730+0000][2.433s][info][gc,start    ] GC(8) Pause Young (Concurrent Start) (Metadata GC Threshold)
[2026-07-01T02:23:38.730+0000][2.433s][info][gc,task     ] GC(8) Using 2 workers of 2 for evacuation
[2026-07-01T02:23:38.735+0000][2.438s][info][gc,phases   ] GC(8)   Pre Evacuate Collection Set: 0.13ms
[2026-07-01T02:23:38.735+0000][2.438s][info][gc,phases   ] GC(8)   Merge Heap Roots: 0.05ms
[2026-07-01T02:23:38.735+0000][2.438s][info][gc,phases   ] GC(8)   Evacuate Collection Set: 3.73ms
[2026-07-01T02:23:38.735+0000][2.438s][info][gc,phases   ] GC(8)   Post Evacuate Collection Set: 0.38ms
[2026-07-01T02:23:38.735+0000][2.438s][info][gc,phases   ] GC(8)   Other: 0.09ms
[2026-07-01T02:23:38.735+0000][2.438s][info][gc,heap     ] GC(8) Eden regions: 11->0(22)
[2026-07-01T02:23:38.735+0000][2.438s][info][gc,heap     ] GC(8) Survivor regions: 3->2(3)
[2026-07-01T02:23:38.735+0000][2.438s][info][gc,heap     ] GC(8) Old regions: 8->9
[2026-07-01T02:23:38.735+0000][2.438s][info][gc,heap     ] GC(8) Humongous regions: 0->0
[2026-07-01T02:23:38.735+0000][2.438s][info][gc,metaspace] GC(8) Metaspace: 21090K(21504K)->21090K(21504K) NonClass: 18466K(18688K)->18466K(18688K) Class: 2623K(2816K)->2623K(2816K)
[2026-07-01T02:23:38.735+0000][2.438s][info][gc          ] GC(8) Pause Young (Concurrent Start) (Metadata GC Threshold) 19M->9M(41M) 4.543ms
[2026-07-01T02:23:38.735+0000][2.438s][info][gc,cpu      ] GC(8) User=0.02s Sys=0.00s Real=0.00s
[2026-07-01T02:23:38.735+0000][2.438s][info][gc          ] GC(9) Concurrent Mark Cycle
[2026-07-01T02:23:38.735+0000][2.438s][info][gc,marking  ] GC(9) Concurrent Scan Root Regions
[2026-07-01T02:23:38.737+0000][2.440s][info][gc,marking  ] GC(9) Concurrent Scan Root Regions 2.173ms
[2026-07-01T02:23:38.737+0000][2.440s][info][gc,marking  ] GC(9) Concurrent Mark
[2026-07-01T02:23:38.737+0000][2.440s][info][gc,marking  ] GC(9) Concurrent Mark From Roots
[2026-07-01T02:23:38.737+0000][2.440s][info][gc,task     ] GC(9) Using 1 workers of 1 for marking
[2026-07-01T02:23:38.776+0000][2.479s][info][gc,marking  ] GC(9) Concurrent Mark From Roots 38.690ms
[2026-07-01T02:23:38.776+0000][2.479s][info][gc,marking  ] GC(9) Concurrent Preclean
[2026-07-01T02:23:38.776+0000][2.479s][info][gc,marking  ] GC(9) Concurrent Preclean 0.029ms
[2026-07-01T02:23:38.776+0000][2.479s][info][gc,start    ] GC(9) Pause Remark
[2026-07-01T02:23:38.779+0000][2.482s][info][gc,heap     ] GC(9) Heap shrink completed: uncommitted 19 regions (19MB), heap size now 22MB
[2026-07-01T02:23:38.779+0000][2.482s][info][gc          ] GC(9) Pause Remark 11M->11M(22M) 2.589ms
[2026-07-01T02:23:38.779+0000][2.482s][info][gc,cpu      ] GC(9) User=0.00s Sys=0.00s Real=0.01s
[2026-07-01T02:23:38.779+0000][2.482s][info][gc,marking  ] GC(9) Concurrent Mark 41.672ms
[2026-07-01T02:23:38.779+0000][2.482s][info][gc,marking  ] GC(9) Concurrent Rebuild Remembered Sets and Scrub Regions
[2026-07-01T02:23:38.784+0000][2.487s][info][gc,marking  ] GC(9) Concurrent Rebuild Remembered Sets and Scrub Regions 4.951ms
[2026-07-01T02:23:38.784+0000][2.487s][info][gc,start    ] GC(9) Pause Cleanup
[2026-07-01T02:23:38.784+0000][2.487s][info][gc          ] GC(9) Pause Cleanup 11M->11M(22M) 0.071ms
[2026-07-01T02:23:38.784+0000][2.487s][info][gc,cpu      ] GC(9) User=0.00s Sys=0.00s Real=0.00s
[2026-07-01T02:23:38.784+0000][2.487s][info][gc,marking  ] GC(9) Concurrent Clear Claimed Marks
[2026-07-01T02:23:38.784+0000][2.487s][info][gc,marking  ] GC(9) Concurrent Clear Claimed Marks 0.033ms
[2026-07-01T02:23:38.784+0000][2.487s][info][gc,marking  ] GC(9) Concurrent Cleanup for Next Mark
[2026-07-01T02:23:38.784+0000][2.487s][info][gc,marking  ] GC(9) Concurrent Cleanup for Next Mark 0.177ms
[2026-07-01T02:23:38.784+0000][2.487s][info][gc          ] GC(9) Concurrent Mark Cycle 49.419ms
[2026-07-01T02:23:38.908+0000][2.611s][info][gc,start    ] GC(10) Pause Young (Prepare Mixed) (G1 Evacuation Pause)
[2026-07-01T02:23:38.908+0000][2.611s][info][gc,task     ] GC(10) Using 2 workers of 2 for evacuation
[2026-07-01T02:23:38.911+0000][2.614s][info][gc,phases   ] GC(10)   Pre Evacuate Collection Set: 0.09ms
[2026-07-01T02:23:38.911+0000][2.614s][info][gc,phases   ] GC(10)   Merge Heap Roots: 0.06ms
[2026-07-01T02:23:38.911+0000][2.614s][info][gc,phases   ] GC(10)   Evacuate Collection Set: 3.04ms
[2026-07-01T02:23:38.911+0000][2.614s][info][gc,phases   ] GC(10)   Post Evacuate Collection Set: 0.30ms
[2026-07-01T02:23:38.911+0000][2.614s][info][gc,phases   ] GC(10)   Other: 0.04ms
[2026-07-01T02:23:38.911+0000][2.614s][info][gc,heap     ] GC(10) Eden regions: 11->0(10)
[2026-07-01T02:23:38.911+0000][2.614s][info][gc,heap     ] GC(10) Survivor regions: 2->2(2)
[2026-07-01T02:23:38.911+0000][2.614s][info][gc,heap     ] GC(10) Old regions: 9->10
[2026-07-01T02:23:38.911+0000][2.614s][info][gc,heap     ] GC(10) Humongous regions: 0->0
[2026-07-01T02:23:38.911+0000][2.614s][info][gc,metaspace] GC(10) Metaspace: 22022K(22464K)->22022K(22464K) NonClass: 19262K(19520K)->19262K(19520K) Class: 2760K(2944K)->2760K(2944K)
[2026-07-01T02:23:38.911+0000][2.614s][info][gc          ] GC(10) Pause Young (Prepare Mixed) (G1 Evacuation Pause) 20M->9M(25M) 3.643ms
[2026-07-01T02:23:38.911+0000][2.614s][info][gc,cpu      ] GC(10) User=0.01s Sys=0.00s Real=0.01s
[2026-07-01T02:23:39.031+0000][2.734s][info][gc,start    ] GC(11) Pause Young (Mixed) (G1 Evacuation Pause)
[2026-07-01T02:23:39.032+0000][2.734s][info][gc,task     ] GC(11) Using 2 workers of 2 for evacuation
[2026-07-01T02:23:39.034+0000][2.737s][info][gc,phases   ] GC(11)   Pre Evacuate Collection Set: 0.08ms
[2026-07-01T02:23:39.034+0000][2.737s][info][gc,phases   ] GC(11)   Merge Heap Roots: 0.05ms
[2026-07-01T02:23:39.034+0000][2.737s][info][gc,phases   ] GC(11)   Evacuate Collection Set: 2.26ms
[2026-07-01T02:23:39.034+0000][2.737s][info][gc,phases   ] GC(11)   Post Evacuate Collection Set: 0.24ms
[2026-07-01T02:23:39.034+0000][2.737s][info][gc,phases   ] GC(11)   Other: 0.04ms
[2026-07-01T02:23:39.034+0000][2.737s][info][gc,heap     ] GC(11) Eden regions: 10->0(10)
[2026-07-01T02:23:39.034+0000][2.737s][info][gc,heap     ] GC(11) Survivor regions: 2->2(2)
[2026-07-01T02:23:39.034+0000][2.737s][info][gc,heap     ] GC(11) Old regions: 10->10
[2026-07-01T02:23:39.034+0000][2.737s][info][gc,heap     ] GC(11) Humongous regions: 0->0
[2026-07-01T02:23:39.034+0000][2.737s][info][gc,metaspace] GC(11) Metaspace: 23087K(23552K)->23087K(23552K) NonClass: 20172K(20416K)->20172K(20416K) Class: 2914K(3136K)->2914K(3136K)
[2026-07-01T02:23:39.034+0000][2.737s][info][gc          ] GC(11) Pause Young (Mixed) (G1 Evacuation Pause) 19M->10M(25M) 2.780ms
[2026-07-01T02:23:39.034+0000][2.737s][info][gc,cpu      ] GC(11) User=0.01s Sys=0.00s Real=0.00s
[2026-07-01T02:23:39.192+0000][2.895s][info][gc,start    ] GC(12) Pause Young (Normal) (G1 Evacuation Pause)
[2026-07-01T02:23:39.193+0000][2.895s][info][gc,task     ] GC(12) Using 2 workers of 2 for evacuation
[2026-07-01T02:23:39.196+0000][2.899s][info][gc,phases   ] GC(12)   Pre Evacuate Collection Set: 0.08ms
[2026-07-01T02:23:39.196+0000][2.899s][info][gc,phases   ] GC(12)   Merge Heap Roots: 0.05ms
[2026-07-01T02:23:39.196+0000][2.899s][info][gc,phases   ] GC(12)   Evacuate Collection Set: 3.01ms
[2026-07-01T02:23:39.196+0000][2.899s][info][gc,phases   ] GC(12)   Post Evacuate Collection Set: 0.37ms
[2026-07-01T02:23:39.196+0000][2.899s][info][gc,phases   ] GC(12)   Other: 0.05ms
[2026-07-01T02:23:39.196+0000][2.899s][info][gc,heap     ] GC(12) Eden regions: 10->0(9)
[2026-07-01T02:23:39.196+0000][2.899s][info][gc,heap     ] GC(12) Survivor regions: 2->2(2)
[2026-07-01T02:23:39.196+0000][2.899s][info][gc,heap     ] GC(12) Old regions: 10->11
[2026-07-01T02:23:39.196+0000][2.899s][info][gc,heap     ] GC(12) Humongous regions: 0->0
[2026-07-01T02:23:39.196+0000][2.899s][info][gc,metaspace] GC(12) Metaspace: 24768K(25280K)->24768K(25280K) NonClass: 21584K(21888K)->21584K(21888K) Class: 3183K(3392K)->3183K(3392K)
[2026-07-01T02:23:39.196+0000][2.899s][info][gc          ] GC(12) Pause Young (Normal) (G1 Evacuation Pause) 20M->11M(25M) 3.679ms
[2026-07-01T02:23:39.196+0000][2.899s][info][gc,cpu      ] GC(12) User=0.01s Sys=0.00s Real=0.00s
[2026-07-01T02:23:39.303+0000][3.006s][info][gc,start    ] GC(13) Pause Young (Normal) (G1 Evacuation Pause)
[2026-07-01T02:23:39.303+0000][3.006s][info][gc,task     ] GC(13) Using 2 workers of 2 for evacuation
[2026-07-01T02:23:39.308+0000][3.011s][info][gc,phases   ] GC(13)   Pre Evacuate Collection Set: 0.07ms
[2026-07-01T02:23:39.308+0000][3.011s][info][gc,phases   ] GC(13)   Merge Heap Roots: 0.05ms
[2026-07-01T02:23:39.308+0000][3.011s][info][gc,phases   ] GC(13)   Evacuate Collection Set: 4.53ms
[2026-07-01T02:23:39.308+0000][3.011s][info][gc,phases   ] GC(13)   Post Evacuate Collection Set: 0.41ms
[2026-07-01T02:23:39.308+0000][3.011s][info][gc,phases   ] GC(13)   Other: 0.04ms
[2026-07-01T02:23:39.308+0000][3.011s][info][gc,heap     ] GC(13) Eden regions: 9->0(13)
[2026-07-01T02:23:39.308+0000][3.011s][info][gc,heap     ] GC(13) Survivor regions: 2->1(2)
[2026-07-01T02:23:39.308+0000][3.011s][info][gc,heap     ] GC(13) Old regions: 11->13
[2026-07-01T02:23:39.308+0000][3.011s][info][gc,heap     ] GC(13) Humongous regions: 0->0
[2026-07-01T02:23:39.308+0000][3.011s][info][gc,metaspace] GC(13) Metaspace: 26921K(27456K)->26921K(27456K) NonClass: 23508K(23808K)->23508K(23808K) Class: 3413K(3648K)->3413K(3648K)
[2026-07-01T02:23:39.308+0000][3.011s][info][gc          ] GC(13) Pause Young (Normal) (G1 Evacuation Pause) 20M->12M(30M) 5.202ms
[2026-07-01T02:23:39.308+0000][3.011s][info][gc,cpu      ] GC(13) User=0.01s Sys=0.00s Real=0.01s
[2026-07-01T02:23:39.442+0000][3.144s][info][gc,start    ] GC(14) Pause Young (Normal) (G1 Evacuation Pause)
[2026-07-01T02:23:39.442+0000][3.144s][info][gc,task     ] GC(14) Using 2 workers of 2 for evacuation
[2026-07-01T02:23:39.444+0000][3.147s][info][gc,phases   ] GC(14)   Pre Evacuate Collection Set: 0.08ms
[2026-07-01T02:23:39.444+0000][3.147s][info][gc,phases   ] GC(14)   Merge Heap Roots: 0.05ms
[2026-07-01T02:23:39.444+0000][3.147s][info][gc,phases   ] GC(14)   Evacuate Collection Set: 2.31ms
[2026-07-01T02:23:39.444+0000][3.147s][info][gc,phases   ] GC(14)   Post Evacuate Collection Set: 0.29ms
[2026-07-01T02:23:39.444+0000][3.147s][info][gc,phases   ] GC(14)   Other: 0.05ms
[2026-07-01T02:23:39.444+0000][3.147s][info][gc,heap     ] GC(14) Eden regions: 13->0(12)
[2026-07-01T02:23:39.444+0000][3.147s][info][gc,heap     ] GC(14) Survivor regions: 1->2(2)
[2026-07-01T02:23:39.444+0000][3.147s][info][gc,heap     ] GC(14) Old regions: 13->13
[2026-07-01T02:23:39.444+0000][3.147s][info][gc,heap     ] GC(14) Humongous regions: 0->0
[2026-07-01T02:23:39.444+0000][3.147s][info][gc,metaspace] GC(14) Metaspace: 28236K(28736K)->28236K(28736K) NonClass: 24624K(24896K)->24624K(24896K) Class: 3611K(3840K)->3611K(3840K)
[2026-07-01T02:23:39.444+0000][3.147s][info][gc          ] GC(14) Pause Young (Normal) (G1 Evacuation Pause) 25M->13M(30M) 2.881ms
[2026-07-01T02:23:39.444+0000][3.147s][info][gc,cpu      ] GC(14) User=0.01s Sys=0.00s Real=0.00s
[2026-07-01T02:23:39.604+0000][3.307s][info][gc,start    ] GC(15) Pause Young (Normal) (G1 Evacuation Pause)
[2026-07-01T02:23:39.604+0000][3.307s][info][gc,task     ] GC(15) Using 2 workers of 2 for evacuation
[2026-07-01T02:23:39.608+0000][3.311s][info][gc,phases   ] GC(15)   Pre Evacuate Collection Set: 0.09ms
[2026-07-01T02:23:39.608+0000][3.311s][info][gc,phases   ] GC(15)   Merge Heap Roots: 0.06ms
[2026-07-01T02:23:39.608+0000][3.311s][info][gc,phases   ] GC(15)   Evacuate Collection Set: 3.71ms
[2026-07-01T02:23:39.608+0000][3.311s][info][gc,phases   ] GC(15)   Post Evacuate Collection Set: 0.35ms
[2026-07-01T02:23:39.608+0000][3.311s][info][gc,phases   ] GC(15)   Other: 0.04ms
[2026-07-01T02:23:39.608+0000][3.311s][info][gc,heap     ] GC(15) Eden regions: 12->0(12)
[2026-07-01T02:23:39.608+0000][3.311s][info][gc,heap     ] GC(15) Survivor regions: 2->2(2)
[2026-07-01T02:23:39.608+0000][3.311s][info][gc,heap     ] GC(15) Old regions: 13->13
[2026-07-01T02:23:39.608+0000][3.311s][info][gc,heap     ] GC(15) Humongous regions: 0->0
[2026-07-01T02:23:39.608+0000][3.311s][info][gc,metaspace] GC(15) Metaspace: 30106K(30784K)->30106K(30784K) NonClass: 26230K(26624K)->26230K(26624K) Class: 3875K(4160K)->3875K(4160K)
[2026-07-01T02:23:39.608+0000][3.311s][info][gc          ] GC(15) Pause Young (Normal) (G1 Evacuation Pause) 25M->14M(30M) 4.360ms
[2026-07-01T02:23:39.608+0000][3.311s][info][gc,cpu      ] GC(15) User=0.01s Sys=0.00s Real=0.01s
[2026-07-01T02:23:39.731+0000][3.434s][info][gc,start    ] GC(16) Pause Young (Normal) (G1 Evacuation Pause)
[2026-07-01T02:23:39.731+0000][3.434s][info][gc,task     ] GC(16) Using 2 workers of 2 for evacuation
[2026-07-01T02:23:39.735+0000][3.437s][info][gc,phases   ] GC(16)   Pre Evacuate Collection Set: 0.09ms
[2026-07-01T02:23:39.735+0000][3.437s][info][gc,phases   ] GC(16)   Merge Heap Roots: 0.06ms
[2026-07-01T02:23:39.735+0000][3.437s][info][gc,phases   ] GC(16)   Evacuate Collection Set: 3.13ms
[2026-07-01T02:23:39.735+0000][3.437s][info][gc,phases   ] GC(16)   Post Evacuate Collection Set: 0.34ms
[2026-07-01T02:23:39.735+0000][3.437s][info][gc,phases   ] GC(16)   Other: 0.04ms
[2026-07-01T02:23:39.735+0000][3.437s][info][gc,heap     ] GC(16) Eden regions: 12->0(11)
[2026-07-01T02:23:39.735+0000][3.437s][info][gc,heap     ] GC(16) Survivor regions: 2->1(2)
[2026-07-01T02:23:39.735+0000][3.437s][info][gc,heap     ] GC(16) Old regions: 13->15
[2026-07-01T02:23:39.735+0000][3.437s][info][gc,heap     ] GC(16) Humongous regions: 0->0
[2026-07-01T02:23:39.735+0000][3.437s][info][gc,metaspace] GC(16) Metaspace: 31651K(32320K)->31651K(32320K) NonClass: 27541K(27904K)->27541K(27904K) Class: 4109K(4416K)->4109K(4416K)
[2026-07-01T02:23:39.735+0000][3.438s][info][gc          ] GC(16) Pause Young (Normal) (G1 Evacuation Pause) 26M->15M(30M) 3.772ms
[2026-07-01T02:23:39.735+0000][3.438s][info][gc,cpu      ] GC(16) User=0.01s Sys=0.00s Real=0.00s
[2026-07-01T02:23:39.901+0000][3.604s][info][gc,start    ] GC(17) Pause Young (Concurrent Start) (GCLocker Initiated GC)
[2026-07-01T02:23:39.901+0000][3.604s][info][gc,task     ] GC(17) Using 2 workers of 2 for evacuation
[2026-07-01T02:23:39.905+0000][3.607s][info][gc,phases   ] GC(17)   Pre Evacuate Collection Set: 0.10ms
[2026-07-01T02:23:39.905+0000][3.607s][info][gc,phases   ] GC(17)   Merge Heap Roots: 0.05ms
[2026-07-01T02:23:39.905+0000][3.607s][info][gc,phases   ] GC(17)   Evacuate Collection Set: 2.95ms
[2026-07-01T02:23:39.905+0000][3.607s][info][gc,phases   ] GC(17)   Post Evacuate Collection Set: 0.37ms
[2026-07-01T02:23:39.905+0000][3.607s][info][gc,phases   ] GC(17)   Other: 0.06ms
[2026-07-01T02:23:39.905+0000][3.607s][info][gc,heap     ] GC(17) Eden regions: 11->0(17)
[2026-07-01T02:23:39.905+0000][3.607s][info][gc,heap     ] GC(17) Survivor regions: 1->2(2)
[2026-07-01T02:23:39.905+0000][3.607s][info][gc,heap     ] GC(17) Old regions: 15->15
[2026-07-01T02:23:39.905+0000][3.607s][info][gc,heap     ] GC(17) Humongous regions: 0->0
[2026-07-01T02:23:39.905+0000][3.607s][info][gc,metaspace] GC(17) Metaspace: 33735K(34496K)->33735K(34496K) NonClass: 29308K(29760K)->29308K(29760K) Class: 4427K(4736K)->4427K(4736K)
[2026-07-01T02:23:39.905+0000][3.608s][info][gc          ] GC(17) Pause Young (Concurrent Start) (GCLocker Initiated GC) 26M->16M(38M) 3.659ms
[2026-07-01T02:23:39.905+0000][3.608s][info][gc,cpu      ] GC(17) User=0.01s Sys=0.00s Real=0.00s
[2026-07-01T02:23:39.905+0000][3.608s][info][gc          ] GC(18) Concurrent Mark Cycle
[2026-07-01T02:23:39.905+0000][3.608s][info][gc,marking  ] GC(18) Concurrent Scan Root Regions
[2026-07-01T02:23:39.910+0000][3.613s][info][gc,marking  ] GC(18) Concurrent Scan Root Regions 5.477ms
[2026-07-01T02:23:39.910+0000][3.613s][info][gc,marking  ] GC(18) Concurrent Mark
[2026-07-01T02:23:39.910+0000][3.613s][info][gc,marking  ] GC(18) Concurrent Mark From Roots
[2026-07-01T02:23:39.910+0000][3.613s][info][gc,task     ] GC(18) Using 1 workers of 1 for marking
[2026-07-01T02:23:39.970+0000][3.673s][info][gc,marking  ] GC(18) Concurrent Mark From Roots 60.006ms
[2026-07-01T02:23:39.970+0000][3.673s][info][gc,marking  ] GC(18) Concurrent Preclean
[2026-07-01T02:23:39.970+0000][3.673s][info][gc,marking  ] GC(18) Concurrent Preclean 0.115ms
[2026-07-01T02:23:39.970+0000][3.673s][info][gc,start    ] GC(18) Pause Remark
[2026-07-01T02:23:39.976+0000][3.679s][info][gc,heap     ] GC(18) Heap shrink completed: uncommitted 4 regions (4MB), heap size now 34MB
[2026-07-01T02:23:39.976+0000][3.679s][info][gc          ] GC(18) Pause Remark 18M->18M(34M) 5.401ms
[2026-07-01T02:23:39.976+0000][3.679s][info][gc,cpu      ] GC(18) User=0.02s Sys=0.00s Real=0.00s
[2026-07-01T02:23:39.976+0000][3.679s][info][gc,marking  ] GC(18) Concurrent Mark 66.268ms
[2026-07-01T02:23:39.977+0000][3.679s][info][gc,marking  ] GC(18) Concurrent Rebuild Remembered Sets and Scrub Regions
[2026-07-01T02:23:39.992+0000][3.694s][info][gc,marking  ] GC(18) Concurrent Rebuild Remembered Sets and Scrub Regions 15.087ms
[2026-07-01T02:23:39.992+0000][3.695s][info][gc,start    ] GC(18) Pause Cleanup
[2026-07-01T02:23:39.992+0000][3.695s][info][gc          ] GC(18) Pause Cleanup 19M->19M(34M) 0.089ms
[2026-07-01T02:23:39.992+0000][3.695s][info][gc,cpu      ] GC(18) User=0.00s Sys=0.00s Real=0.00s
[2026-07-01T02:23:39.992+0000][3.695s][info][gc,marking  ] GC(18) Concurrent Clear Claimed Marks
[2026-07-01T02:23:39.992+0000][3.695s][info][gc,marking  ] GC(18) Concurrent Clear Claimed Marks 0.071ms
[2026-07-01T02:23:39.992+0000][3.695s][info][gc,marking  ] GC(18) Concurrent Cleanup for Next Mark
[2026-07-01T02:23:39.993+0000][3.695s][info][gc,marking  ] GC(18) Concurrent Cleanup for Next Mark 0.156ms
[2026-07-01T02:23:39.993+0000][3.695s][info][gc          ] GC(18) Concurrent Mark Cycle 87.846ms
[2026-07-01T02:23:40.095+0000][3.798s][info][gc,start    ] GC(19) Pause Young (Prepare Mixed) (G1 Evacuation Pause)
[2026-07-01T02:23:40.096+0000][3.798s][info][gc,task     ] GC(19) Using 2 workers of 2 for evacuation
[2026-07-01T02:23:40.107+0000][3.810s][info][gc,phases   ] GC(19)   Pre Evacuate Collection Set: 0.09ms
[2026-07-01T02:23:40.107+0000][3.810s][info][gc,phases   ] GC(19)   Merge Heap Roots: 0.07ms
[2026-07-01T02:23:40.107+0000][3.810s][info][gc,phases   ] GC(19)   Evacuate Collection Set: 11.18ms
[2026-07-01T02:23:40.107+0000][3.810s][info][gc,phases   ] GC(19)   Post Evacuate Collection Set: 0.42ms
[2026-07-01T02:23:40.107+0000][3.810s][info][gc,phases   ] GC(19)   Other: 0.04ms
[2026-07-01T02:23:40.107+0000][3.810s][info][gc,heap     ] GC(19) Eden regions: 17->0(8)
[2026-07-01T02:23:40.107+0000][3.810s][info][gc,heap     ] GC(19) Survivor regions: 2->3(3)
[2026-07-01T02:23:40.107+0000][3.810s][info][gc,heap     ] GC(19) Old regions: 15->23
[2026-07-01T02:23:40.107+0000][3.810s][info][gc,heap     ] GC(19) Humongous regions: 0->0
[2026-07-01T02:23:40.107+0000][3.810s][info][gc,metaspace] GC(19) Metaspace: 35490K(36288K)->35490K(36288K) NonClass: 30862K(31296K)->30862K(31296K) Class: 4628K(4992K)->4628K(4992K)
[2026-07-01T02:23:40.107+0000][3.810s][info][gc          ] GC(19) Pause Young (Prepare Mixed) (G1 Evacuation Pause) 33M->25M(45M) 11.934ms
[2026-07-01T02:23:40.107+0000][3.810s][info][gc,cpu      ] GC(19) User=0.03s Sys=0.01s Real=0.01s
[2026-07-01T02:23:40.115+0000][3.818s][info][gc,start    ] GC(20) Pause Young (Mixed) (G1 Evacuation Pause)
[2026-07-01T02:23:40.115+0000][3.818s][info][gc,task     ] GC(20) Using 2 workers of 2 for evacuation
[2026-07-01T02:23:40.125+0000][3.828s][info][gc,phases   ] GC(20)   Pre Evacuate Collection Set: 0.10ms
[2026-07-01T02:23:40.125+0000][3.828s][info][gc,phases   ] GC(20)   Merge Heap Roots: 0.10ms
[2026-07-01T02:23:40.125+0000][3.828s][info][gc,phases   ] GC(20)   Evacuate Collection Set: 10.09ms
[2026-07-01T02:23:40.125+0000][3.828s][info][gc,phases   ] GC(20)   Post Evacuate Collection Set: 0.30ms
[2026-07-01T02:23:40.125+0000][3.828s][info][gc,phases   ] GC(20)   Other: 0.04ms
[2026-07-01T02:23:40.125+0000][3.828s][info][gc,heap     ] GC(20) Eden regions: 8->0(4)
[2026-07-01T02:23:40.125+0000][3.828s][info][gc,heap     ] GC(20) Survivor regions: 3->2(2)
[2026-07-01T02:23:40.125+0000][3.828s][info][gc,heap     ] GC(20) Old regions: 23->30
[2026-07-01T02:23:40.125+0000][3.828s][info][gc,heap     ] GC(20) Humongous regions: 0->0
[2026-07-01T02:23:40.125+0000][3.828s][info][gc,metaspace] GC(20) Metaspace: 35492K(36288K)->35492K(36288K) NonClass: 30864K(31296K)->30864K(31296K) Class: 4628K(4992K)->4628K(4992K)
[2026-07-01T02:23:40.125+0000][3.828s][info][gc          ] GC(20) Pause Young (Mixed) (G1 Evacuation Pause) 33M->32M(45M) 10.739ms
[2026-07-01T02:23:40.125+0000][3.828s][info][gc,cpu      ] GC(20) User=0.03s Sys=0.00s Real=0.01s
[2026-07-01T02:23:40.129+0000][3.832s][info][gc,start    ] GC(21) Pause Young (Concurrent Start) (G1 Evacuation Pause)
[2026-07-01T02:23:40.129+0000][3.832s][info][gc,task     ] GC(21) Using 2 workers of 2 for evacuation
[2026-07-01T02:23:40.133+0000][3.836s][info][gc,phases   ] GC(21)   Pre Evacuate Collection Set: 0.10ms
[2026-07-01T02:23:40.133+0000][3.836s][info][gc,phases   ] GC(21)   Merge Heap Roots: 0.04ms
[2026-07-01T02:23:40.133+0000][3.836s][info][gc,phases   ] GC(21)   Evacuate Collection Set: 3.22ms
[2026-07-01T02:23:40.133+0000][3.836s][info][gc,phases   ] GC(21)   Post Evacuate Collection Set: 0.23ms
[2026-07-01T02:23:40.133+0000][3.836s][info][gc,phases   ] GC(21)   Other: 0.06ms
[2026-07-01T02:23:40.133+0000][3.836s][info][gc,heap     ] GC(21) Eden regions: 4->0(2)
[2026-07-01T02:23:40.133+0000][3.836s][info][gc,heap     ] GC(21) Survivor regions: 2->1(1)
[2026-07-01T02:23:40.133+0000][3.836s][info][gc,heap     ] GC(21) Old regions: 30->35
[2026-07-01T02:23:40.133+0000][3.836s][info][gc,heap     ] GC(21) Humongous regions: 0->0
[2026-07-01T02:23:40.133+0000][3.836s][info][gc,metaspace] GC(21) Metaspace: 35494K(36288K)->35494K(36288K) NonClass: 30865K(31296K)->30865K(31296K) Class: 4628K(4992K)->4628K(4992K)
[2026-07-01T02:23:40.133+0000][3.836s][info][gc          ] GC(21) Pause Young (Concurrent Start) (G1 Evacuation Pause) 36M->35M(45M) 3.720ms
[2026-07-01T02:23:40.133+0000][3.836s][info][gc,cpu      ] GC(21) User=0.01s Sys=0.00s Real=0.00s
[2026-07-01T02:23:40.133+0000][3.836s][info][gc          ] GC(22) Concurrent Mark Cycle
[2026-07-01T02:23:40.133+0000][3.836s][info][gc,marking  ] GC(22) Concurrent Scan Root Regions
[2026-07-01T02:23:40.134+0000][3.837s][info][gc,start    ] GC(23) Pause Young (Normal) (G1 Evacuation Pause)
[2026-07-01T02:23:40.134+0000][3.837s][info][gc,task     ] GC(23) Using 2 workers of 2 for evacuation
[2026-07-01T02:23:40.136+0000][3.839s][info][gc,marking  ] GC(22) Concurrent Scan Root Regions 3.347ms
[2026-07-01T02:23:40.136+0000][3.839s][info][gc,marking  ] GC(22) Concurrent Mark
[2026-07-01T02:23:40.136+0000][3.839s][info][gc,marking  ] GC(22) Concurrent Mark From Roots
[2026-07-01T02:23:40.136+0000][3.839s][info][gc,task     ] GC(22) Using 1 workers of 1 for marking
[2026-07-01T02:23:40.138+0000][3.841s][info][gc,phases   ] GC(23)   Pre Evacuate Collection Set: 0.07ms
[2026-07-01T02:23:40.138+0000][3.841s][info][gc,phases   ] GC(23)   Merge Heap Roots: 0.03ms
[2026-07-01T02:23:40.138+0000][3.841s][info][gc,phases   ] GC(23)   Evacuate Collection Set: 1.48ms
[2026-07-01T02:23:40.138+0000][3.841s][info][gc,phases   ] GC(23)   Post Evacuate Collection Set: 0.22ms
[2026-07-01T02:23:40.138+0000][3.841s][info][gc,phases   ] GC(23)   Other: 0.02ms
[2026-07-01T02:23:40.138+0000][3.841s][info][gc,heap     ] GC(23) Eden regions: 2->0(1)
[2026-07-01T02:23:40.138+0000][3.841s][info][gc,heap     ] GC(23) Survivor regions: 1->1(1)
[2026-07-01T02:23:40.138+0000][3.841s][info][gc,heap     ] GC(23) Old regions: 35->37
[2026-07-01T02:23:40.138+0000][3.841s][info][gc,heap     ] GC(23) Humongous regions: 0->0
[2026-07-01T02:23:40.138+0000][3.841s][info][gc,metaspace] GC(23) Metaspace: 35494K(36288K)->35494K(36288K) NonClass: 30865K(31296K)->30865K(31296K) Class: 4628K(4992K)->4628K(4992K)
[2026-07-01T02:23:40.138+0000][3.841s][info][gc          ] GC(23) Pause Young (Normal) (G1 Evacuation Pause) 37M->37M(45M) 3.812ms
[2026-07-01T02:23:40.138+0000][3.841s][info][gc,cpu      ] GC(23) User=0.01s Sys=0.00s Real=0.01s
[2026-07-01T02:23:40.142+0000][3.845s][info][gc,start    ] GC(24) Pause Young (Normal) (G1 Evacuation Pause)
[2026-07-01T02:23:40.142+0000][3.845s][info][gc,task     ] GC(24) Using 2 workers of 2 for evacuation
[2026-07-01T02:23:40.145+0000][3.848s][info][gc,phases   ] GC(24)   Pre Evacuate Collection Set: 0.07ms
[2026-07-01T02:23:40.145+0000][3.848s][info][gc,phases   ] GC(24)   Merge Heap Roots: 0.05ms
[2026-07-01T02:23:40.145+0000][3.848s][info][gc,phases   ] GC(24)   Evacuate Collection Set: 1.58ms
[2026-07-01T02:23:40.145+0000][3.848s][info][gc,phases   ] GC(24)   Post Evacuate Collection Set: 0.83ms
[2026-07-01T02:23:40.145+0000][3.848s][info][gc,phases   ] GC(24)   Other: 0.03ms
[2026-07-01T02:23:40.145+0000][3.848s][info][gc,heap     ] GC(24) Eden regions: 1->0(44)
[2026-07-01T02:23:40.145+0000][3.848s][info][gc,heap     ] GC(24) Survivor regions: 1->1(1)
[2026-07-01T02:23:40.145+0000][3.848s][info][gc,heap     ] GC(24) Old regions: 37->39
[2026-07-01T02:23:40.145+0000][3.848s][info][gc,heap     ] GC(24) Humongous regions: 1->1
[2026-07-01T02:23:40.145+0000][3.848s][info][gc,metaspace] GC(24) Metaspace: 35494K(36288K)->35494K(36288K) NonClass: 30865K(31296K)->30865K(31296K) Class: 4628K(4992K)->4628K(4992K)
[2026-07-01T02:23:40.145+0000][3.848s][info][gc          ] GC(24) Pause Young (Normal) (G1 Evacuation Pause) 39M->40M(135M) 2.636ms
[2026-07-01T02:23:40.145+0000][3.848s][info][gc,cpu      ] GC(24) User=0.01s Sys=0.00s Real=0.00s
[2026-07-01T02:23:40.204+0000][3.907s][info][gc,start    ] GC(25) Pause Young (Normal) (G1 Evacuation Pause)
[2026-07-01T02:23:40.204+0000][3.907s][info][gc,task     ] GC(25) Using 2 workers of 2 for evacuation
[2026-07-01T02:23:40.228+0000][3.931s][info][gc,phases   ] GC(25)   Pre Evacuate Collection Set: 0.10ms
[2026-07-01T02:23:40.228+0000][3.931s][info][gc,phases   ] GC(25)   Merge Heap Roots: 0.06ms
[2026-07-01T02:23:40.228+0000][3.931s][info][gc,phases   ] GC(25)   Evacuate Collection Set: 24.02ms
[2026-07-01T02:23:40.228+0000][3.931s][info][gc,phases   ] GC(25)   Post Evacuate Collection Set: 0.29ms
[2026-07-01T02:23:40.228+0000][3.931s][info][gc,phases   ] GC(25)   Other: 0.08ms
[2026-07-01T02:23:40.228+0000][3.931s][info][gc,heap     ] GC(25) Eden regions: 44->0(20)
[2026-07-01T02:23:40.228+0000][3.931s][info][gc,heap     ] GC(25) Survivor regions: 1->6(6)
[2026-07-01T02:23:40.228+0000][3.931s][info][gc,heap     ] GC(25) Old regions: 39->69
[2026-07-01T02:23:40.228+0000][3.931s][info][gc,heap     ] GC(25) Humongous regions: 3->3
[2026-07-01T02:23:40.228+0000][3.931s][info][gc,metaspace] GC(25) Metaspace: 35496K(36288K)->35496K(36288K) NonClass: 30868K(31296K)->30868K(31296K) Class: 4628K(4992K)->4628K(4992K)
[2026-07-01T02:23:40.228+0000][3.931s][info][gc          ] GC(25) Pause Young (Normal) (G1 Evacuation Pause) 86M->77M(135M) 24.686ms
[2026-07-01T02:23:40.228+0000][3.931s][info][gc,cpu      ] GC(25) User=0.04s Sys=0.01s Real=0.03s
[2026-07-01T02:23:40.232+0000][3.935s][info][gc,marking  ] GC(22) Concurrent Mark From Roots 95.962ms
[2026-07-01T02:23:40.232+0000][3.935s][info][gc,marking  ] GC(22) Concurrent Preclean
[2026-07-01T02:23:40.232+0000][3.935s][info][gc,marking  ] GC(22) Concurrent Preclean 0.062ms
[2026-07-01T02:23:40.232+0000][3.935s][info][gc,start    ] GC(22) Pause Remark
[2026-07-01T02:23:40.236+0000][3.939s][info][gc          ] GC(22) Pause Remark 83M->83M(135M) 3.918ms
[2026-07-01T02:23:40.236+0000][3.939s][info][gc,cpu      ] GC(22) User=0.00s Sys=0.00s Real=0.00s
[2026-07-01T02:23:40.237+0000][3.940s][info][gc,marking  ] GC(22) Concurrent Mark 101.254ms
[2026-07-01T02:23:40.237+0000][3.940s][info][gc,marking  ] GC(22) Concurrent Rebuild Remembered Sets and Scrub Regions
[2026-07-01T02:23:40.267+0000][3.970s][info][gc,start    ] GC(26) Pause Young (Normal) (G1 Evacuation Pause)
[2026-07-01T02:23:40.267+0000][3.970s][info][gc,task     ] GC(26) Using 2 workers of 2 for evacuation
[2026-07-01T02:23:40.281+0000][3.984s][info][gc,phases   ] GC(26)   Pre Evacuate Collection Set: 0.10ms
[2026-07-01T02:23:40.281+0000][3.984s][info][gc,phases   ] GC(26)   Merge Heap Roots: 0.05ms
[2026-07-01T02:23:40.281+0000][3.984s][info][gc,phases   ] GC(26)   Evacuate Collection Set: 13.74ms
[2026-07-01T02:23:40.281+0000][3.984s][info][gc,phases   ] GC(26)   Post Evacuate Collection Set: 0.26ms
[2026-07-01T02:23:40.281+0000][3.984s][info][gc,phases   ] GC(26)   Other: 0.05ms
[2026-07-01T02:23:40.282+0000][3.984s][info][gc,heap     ] GC(26) Eden regions: 20->0(14)
[2026-07-01T02:23:40.282+0000][3.984s][info][gc,heap     ] GC(26) Survivor regions: 6->4(4)
[2026-07-01T02:23:40.282+0000][3.984s][info][gc,heap     ] GC(26) Old regions: 69->88
[2026-07-01T02:23:40.282+0000][3.984s][info][gc,heap     ] GC(26) Humongous regions: 3->3
[2026-07-01T02:23:40.282+0000][3.984s][info][gc,metaspace] GC(26) Metaspace: 35503K(36288K)->35503K(36288K) NonClass: 30874K(31296K)->30874K(31296K) Class: 4628K(4992K)->4628K(4992K)
[2026-07-01T02:23:40.282+0000][3.984s][info][gc          ] GC(26) Pause Young (Normal) (G1 Evacuation Pause) 97M->94M(135M) 14.318ms
[2026-07-01T02:23:40.282+0000][3.984s][info][gc,cpu      ] GC(26) User=0.02s Sys=0.00s Real=0.02s
[2026-07-01T02:23:40.305+0000][4.008s][info][gc,start    ] GC(27) Pause Young (Normal) (G1 Evacuation Pause)
[2026-07-01T02:23:40.305+0000][4.008s][info][gc,task     ] GC(27) Using 2 workers of 2 for evacuation
[2026-07-01T02:23:40.316+0000][4.019s][info][gc,phases   ] GC(27)   Pre Evacuate Collection Set: 0.09ms
[2026-07-01T02:23:40.316+0000][4.019s][info][gc,phases   ] GC(27)   Merge Heap Roots: 0.10ms
[2026-07-01T02:23:40.316+0000][4.019s][info][gc,phases   ] GC(27)   Evacuate Collection Set: 10.48ms
[2026-07-01T02:23:40.316+0000][4.019s][info][gc,phases   ] GC(27)   Post Evacuate Collection Set: 0.33ms
[2026-07-01T02:23:40.316+0000][4.019s][info][gc,phases   ] GC(27)   Other: 0.04ms
[2026-07-01T02:23:40.316+0000][4.019s][info][gc,heap     ] GC(27) Eden regions: 14->0(8)
[2026-07-01T02:23:40.316+0000][4.019s][info][gc,heap     ] GC(27) Survivor regions: 4->3(3)
[2026-07-01T02:23:40.316+0000][4.019s][info][gc,heap     ] GC(27) Old regions: 88->100
[2026-07-01T02:23:40.316+0000][4.019s][info][gc,heap     ] GC(27) Humongous regions: 6->6
[2026-07-01T02:23:40.316+0000][4.019s][info][gc,metaspace] GC(27) Metaspace: 35768K(36480K)->35768K(36480K) NonClass: 31110K(31488K)->31110K(31488K) Class: 4658K(4992K)->4658K(4992K)
[2026-07-01T02:23:40.316+0000][4.019s][info][gc          ] GC(27) Pause Young (Normal) (G1 Evacuation Pause) 111M->109M(135M) 11.161ms
[2026-07-01T02:23:40.316+0000][4.019s][info][gc,cpu      ] GC(27) User=0.02s Sys=0.00s Real=0.01s
[2026-07-01T02:23:40.317+0000][4.020s][info][gc,marking  ] GC(22) Concurrent Rebuild Remembered Sets and Scrub Regions 79.399ms
[2026-07-01T02:23:40.318+0000][4.021s][info][gc,start    ] GC(22) Pause Cleanup
[2026-07-01T02:23:40.318+0000][4.021s][info][gc          ] GC(22) Pause Cleanup 110M->110M(135M) 0.117ms
[2026-07-01T02:23:40.318+0000][4.021s][info][gc,cpu      ] GC(22) User=0.00s Sys=0.00s Real=0.00s
[2026-07-01T02:23:40.318+0000][4.021s][info][gc,marking  ] GC(22) Concurrent Clear Claimed Marks
[2026-07-01T02:23:40.318+0000][4.021s][info][gc,marking  ] GC(22) Concurrent Clear Claimed Marks 0.064ms
[2026-07-01T02:23:40.318+0000][4.021s][info][gc,marking  ] GC(22) Concurrent Cleanup for Next Mark
[2026-07-01T02:23:40.322+0000][4.025s][info][gc,marking  ] GC(22) Concurrent Cleanup for Next Mark 3.463ms
[2026-07-01T02:23:40.322+0000][4.025s][info][gc          ] GC(22) Concurrent Mark Cycle 189.127ms
[2026-07-01T02:23:40.325+0000][4.028s][info][gc,start    ] GC(28) Pause Young (Prepare Mixed) (G1 Evacuation Pause)
[2026-07-01T02:23:40.325+0000][4.028s][info][gc,task     ] GC(28) Using 2 workers of 2 for evacuation
[2026-07-01T02:23:40.334+0000][4.037s][info][gc,phases   ] GC(28)   Pre Evacuate Collection Set: 0.10ms
[2026-07-01T02:23:40.334+0000][4.037s][info][gc,phases   ] GC(28)   Merge Heap Roots: 0.06ms
[2026-07-01T02:23:40.334+0000][4.037s][info][gc,phases   ] GC(28)   Evacuate Collection Set: 6.54ms
[2026-07-01T02:23:40.334+0000][4.037s][info][gc,phases   ] GC(28)   Post Evacuate Collection Set: 2.17ms
[2026-07-01T02:23:40.334+0000][4.037s][info][gc,phases   ] GC(28)   Other: 0.04ms
[2026-07-01T02:23:40.334+0000][4.037s][info][gc,heap     ] GC(28) Eden regions: 8->0(92)
[2026-07-01T02:23:40.334+0000][4.037s][info][gc,heap     ] GC(28) Survivor regions: 3->2(2)
[2026-07-01T02:23:40.334+0000][4.037s][info][gc,heap     ] GC(28) Old regions: 100->108
[2026-07-01T02:23:40.334+0000][4.037s][info][gc,heap     ] GC(28) Humongous regions: 6->6
[2026-07-01T02:23:40.334+0000][4.037s][info][gc,metaspace] GC(28) Metaspace: 35967K(36800K)->35967K(36800K) NonClass: 31286K(31744K)->31286K(31744K) Class: 4681K(5056K)->4681K(5056K)
[2026-07-01T02:23:40.334+0000][4.037s][info][gc          ] GC(28) Pause Young (Prepare Mixed) (G1 Evacuation Pause) 117M->115M(405M) 9.003ms
[2026-07-01T02:23:40.334+0000][4.037s][info][gc,cpu      ] GC(28) User=0.01s Sys=0.00s Real=0.01s
[2026-07-01T02:23:40.790+0000][4.492s][info][gc,start    ] GC(29) Pause Young (Mixed) (G1 Evacuation Pause)
[2026-07-01T02:23:40.790+0000][4.492s][info][gc,task     ] GC(29) Using 2 workers of 2 for evacuation
[2026-07-01T02:23:40.826+0000][4.529s][info][gc,phases   ] GC(29)   Pre Evacuate Collection Set: 4.86ms
[2026-07-01T02:23:40.826+0000][4.529s][info][gc,phases   ] GC(29)   Merge Heap Roots: 0.09ms
[2026-07-01T02:23:40.826+0000][4.529s][info][gc,phases   ] GC(29)   Evacuate Collection Set: 30.76ms
[2026-07-01T02:23:40.826+0000][4.529s][info][gc,phases   ] GC(29)   Post Evacuate Collection Set: 0.47ms
[2026-07-01T02:23:40.826+0000][4.529s][info][gc,phases   ] GC(29)   Other: 0.09ms
[2026-07-01T02:23:40.826+0000][4.529s][info][gc,heap     ] GC(29) Eden regions: 92->0(82)
[2026-07-01T02:23:40.826+0000][4.529s][info][gc,heap     ] GC(29) Survivor regions: 2->12(12)
[2026-07-01T02:23:40.826+0000][4.529s][info][gc,heap     ] GC(29) Old regions: 108->143
[2026-07-01T02:23:40.826+0000][4.529s][info][gc,heap     ] GC(29) Humongous regions: 6->6
[2026-07-01T02:23:40.826+0000][4.529s][info][gc,metaspace] GC(29) Metaspace: 39170K(40000K)->39170K(40000K) NonClass: 34037K(34496K)->34037K(34496K) Class: 5132K(5504K)->5132K(5504K)
[2026-07-01T02:23:40.826+0000][4.529s][info][gc          ] GC(29) Pause Young (Mixed) (G1 Evacuation Pause) 207M->161M(405M) 36.428ms
[2026-07-01T02:23:40.826+0000][4.529s][info][gc,cpu      ] GC(29) User=0.07s Sys=0.00s Real=0.03s
[2026-07-01T02:23:43.498+0000][7.201s][info][gc,start    ] GC(30) Pause Young (Normal) (G1 Evacuation Pause)
[2026-07-01T02:23:43.498+0000][7.201s][info][gc,task     ] GC(30) Using 2 workers of 2 for evacuation
[2026-07-01T02:23:43.505+0000][7.208s][info][gc,phases   ] GC(30)   Pre Evacuate Collection Set: 0.18ms
[2026-07-01T02:23:43.505+0000][7.208s][info][gc,phases   ] GC(30)   Merge Heap Roots: 0.09ms
[2026-07-01T02:23:43.505+0000][7.208s][info][gc,phases   ] GC(30)   Evacuate Collection Set: 6.70ms
[2026-07-01T02:23:43.505+0000][7.208s][info][gc,phases   ] GC(30)   Post Evacuate Collection Set: 0.41ms
[2026-07-01T02:23:43.505+0000][7.208s][info][gc,phases   ] GC(30)   Other: 0.07ms
[2026-07-01T02:23:43.505+0000][7.208s][info][gc,heap     ] GC(30) Eden regions: 82->0(89)
[2026-07-01T02:23:43.505+0000][7.208s][info][gc,heap     ] GC(30) Survivor regions: 12->3(12)
[2026-07-01T02:23:43.505+0000][7.208s][info][gc,heap     ] GC(30) Old regions: 143->155
[2026-07-01T02:23:43.505+0000][7.208s][info][gc,heap     ] GC(30) Humongous regions: 6->6
[2026-07-01T02:23:43.505+0000][7.208s][info][gc,metaspace] GC(30) Metaspace: 40387K(41216K)->40387K(41216K) NonClass: 35250K(35712K)->35250K(35712K) Class: 5137K(5504K)->5137K(5504K)
[2026-07-01T02:23:43.505+0000][7.208s][info][gc          ] GC(30) Pause Young (Normal) (G1 Evacuation Pause) 243M->163M(405M) 7.583ms
[2026-07-01T02:23:43.505+0000][7.208s][info][gc,cpu      ] GC(30) User=0.01s Sys=0.00s Real=0.01s
[2026-07-01T02:23:46.090+0000][9.793s][info][gc,start    ] GC(31) Pause Young (Concurrent Start) (G1 Evacuation Pause)
[2026-07-01T02:23:46.090+0000][9.793s][info][gc,task     ] GC(31) Using 2 workers of 2 for evacuation
[2026-07-01T02:23:46.094+0000][9.797s][info][gc,phases   ] GC(31)   Pre Evacuate Collection Set: 0.15ms
[2026-07-01T02:23:46.094+0000][9.797s][info][gc,phases   ] GC(31)   Merge Heap Roots: 0.11ms
[2026-07-01T02:23:46.094+0000][9.797s][info][gc,phases   ] GC(31)   Evacuate Collection Set: 3.83ms
[2026-07-01T02:23:46.094+0000][9.797s][info][gc,phases   ] GC(31)   Post Evacuate Collection Set: 0.35ms
[2026-07-01T02:23:46.094+0000][9.797s][info][gc,phases   ] GC(31)   Other: 0.05ms
[2026-07-01T02:23:46.094+0000][9.797s][info][gc,heap     ] GC(31) Eden regions: 89->0(110)
[2026-07-01T02:23:46.094+0000][9.797s][info][gc,heap     ] GC(31) Survivor regions: 3->3(12)
[2026-07-01T02:23:46.094+0000][9.797s][info][gc,heap     ] GC(31) Old regions: 155->155
[2026-07-01T02:23:46.094+0000][9.797s][info][gc,heap     ] GC(31) Humongous regions: 6->6
[2026-07-01T02:23:46.094+0000][9.797s][info][gc,metaspace] GC(31) Metaspace: 40795K(41664K)->40795K(41664K) NonClass: 35658K(36160K)->35658K(36160K) Class: 5137K(5504K)->5137K(5504K)
[2026-07-01T02:23:46.094+0000][9.797s][info][gc          ] GC(31) Pause Young (Concurrent Start) (G1 Evacuation Pause) 252M->163M(405M) 4.624ms
[2026-07-01T02:23:46.094+0000][9.797s][info][gc          ] GC(32) Concurrent Mark Cycle
[2026-07-01T02:23:46.094+0000][9.797s][info][gc,marking  ] GC(32) Concurrent Scan Root Regions
[2026-07-01T02:23:46.094+0000][9.797s][info][gc,cpu      ] GC(31) User=0.01s Sys=0.00s Real=0.00s
[2026-07-01T02:23:46.116+0000][9.819s][info][gc,marking  ] GC(32) Concurrent Scan Root Regions 21.920ms
[2026-07-01T02:23:46.116+0000][9.819s][info][gc,marking  ] GC(32) Concurrent Mark
[2026-07-01T02:23:46.116+0000][9.819s][info][gc,marking  ] GC(32) Concurrent Mark From Roots
[2026-07-01T02:23:46.116+0000][9.819s][info][gc,task     ] GC(32) Using 1 workers of 1 for marking
[2026-07-01T02:23:48.414+0000][12.116s][info][gc,marking  ] GC(32) Concurrent Mark From Roots 2297.129ms
[2026-07-01T02:23:48.414+0000][12.116s][info][gc,marking  ] GC(32) Concurrent Preclean
[2026-07-01T02:23:48.414+0000][12.116s][info][gc,marking  ] GC(32) Concurrent Preclean 0.072ms
[2026-07-01T02:23:48.414+0000][12.117s][info][gc,start    ] GC(32) Pause Remark
[2026-07-01T02:23:48.422+0000][12.124s][info][gc,heap     ] GC(32) Heap shrink completed: uncommitted 83 regions (83MB), heap size now 322MB
[2026-07-01T02:23:48.422+0000][12.124s][info][gc          ] GC(32) Pause Remark 252M->249M(322M) 7.811ms
[2026-07-01T02:23:48.422+0000][12.124s][info][gc,cpu      ] GC(32) User=0.02s Sys=0.00s Real=0.01s
[2026-07-01T02:23:48.429+0000][12.132s][info][gc,marking  ] GC(32) Concurrent Mark 2312.765ms
[2026-07-01T02:23:48.429+0000][12.132s][info][gc,marking  ] GC(32) Concurrent Rebuild Remembered Sets and Scrub Regions
[2026-07-01T02:23:48.910+0000][12.613s][info][gc,marking  ] GC(32) Concurrent Rebuild Remembered Sets and Scrub Regions 481.280ms
[2026-07-01T02:23:48.911+0000][12.614s][info][gc,start    ] GC(32) Pause Cleanup
[2026-07-01T02:23:48.911+0000][12.614s][info][gc          ] GC(32) Pause Cleanup 268M->268M(322M) 0.200ms
[2026-07-01T02:23:48.911+0000][12.614s][info][gc,cpu      ] GC(32) User=0.00s Sys=0.00s Real=0.00s
[2026-07-01T02:23:48.918+0000][12.621s][info][gc,marking  ] GC(32) Concurrent Clear Claimed Marks
[2026-07-01T02:23:48.918+0000][12.621s][info][gc,marking  ] GC(32) Concurrent Clear Claimed Marks 0.127ms
[2026-07-01T02:23:48.918+0000][12.621s][info][gc,marking  ] GC(32) Concurrent Cleanup for Next Mark
[2026-07-01T02:23:48.930+0000][12.633s][info][gc,marking  ] GC(32) Concurrent Cleanup for Next Mark 11.216ms
[2026-07-01T02:23:48.930+0000][12.633s][info][gc          ] GC(32) Concurrent Mark Cycle 2835.335ms
[2026-07-01T02:23:48.984+0000][12.687s][info][gc,start    ] GC(33) Pause Young (Prepare Mixed) (G1 Evacuation Pause)
[2026-07-01T02:23:48.984+0000][12.687s][info][gc,task     ] GC(33) Using 2 workers of 2 for evacuation
[2026-07-01T02:23:48.990+0000][12.693s][info][gc,phases   ] GC(33)   Pre Evacuate Collection Set: 0.17ms
[2026-07-01T02:23:48.990+0000][12.693s][info][gc,phases   ] GC(33)   Merge Heap Roots: 0.20ms
[2026-07-01T02:23:48.990+0000][12.693s][info][gc,phases   ] GC(33)   Evacuate Collection Set: 5.55ms
[2026-07-01T02:23:48.990+0000][12.693s][info][gc,phases   ] GC(33)   Post Evacuate Collection Set: 0.51ms
[2026-07-01T02:23:48.990+0000][12.693s][info][gc,phases   ] GC(33)   Other: 0.06ms
[2026-07-01T02:23:48.990+0000][12.693s][info][gc,heap     ] GC(33) Eden regions: 110->0(83)
[2026-07-01T02:23:48.990+0000][12.693s][info][gc,heap     ] GC(33) Survivor regions: 3->5(15)
[2026-07-01T02:23:48.990+0000][12.693s][info][gc,heap     ] GC(33) Old regions: 155->155
[2026-07-01T02:23:48.990+0000][12.693s][info][gc,heap     ] GC(33) Humongous regions: 3->3
[2026-07-01T02:23:48.990+0000][12.693s][info][gc,metaspace] GC(33) Metaspace: 40976K(41856K)->40976K(41856K) NonClass: 35846K(36352K)->35846K(36352K) Class: 5130K(5504K)->5130K(5504K)
[2026-07-01T02:23:48.990+0000][12.693s][info][gc          ] GC(33) Pause Young (Prepare Mixed) (G1 Evacuation Pause) 270M->163M(322M) 6.613ms
[2026-07-01T02:23:48.990+0000][12.693s][info][gc,cpu      ] GC(33) User=0.02s Sys=0.00s Real=0.01s
[2026-07-01T02:23:50.586+0000][14.289s][info][gc,start    ] GC(34) Pause Young (Mixed) (G1 Evacuation Pause)
[2026-07-01T02:23:50.586+0000][14.289s][info][gc,task     ] GC(34) Using 2 workers of 2 for evacuation
[2026-07-01T02:23:50.593+0000][14.296s][info][gc,phases   ] GC(34)   Pre Evacuate Collection Set: 0.20ms
[2026-07-01T02:23:50.593+0000][14.296s][info][gc,phases   ] GC(34)   Merge Heap Roots: 0.16ms
[2026-07-01T02:23:50.593+0000][14.296s][info][gc,phases   ] GC(34)   Evacuate Collection Set: 5.77ms
[2026-07-01T02:23:50.593+0000][14.296s][info][gc,phases   ] GC(34)   Post Evacuate Collection Set: 0.43ms
[2026-07-01T02:23:50.593+0000][14.296s][info][gc,phases   ] GC(34)   Other: 0.07ms
[2026-07-01T02:23:50.593+0000][14.296s][info][gc,heap     ] GC(34) Eden regions: 83->0(93)
[2026-07-01T02:23:50.593+0000][14.296s][info][gc,heap     ] GC(34) Survivor regions: 5->6(11)
[2026-07-01T02:23:50.593+0000][14.296s][info][gc,heap     ] GC(34) Old regions: 155->153
[2026-07-01T02:23:50.593+0000][14.296s][info][gc,heap     ] GC(34) Humongous regions: 3->3
[2026-07-01T02:23:50.593+0000][14.296s][info][gc,metaspace] GC(34) Metaspace: 41228K(42048K)->41228K(42048K) NonClass: 36096K(36544K)->36096K(36544K) Class: 5132K(5504K)->5132K(5504K)
[2026-07-01T02:23:50.593+0000][14.296s][info][gc          ] GC(34) Pause Young (Mixed) (G1 Evacuation Pause) 245M->161M(322M) 6.771ms
[2026-07-01T02:23:50.593+0000][14.296s][info][gc,cpu      ] GC(34) User=0.01s Sys=0.00s Real=0.01s
[2026-07-01T02:23:51.729+0000][15.432s][info][gc,start    ] GC(35) Pause Young (Concurrent Start) (G1 Evacuation Pause)
[2026-07-01T02:23:51.729+0000][15.432s][info][gc,task     ] GC(35) Using 2 workers of 2 for evacuation
[2026-07-01T02:23:51.736+0000][15.439s][info][gc,phases   ] GC(35)   Pre Evacuate Collection Set: 0.39ms
[2026-07-01T02:23:51.736+0000][15.439s][info][gc,phases   ] GC(35)   Merge Heap Roots: 0.15ms
[2026-07-01T02:23:51.736+0000][15.439s][info][gc,phases   ] GC(35)   Evacuate Collection Set: 6.36ms
[2026-07-01T02:23:51.736+0000][15.439s][info][gc,phases   ] GC(35)   Post Evacuate Collection Set: 0.47ms
[2026-07-01T02:23:51.736+0000][15.439s][info][gc,phases   ] GC(35)   Other: 0.08ms
[2026-07-01T02:23:51.736+0000][15.439s][info][gc,heap     ] GC(35) Eden regions: 93->0(107)
[2026-07-01T02:23:51.736+0000][15.439s][info][gc,heap     ] GC(35) Survivor regions: 6->6(13)
[2026-07-01T02:23:51.736+0000][15.439s][info][gc,heap     ] GC(35) Old regions: 153->153
[2026-07-01T02:23:51.736+0000][15.439s][info][gc,heap     ] GC(35) Humongous regions: 3->3
[2026-07-01T02:23:51.736+0000][15.439s][info][gc,metaspace] GC(35) Metaspace: 41482K(42304K)->41482K(42304K) NonClass: 36348K(36800K)->36348K(36800K) Class: 5133K(5504K)->5133K(5504K)
[2026-07-01T02:23:51.737+0000][15.439s][info][gc          ] GC(35) Pause Young (Concurrent Start) (G1 Evacuation Pause) 254M->161M(322M) 7.623ms
[2026-07-01T02:23:51.737+0000][15.439s][info][gc          ] GC(36) Concurrent Mark Cycle
[2026-07-01T02:23:51.737+0000][15.439s][info][gc,marking  ] GC(36) Concurrent Scan Root Regions
[2026-07-01T02:23:51.737+0000][15.439s][info][gc,cpu      ] GC(35) User=0.02s Sys=0.00s Real=0.00s
[2026-07-01T02:23:51.770+0000][15.472s][info][gc,marking  ] GC(36) Concurrent Scan Root Regions 33.057ms
[2026-07-01T02:23:51.770+0000][15.473s][info][gc,marking  ] GC(36) Concurrent Mark
[2026-07-01T02:23:51.770+0000][15.473s][info][gc,marking  ] GC(36) Concurrent Mark From Roots
[2026-07-01T02:23:51.770+0000][15.473s][info][gc,task     ] GC(36) Using 1 workers of 1 for marking
[2026-07-01T02:23:52.380+0000][16.083s][info][gc,marking  ] GC(36) Concurrent Mark From Roots 610.045ms
[2026-07-01T02:23:52.380+0000][16.083s][info][gc,marking  ] GC(36) Concurrent Preclean
[2026-07-01T02:23:52.380+0000][16.083s][info][gc,marking  ] GC(36) Concurrent Preclean 0.089ms
[2026-07-01T02:23:52.382+0000][16.085s][info][gc,start    ] GC(36) Pause Remark
[2026-07-01T02:23:52.390+0000][16.093s][info][gc          ] GC(36) Pause Remark 205M->205M(322M) 7.572ms
[2026-07-01T02:23:52.390+0000][16.093s][info][gc,cpu      ] GC(36) User=0.02s Sys=0.00s Real=0.01s
[2026-07-01T02:23:52.401+0000][16.103s][info][gc,marking  ] GC(36) Concurrent Mark 630.854ms
[2026-07-01T02:23:52.401+0000][16.103s][info][gc,marking  ] GC(36) Concurrent Rebuild Remembered Sets and Scrub Regions
[2026-07-01T02:23:52.771+0000][16.474s][info][gc,marking  ] GC(36) Concurrent Rebuild Remembered Sets and Scrub Regions 370.615ms
[2026-07-01T02:23:52.771+0000][16.474s][info][gc,start    ] GC(36) Pause Cleanup
[2026-07-01T02:23:52.772+0000][16.475s][info][gc          ] GC(36) Pause Cleanup 238M->238M(322M) 0.244ms
[2026-07-01T02:23:52.772+0000][16.475s][info][gc,cpu      ] GC(36) User=0.00s Sys=0.00s Real=0.00s
[2026-07-01T02:23:52.773+0000][16.475s][info][gc,marking  ] GC(36) Concurrent Clear Claimed Marks
[2026-07-01T02:23:52.773+0000][16.476s][info][gc,marking  ] GC(36) Concurrent Clear Claimed Marks 0.112ms
[2026-07-01T02:23:52.773+0000][16.476s][info][gc,marking  ] GC(36) Concurrent Cleanup for Next Mark
[2026-07-01T02:23:52.774+0000][16.477s][info][gc,marking  ] GC(36) Concurrent Cleanup for Next Mark 1.249ms
[2026-07-01T02:23:52.774+0000][16.477s][info][gc          ] GC(36) Concurrent Mark Cycle 1037.460ms
[2026-07-01T02:23:53.109+0000][16.812s][info][gc,start    ] GC(37) Pause Young (Prepare Mixed) (G1 Evacuation Pause)
[2026-07-01T02:23:53.109+0000][16.812s][info][gc,task     ] GC(37) Using 2 workers of 2 for evacuation
[2026-07-01T02:23:53.118+0000][16.821s][info][gc,phases   ] GC(37)   Pre Evacuate Collection Set: 0.21ms
[2026-07-01T02:23:53.118+0000][16.821s][info][gc,phases   ] GC(37)   Merge Heap Roots: 0.23ms
[2026-07-01T02:23:53.118+0000][16.821s][info][gc,phases   ] GC(37)   Evacuate Collection Set: 8.00ms
[2026-07-01T02:23:53.118+0000][16.821s][info][gc,phases   ] GC(37)   Post Evacuate Collection Set: 0.54ms
[2026-07-01T02:23:53.118+0000][16.821s][info][gc,phases   ] GC(37)   Other: 0.07ms
[2026-07-01T02:23:53.118+0000][16.821s][info][gc,heap     ] GC(37) Eden regions: 107->0(116)
[2026-07-01T02:23:53.118+0000][16.821s][info][gc,heap     ] GC(37) Survivor regions: 6->7(15)
[2026-07-01T02:23:53.118+0000][16.821s][info][gc,heap     ] GC(37) Old regions: 153->153
[2026-07-01T02:23:53.118+0000][16.821s][info][gc,heap     ] GC(37) Humongous regions: 3->3
[2026-07-01T02:23:53.118+0000][16.821s][info][gc,metaspace] GC(37) Metaspace: 41525K(42304K)->41525K(42304K) NonClass: 36391K(36800K)->36391K(36800K) Class: 5133K(5504K)->5133K(5504K)
[2026-07-01T02:23:53.118+0000][16.821s][info][gc          ] GC(37) Pause Young (Prepare Mixed) (G1 Evacuation Pause) 268M->162M(322M) 9.192ms
[2026-07-01T02:23:53.118+0000][16.821s][info][gc,cpu      ] GC(37) User=0.02s Sys=0.00s Real=0.00s
[2026-07-01T02:23:54.379+0000][18.082s][info][gc,start    ] GC(38) Pause Young (Mixed) (G1 Evacuation Pause)
[2026-07-01T02:23:54.379+0000][18.082s][info][gc,task     ] GC(38) Using 2 workers of 2 for evacuation
[2026-07-01T02:23:54.392+0000][18.095s][info][gc,phases   ] GC(38)   Pre Evacuate Collection Set: 0.30ms
[2026-07-01T02:23:54.392+0000][18.095s][info][gc,phases   ] GC(38)   Merge Heap Roots: 0.31ms
[2026-07-01T02:23:54.392+0000][18.095s][info][gc,phases   ] GC(38)   Evacuate Collection Set: 12.36ms
[2026-07-01T02:23:54.392+0000][18.095s][info][gc,phases   ] GC(38)   Post Evacuate Collection Set: 0.58ms
[2026-07-01T02:23:54.392+0000][18.095s][info][gc,phases   ] GC(38)   Other: 0.08ms
[2026-07-01T02:23:54.392+0000][18.095s][info][gc,heap     ] GC(38) Eden regions: 116->0(126)
[2026-07-01T02:23:54.392+0000][18.095s][info][gc,heap     ] GC(38) Survivor regions: 7->6(16)
[2026-07-01T02:23:54.392+0000][18.095s][info][gc,heap     ] GC(38) Old regions: 153->152
[2026-07-01T02:23:54.392+0000][18.095s][info][gc,heap     ] GC(38) Humongous regions: 3->3
[2026-07-01T02:23:54.392+0000][18.095s][info][gc,metaspace] GC(38) Metaspace: 41550K(42304K)->41550K(42304K) NonClass: 36416K(36800K)->36416K(36800K) Class: 5134K(5504K)->5134K(5504K)
[2026-07-01T02:23:54.392+0000][18.095s][info][gc          ] GC(38) Pause Young (Mixed) (G1 Evacuation Pause) 278M->160M(322M) 13.805ms
[2026-07-01T02:23:54.393+0000][18.095s][info][gc,cpu      ] GC(38) User=0.02s Sys=0.00s Real=0.01s
[2026-07-01T02:23:55.803+0000][19.506s][info][gc,start    ] GC(39) Pause Young (Concurrent Start) (G1 Evacuation Pause)
[2026-07-01T02:23:55.803+0000][19.506s][info][gc,task     ] GC(39) Using 2 workers of 2 for evacuation
[2026-07-01T02:23:55.815+0000][19.518s][info][gc,phases   ] GC(39)   Pre Evacuate Collection Set: 0.16ms
[2026-07-01T02:23:55.815+0000][19.518s][info][gc,phases   ] GC(39)   Merge Heap Roots: 0.17ms
[2026-07-01T02:23:55.815+0000][19.518s][info][gc,phases   ] GC(39)   Evacuate Collection Set: 11.25ms
[2026-07-01T02:23:55.815+0000][19.518s][info][gc,phases   ] GC(39)   Post Evacuate Collection Set: 0.55ms
[2026-07-01T02:23:55.815+0000][19.518s][info][gc,phases   ] GC(39)   Other: 0.11ms
[2026-07-01T02:23:55.815+0000][19.518s][info][gc,heap     ] GC(39) Eden regions: 126->0(131)
[2026-07-01T02:23:55.815+0000][19.518s][info][gc,heap     ] GC(39) Survivor regions: 6->7(17)
[2026-07-01T02:23:55.815+0000][19.518s][info][gc,heap     ] GC(39) Old regions: 152->152
[2026-07-01T02:23:55.815+0000][19.518s][info][gc,heap     ] GC(39) Humongous regions: 3->3
[2026-07-01T02:23:55.815+0000][19.518s][info][gc,metaspace] GC(39) Metaspace: 41559K(42368K)->41559K(42368K) NonClass: 36425K(36864K)->36425K(36864K) Class: 5134K(5504K)->5134K(5504K)
[2026-07-01T02:23:55.815+0000][19.518s][info][gc          ] GC(39) Pause Young (Concurrent Start) (G1 Evacuation Pause) 286M->161M(322M) 12.392ms
[2026-07-01T02:23:55.815+0000][19.518s][info][gc          ] GC(40) Concurrent Mark Cycle
[2026-07-01T02:23:55.815+0000][19.518s][info][gc,marking  ] GC(40) Concurrent Scan Root Regions
[2026-07-01T02:23:55.815+0000][19.518s][info][gc,cpu      ] GC(39) User=0.02s Sys=0.00s Real=0.01s
[2026-07-01T02:23:55.827+0000][19.530s][info][gc,marking  ] GC(40) Concurrent Scan Root Regions 11.983ms
[2026-07-01T02:23:55.828+0000][19.530s][info][gc,marking  ] GC(40) Concurrent Mark
[2026-07-01T02:23:55.828+0000][19.530s][info][gc,marking  ] GC(40) Concurrent Mark From Roots
[2026-07-01T02:23:55.828+0000][19.530s][info][gc,task     ] GC(40) Using 1 workers of 1 for marking
[2026-07-01T02:23:56.389+0000][20.092s][info][gc,marking  ] GC(40) Concurrent Mark From Roots 561.619ms
[2026-07-01T02:23:56.389+0000][20.092s][info][gc,marking  ] GC(40) Concurrent Preclean
[2026-07-01T02:23:56.389+0000][20.092s][info][gc,marking  ] GC(40) Concurrent Preclean 0.064ms
[2026-07-01T02:23:56.391+0000][20.094s][info][gc,start    ] GC(40) Pause Remark
[2026-07-01T02:23:56.398+0000][20.101s][info][gc          ] GC(40) Pause Remark 205M->205M(322M) 6.895ms
[2026-07-01T02:23:56.398+0000][20.101s][info][gc,cpu      ] GC(40) User=0.02s Sys=0.00s Real=0.01s
[2026-07-01T02:23:56.406+0000][20.109s][info][gc,marking  ] GC(40) Concurrent Mark 578.806ms
[2026-07-01T02:23:56.406+0000][20.109s][info][gc,marking  ] GC(40) Concurrent Rebuild Remembered Sets and Scrub Regions
[2026-07-01T02:23:56.695+0000][20.398s][info][gc,marking  ] GC(40) Concurrent Rebuild Remembered Sets and Scrub Regions 288.633ms
[2026-07-01T02:23:56.695+0000][20.398s][info][gc,start    ] GC(40) Pause Cleanup
[2026-07-01T02:23:56.695+0000][20.398s][info][gc          ] GC(40) Pause Cleanup 232M->232M(322M) 0.192ms
[2026-07-01T02:23:56.696+0000][20.398s][info][gc,cpu      ] GC(40) User=0.00s Sys=0.00s Real=0.00s
[2026-07-01T02:23:56.698+0000][20.400s][info][gc,marking  ] GC(40) Concurrent Clear Claimed Marks
[2026-07-01T02:23:56.698+0000][20.400s][info][gc,marking  ] GC(40) Concurrent Clear Claimed Marks 0.087ms
[2026-07-01T02:23:56.698+0000][20.400s][info][gc,marking  ] GC(40) Concurrent Cleanup for Next Mark
[2026-07-01T02:23:56.698+0000][20.401s][info][gc,marking  ] GC(40) Concurrent Cleanup for Next Mark 0.674ms
[2026-07-01T02:23:56.698+0000][20.401s][info][gc          ] GC(40) Concurrent Mark Cycle 882.856ms
[2026-07-01T02:23:57.270+0000][20.973s][info][gc,start    ] GC(41) Pause Young (Prepare Mixed) (G1 Evacuation Pause)
[2026-07-01T02:23:57.270+0000][20.973s][info][gc,task     ] GC(41) Using 2 workers of 2 for evacuation
[2026-07-01T02:23:57.280+0000][20.983s][info][gc,phases   ] GC(41)   Pre Evacuate Collection Set: 0.16ms
[2026-07-01T02:23:57.280+0000][20.983s][info][gc,phases   ] GC(41)   Merge Heap Roots: 0.37ms
[2026-07-01T02:23:57.280+0000][20.983s][info][gc,phases   ] GC(41)   Evacuate Collection Set: 8.82ms
[2026-07-01T02:23:57.280+0000][20.983s][info][gc,phases   ] GC(41)   Post Evacuate Collection Set: 0.49ms
[2026-07-01T02:23:57.280+0000][20.983s][info][gc,phases   ] GC(41)   Other: 0.08ms
[2026-07-01T02:23:57.280+0000][20.983s][info][gc,heap     ] GC(41) Eden regions: 131->0(135)
[2026-07-01T02:23:57.280+0000][20.983s][info][gc,heap     ] GC(41) Survivor regions: 7->7(18)
[2026-07-01T02:23:57.280+0000][20.983s][info][gc,heap     ] GC(41) Old regions: 152->152
[2026-07-01T02:23:57.280+0000][20.983s][info][gc,heap     ] GC(41) Humongous regions: 3->3
[2026-07-01T02:23:57.280+0000][20.983s][info][gc,metaspace] GC(41) Metaspace: 41573K(42432K)->41573K(42432K) NonClass: 36439K(36928K)->36439K(36928K) Class: 5134K(5504K)->5134K(5504K)
[2026-07-01T02:23:57.280+0000][20.983s][info][gc          ] GC(41) Pause Young (Prepare Mixed) (G1 Evacuation Pause) 292M->161M(322M) 10.092ms
[2026-07-01T02:23:57.280+0000][20.983s][info][gc,cpu      ] GC(41) User=0.02s Sys=0.00s Real=0.01s
[2026-07-01T02:23:58.684+0000][22.386s][info][gc,start    ] GC(42) Pause Young (Mixed) (G1 Evacuation Pause)
[2026-07-01T02:23:58.684+0000][22.386s][info][gc,task     ] GC(42) Using 2 workers of 2 for evacuation
[2026-07-01T02:23:58.708+0000][22.411s][info][gc,phases   ] GC(42)   Pre Evacuate Collection Set: 0.41ms
[2026-07-01T02:23:58.708+0000][22.411s][info][gc,phases   ] GC(42)   Merge Heap Roots: 0.27ms
[2026-07-01T02:23:58.708+0000][22.411s][info][gc,phases   ] GC(42)   Evacuate Collection Set: 23.38ms
[2026-07-01T02:23:58.708+0000][22.411s][info][gc,phases   ] GC(42)   Post Evacuate Collection Set: 0.61ms
[2026-07-01T02:23:58.708+0000][22.411s][info][gc,phases   ] GC(42)   Other: 0.07ms
[2026-07-01T02:23:58.708+0000][22.411s][info][gc,heap     ] GC(42) Eden regions: 135->0(139)
[2026-07-01T02:23:58.708+0000][22.411s][info][gc,heap     ] GC(42) Survivor regions: 7->8(18)
[2026-07-01T02:23:58.708+0000][22.411s][info][gc,heap     ] GC(42) Old regions: 152->151
[2026-07-01T02:23:58.708+0000][22.411s][info][gc,heap     ] GC(42) Humongous regions: 3->3
[2026-07-01T02:23:58.708+0000][22.411s][info][gc,metaspace] GC(42) Metaspace: 41616K(42432K)->41616K(42432K) NonClass: 36482K(36928K)->36482K(36928K) Class: 5134K(5504K)->5134K(5504K)
[2026-07-01T02:23:58.708+0000][22.411s][info][gc          ] GC(42) Pause Young (Mixed) (G1 Evacuation Pause) 296M->161M(322M) 24.911ms
[2026-07-01T02:23:58.708+0000][22.411s][info][gc,cpu      ] GC(42) User=0.03s Sys=0.01s Real=0.03s
[2026-07-01T02:23:59.935+0000][23.638s][info][gc,start    ] GC(43) Pause Young (Concurrent Start) (G1 Evacuation Pause)
[2026-07-01T02:23:59.935+0000][23.638s][info][gc,task     ] GC(43) Using 2 workers of 2 for evacuation
[2026-07-01T02:23:59.967+0000][23.670s][info][gc,phases   ] GC(43)   Pre Evacuate Collection Set: 0.39ms
[2026-07-01T02:23:59.967+0000][23.670s][info][gc,phases   ] GC(43)   Merge Heap Roots: 0.24ms
[2026-07-01T02:23:59.967+0000][23.670s][info][gc,phases   ] GC(43)   Evacuate Collection Set: 11.43ms
[2026-07-01T02:23:59.967+0000][23.670s][info][gc,phases   ] GC(43)   Post Evacuate Collection Set: 19.13ms
[2026-07-01T02:23:59.967+0000][23.670s][info][gc,phases   ] GC(43)   Other: 0.09ms
[2026-07-01T02:23:59.967+0000][23.670s][info][gc,heap     ] GC(43) Eden regions: 139->0(142)
[2026-07-01T02:23:59.967+0000][23.670s][info][gc,heap     ] GC(43) Survivor regions: 8->8(19)
[2026-07-01T02:23:59.967+0000][23.670s][info][gc,heap     ] GC(43) Old regions: 151->151
[2026-07-01T02:23:59.967+0000][23.670s][info][gc,heap     ] GC(43) Humongous regions: 3->3
[2026-07-01T02:23:59.967+0000][23.670s][info][gc,metaspace] GC(43) Metaspace: 41621K(42432K)->41621K(42432K) NonClass: 36487K(36928K)->36487K(36928K) Class: 5134K(5504K)->5134K(5504K)
[2026-07-01T02:23:59.967+0000][23.670s][info][gc          ] GC(43) Pause Young (Concurrent Start) (G1 Evacuation Pause) 300M->161M(322M) 31.431ms
[2026-07-01T02:23:59.967+0000][23.670s][info][gc          ] GC(44) Concurrent Mark Cycle
[2026-07-01T02:23:59.967+0000][23.670s][info][gc,marking  ] GC(44) Concurrent Scan Root Regions
[2026-07-01T02:23:59.967+0000][23.670s][info][gc,cpu      ] GC(43) User=0.02s Sys=0.00s Real=0.03s
[2026-07-01T02:23:59.979+0000][23.681s][info][gc,marking  ] GC(44) Concurrent Scan Root Regions 11.690ms
[2026-07-01T02:23:59.979+0000][23.681s][info][gc,marking  ] GC(44) Concurrent Mark
[2026-07-01T02:23:59.979+0000][23.681s][info][gc,marking  ] GC(44) Concurrent Mark From Roots
[2026-07-01T02:23:59.979+0000][23.681s][info][gc,task     ] GC(44) Using 1 workers of 1 for marking
[2026-07-01T02:24:01.039+0000][24.742s][info][gc,marking  ] GC(44) Concurrent Mark From Roots 1060.657ms
[2026-07-01T02:24:01.039+0000][24.742s][info][gc,marking  ] GC(44) Concurrent Preclean
[2026-07-01T02:24:01.039+0000][24.742s][info][gc,marking  ] GC(44) Concurrent Preclean 0.071ms
[2026-07-01T02:24:01.039+0000][24.742s][info][gc,start    ] GC(44) Pause Remark
[2026-07-01T02:24:01.072+0000][24.774s][info][gc          ] GC(44) Pause Remark 258M->258M(322M) 32.189ms
[2026-07-01T02:24:01.072+0000][24.775s][info][gc,cpu      ] GC(44) User=0.02s Sys=0.00s Real=0.03s
[2026-07-01T02:24:01.076+0000][24.779s][info][gc,marking  ] GC(44) Concurrent Mark 1097.527ms
[2026-07-01T02:24:01.076+0000][24.779s][info][gc,marking  ] GC(44) Concurrent Rebuild Remembered Sets and Scrub Regions
[2026-07-01T02:24:01.223+0000][24.926s][info][gc,marking  ] GC(44) Concurrent Rebuild Remembered Sets and Scrub Regions 146.801ms
[2026-07-01T02:24:01.223+0000][24.926s][info][gc,start    ] GC(44) Pause Cleanup
[2026-07-01T02:24:01.223+0000][24.926s][info][gc          ] GC(44) Pause Cleanup 268M->268M(322M) 0.186ms
[2026-07-01T02:24:01.223+0000][24.926s][info][gc,cpu      ] GC(44) User=0.00s Sys=0.00s Real=0.00s
[2026-07-01T02:24:01.223+0000][24.926s][info][gc,marking  ] GC(44) Concurrent Clear Claimed Marks
[2026-07-01T02:24:01.223+0000][24.926s][info][gc,marking  ] GC(44) Concurrent Clear Claimed Marks 0.074ms
[2026-07-01T02:24:01.223+0000][24.926s][info][gc,marking  ] GC(44) Concurrent Cleanup for Next Mark
[2026-07-01T02:24:01.224+0000][24.927s][info][gc,marking  ] GC(44) Concurrent Cleanup for Next Mark 0.518ms
[2026-07-01T02:24:01.224+0000][24.927s][info][gc          ] GC(44) Concurrent Mark Cycle 1257.132ms
[2026-07-01T02:24:01.608+0000][25.310s][info][gc,start    ] GC(45) Pause Young (Prepare Mixed) (G1 Evacuation Pause)
[2026-07-01T02:24:01.608+0000][25.310s][info][gc,task     ] GC(45) Using 2 workers of 2 for evacuation
[2026-07-01T02:24:01.624+0000][25.327s][info][gc,phases   ] GC(45)   Pre Evacuate Collection Set: 0.18ms
[2026-07-01T02:24:01.624+0000][25.327s][info][gc,phases   ] GC(45)   Merge Heap Roots: 0.38ms
[2026-07-01T02:24:01.624+0000][25.327s][info][gc,phases   ] GC(45)   Evacuate Collection Set: 14.74ms
[2026-07-01T02:24:01.624+0000][25.327s][info][gc,phases   ] GC(45)   Post Evacuate Collection Set: 0.68ms
[2026-07-01T02:24:01.624+0000][25.327s][info][gc,phases   ] GC(45)   Other: 0.07ms
[2026-07-01T02:24:01.624+0000][25.327s][info][gc,heap     ] GC(45) Eden regions: 142->0(142)
[2026-07-01T02:24:01.624+0000][25.327s][info][gc,heap     ] GC(45) Survivor regions: 8->9(19)
[2026-07-01T02:24:01.624+0000][25.327s][info][gc,heap     ] GC(45) Old regions: 151->151
[2026-07-01T02:24:01.624+0000][25.327s][info][gc,heap     ] GC(45) Humongous regions: 3->3
[2026-07-01T02:24:01.624+0000][25.327s][info][gc,metaspace] GC(45) Metaspace: 41633K(42432K)->41633K(42432K) NonClass: 36499K(36928K)->36499K(36928K) Class: 5134K(5504K)->5134K(5504K)
[2026-07-01T02:24:01.624+0000][25.327s][info][gc          ] GC(45) Pause Young (Prepare Mixed) (G1 Evacuation Pause) 303M->162M(322M) 16.225ms
[2026-07-01T02:24:01.624+0000][25.327s][info][gc,cpu      ] GC(45) User=0.03s Sys=0.00s Real=0.02s
[2026-07-01T02:24:02.970+0000][26.673s][info][gc,start    ] GC(46) Pause Young (Mixed) (G1 Evacuation Pause)
[2026-07-01T02:24:02.970+0000][26.673s][info][gc,task     ] GC(46) Using 2 workers of 2 for evacuation
[2026-07-01T02:24:02.983+0000][26.686s][info][gc,phases   ] GC(46)   Pre Evacuate Collection Set: 0.41ms
[2026-07-01T02:24:02.983+0000][26.686s][info][gc,phases   ] GC(46)   Merge Heap Roots: 0.28ms
[2026-07-01T02:24:02.983+0000][26.686s][info][gc,phases   ] GC(46)   Evacuate Collection Set: 12.10ms
[2026-07-01T02:24:02.983+0000][26.686s][info][gc,phases   ] GC(46)   Post Evacuate Collection Set: 0.53ms
[2026-07-01T02:24:02.983+0000][26.686s][info][gc,phases   ] GC(46)   Other: 0.08ms
[2026-07-01T02:24:02.983+0000][26.686s][info][gc,heap     ] GC(46) Eden regions: 142->0(143)
[2026-07-01T02:24:02.983+0000][26.686s][info][gc,heap     ] GC(46) Survivor regions: 9->9(19)
[2026-07-01T02:24:02.983+0000][26.686s][info][gc,heap     ] GC(46) Old regions: 151->150
[2026-07-01T02:24:02.983+0000][26.686s][info][gc,heap     ] GC(46) Humongous regions: 3->3
[2026-07-01T02:24:02.983+0000][26.686s][info][gc,metaspace] GC(46) Metaspace: 41633K(42432K)->41633K(42432K) NonClass: 36499K(36928K)->36499K(36928K) Class: 5134K(5504K)->5134K(5504K)
[2026-07-01T02:24:02.983+0000][26.686s][info][gc          ] GC(46) Pause Young (Mixed) (G1 Evacuation Pause) 304M->162M(322M) 13.550ms
[2026-07-01T02:24:02.983+0000][26.686s][info][gc,cpu      ] GC(46) User=0.02s Sys=0.00s Real=0.01s
[2026-07-01T02:24:04.190+0000][27.893s][info][gc,start    ] GC(47) Pause Young (Concurrent Start) (G1 Evacuation Pause)
[2026-07-01T02:24:04.190+0000][27.893s][info][gc,task     ] GC(47) Using 2 workers of 2 for evacuation
[2026-07-01T02:24:04.209+0000][27.912s][info][gc,phases   ] GC(47)   Pre Evacuate Collection Set: 0.19ms
[2026-07-01T02:24:04.209+0000][27.912s][info][gc,phases   ] GC(47)   Merge Heap Roots: 0.24ms
[2026-07-01T02:24:04.209+0000][27.912s][info][gc,phases   ] GC(47)   Evacuate Collection Set: 17.12ms
[2026-07-01T02:24:04.209+0000][27.912s][info][gc,phases   ] GC(47)   Post Evacuate Collection Set: 0.67ms
[2026-07-01T02:24:04.209+0000][27.912s][info][gc,phases   ] GC(47)   Other: 0.11ms
[2026-07-01T02:24:04.209+0000][27.912s][info][gc,heap     ] GC(47) Eden regions: 143->0(143)
[2026-07-01T02:24:04.209+0000][27.912s][info][gc,heap     ] GC(47) Survivor regions: 9->9(19)
[2026-07-01T02:24:04.209+0000][27.912s][info][gc,heap     ] GC(47) Old regions: 150->150
[2026-07-01T02:24:04.209+0000][27.912s][info][gc,heap     ] GC(47) Humongous regions: 3->3
[2026-07-01T02:24:04.209+0000][27.912s][info][gc,metaspace] GC(47) Metaspace: 41633K(42432K)->41633K(42432K) NonClass: 36499K(36928K)->36499K(36928K) Class: 5134K(5504K)->5134K(5504K)
[2026-07-01T02:24:04.209+0000][27.912s][info][gc          ] GC(47) Pause Young (Concurrent Start) (G1 Evacuation Pause) 305M->162M(322M) 18.509ms
[2026-07-01T02:24:04.209+0000][27.912s][info][gc          ] GC(48) Concurrent Mark Cycle
[2026-07-01T02:24:04.209+0000][27.912s][info][gc,marking  ] GC(48) Concurrent Scan Root Regions
[2026-07-01T02:24:04.211+0000][27.914s][info][gc,cpu      ] GC(47) User=0.06s Sys=0.00s Real=0.02s
[2026-07-01T02:24:04.270+0000][27.973s][info][gc,marking  ] GC(48) Concurrent Scan Root Regions 61.433ms
[2026-07-01T02:24:04.270+0000][27.973s][info][gc,marking  ] GC(48) Concurrent Mark
[2026-07-01T02:24:04.270+0000][27.973s][info][gc,marking  ] GC(48) Concurrent Mark From Roots
[2026-07-01T02:24:04.270+0000][27.973s][info][gc,task     ] GC(48) Using 1 workers of 1 for marking
[2026-07-01T02:24:04.872+0000][28.575s][info][gc,marking  ] GC(48) Concurrent Mark From Roots 601.422ms
[2026-07-01T02:24:04.872+0000][28.575s][info][gc,marking  ] GC(48) Concurrent Preclean
[2026-07-01T02:24:04.872+0000][28.575s][info][gc,marking  ] GC(48) Concurrent Preclean 0.109ms
[2026-07-01T02:24:04.872+0000][28.575s][info][gc,start    ] GC(48) Pause Remark
[2026-07-01T02:24:04.880+0000][28.582s][info][gc          ] GC(48) Pause Remark 218M->218M(322M) 7.577ms
[2026-07-01T02:24:04.880+0000][28.582s][info][gc,cpu      ] GC(48) User=0.02s Sys=0.00s Real=0.01s
[2026-07-01T02:24:04.883+0000][28.586s][info][gc,marking  ] GC(48) Concurrent Mark 613.015ms
[2026-07-01T02:24:04.883+0000][28.586s][info][gc,marking  ] GC(48) Concurrent Rebuild Remembered Sets and Scrub Regions
[2026-07-01T02:24:05.226+0000][28.928s][info][gc,marking  ] GC(48) Concurrent Rebuild Remembered Sets and Scrub Regions 342.199ms
[2026-07-01T02:24:05.226+0000][28.929s][info][gc,start    ] GC(48) Pause Cleanup
[2026-07-01T02:24:05.226+0000][28.929s][info][gc          ] GC(48) Pause Cleanup 252M->252M(322M) 0.180ms
[2026-07-01T02:24:05.226+0000][28.929s][info][gc,cpu      ] GC(48) User=0.00s Sys=0.00s Real=0.00s
[2026-07-01T02:24:05.226+0000][28.929s][info][gc,marking  ] GC(48) Concurrent Clear Claimed Marks
[2026-07-01T02:24:05.227+0000][28.929s][info][gc,marking  ] GC(48) Concurrent Clear Claimed Marks 0.091ms
[2026-07-01T02:24:05.227+0000][28.929s][info][gc,marking  ] GC(48) Concurrent Cleanup for Next Mark
[2026-07-01T02:24:05.228+0000][28.931s][info][gc,marking  ] GC(48) Concurrent Cleanup for Next Mark 1.269ms
[2026-07-01T02:24:05.228+0000][28.931s][info][gc          ] GC(48) Concurrent Mark Cycle 1018.988ms
[2026-07-01T02:24:05.841+0000][29.544s][info][gc,start    ] GC(49) Pause Young (Prepare Mixed) (G1 Evacuation Pause)
[2026-07-01T02:24:05.841+0000][29.544s][info][gc,task     ] GC(49) Using 2 workers of 2 for evacuation
[2026-07-01T02:24:05.873+0000][29.576s][info][gc,phases   ] GC(49)   Pre Evacuate Collection Set: 0.24ms
[2026-07-01T02:24:05.873+0000][29.576s][info][gc,phases   ] GC(49)   Merge Heap Roots: 0.55ms
[2026-07-01T02:24:05.873+0000][29.576s][info][gc,phases   ] GC(49)   Evacuate Collection Set: 26.69ms
[2026-07-01T02:24:05.873+0000][29.576s][info][gc,phases   ] GC(49)   Post Evacuate Collection Set: 4.01ms
[2026-07-01T02:24:05.873+0000][29.576s][info][gc,phases   ] GC(49)   Other: 0.08ms
[2026-07-01T02:24:05.873+0000][29.576s][info][gc,heap     ] GC(49) Eden regions: 143->0(142)
[2026-07-01T02:24:05.873+0000][29.576s][info][gc,heap     ] GC(49) Survivor regions: 9->10(19)
[2026-07-01T02:24:05.873+0000][29.576s][info][gc,heap     ] GC(49) Old regions: 150->150
[2026-07-01T02:24:05.873+0000][29.576s][info][gc,heap     ] GC(49) Humongous regions: 3->3
[2026-07-01T02:24:05.873+0000][29.576s][info][gc,metaspace] GC(49) Metaspace: 41634K(42432K)->41634K(42432K) NonClass: 36500K(36928K)->36500K(36928K) Class: 5134K(5504K)->5134K(5504K)
[2026-07-01T02:24:05.873+0000][29.576s][info][gc          ] GC(49) Pause Young (Prepare Mixed) (G1 Evacuation Pause) 305M->162M(322M) 31.775ms
[2026-07-01T02:24:05.873+0000][29.576s][info][gc,cpu      ] GC(49) User=0.04s Sys=0.00s Real=0.03s
[2026-07-01T02:24:07.377+0000][31.080s][info][gc,start    ] GC(50) Pause Young (Mixed) (G1 Evacuation Pause)
[2026-07-01T02:24:07.377+0000][31.080s][info][gc,task     ] GC(50) Using 2 workers of 2 for evacuation
[2026-07-01T02:24:07.394+0000][31.097s][info][gc,phases   ] GC(50)   Pre Evacuate Collection Set: 0.23ms
[2026-07-01T02:24:07.394+0000][31.097s][info][gc,phases   ] GC(50)   Merge Heap Roots: 0.26ms
[2026-07-01T02:24:07.394+0000][31.097s][info][gc,phases   ] GC(50)   Evacuate Collection Set: 16.04ms
[2026-07-01T02:24:07.394+0000][31.097s][info][gc,phases   ] GC(50)   Post Evacuate Collection Set: 0.54ms
[2026-07-01T02:24:07.394+0000][31.097s][info][gc,phases   ] GC(50)   Other: 0.07ms
[2026-07-01T02:24:07.394+0000][31.097s][info][gc,heap     ] GC(50) Eden regions: 142->0(141)
[2026-07-01T02:24:07.394+0000][31.097s][info][gc,heap     ] GC(50) Survivor regions: 10->9(19)
[2026-07-01T02:24:07.394+0000][31.097s][info][gc,heap     ] GC(50) Old regions: 150->152
[2026-07-01T02:24:07.394+0000][31.097s][info][gc,heap     ] GC(50) Humongous regions: 3->3
[2026-07-01T02:24:07.394+0000][31.097s][info][gc,metaspace] GC(50) Metaspace: 41635K(42432K)->41635K(42432K) NonClass: 36500K(36928K)->36500K(36928K) Class: 5134K(5504K)->5134K(5504K)
[2026-07-01T02:24:07.394+0000][31.097s][info][gc          ] GC(50) Pause Young (Mixed) (G1 Evacuation Pause) 304M->163M(322M) 17.306ms
[2026-07-01T02:24:07.394+0000][31.097s][info][gc,cpu      ] GC(50) User=0.03s Sys=0.00s Real=0.02s
[2026-07-01T02:24:08.572+0000][32.274s][info][gc,start    ] GC(51) Pause Young (Concurrent Start) (G1 Evacuation Pause)
[2026-07-01T02:24:08.572+0000][32.274s][info][gc,task     ] GC(51) Using 2 workers of 2 for evacuation
[2026-07-01T02:24:08.590+0000][32.293s][info][gc,phases   ] GC(51)   Pre Evacuate Collection Set: 0.16ms
[2026-07-01T02:24:08.590+0000][32.293s][info][gc,phases   ] GC(51)   Merge Heap Roots: 0.28ms
[2026-07-01T02:24:08.590+0000][32.293s][info][gc,phases   ] GC(51)   Evacuate Collection Set: 17.14ms
[2026-07-01T02:24:08.590+0000][32.293s][info][gc,phases   ] GC(51)   Post Evacuate Collection Set: 0.49ms
[2026-07-01T02:24:08.590+0000][32.293s][info][gc,phases   ] GC(51)   Other: 0.06ms
[2026-07-01T02:24:08.590+0000][32.293s][info][gc,heap     ] GC(51) Eden regions: 141->0(141)
[2026-07-01T02:24:08.590+0000][32.293s][info][gc,heap     ] GC(51) Survivor regions: 9->8(19)
[2026-07-01T02:24:08.590+0000][32.293s][info][gc,heap     ] GC(51) Old regions: 152->153
[2026-07-01T02:24:08.590+0000][32.293s][info][gc,heap     ] GC(51) Humongous regions: 3->3
[2026-07-01T02:24:08.590+0000][32.293s][info][gc,metaspace] GC(51) Metaspace: 41635K(42432K)->41635K(42432K) NonClass: 36501K(36928K)->36501K(36928K) Class: 5134K(5504K)->5134K(5504K)
[2026-07-01T02:24:08.590+0000][32.293s][info][gc          ] GC(51) Pause Young (Concurrent Start) (G1 Evacuation Pause) 304M->163M(322M) 18.266ms
[2026-07-01T02:24:08.590+0000][32.293s][info][gc          ] GC(52) Concurrent Mark Cycle
[2026-07-01T02:24:08.590+0000][32.293s][info][gc,marking  ] GC(52) Concurrent Scan Root Regions
[2026-07-01T02:24:08.590+0000][32.293s][info][gc,cpu      ] GC(51) User=0.04s Sys=0.00s Real=0.02s
[2026-07-01T02:24:08.679+0000][32.381s][info][gc,marking  ] GC(52) Concurrent Scan Root Regions 88.562ms
[2026-07-01T02:24:08.679+0000][32.381s][info][gc,marking  ] GC(52) Concurrent Mark
[2026-07-01T02:24:08.679+0000][32.381s][info][gc,marking  ] GC(52) Concurrent Mark From Roots
[2026-07-01T02:24:08.679+0000][32.381s][info][gc,task     ] GC(52) Using 1 workers of 1 for marking
[2026-07-01T02:24:09.520+0000][33.223s][info][gc,marking  ] GC(52) Concurrent Mark From Roots 841.492ms
[2026-07-01T02:24:09.520+0000][33.223s][info][gc,marking  ] GC(52) Concurrent Preclean
[2026-07-01T02:24:09.520+0000][33.223s][info][gc,marking  ] GC(52) Concurrent Preclean 0.082ms
[2026-07-01T02:24:09.520+0000][33.223s][info][gc,start    ] GC(52) Pause Remark
[2026-07-01T02:24:09.526+0000][33.229s][info][gc          ] GC(52) Pause Remark 259M->259M(322M) 5.866ms
[2026-07-01T02:24:09.526+0000][33.229s][info][gc,cpu      ] GC(52) User=0.01s Sys=0.00s Real=0.00s
[2026-07-01T02:24:09.530+0000][33.233s][info][gc,marking  ] GC(52) Concurrent Mark 851.136ms
[2026-07-01T02:24:09.530+0000][33.233s][info][gc,marking  ] GC(52) Concurrent Rebuild Remembered Sets and Scrub Regions
[2026-07-01T02:24:09.701+0000][33.403s][info][gc,marking  ] GC(52) Concurrent Rebuild Remembered Sets and Scrub Regions 170.859ms
[2026-07-01T02:24:09.701+0000][33.404s][info][gc,start    ] GC(52) Pause Cleanup
[2026-07-01T02:24:09.701+0000][33.404s][info][gc          ] GC(52) Pause Cleanup 274M->274M(322M) 0.362ms
[2026-07-01T02:24:09.701+0000][33.404s][info][gc,cpu      ] GC(52) User=0.01s Sys=0.00s Real=0.00s
[2026-07-01T02:24:09.705+0000][33.408s][info][gc,marking  ] GC(52) Concurrent Clear Claimed Marks
[2026-07-01T02:24:09.705+0000][33.408s][info][gc,marking  ] GC(52) Concurrent Clear Claimed Marks 0.097ms
[2026-07-01T02:24:09.705+0000][33.408s][info][gc,marking  ] GC(52) Concurrent Cleanup for Next Mark
[2026-07-01T02:24:09.709+0000][33.412s][info][gc,marking  ] GC(52) Concurrent Cleanup for Next Mark 3.533ms
[2026-07-01T02:24:09.709+0000][33.412s][info][gc          ] GC(52) Concurrent Mark Cycle 1118.817ms
[2026-07-01T02:24:09.952+0000][33.655s][info][gc,start    ] GC(53) Pause Young (Prepare Mixed) (G1 Evacuation Pause)
[2026-07-01T02:24:09.953+0000][33.655s][info][gc,task     ] GC(53) Using 2 workers of 2 for evacuation
[2026-07-01T02:24:09.977+0000][33.680s][info][gc,phases   ] GC(53)   Pre Evacuate Collection Set: 0.19ms
[2026-07-01T02:24:09.977+0000][33.680s][info][gc,phases   ] GC(53)   Merge Heap Roots: 0.48ms
[2026-07-01T02:24:09.977+0000][33.680s][info][gc,phases   ] GC(53)   Evacuate Collection Set: 23.32ms
[2026-07-01T02:24:09.977+0000][33.680s][info][gc,phases   ] GC(53)   Post Evacuate Collection Set: 0.56ms
[2026-07-01T02:24:09.977+0000][33.680s][info][gc,phases   ] GC(53)   Other: 0.08ms
[2026-07-01T02:24:09.977+0000][33.680s][info][gc,heap     ] GC(53) Eden regions: 141->0(140)
[2026-07-01T02:24:09.977+0000][33.680s][info][gc,heap     ] GC(53) Survivor regions: 8->9(19)
[2026-07-01T02:24:09.977+0000][33.680s][info][gc,heap     ] GC(53) Old regions: 153->153
[2026-07-01T02:24:09.977+0000][33.680s][info][gc,heap     ] GC(53) Humongous regions: 3->3
[2026-07-01T02:24:09.977+0000][33.680s][info][gc,metaspace] GC(53) Metaspace: 41642K(42496K)->41642K(42496K) NonClass: 36508K(36992K)->36508K(36992K) Class: 5134K(5504K)->5134K(5504K)
[2026-07-01T02:24:09.977+0000][33.680s][info][gc          ] GC(53) Pause Young (Prepare Mixed) (G1 Evacuation Pause) 304M->164M(322M) 24.792ms
[2026-07-01T02:24:09.977+0000][33.680s][info][gc,cpu      ] GC(53) User=0.03s Sys=0.00s Real=0.02s
[2026-07-01T02:24:11.177+0000][34.880s][info][gc,start    ] GC(54) Pause Young (Mixed) (G1 Evacuation Pause)
[2026-07-01T02:24:11.177+0000][34.880s][info][gc,task     ] GC(54) Using 2 workers of 2 for evacuation
[2026-07-01T02:24:11.195+0000][34.898s][info][gc,phases   ] GC(54)   Pre Evacuate Collection Set: 0.80ms
[2026-07-01T02:24:11.195+0000][34.898s][info][gc,phases   ] GC(54)   Merge Heap Roots: 0.32ms
[2026-07-01T02:24:11.195+0000][34.898s][info][gc,phases   ] GC(54)   Evacuate Collection Set: 16.69ms
[2026-07-01T02:24:11.195+0000][34.898s][info][gc,phases   ] GC(54)   Post Evacuate Collection Set: 0.53ms
[2026-07-01T02:24:11.195+0000][34.898s][info][gc,phases   ] GC(54)   Other: 0.05ms
[2026-07-01T02:24:11.195+0000][34.898s][info][gc,heap     ] GC(54) Eden regions: 140->0(141)
[2026-07-01T02:24:11.195+0000][34.898s][info][gc,heap     ] GC(54) Survivor regions: 9->8(19)
[2026-07-01T02:24:11.195+0000][34.898s][info][gc,heap     ] GC(54) Old regions: 153->153
[2026-07-01T02:24:11.195+0000][34.898s][info][gc,heap     ] GC(54) Humongous regions: 3->3
[2026-07-01T02:24:11.195+0000][34.898s][info][gc,metaspace] GC(54) Metaspace: 41646K(42496K)->41646K(42496K) NonClass: 36512K(36992K)->36512K(36992K) Class: 5134K(5504K)->5134K(5504K)
[2026-07-01T02:24:11.196+0000][34.898s][info][gc          ] GC(54) Pause Young (Mixed) (G1 Evacuation Pause) 304M->163M(322M) 18.538ms
[2026-07-01T02:24:11.196+0000][34.898s][info][gc,cpu      ] GC(54) User=0.05s Sys=0.00s Real=0.02s
[2026-07-01T02:24:12.351+0000][36.054s][info][gc,start    ] GC(55) Pause Young (Concurrent Start) (G1 Evacuation Pause)
[2026-07-01T02:24:12.351+0000][36.054s][info][gc,task     ] GC(55) Using 2 workers of 2 for evacuation
[2026-07-01T02:24:12.367+0000][36.070s][info][gc,phases   ] GC(55)   Pre Evacuate Collection Set: 0.20ms
[2026-07-01T02:24:12.367+0000][36.070s][info][gc,phases   ] GC(55)   Merge Heap Roots: 0.26ms
[2026-07-01T02:24:12.367+0000][36.070s][info][gc,phases   ] GC(55)   Evacuate Collection Set: 15.19ms
[2026-07-01T02:24:12.367+0000][36.070s][info][gc,phases   ] GC(55)   Post Evacuate Collection Set: 0.47ms
[2026-07-01T02:24:12.367+0000][36.070s][info][gc,phases   ] GC(55)   Other: 0.10ms
[2026-07-01T02:24:12.367+0000][36.070s][info][gc,heap     ] GC(55) Eden regions: 141->0(140)
[2026-07-01T02:24:12.367+0000][36.070s][info][gc,heap     ] GC(55) Survivor regions: 8->9(19)
[2026-07-01T02:24:12.367+0000][36.070s][info][gc,heap     ] GC(55) Old regions: 153->153
[2026-07-01T02:24:12.367+0000][36.070s][info][gc,heap     ] GC(55) Humongous regions: 3->3
[2026-07-01T02:24:12.367+0000][36.070s][info][gc,metaspace] GC(55) Metaspace: 41647K(42496K)->41647K(42496K) NonClass: 36512K(36992K)->36512K(36992K) Class: 5134K(5504K)->5134K(5504K)
[2026-07-01T02:24:12.367+0000][36.070s][info][gc          ] GC(55) Pause Young (Concurrent Start) (G1 Evacuation Pause) 304M->164M(322M) 16.426ms
[2026-07-01T02:24:12.367+0000][36.070s][info][gc          ] GC(56) Concurrent Mark Cycle
[2026-07-01T02:24:12.367+0000][36.070s][info][gc,cpu      ] GC(55) User=0.03s Sys=0.01s Real=0.01s
[2026-07-01T02:24:12.367+0000][36.070s][info][gc,marking  ] GC(56) Concurrent Scan Root Regions
[2026-07-01T02:24:12.394+0000][36.097s][info][gc,marking  ] GC(56) Concurrent Scan Root Regions 26.293ms
[2026-07-01T02:24:12.394+0000][36.097s][info][gc,marking  ] GC(56) Concurrent Mark
[2026-07-01T02:24:12.394+0000][36.097s][info][gc,marking  ] GC(56) Concurrent Mark From Roots
[2026-07-01T02:24:12.394+0000][36.097s][info][gc,task     ] GC(56) Using 1 workers of 1 for marking
[2026-07-01T02:24:12.983+0000][36.685s][info][gc,marking  ] GC(56) Concurrent Mark From Roots 588.895ms
[2026-07-01T02:24:12.983+0000][36.686s][info][gc,marking  ] GC(56) Concurrent Preclean
[2026-07-01T02:24:12.983+0000][36.686s][info][gc,marking  ] GC(56) Concurrent Preclean 0.089ms
[2026-07-01T02:24:12.984+0000][36.686s][info][gc,start    ] GC(56) Pause Remark
[2026-07-01T02:24:12.991+0000][36.694s][info][gc          ] GC(56) Pause Remark 211M->211M(322M) 7.264ms
[2026-07-01T02:24:12.991+0000][36.694s][info][gc,cpu      ] GC(56) User=0.02s Sys=0.00s Real=0.01s
[2026-07-01T02:24:13.002+0000][36.705s][info][gc,marking  ] GC(56) Concurrent Mark 608.095ms
[2026-07-01T02:24:13.002+0000][36.705s][info][gc,marking  ] GC(56) Concurrent Rebuild Remembered Sets and Scrub Regions
[2026-07-01T02:24:13.268+0000][36.970s][info][gc,marking  ] GC(56) Concurrent Rebuild Remembered Sets and Scrub Regions 265.659ms
[2026-07-01T02:24:13.270+0000][36.973s][info][gc,start    ] GC(56) Pause Cleanup
[2026-07-01T02:24:13.270+0000][36.973s][info][gc          ] GC(56) Pause Cleanup 235M->235M(322M) 0.182ms
[2026-07-01T02:24:13.270+0000][36.973s][info][gc,cpu      ] GC(56) User=0.01s Sys=0.00s Real=0.00s
[2026-07-01T02:24:13.270+0000][36.973s][info][gc,marking  ] GC(56) Concurrent Clear Claimed Marks
[2026-07-01T02:24:13.270+0000][36.973s][info][gc,marking  ] GC(56) Concurrent Clear Claimed Marks 0.114ms
[2026-07-01T02:24:13.270+0000][36.973s][info][gc,marking  ] GC(56) Concurrent Cleanup for Next Mark
[2026-07-01T02:24:13.271+0000][36.974s][info][gc,marking  ] GC(56) Concurrent Cleanup for Next Mark 0.903ms
[2026-07-01T02:24:13.271+0000][36.974s][info][gc          ] GC(56) Concurrent Mark Cycle 903.907ms
[2026-07-01T02:24:13.933+0000][37.636s][info][gc,start    ] GC(57) Pause Young (Prepare Mixed) (G1 Evacuation Pause)
[2026-07-01T02:24:13.933+0000][37.636s][info][gc,task     ] GC(57) Using 2 workers of 2 for evacuation
[2026-07-01T02:24:13.948+0000][37.651s][info][gc,phases   ] GC(57)   Pre Evacuate Collection Set: 0.39ms
[2026-07-01T02:24:13.948+0000][37.651s][info][gc,phases   ] GC(57)   Merge Heap Roots: 0.41ms
[2026-07-01T02:24:13.948+0000][37.651s][info][gc,phases   ] GC(57)   Evacuate Collection Set: 13.49ms
[2026-07-01T02:24:13.948+0000][37.651s][info][gc,phases   ] GC(57)   Post Evacuate Collection Set: 0.46ms
[2026-07-01T02:24:13.948+0000][37.651s][info][gc,phases   ] GC(57)   Other: 0.06ms
[2026-07-01T02:24:13.948+0000][37.651s][info][gc,heap     ] GC(57) Eden regions: 140->0(139)
[2026-07-01T02:24:13.948+0000][37.651s][info][gc,heap     ] GC(57) Survivor regions: 9->9(19)
[2026-07-01T02:24:13.948+0000][37.651s][info][gc,heap     ] GC(57) Old regions: 153->154
[2026-07-01T02:24:13.948+0000][37.651s][info][gc,heap     ] GC(57) Humongous regions: 3->3
[2026-07-01T02:24:13.948+0000][37.651s][info][gc,metaspace] GC(57) Metaspace: 41647K(42496K)->41647K(42496K) NonClass: 36513K(36992K)->36513K(36992K) Class: 5134K(5504K)->5134K(5504K)
[2026-07-01T02:24:13.948+0000][37.651s][info][gc          ] GC(57) Pause Young (Prepare Mixed) (G1 Evacuation Pause) 304M->164M(322M) 14.982ms
[2026-07-01T02:24:13.948+0000][37.651s][info][gc,cpu      ] GC(57) User=0.03s Sys=0.00s Real=0.01s
[2026-07-01T02:24:15.184+0000][38.887s][info][gc,start    ] GC(58) Pause Young (Mixed) (G1 Evacuation Pause)
[2026-07-01T02:24:15.184+0000][38.887s][info][gc,task     ] GC(58) Using 2 workers of 2 for evacuation
[2026-07-01T02:24:15.200+0000][38.903s][info][gc,phases   ] GC(58)   Pre Evacuate Collection Set: 0.22ms
[2026-07-01T02:24:15.200+0000][38.903s][info][gc,phases   ] GC(58)   Merge Heap Roots: 0.37ms
[2026-07-01T02:24:15.200+0000][38.903s][info][gc,phases   ] GC(58)   Evacuate Collection Set: 15.41ms
[2026-07-01T02:24:15.200+0000][38.903s][info][gc,phases   ] GC(58)   Post Evacuate Collection Set: 0.39ms
[2026-07-01T02:24:15.200+0000][38.903s][info][gc,phases   ] GC(58)   Other: 0.05ms
[2026-07-01T02:24:15.200+0000][38.903s][info][gc,heap     ] GC(58) Eden regions: 139->0(139)
[2026-07-01T02:24:15.200+0000][38.903s][info][gc,heap     ] GC(58) Survivor regions: 9->9(19)
[2026-07-01T02:24:15.200+0000][38.903s][info][gc,heap     ] GC(58) Old regions: 154->154
[2026-07-01T02:24:15.200+0000][38.903s][info][gc,heap     ] GC(58) Humongous regions: 3->3
[2026-07-01T02:24:15.200+0000][38.903s][info][gc,metaspace] GC(58) Metaspace: 41647K(42496K)->41647K(42496K) NonClass: 36513K(36992K)->36513K(36992K) Class: 5134K(5504K)->5134K(5504K)
[2026-07-01T02:24:15.200+0000][38.903s][info][gc          ] GC(58) Pause Young (Mixed) (G1 Evacuation Pause) 303M->164M(322M) 16.597ms
[2026-07-01T02:24:15.200+0000][38.903s][info][gc,cpu      ] GC(58) User=0.03s Sys=0.00s Real=0.02s
[2026-07-01T02:24:16.336+0000][40.038s][info][gc,start    ] GC(59) Pause Young (Concurrent Start) (G1 Evacuation Pause)
[2026-07-01T02:24:16.336+0000][40.038s][info][gc,task     ] GC(59) Using 2 workers of 2 for evacuation
[2026-07-01T02:24:16.358+0000][40.061s][info][gc,phases   ] GC(59)   Pre Evacuate Collection Set: 0.20ms
[2026-07-01T02:24:16.358+0000][40.061s][info][gc,phases   ] GC(59)   Merge Heap Roots: 0.44ms
[2026-07-01T02:24:16.358+0000][40.061s][info][gc,phases   ] GC(59)   Evacuate Collection Set: 21.25ms
[2026-07-01T02:24:16.358+0000][40.061s][info][gc,phases   ] GC(59)   Post Evacuate Collection Set: 0.53ms
[2026-07-01T02:24:16.358+0000][40.061s][info][gc,phases   ] GC(59)   Other: 0.10ms
[2026-07-01T02:24:16.358+0000][40.061s][info][gc,heap     ] GC(59) Eden regions: 139->0(139)
[2026-07-01T02:24:16.358+0000][40.061s][info][gc,heap     ] GC(59) Survivor regions: 9->9(19)
[2026-07-01T02:24:16.358+0000][40.061s][info][gc,heap     ] GC(59) Old regions: 154->154
[2026-07-01T02:24:16.358+0000][40.061s][info][gc,heap     ] GC(59) Humongous regions: 3->3
[2026-07-01T02:24:16.358+0000][40.061s][info][gc,metaspace] GC(59) Metaspace: 41648K(42496K)->41648K(42496K) NonClass: 36514K(36992K)->36514K(36992K) Class: 5134K(5504K)->5134K(5504K)
[2026-07-01T02:24:16.358+0000][40.061s][info][gc          ] GC(59) Pause Young (Concurrent Start) (G1 Evacuation Pause) 303M->165M(322M) 22.749ms
[2026-07-01T02:24:16.358+0000][40.061s][info][gc          ] GC(60) Concurrent Mark Cycle
[2026-07-01T02:24:16.358+0000][40.061s][info][gc,cpu      ] GC(59) User=0.05s Sys=0.00s Real=0.03s
[2026-07-01T02:24:16.358+0000][40.061s][info][gc,marking  ] GC(60) Concurrent Scan Root Regions
[2026-07-01T02:24:16.408+0000][40.111s][info][gc,marking  ] GC(60) Concurrent Scan Root Regions 49.635ms
[2026-07-01T02:24:16.408+0000][40.111s][info][gc,marking  ] GC(60) Concurrent Mark
[2026-07-01T02:24:16.408+0000][40.111s][info][gc,marking  ] GC(60) Concurrent Mark From Roots
[2026-07-01T02:24:16.408+0000][40.111s][info][gc,task     ] GC(60) Using 1 workers of 1 for marking
[2026-07-01T02:24:17.266+0000][40.969s][info][gc,marking  ] GC(60) Concurrent Mark From Roots 858.294ms
[2026-07-01T02:24:17.266+0000][40.969s][info][gc,marking  ] GC(60) Concurrent Preclean
[2026-07-01T02:24:17.267+0000][40.969s][info][gc,marking  ] GC(60) Concurrent Preclean 0.079ms
[2026-07-01T02:24:17.267+0000][40.970s][info][gc,start    ] GC(60) Pause Remark
[2026-07-01T02:24:17.274+0000][40.977s][info][gc          ] GC(60) Pause Remark 260M->260M(322M) 7.160ms
[2026-07-01T02:24:17.274+0000][40.977s][info][gc,cpu      ] GC(60) User=0.02s Sys=0.00s Real=0.01s
[2026-07-01T02:24:17.278+0000][40.981s][info][gc,marking  ] GC(60) Concurrent Mark 869.956ms
[2026-07-01T02:24:17.278+0000][40.981s][info][gc,marking  ] GC(60) Concurrent Rebuild Remembered Sets and Scrub Regions
[2026-07-01T02:24:17.586+0000][41.289s][info][gc,marking  ] GC(60) Concurrent Rebuild Remembered Sets and Scrub Regions 308.374ms
[2026-07-01T02:24:17.587+0000][41.289s][info][gc,start    ] GC(60) Pause Cleanup
[2026-07-01T02:24:17.587+0000][41.290s][info][gc          ] GC(60) Pause Cleanup 298M->298M(322M) 0.289ms
[2026-07-01T02:24:17.587+0000][41.290s][info][gc,cpu      ] GC(60) User=0.00s Sys=0.00s Real=0.00s
[2026-07-01T02:24:17.587+0000][41.290s][info][gc,marking  ] GC(60) Concurrent Clear Claimed Marks
[2026-07-01T02:24:17.587+0000][41.290s][info][gc,marking  ] GC(60) Concurrent Clear Claimed Marks 0.109ms
[2026-07-01T02:24:17.587+0000][41.290s][info][gc,marking  ] GC(60) Concurrent Cleanup for Next Mark
[2026-07-01T02:24:17.595+0000][41.298s][info][gc,marking  ] GC(60) Concurrent Cleanup for Next Mark 7.715ms
[2026-07-01T02:24:17.595+0000][41.298s][info][gc          ] GC(60) Concurrent Mark Cycle 1236.456ms
[2026-07-01T02:24:17.628+0000][41.331s][info][gc,start    ] GC(61) Pause Young (Prepare Mixed) (G1 Evacuation Pause)
[2026-07-01T02:24:17.628+0000][41.331s][info][gc,task     ] GC(61) Using 2 workers of 2 for evacuation
[2026-07-01T02:24:17.649+0000][41.351s][info][gc,phases   ] GC(61)   Pre Evacuate Collection Set: 0.16ms
[2026-07-01T02:24:17.649+0000][41.351s][info][gc,phases   ] GC(61)   Merge Heap Roots: 0.72ms
[2026-07-01T02:24:17.649+0000][41.351s][info][gc,phases   ] GC(61)   Evacuate Collection Set: 18.63ms
[2026-07-01T02:24:17.649+0000][41.351s][info][gc,phases   ] GC(61)   Post Evacuate Collection Set: 0.73ms
[2026-07-01T02:24:17.649+0000][41.351s][info][gc,phases   ] GC(61)   Other: 0.06ms
[2026-07-01T02:24:17.649+0000][41.351s][info][gc,heap     ] GC(61) Eden regions: 139->0(138)
[2026-07-01T02:24:17.649+0000][41.351s][info][gc,heap     ] GC(61) Survivor regions: 9->9(19)
[2026-07-01T02:24:17.649+0000][41.351s][info][gc,heap     ] GC(61) Old regions: 154->155
[2026-07-01T02:24:17.649+0000][41.351s][info][gc,heap     ] GC(61) Humongous regions: 3->3
[2026-07-01T02:24:17.649+0000][41.351s][info][gc,metaspace] GC(61) Metaspace: 41649K(42496K)->41649K(42496K) NonClass: 36515K(36992K)->36515K(36992K) Class: 5134K(5504K)->5134K(5504K)
[2026-07-01T02:24:17.649+0000][41.351s][info][gc          ] GC(61) Pause Young (Prepare Mixed) (G1 Evacuation Pause) 304M->166M(322M) 20.464ms
[2026-07-01T02:24:17.649+0000][41.351s][info][gc,cpu      ] GC(61) User=0.04s Sys=0.00s Real=0.02s
[2026-07-01T02:24:18.898+0000][42.600s][info][gc,start    ] GC(62) Pause Young (Mixed) (G1 Evacuation Pause)
[2026-07-01T02:24:18.898+0000][42.601s][info][gc,task     ] GC(62) Using 2 workers of 2 for evacuation
[2026-07-01T02:24:18.915+0000][42.618s][info][gc,phases   ] GC(62)   Pre Evacuate Collection Set: 0.22ms
[2026-07-01T02:24:18.915+0000][42.618s][info][gc,phases   ] GC(62)   Merge Heap Roots: 0.40ms
[2026-07-01T02:24:18.915+0000][42.618s][info][gc,phases   ] GC(62)   Evacuate Collection Set: 16.43ms
[2026-07-01T02:24:18.915+0000][42.618s][info][gc,phases   ] GC(62)   Post Evacuate Collection Set: 0.42ms
[2026-07-01T02:24:18.915+0000][42.618s][info][gc,phases   ] GC(62)   Other: 0.07ms
[2026-07-01T02:24:18.915+0000][42.618s][info][gc,heap     ] GC(62) Eden regions: 138->0(138)
[2026-07-01T02:24:18.915+0000][42.618s][info][gc,heap     ] GC(62) Survivor regions: 9->9(19)
[2026-07-01T02:24:18.915+0000][42.618s][info][gc,heap     ] GC(62) Old regions: 155->155
[2026-07-01T02:24:18.915+0000][42.618s][info][gc,heap     ] GC(62) Humongous regions: 3->3
[2026-07-01T02:24:18.915+0000][42.618s][info][gc,metaspace] GC(62) Metaspace: 41649K(42496K)->41649K(42496K) NonClass: 36515K(36992K)->36515K(36992K) Class: 5134K(5504K)->5134K(5504K)
[2026-07-01T02:24:18.915+0000][42.618s][info][gc          ] GC(62) Pause Young (Mixed) (G1 Evacuation Pause) 304M->166M(322M) 17.724ms
[2026-07-01T02:24:18.915+0000][42.618s][info][gc,cpu      ] GC(62) User=0.03s Sys=0.00s Real=0.02s
[2026-07-01T02:24:19.884+0000][43.587s][info][gc,start    ] GC(63) Pause Young (Concurrent Start) (G1 Evacuation Pause)
[2026-07-01T02:24:19.884+0000][43.587s][info][gc,task     ] GC(63) Using 2 workers of 2 for evacuation
[2026-07-01T02:24:19.900+0000][43.603s][info][gc,phases   ] GC(63)   Pre Evacuate Collection Set: 0.20ms
[2026-07-01T02:24:19.900+0000][43.603s][info][gc,phases   ] GC(63)   Merge Heap Roots: 0.31ms
[2026-07-01T02:24:19.900+0000][43.603s][info][gc,phases   ] GC(63)   Evacuate Collection Set: 15.13ms
[2026-07-01T02:24:19.900+0000][43.603s][info][gc,phases   ] GC(63)   Post Evacuate Collection Set: 0.39ms
[2026-07-01T02:24:19.900+0000][43.603s][info][gc,phases   ] GC(63)   Other: 0.07ms
[2026-07-01T02:24:19.900+0000][43.603s][info][gc,heap     ] GC(63) Eden regions: 138->0(138)
[2026-07-01T02:24:19.900+0000][43.603s][info][gc,heap     ] GC(63) Survivor regions: 9->9(19)
[2026-07-01T02:24:19.900+0000][43.603s][info][gc,heap     ] GC(63) Old regions: 155->155
[2026-07-01T02:24:19.900+0000][43.603s][info][gc,heap     ] GC(63) Humongous regions: 3->3
[2026-07-01T02:24:19.900+0000][43.603s][info][gc,metaspace] GC(63) Metaspace: 41650K(42496K)->41650K(42496K) NonClass: 36516K(36992K)->36516K(36992K) Class: 5134K(5504K)->5134K(5504K)
[2026-07-01T02:24:19.900+0000][43.603s][info][gc          ] GC(63) Pause Young (Concurrent Start) (G1 Evacuation Pause) 304M->166M(322M) 16.271ms
[2026-07-01T02:24:19.900+0000][43.603s][info][gc          ] GC(64) Concurrent Mark Cycle
[2026-07-01T02:24:19.900+0000][43.603s][info][gc,cpu      ] GC(63) User=0.04s Sys=0.00s Real=0.02s
[2026-07-01T02:24:19.900+0000][43.603s][info][gc,marking  ] GC(64) Concurrent Scan Root Regions
[2026-07-01T02:24:19.937+0000][43.639s][info][gc,marking  ] GC(64) Concurrent Scan Root Regions 36.484ms
[2026-07-01T02:24:19.937+0000][43.640s][info][gc,marking  ] GC(64) Concurrent Mark
[2026-07-01T02:24:19.937+0000][43.640s][info][gc,marking  ] GC(64) Concurrent Mark From Roots
[2026-07-01T02:24:19.937+0000][43.640s][info][gc,task     ] GC(64) Using 1 workers of 1 for marking
[2026-07-01T02:24:20.527+0000][44.230s][info][gc,marking  ] GC(64) Concurrent Mark From Roots 590.773ms
[2026-07-01T02:24:20.528+0000][44.230s][info][gc,marking  ] GC(64) Concurrent Preclean
[2026-07-01T02:24:20.528+0000][44.230s][info][gc,marking  ] GC(64) Concurrent Preclean 0.076ms
[2026-07-01T02:24:20.528+0000][44.230s][info][gc,start    ] GC(64) Pause Remark
[2026-07-01T02:24:20.536+0000][44.239s][info][gc          ] GC(64) Pause Remark 234M->234M(322M) 8.237ms
[2026-07-01T02:24:20.536+0000][44.239s][info][gc,cpu      ] GC(64) User=0.01s Sys=0.00s Real=0.01s
[2026-07-01T02:24:20.539+0000][44.241s][info][gc,marking  ] GC(64) Concurrent Mark 601.962ms
[2026-07-01T02:24:20.539+0000][44.242s][info][gc,marking  ] GC(64) Concurrent Rebuild Remembered Sets and Scrub Regions
[2026-07-01T02:24:20.723+0000][44.426s][info][gc,marking  ] GC(64) Concurrent Rebuild Remembered Sets and Scrub Regions 184.021ms
[2026-07-01T02:24:20.723+0000][44.426s][info][gc,start    ] GC(64) Pause Cleanup
[2026-07-01T02:24:20.723+0000][44.426s][info][gc          ] GC(64) Pause Cleanup 247M->247M(322M) 0.267ms
[2026-07-01T02:24:20.723+0000][44.426s][info][gc,cpu      ] GC(64) User=0.01s Sys=0.00s Real=0.00s
[2026-07-01T02:24:20.723+0000][44.426s][info][gc,marking  ] GC(64) Concurrent Clear Claimed Marks
[2026-07-01T02:24:20.723+0000][44.426s][info][gc,marking  ] GC(64) Concurrent Clear Claimed Marks 0.089ms
[2026-07-01T02:24:20.723+0000][44.426s][info][gc,marking  ] GC(64) Concurrent Cleanup for Next Mark
[2026-07-01T02:24:20.724+0000][44.427s][info][gc,marking  ] GC(64) Concurrent Cleanup for Next Mark 1.018ms
[2026-07-01T02:24:20.725+0000][44.427s][info][gc          ] GC(64) Concurrent Mark Cycle 824.344ms
[2026-07-01T02:24:21.391+0000][45.094s][info][gc,start    ] GC(65) Pause Young (Prepare Mixed) (G1 Evacuation Pause)
[2026-07-01T02:24:21.392+0000][45.094s][info][gc,task     ] GC(65) Using 2 workers of 2 for evacuation
[2026-07-01T02:24:21.424+0000][45.127s][info][gc,phases   ] GC(65)   Pre Evacuate Collection Set: 0.35ms
[2026-07-01T02:24:21.424+0000][45.127s][info][gc,phases   ] GC(65)   Merge Heap Roots: 0.74ms
[2026-07-01T02:24:21.424+0000][45.127s][info][gc,phases   ] GC(65)   Evacuate Collection Set: 29.28ms
[2026-07-01T02:24:21.424+0000][45.127s][info][gc,phases   ] GC(65)   Post Evacuate Collection Set: 2.01ms
[2026-07-01T02:24:21.424+0000][45.127s][info][gc,phases   ] GC(65)   Other: 0.06ms
[2026-07-01T02:24:21.424+0000][45.127s][info][gc,heap     ] GC(65) Eden regions: 138->0(137)
[2026-07-01T02:24:21.424+0000][45.127s][info][gc,heap     ] GC(65) Survivor regions: 9->9(19)
[2026-07-01T02:24:21.424+0000][45.127s][info][gc,heap     ] GC(65) Old regions: 155->156
[2026-07-01T02:24:21.424+0000][45.127s][info][gc,heap     ] GC(65) Humongous regions: 3->3
[2026-07-01T02:24:21.424+0000][45.127s][info][gc,metaspace] GC(65) Metaspace: 41652K(42496K)->41652K(42496K) NonClass: 36517K(36992K)->36517K(36992K) Class: 5134K(5504K)->5134K(5504K)
[2026-07-01T02:24:21.424+0000][45.127s][info][gc          ] GC(65) Pause Young (Prepare Mixed) (G1 Evacuation Pause) 304M->166M(322M) 32.752ms
[2026-07-01T02:24:21.424+0000][45.127s][info][gc,cpu      ] GC(65) User=0.06s Sys=0.00s Real=0.03s
[2026-07-01T02:24:22.420+0000][46.123s][info][gc,start    ] GC(66) Pause Young (Mixed) (G1 Evacuation Pause)
[2026-07-01T02:24:22.420+0000][46.123s][info][gc,task     ] GC(66) Using 2 workers of 2 for evacuation
[2026-07-01T02:24:22.437+0000][46.139s][info][gc,phases   ] GC(66)   Pre Evacuate Collection Set: 0.19ms
[2026-07-01T02:24:22.437+0000][46.139s][info][gc,phases   ] GC(66)   Merge Heap Roots: 0.38ms
[2026-07-01T02:24:22.437+0000][46.139s][info][gc,phases   ] GC(66)   Evacuate Collection Set: 15.45ms
[2026-07-01T02:24:22.437+0000][46.139s][info][gc,phases   ] GC(66)   Post Evacuate Collection Set: 0.47ms
[2026-07-01T02:24:22.437+0000][46.139s][info][gc,phases   ] GC(66)   Other: 0.10ms
[2026-07-01T02:24:22.437+0000][46.139s][info][gc,heap     ] GC(66) Eden regions: 137->0(137)
[2026-07-01T02:24:22.437+0000][46.139s][info][gc,heap     ] GC(66) Survivor regions: 9->9(19)
[2026-07-01T02:24:22.437+0000][46.139s][info][gc,heap     ] GC(66) Old regions: 156->156
[2026-07-01T02:24:22.437+0000][46.139s][info][gc,heap     ] GC(66) Humongous regions: 3->3
[2026-07-01T02:24:22.437+0000][46.139s][info][gc,metaspace] GC(66) Metaspace: 41652K(42496K)->41652K(42496K) NonClass: 36518K(36992K)->36518K(36992K) Class: 5134K(5504K)->5134K(5504K)
[2026-07-01T02:24:22.437+0000][46.139s][info][gc          ] GC(66) Pause Young (Mixed) (G1 Evacuation Pause) 303M->167M(322M) 16.779ms
[2026-07-01T02:24:22.437+0000][46.139s][info][gc,cpu      ] GC(66) User=0.04s Sys=0.01s Real=0.01s
[2026-07-01T02:24:23.309+0000][47.012s][info][gc,start    ] GC(67) Pause Young (Concurrent Start) (G1 Evacuation Pause)
[2026-07-01T02:24:23.309+0000][47.012s][info][gc,task     ] GC(67) Using 2 workers of 2 for evacuation
[2026-07-01T02:24:23.326+0000][47.029s][info][gc,phases   ] GC(67)   Pre Evacuate Collection Set: 0.23ms
[2026-07-01T02:24:23.326+0000][47.029s][info][gc,phases   ] GC(67)   Merge Heap Roots: 0.30ms
[2026-07-01T02:24:23.326+0000][47.029s][info][gc,phases   ] GC(67)   Evacuate Collection Set: 16.09ms
[2026-07-01T02:24:23.326+0000][47.029s][info][gc,phases   ] GC(67)   Post Evacuate Collection Set: 0.48ms
[2026-07-01T02:24:23.326+0000][47.029s][info][gc,phases   ] GC(67)   Other: 0.09ms
[2026-07-01T02:24:23.326+0000][47.029s][info][gc,heap     ] GC(67) Eden regions: 137->0(137)
[2026-07-01T02:24:23.326+0000][47.029s][info][gc,heap     ] GC(67) Survivor regions: 9->9(19)
[2026-07-01T02:24:23.326+0000][47.029s][info][gc,heap     ] GC(67) Old regions: 156->156
[2026-07-01T02:24:23.326+0000][47.029s][info][gc,heap     ] GC(67) Humongous regions: 3->3
[2026-07-01T02:24:23.326+0000][47.029s][info][gc,metaspace] GC(67) Metaspace: 41654K(42496K)->41654K(42496K) NonClass: 36519K(36992K)->36519K(36992K) Class: 5135K(5504K)->5135K(5504K)
[2026-07-01T02:24:23.326+0000][47.029s][info][gc          ] GC(67) Pause Young (Concurrent Start) (G1 Evacuation Pause) 304M->167M(322M) 17.340ms
[2026-07-01T02:24:23.326+0000][47.029s][info][gc          ] GC(68) Concurrent Mark Cycle
[2026-07-01T02:24:23.326+0000][47.029s][info][gc,marking  ] GC(68) Concurrent Scan Root Regions
[2026-07-01T02:24:23.326+0000][47.029s][info][gc,cpu      ] GC(67) User=0.04s Sys=0.00s Real=0.01s
[2026-07-01T02:24:23.367+0000][47.069s][info][gc,marking  ] GC(68) Concurrent Scan Root Regions 40.132ms
[2026-07-01T02:24:23.367+0000][47.069s][info][gc,marking  ] GC(68) Concurrent Mark
[2026-07-01T02:24:23.367+0000][47.069s][info][gc,marking  ] GC(68) Concurrent Mark From Roots
[2026-07-01T02:24:23.367+0000][47.069s][info][gc,task     ] GC(68) Using 1 workers of 1 for marking
[2026-07-01T02:24:24.004+0000][47.707s][info][gc,marking  ] GC(68) Concurrent Mark From Roots 637.010ms
[2026-07-01T02:24:24.004+0000][47.707s][info][gc,marking  ] GC(68) Concurrent Preclean
[2026-07-01T02:24:24.004+0000][47.707s][info][gc,marking  ] GC(68) Concurrent Preclean 0.083ms
[2026-07-01T02:24:24.004+0000][47.707s][info][gc,start    ] GC(68) Pause Remark
[2026-07-01T02:24:24.012+0000][47.715s][info][gc          ] GC(68) Pause Remark 239M->239M(322M) 7.878ms
[2026-07-01T02:24:24.012+0000][47.715s][info][gc,cpu      ] GC(68) User=0.02s Sys=0.00s Real=0.01s
[2026-07-01T02:24:24.014+0000][47.717s][info][gc,marking  ] GC(68) Concurrent Mark 647.147ms
[2026-07-01T02:24:24.014+0000][47.717s][info][gc,marking  ] GC(68) Concurrent Rebuild Remembered Sets and Scrub Regions
[2026-07-01T02:24:24.274+0000][47.977s][info][gc,marking  ] GC(68) Concurrent Rebuild Remembered Sets and Scrub Regions 260.020ms
[2026-07-01T02:24:24.274+0000][47.977s][info][gc,start    ] GC(68) Pause Cleanup
[2026-07-01T02:24:24.274+0000][47.977s][info][gc          ] GC(68) Pause Cleanup 261M->261M(322M) 0.190ms
[2026-07-01T02:24:24.275+0000][47.977s][info][gc,cpu      ] GC(68) User=0.01s Sys=0.00s Real=0.00s
[2026-07-01T02:24:24.275+0000][47.978s][info][gc,marking  ] GC(68) Concurrent Clear Claimed Marks
[2026-07-01T02:24:24.275+0000][47.978s][info][gc,marking  ] GC(68) Concurrent Clear Claimed Marks 0.127ms
[2026-07-01T02:24:24.275+0000][47.978s][info][gc,marking  ] GC(68) Concurrent Cleanup for Next Mark
[2026-07-01T02:24:24.276+0000][47.979s][info][gc,marking  ] GC(68) Concurrent Cleanup for Next Mark 0.760ms
[2026-07-01T02:24:24.276+0000][47.979s][info][gc          ] GC(68) Concurrent Mark Cycle 949.342ms
[2026-07-01T02:24:24.820+0000][48.523s][info][gc,start    ] GC(69) Pause Young (Prepare Mixed) (G1 Evacuation Pause)
[2026-07-01T02:24:24.820+0000][48.523s][info][gc,task     ] GC(69) Using 2 workers of 2 for evacuation
[2026-07-01T02:24:24.843+0000][48.546s][info][gc,phases   ] GC(69)   Pre Evacuate Collection Set: 0.19ms
[2026-07-01T02:24:24.843+0000][48.546s][info][gc,phases   ] GC(69)   Merge Heap Roots: 0.60ms
[2026-07-01T02:24:24.843+0000][48.546s][info][gc,phases   ] GC(69)   Evacuate Collection Set: 21.18ms
[2026-07-01T02:24:24.843+0000][48.546s][info][gc,phases   ] GC(69)   Post Evacuate Collection Set: 0.59ms
[2026-07-01T02:24:24.843+0000][48.546s][info][gc,phases   ] GC(69)   Other: 0.08ms
[2026-07-01T02:24:24.843+0000][48.546s][info][gc,heap     ] GC(69) Eden regions: 137->0(136)
[2026-07-01T02:24:24.843+0000][48.546s][info][gc,heap     ] GC(69) Survivor regions: 9->9(19)
[2026-07-01T02:24:24.843+0000][48.546s][info][gc,heap     ] GC(69) Old regions: 156->157
[2026-07-01T02:24:24.843+0000][48.546s][info][gc,heap     ] GC(69) Humongous regions: 3->3
[2026-07-01T02:24:24.843+0000][48.546s][info][gc,metaspace] GC(69) Metaspace: 41661K(42496K)->41661K(42496K) NonClass: 36526K(36992K)->36526K(36992K) Class: 5135K(5504K)->5135K(5504K)
[2026-07-01T02:24:24.843+0000][48.546s][info][gc          ] GC(69) Pause Young (Prepare Mixed) (G1 Evacuation Pause) 304M->167M(322M) 22.832ms
[2026-07-01T02:24:24.843+0000][48.546s][info][gc,cpu      ] GC(69) User=0.04s Sys=0.00s Real=0.02s
[2026-07-01T02:24:26.136+0000][49.839s][info][gc,start    ] GC(70) Pause Young (Mixed) (G1 Evacuation Pause)
[2026-07-01T02:24:26.136+0000][49.839s][info][gc,task     ] GC(70) Using 2 workers of 2 for evacuation
[2026-07-01T02:24:26.156+0000][49.859s][info][gc,phases   ] GC(70)   Pre Evacuate Collection Set: 0.27ms
[2026-07-01T02:24:26.156+0000][49.859s][info][gc,phases   ] GC(70)   Merge Heap Roots: 0.51ms
[2026-07-01T02:24:26.156+0000][49.859s][info][gc,phases   ] GC(70)   Evacuate Collection Set: 19.19ms
[2026-07-01T02:24:26.156+0000][49.859s][info][gc,phases   ] GC(70)   Post Evacuate Collection Set: 0.55ms
[2026-07-01T02:24:26.156+0000][49.859s][info][gc,phases   ] GC(70)   Other: 0.17ms
[2026-07-01T02:24:26.157+0000][49.859s][info][gc,heap     ] GC(70) Eden regions: 136->0(136)
[2026-07-01T02:24:26.157+0000][49.859s][info][gc,heap     ] GC(70) Survivor regions: 9->9(19)
[2026-07-01T02:24:26.157+0000][49.859s][info][gc,heap     ] GC(70) Old regions: 157->157
[2026-07-01T02:24:26.157+0000][49.859s][info][gc,heap     ] GC(70) Humongous regions: 3->3
[2026-07-01T02:24:26.157+0000][49.859s][info][gc,metaspace] GC(70) Metaspace: 41662K(42496K)->41662K(42496K) NonClass: 36526K(36992K)->36526K(36992K) Class: 5135K(5504K)->5135K(5504K)
[2026-07-01T02:24:26.157+0000][49.859s][info][gc          ] GC(70) Pause Young (Mixed) (G1 Evacuation Pause) 303M->168M(322M) 20.830ms
[2026-07-01T02:24:26.157+0000][49.859s][info][gc,cpu      ] GC(70) User=0.04s Sys=0.00s Real=0.02s
[2026-07-01T02:24:27.050+0000][50.753s][info][gc,start    ] GC(71) Pause Young (Concurrent Start) (G1 Evacuation Pause)
[2026-07-01T02:24:27.050+0000][50.753s][info][gc,task     ] GC(71) Using 2 workers of 2 for evacuation
[2026-07-01T02:24:27.067+0000][50.769s][info][gc,phases   ] GC(71)   Pre Evacuate Collection Set: 0.23ms
[2026-07-01T02:24:27.067+0000][50.769s][info][gc,phases   ] GC(71)   Merge Heap Roots: 0.34ms
[2026-07-01T02:24:27.067+0000][50.770s][info][gc,phases   ] GC(71)   Evacuate Collection Set: 15.27ms
[2026-07-01T02:24:27.067+0000][50.770s][info][gc,phases   ] GC(71)   Post Evacuate Collection Set: 0.44ms
[2026-07-01T02:24:27.067+0000][50.770s][info][gc,phases   ] GC(71)   Other: 0.08ms
[2026-07-01T02:24:27.067+0000][50.770s][info][gc,heap     ] GC(71) Eden regions: 136->0(136)
[2026-07-01T02:24:27.067+0000][50.770s][info][gc,heap     ] GC(71) Survivor regions: 9->9(19)
[2026-07-01T02:24:27.067+0000][50.770s][info][gc,heap     ] GC(71) Old regions: 157->157
[2026-07-01T02:24:27.067+0000][50.770s][info][gc,heap     ] GC(71) Humongous regions: 3->3
[2026-07-01T02:24:27.067+0000][50.770s][info][gc,metaspace] GC(71) Metaspace: 41662K(42496K)->41662K(42496K) NonClass: 36526K(36992K)->36526K(36992K) Class: 5135K(5504K)->5135K(5504K)
[2026-07-01T02:24:27.067+0000][50.770s][info][gc          ] GC(71) Pause Young (Concurrent Start) (G1 Evacuation Pause) 304M->168M(322M) 16.560ms
[2026-07-01T02:24:27.067+0000][50.770s][info][gc          ] GC(72) Concurrent Mark Cycle
[2026-07-01T02:24:27.067+0000][50.770s][info][gc,marking  ] GC(72) Concurrent Scan Root Regions
[2026-07-01T02:24:27.067+0000][50.770s][info][gc,cpu      ] GC(71) User=0.03s Sys=0.00s Real=0.01s
[2026-07-01T02:24:27.105+0000][50.808s][info][gc,marking  ] GC(72) Concurrent Scan Root Regions 37.915ms
[2026-07-01T02:24:27.105+0000][50.808s][info][gc,marking  ] GC(72) Concurrent Mark
[2026-07-01T02:24:27.105+0000][50.808s][info][gc,marking  ] GC(72) Concurrent Mark From Roots
[2026-07-01T02:24:27.105+0000][50.808s][info][gc,task     ] GC(72) Using 1 workers of 1 for marking
[2026-07-01T02:24:27.843+0000][51.546s][info][gc,marking  ] GC(72) Concurrent Mark From Roots 738.631ms
[2026-07-01T02:24:27.843+0000][51.546s][info][gc,marking  ] GC(72) Concurrent Preclean
[2026-07-01T02:24:27.844+0000][51.546s][info][gc,marking  ] GC(72) Concurrent Preclean 0.085ms
[2026-07-01T02:24:27.844+0000][51.546s][info][gc,start    ] GC(72) Pause Remark
[2026-07-01T02:24:27.853+0000][51.556s][info][gc          ] GC(72) Pause Remark 263M->263M(322M) 9.355ms
[2026-07-01T02:24:27.853+0000][51.556s][info][gc,cpu      ] GC(72) User=0.02s Sys=0.00s Real=0.01s
[2026-07-01T02:24:27.868+0000][51.571s][info][gc,marking  ] GC(72) Concurrent Mark 763.267ms
[2026-07-01T02:24:27.868+0000][51.571s][info][gc,marking  ] GC(72) Concurrent Rebuild Remembered Sets and Scrub Regions
[2026-07-01T02:24:28.039+0000][51.742s][info][gc,marking  ] GC(72) Concurrent Rebuild Remembered Sets and Scrub Regions 171.007ms
[2026-07-01T02:24:28.039+0000][51.742s][info][gc,start    ] GC(72) Pause Cleanup
[2026-07-01T02:24:28.039+0000][51.742s][info][gc          ] GC(72) Pause Cleanup 284M->284M(322M) 0.182ms
[2026-07-01T02:24:28.039+0000][51.742s][info][gc,cpu      ] GC(72) User=0.00s Sys=0.00s Real=0.00s
[2026-07-01T02:24:28.040+0000][51.743s][info][gc,marking  ] GC(72) Concurrent Clear Claimed Marks
[2026-07-01T02:24:28.040+0000][51.743s][info][gc,marking  ] GC(72) Concurrent Clear Claimed Marks 0.087ms
[2026-07-01T02:24:28.040+0000][51.743s][info][gc,marking  ] GC(72) Concurrent Cleanup for Next Mark
[2026-07-01T02:24:28.041+0000][51.744s][info][gc,marking  ] GC(72) Concurrent Cleanup for Next Mark 1.035ms
[2026-07-01T02:24:28.041+0000][51.744s][info][gc          ] GC(72) Concurrent Mark Cycle 974.096ms
[2026-07-01T02:24:28.204+0000][51.907s][info][gc,start    ] GC(73) Pause Young (Prepare Mixed) (G1 Evacuation Pause)
[2026-07-01T02:24:28.204+0000][51.907s][info][gc,task     ] GC(73) Using 2 workers of 2 for evacuation
[2026-07-01T02:24:28.221+0000][51.924s][info][gc,phases   ] GC(73)   Pre Evacuate Collection Set: 0.25ms
[2026-07-01T02:24:28.221+0000][51.924s][info][gc,phases   ] GC(73)   Merge Heap Roots: 1.02ms
[2026-07-01T02:24:28.221+0000][51.924s][info][gc,phases   ] GC(73)   Evacuate Collection Set: 15.07ms
[2026-07-01T02:24:28.221+0000][51.924s][info][gc,phases   ] GC(73)   Post Evacuate Collection Set: 0.58ms
[2026-07-01T02:24:28.221+0000][51.924s][info][gc,phases   ] GC(73)   Other: 0.06ms
[2026-07-01T02:24:28.221+0000][51.924s][info][gc,heap     ] GC(73) Eden regions: 136->0(135)
[2026-07-01T02:24:28.221+0000][51.924s][info][gc,heap     ] GC(73) Survivor regions: 9->9(19)
[2026-07-01T02:24:28.221+0000][51.924s][info][gc,heap     ] GC(73) Old regions: 157->158
[2026-07-01T02:24:28.221+0000][51.924s][info][gc,heap     ] GC(73) Humongous regions: 3->3
[2026-07-01T02:24:28.221+0000][51.924s][info][gc,metaspace] GC(73) Metaspace: 41662K(42496K)->41662K(42496K) NonClass: 36526K(36992K)->36526K(36992K) Class: 5135K(5504K)->5135K(5504K)
[2026-07-01T02:24:28.221+0000][51.924s][info][gc          ] GC(73) Pause Young (Prepare Mixed) (G1 Evacuation Pause) 304M->169M(322M) 17.129ms
[2026-07-01T02:24:28.221+0000][51.924s][info][gc,cpu      ] GC(73) User=0.03s Sys=0.00s Real=0.02s
[2026-07-01T02:24:29.049+0000][52.752s][info][gc,start    ] GC(74) Pause Young (Mixed) (G1 Evacuation Pause)
[2026-07-01T02:24:29.049+0000][52.752s][info][gc,task     ] GC(74) Using 2 workers of 2 for evacuation
[2026-07-01T02:24:29.120+0000][52.823s][info][gc,phases   ] GC(74)   Pre Evacuate Collection Set: 0.18ms
[2026-07-01T02:24:29.120+0000][52.823s][info][gc,phases   ] GC(74)   Merge Heap Roots: 0.36ms
[2026-07-01T02:24:29.120+0000][52.823s][info][gc,phases   ] GC(74)   Evacuate Collection Set: 66.76ms
[2026-07-01T02:24:29.120+0000][52.823s][info][gc,phases   ] GC(74)   Post Evacuate Collection Set: 3.62ms
[2026-07-01T02:24:29.120+0000][52.823s][info][gc,phases   ] GC(74)   Other: 0.06ms
[2026-07-01T02:24:29.120+0000][52.823s][info][gc,heap     ] GC(74) Eden regions: 135->0(322)
[2026-07-01T02:24:29.120+0000][52.823s][info][gc,heap     ] GC(74) Survivor regions: 9->9(18)
[2026-07-01T02:24:29.120+0000][52.823s][info][gc,heap     ] GC(74) Old regions: 158->158
[2026-07-01T02:24:29.120+0000][52.823s][info][gc,heap     ] GC(74) Humongous regions: 3->3
[2026-07-01T02:24:29.120+0000][52.823s][info][gc,metaspace] GC(74) Metaspace: 41663K(42496K)->41663K(42496K) NonClass: 36527K(36992K)->36527K(36992K) Class: 5135K(5504K)->5135K(5504K)
[2026-07-01T02:24:29.120+0000][52.823s][info][gc          ] GC(74) Pause Young (Mixed) (G1 Evacuation Pause) 304M->169M(552M) 71.206ms
[2026-07-01T02:24:29.120+0000][52.823s][info][gc,cpu      ] GC(74) User=0.05s Sys=0.00s Real=0.07s
[2026-07-01T02:24:32.383+0000][56.086s][info][gc,start    ] GC(75) Pause Young (Concurrent Start) (G1 Evacuation Pause)
[2026-07-01T02:24:32.383+0000][56.086s][info][gc,task     ] GC(75) Using 2 workers of 2 for evacuation
[2026-07-01T02:24:32.407+0000][56.110s][info][gc,phases   ] GC(75)   Pre Evacuate Collection Set: 0.31ms
[2026-07-01T02:24:32.407+0000][56.110s][info][gc,phases   ] GC(75)   Merge Heap Roots: 0.70ms
[2026-07-01T02:24:32.407+0000][56.110s][info][gc,phases   ] GC(75)   Evacuate Collection Set: 22.38ms
[2026-07-01T02:24:32.407+0000][56.110s][info][gc,phases   ] GC(75)   Post Evacuate Collection Set: 0.61ms
[2026-07-01T02:24:32.407+0000][56.110s][info][gc,phases   ] GC(75)   Other: 0.18ms
[2026-07-01T02:24:32.407+0000][56.110s][info][gc,heap     ] GC(75) Eden regions: 322->0(321)
[2026-07-01T02:24:32.407+0000][56.110s][info][gc,heap     ] GC(75) Survivor regions: 9->10(42)
[2026-07-01T02:24:32.407+0000][56.110s][info][gc,heap     ] GC(75) Old regions: 158->159
[2026-07-01T02:24:32.407+0000][56.110s][info][gc,heap     ] GC(75) Humongous regions: 3->3
[2026-07-01T02:24:32.407+0000][56.110s][info][gc,metaspace] GC(75) Metaspace: 41672K(42496K)->41672K(42496K) NonClass: 36535K(36992K)->36535K(36992K) Class: 5136K(5504K)->5136K(5504K)
[2026-07-01T02:24:32.407+0000][56.110s][info][gc          ] GC(75) Pause Young (Concurrent Start) (G1 Evacuation Pause) 491M->170M(552M) 24.337ms
[2026-07-01T02:24:32.407+0000][56.110s][info][gc,cpu      ] GC(75) User=0.04s Sys=0.01s Real=0.02s
[2026-07-01T02:24:32.407+0000][56.110s][info][gc          ] GC(76) Concurrent Mark Cycle
[2026-07-01T02:24:32.408+0000][56.110s][info][gc,marking  ] GC(76) Concurrent Scan Root Regions
[2026-07-01T02:24:32.450+0000][56.153s][info][gc,marking  ] GC(76) Concurrent Scan Root Regions 42.628ms
[2026-07-01T02:24:32.450+0000][56.153s][info][gc,marking  ] GC(76) Concurrent Mark
[2026-07-01T02:24:32.450+0000][56.153s][info][gc,marking  ] GC(76) Concurrent Mark From Roots
[2026-07-01T02:24:32.450+0000][56.153s][info][gc,task     ] GC(76) Using 1 workers of 1 for marking
[2026-07-01T02:24:32.882+0000][56.585s][info][gc,marking  ] GC(76) Concurrent Mark From Roots 431.927ms
[2026-07-01T02:24:32.882+0000][56.585s][info][gc,marking  ] GC(76) Concurrent Preclean
[2026-07-01T02:24:32.882+0000][56.585s][info][gc,marking  ] GC(76) Concurrent Preclean 0.085ms
[2026-07-01T02:24:32.883+0000][56.586s][info][gc,start    ] GC(76) Pause Remark
[2026-07-01T02:24:32.890+0000][56.593s][info][gc,heap     ] GC(76) Heap shrink completed: uncommitted 208 regions (208MB), heap size now 344MB
[2026-07-01T02:24:32.890+0000][56.593s][info][gc          ] GC(76) Pause Remark 243M->243M(344M) 7.356ms
[2026-07-01T02:24:32.890+0000][56.593s][info][gc,cpu      ] GC(76) User=0.01s Sys=0.00s Real=0.01s
[2026-07-01T02:24:32.894+0000][56.596s][info][gc,marking  ] GC(76) Concurrent Mark 443.393ms
[2026-07-01T02:24:32.894+0000][56.596s][info][gc,marking  ] GC(76) Concurrent Rebuild Remembered Sets and Scrub Regions
[2026-07-01T02:24:33.125+0000][56.828s][info][gc,marking  ] GC(76) Concurrent Rebuild Remembered Sets and Scrub Regions 231.158ms
[2026-07-01T02:24:33.125+0000][56.828s][info][gc,start    ] GC(76) Pause Cleanup
[2026-07-01T02:24:33.125+0000][56.828s][info][gc          ] GC(76) Pause Cleanup 279M->279M(344M) 0.195ms
[2026-07-01T02:24:33.125+0000][56.828s][info][gc,cpu      ] GC(76) User=0.00s Sys=0.00s Real=0.00s
[2026-07-01T02:24:33.125+0000][56.828s][info][gc,marking  ] GC(76) Concurrent Clear Claimed Marks
[2026-07-01T02:24:33.125+0000][56.828s][info][gc,marking  ] GC(76) Concurrent Clear Claimed Marks 0.091ms
[2026-07-01T02:24:33.125+0000][56.828s][info][gc,marking  ] GC(76) Concurrent Cleanup for Next Mark
[2026-07-01T02:24:33.128+0000][56.831s][info][gc,marking  ] GC(76) Concurrent Cleanup for Next Mark 2.442ms
[2026-07-01T02:24:33.128+0000][56.831s][info][gc          ] GC(76) Concurrent Mark Cycle 720.297ms
[2026-07-01T02:24:33.459+0000][57.162s][info][gc,start    ] GC(77) Pause Young (Prepare Mixed) (G1 Evacuation Pause)
[2026-07-01T02:24:33.459+0000][57.162s][info][gc,task     ] GC(77) Using 2 workers of 2 for evacuation
[2026-07-01T02:24:33.479+0000][57.182s][info][gc,phases   ] GC(77)   Pre Evacuate Collection Set: 0.23ms
[2026-07-01T02:24:33.479+0000][57.182s][info][gc,phases   ] GC(77)   Merge Heap Roots: 1.05ms
[2026-07-01T02:24:33.479+0000][57.182s][info][gc,phases   ] GC(77)   Evacuate Collection Set: 17.88ms
[2026-07-01T02:24:33.479+0000][57.182s][info][gc,phases   ] GC(77)   Post Evacuate Collection Set: 0.47ms
[2026-07-01T02:24:33.479+0000][57.182s][info][gc,phases   ] GC(77)   Other: 0.06ms
[2026-07-01T02:24:33.479+0000][57.182s][info][gc,heap     ] GC(77) Eden regions: 172->0(163)
[2026-07-01T02:24:33.479+0000][57.182s][info][gc,heap     ] GC(77) Survivor regions: 10->10(26)
[2026-07-01T02:24:33.479+0000][57.182s][info][gc,heap     ] GC(77) Old regions: 159->160
[2026-07-01T02:24:33.479+0000][57.182s][info][gc,heap     ] GC(77) Humongous regions: 3->3
[2026-07-01T02:24:33.479+0000][57.182s][info][gc,metaspace] GC(77) Metaspace: 41674K(42496K)->41674K(42496K) NonClass: 36537K(36992K)->36537K(36992K) Class: 5136K(5504K)->5136K(5504K)
[2026-07-01T02:24:33.479+0000][57.182s][info][gc          ] GC(77) Pause Young (Prepare Mixed) (G1 Evacuation Pause) 342M->171M(355M) 19.883ms
[2026-07-01T02:24:33.479+0000][57.182s][info][gc,cpu      ] GC(77) User=0.03s Sys=0.01s Real=0.02s
[2026-07-01T02:24:34.276+0000][57.978s][info][gc,start    ] GC(78) Pause Young (Mixed) (G1 Evacuation Pause)
[2026-07-01T02:24:34.276+0000][57.979s][info][gc,task     ] GC(78) Using 2 workers of 2 for evacuation
[2026-07-01T02:24:34.293+0000][57.995s][info][gc,phases   ] GC(78)   Pre Evacuate Collection Set: 0.20ms
[2026-07-01T02:24:34.293+0000][57.995s][info][gc,phases   ] GC(78)   Merge Heap Roots: 0.42ms
[2026-07-01T02:24:34.293+0000][57.995s][info][gc,phases   ] GC(78)   Evacuate Collection Set: 15.75ms
[2026-07-01T02:24:34.293+0000][57.995s][info][gc,phases   ] GC(78)   Post Evacuate Collection Set: 0.43ms
[2026-07-01T02:24:34.293+0000][57.995s][info][gc,phases   ] GC(78)   Other: 0.06ms
[2026-07-01T02:24:34.293+0000][57.995s][info][gc,heap     ] GC(78) Eden regions: 163->0(163)
[2026-07-01T02:24:34.293+0000][57.995s][info][gc,heap     ] GC(78) Survivor regions: 10->10(22)
[2026-07-01T02:24:34.293+0000][57.995s][info][gc,heap     ] GC(78) Old regions: 160->160
[2026-07-01T02:24:34.293+0000][57.995s][info][gc,heap     ] GC(78) Humongous regions: 3->3
[2026-07-01T02:24:34.293+0000][57.995s][info][gc,metaspace] GC(78) Metaspace: 41674K(42496K)->41674K(42496K) NonClass: 36537K(36992K)->36537K(36992K) Class: 5136K(5504K)->5136K(5504K)
[2026-07-01T02:24:34.293+0000][57.995s][info][gc          ] GC(78) Pause Young (Mixed) (G1 Evacuation Pause) 334M->171M(355M) 17.072ms
[2026-07-01T02:24:34.293+0000][57.995s][info][gc,cpu      ] GC(78) User=0.03s Sys=0.00s Real=0.02s
[2026-07-01T02:24:35.488+0000][59.191s][info][gc,start    ] GC(79) Pause Young (Concurrent Start) (G1 Evacuation Pause)
[2026-07-01T02:24:35.488+0000][59.191s][info][gc,task     ] GC(79) Using 2 workers of 2 for evacuation
[2026-07-01T02:24:35.513+0000][59.216s][info][gc,phases   ] GC(79)   Pre Evacuate Collection Set: 0.25ms
[2026-07-01T02:24:35.513+0000][59.216s][info][gc,phases   ] GC(79)   Merge Heap Roots: 0.34ms
[2026-07-01T02:24:35.513+0000][59.216s][info][gc,phases   ] GC(79)   Evacuate Collection Set: 23.58ms
[2026-07-01T02:24:35.513+0000][59.216s][info][gc,phases   ] GC(79)   Post Evacuate Collection Set: 0.52ms
[2026-07-01T02:24:35.513+0000][59.216s][info][gc,phases   ] GC(79)   Other: 0.08ms
[2026-07-01T02:24:35.513+0000][59.216s][info][gc,heap     ] GC(79) Eden regions: 163->0(163)
[2026-07-01T02:24:35.513+0000][59.216s][info][gc,heap     ] GC(79) Survivor regions: 10->10(22)
[2026-07-01T02:24:35.513+0000][59.216s][info][gc,heap     ] GC(79) Old regions: 160->160
[2026-07-01T02:24:35.513+0000][59.216s][info][gc,heap     ] GC(79) Humongous regions: 3->3
[2026-07-01T02:24:35.513+0000][59.216s][info][gc,metaspace] GC(79) Metaspace: 41674K(42496K)->41674K(42496K) NonClass: 36537K(36992K)->36537K(36992K) Class: 5136K(5504K)->5136K(5504K)
[2026-07-01T02:24:35.513+0000][59.216s][info][gc          ] GC(79) Pause Young (Concurrent Start) (G1 Evacuation Pause) 334M->172M(355M) 24.998ms
[2026-07-01T02:24:35.513+0000][59.216s][info][gc,cpu      ] GC(79) User=0.05s Sys=0.00s Real=0.03s
[2026-07-01T02:24:35.515+0000][59.218s][info][gc          ] GC(80) Concurrent Mark Cycle
[2026-07-01T02:24:35.515+0000][59.218s][info][gc,marking  ] GC(80) Concurrent Scan Root Regions
[2026-07-01T02:24:35.539+0000][59.242s][info][gc,marking  ] GC(80) Concurrent Scan Root Regions 24.314ms
[2026-07-01T02:24:35.539+0000][59.242s][info][gc,marking  ] GC(80) Concurrent Mark
[2026-07-01T02:24:35.539+0000][59.242s][info][gc,marking  ] GC(80) Concurrent Mark From Roots
[2026-07-01T02:24:35.539+0000][59.242s][info][gc,task     ] GC(80) Using 1 workers of 1 for marking
[2026-07-01T02:24:35.996+0000][59.698s][info][gc,marking  ] GC(80) Concurrent Mark From Roots 456.160ms
[2026-07-01T02:24:35.996+0000][59.698s][info][gc,marking  ] GC(80) Concurrent Preclean
[2026-07-01T02:24:35.996+0000][59.699s][info][gc,marking  ] GC(80) Concurrent Preclean 0.163ms
[2026-07-01T02:24:35.996+0000][59.699s][info][gc,start    ] GC(80) Pause Remark
[2026-07-01T02:24:36.003+0000][59.706s][info][gc,heap     ] GC(80) Heap shrink completed: uncommitted 9 regions (9MB), heap size now 346MB
[2026-07-01T02:24:36.003+0000][59.706s][info][gc          ] GC(80) Pause Remark 218M->218M(346M) 7.539ms
[2026-07-01T02:24:36.003+0000][59.706s][info][gc,cpu      ] GC(80) User=0.01s Sys=0.00s Real=0.01s
[2026-07-01T02:24:36.005+0000][59.708s][info][gc,marking  ] GC(80) Concurrent Mark 465.806ms
[2026-07-01T02:24:36.005+0000][59.708s][info][gc,marking  ] GC(80) Concurrent Rebuild Remembered Sets and Scrub Regions
[2026-07-01T02:24:36.141+0000][59.844s][info][gc,marking  ] GC(80) Concurrent Rebuild Remembered Sets and Scrub Regions 135.985ms
[2026-07-01T02:24:36.141+0000][59.844s][info][gc,start    ] GC(80) Pause Cleanup
[2026-07-01T02:24:36.141+0000][59.844s][info][gc          ] GC(80) Pause Cleanup 229M->229M(346M) 0.166ms
[2026-07-01T02:24:36.141+0000][59.844s][info][gc,cpu      ] GC(80) User=0.00s Sys=0.00s Real=0.00s
[2026-07-01T02:24:36.142+0000][59.845s][info][gc,marking  ] GC(80) Concurrent Clear Claimed Marks
[2026-07-01T02:24:36.142+0000][59.845s][info][gc,marking  ] GC(80) Concurrent Clear Claimed Marks 0.120ms
[2026-07-01T02:24:36.142+0000][59.845s][info][gc,marking  ] GC(80) Concurrent Cleanup for Next Mark
[2026-07-01T02:24:36.143+0000][59.846s][info][gc,marking  ] GC(80) Concurrent Cleanup for Next Mark 0.855ms
[2026-07-01T02:24:36.143+0000][59.846s][info][gc          ] GC(80) Concurrent Mark Cycle 628.095ms
[2026-07-01T02:24:37.024+0000][60.727s][info][gc,start    ] GC(81) Pause Young (Prepare Mixed) (G1 Evacuation Pause)
[2026-07-01T02:24:37.024+0000][60.727s][info][gc,task     ] GC(81) Using 2 workers of 2 for evacuation
[2026-07-01T02:24:37.052+0000][60.755s][info][gc,phases   ] GC(81)   Pre Evacuate Collection Set: 0.20ms
[2026-07-01T02:24:37.052+0000][60.755s][info][gc,phases   ] GC(81)   Merge Heap Roots: 0.66ms
[2026-07-01T02:24:37.052+0000][60.755s][info][gc,phases   ] GC(81)   Evacuate Collection Set: 26.34ms
[2026-07-01T02:24:37.052+0000][60.755s][info][gc,phases   ] GC(81)   Post Evacuate Collection Set: 0.61ms
[2026-07-01T02:24:37.052+0000][60.755s][info][gc,phases   ] GC(81)   Other: 0.08ms
[2026-07-01T02:24:37.052+0000][60.755s][info][gc,heap     ] GC(81) Eden regions: 164->0(156)
[2026-07-01T02:24:37.052+0000][60.755s][info][gc,heap     ] GC(81) Survivor regions: 10->10(22)
[2026-07-01T02:24:37.052+0000][60.755s][info][gc,heap     ] GC(81) Old regions: 160->161
[2026-07-01T02:24:37.052+0000][60.755s][info][gc,heap     ] GC(81) Humongous regions: 3->3
[2026-07-01T02:24:37.052+0000][60.755s][info][gc,metaspace] GC(81) Metaspace: 41680K(42496K)->41680K(42496K) NonClass: 36544K(36992K)->36544K(36992K) Class: 5136K(5504K)->5136K(5504K)
[2026-07-01T02:24:37.052+0000][60.755s][info][gc          ] GC(81) Pause Young (Prepare Mixed) (G1 Evacuation Pause) 336M->173M(348M) 28.083ms
[2026-07-01T02:24:37.052+0000][60.755s][info][gc,cpu      ] GC(81) User=0.05s Sys=0.00s Real=0.03s
[2026-07-01T02:24:37.836+0000][61.538s][info][gc,start    ] GC(82) Pause Young (Mixed) (G1 Evacuation Pause)
[2026-07-01T02:24:37.836+0000][61.539s][info][gc,task     ] GC(82) Using 2 workers of 2 for evacuation
[2026-07-01T02:24:37.862+0000][61.564s][info][gc,phases   ] GC(82)   Pre Evacuate Collection Set: 0.20ms
[2026-07-01T02:24:37.862+0000][61.565s][info][gc,phases   ] GC(82)   Merge Heap Roots: 0.37ms
[2026-07-01T02:24:37.862+0000][61.565s][info][gc,phases   ] GC(82)   Evacuate Collection Set: 24.77ms
[2026-07-01T02:24:37.862+0000][61.565s][info][gc,phases   ] GC(82)   Post Evacuate Collection Set: 0.55ms
[2026-07-01T02:24:37.862+0000][61.565s][info][gc,phases   ] GC(82)   Other: 0.08ms
[2026-07-01T02:24:37.862+0000][61.565s][info][gc,heap     ] GC(82) Eden regions: 156->0(156)
[2026-07-01T02:24:37.862+0000][61.565s][info][gc,heap     ] GC(82) Survivor regions: 10->10(21)
[2026-07-01T02:24:37.862+0000][61.565s][info][gc,heap     ] GC(82) Old regions: 161->161
[2026-07-01T02:24:37.862+0000][61.565s][info][gc,heap     ] GC(82) Humongous regions: 3->3
[2026-07-01T02:24:37.862+0000][61.565s][info][gc,metaspace] GC(82) Metaspace: 41684K(42496K)->41684K(42496K) NonClass: 36547K(36992K)->36547K(36992K) Class: 5136K(5504K)->5136K(5504K)
[2026-07-01T02:24:37.862+0000][61.565s][info][gc          ] GC(82) Pause Young (Mixed) (G1 Evacuation Pause) 329M->173M(348M) 26.139ms
[2026-07-01T02:24:37.862+0000][61.565s][info][gc,cpu      ] GC(82) User=0.05s Sys=0.00s Real=0.03s
[2026-07-01T02:24:38.619+0000][62.322s][info][gc,start    ] GC(83) Pause Young (Concurrent Start) (G1 Evacuation Pause)
[2026-07-01T02:24:38.619+0000][62.322s][info][gc,task     ] GC(83) Using 2 workers of 2 for evacuation
[2026-07-01T02:24:38.642+0000][62.345s][info][gc,phases   ] GC(83)   Pre Evacuate Collection Set: 0.20ms
[2026-07-01T02:24:38.642+0000][62.345s][info][gc,phases   ] GC(83)   Merge Heap Roots: 0.59ms
[2026-07-01T02:24:38.642+0000][62.345s][info][gc,phases   ] GC(83)   Evacuate Collection Set: 21.56ms
[2026-07-01T02:24:38.642+0000][62.345s][info][gc,phases   ] GC(83)   Post Evacuate Collection Set: 0.49ms
[2026-07-01T02:24:38.642+0000][62.345s][info][gc,phases   ] GC(83)   Other: 0.09ms
[2026-07-01T02:24:38.642+0000][62.345s][info][gc,heap     ] GC(83) Eden regions: 156->0(155)
[2026-07-01T02:24:38.642+0000][62.345s][info][gc,heap     ] GC(83) Survivor regions: 10->10(21)
[2026-07-01T02:24:38.642+0000][62.345s][info][gc,heap     ] GC(83) Old regions: 161->162
[2026-07-01T02:24:38.642+0000][62.345s][info][gc,heap     ] GC(83) Humongous regions: 3->3
[2026-07-01T02:24:38.642+0000][62.345s][info][gc,metaspace] GC(83) Metaspace: 41684K(42496K)->41684K(42496K) NonClass: 36547K(36992K)->36547K(36992K) Class: 5136K(5504K)->5136K(5504K)
[2026-07-01T02:24:38.642+0000][62.345s][info][gc          ] GC(83) Pause Young (Concurrent Start) (G1 Evacuation Pause) 329M->174M(348M) 23.136ms
[2026-07-01T02:24:38.642+0000][62.345s][info][gc,cpu      ] GC(83) User=0.04s Sys=0.00s Real=0.02s
[2026-07-01T02:24:38.642+0000][62.345s][info][gc          ] GC(84) Concurrent Mark Cycle
[2026-07-01T02:24:38.642+0000][62.345s][info][gc,marking  ] GC(84) Concurrent Scan Root Regions
[2026-07-01T02:24:38.660+0000][62.363s][info][gc,marking  ] GC(84) Concurrent Scan Root Regions 17.554ms
[2026-07-01T02:24:38.660+0000][62.363s][info][gc,marking  ] GC(84) Concurrent Mark
[2026-07-01T02:24:38.660+0000][62.363s][info][gc,marking  ] GC(84) Concurrent Mark From Roots
[2026-07-01T02:24:38.660+0000][62.363s][info][gc,task     ] GC(84) Using 1 workers of 1 for marking
[2026-07-01T02:24:39.151+0000][62.853s][info][gc,marking  ] GC(84) Concurrent Mark From Roots 490.707ms
[2026-07-01T02:24:39.151+0000][62.853s][info][gc,marking  ] GC(84) Concurrent Preclean
[2026-07-01T02:24:39.151+0000][62.854s][info][gc,marking  ] GC(84) Concurrent Preclean 0.100ms
[2026-07-01T02:24:39.151+0000][62.854s][info][gc,start    ] GC(84) Pause Remark
[2026-07-01T02:24:39.157+0000][62.859s][info][gc          ] GC(84) Pause Remark 258M->258M(348M) 5.716ms
[2026-07-01T02:24:39.157+0000][62.859s][info][gc,cpu      ] GC(84) User=0.01s Sys=0.00s Real=0.00s
[2026-07-01T02:24:39.159+0000][62.862s][info][gc,marking  ] GC(84) Concurrent Mark 499.072ms
[2026-07-01T02:24:39.159+0000][62.862s][info][gc,marking  ] GC(84) Concurrent Rebuild Remembered Sets and Scrub Regions
[2026-07-01T02:24:39.410+0000][63.113s][info][gc,marking  ] GC(84) Concurrent Rebuild Remembered Sets and Scrub Regions 250.976ms
[2026-07-01T02:24:39.410+0000][63.113s][info][gc,start    ] GC(84) Pause Cleanup
[2026-07-01T02:24:39.410+0000][63.113s][info][gc          ] GC(84) Pause Cleanup 305M->305M(348M) 0.188ms
[2026-07-01T02:24:39.410+0000][63.113s][info][gc,cpu      ] GC(84) User=0.00s Sys=0.00s Real=0.00s
[2026-07-01T02:24:39.411+0000][63.114s][info][gc,marking  ] GC(84) Concurrent Clear Claimed Marks
[2026-07-01T02:24:39.411+0000][63.114s][info][gc,marking  ] GC(84) Concurrent Clear Claimed Marks 0.089ms
[2026-07-01T02:24:39.411+0000][63.114s][info][gc,marking  ] GC(84) Concurrent Cleanup for Next Mark
[2026-07-01T02:24:39.413+0000][63.116s][info][gc,marking  ] GC(84) Concurrent Cleanup for Next Mark 1.930ms
[2026-07-01T02:24:39.413+0000][63.116s][info][gc          ] GC(84) Concurrent Mark Cycle 770.721ms
[2026-07-01T02:24:39.520+0000][63.223s][info][gc,start    ] GC(85) Pause Young (Prepare Mixed) (G1 Evacuation Pause)
[2026-07-01T02:24:39.520+0000][63.223s][info][gc,task     ] GC(85) Using 2 workers of 2 for evacuation
[2026-07-01T02:24:39.538+0000][63.241s][info][gc,phases   ] GC(85)   Pre Evacuate Collection Set: 0.18ms
[2026-07-01T02:24:39.538+0000][63.241s][info][gc,phases   ] GC(85)   Merge Heap Roots: 0.59ms
[2026-07-01T02:24:39.538+0000][63.241s][info][gc,phases   ] GC(85)   Evacuate Collection Set: 16.68ms
[2026-07-01T02:24:39.538+0000][63.241s][info][gc,phases   ] GC(85)   Post Evacuate Collection Set: 0.53ms
[2026-07-01T02:24:39.538+0000][63.241s][info][gc,phases   ] GC(85)   Other: 0.06ms
[2026-07-01T02:24:39.538+0000][63.241s][info][gc,heap     ] GC(85) Eden regions: 155->0(155)
[2026-07-01T02:24:39.538+0000][63.241s][info][gc,heap     ] GC(85) Survivor regions: 10->10(21)
[2026-07-01T02:24:39.538+0000][63.241s][info][gc,heap     ] GC(85) Old regions: 162->162
[2026-07-01T02:24:39.538+0000][63.241s][info][gc,heap     ] GC(85) Humongous regions: 3->3
[2026-07-01T02:24:39.538+0000][63.241s][info][gc,metaspace] GC(85) Metaspace: 41696K(42496K)->41696K(42496K) NonClass: 36559K(36992K)->36559K(36992K) Class: 5137K(5504K)->5137K(5504K)
[2026-07-01T02:24:39.538+0000][63.241s][info][gc          ] GC(85) Pause Young (Prepare Mixed) (G1 Evacuation Pause) 329M->174M(348M) 18.214ms
[2026-07-01T02:24:39.538+0000][63.241s][info][gc,cpu      ] GC(85) User=0.04s Sys=0.00s Real=0.02s
[2026-07-01T02:24:40.254+0000][63.957s][info][gc,start    ] GC(86) Pause Young (Mixed) (G1 Evacuation Pause)
[2026-07-01T02:24:40.254+0000][63.957s][info][gc,task     ] GC(86) Using 2 workers of 2 for evacuation
[2026-07-01T02:24:40.281+0000][63.984s][info][gc,phases   ] GC(86)   Pre Evacuate Collection Set: 0.26ms
[2026-07-01T02:24:40.281+0000][63.984s][info][gc,phases   ] GC(86)   Merge Heap Roots: 0.43ms
[2026-07-01T02:24:40.281+0000][63.984s][info][gc,phases   ] GC(86)   Evacuate Collection Set: 25.57ms
[2026-07-01T02:24:40.281+0000][63.984s][info][gc,phases   ] GC(86)   Post Evacuate Collection Set: 0.51ms
[2026-07-01T02:24:40.281+0000][63.984s][info][gc,phases   ] GC(86)   Other: 0.05ms
[2026-07-01T02:24:40.281+0000][63.984s][info][gc,heap     ] GC(86) Eden regions: 155->0(155)
[2026-07-01T02:24:40.281+0000][63.984s][info][gc,heap     ] GC(86) Survivor regions: 10->10(21)
[2026-07-01T02:24:40.281+0000][63.984s][info][gc,heap     ] GC(86) Old regions: 162->162
[2026-07-01T02:24:40.281+0000][63.984s][info][gc,heap     ] GC(86) Humongous regions: 3->3
[2026-07-01T02:24:40.281+0000][63.984s][info][gc,metaspace] GC(86) Metaspace: 41701K(42496K)->41701K(42496K) NonClass: 36564K(36992K)->36564K(36992K) Class: 5137K(5504K)->5137K(5504K)
[2026-07-01T02:24:40.281+0000][63.984s][info][gc          ] GC(86) Pause Young (Mixed) (G1 Evacuation Pause) 329M->174M(348M) 26.986ms
[2026-07-01T02:24:40.281+0000][63.984s][info][gc,cpu      ] GC(86) User=0.04s Sys=0.00s Real=0.03s
[2026-07-01T02:24:41.379+0000][65.082s][info][gc,start    ] GC(87) Pause Young (Concurrent Start) (G1 Evacuation Pause)
[2026-07-01T02:24:41.379+0000][65.082s][info][gc,task     ] GC(87) Using 2 workers of 2 for evacuation
[2026-07-01T02:24:41.404+0000][65.107s][info][gc,phases   ] GC(87)   Pre Evacuate Collection Set: 0.21ms
[2026-07-01T02:24:41.404+0000][65.107s][info][gc,phases   ] GC(87)   Merge Heap Roots: 0.44ms
[2026-07-01T02:24:41.404+0000][65.107s][info][gc,phases   ] GC(87)   Evacuate Collection Set: 23.59ms
[2026-07-01T02:24:41.404+0000][65.107s][info][gc,phases   ] GC(87)   Post Evacuate Collection Set: 0.57ms
[2026-07-01T02:24:41.404+0000][65.107s][info][gc,phases   ] GC(87)   Other: 0.08ms
[2026-07-01T02:24:41.404+0000][65.107s][info][gc,heap     ] GC(87) Eden regions: 155->0(154)
[2026-07-01T02:24:41.404+0000][65.107s][info][gc,heap     ] GC(87) Survivor regions: 10->10(21)
[2026-07-01T02:24:41.404+0000][65.107s][info][gc,heap     ] GC(87) Old regions: 162->163
[2026-07-01T02:24:41.404+0000][65.107s][info][gc,heap     ] GC(87) Humongous regions: 3->3
[2026-07-01T02:24:41.404+0000][65.107s][info][gc,metaspace] GC(87) Metaspace: 41702K(42496K)->41702K(42496K) NonClass: 36565K(36992K)->36565K(36992K) Class: 5137K(5504K)->5137K(5504K)
[2026-07-01T02:24:41.404+0000][65.107s][info][gc          ] GC(87) Pause Young (Concurrent Start) (G1 Evacuation Pause) 329M->175M(348M) 25.097ms
[2026-07-01T02:24:41.404+0000][65.107s][info][gc          ] GC(88) Concurrent Mark Cycle
[2026-07-01T02:24:41.404+0000][65.107s][info][gc,marking  ] GC(88) Concurrent Scan Root Regions
[2026-07-01T02:24:41.405+0000][65.108s][info][gc,cpu      ] GC(87) User=0.05s Sys=0.00s Real=0.02s
[2026-07-01T02:24:41.428+0000][65.131s][info][gc,marking  ] GC(88) Concurrent Scan Root Regions 23.783ms
[2026-07-01T02:24:41.428+0000][65.131s][info][gc,marking  ] GC(88) Concurrent Mark
[2026-07-01T02:24:41.428+0000][65.131s][info][gc,marking  ] GC(88) Concurrent Mark From Roots
[2026-07-01T02:24:41.428+0000][65.131s][info][gc,task     ] GC(88) Using 1 workers of 1 for marking
[2026-07-01T02:24:41.895+0000][65.598s][info][gc,marking  ] GC(88) Concurrent Mark From Roots 466.905ms
[2026-07-01T02:24:41.895+0000][65.598s][info][gc,marking  ] GC(88) Concurrent Preclean
[2026-07-01T02:24:41.895+0000][65.598s][info][gc,marking  ] GC(88) Concurrent Preclean 0.093ms
[2026-07-01T02:24:41.895+0000][65.598s][info][gc,start    ] GC(88) Pause Remark
[2026-07-01T02:24:41.903+0000][65.606s][info][gc          ] GC(88) Pause Remark 222M->222M(348M) 7.387ms
[2026-07-01T02:24:41.903+0000][65.606s][info][gc,cpu      ] GC(88) User=0.01s Sys=0.00s Real=0.01s
[2026-07-01T02:24:41.905+0000][65.608s][info][gc,marking  ] GC(88) Concurrent Mark 476.414ms
[2026-07-01T02:24:41.905+0000][65.608s][info][gc,marking  ] GC(88) Concurrent Rebuild Remembered Sets and Scrub Regions
[2026-07-01T02:24:42.070+0000][65.773s][info][gc,marking  ] GC(88) Concurrent Rebuild Remembered Sets and Scrub Regions 165.075ms
[2026-07-01T02:24:42.070+0000][65.773s][info][gc,start    ] GC(88) Pause Cleanup
[2026-07-01T02:24:42.070+0000][65.773s][info][gc          ] GC(88) Pause Cleanup 237M->237M(348M) 0.165ms
[2026-07-01T02:24:42.070+0000][65.773s][info][gc,cpu      ] GC(88) User=0.00s Sys=0.00s Real=0.00s
[2026-07-01T02:24:42.070+0000][65.773s][info][gc,marking  ] GC(88) Concurrent Clear Claimed Marks
[2026-07-01T02:24:42.070+0000][65.773s][info][gc,marking  ] GC(88) Concurrent Clear Claimed Marks 0.081ms
[2026-07-01T02:24:42.070+0000][65.773s][info][gc,marking  ] GC(88) Concurrent Cleanup for Next Mark
[2026-07-01T02:24:42.071+0000][65.774s][info][gc,marking  ] GC(88) Concurrent Cleanup for Next Mark 1.047ms
[2026-07-01T02:24:42.071+0000][65.774s][info][gc          ] GC(88) Concurrent Mark Cycle 666.838ms
[2026-07-01T02:24:42.830+0000][66.533s][info][gc,start    ] GC(89) Pause Young (Prepare Mixed) (G1 Evacuation Pause)
[2026-07-01T02:24:42.830+0000][66.533s][info][gc,task     ] GC(89) Using 2 workers of 2 for evacuation
[2026-07-01T02:24:42.856+0000][66.559s][info][gc,phases   ] GC(89)   Pre Evacuate Collection Set: 0.26ms
[2026-07-01T02:24:42.856+0000][66.559s][info][gc,phases   ] GC(89)   Merge Heap Roots: 0.94ms
[2026-07-01T02:24:42.856+0000][66.559s][info][gc,phases   ] GC(89)   Evacuate Collection Set: 23.82ms
[2026-07-01T02:24:42.856+0000][66.559s][info][gc,phases   ] GC(89)   Post Evacuate Collection Set: 0.58ms
[2026-07-01T02:24:42.856+0000][66.559s][info][gc,phases   ] GC(89)   Other: 0.08ms
[2026-07-01T02:24:42.856+0000][66.559s][info][gc,heap     ] GC(89) Eden regions: 154->0(154)
[2026-07-01T02:24:42.856+0000][66.559s][info][gc,heap     ] GC(89) Survivor regions: 10->10(21)
[2026-07-01T02:24:42.856+0000][66.559s][info][gc,heap     ] GC(89) Old regions: 163->163
[2026-07-01T02:24:42.856+0000][66.559s][info][gc,heap     ] GC(89) Humongous regions: 3->3
[2026-07-01T02:24:42.856+0000][66.559s][info][gc,metaspace] GC(89) Metaspace: 41702K(42496K)->41702K(42496K) NonClass: 36565K(36992K)->36565K(36992K) Class: 5137K(5504K)->5137K(5504K)
[2026-07-01T02:24:42.856+0000][66.559s][info][gc          ] GC(89) Pause Young (Prepare Mixed) (G1 Evacuation Pause) 329M->175M(348M) 25.876ms
[2026-07-01T02:24:42.856+0000][66.559s][info][gc,cpu      ] GC(89) User=0.05s Sys=0.00s Real=0.02s
[2026-07-01T02:24:43.998+0000][67.700s][info][gc,start    ] GC(90) Pause Young (Mixed) (G1 Evacuation Pause)
[2026-07-01T02:24:43.998+0000][67.700s][info][gc,task     ] GC(90) Using 2 workers of 2 for evacuation
[2026-07-01T02:24:44.021+0000][67.724s][info][gc,phases   ] GC(90)   Pre Evacuate Collection Set: 0.14ms
[2026-07-01T02:24:44.021+0000][67.724s][info][gc,phases   ] GC(90)   Merge Heap Roots: 0.57ms
[2026-07-01T02:24:44.021+0000][67.724s][info][gc,phases   ] GC(90)   Evacuate Collection Set: 21.96ms
[2026-07-01T02:24:44.021+0000][67.724s][info][gc,phases   ] GC(90)   Post Evacuate Collection Set: 0.61ms
[2026-07-01T02:24:44.021+0000][67.724s][info][gc,phases   ] GC(90)   Other: 0.05ms
[2026-07-01T02:24:44.021+0000][67.724s][info][gc,heap     ] GC(90) Eden regions: 154->0(153)
[2026-07-01T02:24:44.021+0000][67.724s][info][gc,heap     ] GC(90) Survivor regions: 10->10(21)
[2026-07-01T02:24:44.021+0000][67.724s][info][gc,heap     ] GC(90) Old regions: 163->164
[2026-07-01T02:24:44.021+0000][67.724s][info][gc,heap     ] GC(90) Humongous regions: 3->3
[2026-07-01T02:24:44.021+0000][67.724s][info][gc,metaspace] GC(90) Metaspace: 41703K(42496K)->41703K(42496K) NonClass: 36566K(36992K)->36566K(36992K) Class: 5137K(5504K)->5137K(5504K)
[2026-07-01T02:24:44.021+0000][67.724s][info][gc          ] GC(90) Pause Young (Mixed) (G1 Evacuation Pause) 329M->176M(348M) 23.507ms
[2026-07-01T02:24:44.021+0000][67.724s][info][gc,cpu      ] GC(90) User=0.05s Sys=0.00s Real=0.03s
[2026-07-01T02:24:44.768+0000][68.471s][info][gc,start    ] GC(91) Pause Young (Concurrent Start) (G1 Evacuation Pause)
[2026-07-01T02:24:44.768+0000][68.471s][info][gc,task     ] GC(91) Using 2 workers of 2 for evacuation
[2026-07-01T02:24:44.793+0000][68.495s][info][gc,phases   ] GC(91)   Pre Evacuate Collection Set: 0.20ms
[2026-07-01T02:24:44.793+0000][68.495s][info][gc,phases   ] GC(91)   Merge Heap Roots: 0.35ms
[2026-07-01T02:24:44.793+0000][68.495s][info][gc,phases   ] GC(91)   Evacuate Collection Set: 23.36ms
[2026-07-01T02:24:44.793+0000][68.495s][info][gc,phases   ] GC(91)   Post Evacuate Collection Set: 0.46ms
[2026-07-01T02:24:44.793+0000][68.495s][info][gc,phases   ] GC(91)   Other: 0.08ms
[2026-07-01T02:24:44.793+0000][68.495s][info][gc,heap     ] GC(91) Eden regions: 153->0(153)
[2026-07-01T02:24:44.793+0000][68.495s][info][gc,heap     ] GC(91) Survivor regions: 10->10(21)
[2026-07-01T02:24:44.793+0000][68.495s][info][gc,heap     ] GC(91) Old regions: 164->164
[2026-07-01T02:24:44.793+0000][68.495s][info][gc,heap     ] GC(91) Humongous regions: 3->3
[2026-07-01T02:24:44.793+0000][68.495s][info][gc,metaspace] GC(91) Metaspace: 41703K(42496K)->41703K(42496K) NonClass: 36566K(36992K)->36566K(36992K) Class: 5137K(5504K)->5137K(5504K)
[2026-07-01T02:24:44.793+0000][68.495s][info][gc          ] GC(91) Pause Young (Concurrent Start) (G1 Evacuation Pause) 329M->176M(348M) 24.637ms
[2026-07-01T02:24:44.793+0000][68.495s][info][gc          ] GC(92) Concurrent Mark Cycle
[2026-07-01T02:24:44.793+0000][68.496s][info][gc,marking  ] GC(92) Concurrent Scan Root Regions
[2026-07-01T02:24:44.793+0000][68.495s][info][gc,cpu      ] GC(91) User=0.04s Sys=0.00s Real=0.03s
[2026-07-01T02:24:44.810+0000][68.513s][info][gc,marking  ] GC(92) Concurrent Scan Root Regions 17.756ms
[2026-07-01T02:24:44.810+0000][68.513s][info][gc,marking  ] GC(92) Concurrent Mark
[2026-07-01T02:24:44.810+0000][68.513s][info][gc,marking  ] GC(92) Concurrent Mark From Roots
[2026-07-01T02:24:44.810+0000][68.513s][info][gc,task     ] GC(92) Using 1 workers of 1 for marking
[2026-07-01T02:24:45.336+0000][69.039s][info][gc,marking  ] GC(92) Concurrent Mark From Roots 525.653ms
[2026-07-01T02:24:45.336+0000][69.039s][info][gc,marking  ] GC(92) Concurrent Preclean
[2026-07-01T02:24:45.336+0000][69.039s][info][gc,marking  ] GC(92) Concurrent Preclean 0.077ms
[2026-07-01T02:24:45.336+0000][69.039s][info][gc,start    ] GC(92) Pause Remark
[2026-07-01T02:24:45.343+0000][69.046s][info][gc          ] GC(92) Pause Remark 267M->267M(348M) 6.696ms
[2026-07-01T02:24:45.343+0000][69.046s][info][gc,cpu      ] GC(92) User=0.01s Sys=0.00s Real=0.01s
[2026-07-01T02:24:45.346+0000][69.048s][info][gc,marking  ] GC(92) Concurrent Mark 535.101ms
[2026-07-01T02:24:45.346+0000][69.048s][info][gc,marking  ] GC(92) Concurrent Rebuild Remembered Sets and Scrub Regions
[2026-07-01T02:24:45.466+0000][69.169s][info][gc,marking  ] GC(92) Concurrent Rebuild Remembered Sets and Scrub Regions 120.791ms
[2026-07-01T02:24:45.467+0000][69.169s][info][gc,start    ] GC(92) Pause Cleanup
[2026-07-01T02:24:45.467+0000][69.170s][info][gc          ] GC(92) Pause Cleanup 285M->285M(348M) 0.174ms
[2026-07-01T02:24:45.467+0000][69.170s][info][gc,cpu      ] GC(92) User=0.01s Sys=0.00s Real=0.00s
[2026-07-01T02:24:45.469+0000][69.171s][info][gc,marking  ] GC(92) Concurrent Clear Claimed Marks
[2026-07-01T02:24:45.469+0000][69.172s][info][gc,marking  ] GC(92) Concurrent Clear Claimed Marks 0.110ms
[2026-07-01T02:24:45.469+0000][69.172s][info][gc,marking  ] GC(92) Concurrent Cleanup for Next Mark
[2026-07-01T02:24:45.470+0000][69.173s][info][gc,marking  ] GC(92) Concurrent Cleanup for Next Mark 0.851ms
[2026-07-01T02:24:45.470+0000][69.173s][info][gc          ] GC(92) Concurrent Mark Cycle 677.113ms
[2026-07-01T02:24:45.684+0000][69.387s][info][gc,start    ] GC(93) Pause Young (Prepare Mixed) (G1 Evacuation Pause)
[2026-07-01T02:24:45.684+0000][69.387s][info][gc,task     ] GC(93) Using 2 workers of 2 for evacuation
[2026-07-01T02:24:45.702+0000][69.405s][info][gc,phases   ] GC(93)   Pre Evacuate Collection Set: 0.17ms
[2026-07-01T02:24:45.702+0000][69.405s][info][gc,phases   ] GC(93)   Merge Heap Roots: 0.65ms
[2026-07-01T02:24:45.702+0000][69.405s][info][gc,phases   ] GC(93)   Evacuate Collection Set: 16.86ms
[2026-07-01T02:24:45.702+0000][69.405s][info][gc,phases   ] GC(93)   Post Evacuate Collection Set: 0.49ms
[2026-07-01T02:24:45.702+0000][69.405s][info][gc,phases   ] GC(93)   Other: 0.06ms
[2026-07-01T02:24:45.702+0000][69.405s][info][gc,heap     ] GC(93) Eden regions: 153->0(152)
[2026-07-01T02:24:45.702+0000][69.405s][info][gc,heap     ] GC(93) Survivor regions: 10->10(21)
[2026-07-01T02:24:45.702+0000][69.405s][info][gc,heap     ] GC(93) Old regions: 164->165
[2026-07-01T02:24:45.702+0000][69.405s][info][gc,heap     ] GC(93) Humongous regions: 3->3
[2026-07-01T02:24:45.702+0000][69.405s][info][gc,metaspace] GC(93) Metaspace: 41703K(42496K)->41703K(42496K) NonClass: 36566K(36992K)->36566K(36992K) Class: 5137K(5504K)->5137K(5504K)
[2026-07-01T02:24:45.702+0000][69.405s][info][gc          ] GC(93) Pause Young (Prepare Mixed) (G1 Evacuation Pause) 329M->177M(348M) 18.418ms
[2026-07-01T02:24:45.702+0000][69.405s][info][gc,cpu      ] GC(93) User=0.03s Sys=0.00s Real=0.02s
[2026-07-01T02:24:46.454+0000][70.157s][info][gc,start    ] GC(94) Pause Young (Mixed) (G1 Evacuation Pause)
[2026-07-01T02:24:46.454+0000][70.157s][info][gc,task     ] GC(94) Using 2 workers of 2 for evacuation
[2026-07-01T02:24:46.475+0000][70.178s][info][gc,phases   ] GC(94)   Pre Evacuate Collection Set: 0.19ms
[2026-07-01T02:24:46.475+0000][70.178s][info][gc,phases   ] GC(94)   Merge Heap Roots: 0.47ms
[2026-07-01T02:24:46.475+0000][70.178s][info][gc,phases   ] GC(94)   Evacuate Collection Set: 19.53ms
[2026-07-01T02:24:46.475+0000][70.178s][info][gc,phases   ] GC(94)   Post Evacuate Collection Set: 0.43ms
[2026-07-01T02:24:46.475+0000][70.178s][info][gc,phases   ] GC(94)   Other: 0.06ms
[2026-07-01T02:24:46.475+0000][70.178s][info][gc,heap     ] GC(94) Eden regions: 152->0(151)
[2026-07-01T02:24:46.475+0000][70.178s][info][gc,heap     ] GC(94) Survivor regions: 10->11(21)
[2026-07-01T02:24:46.475+0000][70.178s][info][gc,heap     ] GC(94) Old regions: 165->165
[2026-07-01T02:24:46.475+0000][70.178s][info][gc,heap     ] GC(94) Humongous regions: 3->3
[2026-07-01T02:24:46.475+0000][70.178s][info][gc,metaspace] GC(94) Metaspace: 41708K(42496K)->41708K(42496K) NonClass: 36570K(36992K)->36570K(36992K) Class: 5137K(5504K)->5137K(5504K)
[2026-07-01T02:24:46.475+0000][70.178s][info][gc          ] GC(94) Pause Young (Mixed) (G1 Evacuation Pause) 329M->177M(348M) 20.861ms
[2026-07-01T02:24:46.475+0000][70.178s][info][gc,cpu      ] GC(94) User=0.04s Sys=0.00s Real=0.02s
[2026-07-01T02:24:47.201+0000][70.904s][info][gc,start    ] GC(95) Pause Young (Concurrent Start) (G1 Evacuation Pause)
[2026-07-01T02:24:47.201+0000][70.904s][info][gc,task     ] GC(95) Using 2 workers of 2 for evacuation
[2026-07-01T02:24:47.221+0000][70.924s][info][gc,phases   ] GC(95)   Pre Evacuate Collection Set: 0.30ms
[2026-07-01T02:24:47.221+0000][70.924s][info][gc,phases   ] GC(95)   Merge Heap Roots: 0.48ms
[2026-07-01T02:24:47.221+0000][70.924s][info][gc,phases   ] GC(95)   Evacuate Collection Set: 18.20ms
[2026-07-01T02:24:47.221+0000][70.924s][info][gc,phases   ] GC(95)   Post Evacuate Collection Set: 0.46ms
[2026-07-01T02:24:47.221+0000][70.924s][info][gc,phases   ] GC(95)   Other: 0.12ms
[2026-07-01T02:24:47.221+0000][70.924s][info][gc,heap     ] GC(95) Eden regions: 151->0(151)
[2026-07-01T02:24:47.221+0000][70.924s][info][gc,heap     ] GC(95) Survivor regions: 11->10(21)
[2026-07-01T02:24:47.221+0000][70.924s][info][gc,heap     ] GC(95) Old regions: 165->166
[2026-07-01T02:24:47.221+0000][70.924s][info][gc,heap     ] GC(95) Humongous regions: 3->3
[2026-07-01T02:24:47.221+0000][70.924s][info][gc,metaspace] GC(95) Metaspace: 41711K(42496K)->41711K(42496K) NonClass: 36573K(36992K)->36573K(36992K) Class: 5137K(5504K)->5137K(5504K)
[2026-07-01T02:24:47.221+0000][70.924s][info][gc          ] GC(95) Pause Young (Concurrent Start) (G1 Evacuation Pause) 328M->178M(348M) 19.753ms
[2026-07-01T02:24:47.221+0000][70.924s][info][gc,cpu      ] GC(95) User=0.04s Sys=0.00s Real=0.02s
[2026-07-01T02:24:47.221+0000][70.924s][info][gc          ] GC(96) Concurrent Mark Cycle
[2026-07-01T02:24:47.221+0000][70.924s][info][gc,marking  ] GC(96) Concurrent Scan Root Regions
[2026-07-01T02:24:47.252+0000][70.955s][info][gc,marking  ] GC(96) Concurrent Scan Root Regions 30.978ms
[2026-07-01T02:24:47.252+0000][70.955s][info][gc,marking  ] GC(96) Concurrent Mark
[2026-07-01T02:24:47.252+0000][70.955s][info][gc,marking  ] GC(96) Concurrent Mark From Roots
[2026-07-01T02:24:47.252+0000][70.955s][info][gc,task     ] GC(96) Using 1 workers of 1 for marking
[2026-07-01T02:24:47.741+0000][71.443s][info][gc,marking  ] GC(96) Concurrent Mark From Roots 488.503ms
[2026-07-01T02:24:47.741+0000][71.444s][info][gc,marking  ] GC(96) Concurrent Preclean
[2026-07-01T02:24:47.741+0000][71.444s][info][gc,marking  ] GC(96) Concurrent Preclean 0.132ms
[2026-07-01T02:24:47.741+0000][71.444s][info][gc,start    ] GC(96) Pause Remark
[2026-07-01T02:24:47.747+0000][71.450s][info][gc          ] GC(96) Pause Remark 272M->272M(348M) 6.385ms
[2026-07-01T02:24:47.748+0000][71.450s][info][gc,cpu      ] GC(96) User=0.01s Sys=0.01s Real=0.00s
[2026-07-01T02:24:47.750+0000][71.453s][info][gc,marking  ] GC(96) Concurrent Mark 498.330ms
[2026-07-01T02:24:47.750+0000][71.453s][info][gc,marking  ] GC(96) Concurrent Rebuild Remembered Sets and Scrub Regions
[2026-07-01T02:24:47.956+0000][71.658s][info][gc,marking  ] GC(96) Concurrent Rebuild Remembered Sets and Scrub Regions 205.184ms
[2026-07-01T02:24:47.956+0000][71.659s][info][gc,start    ] GC(96) Pause Cleanup
[2026-07-01T02:24:47.957+0000][71.659s][info][gc          ] GC(96) Pause Cleanup 307M->307M(348M) 0.206ms
[2026-07-01T02:24:47.957+0000][71.660s][info][gc,cpu      ] GC(96) User=0.00s Sys=0.00s Real=0.00s
[2026-07-01T02:24:47.958+0000][71.661s][info][gc,marking  ] GC(96) Concurrent Clear Claimed Marks
[2026-07-01T02:24:47.958+0000][71.661s][info][gc,marking  ] GC(96) Concurrent Clear Claimed Marks 0.112ms
[2026-07-01T02:24:47.958+0000][71.661s][info][gc,marking  ] GC(96) Concurrent Cleanup for Next Mark
[2026-07-01T02:24:47.960+0000][71.662s][info][gc,marking  ] GC(96) Concurrent Cleanup for Next Mark 1.196ms
[2026-07-01T02:24:47.960+0000][71.662s][info][gc          ] GC(96) Concurrent Mark Cycle 738.558ms
[2026-07-01T02:24:48.058+0000][71.761s][info][gc,start    ] GC(97) Pause Young (Prepare Mixed) (G1 Evacuation Pause)
[2026-07-01T02:24:48.058+0000][71.761s][info][gc,task     ] GC(97) Using 2 workers of 2 for evacuation
[2026-07-01T02:24:48.082+0000][71.784s][info][gc,phases   ] GC(97)   Pre Evacuate Collection Set: 0.20ms
[2026-07-01T02:24:48.082+0000][71.785s][info][gc,phases   ] GC(97)   Merge Heap Roots: 0.62ms
[2026-07-01T02:24:48.082+0000][71.785s][info][gc,phases   ] GC(97)   Evacuate Collection Set: 22.33ms
[2026-07-01T02:24:48.082+0000][71.785s][info][gc,phases   ] GC(97)   Post Evacuate Collection Set: 0.49ms
[2026-07-01T02:24:48.082+0000][71.785s][info][gc,phases   ] GC(97)   Other: 0.07ms
[2026-07-01T02:24:48.082+0000][71.785s][info][gc,heap     ] GC(97) Eden regions: 151->0(150)
[2026-07-01T02:24:48.082+0000][71.785s][info][gc,heap     ] GC(97) Survivor regions: 10->10(21)
[2026-07-01T02:24:48.082+0000][71.785s][info][gc,heap     ] GC(97) Old regions: 166->167
[2026-07-01T02:24:48.082+0000][71.785s][info][gc,heap     ] GC(97) Humongous regions: 3->3
[2026-07-01T02:24:48.082+0000][71.785s][info][gc,metaspace] GC(97) Metaspace: 41711K(42496K)->41711K(42496K) NonClass: 36573K(36992K)->36573K(36992K) Class: 5137K(5504K)->5137K(5504K)
[2026-07-01T02:24:48.082+0000][71.785s][info][gc          ] GC(97) Pause Young (Prepare Mixed) (G1 Evacuation Pause) 329M->179M(348M) 23.875ms
[2026-07-01T02:24:48.082+0000][71.785s][info][gc,cpu      ] GC(97) User=0.04s Sys=0.00s Real=0.03s
[2026-07-01T02:24:49.290+0000][72.993s][info][gc,start    ] GC(98) Pause Young (Mixed) (G1 Evacuation Pause)
[2026-07-01T02:24:49.290+0000][72.993s][info][gc,task     ] GC(98) Using 2 workers of 2 for evacuation
[2026-07-01T02:24:49.316+0000][73.019s][info][gc,phases   ] GC(98)   Pre Evacuate Collection Set: 0.22ms
[2026-07-01T02:24:49.316+0000][73.019s][info][gc,phases   ] GC(98)   Merge Heap Roots: 0.40ms
[2026-07-01T02:24:49.316+0000][73.019s][info][gc,phases   ] GC(98)   Evacuate Collection Set: 24.75ms
[2026-07-01T02:24:49.316+0000][73.019s][info][gc,phases   ] GC(98)   Post Evacuate Collection Set: 0.54ms
[2026-07-01T02:24:49.316+0000][73.019s][info][gc,phases   ] GC(98)   Other: 0.06ms
[2026-07-01T02:24:49.316+0000][73.019s][info][gc,heap     ] GC(98) Eden regions: 150->0(150)
[2026-07-01T02:24:49.316+0000][73.019s][info][gc,heap     ] GC(98) Survivor regions: 10->10(20)
[2026-07-01T02:24:49.316+0000][73.019s][info][gc,heap     ] GC(98) Old regions: 167->167
[2026-07-01T02:24:49.316+0000][73.019s][info][gc,heap     ] GC(98) Humongous regions: 3->3
[2026-07-01T02:24:49.316+0000][73.019s][info][gc,metaspace] GC(98) Metaspace: 41711K(42496K)->41711K(42496K) NonClass: 36573K(36992K)->36573K(36992K) Class: 5137K(5504K)->5137K(5504K)
[2026-07-01T02:24:49.316+0000][73.019s][info][gc          ] GC(98) Pause Young (Mixed) (G1 Evacuation Pause) 329M->179M(348M) 26.195ms
[2026-07-01T02:24:49.316+0000][73.019s][info][gc,cpu      ] GC(98) User=0.05s Sys=0.00s Real=0.02s
[2026-07-01T02:24:50.530+0000][74.233s][info][gc,start    ] GC(99) Pause Young (Concurrent Start) (G1 Evacuation Pause)
[2026-07-01T02:24:50.530+0000][74.233s][info][gc,task     ] GC(99) Using 2 workers of 2 for evacuation
[2026-07-01T02:24:50.555+0000][74.258s][info][gc,phases   ] GC(99)   Pre Evacuate Collection Set: 0.24ms
[2026-07-01T02:24:50.555+0000][74.258s][info][gc,phases   ] GC(99)   Merge Heap Roots: 0.32ms
[2026-07-01T02:24:50.555+0000][74.258s][info][gc,phases   ] GC(99)   Evacuate Collection Set: 23.36ms
[2026-07-01T02:24:50.555+0000][74.258s][info][gc,phases   ] GC(99)   Post Evacuate Collection Set: 0.50ms
[2026-07-01T02:24:50.555+0000][74.258s][info][gc,phases   ] GC(99)   Other: 0.10ms
[2026-07-01T02:24:50.555+0000][74.258s][info][gc,heap     ] GC(99) Eden regions: 150->0(149)
[2026-07-01T02:24:50.555+0000][74.258s][info][gc,heap     ] GC(99) Survivor regions: 10->10(20)
[2026-07-01T02:24:50.555+0000][74.258s][info][gc,heap     ] GC(99) Old regions: 167->168
[2026-07-01T02:24:50.555+0000][74.258s][info][gc,heap     ] GC(99) Humongous regions: 3->3
[2026-07-01T02:24:50.555+0000][74.258s][info][gc,metaspace] GC(99) Metaspace: 41711K(42496K)->41711K(42496K) NonClass: 36573K(36992K)->36573K(36992K) Class: 5137K(5504K)->5137K(5504K)
[2026-07-01T02:24:50.555+0000][74.258s][info][gc          ] GC(99) Pause Young (Concurrent Start) (G1 Evacuation Pause) 329M->179M(348M) 24.736ms
[2026-07-01T02:24:50.555+0000][74.258s][info][gc          ] GC(100) Concurrent Mark Cycle
[2026-07-01T02:24:50.555+0000][74.258s][info][gc,cpu      ] GC(99) User=0.05s Sys=0.00s Real=0.02s
[2026-07-01T02:24:50.555+0000][74.258s][info][gc,marking  ] GC(100) Concurrent Scan Root Regions
[2026-07-01T02:24:50.573+0000][74.276s][info][gc,marking  ] GC(100) Concurrent Scan Root Regions 18.201ms
[2026-07-01T02:24:50.573+0000][74.276s][info][gc,marking  ] GC(100) Concurrent Mark
[2026-07-01T02:24:50.573+0000][74.276s][info][gc,marking  ] GC(100) Concurrent Mark From Roots
[2026-07-01T02:24:50.573+0000][74.276s][info][gc,task     ] GC(100) Using 1 workers of 1 for marking
[2026-07-01T02:24:50.907+0000][74.610s][info][gc,marking  ] GC(100) Concurrent Mark From Roots 333.692ms
[2026-07-01T02:24:50.907+0000][74.610s][info][gc,marking  ] GC(100) Concurrent Preclean
[2026-07-01T02:24:50.908+0000][74.611s][info][gc,marking  ] GC(100) Concurrent Preclean 0.500ms
[2026-07-01T02:24:50.908+0000][74.611s][info][gc,start    ] GC(100) Pause Remark
[2026-07-01T02:24:50.914+0000][74.617s][info][gc          ] GC(100) Pause Remark 212M->212M(348M) 6.417ms
[2026-07-01T02:24:50.914+0000][74.617s][info][gc,cpu      ] GC(100) User=0.01s Sys=0.00s Real=0.01s
[2026-07-01T02:24:50.917+0000][74.620s][info][gc,marking  ] GC(100) Concurrent Mark 343.608ms
[2026-07-01T02:24:50.917+0000][74.620s][info][gc,marking  ] GC(100) Concurrent Rebuild Remembered Sets and Scrub Regions
[2026-07-01T02:24:51.037+0000][74.739s][info][gc,marking  ] GC(100) Concurrent Rebuild Remembered Sets and Scrub Regions 119.425ms
[2026-07-01T02:24:51.037+0000][74.739s][info][gc,start    ] GC(100) Pause Cleanup
[2026-07-01T02:24:51.037+0000][74.740s][info][gc          ] GC(100) Pause Cleanup 223M->223M(348M) 0.143ms
[2026-07-01T02:24:51.037+0000][74.740s][info][gc,cpu      ] GC(100) User=0.00s Sys=0.00s Real=0.00s
[2026-07-01T02:24:51.037+0000][74.740s][info][gc,marking  ] GC(100) Concurrent Clear Claimed Marks
[2026-07-01T02:24:51.037+0000][74.740s][info][gc,marking  ] GC(100) Concurrent Clear Claimed Marks 0.082ms
[2026-07-01T02:24:51.037+0000][74.740s][info][gc,marking  ] GC(100) Concurrent Cleanup for Next Mark
[2026-07-01T02:24:51.037+0000][74.740s][info][gc,marking  ] GC(100) Concurrent Cleanup for Next Mark 0.556ms
[2026-07-01T02:24:51.038+0000][74.740s][info][gc          ] GC(100) Concurrent Mark Cycle 482.343ms
[2026-07-01T02:24:51.887+0000][75.590s][info][gc,start    ] GC(101) Pause Young (Prepare Mixed) (G1 Evacuation Pause)
[2026-07-01T02:24:51.887+0000][75.590s][info][gc,task     ] GC(101) Using 2 workers of 2 for evacuation
[2026-07-01T02:24:51.936+0000][75.639s][info][gc,phases   ] GC(101)   Pre Evacuate Collection Set: 0.16ms
[2026-07-01T02:24:51.936+0000][75.639s][info][gc,phases   ] GC(101)   Merge Heap Roots: 0.82ms
[2026-07-01T02:24:51.936+0000][75.639s][info][gc,phases   ] GC(101)   Evacuate Collection Set: 46.84ms
[2026-07-01T02:24:51.936+0000][75.639s][info][gc,phases   ] GC(101)   Post Evacuate Collection Set: 0.86ms
[2026-07-01T02:24:51.936+0000][75.639s][info][gc,phases   ] GC(101)   Other: 0.06ms
[2026-07-01T02:24:51.936+0000][75.639s][info][gc,heap     ] GC(101) Eden regions: 149->0(149)
[2026-07-01T02:24:51.936+0000][75.639s][info][gc,heap     ] GC(101) Survivor regions: 10->10(20)
[2026-07-01T02:24:51.936+0000][75.639s][info][gc,heap     ] GC(101) Old regions: 168->168
[2026-07-01T02:24:51.936+0000][75.639s][info][gc,heap     ] GC(101) Humongous regions: 3->3
[2026-07-01T02:24:51.936+0000][75.639s][info][gc,metaspace] GC(101) Metaspace: 41711K(42496K)->41711K(42496K) NonClass: 36573K(36992K)->36573K(36992K) Class: 5137K(5504K)->5137K(5504K)
[2026-07-01T02:24:51.936+0000][75.639s][info][gc          ] GC(101) Pause Young (Prepare Mixed) (G1 Evacuation Pause) 328M->180M(348M) 48.945ms
[2026-07-01T02:24:51.936+0000][75.639s][info][gc,cpu      ] GC(101) User=0.05s Sys=0.00s Real=0.05s
[2026-07-01T02:24:52.836+0000][76.539s][info][gc,start    ] GC(102) Pause Young (Mixed) (G1 Evacuation Pause)
[2026-07-01T02:24:52.836+0000][76.539s][info][gc,task     ] GC(102) Using 2 workers of 2 for evacuation
[2026-07-01T02:24:52.862+0000][76.564s][info][gc,phases   ] GC(102)   Pre Evacuate Collection Set: 0.20ms
[2026-07-01T02:24:52.862+0000][76.564s][info][gc,phases   ] GC(102)   Merge Heap Roots: 0.37ms
[2026-07-01T02:24:52.862+0000][76.564s][info][gc,phases   ] GC(102)   Evacuate Collection Set: 24.66ms
[2026-07-01T02:24:52.862+0000][76.564s][info][gc,phases   ] GC(102)   Post Evacuate Collection Set: 0.50ms
[2026-07-01T02:24:52.862+0000][76.564s][info][gc,phases   ] GC(102)   Other: 0.06ms
[2026-07-01T02:24:52.862+0000][76.564s][info][gc,heap     ] GC(102) Eden regions: 149->0(148)
[2026-07-01T02:24:52.862+0000][76.564s][info][gc,heap     ] GC(102) Survivor regions: 10->10(20)
[2026-07-01T02:24:52.862+0000][76.564s][info][gc,heap     ] GC(102) Old regions: 168->169
[2026-07-01T02:24:52.862+0000][76.564s][info][gc,heap     ] GC(102) Humongous regions: 3->3
[2026-07-01T02:24:52.862+0000][76.564s][info][gc,metaspace] GC(102) Metaspace: 41715K(42496K)->41715K(42496K) NonClass: 36578K(36992K)->36578K(36992K) Class: 5137K(5504K)->5137K(5504K)
[2026-07-01T02:24:52.862+0000][76.564s][info][gc          ] GC(102) Pause Young (Mixed) (G1 Evacuation Pause) 329M->180M(348M) 25.954ms
[2026-07-01T02:24:52.862+0000][76.564s][info][gc,cpu      ] GC(102) User=0.05s Sys=0.00s Real=0.03s
[2026-07-01T02:24:53.578+0000][77.281s][info][gc,start    ] GC(103) Pause Young (Concurrent Start) (G1 Evacuation Pause)
[2026-07-01T02:24:53.578+0000][77.281s][info][gc,task     ] GC(103) Using 2 workers of 2 for evacuation
[2026-07-01T02:24:53.595+0000][77.298s][info][gc,phases   ] GC(103)   Pre Evacuate Collection Set: 0.27ms
[2026-07-01T02:24:53.595+0000][77.298s][info][gc,phases   ] GC(103)   Merge Heap Roots: 0.37ms
[2026-07-01T02:24:53.595+0000][77.298s][info][gc,phases   ] GC(103)   Evacuate Collection Set: 16.16ms
[2026-07-01T02:24:53.595+0000][77.298s][info][gc,phases   ] GC(103)   Post Evacuate Collection Set: 0.48ms
[2026-07-01T02:24:53.595+0000][77.298s][info][gc,phases   ] GC(103)   Other: 0.08ms
[2026-07-01T02:24:53.595+0000][77.298s][info][gc,heap     ] GC(103) Eden regions: 148->0(148)
[2026-07-01T02:24:53.595+0000][77.298s][info][gc,heap     ] GC(103) Survivor regions: 10->10(20)
[2026-07-01T02:24:53.595+0000][77.298s][info][gc,heap     ] GC(103) Old regions: 169->169
[2026-07-01T02:24:53.595+0000][77.298s][info][gc,heap     ] GC(103) Humongous regions: 3->3
[2026-07-01T02:24:53.595+0000][77.298s][info][gc,metaspace] GC(103) Metaspace: 41715K(42496K)->41715K(42496K) NonClass: 36578K(36992K)->36578K(36992K) Class: 5137K(5504K)->5137K(5504K)
[2026-07-01T02:24:53.595+0000][77.298s][info][gc          ] GC(103) Pause Young (Concurrent Start) (G1 Evacuation Pause) 328M->181M(348M) 17.521ms
[2026-07-01T02:24:53.595+0000][77.298s][info][gc,cpu      ] GC(103) User=0.03s Sys=0.00s Real=0.02s
[2026-07-01T02:24:53.595+0000][77.298s][info][gc          ] GC(104) Concurrent Mark Cycle
[2026-07-01T02:24:53.595+0000][77.298s][info][gc,marking  ] GC(104) Concurrent Scan Root Regions
[2026-07-01T02:24:53.633+0000][77.336s][info][gc,marking  ] GC(104) Concurrent Scan Root Regions 37.935ms
[2026-07-01T02:24:53.633+0000][77.336s][info][gc,marking  ] GC(104) Concurrent Mark
[2026-07-01T02:24:53.633+0000][77.336s][info][gc,marking  ] GC(104) Concurrent Mark From Roots
[2026-07-01T02:24:53.633+0000][77.336s][info][gc,task     ] GC(104) Using 1 workers of 1 for marking
[2026-07-01T02:24:54.297+0000][78.000s][info][gc,marking  ] GC(104) Concurrent Mark From Roots 663.599ms
[2026-07-01T02:24:54.297+0000][78.000s][info][gc,marking  ] GC(104) Concurrent Preclean
[2026-07-01T02:24:54.298+0000][78.001s][info][gc,marking  ] GC(104) Concurrent Preclean 0.951ms
[2026-07-01T02:24:54.298+0000][78.001s][info][gc,start    ] GC(104) Pause Remark
[2026-07-01T02:24:54.304+0000][78.007s][info][gc          ] GC(104) Pause Remark 311M->311M(348M) 6.228ms
[2026-07-01T02:24:54.305+0000][78.007s][info][gc,cpu      ] GC(104) User=0.02s Sys=0.00s Real=0.00s
[2026-07-01T02:24:54.308+0000][78.011s][info][gc,marking  ] GC(104) Concurrent Mark 674.581ms
[2026-07-01T02:24:54.308+0000][78.011s][info][gc,marking  ] GC(104) Concurrent Rebuild Remembered Sets and Scrub Regions
[2026-07-01T02:24:54.419+0000][78.122s][info][gc,start    ] GC(105) Pause Young (Normal) (G1 Evacuation Pause)
[2026-07-01T02:24:54.419+0000][78.122s][info][gc,task     ] GC(105) Using 2 workers of 2 for evacuation
[2026-07-01T02:24:54.438+0000][78.141s][info][gc,phases   ] GC(105)   Pre Evacuate Collection Set: 0.35ms
[2026-07-01T02:24:54.438+0000][78.141s][info][gc,phases   ] GC(105)   Merge Heap Roots: 0.51ms
[2026-07-01T02:24:54.438+0000][78.141s][info][gc,phases   ] GC(105)   Evacuate Collection Set: 16.81ms
[2026-07-01T02:24:54.438+0000][78.141s][info][gc,phases   ] GC(105)   Post Evacuate Collection Set: 0.49ms
[2026-07-01T02:24:54.438+0000][78.141s][info][gc,phases   ] GC(105)   Other: 0.13ms
[2026-07-01T02:24:54.438+0000][78.141s][info][gc,heap     ] GC(105) Eden regions: 148->0(147)
[2026-07-01T02:24:54.438+0000][78.141s][info][gc,heap     ] GC(105) Survivor regions: 10->10(20)
[2026-07-01T02:24:54.438+0000][78.141s][info][gc,heap     ] GC(105) Old regions: 169->170
[2026-07-01T02:24:54.438+0000][78.141s][info][gc,heap     ] GC(105) Humongous regions: 3->3
[2026-07-01T02:24:54.438+0000][78.141s][info][gc,metaspace] GC(105) Metaspace: 41715K(42496K)->41715K(42496K) NonClass: 36578K(36992K)->36578K(36992K) Class: 5137K(5504K)->5137K(5504K)
[2026-07-01T02:24:54.438+0000][78.141s][info][gc          ] GC(105) Pause Young (Normal) (G1 Evacuation Pause) 329M->181M(348M) 18.466ms
[2026-07-01T02:24:54.438+0000][78.141s][info][gc,cpu      ] GC(105) User=0.04s Sys=0.00s Real=0.01s
[2026-07-01T02:24:54.513+0000][78.216s][info][gc,marking  ] GC(104) Concurrent Rebuild Remembered Sets and Scrub Regions 204.765ms
[2026-07-01T02:24:54.513+0000][78.216s][info][gc,start    ] GC(104) Pause Cleanup
[2026-07-01T02:24:54.514+0000][78.216s][info][gc          ] GC(104) Pause Cleanup 195M->195M(348M) 0.162ms
[2026-07-01T02:24:54.514+0000][78.216s][info][gc,cpu      ] GC(104) User=0.00s Sys=0.00s Real=0.00s
[2026-07-01T02:24:54.514+0000][78.217s][info][gc,marking  ] GC(104) Concurrent Clear Claimed Marks
[2026-07-01T02:24:54.514+0000][78.217s][info][gc,marking  ] GC(104) Concurrent Clear Claimed Marks 0.089ms
[2026-07-01T02:24:54.514+0000][78.217s][info][gc,marking  ] GC(104) Concurrent Cleanup for Next Mark
[2026-07-01T02:24:54.515+0000][78.217s][info][gc,marking  ] GC(104) Concurrent Cleanup for Next Mark 0.731ms
[2026-07-01T02:24:54.515+0000][78.218s][info][gc          ] GC(104) Concurrent Mark Cycle 919.319ms
[2026-07-01T02:24:55.165+0000][78.868s][info][gc,start    ] GC(106) Pause Young (Prepare Mixed) (G1 Evacuation Pause)
[2026-07-01T02:24:55.165+0000][78.868s][info][gc,task     ] GC(106) Using 2 workers of 2 for evacuation
[2026-07-01T02:24:55.182+0000][78.885s][info][gc,phases   ] GC(106)   Pre Evacuate Collection Set: 0.20ms
[2026-07-01T02:24:55.182+0000][78.885s][info][gc,phases   ] GC(106)   Merge Heap Roots: 0.54ms
[2026-07-01T02:24:55.182+0000][78.885s][info][gc,phases   ] GC(106)   Evacuate Collection Set: 15.71ms
[2026-07-01T02:24:55.182+0000][78.885s][info][gc,phases   ] GC(106)   Post Evacuate Collection Set: 0.46ms
[2026-07-01T02:24:55.182+0000][78.885s][info][gc,phases   ] GC(106)   Other: 0.10ms
[2026-07-01T02:24:55.182+0000][78.885s][info][gc,heap     ] GC(106) Eden regions: 147->0(147)
[2026-07-01T02:24:55.182+0000][78.885s][info][gc,heap     ] GC(106) Survivor regions: 10->10(20)
[2026-07-01T02:24:55.182+0000][78.885s][info][gc,heap     ] GC(106) Old regions: 170->170
[2026-07-01T02:24:55.182+0000][78.885s][info][gc,heap     ] GC(106) Humongous regions: 3->3
[2026-07-01T02:24:55.182+0000][78.885s][info][gc,metaspace] GC(106) Metaspace: 41715K(42496K)->41715K(42496K) NonClass: 36578K(36992K)->36578K(36992K) Class: 5137K(5504K)->5137K(5504K)
[2026-07-01T02:24:55.182+0000][78.885s][info][gc          ] GC(106) Pause Young (Prepare Mixed) (G1 Evacuation Pause) 328M->182M(348M) 17.168ms
[2026-07-01T02:24:55.182+0000][78.885s][info][gc,cpu      ] GC(106) User=0.04s Sys=0.00s Real=0.02s
[2026-07-01T02:24:55.879+0000][79.582s][info][gc,start    ] GC(107) Pause Young (Mixed) (G1 Evacuation Pause)
[2026-07-01T02:24:55.879+0000][79.582s][info][gc,task     ] GC(107) Using 2 workers of 2 for evacuation
[2026-07-01T02:24:55.897+0000][79.600s][info][gc,phases   ] GC(107)   Pre Evacuate Collection Set: 0.51ms
[2026-07-01T02:24:55.897+0000][79.600s][info][gc,phases   ] GC(107)   Merge Heap Roots: 0.33ms
[2026-07-01T02:24:55.897+0000][79.600s][info][gc,phases   ] GC(107)   Evacuate Collection Set: 17.12ms
[2026-07-01T02:24:55.897+0000][79.600s][info][gc,phases   ] GC(107)   Post Evacuate Collection Set: 0.45ms
[2026-07-01T02:24:55.897+0000][79.600s][info][gc,phases   ] GC(107)   Other: 0.06ms
[2026-07-01T02:24:55.897+0000][79.600s][info][gc,heap     ] GC(107) Eden regions: 147->0(147)
[2026-07-01T02:24:55.897+0000][79.600s][info][gc,heap     ] GC(107) Survivor regions: 10->9(20)
[2026-07-01T02:24:55.897+0000][79.600s][info][gc,heap     ] GC(107) Old regions: 170->171
[2026-07-01T02:24:55.897+0000][79.600s][info][gc,heap     ] GC(107) Humongous regions: 3->3
[2026-07-01T02:24:55.897+0000][79.600s][info][gc,metaspace] GC(107) Metaspace: 41716K(42496K)->41716K(42496K) NonClass: 36579K(36992K)->36579K(36992K) Class: 5137K(5504K)->5137K(5504K)
[2026-07-01T02:24:55.898+0000][79.600s][info][gc          ] GC(107) Pause Young (Mixed) (G1 Evacuation Pause) 329M->182M(348M) 18.613ms
[2026-07-01T02:24:55.898+0000][79.600s][info][gc,cpu      ] GC(107) User=0.03s Sys=0.00s Real=0.01s
[2026-07-01T02:24:56.585+0000][80.288s][info][gc,start    ] GC(108) Pause Young (Concurrent Start) (G1 Evacuation Pause)
[2026-07-01T02:24:56.585+0000][80.288s][info][gc,task     ] GC(108) Using 2 workers of 2 for evacuation
[2026-07-01T02:24:56.602+0000][80.305s][info][gc,phases   ] GC(108)   Pre Evacuate Collection Set: 0.48ms
[2026-07-01T02:24:56.602+0000][80.305s][info][gc,phases   ] GC(108)   Merge Heap Roots: 0.36ms
[2026-07-01T02:24:56.602+0000][80.305s][info][gc,phases   ] GC(108)   Evacuate Collection Set: 15.55ms
[2026-07-01T02:24:56.602+0000][80.305s][info][gc,phases   ] GC(108)   Post Evacuate Collection Set: 0.46ms
[2026-07-01T02:24:56.602+0000][80.305s][info][gc,phases   ] GC(108)   Other: 0.08ms
[2026-07-01T02:24:56.602+0000][80.305s][info][gc,heap     ] GC(108) Eden regions: 147->0(146)
[2026-07-01T02:24:56.602+0000][80.305s][info][gc,heap     ] GC(108) Survivor regions: 9->10(20)
[2026-07-01T02:24:56.602+0000][80.305s][info][gc,heap     ] GC(108) Old regions: 171->171
[2026-07-01T02:24:56.602+0000][80.305s][info][gc,heap     ] GC(108) Humongous regions: 3->3
[2026-07-01T02:24:56.602+0000][80.305s][info][gc,metaspace] GC(108) Metaspace: 41716K(42496K)->41716K(42496K) NonClass: 36579K(36992K)->36579K(36992K) Class: 5137K(5504K)->5137K(5504K)
[2026-07-01T02:24:56.602+0000][80.305s][info][gc          ] GC(108) Pause Young (Concurrent Start) (G1 Evacuation Pause) 329M->183M(348M) 17.077ms
[2026-07-01T02:24:56.602+0000][80.305s][info][gc          ] GC(109) Concurrent Mark Cycle
[2026-07-01T02:24:56.602+0000][80.305s][info][gc,marking  ] GC(109) Concurrent Scan Root Regions
[2026-07-01T02:24:56.602+0000][80.305s][info][gc,cpu      ] GC(108) User=0.04s Sys=0.00s Real=0.02s
[2026-07-01T02:24:56.624+0000][80.327s][info][gc,marking  ] GC(109) Concurrent Scan Root Regions 21.589ms
[2026-07-01T02:24:56.624+0000][80.327s][info][gc,marking  ] GC(109) Concurrent Mark
[2026-07-01T02:24:56.624+0000][80.327s][info][gc,marking  ] GC(109) Concurrent Mark From Roots
[2026-07-01T02:24:56.624+0000][80.327s][info][gc,task     ] GC(109) Using 1 workers of 1 for marking
[2026-07-01T02:24:57.067+0000][80.770s][info][gc,marking  ] GC(109) Concurrent Mark From Roots 443.485ms
[2026-07-01T02:24:57.067+0000][80.770s][info][gc,marking  ] GC(109) Concurrent Preclean
[2026-07-01T02:24:57.068+0000][80.770s][info][gc,marking  ] GC(109) Concurrent Preclean 0.083ms
[2026-07-01T02:24:57.068+0000][80.771s][info][gc,start    ] GC(109) Pause Remark
[2026-07-01T02:24:57.073+0000][80.776s][info][gc          ] GC(109) Pause Remark 261M->261M(348M) 5.351ms
[2026-07-01T02:24:57.073+0000][80.776s][info][gc,cpu      ] GC(109) User=0.00s Sys=0.00s Real=0.00s
[2026-07-01T02:24:57.074+0000][80.777s][info][gc,marking  ] GC(109) Concurrent Mark 450.055ms
[2026-07-01T02:24:57.074+0000][80.777s][info][gc,marking  ] GC(109) Concurrent Rebuild Remembered Sets and Scrub Regions
[2026-07-01T02:24:57.299+0000][81.002s][info][gc,marking  ] GC(109) Concurrent Rebuild Remembered Sets and Scrub Regions 224.814ms
[2026-07-01T02:24:57.299+0000][81.002s][info][gc,start    ] GC(109) Pause Cleanup
[2026-07-01T02:24:57.299+0000][81.002s][info][gc          ] GC(109) Pause Cleanup 304M->304M(348M) 0.163ms
[2026-07-01T02:24:57.299+0000][81.002s][info][gc,cpu      ] GC(109) User=0.00s Sys=0.00s Real=0.00s
[2026-07-01T02:24:57.300+0000][81.003s][info][gc,marking  ] GC(109) Concurrent Clear Claimed Marks
[2026-07-01T02:24:57.300+0000][81.003s][info][gc,marking  ] GC(109) Concurrent Clear Claimed Marks 0.155ms
[2026-07-01T02:24:57.300+0000][81.003s][info][gc,marking  ] GC(109) Concurrent Cleanup for Next Mark
[2026-07-01T02:24:57.304+0000][81.007s][info][gc,marking  ] GC(109) Concurrent Cleanup for Next Mark 4.088ms
[2026-07-01T02:24:57.304+0000][81.007s][info][gc          ] GC(109) Concurrent Mark Cycle 701.737ms
[2026-07-01T02:24:57.418+0000][81.121s][info][gc,start    ] GC(110) Pause Young (Prepare Mixed) (G1 Evacuation Pause)
[2026-07-01T02:24:57.418+0000][81.121s][info][gc,task     ] GC(110) Using 2 workers of 2 for evacuation
[2026-07-01T02:24:57.442+0000][81.144s][info][gc,phases   ] GC(110)   Pre Evacuate Collection Set: 0.25ms
[2026-07-01T02:24:57.442+0000][81.144s][info][gc,phases   ] GC(110)   Merge Heap Roots: 0.61ms
[2026-07-01T02:24:57.442+0000][81.144s][info][gc,phases   ] GC(110)   Evacuate Collection Set: 22.24ms
[2026-07-01T02:24:57.442+0000][81.144s][info][gc,phases   ] GC(110)   Post Evacuate Collection Set: 0.51ms
[2026-07-01T02:24:57.442+0000][81.144s][info][gc,phases   ] GC(110)   Other: 0.06ms
[2026-07-01T02:24:57.442+0000][81.144s][info][gc,heap     ] GC(110) Eden regions: 146->0(146)
[2026-07-01T02:24:57.442+0000][81.144s][info][gc,heap     ] GC(110) Survivor regions: 10->9(20)
[2026-07-01T02:24:57.442+0000][81.144s][info][gc,heap     ] GC(110) Old regions: 171->172
[2026-07-01T02:24:57.442+0000][81.144s][info][gc,heap     ] GC(110) Humongous regions: 3->3
[2026-07-01T02:24:57.442+0000][81.144s][info][gc,metaspace] GC(110) Metaspace: 41716K(42496K)->41716K(42496K) NonClass: 36579K(36992K)->36579K(36992K) Class: 5137K(5504K)->5137K(5504K)
[2026-07-01T02:24:57.442+0000][81.144s][info][gc          ] GC(110) Pause Young (Prepare Mixed) (G1 Evacuation Pause) 329M->183M(348M) 23.815ms
[2026-07-01T02:24:57.442+0000][81.144s][info][gc,cpu      ] GC(110) User=0.04s Sys=0.00s Real=0.03s
[2026-07-01T02:24:58.110+0000][81.813s][info][gc,start    ] GC(111) Pause Young (Mixed) (G1 Evacuation Pause)
[2026-07-01T02:24:58.110+0000][81.813s][info][gc,task     ] GC(111) Using 2 workers of 2 for evacuation
[2026-07-01T02:24:58.136+0000][81.839s][info][gc,phases   ] GC(111)   Pre Evacuate Collection Set: 0.23ms
[2026-07-01T02:24:58.136+0000][81.839s][info][gc,phases   ] GC(111)   Merge Heap Roots: 0.38ms
[2026-07-01T02:24:58.136+0000][81.839s][info][gc,phases   ] GC(111)   Evacuate Collection Set: 25.01ms
[2026-07-01T02:24:58.136+0000][81.839s][info][gc,phases   ] GC(111)   Post Evacuate Collection Set: 0.59ms
[2026-07-01T02:24:58.136+0000][81.839s][info][gc,phases   ] GC(111)   Other: 0.06ms
[2026-07-01T02:24:58.136+0000][81.839s][info][gc,heap     ] GC(111) Eden regions: 146->0(146)
[2026-07-01T02:24:58.136+0000][81.839s][info][gc,heap     ] GC(111) Survivor regions: 9->9(20)
[2026-07-01T02:24:58.136+0000][81.839s][info][gc,heap     ] GC(111) Old regions: 172->172
[2026-07-01T02:24:58.136+0000][81.839s][info][gc,heap     ] GC(111) Humongous regions: 3->3
[2026-07-01T02:24:58.136+0000][81.839s][info][gc,metaspace] GC(111) Metaspace: 41716K(42496K)->41716K(42496K) NonClass: 36579K(36992K)->36579K(36992K) Class: 5137K(5504K)->5137K(5504K)
[2026-07-01T02:24:58.136+0000][81.839s][info][gc          ] GC(111) Pause Young (Mixed) (G1 Evacuation Pause) 329M->183M(348M) 26.441ms
[2026-07-01T02:24:58.136+0000][81.839s][info][gc,cpu      ] GC(111) User=0.05s Sys=0.00s Real=0.02s
[2026-07-01T02:24:59.087+0000][82.790s][info][gc,start    ] GC(112) Pause Young (Concurrent Start) (G1 Evacuation Pause)
[2026-07-01T02:24:59.087+0000][82.790s][info][gc,task     ] GC(112) Using 2 workers of 2 for evacuation
[2026-07-01T02:24:59.150+0000][82.852s][info][gc,phases   ] GC(112)   Pre Evacuate Collection Set: 0.18ms
[2026-07-01T02:24:59.150+0000][82.853s][info][gc,phases   ] GC(112)   Merge Heap Roots: 0.32ms
[2026-07-01T02:24:59.150+0000][82.853s][info][gc,phases   ] GC(112)   Evacuate Collection Set: 61.14ms
[2026-07-01T02:24:59.150+0000][82.853s][info][gc,phases   ] GC(112)   Post Evacuate Collection Set: 0.51ms
[2026-07-01T02:24:59.150+0000][82.853s][info][gc,phases   ] GC(112)   Other: 0.10ms
[2026-07-01T02:24:59.150+0000][82.853s][info][gc,heap     ] GC(112) Eden regions: 146->0(144)
[2026-07-01T02:24:59.150+0000][82.853s][info][gc,heap     ] GC(112) Survivor regions: 9->10(20)
[2026-07-01T02:24:59.150+0000][82.853s][info][gc,heap     ] GC(112) Old regions: 172->173
[2026-07-01T02:24:59.150+0000][82.853s][info][gc,heap     ] GC(112) Humongous regions: 3->3
[2026-07-01T02:24:59.150+0000][82.853s][info][gc,metaspace] GC(112) Metaspace: 41716K(42496K)->41716K(42496K) NonClass: 36579K(36992K)->36579K(36992K) Class: 5137K(5504K)->5137K(5504K)
[2026-07-01T02:24:59.150+0000][82.853s][info][gc          ] GC(112) Pause Young (Concurrent Start) (G1 Evacuation Pause) 329M->184M(348M) 62.489ms
[2026-07-01T02:24:59.150+0000][82.853s][info][gc          ] GC(113) Concurrent Mark Cycle
[2026-07-01T02:24:59.150+0000][82.853s][info][gc,cpu      ] GC(112) User=0.05s Sys=0.00s Real=0.07s
[2026-07-01T02:24:59.150+0000][82.853s][info][gc,marking  ] GC(113) Concurrent Scan Root Regions
[2026-07-01T02:24:59.183+0000][82.886s][info][gc,marking  ] GC(113) Concurrent Scan Root Regions 32.962ms
[2026-07-01T02:24:59.183+0000][82.886s][info][gc,marking  ] GC(113) Concurrent Mark
[2026-07-01T02:24:59.183+0000][82.886s][info][gc,marking  ] GC(113) Concurrent Mark From Roots
[2026-07-01T02:24:59.183+0000][82.886s][info][gc,task     ] GC(113) Using 1 workers of 1 for marking
[2026-07-01T02:24:59.574+0000][83.276s][info][gc,marking  ] GC(113) Concurrent Mark From Roots 390.613ms
[2026-07-01T02:24:59.574+0000][83.276s][info][gc,marking  ] GC(113) Concurrent Preclean
[2026-07-01T02:24:59.574+0000][83.276s][info][gc,marking  ] GC(113) Concurrent Preclean 0.097ms
[2026-07-01T02:24:59.574+0000][83.277s][info][gc,start    ] GC(113) Pause Remark
[2026-07-01T02:24:59.581+0000][83.284s][info][gc          ] GC(113) Pause Remark 228M->228M(348M) 7.189ms
[2026-07-01T02:24:59.581+0000][83.284s][info][gc,cpu      ] GC(113) User=0.01s Sys=0.00s Real=0.01s
[2026-07-01T02:24:59.584+0000][83.286s][info][gc,marking  ] GC(113) Concurrent Mark 400.745ms
[2026-07-01T02:24:59.584+0000][83.286s][info][gc,marking  ] GC(113) Concurrent Rebuild Remembered Sets and Scrub Regions
[2026-07-01T02:24:59.734+0000][83.437s][info][gc,marking  ] GC(113) Concurrent Rebuild Remembered Sets and Scrub Regions 150.057ms
[2026-07-01T02:24:59.734+0000][83.437s][info][gc,start    ] GC(113) Pause Cleanup
[2026-07-01T02:24:59.734+0000][83.437s][info][gc          ] GC(113) Pause Cleanup 245M->245M(348M) 0.164ms
[2026-07-01T02:24:59.734+0000][83.437s][info][gc,cpu      ] GC(113) User=0.00s Sys=0.00s Real=0.00s
[2026-07-01T02:24:59.734+0000][83.437s][info][gc,marking  ] GC(113) Concurrent Clear Claimed Marks
[2026-07-01T02:24:59.734+0000][83.437s][info][gc,marking  ] GC(113) Concurrent Clear Claimed Marks 0.091ms
[2026-07-01T02:24:59.734+0000][83.437s][info][gc,marking  ] GC(113) Concurrent Cleanup for Next Mark
[2026-07-01T02:24:59.735+0000][83.438s][info][gc,marking  ] GC(113) Concurrent Cleanup for Next Mark 0.843ms
[2026-07-01T02:24:59.735+0000][83.438s][info][gc          ] GC(113) Concurrent Mark Cycle 585.256ms
[2026-07-01T02:25:00.435+0000][84.138s][info][gc,start    ] GC(114) Pause Young (Prepare Mixed) (G1 Evacuation Pause)
[2026-07-01T02:25:00.435+0000][84.138s][info][gc,task     ] GC(114) Using 2 workers of 2 for evacuation
[2026-07-01T02:25:00.483+0000][84.186s][info][gc,phases   ] GC(114)   Pre Evacuate Collection Set: 0.20ms
[2026-07-01T02:25:00.483+0000][84.186s][info][gc,phases   ] GC(114)   Merge Heap Roots: 1.15ms
[2026-07-01T02:25:00.483+0000][84.186s][info][gc,phases   ] GC(114)   Evacuate Collection Set: 45.58ms
[2026-07-01T02:25:00.483+0000][84.186s][info][gc,phases   ] GC(114)   Post Evacuate Collection Set: 0.90ms
[2026-07-01T02:25:00.483+0000][84.186s][info][gc,phases   ] GC(114)   Other: 0.10ms
[2026-07-01T02:25:00.483+0000][84.186s][info][gc,heap     ] GC(114) Eden regions: 144->0(144)
[2026-07-01T02:25:00.483+0000][84.186s][info][gc,heap     ] GC(114) Survivor regions: 10->10(20)
[2026-07-01T02:25:00.483+0000][84.186s][info][gc,heap     ] GC(114) Old regions: 173->173
[2026-07-01T02:25:00.483+0000][84.186s][info][gc,heap     ] GC(114) Humongous regions: 3->3
[2026-07-01T02:25:00.483+0000][84.186s][info][gc,metaspace] GC(114) Metaspace: 41716K(42496K)->41716K(42496K) NonClass: 36579K(36992K)->36579K(36992K) Class: 5137K(5504K)->5137K(5504K)
[2026-07-01T02:25:00.483+0000][84.186s][info][gc          ] GC(114) Pause Young (Prepare Mixed) (G1 Evacuation Pause) 328M->185M(348M) 48.136ms
[2026-07-01T02:25:00.483+0000][84.186s][info][gc,cpu      ] GC(114) User=0.05s Sys=0.00s Real=0.05s
[2026-07-01T02:25:01.608+0000][85.311s][info][gc,start    ] GC(115) Pause Young (Mixed) (G1 Evacuation Pause)
[2026-07-01T02:25:01.608+0000][85.311s][info][gc,task     ] GC(115) Using 2 workers of 2 for evacuation
[2026-07-01T02:25:01.662+0000][85.365s][info][gc,phases   ] GC(115)   Pre Evacuate Collection Set: 0.27ms
[2026-07-01T02:25:01.662+0000][85.365s][info][gc,phases   ] GC(115)   Merge Heap Roots: 0.67ms
[2026-07-01T02:25:01.662+0000][85.365s][info][gc,phases   ] GC(115)   Evacuate Collection Set: 52.75ms
[2026-07-01T02:25:01.662+0000][85.365s][info][gc,phases   ] GC(115)   Post Evacuate Collection Set: 0.84ms
[2026-07-01T02:25:01.662+0000][85.365s][info][gc,phases   ] GC(115)   Other: 0.06ms
[2026-07-01T02:25:01.662+0000][85.365s][info][gc,heap     ] GC(115) Eden regions: 144->0(143)
[2026-07-01T02:25:01.662+0000][85.365s][info][gc,heap     ] GC(115) Survivor regions: 10->10(20)
[2026-07-01T02:25:01.662+0000][85.365s][info][gc,heap     ] GC(115) Old regions: 173->174
[2026-07-01T02:25:01.662+0000][85.365s][info][gc,heap     ] GC(115) Humongous regions: 3->3
[2026-07-01T02:25:01.663+0000][85.365s][info][gc,metaspace] GC(115) Metaspace: 41716K(42496K)->41716K(42496K) NonClass: 36579K(36992K)->36579K(36992K) Class: 5137K(5504K)->5137K(5504K)
[2026-07-01T02:25:01.663+0000][85.365s][info][gc          ] GC(115) Pause Young (Mixed) (G1 Evacuation Pause) 329M->185M(348M) 54.805ms
[2026-07-01T02:25:01.663+0000][85.365s][info][gc,cpu      ] GC(115) User=0.05s Sys=0.00s Real=0.06s
[2026-07-01T02:25:02.782+0000][86.484s][info][gc,start    ] GC(116) Pause Young (Concurrent Start) (G1 Evacuation Pause)
[2026-07-01T02:25:02.782+0000][86.484s][info][gc,task     ] GC(116) Using 2 workers of 2 for evacuation
[2026-07-01T02:25:02.827+0000][86.530s][info][gc,phases   ] GC(116)   Pre Evacuate Collection Set: 0.30ms
[2026-07-01T02:25:02.827+0000][86.530s][info][gc,phases   ] GC(116)   Merge Heap Roots: 0.73ms
[2026-07-01T02:25:02.827+0000][86.530s][info][gc,phases   ] GC(116)   Evacuate Collection Set: 42.79ms
[2026-07-01T02:25:02.827+0000][86.530s][info][gc,phases   ] GC(116)   Post Evacuate Collection Set: 1.29ms
[2026-07-01T02:25:02.827+0000][86.530s][info][gc,phases   ] GC(116)   Other: 0.13ms
[2026-07-01T02:25:02.827+0000][86.530s][info][gc,heap     ] GC(116) Eden regions: 143->0(260)
[2026-07-01T02:25:02.827+0000][86.530s][info][gc,heap     ] GC(116) Survivor regions: 10->9(20)
[2026-07-01T02:25:02.827+0000][86.530s][info][gc,heap     ] GC(116) Old regions: 174->174
[2026-07-01T02:25:02.827+0000][86.530s][info][gc,heap     ] GC(116) Humongous regions: 3->3
[2026-07-01T02:25:02.827+0000][86.530s][info][gc,metaspace] GC(116) Metaspace: 41718K(42496K)->41718K(42496K) NonClass: 36581K(36992K)->36581K(36992K) Class: 5137K(5504K)->5137K(5504K)
[2026-07-01T02:25:02.827+0000][86.530s][info][gc          ] GC(116) Pause Young (Concurrent Start) (G1 Evacuation Pause) 328M->185M(471M) 45.460ms
[2026-07-01T02:25:02.827+0000][86.530s][info][gc,cpu      ] GC(116) User=0.05s Sys=0.00s Real=0.04s
[2026-07-01T02:25:02.828+0000][86.531s][info][gc          ] GC(117) Concurrent Mark Cycle
[2026-07-01T02:25:02.828+0000][86.531s][info][gc,marking  ] GC(117) Concurrent Scan Root Regions
[2026-07-01T02:25:02.854+0000][86.557s][info][gc,marking  ] GC(117) Concurrent Scan Root Regions 25.816ms
[2026-07-01T02:25:02.854+0000][86.557s][info][gc,marking  ] GC(117) Concurrent Mark
[2026-07-01T02:25:02.854+0000][86.557s][info][gc,marking  ] GC(117) Concurrent Mark From Roots
[2026-07-01T02:25:02.854+0000][86.557s][info][gc,task     ] GC(117) Using 1 workers of 1 for marking
[2026-07-01T02:25:03.291+0000][86.994s][info][gc,marking  ] GC(117) Concurrent Mark From Roots 437.293ms
[2026-07-01T02:25:03.291+0000][86.994s][info][gc,marking  ] GC(117) Concurrent Preclean
[2026-07-01T02:25:03.291+0000][86.994s][info][gc,marking  ] GC(117) Concurrent Preclean 0.048ms
[2026-07-01T02:25:03.292+0000][86.995s][info][gc,start    ] GC(117) Pause Remark
[2026-07-01T02:25:03.299+0000][87.002s][info][gc,heap     ] GC(117) Heap shrink completed: uncommitted 99 regions (99MB), heap size now 372MB
[2026-07-01T02:25:03.299+0000][87.002s][info][gc          ] GC(117) Pause Remark 241M->241M(372M) 7.280ms
[2026-07-01T02:25:03.299+0000][87.002s][info][gc,cpu      ] GC(117) User=0.01s Sys=0.00s Real=0.01s
[2026-07-01T02:25:03.303+0000][87.006s][info][gc,marking  ] GC(117) Concurrent Mark 449.012ms
[2026-07-01T02:25:03.303+0000][87.006s][info][gc,marking  ] GC(117) Concurrent Rebuild Remembered Sets and Scrub Regions
[2026-07-01T02:25:03.435+0000][87.138s][info][gc,marking  ] GC(117) Concurrent Rebuild Remembered Sets and Scrub Regions 131.641ms
[2026-07-01T02:25:03.435+0000][87.138s][info][gc,start    ] GC(117) Pause Cleanup
[2026-07-01T02:25:03.435+0000][87.138s][info][gc          ] GC(117) Pause Cleanup 253M->253M(372M) 0.222ms
[2026-07-01T02:25:03.435+0000][87.138s][info][gc,cpu      ] GC(117) User=0.00s Sys=0.00s Real=0.00s
[2026-07-01T02:25:03.435+0000][87.138s][info][gc,marking  ] GC(117) Concurrent Clear Claimed Marks
[2026-07-01T02:25:03.435+0000][87.138s][info][gc,marking  ] GC(117) Concurrent Clear Claimed Marks 0.088ms
[2026-07-01T02:25:03.435+0000][87.138s][info][gc,marking  ] GC(117) Concurrent Cleanup for Next Mark
[2026-07-01T02:25:03.437+0000][87.140s][info][gc,marking  ] GC(117) Concurrent Cleanup for Next Mark 1.463ms
[2026-07-01T02:25:03.437+0000][87.140s][info][gc          ] GC(117) Concurrent Mark Cycle 608.714ms
[2026-07-01T02:25:04.256+0000][87.959s][info][gc,start    ] GC(118) Pause Young (Prepare Mixed) (G1 Evacuation Pause)
[2026-07-01T02:25:04.257+0000][87.959s][info][gc,task     ] GC(118) Using 2 workers of 2 for evacuation
[2026-07-01T02:25:04.277+0000][87.980s][info][gc,phases   ] GC(118)   Pre Evacuate Collection Set: 0.29ms
[2026-07-01T02:25:04.277+0000][87.980s][info][gc,phases   ] GC(118)   Merge Heap Roots: 1.11ms
[2026-07-01T02:25:04.277+0000][87.980s][info][gc,phases   ] GC(118)   Evacuate Collection Set: 18.73ms
[2026-07-01T02:25:04.277+0000][87.980s][info][gc,phases   ] GC(118)   Post Evacuate Collection Set: 0.52ms
[2026-07-01T02:25:04.277+0000][87.980s][info][gc,phases   ] GC(118)   Other: 0.06ms
[2026-07-01T02:25:04.277+0000][87.980s][info][gc,heap     ] GC(118) Eden regions: 186->0(175)
[2026-07-01T02:25:04.277+0000][87.980s][info][gc,heap     ] GC(118) Survivor regions: 9->9(28)
[2026-07-01T02:25:04.277+0000][87.980s][info][gc,heap     ] GC(118) Old regions: 174->175
[2026-07-01T02:25:04.277+0000][87.980s][info][gc,heap     ] GC(118) Humongous regions: 3->3
[2026-07-01T02:25:04.277+0000][87.980s][info][gc,metaspace] GC(118) Metaspace: 41718K(42496K)->41718K(42496K) NonClass: 36581K(36992K)->36581K(36992K) Class: 5137K(5504K)->5137K(5504K)
[2026-07-01T02:25:04.277+0000][87.980s][info][gc          ] GC(118) Pause Young (Prepare Mixed) (G1 Evacuation Pause) 371M->186M(382M) 20.889ms
[2026-07-01T02:25:04.277+0000][87.980s][info][gc,cpu      ] GC(118) User=0.04s Sys=0.01s Real=0.02s
[2026-07-01T02:25:05.120+0000][88.823s][info][gc,start    ] GC(119) Pause Young (Mixed) (G1 Evacuation Pause)
[2026-07-01T02:25:05.120+0000][88.823s][info][gc,task     ] GC(119) Using 2 workers of 2 for evacuation
[2026-07-01T02:25:05.138+0000][88.841s][info][gc,phases   ] GC(119)   Pre Evacuate Collection Set: 0.21ms
[2026-07-01T02:25:05.138+0000][88.841s][info][gc,phases   ] GC(119)   Merge Heap Roots: 0.39ms
[2026-07-01T02:25:05.138+0000][88.841s][info][gc,phases   ] GC(119)   Evacuate Collection Set: 16.89ms
[2026-07-01T02:25:05.138+0000][88.841s][info][gc,phases   ] GC(119)   Post Evacuate Collection Set: 0.42ms
[2026-07-01T02:25:05.138+0000][88.841s][info][gc,phases   ] GC(119)   Other: 0.06ms
[2026-07-01T02:25:05.138+0000][88.841s][info][gc,heap     ] GC(119) Eden regions: 175->0(174)
[2026-07-01T02:25:05.138+0000][88.841s][info][gc,heap     ] GC(119) Survivor regions: 9->10(23)
[2026-07-01T02:25:05.138+0000][88.841s][info][gc,heap     ] GC(119) Old regions: 175->175
[2026-07-01T02:25:05.138+0000][88.841s][info][gc,heap     ] GC(119) Humongous regions: 3->3
[2026-07-01T02:25:05.138+0000][88.841s][info][gc,metaspace] GC(119) Metaspace: 41720K(42560K)->41720K(42560K) NonClass: 36582K(37056K)->36582K(37056K) Class: 5137K(5504K)->5137K(5504K)
[2026-07-01T02:25:05.138+0000][88.841s][info][gc          ] GC(119) Pause Young (Mixed) (G1 Evacuation Pause) 361M->187M(382M) 18.145ms
[2026-07-01T02:25:05.138+0000][88.841s][info][gc,cpu      ] GC(119) User=0.03s Sys=0.00s Real=0.01s
[2026-07-01T02:25:05.958+0000][89.661s][info][gc,start    ] GC(120) Pause Young (Concurrent Start) (G1 Evacuation Pause)
[2026-07-01T02:25:05.958+0000][89.661s][info][gc,task     ] GC(120) Using 2 workers of 2 for evacuation
[2026-07-01T02:25:05.975+0000][89.678s][info][gc,phases   ] GC(120)   Pre Evacuate Collection Set: 0.18ms
[2026-07-01T02:25:05.976+0000][89.678s][info][gc,phases   ] GC(120)   Merge Heap Roots: 0.32ms
[2026-07-01T02:25:05.976+0000][89.678s][info][gc,phases   ] GC(120)   Evacuate Collection Set: 16.14ms
[2026-07-01T02:25:05.976+0000][89.678s][info][gc,phases   ] GC(120)   Post Evacuate Collection Set: 0.49ms
[2026-07-01T02:25:05.976+0000][89.678s][info][gc,phases   ] GC(120)   Other: 0.07ms
[2026-07-01T02:25:05.976+0000][89.678s][info][gc,heap     ] GC(120) Eden regions: 174->0(173)
[2026-07-01T02:25:05.976+0000][89.678s][info][gc,heap     ] GC(120) Survivor regions: 10->10(23)
[2026-07-01T02:25:05.976+0000][89.678s][info][gc,heap     ] GC(120) Old regions: 175->176
[2026-07-01T02:25:05.976+0000][89.678s][info][gc,heap     ] GC(120) Humongous regions: 3->3
[2026-07-01T02:25:05.976+0000][89.678s][info][gc,metaspace] GC(120) Metaspace: 41723K(42560K)->41723K(42560K) NonClass: 36586K(37056K)->36586K(37056K) Class: 5137K(5504K)->5137K(5504K)
[2026-07-01T02:25:05.976+0000][89.678s][info][gc          ] GC(120) Pause Young (Concurrent Start) (G1 Evacuation Pause) 361M->187M(382M) 17.350ms
[2026-07-01T02:25:05.976+0000][89.678s][info][gc          ] GC(121) Concurrent Mark Cycle
[2026-07-01T02:25:05.976+0000][89.678s][info][gc,marking  ] GC(121) Concurrent Scan Root Regions
[2026-07-01T02:25:05.976+0000][89.678s][info][gc,cpu      ] GC(120) User=0.03s Sys=0.00s Real=0.01s
[2026-07-01T02:25:05.995+0000][89.698s][info][gc,marking  ] GC(121) Concurrent Scan Root Regions 19.072ms
[2026-07-01T02:25:05.995+0000][89.698s][info][gc,marking  ] GC(121) Concurrent Mark
[2026-07-01T02:25:05.995+0000][89.698s][info][gc,marking  ] GC(121) Concurrent Mark From Roots
[2026-07-01T02:25:05.995+0000][89.698s][info][gc,task     ] GC(121) Using 1 workers of 1 for marking
[2026-07-01T02:25:06.630+0000][90.333s][info][gc,marking  ] GC(121) Concurrent Mark From Roots 635.468ms
[2026-07-01T02:25:06.630+0000][90.333s][info][gc,marking  ] GC(121) Concurrent Preclean
[2026-07-01T02:25:06.630+0000][90.333s][info][gc,marking  ] GC(121) Concurrent Preclean 0.095ms
[2026-07-01T02:25:06.631+0000][90.334s][info][gc,start    ] GC(121) Pause Remark
[2026-07-01T02:25:06.637+0000][90.340s][info][gc,heap     ] GC(121) Heap shrink completed: uncommitted 4 regions (4MB), heap size now 378MB
[2026-07-01T02:25:06.637+0000][90.340s][info][gc          ] GC(121) Pause Remark 302M->302M(378M) 6.531ms
[2026-07-01T02:25:06.637+0000][90.340s][info][gc,cpu      ] GC(121) User=0.01s Sys=0.00s Real=0.00s
[2026-07-01T02:25:06.640+0000][90.343s][info][gc,marking  ] GC(121) Concurrent Mark 644.990ms
[2026-07-01T02:25:06.640+0000][90.343s][info][gc,marking  ] GC(121) Concurrent Rebuild Remembered Sets and Scrub Regions
[2026-07-01T02:25:06.821+0000][90.524s][info][gc,marking  ] GC(121) Concurrent Rebuild Remembered Sets and Scrub Regions 181.296ms
[2026-07-01T02:25:06.821+0000][90.524s][info][gc,start    ] GC(121) Pause Cleanup
[2026-07-01T02:25:06.822+0000][90.524s][info][gc          ] GC(121) Pause Cleanup 333M->333M(378M) 0.255ms
[2026-07-01T02:25:06.822+0000][90.524s][info][gc,cpu      ] GC(121) User=0.00s Sys=0.00s Real=0.00s
[2026-07-01T02:25:06.823+0000][90.525s][info][gc,marking  ] GC(121) Concurrent Clear Claimed Marks
[2026-07-01T02:25:06.823+0000][90.526s][info][gc,marking  ] GC(121) Concurrent Clear Claimed Marks 0.103ms
[2026-07-01T02:25:06.823+0000][90.526s][info][gc,marking  ] GC(121) Concurrent Cleanup for Next Mark
[2026-07-01T02:25:06.824+0000][90.527s][info][gc,marking  ] GC(121) Concurrent Cleanup for Next Mark 1.662ms
[2026-07-01T02:25:06.824+0000][90.527s][info][gc          ] GC(121) Concurrent Mark Cycle 848.818ms
[2026-07-01T02:25:06.952+0000][90.655s][info][gc,start    ] GC(122) Pause Young (Prepare Mixed) (G1 Evacuation Pause)
[2026-07-01T02:25:06.952+0000][90.655s][info][gc,task     ] GC(122) Using 2 workers of 2 for evacuation
[2026-07-01T02:25:06.972+0000][90.675s][info][gc,phases   ] GC(122)   Pre Evacuate Collection Set: 0.19ms
[2026-07-01T02:25:06.972+0000][90.675s][info][gc,phases   ] GC(122)   Merge Heap Roots: 0.49ms
[2026-07-01T02:25:06.972+0000][90.675s][info][gc,phases   ] GC(122)   Evacuate Collection Set: 19.06ms
[2026-07-01T02:25:06.972+0000][90.675s][info][gc,phases   ] GC(122)   Post Evacuate Collection Set: 0.55ms
[2026-07-01T02:25:06.972+0000][90.675s][info][gc,phases   ] GC(122)   Other: 0.06ms
[2026-07-01T02:25:06.972+0000][90.675s][info][gc,heap     ] GC(122) Eden regions: 173->0(168)
[2026-07-01T02:25:06.972+0000][90.675s][info][gc,heap     ] GC(122) Survivor regions: 10->10(23)
[2026-07-01T02:25:06.972+0000][90.675s][info][gc,heap     ] GC(122) Old regions: 176->177
[2026-07-01T02:25:06.972+0000][90.675s][info][gc,heap     ] GC(122) Humongous regions: 3->3
[2026-07-01T02:25:06.972+0000][90.675s][info][gc,metaspace] GC(122) Metaspace: 41728K(42560K)->41728K(42560K) NonClass: 36591K(37056K)->36591K(37056K) Class: 5137K(5504K)->5137K(5504K)
[2026-07-01T02:25:06.972+0000][90.675s][info][gc          ] GC(122) Pause Young (Prepare Mixed) (G1 Evacuation Pause) 360M->188M(378M) 20.537ms
[2026-07-01T02:25:06.973+0000][90.675s][info][gc,cpu      ] GC(122) User=0.04s Sys=0.01s Real=0.02s
[2026-07-01T02:25:07.771+0000][91.473s][info][gc,start    ] GC(123) Pause Young (Mixed) (G1 Evacuation Pause)
[2026-07-01T02:25:07.771+0000][91.474s][info][gc,task     ] GC(123) Using 2 workers of 2 for evacuation
[2026-07-01T02:25:07.795+0000][91.498s][info][gc,phases   ] GC(123)   Pre Evacuate Collection Set: 0.30ms
[2026-07-01T02:25:07.795+0000][91.498s][info][gc,phases   ] GC(123)   Merge Heap Roots: 0.40ms
[2026-07-01T02:25:07.795+0000][91.498s][info][gc,phases   ] GC(123)   Evacuate Collection Set: 23.02ms
[2026-07-01T02:25:07.795+0000][91.498s][info][gc,phases   ] GC(123)   Post Evacuate Collection Set: 0.43ms
[2026-07-01T02:25:07.795+0000][91.498s][info][gc,phases   ] GC(123)   Other: 0.06ms
[2026-07-01T02:25:07.795+0000][91.498s][info][gc,heap     ] GC(123) Eden regions: 168->0(168)
[2026-07-01T02:25:07.795+0000][91.498s][info][gc,heap     ] GC(123) Survivor regions: 10->10(23)
[2026-07-01T02:25:07.795+0000][91.498s][info][gc,heap     ] GC(123) Old regions: 177->177
[2026-07-01T02:25:07.795+0000][91.498s][info][gc,heap     ] GC(123) Humongous regions: 3->3
[2026-07-01T02:25:07.795+0000][91.498s][info][gc,metaspace] GC(123) Metaspace: 41728K(42560K)->41728K(42560K) NonClass: 36591K(37056K)->36591K(37056K) Class: 5137K(5504K)->5137K(5504K)
[2026-07-01T02:25:07.795+0000][91.498s][info][gc          ] GC(123) Pause Young (Mixed) (G1 Evacuation Pause) 356M->188M(378M) 24.420ms
[2026-07-01T02:25:07.795+0000][91.498s][info][gc,cpu      ] GC(123) User=0.05s Sys=0.00s Real=0.02s
[2026-07-01T02:25:08.580+0000][92.283s][info][gc,start    ] GC(124) Pause Young (Concurrent Start) (G1 Evacuation Pause)
[2026-07-01T02:25:08.580+0000][92.283s][info][gc,task     ] GC(124) Using 2 workers of 2 for evacuation
[2026-07-01T02:25:08.599+0000][92.302s][info][gc,phases   ] GC(124)   Pre Evacuate Collection Set: 0.23ms
[2026-07-01T02:25:08.599+0000][92.302s][info][gc,phases   ] GC(124)   Merge Heap Roots: 0.31ms
[2026-07-01T02:25:08.599+0000][92.302s][info][gc,phases   ] GC(124)   Evacuate Collection Set: 17.71ms
[2026-07-01T02:25:08.599+0000][92.302s][info][gc,phases   ] GC(124)   Post Evacuate Collection Set: 0.47ms
[2026-07-01T02:25:08.599+0000][92.302s][info][gc,phases   ] GC(124)   Other: 0.10ms
[2026-07-01T02:25:08.599+0000][92.302s][info][gc,heap     ] GC(124) Eden regions: 168->0(168)
[2026-07-01T02:25:08.599+0000][92.302s][info][gc,heap     ] GC(124) Survivor regions: 10->10(23)
[2026-07-01T02:25:08.599+0000][92.302s][info][gc,heap     ] GC(124) Old regions: 177->177
[2026-07-01T02:25:08.599+0000][92.302s][info][gc,heap     ] GC(124) Humongous regions: 3->3
[2026-07-01T02:25:08.599+0000][92.302s][info][gc,metaspace] GC(124) Metaspace: 41728K(42560K)->41728K(42560K) NonClass: 36591K(37056K)->36591K(37056K) Class: 5137K(5504K)->5137K(5504K)
[2026-07-01T02:25:08.599+0000][92.302s][info][gc          ] GC(124) Pause Young (Concurrent Start) (G1 Evacuation Pause) 356M->189M(378M) 19.009ms
[2026-07-01T02:25:08.599+0000][92.302s][info][gc          ] GC(125) Concurrent Mark Cycle
[2026-07-01T02:25:08.599+0000][92.302s][info][gc,marking  ] GC(125) Concurrent Scan Root Regions
[2026-07-01T02:25:08.599+0000][92.302s][info][gc,cpu      ] GC(124) User=0.04s Sys=0.01s Real=0.02s
[2026-07-01T02:25:08.627+0000][92.330s][info][gc,marking  ] GC(125) Concurrent Scan Root Regions 27.851ms
[2026-07-01T02:25:08.627+0000][92.330s][info][gc,marking  ] GC(125) Concurrent Mark
[2026-07-01T02:25:08.627+0000][92.330s][info][gc,marking  ] GC(125) Concurrent Mark From Roots
[2026-07-01T02:25:08.627+0000][92.330s][info][gc,task     ] GC(125) Using 1 workers of 1 for marking
[2026-07-01T02:25:09.247+0000][92.950s][info][gc,marking  ] GC(125) Concurrent Mark From Roots 620.316ms
[2026-07-01T02:25:09.248+0000][92.950s][info][gc,marking  ] GC(125) Concurrent Preclean
[2026-07-01T02:25:09.248+0000][92.950s][info][gc,marking  ] GC(125) Concurrent Preclean 0.117ms
[2026-07-01T02:25:09.248+0000][92.951s][info][gc,start    ] GC(125) Pause Remark
[2026-07-01T02:25:09.253+0000][92.956s][info][gc          ] GC(125) Pause Remark 300M->300M(378M) 5.210ms
[2026-07-01T02:25:09.253+0000][92.956s][info][gc,cpu      ] GC(125) User=0.01s Sys=0.00s Real=0.01s
[2026-07-01T02:25:09.259+0000][92.961s][info][gc,marking  ] GC(125) Concurrent Mark 631.443ms
[2026-07-01T02:25:09.259+0000][92.961s][info][gc,marking  ] GC(125) Concurrent Rebuild Remembered Sets and Scrub Regions
[2026-07-01T02:25:09.520+0000][93.223s][info][gc,marking  ] GC(125) Concurrent Rebuild Remembered Sets and Scrub Regions 261.587ms
[2026-07-01T02:25:09.520+0000][93.223s][info][gc,start    ] GC(125) Pause Cleanup
[2026-07-01T02:25:09.520+0000][93.223s][info][gc          ] GC(125) Pause Cleanup 348M->348M(378M) 0.163ms
[2026-07-01T02:25:09.520+0000][93.223s][info][gc,cpu      ] GC(125) User=0.00s Sys=0.00s Real=0.00s
[2026-07-01T02:25:09.521+0000][93.224s][info][gc,marking  ] GC(125) Concurrent Clear Claimed Marks
[2026-07-01T02:25:09.522+0000][93.224s][info][gc,marking  ] GC(125) Concurrent Clear Claimed Marks 0.120ms
[2026-07-01T02:25:09.522+0000][93.224s][info][gc,marking  ] GC(125) Concurrent Cleanup for Next Mark
[2026-07-01T02:25:09.524+0000][93.227s][info][gc,marking  ] GC(125) Concurrent Cleanup for Next Mark 2.465ms
[2026-07-01T02:25:09.524+0000][93.227s][info][gc          ] GC(125) Concurrent Mark Cycle 924.807ms
[2026-07-01T02:25:09.561+0000][93.264s][info][gc,start    ] GC(126) Pause Young (Prepare Mixed) (G1 Evacuation Pause)
[2026-07-01T02:25:09.561+0000][93.264s][info][gc,task     ] GC(126) Using 2 workers of 2 for evacuation
[2026-07-01T02:25:09.580+0000][93.283s][info][gc,phases   ] GC(126)   Pre Evacuate Collection Set: 0.19ms
[2026-07-01T02:25:09.580+0000][93.283s][info][gc,phases   ] GC(126)   Merge Heap Roots: 0.65ms
[2026-07-01T02:25:09.580+0000][93.283s][info][gc,phases   ] GC(126)   Evacuate Collection Set: 17.14ms
[2026-07-01T02:25:09.580+0000][93.283s][info][gc,phases   ] GC(126)   Post Evacuate Collection Set: 0.53ms
[2026-07-01T02:25:09.580+0000][93.283s][info][gc,phases   ] GC(126)   Other: 0.06ms
[2026-07-01T02:25:09.580+0000][93.283s][info][gc,heap     ] GC(126) Eden regions: 168->0(167)
[2026-07-01T02:25:09.580+0000][93.283s][info][gc,heap     ] GC(126) Survivor regions: 10->10(23)
[2026-07-01T02:25:09.580+0000][93.283s][info][gc,heap     ] GC(126) Old regions: 177->178
[2026-07-01T02:25:09.580+0000][93.283s][info][gc,heap     ] GC(126) Humongous regions: 3->3
[2026-07-01T02:25:09.580+0000][93.283s][info][gc,metaspace] GC(126) Metaspace: 41728K(42560K)->41728K(42560K) NonClass: 36591K(37056K)->36591K(37056K) Class: 5137K(5504K)->5137K(5504K)
[2026-07-01T02:25:09.580+0000][93.283s][info][gc          ] GC(126) Pause Young (Prepare Mixed) (G1 Evacuation Pause) 357M->189M(378M) 18.765ms
[2026-07-01T02:25:09.580+0000][93.283s][info][gc,cpu      ] GC(126) User=0.03s Sys=0.00s Real=0.02s
[2026-07-01T02:25:10.369+0000][94.072s][info][gc,start    ] GC(127) Pause Young (Mixed) (G1 Evacuation Pause)
[2026-07-01T02:25:10.369+0000][94.072s][info][gc,task     ] GC(127) Using 2 workers of 2 for evacuation
[2026-07-01T02:25:10.394+0000][94.097s][info][gc,phases   ] GC(127)   Pre Evacuate Collection Set: 0.25ms
[2026-07-01T02:25:10.394+0000][94.097s][info][gc,phases   ] GC(127)   Merge Heap Roots: 0.79ms
[2026-07-01T02:25:10.394+0000][94.097s][info][gc,phases   ] GC(127)   Evacuate Collection Set: 23.47ms
[2026-07-01T02:25:10.394+0000][94.097s][info][gc,phases   ] GC(127)   Post Evacuate Collection Set: 0.45ms
[2026-07-01T02:25:10.394+0000][94.097s][info][gc,phases   ] GC(127)   Other: 0.06ms
[2026-07-01T02:25:10.394+0000][94.097s][info][gc,heap     ] GC(127) Eden regions: 167->0(167)
[2026-07-01T02:25:10.394+0000][94.097s][info][gc,heap     ] GC(127) Survivor regions: 10->10(23)
[2026-07-01T02:25:10.394+0000][94.097s][info][gc,heap     ] GC(127) Old regions: 178->178
[2026-07-01T02:25:10.394+0000][94.097s][info][gc,heap     ] GC(127) Humongous regions: 3->3
[2026-07-01T02:25:10.394+0000][94.097s][info][gc,metaspace] GC(127) Metaspace: 41732K(42560K)->41732K(42560K) NonClass: 36594K(37056K)->36594K(37056K) Class: 5137K(5504K)->5137K(5504K)
[2026-07-01T02:25:10.394+0000][94.097s][info][gc          ] GC(127) Pause Young (Mixed) (G1 Evacuation Pause) 356M->190M(378M) 25.193ms
[2026-07-01T02:25:10.394+0000][94.097s][info][gc,cpu      ] GC(127) User=0.04s Sys=0.00s Real=0.02s
