[2026-07-01T01:34:54.725+0000][0.007s][info][gc,init] CardTable entry size: 512
[2026-07-01T01:34:54.726+0000][0.007s][info][gc     ] Using G1
[2026-07-01T01:34:54.726+0000][0.008s][info][gc,init] Version: 21.0.11+10-LTS (release)
[2026-07-01T01:34:54.726+0000][0.008s][info][gc,init] CPUs: 4 total, 1 available
[2026-07-01T01:34:54.726+0000][0.008s][info][gc,init] Memory: 1024M
[2026-07-01T01:34:54.726+0000][0.008s][info][gc,init] Large Page Support: Disabled
[2026-07-01T01:34:54.726+0000][0.008s][info][gc,init] NUMA Support: Disabled
[2026-07-01T01:34:54.726+0000][0.008s][info][gc,init] Compressed Oops: Enabled (32-bit)
[2026-07-01T01:34:54.726+0000][0.008s][info][gc,init] Heap Region Size: 1M
[2026-07-01T01:34:54.726+0000][0.008s][info][gc,init] Heap Min Capacity: 8M
[2026-07-01T01:34:54.726+0000][0.008s][info][gc,init] Heap Initial Capacity: 16M
[2026-07-01T01:34:54.726+0000][0.008s][info][gc,init] Heap Max Capacity: 732M
[2026-07-01T01:34:54.726+0000][0.008s][info][gc,init] Pre-touch: Disabled
[2026-07-01T01:34:54.726+0000][0.008s][info][gc,init] Parallel Workers: 1
[2026-07-01T01:34:54.726+0000][0.008s][info][gc,init] Concurrent Workers: 1
[2026-07-01T01:34:54.726+0000][0.008s][info][gc,init] Concurrent Refinement Workers: 1
[2026-07-01T01:34:54.726+0000][0.008s][info][gc,init] Periodic GC: Enabled
[2026-07-01T01:34:54.726+0000][0.008s][info][gc,init] Periodic GC Interval: 10000ms
[2026-07-01T01:34:54.726+0000][0.008s][info][gc,init] G1 Time-Based Heap Sizing enabled (uncommit-only)
[2026-07-01T01:34:54.726+0000][0.008s][info][gc,init]   evaluation_interval=60000ms, uncommit_delay=300000ms, min_regions_to_uncommit=10
[2026-07-01T01:34:54.732+0000][0.014s][info][gc,metaspace] CDS archive(s) mapped at: [0x00007da8e7000000-0x00007da8e7c9b000-0x00007da8e7c9b000), size 13217792, SharedBaseAddress: 0x00007da8e7000000, ArchiveRelocationMode: 1.
[2026-07-01T01:34:54.732+0000][0.014s][info][gc,metaspace] Compressed class space mapped at: 0x00007da8e8000000-0x00007da928000000, reserved size: 1073741824
[2026-07-01T01:34:54.732+0000][0.014s][info][gc,metaspace] Narrow klass base: 0x00007da8e7000000, Narrow klass shift: 0, Narrow klass range: 0x100000000
[2026-07-01T01:34:55.250+0000][0.531s][info][gc,start    ] GC(0) Pause Young (Normal) (G1 Evacuation Pause)
[2026-07-01T01:34:55.250+0000][0.531s][info][gc,task     ] GC(0) Using 1 workers of 1 for evacuation
[2026-07-01T01:34:55.252+0000][0.534s][info][gc,phases   ] GC(0)   Pre Evacuate Collection Set: 0.04ms
[2026-07-01T01:34:55.252+0000][0.534s][info][gc,phases   ] GC(0)   Merge Heap Roots: 0.04ms
[2026-07-01T01:34:55.252+0000][0.534s][info][gc,phases   ] GC(0)   Evacuate Collection Set: 2.09ms
[2026-07-01T01:34:55.252+0000][0.534s][info][gc,phases   ] GC(0)   Post Evacuate Collection Set: 0.15ms
[2026-07-01T01:34:55.252+0000][0.534s][info][gc,phases   ] GC(0)   Other: 0.06ms
[2026-07-01T01:34:55.252+0000][0.534s][info][gc,heap     ] GC(0) Eden regions: 2->0(2)
[2026-07-01T01:34:55.252+0000][0.534s][info][gc,heap     ] GC(0) Survivor regions: 0->1(1)
[2026-07-01T01:34:55.252+0000][0.534s][info][gc,heap     ] GC(0) Old regions: 2->2
[2026-07-01T01:34:55.252+0000][0.534s][info][gc,heap     ] GC(0) Humongous regions: 0->0
[2026-07-01T01:34:55.252+0000][0.534s][info][gc,metaspace] GC(0) Metaspace: 856K(1024K)->856K(1024K) NonClass: 759K(832K)->759K(832K) Class: 96K(192K)->96K(192K)
[2026-07-01T01:34:55.252+0000][0.534s][info][gc          ] GC(0) Pause Young (Normal) (G1 Evacuation Pause) 3M->1M(18M) 2.573ms
[2026-07-01T01:34:55.252+0000][0.534s][info][gc,cpu      ] GC(0) User=0.01s Sys=0.00s Real=0.00s
[2026-07-01T01:34:55.639+0000][0.920s][info][gc,start    ] GC(1) Pause Young (Normal) (G1 Evacuation Pause)
[2026-07-01T01:34:55.639+0000][0.920s][info][gc,task     ] GC(1) Using 1 workers of 1 for evacuation
[2026-07-01T01:34:55.641+0000][0.923s][info][gc,phases   ] GC(1)   Pre Evacuate Collection Set: 0.04ms
[2026-07-01T01:34:55.641+0000][0.923s][info][gc,phases   ] GC(1)   Merge Heap Roots: 0.02ms
[2026-07-01T01:34:55.641+0000][0.923s][info][gc,phases   ] GC(1)   Evacuate Collection Set: 2.24ms
[2026-07-01T01:34:55.641+0000][0.923s][info][gc,phases   ] GC(1)   Post Evacuate Collection Set: 0.17ms
[2026-07-01T01:34:55.641+0000][0.923s][info][gc,phases   ] GC(1)   Other: 0.07ms
[2026-07-01T01:34:55.641+0000][0.923s][info][gc,heap     ] GC(1) Eden regions: 3->0(8)
[2026-07-01T01:34:55.641+0000][0.923s][info][gc,heap     ] GC(1) Survivor regions: 1->1(1)
[2026-07-01T01:34:55.641+0000][0.923s][info][gc,heap     ] GC(1) Old regions: 2->2
[2026-07-01T01:34:55.641+0000][0.923s][info][gc,heap     ] GC(1) Humongous regions: 0->0
[2026-07-01T01:34:55.641+0000][0.923s][info][gc,metaspace] GC(1) Metaspace: 1647K(1920K)->1647K(1920K) NonClass: 1462K(1600K)->1462K(1600K) Class: 184K(320K)->184K(320K)
[2026-07-01T01:34:55.641+0000][0.923s][info][gc          ] GC(1) Pause Young (Normal) (G1 Evacuation Pause) 4M->1M(18M) 2.658ms
[2026-07-01T01:34:55.641+0000][0.923s][info][gc,cpu      ] GC(1) User=0.00s Sys=0.00s Real=0.00s
[2026-07-01T01:34:56.155+0000][1.437s][info][gc,start    ] GC(2) Pause Young (Normal) (G1 Evacuation Pause)
[2026-07-01T01:34:56.155+0000][1.437s][info][gc,task     ] GC(2) Using 1 workers of 1 for evacuation
[2026-07-01T01:34:56.235+0000][1.517s][info][gc,phases   ] GC(2)   Pre Evacuate Collection Set: 0.10ms
[2026-07-01T01:34:56.235+0000][1.517s][info][gc,phases   ] GC(2)   Merge Heap Roots: 0.04ms
[2026-07-01T01:34:56.235+0000][1.517s][info][gc,phases   ] GC(2)   Evacuate Collection Set: 3.36ms
[2026-07-01T01:34:56.235+0000][1.517s][info][gc,phases   ] GC(2)   Post Evacuate Collection Set: 76.24ms
[2026-07-01T01:34:56.235+0000][1.517s][info][gc,phases   ] GC(2)   Other: 0.07ms
[2026-07-01T01:34:56.235+0000][1.517s][info][gc,heap     ] GC(2) Eden regions: 8->0(7)
[2026-07-01T01:34:56.235+0000][1.517s][info][gc,heap     ] GC(2) Survivor regions: 1->2(2)
[2026-07-01T01:34:56.235+0000][1.517s][info][gc,heap     ] GC(2) Old regions: 2->2
[2026-07-01T01:34:56.235+0000][1.517s][info][gc,heap     ] GC(2) Humongous regions: 0->0
[2026-07-01T01:34:56.235+0000][1.517s][info][gc,metaspace] GC(2) Metaspace: 2768K(3008K)->2768K(3008K) NonClass: 2486K(2624K)->2486K(2624K) Class: 281K(384K)->281K(384K)
[2026-07-01T01:34:56.235+0000][1.517s][info][gc          ] GC(2) Pause Young (Normal) (G1 Evacuation Pause) 9M->2M(18M) 80.003ms
[2026-07-01T01:34:56.235+0000][1.517s][info][gc,cpu      ] GC(2) User=0.00s Sys=0.00s Real=0.08s
[2026-07-01T01:34:56.537+0000][1.819s][info][gc,start    ] GC(3) Pause Young (Normal) (G1 Evacuation Pause)
[2026-07-01T01:34:56.537+0000][1.819s][info][gc,task     ] GC(3) Using 1 workers of 1 for evacuation
[2026-07-01T01:34:56.541+0000][1.823s][info][gc,phases   ] GC(3)   Pre Evacuate Collection Set: 0.07ms
[2026-07-01T01:34:56.541+0000][1.823s][info][gc,phases   ] GC(3)   Merge Heap Roots: 0.03ms
[2026-07-01T01:34:56.541+0000][1.823s][info][gc,phases   ] GC(3)   Evacuate Collection Set: 2.82ms
[2026-07-01T01:34:56.541+0000][1.823s][info][gc,phases   ] GC(3)   Post Evacuate Collection Set: 0.30ms
[2026-07-01T01:34:56.541+0000][1.823s][info][gc,phases   ] GC(3)   Other: 0.05ms
[2026-07-01T01:34:56.541+0000][1.823s][info][gc,heap     ] GC(3) Eden regions: 7->0(7)
[2026-07-01T01:34:56.541+0000][1.823s][info][gc,heap     ] GC(3) Survivor regions: 2->2(2)
[2026-07-01T01:34:56.541+0000][1.823s][info][gc,heap     ] GC(3) Old regions: 2->3
[2026-07-01T01:34:56.541+0000][1.823s][info][gc,heap     ] GC(3) Humongous regions: 0->0
[2026-07-01T01:34:56.541+0000][1.823s][info][gc,metaspace] GC(3) Metaspace: 4240K(4480K)->4240K(4480K) NonClass: 3774K(3904K)->3774K(3904K) Class: 465K(576K)->465K(576K)
[2026-07-01T01:34:56.541+0000][1.823s][info][gc          ] GC(3) Pause Young (Normal) (G1 Evacuation Pause) 9M->2M(18M) 3.371ms
[2026-07-01T01:34:56.541+0000][1.823s][info][gc,cpu      ] GC(3) User=0.01s Sys=0.00s Real=0.01s
[2026-07-01T01:34:56.735+0000][2.017s][info][gc,start    ] GC(4) Pause Young (Normal) (G1 Evacuation Pause)
[2026-07-01T01:34:56.735+0000][2.017s][info][gc,task     ] GC(4) Using 1 workers of 1 for evacuation
[2026-07-01T01:34:56.738+0000][2.020s][info][gc,phases   ] GC(4)   Pre Evacuate Collection Set: 0.06ms
[2026-07-01T01:34:56.738+0000][2.020s][info][gc,phases   ] GC(4)   Merge Heap Roots: 0.04ms
[2026-07-01T01:34:56.738+0000][2.020s][info][gc,phases   ] GC(4)   Evacuate Collection Set: 2.56ms
[2026-07-01T01:34:56.738+0000][2.020s][info][gc,phases   ] GC(4)   Post Evacuate Collection Set: 0.31ms
[2026-07-01T01:34:56.738+0000][2.020s][info][gc,phases   ] GC(4)   Other: 0.06ms
[2026-07-01T01:34:56.738+0000][2.020s][info][gc,heap     ] GC(4) Eden regions: 7->0(7)
[2026-07-01T01:34:56.738+0000][2.020s][info][gc,heap     ] GC(4) Survivor regions: 2->2(2)
[2026-07-01T01:34:56.738+0000][2.020s][info][gc,heap     ] GC(4) Old regions: 3->3
[2026-07-01T01:34:56.738+0000][2.020s][info][gc,heap     ] GC(4) Humongous regions: 0->0
[2026-07-01T01:34:56.738+0000][2.020s][info][gc,metaspace] GC(4) Metaspace: 5825K(6144K)->5825K(6144K) NonClass: 5150K(5312K)->5150K(5312K) Class: 674K(832K)->674K(832K)
[2026-07-01T01:34:56.738+0000][2.020s][info][gc          ] GC(4) Pause Young (Normal) (G1 Evacuation Pause) 9M->3M(18M) 3.143ms
[2026-07-01T01:34:56.738+0000][2.020s][info][gc,cpu      ] GC(4) User=0.00s Sys=0.00s Real=0.01s
[2026-07-01T01:34:56.874+0000][2.156s][info][gc,start    ] GC(5) Pause Young (Normal) (G1 Evacuation Pause)
[2026-07-01T01:34:56.875+0000][2.156s][info][gc,task     ] GC(5) Using 1 workers of 1 for evacuation
[2026-07-01T01:34:56.935+0000][2.217s][info][gc,phases   ] GC(5)   Pre Evacuate Collection Set: 0.09ms
[2026-07-01T01:34:56.935+0000][2.217s][info][gc,phases   ] GC(5)   Merge Heap Roots: 0.03ms
[2026-07-01T01:34:56.935+0000][2.217s][info][gc,phases   ] GC(5)   Evacuate Collection Set: 60.14ms
[2026-07-01T01:34:56.935+0000][2.217s][info][gc,phases   ] GC(5)   Post Evacuate Collection Set: 0.39ms
[2026-07-01T01:34:56.935+0000][2.217s][info][gc,phases   ] GC(5)   Other: 0.07ms
[2026-07-01T01:34:56.935+0000][2.217s][info][gc,heap     ] GC(5) Eden regions: 7->0(7)
[2026-07-01T01:34:56.935+0000][2.217s][info][gc,heap     ] GC(5) Survivor regions: 2->2(2)
[2026-07-01T01:34:56.935+0000][2.217s][info][gc,heap     ] GC(5) Old regions: 3->4
[2026-07-01T01:34:56.935+0000][2.217s][info][gc,heap     ] GC(5) Humongous regions: 0->0
[2026-07-01T01:34:56.935+0000][2.217s][info][gc,metaspace] GC(5) Metaspace: 7585K(7872K)->7585K(7872K) NonClass: 6694K(6848K)->6694K(6848K) Class: 891K(1024K)->891K(1024K)
[2026-07-01T01:34:56.935+0000][2.217s][info][gc          ] GC(5) Pause Young (Normal) (G1 Evacuation Pause) 10M->3M(18M) 60.872ms
[2026-07-01T01:34:56.935+0000][2.217s][info][gc,cpu      ] GC(5) User=0.01s Sys=0.00s Real=0.06s
[2026-07-01T01:34:57.150+0000][2.432s][info][gc,start    ] GC(6) Pause Young (Normal) (G1 Evacuation Pause)
[2026-07-01T01:34:57.150+0000][2.432s][info][gc,task     ] GC(6) Using 1 workers of 1 for evacuation
[2026-07-01T01:34:57.154+0000][2.436s][info][gc,phases   ] GC(6)   Pre Evacuate Collection Set: 0.08ms
[2026-07-01T01:34:57.154+0000][2.436s][info][gc,phases   ] GC(6)   Merge Heap Roots: 0.03ms
[2026-07-01T01:34:57.154+0000][2.436s][info][gc,phases   ] GC(6)   Evacuate Collection Set: 3.13ms
[2026-07-01T01:34:57.154+0000][2.436s][info][gc,phases   ] GC(6)   Post Evacuate Collection Set: 0.43ms
[2026-07-01T01:34:57.154+0000][2.436s][info][gc,phases   ] GC(6)   Other: 0.07ms
[2026-07-01T01:34:57.154+0000][2.436s][info][gc,heap     ] GC(6) Eden regions: 7->0(19)
[2026-07-01T01:34:57.154+0000][2.436s][info][gc,heap     ] GC(6) Survivor regions: 2->2(2)
[2026-07-01T01:34:57.154+0000][2.436s][info][gc,heap     ] GC(6) Old regions: 4->4
[2026-07-01T01:34:57.154+0000][2.436s][info][gc,heap     ] GC(6) Humongous regions: 0->0
[2026-07-01T01:34:57.154+0000][2.436s][info][gc,metaspace] GC(6) Metaspace: 9069K(9472K)->9069K(9472K) NonClass: 7964K(8192K)->7964K(8192K) Class: 1105K(1280K)->1105K(1280K)
[2026-07-01T01:34:57.154+0000][2.436s][info][gc          ] GC(6) Pause Young (Normal) (G1 Evacuation Pause) 10M->4M(36M) 3.831ms
[2026-07-01T01:34:57.154+0000][2.436s][info][gc,cpu      ] GC(6) User=0.01s Sys=0.00s Real=0.00s
[2026-07-01T01:34:57.669+0000][2.951s][info][gc,start    ] GC(7) Pause Young (Normal) (G1 Evacuation Pause)
[2026-07-01T01:34:57.669+0000][2.951s][info][gc,task     ] GC(7) Using 1 workers of 1 for evacuation
[2026-07-01T01:34:57.674+0000][2.956s][info][gc,phases   ] GC(7)   Pre Evacuate Collection Set: 0.24ms
[2026-07-01T01:34:57.674+0000][2.956s][info][gc,phases   ] GC(7)   Merge Heap Roots: 0.04ms
[2026-07-01T01:34:57.674+0000][2.956s][info][gc,phases   ] GC(7)   Evacuate Collection Set: 4.46ms
[2026-07-01T01:34:57.674+0000][2.956s][info][gc,phases   ] GC(7)   Post Evacuate Collection Set: 0.30ms
[2026-07-01T01:34:57.674+0000][2.956s][info][gc,phases   ] GC(7)   Other: 0.06ms
[2026-07-01T01:34:57.674+0000][2.956s][info][gc,heap     ] GC(7) Eden regions: 19->0(18)
[2026-07-01T01:34:57.674+0000][2.956s][info][gc,heap     ] GC(7) Survivor regions: 2->3(3)
[2026-07-01T01:34:57.674+0000][2.956s][info][gc,heap     ] GC(7) Old regions: 4->4
[2026-07-01T01:34:57.674+0000][2.956s][info][gc,heap     ] GC(7) Humongous regions: 0->0
[2026-07-01T01:34:57.674+0000][2.956s][info][gc,metaspace] GC(7) Metaspace: 12315K(12672K)->12315K(12672K) NonClass: 10715K(10944K)->10715K(10944K) Class: 1599K(1728K)->1599K(1728K)
[2026-07-01T01:34:57.674+0000][2.956s][info][gc          ] GC(7) Pause Young (Normal) (G1 Evacuation Pause) 23M->5M(36M) 5.230ms
[2026-07-01T01:34:57.674+0000][2.956s][info][gc,cpu      ] GC(7) User=0.00s Sys=0.00s Real=0.00s
[2026-07-01T01:34:58.138+0000][3.420s][info][gc,start    ] GC(8) Pause Young (Normal) (G1 Evacuation Pause)
[2026-07-01T01:34:58.138+0000][3.420s][info][gc,task     ] GC(8) Using 1 workers of 1 for evacuation
[2026-07-01T01:34:58.145+0000][3.427s][info][gc,phases   ] GC(8)   Pre Evacuate Collection Set: 0.08ms
[2026-07-01T01:34:58.145+0000][3.427s][info][gc,phases   ] GC(8)   Merge Heap Roots: 0.03ms
[2026-07-01T01:34:58.145+0000][3.427s][info][gc,phases   ] GC(8)   Evacuate Collection Set: 6.08ms
[2026-07-01T01:34:58.145+0000][3.427s][info][gc,phases   ] GC(8)   Post Evacuate Collection Set: 0.40ms
[2026-07-01T01:34:58.145+0000][3.427s][info][gc,phases   ] GC(8)   Other: 0.05ms
[2026-07-01T01:34:58.145+0000][3.427s][info][gc,heap     ] GC(8) Eden regions: 18->0(18)
[2026-07-01T01:34:58.145+0000][3.427s][info][gc,heap     ] GC(8) Survivor regions: 3->3(3)
[2026-07-01T01:34:58.145+0000][3.427s][info][gc,heap     ] GC(8) Old regions: 4->6
[2026-07-01T01:34:58.145+0000][3.427s][info][gc,heap     ] GC(8) Humongous regions: 0->0
[2026-07-01T01:34:58.145+0000][3.427s][info][gc,metaspace] GC(8) Metaspace: 14520K(14912K)->14520K(14912K) NonClass: 12656K(12864K)->12656K(12864K) Class: 1863K(2048K)->1863K(2048K)
[2026-07-01T01:34:58.145+0000][3.427s][info][gc          ] GC(8) Pause Young (Normal) (G1 Evacuation Pause) 23M->6M(36M) 6.789ms
[2026-07-01T01:34:58.145+0000][3.427s][info][gc,cpu      ] GC(8) User=0.01s Sys=0.00s Real=0.01s
[2026-07-01T01:34:58.537+0000][3.819s][info][gc,start    ] GC(9) Pause Young (Normal) (G1 Evacuation Pause)
[2026-07-01T01:34:58.537+0000][3.819s][info][gc,task     ] GC(9) Using 1 workers of 1 for evacuation
[2026-07-01T01:34:58.543+0000][3.825s][info][gc,phases   ] GC(9)   Pre Evacuate Collection Set: 0.08ms
[2026-07-01T01:34:58.543+0000][3.825s][info][gc,phases   ] GC(9)   Merge Heap Roots: 0.03ms
[2026-07-01T01:34:58.543+0000][3.825s][info][gc,phases   ] GC(9)   Evacuate Collection Set: 5.57ms
[2026-07-01T01:34:58.543+0000][3.825s][info][gc,phases   ] GC(9)   Post Evacuate Collection Set: 0.38ms
[2026-07-01T01:34:58.543+0000][3.825s][info][gc,phases   ] GC(9)   Other: 0.05ms
[2026-07-01T01:34:58.543+0000][3.825s][info][gc,heap     ] GC(9) Eden regions: 18->0(18)
[2026-07-01T01:34:58.543+0000][3.825s][info][gc,heap     ] GC(9) Survivor regions: 3->3(3)
[2026-07-01T01:34:58.543+0000][3.825s][info][gc,heap     ] GC(9) Old regions: 6->7
[2026-07-01T01:34:58.543+0000][3.825s][info][gc,heap     ] GC(9) Humongous regions: 0->0
[2026-07-01T01:34:58.543+0000][3.825s][info][gc,metaspace] GC(9) Metaspace: 15456K(15872K)->15456K(15872K) NonClass: 13493K(13696K)->13493K(13696K) Class: 1963K(2176K)->1963K(2176K)
[2026-07-01T01:34:58.543+0000][3.825s][info][gc          ] GC(9) Pause Young (Normal) (G1 Evacuation Pause) 24M->7M(36M) 6.229ms
[2026-07-01T01:34:58.544+0000][3.825s][info][gc,cpu      ] GC(9) User=0.00s Sys=0.00s Real=0.01s
[2026-07-01T01:34:59.043+0000][4.325s][info][gc,start    ] GC(10) Pause Young (Normal) (G1 Evacuation Pause)
[2026-07-01T01:34:59.043+0000][4.325s][info][gc,task     ] GC(10) Using 1 workers of 1 for evacuation
[2026-07-01T01:34:59.048+0000][4.330s][info][gc,phases   ] GC(10)   Pre Evacuate Collection Set: 0.07ms
[2026-07-01T01:34:59.048+0000][4.330s][info][gc,phases   ] GC(10)   Merge Heap Roots: 0.04ms
[2026-07-01T01:34:59.048+0000][4.330s][info][gc,phases   ] GC(10)   Evacuate Collection Set: 4.98ms
[2026-07-01T01:34:59.048+0000][4.330s][info][gc,phases   ] GC(10)   Post Evacuate Collection Set: 0.34ms
[2026-07-01T01:34:59.048+0000][4.330s][info][gc,phases   ] GC(10)   Other: 0.04ms
[2026-07-01T01:34:59.048+0000][4.330s][info][gc,heap     ] GC(10) Eden regions: 18->0(19)
[2026-07-01T01:34:59.048+0000][4.330s][info][gc,heap     ] GC(10) Survivor regions: 3->2(3)
[2026-07-01T01:34:59.048+0000][4.330s][info][gc,heap     ] GC(10) Old regions: 7->8
[2026-07-01T01:34:59.048+0000][4.330s][info][gc,heap     ] GC(10) Humongous regions: 0->0
[2026-07-01T01:34:59.048+0000][4.330s][info][gc,metaspace] GC(10) Metaspace: 17340K(17792K)->17340K(17792K) NonClass: 15129K(15360K)->15129K(15360K) Class: 2211K(2432K)->2211K(2432K)
[2026-07-01T01:34:59.048+0000][4.330s][info][gc          ] GC(10) Pause Young (Normal) (G1 Evacuation Pause) 25M->8M(36M) 5.591ms
[2026-07-01T01:34:59.048+0000][4.330s][info][gc,cpu      ] GC(10) User=0.01s Sys=0.00s Real=0.01s
[2026-07-01T01:34:59.652+0000][4.934s][info][gc,start    ] GC(11) Pause Young (Normal) (G1 Evacuation Pause)
[2026-07-01T01:34:59.652+0000][4.934s][info][gc,task     ] GC(11) Using 1 workers of 1 for evacuation
[2026-07-01T01:34:59.660+0000][4.941s][info][gc,phases   ] GC(11)   Pre Evacuate Collection Set: 0.34ms
[2026-07-01T01:34:59.660+0000][4.941s][info][gc,phases   ] GC(11)   Merge Heap Roots: 0.04ms
[2026-07-01T01:34:59.660+0000][4.941s][info][gc,phases   ] GC(11)   Evacuate Collection Set: 6.74ms
[2026-07-01T01:34:59.660+0000][4.941s][info][gc,phases   ] GC(11)   Post Evacuate Collection Set: 0.56ms
[2026-07-01T01:34:59.660+0000][4.942s][info][gc,phases   ] GC(11)   Other: 0.06ms
[2026-07-01T01:34:59.660+0000][4.942s][info][gc,heap     ] GC(11) Eden regions: 19->0(23)
[2026-07-01T01:34:59.660+0000][4.942s][info][gc,heap     ] GC(11) Survivor regions: 2->3(3)
[2026-07-01T01:34:59.660+0000][4.942s][info][gc,heap     ] GC(11) Old regions: 8->9
[2026-07-01T01:34:59.660+0000][4.942s][info][gc,heap     ] GC(11) Humongous regions: 0->0
[2026-07-01T01:34:59.660+0000][4.942s][info][gc,metaspace] GC(11) Metaspace: 20034K(20544K)->20034K(20544K) NonClass: 17416K(17728K)->17416K(17728K) Class: 2618K(2816K)->2618K(2816K)
[2026-07-01T01:34:59.660+0000][4.942s][info][gc          ] GC(11) Pause Young (Normal) (G1 Evacuation Pause) 27M->9M(44M) 7.900ms
[2026-07-01T01:34:59.660+0000][4.942s][info][gc,cpu      ] GC(11) User=0.02s Sys=0.00s Real=0.01s
[2026-07-01T01:34:59.762+0000][5.044s][info][gc,start    ] GC(12) Pause Young (Concurrent Start) (Metadata GC Threshold)
[2026-07-01T01:34:59.762+0000][5.044s][info][gc,task     ] GC(12) Using 1 workers of 1 for evacuation
[2026-07-01T01:34:59.768+0000][5.050s][info][gc,phases   ] GC(12)   Pre Evacuate Collection Set: 0.48ms
[2026-07-01T01:34:59.768+0000][5.050s][info][gc,phases   ] GC(12)   Merge Heap Roots: 0.04ms
[2026-07-01T01:34:59.768+0000][5.050s][info][gc,phases   ] GC(12)   Evacuate Collection Set: 5.19ms
[2026-07-01T01:34:59.768+0000][5.050s][info][gc,phases   ] GC(12)   Post Evacuate Collection Set: 0.33ms
[2026-07-01T01:34:59.768+0000][5.050s][info][gc,phases   ] GC(12)   Other: 0.08ms
[2026-07-01T01:34:59.768+0000][5.050s][info][gc,heap     ] GC(12) Eden regions: 5->0(24)
[2026-07-01T01:34:59.768+0000][5.050s][info][gc,heap     ] GC(12) Survivor regions: 3->2(4)
[2026-07-01T01:34:59.768+0000][5.050s][info][gc,heap     ] GC(12) Old regions: 9->10
[2026-07-01T01:34:59.768+0000][5.050s][info][gc,heap     ] GC(12) Humongous regions: 0->0
[2026-07-01T01:34:59.768+0000][5.050s][info][gc,metaspace] GC(12) Metaspace: 21056K(21504K)->21056K(21504K) NonClass: 18330K(18560K)->18330K(18560K) Class: 2725K(2944K)->2725K(2944K)
[2026-07-01T01:34:59.768+0000][5.050s][info][gc          ] GC(12) Pause Young (Concurrent Start) (Metadata GC Threshold) 14M->10M(44M) 6.223ms
[2026-07-01T01:34:59.768+0000][5.050s][info][gc,cpu      ] GC(12) User=0.00s Sys=0.00s Real=0.01s
[2026-07-01T01:34:59.768+0000][5.050s][info][gc          ] GC(13) Concurrent Mark Cycle
[2026-07-01T01:34:59.768+0000][5.050s][info][gc,marking  ] GC(13) Concurrent Scan Root Regions
[2026-07-01T01:34:59.771+0000][5.053s][info][gc,marking  ] GC(13) Concurrent Scan Root Regions 2.995ms
[2026-07-01T01:34:59.772+0000][5.053s][info][gc,marking  ] GC(13) Concurrent Mark
[2026-07-01T01:34:59.772+0000][5.053s][info][gc,marking  ] GC(13) Concurrent Mark From Roots
[2026-07-01T01:34:59.772+0000][5.053s][info][gc,task     ] GC(13) Using 1 workers of 1 for marking
[2026-07-01T01:34:59.841+0000][5.122s][info][gc,marking  ] GC(13) Concurrent Mark From Roots 68.984ms
[2026-07-01T01:34:59.841+0000][5.122s][info][gc,marking  ] GC(13) Concurrent Preclean
[2026-07-01T01:34:59.841+0000][5.122s][info][gc,marking  ] GC(13) Concurrent Preclean 0.037ms
[2026-07-01T01:34:59.841+0000][5.122s][info][gc,start    ] GC(13) Pause Remark
[2026-07-01T01:34:59.846+0000][5.128s][info][gc,heap     ] GC(13) Heap shrink completed: uncommitted 20 regions (20MB), heap size now 24MB
[2026-07-01T01:34:59.846+0000][5.128s][info][gc          ] GC(13) Pause Remark 11M->11M(24M) 5.167ms
[2026-07-01T01:34:59.846+0000][5.128s][info][gc,cpu      ] GC(13) User=0.00s Sys=0.00s Real=0.00s
[2026-07-01T01:34:59.846+0000][5.128s][info][gc,marking  ] GC(13) Concurrent Mark 74.344ms
[2026-07-01T01:34:59.846+0000][5.128s][info][gc,marking  ] GC(13) Concurrent Rebuild Remembered Sets and Scrub Regions
[2026-07-01T01:34:59.852+0000][5.134s][info][gc,marking  ] GC(13) Concurrent Rebuild Remembered Sets and Scrub Regions 6.193ms
[2026-07-01T01:34:59.852+0000][5.134s][info][gc,start    ] GC(13) Pause Cleanup
[2026-07-01T01:34:59.852+0000][5.134s][info][gc          ] GC(13) Pause Cleanup 11M->11M(24M) 0.069ms
[2026-07-01T01:34:59.852+0000][5.134s][info][gc,cpu      ] GC(13) User=0.00s Sys=0.00s Real=0.00s
[2026-07-01T01:34:59.852+0000][5.134s][info][gc,marking  ] GC(13) Concurrent Clear Claimed Marks
[2026-07-01T01:34:59.852+0000][5.134s][info][gc,marking  ] GC(13) Concurrent Clear Claimed Marks 0.033ms
[2026-07-01T01:34:59.852+0000][5.134s][info][gc,marking  ] GC(13) Concurrent Cleanup for Next Mark
[2026-07-01T01:34:59.853+0000][5.134s][info][gc,marking  ] GC(13) Concurrent Cleanup for Next Mark 0.175ms
[2026-07-01T01:34:59.853+0000][5.134s][info][gc          ] GC(13) Concurrent Mark Cycle 84.062ms
[2026-07-01T01:35:00.170+0000][5.452s][info][gc,start    ] GC(14) Pause Young (Prepare Mixed) (G1 Evacuation Pause)
[2026-07-01T01:35:00.170+0000][5.452s][info][gc,task     ] GC(14) Using 1 workers of 1 for evacuation
[2026-07-01T01:35:00.180+0000][5.462s][info][gc,phases   ] GC(14)   Pre Evacuate Collection Set: 0.08ms
[2026-07-01T01:35:00.180+0000][5.462s][info][gc,phases   ] GC(14)   Merge Heap Roots: 0.06ms
[2026-07-01T01:35:00.180+0000][5.462s][info][gc,phases   ] GC(14)   Evacuate Collection Set: 9.02ms
[2026-07-01T01:35:00.180+0000][5.462s][info][gc,phases   ] GC(14)   Post Evacuate Collection Set: 0.46ms
[2026-07-01T01:35:00.180+0000][5.462s][info][gc,phases   ] GC(14)   Other: 0.04ms
[2026-07-01T01:35:00.180+0000][5.462s][info][gc,heap     ] GC(14) Eden regions: 12->0(10)
[2026-07-01T01:35:00.180+0000][5.462s][info][gc,heap     ] GC(14) Survivor regions: 2->2(2)
[2026-07-01T01:35:00.180+0000][5.462s][info][gc,heap     ] GC(14) Old regions: 10->12
[2026-07-01T01:35:00.180+0000][5.462s][info][gc,heap     ] GC(14) Humongous regions: 0->0
[2026-07-01T01:35:00.180+0000][5.462s][info][gc,metaspace] GC(14) Metaspace: 23275K(23808K)->23275K(23808K) NonClass: 20285K(20544K)->20285K(20544K) Class: 2989K(3264K)->2989K(3264K)
[2026-07-01T01:35:00.180+0000][5.462s][info][gc          ] GC(14) Pause Young (Prepare Mixed) (G1 Evacuation Pause) 22M->12M(28M) 9.809ms
[2026-07-01T01:35:00.180+0000][5.462s][info][gc,cpu      ] GC(14) User=0.00s Sys=0.00s Real=0.01s
[2026-07-01T01:35:00.449+0000][5.731s][info][gc,start    ] GC(15) Pause Young (Mixed) (G1 Evacuation Pause)
[2026-07-01T01:35:00.449+0000][5.731s][info][gc,task     ] GC(15) Using 1 workers of 1 for evacuation
[2026-07-01T01:35:00.455+0000][5.737s][info][gc,phases   ] GC(15)   Pre Evacuate Collection Set: 0.08ms
[2026-07-01T01:35:00.455+0000][5.737s][info][gc,phases   ] GC(15)   Merge Heap Roots: 0.05ms
[2026-07-01T01:35:00.455+0000][5.737s][info][gc,phases   ] GC(15)   Evacuate Collection Set: 5.29ms
[2026-07-01T01:35:00.455+0000][5.737s][info][gc,phases   ] GC(15)   Post Evacuate Collection Set: 0.44ms
[2026-07-01T01:35:00.455+0000][5.737s][info][gc,phases   ] GC(15)   Other: 0.04ms
[2026-07-01T01:35:00.455+0000][5.737s][info][gc,heap     ] GC(15) Eden regions: 10->0(10)
[2026-07-01T01:35:00.455+0000][5.737s][info][gc,heap     ] GC(15) Survivor regions: 2->1(2)
[2026-07-01T01:35:00.455+0000][5.737s][info][gc,heap     ] GC(15) Old regions: 12->14
[2026-07-01T01:35:00.455+0000][5.737s][info][gc,heap     ] GC(15) Humongous regions: 0->0
[2026-07-01T01:35:00.455+0000][5.737s][info][gc,metaspace] GC(15) Metaspace: 24304K(24832K)->24304K(24832K) NonClass: 21159K(21440K)->21159K(21440K) Class: 3145K(3392K)->3145K(3392K)
[2026-07-01T01:35:00.455+0000][5.737s][info][gc          ] GC(15) Pause Young (Mixed) (G1 Evacuation Pause) 22M->13M(28M) 6.061ms
[2026-07-01T01:35:00.455+0000][5.737s][info][gc,cpu      ] GC(15) User=0.01s Sys=0.00s Real=0.00s
[2026-07-01T01:35:00.636+0000][5.918s][info][gc,start    ] GC(16) Pause Young (Concurrent Start) (G1 Evacuation Pause)
[2026-07-01T01:35:00.636+0000][5.918s][info][gc,task     ] GC(16) Using 1 workers of 1 for evacuation
[2026-07-01T01:35:00.640+0000][5.921s][info][gc,phases   ] GC(16)   Pre Evacuate Collection Set: 0.10ms
[2026-07-01T01:35:00.640+0000][5.921s][info][gc,phases   ] GC(16)   Merge Heap Roots: 0.04ms
[2026-07-01T01:35:00.640+0000][5.921s][info][gc,phases   ] GC(16)   Evacuate Collection Set: 2.98ms
[2026-07-01T01:35:00.640+0000][5.921s][info][gc,phases   ] GC(16)   Post Evacuate Collection Set: 0.41ms
[2026-07-01T01:35:00.640+0000][5.921s][info][gc,phases   ] GC(16)   Other: 0.07ms
[2026-07-01T01:35:00.640+0000][5.921s][info][gc,heap     ] GC(16) Eden regions: 10->0(10)
[2026-07-01T01:35:00.640+0000][5.921s][info][gc,heap     ] GC(16) Survivor regions: 1->1(2)
[2026-07-01T01:35:00.640+0000][5.921s][info][gc,heap     ] GC(16) Old regions: 14->14
[2026-07-01T01:35:00.640+0000][5.921s][info][gc,heap     ] GC(16) Humongous regions: 0->0
[2026-07-01T01:35:00.640+0000][5.921s][info][gc,metaspace] GC(16) Metaspace: 26828K(27456K)->26828K(27456K) NonClass: 23409K(23744K)->23409K(23744K) Class: 3418K(3712K)->3418K(3712K)
[2026-07-01T01:35:00.640+0000][5.921s][info][gc          ] GC(16) Pause Young (Concurrent Start) (G1 Evacuation Pause) 23M->13M(28M) 3.718ms
[2026-07-01T01:35:00.640+0000][5.921s][info][gc,cpu      ] GC(16) User=0.00s Sys=0.00s Real=0.01s
[2026-07-01T01:35:00.640+0000][5.921s][info][gc          ] GC(17) Concurrent Mark Cycle
[2026-07-01T01:35:00.640+0000][5.921s][info][gc,marking  ] GC(17) Concurrent Scan Root Regions
[2026-07-01T01:35:00.641+0000][5.923s][info][gc,marking  ] GC(17) Concurrent Scan Root Regions 1.695ms
[2026-07-01T01:35:00.641+0000][5.923s][info][gc,marking  ] GC(17) Concurrent Mark
[2026-07-01T01:35:00.641+0000][5.923s][info][gc,marking  ] GC(17) Concurrent Mark From Roots
[2026-07-01T01:35:00.641+0000][5.923s][info][gc,task     ] GC(17) Using 1 workers of 1 for marking
[2026-07-01T01:35:00.665+0000][5.947s][info][gc,marking  ] GC(17) Concurrent Mark From Roots 23.938ms
[2026-07-01T01:35:00.665+0000][5.947s][info][gc,marking  ] GC(17) Concurrent Preclean
[2026-07-01T01:35:00.665+0000][5.947s][info][gc,marking  ] GC(17) Concurrent Preclean 0.057ms
[2026-07-01T01:35:00.666+0000][5.947s][info][gc,start    ] GC(17) Pause Remark
[2026-07-01T01:35:00.735+0000][6.017s][info][gc          ] GC(17) Pause Remark 16M->16M(28M) 69.683ms
[2026-07-01T01:35:00.735+0000][6.017s][info][gc,cpu      ] GC(17) User=0.01s Sys=0.00s Real=0.07s
[2026-07-01T01:35:00.735+0000][6.017s][info][gc,marking  ] GC(17) Concurrent Mark 93.883ms
[2026-07-01T01:35:00.735+0000][6.017s][info][gc,marking  ] GC(17) Concurrent Rebuild Remembered Sets and Scrub Regions
[2026-07-01T01:35:00.746+0000][6.028s][info][gc,marking  ] GC(17) Concurrent Rebuild Remembered Sets and Scrub Regions 10.425ms
[2026-07-01T01:35:00.746+0000][6.028s][info][gc,start    ] GC(17) Pause Cleanup
[2026-07-01T01:35:00.746+0000][6.028s][info][gc          ] GC(17) Pause Cleanup 17M->17M(28M) 0.076ms
[2026-07-01T01:35:00.746+0000][6.028s][info][gc,cpu      ] GC(17) User=0.00s Sys=0.00s Real=0.00s
[2026-07-01T01:35:00.746+0000][6.028s][info][gc,marking  ] GC(17) Concurrent Clear Claimed Marks
[2026-07-01T01:35:00.746+0000][6.028s][info][gc,marking  ] GC(17) Concurrent Clear Claimed Marks 0.046ms
[2026-07-01T01:35:00.746+0000][6.028s][info][gc,marking  ] GC(17) Concurrent Cleanup for Next Mark
[2026-07-01T01:35:00.746+0000][6.028s][info][gc,marking  ] GC(17) Concurrent Cleanup for Next Mark 0.103ms
[2026-07-01T01:35:00.746+0000][6.028s][info][gc          ] GC(17) Concurrent Mark Cycle 106.573ms
[2026-07-01T01:35:00.941+0000][6.223s][info][gc,start    ] GC(18) Pause Young (Prepare Mixed) (G1 Evacuation Pause)
[2026-07-01T01:35:00.941+0000][6.223s][info][gc,task     ] GC(18) Using 1 workers of 1 for evacuation
[2026-07-01T01:35:00.946+0000][6.227s][info][gc,phases   ] GC(18)   Pre Evacuate Collection Set: 0.08ms
[2026-07-01T01:35:00.946+0000][6.227s][info][gc,phases   ] GC(18)   Merge Heap Roots: 0.06ms
[2026-07-01T01:35:00.946+0000][6.227s][info][gc,phases   ] GC(18)   Evacuate Collection Set: 4.13ms
[2026-07-01T01:35:00.946+0000][6.227s][info][gc,phases   ] GC(18)   Post Evacuate Collection Set: 0.41ms
[2026-07-01T01:35:00.946+0000][6.227s][info][gc,phases   ] GC(18)   Other: 0.04ms
[2026-07-01T01:35:00.946+0000][6.227s][info][gc,heap     ] GC(18) Eden regions: 10->0(9)
[2026-07-01T01:35:00.946+0000][6.227s][info][gc,heap     ] GC(18) Survivor regions: 1->2(2)
[2026-07-01T01:35:00.946+0000][6.227s][info][gc,heap     ] GC(18) Old regions: 14->14
[2026-07-01T01:35:00.946+0000][6.227s][info][gc,heap     ] GC(18) Humongous regions: 0->0
[2026-07-01T01:35:00.946+0000][6.227s][info][gc,metaspace] GC(18) Metaspace: 28745K(29376K)->28745K(29376K) NonClass: 25056K(25408K)->25056K(25408K) Class: 3688K(3968K)->3688K(3968K)
[2026-07-01T01:35:00.946+0000][6.227s][info][gc          ] GC(18) Pause Young (Prepare Mixed) (G1 Evacuation Pause) 23M->14M(28M) 4.841ms
[2026-07-01T01:35:00.946+0000][6.227s][info][gc,cpu      ] GC(18) User=0.00s Sys=0.00s Real=0.00s
[2026-07-01T01:35:01.176+0000][6.458s][info][gc,start    ] GC(19) Pause Young (Mixed) (G1 Evacuation Pause)
[2026-07-01T01:35:01.176+0000][6.458s][info][gc,task     ] GC(19) Using 1 workers of 1 for evacuation
[2026-07-01T01:35:01.237+0000][6.519s][info][gc,phases   ] GC(19)   Pre Evacuate Collection Set: 0.12ms
[2026-07-01T01:35:01.237+0000][6.519s][info][gc,phases   ] GC(19)   Merge Heap Roots: 0.05ms
[2026-07-01T01:35:01.237+0000][6.519s][info][gc,phases   ] GC(19)   Evacuate Collection Set: 60.56ms
[2026-07-01T01:35:01.237+0000][6.519s][info][gc,phases   ] GC(19)   Post Evacuate Collection Set: 0.62ms
[2026-07-01T01:35:01.237+0000][6.519s][info][gc,phases   ] GC(19)   Other: 0.04ms
[2026-07-01T01:35:01.237+0000][6.519s][info][gc,heap     ] GC(19) Eden regions: 9->0(14)
[2026-07-01T01:35:01.237+0000][6.519s][info][gc,heap     ] GC(19) Survivor regions: 2->2(2)
[2026-07-01T01:35:01.237+0000][6.519s][info][gc,heap     ] GC(19) Old regions: 14->14
[2026-07-01T01:35:01.237+0000][6.519s][info][gc,heap     ] GC(19) Humongous regions: 0->0
[2026-07-01T01:35:01.237+0000][6.519s][info][gc,metaspace] GC(19) Metaspace: 30135K(30784K)->30135K(30784K) NonClass: 26252K(26624K)->26252K(26624K) Class: 3883K(4160K)->3883K(4160K)
[2026-07-01T01:35:01.237+0000][6.519s][info][gc          ] GC(19) Pause Young (Mixed) (G1 Evacuation Pause) 23M->15M(34M) 61.527ms
[2026-07-01T01:35:01.238+0000][6.519s][info][gc,cpu      ] GC(19) User=0.01s Sys=0.00s Real=0.06s
[2026-07-01T01:35:01.563+0000][6.845s][info][gc,start    ] GC(20) Pause Young (Normal) (G1 Evacuation Pause)
[2026-07-01T01:35:01.564+0000][6.845s][info][gc,task     ] GC(20) Using 1 workers of 1 for evacuation
[2026-07-01T01:35:01.570+0000][6.852s][info][gc,phases   ] GC(20)   Pre Evacuate Collection Set: 0.26ms
[2026-07-01T01:35:01.570+0000][6.852s][info][gc,phases   ] GC(20)   Merge Heap Roots: 0.05ms
[2026-07-01T01:35:01.570+0000][6.852s][info][gc,phases   ] GC(20)   Evacuate Collection Set: 5.66ms
[2026-07-01T01:35:01.570+0000][6.852s][info][gc,phases   ] GC(20)   Post Evacuate Collection Set: 0.45ms
[2026-07-01T01:35:01.570+0000][6.852s][info][gc,phases   ] GC(20)   Other: 0.04ms
[2026-07-01T01:35:01.570+0000][6.852s][info][gc,heap     ] GC(20) Eden regions: 14->0(13)
[2026-07-01T01:35:01.570+0000][6.852s][info][gc,heap     ] GC(20) Survivor regions: 2->2(2)
[2026-07-01T01:35:01.570+0000][6.852s][info][gc,heap     ] GC(20) Old regions: 14->15
[2026-07-01T01:35:01.570+0000][6.852s][info][gc,heap     ] GC(20) Humongous regions: 0->0
[2026-07-01T01:35:01.570+0000][6.852s][info][gc,metaspace] GC(20) Metaspace: 31786K(32512K)->31786K(32512K) NonClass: 27644K(28032K)->27644K(28032K) Class: 4142K(4480K)->4142K(4480K)
[2026-07-01T01:35:01.570+0000][6.852s][info][gc          ] GC(20) Pause Young (Normal) (G1 Evacuation Pause) 29M->16M(34M) 6.602ms
[2026-07-01T01:35:01.570+0000][6.852s][info][gc,cpu      ] GC(20) User=0.01s Sys=0.00s Real=0.01s
[2026-07-01T01:35:02.053+0000][7.334s][info][gc,start    ] GC(21) Pause Young (Normal) (G1 Evacuation Pause)
[2026-07-01T01:35:02.053+0000][7.334s][info][gc,task     ] GC(21) Using 1 workers of 1 for evacuation
[2026-07-01T01:35:02.061+0000][7.343s][info][gc,phases   ] GC(21)   Pre Evacuate Collection Set: 0.72ms
[2026-07-01T01:35:02.061+0000][7.343s][info][gc,phases   ] GC(21)   Merge Heap Roots: 0.07ms
[2026-07-01T01:35:02.061+0000][7.343s][info][gc,phases   ] GC(21)   Evacuate Collection Set: 7.04ms
[2026-07-01T01:35:02.061+0000][7.343s][info][gc,phases   ] GC(21)   Post Evacuate Collection Set: 0.72ms
[2026-07-01T01:35:02.061+0000][7.343s][info][gc,phases   ] GC(21)   Other: 0.04ms
[2026-07-01T01:35:02.061+0000][7.343s][info][gc,heap     ] GC(21) Eden regions: 13->0(12)
[2026-07-01T01:35:02.061+0000][7.343s][info][gc,heap     ] GC(21) Survivor regions: 2->2(2)
[2026-07-01T01:35:02.061+0000][7.343s][info][gc,heap     ] GC(21) Old regions: 15->16
[2026-07-01T01:35:02.061+0000][7.343s][info][gc,heap     ] GC(21) Humongous regions: 0->0
[2026-07-01T01:35:02.061+0000][7.343s][info][gc,metaspace] GC(21) Metaspace: 34986K(35776K)->34986K(35776K) NonClass: 30428K(30848K)->30428K(30848K) Class: 4557K(4928K)->4557K(4928K)
[2026-07-01T01:35:02.061+0000][7.343s][info][gc          ] GC(21) Pause Young (Normal) (G1 Evacuation Pause) 29M->17M(34M) 8.712ms
[2026-07-01T01:35:02.061+0000][7.343s][info][gc,cpu      ] GC(21) User=0.00s Sys=0.00s Real=0.01s
[2026-07-01T01:35:02.160+0000][7.442s][info][gc,start    ] GC(22) Pause Young (Concurrent Start) (G1 Evacuation Pause)
[2026-07-01T01:35:02.161+0000][7.442s][info][gc,task     ] GC(22) Using 1 workers of 1 for evacuation
[2026-07-01T01:35:02.183+0000][7.464s][info][gc,phases   ] GC(22)   Pre Evacuate Collection Set: 0.42ms
[2026-07-01T01:35:02.183+0000][7.464s][info][gc,phases   ] GC(22)   Merge Heap Roots: 0.08ms
[2026-07-01T01:35:02.183+0000][7.464s][info][gc,phases   ] GC(22)   Evacuate Collection Set: 20.64ms
[2026-07-01T01:35:02.183+0000][7.464s][info][gc,phases   ] GC(22)   Post Evacuate Collection Set: 0.75ms
[2026-07-01T01:35:02.183+0000][7.464s][info][gc,phases   ] GC(22)   Other: 0.08ms
[2026-07-01T01:35:02.183+0000][7.464s][info][gc,heap     ] GC(22) Eden regions: 12->0(6)
[2026-07-01T01:35:02.183+0000][7.464s][info][gc,heap     ] GC(22) Survivor regions: 2->2(2)
[2026-07-01T01:35:02.183+0000][7.464s][info][gc,heap     ] GC(22) Old regions: 16->24
[2026-07-01T01:35:02.183+0000][7.464s][info][gc,heap     ] GC(22) Humongous regions: 0->0
[2026-07-01T01:35:02.183+0000][7.464s][info][gc,metaspace] GC(22) Metaspace: 35421K(36096K)->35421K(36096K) NonClass: 30807K(31168K)->30807K(31168K) Class: 4614K(4928K)->4614K(4928K)
[2026-07-01T01:35:02.183+0000][7.464s][info][gc          ] GC(22) Pause Young (Concurrent Start) (G1 Evacuation Pause) 29M->26M(40M) 22.115ms
[2026-07-01T01:35:02.183+0000][7.464s][info][gc,cpu      ] GC(22) User=0.03s Sys=0.00s Real=0.02s
[2026-07-01T01:35:02.183+0000][7.464s][info][gc          ] GC(23) Concurrent Mark Cycle
[2026-07-01T01:35:02.183+0000][7.464s][info][gc,marking  ] GC(23) Concurrent Scan Root Regions
[2026-07-01T01:35:02.239+0000][7.521s][info][gc,marking  ] GC(23) Concurrent Scan Root Regions 56.377ms
[2026-07-01T01:35:02.239+0000][7.521s][info][gc,marking  ] GC(23) Concurrent Mark
[2026-07-01T01:35:02.239+0000][7.521s][info][gc,marking  ] GC(23) Concurrent Mark From Roots
[2026-07-01T01:35:02.239+0000][7.521s][info][gc,task     ] GC(23) Using 1 workers of 1 for marking
[2026-07-01T01:35:02.243+0000][7.524s][info][gc,start    ] GC(24) Pause Young (Normal) (G1 Evacuation Pause)
[2026-07-01T01:35:02.243+0000][7.524s][info][gc,task     ] GC(24) Using 1 workers of 1 for evacuation
[2026-07-01T01:35:02.255+0000][7.536s][info][gc,phases   ] GC(24)   Pre Evacuate Collection Set: 0.07ms
[2026-07-01T01:35:02.255+0000][7.536s][info][gc,phases   ] GC(24)   Merge Heap Roots: 0.10ms
[2026-07-01T01:35:02.255+0000][7.536s][info][gc,phases   ] GC(24)   Evacuate Collection Set: 11.12ms
[2026-07-01T01:35:02.255+0000][7.536s][info][gc,phases   ] GC(24)   Post Evacuate Collection Set: 0.65ms
[2026-07-01T01:35:02.255+0000][7.536s][info][gc,phases   ] GC(24)   Other: 0.04ms
[2026-07-01T01:35:02.255+0000][7.536s][info][gc,heap     ] GC(24) Eden regions: 6->0(31)
[2026-07-01T01:35:02.255+0000][7.536s][info][gc,heap     ] GC(24) Survivor regions: 2->1(1)
[2026-07-01T01:35:02.255+0000][7.536s][info][gc,heap     ] GC(24) Old regions: 24->30
[2026-07-01T01:35:02.255+0000][7.536s][info][gc,heap     ] GC(24) Humongous regions: 0->0
[2026-07-01T01:35:02.255+0000][7.537s][info][gc,metaspace] GC(24) Metaspace: 35422K(36160K)->35422K(36160K) NonClass: 30808K(31232K)->30808K(31232K) Class: 4614K(4928K)->4614K(4928K)
[2026-07-01T01:35:02.255+0000][7.537s][info][gc          ] GC(24) Pause Young (Normal) (G1 Evacuation Pause) 32M->31M(80M) 12.114ms
[2026-07-01T01:35:02.255+0000][7.537s][info][gc,cpu      ] GC(24) User=0.01s Sys=0.00s Real=0.01s
[2026-07-01T01:35:02.269+0000][7.551s][info][gc,marking  ] GC(23) Concurrent Mark From Roots 30.162ms
[2026-07-01T01:35:02.269+0000][7.551s][info][gc,marking  ] GC(23) Concurrent Preclean
[2026-07-01T01:35:02.269+0000][7.551s][info][gc,marking  ] GC(23) Concurrent Preclean 0.061ms
[2026-07-01T01:35:02.269+0000][7.551s][info][gc,start    ] GC(23) Pause Remark
[2026-07-01T01:35:02.276+0000][7.557s][info][gc,heap     ] GC(23) Heap shrink completed: uncommitted 16 regions (16MB), heap size now 64MB
[2026-07-01T01:35:02.276+0000][7.557s][info][gc          ] GC(23) Pause Remark 41M->41M(64M) 6.093ms
[2026-07-01T01:35:02.276+0000][7.557s][info][gc,cpu      ] GC(23) User=0.00s Sys=0.00s Real=0.00s
[2026-07-01T01:35:02.276+0000][7.557s][info][gc,marking  ] GC(23) Concurrent Mark 36.530ms
[2026-07-01T01:35:02.276+0000][7.557s][info][gc,marking  ] GC(23) Concurrent Rebuild Remembered Sets and Scrub Regions
[2026-07-01T01:35:02.343+0000][7.625s][info][gc,marking  ] GC(23) Concurrent Rebuild Remembered Sets and Scrub Regions 67.509ms
[2026-07-01T01:35:02.343+0000][7.625s][info][gc,start    ] GC(23) Pause Cleanup
[2026-07-01T01:35:02.343+0000][7.625s][info][gc          ] GC(23) Pause Cleanup 46M->46M(64M) 0.086ms
[2026-07-01T01:35:02.343+0000][7.625s][info][gc,cpu      ] GC(23) User=0.00s Sys=0.00s Real=0.00s
[2026-07-01T01:35:02.343+0000][7.625s][info][gc,marking  ] GC(23) Concurrent Clear Claimed Marks
[2026-07-01T01:35:02.343+0000][7.625s][info][gc,marking  ] GC(23) Concurrent Clear Claimed Marks 0.066ms
[2026-07-01T01:35:02.343+0000][7.625s][info][gc,marking  ] GC(23) Concurrent Cleanup for Next Mark
[2026-07-01T01:35:02.344+0000][7.626s][info][gc,marking  ] GC(23) Concurrent Cleanup for Next Mark 0.360ms
[2026-07-01T01:35:02.344+0000][7.626s][info][gc          ] GC(23) Concurrent Mark Cycle 161.243ms
[2026-07-01T01:35:02.358+0000][7.640s][info][gc,start    ] GC(25) Pause Young (Prepare Mixed) (G1 Evacuation Pause)
[2026-07-01T01:35:02.358+0000][7.640s][info][gc,task     ] GC(25) Using 1 workers of 1 for evacuation
[2026-07-01T01:35:02.394+0000][7.675s][info][gc,phases   ] GC(25)   Pre Evacuate Collection Set: 0.12ms
[2026-07-01T01:35:02.394+0000][7.675s][info][gc,phases   ] GC(25)   Merge Heap Roots: 0.05ms
[2026-07-01T01:35:02.394+0000][7.675s][info][gc,phases   ] GC(25)   Evacuate Collection Set: 35.12ms
[2026-07-01T01:35:02.394+0000][7.675s][info][gc,phases   ] GC(25)   Post Evacuate Collection Set: 0.38ms
[2026-07-01T01:35:02.394+0000][7.675s][info][gc,phases   ] GC(25)   Other: 0.05ms
[2026-07-01T01:35:02.394+0000][7.675s][info][gc,heap     ] GC(25) Eden regions: 31->0(12)
[2026-07-01T01:35:02.394+0000][7.675s][info][gc,heap     ] GC(25) Survivor regions: 1->4(4)
[2026-07-01T01:35:02.394+0000][7.675s][info][gc,heap     ] GC(25) Old regions: 30->52
[2026-07-01T01:35:02.394+0000][7.675s][info][gc,heap     ] GC(25) Humongous regions: 1->1
[2026-07-01T01:35:02.394+0000][7.675s][info][gc,metaspace] GC(25) Metaspace: 35427K(36224K)->35427K(36224K) NonClass: 30812K(31296K)->30812K(31296K) Class: 4614K(4928K)->4614K(4928K)
[2026-07-01T01:35:02.394+0000][7.675s][info][gc          ] GC(25) Pause Young (Prepare Mixed) (G1 Evacuation Pause) 63M->57M(89M) 35.862ms
[2026-07-01T01:35:02.394+0000][7.675s][info][gc,cpu      ] GC(25) User=0.03s Sys=0.01s Real=0.04s
[2026-07-01T01:35:02.441+0000][7.723s][info][gc,start    ] GC(26) Pause Young (Mixed) (G1 Evacuation Pause)
[2026-07-01T01:35:02.441+0000][7.723s][info][gc,task     ] GC(26) Using 1 workers of 1 for evacuation
[2026-07-01T01:35:02.460+0000][7.742s][info][gc,phases   ] GC(26)   Pre Evacuate Collection Set: 0.13ms
[2026-07-01T01:35:02.460+0000][7.742s][info][gc,phases   ] GC(26)   Merge Heap Roots: 0.08ms
[2026-07-01T01:35:02.460+0000][7.742s][info][gc,phases   ] GC(26)   Evacuate Collection Set: 18.69ms
[2026-07-01T01:35:02.460+0000][7.742s][info][gc,phases   ] GC(26)   Post Evacuate Collection Set: 0.46ms
[2026-07-01T01:35:02.460+0000][7.742s][info][gc,phases   ] GC(26)   Other: 0.04ms
[2026-07-01T01:35:02.460+0000][7.742s][info][gc,heap     ] GC(26) Eden regions: 12->0(7)
[2026-07-01T01:35:02.460+0000][7.742s][info][gc,heap     ] GC(26) Survivor regions: 4->2(2)
[2026-07-01T01:35:02.460+0000][7.742s][info][gc,heap     ] GC(26) Old regions: 52->63
[2026-07-01T01:35:02.460+0000][7.742s][info][gc,heap     ] GC(26) Humongous regions: 3->3
[2026-07-01T01:35:02.460+0000][7.742s][info][gc,metaspace] GC(26) Metaspace: 35427K(36224K)->35427K(36224K) NonClass: 30812K(31296K)->30812K(31296K) Class: 4614K(4928K)->4614K(4928K)
[2026-07-01T01:35:02.460+0000][7.742s][info][gc          ] GC(26) Pause Young (Mixed) (G1 Evacuation Pause) 71M->68M(89M) 19.533ms
[2026-07-01T01:35:02.460+0000][7.742s][info][gc,cpu      ] GC(26) User=0.02s Sys=0.00s Real=0.02s
[2026-07-01T01:35:02.465+0000][7.747s][info][gc,start    ] GC(27) Pause Young (Concurrent Start) (G1 Evacuation Pause)
[2026-07-01T01:35:02.465+0000][7.747s][info][gc,task     ] GC(27) Using 1 workers of 1 for evacuation
[2026-07-01T01:35:02.475+0000][7.757s][info][gc,phases   ] GC(27)   Pre Evacuate Collection Set: 0.09ms
[2026-07-01T01:35:02.475+0000][7.757s][info][gc,phases   ] GC(27)   Merge Heap Roots: 0.04ms
[2026-07-01T01:35:02.475+0000][7.757s][info][gc,phases   ] GC(27)   Evacuate Collection Set: 9.50ms
[2026-07-01T01:35:02.475+0000][7.757s][info][gc,phases   ] GC(27)   Post Evacuate Collection Set: 0.35ms
[2026-07-01T01:35:02.475+0000][7.757s][info][gc,phases   ] GC(27)   Other: 0.07ms
[2026-07-01T01:35:02.475+0000][7.757s][info][gc,heap     ] GC(27) Eden regions: 7->0(4)
[2026-07-01T01:35:02.475+0000][7.757s][info][gc,heap     ] GC(27) Survivor regions: 2->2(2)
[2026-07-01T01:35:02.475+0000][7.757s][info][gc,heap     ] GC(27) Old regions: 63->69
[2026-07-01T01:35:02.475+0000][7.757s][info][gc,heap     ] GC(27) Humongous regions: 3->3
[2026-07-01T01:35:02.475+0000][7.757s][info][gc,metaspace] GC(27) Metaspace: 35427K(36224K)->35427K(36224K) NonClass: 30812K(31296K)->30812K(31296K) Class: 4614K(4928K)->4614K(4928K)
[2026-07-01T01:35:02.475+0000][7.757s][info][gc          ] GC(27) Pause Young (Concurrent Start) (G1 Evacuation Pause) 75M->74M(89M) 10.175ms
[2026-07-01T01:35:02.476+0000][7.757s][info][gc,cpu      ] GC(27) User=0.01s Sys=0.00s Real=0.01s
[2026-07-01T01:35:02.476+0000][7.757s][info][gc          ] GC(28) Concurrent Mark Cycle
[2026-07-01T01:35:02.476+0000][7.757s][info][gc,marking  ] GC(28) Concurrent Scan Root Regions
[2026-07-01T01:35:02.479+0000][7.761s][info][gc,start    ] GC(29) Pause Young (Normal) (G1 Evacuation Pause)
[2026-07-01T01:35:02.479+0000][7.761s][info][gc,task     ] GC(29) Using 1 workers of 1 for evacuation
[2026-07-01T01:35:02.480+0000][7.762s][info][gc,marking  ] GC(28) Concurrent Scan Root Regions 4.756ms
[2026-07-01T01:35:02.480+0000][7.762s][info][gc,marking  ] GC(28) Concurrent Mark
[2026-07-01T01:35:02.480+0000][7.762s][info][gc,marking  ] GC(28) Concurrent Mark From Roots
[2026-07-01T01:35:02.480+0000][7.762s][info][gc,task     ] GC(28) Using 1 workers of 1 for marking
[2026-07-01T01:35:02.486+0000][7.768s][info][gc,phases   ] GC(29)   Pre Evacuate Collection Set: 0.09ms
[2026-07-01T01:35:02.486+0000][7.768s][info][gc,phases   ] GC(29)   Merge Heap Roots: 0.03ms
[2026-07-01T01:35:02.486+0000][7.768s][info][gc,phases   ] GC(29)   Evacuate Collection Set: 5.01ms
[2026-07-01T01:35:02.486+0000][7.768s][info][gc,phases   ] GC(29)   Post Evacuate Collection Set: 0.31ms
[2026-07-01T01:35:02.486+0000][7.768s][info][gc,phases   ] GC(29)   Other: 0.05ms
[2026-07-01T01:35:02.486+0000][7.768s][info][gc,heap     ] GC(29) Eden regions: 4->0(3)
[2026-07-01T01:35:02.486+0000][7.768s][info][gc,heap     ] GC(29) Survivor regions: 2->1(1)
[2026-07-01T01:35:02.486+0000][7.768s][info][gc,heap     ] GC(29) Old regions: 69->74
[2026-07-01T01:35:02.486+0000][7.768s][info][gc,heap     ] GC(29) Humongous regions: 3->3
[2026-07-01T01:35:02.486+0000][7.768s][info][gc,metaspace] GC(29) Metaspace: 35429K(36224K)->35429K(36224K) NonClass: 30815K(31296K)->30815K(31296K) Class: 4614K(4928K)->4614K(4928K)
[2026-07-01T01:35:02.486+0000][7.768s][info][gc          ] GC(29) Pause Young (Normal) (G1 Evacuation Pause) 78M->77M(89M) 6.904ms
[2026-07-01T01:35:02.486+0000][7.768s][info][gc,cpu      ] GC(29) User=0.01s Sys=0.00s Real=0.00s
[2026-07-01T01:35:02.492+0000][7.774s][info][gc,start    ] GC(30) Pause Young (Normal) (G1 Evacuation Pause)
[2026-07-01T01:35:02.492+0000][7.774s][info][gc,task     ] GC(30) Using 1 workers of 1 for evacuation
[2026-07-01T01:35:02.497+0000][7.779s][info][gc,phases   ] GC(30)   Pre Evacuate Collection Set: 0.09ms
[2026-07-01T01:35:02.497+0000][7.779s][info][gc,phases   ] GC(30)   Merge Heap Roots: 0.04ms
[2026-07-01T01:35:02.497+0000][7.779s][info][gc,phases   ] GC(30)   Evacuate Collection Set: 3.42ms
[2026-07-01T01:35:02.497+0000][7.779s][info][gc,phases   ] GC(30)   Post Evacuate Collection Set: 1.53ms
[2026-07-01T01:35:02.497+0000][7.779s][info][gc,phases   ] GC(30)   Other: 0.04ms
[2026-07-01T01:35:02.497+0000][7.779s][info][gc,heap     ] GC(30) Eden regions: 3->0(61)
[2026-07-01T01:35:02.497+0000][7.779s][info][gc,heap     ] GC(30) Survivor regions: 1->1(1)
[2026-07-01T01:35:02.497+0000][7.779s][info][gc,heap     ] GC(30) Old regions: 74->76
[2026-07-01T01:35:02.497+0000][7.779s][info][gc,heap     ] GC(30) Humongous regions: 3->3
[2026-07-01T01:35:02.497+0000][7.779s][info][gc,metaspace] GC(30) Metaspace: 35429K(36224K)->35429K(36224K) NonClass: 30815K(31296K)->30815K(31296K) Class: 4614K(4928K)->4614K(4928K)
[2026-07-01T01:35:02.497+0000][7.779s][info][gc          ] GC(30) Pause Young (Normal) (G1 Evacuation Pause) 80M->80M(267M) 5.218ms
[2026-07-01T01:35:02.497+0000][7.779s][info][gc,cpu      ] GC(30) User=0.01s Sys=0.00s Real=0.00s
[2026-07-01T01:35:02.643+0000][7.925s][info][gc,start    ] GC(31) Pause Young (Normal) (G1 Evacuation Pause)
[2026-07-01T01:35:02.643+0000][7.925s][info][gc,task     ] GC(31) Using 1 workers of 1 for evacuation
[2026-07-01T01:35:02.706+0000][7.988s][info][gc,phases   ] GC(31)   Pre Evacuate Collection Set: 0.12ms
[2026-07-01T01:35:02.706+0000][7.988s][info][gc,phases   ] GC(31)   Merge Heap Roots: 0.08ms
[2026-07-01T01:35:02.706+0000][7.988s][info][gc,phases   ] GC(31)   Evacuate Collection Set: 61.71ms
[2026-07-01T01:35:02.706+0000][7.988s][info][gc,phases   ] GC(31)   Post Evacuate Collection Set: 0.41ms
[2026-07-01T01:35:02.706+0000][7.988s][info][gc,phases   ] GC(31)   Other: 0.07ms
[2026-07-01T01:35:02.706+0000][7.988s][info][gc,heap     ] GC(31) Eden regions: 61->0(43)
[2026-07-01T01:35:02.706+0000][7.988s][info][gc,heap     ] GC(31) Survivor regions: 1->8(8)
[2026-07-01T01:35:02.706+0000][7.988s][info][gc,heap     ] GC(31) Old regions: 76->119
[2026-07-01T01:35:02.706+0000][7.988s][info][gc,heap     ] GC(31) Humongous regions: 6->6
[2026-07-01T01:35:02.706+0000][7.988s][info][gc,metaspace] GC(31) Metaspace: 35436K(36224K)->35436K(36224K) NonClass: 30821K(31296K)->30821K(31296K) Class: 4614K(4928K)->4614K(4928K)
[2026-07-01T01:35:02.706+0000][7.988s][info][gc          ] GC(31) Pause Young (Normal) (G1 Evacuation Pause) 144M->132M(267M) 62.517ms
[2026-07-01T01:35:02.706+0000][7.988s][info][gc,cpu      ] GC(31) User=0.06s Sys=0.00s Real=0.06s
[2026-07-01T01:35:02.748+0000][8.029s][info][gc,marking  ] GC(28) Concurrent Mark From Roots 267.124ms
[2026-07-01T01:35:02.748+0000][8.029s][info][gc,marking  ] GC(28) Concurrent Preclean
[2026-07-01T01:35:02.748+0000][8.029s][info][gc,marking  ] GC(28) Concurrent Preclean 0.049ms
[2026-07-01T01:35:02.748+0000][8.030s][info][gc,start    ] GC(28) Pause Remark
[2026-07-01T01:35:02.754+0000][8.036s][info][gc,heap     ] GC(28) Heap shrink completed: uncommitted 3 regions (3MB), heap size now 264MB
[2026-07-01T01:35:02.754+0000][8.036s][info][gc          ] GC(28) Pause Remark 152M->151M(264M) 6.295ms
[2026-07-01T01:35:02.754+0000][8.036s][info][gc,cpu      ] GC(28) User=0.01s Sys=0.00s Real=0.01s
[2026-07-01T01:35:02.754+0000][8.036s][info][gc,marking  ] GC(28) Concurrent Mark 273.702ms
[2026-07-01T01:35:02.754+0000][8.036s][info][gc,marking  ] GC(28) Concurrent Rebuild Remembered Sets and Scrub Regions
[2026-07-01T01:35:02.959+0000][8.241s][info][gc,marking  ] GC(28) Concurrent Rebuild Remembered Sets and Scrub Regions 204.811ms
[2026-07-01T01:35:02.959+0000][8.241s][info][gc,start    ] GC(28) Pause Cleanup
[2026-07-01T01:35:02.959+0000][8.241s][info][gc          ] GC(28) Pause Cleanup 157M->157M(264M) 0.160ms
[2026-07-01T01:35:02.959+0000][8.241s][info][gc,cpu      ] GC(28) User=0.00s Sys=0.00s Real=0.00s
[2026-07-01T01:35:02.959+0000][8.241s][info][gc,marking  ] GC(28) Concurrent Clear Claimed Marks
[2026-07-01T01:35:02.960+0000][8.241s][info][gc,marking  ] GC(28) Concurrent Clear Claimed Marks 0.071ms
[2026-07-01T01:35:02.960+0000][8.241s][info][gc,marking  ] GC(28) Concurrent Cleanup for Next Mark
[2026-07-01T01:35:02.962+0000][8.243s][info][gc,marking  ] GC(28) Concurrent Cleanup for Next Mark 2.092ms
[2026-07-01T01:35:02.962+0000][8.243s][info][gc          ] GC(28) Concurrent Mark Cycle 485.986ms
[2026-07-01T01:35:03.356+0000][8.638s][info][gc,start    ] GC(32) Pause Young (Prepare Mixed) (G1 Evacuation Pause)
[2026-07-01T01:35:03.356+0000][8.638s][info][gc,task     ] GC(32) Using 1 workers of 1 for evacuation
[2026-07-01T01:35:03.446+0000][8.728s][info][gc,phases   ] GC(32)   Pre Evacuate Collection Set: 0.66ms
[2026-07-01T01:35:03.446+0000][8.728s][info][gc,phases   ] GC(32)   Merge Heap Roots: 0.11ms
[2026-07-01T01:35:03.446+0000][8.728s][info][gc,phases   ] GC(32)   Evacuate Collection Set: 88.51ms
[2026-07-01T01:35:03.446+0000][8.728s][info][gc,phases   ] GC(32)   Post Evacuate Collection Set: 0.79ms
[2026-07-01T01:35:03.446+0000][8.728s][info][gc,phases   ] GC(32)   Other: 0.05ms
[2026-07-01T01:35:03.446+0000][8.728s][info][gc,heap     ] GC(32) Eden regions: 43->0(14)
[2026-07-01T01:35:03.447+0000][8.728s][info][gc,heap     ] GC(32) Survivor regions: 8->7(7)
[2026-07-01T01:35:03.447+0000][8.728s][info][gc,heap     ] GC(32) Old regions: 119->141
[2026-07-01T01:35:03.447+0000][8.728s][info][gc,heap     ] GC(32) Humongous regions: 5->5
[2026-07-01T01:35:03.447+0000][8.728s][info][gc,metaspace] GC(32) Metaspace: 38706K(39488K)->38706K(39488K) NonClass: 33647K(34048K)->33647K(34048K) Class: 5058K(5440K)->5058K(5440K)
[2026-07-01T01:35:03.447+0000][8.728s][info][gc          ] GC(32) Pause Young (Prepare Mixed) (G1 Evacuation Pause) 174M->152M(264M) 90.265ms
[2026-07-01T01:35:03.447+0000][8.728s][info][gc,cpu      ] GC(32) User=0.03s Sys=0.01s Real=0.09s
[2026-07-01T01:35:03.754+0000][9.036s][info][gc,start    ] GC(33) Pause Young (Mixed) (G1 Evacuation Pause)
[2026-07-01T01:35:03.754+0000][9.036s][info][gc,task     ] GC(33) Using 1 workers of 1 for evacuation
[2026-07-01T01:35:03.768+0000][9.050s][info][gc,phases   ] GC(33)   Pre Evacuate Collection Set: 0.43ms
[2026-07-01T01:35:03.768+0000][9.050s][info][gc,phases   ] GC(33)   Merge Heap Roots: 0.06ms
[2026-07-01T01:35:03.768+0000][9.050s][info][gc,phases   ] GC(33)   Evacuate Collection Set: 12.51ms
[2026-07-01T01:35:03.768+0000][9.050s][info][gc,phases   ] GC(33)   Post Evacuate Collection Set: 0.75ms
[2026-07-01T01:35:03.768+0000][9.050s][info][gc,phases   ] GC(33)   Other: 0.07ms
[2026-07-01T01:35:03.768+0000][9.050s][info][gc,heap     ] GC(33) Eden regions: 15->0(27)
[2026-07-01T01:35:03.768+0000][9.050s][info][gc,heap     ] GC(33) Survivor regions: 7->3(3)
[2026-07-01T01:35:03.768+0000][9.050s][info][gc,heap     ] GC(33) Old regions: 141->150
[2026-07-01T01:35:03.768+0000][9.050s][info][gc,heap     ] GC(33) Humongous regions: 5->5
[2026-07-01T01:35:03.768+0000][9.050s][info][gc,metaspace] GC(33) Metaspace: 39332K(40192K)->39332K(40192K) NonClass: 34217K(34688K)->34217K(34688K) Class: 5114K(5504K)->5114K(5504K)
[2026-07-01T01:35:03.768+0000][9.050s][info][gc          ] GC(33) Pause Young (Mixed) (G1 Evacuation Pause) 167M->158M(264M) 13.970ms
[2026-07-01T01:35:03.768+0000][9.050s][info][gc,cpu      ] GC(33) User=0.01s Sys=0.00s Real=0.02s
[2026-07-01T01:35:05.553+0000][10.835s][info][gc,start    ] GC(34) Pause Young (Mixed) (G1 Evacuation Pause)
[2026-07-01T01:35:05.553+0000][10.835s][info][gc,task     ] GC(34) Using 1 workers of 1 for evacuation
[2026-07-01T01:35:05.563+0000][10.845s][info][gc,phases   ] GC(34)   Pre Evacuate Collection Set: 0.34ms
[2026-07-01T01:35:05.563+0000][10.845s][info][gc,phases   ] GC(34)   Merge Heap Roots: 0.13ms
[2026-07-01T01:35:05.563+0000][10.845s][info][gc,phases   ] GC(34)   Evacuate Collection Set: 9.22ms
[2026-07-01T01:35:05.563+0000][10.845s][info][gc,phases   ] GC(34)   Post Evacuate Collection Set: 0.72ms
[2026-07-01T01:35:05.563+0000][10.845s][info][gc,phases   ] GC(34)   Other: 0.05ms
[2026-07-01T01:35:05.563+0000][10.845s][info][gc,heap     ] GC(34) Eden regions: 27->0(39)
[2026-07-01T01:35:05.563+0000][10.845s][info][gc,heap     ] GC(34) Survivor regions: 3->3(4)
[2026-07-01T01:35:05.563+0000][10.845s][info][gc,heap     ] GC(34) Old regions: 150->153
[2026-07-01T01:35:05.563+0000][10.845s][info][gc,heap     ] GC(34) Humongous regions: 5->5
[2026-07-01T01:35:05.563+0000][10.845s][info][gc,metaspace] GC(34) Metaspace: 40373K(41216K)->40373K(41216K) NonClass: 35254K(35712K)->35254K(35712K) Class: 5118K(5504K)->5118K(5504K)
[2026-07-01T01:35:05.563+0000][10.845s][info][gc          ] GC(34) Pause Young (Mixed) (G1 Evacuation Pause) 185M->160M(264M) 10.589ms
[2026-07-01T01:35:05.563+0000][10.845s][info][gc,cpu      ] GC(34) User=0.01s Sys=0.01s Real=0.01s
[2026-07-01T01:35:08.135+0000][13.417s][info][gc,start    ] GC(35) Pause Young (Concurrent Start) (G1 Evacuation Pause)
[2026-07-01T01:35:08.136+0000][13.417s][info][gc,task     ] GC(35) Using 1 workers of 1 for evacuation
[2026-07-01T01:35:08.141+0000][13.423s][info][gc,phases   ] GC(35)   Pre Evacuate Collection Set: 0.17ms
[2026-07-01T01:35:08.141+0000][13.423s][info][gc,phases   ] GC(35)   Merge Heap Roots: 0.10ms
[2026-07-01T01:35:08.141+0000][13.423s][info][gc,phases   ] GC(35)   Evacuate Collection Set: 4.61ms
[2026-07-01T01:35:08.141+0000][13.423s][info][gc,phases   ] GC(35)   Post Evacuate Collection Set: 0.51ms
[2026-07-01T01:35:08.141+0000][13.423s][info][gc,phases   ] GC(35)   Other: 0.09ms
[2026-07-01T01:35:08.141+0000][13.423s][info][gc,heap     ] GC(35) Eden regions: 39->0(43)
[2026-07-01T01:35:08.141+0000][13.423s][info][gc,heap     ] GC(35) Survivor regions: 3->3(6)
[2026-07-01T01:35:08.141+0000][13.423s][info][gc,heap     ] GC(35) Old regions: 153->153
[2026-07-01T01:35:08.141+0000][13.423s][info][gc,heap     ] GC(35) Humongous regions: 5->5
[2026-07-01T01:35:08.141+0000][13.423s][info][gc,metaspace] GC(35) Metaspace: 40395K(41216K)->40395K(41216K) NonClass: 35275K(35712K)->35275K(35712K) Class: 5120K(5504K)->5120K(5504K)
[2026-07-01T01:35:08.141+0000][13.423s][info][gc          ] GC(35) Pause Young (Concurrent Start) (G1 Evacuation Pause) 199M->160M(264M) 5.649ms
[2026-07-01T01:35:08.141+0000][13.423s][info][gc,cpu      ] GC(35) User=0.00s Sys=0.00s Real=0.01s
[2026-07-01T01:35:08.141+0000][13.423s][info][gc          ] GC(36) Concurrent Mark Cycle
[2026-07-01T01:35:08.141+0000][13.423s][info][gc,marking  ] GC(36) Concurrent Scan Root Regions
[2026-07-01T01:35:08.154+0000][13.436s][info][gc,marking  ] GC(36) Concurrent Scan Root Regions 12.632ms
[2026-07-01T01:35:08.154+0000][13.436s][info][gc,marking  ] GC(36) Concurrent Mark
[2026-07-01T01:35:08.154+0000][13.436s][info][gc,marking  ] GC(36) Concurrent Mark From Roots
[2026-07-01T01:35:08.154+0000][13.436s][info][gc,task     ] GC(36) Using 1 workers of 1 for marking
[2026-07-01T01:35:10.854+0000][16.136s][info][gc,start    ] GC(37) Pause Young (Normal) (G1 Evacuation Pause)
[2026-07-01T01:35:10.855+0000][16.136s][info][gc,task     ] GC(37) Using 1 workers of 1 for evacuation
[2026-07-01T01:35:10.862+0000][16.144s][info][gc,phases   ] GC(37)   Pre Evacuate Collection Set: 0.28ms
[2026-07-01T01:35:10.862+0000][16.144s][info][gc,phases   ] GC(37)   Merge Heap Roots: 0.46ms
[2026-07-01T01:35:10.862+0000][16.144s][info][gc,phases   ] GC(37)   Evacuate Collection Set: 5.82ms
[2026-07-01T01:35:10.862+0000][16.144s][info][gc,phases   ] GC(37)   Post Evacuate Collection Set: 0.85ms
[2026-07-01T01:35:10.862+0000][16.144s][info][gc,phases   ] GC(37)   Other: 0.06ms
[2026-07-01T01:35:10.862+0000][16.144s][info][gc,heap     ] GC(37) Eden regions: 43->0(48)
[2026-07-01T01:35:10.862+0000][16.144s][info][gc,heap     ] GC(37) Survivor regions: 3->3(6)
[2026-07-01T01:35:10.862+0000][16.144s][info][gc,heap     ] GC(37) Old regions: 153->153
[2026-07-01T01:35:10.862+0000][16.144s][info][gc,heap     ] GC(37) Humongous regions: 5->5
[2026-07-01T01:35:10.862+0000][16.144s][info][gc,metaspace] GC(37) Metaspace: 40599K(41472K)->40599K(41472K) NonClass: 35479K(35968K)->35479K(35968K) Class: 5120K(5504K)->5120K(5504K)
[2026-07-01T01:35:10.862+0000][16.144s][info][gc          ] GC(37) Pause Young (Normal) (G1 Evacuation Pause) 203M->159M(264M) 7.658ms
[2026-07-01T01:35:10.862+0000][16.144s][info][gc,cpu      ] GC(37) User=0.01s Sys=0.00s Real=0.01s
[2026-07-01T01:35:13.362+0000][18.644s][info][gc,start    ] GC(38) Pause Young (Normal) (G1 Evacuation Pause)
[2026-07-01T01:35:13.362+0000][18.644s][info][gc,task     ] GC(38) Using 1 workers of 1 for evacuation
[2026-07-01T01:35:13.435+0000][18.717s][info][gc,phases   ] GC(38)   Pre Evacuate Collection Set: 0.33ms
[2026-07-01T01:35:13.435+0000][18.717s][info][gc,phases   ] GC(38)   Merge Heap Roots: 0.10ms
[2026-07-01T01:35:13.435+0000][18.717s][info][gc,phases   ] GC(38)   Evacuate Collection Set: 6.47ms
[2026-07-01T01:35:13.435+0000][18.717s][info][gc,phases   ] GC(38)   Post Evacuate Collection Set: 65.97ms
[2026-07-01T01:35:13.435+0000][18.717s][info][gc,phases   ] GC(38)   Other: 0.05ms
[2026-07-01T01:35:13.435+0000][18.717s][info][gc,heap     ] GC(38) Eden regions: 48->0(52)
[2026-07-01T01:35:13.435+0000][18.717s][info][gc,heap     ] GC(38) Survivor regions: 3->3(7)
[2026-07-01T01:35:13.435+0000][18.717s][info][gc,heap     ] GC(38) Old regions: 153->153
[2026-07-01T01:35:13.435+0000][18.717s][info][gc,heap     ] GC(38) Humongous regions: 5->5
[2026-07-01T01:35:13.435+0000][18.717s][info][gc,metaspace] GC(38) Metaspace: 40674K(41472K)->40674K(41472K) NonClass: 35552K(35968K)->35552K(35968K) Class: 5121K(5504K)->5121K(5504K)
[2026-07-01T01:35:13.435+0000][18.717s][info][gc          ] GC(38) Pause Young (Normal) (G1 Evacuation Pause) 207M->160M(264M) 73.088ms
[2026-07-01T01:35:13.435+0000][18.717s][info][gc,cpu      ] GC(38) User=0.01s Sys=0.00s Real=0.07s
[2026-07-01T01:35:15.736+0000][21.018s][info][gc,marking  ] GC(36) Concurrent Mark From Roots 7582.357ms
[2026-07-01T01:35:15.736+0000][21.018s][info][gc,marking  ] GC(36) Concurrent Preclean
[2026-07-01T01:35:15.736+0000][21.018s][info][gc,marking  ] GC(36) Concurrent Preclean 0.071ms
[2026-07-01T01:35:15.740+0000][21.022s][info][gc,start    ] GC(36) Pause Remark
[2026-07-01T01:35:15.754+0000][21.035s][info][gc          ] GC(36) Pause Remark 207M->205M(264M) 13.286ms
[2026-07-01T01:35:15.754+0000][21.035s][info][gc,cpu      ] GC(36) User=0.01s Sys=0.01s Real=0.01s
[2026-07-01T01:35:15.764+0000][21.046s][info][gc,marking  ] GC(36) Concurrent Mark 7610.229ms
[2026-07-01T01:35:15.764+0000][21.046s][info][gc,marking  ] GC(36) Concurrent Rebuild Remembered Sets and Scrub Regions
[2026-07-01T01:35:15.964+0000][21.246s][info][gc,start    ] GC(39) Pause Young (Normal) (G1 Evacuation Pause)
[2026-07-01T01:35:15.964+0000][21.246s][info][gc,task     ] GC(39) Using 1 workers of 1 for evacuation
[2026-07-01T01:35:15.973+0000][21.255s][info][gc,phases   ] GC(39)   Pre Evacuate Collection Set: 0.45ms
[2026-07-01T01:35:15.973+0000][21.255s][info][gc,phases   ] GC(39)   Merge Heap Roots: 0.12ms
[2026-07-01T01:35:15.973+0000][21.255s][info][gc,phases   ] GC(39)   Evacuate Collection Set: 7.80ms
[2026-07-01T01:35:15.973+0000][21.255s][info][gc,phases   ] GC(39)   Post Evacuate Collection Set: 0.50ms
[2026-07-01T01:35:15.973+0000][21.255s][info][gc,phases   ] GC(39)   Other: 0.05ms
[2026-07-01T01:35:15.973+0000][21.255s][info][gc,heap     ] GC(39) Eden regions: 52->0(57)
[2026-07-01T01:35:15.973+0000][21.255s][info][gc,heap     ] GC(39) Survivor regions: 3->3(7)
[2026-07-01T01:35:15.973+0000][21.255s][info][gc,heap     ] GC(39) Old regions: 153->153
[2026-07-01T01:35:15.973+0000][21.255s][info][gc,heap     ] GC(39) Humongous regions: 3->3
[2026-07-01T01:35:15.973+0000][21.255s][info][gc,metaspace] GC(39) Metaspace: 40884K(41728K)->40884K(41728K) NonClass: 35767K(36224K)->35767K(36224K) Class: 5117K(5504K)->5117K(5504K)
[2026-07-01T01:35:15.973+0000][21.255s][info][gc          ] GC(39) Pause Young (Normal) (G1 Evacuation Pause) 210M->158M(264M) 9.048ms
[2026-07-01T01:35:15.973+0000][21.255s][info][gc,cpu      ] GC(39) User=0.00s Sys=0.00s Real=0.01s
[2026-07-01T01:35:17.235+0000][22.516s][info][gc,marking  ] GC(36) Concurrent Rebuild Remembered Sets and Scrub Regions 1470.424ms
[2026-07-01T01:35:17.235+0000][22.517s][info][gc,start    ] GC(36) Pause Cleanup
[2026-07-01T01:35:17.235+0000][22.517s][info][gc          ] GC(36) Pause Cleanup 184M->184M(264M) 0.157ms
[2026-07-01T01:35:17.235+0000][22.517s][info][gc,cpu      ] GC(36) User=0.00s Sys=0.00s Real=0.00s
[2026-07-01T01:35:17.239+0000][22.521s][info][gc,marking  ] GC(36) Concurrent Clear Claimed Marks
[2026-07-01T01:35:17.240+0000][22.521s][info][gc,marking  ] GC(36) Concurrent Clear Claimed Marks 0.092ms
[2026-07-01T01:35:17.240+0000][22.521s][info][gc,marking  ] GC(36) Concurrent Cleanup for Next Mark
[2026-07-01T01:35:17.240+0000][22.522s][info][gc,marking  ] GC(36) Concurrent Cleanup for Next Mark 0.458ms
[2026-07-01T01:35:17.240+0000][22.522s][info][gc          ] GC(36) Concurrent Mark Cycle 9098.904ms
[2026-07-01T01:35:18.465+0000][23.747s][info][gc,start    ] GC(40) Pause Young (Prepare Mixed) (G1 Evacuation Pause)
[2026-07-01T01:35:18.465+0000][23.747s][info][gc,task     ] GC(40) Using 1 workers of 1 for evacuation
[2026-07-01T01:35:18.539+0000][23.820s][info][gc,phases   ] GC(40)   Pre Evacuate Collection Set: 0.29ms
[2026-07-01T01:35:18.539+0000][23.820s][info][gc,phases   ] GC(40)   Merge Heap Roots: 0.13ms
[2026-07-01T01:35:18.539+0000][23.820s][info][gc,phases   ] GC(40)   Evacuate Collection Set: 72.60ms
[2026-07-01T01:35:18.539+0000][23.820s][info][gc,phases   ] GC(40)   Post Evacuate Collection Set: 0.76ms
[2026-07-01T01:35:18.539+0000][23.820s][info][gc,phases   ] GC(40)   Other: 0.06ms
[2026-07-01T01:35:18.539+0000][23.820s][info][gc,heap     ] GC(40) Eden regions: 57->0(60)
[2026-07-01T01:35:18.539+0000][23.820s][info][gc,heap     ] GC(40) Survivor regions: 3->5(8)
[2026-07-01T01:35:18.539+0000][23.820s][info][gc,heap     ] GC(40) Old regions: 153->153
[2026-07-01T01:35:18.539+0000][23.820s][info][gc,heap     ] GC(40) Humongous regions: 3->3
[2026-07-01T01:35:18.539+0000][23.820s][info][gc,metaspace] GC(40) Metaspace: 41100K(41920K)->41100K(41920K) NonClass: 35982K(36416K)->35982K(36416K) Class: 5118K(5504K)->5118K(5504K)
[2026-07-01T01:35:18.539+0000][23.821s][info][gc          ] GC(40) Pause Young (Prepare Mixed) (G1 Evacuation Pause) 215M->160M(264M) 74.004ms
[2026-07-01T01:35:18.539+0000][23.821s][info][gc,cpu      ] GC(40) User=0.02s Sys=0.00s Real=0.08s
[2026-07-01T01:35:20.338+0000][25.620s][info][gc,start    ] GC(41) Pause Young (Mixed) (G1 Evacuation Pause)
[2026-07-01T01:35:20.338+0000][25.620s][info][gc,task     ] GC(41) Using 1 workers of 1 for evacuation
[2026-07-01T01:35:20.348+0000][25.630s][info][gc,phases   ] GC(41)   Pre Evacuate Collection Set: 0.14ms
[2026-07-01T01:35:20.348+0000][25.630s][info][gc,phases   ] GC(41)   Merge Heap Roots: 0.13ms
[2026-07-01T01:35:20.348+0000][25.630s][info][gc,phases   ] GC(41)   Evacuate Collection Set: 9.32ms
[2026-07-01T01:35:20.348+0000][25.630s][info][gc,phases   ] GC(41)   Post Evacuate Collection Set: 0.75ms
[2026-07-01T01:35:20.348+0000][25.630s][info][gc,phases   ] GC(41)   Other: 0.05ms
[2026-07-01T01:35:20.348+0000][25.630s][info][gc,heap     ] GC(41) Eden regions: 60->0(64)
[2026-07-01T01:35:20.348+0000][25.630s][info][gc,heap     ] GC(41) Survivor regions: 5->3(9)
[2026-07-01T01:35:20.348+0000][25.630s][info][gc,heap     ] GC(41) Old regions: 153->154
[2026-07-01T01:35:20.348+0000][25.630s][info][gc,heap     ] GC(41) Humongous regions: 3->3
[2026-07-01T01:35:20.348+0000][25.630s][info][gc,metaspace] GC(41) Metaspace: 41289K(42112K)->41289K(42112K) NonClass: 36170K(36608K)->36170K(36608K) Class: 5119K(5504K)->5119K(5504K)
[2026-07-01T01:35:20.349+0000][25.630s][info][gc          ] GC(41) Pause Young (Mixed) (G1 Evacuation Pause) 220M->159M(264M) 10.520ms
[2026-07-01T01:35:20.349+0000][25.630s][info][gc,cpu      ] GC(41) User=0.01s Sys=0.00s Real=0.02s
[2026-07-01T01:35:21.841+0000][27.123s][info][gc,start    ] GC(42) Pause Young (Concurrent Start) (G1 Evacuation Pause)
[2026-07-01T01:35:21.841+0000][27.123s][info][gc,task     ] GC(42) Using 1 workers of 1 for evacuation
[2026-07-01T01:35:21.852+0000][27.134s][info][gc,phases   ] GC(42)   Pre Evacuate Collection Set: 0.60ms
[2026-07-01T01:35:21.852+0000][27.134s][info][gc,phases   ] GC(42)   Merge Heap Roots: 0.15ms
[2026-07-01T01:35:21.852+0000][27.134s][info][gc,phases   ] GC(42)   Evacuate Collection Set: 9.24ms
[2026-07-01T01:35:21.852+0000][27.134s][info][gc,phases   ] GC(42)   Post Evacuate Collection Set: 0.94ms
[2026-07-01T01:35:21.852+0000][27.134s][info][gc,phases   ] GC(42)   Other: 0.10ms
[2026-07-01T01:35:21.852+0000][27.134s][info][gc,heap     ] GC(42) Eden regions: 64->0(76)
[2026-07-01T01:35:21.852+0000][27.134s][info][gc,heap     ] GC(42) Survivor regions: 3->4(9)
[2026-07-01T01:35:21.852+0000][27.134s][info][gc,heap     ] GC(42) Old regions: 154->154
[2026-07-01T01:35:21.852+0000][27.134s][info][gc,heap     ] GC(42) Humongous regions: 3->3
[2026-07-01T01:35:21.852+0000][27.134s][info][gc,metaspace] GC(42) Metaspace: 41406K(42240K)->41406K(42240K) NonClass: 36287K(36736K)->36287K(36736K) Class: 5119K(5504K)->5119K(5504K)
[2026-07-01T01:35:21.852+0000][27.134s][info][gc          ] GC(42) Pause Young (Concurrent Start) (G1 Evacuation Pause) 223M->160M(264M) 11.198ms
[2026-07-01T01:35:21.852+0000][27.134s][info][gc,cpu      ] GC(42) User=0.03s Sys=0.00s Real=0.01s
[2026-07-01T01:35:21.854+0000][27.136s][info][gc          ] GC(43) Concurrent Mark Cycle
[2026-07-01T01:35:21.854+0000][27.136s][info][gc,marking  ] GC(43) Concurrent Scan Root Regions
[2026-07-01T01:35:21.869+0000][27.151s][info][gc,marking  ] GC(43) Concurrent Scan Root Regions 14.883ms
[2026-07-01T01:35:21.869+0000][27.151s][info][gc,marking  ] GC(43) Concurrent Mark
[2026-07-01T01:35:21.869+0000][27.151s][info][gc,marking  ] GC(43) Concurrent Mark From Roots
[2026-07-01T01:35:21.869+0000][27.151s][info][gc,task     ] GC(43) Using 1 workers of 1 for marking
[2026-07-01T01:35:23.659+0000][28.941s][info][gc,start    ] GC(44) Pause Young (Normal) (G1 Evacuation Pause)
[2026-07-01T01:35:23.659+0000][28.941s][info][gc,task     ] GC(44) Using 1 workers of 1 for evacuation
[2026-07-01T01:35:23.671+0000][28.953s][info][gc,phases   ] GC(44)   Pre Evacuate Collection Set: 0.15ms
[2026-07-01T01:35:23.671+0000][28.953s][info][gc,phases   ] GC(44)   Merge Heap Roots: 0.16ms
[2026-07-01T01:35:23.671+0000][28.953s][info][gc,phases   ] GC(44)   Evacuate Collection Set: 10.37ms
[2026-07-01T01:35:23.671+0000][28.953s][info][gc,phases   ] GC(44)   Post Evacuate Collection Set: 0.61ms
[2026-07-01T01:35:23.671+0000][28.953s][info][gc,phases   ] GC(44)   Other: 0.06ms
[2026-07-01T01:35:23.671+0000][28.953s][info][gc,heap     ] GC(44) Eden regions: 76->0(80)
[2026-07-01T01:35:23.671+0000][28.953s][info][gc,heap     ] GC(44) Survivor regions: 4->4(10)
[2026-07-01T01:35:23.671+0000][28.953s][info][gc,heap     ] GC(44) Old regions: 154->154
[2026-07-01T01:35:23.671+0000][28.953s][info][gc,heap     ] GC(44) Humongous regions: 3->3
[2026-07-01T01:35:23.671+0000][28.953s][info][gc,metaspace] GC(44) Metaspace: 41435K(42240K)->41435K(42240K) NonClass: 36316K(36736K)->36316K(36736K) Class: 5119K(5504K)->5119K(5504K)
[2026-07-01T01:35:23.671+0000][28.953s][info][gc          ] GC(44) Pause Young (Normal) (G1 Evacuation Pause) 236M->160M(264M) 11.499ms
[2026-07-01T01:35:23.671+0000][28.953s][info][gc,cpu      ] GC(44) User=0.01s Sys=0.00s Real=0.01s
[2026-07-01T01:35:24.346+0000][29.628s][info][gc,marking  ] GC(43) Concurrent Mark From Roots 2477.132ms
[2026-07-01T01:35:24.346+0000][29.628s][info][gc,marking  ] GC(43) Concurrent Preclean
[2026-07-01T01:35:24.346+0000][29.628s][info][gc,marking  ] GC(43) Concurrent Preclean 0.095ms
[2026-07-01T01:35:24.349+0000][29.631s][info][gc,start    ] GC(43) Pause Remark
[2026-07-01T01:35:24.360+0000][29.641s][info][gc          ] GC(43) Pause Remark 191M->191M(264M) 10.689ms
[2026-07-01T01:35:24.360+0000][29.641s][info][gc,cpu      ] GC(43) User=0.02s Sys=0.00s Real=0.01s
[2026-07-01T01:35:24.364+0000][29.645s][info][gc,marking  ] GC(43) Concurrent Mark 2494.512ms
[2026-07-01T01:35:24.364+0000][29.645s][info][gc,marking  ] GC(43) Concurrent Rebuild Remembered Sets and Scrub Regions
[2026-07-01T01:35:25.051+0000][30.333s][info][gc,marking  ] GC(43) Concurrent Rebuild Remembered Sets and Scrub Regions 687.513ms
[2026-07-01T01:35:25.052+0000][30.334s][info][gc,start    ] GC(43) Pause Cleanup
[2026-07-01T01:35:25.053+0000][30.334s][info][gc          ] GC(43) Pause Cleanup 222M->222M(264M) 0.411ms
[2026-07-01T01:35:25.053+0000][30.334s][info][gc,cpu      ] GC(43) User=0.00s Sys=0.00s Real=0.00s
[2026-07-01T01:35:25.059+0000][30.341s][info][gc,marking  ] GC(43) Concurrent Clear Claimed Marks
[2026-07-01T01:35:25.059+0000][30.341s][info][gc,marking  ] GC(43) Concurrent Clear Claimed Marks 0.478ms
[2026-07-01T01:35:25.059+0000][30.341s][info][gc,marking  ] GC(43) Concurrent Cleanup for Next Mark
[2026-07-01T01:35:25.063+0000][30.344s][info][gc,marking  ] GC(43) Concurrent Cleanup for Next Mark 3.228ms
[2026-07-01T01:35:25.063+0000][30.344s][info][gc          ] GC(43) Concurrent Mark Cycle 3208.528ms
[2026-07-01T01:35:25.445+0000][30.727s][info][gc,start    ] GC(45) Pause Young (Prepare Mixed) (G1 Evacuation Pause)
[2026-07-01T01:35:25.445+0000][30.727s][info][gc,task     ] GC(45) Using 1 workers of 1 for evacuation
[2026-07-01T01:35:25.463+0000][30.745s][info][gc,phases   ] GC(45)   Pre Evacuate Collection Set: 0.23ms
[2026-07-01T01:35:25.463+0000][30.745s][info][gc,phases   ] GC(45)   Merge Heap Roots: 0.40ms
[2026-07-01T01:35:25.463+0000][30.745s][info][gc,phases   ] GC(45)   Evacuate Collection Set: 16.01ms
[2026-07-01T01:35:25.463+0000][30.745s][info][gc,phases   ] GC(45)   Post Evacuate Collection Set: 0.88ms
[2026-07-01T01:35:25.463+0000][30.745s][info][gc,phases   ] GC(45)   Other: 0.08ms
[2026-07-01T01:35:25.463+0000][30.745s][info][gc,heap     ] GC(45) Eden regions: 80->0(83)
[2026-07-01T01:35:25.463+0000][30.745s][info][gc,heap     ] GC(45) Survivor regions: 4->4(11)
[2026-07-01T01:35:25.463+0000][30.745s][info][gc,heap     ] GC(45) Old regions: 154->154
[2026-07-01T01:35:25.463+0000][30.745s][info][gc,heap     ] GC(45) Humongous regions: 3->3
[2026-07-01T01:35:25.463+0000][30.745s][info][gc,metaspace] GC(45) Metaspace: 41455K(42240K)->41455K(42240K) NonClass: 36336K(36736K)->36336K(36736K) Class: 5119K(5504K)->5119K(5504K)
[2026-07-01T01:35:25.463+0000][30.745s][info][gc          ] GC(45) Pause Young (Prepare Mixed) (G1 Evacuation Pause) 240M->160M(264M) 17.758ms
[2026-07-01T01:35:25.463+0000][30.745s][info][gc,cpu      ] GC(45) User=0.03s Sys=0.00s Real=0.02s
[2026-07-01T01:35:26.973+0000][32.255s][info][gc,start    ] GC(46) Pause Young (Mixed) (G1 Evacuation Pause)
[2026-07-01T01:35:26.973+0000][32.255s][info][gc,task     ] GC(46) Using 1 workers of 1 for evacuation
[2026-07-01T01:35:27.043+0000][32.324s][info][gc,phases   ] GC(46)   Pre Evacuate Collection Set: 0.16ms
[2026-07-01T01:35:27.043+0000][32.324s][info][gc,phases   ] GC(46)   Merge Heap Roots: 0.56ms
[2026-07-01T01:35:27.043+0000][32.324s][info][gc,phases   ] GC(46)   Evacuate Collection Set: 67.58ms
[2026-07-01T01:35:27.043+0000][32.324s][info][gc,phases   ] GC(46)   Post Evacuate Collection Set: 0.91ms
[2026-07-01T01:35:27.043+0000][32.324s][info][gc,phases   ] GC(46)   Other: 0.05ms
[2026-07-01T01:35:27.043+0000][32.324s][info][gc,heap     ] GC(46) Eden regions: 83->0(87)
[2026-07-01T01:35:27.043+0000][32.324s][info][gc,heap     ] GC(46) Survivor regions: 4->5(11)
[2026-07-01T01:35:27.043+0000][32.324s][info][gc,heap     ] GC(46) Old regions: 154->153
[2026-07-01T01:35:27.043+0000][32.324s][info][gc,heap     ] GC(46) Humongous regions: 3->3
[2026-07-01T01:35:27.043+0000][32.324s][info][gc,metaspace] GC(46) Metaspace: 41463K(42240K)->41463K(42240K) NonClass: 36343K(36736K)->36343K(36736K) Class: 5119K(5504K)->5119K(5504K)
[2026-07-01T01:35:27.043+0000][32.324s][info][gc          ] GC(46) Pause Young (Mixed) (G1 Evacuation Pause) 243M->160M(264M) 69.417ms
[2026-07-01T01:35:27.043+0000][32.325s][info][gc,cpu      ] GC(46) User=0.02s Sys=0.00s Real=0.07s
[2026-07-01T01:35:28.759+0000][34.041s][info][gc,start    ] GC(47) Pause Young (Concurrent Start) (G1 Evacuation Pause)
[2026-07-01T01:35:28.759+0000][34.041s][info][gc,task     ] GC(47) Using 1 workers of 1 for evacuation
[2026-07-01T01:35:28.841+0000][34.123s][info][gc,phases   ] GC(47)   Pre Evacuate Collection Set: 0.27ms
[2026-07-01T01:35:28.841+0000][34.123s][info][gc,phases   ] GC(47)   Merge Heap Roots: 2.04ms
[2026-07-01T01:35:28.841+0000][34.123s][info][gc,phases   ] GC(47)   Evacuate Collection Set: 79.11ms
[2026-07-01T01:35:28.841+0000][34.123s][info][gc,phases   ] GC(47)   Post Evacuate Collection Set: 0.84ms
[2026-07-01T01:35:28.841+0000][34.123s][info][gc,phases   ] GC(47)   Other: 0.11ms
[2026-07-01T01:35:28.841+0000][34.123s][info][gc,heap     ] GC(47) Eden regions: 87->0(89)
[2026-07-01T01:35:28.841+0000][34.123s][info][gc,heap     ] GC(47) Survivor regions: 5->5(12)
[2026-07-01T01:35:28.842+0000][34.123s][info][gc,heap     ] GC(47) Old regions: 153->153
[2026-07-01T01:35:28.842+0000][34.123s][info][gc,heap     ] GC(47) Humongous regions: 3->3
[2026-07-01T01:35:28.842+0000][34.123s][info][gc,metaspace] GC(47) Metaspace: 41485K(42304K)->41485K(42304K) NonClass: 36365K(36800K)->36365K(36800K) Class: 5119K(5504K)->5119K(5504K)
[2026-07-01T01:35:28.842+0000][34.123s][info][gc          ] GC(47) Pause Young (Concurrent Start) (G1 Evacuation Pause) 247M->160M(264M) 82.528ms
[2026-07-01T01:35:28.842+0000][34.123s][info][gc          ] GC(48) Concurrent Mark Cycle
[2026-07-01T01:35:28.842+0000][34.123s][info][gc,marking  ] GC(48) Concurrent Scan Root Regions
[2026-07-01T01:35:28.842+0000][34.123s][info][gc,cpu      ] GC(47) User=0.04s Sys=0.00s Real=0.08s
[2026-07-01T01:35:29.046+0000][34.328s][info][gc,marking  ] GC(48) Concurrent Scan Root Regions 204.135ms
[2026-07-01T01:35:29.046+0000][34.328s][info][gc,marking  ] GC(48) Concurrent Mark
[2026-07-01T01:35:29.046+0000][34.328s][info][gc,marking  ] GC(48) Concurrent Mark From Roots
[2026-07-01T01:35:29.046+0000][34.328s][info][gc,task     ] GC(48) Using 1 workers of 1 for marking
[2026-07-01T01:35:30.857+0000][36.139s][info][gc,start    ] GC(49) Pause Young (Normal) (G1 Evacuation Pause)
[2026-07-01T01:35:30.857+0000][36.139s][info][gc,task     ] GC(49) Using 1 workers of 1 for evacuation
[2026-07-01T01:35:30.872+0000][36.154s][info][gc,phases   ] GC(49)   Pre Evacuate Collection Set: 0.15ms
[2026-07-01T01:35:30.872+0000][36.154s][info][gc,phases   ] GC(49)   Merge Heap Roots: 0.21ms
[2026-07-01T01:35:30.872+0000][36.154s][info][gc,phases   ] GC(49)   Evacuate Collection Set: 14.17ms
[2026-07-01T01:35:30.872+0000][36.154s][info][gc,phases   ] GC(49)   Post Evacuate Collection Set: 0.68ms
[2026-07-01T01:35:30.872+0000][36.154s][info][gc,phases   ] GC(49)   Other: 0.08ms
[2026-07-01T01:35:30.872+0000][36.154s][info][gc,heap     ] GC(49) Eden regions: 89->0(89)
[2026-07-01T01:35:30.872+0000][36.154s][info][gc,heap     ] GC(49) Survivor regions: 5->5(12)
[2026-07-01T01:35:30.872+0000][36.154s][info][gc,heap     ] GC(49) Old regions: 153->153
[2026-07-01T01:35:30.872+0000][36.154s][info][gc,heap     ] GC(49) Humongous regions: 3->3
[2026-07-01T01:35:30.872+0000][36.154s][info][gc,metaspace] GC(49) Metaspace: 41496K(42304K)->41496K(42304K) NonClass: 36376K(36800K)->36376K(36800K) Class: 5119K(5504K)->5119K(5504K)
[2026-07-01T01:35:30.872+0000][36.154s][info][gc          ] GC(49) Pause Young (Normal) (G1 Evacuation Pause) 249M->160M(264M) 15.437ms
[2026-07-01T01:35:30.872+0000][36.154s][info][gc,cpu      ] GC(49) User=0.02s Sys=0.00s Real=0.02s
[2026-07-01T01:35:31.639+0000][36.921s][info][gc,marking  ] GC(48) Concurrent Mark From Roots 2593.617ms
[2026-07-01T01:35:31.639+0000][36.921s][info][gc,marking  ] GC(48) Concurrent Preclean
[2026-07-01T01:35:31.640+0000][36.921s][info][gc,marking  ] GC(48) Concurrent Preclean 0.088ms
[2026-07-01T01:35:31.640+0000][36.921s][info][gc,start    ] GC(48) Pause Remark
[2026-07-01T01:35:31.650+0000][36.931s][info][gc          ] GC(48) Pause Remark 191M->191M(264M) 9.989ms
[2026-07-01T01:35:31.650+0000][36.931s][info][gc,cpu      ] GC(48) User=0.01s Sys=0.00s Real=0.01s
[2026-07-01T01:35:31.655+0000][36.937s][info][gc,marking  ] GC(48) Concurrent Mark 2609.158ms
[2026-07-01T01:35:31.655+0000][36.937s][info][gc,marking  ] GC(48) Concurrent Rebuild Remembered Sets and Scrub Regions
[2026-07-01T01:35:32.265+0000][37.547s][info][gc,marking  ] GC(48) Concurrent Rebuild Remembered Sets and Scrub Regions 610.306ms
[2026-07-01T01:35:32.266+0000][37.547s][info][gc,start    ] GC(48) Pause Cleanup
[2026-07-01T01:35:32.266+0000][37.548s][info][gc          ] GC(48) Pause Cleanup 218M->218M(264M) 0.217ms
[2026-07-01T01:35:32.266+0000][37.548s][info][gc,cpu      ] GC(48) User=0.00s Sys=0.00s Real=0.00s
[2026-07-01T01:35:32.266+0000][37.548s][info][gc,marking  ] GC(48) Concurrent Clear Claimed Marks
[2026-07-01T01:35:32.266+0000][37.548s][info][gc,marking  ] GC(48) Concurrent Clear Claimed Marks 0.106ms
[2026-07-01T01:35:32.266+0000][37.548s][info][gc,marking  ] GC(48) Concurrent Cleanup for Next Mark
[2026-07-01T01:35:32.339+0000][37.621s][info][gc,marking  ] GC(48) Concurrent Cleanup for Next Mark 72.458ms
[2026-07-01T01:35:32.339+0000][37.621s][info][gc          ] GC(48) Concurrent Mark Cycle 3497.364ms
[2026-07-01T01:35:32.853+0000][38.135s][info][gc,start    ] GC(50) Pause Young (Prepare Mixed) (G1 Evacuation Pause)
[2026-07-01T01:35:32.853+0000][38.135s][info][gc,task     ] GC(50) Using 1 workers of 1 for evacuation
[2026-07-01T01:35:32.870+0000][38.152s][info][gc,phases   ] GC(50)   Pre Evacuate Collection Set: 0.33ms
[2026-07-01T01:35:32.870+0000][38.152s][info][gc,phases   ] GC(50)   Merge Heap Roots: 0.31ms
[2026-07-01T01:35:32.870+0000][38.152s][info][gc,phases   ] GC(50)   Evacuate Collection Set: 15.26ms
[2026-07-01T01:35:32.870+0000][38.152s][info][gc,phases   ] GC(50)   Post Evacuate Collection Set: 0.90ms
[2026-07-01T01:35:32.870+0000][38.152s][info][gc,phases   ] GC(50)   Other: 0.07ms
[2026-07-01T01:35:32.870+0000][38.152s][info][gc,heap     ] GC(50) Eden regions: 89->0(89)
[2026-07-01T01:35:32.870+0000][38.152s][info][gc,heap     ] GC(50) Survivor regions: 5->5(12)
[2026-07-01T01:35:32.870+0000][38.152s][info][gc,heap     ] GC(50) Old regions: 153->153
[2026-07-01T01:35:32.870+0000][38.152s][info][gc,heap     ] GC(50) Humongous regions: 3->3
[2026-07-01T01:35:32.870+0000][38.152s][info][gc,metaspace] GC(50) Metaspace: 41527K(42304K)->41527K(42304K) NonClass: 36407K(36800K)->36407K(36800K) Class: 5119K(5504K)->5119K(5504K)
[2026-07-01T01:35:32.870+0000][38.152s][info][gc          ] GC(50) Pause Young (Prepare Mixed) (G1 Evacuation Pause) 249M->160M(264M) 17.040ms
[2026-07-01T01:35:32.870+0000][38.152s][info][gc,cpu      ] GC(50) User=0.03s Sys=0.00s Real=0.02s
[2026-07-01T01:35:34.571+0000][39.853s][info][gc,start    ] GC(51) Pause Young (Mixed) (G1 Evacuation Pause)
[2026-07-01T01:35:34.571+0000][39.853s][info][gc,task     ] GC(51) Using 1 workers of 1 for evacuation
[2026-07-01T01:35:34.646+0000][39.928s][info][gc,phases   ] GC(51)   Pre Evacuate Collection Set: 0.26ms
[2026-07-01T01:35:34.646+0000][39.928s][info][gc,phases   ] GC(51)   Merge Heap Roots: 0.23ms
[2026-07-01T01:35:34.646+0000][39.928s][info][gc,phases   ] GC(51)   Evacuate Collection Set: 73.68ms
[2026-07-01T01:35:34.646+0000][39.928s][info][gc,phases   ] GC(51)   Post Evacuate Collection Set: 0.70ms
[2026-07-01T01:35:34.646+0000][39.928s][info][gc,phases   ] GC(51)   Other: 0.05ms
[2026-07-01T01:35:34.646+0000][39.928s][info][gc,heap     ] GC(51) Eden regions: 89->0(89)
[2026-07-01T01:35:34.646+0000][39.928s][info][gc,heap     ] GC(51) Survivor regions: 5->5(12)
[2026-07-01T01:35:34.646+0000][39.928s][info][gc,heap     ] GC(51) Old regions: 153->153
[2026-07-01T01:35:34.646+0000][39.928s][info][gc,heap     ] GC(51) Humongous regions: 3->3
[2026-07-01T01:35:34.646+0000][39.928s][info][gc,metaspace] GC(51) Metaspace: 41544K(42368K)->41544K(42368K) NonClass: 36424K(36864K)->36424K(36864K) Class: 5119K(5504K)->5119K(5504K)
[2026-07-01T01:35:34.646+0000][39.928s][info][gc          ] GC(51) Pause Young (Mixed) (G1 Evacuation Pause) 249M->160M(264M) 75.086ms
[2026-07-01T01:35:34.646+0000][39.928s][info][gc,cpu      ] GC(51) User=0.04s Sys=0.00s Real=0.07s
[2026-07-01T01:35:36.264+0000][41.546s][info][gc,start    ] GC(52) Pause Young (Concurrent Start) (G1 Evacuation Pause)
[2026-07-01T01:35:36.264+0000][41.546s][info][gc,task     ] GC(52) Using 1 workers of 1 for evacuation
[2026-07-01T01:35:36.347+0000][41.629s][info][gc,phases   ] GC(52)   Pre Evacuate Collection Set: 0.17ms
[2026-07-01T01:35:36.347+0000][41.629s][info][gc,phases   ] GC(52)   Merge Heap Roots: 0.27ms
[2026-07-01T01:35:36.347+0000][41.629s][info][gc,phases   ] GC(52)   Evacuate Collection Set: 81.89ms
[2026-07-01T01:35:36.347+0000][41.629s][info][gc,phases   ] GC(52)   Post Evacuate Collection Set: 0.69ms
[2026-07-01T01:35:36.347+0000][41.629s][info][gc,phases   ] GC(52)   Other: 0.08ms
[2026-07-01T01:35:36.347+0000][41.629s][info][gc,heap     ] GC(52) Eden regions: 89->0(88)
[2026-07-01T01:35:36.347+0000][41.629s][info][gc,heap     ] GC(52) Survivor regions: 5->6(12)
[2026-07-01T01:35:36.347+0000][41.629s][info][gc,heap     ] GC(52) Old regions: 153->153
[2026-07-01T01:35:36.347+0000][41.629s][info][gc,heap     ] GC(52) Humongous regions: 3->3
[2026-07-01T01:35:36.347+0000][41.629s][info][gc,metaspace] GC(52) Metaspace: 41544K(42368K)->41544K(42368K) NonClass: 36424K(36864K)->36424K(36864K) Class: 5119K(5504K)->5119K(5504K)
[2026-07-01T01:35:36.347+0000][41.629s][info][gc          ] GC(52) Pause Young (Concurrent Start) (G1 Evacuation Pause) 249M->160M(264M) 83.258ms
[2026-07-01T01:35:36.347+0000][41.629s][info][gc,cpu      ] GC(52) User=0.03s Sys=0.00s Real=0.08s
[2026-07-01T01:35:36.347+0000][41.629s][info][gc          ] GC(53) Concurrent Mark Cycle
[2026-07-01T01:35:36.347+0000][41.629s][info][gc,marking  ] GC(53) Concurrent Scan Root Regions
[2026-07-01T01:35:36.372+0000][41.653s][info][gc,marking  ] GC(53) Concurrent Scan Root Regions 24.224ms
[2026-07-01T01:35:36.372+0000][41.653s][info][gc,marking  ] GC(53) Concurrent Mark
[2026-07-01T01:35:36.372+0000][41.653s][info][gc,marking  ] GC(53) Concurrent Mark From Roots
[2026-07-01T01:35:36.372+0000][41.653s][info][gc,task     ] GC(53) Using 1 workers of 1 for marking
[2026-07-01T01:35:38.436+0000][43.717s][info][gc,start    ] GC(54) Pause Young (Normal) (G1 Evacuation Pause)
[2026-07-01T01:35:38.436+0000][43.718s][info][gc,task     ] GC(54) Using 1 workers of 1 for evacuation
[2026-07-01T01:35:38.455+0000][43.736s][info][gc,phases   ] GC(54)   Pre Evacuate Collection Set: 0.17ms
[2026-07-01T01:35:38.455+0000][43.736s][info][gc,phases   ] GC(54)   Merge Heap Roots: 0.26ms
[2026-07-01T01:35:38.455+0000][43.736s][info][gc,phases   ] GC(54)   Evacuate Collection Set: 17.71ms
[2026-07-01T01:35:38.455+0000][43.736s][info][gc,phases   ] GC(54)   Post Evacuate Collection Set: 0.68ms
[2026-07-01T01:35:38.455+0000][43.736s][info][gc,phases   ] GC(54)   Other: 0.05ms
[2026-07-01T01:35:38.455+0000][43.736s][info][gc,heap     ] GC(54) Eden regions: 88->0(88)
[2026-07-01T01:35:38.455+0000][43.736s][info][gc,heap     ] GC(54) Survivor regions: 6->6(12)
[2026-07-01T01:35:38.455+0000][43.736s][info][gc,heap     ] GC(54) Old regions: 153->153
[2026-07-01T01:35:38.455+0000][43.736s][info][gc,heap     ] GC(54) Humongous regions: 3->3
[2026-07-01T01:35:38.455+0000][43.736s][info][gc,metaspace] GC(54) Metaspace: 41562K(42432K)->41562K(42432K) NonClass: 36442K(36928K)->36442K(36928K) Class: 5119K(5504K)->5119K(5504K)
[2026-07-01T01:35:38.455+0000][43.737s][info][gc          ] GC(54) Pause Young (Normal) (G1 Evacuation Pause) 248M->160M(264M) 19.011ms
[2026-07-01T01:35:38.455+0000][43.737s][info][gc,cpu      ] GC(54) User=0.04s Sys=0.00s Real=0.02s
[2026-07-01T01:35:38.658+0000][43.940s][info][gc,marking  ] GC(53) Concurrent Mark From Roots 2286.707ms
[2026-07-01T01:35:38.658+0000][43.940s][info][gc,marking  ] GC(53) Concurrent Preclean
[2026-07-01T01:35:38.658+0000][43.940s][info][gc,marking  ] GC(53) Concurrent Preclean 0.109ms
[2026-07-01T01:35:38.659+0000][43.941s][info][gc,start    ] GC(53) Pause Remark
[2026-07-01T01:35:38.670+0000][43.951s][info][gc          ] GC(53) Pause Remark 171M->171M(264M) 10.551ms
[2026-07-01T01:35:38.670+0000][43.951s][info][gc,cpu      ] GC(53) User=0.01s Sys=0.00s Real=0.01s
[2026-07-01T01:35:38.676+0000][43.958s][info][gc,marking  ] GC(53) Concurrent Mark 2304.546ms
[2026-07-01T01:35:38.676+0000][43.958s][info][gc,marking  ] GC(53) Concurrent Rebuild Remembered Sets and Scrub Regions
[2026-07-01T01:35:39.366+0000][44.648s][info][gc,marking  ] GC(53) Concurrent Rebuild Remembered Sets and Scrub Regions 690.236ms
[2026-07-01T01:35:39.369+0000][44.651s][info][gc,start    ] GC(53) Pause Cleanup
[2026-07-01T01:35:39.435+0000][44.717s][info][gc          ] GC(53) Pause Cleanup 206M->206M(264M) 66.090ms
[2026-07-01T01:35:39.435+0000][44.717s][info][gc,cpu      ] GC(53) User=0.00s Sys=0.00s Real=0.06s
[2026-07-01T01:35:39.435+0000][44.717s][info][gc,marking  ] GC(53) Concurrent Clear Claimed Marks
[2026-07-01T01:35:39.435+0000][44.717s][info][gc,marking  ] GC(53) Concurrent Clear Claimed Marks 0.122ms
[2026-07-01T01:35:39.435+0000][44.717s][info][gc,marking  ] GC(53) Concurrent Cleanup for Next Mark
[2026-07-01T01:35:39.440+0000][44.722s][info][gc,marking  ] GC(53) Concurrent Cleanup for Next Mark 5.042ms
[2026-07-01T01:35:39.440+0000][44.722s][info][gc          ] GC(53) Concurrent Mark Cycle 3092.938ms
[2026-07-01T01:35:40.240+0000][45.522s][info][gc,start    ] GC(55) Pause Young (Prepare Mixed) (G1 Evacuation Pause)
[2026-07-01T01:35:40.240+0000][45.522s][info][gc,task     ] GC(55) Using 1 workers of 1 for evacuation
[2026-07-01T01:35:40.259+0000][45.541s][info][gc,phases   ] GC(55)   Pre Evacuate Collection Set: 0.14ms
[2026-07-01T01:35:40.259+0000][45.541s][info][gc,phases   ] GC(55)   Merge Heap Roots: 0.37ms
[2026-07-01T01:35:40.259+0000][45.541s][info][gc,phases   ] GC(55)   Evacuate Collection Set: 17.17ms
[2026-07-01T01:35:40.259+0000][45.541s][info][gc,phases   ] GC(55)   Post Evacuate Collection Set: 0.67ms
[2026-07-01T01:35:40.259+0000][45.541s][info][gc,phases   ] GC(55)   Other: 0.07ms
[2026-07-01T01:35:40.259+0000][45.541s][info][gc,heap     ] GC(55) Eden regions: 88->0(88)
[2026-07-01T01:35:40.259+0000][45.541s][info][gc,heap     ] GC(55) Survivor regions: 6->6(12)
[2026-07-01T01:35:40.259+0000][45.541s][info][gc,heap     ] GC(55) Old regions: 153->153
[2026-07-01T01:35:40.259+0000][45.541s][info][gc,heap     ] GC(55) Humongous regions: 3->3
[2026-07-01T01:35:40.259+0000][45.541s][info][gc,metaspace] GC(55) Metaspace: 41569K(42432K)->41569K(42432K) NonClass: 36449K(36928K)->36449K(36928K) Class: 5119K(5504K)->5119K(5504K)
[2026-07-01T01:35:40.259+0000][45.541s][info][gc          ] GC(55) Pause Young (Prepare Mixed) (G1 Evacuation Pause) 248M->161M(264M) 18.569ms
[2026-07-01T01:35:40.259+0000][45.541s][info][gc,cpu      ] GC(55) User=0.02s Sys=0.00s Real=0.02s
[2026-07-01T01:35:41.869+0000][47.151s][info][gc,start    ] GC(56) Pause Young (Mixed) (G1 Evacuation Pause)
[2026-07-01T01:35:41.869+0000][47.151s][info][gc,task     ] GC(56) Using 1 workers of 1 for evacuation
[2026-07-01T01:35:41.947+0000][47.229s][info][gc,phases   ] GC(56)   Pre Evacuate Collection Set: 0.25ms
[2026-07-01T01:35:41.947+0000][47.229s][info][gc,phases   ] GC(56)   Merge Heap Roots: 0.39ms
[2026-07-01T01:35:41.947+0000][47.229s][info][gc,phases   ] GC(56)   Evacuate Collection Set: 76.56ms
[2026-07-01T01:35:41.947+0000][47.229s][info][gc,phases   ] GC(56)   Post Evacuate Collection Set: 0.80ms
[2026-07-01T01:35:41.947+0000][47.229s][info][gc,phases   ] GC(56)   Other: 0.36ms
[2026-07-01T01:35:41.947+0000][47.229s][info][gc,heap     ] GC(56) Eden regions: 88->0(88)
[2026-07-01T01:35:41.947+0000][47.229s][info][gc,heap     ] GC(56) Survivor regions: 6->6(12)
[2026-07-01T01:35:41.947+0000][47.229s][info][gc,heap     ] GC(56) Old regions: 153->153
[2026-07-01T01:35:41.947+0000][47.229s][info][gc,heap     ] GC(56) Humongous regions: 3->3
[2026-07-01T01:35:41.947+0000][47.229s][info][gc,metaspace] GC(56) Metaspace: 41571K(42432K)->41571K(42432K) NonClass: 36451K(36928K)->36451K(36928K) Class: 5119K(5504K)->5119K(5504K)
[2026-07-01T01:35:41.947+0000][47.229s][info][gc          ] GC(56) Pause Young (Mixed) (G1 Evacuation Pause) 249M->160M(264M) 78.513ms
[2026-07-01T01:35:41.947+0000][47.229s][info][gc,cpu      ] GC(56) User=0.03s Sys=0.00s Real=0.07s
[2026-07-01T01:35:43.535+0000][48.817s][info][gc,start    ] GC(57) Pause Young (Concurrent Start) (G1 Evacuation Pause)
[2026-07-01T01:35:43.535+0000][48.817s][info][gc,task     ] GC(57) Using 1 workers of 1 for evacuation
[2026-07-01T01:35:43.555+0000][48.836s][info][gc,phases   ] GC(57)   Pre Evacuate Collection Set: 0.20ms
[2026-07-01T01:35:43.555+0000][48.836s][info][gc,phases   ] GC(57)   Merge Heap Roots: 0.31ms
[2026-07-01T01:35:43.555+0000][48.836s][info][gc,phases   ] GC(57)   Evacuate Collection Set: 18.54ms
[2026-07-01T01:35:43.555+0000][48.836s][info][gc,phases   ] GC(57)   Post Evacuate Collection Set: 0.65ms
[2026-07-01T01:35:43.555+0000][48.836s][info][gc,phases   ] GC(57)   Other: 0.06ms
[2026-07-01T01:35:43.555+0000][48.836s][info][gc,heap     ] GC(57) Eden regions: 88->0(88)
[2026-07-01T01:35:43.555+0000][48.836s][info][gc,heap     ] GC(57) Survivor regions: 6->6(12)
[2026-07-01T01:35:43.555+0000][48.836s][info][gc,heap     ] GC(57) Old regions: 153->153
[2026-07-01T01:35:43.555+0000][48.836s][info][gc,heap     ] GC(57) Humongous regions: 3->3
[2026-07-01T01:35:43.555+0000][48.836s][info][gc,metaspace] GC(57) Metaspace: 41571K(42432K)->41571K(42432K) NonClass: 36451K(36928K)->36451K(36928K) Class: 5119K(5504K)->5119K(5504K)
[2026-07-01T01:35:43.555+0000][48.837s][info][gc          ] GC(57) Pause Young (Concurrent Start) (G1 Evacuation Pause) 248M->161M(264M) 19.928ms
[2026-07-01T01:35:43.555+0000][48.837s][info][gc,cpu      ] GC(57) User=0.02s Sys=0.00s Real=0.02s
[2026-07-01T01:35:43.562+0000][48.844s][info][gc          ] GC(58) Concurrent Mark Cycle
[2026-07-01T01:35:43.562+0000][48.844s][info][gc,marking  ] GC(58) Concurrent Scan Root Regions
[2026-07-01T01:35:43.573+0000][48.855s][info][gc,marking  ] GC(58) Concurrent Scan Root Regions 10.994ms
[2026-07-01T01:35:43.574+0000][48.855s][info][gc,marking  ] GC(58) Concurrent Mark
[2026-07-01T01:35:43.574+0000][48.855s][info][gc,marking  ] GC(58) Concurrent Mark From Roots
[2026-07-01T01:35:43.574+0000][48.855s][info][gc,task     ] GC(58) Using 1 workers of 1 for marking
[2026-07-01T01:35:45.564+0000][50.846s][info][gc,start    ] GC(59) Pause Young (Normal) (G1 Evacuation Pause)
[2026-07-01T01:35:45.564+0000][50.846s][info][gc,task     ] GC(59) Using 1 workers of 1 for evacuation
[2026-07-01T01:35:45.585+0000][50.866s][info][gc,phases   ] GC(59)   Pre Evacuate Collection Set: 0.16ms
[2026-07-01T01:35:45.585+0000][50.866s][info][gc,phases   ] GC(59)   Merge Heap Roots: 1.54ms
[2026-07-01T01:35:45.585+0000][50.866s][info][gc,phases   ] GC(59)   Evacuate Collection Set: 17.93ms
[2026-07-01T01:35:45.585+0000][50.866s][info][gc,phases   ] GC(59)   Post Evacuate Collection Set: 1.04ms
[2026-07-01T01:35:45.585+0000][50.866s][info][gc,phases   ] GC(59)   Other: 0.08ms
[2026-07-01T01:35:45.585+0000][50.866s][info][gc,heap     ] GC(59) Eden regions: 88->0(88)
[2026-07-01T01:35:45.585+0000][50.866s][info][gc,heap     ] GC(59) Survivor regions: 6->6(12)
[2026-07-01T01:35:45.585+0000][50.866s][info][gc,heap     ] GC(59) Old regions: 153->153
[2026-07-01T01:35:45.585+0000][50.866s][info][gc,heap     ] GC(59) Humongous regions: 3->3
[2026-07-01T01:35:45.585+0000][50.866s][info][gc,metaspace] GC(59) Metaspace: 41573K(42432K)->41573K(42432K) NonClass: 36453K(36928K)->36453K(36928K) Class: 5119K(5504K)->5119K(5504K)
[2026-07-01T01:35:45.585+0000][50.866s][info][gc          ] GC(59) Pause Young (Normal) (G1 Evacuation Pause) 249M->161M(264M) 20.900ms
[2026-07-01T01:35:45.585+0000][50.866s][info][gc,cpu      ] GC(59) User=0.02s Sys=0.00s Real=0.02s
[2026-07-01T01:35:45.740+0000][51.022s][info][gc,marking  ] GC(58) Concurrent Mark From Roots 2166.624ms
[2026-07-01T01:35:45.740+0000][51.022s][info][gc,marking  ] GC(58) Concurrent Preclean
[2026-07-01T01:35:45.740+0000][51.022s][info][gc,marking  ] GC(58) Concurrent Preclean 0.111ms
[2026-07-01T01:35:45.741+0000][51.023s][info][gc,start    ] GC(58) Pause Remark
[2026-07-01T01:35:45.751+0000][51.033s][info][gc          ] GC(58) Pause Remark 167M->167M(264M) 10.110ms
[2026-07-01T01:35:45.751+0000][51.033s][info][gc,cpu      ] GC(58) User=0.01s Sys=0.00s Real=0.01s
[2026-07-01T01:35:45.759+0000][51.041s][info][gc,marking  ] GC(58) Concurrent Mark 2185.293ms
[2026-07-01T01:35:45.759+0000][51.041s][info][gc,marking  ] GC(58) Concurrent Rebuild Remembered Sets and Scrub Regions
[2026-07-01T01:35:46.446+0000][51.727s][info][gc,marking  ] GC(58) Concurrent Rebuild Remembered Sets and Scrub Regions 686.821ms
[2026-07-01T01:35:46.447+0000][51.729s][info][gc,start    ] GC(58) Pause Cleanup
[2026-07-01T01:35:46.448+0000][51.729s][info][gc          ] GC(58) Pause Cleanup 200M->200M(264M) 0.170ms
[2026-07-01T01:35:46.448+0000][51.729s][info][gc,cpu      ] GC(58) User=0.00s Sys=0.00s Real=0.00s
[2026-07-01T01:35:46.449+0000][51.731s][info][gc,marking  ] GC(58) Concurrent Clear Claimed Marks
[2026-07-01T01:35:46.449+0000][51.731s][info][gc,marking  ] GC(58) Concurrent Clear Claimed Marks 0.171ms
[2026-07-01T01:35:46.449+0000][51.731s][info][gc,marking  ] GC(58) Concurrent Cleanup for Next Mark
[2026-07-01T01:35:46.451+0000][51.733s][info][gc,marking  ] GC(58) Concurrent Cleanup for Next Mark 1.924ms
[2026-07-01T01:35:46.451+0000][51.733s][info][gc          ] GC(58) Concurrent Mark Cycle 2888.651ms
[2026-07-01T01:35:47.344+0000][52.626s][info][gc,start    ] GC(60) Pause Young (Prepare Mixed) (G1 Evacuation Pause)
[2026-07-01T01:35:47.344+0000][52.626s][info][gc,task     ] GC(60) Using 1 workers of 1 for evacuation
[2026-07-01T01:35:47.364+0000][52.646s][info][gc,phases   ] GC(60)   Pre Evacuate Collection Set: 0.16ms
[2026-07-01T01:35:47.364+0000][52.646s][info][gc,phases   ] GC(60)   Merge Heap Roots: 0.42ms
[2026-07-01T01:35:47.364+0000][52.646s][info][gc,phases   ] GC(60)   Evacuate Collection Set: 18.38ms
[2026-07-01T01:35:47.364+0000][52.646s][info][gc,phases   ] GC(60)   Post Evacuate Collection Set: 0.63ms
[2026-07-01T01:35:47.364+0000][52.646s][info][gc,phases   ] GC(60)   Other: 0.08ms
[2026-07-01T01:35:47.364+0000][52.646s][info][gc,heap     ] GC(60) Eden regions: 88->0(88)
[2026-07-01T01:35:47.364+0000][52.646s][info][gc,heap     ] GC(60) Survivor regions: 6->6(12)
[2026-07-01T01:35:47.364+0000][52.646s][info][gc,heap     ] GC(60) Old regions: 153->153
[2026-07-01T01:35:47.364+0000][52.646s][info][gc,heap     ] GC(60) Humongous regions: 3->3
[2026-07-01T01:35:47.364+0000][52.646s][info][gc,metaspace] GC(60) Metaspace: 41577K(42432K)->41577K(42432K) NonClass: 36457K(36928K)->36457K(36928K) Class: 5119K(5504K)->5119K(5504K)
[2026-07-01T01:35:47.364+0000][52.646s][info][gc          ] GC(60) Pause Young (Prepare Mixed) (G1 Evacuation Pause) 249M->161M(264M) 19.833ms
[2026-07-01T01:35:47.364+0000][52.646s][info][gc,cpu      ] GC(60) User=0.04s Sys=0.00s Real=0.02s
[2026-07-01T01:35:49.040+0000][54.322s][info][gc,start    ] GC(61) Pause Young (Mixed) (G1 Evacuation Pause)
[2026-07-01T01:35:49.040+0000][54.322s][info][gc,task     ] GC(61) Using 1 workers of 1 for evacuation
[2026-07-01T01:35:49.062+0000][54.344s][info][gc,phases   ] GC(61)   Pre Evacuate Collection Set: 0.22ms
[2026-07-01T01:35:49.062+0000][54.344s][info][gc,phases   ] GC(61)   Merge Heap Roots: 0.39ms
[2026-07-01T01:35:49.062+0000][54.344s][info][gc,phases   ] GC(61)   Evacuate Collection Set: 20.75ms
[2026-07-01T01:35:49.062+0000][54.344s][info][gc,phases   ] GC(61)   Post Evacuate Collection Set: 0.97ms
[2026-07-01T01:35:49.062+0000][54.344s][info][gc,phases   ] GC(61)   Other: 0.06ms
[2026-07-01T01:35:49.062+0000][54.344s][info][gc,heap     ] GC(61) Eden regions: 88->0(88)
[2026-07-01T01:35:49.062+0000][54.344s][info][gc,heap     ] GC(61) Survivor regions: 6->6(12)
[2026-07-01T01:35:49.062+0000][54.344s][info][gc,heap     ] GC(61) Old regions: 153->153
[2026-07-01T01:35:49.062+0000][54.344s][info][gc,heap     ] GC(61) Humongous regions: 3->3
[2026-07-01T01:35:49.062+0000][54.344s][info][gc,metaspace] GC(61) Metaspace: 41577K(42432K)->41577K(42432K) NonClass: 36457K(36928K)->36457K(36928K) Class: 5120K(5504K)->5120K(5504K)
[2026-07-01T01:35:49.062+0000][54.344s][info][gc          ] GC(61) Pause Young (Mixed) (G1 Evacuation Pause) 249M->161M(264M) 22.558ms
[2026-07-01T01:35:49.063+0000][54.344s][info][gc,cpu      ] GC(61) User=0.02s Sys=0.00s Real=0.02s
[2026-07-01T01:35:50.569+0000][55.851s][info][gc,start    ] GC(62) Pause Young (Concurrent Start) (G1 Evacuation Pause)
[2026-07-01T01:35:50.570+0000][55.851s][info][gc,task     ] GC(62) Using 1 workers of 1 for evacuation
[2026-07-01T01:35:50.640+0000][55.922s][info][gc,phases   ] GC(62)   Pre Evacuate Collection Set: 0.61ms
[2026-07-01T01:35:50.640+0000][55.922s][info][gc,phases   ] GC(62)   Merge Heap Roots: 0.26ms
[2026-07-01T01:35:50.640+0000][55.922s][info][gc,phases   ] GC(62)   Evacuate Collection Set: 68.68ms
[2026-07-01T01:35:50.640+0000][55.922s][info][gc,phases   ] GC(62)   Post Evacuate Collection Set: 0.58ms
[2026-07-01T01:35:50.640+0000][55.922s][info][gc,phases   ] GC(62)   Other: 0.07ms
[2026-07-01T01:35:50.640+0000][55.922s][info][gc,heap     ] GC(62) Eden regions: 88->0(88)
[2026-07-01T01:35:50.640+0000][55.922s][info][gc,heap     ] GC(62) Survivor regions: 6->6(12)
[2026-07-01T01:35:50.640+0000][55.922s][info][gc,heap     ] GC(62) Old regions: 153->153
[2026-07-01T01:35:50.640+0000][55.922s][info][gc,heap     ] GC(62) Humongous regions: 3->3
[2026-07-01T01:35:50.640+0000][55.922s][info][gc,metaspace] GC(62) Metaspace: 41577K(42432K)->41577K(42432K) NonClass: 36457K(36928K)->36457K(36928K) Class: 5120K(5504K)->5120K(5504K)
[2026-07-01T01:35:50.640+0000][55.922s][info][gc          ] GC(62) Pause Young (Concurrent Start) (G1 Evacuation Pause) 249M->162M(264M) 70.373ms
[2026-07-01T01:35:50.640+0000][55.922s][info][gc,cpu      ] GC(62) User=0.03s Sys=0.00s Real=0.07s
[2026-07-01T01:35:50.640+0000][55.922s][info][gc          ] GC(63) Concurrent Mark Cycle
[2026-07-01T01:35:50.640+0000][55.922s][info][gc,marking  ] GC(63) Concurrent Scan Root Regions
[2026-07-01T01:35:50.665+0000][55.946s][info][gc,marking  ] GC(63) Concurrent Scan Root Regions 24.657ms
[2026-07-01T01:35:50.665+0000][55.946s][info][gc,marking  ] GC(63) Concurrent Mark
[2026-07-01T01:35:50.665+0000][55.946s][info][gc,marking  ] GC(63) Concurrent Mark From Roots
[2026-07-01T01:35:50.665+0000][55.946s][info][gc,task     ] GC(63) Using 1 workers of 1 for marking
[2026-07-01T01:35:52.550+0000][57.832s][info][gc,start    ] GC(64) Pause Young (Normal) (G1 Evacuation Pause)
[2026-07-01T01:35:52.550+0000][57.832s][info][gc,task     ] GC(64) Using 1 workers of 1 for evacuation
[2026-07-01T01:35:52.570+0000][57.852s][info][gc,phases   ] GC(64)   Pre Evacuate Collection Set: 0.30ms
[2026-07-01T01:35:52.570+0000][57.852s][info][gc,phases   ] GC(64)   Merge Heap Roots: 0.29ms
[2026-07-01T01:35:52.570+0000][57.852s][info][gc,phases   ] GC(64)   Evacuate Collection Set: 18.84ms
[2026-07-01T01:35:52.570+0000][57.852s][info][gc,phases   ] GC(64)   Post Evacuate Collection Set: 0.62ms
[2026-07-01T01:35:52.570+0000][57.852s][info][gc,phases   ] GC(64)   Other: 0.06ms
[2026-07-01T01:35:52.571+0000][57.852s][info][gc,heap     ] GC(64) Eden regions: 88->0(87)
[2026-07-01T01:35:52.571+0000][57.852s][info][gc,heap     ] GC(64) Survivor regions: 6->6(12)
[2026-07-01T01:35:52.571+0000][57.852s][info][gc,heap     ] GC(64) Old regions: 153->154
[2026-07-01T01:35:52.571+0000][57.852s][info][gc,heap     ] GC(64) Humongous regions: 3->3
[2026-07-01T01:35:52.571+0000][57.852s][info][gc,metaspace] GC(64) Metaspace: 41579K(42432K)->41579K(42432K) NonClass: 36459K(36928K)->36459K(36928K) Class: 5120K(5504K)->5120K(5504K)
[2026-07-01T01:35:52.571+0000][57.852s][info][gc          ] GC(64) Pause Young (Normal) (G1 Evacuation Pause) 250M->162M(264M) 20.271ms
[2026-07-01T01:35:52.571+0000][57.852s][info][gc,cpu      ] GC(64) User=0.02s Sys=0.00s Real=0.02s
[2026-07-01T01:35:52.638+0000][57.920s][info][gc,marking  ] GC(63) Concurrent Mark From Roots 1973.176ms
[2026-07-01T01:35:52.638+0000][57.920s][info][gc,marking  ] GC(63) Concurrent Preclean
[2026-07-01T01:35:52.638+0000][57.920s][info][gc,marking  ] GC(63) Concurrent Preclean 0.099ms
[2026-07-01T01:35:52.638+0000][57.920s][info][gc,start    ] GC(63) Pause Remark
[2026-07-01T01:35:52.650+0000][57.931s][info][gc          ] GC(63) Pause Remark 164M->164M(264M) 11.335ms
[2026-07-01T01:35:52.650+0000][57.931s][info][gc,cpu      ] GC(63) User=0.01s Sys=0.00s Real=0.01s
[2026-07-01T01:35:52.651+0000][57.933s][info][gc,marking  ] GC(63) Concurrent Mark 1986.720ms
[2026-07-01T01:35:52.652+0000][57.934s][info][gc,marking  ] GC(63) Concurrent Rebuild Remembered Sets and Scrub Regions
[2026-07-01T01:35:53.239+0000][58.521s][info][gc,marking  ] GC(63) Concurrent Rebuild Remembered Sets and Scrub Regions 587.275ms
[2026-07-01T01:35:53.239+0000][58.521s][info][gc,start    ] GC(63) Pause Cleanup
[2026-07-01T01:35:53.240+0000][58.522s][info][gc          ] GC(63) Pause Cleanup 191M->191M(264M) 0.760ms
[2026-07-01T01:35:53.240+0000][58.522s][info][gc,cpu      ] GC(63) User=0.00s Sys=0.00s Real=0.00s
[2026-07-01T01:35:53.241+0000][58.523s][info][gc,marking  ] GC(63) Concurrent Clear Claimed Marks
[2026-07-01T01:35:53.241+0000][58.523s][info][gc,marking  ] GC(63) Concurrent Clear Claimed Marks 0.166ms
[2026-07-01T01:35:53.241+0000][58.523s][info][gc,marking  ] GC(63) Concurrent Cleanup for Next Mark
[2026-07-01T01:35:53.247+0000][58.528s][info][gc,marking  ] GC(63) Concurrent Cleanup for Next Mark 5.524ms
[2026-07-01T01:35:53.247+0000][58.528s][info][gc          ] GC(63) Concurrent Mark Cycle 2606.773ms
[2026-07-01T01:35:54.245+0000][59.527s][info][gc,start    ] GC(65) Pause Young (Prepare Mixed) (G1 Evacuation Pause)
[2026-07-01T01:35:54.245+0000][59.527s][info][gc,task     ] GC(65) Using 1 workers of 1 for evacuation
[2026-07-01T01:35:54.267+0000][59.549s][info][gc,phases   ] GC(65)   Pre Evacuate Collection Set: 0.35ms
[2026-07-01T01:35:54.267+0000][59.549s][info][gc,phases   ] GC(65)   Merge Heap Roots: 0.44ms
[2026-07-01T01:35:54.267+0000][59.549s][info][gc,phases   ] GC(65)   Evacuate Collection Set: 20.27ms
[2026-07-01T01:35:54.267+0000][59.549s][info][gc,phases   ] GC(65)   Post Evacuate Collection Set: 1.00ms
[2026-07-01T01:35:54.267+0000][59.549s][info][gc,phases   ] GC(65)   Other: 0.06ms
[2026-07-01T01:35:54.267+0000][59.549s][info][gc,heap     ] GC(65) Eden regions: 87->0(87)
[2026-07-01T01:35:54.267+0000][59.549s][info][gc,heap     ] GC(65) Survivor regions: 6->6(12)
[2026-07-01T01:35:54.267+0000][59.549s][info][gc,heap     ] GC(65) Old regions: 154->154
[2026-07-01T01:35:54.267+0000][59.549s][info][gc,heap     ] GC(65) Humongous regions: 3->3
[2026-07-01T01:35:54.267+0000][59.549s][info][gc,metaspace] GC(65) Metaspace: 41582K(42432K)->41582K(42432K) NonClass: 36462K(36928K)->36462K(36928K) Class: 5120K(5504K)->5120K(5504K)
[2026-07-01T01:35:54.267+0000][59.549s][info][gc          ] GC(65) Pause Young (Prepare Mixed) (G1 Evacuation Pause) 249M->162M(264M) 22.348ms
[2026-07-01T01:35:54.267+0000][59.549s][info][gc,cpu      ] GC(65) User=0.04s Sys=0.00s Real=0.02s
[2026-07-01T01:35:55.759+0000][61.041s][info][gc,start    ] GC(66) Pause Young (Mixed) (G1 Evacuation Pause)
[2026-07-01T01:35:55.759+0000][61.041s][info][gc,task     ] GC(66) Using 1 workers of 1 for evacuation
[2026-07-01T01:35:55.850+0000][61.132s][info][gc,phases   ] GC(66)   Pre Evacuate Collection Set: 0.91ms
[2026-07-01T01:35:55.850+0000][61.132s][info][gc,phases   ] GC(66)   Merge Heap Roots: 0.41ms
[2026-07-01T01:35:55.850+0000][61.132s][info][gc,phases   ] GC(66)   Evacuate Collection Set: 88.70ms
[2026-07-01T01:35:55.850+0000][61.132s][info][gc,phases   ] GC(66)   Post Evacuate Collection Set: 0.74ms
[2026-07-01T01:35:55.850+0000][61.132s][info][gc,phases   ] GC(66)   Other: 0.07ms
[2026-07-01T01:35:55.850+0000][61.132s][info][gc,heap     ] GC(66) Eden regions: 87->0(87)
[2026-07-01T01:35:55.850+0000][61.132s][info][gc,heap     ] GC(66) Survivor regions: 6->6(12)
[2026-07-01T01:35:55.850+0000][61.132s][info][gc,heap     ] GC(66) Old regions: 154->154
[2026-07-01T01:35:55.850+0000][61.132s][info][gc,heap     ] GC(66) Humongous regions: 3->3
[2026-07-01T01:35:55.850+0000][61.132s][info][gc,metaspace] GC(66) Metaspace: 41585K(42432K)->41585K(42432K) NonClass: 36465K(36928K)->36465K(36928K) Class: 5120K(5504K)->5120K(5504K)
[2026-07-01T01:35:55.850+0000][61.132s][info][gc          ] GC(66) Pause Young (Mixed) (G1 Evacuation Pause) 249M->162M(264M) 91.038ms
[2026-07-01T01:35:55.850+0000][61.132s][info][gc,cpu      ] GC(66) User=0.06s Sys=0.00s Real=0.09s
[2026-07-01T01:35:57.441+0000][62.722s][info][gc,start    ] GC(67) Pause Young (Concurrent Start) (G1 Evacuation Pause)
[2026-07-01T01:35:57.441+0000][62.722s][info][gc,task     ] GC(67) Using 1 workers of 1 for evacuation
[2026-07-01T01:35:57.462+0000][62.744s][info][gc,phases   ] GC(67)   Pre Evacuate Collection Set: 0.20ms
[2026-07-01T01:35:57.462+0000][62.744s][info][gc,phases   ] GC(67)   Merge Heap Roots: 0.41ms
[2026-07-01T01:35:57.462+0000][62.744s][info][gc,phases   ] GC(67)   Evacuate Collection Set: 19.75ms
[2026-07-01T01:35:57.462+0000][62.744s][info][gc,phases   ] GC(67)   Post Evacuate Collection Set: 1.20ms
[2026-07-01T01:35:57.462+0000][62.744s][info][gc,phases   ] GC(67)   Other: 0.09ms
[2026-07-01T01:35:57.462+0000][62.744s][info][gc,heap     ] GC(67) Eden regions: 87->0(87)
[2026-07-01T01:35:57.462+0000][62.744s][info][gc,heap     ] GC(67) Survivor regions: 6->6(12)
[2026-07-01T01:35:57.462+0000][62.744s][info][gc,heap     ] GC(67) Old regions: 154->154
[2026-07-01T01:35:57.462+0000][62.744s][info][gc,heap     ] GC(67) Humongous regions: 3->3
[2026-07-01T01:35:57.462+0000][62.744s][info][gc,metaspace] GC(67) Metaspace: 41585K(42432K)->41585K(42432K) NonClass: 36465K(36928K)->36465K(36928K) Class: 5120K(5504K)->5120K(5504K)
[2026-07-01T01:35:57.462+0000][62.744s][info][gc          ] GC(67) Pause Young (Concurrent Start) (G1 Evacuation Pause) 249M->162M(264M) 21.813ms
[2026-07-01T01:35:57.462+0000][62.744s][info][gc,cpu      ] GC(67) User=0.04s Sys=0.00s Real=0.02s
[2026-07-01T01:35:57.462+0000][62.744s][info][gc          ] GC(68) Concurrent Mark Cycle
[2026-07-01T01:35:57.462+0000][62.744s][info][gc,marking  ] GC(68) Concurrent Scan Root Regions
[2026-07-01T01:35:57.659+0000][62.941s][info][gc,marking  ] GC(68) Concurrent Scan Root Regions 196.417ms
[2026-07-01T01:35:57.659+0000][62.941s][info][gc,marking  ] GC(68) Concurrent Mark
[2026-07-01T01:35:57.659+0000][62.941s][info][gc,marking  ] GC(68) Concurrent Mark From Roots
[2026-07-01T01:35:57.659+0000][62.941s][info][gc,task     ] GC(68) Using 1 workers of 1 for marking
[2026-07-01T01:35:59.247+0000][64.529s][info][gc,start    ] GC(69) Pause Young (Normal) (G1 Evacuation Pause)
[2026-07-01T01:35:59.248+0000][64.529s][info][gc,task     ] GC(69) Using 1 workers of 1 for evacuation
[2026-07-01T01:35:59.269+0000][64.550s][info][gc,phases   ] GC(69)   Pre Evacuate Collection Set: 0.11ms
[2026-07-01T01:35:59.269+0000][64.550s][info][gc,phases   ] GC(69)   Merge Heap Roots: 0.24ms
[2026-07-01T01:35:59.269+0000][64.550s][info][gc,phases   ] GC(69)   Evacuate Collection Set: 19.96ms
[2026-07-01T01:35:59.269+0000][64.550s][info][gc,phases   ] GC(69)   Post Evacuate Collection Set: 0.62ms
[2026-07-01T01:35:59.269+0000][64.550s][info][gc,phases   ] GC(69)   Other: 0.05ms
[2026-07-01T01:35:59.269+0000][64.550s][info][gc,heap     ] GC(69) Eden regions: 87->0(87)
[2026-07-01T01:35:59.269+0000][64.550s][info][gc,heap     ] GC(69) Survivor regions: 6->6(12)
[2026-07-01T01:35:59.269+0000][64.550s][info][gc,heap     ] GC(69) Old regions: 154->154
[2026-07-01T01:35:59.269+0000][64.550s][info][gc,heap     ] GC(69) Humongous regions: 3->3
[2026-07-01T01:35:59.269+0000][64.550s][info][gc,metaspace] GC(69) Metaspace: 41585K(42432K)->41585K(42432K) NonClass: 36465K(36928K)->36465K(36928K) Class: 5120K(5504K)->5120K(5504K)
[2026-07-01T01:35:59.269+0000][64.550s][info][gc          ] GC(69) Pause Young (Normal) (G1 Evacuation Pause) 249M->162M(264M) 21.127ms
[2026-07-01T01:35:59.269+0000][64.550s][info][gc,cpu      ] GC(69) User=0.02s Sys=0.00s Real=0.03s
[2026-07-01T01:35:59.565+0000][64.847s][info][gc,marking  ] GC(68) Concurrent Mark From Roots 1905.981ms
[2026-07-01T01:35:59.565+0000][64.847s][info][gc,marking  ] GC(68) Concurrent Preclean
[2026-07-01T01:35:59.565+0000][64.847s][info][gc,marking  ] GC(68) Concurrent Preclean 0.137ms
[2026-07-01T01:35:59.565+0000][64.847s][info][gc,start    ] GC(68) Pause Remark
[2026-07-01T01:35:59.639+0000][64.921s][info][gc          ] GC(68) Pause Remark 177M->177M(264M) 74.267ms
[2026-07-01T01:35:59.640+0000][64.921s][info][gc,cpu      ] GC(68) User=0.01s Sys=0.00s Real=0.08s
[2026-07-01T01:35:59.645+0000][64.926s][info][gc,marking  ] GC(68) Concurrent Mark 1985.683ms
[2026-07-01T01:35:59.645+0000][64.926s][info][gc,marking  ] GC(68) Concurrent Rebuild Remembered Sets and Scrub Regions
[2026-07-01T01:36:00.339+0000][65.621s][info][gc,marking  ] GC(68) Concurrent Rebuild Remembered Sets and Scrub Regions 694.591ms
[2026-07-01T01:36:00.339+0000][65.621s][info][gc,start    ] GC(68) Pause Cleanup
[2026-07-01T01:36:00.340+0000][65.621s][info][gc          ] GC(68) Pause Cleanup 213M->213M(264M) 0.156ms
[2026-07-01T01:36:00.340+0000][65.621s][info][gc,cpu      ] GC(68) User=0.01s Sys=0.00s Real=0.00s
[2026-07-01T01:36:00.340+0000][65.622s][info][gc,marking  ] GC(68) Concurrent Clear Claimed Marks
[2026-07-01T01:36:00.340+0000][65.622s][info][gc,marking  ] GC(68) Concurrent Clear Claimed Marks 0.087ms
[2026-07-01T01:36:00.340+0000][65.622s][info][gc,marking  ] GC(68) Concurrent Cleanup for Next Mark
[2026-07-01T01:36:00.340+0000][65.622s][info][gc,marking  ] GC(68) Concurrent Cleanup for Next Mark 0.498ms
[2026-07-01T01:36:00.341+0000][65.622s][info][gc          ] GC(68) Concurrent Mark Cycle 2878.079ms
[2026-07-01T01:36:01.042+0000][66.324s][info][gc,start    ] GC(70) Pause Young (Prepare Mixed) (G1 Evacuation Pause)
[2026-07-01T01:36:01.042+0000][66.324s][info][gc,task     ] GC(70) Using 1 workers of 1 for evacuation
[2026-07-01T01:36:01.062+0000][66.344s][info][gc,phases   ] GC(70)   Pre Evacuate Collection Set: 0.53ms
[2026-07-01T01:36:01.062+0000][66.344s][info][gc,phases   ] GC(70)   Merge Heap Roots: 0.47ms
[2026-07-01T01:36:01.062+0000][66.344s][info][gc,phases   ] GC(70)   Evacuate Collection Set: 18.72ms
[2026-07-01T01:36:01.062+0000][66.344s][info][gc,phases   ] GC(70)   Post Evacuate Collection Set: 0.55ms
[2026-07-01T01:36:01.062+0000][66.344s][info][gc,phases   ] GC(70)   Other: 0.06ms
[2026-07-01T01:36:01.062+0000][66.344s][info][gc,heap     ] GC(70) Eden regions: 87->0(86)
[2026-07-01T01:36:01.062+0000][66.344s][info][gc,heap     ] GC(70) Survivor regions: 6->6(12)
[2026-07-01T01:36:01.062+0000][66.344s][info][gc,heap     ] GC(70) Old regions: 154->155
[2026-07-01T01:36:01.062+0000][66.344s][info][gc,heap     ] GC(70) Humongous regions: 3->3
[2026-07-01T01:36:01.062+0000][66.344s][info][gc,metaspace] GC(70) Metaspace: 41586K(42432K)->41586K(42432K) NonClass: 36465K(36928K)->36465K(36928K) Class: 5120K(5504K)->5120K(5504K)
[2026-07-01T01:36:01.062+0000][66.344s][info][gc          ] GC(70) Pause Young (Prepare Mixed) (G1 Evacuation Pause) 249M->163M(264M) 20.487ms
[2026-07-01T01:36:01.062+0000][66.344s][info][gc,cpu      ] GC(70) User=0.03s Sys=0.00s Real=0.02s
[2026-07-01T01:36:02.465+0000][67.747s][info][gc,start    ] GC(71) Pause Young (Mixed) (G1 Evacuation Pause)
[2026-07-01T01:36:02.465+0000][67.747s][info][gc,task     ] GC(71) Using 1 workers of 1 for evacuation
[2026-07-01T01:36:02.549+0000][67.831s][info][gc,phases   ] GC(71)   Pre Evacuate Collection Set: 0.15ms
[2026-07-01T01:36:02.549+0000][67.831s][info][gc,phases   ] GC(71)   Merge Heap Roots: 0.40ms
[2026-07-01T01:36:02.549+0000][67.831s][info][gc,phases   ] GC(71)   Evacuate Collection Set: 82.04ms
[2026-07-01T01:36:02.549+0000][67.831s][info][gc,phases   ] GC(71)   Post Evacuate Collection Set: 1.15ms
[2026-07-01T01:36:02.549+0000][67.831s][info][gc,phases   ] GC(71)   Other: 0.06ms
[2026-07-01T01:36:02.549+0000][67.831s][info][gc,heap     ] GC(71) Eden regions: 86->0(86)
[2026-07-01T01:36:02.549+0000][67.831s][info][gc,heap     ] GC(71) Survivor regions: 6->6(12)
[2026-07-01T01:36:02.549+0000][67.831s][info][gc,heap     ] GC(71) Old regions: 155->155
[2026-07-01T01:36:02.549+0000][67.831s][info][gc,heap     ] GC(71) Humongous regions: 3->3
[2026-07-01T01:36:02.549+0000][67.831s][info][gc,metaspace] GC(71) Metaspace: 41587K(42432K)->41587K(42432K) NonClass: 36466K(36928K)->36466K(36928K) Class: 5120K(5504K)->5120K(5504K)
[2026-07-01T01:36:02.549+0000][67.831s][info][gc          ] GC(71) Pause Young (Mixed) (G1 Evacuation Pause) 249M->163M(264M) 83.991ms
[2026-07-01T01:36:02.549+0000][67.831s][info][gc,cpu      ] GC(71) User=0.06s Sys=0.00s Real=0.09s
[2026-07-01T01:36:03.941+0000][69.223s][info][gc,start    ] GC(72) Pause Young (Concurrent Start) (G1 Evacuation Pause)
[2026-07-01T01:36:03.941+0000][69.223s][info][gc,task     ] GC(72) Using 1 workers of 1 for evacuation
[2026-07-01T01:36:03.962+0000][69.244s][info][gc,phases   ] GC(72)   Pre Evacuate Collection Set: 0.15ms
[2026-07-01T01:36:03.962+0000][69.244s][info][gc,phases   ] GC(72)   Merge Heap Roots: 0.33ms
[2026-07-01T01:36:03.962+0000][69.244s][info][gc,phases   ] GC(72)   Evacuate Collection Set: 19.54ms
[2026-07-01T01:36:03.962+0000][69.244s][info][gc,phases   ] GC(72)   Post Evacuate Collection Set: 0.68ms
[2026-07-01T01:36:03.962+0000][69.244s][info][gc,phases   ] GC(72)   Other: 0.07ms
[2026-07-01T01:36:03.962+0000][69.244s][info][gc,heap     ] GC(72) Eden regions: 86->0(86)
[2026-07-01T01:36:03.962+0000][69.244s][info][gc,heap     ] GC(72) Survivor regions: 6->6(12)
[2026-07-01T01:36:03.962+0000][69.244s][info][gc,heap     ] GC(72) Old regions: 155->155
[2026-07-01T01:36:03.962+0000][69.244s][info][gc,heap     ] GC(72) Humongous regions: 3->3
[2026-07-01T01:36:03.962+0000][69.244s][info][gc,metaspace] GC(72) Metaspace: 41588K(42432K)->41588K(42432K) NonClass: 36467K(36928K)->36467K(36928K) Class: 5120K(5504K)->5120K(5504K)
[2026-07-01T01:36:03.962+0000][69.244s][info][gc          ] GC(72) Pause Young (Concurrent Start) (G1 Evacuation Pause) 249M->163M(264M) 20.919ms
[2026-07-01T01:36:03.962+0000][69.244s][info][gc,cpu      ] GC(72) User=0.02s Sys=0.00s Real=0.02s
[2026-07-01T01:36:03.962+0000][69.244s][info][gc          ] GC(73) Concurrent Mark Cycle
[2026-07-01T01:36:03.962+0000][69.244s][info][gc,marking  ] GC(73) Concurrent Scan Root Regions
[2026-07-01T01:36:04.047+0000][69.329s][info][gc,marking  ] GC(73) Concurrent Scan Root Regions 84.312ms
[2026-07-01T01:36:04.047+0000][69.329s][info][gc,marking  ] GC(73) Concurrent Mark
[2026-07-01T01:36:04.047+0000][69.329s][info][gc,marking  ] GC(73) Concurrent Mark From Roots
[2026-07-01T01:36:04.047+0000][69.329s][info][gc,task     ] GC(73) Using 1 workers of 1 for marking
[2026-07-01T01:36:05.651+0000][70.933s][info][gc,marking  ] GC(73) Concurrent Mark From Roots 1604.265ms
[2026-07-01T01:36:05.651+0000][70.933s][info][gc,marking  ] GC(73) Concurrent Preclean
[2026-07-01T01:36:05.651+0000][70.933s][info][gc,marking  ] GC(73) Concurrent Preclean 0.114ms
[2026-07-01T01:36:05.652+0000][70.933s][info][gc,start    ] GC(73) Pause Remark
[2026-07-01T01:36:05.662+0000][70.944s][info][gc          ] GC(73) Pause Remark 247M->247M(264M) 10.531ms
[2026-07-01T01:36:05.662+0000][70.944s][info][gc,cpu      ] GC(73) User=0.01s Sys=0.00s Real=0.01s
[2026-07-01T01:36:05.664+0000][70.946s][info][gc,marking  ] GC(73) Concurrent Mark 1617.474ms
[2026-07-01T01:36:05.664+0000][70.946s][info][gc,marking  ] GC(73) Concurrent Rebuild Remembered Sets and Scrub Regions
[2026-07-01T01:36:05.739+0000][71.021s][info][gc,start    ] GC(74) Pause Young (Normal) (G1 Evacuation Pause)
[2026-07-01T01:36:05.739+0000][71.021s][info][gc,task     ] GC(74) Using 1 workers of 1 for evacuation
[2026-07-01T01:36:05.762+0000][71.043s][info][gc,phases   ] GC(74)   Pre Evacuate Collection Set: 0.97ms
[2026-07-01T01:36:05.762+0000][71.043s][info][gc,phases   ] GC(74)   Merge Heap Roots: 0.27ms
[2026-07-01T01:36:05.762+0000][71.043s][info][gc,phases   ] GC(74)   Evacuate Collection Set: 20.48ms
[2026-07-01T01:36:05.762+0000][71.043s][info][gc,phases   ] GC(74)   Post Evacuate Collection Set: 0.60ms
[2026-07-01T01:36:05.762+0000][71.043s][info][gc,phases   ] GC(74)   Other: 0.09ms
[2026-07-01T01:36:05.762+0000][71.043s][info][gc,heap     ] GC(74) Eden regions: 86->0(86)
[2026-07-01T01:36:05.762+0000][71.043s][info][gc,heap     ] GC(74) Survivor regions: 6->6(12)
[2026-07-01T01:36:05.762+0000][71.043s][info][gc,heap     ] GC(74) Old regions: 155->155
[2026-07-01T01:36:05.762+0000][71.043s][info][gc,heap     ] GC(74) Humongous regions: 3->3
[2026-07-01T01:36:05.762+0000][71.043s][info][gc,metaspace] GC(74) Metaspace: 41611K(42432K)->41611K(42432K) NonClass: 36490K(36928K)->36490K(36928K) Class: 5120K(5504K)->5120K(5504K)
[2026-07-01T01:36:05.762+0000][71.043s][info][gc          ] GC(74) Pause Young (Normal) (G1 Evacuation Pause) 249M->163M(264M) 22.589ms
[2026-07-01T01:36:05.762+0000][71.043s][info][gc,cpu      ] GC(74) User=0.02s Sys=0.00s Real=0.02s
[2026-07-01T01:36:06.439+0000][71.721s][info][gc,marking  ] GC(73) Concurrent Rebuild Remembered Sets and Scrub Regions 774.961ms
[2026-07-01T01:36:06.440+0000][71.722s][info][gc,start    ] GC(73) Pause Cleanup
[2026-07-01T01:36:06.440+0000][71.722s][info][gc          ] GC(73) Pause Cleanup 202M->202M(264M) 0.180ms
[2026-07-01T01:36:06.440+0000][71.722s][info][gc,cpu      ] GC(73) User=0.00s Sys=0.00s Real=0.00s
[2026-07-01T01:36:06.441+0000][71.723s][info][gc,marking  ] GC(73) Concurrent Clear Claimed Marks
[2026-07-01T01:36:06.441+0000][71.723s][info][gc,marking  ] GC(73) Concurrent Clear Claimed Marks 0.114ms
[2026-07-01T01:36:06.441+0000][71.723s][info][gc,marking  ] GC(73) Concurrent Cleanup for Next Mark
[2026-07-01T01:36:06.444+0000][71.726s][info][gc,marking  ] GC(73) Concurrent Cleanup for Next Mark 2.695ms
[2026-07-01T01:36:06.444+0000][71.726s][info][gc          ] GC(73) Concurrent Mark Cycle 2481.606ms
[2026-07-01T01:36:07.250+0000][72.532s][info][gc,start    ] GC(75) Pause Young (Prepare Mixed) (G1 Evacuation Pause)
[2026-07-01T01:36:07.250+0000][72.532s][info][gc,task     ] GC(75) Using 1 workers of 1 for evacuation
[2026-07-01T01:36:07.303+0000][72.585s][info][gc,phases   ] GC(75)   Pre Evacuate Collection Set: 0.16ms
[2026-07-01T01:36:07.303+0000][72.585s][info][gc,phases   ] GC(75)   Merge Heap Roots: 0.63ms
[2026-07-01T01:36:07.303+0000][72.585s][info][gc,phases   ] GC(75)   Evacuate Collection Set: 51.07ms
[2026-07-01T01:36:07.303+0000][72.585s][info][gc,phases   ] GC(75)   Post Evacuate Collection Set: 0.70ms
[2026-07-01T01:36:07.303+0000][72.585s][info][gc,phases   ] GC(75)   Other: 0.06ms
[2026-07-01T01:36:07.303+0000][72.585s][info][gc,heap     ] GC(75) Eden regions: 86->0(85)
[2026-07-01T01:36:07.303+0000][72.585s][info][gc,heap     ] GC(75) Survivor regions: 6->6(12)
[2026-07-01T01:36:07.303+0000][72.585s][info][gc,heap     ] GC(75) Old regions: 155->156
[2026-07-01T01:36:07.303+0000][72.585s][info][gc,heap     ] GC(75) Humongous regions: 3->3
[2026-07-01T01:36:07.303+0000][72.585s][info][gc,metaspace] GC(75) Metaspace: 41616K(42432K)->41616K(42432K) NonClass: 36495K(36928K)->36495K(36928K) Class: 5121K(5504K)->5121K(5504K)
[2026-07-01T01:36:07.303+0000][72.585s][info][gc          ] GC(75) Pause Young (Prepare Mixed) (G1 Evacuation Pause) 249M->164M(264M) 52.815ms
[2026-07-01T01:36:07.303+0000][72.585s][info][gc,cpu      ] GC(75) User=0.03s Sys=0.00s Real=0.05s
[2026-07-01T01:36:08.753+0000][74.035s][info][gc,start    ] GC(76) Pause Young (Mixed) (G1 Evacuation Pause)
[2026-07-01T01:36:08.753+0000][74.035s][info][gc,task     ] GC(76) Using 1 workers of 1 for evacuation
[2026-07-01T01:36:08.779+0000][74.060s][info][gc,phases   ] GC(76)   Pre Evacuate Collection Set: 0.20ms
[2026-07-01T01:36:08.779+0000][74.061s][info][gc,phases   ] GC(76)   Merge Heap Roots: 0.47ms
[2026-07-01T01:36:08.779+0000][74.061s][info][gc,phases   ] GC(76)   Evacuate Collection Set: 23.99ms
[2026-07-01T01:36:08.779+0000][74.061s][info][gc,phases   ] GC(76)   Post Evacuate Collection Set: 0.69ms
[2026-07-01T01:36:08.779+0000][74.061s][info][gc,phases   ] GC(76)   Other: 0.06ms
[2026-07-01T01:36:08.779+0000][74.061s][info][gc,heap     ] GC(76) Eden regions: 85->0(85)
[2026-07-01T01:36:08.779+0000][74.061s][info][gc,heap     ] GC(76) Survivor regions: 6->6(12)
[2026-07-01T01:36:08.779+0000][74.061s][info][gc,heap     ] GC(76) Old regions: 156->156
[2026-07-01T01:36:08.779+0000][74.061s][info][gc,heap     ] GC(76) Humongous regions: 3->3
[2026-07-01T01:36:08.779+0000][74.061s][info][gc,metaspace] GC(76) Metaspace: 41618K(42432K)->41618K(42432K) NonClass: 36496K(36928K)->36496K(36928K) Class: 5121K(5504K)->5121K(5504K)
[2026-07-01T01:36:08.779+0000][74.061s][info][gc          ] GC(76) Pause Young (Mixed) (G1 Evacuation Pause) 249M->164M(264M) 25.599ms
[2026-07-01T01:36:08.779+0000][74.061s][info][gc,cpu      ] GC(76) User=0.02s Sys=0.01s Real=0.03s
[2026-07-01T01:36:10.160+0000][75.442s][info][gc,start    ] GC(77) Pause Young (Concurrent Start) (G1 Evacuation Pause)
[2026-07-01T01:36:10.160+0000][75.442s][info][gc,task     ] GC(77) Using 1 workers of 1 for evacuation
[2026-07-01T01:36:10.181+0000][75.463s][info][gc,phases   ] GC(77)   Pre Evacuate Collection Set: 0.18ms
[2026-07-01T01:36:10.181+0000][75.463s][info][gc,phases   ] GC(77)   Merge Heap Roots: 0.27ms
[2026-07-01T01:36:10.181+0000][75.463s][info][gc,phases   ] GC(77)   Evacuate Collection Set: 19.82ms
[2026-07-01T01:36:10.181+0000][75.463s][info][gc,phases   ] GC(77)   Post Evacuate Collection Set: 0.56ms
[2026-07-01T01:36:10.181+0000][75.463s][info][gc,phases   ] GC(77)   Other: 0.08ms
[2026-07-01T01:36:10.181+0000][75.463s][info][gc,heap     ] GC(77) Eden regions: 85->0(85)
[2026-07-01T01:36:10.181+0000][75.463s][info][gc,heap     ] GC(77) Survivor regions: 6->6(12)
[2026-07-01T01:36:10.181+0000][75.463s][info][gc,heap     ] GC(77) Old regions: 156->156
[2026-07-01T01:36:10.181+0000][75.463s][info][gc,heap     ] GC(77) Humongous regions: 3->3
[2026-07-01T01:36:10.181+0000][75.463s][info][gc,metaspace] GC(77) Metaspace: 41618K(42432K)->41618K(42432K) NonClass: 36496K(36928K)->36496K(36928K) Class: 5121K(5504K)->5121K(5504K)
[2026-07-01T01:36:10.181+0000][75.463s][info][gc          ] GC(77) Pause Young (Concurrent Start) (G1 Evacuation Pause) 249M->164M(264M) 21.072ms
[2026-07-01T01:36:10.181+0000][75.463s][info][gc          ] GC(78) Concurrent Mark Cycle
[2026-07-01T01:36:10.181+0000][75.463s][info][gc,marking  ] GC(78) Concurrent Scan Root Regions
[2026-07-01T01:36:10.181+0000][75.463s][info][gc,cpu      ] GC(77) User=0.02s Sys=0.00s Real=0.02s
[2026-07-01T01:36:10.260+0000][75.541s][info][gc,marking  ] GC(78) Concurrent Scan Root Regions 78.733ms
[2026-07-01T01:36:10.260+0000][75.541s][info][gc,marking  ] GC(78) Concurrent Mark
[2026-07-01T01:36:10.260+0000][75.542s][info][gc,marking  ] GC(78) Concurrent Mark From Roots
[2026-07-01T01:36:10.260+0000][75.542s][info][gc,task     ] GC(78) Using 1 workers of 1 for marking
[2026-07-01T01:36:11.861+0000][77.143s][info][gc,start    ] GC(79) Pause Young (Normal) (G1 Evacuation Pause)
[2026-07-01T01:36:11.862+0000][77.143s][info][gc,task     ] GC(79) Using 1 workers of 1 for evacuation
[2026-07-01T01:36:11.883+0000][77.164s][info][gc,phases   ] GC(79)   Pre Evacuate Collection Set: 0.27ms
[2026-07-01T01:36:11.883+0000][77.164s][info][gc,phases   ] GC(79)   Merge Heap Roots: 0.37ms
[2026-07-01T01:36:11.883+0000][77.164s][info][gc,phases   ] GC(79)   Evacuate Collection Set: 19.83ms
[2026-07-01T01:36:11.883+0000][77.164s][info][gc,phases   ] GC(79)   Post Evacuate Collection Set: 0.54ms
[2026-07-01T01:36:11.883+0000][77.164s][info][gc,phases   ] GC(79)   Other: 0.07ms
[2026-07-01T01:36:11.883+0000][77.164s][info][gc,heap     ] GC(79) Eden regions: 85->0(85)
[2026-07-01T01:36:11.883+0000][77.164s][info][gc,heap     ] GC(79) Survivor regions: 6->6(12)
[2026-07-01T01:36:11.883+0000][77.164s][info][gc,heap     ] GC(79) Old regions: 156->156
[2026-07-01T01:36:11.883+0000][77.164s][info][gc,heap     ] GC(79) Humongous regions: 3->3
[2026-07-01T01:36:11.883+0000][77.164s][info][gc,metaspace] GC(79) Metaspace: 41618K(42432K)->41618K(42432K) NonClass: 36496K(36928K)->36496K(36928K) Class: 5121K(5504K)->5121K(5504K)
[2026-07-01T01:36:11.883+0000][77.164s][info][gc          ] GC(79) Pause Young (Normal) (G1 Evacuation Pause) 249M->164M(264M) 21.215ms
[2026-07-01T01:36:11.883+0000][77.164s][info][gc,cpu      ] GC(79) User=0.02s Sys=0.00s Real=0.02s
[2026-07-01T01:36:11.939+0000][77.221s][info][gc,marking  ] GC(78) Concurrent Mark From Roots 1679.109ms
[2026-07-01T01:36:11.939+0000][77.221s][info][gc,marking  ] GC(78) Concurrent Preclean
[2026-07-01T01:36:11.939+0000][77.221s][info][gc,marking  ] GC(78) Concurrent Preclean 0.121ms
[2026-07-01T01:36:11.939+0000][77.221s][info][gc,start    ] GC(78) Pause Remark
[2026-07-01T01:36:11.950+0000][77.232s][info][gc          ] GC(78) Pause Remark 165M->165M(264M) 10.680ms
[2026-07-01T01:36:11.950+0000][77.232s][info][gc,cpu      ] GC(78) User=0.01s Sys=0.00s Real=0.01s
[2026-07-01T01:36:11.956+0000][77.237s][info][gc,marking  ] GC(78) Concurrent Mark 1695.920ms
[2026-07-01T01:36:11.956+0000][77.237s][info][gc,marking  ] GC(78) Concurrent Rebuild Remembered Sets and Scrub Regions
[2026-07-01T01:36:12.348+0000][77.630s][info][gc,marking  ] GC(78) Concurrent Rebuild Remembered Sets and Scrub Regions 392.208ms
[2026-07-01T01:36:12.354+0000][77.635s][info][gc,start    ] GC(78) Pause Cleanup
[2026-07-01T01:36:12.354+0000][77.636s][info][gc          ] GC(78) Pause Cleanup 185M->185M(264M) 0.242ms
[2026-07-01T01:36:12.354+0000][77.636s][info][gc,cpu      ] GC(78) User=0.00s Sys=0.00s Real=0.00s
[2026-07-01T01:36:12.354+0000][77.636s][info][gc,marking  ] GC(78) Concurrent Clear Claimed Marks
[2026-07-01T01:36:12.354+0000][77.636s][info][gc,marking  ] GC(78) Concurrent Clear Claimed Marks 0.096ms
[2026-07-01T01:36:12.354+0000][77.636s][info][gc,marking  ] GC(78) Concurrent Cleanup for Next Mark
[2026-07-01T01:36:12.360+0000][77.641s][info][gc,marking  ] GC(78) Concurrent Cleanup for Next Mark 5.303ms
[2026-07-01T01:36:12.360+0000][77.641s][info][gc          ] GC(78) Concurrent Mark Cycle 2178.637ms
[2026-07-01T01:36:13.338+0000][78.620s][info][gc,start    ] GC(80) Pause Young (Prepare Mixed) (G1 Evacuation Pause)
[2026-07-01T01:36:13.338+0000][78.620s][info][gc,task     ] GC(80) Using 1 workers of 1 for evacuation
[2026-07-01T01:36:13.368+0000][78.650s][info][gc,phases   ] GC(80)   Pre Evacuate Collection Set: 0.19ms
[2026-07-01T01:36:13.368+0000][78.650s][info][gc,phases   ] GC(80)   Merge Heap Roots: 0.64ms
[2026-07-01T01:36:13.368+0000][78.650s][info][gc,phases   ] GC(80)   Evacuate Collection Set: 27.75ms
[2026-07-01T01:36:13.368+0000][78.650s][info][gc,phases   ] GC(80)   Post Evacuate Collection Set: 0.86ms
[2026-07-01T01:36:13.368+0000][78.650s][info][gc,phases   ] GC(80)   Other: 0.06ms
[2026-07-01T01:36:13.368+0000][78.650s][info][gc,heap     ] GC(80) Eden regions: 85->0(85)
[2026-07-01T01:36:13.368+0000][78.650s][info][gc,heap     ] GC(80) Survivor regions: 6->6(12)
[2026-07-01T01:36:13.368+0000][78.650s][info][gc,heap     ] GC(80) Old regions: 156->156
[2026-07-01T01:36:13.368+0000][78.650s][info][gc,heap     ] GC(80) Humongous regions: 3->3
[2026-07-01T01:36:13.368+0000][78.650s][info][gc,metaspace] GC(80) Metaspace: 41619K(42432K)->41619K(42432K) NonClass: 36497K(36928K)->36497K(36928K) Class: 5121K(5504K)->5121K(5504K)
[2026-07-01T01:36:13.368+0000][78.650s][info][gc          ] GC(80) Pause Young (Prepare Mixed) (G1 Evacuation Pause) 249M->165M(264M) 29.668ms
[2026-07-01T01:36:13.368+0000][78.650s][info][gc,cpu      ] GC(80) User=0.05s Sys=0.01s Real=0.03s
[2026-07-01T01:36:14.788+0000][80.070s][info][gc,start    ] GC(81) Pause Young (Mixed) (G1 Evacuation Pause)
[2026-07-01T01:36:14.788+0000][80.070s][info][gc,task     ] GC(81) Using 1 workers of 1 for evacuation
[2026-07-01T01:36:14.907+0000][80.188s][info][gc,phases   ] GC(81)   Pre Evacuate Collection Set: 0.18ms
[2026-07-01T01:36:14.907+0000][80.189s][info][gc,phases   ] GC(81)   Merge Heap Roots: 2.38ms
[2026-07-01T01:36:14.907+0000][80.189s][info][gc,phases   ] GC(81)   Evacuate Collection Set: 113.84ms
[2026-07-01T01:36:14.907+0000][80.189s][info][gc,phases   ] GC(81)   Post Evacuate Collection Set: 1.89ms
[2026-07-01T01:36:14.907+0000][80.189s][info][gc,phases   ] GC(81)   Other: 0.07ms
[2026-07-01T01:36:14.907+0000][80.189s][info][gc,heap     ] GC(81) Eden regions: 85->0(85)
[2026-07-01T01:36:14.907+0000][80.189s][info][gc,heap     ] GC(81) Survivor regions: 6->6(12)
[2026-07-01T01:36:14.907+0000][80.189s][info][gc,heap     ] GC(81) Old regions: 156->156
[2026-07-01T01:36:14.907+0000][80.189s][info][gc,heap     ] GC(81) Humongous regions: 3->3
[2026-07-01T01:36:14.907+0000][80.189s][info][gc,metaspace] GC(81) Metaspace: 41619K(42432K)->41619K(42432K) NonClass: 36497K(36928K)->36497K(36928K) Class: 5121K(5504K)->5121K(5504K)
[2026-07-01T01:36:14.907+0000][80.189s][info][gc          ] GC(81) Pause Young (Mixed) (G1 Evacuation Pause) 250M->164M(264M) 118.564ms
[2026-07-01T01:36:14.907+0000][80.189s][info][gc,cpu      ] GC(81) User=0.06s Sys=0.00s Real=0.11s
[2026-07-01T01:36:16.340+0000][81.621s][info][gc,start    ] GC(82) Pause Young (Concurrent Start) (G1 Evacuation Pause)
[2026-07-01T01:36:16.340+0000][81.622s][info][gc,task     ] GC(82) Using 1 workers of 1 for evacuation
[2026-07-01T01:36:16.362+0000][81.644s][info][gc,phases   ] GC(82)   Pre Evacuate Collection Set: 0.21ms
[2026-07-01T01:36:16.362+0000][81.644s][info][gc,phases   ] GC(82)   Merge Heap Roots: 0.46ms
[2026-07-01T01:36:16.362+0000][81.644s][info][gc,phases   ] GC(82)   Evacuate Collection Set: 20.83ms
[2026-07-01T01:36:16.362+0000][81.644s][info][gc,phases   ] GC(82)   Post Evacuate Collection Set: 0.53ms
[2026-07-01T01:36:16.362+0000][81.644s][info][gc,phases   ] GC(82)   Other: 0.09ms
[2026-07-01T01:36:16.362+0000][81.644s][info][gc,heap     ] GC(82) Eden regions: 85->0(84)
[2026-07-01T01:36:16.362+0000][81.644s][info][gc,heap     ] GC(82) Survivor regions: 6->6(12)
[2026-07-01T01:36:16.362+0000][81.644s][info][gc,heap     ] GC(82) Old regions: 156->157
[2026-07-01T01:36:16.362+0000][81.644s][info][gc,heap     ] GC(82) Humongous regions: 3->3
[2026-07-01T01:36:16.362+0000][81.644s][info][gc,metaspace] GC(82) Metaspace: 41619K(42432K)->41619K(42432K) NonClass: 36498K(36928K)->36498K(36928K) Class: 5121K(5504K)->5121K(5504K)
[2026-07-01T01:36:16.362+0000][81.644s][info][gc          ] GC(82) Pause Young (Concurrent Start) (G1 Evacuation Pause) 249M->165M(264M) 22.266ms
[2026-07-01T01:36:16.362+0000][81.644s][info][gc,cpu      ] GC(82) User=0.03s Sys=0.00s Real=0.02s
[2026-07-01T01:36:16.362+0000][81.644s][info][gc          ] GC(83) Concurrent Mark Cycle
[2026-07-01T01:36:16.362+0000][81.644s][info][gc,marking  ] GC(83) Concurrent Scan Root Regions
[2026-07-01T01:36:16.453+0000][81.735s][info][gc,marking  ] GC(83) Concurrent Scan Root Regions 91.083ms
[2026-07-01T01:36:16.453+0000][81.735s][info][gc,marking  ] GC(83) Concurrent Mark
[2026-07-01T01:36:16.453+0000][81.735s][info][gc,marking  ] GC(83) Concurrent Mark From Roots
[2026-07-01T01:36:16.453+0000][81.735s][info][gc,task     ] GC(83) Using 1 workers of 1 for marking
[2026-07-01T01:36:17.971+0000][83.252s][info][gc,start    ] GC(84) Pause Young (Normal) (G1 Evacuation Pause)
[2026-07-01T01:36:17.971+0000][83.252s][info][gc,task     ] GC(84) Using 1 workers of 1 for evacuation
[2026-07-01T01:36:18.050+0000][83.331s][info][gc,phases   ] GC(84)   Pre Evacuate Collection Set: 0.15ms
[2026-07-01T01:36:18.050+0000][83.331s][info][gc,phases   ] GC(84)   Merge Heap Roots: 0.38ms
[2026-07-01T01:36:18.050+0000][83.331s][info][gc,phases   ] GC(84)   Evacuate Collection Set: 77.73ms
[2026-07-01T01:36:18.050+0000][83.331s][info][gc,phases   ] GC(84)   Post Evacuate Collection Set: 0.63ms
[2026-07-01T01:36:18.050+0000][83.331s][info][gc,phases   ] GC(84)   Other: 0.05ms
[2026-07-01T01:36:18.050+0000][83.331s][info][gc,heap     ] GC(84) Eden regions: 84->0(84)
[2026-07-01T01:36:18.050+0000][83.331s][info][gc,heap     ] GC(84) Survivor regions: 6->6(12)
[2026-07-01T01:36:18.050+0000][83.331s][info][gc,heap     ] GC(84) Old regions: 157->157
[2026-07-01T01:36:18.050+0000][83.331s][info][gc,heap     ] GC(84) Humongous regions: 3->3
[2026-07-01T01:36:18.050+0000][83.331s][info][gc,metaspace] GC(84) Metaspace: 41619K(42432K)->41619K(42432K) NonClass: 36498K(36928K)->36498K(36928K) Class: 5121K(5504K)->5121K(5504K)
[2026-07-01T01:36:18.050+0000][83.331s][info][gc          ] GC(84) Pause Young (Normal) (G1 Evacuation Pause) 249M->165M(264M) 79.106ms
[2026-07-01T01:36:18.050+0000][83.332s][info][gc,cpu      ] GC(84) User=0.02s Sys=0.00s Real=0.08s
[2026-07-01T01:36:18.648+0000][83.930s][info][gc,marking  ] GC(83) Concurrent Mark From Roots 2194.680ms
[2026-07-01T01:36:18.648+0000][83.930s][info][gc,marking  ] GC(83) Concurrent Preclean
[2026-07-01T01:36:18.648+0000][83.930s][info][gc,marking  ] GC(83) Concurrent Preclean 0.122ms
[2026-07-01T01:36:18.649+0000][83.931s][info][gc,start    ] GC(83) Pause Remark
[2026-07-01T01:36:18.663+0000][83.945s][info][gc          ] GC(83) Pause Remark 200M->200M(264M) 13.693ms
[2026-07-01T01:36:18.663+0000][83.945s][info][gc,cpu      ] GC(83) User=0.01s Sys=0.00s Real=0.01s
[2026-07-01T01:36:18.664+0000][83.946s][info][gc,marking  ] GC(83) Concurrent Mark 2210.644ms
[2026-07-01T01:36:18.664+0000][83.946s][info][gc,marking  ] GC(83) Concurrent Rebuild Remembered Sets and Scrub Regions
[2026-07-01T01:36:19.138+0000][84.420s][info][gc,marking  ] GC(83) Concurrent Rebuild Remembered Sets and Scrub Regions 474.438ms
[2026-07-01T01:36:19.138+0000][84.420s][info][gc,start    ] GC(83) Pause Cleanup
[2026-07-01T01:36:19.139+0000][84.420s][info][gc          ] GC(83) Pause Cleanup 220M->220M(264M) 0.211ms
[2026-07-01T01:36:19.139+0000][84.420s][info][gc,cpu      ] GC(83) User=0.00s Sys=0.00s Real=0.00s
[2026-07-01T01:36:19.141+0000][84.423s][info][gc,marking  ] GC(83) Concurrent Clear Claimed Marks
[2026-07-01T01:36:19.141+0000][84.423s][info][gc,marking  ] GC(83) Concurrent Clear Claimed Marks 0.101ms
[2026-07-01T01:36:19.141+0000][84.423s][info][gc,marking  ] GC(83) Concurrent Cleanup for Next Mark
[2026-07-01T01:36:19.142+0000][84.424s][info][gc,marking  ] GC(83) Concurrent Cleanup for Next Mark 0.912ms
[2026-07-01T01:36:19.142+0000][84.424s][info][gc          ] GC(83) Concurrent Mark Cycle 2779.867ms
[2026-07-01T01:36:19.562+0000][84.844s][info][gc,start    ] GC(85) Pause Young (Prepare Mixed) (G1 Evacuation Pause)
[2026-07-01T01:36:19.562+0000][84.844s][info][gc,task     ] GC(85) Using 1 workers of 1 for evacuation
[2026-07-01T01:36:19.584+0000][84.866s][info][gc,phases   ] GC(85)   Pre Evacuate Collection Set: 0.17ms
[2026-07-01T01:36:19.584+0000][84.866s][info][gc,phases   ] GC(85)   Merge Heap Roots: 0.48ms
[2026-07-01T01:36:19.584+0000][84.866s][info][gc,phases   ] GC(85)   Evacuate Collection Set: 20.86ms
[2026-07-01T01:36:19.584+0000][84.866s][info][gc,phases   ] GC(85)   Post Evacuate Collection Set: 0.58ms
[2026-07-01T01:36:19.584+0000][84.866s][info][gc,phases   ] GC(85)   Other: 0.05ms
[2026-07-01T01:36:19.584+0000][84.866s][info][gc,heap     ] GC(85) Eden regions: 84->0(84)
[2026-07-01T01:36:19.584+0000][84.866s][info][gc,heap     ] GC(85) Survivor regions: 6->6(12)
[2026-07-01T01:36:19.584+0000][84.866s][info][gc,heap     ] GC(85) Old regions: 157->157
[2026-07-01T01:36:19.584+0000][84.866s][info][gc,heap     ] GC(85) Humongous regions: 3->3
[2026-07-01T01:36:19.584+0000][84.866s][info][gc,metaspace] GC(85) Metaspace: 41619K(42432K)->41619K(42432K) NonClass: 36498K(36928K)->36498K(36928K) Class: 5121K(5504K)->5121K(5504K)
[2026-07-01T01:36:19.585+0000][84.866s][info][gc          ] GC(85) Pause Young (Prepare Mixed) (G1 Evacuation Pause) 249M->165M(264M) 22.342ms
[2026-07-01T01:36:19.585+0000][84.866s][info][gc,cpu      ] GC(85) User=0.03s Sys=0.00s Real=0.02s
[2026-07-01T01:36:20.853+0000][86.135s][info][gc,start    ] GC(86) Pause Young (Mixed) (G1 Evacuation Pause)
[2026-07-01T01:36:20.853+0000][86.135s][info][gc,task     ] GC(86) Using 1 workers of 1 for evacuation
[2026-07-01T01:36:20.878+0000][86.159s][info][gc,phases   ] GC(86)   Pre Evacuate Collection Set: 0.50ms
[2026-07-01T01:36:20.878+0000][86.159s][info][gc,phases   ] GC(86)   Merge Heap Roots: 0.36ms
[2026-07-01T01:36:20.878+0000][86.159s][info][gc,phases   ] GC(86)   Evacuate Collection Set: 22.67ms
[2026-07-01T01:36:20.878+0000][86.159s][info][gc,phases   ] GC(86)   Post Evacuate Collection Set: 0.99ms
[2026-07-01T01:36:20.878+0000][86.159s][info][gc,phases   ] GC(86)   Other: 0.09ms
[2026-07-01T01:36:20.878+0000][86.160s][info][gc,heap     ] GC(86) Eden regions: 84->0(84)
[2026-07-01T01:36:20.878+0000][86.160s][info][gc,heap     ] GC(86) Survivor regions: 6->6(12)
[2026-07-01T01:36:20.878+0000][86.160s][info][gc,heap     ] GC(86) Old regions: 157->157
[2026-07-01T01:36:20.878+0000][86.160s][info][gc,heap     ] GC(86) Humongous regions: 3->3
[2026-07-01T01:36:20.878+0000][86.160s][info][gc,metaspace] GC(86) Metaspace: 41619K(42432K)->41619K(42432K) NonClass: 36498K(36928K)->36498K(36928K) Class: 5121K(5504K)->5121K(5504K)
[2026-07-01T01:36:20.878+0000][86.160s][info][gc          ] GC(86) Pause Young (Mixed) (G1 Evacuation Pause) 249M->165M(264M) 24.815ms
[2026-07-01T01:36:20.878+0000][86.160s][info][gc,cpu      ] GC(86) User=0.05s Sys=0.00s Real=0.02s
[2026-07-01T01:36:22.142+0000][87.424s][info][gc,start    ] GC(87) Pause Young (Concurrent Start) (G1 Evacuation Pause)
[2026-07-01T01:36:22.142+0000][87.424s][info][gc,task     ] GC(87) Using 1 workers of 1 for evacuation
[2026-07-01T01:36:22.170+0000][87.451s][info][gc,phases   ] GC(87)   Pre Evacuate Collection Set: 0.19ms
[2026-07-01T01:36:22.170+0000][87.451s][info][gc,phases   ] GC(87)   Merge Heap Roots: 0.41ms
[2026-07-01T01:36:22.170+0000][87.451s][info][gc,phases   ] GC(87)   Evacuate Collection Set: 26.33ms
[2026-07-01T01:36:22.170+0000][87.451s][info][gc,phases   ] GC(87)   Post Evacuate Collection Set: 0.58ms
[2026-07-01T01:36:22.170+0000][87.451s][info][gc,phases   ] GC(87)   Other: 0.07ms
[2026-07-01T01:36:22.170+0000][87.451s][info][gc,heap     ] GC(87) Eden regions: 84->0(83)
[2026-07-01T01:36:22.170+0000][87.451s][info][gc,heap     ] GC(87) Survivor regions: 6->6(12)
[2026-07-01T01:36:22.170+0000][87.451s][info][gc,heap     ] GC(87) Old regions: 157->158
[2026-07-01T01:36:22.170+0000][87.451s][info][gc,heap     ] GC(87) Humongous regions: 3->3
[2026-07-01T01:36:22.170+0000][87.451s][info][gc,metaspace] GC(87) Metaspace: 41620K(42432K)->41620K(42432K) NonClass: 36498K(36928K)->36498K(36928K) Class: 5121K(5504K)->5121K(5504K)
[2026-07-01T01:36:22.170+0000][87.451s][info][gc          ] GC(87) Pause Young (Concurrent Start) (G1 Evacuation Pause) 249M->166M(264M) 27.745ms
[2026-07-01T01:36:22.170+0000][87.451s][info][gc          ] GC(88) Concurrent Mark Cycle
[2026-07-01T01:36:22.170+0000][87.452s][info][gc,marking  ] GC(88) Concurrent Scan Root Regions
[2026-07-01T01:36:22.170+0000][87.451s][info][gc,cpu      ] GC(87) User=0.05s Sys=0.00s Real=0.03s
[2026-07-01T01:36:22.339+0000][87.620s][info][gc,marking  ] GC(88) Concurrent Scan Root Regions 168.955ms
[2026-07-01T01:36:22.339+0000][87.621s][info][gc,marking  ] GC(88) Concurrent Mark
[2026-07-01T01:36:22.339+0000][87.621s][info][gc,marking  ] GC(88) Concurrent Mark From Roots
[2026-07-01T01:36:22.339+0000][87.621s][info][gc,task     ] GC(88) Using 1 workers of 1 for marking
[2026-07-01T01:36:23.836+0000][89.118s][info][gc,start    ] GC(89) Pause Young (Normal) (G1 Evacuation Pause)
[2026-07-01T01:36:23.836+0000][89.118s][info][gc,task     ] GC(89) Using 1 workers of 1 for evacuation
[2026-07-01T01:36:23.865+0000][89.147s][info][gc,phases   ] GC(89)   Pre Evacuate Collection Set: 0.15ms
[2026-07-01T01:36:23.865+0000][89.147s][info][gc,phases   ] GC(89)   Merge Heap Roots: 0.34ms
[2026-07-01T01:36:23.865+0000][89.147s][info][gc,phases   ] GC(89)   Evacuate Collection Set: 27.68ms
[2026-07-01T01:36:23.865+0000][89.147s][info][gc,phases   ] GC(89)   Post Evacuate Collection Set: 0.62ms
[2026-07-01T01:36:23.865+0000][89.147s][info][gc,phases   ] GC(89)   Other: 0.07ms
[2026-07-01T01:36:23.865+0000][89.147s][info][gc,heap     ] GC(89) Eden regions: 83->0(83)
[2026-07-01T01:36:23.865+0000][89.147s][info][gc,heap     ] GC(89) Survivor regions: 6->6(12)
[2026-07-01T01:36:23.865+0000][89.147s][info][gc,heap     ] GC(89) Old regions: 158->158
[2026-07-01T01:36:23.865+0000][89.147s][info][gc,heap     ] GC(89) Humongous regions: 3->3
[2026-07-01T01:36:23.865+0000][89.147s][info][gc,metaspace] GC(89) Metaspace: 41620K(42432K)->41620K(42432K) NonClass: 36498K(36928K)->36498K(36928K) Class: 5121K(5504K)->5121K(5504K)
[2026-07-01T01:36:23.865+0000][89.147s][info][gc          ] GC(89) Pause Young (Normal) (G1 Evacuation Pause) 249M->166M(264M) 29.050ms
[2026-07-01T01:36:23.865+0000][89.147s][info][gc,cpu      ] GC(89) User=0.03s Sys=0.00s Real=0.03s
[2026-07-01T01:36:23.884+0000][89.165s][info][gc,marking  ] GC(88) Concurrent Mark From Roots 1544.945ms
[2026-07-01T01:36:23.884+0000][89.165s][info][gc,marking  ] GC(88) Concurrent Preclean
[2026-07-01T01:36:23.884+0000][89.166s][info][gc,marking  ] GC(88) Concurrent Preclean 0.052ms
[2026-07-01T01:36:23.884+0000][89.166s][info][gc,start    ] GC(88) Pause Remark
[2026-07-01T01:36:23.954+0000][89.236s][info][gc          ] GC(88) Pause Remark 169M->169M(264M) 70.372ms
[2026-07-01T01:36:23.954+0000][89.236s][info][gc,cpu      ] GC(88) User=0.03s Sys=0.00s Real=0.07s
[2026-07-01T01:36:23.955+0000][89.237s][info][gc,marking  ] GC(88) Concurrent Mark 1616.468ms
[2026-07-01T01:36:23.955+0000][89.237s][info][gc,marking  ] GC(88) Concurrent Rebuild Remembered Sets and Scrub Regions
[2026-07-01T01:36:24.368+0000][89.650s][info][gc,marking  ] GC(88) Concurrent Rebuild Remembered Sets and Scrub Regions 412.653ms
[2026-07-01T01:36:24.368+0000][89.650s][info][gc,start    ] GC(88) Pause Cleanup
[2026-07-01T01:36:24.368+0000][89.650s][info][gc          ] GC(88) Pause Cleanup 186M->186M(264M) 0.174ms
[2026-07-01T01:36:24.368+0000][89.650s][info][gc,cpu      ] GC(88) User=0.00s Sys=0.00s Real=0.00s
[2026-07-01T01:36:24.369+0000][89.650s][info][gc,marking  ] GC(88) Concurrent Clear Claimed Marks
[2026-07-01T01:36:24.369+0000][89.650s][info][gc,marking  ] GC(88) Concurrent Clear Claimed Marks 0.084ms
[2026-07-01T01:36:24.369+0000][89.650s][info][gc,marking  ] GC(88) Concurrent Cleanup for Next Mark
[2026-07-01T01:36:24.370+0000][89.651s][info][gc,marking  ] GC(88) Concurrent Cleanup for Next Mark 1.076ms
[2026-07-01T01:36:24.370+0000][89.651s][info][gc          ] GC(88) Concurrent Mark Cycle 2200.004ms
[2026-07-01T01:36:25.443+0000][90.725s][info][gc,start    ] GC(90) Pause Young (Prepare Mixed) (G1 Evacuation Pause)
[2026-07-01T01:36:25.443+0000][90.725s][info][gc,task     ] GC(90) Using 1 workers of 1 for evacuation
[2026-07-01T01:36:25.464+0000][90.745s][info][gc,phases   ] GC(90)   Pre Evacuate Collection Set: 0.13ms
[2026-07-01T01:36:25.464+0000][90.745s][info][gc,phases   ] GC(90)   Merge Heap Roots: 0.42ms
[2026-07-01T01:36:25.464+0000][90.745s][info][gc,phases   ] GC(90)   Evacuate Collection Set: 19.31ms
[2026-07-01T01:36:25.464+0000][90.745s][info][gc,phases   ] GC(90)   Post Evacuate Collection Set: 0.61ms
[2026-07-01T01:36:25.464+0000][90.745s][info][gc,phases   ] GC(90)   Other: 0.07ms
[2026-07-01T01:36:25.464+0000][90.745s][info][gc,heap     ] GC(90) Eden regions: 83->0(83)
[2026-07-01T01:36:25.464+0000][90.745s][info][gc,heap     ] GC(90) Survivor regions: 6->6(12)
[2026-07-01T01:36:25.464+0000][90.745s][info][gc,heap     ] GC(90) Old regions: 158->158
[2026-07-01T01:36:25.464+0000][90.745s][info][gc,heap     ] GC(90) Humongous regions: 3->3
[2026-07-01T01:36:25.464+0000][90.745s][info][gc,metaspace] GC(90) Metaspace: 41625K(42432K)->41625K(42432K) NonClass: 36503K(36928K)->36503K(36928K) Class: 5121K(5504K)->5121K(5504K)
[2026-07-01T01:36:25.464+0000][90.745s][info][gc          ] GC(90) Pause Young (Prepare Mixed) (G1 Evacuation Pause) 249M->166M(264M) 20.690ms
[2026-07-01T01:36:25.464+0000][90.745s][info][gc,cpu      ] GC(90) User=0.02s Sys=0.00s Real=0.02s
[2026-07-01T01:36:26.680+0000][91.962s][info][gc,start    ] GC(91) Pause Young (Mixed) (G1 Evacuation Pause)
[2026-07-01T01:36:26.680+0000][91.962s][info][gc,task     ] GC(91) Using 1 workers of 1 for evacuation
[2026-07-01T01:36:26.758+0000][92.040s][info][gc,phases   ] GC(91)   Pre Evacuate Collection Set: 54.09ms
[2026-07-01T01:36:26.758+0000][92.040s][info][gc,phases   ] GC(91)   Merge Heap Roots: 0.48ms
[2026-07-01T01:36:26.758+0000][92.040s][info][gc,phases   ] GC(91)   Evacuate Collection Set: 22.65ms
[2026-07-01T01:36:26.758+0000][92.040s][info][gc,phases   ] GC(91)   Post Evacuate Collection Set: 0.66ms
[2026-07-01T01:36:26.758+0000][92.040s][info][gc,phases   ] GC(91)   Other: 0.05ms
[2026-07-01T01:36:26.758+0000][92.040s][info][gc,heap     ] GC(91) Eden regions: 83->0(82)
[2026-07-01T01:36:26.758+0000][92.040s][info][gc,heap     ] GC(91) Survivor regions: 6->6(12)
[2026-07-01T01:36:26.758+0000][92.040s][info][gc,heap     ] GC(91) Old regions: 158->159
[2026-07-01T01:36:26.758+0000][92.040s][info][gc,heap     ] GC(91) Humongous regions: 3->3
[2026-07-01T01:36:26.758+0000][92.040s][info][gc,metaspace] GC(91) Metaspace: 41629K(42496K)->41629K(42496K) NonClass: 36508K(36992K)->36508K(36992K) Class: 5121K(5504K)->5121K(5504K)
[2026-07-01T01:36:26.758+0000][92.040s][info][gc          ] GC(91) Pause Young (Mixed) (G1 Evacuation Pause) 249M->167M(264M) 78.091ms
[2026-07-01T01:36:26.758+0000][92.040s][info][gc,cpu      ] GC(91) User=0.02s Sys=0.00s Real=0.08s
[2026-07-01T01:36:27.962+0000][93.243s][info][gc,start    ] GC(92) Pause Young (Concurrent Start) (G1 Evacuation Pause)
[2026-07-01T01:36:27.962+0000][93.244s][info][gc,task     ] GC(92) Using 1 workers of 1 for evacuation
[2026-07-01T01:36:28.036+0000][93.318s][info][gc,phases   ] GC(92)   Pre Evacuate Collection Set: 0.17ms
[2026-07-01T01:36:28.036+0000][93.318s][info][gc,phases   ] GC(92)   Merge Heap Roots: 0.39ms
[2026-07-01T01:36:28.036+0000][93.318s][info][gc,phases   ] GC(92)   Evacuate Collection Set: 73.29ms
[2026-07-01T01:36:28.036+0000][93.318s][info][gc,phases   ] GC(92)   Post Evacuate Collection Set: 0.56ms
[2026-07-01T01:36:28.036+0000][93.318s][info][gc,phases   ] GC(92)   Other: 0.07ms
[2026-07-01T01:36:28.036+0000][93.318s][info][gc,heap     ] GC(92) Eden regions: 82->0(82)
[2026-07-01T01:36:28.036+0000][93.318s][info][gc,heap     ] GC(92) Survivor regions: 6->6(11)
[2026-07-01T01:36:28.036+0000][93.318s][info][gc,heap     ] GC(92) Old regions: 159->159
[2026-07-01T01:36:28.036+0000][93.318s][info][gc,heap     ] GC(92) Humongous regions: 3->3
[2026-07-01T01:36:28.036+0000][93.318s][info][gc,metaspace] GC(92) Metaspace: 41629K(42496K)->41629K(42496K) NonClass: 36508K(36992K)->36508K(36992K) Class: 5121K(5504K)->5121K(5504K)
[2026-07-01T01:36:28.036+0000][93.318s][info][gc          ] GC(92) Pause Young (Concurrent Start) (G1 Evacuation Pause) 249M->167M(264M) 74.640ms
[2026-07-01T01:36:28.036+0000][93.318s][info][gc,cpu      ] GC(92) User=0.04s Sys=0.00s Real=0.07s
[2026-07-01T01:36:28.036+0000][93.318s][info][gc          ] GC(93) Concurrent Mark Cycle
[2026-07-01T01:36:28.036+0000][93.318s][info][gc,marking  ] GC(93) Concurrent Scan Root Regions
[2026-07-01T01:36:28.053+0000][93.335s][info][gc,marking  ] GC(93) Concurrent Scan Root Regions 16.523ms
[2026-07-01T01:36:28.053+0000][93.335s][info][gc,marking  ] GC(93) Concurrent Mark
[2026-07-01T01:36:28.053+0000][93.335s][info][gc,marking  ] GC(93) Concurrent Mark From Roots
[2026-07-01T01:36:28.053+0000][93.335s][info][gc,task     ] GC(93) Using 1 workers of 1 for marking
[2026-07-01T01:36:29.544+0000][94.826s][info][gc,marking  ] GC(93) Concurrent Mark From Roots 1491.018ms
[2026-07-01T01:36:29.544+0000][94.826s][info][gc,marking  ] GC(93) Concurrent Preclean
[2026-07-01T01:36:29.544+0000][94.826s][info][gc,marking  ] GC(93) Concurrent Preclean 0.130ms
[2026-07-01T01:36:29.544+0000][94.826s][info][gc,start    ] GC(93) Pause Remark
[2026-07-01T01:36:29.559+0000][94.841s][info][gc          ] GC(93) Pause Remark 246M->246M(264M) 14.904ms
[2026-07-01T01:36:29.559+0000][94.841s][info][gc,cpu      ] GC(93) User=0.03s Sys=0.00s Real=0.02s
[2026-07-01T01:36:29.568+0000][94.849s][info][gc,marking  ] GC(93) Concurrent Mark 1514.560ms
[2026-07-01T01:36:29.568+0000][94.849s][info][gc,marking  ] GC(93) Concurrent Rebuild Remembered Sets and Scrub Regions
[2026-07-01T01:36:29.640+0000][94.921s][info][gc,start    ] GC(94) Pause Young (Normal) (G1 Evacuation Pause)
[2026-07-01T01:36:29.640+0000][94.921s][info][gc,task     ] GC(94) Using 1 workers of 1 for evacuation
[2026-07-01T01:36:29.663+0000][94.944s][info][gc,phases   ] GC(94)   Pre Evacuate Collection Set: 0.50ms
[2026-07-01T01:36:29.663+0000][94.944s][info][gc,phases   ] GC(94)   Merge Heap Roots: 0.31ms
[2026-07-01T01:36:29.663+0000][94.944s][info][gc,phases   ] GC(94)   Evacuate Collection Set: 21.06ms
[2026-07-01T01:36:29.663+0000][94.944s][info][gc,phases   ] GC(94)   Post Evacuate Collection Set: 0.95ms
[2026-07-01T01:36:29.663+0000][94.944s][info][gc,phases   ] GC(94)   Other: 0.05ms
[2026-07-01T01:36:29.663+0000][94.944s][info][gc,heap     ] GC(94) Eden regions: 82->0(82)
[2026-07-01T01:36:29.663+0000][94.944s][info][gc,heap     ] GC(94) Survivor regions: 6->6(11)
[2026-07-01T01:36:29.663+0000][94.944s][info][gc,heap     ] GC(94) Old regions: 159->159
[2026-07-01T01:36:29.663+0000][94.944s][info][gc,heap     ] GC(94) Humongous regions: 3->3
[2026-07-01T01:36:29.663+0000][94.944s][info][gc,metaspace] GC(94) Metaspace: 41631K(42496K)->41631K(42496K) NonClass: 36509K(36992K)->36509K(36992K) Class: 5121K(5504K)->5121K(5504K)
[2026-07-01T01:36:29.663+0000][94.944s][info][gc          ] GC(94) Pause Young (Normal) (G1 Evacuation Pause) 249M->167M(264M) 23.015ms
[2026-07-01T01:36:29.663+0000][94.944s][info][gc,cpu      ] GC(94) User=0.02s Sys=0.00s Real=0.02s
[2026-07-01T01:36:30.145+0000][95.427s][info][gc,marking  ] GC(93) Concurrent Rebuild Remembered Sets and Scrub Regions 577.181ms
[2026-07-01T01:36:30.145+0000][95.427s][info][gc,start    ] GC(93) Pause Cleanup
[2026-07-01T01:36:30.145+0000][95.427s][info][gc          ] GC(93) Pause Cleanup 194M->194M(264M) 0.317ms
[2026-07-01T01:36:30.145+0000][95.427s][info][gc,cpu      ] GC(93) User=0.00s Sys=0.00s Real=0.00s
[2026-07-01T01:36:30.146+0000][95.427s][info][gc,marking  ] GC(93) Concurrent Clear Claimed Marks
[2026-07-01T01:36:30.146+0000][95.428s][info][gc,marking  ] GC(93) Concurrent Clear Claimed Marks 0.088ms
[2026-07-01T01:36:30.146+0000][95.428s][info][gc,marking  ] GC(93) Concurrent Cleanup for Next Mark
[2026-07-01T01:36:30.150+0000][95.432s][info][gc,marking  ] GC(93) Concurrent Cleanup for Next Mark 4.351ms
[2026-07-01T01:36:30.150+0000][95.432s][info][gc          ] GC(93) Concurrent Mark Cycle 2113.764ms
[2026-07-01T01:36:30.848+0000][96.130s][info][gc,start    ] GC(95) Pause Young (Prepare Mixed) (G1 Evacuation Pause)
[2026-07-01T01:36:30.848+0000][96.130s][info][gc,task     ] GC(95) Using 1 workers of 1 for evacuation
[2026-07-01T01:36:30.870+0000][96.152s][info][gc,phases   ] GC(95)   Pre Evacuate Collection Set: 0.53ms
[2026-07-01T01:36:30.870+0000][96.152s][info][gc,phases   ] GC(95)   Merge Heap Roots: 0.64ms
[2026-07-01T01:36:30.870+0000][96.152s][info][gc,phases   ] GC(95)   Evacuate Collection Set: 20.05ms
[2026-07-01T01:36:30.870+0000][96.152s][info][gc,phases   ] GC(95)   Post Evacuate Collection Set: 0.57ms
[2026-07-01T01:36:30.870+0000][96.152s][info][gc,phases   ] GC(95)   Other: 0.06ms
[2026-07-01T01:36:30.870+0000][96.152s][info][gc,heap     ] GC(95) Eden regions: 82->0(81)
[2026-07-01T01:36:30.870+0000][96.152s][info][gc,heap     ] GC(95) Survivor regions: 6->6(11)
[2026-07-01T01:36:30.870+0000][96.152s][info][gc,heap     ] GC(95) Old regions: 159->160
[2026-07-01T01:36:30.870+0000][96.152s][info][gc,heap     ] GC(95) Humongous regions: 3->3
[2026-07-01T01:36:30.870+0000][96.152s][info][gc,metaspace] GC(95) Metaspace: 41631K(42496K)->41631K(42496K) NonClass: 36509K(36992K)->36509K(36992K) Class: 5121K(5504K)->5121K(5504K)
[2026-07-01T01:36:30.870+0000][96.152s][info][gc          ] GC(95) Pause Young (Prepare Mixed) (G1 Evacuation Pause) 249M->168M(264M) 22.038ms
[2026-07-01T01:36:30.870+0000][96.152s][info][gc,cpu      ] GC(95) User=0.02s Sys=0.00s Real=0.02s
[2026-07-01T01:36:31.946+0000][97.228s][info][gc,start    ] GC(96) Pause Young (Mixed) (G1 Evacuation Pause)
[2026-07-01T01:36:31.946+0000][97.228s][info][gc,task     ] GC(96) Using 1 workers of 1 for evacuation
[2026-07-01T01:36:31.970+0000][97.251s][info][gc,phases   ] GC(96)   Pre Evacuate Collection Set: 0.15ms
[2026-07-01T01:36:31.970+0000][97.251s][info][gc,phases   ] GC(96)   Merge Heap Roots: 0.40ms
[2026-07-01T01:36:31.970+0000][97.251s][info][gc,phases   ] GC(96)   Evacuate Collection Set: 22.44ms
[2026-07-01T01:36:31.970+0000][97.251s][info][gc,phases   ] GC(96)   Post Evacuate Collection Set: 0.61ms
[2026-07-01T01:36:31.970+0000][97.251s][info][gc,phases   ] GC(96)   Other: 0.06ms
[2026-07-01T01:36:31.970+0000][97.251s][info][gc,heap     ] GC(96) Eden regions: 81->0(81)
[2026-07-01T01:36:31.970+0000][97.251s][info][gc,heap     ] GC(96) Survivor regions: 6->6(11)
[2026-07-01T01:36:31.970+0000][97.251s][info][gc,heap     ] GC(96) Old regions: 160->160
[2026-07-01T01:36:31.970+0000][97.251s][info][gc,heap     ] GC(96) Humongous regions: 3->3
[2026-07-01T01:36:31.970+0000][97.251s][info][gc,metaspace] GC(96) Metaspace: 41631K(42496K)->41631K(42496K) NonClass: 36509K(36992K)->36509K(36992K) Class: 5121K(5504K)->5121K(5504K)
[2026-07-01T01:36:31.970+0000][97.251s][info][gc          ] GC(96) Pause Young (Mixed) (G1 Evacuation Pause) 249M->168M(264M) 23.838ms
[2026-07-01T01:36:31.970+0000][97.251s][info][gc,cpu      ] GC(96) User=0.03s Sys=0.00s Real=0.03s
[2026-07-01T01:36:33.054+0000][98.335s][info][gc,start    ] GC(97) Pause Young (Concurrent Start) (G1 Evacuation Pause)
[2026-07-01T01:36:33.054+0000][98.335s][info][gc,task     ] GC(97) Using 1 workers of 1 for evacuation
[2026-07-01T01:36:33.075+0000][98.356s][info][gc,phases   ] GC(97)   Pre Evacuate Collection Set: 0.55ms
[2026-07-01T01:36:33.075+0000][98.356s][info][gc,phases   ] GC(97)   Merge Heap Roots: 0.24ms
[2026-07-01T01:36:33.075+0000][98.356s][info][gc,phases   ] GC(97)   Evacuate Collection Set: 19.40ms
[2026-07-01T01:36:33.075+0000][98.356s][info][gc,phases   ] GC(97)   Post Evacuate Collection Set: 0.64ms
[2026-07-01T01:36:33.075+0000][98.356s][info][gc,phases   ] GC(97)   Other: 0.09ms
[2026-07-01T01:36:33.075+0000][98.356s][info][gc,heap     ] GC(97) Eden regions: 81->0(81)
[2026-07-01T01:36:33.075+0000][98.356s][info][gc,heap     ] GC(97) Survivor regions: 6->6(11)
[2026-07-01T01:36:33.075+0000][98.356s][info][gc,heap     ] GC(97) Old regions: 160->160
[2026-07-01T01:36:33.075+0000][98.356s][info][gc,heap     ] GC(97) Humongous regions: 3->3
[2026-07-01T01:36:33.075+0000][98.356s][info][gc,metaspace] GC(97) Metaspace: 41631K(42496K)->41631K(42496K) NonClass: 36509K(36992K)->36509K(36992K) Class: 5121K(5504K)->5121K(5504K)
[2026-07-01T01:36:33.075+0000][98.356s][info][gc          ] GC(97) Pause Young (Concurrent Start) (G1 Evacuation Pause) 249M->168M(264M) 21.108ms
[2026-07-01T01:36:33.075+0000][98.356s][info][gc          ] GC(98) Concurrent Mark Cycle
[2026-07-01T01:36:33.075+0000][98.356s][info][gc,marking  ] GC(98) Concurrent Scan Root Regions
[2026-07-01T01:36:33.075+0000][98.356s][info][gc,cpu      ] GC(97) User=0.02s Sys=0.00s Real=0.02s
[2026-07-01T01:36:33.147+0000][98.429s][info][gc,marking  ] GC(98) Concurrent Scan Root Regions 72.765ms
[2026-07-01T01:36:33.147+0000][98.429s][info][gc,marking  ] GC(98) Concurrent Mark
[2026-07-01T01:36:33.147+0000][98.429s][info][gc,marking  ] GC(98) Concurrent Mark From Roots
[2026-07-01T01:36:33.147+0000][98.429s][info][gc,task     ] GC(98) Using 1 workers of 1 for marking
