[2026-07-01T01:51:07.291+0000][0.008s][info][gc,init] CardTable entry size: 512
[2026-07-01T01:51:07.291+0000][0.008s][info][gc     ] Using G1
[2026-07-01T01:51:07.292+0000][0.009s][info][gc,init] Version: 21.0.11+10-LTS (release)
[2026-07-01T01:51:07.292+0000][0.009s][info][gc,init] CPUs: 4 total, 2 available
[2026-07-01T01:51:07.292+0000][0.009s][info][gc,init] Memory: 1024M
[2026-07-01T01:51:07.292+0000][0.009s][info][gc,init] Large Page Support: Disabled
[2026-07-01T01:51:07.292+0000][0.009s][info][gc,init] NUMA Support: Disabled
[2026-07-01T01:51:07.292+0000][0.009s][info][gc,init] Compressed Oops: Enabled (32-bit)
[2026-07-01T01:51:07.292+0000][0.009s][info][gc,init] Heap Region Size: 1M
[2026-07-01T01:51:07.292+0000][0.009s][info][gc,init] Heap Min Capacity: 8M
[2026-07-01T01:51:07.292+0000][0.009s][info][gc,init] Heap Initial Capacity: 16M
[2026-07-01T01:51:07.292+0000][0.009s][info][gc,init] Heap Max Capacity: 730M
[2026-07-01T01:51:07.292+0000][0.009s][info][gc,init] Pre-touch: Disabled
[2026-07-01T01:51:07.292+0000][0.009s][info][gc,init] Parallel Workers: 2
[2026-07-01T01:51:07.292+0000][0.009s][info][gc,init] Concurrent Workers: 1
[2026-07-01T01:51:07.292+0000][0.009s][info][gc,init] Concurrent Refinement Workers: 2
[2026-07-01T01:51:07.292+0000][0.009s][info][gc,init] Periodic GC: Enabled
[2026-07-01T01:51:07.292+0000][0.009s][info][gc,init] Periodic GC Interval: 10000ms
[2026-07-01T01:51:07.292+0000][0.009s][info][gc,init] G1 Time-Based Heap Sizing enabled (uncommit-only)
[2026-07-01T01:51:07.292+0000][0.009s][info][gc,init]   evaluation_interval=60000ms, uncommit_delay=300000ms, min_regions_to_uncommit=10
[2026-07-01T01:51:07.298+0000][0.015s][info][gc,metaspace] CDS archive(s) mapped at: [0x00007de4df000000-0x00007de4dfc9b000-0x00007de4dfc9b000), size 13217792, SharedBaseAddress: 0x00007de4df000000, ArchiveRelocationMode: 1.
[2026-07-01T01:51:07.298+0000][0.015s][info][gc,metaspace] Compressed class space mapped at: 0x00007de4e0000000-0x00007de520000000, reserved size: 1073741824
[2026-07-01T01:51:07.298+0000][0.015s][info][gc,metaspace] Narrow klass base: 0x00007de4df000000, Narrow klass shift: 0, Narrow klass range: 0x100000000
[2026-07-01T01:51:07.737+0000][0.454s][info][gc,start    ] GC(0) Pause Young (Normal) (G1 Evacuation Pause)
[2026-07-01T01:51:07.737+0000][0.454s][info][gc,task     ] GC(0) Using 2 workers of 2 for evacuation
[2026-07-01T01:51:07.739+0000][0.456s][info][gc,phases   ] GC(0)   Pre Evacuate Collection Set: 0.08ms
[2026-07-01T01:51:07.739+0000][0.456s][info][gc,phases   ] GC(0)   Merge Heap Roots: 0.07ms
[2026-07-01T01:51:07.739+0000][0.456s][info][gc,phases   ] GC(0)   Evacuate Collection Set: 1.56ms
[2026-07-01T01:51:07.739+0000][0.456s][info][gc,phases   ] GC(0)   Post Evacuate Collection Set: 0.31ms
[2026-07-01T01:51:07.739+0000][0.456s][info][gc,phases   ] GC(0)   Other: 0.19ms
[2026-07-01T01:51:07.739+0000][0.456s][info][gc,heap     ] GC(0) Eden regions: 6->0(8)
[2026-07-01T01:51:07.739+0000][0.456s][info][gc,heap     ] GC(0) Survivor regions: 0->1(1)
[2026-07-01T01:51:07.739+0000][0.456s][info][gc,heap     ] GC(0) Old regions: 2->2
[2026-07-01T01:51:07.739+0000][0.456s][info][gc,heap     ] GC(0) Humongous regions: 0->0
[2026-07-01T01:51:07.739+0000][0.456s][info][gc,metaspace] GC(0) Metaspace: 1705K(1984K)->1705K(1984K) NonClass: 1517K(1664K)->1517K(1664K) Class: 187K(320K)->187K(320K)
[2026-07-01T01:51:07.739+0000][0.456s][info][gc          ] GC(0) Pause Young (Normal) (G1 Evacuation Pause) 7M->1M(18M) 2.409ms
[2026-07-01T01:51:07.739+0000][0.456s][info][gc,cpu      ] GC(0) User=0.00s Sys=0.00s Real=0.01s
[2026-07-01T01:51:08.026+0000][0.743s][info][gc,start    ] GC(1) Pause Young (Normal) (G1 Evacuation Pause)
[2026-07-01T01:51:08.026+0000][0.743s][info][gc,task     ] GC(1) Using 2 workers of 2 for evacuation
[2026-07-01T01:51:08.029+0000][0.746s][info][gc,phases   ] GC(1)   Pre Evacuate Collection Set: 0.08ms
[2026-07-01T01:51:08.029+0000][0.746s][info][gc,phases   ] GC(1)   Merge Heap Roots: 0.02ms
[2026-07-01T01:51:08.029+0000][0.746s][info][gc,phases   ] GC(1)   Evacuate Collection Set: 2.49ms
[2026-07-01T01:51:08.029+0000][0.746s][info][gc,phases   ] GC(1)   Post Evacuate Collection Set: 0.29ms
[2026-07-01T01:51:08.029+0000][0.746s][info][gc,phases   ] GC(1)   Other: 0.05ms
[2026-07-01T01:51:08.029+0000][0.746s][info][gc,heap     ] GC(1) Eden regions: 8->0(7)
[2026-07-01T01:51:08.029+0000][0.746s][info][gc,heap     ] GC(1) Survivor regions: 1->2(2)
[2026-07-01T01:51:08.029+0000][0.746s][info][gc,heap     ] GC(1) Old regions: 2->2
[2026-07-01T01:51:08.029+0000][0.746s][info][gc,heap     ] GC(1) Humongous regions: 0->0
[2026-07-01T01:51:08.029+0000][0.746s][info][gc,metaspace] GC(1) Metaspace: 2937K(3136K)->2937K(3136K) NonClass: 2631K(2752K)->2631K(2752K) Class: 305K(384K)->305K(384K)
[2026-07-01T01:51:08.029+0000][0.746s][info][gc          ] GC(1) Pause Young (Normal) (G1 Evacuation Pause) 9M->2M(18M) 3.078ms
[2026-07-01T01:51:08.029+0000][0.746s][info][gc,cpu      ] GC(1) User=0.01s Sys=0.00s Real=0.01s
[2026-07-01T01:51:08.245+0000][0.962s][info][gc,start    ] GC(2) Pause Young (Normal) (G1 Evacuation Pause)
[2026-07-01T01:51:08.245+0000][0.962s][info][gc,task     ] GC(2) Using 2 workers of 2 for evacuation
[2026-07-01T01:51:08.250+0000][0.967s][info][gc,phases   ] GC(2)   Pre Evacuate Collection Set: 0.06ms
[2026-07-01T01:51:08.250+0000][0.967s][info][gc,phases   ] GC(2)   Merge Heap Roots: 0.02ms
[2026-07-01T01:51:08.250+0000][0.967s][info][gc,phases   ] GC(2)   Evacuate Collection Set: 4.63ms
[2026-07-01T01:51:08.250+0000][0.967s][info][gc,phases   ] GC(2)   Post Evacuate Collection Set: 0.24ms
[2026-07-01T01:51:08.250+0000][0.967s][info][gc,phases   ] GC(2)   Other: 0.04ms
[2026-07-01T01:51:08.250+0000][0.967s][info][gc,heap     ] GC(2) Eden regions: 7->0(8)
[2026-07-01T01:51:08.250+0000][0.967s][info][gc,heap     ] GC(2) Survivor regions: 2->1(2)
[2026-07-01T01:51:08.250+0000][0.967s][info][gc,heap     ] GC(2) Old regions: 2->3
[2026-07-01T01:51:08.250+0000][0.967s][info][gc,heap     ] GC(2) Humongous regions: 0->0
[2026-07-01T01:51:08.250+0000][0.967s][info][gc,metaspace] GC(2) Metaspace: 4356K(4672K)->4356K(4672K) NonClass: 3872K(4032K)->3872K(4032K) Class: 483K(640K)->483K(640K)
[2026-07-01T01:51:08.250+0000][0.967s][info][gc          ] GC(2) Pause Young (Normal) (G1 Evacuation Pause) 9M->2M(18M) 5.123ms
[2026-07-01T01:51:08.250+0000][0.967s][info][gc,cpu      ] GC(2) User=0.01s Sys=0.01s Real=0.01s
[2026-07-01T01:51:08.499+0000][1.216s][info][gc,start    ] GC(3) Pause Young (Normal) (G1 Evacuation Pause)
[2026-07-01T01:51:08.499+0000][1.216s][info][gc,task     ] GC(3) Using 2 workers of 2 for evacuation
[2026-07-01T01:51:08.501+0000][1.218s][info][gc,phases   ] GC(3)   Pre Evacuate Collection Set: 0.06ms
[2026-07-01T01:51:08.501+0000][1.218s][info][gc,phases   ] GC(3)   Merge Heap Roots: 0.02ms
[2026-07-01T01:51:08.501+0000][1.218s][info][gc,phases   ] GC(3)   Evacuate Collection Set: 1.64ms
[2026-07-01T01:51:08.501+0000][1.218s][info][gc,phases   ] GC(3)   Post Evacuate Collection Set: 0.29ms
[2026-07-01T01:51:08.501+0000][1.218s][info][gc,phases   ] GC(3)   Other: 0.04ms
[2026-07-01T01:51:08.501+0000][1.218s][info][gc,heap     ] GC(3) Eden regions: 8->0(7)
[2026-07-01T01:51:08.501+0000][1.218s][info][gc,heap     ] GC(3) Survivor regions: 1->2(2)
[2026-07-01T01:51:08.501+0000][1.218s][info][gc,heap     ] GC(3) Old regions: 3->3
[2026-07-01T01:51:08.501+0000][1.218s][info][gc,heap     ] GC(3) Humongous regions: 0->0
[2026-07-01T01:51:08.501+0000][1.218s][info][gc,metaspace] GC(3) Metaspace: 6289K(6528K)->6289K(6528K) NonClass: 5554K(5696K)->5554K(5696K) Class: 734K(832K)->734K(832K)
[2026-07-01T01:51:08.501+0000][1.218s][info][gc          ] GC(3) Pause Young (Normal) (G1 Evacuation Pause) 10M->3M(18M) 2.171ms
[2026-07-01T01:51:08.501+0000][1.218s][info][gc,cpu      ] GC(3) User=0.01s Sys=0.00s Real=0.00s
[2026-07-01T01:51:08.613+0000][1.330s][info][gc,start    ] GC(4) Pause Young (Normal) (G1 Evacuation Pause)
[2026-07-01T01:51:08.613+0000][1.330s][info][gc,task     ] GC(4) Using 2 workers of 2 for evacuation
[2026-07-01T01:51:08.616+0000][1.333s][info][gc,phases   ] GC(4)   Pre Evacuate Collection Set: 0.09ms
[2026-07-01T01:51:08.616+0000][1.333s][info][gc,phases   ] GC(4)   Merge Heap Roots: 0.04ms
[2026-07-01T01:51:08.616+0000][1.333s][info][gc,phases   ] GC(4)   Evacuate Collection Set: 2.38ms
[2026-07-01T01:51:08.616+0000][1.333s][info][gc,phases   ] GC(4)   Post Evacuate Collection Set: 0.31ms
[2026-07-01T01:51:08.616+0000][1.333s][info][gc,phases   ] GC(4)   Other: 0.05ms
[2026-07-01T01:51:08.616+0000][1.333s][info][gc,heap     ] GC(4) Eden regions: 7->0(7)
[2026-07-01T01:51:08.616+0000][1.333s][info][gc,heap     ] GC(4) Survivor regions: 2->2(2)
[2026-07-01T01:51:08.616+0000][1.333s][info][gc,heap     ] GC(4) Old regions: 3->4
[2026-07-01T01:51:08.616+0000][1.333s][info][gc,heap     ] GC(4) Humongous regions: 0->0
[2026-07-01T01:51:08.616+0000][1.333s][info][gc,metaspace] GC(4) Metaspace: 8215K(8576K)->8215K(8576K) NonClass: 7239K(7424K)->7239K(7424K) Class: 976K(1152K)->976K(1152K)
[2026-07-01T01:51:08.616+0000][1.333s][info][gc          ] GC(4) Pause Young (Normal) (G1 Evacuation Pause) 10M->3M(18M) 3.009ms
[2026-07-01T01:51:08.616+0000][1.333s][info][gc,cpu      ] GC(4) User=0.01s Sys=0.00s Real=0.00s
[2026-07-01T01:51:08.726+0000][1.443s][info][gc,start    ] GC(5) Pause Young (Normal) (G1 Evacuation Pause)
[2026-07-01T01:51:08.726+0000][1.443s][info][gc,task     ] GC(5) Using 2 workers of 2 for evacuation
[2026-07-01T01:51:08.728+0000][1.445s][info][gc,phases   ] GC(5)   Pre Evacuate Collection Set: 0.08ms
[2026-07-01T01:51:08.728+0000][1.445s][info][gc,phases   ] GC(5)   Merge Heap Roots: 0.03ms
[2026-07-01T01:51:08.728+0000][1.445s][info][gc,phases   ] GC(5)   Evacuate Collection Set: 1.94ms
[2026-07-01T01:51:08.728+0000][1.445s][info][gc,phases   ] GC(5)   Post Evacuate Collection Set: 0.26ms
[2026-07-01T01:51:08.728+0000][1.445s][info][gc,phases   ] GC(5)   Other: 0.04ms
[2026-07-01T01:51:08.728+0000][1.445s][info][gc,heap     ] GC(5) Eden regions: 7->0(7)
[2026-07-01T01:51:08.728+0000][1.445s][info][gc,heap     ] GC(5) Survivor regions: 2->2(2)
[2026-07-01T01:51:08.728+0000][1.445s][info][gc,heap     ] GC(5) Old regions: 4->5
[2026-07-01T01:51:08.728+0000][1.445s][info][gc,heap     ] GC(5) Humongous regions: 0->0
[2026-07-01T01:51:08.728+0000][1.445s][info][gc,metaspace] GC(5) Metaspace: 9376K(9792K)->9376K(9792K) NonClass: 8230K(8448K)->8230K(8448K) Class: 1146K(1344K)->1146K(1344K)
[2026-07-01T01:51:08.728+0000][1.445s][info][gc          ] GC(5) Pause Young (Normal) (G1 Evacuation Pause) 10M->4M(18M) 2.461ms
[2026-07-01T01:51:08.728+0000][1.445s][info][gc,cpu      ] GC(5) User=0.00s Sys=0.00s Real=0.00s
[2026-07-01T01:51:08.828+0000][1.545s][info][gc,start    ] GC(6) Pause Young (Normal) (G1 Evacuation Pause)
[2026-07-01T01:51:08.828+0000][1.545s][info][gc,task     ] GC(6) Using 2 workers of 2 for evacuation
[2026-07-01T01:51:08.830+0000][1.547s][info][gc,phases   ] GC(6)   Pre Evacuate Collection Set: 0.07ms
[2026-07-01T01:51:08.830+0000][1.547s][info][gc,phases   ] GC(6)   Merge Heap Roots: 0.04ms
[2026-07-01T01:51:08.830+0000][1.547s][info][gc,phases   ] GC(6)   Evacuate Collection Set: 1.54ms
[2026-07-01T01:51:08.830+0000][1.547s][info][gc,phases   ] GC(6)   Post Evacuate Collection Set: 0.26ms
[2026-07-01T01:51:08.830+0000][1.547s][info][gc,phases   ] GC(6)   Other: 0.04ms
[2026-07-01T01:51:08.830+0000][1.547s][info][gc,heap     ] GC(6) Eden regions: 7->0(12)
[2026-07-01T01:51:08.830+0000][1.547s][info][gc,heap     ] GC(6) Survivor regions: 2->1(2)
[2026-07-01T01:51:08.830+0000][1.547s][info][gc,heap     ] GC(6) Old regions: 5->5
[2026-07-01T01:51:08.830+0000][1.547s][info][gc,heap     ] GC(6) Humongous regions: 0->0
[2026-07-01T01:51:08.830+0000][1.547s][info][gc,metaspace] GC(6) Metaspace: 10481K(10880K)->10481K(10880K) NonClass: 9132K(9344K)->9132K(9344K) Class: 1348K(1536K)->1348K(1536K)
[2026-07-01T01:51:08.830+0000][1.547s][info][gc          ] GC(6) Pause Young (Normal) (G1 Evacuation Pause) 11M->4M(22M) 2.052ms
[2026-07-01T01:51:08.830+0000][1.547s][info][gc,cpu      ] GC(6) User=0.00s Sys=0.00s Real=0.01s
[2026-07-01T01:51:08.947+0000][1.664s][info][gc,start    ] GC(7) Pause Young (Normal) (G1 Evacuation Pause)
[2026-07-01T01:51:08.947+0000][1.664s][info][gc,task     ] GC(7) Using 2 workers of 2 for evacuation
[2026-07-01T01:51:08.950+0000][1.667s][info][gc,phases   ] GC(7)   Pre Evacuate Collection Set: 0.08ms
[2026-07-01T01:51:08.950+0000][1.667s][info][gc,phases   ] GC(7)   Merge Heap Roots: 0.04ms
[2026-07-01T01:51:08.950+0000][1.667s][info][gc,phases   ] GC(7)   Evacuate Collection Set: 2.15ms
[2026-07-01T01:51:08.950+0000][1.667s][info][gc,phases   ] GC(7)   Post Evacuate Collection Set: 0.21ms
[2026-07-01T01:51:08.950+0000][1.667s][info][gc,phases   ] GC(7)   Other: 0.05ms
[2026-07-01T01:51:08.950+0000][1.667s][info][gc,heap     ] GC(7) Eden regions: 12->0(11)
[2026-07-01T01:51:08.950+0000][1.667s][info][gc,heap     ] GC(7) Survivor regions: 1->2(2)
[2026-07-01T01:51:08.950+0000][1.667s][info][gc,heap     ] GC(7) Old regions: 5->5
[2026-07-01T01:51:08.950+0000][1.667s][info][gc,heap     ] GC(7) Humongous regions: 0->0
[2026-07-01T01:51:08.950+0000][1.667s][info][gc,metaspace] GC(7) Metaspace: 13093K(13440K)->13093K(13440K) NonClass: 11454K(11648K)->11454K(11648K) Class: 1639K(1792K)->1639K(1792K)
[2026-07-01T01:51:08.950+0000][1.667s][info][gc          ] GC(7) Pause Young (Normal) (G1 Evacuation Pause) 16M->5M(22M) 2.639ms
[2026-07-01T01:51:08.950+0000][1.667s][info][gc,cpu      ] GC(7) User=0.01s Sys=0.00s Real=0.01s
[2026-07-01T01:51:09.105+0000][1.822s][info][gc,start    ] GC(8) Pause Young (Normal) (G1 Evacuation Pause)
[2026-07-01T01:51:09.105+0000][1.822s][info][gc,task     ] GC(8) Using 2 workers of 2 for evacuation
[2026-07-01T01:51:09.109+0000][1.826s][info][gc,phases   ] GC(8)   Pre Evacuate Collection Set: 0.08ms
[2026-07-01T01:51:09.109+0000][1.826s][info][gc,phases   ] GC(8)   Merge Heap Roots: 0.05ms
[2026-07-01T01:51:09.109+0000][1.826s][info][gc,phases   ] GC(8)   Evacuate Collection Set: 2.65ms
[2026-07-01T01:51:09.109+0000][1.826s][info][gc,phases   ] GC(8)   Post Evacuate Collection Set: 0.33ms
[2026-07-01T01:51:09.109+0000][1.826s][info][gc,phases   ] GC(8)   Other: 0.05ms
[2026-07-01T01:51:09.109+0000][1.826s][info][gc,heap     ] GC(8) Eden regions: 11->0(11)
[2026-07-01T01:51:09.109+0000][1.826s][info][gc,heap     ] GC(8) Survivor regions: 2->1(2)
[2026-07-01T01:51:09.109+0000][1.826s][info][gc,heap     ] GC(8) Old regions: 5->7
[2026-07-01T01:51:09.109+0000][1.826s][info][gc,heap     ] GC(8) Humongous regions: 0->0
[2026-07-01T01:51:09.109+0000][1.826s][info][gc,metaspace] GC(8) Metaspace: 15496K(15936K)->15496K(15936K) NonClass: 13535K(13760K)->13535K(13760K) Class: 1961K(2176K)->1961K(2176K)
[2026-07-01T01:51:09.109+0000][1.826s][info][gc          ] GC(8) Pause Young (Normal) (G1 Evacuation Pause) 16M->6M(22M) 3.275ms
[2026-07-01T01:51:09.109+0000][1.826s][info][gc,cpu      ] GC(8) User=0.01s Sys=0.00s Real=0.01s
[2026-07-01T01:51:09.224+0000][1.941s][info][gc,start    ] GC(9) Pause Young (Normal) (G1 Evacuation Pause)
[2026-07-01T01:51:09.224+0000][1.941s][info][gc,task     ] GC(9) Using 2 workers of 2 for evacuation
[2026-07-01T01:51:09.226+0000][1.943s][info][gc,phases   ] GC(9)   Pre Evacuate Collection Set: 0.08ms
[2026-07-01T01:51:09.226+0000][1.943s][info][gc,phases   ] GC(9)   Merge Heap Roots: 0.05ms
[2026-07-01T01:51:09.226+0000][1.943s][info][gc,phases   ] GC(9)   Evacuate Collection Set: 1.74ms
[2026-07-01T01:51:09.226+0000][1.943s][info][gc,phases   ] GC(9)   Post Evacuate Collection Set: 0.28ms
[2026-07-01T01:51:09.226+0000][1.943s][info][gc,phases   ] GC(9)   Other: 0.05ms
[2026-07-01T01:51:09.226+0000][1.943s][info][gc,heap     ] GC(9) Eden regions: 11->0(10)
[2026-07-01T01:51:09.226+0000][1.943s][info][gc,heap     ] GC(9) Survivor regions: 1->2(2)
[2026-07-01T01:51:09.226+0000][1.943s][info][gc,heap     ] GC(9) Old regions: 7->7
[2026-07-01T01:51:09.226+0000][1.943s][info][gc,heap     ] GC(9) Humongous regions: 0->0
[2026-07-01T01:51:09.226+0000][1.943s][info][gc,metaspace] GC(9) Metaspace: 17844K(18240K)->17844K(18240K) NonClass: 15601K(15808K)->15601K(15808K) Class: 2243K(2432K)->2243K(2432K)
[2026-07-01T01:51:09.227+0000][1.944s][info][gc          ] GC(9) Pause Young (Normal) (G1 Evacuation Pause) 17M->6M(22M) 2.310ms
[2026-07-01T01:51:09.227+0000][1.944s][info][gc,cpu      ] GC(9) User=0.01s Sys=0.00s Real=0.00s
[2026-07-01T01:51:09.340+0000][2.057s][info][gc,start    ] GC(10) Pause Young (Normal) (G1 Evacuation Pause)
[2026-07-01T01:51:09.340+0000][2.057s][info][gc,task     ] GC(10) Using 2 workers of 2 for evacuation
[2026-07-01T01:51:09.344+0000][2.061s][info][gc,phases   ] GC(10)   Pre Evacuate Collection Set: 0.19ms
[2026-07-01T01:51:09.344+0000][2.061s][info][gc,phases   ] GC(10)   Merge Heap Roots: 0.04ms
[2026-07-01T01:51:09.344+0000][2.061s][info][gc,phases   ] GC(10)   Evacuate Collection Set: 2.77ms
[2026-07-01T01:51:09.344+0000][2.061s][info][gc,phases   ] GC(10)   Post Evacuate Collection Set: 0.37ms
[2026-07-01T01:51:09.344+0000][2.061s][info][gc,phases   ] GC(10)   Other: 0.05ms
[2026-07-01T01:51:09.344+0000][2.061s][info][gc,heap     ] GC(10) Eden regions: 10->0(14)
[2026-07-01T01:51:09.344+0000][2.061s][info][gc,heap     ] GC(10) Survivor regions: 2->2(2)
[2026-07-01T01:51:09.344+0000][2.061s][info][gc,heap     ] GC(10) Old regions: 7->7
[2026-07-01T01:51:09.344+0000][2.061s][info][gc,heap     ] GC(10) Humongous regions: 0->0
[2026-07-01T01:51:09.344+0000][2.061s][info][gc,metaspace] GC(10) Metaspace: 19114K(19584K)->19114K(19584K) NonClass: 16727K(17024K)->16727K(17024K) Class: 2387K(2560K)->2387K(2560K)
[2026-07-01T01:51:09.344+0000][2.061s][info][gc          ] GC(10) Pause Young (Normal) (G1 Evacuation Pause) 16M->7M(27M) 3.536ms
[2026-07-01T01:51:09.344+0000][2.061s][info][gc,cpu      ] GC(10) User=0.01s Sys=0.00s Real=0.00s
[2026-07-01T01:51:09.537+0000][2.254s][info][gc,start    ] GC(11) Pause Young (Normal) (G1 Evacuation Pause)
[2026-07-01T01:51:09.537+0000][2.254s][info][gc,task     ] GC(11) Using 2 workers of 2 for evacuation
[2026-07-01T01:51:09.541+0000][2.258s][info][gc,phases   ] GC(11)   Pre Evacuate Collection Set: 0.06ms
[2026-07-01T01:51:09.541+0000][2.258s][info][gc,phases   ] GC(11)   Merge Heap Roots: 0.03ms
[2026-07-01T01:51:09.541+0000][2.258s][info][gc,phases   ] GC(11)   Evacuate Collection Set: 3.26ms
[2026-07-01T01:51:09.541+0000][2.258s][info][gc,phases   ] GC(11)   Post Evacuate Collection Set: 0.34ms
[2026-07-01T01:51:09.541+0000][2.258s][info][gc,phases   ] GC(11)   Other: 0.06ms
[2026-07-01T01:51:09.541+0000][2.258s][info][gc,heap     ] GC(11) Eden regions: 14->0(13)
[2026-07-01T01:51:09.541+0000][2.258s][info][gc,heap     ] GC(11) Survivor regions: 2->2(2)
[2026-07-01T01:51:09.541+0000][2.258s][info][gc,heap     ] GC(11) Old regions: 7->8
[2026-07-01T01:51:09.541+0000][2.258s][info][gc,heap     ] GC(11) Humongous regions: 0->0
[2026-07-01T01:51:09.541+0000][2.258s][info][gc,metaspace] GC(11) Metaspace: 20057K(20608K)->20057K(20608K) NonClass: 17551K(17856K)->17551K(17856K) Class: 2506K(2752K)->2506K(2752K)
[2026-07-01T01:51:09.541+0000][2.258s][info][gc          ] GC(11) Pause Young (Normal) (G1 Evacuation Pause) 21M->8M(27M) 3.866ms
[2026-07-01T01:51:09.541+0000][2.258s][info][gc,cpu      ] GC(11) User=0.01s Sys=0.00s Real=0.01s
[2026-07-01T01:51:09.722+0000][2.439s][info][gc,start    ] GC(12) Pause Young (Normal) (G1 Evacuation Pause)
[2026-07-01T01:51:09.722+0000][2.439s][info][gc,task     ] GC(12) Using 2 workers of 2 for evacuation
[2026-07-01T01:51:09.724+0000][2.441s][info][gc,phases   ] GC(12)   Pre Evacuate Collection Set: 0.07ms
[2026-07-01T01:51:09.724+0000][2.441s][info][gc,phases   ] GC(12)   Merge Heap Roots: 0.03ms
[2026-07-01T01:51:09.725+0000][2.441s][info][gc,phases   ] GC(12)   Evacuate Collection Set: 2.24ms
[2026-07-01T01:51:09.725+0000][2.442s][info][gc,phases   ] GC(12)   Post Evacuate Collection Set: 0.28ms
[2026-07-01T01:51:09.725+0000][2.442s][info][gc,phases   ] GC(12)   Other: 0.04ms
[2026-07-01T01:51:09.725+0000][2.442s][info][gc,heap     ] GC(12) Eden regions: 13->0(13)
[2026-07-01T01:51:09.725+0000][2.442s][info][gc,heap     ] GC(12) Survivor regions: 2->2(2)
[2026-07-01T01:51:09.725+0000][2.442s][info][gc,heap     ] GC(12) Old regions: 8->9
[2026-07-01T01:51:09.725+0000][2.442s][info][gc,heap     ] GC(12) Humongous regions: 0->0
[2026-07-01T01:51:09.725+0000][2.442s][info][gc,metaspace] GC(12) Metaspace: 20868K(21376K)->20868K(21376K) NonClass: 18273K(18560K)->18273K(18560K) Class: 2595K(2816K)->2595K(2816K)
[2026-07-01T01:51:09.725+0000][2.442s][info][gc          ] GC(12) Pause Young (Normal) (G1 Evacuation Pause) 21M->9M(27M) 2.775ms
[2026-07-01T01:51:09.725+0000][2.442s][info][gc,cpu      ] GC(12) User=0.00s Sys=0.00s Real=0.00s
[2026-07-01T01:51:09.738+0000][2.455s][info][gc,start    ] GC(13) Pause Young (Concurrent Start) (Metadata GC Threshold)
[2026-07-01T01:51:09.738+0000][2.455s][info][gc,task     ] GC(13) Using 2 workers of 2 for evacuation
[2026-07-01T01:51:09.740+0000][2.457s][info][gc,phases   ] GC(13)   Pre Evacuate Collection Set: 0.09ms
[2026-07-01T01:51:09.740+0000][2.457s][info][gc,phases   ] GC(13)   Merge Heap Roots: 0.04ms
[2026-07-01T01:51:09.740+0000][2.457s][info][gc,phases   ] GC(13)   Evacuate Collection Set: 1.80ms
[2026-07-01T01:51:09.740+0000][2.457s][info][gc,phases   ] GC(13)   Post Evacuate Collection Set: 0.19ms
[2026-07-01T01:51:09.740+0000][2.457s][info][gc,phases   ] GC(13)   Other: 0.06ms
[2026-07-01T01:51:09.740+0000][2.457s][info][gc,heap     ] GC(13) Eden regions: 2->0(13)
[2026-07-01T01:51:09.740+0000][2.457s][info][gc,heap     ] GC(13) Survivor regions: 2->1(2)
[2026-07-01T01:51:09.740+0000][2.457s][info][gc,heap     ] GC(13) Old regions: 9->10
[2026-07-01T01:51:09.740+0000][2.457s][info][gc,heap     ] GC(13) Humongous regions: 0->0
[2026-07-01T01:51:09.740+0000][2.457s][info][gc,metaspace] GC(13) Metaspace: 21085K(21504K)->21085K(21504K) NonClass: 18463K(18688K)->18463K(18688K) Class: 2622K(2816K)->2622K(2816K)
[2026-07-01T01:51:09.740+0000][2.457s][info][gc          ] GC(13) Pause Young (Concurrent Start) (Metadata GC Threshold) 11M->9M(27M) 2.280ms
[2026-07-01T01:51:09.740+0000][2.457s][info][gc,cpu      ] GC(13) User=0.00s Sys=0.00s Real=0.00s
[2026-07-01T01:51:09.740+0000][2.457s][info][gc          ] GC(14) Concurrent Mark Cycle
[2026-07-01T01:51:09.740+0000][2.457s][info][gc,marking  ] GC(14) Concurrent Scan Root Regions
[2026-07-01T01:51:09.742+0000][2.459s][info][gc,marking  ] GC(14) Concurrent Scan Root Regions 1.128ms
[2026-07-01T01:51:09.742+0000][2.459s][info][gc,marking  ] GC(14) Concurrent Mark
[2026-07-01T01:51:09.742+0000][2.459s][info][gc,marking  ] GC(14) Concurrent Mark From Roots
[2026-07-01T01:51:09.742+0000][2.459s][info][gc,task     ] GC(14) Using 1 workers of 1 for marking
[2026-07-01T01:51:09.759+0000][2.476s][info][gc,marking  ] GC(14) Concurrent Mark From Roots 17.388ms
[2026-07-01T01:51:09.759+0000][2.476s][info][gc,marking  ] GC(14) Concurrent Preclean
[2026-07-01T01:51:09.759+0000][2.476s][info][gc,marking  ] GC(14) Concurrent Preclean 0.034ms
[2026-07-01T01:51:09.759+0000][2.476s][info][gc,start    ] GC(14) Pause Remark
[2026-07-01T01:51:09.762+0000][2.479s][info][gc,heap     ] GC(14) Heap shrink completed: uncommitted 5 regions (5MB), heap size now 22MB
[2026-07-01T01:51:09.762+0000][2.479s][info][gc          ] GC(14) Pause Remark 11M->11M(22M) 3.026ms
[2026-07-01T01:51:09.762+0000][2.479s][info][gc,cpu      ] GC(14) User=0.00s Sys=0.00s Real=0.00s
[2026-07-01T01:51:09.762+0000][2.479s][info][gc,marking  ] GC(14) Concurrent Mark 20.946ms
[2026-07-01T01:51:09.762+0000][2.479s][info][gc,marking  ] GC(14) Concurrent Rebuild Remembered Sets and Scrub Regions
[2026-07-01T01:51:09.768+0000][2.485s][info][gc,marking  ] GC(14) Concurrent Rebuild Remembered Sets and Scrub Regions 5.036ms
[2026-07-01T01:51:09.797+0000][2.514s][info][gc,start    ] GC(14) Pause Cleanup
[2026-07-01T01:51:09.797+0000][2.514s][info][gc          ] GC(14) Pause Cleanup 11M->11M(22M) 0.089ms
[2026-07-01T01:51:09.797+0000][2.514s][info][gc,cpu      ] GC(14) User=0.00s Sys=0.00s Real=0.00s
[2026-07-01T01:51:09.798+0000][2.515s][info][gc,marking  ] GC(14) Concurrent Clear Claimed Marks
[2026-07-01T01:51:09.798+0000][2.515s][info][gc,marking  ] GC(14) Concurrent Clear Claimed Marks 0.054ms
[2026-07-01T01:51:09.798+0000][2.515s][info][gc,marking  ] GC(14) Concurrent Cleanup for Next Mark
[2026-07-01T01:51:09.798+0000][2.515s][info][gc,marking  ] GC(14) Concurrent Cleanup for Next Mark 0.172ms
[2026-07-01T01:51:09.798+0000][2.515s][info][gc          ] GC(14) Concurrent Mark Cycle 57.945ms
[2026-07-01T01:51:09.916+0000][2.633s][info][gc,start    ] GC(15) Pause Young (Prepare Mixed) (G1 Evacuation Pause)
[2026-07-01T01:51:09.916+0000][2.633s][info][gc,task     ] GC(15) Using 2 workers of 2 for evacuation
[2026-07-01T01:51:09.918+0000][2.635s][info][gc,phases   ] GC(15)   Pre Evacuate Collection Set: 0.09ms
[2026-07-01T01:51:09.918+0000][2.635s][info][gc,phases   ] GC(15)   Merge Heap Roots: 0.05ms
[2026-07-01T01:51:09.918+0000][2.635s][info][gc,phases   ] GC(15)   Evacuate Collection Set: 2.01ms
[2026-07-01T01:51:09.918+0000][2.635s][info][gc,phases   ] GC(15)   Post Evacuate Collection Set: 0.31ms
[2026-07-01T01:51:09.918+0000][2.635s][info][gc,phases   ] GC(15)   Other: 0.04ms
[2026-07-01T01:51:09.918+0000][2.635s][info][gc,heap     ] GC(15) Eden regions: 11->0(10)
[2026-07-01T01:51:09.918+0000][2.635s][info][gc,heap     ] GC(15) Survivor regions: 1->2(2)
[2026-07-01T01:51:09.918+0000][2.635s][info][gc,heap     ] GC(15) Old regions: 10->10
[2026-07-01T01:51:09.918+0000][2.635s][info][gc,heap     ] GC(15) Humongous regions: 0->0
[2026-07-01T01:51:09.918+0000][2.635s][info][gc,metaspace] GC(15) Metaspace: 22006K(22464K)->22006K(22464K) NonClass: 19246K(19456K)->19246K(19456K) Class: 2760K(3008K)->2760K(3008K)
[2026-07-01T01:51:09.918+0000][2.635s][info][gc          ] GC(15) Pause Young (Prepare Mixed) (G1 Evacuation Pause) 20M->9M(24M) 2.608ms
[2026-07-01T01:51:09.918+0000][2.635s][info][gc,cpu      ] GC(15) User=0.00s Sys=0.00s Real=0.01s
[2026-07-01T01:51:10.062+0000][2.779s][info][gc,start    ] GC(16) Pause Young (Mixed) (G1 Evacuation Pause)
[2026-07-01T01:51:10.062+0000][2.779s][info][gc,task     ] GC(16) Using 2 workers of 2 for evacuation
[2026-07-01T01:51:10.066+0000][2.783s][info][gc,phases   ] GC(16)   Pre Evacuate Collection Set: 0.08ms
[2026-07-01T01:51:10.066+0000][2.783s][info][gc,phases   ] GC(16)   Merge Heap Roots: 0.04ms
[2026-07-01T01:51:10.066+0000][2.783s][info][gc,phases   ] GC(16)   Evacuate Collection Set: 2.75ms
[2026-07-01T01:51:10.066+0000][2.783s][info][gc,phases   ] GC(16)   Post Evacuate Collection Set: 0.30ms
[2026-07-01T01:51:10.066+0000][2.783s][info][gc,phases   ] GC(16)   Other: 0.04ms
[2026-07-01T01:51:10.066+0000][2.783s][info][gc,heap     ] GC(16) Eden regions: 10->0(15)
[2026-07-01T01:51:10.066+0000][2.783s][info][gc,heap     ] GC(16) Survivor regions: 2->2(2)
[2026-07-01T01:51:10.066+0000][2.783s][info][gc,heap     ] GC(16) Old regions: 10->10
[2026-07-01T01:51:10.066+0000][2.783s][info][gc,heap     ] GC(16) Humongous regions: 0->0
[2026-07-01T01:51:10.066+0000][2.783s][info][gc,metaspace] GC(16) Metaspace: 23082K(23552K)->23082K(23552K) NonClass: 20172K(20416K)->20172K(20416K) Class: 2910K(3136K)->2910K(3136K)
[2026-07-01T01:51:10.066+0000][2.783s][info][gc          ] GC(16) Pause Young (Mixed) (G1 Evacuation Pause) 19M->10M(30M) 3.322ms
[2026-07-01T01:51:10.066+0000][2.783s][info][gc,cpu      ] GC(16) User=0.01s Sys=0.00s Real=0.00s
[2026-07-01T01:51:10.274+0000][2.991s][info][gc,start    ] GC(17) Pause Young (Normal) (G1 Evacuation Pause)
[2026-07-01T01:51:10.274+0000][2.991s][info][gc,task     ] GC(17) Using 2 workers of 2 for evacuation
[2026-07-01T01:51:10.279+0000][2.996s][info][gc,phases   ] GC(17)   Pre Evacuate Collection Set: 0.10ms
[2026-07-01T01:51:10.279+0000][2.996s][info][gc,phases   ] GC(17)   Merge Heap Roots: 0.05ms
[2026-07-01T01:51:10.279+0000][2.996s][info][gc,phases   ] GC(17)   Evacuate Collection Set: 4.21ms
[2026-07-01T01:51:10.279+0000][2.996s][info][gc,phases   ] GC(17)   Post Evacuate Collection Set: 0.52ms
[2026-07-01T01:51:10.279+0000][2.996s][info][gc,phases   ] GC(17)   Other: 0.05ms
[2026-07-01T01:51:10.279+0000][2.996s][info][gc,heap     ] GC(17) Eden regions: 15->0(13)
[2026-07-01T01:51:10.279+0000][2.996s][info][gc,heap     ] GC(17) Survivor regions: 2->3(3)
[2026-07-01T01:51:10.279+0000][2.996s][info][gc,heap     ] GC(17) Old regions: 10->10
[2026-07-01T01:51:10.279+0000][2.996s][info][gc,heap     ] GC(17) Humongous regions: 0->0
[2026-07-01T01:51:10.279+0000][2.996s][info][gc,metaspace] GC(17) Metaspace: 25982K(26560K)->25982K(26560K) NonClass: 22678K(22976K)->22678K(22976K) Class: 3304K(3584K)->3304K(3584K)
[2026-07-01T01:51:10.279+0000][2.996s][info][gc          ] GC(17) Pause Young (Normal) (G1 Evacuation Pause) 25M->12M(30M) 5.043ms
[2026-07-01T01:51:10.279+0000][2.996s][info][gc,cpu      ] GC(17) User=0.01s Sys=0.00s Real=0.01s
[2026-07-01T01:51:10.421+0000][3.138s][info][gc,start    ] GC(18) Pause Young (Normal) (G1 Evacuation Pause)
[2026-07-01T01:51:10.421+0000][3.138s][info][gc,task     ] GC(18) Using 2 workers of 2 for evacuation
[2026-07-01T01:51:10.427+0000][3.144s][info][gc,phases   ] GC(18)   Pre Evacuate Collection Set: 0.10ms
[2026-07-01T01:51:10.427+0000][3.144s][info][gc,phases   ] GC(18)   Merge Heap Roots: 0.05ms
[2026-07-01T01:51:10.427+0000][3.144s][info][gc,phases   ] GC(18)   Evacuate Collection Set: 5.18ms
[2026-07-01T01:51:10.427+0000][3.144s][info][gc,phases   ] GC(18)   Post Evacuate Collection Set: 0.39ms
[2026-07-01T01:51:10.427+0000][3.144s][info][gc,phases   ] GC(18)   Other: 0.05ms
[2026-07-01T01:51:10.427+0000][3.144s][info][gc,heap     ] GC(18) Eden regions: 13->0(13)
[2026-07-01T01:51:10.427+0000][3.144s][info][gc,heap     ] GC(18) Survivor regions: 3->1(2)
[2026-07-01T01:51:10.427+0000][3.144s][info][gc,heap     ] GC(18) Old regions: 10->13
[2026-07-01T01:51:10.427+0000][3.144s][info][gc,heap     ] GC(18) Humongous regions: 0->0
[2026-07-01T01:51:10.427+0000][3.144s][info][gc,metaspace] GC(18) Metaspace: 27843K(28416K)->27843K(28416K) NonClass: 24303K(24640K)->24303K(24640K) Class: 3539K(3776K)->3539K(3776K)
[2026-07-01T01:51:10.427+0000][3.144s][info][gc          ] GC(18) Pause Young (Normal) (G1 Evacuation Pause) 25M->13M(30M) 5.900ms
[2026-07-01T01:51:10.427+0000][3.144s][info][gc,cpu      ] GC(18) User=0.02s Sys=0.00s Real=0.00s
[2026-07-01T01:51:10.623+0000][3.340s][info][gc,start    ] GC(19) Pause Young (Normal) (G1 Evacuation Pause)
[2026-07-01T01:51:10.623+0000][3.340s][info][gc,task     ] GC(19) Using 2 workers of 2 for evacuation
[2026-07-01T01:51:10.627+0000][3.344s][info][gc,phases   ] GC(19)   Pre Evacuate Collection Set: 0.09ms
[2026-07-01T01:51:10.627+0000][3.344s][info][gc,phases   ] GC(19)   Merge Heap Roots: 0.05ms
[2026-07-01T01:51:10.627+0000][3.344s][info][gc,phases   ] GC(19)   Evacuate Collection Set: 3.81ms
[2026-07-01T01:51:10.627+0000][3.344s][info][gc,phases   ] GC(19)   Post Evacuate Collection Set: 0.39ms
[2026-07-01T01:51:10.627+0000][3.344s][info][gc,phases   ] GC(19)   Other: 0.04ms
[2026-07-01T01:51:10.627+0000][3.344s][info][gc,heap     ] GC(19) Eden regions: 13->0(12)
[2026-07-01T01:51:10.627+0000][3.344s][info][gc,heap     ] GC(19) Survivor regions: 1->2(2)
[2026-07-01T01:51:10.627+0000][3.344s][info][gc,heap     ] GC(19) Old regions: 13->13
[2026-07-01T01:51:10.627+0000][3.344s][info][gc,heap     ] GC(19) Humongous regions: 0->0
[2026-07-01T01:51:10.627+0000][3.344s][info][gc,metaspace] GC(19) Metaspace: 29383K(30016K)->29383K(30016K) NonClass: 25612K(25984K)->25612K(25984K) Class: 3770K(4032K)->3770K(4032K)
[2026-07-01T01:51:10.627+0000][3.344s][info][gc          ] GC(19) Pause Young (Normal) (G1 Evacuation Pause) 26M->14M(30M) 4.477ms
[2026-07-01T01:51:10.627+0000][3.344s][info][gc,cpu      ] GC(19) User=0.01s Sys=0.00s Real=0.00s
[2026-07-01T01:51:10.757+0000][3.474s][info][gc,start    ] GC(20) Pause Young (Normal) (G1 Evacuation Pause)
[2026-07-01T01:51:10.757+0000][3.474s][info][gc,task     ] GC(20) Using 2 workers of 2 for evacuation
[2026-07-01T01:51:10.762+0000][3.479s][info][gc,phases   ] GC(20)   Pre Evacuate Collection Set: 0.09ms
[2026-07-01T01:51:10.762+0000][3.479s][info][gc,phases   ] GC(20)   Merge Heap Roots: 0.05ms
[2026-07-01T01:51:10.762+0000][3.479s][info][gc,phases   ] GC(20)   Evacuate Collection Set: 4.20ms
[2026-07-01T01:51:10.762+0000][3.479s][info][gc,phases   ] GC(20)   Post Evacuate Collection Set: 0.57ms
[2026-07-01T01:51:10.762+0000][3.479s][info][gc,phases   ] GC(20)   Other: 0.06ms
[2026-07-01T01:51:10.762+0000][3.479s][info][gc,heap     ] GC(20) Eden regions: 12->0(16)
[2026-07-01T01:51:10.762+0000][3.479s][info][gc,heap     ] GC(20) Survivor regions: 2->1(2)
[2026-07-01T01:51:10.762+0000][3.479s][info][gc,heap     ] GC(20) Old regions: 13->15
[2026-07-01T01:51:10.762+0000][3.479s][info][gc,heap     ] GC(20) Humongous regions: 0->0
[2026-07-01T01:51:10.762+0000][3.479s][info][gc,metaspace] GC(20) Metaspace: 31292K(31872K)->31292K(31872K) NonClass: 27254K(27584K)->27254K(27584K) Class: 4037K(4288K)->4037K(4288K)
[2026-07-01T01:51:10.762+0000][3.479s][info][gc          ] GC(20) Pause Young (Normal) (G1 Evacuation Pause) 26M->15M(37M) 5.134ms
[2026-07-01T01:51:10.762+0000][3.479s][info][gc,cpu      ] GC(20) User=0.02s Sys=0.00s Real=0.01s
[2026-07-01T01:51:11.052+0000][3.769s][info][gc,start    ] GC(21) Pause Young (Normal) (G1 Evacuation Pause)
[2026-07-01T01:51:11.052+0000][3.769s][info][gc,task     ] GC(21) Using 2 workers of 2 for evacuation
[2026-07-01T01:51:11.057+0000][3.774s][info][gc,phases   ] GC(21)   Pre Evacuate Collection Set: 0.07ms
[2026-07-01T01:51:11.057+0000][3.774s][info][gc,phases   ] GC(21)   Merge Heap Roots: 0.04ms
[2026-07-01T01:51:11.057+0000][3.774s][info][gc,phases   ] GC(21)   Evacuate Collection Set: 4.18ms
[2026-07-01T01:51:11.057+0000][3.774s][info][gc,phases   ] GC(21)   Post Evacuate Collection Set: 0.44ms
[2026-07-01T01:51:11.057+0000][3.774s][info][gc,phases   ] GC(21)   Other: 0.05ms
[2026-07-01T01:51:11.057+0000][3.774s][info][gc,heap     ] GC(21) Eden regions: 16->0(15)
[2026-07-01T01:51:11.057+0000][3.774s][info][gc,heap     ] GC(21) Survivor regions: 1->3(3)
[2026-07-01T01:51:11.057+0000][3.774s][info][gc,heap     ] GC(21) Old regions: 15->15
[2026-07-01T01:51:11.057+0000][3.774s][info][gc,heap     ] GC(21) Humongous regions: 0->0
[2026-07-01T01:51:11.057+0000][3.774s][info][gc,metaspace] GC(21) Metaspace: 34439K(35200K)->34439K(35200K) NonClass: 29930K(30336K)->29930K(30336K) Class: 4508K(4864K)->4508K(4864K)
[2026-07-01T01:51:11.057+0000][3.774s][info][gc          ] GC(21) Pause Young (Normal) (G1 Evacuation Pause) 31M->16M(37M) 4.896ms
[2026-07-01T01:51:11.057+0000][3.774s][info][gc,cpu      ] GC(21) User=0.01s Sys=0.00s Real=0.00s
[2026-07-01T01:51:11.156+0000][3.873s][info][gc,start    ] GC(22) Pause Young (Normal) (G1 Evacuation Pause)
[2026-07-01T01:51:11.156+0000][3.873s][info][gc,task     ] GC(22) Using 2 workers of 2 for evacuation
[2026-07-01T01:51:11.167+0000][3.884s][info][gc,phases   ] GC(22)   Pre Evacuate Collection Set: 0.09ms
[2026-07-01T01:51:11.167+0000][3.884s][info][gc,phases   ] GC(22)   Merge Heap Roots: 0.05ms
[2026-07-01T01:51:11.167+0000][3.884s][info][gc,phases   ] GC(22)   Evacuate Collection Set: 10.25ms
[2026-07-01T01:51:11.167+0000][3.884s][info][gc,phases   ] GC(22)   Post Evacuate Collection Set: 0.43ms
[2026-07-01T01:51:11.167+0000][3.884s][info][gc,phases   ] GC(22)   Other: 0.04ms
[2026-07-01T01:51:11.167+0000][3.884s][info][gc,heap     ] GC(22) Eden regions: 15->0(8)
[2026-07-01T01:51:11.167+0000][3.884s][info][gc,heap     ] GC(22) Survivor regions: 3->3(3)
[2026-07-01T01:51:11.167+0000][3.884s][info][gc,heap     ] GC(22) Old regions: 15->23
[2026-07-01T01:51:11.167+0000][3.884s][info][gc,heap     ] GC(22) Humongous regions: 0->0
[2026-07-01T01:51:11.167+0000][3.884s][info][gc,metaspace] GC(22) Metaspace: 35539K(36224K)->35539K(36224K) NonClass: 30905K(31296K)->30905K(31296K) Class: 4633K(4928K)->4633K(4928K)
[2026-07-01T01:51:11.167+0000][3.884s][info][gc          ] GC(22) Pause Young (Normal) (G1 Evacuation Pause) 31M->25M(44M) 10.985ms
[2026-07-01T01:51:11.167+0000][3.884s][info][gc,cpu      ] GC(22) User=0.03s Sys=0.00s Real=0.01s
[2026-07-01T01:51:11.197+0000][3.914s][info][gc,start    ] GC(23) Pause Young (Concurrent Start) (G1 Evacuation Pause)
[2026-07-01T01:51:11.197+0000][3.914s][info][gc,task     ] GC(23) Using 2 workers of 2 for evacuation
[2026-07-01T01:51:11.211+0000][3.928s][info][gc,phases   ] GC(23)   Pre Evacuate Collection Set: 0.10ms
[2026-07-01T01:51:11.211+0000][3.928s][info][gc,phases   ] GC(23)   Merge Heap Roots: 0.11ms
[2026-07-01T01:51:11.211+0000][3.928s][info][gc,phases   ] GC(23)   Evacuate Collection Set: 13.42ms
[2026-07-01T01:51:11.211+0000][3.928s][info][gc,phases   ] GC(23)   Post Evacuate Collection Set: 0.33ms
[2026-07-01T01:51:11.211+0000][3.928s][info][gc,phases   ] GC(23)   Other: 0.07ms
[2026-07-01T01:51:11.211+0000][3.928s][info][gc,heap     ] GC(23) Eden regions: 8->0(3)
[2026-07-01T01:51:11.211+0000][3.928s][info][gc,heap     ] GC(23) Survivor regions: 3->2(2)
[2026-07-01T01:51:11.211+0000][3.928s][info][gc,heap     ] GC(23) Old regions: 23->31
[2026-07-01T01:51:11.212+0000][3.928s][info][gc,heap     ] GC(23) Humongous regions: 0->0
[2026-07-01T01:51:11.212+0000][3.929s][info][gc,metaspace] GC(23) Metaspace: 35541K(36224K)->35541K(36224K) NonClass: 30907K(31296K)->30907K(31296K) Class: 4633K(4928K)->4633K(4928K)
[2026-07-01T01:51:11.212+0000][3.929s][info][gc          ] GC(23) Pause Young (Concurrent Start) (G1 Evacuation Pause) 33M->31M(44M) 14.152ms
[2026-07-01T01:51:11.212+0000][3.929s][info][gc,cpu      ] GC(23) User=0.03s Sys=0.00s Real=0.02s
[2026-07-01T01:51:11.212+0000][3.929s][info][gc          ] GC(24) Concurrent Mark Cycle
[2026-07-01T01:51:11.212+0000][3.929s][info][gc,marking  ] GC(24) Concurrent Scan Root Regions
[2026-07-01T01:51:11.217+0000][3.934s][info][gc,start    ] GC(25) Pause Young (Normal) (G1 Evacuation Pause)
[2026-07-01T01:51:11.217+0000][3.934s][info][gc,task     ] GC(25) Using 2 workers of 2 for evacuation
[2026-07-01T01:51:11.218+0000][3.935s][info][gc,marking  ] GC(24) Concurrent Scan Root Regions 6.741ms
[2026-07-01T01:51:11.218+0000][3.935s][info][gc,marking  ] GC(24) Concurrent Mark
[2026-07-01T01:51:11.218+0000][3.935s][info][gc,marking  ] GC(24) Concurrent Mark From Roots
[2026-07-01T01:51:11.218+0000][3.935s][info][gc,task     ] GC(24) Using 1 workers of 1 for marking
[2026-07-01T01:51:11.223+0000][3.940s][info][gc,phases   ] GC(25)   Pre Evacuate Collection Set: 0.09ms
[2026-07-01T01:51:11.223+0000][3.940s][info][gc,phases   ] GC(25)   Merge Heap Roots: 0.03ms
[2026-07-01T01:51:11.223+0000][3.940s][info][gc,phases   ] GC(25)   Evacuate Collection Set: 4.16ms
[2026-07-01T01:51:11.223+0000][3.940s][info][gc,phases   ] GC(25)   Post Evacuate Collection Set: 0.69ms
[2026-07-01T01:51:11.223+0000][3.940s][info][gc,phases   ] GC(25)   Other: 0.04ms
[2026-07-01T01:51:11.223+0000][3.940s][info][gc,heap     ] GC(25) Eden regions: 3->0(24)
[2026-07-01T01:51:11.223+0000][3.940s][info][gc,heap     ] GC(25) Survivor regions: 2->1(1)
[2026-07-01T01:51:11.223+0000][3.940s][info][gc,heap     ] GC(25) Old regions: 31->34
[2026-07-01T01:51:11.223+0000][3.940s][info][gc,heap     ] GC(25) Humongous regions: 0->0
[2026-07-01T01:51:11.223+0000][3.940s][info][gc,metaspace] GC(25) Metaspace: 35542K(36224K)->35542K(36224K) NonClass: 30908K(31296K)->30908K(31296K) Class: 4633K(4928K)->4633K(4928K)
[2026-07-01T01:51:11.223+0000][3.940s][info][gc          ] GC(25) Pause Young (Normal) (G1 Evacuation Pause) 34M->34M(88M) 6.883ms
[2026-07-01T01:51:11.223+0000][3.940s][info][gc,cpu      ] GC(25) User=0.01s Sys=0.00s Real=0.01s
[2026-07-01T01:51:11.247+0000][3.964s][info][gc,marking  ] GC(24) Concurrent Mark From Roots 28.604ms
[2026-07-01T01:51:11.247+0000][3.964s][info][gc,marking  ] GC(24) Concurrent Preclean
[2026-07-01T01:51:11.247+0000][3.964s][info][gc,marking  ] GC(24) Concurrent Preclean 0.058ms
[2026-07-01T01:51:11.247+0000][3.964s][info][gc,start    ] GC(24) Pause Remark
[2026-07-01T01:51:11.253+0000][3.970s][info][gc,heap     ] GC(24) Heap shrink completed: uncommitted 16 regions (16MB), heap size now 72MB
[2026-07-01T01:51:11.253+0000][3.970s][info][gc          ] GC(24) Pause Remark 48M->48M(72M) 5.598ms
[2026-07-01T01:51:11.253+0000][3.970s][info][gc,cpu      ] GC(24) User=0.01s Sys=0.00s Real=0.01s
[2026-07-01T01:51:11.253+0000][3.970s][info][gc,marking  ] GC(24) Concurrent Mark 34.408ms
[2026-07-01T01:51:11.253+0000][3.970s][info][gc,marking  ] GC(24) Concurrent Rebuild Remembered Sets and Scrub Regions
[2026-07-01T01:51:11.265+0000][3.982s][info][gc,start    ] GC(26) Pause Young (Normal) (G1 Evacuation Pause)
[2026-07-01T01:51:11.265+0000][3.982s][info][gc,task     ] GC(26) Using 2 workers of 2 for evacuation
[2026-07-01T01:51:11.303+0000][4.020s][info][gc,phases   ] GC(26)   Pre Evacuate Collection Set: 0.10ms
[2026-07-01T01:51:11.303+0000][4.020s][info][gc,phases   ] GC(26)   Merge Heap Roots: 0.05ms
[2026-07-01T01:51:11.303+0000][4.020s][info][gc,phases   ] GC(26)   Evacuate Collection Set: 37.70ms
[2026-07-01T01:51:11.303+0000][4.020s][info][gc,phases   ] GC(26)   Post Evacuate Collection Set: 0.33ms
[2026-07-01T01:51:11.303+0000][4.020s][info][gc,phases   ] GC(26)   Other: 0.05ms
[2026-07-01T01:51:11.303+0000][4.020s][info][gc,heap     ] GC(26) Eden regions: 24->0(8)
[2026-07-01T01:51:11.303+0000][4.020s][info][gc,heap     ] GC(26) Survivor regions: 1->4(4)
[2026-07-01T01:51:11.303+0000][4.020s][info][gc,heap     ] GC(26) Old regions: 34->51
[2026-07-01T01:51:11.303+0000][4.020s][info][gc,heap     ] GC(26) Humongous regions: 1->1
[2026-07-01T01:51:11.303+0000][4.020s][info][gc,metaspace] GC(26) Metaspace: 35545K(36224K)->35545K(36224K) NonClass: 30911K(31296K)->30911K(31296K) Class: 4634K(4928K)->4634K(4928K)
[2026-07-01T01:51:11.303+0000][4.020s][info][gc          ] GC(26) Pause Young (Normal) (G1 Evacuation Pause) 59M->55M(81M) 38.381ms
[2026-07-01T01:51:11.303+0000][4.020s][info][gc,cpu      ] GC(26) User=0.03s Sys=0.01s Real=0.04s
[2026-07-01T01:51:11.319+0000][4.036s][info][gc,marking  ] GC(24) Concurrent Rebuild Remembered Sets and Scrub Regions 66.142ms
[2026-07-01T01:51:11.319+0000][4.036s][info][gc,start    ] GC(24) Pause Cleanup
[2026-07-01T01:51:11.319+0000][4.036s][info][gc          ] GC(24) Pause Cleanup 64M->64M(81M) 0.094ms
[2026-07-01T01:51:11.319+0000][4.036s][info][gc,cpu      ] GC(24) User=0.00s Sys=0.00s Real=0.00s
[2026-07-01T01:51:11.319+0000][4.036s][info][gc,marking  ] GC(24) Concurrent Clear Claimed Marks
[2026-07-01T01:51:11.320+0000][4.037s][info][gc,marking  ] GC(24) Concurrent Clear Claimed Marks 0.063ms
[2026-07-01T01:51:11.320+0000][4.037s][info][gc,marking  ] GC(24) Concurrent Cleanup for Next Mark
[2026-07-01T01:51:11.320+0000][4.037s][info][gc,marking  ] GC(24) Concurrent Cleanup for Next Mark 0.459ms
[2026-07-01T01:51:11.320+0000][4.037s][info][gc          ] GC(24) Concurrent Mark Cycle 108.462ms
[2026-07-01T01:51:11.324+0000][4.041s][info][gc,start    ] GC(27) Pause Young (Prepare Mixed) (G1 Evacuation Pause)
[2026-07-01T01:51:11.324+0000][4.041s][info][gc,task     ] GC(27) Using 2 workers of 2 for evacuation
[2026-07-01T01:51:11.342+0000][4.059s][info][gc,phases   ] GC(27)   Pre Evacuate Collection Set: 0.09ms
[2026-07-01T01:51:11.342+0000][4.059s][info][gc,phases   ] GC(27)   Merge Heap Roots: 0.22ms
[2026-07-01T01:51:11.342+0000][4.059s][info][gc,phases   ] GC(27)   Evacuate Collection Set: 17.64ms
[2026-07-01T01:51:11.342+0000][4.059s][info][gc,phases   ] GC(27)   Post Evacuate Collection Set: 0.43ms
[2026-07-01T01:51:11.342+0000][4.059s][info][gc,phases   ] GC(27)   Other: 0.04ms
[2026-07-01T01:51:11.342+0000][4.059s][info][gc,heap     ] GC(27) Eden regions: 8->0(5)
[2026-07-01T01:51:11.342+0000][4.059s][info][gc,heap     ] GC(27) Survivor regions: 4->2(2)
[2026-07-01T01:51:11.342+0000][4.059s][info][gc,heap     ] GC(27) Old regions: 51->60
[2026-07-01T01:51:11.342+0000][4.059s][info][gc,heap     ] GC(27) Humongous regions: 3->3
[2026-07-01T01:51:11.342+0000][4.059s][info][gc,metaspace] GC(27) Metaspace: 35798K(36544K)->35798K(36544K) NonClass: 31129K(31552K)->31129K(31552K) Class: 4668K(4992K)->4668K(4992K)
[2026-07-01T01:51:11.342+0000][4.059s][info][gc          ] GC(27) Pause Young (Prepare Mixed) (G1 Evacuation Pause) 65M->63M(81M) 18.529ms
[2026-07-01T01:51:11.342+0000][4.059s][info][gc,cpu      ] GC(27) User=0.04s Sys=0.00s Real=0.02s
[2026-07-01T01:51:11.346+0000][4.063s][info][gc,start    ] GC(28) Pause Young (Mixed) (G1 Evacuation Pause)
[2026-07-01T01:51:11.347+0000][4.064s][info][gc,task     ] GC(28) Using 2 workers of 2 for evacuation
[2026-07-01T01:51:11.351+0000][4.068s][info][gc,phases   ] GC(28)   Pre Evacuate Collection Set: 0.08ms
[2026-07-01T01:51:11.351+0000][4.068s][info][gc,phases   ] GC(28)   Merge Heap Roots: 0.05ms
[2026-07-01T01:51:11.351+0000][4.068s][info][gc,phases   ] GC(28)   Evacuate Collection Set: 4.34ms
[2026-07-01T01:51:11.351+0000][4.068s][info][gc,phases   ] GC(28)   Post Evacuate Collection Set: 0.25ms
[2026-07-01T01:51:11.351+0000][4.068s][info][gc,phases   ] GC(28)   Other: 0.04ms
[2026-07-01T01:51:11.351+0000][4.068s][info][gc,heap     ] GC(28) Eden regions: 5->0(4)
[2026-07-01T01:51:11.351+0000][4.068s][info][gc,heap     ] GC(28) Survivor regions: 2->1(1)
[2026-07-01T01:51:11.351+0000][4.068s][info][gc,heap     ] GC(28) Old regions: 60->64
[2026-07-01T01:51:11.351+0000][4.068s][info][gc,heap     ] GC(28) Humongous regions: 3->3
[2026-07-01T01:51:11.351+0000][4.068s][info][gc,metaspace] GC(28) Metaspace: 35877K(36608K)->35877K(36608K) NonClass: 31202K(31616K)->31202K(31616K) Class: 4674K(4992K)->4674K(4992K)
[2026-07-01T01:51:11.351+0000][4.068s][info][gc          ] GC(28) Pause Young (Mixed) (G1 Evacuation Pause) 68M->68M(81M) 4.856ms
[2026-07-01T01:51:11.351+0000][4.068s][info][gc,cpu      ] GC(28) User=0.01s Sys=0.00s Real=0.01s
[2026-07-01T01:51:11.355+0000][4.072s][info][gc,start    ] GC(29) Pause Young (Concurrent Start) (G1 Evacuation Pause)
[2026-07-01T01:51:11.355+0000][4.072s][info][gc,task     ] GC(29) Using 2 workers of 2 for evacuation
[2026-07-01T01:51:11.358+0000][4.075s][info][gc,phases   ] GC(29)   Pre Evacuate Collection Set: 0.09ms
[2026-07-01T01:51:11.358+0000][4.075s][info][gc,phases   ] GC(29)   Merge Heap Roots: 0.03ms
[2026-07-01T01:51:11.358+0000][4.075s][info][gc,phases   ] GC(29)   Evacuate Collection Set: 2.36ms
[2026-07-01T01:51:11.358+0000][4.075s][info][gc,phases   ] GC(29)   Post Evacuate Collection Set: 0.21ms
[2026-07-01T01:51:11.358+0000][4.075s][info][gc,phases   ] GC(29)   Other: 0.06ms
[2026-07-01T01:51:11.358+0000][4.075s][info][gc,heap     ] GC(29) Eden regions: 4->0(3)
[2026-07-01T01:51:11.358+0000][4.075s][info][gc,heap     ] GC(29) Survivor regions: 1->1(1)
[2026-07-01T01:51:11.358+0000][4.075s][info][gc,heap     ] GC(29) Old regions: 64->68
[2026-07-01T01:51:11.358+0000][4.075s][info][gc,heap     ] GC(29) Humongous regions: 3->3
[2026-07-01T01:51:11.358+0000][4.075s][info][gc,metaspace] GC(29) Metaspace: 35933K(36672K)->35933K(36672K) NonClass: 31252K(31680K)->31252K(31680K) Class: 4680K(4992K)->4680K(4992K)
[2026-07-01T01:51:11.358+0000][4.075s][info][gc          ] GC(29) Pause Young (Concurrent Start) (G1 Evacuation Pause) 72M->71M(81M) 2.830ms
[2026-07-01T01:51:11.358+0000][4.075s][info][gc,cpu      ] GC(29) User=0.00s Sys=0.00s Real=0.00s
[2026-07-01T01:51:11.358+0000][4.075s][info][gc          ] GC(30) Concurrent Mark Cycle
[2026-07-01T01:51:11.358+0000][4.075s][info][gc,marking  ] GC(30) Concurrent Scan Root Regions
[2026-07-01T01:51:11.360+0000][4.077s][info][gc,marking  ] GC(30) Concurrent Scan Root Regions 2.781ms
[2026-07-01T01:51:11.360+0000][4.077s][info][gc,marking  ] GC(30) Concurrent Mark
[2026-07-01T01:51:11.360+0000][4.077s][info][gc,marking  ] GC(30) Concurrent Mark From Roots
[2026-07-01T01:51:11.360+0000][4.077s][info][gc,task     ] GC(30) Using 1 workers of 1 for marking
[2026-07-01T01:51:11.363+0000][4.080s][info][gc,start    ] GC(31) Pause Young (Normal) (G1 Evacuation Pause)
[2026-07-01T01:51:11.363+0000][4.080s][info][gc,task     ] GC(31) Using 2 workers of 2 for evacuation
[2026-07-01T01:51:11.367+0000][4.084s][info][gc,phases   ] GC(31)   Pre Evacuate Collection Set: 0.07ms
[2026-07-01T01:51:11.367+0000][4.084s][info][gc,phases   ] GC(31)   Merge Heap Roots: 0.03ms
[2026-07-01T01:51:11.367+0000][4.084s][info][gc,phases   ] GC(31)   Evacuate Collection Set: 1.88ms
[2026-07-01T01:51:11.367+0000][4.084s][info][gc,phases   ] GC(31)   Post Evacuate Collection Set: 1.33ms
[2026-07-01T01:51:11.367+0000][4.084s][info][gc,phases   ] GC(31)   Other: 0.03ms
[2026-07-01T01:51:11.367+0000][4.084s][info][gc,heap     ] GC(31) Eden regions: 3->0(54)
[2026-07-01T01:51:11.367+0000][4.084s][info][gc,heap     ] GC(31) Survivor regions: 1->1(1)
[2026-07-01T01:51:11.367+0000][4.084s][info][gc,heap     ] GC(31) Old regions: 68->71
[2026-07-01T01:51:11.367+0000][4.084s][info][gc,heap     ] GC(31) Humongous regions: 3->3
[2026-07-01T01:51:11.367+0000][4.084s][info][gc,metaspace] GC(31) Metaspace: 35948K(36672K)->35948K(36672K) NonClass: 31265K(31680K)->31265K(31680K) Class: 4683K(4992K)->4683K(4992K)
[2026-07-01T01:51:11.367+0000][4.084s][info][gc          ] GC(31) Pause Young (Normal) (G1 Evacuation Pause) 74M->74M(243M) 3.445ms
[2026-07-01T01:51:11.367+0000][4.084s][info][gc,cpu      ] GC(31) User=0.00s Sys=0.00s Real=0.00s
[2026-07-01T01:51:11.510+0000][4.227s][info][gc,start    ] GC(32) Pause Young (Normal) (G1 Evacuation Pause)
[2026-07-01T01:51:11.510+0000][4.227s][info][gc,task     ] GC(32) Using 2 workers of 2 for evacuation
[2026-07-01T01:51:11.540+0000][4.257s][info][gc,phases   ] GC(32)   Pre Evacuate Collection Set: 0.13ms
[2026-07-01T01:51:11.540+0000][4.257s][info][gc,phases   ] GC(32)   Merge Heap Roots: 0.10ms
[2026-07-01T01:51:11.540+0000][4.257s][info][gc,phases   ] GC(32)   Evacuate Collection Set: 28.55ms
[2026-07-01T01:51:11.540+0000][4.257s][info][gc,phases   ] GC(32)   Post Evacuate Collection Set: 0.57ms
[2026-07-01T01:51:11.540+0000][4.257s][info][gc,phases   ] GC(32)   Other: 0.08ms
[2026-07-01T01:51:11.540+0000][4.257s][info][gc,heap     ] GC(32) Eden regions: 54->0(41)
[2026-07-01T01:51:11.540+0000][4.257s][info][gc,heap     ] GC(32) Survivor regions: 1->7(7)
[2026-07-01T01:51:11.540+0000][4.257s][info][gc,heap     ] GC(32) Old regions: 71->105
[2026-07-01T01:51:11.540+0000][4.257s][info][gc,heap     ] GC(32) Humongous regions: 6->6
[2026-07-01T01:51:11.540+0000][4.257s][info][gc,metaspace] GC(32) Metaspace: 36799K(37568K)->36799K(37568K) NonClass: 32002K(32448K)->32002K(32448K) Class: 4796K(5120K)->4796K(5120K)
[2026-07-01T01:51:11.540+0000][4.257s][info][gc          ] GC(32) Pause Young (Normal) (G1 Evacuation Pause) 131M->118M(243M) 29.554ms
[2026-07-01T01:51:11.540+0000][4.257s][info][gc,cpu      ] GC(32) User=0.05s Sys=0.01s Real=0.03s
[2026-07-01T01:51:11.612+0000][4.329s][info][gc,start    ] GC(33) Pause Young (Normal) (G1 Evacuation Pause)
[2026-07-01T01:51:11.612+0000][4.329s][info][gc,task     ] GC(33) Using 2 workers of 2 for evacuation
[2026-07-01T01:51:11.641+0000][4.358s][info][gc,phases   ] GC(33)   Pre Evacuate Collection Set: 0.13ms
[2026-07-01T01:51:11.641+0000][4.358s][info][gc,phases   ] GC(33)   Merge Heap Roots: 0.07ms
[2026-07-01T01:51:11.641+0000][4.358s][info][gc,phases   ] GC(33)   Evacuate Collection Set: 28.42ms
[2026-07-01T01:51:11.641+0000][4.358s][info][gc,phases   ] GC(33)   Post Evacuate Collection Set: 0.38ms
[2026-07-01T01:51:11.641+0000][4.358s][info][gc,phases   ] GC(33)   Other: 0.06ms
[2026-07-01T01:51:11.641+0000][4.358s][info][gc,heap     ] GC(33) Eden regions: 41->0(31)
[2026-07-01T01:51:11.641+0000][4.358s][info][gc,heap     ] GC(33) Survivor regions: 7->6(6)
[2026-07-01T01:51:11.641+0000][4.358s][info][gc,heap     ] GC(33) Old regions: 105->138
[2026-07-01T01:51:11.641+0000][4.358s][info][gc,heap     ] GC(33) Humongous regions: 6->6
[2026-07-01T01:51:11.641+0000][4.358s][info][gc,metaspace] GC(33) Metaspace: 37234K(37952K)->37234K(37952K) NonClass: 32368K(32768K)->32368K(32768K) Class: 4866K(5184K)->4866K(5184K)
[2026-07-01T01:51:11.641+0000][4.358s][info][gc          ] GC(33) Pause Young (Normal) (G1 Evacuation Pause) 159M->150M(243M) 29.184ms
[2026-07-01T01:51:11.641+0000][4.358s][info][gc,cpu      ] GC(33) User=0.06s Sys=0.01s Real=0.03s
[2026-07-01T01:51:11.643+0000][4.360s][info][gc,marking  ] GC(30) Concurrent Mark From Roots 282.886ms
[2026-07-01T01:51:11.643+0000][4.360s][info][gc,marking  ] GC(30) Concurrent Preclean
[2026-07-01T01:51:11.643+0000][4.360s][info][gc,marking  ] GC(30) Concurrent Preclean 0.088ms
[2026-07-01T01:51:11.644+0000][4.361s][info][gc,start    ] GC(30) Pause Remark
[2026-07-01T01:51:11.649+0000][4.366s][info][gc          ] GC(30) Pause Remark 152M->151M(243M) 5.209ms
[2026-07-01T01:51:11.649+0000][4.366s][info][gc,cpu      ] GC(30) User=0.01s Sys=0.00s Real=0.01s
[2026-07-01T01:51:11.650+0000][4.367s][info][gc,marking  ] GC(30) Concurrent Mark 289.652ms
[2026-07-01T01:51:11.650+0000][4.367s][info][gc,marking  ] GC(30) Concurrent Rebuild Remembered Sets and Scrub Regions
[2026-07-01T01:51:11.805+0000][4.522s][info][gc,marking  ] GC(30) Concurrent Rebuild Remembered Sets and Scrub Regions 155.349ms
[2026-07-01T01:51:11.806+0000][4.523s][info][gc,start    ] GC(30) Pause Cleanup
[2026-07-01T01:51:11.806+0000][4.523s][info][gc          ] GC(30) Pause Cleanup 155M->155M(243M) 0.163ms
[2026-07-01T01:51:11.806+0000][4.523s][info][gc,cpu      ] GC(30) User=0.00s Sys=0.00s Real=0.00s
[2026-07-01T01:51:11.806+0000][4.523s][info][gc,marking  ] GC(30) Concurrent Clear Claimed Marks
[2026-07-01T01:51:11.806+0000][4.523s][info][gc,marking  ] GC(30) Concurrent Clear Claimed Marks 0.078ms
[2026-07-01T01:51:11.806+0000][4.523s][info][gc,marking  ] GC(30) Concurrent Cleanup for Next Mark
[2026-07-01T01:51:11.807+0000][4.524s][info][gc,marking  ] GC(30) Concurrent Cleanup for Next Mark 1.325ms
[2026-07-01T01:51:11.807+0000][4.524s][info][gc          ] GC(30) Concurrent Mark Cycle 449.621ms
[2026-07-01T01:51:13.104+0000][5.821s][info][gc,start    ] GC(34) Pause Young (Prepare Mixed) (G1 Evacuation Pause)
[2026-07-01T01:51:13.104+0000][5.821s][info][gc,task     ] GC(34) Using 2 workers of 2 for evacuation
[2026-07-01T01:51:13.115+0000][5.832s][info][gc,phases   ] GC(34)   Pre Evacuate Collection Set: 0.17ms
[2026-07-01T01:51:13.115+0000][5.832s][info][gc,phases   ] GC(34)   Merge Heap Roots: 0.06ms
[2026-07-01T01:51:13.115+0000][5.832s][info][gc,phases   ] GC(34)   Evacuate Collection Set: 10.53ms
[2026-07-01T01:51:13.115+0000][5.832s][info][gc,phases   ] GC(34)   Post Evacuate Collection Set: 0.32ms
[2026-07-01T01:51:13.115+0000][5.832s][info][gc,phases   ] GC(34)   Other: 0.05ms
[2026-07-01T01:51:13.115+0000][5.832s][info][gc,heap     ] GC(34) Eden regions: 31->0(29)
[2026-07-01T01:51:13.115+0000][5.832s][info][gc,heap     ] GC(34) Survivor regions: 6->5(5)
[2026-07-01T01:51:13.115+0000][5.832s][info][gc,heap     ] GC(34) Old regions: 138->152
[2026-07-01T01:51:13.115+0000][5.832s][info][gc,heap     ] GC(34) Humongous regions: 5->5
[2026-07-01T01:51:13.115+0000][5.832s][info][gc,metaspace] GC(34) Metaspace: 39244K(40064K)->39244K(40064K) NonClass: 34111K(34560K)->34111K(34560K) Class: 5132K(5504K)->5132K(5504K)
[2026-07-01T01:51:13.115+0000][5.832s][info][gc          ] GC(34) Pause Young (Prepare Mixed) (G1 Evacuation Pause) 180M->161M(243M) 11.279ms
[2026-07-01T01:51:13.115+0000][5.832s][info][gc,cpu      ] GC(34) User=0.03s Sys=0.00s Real=0.01s
[2026-07-01T01:51:14.127+0000][6.844s][info][gc,start    ] GC(35) Pause Young (Mixed) (G1 Evacuation Pause)
[2026-07-01T01:51:14.127+0000][6.844s][info][gc,task     ] GC(35) Using 2 workers of 2 for evacuation
[2026-07-01T01:51:14.133+0000][6.850s][info][gc,phases   ] GC(35)   Pre Evacuate Collection Set: 0.20ms
[2026-07-01T01:51:14.133+0000][6.850s][info][gc,phases   ] GC(35)   Merge Heap Roots: 0.08ms
[2026-07-01T01:51:14.133+0000][6.850s][info][gc,phases   ] GC(35)   Evacuate Collection Set: 4.67ms
[2026-07-01T01:51:14.133+0000][6.850s][info][gc,phases   ] GC(35)   Post Evacuate Collection Set: 0.39ms
[2026-07-01T01:51:14.133+0000][6.850s][info][gc,phases   ] GC(35)   Other: 0.06ms
[2026-07-01T01:51:14.133+0000][6.850s][info][gc,heap     ] GC(35) Eden regions: 29->0(32)
[2026-07-01T01:51:14.133+0000][6.850s][info][gc,heap     ] GC(35) Survivor regions: 5->1(5)
[2026-07-01T01:51:14.133+0000][6.850s][info][gc,heap     ] GC(35) Old regions: 152->156
[2026-07-01T01:51:14.133+0000][6.850s][info][gc,heap     ] GC(35) Humongous regions: 5->5
[2026-07-01T01:51:14.133+0000][6.850s][info][gc,metaspace] GC(35) Metaspace: 39626K(40448K)->39626K(40448K) NonClass: 34489K(34944K)->34489K(34944K) Class: 5136K(5504K)->5136K(5504K)
[2026-07-01T01:51:14.133+0000][6.850s][info][gc          ] GC(35) Pause Young (Mixed) (G1 Evacuation Pause) 190M->161M(243M) 5.502ms
[2026-07-01T01:51:14.133+0000][6.850s][info][gc,cpu      ] GC(35) User=0.01s Sys=0.01s Real=0.01s
[2026-07-01T01:51:15.198+0000][7.915s][info][gc,start    ] GC(36) Pause Young (Concurrent Start) (G1 Evacuation Pause)
[2026-07-01T01:51:15.198+0000][7.915s][info][gc,task     ] GC(36) Using 2 workers of 2 for evacuation
[2026-07-01T01:51:15.202+0000][7.919s][info][gc,phases   ] GC(36)   Pre Evacuate Collection Set: 0.15ms
[2026-07-01T01:51:15.202+0000][7.919s][info][gc,phases   ] GC(36)   Merge Heap Roots: 0.08ms
[2026-07-01T01:51:15.202+0000][7.919s][info][gc,phases   ] GC(36)   Evacuate Collection Set: 2.80ms
[2026-07-01T01:51:15.202+0000][7.919s][info][gc,phases   ] GC(36)   Post Evacuate Collection Set: 0.32ms
[2026-07-01T01:51:15.202+0000][7.919s][info][gc,phases   ] GC(36)   Other: 0.09ms
[2026-07-01T01:51:15.202+0000][7.919s][info][gc,heap     ] GC(36) Eden regions: 32->0(36)
[2026-07-01T01:51:15.202+0000][7.919s][info][gc,heap     ] GC(36) Survivor regions: 1->2(5)
[2026-07-01T01:51:15.202+0000][7.919s][info][gc,heap     ] GC(36) Old regions: 156->156
[2026-07-01T01:51:15.202+0000][7.919s][info][gc,heap     ] GC(36) Humongous regions: 5->5
[2026-07-01T01:51:15.202+0000][7.919s][info][gc,metaspace] GC(36) Metaspace: 40389K(41152K)->40389K(41152K) NonClass: 35251K(35648K)->35251K(35648K) Class: 5138K(5504K)->5138K(5504K)
[2026-07-01T01:51:15.202+0000][7.919s][info][gc          ] GC(36) Pause Young (Concurrent Start) (G1 Evacuation Pause) 193M->161M(243M) 3.568ms
[2026-07-01T01:51:15.202+0000][7.919s][info][gc          ] GC(37) Concurrent Mark Cycle
[2026-07-01T01:51:15.202+0000][7.919s][info][gc,marking  ] GC(37) Concurrent Scan Root Regions
[2026-07-01T01:51:15.202+0000][7.919s][info][gc,cpu      ] GC(36) User=0.01s Sys=0.00s Real=0.00s
[2026-07-01T01:51:15.237+0000][7.954s][info][gc,marking  ] GC(37) Concurrent Scan Root Regions 34.931ms
[2026-07-01T01:51:15.237+0000][7.954s][info][gc,marking  ] GC(37) Concurrent Mark
[2026-07-01T01:51:15.237+0000][7.954s][info][gc,marking  ] GC(37) Concurrent Mark From Roots
[2026-07-01T01:51:15.237+0000][7.954s][info][gc,task     ] GC(37) Using 1 workers of 1 for marking
[2026-07-01T01:51:16.314+0000][9.031s][info][gc,start    ] GC(38) Pause Young (Normal) (G1 Evacuation Pause)
[2026-07-01T01:51:16.314+0000][9.031s][info][gc,task     ] GC(38) Using 2 workers of 2 for evacuation
[2026-07-01T01:51:16.318+0000][9.035s][info][gc,phases   ] GC(38)   Pre Evacuate Collection Set: 0.13ms
[2026-07-01T01:51:16.318+0000][9.035s][info][gc,phases   ] GC(38)   Merge Heap Roots: 0.11ms
[2026-07-01T01:51:16.318+0000][9.035s][info][gc,phases   ] GC(38)   Evacuate Collection Set: 3.42ms
[2026-07-01T01:51:16.318+0000][9.035s][info][gc,phases   ] GC(38)   Post Evacuate Collection Set: 0.39ms
[2026-07-01T01:51:16.318+0000][9.035s][info][gc,phases   ] GC(38)   Other: 0.08ms
[2026-07-01T01:51:16.318+0000][9.035s][info][gc,heap     ] GC(38) Eden regions: 36->0(39)
[2026-07-01T01:51:16.318+0000][9.035s][info][gc,heap     ] GC(38) Survivor regions: 2->2(5)
[2026-07-01T01:51:16.318+0000][9.035s][info][gc,heap     ] GC(38) Old regions: 156->156
[2026-07-01T01:51:16.318+0000][9.035s][info][gc,heap     ] GC(38) Humongous regions: 5->5
[2026-07-01T01:51:16.318+0000][9.035s][info][gc,metaspace] GC(38) Metaspace: 40527K(41344K)->40527K(41344K) NonClass: 35388K(35840K)->35388K(35840K) Class: 5138K(5504K)->5138K(5504K)
[2026-07-01T01:51:16.318+0000][9.035s][info][gc          ] GC(38) Pause Young (Normal) (G1 Evacuation Pause) 197M->162M(243M) 4.258ms
[2026-07-01T01:51:16.318+0000][9.035s][info][gc,cpu      ] GC(38) User=0.01s Sys=0.00s Real=0.01s
[2026-07-01T01:51:17.606+0000][10.323s][info][gc,start    ] GC(39) Pause Young (Normal) (G1 Evacuation Pause)
[2026-07-01T01:51:17.606+0000][10.323s][info][gc,task     ] GC(39) Using 2 workers of 2 for evacuation
[2026-07-01T01:51:17.612+0000][10.329s][info][gc,phases   ] GC(39)   Pre Evacuate Collection Set: 0.16ms
[2026-07-01T01:51:17.612+0000][10.329s][info][gc,phases   ] GC(39)   Merge Heap Roots: 0.16ms
[2026-07-01T01:51:17.612+0000][10.329s][info][gc,phases   ] GC(39)   Evacuate Collection Set: 5.04ms
[2026-07-01T01:51:17.612+0000][10.329s][info][gc,phases   ] GC(39)   Post Evacuate Collection Set: 0.45ms
[2026-07-01T01:51:17.612+0000][10.329s][info][gc,phases   ] GC(39)   Other: 0.05ms
[2026-07-01T01:51:17.612+0000][10.329s][info][gc,heap     ] GC(39) Eden regions: 39->0(42)
[2026-07-01T01:51:17.612+0000][10.329s][info][gc,heap     ] GC(39) Survivor regions: 2->2(6)
[2026-07-01T01:51:17.612+0000][10.329s][info][gc,heap     ] GC(39) Old regions: 156->156
[2026-07-01T01:51:17.612+0000][10.329s][info][gc,heap     ] GC(39) Humongous regions: 5->5
[2026-07-01T01:51:17.612+0000][10.329s][info][gc,metaspace] GC(39) Metaspace: 40673K(41472K)->40673K(41472K) NonClass: 35535K(35968K)->35535K(35968K) Class: 5138K(5504K)->5138K(5504K)
[2026-07-01T01:51:17.612+0000][10.329s][info][gc          ] GC(39) Pause Young (Normal) (G1 Evacuation Pause) 201M->162M(243M) 5.995ms
[2026-07-01T01:51:17.612+0000][10.329s][info][gc,cpu      ] GC(39) User=0.01s Sys=0.00s Real=0.01s
[2026-07-01T01:51:17.741+0000][10.458s][info][gc,marking  ] GC(37) Concurrent Mark From Roots 2503.793ms
[2026-07-01T01:51:17.741+0000][10.458s][info][gc,marking  ] GC(37) Concurrent Preclean
[2026-07-01T01:51:17.741+0000][10.458s][info][gc,marking  ] GC(37) Concurrent Preclean 0.086ms
[2026-07-01T01:51:17.743+0000][10.460s][info][gc,start    ] GC(37) Pause Remark
[2026-07-01T01:51:17.754+0000][10.471s][info][gc          ] GC(37) Pause Remark 166M->164M(243M) 11.136ms
[2026-07-01T01:51:17.754+0000][10.471s][info][gc,cpu      ] GC(37) User=0.01s Sys=0.00s Real=0.01s
[2026-07-01T01:51:17.808+0000][10.525s][info][gc,marking  ] GC(37) Concurrent Mark 2571.392ms
[2026-07-01T01:51:17.808+0000][10.525s][info][gc,marking  ] GC(37) Concurrent Rebuild Remembered Sets and Scrub Regions
[2026-07-01T01:51:18.854+0000][11.571s][info][gc,start    ] GC(40) Pause Young (Normal) (G1 Evacuation Pause)
[2026-07-01T01:51:18.854+0000][11.571s][info][gc,task     ] GC(40) Using 2 workers of 2 for evacuation
[2026-07-01T01:51:18.858+0000][11.575s][info][gc,phases   ] GC(40)   Pre Evacuate Collection Set: 0.14ms
[2026-07-01T01:51:18.858+0000][11.575s][info][gc,phases   ] GC(40)   Merge Heap Roots: 0.12ms
[2026-07-01T01:51:18.858+0000][11.575s][info][gc,phases   ] GC(40)   Evacuate Collection Set: 3.61ms
[2026-07-01T01:51:18.858+0000][11.575s][info][gc,phases   ] GC(40)   Post Evacuate Collection Set: 0.43ms
[2026-07-01T01:51:18.859+0000][11.575s][info][gc,phases   ] GC(40)   Other: 0.05ms
[2026-07-01T01:51:18.859+0000][11.576s][info][gc,heap     ] GC(40) Eden regions: 42->0(45)
[2026-07-01T01:51:18.859+0000][11.576s][info][gc,heap     ] GC(40) Survivor regions: 2->2(6)
[2026-07-01T01:51:18.859+0000][11.576s][info][gc,heap     ] GC(40) Old regions: 156->156
[2026-07-01T01:51:18.859+0000][11.576s][info][gc,heap     ] GC(40) Humongous regions: 3->3
[2026-07-01T01:51:18.859+0000][11.576s][info][gc,metaspace] GC(40) Metaspace: 40935K(41728K)->40935K(41728K) NonClass: 35800K(36224K)->35800K(36224K) Class: 5134K(5504K)->5134K(5504K)
[2026-07-01T01:51:18.859+0000][11.576s][info][gc          ] GC(40) Pause Young (Normal) (G1 Evacuation Pause) 202M->160M(243M) 4.474ms
[2026-07-01T01:51:18.859+0000][11.576s][info][gc,cpu      ] GC(40) User=0.01s Sys=0.00s Real=0.01s
[2026-07-01T01:51:19.038+0000][11.755s][info][gc,marking  ] GC(37) Concurrent Rebuild Remembered Sets and Scrub Regions 1229.643ms
[2026-07-01T01:51:19.040+0000][11.757s][info][gc,start    ] GC(37) Pause Cleanup
[2026-07-01T01:51:19.040+0000][11.757s][info][gc          ] GC(37) Pause Cleanup 168M->168M(243M) 0.175ms
[2026-07-01T01:51:19.040+0000][11.757s][info][gc,cpu      ] GC(37) User=0.00s Sys=0.00s Real=0.00s
[2026-07-01T01:51:19.048+0000][11.765s][info][gc,marking  ] GC(37) Concurrent Clear Claimed Marks
[2026-07-01T01:51:19.048+0000][11.765s][info][gc,marking  ] GC(37) Concurrent Clear Claimed Marks 0.100ms
[2026-07-01T01:51:19.048+0000][11.765s][info][gc,marking  ] GC(37) Concurrent Cleanup for Next Mark
[2026-07-01T01:51:19.103+0000][11.820s][info][gc,marking  ] GC(37) Concurrent Cleanup for Next Mark 54.938ms
[2026-07-01T01:51:19.103+0000][11.820s][info][gc          ] GC(37) Concurrent Mark Cycle 3901.336ms
[2026-07-01T01:51:19.854+0000][12.571s][info][gc,start    ] GC(41) Pause Young (Prepare Mixed) (G1 Evacuation Pause)
[2026-07-01T01:51:19.854+0000][12.571s][info][gc,task     ] GC(41) Using 2 workers of 2 for evacuation
[2026-07-01T01:51:19.860+0000][12.577s][info][gc,phases   ] GC(41)   Pre Evacuate Collection Set: 0.12ms
[2026-07-01T01:51:19.860+0000][12.577s][info][gc,phases   ] GC(41)   Merge Heap Roots: 0.13ms
[2026-07-01T01:51:19.860+0000][12.577s][info][gc,phases   ] GC(41)   Evacuate Collection Set: 5.43ms
[2026-07-01T01:51:19.860+0000][12.577s][info][gc,phases   ] GC(41)   Post Evacuate Collection Set: 0.37ms
[2026-07-01T01:51:19.860+0000][12.577s][info][gc,phases   ] GC(41)   Other: 0.04ms
[2026-07-01T01:51:19.860+0000][12.577s][info][gc,heap     ] GC(41) Eden regions: 45->0(48)
[2026-07-01T01:51:19.860+0000][12.577s][info][gc,heap     ] GC(41) Survivor regions: 2->4(6)
[2026-07-01T01:51:19.860+0000][12.577s][info][gc,heap     ] GC(41) Old regions: 156->156
[2026-07-01T01:51:19.860+0000][12.577s][info][gc,heap     ] GC(41) Humongous regions: 3->3
[2026-07-01T01:51:19.860+0000][12.577s][info][gc,metaspace] GC(41) Metaspace: 41029K(41792K)->41029K(41792K) NonClass: 35894K(36288K)->35894K(36288K) Class: 5135K(5504K)->5135K(5504K)
[2026-07-01T01:51:19.860+0000][12.577s][info][gc          ] GC(41) Pause Young (Prepare Mixed) (G1 Evacuation Pause) 205M->162M(243M) 6.258ms
[2026-07-01T01:51:19.860+0000][12.577s][info][gc,cpu      ] GC(41) User=0.02s Sys=0.00s Real=0.01s
[2026-07-01T01:51:20.749+0000][13.466s][info][gc,start    ] GC(42) Pause Young (Mixed) (G1 Evacuation Pause)
[2026-07-01T01:51:20.749+0000][13.466s][info][gc,task     ] GC(42) Using 2 workers of 2 for evacuation
[2026-07-01T01:51:20.757+0000][13.474s][info][gc,phases   ] GC(42)   Pre Evacuate Collection Set: 0.14ms
[2026-07-01T01:51:20.757+0000][13.474s][info][gc,phases   ] GC(42)   Merge Heap Roots: 0.12ms
[2026-07-01T01:51:20.757+0000][13.474s][info][gc,phases   ] GC(42)   Evacuate Collection Set: 6.96ms
[2026-07-01T01:51:20.757+0000][13.474s][info][gc,phases   ] GC(42)   Post Evacuate Collection Set: 0.44ms
[2026-07-01T01:51:20.757+0000][13.474s][info][gc,phases   ] GC(42)   Other: 0.05ms
[2026-07-01T01:51:20.757+0000][13.474s][info][gc,heap     ] GC(42) Eden regions: 48->0(50)
[2026-07-01T01:51:20.757+0000][13.474s][info][gc,heap     ] GC(42) Survivor regions: 4->5(7)
[2026-07-01T01:51:20.757+0000][13.474s][info][gc,heap     ] GC(42) Old regions: 156->155
[2026-07-01T01:51:20.757+0000][13.474s][info][gc,heap     ] GC(42) Humongous regions: 3->3
[2026-07-01T01:51:20.757+0000][13.474s][info][gc,metaspace] GC(42) Metaspace: 41177K(41984K)->41177K(41984K) NonClass: 36040K(36480K)->36040K(36480K) Class: 5136K(5504K)->5136K(5504K)
[2026-07-01T01:51:20.757+0000][13.474s][info][gc          ] GC(42) Pause Young (Mixed) (G1 Evacuation Pause) 210M->162M(243M) 7.866ms
[2026-07-01T01:51:20.757+0000][13.474s][info][gc,cpu      ] GC(42) User=0.02s Sys=0.00s Real=0.00s
[2026-07-01T01:51:21.530+0000][14.247s][info][gc,start    ] GC(43) Pause Young (Concurrent Start) (G1 Evacuation Pause)
[2026-07-01T01:51:21.530+0000][14.247s][info][gc,task     ] GC(43) Using 2 workers of 2 for evacuation
[2026-07-01T01:51:21.546+0000][14.263s][info][gc,phases   ] GC(43)   Pre Evacuate Collection Set: 0.20ms
[2026-07-01T01:51:21.546+0000][14.263s][info][gc,phases   ] GC(43)   Merge Heap Roots: 0.17ms
[2026-07-01T01:51:21.546+0000][14.263s][info][gc,phases   ] GC(43)   Evacuate Collection Set: 12.62ms
[2026-07-01T01:51:21.546+0000][14.263s][info][gc,phases   ] GC(43)   Post Evacuate Collection Set: 3.19ms
[2026-07-01T01:51:21.546+0000][14.263s][info][gc,phases   ] GC(43)   Other: 0.11ms
[2026-07-01T01:51:21.546+0000][14.263s][info][gc,heap     ] GC(43) Eden regions: 50->0(53)
[2026-07-01T01:51:21.546+0000][14.263s][info][gc,heap     ] GC(43) Survivor regions: 5->4(7)
[2026-07-01T01:51:21.546+0000][14.263s][info][gc,heap     ] GC(43) Old regions: 155->156
[2026-07-01T01:51:21.546+0000][14.263s][info][gc,heap     ] GC(43) Humongous regions: 3->3
[2026-07-01T01:51:21.546+0000][14.263s][info][gc,metaspace] GC(43) Metaspace: 41215K(42048K)->41215K(42048K) NonClass: 36079K(36544K)->36079K(36544K) Class: 5136K(5504K)->5136K(5504K)
[2026-07-01T01:51:21.546+0000][14.263s][info][gc          ] GC(43) Pause Young (Concurrent Start) (G1 Evacuation Pause) 212M->162M(243M) 16.485ms
[2026-07-01T01:51:21.546+0000][14.263s][info][gc          ] GC(44) Concurrent Mark Cycle
[2026-07-01T01:51:21.546+0000][14.263s][info][gc,marking  ] GC(44) Concurrent Scan Root Regions
[2026-07-01T01:51:21.546+0000][14.263s][info][gc,cpu      ] GC(43) User=0.03s Sys=0.00s Real=0.01s
[2026-07-01T01:51:21.551+0000][14.268s][info][gc,marking  ] GC(44) Concurrent Scan Root Regions 4.525ms
[2026-07-01T01:51:21.551+0000][14.268s][info][gc,marking  ] GC(44) Concurrent Mark
[2026-07-01T01:51:21.551+0000][14.268s][info][gc,marking  ] GC(44) Concurrent Mark From Roots
[2026-07-01T01:51:21.551+0000][14.268s][info][gc,task     ] GC(44) Using 1 workers of 1 for marking
[2026-07-01T01:51:22.406+0000][15.123s][info][gc,start    ] GC(45) Pause Young (Normal) (G1 Evacuation Pause)
[2026-07-01T01:51:22.406+0000][15.123s][info][gc,task     ] GC(45) Using 2 workers of 2 for evacuation
[2026-07-01T01:51:22.413+0000][15.130s][info][gc,phases   ] GC(45)   Pre Evacuate Collection Set: 0.14ms
[2026-07-01T01:51:22.413+0000][15.130s][info][gc,phases   ] GC(45)   Merge Heap Roots: 0.10ms
[2026-07-01T01:51:22.413+0000][15.130s][info][gc,phases   ] GC(45)   Evacuate Collection Set: 6.09ms
[2026-07-01T01:51:22.413+0000][15.130s][info][gc,phases   ] GC(45)   Post Evacuate Collection Set: 0.56ms
[2026-07-01T01:51:22.413+0000][15.130s][info][gc,phases   ] GC(45)   Other: 0.07ms
[2026-07-01T01:51:22.413+0000][15.130s][info][gc,heap     ] GC(45) Eden regions: 53->0(56)
[2026-07-01T01:51:22.413+0000][15.130s][info][gc,heap     ] GC(45) Survivor regions: 4->4(8)
[2026-07-01T01:51:22.413+0000][15.130s][info][gc,heap     ] GC(45) Old regions: 156->156
[2026-07-01T01:51:22.413+0000][15.130s][info][gc,heap     ] GC(45) Humongous regions: 3->3
[2026-07-01T01:51:22.413+0000][15.130s][info][gc,metaspace] GC(45) Metaspace: 41357K(42176K)->41357K(42176K) NonClass: 36220K(36672K)->36220K(36672K) Class: 5137K(5504K)->5137K(5504K)
[2026-07-01T01:51:22.413+0000][15.130s][info][gc          ] GC(45) Pause Young (Normal) (G1 Evacuation Pause) 215M->162M(243M) 7.123ms
[2026-07-01T01:51:22.413+0000][15.130s][info][gc,cpu      ] GC(45) User=0.02s Sys=0.00s Real=0.01s
[2026-07-01T01:51:22.903+0000][15.620s][info][gc,marking  ] GC(44) Concurrent Mark From Roots 1352.001ms
[2026-07-01T01:51:22.903+0000][15.620s][info][gc,marking  ] GC(44) Concurrent Preclean
[2026-07-01T01:51:22.903+0000][15.620s][info][gc,marking  ] GC(44) Concurrent Preclean 0.083ms
[2026-07-01T01:51:22.904+0000][15.621s][info][gc,start    ] GC(44) Pause Remark
[2026-07-01T01:51:22.916+0000][15.633s][info][gc          ] GC(44) Pause Remark 195M->195M(243M) 11.431ms
[2026-07-01T01:51:22.916+0000][15.633s][info][gc,cpu      ] GC(44) User=0.02s Sys=0.00s Real=0.01s
[2026-07-01T01:51:22.916+0000][15.633s][info][gc,marking  ] GC(44) Concurrent Mark 1365.075ms
[2026-07-01T01:51:22.916+0000][15.633s][info][gc,marking  ] GC(44) Concurrent Rebuild Remembered Sets and Scrub Regions
[2026-07-01T01:51:23.202+0000][15.919s][info][gc,start    ] GC(46) Pause Young (Normal) (G1 Evacuation Pause)
[2026-07-01T01:51:23.202+0000][15.919s][info][gc,task     ] GC(46) Using 2 workers of 2 for evacuation
[2026-07-01T01:51:23.207+0000][15.924s][info][gc,phases   ] GC(46)   Pre Evacuate Collection Set: 0.14ms
[2026-07-01T01:51:23.207+0000][15.924s][info][gc,phases   ] GC(46)   Merge Heap Roots: 0.14ms
[2026-07-01T01:51:23.207+0000][15.924s][info][gc,phases   ] GC(46)   Evacuate Collection Set: 4.66ms
[2026-07-01T01:51:23.207+0000][15.924s][info][gc,phases   ] GC(46)   Post Evacuate Collection Set: 0.43ms
[2026-07-01T01:51:23.207+0000][15.924s][info][gc,phases   ] GC(46)   Other: 0.06ms
[2026-07-01T01:51:23.207+0000][15.924s][info][gc,heap     ] GC(46) Eden regions: 56->0(63)
[2026-07-01T01:51:23.207+0000][15.924s][info][gc,heap     ] GC(46) Survivor regions: 4->4(8)
[2026-07-01T01:51:23.208+0000][15.925s][info][gc,heap     ] GC(46) Old regions: 156->156
[2026-07-01T01:51:23.208+0000][15.925s][info][gc,heap     ] GC(46) Humongous regions: 3->3
[2026-07-01T01:51:23.208+0000][15.925s][info][gc,metaspace] GC(46) Metaspace: 41488K(42240K)->41488K(42240K) NonClass: 36351K(36736K)->36351K(36736K) Class: 5137K(5504K)->5137K(5504K)
[2026-07-01T01:51:23.208+0000][15.925s][info][gc          ] GC(46) Pause Young (Normal) (G1 Evacuation Pause) 218M->162M(243M) 5.573ms
[2026-07-01T01:51:23.208+0000][15.925s][info][gc,cpu      ] GC(46) User=0.01s Sys=0.00s Real=0.00s
[2026-07-01T01:51:23.309+0000][16.026s][info][gc,marking  ] GC(44) Concurrent Rebuild Remembered Sets and Scrub Regions 392.986ms
[2026-07-01T01:51:23.309+0000][16.026s][info][gc,start    ] GC(44) Pause Cleanup
[2026-07-01T01:51:23.309+0000][16.026s][info][gc          ] GC(44) Pause Cleanup 171M->171M(243M) 0.191ms
[2026-07-01T01:51:23.309+0000][16.026s][info][gc,cpu      ] GC(44) User=0.00s Sys=0.00s Real=0.00s
[2026-07-01T01:51:23.309+0000][16.026s][info][gc,marking  ] GC(44) Concurrent Clear Claimed Marks
[2026-07-01T01:51:23.310+0000][16.027s][info][gc,marking  ] GC(44) Concurrent Clear Claimed Marks 0.084ms
[2026-07-01T01:51:23.310+0000][16.027s][info][gc,marking  ] GC(44) Concurrent Cleanup for Next Mark
[2026-07-01T01:51:23.310+0000][16.027s][info][gc,marking  ] GC(44) Concurrent Cleanup for Next Mark 0.414ms
[2026-07-01T01:51:23.310+0000][16.027s][info][gc          ] GC(44) Concurrent Mark Cycle 1763.587ms
[2026-07-01T01:51:23.831+0000][16.548s][info][gc,start    ] GC(47) Pause Young (Prepare Mixed) (G1 Evacuation Pause)
[2026-07-01T01:51:23.831+0000][16.548s][info][gc,task     ] GC(47) Using 2 workers of 2 for evacuation
[2026-07-01T01:51:23.837+0000][16.554s][info][gc,phases   ] GC(47)   Pre Evacuate Collection Set: 0.14ms
[2026-07-01T01:51:23.837+0000][16.554s][info][gc,phases   ] GC(47)   Merge Heap Roots: 0.18ms
[2026-07-01T01:51:23.837+0000][16.554s][info][gc,phases   ] GC(47)   Evacuate Collection Set: 5.14ms
[2026-07-01T01:51:23.837+0000][16.554s][info][gc,phases   ] GC(47)   Post Evacuate Collection Set: 0.39ms
[2026-07-01T01:51:23.837+0000][16.554s][info][gc,phases   ] GC(47)   Other: 0.05ms
[2026-07-01T01:51:23.837+0000][16.554s][info][gc,heap     ] GC(47) Eden regions: 63->0(64)
[2026-07-01T01:51:23.837+0000][16.554s][info][gc,heap     ] GC(47) Survivor regions: 4->4(9)
[2026-07-01T01:51:23.837+0000][16.554s][info][gc,heap     ] GC(47) Old regions: 156->156
[2026-07-01T01:51:23.837+0000][16.554s][info][gc,heap     ] GC(47) Humongous regions: 3->3
[2026-07-01T01:51:23.837+0000][16.554s][info][gc,metaspace] GC(47) Metaspace: 41514K(42304K)->41514K(42304K) NonClass: 36377K(36800K)->36377K(36800K) Class: 5137K(5504K)->5137K(5504K)
[2026-07-01T01:51:23.837+0000][16.554s][info][gc          ] GC(47) Pause Young (Prepare Mixed) (G1 Evacuation Pause) 225M->162M(243M) 6.025ms
[2026-07-01T01:51:23.837+0000][16.554s][info][gc,cpu      ] GC(47) User=0.01s Sys=0.00s Real=0.00s
[2026-07-01T01:51:24.514+0000][17.231s][info][gc,start    ] GC(48) Pause Young (Mixed) (G1 Evacuation Pause)
[2026-07-01T01:51:24.514+0000][17.231s][info][gc,task     ] GC(48) Using 2 workers of 2 for evacuation
[2026-07-01T01:51:24.523+0000][17.240s][info][gc,phases   ] GC(48)   Pre Evacuate Collection Set: 0.12ms
[2026-07-01T01:51:24.523+0000][17.240s][info][gc,phases   ] GC(48)   Merge Heap Roots: 0.15ms
[2026-07-01T01:51:24.523+0000][17.240s][info][gc,phases   ] GC(48)   Evacuate Collection Set: 7.70ms
[2026-07-01T01:51:24.523+0000][17.240s][info][gc,phases   ] GC(48)   Post Evacuate Collection Set: 0.46ms
[2026-07-01T01:51:24.523+0000][17.240s][info][gc,phases   ] GC(48)   Other: 0.05ms
[2026-07-01T01:51:24.523+0000][17.240s][info][gc,heap     ] GC(48) Eden regions: 64->0(67)
[2026-07-01T01:51:24.523+0000][17.240s][info][gc,heap     ] GC(48) Survivor regions: 4->5(9)
[2026-07-01T01:51:24.523+0000][17.240s][info][gc,heap     ] GC(48) Old regions: 156->155
[2026-07-01T01:51:24.523+0000][17.240s][info][gc,heap     ] GC(48) Humongous regions: 3->3
[2026-07-01T01:51:24.523+0000][17.240s][info][gc,metaspace] GC(48) Metaspace: 41526K(42304K)->41526K(42304K) NonClass: 36388K(36800K)->36388K(36800K) Class: 5137K(5504K)->5137K(5504K)
[2026-07-01T01:51:24.523+0000][17.240s][info][gc          ] GC(48) Pause Young (Mixed) (G1 Evacuation Pause) 226M->162M(243M) 8.626ms
[2026-07-01T01:51:24.523+0000][17.240s][info][gc,cpu      ] GC(48) User=0.02s Sys=0.00s Real=0.01s
[2026-07-01T01:51:25.133+0000][17.850s][info][gc,start    ] GC(49) Pause Young (Concurrent Start) (G1 Evacuation Pause)
[2026-07-01T01:51:25.133+0000][17.850s][info][gc,task     ] GC(49) Using 2 workers of 2 for evacuation
[2026-07-01T01:51:25.140+0000][17.857s][info][gc,phases   ] GC(49)   Pre Evacuate Collection Set: 0.14ms
[2026-07-01T01:51:25.140+0000][17.857s][info][gc,phases   ] GC(49)   Merge Heap Roots: 0.13ms
[2026-07-01T01:51:25.140+0000][17.857s][info][gc,phases   ] GC(49)   Evacuate Collection Set: 6.01ms
[2026-07-01T01:51:25.140+0000][17.857s][info][gc,phases   ] GC(49)   Post Evacuate Collection Set: 0.50ms
[2026-07-01T01:51:25.140+0000][17.857s][info][gc,phases   ] GC(49)   Other: 0.07ms
[2026-07-01T01:51:25.140+0000][17.857s][info][gc,heap     ] GC(49) Eden regions: 67->0(67)
[2026-07-01T01:51:25.140+0000][17.857s][info][gc,heap     ] GC(49) Survivor regions: 5->5(9)
[2026-07-01T01:51:25.140+0000][17.857s][info][gc,heap     ] GC(49) Old regions: 155->155
[2026-07-01T01:51:25.140+0000][17.857s][info][gc,heap     ] GC(49) Humongous regions: 3->3
[2026-07-01T01:51:25.140+0000][17.857s][info][gc,metaspace] GC(49) Metaspace: 41537K(42304K)->41537K(42304K) NonClass: 36399K(36800K)->36399K(36800K) Class: 5138K(5504K)->5138K(5504K)
[2026-07-01T01:51:25.140+0000][17.857s][info][gc          ] GC(49) Pause Young (Concurrent Start) (G1 Evacuation Pause) 229M->162M(243M) 6.988ms
[2026-07-01T01:51:25.140+0000][17.857s][info][gc,cpu      ] GC(49) User=0.01s Sys=0.00s Real=0.01s
[2026-07-01T01:51:25.140+0000][17.857s][info][gc          ] GC(50) Concurrent Mark Cycle
[2026-07-01T01:51:25.140+0000][17.857s][info][gc,marking  ] GC(50) Concurrent Scan Root Regions
[2026-07-01T01:51:25.146+0000][17.863s][info][gc,marking  ] GC(50) Concurrent Scan Root Regions 6.314ms
[2026-07-01T01:51:25.146+0000][17.863s][info][gc,marking  ] GC(50) Concurrent Mark
[2026-07-01T01:51:25.146+0000][17.863s][info][gc,marking  ] GC(50) Concurrent Mark From Roots
[2026-07-01T01:51:25.146+0000][17.863s][info][gc,task     ] GC(50) Using 1 workers of 1 for marking
[2026-07-01T01:51:25.843+0000][18.560s][info][gc,marking  ] GC(50) Concurrent Mark From Roots 696.892ms
[2026-07-01T01:51:25.843+0000][18.560s][info][gc,marking  ] GC(50) Concurrent Preclean
[2026-07-01T01:51:25.843+0000][18.560s][info][gc,marking  ] GC(50) Concurrent Preclean 0.059ms
[2026-07-01T01:51:25.844+0000][18.561s][info][gc,start    ] GC(50) Pause Remark
[2026-07-01T01:51:25.852+0000][18.569s][info][gc          ] GC(50) Pause Remark 219M->219M(243M) 8.109ms
[2026-07-01T01:51:25.852+0000][18.569s][info][gc,cpu      ] GC(50) User=0.01s Sys=0.00s Real=0.01s
[2026-07-01T01:51:25.862+0000][18.579s][info][gc,marking  ] GC(50) Concurrent Mark 715.517ms
[2026-07-01T01:51:25.862+0000][18.579s][info][gc,marking  ] GC(50) Concurrent Rebuild Remembered Sets and Scrub Regions
[2026-07-01T01:51:26.016+0000][18.733s][info][gc,start    ] GC(51) Pause Young (Normal) (G1 Evacuation Pause)
[2026-07-01T01:51:26.016+0000][18.733s][info][gc,task     ] GC(51) Using 2 workers of 2 for evacuation
[2026-07-01T01:51:26.028+0000][18.745s][info][gc,phases   ] GC(51)   Pre Evacuate Collection Set: 0.41ms
[2026-07-01T01:51:26.028+0000][18.745s][info][gc,phases   ] GC(51)   Merge Heap Roots: 0.25ms
[2026-07-01T01:51:26.028+0000][18.745s][info][gc,phases   ] GC(51)   Evacuate Collection Set: 10.21ms
[2026-07-01T01:51:26.028+0000][18.745s][info][gc,phases   ] GC(51)   Post Evacuate Collection Set: 0.89ms
[2026-07-01T01:51:26.028+0000][18.745s][info][gc,phases   ] GC(51)   Other: 0.09ms
[2026-07-01T01:51:26.028+0000][18.745s][info][gc,heap     ] GC(51) Eden regions: 67->0(67)
[2026-07-01T01:51:26.028+0000][18.745s][info][gc,heap     ] GC(51) Survivor regions: 5->5(9)
[2026-07-01T01:51:26.028+0000][18.745s][info][gc,heap     ] GC(51) Old regions: 155->155
[2026-07-01T01:51:26.028+0000][18.745s][info][gc,heap     ] GC(51) Humongous regions: 3->3
[2026-07-01T01:51:26.028+0000][18.745s][info][gc,metaspace] GC(51) Metaspace: 41570K(42368K)->41570K(42368K) NonClass: 36432K(36864K)->36432K(36864K) Class: 5138K(5504K)->5138K(5504K)
[2026-07-01T01:51:26.028+0000][18.745s][info][gc          ] GC(51) Pause Young (Normal) (G1 Evacuation Pause) 229M->161M(243M) 12.046ms
[2026-07-01T01:51:26.028+0000][18.745s][info][gc,cpu      ] GC(51) User=0.02s Sys=0.00s Real=0.02s
[2026-07-01T01:51:26.154+0000][18.871s][info][gc,marking  ] GC(50) Concurrent Rebuild Remembered Sets and Scrub Regions 292.587ms
[2026-07-01T01:51:26.155+0000][18.872s][info][gc,start    ] GC(50) Pause Cleanup
[2026-07-01T01:51:26.155+0000][18.872s][info][gc          ] GC(50) Pause Cleanup 174M->174M(243M) 0.194ms
[2026-07-01T01:51:26.155+0000][18.872s][info][gc,cpu      ] GC(50) User=0.00s Sys=0.00s Real=0.00s
[2026-07-01T01:51:26.155+0000][18.872s][info][gc,marking  ] GC(50) Concurrent Clear Claimed Marks
[2026-07-01T01:51:26.155+0000][18.872s][info][gc,marking  ] GC(50) Concurrent Clear Claimed Marks 0.081ms
[2026-07-01T01:51:26.155+0000][18.872s][info][gc,marking  ] GC(50) Concurrent Cleanup for Next Mark
[2026-07-01T01:51:26.156+0000][18.873s][info][gc,marking  ] GC(50) Concurrent Cleanup for Next Mark 0.397ms
[2026-07-01T01:51:26.156+0000][18.873s][info][gc          ] GC(50) Concurrent Mark Cycle 1015.761ms
[2026-07-01T01:51:26.678+0000][19.395s][info][gc,start    ] GC(52) Pause Young (Prepare Mixed) (G1 Evacuation Pause)
[2026-07-01T01:51:26.678+0000][19.395s][info][gc,task     ] GC(52) Using 2 workers of 2 for evacuation
[2026-07-01T01:51:26.701+0000][19.418s][info][gc,phases   ] GC(52)   Pre Evacuate Collection Set: 0.13ms
[2026-07-01T01:51:26.701+0000][19.418s][info][gc,phases   ] GC(52)   Merge Heap Roots: 0.49ms
[2026-07-01T01:51:26.701+0000][19.418s][info][gc,phases   ] GC(52)   Evacuate Collection Set: 21.87ms
[2026-07-01T01:51:26.701+0000][19.418s][info][gc,phases   ] GC(52)   Post Evacuate Collection Set: 0.51ms
[2026-07-01T01:51:26.701+0000][19.418s][info][gc,phases   ] GC(52)   Other: 0.05ms
[2026-07-01T01:51:26.701+0000][19.418s][info][gc,heap     ] GC(52) Eden regions: 67->0(67)
[2026-07-01T01:51:26.701+0000][19.418s][info][gc,heap     ] GC(52) Survivor regions: 5->5(9)
[2026-07-01T01:51:26.701+0000][19.418s][info][gc,heap     ] GC(52) Old regions: 155->155
[2026-07-01T01:51:26.701+0000][19.418s][info][gc,heap     ] GC(52) Humongous regions: 3->3
[2026-07-01T01:51:26.701+0000][19.418s][info][gc,metaspace] GC(52) Metaspace: 41570K(42368K)->41570K(42368K) NonClass: 36432K(36864K)->36432K(36864K) Class: 5138K(5504K)->5138K(5504K)
[2026-07-01T01:51:26.701+0000][19.418s][info][gc          ] GC(52) Pause Young (Prepare Mixed) (G1 Evacuation Pause) 228M->162M(243M) 23.216ms
[2026-07-01T01:51:26.701+0000][19.418s][info][gc,cpu      ] GC(52) User=0.02s Sys=0.00s Real=0.02s
[2026-07-01T01:51:27.278+0000][19.995s][info][gc,start    ] GC(53) Pause Young (Mixed) (G1 Evacuation Pause)
[2026-07-01T01:51:27.278+0000][19.995s][info][gc,task     ] GC(53) Using 2 workers of 2 for evacuation
[2026-07-01T01:51:27.303+0000][20.020s][info][gc,phases   ] GC(53)   Pre Evacuate Collection Set: 0.17ms
[2026-07-01T01:51:27.303+0000][20.020s][info][gc,phases   ] GC(53)   Merge Heap Roots: 0.15ms
[2026-07-01T01:51:27.303+0000][20.020s][info][gc,phases   ] GC(53)   Evacuate Collection Set: 23.93ms
[2026-07-01T01:51:27.303+0000][20.020s][info][gc,phases   ] GC(53)   Post Evacuate Collection Set: 0.48ms
[2026-07-01T01:51:27.303+0000][20.020s][info][gc,phases   ] GC(53)   Other: 0.06ms
[2026-07-01T01:51:27.303+0000][20.020s][info][gc,heap     ] GC(53) Eden regions: 67->0(68)
[2026-07-01T01:51:27.303+0000][20.020s][info][gc,heap     ] GC(53) Survivor regions: 5->5(9)
[2026-07-01T01:51:27.303+0000][20.020s][info][gc,heap     ] GC(53) Old regions: 155->154
[2026-07-01T01:51:27.303+0000][20.020s][info][gc,heap     ] GC(53) Humongous regions: 3->3
[2026-07-01T01:51:27.303+0000][20.020s][info][gc,metaspace] GC(53) Metaspace: 41571K(42368K)->41571K(42368K) NonClass: 36433K(36864K)->36433K(36864K) Class: 5138K(5504K)->5138K(5504K)
[2026-07-01T01:51:27.303+0000][20.020s][info][gc          ] GC(53) Pause Young (Mixed) (G1 Evacuation Pause) 229M->161M(243M) 24.947ms
[2026-07-01T01:51:27.303+0000][20.020s][info][gc,cpu      ] GC(53) User=0.03s Sys=0.00s Real=0.03s
[2026-07-01T01:51:28.025+0000][20.742s][info][gc,start    ] GC(54) Pause Young (Concurrent Start) (G1 Evacuation Pause)
[2026-07-01T01:51:28.025+0000][20.742s][info][gc,task     ] GC(54) Using 2 workers of 2 for evacuation
[2026-07-01T01:51:28.045+0000][20.762s][info][gc,phases   ] GC(54)   Pre Evacuate Collection Set: 0.22ms
[2026-07-01T01:51:28.045+0000][20.762s][info][gc,phases   ] GC(54)   Merge Heap Roots: 0.21ms
[2026-07-01T01:51:28.045+0000][20.762s][info][gc,phases   ] GC(54)   Evacuate Collection Set: 18.46ms
[2026-07-01T01:51:28.045+0000][20.762s][info][gc,phases   ] GC(54)   Post Evacuate Collection Set: 0.42ms
[2026-07-01T01:51:28.045+0000][20.762s][info][gc,phases   ] GC(54)   Other: 0.10ms
[2026-07-01T01:51:28.045+0000][20.762s][info][gc,heap     ] GC(54) Eden regions: 68->0(67)
[2026-07-01T01:51:28.045+0000][20.762s][info][gc,heap     ] GC(54) Survivor regions: 5->6(10)
[2026-07-01T01:51:28.045+0000][20.762s][info][gc,heap     ] GC(54) Old regions: 154->154
[2026-07-01T01:51:28.045+0000][20.762s][info][gc,heap     ] GC(54) Humongous regions: 3->3
[2026-07-01T01:51:28.045+0000][20.762s][info][gc,metaspace] GC(54) Metaspace: 41574K(42432K)->41574K(42432K) NonClass: 36436K(36928K)->36436K(36928K) Class: 5138K(5504K)->5138K(5504K)
[2026-07-01T01:51:28.045+0000][20.762s][info][gc          ] GC(54) Pause Young (Concurrent Start) (G1 Evacuation Pause) 229M->162M(243M) 19.582ms
[2026-07-01T01:51:28.045+0000][20.762s][info][gc          ] GC(55) Concurrent Mark Cycle
[2026-07-01T01:51:28.045+0000][20.762s][info][gc,marking  ] GC(55) Concurrent Scan Root Regions
[2026-07-01T01:51:28.047+0000][20.764s][info][gc,cpu      ] GC(54) User=0.03s Sys=0.00s Real=0.02s
[2026-07-01T01:51:28.106+0000][20.823s][info][gc,marking  ] GC(55) Concurrent Scan Root Regions 61.167ms
[2026-07-01T01:51:28.106+0000][20.823s][info][gc,marking  ] GC(55) Concurrent Mark
[2026-07-01T01:51:28.106+0000][20.823s][info][gc,marking  ] GC(55) Concurrent Mark From Roots
[2026-07-01T01:51:28.106+0000][20.823s][info][gc,task     ] GC(55) Using 1 workers of 1 for marking
[2026-07-01T01:51:28.725+0000][21.442s][info][gc,start    ] GC(56) Pause Young (Normal) (G1 Evacuation Pause)
[2026-07-01T01:51:28.725+0000][21.442s][info][gc,task     ] GC(56) Using 2 workers of 2 for evacuation
[2026-07-01T01:51:28.733+0000][21.450s][info][gc,phases   ] GC(56)   Pre Evacuate Collection Set: 0.17ms
[2026-07-01T01:51:28.733+0000][21.450s][info][gc,phases   ] GC(56)   Merge Heap Roots: 0.20ms
[2026-07-01T01:51:28.733+0000][21.450s][info][gc,phases   ] GC(56)   Evacuate Collection Set: 7.08ms
[2026-07-01T01:51:28.733+0000][21.450s][info][gc,phases   ] GC(56)   Post Evacuate Collection Set: 0.30ms
[2026-07-01T01:51:28.733+0000][21.450s][info][gc,phases   ] GC(56)   Other: 0.08ms
[2026-07-01T01:51:28.733+0000][21.450s][info][gc,heap     ] GC(56) Eden regions: 67->0(67)
[2026-07-01T01:51:28.733+0000][21.450s][info][gc,heap     ] GC(56) Survivor regions: 6->6(10)
[2026-07-01T01:51:28.733+0000][21.450s][info][gc,heap     ] GC(56) Old regions: 154->154
[2026-07-01T01:51:28.733+0000][21.450s][info][gc,heap     ] GC(56) Humongous regions: 3->3
[2026-07-01T01:51:28.733+0000][21.450s][info][gc,metaspace] GC(56) Metaspace: 41582K(42432K)->41582K(42432K) NonClass: 36444K(36928K)->36444K(36928K) Class: 5138K(5504K)->5138K(5504K)
[2026-07-01T01:51:28.733+0000][21.450s][info][gc          ] GC(56) Pause Young (Normal) (G1 Evacuation Pause) 229M->162M(243M) 7.966ms
[2026-07-01T01:51:28.733+0000][21.450s][info][gc,cpu      ] GC(56) User=0.02s Sys=0.01s Real=0.01s
[2026-07-01T01:51:29.009+0000][21.726s][info][gc,marking  ] GC(55) Concurrent Mark From Roots 903.046ms
[2026-07-01T01:51:29.009+0000][21.726s][info][gc,marking  ] GC(55) Concurrent Preclean
[2026-07-01T01:51:29.009+0000][21.726s][info][gc,marking  ] GC(55) Concurrent Preclean 0.103ms
[2026-07-01T01:51:29.009+0000][21.726s][info][gc,start    ] GC(55) Pause Remark
[2026-07-01T01:51:29.016+0000][21.733s][info][gc          ] GC(55) Pause Remark 183M->183M(243M) 6.805ms
[2026-07-01T01:51:29.016+0000][21.733s][info][gc,cpu      ] GC(55) User=0.02s Sys=0.00s Real=0.00s
[2026-07-01T01:51:29.022+0000][21.739s][info][gc,marking  ] GC(55) Concurrent Mark 916.029ms
[2026-07-01T01:51:29.022+0000][21.739s][info][gc,marking  ] GC(55) Concurrent Rebuild Remembered Sets and Scrub Regions
[2026-07-01T01:51:29.432+0000][22.149s][info][gc,marking  ] GC(55) Concurrent Rebuild Remembered Sets and Scrub Regions 409.606ms
[2026-07-01T01:51:29.432+0000][22.149s][info][gc,start    ] GC(55) Pause Cleanup
[2026-07-01T01:51:29.432+0000][22.149s][info][gc          ] GC(55) Pause Cleanup 221M->221M(243M) 0.207ms
[2026-07-01T01:51:29.432+0000][22.149s][info][gc,cpu      ] GC(55) User=0.00s Sys=0.00s Real=0.00s
[2026-07-01T01:51:29.432+0000][22.149s][info][gc,marking  ] GC(55) Concurrent Clear Claimed Marks
[2026-07-01T01:51:29.433+0000][22.150s][info][gc,marking  ] GC(55) Concurrent Clear Claimed Marks 0.083ms
[2026-07-01T01:51:29.433+0000][22.150s][info][gc,marking  ] GC(55) Concurrent Cleanup for Next Mark
[2026-07-01T01:51:29.433+0000][22.150s][info][gc,marking  ] GC(55) Concurrent Cleanup for Next Mark 0.906ms
[2026-07-01T01:51:29.433+0000][22.150s][info][gc          ] GC(55) Concurrent Mark Cycle 1388.692ms
[2026-07-01T01:51:29.509+0000][22.226s][info][gc,start    ] GC(57) Pause Young (Prepare Mixed) (G1 Evacuation Pause)
[2026-07-01T01:51:29.509+0000][22.226s][info][gc,task     ] GC(57) Using 2 workers of 2 for evacuation
[2026-07-01T01:51:29.518+0000][22.235s][info][gc,phases   ] GC(57)   Pre Evacuate Collection Set: 0.63ms
[2026-07-01T01:51:29.518+0000][22.235s][info][gc,phases   ] GC(57)   Merge Heap Roots: 0.26ms
[2026-07-01T01:51:29.518+0000][22.235s][info][gc,phases   ] GC(57)   Evacuate Collection Set: 8.10ms
[2026-07-01T01:51:29.518+0000][22.235s][info][gc,phases   ] GC(57)   Post Evacuate Collection Set: 0.47ms
[2026-07-01T01:51:29.518+0000][22.235s][info][gc,phases   ] GC(57)   Other: 0.05ms
[2026-07-01T01:51:29.518+0000][22.235s][info][gc,heap     ] GC(57) Eden regions: 67->0(67)
[2026-07-01T01:51:29.518+0000][22.235s][info][gc,heap     ] GC(57) Survivor regions: 6->6(10)
[2026-07-01T01:51:29.518+0000][22.235s][info][gc,heap     ] GC(57) Old regions: 154->154
[2026-07-01T01:51:29.518+0000][22.235s][info][gc,heap     ] GC(57) Humongous regions: 3->3
[2026-07-01T01:51:29.518+0000][22.235s][info][gc,metaspace] GC(57) Metaspace: 41585K(42432K)->41585K(42432K) NonClass: 36447K(36928K)->36447K(36928K) Class: 5138K(5504K)->5138K(5504K)
[2026-07-01T01:51:29.518+0000][22.235s][info][gc          ] GC(57) Pause Young (Prepare Mixed) (G1 Evacuation Pause) 229M->162M(243M) 9.671ms
[2026-07-01T01:51:29.518+0000][22.235s][info][gc,cpu      ] GC(57) User=0.03s Sys=0.00s Real=0.01s
[2026-07-01T01:51:30.139+0000][22.856s][info][gc,start    ] GC(58) Pause Young (Mixed) (G1 Evacuation Pause)
[2026-07-01T01:51:30.139+0000][22.856s][info][gc,task     ] GC(58) Using 2 workers of 2 for evacuation
[2026-07-01T01:51:30.149+0000][22.866s][info][gc,phases   ] GC(58)   Pre Evacuate Collection Set: 0.24ms
[2026-07-01T01:51:30.149+0000][22.866s][info][gc,phases   ] GC(58)   Merge Heap Roots: 0.21ms
[2026-07-01T01:51:30.149+0000][22.866s][info][gc,phases   ] GC(58)   Evacuate Collection Set: 9.20ms
[2026-07-01T01:51:30.149+0000][22.866s][info][gc,phases   ] GC(58)   Post Evacuate Collection Set: 0.35ms
[2026-07-01T01:51:30.149+0000][22.866s][info][gc,phases   ] GC(58)   Other: 0.07ms
[2026-07-01T01:51:30.149+0000][22.866s][info][gc,heap     ] GC(58) Eden regions: 67->0(68)
[2026-07-01T01:51:30.149+0000][22.866s][info][gc,heap     ] GC(58) Survivor regions: 6->6(10)
[2026-07-01T01:51:30.149+0000][22.866s][info][gc,heap     ] GC(58) Old regions: 154->153
[2026-07-01T01:51:30.149+0000][22.866s][info][gc,heap     ] GC(58) Humongous regions: 3->3
[2026-07-01T01:51:30.149+0000][22.866s][info][gc,metaspace] GC(58) Metaspace: 41601K(42432K)->41601K(42432K) NonClass: 36463K(36928K)->36463K(36928K) Class: 5138K(5504K)->5138K(5504K)
[2026-07-01T01:51:30.149+0000][22.866s][info][gc          ] GC(58) Pause Young (Mixed) (G1 Evacuation Pause) 229M->161M(243M) 10.250ms
[2026-07-01T01:51:30.149+0000][22.866s][info][gc,cpu      ] GC(58) User=0.02s Sys=0.00s Real=0.01s
[2026-07-01T01:51:30.849+0000][23.566s][info][gc,start    ] GC(59) Pause Young (Concurrent Start) (G1 Evacuation Pause)
[2026-07-01T01:51:30.850+0000][23.567s][info][gc,task     ] GC(59) Using 2 workers of 2 for evacuation
[2026-07-01T01:51:30.862+0000][23.579s][info][gc,phases   ] GC(59)   Pre Evacuate Collection Set: 0.17ms
[2026-07-01T01:51:30.862+0000][23.579s][info][gc,phases   ] GC(59)   Merge Heap Roots: 0.22ms
[2026-07-01T01:51:30.862+0000][23.579s][info][gc,phases   ] GC(59)   Evacuate Collection Set: 11.82ms
[2026-07-01T01:51:30.862+0000][23.579s][info][gc,phases   ] GC(59)   Post Evacuate Collection Set: 0.43ms
[2026-07-01T01:51:30.862+0000][23.579s][info][gc,phases   ] GC(59)   Other: 0.07ms
[2026-07-01T01:51:30.862+0000][23.579s][info][gc,heap     ] GC(59) Eden regions: 68->0(67)
[2026-07-01T01:51:30.862+0000][23.579s][info][gc,heap     ] GC(59) Survivor regions: 6->6(10)
[2026-07-01T01:51:30.862+0000][23.579s][info][gc,heap     ] GC(59) Old regions: 153->154
[2026-07-01T01:51:30.862+0000][23.579s][info][gc,heap     ] GC(59) Humongous regions: 3->3
[2026-07-01T01:51:30.862+0000][23.579s][info][gc,metaspace] GC(59) Metaspace: 41601K(42432K)->41601K(42432K) NonClass: 36463K(36928K)->36463K(36928K) Class: 5138K(5504K)->5138K(5504K)
[2026-07-01T01:51:30.862+0000][23.579s][info][gc          ] GC(59) Pause Young (Concurrent Start) (G1 Evacuation Pause) 229M->162M(243M) 12.886ms
[2026-07-01T01:51:30.862+0000][23.579s][info][gc          ] GC(60) Concurrent Mark Cycle
[2026-07-01T01:51:30.862+0000][23.579s][info][gc,marking  ] GC(60) Concurrent Scan Root Regions
[2026-07-01T01:51:30.862+0000][23.579s][info][gc,cpu      ] GC(59) User=0.02s Sys=0.00s Real=0.01s
[2026-07-01T01:51:30.906+0000][23.623s][info][gc,marking  ] GC(60) Concurrent Scan Root Regions 44.030ms
[2026-07-01T01:51:30.906+0000][23.623s][info][gc,marking  ] GC(60) Concurrent Mark
[2026-07-01T01:51:30.906+0000][23.623s][info][gc,marking  ] GC(60) Concurrent Mark From Roots
[2026-07-01T01:51:30.906+0000][23.623s][info][gc,task     ] GC(60) Using 1 workers of 1 for marking
[2026-07-01T01:51:31.757+0000][24.474s][info][gc,marking  ] GC(60) Concurrent Mark From Roots 850.720ms
[2026-07-01T01:51:31.757+0000][24.474s][info][gc,marking  ] GC(60) Concurrent Preclean
[2026-07-01T01:51:31.758+0000][24.475s][info][gc,marking  ] GC(60) Concurrent Preclean 0.319ms
[2026-07-01T01:51:31.758+0000][24.475s][info][gc,start    ] GC(60) Pause Remark
[2026-07-01T01:51:31.764+0000][24.481s][info][gc          ] GC(60) Pause Remark 228M->228M(243M) 6.395ms
[2026-07-01T01:51:31.765+0000][24.482s][info][gc,cpu      ] GC(60) User=0.02s Sys=0.00s Real=0.00s
[2026-07-01T01:51:31.798+0000][24.515s][info][gc,marking  ] GC(60) Concurrent Mark 891.549ms
[2026-07-01T01:51:31.798+0000][24.515s][info][gc,marking  ] GC(60) Concurrent Rebuild Remembered Sets and Scrub Regions
[2026-07-01T01:51:31.799+0000][24.516s][info][gc,start    ] GC(61) Pause Young (Normal) (G1 Evacuation Pause)
[2026-07-01T01:51:31.799+0000][24.516s][info][gc,task     ] GC(61) Using 2 workers of 2 for evacuation
[2026-07-01T01:51:31.810+0000][24.527s][info][gc,phases   ] GC(61)   Pre Evacuate Collection Set: 0.10ms
[2026-07-01T01:51:31.810+0000][24.527s][info][gc,phases   ] GC(61)   Merge Heap Roots: 0.17ms
[2026-07-01T01:51:31.810+0000][24.527s][info][gc,phases   ] GC(61)   Evacuate Collection Set: 10.53ms
[2026-07-01T01:51:31.810+0000][24.527s][info][gc,phases   ] GC(61)   Post Evacuate Collection Set: 0.39ms
[2026-07-01T01:51:31.810+0000][24.527s][info][gc,phases   ] GC(61)   Other: 0.07ms
[2026-07-01T01:51:31.810+0000][24.527s][info][gc,heap     ] GC(61) Eden regions: 67->0(66)
[2026-07-01T01:51:31.810+0000][24.527s][info][gc,heap     ] GC(61) Survivor regions: 6->6(10)
[2026-07-01T01:51:31.810+0000][24.527s][info][gc,heap     ] GC(61) Old regions: 154->155
[2026-07-01T01:51:31.810+0000][24.527s][info][gc,heap     ] GC(61) Humongous regions: 3->3
[2026-07-01T01:51:31.810+0000][24.527s][info][gc,metaspace] GC(61) Metaspace: 41607K(42432K)->41607K(42432K) NonClass: 36469K(36928K)->36469K(36928K) Class: 5138K(5504K)->5138K(5504K)
[2026-07-01T01:51:31.810+0000][24.527s][info][gc          ] GC(61) Pause Young (Normal) (G1 Evacuation Pause) 229M->162M(243M) 11.395ms
[2026-07-01T01:51:31.810+0000][24.527s][info][gc,cpu      ] GC(61) User=0.03s Sys=0.00s Real=0.01s
[2026-07-01T01:51:32.304+0000][25.021s][info][gc,marking  ] GC(60) Concurrent Rebuild Remembered Sets and Scrub Regions 506.032ms
[2026-07-01T01:51:32.304+0000][25.021s][info][gc,start    ] GC(60) Pause Cleanup
[2026-07-01T01:51:32.305+0000][25.022s][info][gc          ] GC(60) Pause Cleanup 208M->208M(243M) 0.215ms
[2026-07-01T01:51:32.305+0000][25.022s][info][gc,cpu      ] GC(60) User=0.00s Sys=0.00s Real=0.00s
[2026-07-01T01:51:32.305+0000][25.022s][info][gc,marking  ] GC(60) Concurrent Clear Claimed Marks
[2026-07-01T01:51:32.306+0000][25.023s][info][gc,marking  ] GC(60) Concurrent Clear Claimed Marks 0.350ms
[2026-07-01T01:51:32.306+0000][25.023s][info][gc,marking  ] GC(60) Concurrent Cleanup for Next Mark
[2026-07-01T01:51:32.308+0000][25.025s][info][gc,marking  ] GC(60) Concurrent Cleanup for Next Mark 2.076ms
[2026-07-01T01:51:32.308+0000][25.025s][info][gc          ] GC(60) Concurrent Mark Cycle 1445.803ms
[2026-07-01T01:51:32.500+0000][25.217s][info][gc,start    ] GC(62) Pause Young (Prepare Mixed) (G1 Evacuation Pause)
[2026-07-01T01:51:32.500+0000][25.217s][info][gc,task     ] GC(62) Using 2 workers of 2 for evacuation
[2026-07-01T01:51:32.512+0000][25.229s][info][gc,phases   ] GC(62)   Pre Evacuate Collection Set: 0.20ms
[2026-07-01T01:51:32.512+0000][25.229s][info][gc,phases   ] GC(62)   Merge Heap Roots: 0.76ms
[2026-07-01T01:51:32.512+0000][25.229s][info][gc,phases   ] GC(62)   Evacuate Collection Set: 10.15ms
[2026-07-01T01:51:32.512+0000][25.229s][info][gc,phases   ] GC(62)   Post Evacuate Collection Set: 0.39ms
[2026-07-01T01:51:32.512+0000][25.229s][info][gc,phases   ] GC(62)   Other: 0.07ms
[2026-07-01T01:51:32.512+0000][25.229s][info][gc,heap     ] GC(62) Eden regions: 66->0(67)
[2026-07-01T01:51:32.512+0000][25.229s][info][gc,heap     ] GC(62) Survivor regions: 6->5(9)
[2026-07-01T01:51:32.512+0000][25.229s][info][gc,heap     ] GC(62) Old regions: 155->155
[2026-07-01T01:51:32.512+0000][25.229s][info][gc,heap     ] GC(62) Humongous regions: 3->3
[2026-07-01T01:51:32.512+0000][25.229s][info][gc,metaspace] GC(62) Metaspace: 41639K(42432K)->41639K(42432K) NonClass: 36501K(36928K)->36501K(36928K) Class: 5138K(5504K)->5138K(5504K)
[2026-07-01T01:51:32.512+0000][25.229s][info][gc          ] GC(62) Pause Young (Prepare Mixed) (G1 Evacuation Pause) 228M->162M(243M) 11.744ms
[2026-07-01T01:51:32.512+0000][25.229s][info][gc,cpu      ] GC(62) User=0.03s Sys=0.00s Real=0.01s
[2026-07-01T01:51:33.064+0000][25.781s][info][gc,start    ] GC(63) Pause Young (Mixed) (G1 Evacuation Pause)
[2026-07-01T01:51:33.064+0000][25.781s][info][gc,task     ] GC(63) Using 2 workers of 2 for evacuation
[2026-07-01T01:51:33.075+0000][25.792s][info][gc,phases   ] GC(63)   Pre Evacuate Collection Set: 0.14ms
[2026-07-01T01:51:33.075+0000][25.792s][info][gc,phases   ] GC(63)   Merge Heap Roots: 0.17ms
[2026-07-01T01:51:33.075+0000][25.792s][info][gc,phases   ] GC(63)   Evacuate Collection Set: 10.16ms
[2026-07-01T01:51:33.075+0000][25.792s][info][gc,phases   ] GC(63)   Post Evacuate Collection Set: 0.41ms
[2026-07-01T01:51:33.075+0000][25.792s][info][gc,phases   ] GC(63)   Other: 0.06ms
[2026-07-01T01:51:33.075+0000][25.792s][info][gc,heap     ] GC(63) Eden regions: 67->0(67)
[2026-07-01T01:51:33.075+0000][25.792s][info][gc,heap     ] GC(63) Survivor regions: 5->5(9)
[2026-07-01T01:51:33.075+0000][25.792s][info][gc,heap     ] GC(63) Old regions: 155->155
[2026-07-01T01:51:33.075+0000][25.792s][info][gc,heap     ] GC(63) Humongous regions: 3->3
[2026-07-01T01:51:33.075+0000][25.792s][info][gc,metaspace] GC(63) Metaspace: 41640K(42432K)->41640K(42432K) NonClass: 36502K(36928K)->36502K(36928K) Class: 5138K(5504K)->5138K(5504K)
[2026-07-01T01:51:33.075+0000][25.792s][info][gc          ] GC(63) Pause Young (Mixed) (G1 Evacuation Pause) 229M->162M(243M) 11.152ms
[2026-07-01T01:51:33.075+0000][25.792s][info][gc,cpu      ] GC(63) User=0.03s Sys=0.00s Real=0.01s
[2026-07-01T01:51:33.685+0000][26.402s][info][gc,start    ] GC(64) Pause Young (Concurrent Start) (G1 Evacuation Pause)
[2026-07-01T01:51:33.685+0000][26.402s][info][gc,task     ] GC(64) Using 2 workers of 2 for evacuation
[2026-07-01T01:51:33.708+0000][26.425s][info][gc,phases   ] GC(64)   Pre Evacuate Collection Set: 0.17ms
[2026-07-01T01:51:33.708+0000][26.425s][info][gc,phases   ] GC(64)   Merge Heap Roots: 0.25ms
[2026-07-01T01:51:33.708+0000][26.425s][info][gc,phases   ] GC(64)   Evacuate Collection Set: 21.72ms
[2026-07-01T01:51:33.708+0000][26.425s][info][gc,phases   ] GC(64)   Post Evacuate Collection Set: 0.74ms
[2026-07-01T01:51:33.708+0000][26.425s][info][gc,phases   ] GC(64)   Other: 0.07ms
[2026-07-01T01:51:33.708+0000][26.425s][info][gc,heap     ] GC(64) Eden regions: 67->0(67)
[2026-07-01T01:51:33.708+0000][26.425s][info][gc,heap     ] GC(64) Survivor regions: 5->5(9)
[2026-07-01T01:51:33.708+0000][26.425s][info][gc,heap     ] GC(64) Old regions: 155->155
[2026-07-01T01:51:33.708+0000][26.425s][info][gc,heap     ] GC(64) Humongous regions: 3->3
[2026-07-01T01:51:33.708+0000][26.425s][info][gc,metaspace] GC(64) Metaspace: 41641K(42432K)->41641K(42432K) NonClass: 36502K(36928K)->36502K(36928K) Class: 5138K(5504K)->5138K(5504K)
[2026-07-01T01:51:33.708+0000][26.425s][info][gc          ] GC(64) Pause Young (Concurrent Start) (G1 Evacuation Pause) 229M->162M(243M) 23.121ms
[2026-07-01T01:51:33.708+0000][26.425s][info][gc          ] GC(65) Concurrent Mark Cycle
[2026-07-01T01:51:33.708+0000][26.425s][info][gc,cpu      ] GC(64) User=0.02s Sys=0.00s Real=0.02s
[2026-07-01T01:51:33.708+0000][26.425s][info][gc,marking  ] GC(65) Concurrent Scan Root Regions
[2026-07-01T01:51:33.731+0000][26.448s][info][gc,marking  ] GC(65) Concurrent Scan Root Regions 22.897ms
[2026-07-01T01:51:33.731+0000][26.448s][info][gc,marking  ] GC(65) Concurrent Mark
[2026-07-01T01:51:33.731+0000][26.448s][info][gc,marking  ] GC(65) Concurrent Mark From Roots
[2026-07-01T01:51:33.731+0000][26.448s][info][gc,task     ] GC(65) Using 1 workers of 1 for marking
[2026-07-01T01:51:34.328+0000][27.045s][info][gc,marking  ] GC(65) Concurrent Mark From Roots 596.843ms
[2026-07-01T01:51:34.328+0000][27.045s][info][gc,marking  ] GC(65) Concurrent Preclean
[2026-07-01T01:51:34.328+0000][27.045s][info][gc,marking  ] GC(65) Concurrent Preclean 0.104ms
[2026-07-01T01:51:34.328+0000][27.045s][info][gc,start    ] GC(65) Pause Remark
[2026-07-01T01:51:34.342+0000][27.059s][info][gc          ] GC(65) Pause Remark 206M->206M(243M) 13.900ms
[2026-07-01T01:51:34.342+0000][27.059s][info][gc,cpu      ] GC(65) User=0.03s Sys=0.00s Real=0.01s
[2026-07-01T01:51:34.343+0000][27.060s][info][gc,marking  ] GC(65) Concurrent Mark 612.318ms
[2026-07-01T01:51:34.343+0000][27.060s][info][gc,marking  ] GC(65) Concurrent Rebuild Remembered Sets and Scrub Regions
[2026-07-01T01:51:34.619+0000][27.336s][info][gc,marking  ] GC(65) Concurrent Rebuild Remembered Sets and Scrub Regions 275.366ms
[2026-07-01T01:51:34.619+0000][27.336s][info][gc,start    ] GC(65) Pause Cleanup
[2026-07-01T01:51:34.619+0000][27.336s][info][gc          ] GC(65) Pause Cleanup 224M->224M(243M) 0.169ms
[2026-07-01T01:51:34.619+0000][27.336s][info][gc,cpu      ] GC(65) User=0.00s Sys=0.00s Real=0.00s
[2026-07-01T01:51:34.619+0000][27.336s][info][gc,marking  ] GC(65) Concurrent Clear Claimed Marks
[2026-07-01T01:51:34.620+0000][27.337s][info][gc,marking  ] GC(65) Concurrent Clear Claimed Marks 0.095ms
[2026-07-01T01:51:34.620+0000][27.337s][info][gc,marking  ] GC(65) Concurrent Cleanup for Next Mark
[2026-07-01T01:51:34.620+0000][27.337s][info][gc,marking  ] GC(65) Concurrent Cleanup for Next Mark 0.826ms
[2026-07-01T01:51:34.620+0000][27.337s][info][gc          ] GC(65) Concurrent Mark Cycle 912.536ms
[2026-07-01T01:51:34.670+0000][27.387s][info][gc,start    ] GC(66) Pause Young (Prepare Mixed) (G1 Evacuation Pause)
[2026-07-01T01:51:34.670+0000][27.387s][info][gc,task     ] GC(66) Using 2 workers of 2 for evacuation
[2026-07-01T01:51:34.682+0000][27.399s][info][gc,phases   ] GC(66)   Pre Evacuate Collection Set: 0.15ms
[2026-07-01T01:51:34.682+0000][27.399s][info][gc,phases   ] GC(66)   Merge Heap Roots: 0.44ms
[2026-07-01T01:51:34.682+0000][27.399s][info][gc,phases   ] GC(66)   Evacuate Collection Set: 11.41ms
[2026-07-01T01:51:34.682+0000][27.399s][info][gc,phases   ] GC(66)   Post Evacuate Collection Set: 0.40ms
[2026-07-01T01:51:34.682+0000][27.399s][info][gc,phases   ] GC(66)   Other: 0.05ms
[2026-07-01T01:51:34.682+0000][27.399s][info][gc,heap     ] GC(66) Eden regions: 67->0(66)
[2026-07-01T01:51:34.682+0000][27.399s][info][gc,heap     ] GC(66) Survivor regions: 5->6(9)
[2026-07-01T01:51:34.682+0000][27.399s][info][gc,heap     ] GC(66) Old regions: 155->155
[2026-07-01T01:51:34.682+0000][27.399s][info][gc,heap     ] GC(66) Humongous regions: 3->3
[2026-07-01T01:51:34.682+0000][27.399s][info][gc,metaspace] GC(66) Metaspace: 41641K(42432K)->41641K(42432K) NonClass: 36502K(36928K)->36502K(36928K) Class: 5138K(5504K)->5138K(5504K)
[2026-07-01T01:51:34.682+0000][27.399s][info][gc          ] GC(66) Pause Young (Prepare Mixed) (G1 Evacuation Pause) 229M->162M(243M) 12.608ms
[2026-07-01T01:51:34.682+0000][27.399s][info][gc,cpu      ] GC(66) User=0.02s Sys=0.00s Real=0.01s
[2026-07-01T01:51:35.220+0000][27.937s][info][gc,start    ] GC(67) Pause Young (Mixed) (G1 Evacuation Pause)
[2026-07-01T01:51:35.220+0000][27.937s][info][gc,task     ] GC(67) Using 2 workers of 2 for evacuation
[2026-07-01T01:51:35.235+0000][27.952s][info][gc,phases   ] GC(67)   Pre Evacuate Collection Set: 0.18ms
[2026-07-01T01:51:35.235+0000][27.952s][info][gc,phases   ] GC(67)   Merge Heap Roots: 0.27ms
[2026-07-01T01:51:35.235+0000][27.952s][info][gc,phases   ] GC(67)   Evacuate Collection Set: 13.70ms
[2026-07-01T01:51:35.235+0000][27.952s][info][gc,phases   ] GC(67)   Post Evacuate Collection Set: 0.46ms
[2026-07-01T01:51:35.235+0000][27.952s][info][gc,phases   ] GC(67)   Other: 0.04ms
[2026-07-01T01:51:35.235+0000][27.952s][info][gc,heap     ] GC(67) Eden regions: 66->0(67)
[2026-07-01T01:51:35.235+0000][27.952s][info][gc,heap     ] GC(67) Survivor regions: 6->5(9)
[2026-07-01T01:51:35.235+0000][27.952s][info][gc,heap     ] GC(67) Old regions: 155->155
[2026-07-01T01:51:35.235+0000][27.952s][info][gc,heap     ] GC(67) Humongous regions: 3->3
[2026-07-01T01:51:35.235+0000][27.952s][info][gc,metaspace] GC(67) Metaspace: 41642K(42432K)->41642K(42432K) NonClass: 36504K(36928K)->36504K(36928K) Class: 5138K(5504K)->5138K(5504K)
[2026-07-01T01:51:35.235+0000][27.952s][info][gc          ] GC(67) Pause Young (Mixed) (G1 Evacuation Pause) 228M->162M(243M) 14.794ms
[2026-07-01T01:51:35.235+0000][27.952s][info][gc,cpu      ] GC(67) User=0.03s Sys=0.00s Real=0.01s
[2026-07-01T01:51:35.810+0000][28.527s][info][gc,start    ] GC(68) Pause Young (Concurrent Start) (G1 Evacuation Pause)
[2026-07-01T01:51:35.810+0000][28.527s][info][gc,task     ] GC(68) Using 2 workers of 2 for evacuation
[2026-07-01T01:51:35.823+0000][28.540s][info][gc,phases   ] GC(68)   Pre Evacuate Collection Set: 0.12ms
[2026-07-01T01:51:35.823+0000][28.540s][info][gc,phases   ] GC(68)   Merge Heap Roots: 0.19ms
[2026-07-01T01:51:35.823+0000][28.540s][info][gc,phases   ] GC(68)   Evacuate Collection Set: 11.60ms
[2026-07-01T01:51:35.823+0000][28.540s][info][gc,phases   ] GC(68)   Post Evacuate Collection Set: 0.38ms
[2026-07-01T01:51:35.823+0000][28.540s][info][gc,phases   ] GC(68)   Other: 0.06ms
[2026-07-01T01:51:35.823+0000][28.540s][info][gc,heap     ] GC(68) Eden regions: 67->0(67)
[2026-07-01T01:51:35.823+0000][28.540s][info][gc,heap     ] GC(68) Survivor regions: 5->5(9)
[2026-07-01T01:51:35.823+0000][28.540s][info][gc,heap     ] GC(68) Old regions: 155->155
[2026-07-01T01:51:35.823+0000][28.540s][info][gc,heap     ] GC(68) Humongous regions: 3->3
[2026-07-01T01:51:35.823+0000][28.540s][info][gc,metaspace] GC(68) Metaspace: 41642K(42432K)->41642K(42432K) NonClass: 36504K(36928K)->36504K(36928K) Class: 5138K(5504K)->5138K(5504K)
[2026-07-01T01:51:35.823+0000][28.540s][info][gc          ] GC(68) Pause Young (Concurrent Start) (G1 Evacuation Pause) 229M->162M(243M) 12.509ms
[2026-07-01T01:51:35.823+0000][28.540s][info][gc          ] GC(69) Concurrent Mark Cycle
[2026-07-01T01:51:35.823+0000][28.540s][info][gc,marking  ] GC(69) Concurrent Scan Root Regions
[2026-07-01T01:51:35.823+0000][28.540s][info][gc,cpu      ] GC(68) User=0.04s Sys=0.00s Real=0.01s
[2026-07-01T01:51:35.853+0000][28.570s][info][gc,marking  ] GC(69) Concurrent Scan Root Regions 29.625ms
[2026-07-01T01:51:35.853+0000][28.570s][info][gc,marking  ] GC(69) Concurrent Mark
[2026-07-01T01:51:35.853+0000][28.570s][info][gc,marking  ] GC(69) Concurrent Mark From Roots
[2026-07-01T01:51:35.853+0000][28.570s][info][gc,task     ] GC(69) Using 1 workers of 1 for marking
[2026-07-01T01:51:36.560+0000][29.277s][info][gc,start    ] GC(70) Pause Young (Normal) (G1 Evacuation Pause)
[2026-07-01T01:51:36.560+0000][29.277s][info][gc,task     ] GC(70) Using 2 workers of 2 for evacuation
[2026-07-01T01:51:36.572+0000][29.289s][info][gc,phases   ] GC(70)   Pre Evacuate Collection Set: 0.17ms
[2026-07-01T01:51:36.572+0000][29.289s][info][gc,phases   ] GC(70)   Merge Heap Roots: 0.34ms
[2026-07-01T01:51:36.572+0000][29.289s][info][gc,phases   ] GC(70)   Evacuate Collection Set: 11.46ms
[2026-07-01T01:51:36.572+0000][29.289s][info][gc,phases   ] GC(70)   Post Evacuate Collection Set: 0.40ms
[2026-07-01T01:51:36.572+0000][29.289s][info][gc,phases   ] GC(70)   Other: 0.05ms
[2026-07-01T01:51:36.572+0000][29.289s][info][gc,heap     ] GC(70) Eden regions: 67->0(67)
[2026-07-01T01:51:36.572+0000][29.289s][info][gc,heap     ] GC(70) Survivor regions: 5->5(9)
[2026-07-01T01:51:36.572+0000][29.289s][info][gc,heap     ] GC(70) Old regions: 155->155
[2026-07-01T01:51:36.572+0000][29.289s][info][gc,heap     ] GC(70) Humongous regions: 3->3
[2026-07-01T01:51:36.572+0000][29.289s][info][gc,metaspace] GC(70) Metaspace: 41642K(42432K)->41642K(42432K) NonClass: 36504K(36928K)->36504K(36928K) Class: 5138K(5504K)->5138K(5504K)
[2026-07-01T01:51:36.572+0000][29.289s][info][gc          ] GC(70) Pause Young (Normal) (G1 Evacuation Pause) 229M->162M(243M) 12.573ms
[2026-07-01T01:51:36.572+0000][29.289s][info][gc,cpu      ] GC(70) User=0.03s Sys=0.00s Real=0.01s
[2026-07-01T01:51:36.730+0000][29.447s][info][gc,marking  ] GC(69) Concurrent Mark From Roots 877.708ms
[2026-07-01T01:51:36.730+0000][29.447s][info][gc,marking  ] GC(69) Concurrent Preclean
[2026-07-01T01:51:36.730+0000][29.447s][info][gc,marking  ] GC(69) Concurrent Preclean 0.073ms
[2026-07-01T01:51:36.731+0000][29.448s][info][gc,start    ] GC(69) Pause Remark
[2026-07-01T01:51:36.737+0000][29.454s][info][gc          ] GC(69) Pause Remark 174M->174M(243M) 6.661ms
[2026-07-01T01:51:36.737+0000][29.454s][info][gc,cpu      ] GC(69) User=0.01s Sys=0.00s Real=0.00s
[2026-07-01T01:51:36.742+0000][29.459s][info][gc,marking  ] GC(69) Concurrent Mark 889.119ms
[2026-07-01T01:51:36.742+0000][29.459s][info][gc,marking  ] GC(69) Concurrent Rebuild Remembered Sets and Scrub Regions
[2026-07-01T01:51:37.217+0000][29.934s][info][gc,marking  ] GC(69) Concurrent Rebuild Remembered Sets and Scrub Regions 474.769ms
[2026-07-01T01:51:37.219+0000][29.936s][info][gc,start    ] GC(69) Pause Cleanup
[2026-07-01T01:51:37.220+0000][29.937s][info][gc          ] GC(69) Pause Cleanup 218M->218M(243M) 0.182ms
[2026-07-01T01:51:37.220+0000][29.937s][info][gc,cpu      ] GC(69) User=0.00s Sys=0.00s Real=0.00s
[2026-07-01T01:51:37.221+0000][29.938s][info][gc,marking  ] GC(69) Concurrent Clear Claimed Marks
[2026-07-01T01:51:37.221+0000][29.938s][info][gc,marking  ] GC(69) Concurrent Clear Claimed Marks 0.107ms
[2026-07-01T01:51:37.221+0000][29.938s][info][gc,marking  ] GC(69) Concurrent Cleanup for Next Mark
[2026-07-01T01:51:37.223+0000][29.940s][info][gc,marking  ] GC(69) Concurrent Cleanup for Next Mark 2.054ms
[2026-07-01T01:51:37.223+0000][29.940s][info][gc          ] GC(69) Concurrent Mark Cycle 1400.324ms
[2026-07-01T01:51:37.327+0000][30.044s][info][gc,start    ] GC(71) Pause Young (Prepare Mixed) (G1 Evacuation Pause)
[2026-07-01T01:51:37.327+0000][30.044s][info][gc,task     ] GC(71) Using 2 workers of 2 for evacuation
[2026-07-01T01:51:37.340+0000][30.057s][info][gc,phases   ] GC(71)   Pre Evacuate Collection Set: 0.82ms
[2026-07-01T01:51:37.340+0000][30.057s][info][gc,phases   ] GC(71)   Merge Heap Roots: 0.75ms
[2026-07-01T01:51:37.340+0000][30.057s][info][gc,phases   ] GC(71)   Evacuate Collection Set: 10.80ms
[2026-07-01T01:51:37.340+0000][30.057s][info][gc,phases   ] GC(71)   Post Evacuate Collection Set: 0.43ms
[2026-07-01T01:51:37.340+0000][30.057s][info][gc,phases   ] GC(71)   Other: 0.07ms
[2026-07-01T01:51:37.340+0000][30.057s][info][gc,heap     ] GC(71) Eden regions: 67->0(66)
[2026-07-01T01:51:37.340+0000][30.057s][info][gc,heap     ] GC(71) Survivor regions: 5->5(9)
[2026-07-01T01:51:37.340+0000][30.057s][info][gc,heap     ] GC(71) Old regions: 155->156
[2026-07-01T01:51:37.340+0000][30.057s][info][gc,heap     ] GC(71) Humongous regions: 3->3
[2026-07-01T01:51:37.340+0000][30.057s][info][gc,metaspace] GC(71) Metaspace: 41643K(42432K)->41643K(42432K) NonClass: 36505K(36928K)->36505K(36928K) Class: 5138K(5504K)->5138K(5504K)
[2026-07-01T01:51:37.340+0000][30.057s][info][gc          ] GC(71) Pause Young (Prepare Mixed) (G1 Evacuation Pause) 229M->162M(243M) 13.017ms
[2026-07-01T01:51:37.340+0000][30.057s][info][gc,cpu      ] GC(71) User=0.03s Sys=0.00s Real=0.02s
[2026-07-01T01:51:37.934+0000][30.651s][info][gc,start    ] GC(72) Pause Young (Mixed) (G1 Evacuation Pause)
[2026-07-01T01:51:37.934+0000][30.651s][info][gc,task     ] GC(72) Using 2 workers of 2 for evacuation
[2026-07-01T01:51:37.960+0000][30.677s][info][gc,phases   ] GC(72)   Pre Evacuate Collection Set: 0.12ms
[2026-07-01T01:51:37.960+0000][30.677s][info][gc,phases   ] GC(72)   Merge Heap Roots: 0.18ms
[2026-07-01T01:51:37.960+0000][30.677s][info][gc,phases   ] GC(72)   Evacuate Collection Set: 24.51ms
[2026-07-01T01:51:37.960+0000][30.677s][info][gc,phases   ] GC(72)   Post Evacuate Collection Set: 0.62ms
[2026-07-01T01:51:37.960+0000][30.677s][info][gc,phases   ] GC(72)   Other: 0.06ms
[2026-07-01T01:51:37.960+0000][30.677s][info][gc,heap     ] GC(72) Eden regions: 66->0(67)
[2026-07-01T01:51:37.960+0000][30.677s][info][gc,heap     ] GC(72) Survivor regions: 5->5(9)
[2026-07-01T01:51:37.960+0000][30.677s][info][gc,heap     ] GC(72) Old regions: 156->155
[2026-07-01T01:51:37.960+0000][30.677s][info][gc,heap     ] GC(72) Humongous regions: 3->3
[2026-07-01T01:51:37.960+0000][30.677s][info][gc,metaspace] GC(72) Metaspace: 41644K(42432K)->41644K(42432K) NonClass: 36505K(36928K)->36505K(36928K) Class: 5138K(5504K)->5138K(5504K)
[2026-07-01T01:51:37.960+0000][30.677s][info][gc          ] GC(72) Pause Young (Mixed) (G1 Evacuation Pause) 228M->162M(243M) 25.702ms
[2026-07-01T01:51:37.960+0000][30.677s][info][gc,cpu      ] GC(72) User=0.03s Sys=0.00s Real=0.03s
[2026-07-01T01:51:38.644+0000][31.361s][info][gc,start    ] GC(73) Pause Young (Concurrent Start) (G1 Evacuation Pause)
[2026-07-01T01:51:38.644+0000][31.361s][info][gc,task     ] GC(73) Using 2 workers of 2 for evacuation
[2026-07-01T01:51:38.668+0000][31.385s][info][gc,phases   ] GC(73)   Pre Evacuate Collection Set: 0.16ms
[2026-07-01T01:51:38.668+0000][31.385s][info][gc,phases   ] GC(73)   Merge Heap Roots: 0.24ms
[2026-07-01T01:51:38.668+0000][31.385s][info][gc,phases   ] GC(73)   Evacuate Collection Set: 23.08ms
[2026-07-01T01:51:38.668+0000][31.385s][info][gc,phases   ] GC(73)   Post Evacuate Collection Set: 0.57ms
[2026-07-01T01:51:38.668+0000][31.385s][info][gc,phases   ] GC(73)   Other: 0.08ms
[2026-07-01T01:51:38.668+0000][31.385s][info][gc,heap     ] GC(73) Eden regions: 67->0(66)
[2026-07-01T01:51:38.668+0000][31.385s][info][gc,heap     ] GC(73) Survivor regions: 5->5(9)
[2026-07-01T01:51:38.668+0000][31.385s][info][gc,heap     ] GC(73) Old regions: 155->156
[2026-07-01T01:51:38.668+0000][31.385s][info][gc,heap     ] GC(73) Humongous regions: 3->3
[2026-07-01T01:51:38.668+0000][31.385s][info][gc,metaspace] GC(73) Metaspace: 41647K(42432K)->41647K(42432K) NonClass: 36509K(36928K)->36509K(36928K) Class: 5138K(5504K)->5138K(5504K)
[2026-07-01T01:51:38.668+0000][31.385s][info][gc          ] GC(73) Pause Young (Concurrent Start) (G1 Evacuation Pause) 229M->163M(243M) 24.365ms
[2026-07-01T01:51:38.668+0000][31.385s][info][gc          ] GC(74) Concurrent Mark Cycle
[2026-07-01T01:51:38.668+0000][31.385s][info][gc,marking  ] GC(74) Concurrent Scan Root Regions
[2026-07-01T01:51:38.668+0000][31.385s][info][gc,cpu      ] GC(73) User=0.02s Sys=0.00s Real=0.03s
[2026-07-01T01:51:38.680+0000][31.397s][info][gc,marking  ] GC(74) Concurrent Scan Root Regions 11.569ms
[2026-07-01T01:51:38.680+0000][31.397s][info][gc,marking  ] GC(74) Concurrent Mark
[2026-07-01T01:51:38.680+0000][31.397s][info][gc,marking  ] GC(74) Concurrent Mark From Roots
[2026-07-01T01:51:38.680+0000][31.397s][info][gc,task     ] GC(74) Using 1 workers of 1 for marking
[2026-07-01T01:51:39.258+0000][31.975s][info][gc,marking  ] GC(74) Concurrent Mark From Roots 578.635ms
[2026-07-01T01:51:39.258+0000][31.975s][info][gc,marking  ] GC(74) Concurrent Preclean
[2026-07-01T01:51:39.259+0000][31.976s][info][gc,marking  ] GC(74) Concurrent Preclean 0.112ms
[2026-07-01T01:51:39.259+0000][31.976s][info][gc,start    ] GC(74) Pause Remark
[2026-07-01T01:51:39.271+0000][31.988s][info][gc          ] GC(74) Pause Remark 199M->199M(243M) 12.357ms
[2026-07-01T01:51:39.271+0000][31.988s][info][gc,cpu      ] GC(74) User=0.02s Sys=0.00s Real=0.01s
[2026-07-01T01:51:39.275+0000][31.992s][info][gc,marking  ] GC(74) Concurrent Mark 595.210ms
[2026-07-01T01:51:39.275+0000][31.992s][info][gc,marking  ] GC(74) Concurrent Rebuild Remembered Sets and Scrub Regions
[2026-07-01T01:51:39.471+0000][32.188s][info][gc,marking  ] GC(74) Concurrent Rebuild Remembered Sets and Scrub Regions 195.806ms
[2026-07-01T01:51:39.471+0000][32.188s][info][gc,start    ] GC(74) Pause Cleanup
[2026-07-01T01:51:39.471+0000][32.188s][info][gc          ] GC(74) Pause Cleanup 211M->211M(243M) 0.160ms
[2026-07-01T01:51:39.471+0000][32.188s][info][gc,cpu      ] GC(74) User=0.00s Sys=0.00s Real=0.00s
[2026-07-01T01:51:39.472+0000][32.189s][info][gc,marking  ] GC(74) Concurrent Clear Claimed Marks
[2026-07-01T01:51:39.473+0000][32.190s][info][gc,marking  ] GC(74) Concurrent Clear Claimed Marks 0.100ms
[2026-07-01T01:51:39.473+0000][32.190s][info][gc,marking  ] GC(74) Concurrent Cleanup for Next Mark
[2026-07-01T01:51:39.473+0000][32.190s][info][gc,marking  ] GC(74) Concurrent Cleanup for Next Mark 0.689ms
[2026-07-01T01:51:39.473+0000][32.190s][info][gc          ] GC(74) Concurrent Mark Cycle 805.170ms
[2026-07-01T01:51:39.636+0000][32.353s][info][gc,start    ] GC(75) Pause Young (Prepare Mixed) (G1 Evacuation Pause)
[2026-07-01T01:51:39.636+0000][32.353s][info][gc,task     ] GC(75) Using 2 workers of 2 for evacuation
[2026-07-01T01:51:39.647+0000][32.364s][info][gc,phases   ] GC(75)   Pre Evacuate Collection Set: 0.17ms
[2026-07-01T01:51:39.647+0000][32.364s][info][gc,phases   ] GC(75)   Merge Heap Roots: 0.30ms
[2026-07-01T01:51:39.647+0000][32.364s][info][gc,phases   ] GC(75)   Evacuate Collection Set: 9.88ms
[2026-07-01T01:51:39.647+0000][32.364s][info][gc,phases   ] GC(75)   Post Evacuate Collection Set: 0.31ms
[2026-07-01T01:51:39.647+0000][32.364s][info][gc,phases   ] GC(75)   Other: 0.05ms
[2026-07-01T01:51:39.647+0000][32.364s][info][gc,heap     ] GC(75) Eden regions: 66->0(66)
[2026-07-01T01:51:39.647+0000][32.364s][info][gc,heap     ] GC(75) Survivor regions: 5->5(9)
[2026-07-01T01:51:39.647+0000][32.364s][info][gc,heap     ] GC(75) Old regions: 156->156
[2026-07-01T01:51:39.647+0000][32.364s][info][gc,heap     ] GC(75) Humongous regions: 3->3
[2026-07-01T01:51:39.647+0000][32.364s][info][gc,metaspace] GC(75) Metaspace: 41655K(42432K)->41655K(42432K) NonClass: 36516K(36928K)->36516K(36928K) Class: 5139K(5504K)->5139K(5504K)
[2026-07-01T01:51:39.647+0000][32.364s][info][gc          ] GC(75) Pause Young (Prepare Mixed) (G1 Evacuation Pause) 229M->163M(243M) 10.904ms
[2026-07-01T01:51:39.647+0000][32.364s][info][gc,cpu      ] GC(75) User=0.02s Sys=0.00s Real=0.01s
[2026-07-01T01:51:40.154+0000][32.871s][info][gc,start    ] GC(76) Pause Young (Mixed) (G1 Evacuation Pause)
[2026-07-01T01:51:40.154+0000][32.871s][info][gc,task     ] GC(76) Using 2 workers of 2 for evacuation
[2026-07-01T01:51:40.168+0000][32.885s][info][gc,phases   ] GC(76)   Pre Evacuate Collection Set: 0.32ms
[2026-07-01T01:51:40.168+0000][32.885s][info][gc,phases   ] GC(76)   Merge Heap Roots: 0.41ms
[2026-07-01T01:51:40.168+0000][32.885s][info][gc,phases   ] GC(76)   Evacuate Collection Set: 12.17ms
[2026-07-01T01:51:40.168+0000][32.885s][info][gc,phases   ] GC(76)   Post Evacuate Collection Set: 0.34ms
[2026-07-01T01:51:40.168+0000][32.885s][info][gc,phases   ] GC(76)   Other: 0.05ms
[2026-07-01T01:51:40.168+0000][32.885s][info][gc,heap     ] GC(76) Eden regions: 66->0(66)
[2026-07-01T01:51:40.168+0000][32.885s][info][gc,heap     ] GC(76) Survivor regions: 5->5(9)
[2026-07-01T01:51:40.168+0000][32.885s][info][gc,heap     ] GC(76) Old regions: 156->156
[2026-07-01T01:51:40.168+0000][32.885s][info][gc,heap     ] GC(76) Humongous regions: 3->3
[2026-07-01T01:51:40.168+0000][32.885s][info][gc,metaspace] GC(76) Metaspace: 41655K(42432K)->41655K(42432K) NonClass: 36516K(36928K)->36516K(36928K) Class: 5139K(5504K)->5139K(5504K)
[2026-07-01T01:51:40.168+0000][32.885s][info][gc          ] GC(76) Pause Young (Mixed) (G1 Evacuation Pause) 229M->163M(243M) 13.427ms
[2026-07-01T01:51:40.168+0000][32.885s][info][gc,cpu      ] GC(76) User=0.02s Sys=0.00s Real=0.01s
[2026-07-01T01:51:40.709+0000][33.426s][info][gc,start    ] GC(77) Pause Young (Concurrent Start) (G1 Evacuation Pause)
[2026-07-01T01:51:40.709+0000][33.426s][info][gc,task     ] GC(77) Using 2 workers of 2 for evacuation
[2026-07-01T01:51:40.719+0000][33.436s][info][gc,phases   ] GC(77)   Pre Evacuate Collection Set: 0.20ms
[2026-07-01T01:51:40.719+0000][33.436s][info][gc,phases   ] GC(77)   Merge Heap Roots: 0.58ms
[2026-07-01T01:51:40.719+0000][33.436s][info][gc,phases   ] GC(77)   Evacuate Collection Set: 8.57ms
[2026-07-01T01:51:40.719+0000][33.436s][info][gc,phases   ] GC(77)   Post Evacuate Collection Set: 0.34ms
[2026-07-01T01:51:40.719+0000][33.436s][info][gc,phases   ] GC(77)   Other: 0.07ms
[2026-07-01T01:51:40.719+0000][33.436s][info][gc,heap     ] GC(77) Eden regions: 66->0(66)
[2026-07-01T01:51:40.719+0000][33.436s][info][gc,heap     ] GC(77) Survivor regions: 5->5(9)
[2026-07-01T01:51:40.719+0000][33.436s][info][gc,heap     ] GC(77) Old regions: 156->156
[2026-07-01T01:51:40.719+0000][33.436s][info][gc,heap     ] GC(77) Humongous regions: 3->3
[2026-07-01T01:51:40.719+0000][33.436s][info][gc,metaspace] GC(77) Metaspace: 41655K(42432K)->41655K(42432K) NonClass: 36516K(36928K)->36516K(36928K) Class: 5139K(5504K)->5139K(5504K)
[2026-07-01T01:51:40.719+0000][33.436s][info][gc          ] GC(77) Pause Young (Concurrent Start) (G1 Evacuation Pause) 229M->163M(243M) 9.901ms
[2026-07-01T01:51:40.719+0000][33.436s][info][gc          ] GC(78) Concurrent Mark Cycle
[2026-07-01T01:51:40.719+0000][33.436s][info][gc,marking  ] GC(78) Concurrent Scan Root Regions
[2026-07-01T01:51:40.720+0000][33.437s][info][gc,cpu      ] GC(77) User=0.02s Sys=0.00s Real=0.01s
[2026-07-01T01:51:40.731+0000][33.448s][info][gc,marking  ] GC(78) Concurrent Scan Root Regions 11.674ms
[2026-07-01T01:51:40.731+0000][33.448s][info][gc,marking  ] GC(78) Concurrent Mark
[2026-07-01T01:51:40.731+0000][33.448s][info][gc,marking  ] GC(78) Concurrent Mark From Roots
[2026-07-01T01:51:40.731+0000][33.448s][info][gc,task     ] GC(78) Using 1 workers of 1 for marking
[2026-07-01T01:51:41.368+0000][34.085s][info][gc,start    ] GC(79) Pause Young (Normal) (G1 Evacuation Pause)
[2026-07-01T01:51:41.368+0000][34.085s][info][gc,task     ] GC(79) Using 2 workers of 2 for evacuation
[2026-07-01T01:51:41.377+0000][34.094s][info][gc,phases   ] GC(79)   Pre Evacuate Collection Set: 0.32ms
[2026-07-01T01:51:41.377+0000][34.094s][info][gc,phases   ] GC(79)   Merge Heap Roots: 0.25ms
[2026-07-01T01:51:41.377+0000][34.094s][info][gc,phases   ] GC(79)   Evacuate Collection Set: 8.10ms
[2026-07-01T01:51:41.377+0000][34.094s][info][gc,phases   ] GC(79)   Post Evacuate Collection Set: 0.36ms
[2026-07-01T01:51:41.377+0000][34.094s][info][gc,phases   ] GC(79)   Other: 0.05ms
[2026-07-01T01:51:41.377+0000][34.094s][info][gc,heap     ] GC(79) Eden regions: 66->0(66)
[2026-07-01T01:51:41.377+0000][34.094s][info][gc,heap     ] GC(79) Survivor regions: 5->5(9)
[2026-07-01T01:51:41.377+0000][34.094s][info][gc,heap     ] GC(79) Old regions: 156->156
[2026-07-01T01:51:41.377+0000][34.094s][info][gc,heap     ] GC(79) Humongous regions: 3->3
[2026-07-01T01:51:41.377+0000][34.094s][info][gc,metaspace] GC(79) Metaspace: 41655K(42432K)->41655K(42432K) NonClass: 36516K(36928K)->36516K(36928K) Class: 5139K(5504K)->5139K(5504K)
[2026-07-01T01:51:41.377+0000][34.094s][info][gc          ] GC(79) Pause Young (Normal) (G1 Evacuation Pause) 229M->163M(243M) 9.222ms
[2026-07-01T01:51:41.377+0000][34.094s][info][gc,cpu      ] GC(79) User=0.02s Sys=0.00s Real=0.00s
[2026-07-01T01:51:41.645+0000][34.362s][info][gc,marking  ] GC(78) Concurrent Mark From Roots 914.314ms
[2026-07-01T01:51:41.645+0000][34.362s][info][gc,marking  ] GC(78) Concurrent Preclean
[2026-07-01T01:51:41.645+0000][34.362s][info][gc,marking  ] GC(78) Concurrent Preclean 0.137ms
[2026-07-01T01:51:41.646+0000][34.363s][info][gc,start    ] GC(78) Pause Remark
[2026-07-01T01:51:41.652+0000][34.369s][info][gc          ] GC(78) Pause Remark 192M->192M(243M) 6.016ms
[2026-07-01T01:51:41.652+0000][34.369s][info][gc,cpu      ] GC(78) User=0.02s Sys=0.00s Real=0.01s
[2026-07-01T01:51:41.655+0000][34.372s][info][gc,marking  ] GC(78) Concurrent Mark 924.898ms
[2026-07-01T01:51:41.655+0000][34.372s][info][gc,marking  ] GC(78) Concurrent Rebuild Remembered Sets and Scrub Regions
[2026-07-01T01:51:41.971+0000][34.688s][info][gc,start    ] GC(80) Pause Young (Normal) (G1 Evacuation Pause)
[2026-07-01T01:51:41.971+0000][34.688s][info][gc,task     ] GC(80) Using 2 workers of 2 for evacuation
[2026-07-01T01:51:41.998+0000][34.715s][info][gc,phases   ] GC(80)   Pre Evacuate Collection Set: 0.21ms
[2026-07-01T01:51:41.999+0000][34.716s][info][gc,phases   ] GC(80)   Merge Heap Roots: 0.31ms
[2026-07-01T01:51:41.999+0000][34.716s][info][gc,phases   ] GC(80)   Evacuate Collection Set: 26.55ms
[2026-07-01T01:51:41.999+0000][34.716s][info][gc,phases   ] GC(80)   Post Evacuate Collection Set: 0.47ms
[2026-07-01T01:51:41.999+0000][34.716s][info][gc,phases   ] GC(80)   Other: 0.06ms
[2026-07-01T01:51:41.999+0000][34.716s][info][gc,heap     ] GC(80) Eden regions: 66->0(65)
[2026-07-01T01:51:41.999+0000][34.716s][info][gc,heap     ] GC(80) Survivor regions: 5->5(9)
[2026-07-01T01:51:41.999+0000][34.716s][info][gc,heap     ] GC(80) Old regions: 156->157
[2026-07-01T01:51:41.999+0000][34.716s][info][gc,heap     ] GC(80) Humongous regions: 3->3
[2026-07-01T01:51:41.999+0000][34.716s][info][gc,metaspace] GC(80) Metaspace: 41656K(42432K)->41656K(42432K) NonClass: 36517K(36928K)->36517K(36928K) Class: 5139K(5504K)->5139K(5504K)
[2026-07-01T01:51:41.999+0000][34.716s][info][gc          ] GC(80) Pause Young (Normal) (G1 Evacuation Pause) 229M->164M(243M) 27.809ms
[2026-07-01T01:51:41.999+0000][34.716s][info][gc,cpu      ] GC(80) User=0.02s Sys=0.00s Real=0.03s
[2026-07-01T01:51:42.119+0000][34.836s][info][gc,marking  ] GC(78) Concurrent Rebuild Remembered Sets and Scrub Regions 463.572ms
[2026-07-01T01:51:42.120+0000][34.837s][info][gc,start    ] GC(78) Pause Cleanup
[2026-07-01T01:51:42.120+0000][34.837s][info][gc          ] GC(78) Pause Cleanup 178M->178M(243M) 0.278ms
[2026-07-01T01:51:42.120+0000][34.837s][info][gc,cpu      ] GC(78) User=0.00s Sys=0.00s Real=0.00s
[2026-07-01T01:51:42.121+0000][34.838s][info][gc,marking  ] GC(78) Concurrent Clear Claimed Marks
[2026-07-01T01:51:42.121+0000][34.838s][info][gc,marking  ] GC(78) Concurrent Clear Claimed Marks 0.086ms
[2026-07-01T01:51:42.121+0000][34.838s][info][gc,marking  ] GC(78) Concurrent Cleanup for Next Mark
[2026-07-01T01:51:42.124+0000][34.841s][info][gc,marking  ] GC(78) Concurrent Cleanup for Next Mark 2.998ms
[2026-07-01T01:51:42.124+0000][34.841s][info][gc          ] GC(78) Concurrent Mark Cycle 1404.827ms
[2026-07-01T01:51:42.517+0000][35.234s][info][gc,start    ] GC(81) Pause Young (Prepare Mixed) (G1 Evacuation Pause)
[2026-07-01T01:51:42.517+0000][35.234s][info][gc,task     ] GC(81) Using 2 workers of 2 for evacuation
[2026-07-01T01:51:42.531+0000][35.248s][info][gc,phases   ] GC(81)   Pre Evacuate Collection Set: 0.16ms
[2026-07-01T01:51:42.531+0000][35.248s][info][gc,phases   ] GC(81)   Merge Heap Roots: 0.56ms
[2026-07-01T01:51:42.531+0000][35.248s][info][gc,phases   ] GC(81)   Evacuate Collection Set: 12.44ms
[2026-07-01T01:51:42.531+0000][35.248s][info][gc,phases   ] GC(81)   Post Evacuate Collection Set: 0.44ms
[2026-07-01T01:51:42.531+0000][35.248s][info][gc,phases   ] GC(81)   Other: 0.08ms
[2026-07-01T01:51:42.531+0000][35.248s][info][gc,heap     ] GC(81) Eden regions: 65->0(65)
[2026-07-01T01:51:42.531+0000][35.248s][info][gc,heap     ] GC(81) Survivor regions: 5->5(9)
[2026-07-01T01:51:42.531+0000][35.248s][info][gc,heap     ] GC(81) Old regions: 157->157
[2026-07-01T01:51:42.531+0000][35.248s][info][gc,heap     ] GC(81) Humongous regions: 3->3
[2026-07-01T01:51:42.531+0000][35.248s][info][gc,metaspace] GC(81) Metaspace: 41657K(42496K)->41657K(42496K) NonClass: 36518K(36992K)->36518K(36992K) Class: 5139K(5504K)->5139K(5504K)
[2026-07-01T01:51:42.531+0000][35.248s][info][gc          ] GC(81) Pause Young (Prepare Mixed) (G1 Evacuation Pause) 229M->164M(243M) 13.815ms
[2026-07-01T01:51:42.531+0000][35.248s][info][gc,cpu      ] GC(81) User=0.03s Sys=0.00s Real=0.02s
[2026-07-01T01:51:43.175+0000][35.892s][info][gc,start    ] GC(82) Pause Young (Mixed) (G1 Evacuation Pause)
[2026-07-01T01:51:43.175+0000][35.892s][info][gc,task     ] GC(82) Using 2 workers of 2 for evacuation
[2026-07-01T01:51:43.184+0000][35.901s][info][gc,phases   ] GC(82)   Pre Evacuate Collection Set: 0.17ms
[2026-07-01T01:51:43.184+0000][35.901s][info][gc,phases   ] GC(82)   Merge Heap Roots: 0.18ms
[2026-07-01T01:51:43.184+0000][35.901s][info][gc,phases   ] GC(82)   Evacuate Collection Set: 8.48ms
[2026-07-01T01:51:43.184+0000][35.901s][info][gc,phases   ] GC(82)   Post Evacuate Collection Set: 0.35ms
[2026-07-01T01:51:43.184+0000][35.901s][info][gc,phases   ] GC(82)   Other: 0.05ms
[2026-07-01T01:51:43.184+0000][35.901s][info][gc,heap     ] GC(82) Eden regions: 65->0(65)
[2026-07-01T01:51:43.184+0000][35.901s][info][gc,heap     ] GC(82) Survivor regions: 5->5(9)
[2026-07-01T01:51:43.184+0000][35.901s][info][gc,heap     ] GC(82) Old regions: 157->157
[2026-07-01T01:51:43.184+0000][35.901s][info][gc,heap     ] GC(82) Humongous regions: 3->3
[2026-07-01T01:51:43.184+0000][35.901s][info][gc,metaspace] GC(82) Metaspace: 41661K(42496K)->41661K(42496K) NonClass: 36522K(36992K)->36522K(36992K) Class: 5139K(5504K)->5139K(5504K)
[2026-07-01T01:51:43.184+0000][35.901s][info][gc          ] GC(82) Pause Young (Mixed) (G1 Evacuation Pause) 229M->164M(243M) 9.393ms
[2026-07-01T01:51:43.184+0000][35.901s][info][gc,cpu      ] GC(82) User=0.02s Sys=0.00s Real=0.01s
[2026-07-01T01:51:43.727+0000][36.444s][info][gc,start    ] GC(83) Pause Young (Concurrent Start) (G1 Evacuation Pause)
[2026-07-01T01:51:43.727+0000][36.444s][info][gc,task     ] GC(83) Using 2 workers of 2 for evacuation
[2026-07-01T01:51:43.739+0000][36.456s][info][gc,phases   ] GC(83)   Pre Evacuate Collection Set: 0.25ms
[2026-07-01T01:51:43.739+0000][36.456s][info][gc,phases   ] GC(83)   Merge Heap Roots: 0.55ms
[2026-07-01T01:51:43.739+0000][36.456s][info][gc,phases   ] GC(83)   Evacuate Collection Set: 11.05ms
[2026-07-01T01:51:43.739+0000][36.456s][info][gc,phases   ] GC(83)   Post Evacuate Collection Set: 0.33ms
[2026-07-01T01:51:43.739+0000][36.456s][info][gc,phases   ] GC(83)   Other: 0.27ms
[2026-07-01T01:51:43.739+0000][36.456s][info][gc,heap     ] GC(83) Eden regions: 65->0(64)
[2026-07-01T01:51:43.739+0000][36.456s][info][gc,heap     ] GC(83) Survivor regions: 5->6(9)
[2026-07-01T01:51:43.739+0000][36.456s][info][gc,heap     ] GC(83) Old regions: 157->157
[2026-07-01T01:51:43.739+0000][36.456s][info][gc,heap     ] GC(83) Humongous regions: 3->3
[2026-07-01T01:51:43.739+0000][36.456s][info][gc,metaspace] GC(83) Metaspace: 41661K(42496K)->41661K(42496K) NonClass: 36522K(36992K)->36522K(36992K) Class: 5139K(5504K)->5139K(5504K)
[2026-07-01T01:51:43.739+0000][36.456s][info][gc          ] GC(83) Pause Young (Concurrent Start) (G1 Evacuation Pause) 229M->164M(243M) 12.616ms
[2026-07-01T01:51:43.739+0000][36.456s][info][gc,cpu      ] GC(83) User=0.04s Sys=0.00s Real=0.02s
[2026-07-01T01:51:43.741+0000][36.458s][info][gc          ] GC(84) Concurrent Mark Cycle
[2026-07-01T01:51:43.742+0000][36.459s][info][gc,marking  ] GC(84) Concurrent Scan Root Regions
[2026-07-01T01:51:43.755+0000][36.472s][info][gc,marking  ] GC(84) Concurrent Scan Root Regions 13.055ms
[2026-07-01T01:51:43.755+0000][36.472s][info][gc,marking  ] GC(84) Concurrent Mark
[2026-07-01T01:51:43.755+0000][36.472s][info][gc,marking  ] GC(84) Concurrent Mark From Roots
[2026-07-01T01:51:43.755+0000][36.472s][info][gc,task     ] GC(84) Using 1 workers of 1 for marking
[2026-07-01T01:51:44.454+0000][37.171s][info][gc,marking  ] GC(84) Concurrent Mark From Roots 698.917ms
[2026-07-01T01:51:44.454+0000][37.171s][info][gc,marking  ] GC(84) Concurrent Preclean
[2026-07-01T01:51:44.454+0000][37.171s][info][gc,marking  ] GC(84) Concurrent Preclean 0.110ms
[2026-07-01T01:51:44.454+0000][37.171s][info][gc,start    ] GC(84) Pause Remark
[2026-07-01T01:51:44.462+0000][37.179s][info][gc          ] GC(84) Pause Remark 227M->227M(243M) 7.660ms
[2026-07-01T01:51:44.462+0000][37.179s][info][gc,cpu      ] GC(84) User=0.01s Sys=0.00s Real=0.01s
[2026-07-01T01:51:44.465+0000][37.182s][info][gc,marking  ] GC(84) Concurrent Mark 709.931ms
[2026-07-01T01:51:44.465+0000][37.182s][info][gc,marking  ] GC(84) Concurrent Rebuild Remembered Sets and Scrub Regions
[2026-07-01T01:51:44.501+0000][37.218s][info][gc,start    ] GC(85) Pause Young (Normal) (G1 Evacuation Pause)
[2026-07-01T01:51:44.501+0000][37.218s][info][gc,task     ] GC(85) Using 2 workers of 2 for evacuation
[2026-07-01T01:51:44.511+0000][37.228s][info][gc,phases   ] GC(85)   Pre Evacuate Collection Set: 0.14ms
[2026-07-01T01:51:44.511+0000][37.228s][info][gc,phases   ] GC(85)   Merge Heap Roots: 0.19ms
[2026-07-01T01:51:44.511+0000][37.228s][info][gc,phases   ] GC(85)   Evacuate Collection Set: 9.47ms
[2026-07-01T01:51:44.511+0000][37.228s][info][gc,phases   ] GC(85)   Post Evacuate Collection Set: 0.41ms
[2026-07-01T01:51:44.511+0000][37.228s][info][gc,phases   ] GC(85)   Other: 0.05ms
[2026-07-01T01:51:44.511+0000][37.228s][info][gc,heap     ] GC(85) Eden regions: 64->0(65)
[2026-07-01T01:51:44.511+0000][37.228s][info][gc,heap     ] GC(85) Survivor regions: 6->5(9)
[2026-07-01T01:51:44.511+0000][37.228s][info][gc,heap     ] GC(85) Old regions: 157->157
[2026-07-01T01:51:44.511+0000][37.228s][info][gc,heap     ] GC(85) Humongous regions: 3->3
[2026-07-01T01:51:44.511+0000][37.228s][info][gc,metaspace] GC(85) Metaspace: 41662K(42496K)->41662K(42496K) NonClass: 36523K(36992K)->36523K(36992K) Class: 5139K(5504K)->5139K(5504K)
[2026-07-01T01:51:44.512+0000][37.229s][info][gc          ] GC(85) Pause Young (Normal) (G1 Evacuation Pause) 228M->164M(243M) 10.403ms
[2026-07-01T01:51:44.512+0000][37.229s][info][gc,cpu      ] GC(85) User=0.02s Sys=0.00s Real=0.01s
[2026-07-01T01:51:44.876+0000][37.593s][info][gc,marking  ] GC(84) Concurrent Rebuild Remembered Sets and Scrub Regions 411.344ms
[2026-07-01T01:51:44.876+0000][37.593s][info][gc,start    ] GC(84) Pause Cleanup
[2026-07-01T01:51:44.876+0000][37.593s][info][gc          ] GC(84) Pause Cleanup 201M->201M(243M) 0.175ms
[2026-07-01T01:51:44.876+0000][37.593s][info][gc,cpu      ] GC(84) User=0.00s Sys=0.00s Real=0.00s
[2026-07-01T01:51:44.876+0000][37.593s][info][gc,marking  ] GC(84) Concurrent Clear Claimed Marks
[2026-07-01T01:51:44.876+0000][37.593s][info][gc,marking  ] GC(84) Concurrent Clear Claimed Marks 0.078ms
[2026-07-01T01:51:44.876+0000][37.593s][info][gc,marking  ] GC(84) Concurrent Cleanup for Next Mark
[2026-07-01T01:51:44.877+0000][37.594s][info][gc,marking  ] GC(84) Concurrent Cleanup for Next Mark 0.398ms
[2026-07-01T01:51:44.877+0000][37.594s][info][gc          ] GC(84) Concurrent Mark Cycle 1135.297ms
[2026-07-01T01:51:45.081+0000][37.798s][info][gc,start    ] GC(86) Pause Young (Prepare Mixed) (G1 Evacuation Pause)
[2026-07-01T01:51:45.081+0000][37.798s][info][gc,task     ] GC(86) Using 2 workers of 2 for evacuation
[2026-07-01T01:51:45.104+0000][37.821s][info][gc,phases   ] GC(86)   Pre Evacuate Collection Set: 0.13ms
[2026-07-01T01:51:45.104+0000][37.821s][info][gc,phases   ] GC(86)   Merge Heap Roots: 0.40ms
[2026-07-01T01:51:45.104+0000][37.821s][info][gc,phases   ] GC(86)   Evacuate Collection Set: 22.18ms
[2026-07-01T01:51:45.104+0000][37.821s][info][gc,phases   ] GC(86)   Post Evacuate Collection Set: 0.46ms
[2026-07-01T01:51:45.104+0000][37.821s][info][gc,phases   ] GC(86)   Other: 0.05ms
[2026-07-01T01:51:45.104+0000][37.821s][info][gc,heap     ] GC(86) Eden regions: 65->0(65)
[2026-07-01T01:51:45.104+0000][37.821s][info][gc,heap     ] GC(86) Survivor regions: 5->5(9)
[2026-07-01T01:51:45.104+0000][37.821s][info][gc,heap     ] GC(86) Old regions: 157->157
[2026-07-01T01:51:45.104+0000][37.821s][info][gc,heap     ] GC(86) Humongous regions: 3->3
[2026-07-01T01:51:45.104+0000][37.821s][info][gc,metaspace] GC(86) Metaspace: 41664K(42496K)->41664K(42496K) NonClass: 36525K(36992K)->36525K(36992K) Class: 5139K(5504K)->5139K(5504K)
[2026-07-01T01:51:45.104+0000][37.821s][info][gc          ] GC(86) Pause Young (Prepare Mixed) (G1 Evacuation Pause) 229M->164M(243M) 23.397ms
[2026-07-01T01:51:45.104+0000][37.821s][info][gc,cpu      ] GC(86) User=0.02s Sys=0.00s Real=0.02s
[2026-07-01T01:51:45.631+0000][38.348s][info][gc,start    ] GC(87) Pause Young (Mixed) (G1 Evacuation Pause)
[2026-07-01T01:51:45.631+0000][38.348s][info][gc,task     ] GC(87) Using 2 workers of 2 for evacuation
[2026-07-01T01:51:45.643+0000][38.360s][info][gc,phases   ] GC(87)   Pre Evacuate Collection Set: 0.18ms
[2026-07-01T01:51:45.643+0000][38.360s][info][gc,phases   ] GC(87)   Merge Heap Roots: 0.18ms
[2026-07-01T01:51:45.643+0000][38.360s][info][gc,phases   ] GC(87)   Evacuate Collection Set: 11.25ms
[2026-07-01T01:51:45.643+0000][38.360s][info][gc,phases   ] GC(87)   Post Evacuate Collection Set: 0.48ms
[2026-07-01T01:51:45.643+0000][38.360s][info][gc,phases   ] GC(87)   Other: 0.06ms
[2026-07-01T01:51:45.643+0000][38.360s][info][gc,heap     ] GC(87) Eden regions: 65->0(64)
[2026-07-01T01:51:45.643+0000][38.360s][info][gc,heap     ] GC(87) Survivor regions: 5->5(9)
[2026-07-01T01:51:45.643+0000][38.360s][info][gc,heap     ] GC(87) Old regions: 157->158
[2026-07-01T01:51:45.643+0000][38.360s][info][gc,heap     ] GC(87) Humongous regions: 3->3
[2026-07-01T01:51:45.643+0000][38.360s][info][gc,metaspace] GC(87) Metaspace: 41664K(42496K)->41664K(42496K) NonClass: 36525K(36992K)->36525K(36992K) Class: 5139K(5504K)->5139K(5504K)
[2026-07-01T01:51:45.643+0000][38.360s][info][gc          ] GC(87) Pause Young (Mixed) (G1 Evacuation Pause) 229M->165M(243M) 12.320ms
[2026-07-01T01:51:45.643+0000][38.360s][info][gc,cpu      ] GC(87) User=0.03s Sys=0.00s Real=0.01s
[2026-07-01T01:51:46.148+0000][38.865s][info][gc,start    ] GC(88) Pause Young (Concurrent Start) (G1 Evacuation Pause)
[2026-07-01T01:51:46.148+0000][38.865s][info][gc,task     ] GC(88) Using 2 workers of 2 for evacuation
[2026-07-01T01:51:46.170+0000][38.887s][info][gc,phases   ] GC(88)   Pre Evacuate Collection Set: 0.19ms
[2026-07-01T01:51:46.170+0000][38.887s][info][gc,phases   ] GC(88)   Merge Heap Roots: 0.31ms
[2026-07-01T01:51:46.170+0000][38.887s][info][gc,phases   ] GC(88)   Evacuate Collection Set: 20.92ms
[2026-07-01T01:51:46.170+0000][38.887s][info][gc,phases   ] GC(88)   Post Evacuate Collection Set: 0.66ms
[2026-07-01T01:51:46.170+0000][38.887s][info][gc,phases   ] GC(88)   Other: 0.08ms
[2026-07-01T01:51:46.170+0000][38.887s][info][gc,heap     ] GC(88) Eden regions: 64->0(64)
[2026-07-01T01:51:46.170+0000][38.887s][info][gc,heap     ] GC(88) Survivor regions: 5->5(9)
[2026-07-01T01:51:46.170+0000][38.887s][info][gc,heap     ] GC(88) Old regions: 158->158
[2026-07-01T01:51:46.170+0000][38.887s][info][gc,heap     ] GC(88) Humongous regions: 3->3
[2026-07-01T01:51:46.170+0000][38.887s][info][gc,metaspace] GC(88) Metaspace: 41664K(42496K)->41664K(42496K) NonClass: 36525K(36992K)->36525K(36992K) Class: 5139K(5504K)->5139K(5504K)
[2026-07-01T01:51:46.170+0000][38.887s][info][gc          ] GC(88) Pause Young (Concurrent Start) (G1 Evacuation Pause) 229M->165M(243M) 22.356ms
[2026-07-01T01:51:46.170+0000][38.887s][info][gc,cpu      ] GC(88) User=0.02s Sys=0.00s Real=0.03s
[2026-07-01T01:51:46.175+0000][38.892s][info][gc          ] GC(89) Concurrent Mark Cycle
[2026-07-01T01:51:46.175+0000][38.892s][info][gc,marking  ] GC(89) Concurrent Scan Root Regions
[2026-07-01T01:51:46.184+0000][38.901s][info][gc,marking  ] GC(89) Concurrent Scan Root Regions 8.496ms
[2026-07-01T01:51:46.184+0000][38.901s][info][gc,marking  ] GC(89) Concurrent Mark
[2026-07-01T01:51:46.184+0000][38.901s][info][gc,marking  ] GC(89) Concurrent Mark From Roots
[2026-07-01T01:51:46.184+0000][38.901s][info][gc,task     ] GC(89) Using 1 workers of 1 for marking
[2026-07-01T01:51:46.756+0000][39.473s][info][gc,marking  ] GC(89) Concurrent Mark From Roots 572.496ms
[2026-07-01T01:51:46.756+0000][39.473s][info][gc,marking  ] GC(89) Concurrent Preclean
[2026-07-01T01:51:46.756+0000][39.473s][info][gc,marking  ] GC(89) Concurrent Preclean 0.060ms
[2026-07-01T01:51:46.757+0000][39.474s][info][gc,start    ] GC(89) Pause Remark
[2026-07-01T01:51:46.765+0000][39.482s][info][gc          ] GC(89) Pause Remark 216M->216M(243M) 8.576ms
[2026-07-01T01:51:46.765+0000][39.482s][info][gc,cpu      ] GC(89) User=0.02s Sys=0.00s Real=0.01s
[2026-07-01T01:51:46.799+0000][39.516s][info][gc,marking  ] GC(89) Concurrent Mark 615.041ms
[2026-07-01T01:51:46.799+0000][39.516s][info][gc,marking  ] GC(89) Concurrent Rebuild Remembered Sets and Scrub Regions
[2026-07-01T01:51:46.903+0000][39.620s][info][gc,start    ] GC(90) Pause Young (Normal) (G1 Evacuation Pause)
[2026-07-01T01:51:46.903+0000][39.620s][info][gc,task     ] GC(90) Using 2 workers of 2 for evacuation
[2026-07-01T01:51:46.912+0000][39.629s][info][gc,phases   ] GC(90)   Pre Evacuate Collection Set: 0.15ms
[2026-07-01T01:51:46.912+0000][39.629s][info][gc,phases   ] GC(90)   Merge Heap Roots: 0.20ms
[2026-07-01T01:51:46.912+0000][39.629s][info][gc,phases   ] GC(90)   Evacuate Collection Set: 8.17ms
[2026-07-01T01:51:46.912+0000][39.629s][info][gc,phases   ] GC(90)   Post Evacuate Collection Set: 0.44ms
[2026-07-01T01:51:46.912+0000][39.629s][info][gc,phases   ] GC(90)   Other: 0.05ms
[2026-07-01T01:51:46.912+0000][39.629s][info][gc,heap     ] GC(90) Eden regions: 64->0(64)
[2026-07-01T01:51:46.912+0000][39.629s][info][gc,heap     ] GC(90) Survivor regions: 5->5(9)
[2026-07-01T01:51:46.912+0000][39.629s][info][gc,heap     ] GC(90) Old regions: 158->158
[2026-07-01T01:51:46.912+0000][39.629s][info][gc,heap     ] GC(90) Humongous regions: 3->3
[2026-07-01T01:51:46.912+0000][39.629s][info][gc,metaspace] GC(90) Metaspace: 41670K(42496K)->41670K(42496K) NonClass: 36531K(36992K)->36531K(36992K) Class: 5139K(5504K)->5139K(5504K)
[2026-07-01T01:51:46.912+0000][39.629s][info][gc          ] GC(90) Pause Young (Normal) (G1 Evacuation Pause) 229M->165M(243M) 9.176ms
[2026-07-01T01:51:46.912+0000][39.629s][info][gc,cpu      ] GC(90) User=0.02s Sys=0.00s Real=0.01s
[2026-07-01T01:51:47.125+0000][39.842s][info][gc,marking  ] GC(89) Concurrent Rebuild Remembered Sets and Scrub Regions 326.330ms
[2026-07-01T01:51:47.125+0000][39.842s][info][gc,start    ] GC(89) Pause Cleanup
[2026-07-01T01:51:47.126+0000][39.843s][info][gc          ] GC(89) Pause Cleanup 189M->189M(243M) 0.182ms
[2026-07-01T01:51:47.126+0000][39.843s][info][gc,cpu      ] GC(89) User=0.00s Sys=0.00s Real=0.00s
[2026-07-01T01:51:47.126+0000][39.843s][info][gc,marking  ] GC(89) Concurrent Clear Claimed Marks
[2026-07-01T01:51:47.126+0000][39.843s][info][gc,marking  ] GC(89) Concurrent Clear Claimed Marks 0.102ms
[2026-07-01T01:51:47.126+0000][39.843s][info][gc,marking  ] GC(89) Concurrent Cleanup for Next Mark
[2026-07-01T01:51:47.127+0000][39.844s][info][gc,marking  ] GC(89) Concurrent Cleanup for Next Mark 0.756ms
[2026-07-01T01:51:47.127+0000][39.844s][info][gc          ] GC(89) Concurrent Mark Cycle 952.135ms
[2026-07-01T01:51:47.542+0000][40.259s][info][gc,start    ] GC(91) Pause Young (Prepare Mixed) (G1 Evacuation Pause)
[2026-07-01T01:51:47.543+0000][40.260s][info][gc,task     ] GC(91) Using 2 workers of 2 for evacuation
[2026-07-01T01:51:47.556+0000][40.273s][info][gc,phases   ] GC(91)   Pre Evacuate Collection Set: 0.16ms
[2026-07-01T01:51:47.556+0000][40.273s][info][gc,phases   ] GC(91)   Merge Heap Roots: 0.54ms
[2026-07-01T01:51:47.556+0000][40.273s][info][gc,phases   ] GC(91)   Evacuate Collection Set: 12.61ms
[2026-07-01T01:51:47.556+0000][40.273s][info][gc,phases   ] GC(91)   Post Evacuate Collection Set: 0.52ms
[2026-07-01T01:51:47.556+0000][40.273s][info][gc,phases   ] GC(91)   Other: 0.06ms
[2026-07-01T01:51:47.557+0000][40.274s][info][gc,heap     ] GC(91) Eden regions: 64->0(64)
[2026-07-01T01:51:47.557+0000][40.274s][info][gc,heap     ] GC(91) Survivor regions: 5->5(9)
[2026-07-01T01:51:47.557+0000][40.274s][info][gc,heap     ] GC(91) Old regions: 158->158
[2026-07-01T01:51:47.557+0000][40.274s][info][gc,heap     ] GC(91) Humongous regions: 3->3
[2026-07-01T01:51:47.557+0000][40.274s][info][gc,metaspace] GC(91) Metaspace: 41671K(42496K)->41671K(42496K) NonClass: 36532K(36992K)->36532K(36992K) Class: 5139K(5504K)->5139K(5504K)
[2026-07-01T01:51:47.557+0000][40.274s][info][gc          ] GC(91) Pause Young (Prepare Mixed) (G1 Evacuation Pause) 229M->165M(243M) 14.116ms
[2026-07-01T01:51:47.557+0000][40.274s][info][gc,cpu      ] GC(91) User=0.02s Sys=0.00s Real=0.01s
[2026-07-01T01:51:48.117+0000][40.834s][info][gc,start    ] GC(92) Pause Young (Mixed) (G1 Evacuation Pause)
[2026-07-01T01:51:48.117+0000][40.834s][info][gc,task     ] GC(92) Using 2 workers of 2 for evacuation
[2026-07-01T01:51:48.132+0000][40.849s][info][gc,phases   ] GC(92)   Pre Evacuate Collection Set: 0.18ms
[2026-07-01T01:51:48.132+0000][40.849s][info][gc,phases   ] GC(92)   Merge Heap Roots: 0.35ms
[2026-07-01T01:51:48.132+0000][40.849s][info][gc,phases   ] GC(92)   Evacuate Collection Set: 13.19ms
[2026-07-01T01:51:48.132+0000][40.849s][info][gc,phases   ] GC(92)   Post Evacuate Collection Set: 0.47ms
[2026-07-01T01:51:48.132+0000][40.849s][info][gc,phases   ] GC(92)   Other: 0.05ms
[2026-07-01T01:51:48.132+0000][40.849s][info][gc,heap     ] GC(92) Eden regions: 64->0(64)
[2026-07-01T01:51:48.132+0000][40.849s][info][gc,heap     ] GC(92) Survivor regions: 5->5(9)
[2026-07-01T01:51:48.132+0000][40.849s][info][gc,heap     ] GC(92) Old regions: 158->158
[2026-07-01T01:51:48.132+0000][40.849s][info][gc,heap     ] GC(92) Humongous regions: 3->3
[2026-07-01T01:51:48.132+0000][40.849s][info][gc,metaspace] GC(92) Metaspace: 41671K(42496K)->41671K(42496K) NonClass: 36532K(36992K)->36532K(36992K) Class: 5139K(5504K)->5139K(5504K)
[2026-07-01T01:51:48.132+0000][40.849s][info][gc          ] GC(92) Pause Young (Mixed) (G1 Evacuation Pause) 229M->165M(243M) 14.400ms
[2026-07-01T01:51:48.132+0000][40.849s][info][gc,cpu      ] GC(92) User=0.03s Sys=0.00s Real=0.02s
[2026-07-01T01:51:48.565+0000][41.282s][info][gc,start    ] GC(93) Pause Young (Concurrent Start) (G1 Evacuation Pause)
[2026-07-01T01:51:48.565+0000][41.282s][info][gc,task     ] GC(93) Using 2 workers of 2 for evacuation
[2026-07-01T01:51:48.575+0000][41.292s][info][gc,phases   ] GC(93)   Pre Evacuate Collection Set: 0.66ms
[2026-07-01T01:51:48.575+0000][41.292s][info][gc,phases   ] GC(93)   Merge Heap Roots: 0.19ms
[2026-07-01T01:51:48.575+0000][41.292s][info][gc,phases   ] GC(93)   Evacuate Collection Set: 8.97ms
[2026-07-01T01:51:48.575+0000][41.292s][info][gc,phases   ] GC(93)   Post Evacuate Collection Set: 0.42ms
[2026-07-01T01:51:48.575+0000][41.292s][info][gc,phases   ] GC(93)   Other: 0.13ms
[2026-07-01T01:51:48.575+0000][41.292s][info][gc,heap     ] GC(93) Eden regions: 64->0(63)
[2026-07-01T01:51:48.575+0000][41.292s][info][gc,heap     ] GC(93) Survivor regions: 5->5(9)
[2026-07-01T01:51:48.575+0000][41.292s][info][gc,heap     ] GC(93) Old regions: 158->159
[2026-07-01T01:51:48.575+0000][41.292s][info][gc,heap     ] GC(93) Humongous regions: 3->3
[2026-07-01T01:51:48.575+0000][41.292s][info][gc,metaspace] GC(93) Metaspace: 41671K(42496K)->41671K(42496K) NonClass: 36532K(36992K)->36532K(36992K) Class: 5139K(5504K)->5139K(5504K)
[2026-07-01T01:51:48.575+0000][41.292s][info][gc          ] GC(93) Pause Young (Concurrent Start) (G1 Evacuation Pause) 229M->165M(243M) 10.525ms
[2026-07-01T01:51:48.575+0000][41.292s][info][gc,cpu      ] GC(93) User=0.02s Sys=0.00s Real=0.01s
[2026-07-01T01:51:48.578+0000][41.295s][info][gc          ] GC(94) Concurrent Mark Cycle
[2026-07-01T01:51:48.579+0000][41.295s][info][gc,marking  ] GC(94) Concurrent Scan Root Regions
[2026-07-01T01:51:48.601+0000][41.318s][info][gc,marking  ] GC(94) Concurrent Scan Root Regions 22.955ms
[2026-07-01T01:51:48.601+0000][41.318s][info][gc,marking  ] GC(94) Concurrent Mark
[2026-07-01T01:51:48.601+0000][41.318s][info][gc,marking  ] GC(94) Concurrent Mark From Roots
[2026-07-01T01:51:48.602+0000][41.318s][info][gc,task     ] GC(94) Using 1 workers of 1 for marking
[2026-07-01T01:51:49.162+0000][41.879s][info][gc,marking  ] GC(94) Concurrent Mark From Roots 560.334ms
[2026-07-01T01:51:49.162+0000][41.879s][info][gc,marking  ] GC(94) Concurrent Preclean
[2026-07-01T01:51:49.162+0000][41.879s][info][gc,marking  ] GC(94) Concurrent Preclean 0.121ms
[2026-07-01T01:51:49.162+0000][41.879s][info][gc,start    ] GC(94) Pause Remark
[2026-07-01T01:51:49.171+0000][41.888s][info][gc          ] GC(94) Pause Remark 216M->216M(243M) 8.536ms
[2026-07-01T01:51:49.171+0000][41.888s][info][gc,cpu      ] GC(94) User=0.02s Sys=0.00s Real=0.01s
[2026-07-01T01:51:49.175+0000][41.892s][info][gc,marking  ] GC(94) Concurrent Mark 573.382ms
[2026-07-01T01:51:49.175+0000][41.892s][info][gc,marking  ] GC(94) Concurrent Rebuild Remembered Sets and Scrub Regions
[2026-07-01T01:51:49.401+0000][42.118s][info][gc,start    ] GC(95) Pause Young (Normal) (G1 Evacuation Pause)
[2026-07-01T01:51:49.401+0000][42.118s][info][gc,task     ] GC(95) Using 2 workers of 2 for evacuation
[2026-07-01T01:51:49.412+0000][42.129s][info][gc,phases   ] GC(95)   Pre Evacuate Collection Set: 0.25ms
[2026-07-01T01:51:49.412+0000][42.129s][info][gc,phases   ] GC(95)   Merge Heap Roots: 0.50ms
[2026-07-01T01:51:49.412+0000][42.129s][info][gc,phases   ] GC(95)   Evacuate Collection Set: 9.37ms
[2026-07-01T01:51:49.412+0000][42.129s][info][gc,phases   ] GC(95)   Post Evacuate Collection Set: 0.53ms
[2026-07-01T01:51:49.412+0000][42.129s][info][gc,phases   ] GC(95)   Other: 0.05ms
[2026-07-01T01:51:49.412+0000][42.129s][info][gc,heap     ] GC(95) Eden regions: 63->0(63)
[2026-07-01T01:51:49.412+0000][42.129s][info][gc,heap     ] GC(95) Survivor regions: 5->5(9)
[2026-07-01T01:51:49.412+0000][42.129s][info][gc,heap     ] GC(95) Old regions: 159->159
[2026-07-01T01:51:49.412+0000][42.129s][info][gc,heap     ] GC(95) Humongous regions: 3->3
[2026-07-01T01:51:49.412+0000][42.129s][info][gc,metaspace] GC(95) Metaspace: 41672K(42496K)->41672K(42496K) NonClass: 36533K(36992K)->36533K(36992K) Class: 5139K(5504K)->5139K(5504K)
[2026-07-01T01:51:49.412+0000][42.129s][info][gc          ] GC(95) Pause Young (Normal) (G1 Evacuation Pause) 228M->166M(243M) 10.854ms
[2026-07-01T01:51:49.412+0000][42.129s][info][gc,cpu      ] GC(95) User=0.03s Sys=0.00s Real=0.01s
[2026-07-01T01:51:49.446+0000][42.163s][info][gc,marking  ] GC(94) Concurrent Rebuild Remembered Sets and Scrub Regions 270.819ms
[2026-07-01T01:51:49.446+0000][42.163s][info][gc,start    ] GC(94) Pause Cleanup
[2026-07-01T01:51:49.446+0000][42.163s][info][gc          ] GC(94) Pause Cleanup 171M->171M(243M) 0.161ms
[2026-07-01T01:51:49.446+0000][42.163s][info][gc,cpu      ] GC(94) User=0.00s Sys=0.00s Real=0.00s
[2026-07-01T01:51:49.450+0000][42.167s][info][gc,marking  ] GC(94) Concurrent Clear Claimed Marks
[2026-07-01T01:51:49.450+0000][42.167s][info][gc,marking  ] GC(94) Concurrent Clear Claimed Marks 0.107ms
[2026-07-01T01:51:49.450+0000][42.167s][info][gc,marking  ] GC(94) Concurrent Cleanup for Next Mark
[2026-07-01T01:51:49.451+0000][42.168s][info][gc,marking  ] GC(94) Concurrent Cleanup for Next Mark 1.130ms
[2026-07-01T01:51:49.451+0000][42.168s][info][gc          ] GC(94) Concurrent Mark Cycle 872.345ms
[2026-07-01T01:51:49.879+0000][42.596s][info][gc,start    ] GC(96) Pause Young (Prepare Mixed) (G1 Evacuation Pause)
[2026-07-01T01:51:49.879+0000][42.596s][info][gc,task     ] GC(96) Using 2 workers of 2 for evacuation
[2026-07-01T01:51:49.898+0000][42.615s][info][gc,phases   ] GC(96)   Pre Evacuate Collection Set: 0.33ms
[2026-07-01T01:51:49.898+0000][42.615s][info][gc,phases   ] GC(96)   Merge Heap Roots: 0.31ms
[2026-07-01T01:51:49.898+0000][42.615s][info][gc,phases   ] GC(96)   Evacuate Collection Set: 17.64ms
[2026-07-01T01:51:49.898+0000][42.615s][info][gc,phases   ] GC(96)   Post Evacuate Collection Set: 0.46ms
[2026-07-01T01:51:49.898+0000][42.615s][info][gc,phases   ] GC(96)   Other: 0.05ms
[2026-07-01T01:51:49.898+0000][42.615s][info][gc,heap     ] GC(96) Eden regions: 63->0(63)
[2026-07-01T01:51:49.898+0000][42.615s][info][gc,heap     ] GC(96) Survivor regions: 5->5(9)
[2026-07-01T01:51:49.898+0000][42.615s][info][gc,heap     ] GC(96) Old regions: 159->159
[2026-07-01T01:51:49.898+0000][42.615s][info][gc,heap     ] GC(96) Humongous regions: 3->3
[2026-07-01T01:51:49.898+0000][42.615s][info][gc,metaspace] GC(96) Metaspace: 41672K(42496K)->41672K(42496K) NonClass: 36533K(36992K)->36533K(36992K) Class: 5139K(5504K)->5139K(5504K)
[2026-07-01T01:51:49.898+0000][42.615s][info][gc          ] GC(96) Pause Young (Prepare Mixed) (G1 Evacuation Pause) 229M->166M(243M) 18.951ms
[2026-07-01T01:51:49.898+0000][42.615s][info][gc,cpu      ] GC(96) User=0.03s Sys=0.00s Real=0.01s
[2026-07-01T01:51:50.352+0000][43.069s][info][gc,start    ] GC(97) Pause Young (Mixed) (G1 Evacuation Pause)
[2026-07-01T01:51:50.352+0000][43.069s][info][gc,task     ] GC(97) Using 2 workers of 2 for evacuation
[2026-07-01T01:51:50.364+0000][43.081s][info][gc,phases   ] GC(97)   Pre Evacuate Collection Set: 0.15ms
[2026-07-01T01:51:50.364+0000][43.081s][info][gc,phases   ] GC(97)   Merge Heap Roots: 0.25ms
[2026-07-01T01:51:50.364+0000][43.081s][info][gc,phases   ] GC(97)   Evacuate Collection Set: 10.35ms
[2026-07-01T01:51:50.364+0000][43.081s][info][gc,phases   ] GC(97)   Post Evacuate Collection Set: 0.51ms
[2026-07-01T01:51:50.364+0000][43.081s][info][gc,phases   ] GC(97)   Other: 0.05ms
[2026-07-01T01:51:50.364+0000][43.081s][info][gc,heap     ] GC(97) Eden regions: 63->0(63)
[2026-07-01T01:51:50.364+0000][43.081s][info][gc,heap     ] GC(97) Survivor regions: 5->5(9)
[2026-07-01T01:51:50.364+0000][43.081s][info][gc,heap     ] GC(97) Old regions: 159->159
[2026-07-01T01:51:50.364+0000][43.081s][info][gc,heap     ] GC(97) Humongous regions: 3->3
[2026-07-01T01:51:50.364+0000][43.081s][info][gc,metaspace] GC(97) Metaspace: 41672K(42496K)->41672K(42496K) NonClass: 36533K(36992K)->36533K(36992K) Class: 5139K(5504K)->5139K(5504K)
[2026-07-01T01:51:50.364+0000][43.081s][info][gc          ] GC(97) Pause Young (Mixed) (G1 Evacuation Pause) 229M->166M(243M) 11.444ms
[2026-07-01T01:51:50.364+0000][43.081s][info][gc,cpu      ] GC(97) User=0.02s Sys=0.00s Real=0.01s
[2026-07-01T01:51:50.871+0000][43.588s][info][gc,start    ] GC(98) Pause Young (Concurrent Start) (G1 Evacuation Pause)
[2026-07-01T01:51:50.871+0000][43.588s][info][gc,task     ] GC(98) Using 2 workers of 2 for evacuation
[2026-07-01T01:51:50.883+0000][43.600s][info][gc,phases   ] GC(98)   Pre Evacuate Collection Set: 0.22ms
[2026-07-01T01:51:50.883+0000][43.600s][info][gc,phases   ] GC(98)   Merge Heap Roots: 0.17ms
[2026-07-01T01:51:50.883+0000][43.600s][info][gc,phases   ] GC(98)   Evacuate Collection Set: 10.84ms
[2026-07-01T01:51:50.883+0000][43.600s][info][gc,phases   ] GC(98)   Post Evacuate Collection Set: 0.47ms
[2026-07-01T01:51:50.883+0000][43.600s][info][gc,phases   ] GC(98)   Other: 0.08ms
[2026-07-01T01:51:50.883+0000][43.600s][info][gc,heap     ] GC(98) Eden regions: 63->0(63)
[2026-07-01T01:51:50.883+0000][43.600s][info][gc,heap     ] GC(98) Survivor regions: 5->5(9)
[2026-07-01T01:51:50.883+0000][43.600s][info][gc,heap     ] GC(98) Old regions: 159->159
[2026-07-01T01:51:50.883+0000][43.600s][info][gc,heap     ] GC(98) Humongous regions: 3->3
[2026-07-01T01:51:50.883+0000][43.600s][info][gc,metaspace] GC(98) Metaspace: 41674K(42496K)->41674K(42496K) NonClass: 36535K(36992K)->36535K(36992K) Class: 5139K(5504K)->5139K(5504K)
[2026-07-01T01:51:50.883+0000][43.600s][info][gc          ] GC(98) Pause Young (Concurrent Start) (G1 Evacuation Pause) 229M->166M(243M) 11.989ms
[2026-07-01T01:51:50.883+0000][43.600s][info][gc          ] GC(99) Concurrent Mark Cycle
[2026-07-01T01:51:50.883+0000][43.600s][info][gc,marking  ] GC(99) Concurrent Scan Root Regions
[2026-07-01T01:51:50.883+0000][43.600s][info][gc,cpu      ] GC(98) User=0.02s Sys=0.00s Real=0.01s
[2026-07-01T01:51:50.902+0000][43.619s][info][gc,marking  ] GC(99) Concurrent Scan Root Regions 19.355ms
[2026-07-01T01:51:50.902+0000][43.619s][info][gc,marking  ] GC(99) Concurrent Mark
[2026-07-01T01:51:50.902+0000][43.619s][info][gc,marking  ] GC(99) Concurrent Mark From Roots
[2026-07-01T01:51:50.902+0000][43.619s][info][gc,task     ] GC(99) Using 1 workers of 1 for marking
[2026-07-01T01:51:51.423+0000][44.140s][info][gc,marking  ] GC(99) Concurrent Mark From Roots 520.521ms
[2026-07-01T01:51:51.423+0000][44.140s][info][gc,marking  ] GC(99) Concurrent Preclean
[2026-07-01T01:51:51.423+0000][44.140s][info][gc,marking  ] GC(99) Concurrent Preclean 0.256ms
[2026-07-01T01:51:51.423+0000][44.140s][info][gc,start    ] GC(99) Pause Remark
[2026-07-01T01:51:51.431+0000][44.147s][info][gc          ] GC(99) Pause Remark 199M->199M(243M) 7.057ms
[2026-07-01T01:51:51.431+0000][44.148s][info][gc,cpu      ] GC(99) User=0.01s Sys=0.00s Real=0.01s
[2026-07-01T01:51:51.436+0000][44.153s][info][gc,marking  ] GC(99) Concurrent Mark 533.669ms
[2026-07-01T01:51:51.436+0000][44.153s][info][gc,marking  ] GC(99) Concurrent Rebuild Remembered Sets and Scrub Regions
[2026-07-01T01:51:51.762+0000][44.479s][info][gc,start    ] GC(100) Pause Young (Normal) (G1 Evacuation Pause)
[2026-07-01T01:51:51.762+0000][44.479s][info][gc,task     ] GC(100) Using 2 workers of 2 for evacuation
[2026-07-01T01:51:51.804+0000][44.521s][info][gc,phases   ] GC(100)   Pre Evacuate Collection Set: 0.23ms
[2026-07-01T01:51:51.804+0000][44.521s][info][gc,phases   ] GC(100)   Merge Heap Roots: 0.46ms
[2026-07-01T01:51:51.804+0000][44.521s][info][gc,phases   ] GC(100)   Evacuate Collection Set: 40.00ms
[2026-07-01T01:51:51.804+0000][44.521s][info][gc,phases   ] GC(100)   Post Evacuate Collection Set: 0.57ms
[2026-07-01T01:51:51.804+0000][44.521s][info][gc,phases   ] GC(100)   Other: 0.05ms
[2026-07-01T01:51:51.804+0000][44.521s][info][gc,heap     ] GC(100) Eden regions: 63->0(63)
[2026-07-01T01:51:51.804+0000][44.521s][info][gc,heap     ] GC(100) Survivor regions: 5->5(9)
[2026-07-01T01:51:51.804+0000][44.521s][info][gc,heap     ] GC(100) Old regions: 159->159
[2026-07-01T01:51:51.804+0000][44.521s][info][gc,heap     ] GC(100) Humongous regions: 3->3
[2026-07-01T01:51:51.804+0000][44.521s][info][gc,metaspace] GC(100) Metaspace: 41675K(42496K)->41675K(42496K) NonClass: 36536K(36992K)->36536K(36992K) Class: 5139K(5504K)->5139K(5504K)
[2026-07-01T01:51:51.804+0000][44.521s][info][gc          ] GC(100) Pause Young (Normal) (G1 Evacuation Pause) 229M->166M(243M) 41.460ms
[2026-07-01T01:51:51.804+0000][44.521s][info][gc,cpu      ] GC(100) User=0.02s Sys=0.00s Real=0.04s
[2026-07-01T01:51:51.867+0000][44.584s][info][gc,marking  ] GC(99) Concurrent Rebuild Remembered Sets and Scrub Regions 431.004ms
[2026-07-01T01:51:51.868+0000][44.585s][info][gc,start    ] GC(99) Pause Cleanup
[2026-07-01T01:51:51.868+0000][44.585s][info][gc          ] GC(99) Pause Cleanup 174M->174M(243M) 0.193ms
[2026-07-01T01:51:51.868+0000][44.585s][info][gc,cpu      ] GC(99) User=0.00s Sys=0.00s Real=0.00s
[2026-07-01T01:51:51.869+0000][44.586s][info][gc,marking  ] GC(99) Concurrent Clear Claimed Marks
[2026-07-01T01:51:51.870+0000][44.587s][info][gc,marking  ] GC(99) Concurrent Clear Claimed Marks 0.103ms
[2026-07-01T01:51:51.870+0000][44.587s][info][gc,marking  ] GC(99) Concurrent Cleanup for Next Mark
[2026-07-01T01:51:51.870+0000][44.587s][info][gc,marking  ] GC(99) Concurrent Cleanup for Next Mark 0.407ms
[2026-07-01T01:51:51.870+0000][44.587s][info][gc          ] GC(99) Concurrent Mark Cycle 986.961ms
[2026-07-01T01:51:52.230+0000][44.947s][info][gc,start    ] GC(101) Pause Young (Prepare Mixed) (G1 Evacuation Pause)
[2026-07-01T01:51:52.230+0000][44.947s][info][gc,task     ] GC(101) Using 2 workers of 2 for evacuation
[2026-07-01T01:51:52.241+0000][44.958s][info][gc,phases   ] GC(101)   Pre Evacuate Collection Set: 0.15ms
[2026-07-01T01:51:52.241+0000][44.958s][info][gc,phases   ] GC(101)   Merge Heap Roots: 0.61ms
[2026-07-01T01:51:52.241+0000][44.958s][info][gc,phases   ] GC(101)   Evacuate Collection Set: 9.77ms
[2026-07-01T01:51:52.241+0000][44.958s][info][gc,phases   ] GC(101)   Post Evacuate Collection Set: 0.40ms
[2026-07-01T01:51:52.241+0000][44.958s][info][gc,phases   ] GC(101)   Other: 0.08ms
[2026-07-01T01:51:52.241+0000][44.958s][info][gc,heap     ] GC(101) Eden regions: 63->0(62)
[2026-07-01T01:51:52.241+0000][44.958s][info][gc,heap     ] GC(101) Survivor regions: 5->5(9)
[2026-07-01T01:51:52.241+0000][44.958s][info][gc,heap     ] GC(101) Old regions: 159->160
[2026-07-01T01:51:52.241+0000][44.958s][info][gc,heap     ] GC(101) Humongous regions: 3->3
[2026-07-01T01:51:52.241+0000][44.958s][info][gc,metaspace] GC(101) Metaspace: 41675K(42496K)->41675K(42496K) NonClass: 36536K(36992K)->36536K(36992K) Class: 5139K(5504K)->5139K(5504K)
[2026-07-01T01:51:52.241+0000][44.958s][info][gc          ] GC(101) Pause Young (Prepare Mixed) (G1 Evacuation Pause) 229M->167M(243M) 11.173ms
[2026-07-01T01:51:52.241+0000][44.958s][info][gc,cpu      ] GC(101) User=0.03s Sys=0.00s Real=0.01s
[2026-07-01T01:51:52.671+0000][45.388s][info][gc,start    ] GC(102) Pause Young (Mixed) (G1 Evacuation Pause)
[2026-07-01T01:51:52.671+0000][45.388s][info][gc,task     ] GC(102) Using 2 workers of 2 for evacuation
[2026-07-01T01:51:52.682+0000][45.399s][info][gc,phases   ] GC(102)   Pre Evacuate Collection Set: 0.70ms
[2026-07-01T01:51:52.682+0000][45.399s][info][gc,phases   ] GC(102)   Merge Heap Roots: 0.24ms
[2026-07-01T01:51:52.682+0000][45.399s][info][gc,phases   ] GC(102)   Evacuate Collection Set: 9.64ms
[2026-07-01T01:51:52.682+0000][45.399s][info][gc,phases   ] GC(102)   Post Evacuate Collection Set: 0.45ms
[2026-07-01T01:51:52.682+0000][45.399s][info][gc,phases   ] GC(102)   Other: 0.06ms
[2026-07-01T01:51:52.682+0000][45.399s][info][gc,heap     ] GC(102) Eden regions: 62->0(62)
[2026-07-01T01:51:52.682+0000][45.399s][info][gc,heap     ] GC(102) Survivor regions: 5->5(9)
[2026-07-01T01:51:52.682+0000][45.399s][info][gc,heap     ] GC(102) Old regions: 160->160
[2026-07-01T01:51:52.682+0000][45.399s][info][gc,heap     ] GC(102) Humongous regions: 3->3
[2026-07-01T01:51:52.682+0000][45.399s][info][gc,metaspace] GC(102) Metaspace: 41677K(42496K)->41677K(42496K) NonClass: 36538K(36992K)->36538K(36992K) Class: 5139K(5504K)->5139K(5504K)
[2026-07-01T01:51:52.682+0000][45.399s][info][gc          ] GC(102) Pause Young (Mixed) (G1 Evacuation Pause) 229M->167M(243M) 11.619ms
[2026-07-01T01:51:52.682+0000][45.399s][info][gc,cpu      ] GC(102) User=0.03s Sys=0.00s Real=0.01s
[2026-07-01T01:51:53.218+0000][45.935s][info][gc,start    ] GC(103) Pause Young (Concurrent Start) (G1 Evacuation Pause)
[2026-07-01T01:51:53.218+0000][45.935s][info][gc,task     ] GC(103) Using 2 workers of 2 for evacuation
[2026-07-01T01:51:53.230+0000][45.947s][info][gc,phases   ] GC(103)   Pre Evacuate Collection Set: 0.18ms
[2026-07-01T01:51:53.230+0000][45.947s][info][gc,phases   ] GC(103)   Merge Heap Roots: 0.19ms
[2026-07-01T01:51:53.230+0000][45.947s][info][gc,phases   ] GC(103)   Evacuate Collection Set: 11.15ms
[2026-07-01T01:51:53.230+0000][45.947s][info][gc,phases   ] GC(103)   Post Evacuate Collection Set: 0.45ms
[2026-07-01T01:51:53.230+0000][45.947s][info][gc,phases   ] GC(103)   Other: 0.14ms
[2026-07-01T01:51:53.230+0000][45.947s][info][gc,heap     ] GC(103) Eden regions: 62->0(62)
[2026-07-01T01:51:53.230+0000][45.947s][info][gc,heap     ] GC(103) Survivor regions: 5->5(9)
[2026-07-01T01:51:53.230+0000][45.947s][info][gc,heap     ] GC(103) Old regions: 160->160
[2026-07-01T01:51:53.230+0000][45.947s][info][gc,heap     ] GC(103) Humongous regions: 3->3
[2026-07-01T01:51:53.230+0000][45.947s][info][gc,metaspace] GC(103) Metaspace: 41677K(42496K)->41677K(42496K) NonClass: 36538K(36992K)->36538K(36992K) Class: 5139K(5504K)->5139K(5504K)
[2026-07-01T01:51:53.230+0000][45.947s][info][gc          ] GC(103) Pause Young (Concurrent Start) (G1 Evacuation Pause) 229M->167M(243M) 12.330ms
[2026-07-01T01:51:53.230+0000][45.947s][info][gc          ] GC(104) Concurrent Mark Cycle
[2026-07-01T01:51:53.230+0000][45.947s][info][gc,marking  ] GC(104) Concurrent Scan Root Regions
[2026-07-01T01:51:53.230+0000][45.947s][info][gc,cpu      ] GC(103) User=0.02s Sys=0.00s Real=0.02s
[2026-07-01T01:51:53.240+0000][45.957s][info][gc,marking  ] GC(104) Concurrent Scan Root Regions 9.883ms
[2026-07-01T01:51:53.240+0000][45.957s][info][gc,marking  ] GC(104) Concurrent Mark
[2026-07-01T01:51:53.240+0000][45.957s][info][gc,marking  ] GC(104) Concurrent Mark From Roots
[2026-07-01T01:51:53.240+0000][45.957s][info][gc,task     ] GC(104) Using 1 workers of 1 for marking
[2026-07-01T01:51:53.664+0000][46.381s][info][gc,marking  ] GC(104) Concurrent Mark From Roots 424.239ms
[2026-07-01T01:51:53.664+0000][46.381s][info][gc,marking  ] GC(104) Concurrent Preclean
[2026-07-01T01:51:53.664+0000][46.381s][info][gc,marking  ] GC(104) Concurrent Preclean 0.061ms
[2026-07-01T01:51:53.665+0000][46.382s][info][gc,start    ] GC(104) Pause Remark
[2026-07-01T01:51:53.676+0000][46.393s][info][gc          ] GC(104) Pause Remark 197M->197M(243M) 11.026ms
[2026-07-01T01:51:53.676+0000][46.393s][info][gc,cpu      ] GC(104) User=0.02s Sys=0.00s Real=0.01s
[2026-07-01T01:51:53.705+0000][46.422s][info][gc,marking  ] GC(104) Concurrent Mark 464.666ms
[2026-07-01T01:51:53.705+0000][46.422s][info][gc,marking  ] GC(104) Concurrent Rebuild Remembered Sets and Scrub Regions
[2026-07-01T01:51:53.952+0000][46.669s][info][gc,marking  ] GC(104) Concurrent Rebuild Remembered Sets and Scrub Regions 247.617ms
[2026-07-01T01:51:53.953+0000][46.670s][info][gc,start    ] GC(104) Pause Cleanup
[2026-07-01T01:51:53.953+0000][46.670s][info][gc          ] GC(104) Pause Cleanup 216M->216M(243M) 0.152ms
[2026-07-01T01:51:53.953+0000][46.670s][info][gc,cpu      ] GC(104) User=0.00s Sys=0.00s Real=0.00s
[2026-07-01T01:51:53.953+0000][46.670s][info][gc,marking  ] GC(104) Concurrent Clear Claimed Marks
[2026-07-01T01:51:53.953+0000][46.670s][info][gc,marking  ] GC(104) Concurrent Clear Claimed Marks 0.092ms
[2026-07-01T01:51:53.953+0000][46.670s][info][gc,marking  ] GC(104) Concurrent Cleanup for Next Mark
[2026-07-01T01:51:53.954+0000][46.671s][info][gc,marking  ] GC(104) Concurrent Cleanup for Next Mark 0.425ms
[2026-07-01T01:51:53.954+0000][46.671s][info][gc          ] GC(104) Concurrent Mark Cycle 723.477ms
[2026-07-01T01:51:54.076+0000][46.793s][info][gc,start    ] GC(105) Pause Young (Prepare Mixed) (G1 Evacuation Pause)
[2026-07-01T01:51:54.076+0000][46.793s][info][gc,task     ] GC(105) Using 2 workers of 2 for evacuation
[2026-07-01T01:51:54.087+0000][46.804s][info][gc,phases   ] GC(105)   Pre Evacuate Collection Set: 0.15ms
[2026-07-01T01:51:54.087+0000][46.804s][info][gc,phases   ] GC(105)   Merge Heap Roots: 0.32ms
[2026-07-01T01:51:54.087+0000][46.804s][info][gc,phases   ] GC(105)   Evacuate Collection Set: 9.36ms
[2026-07-01T01:51:54.087+0000][46.804s][info][gc,phases   ] GC(105)   Post Evacuate Collection Set: 0.35ms
[2026-07-01T01:51:54.087+0000][46.804s][info][gc,phases   ] GC(105)   Other: 0.06ms
[2026-07-01T01:51:54.087+0000][46.804s][info][gc,heap     ] GC(105) Eden regions: 62->0(62)
[2026-07-01T01:51:54.087+0000][46.804s][info][gc,heap     ] GC(105) Survivor regions: 5->5(9)
[2026-07-01T01:51:54.087+0000][46.804s][info][gc,heap     ] GC(105) Old regions: 160->160
[2026-07-01T01:51:54.087+0000][46.804s][info][gc,heap     ] GC(105) Humongous regions: 3->3
[2026-07-01T01:51:54.087+0000][46.804s][info][gc,metaspace] GC(105) Metaspace: 41677K(42496K)->41677K(42496K) NonClass: 36538K(36992K)->36538K(36992K) Class: 5139K(5504K)->5139K(5504K)
[2026-07-01T01:51:54.087+0000][46.804s][info][gc          ] GC(105) Pause Young (Prepare Mixed) (G1 Evacuation Pause) 229M->167M(243M) 10.434ms
[2026-07-01T01:51:54.087+0000][46.804s][info][gc,cpu      ] GC(105) User=0.02s Sys=0.00s Real=0.01s
[2026-07-01T01:51:54.512+0000][47.229s][info][gc,start    ] GC(106) Pause Young (Mixed) (G1 Evacuation Pause)
[2026-07-01T01:51:54.512+0000][47.229s][info][gc,task     ] GC(106) Using 2 workers of 2 for evacuation
[2026-07-01T01:51:54.523+0000][47.240s][info][gc,phases   ] GC(106)   Pre Evacuate Collection Set: 0.11ms
[2026-07-01T01:51:54.523+0000][47.240s][info][gc,phases   ] GC(106)   Merge Heap Roots: 0.17ms
[2026-07-01T01:51:54.523+0000][47.240s][info][gc,phases   ] GC(106)   Evacuate Collection Set: 10.08ms
[2026-07-01T01:51:54.523+0000][47.240s][info][gc,phases   ] GC(106)   Post Evacuate Collection Set: 0.30ms
[2026-07-01T01:51:54.523+0000][47.240s][info][gc,phases   ] GC(106)   Other: 0.04ms
[2026-07-01T01:51:54.523+0000][47.240s][info][gc,heap     ] GC(106) Eden regions: 62->0(62)
[2026-07-01T01:51:54.523+0000][47.240s][info][gc,heap     ] GC(106) Survivor regions: 5->5(9)
[2026-07-01T01:51:54.523+0000][47.240s][info][gc,heap     ] GC(106) Old regions: 160->160
[2026-07-01T01:51:54.523+0000][47.240s][info][gc,heap     ] GC(106) Humongous regions: 3->3
[2026-07-01T01:51:54.523+0000][47.240s][info][gc,metaspace] GC(106) Metaspace: 41677K(42496K)->41677K(42496K) NonClass: 36538K(36992K)->36538K(36992K) Class: 5139K(5504K)->5139K(5504K)
[2026-07-01T01:51:54.523+0000][47.240s][info][gc          ] GC(106) Pause Young (Mixed) (G1 Evacuation Pause) 229M->167M(243M) 10.843ms
[2026-07-01T01:51:54.523+0000][47.240s][info][gc,cpu      ] GC(106) User=0.02s Sys=0.00s Real=0.01s
[2026-07-01T01:51:54.923+0000][47.640s][info][gc,start    ] GC(107) Pause Young (Concurrent Start) (G1 Evacuation Pause)
[2026-07-01T01:51:54.923+0000][47.640s][info][gc,task     ] GC(107) Using 2 workers of 2 for evacuation
[2026-07-01T01:51:54.934+0000][47.651s][info][gc,phases   ] GC(107)   Pre Evacuate Collection Set: 0.22ms
[2026-07-01T01:51:54.934+0000][47.651s][info][gc,phases   ] GC(107)   Merge Heap Roots: 0.27ms
[2026-07-01T01:51:54.934+0000][47.651s][info][gc,phases   ] GC(107)   Evacuate Collection Set: 10.44ms
[2026-07-01T01:51:54.934+0000][47.651s][info][gc,phases   ] GC(107)   Post Evacuate Collection Set: 0.29ms
[2026-07-01T01:51:54.934+0000][47.651s][info][gc,phases   ] GC(107)   Other: 0.10ms
[2026-07-01T01:51:54.934+0000][47.651s][info][gc,heap     ] GC(107) Eden regions: 62->0(62)
[2026-07-01T01:51:54.934+0000][47.651s][info][gc,heap     ] GC(107) Survivor regions: 5->5(9)
[2026-07-01T01:51:54.934+0000][47.651s][info][gc,heap     ] GC(107) Old regions: 160->160
[2026-07-01T01:51:54.934+0000][47.651s][info][gc,heap     ] GC(107) Humongous regions: 3->3
[2026-07-01T01:51:54.934+0000][47.651s][info][gc,metaspace] GC(107) Metaspace: 41677K(42496K)->41677K(42496K) NonClass: 36538K(36992K)->36538K(36992K) Class: 5139K(5504K)->5139K(5504K)
[2026-07-01T01:51:54.934+0000][47.651s][info][gc          ] GC(107) Pause Young (Concurrent Start) (G1 Evacuation Pause) 229M->167M(243M) 11.460ms
[2026-07-01T01:51:54.934+0000][47.651s][info][gc          ] GC(108) Concurrent Mark Cycle
[2026-07-01T01:51:54.934+0000][47.651s][info][gc,cpu      ] GC(107) User=0.03s Sys=0.00s Real=0.01s
[2026-07-01T01:51:54.934+0000][47.651s][info][gc,marking  ] GC(108) Concurrent Scan Root Regions
[2026-07-01T01:51:54.947+0000][47.664s][info][gc,marking  ] GC(108) Concurrent Scan Root Regions 13.216ms
[2026-07-01T01:51:54.947+0000][47.664s][info][gc,marking  ] GC(108) Concurrent Mark
[2026-07-01T01:51:54.948+0000][47.665s][info][gc,marking  ] GC(108) Concurrent Mark From Roots
[2026-07-01T01:51:54.948+0000][47.665s][info][gc,task     ] GC(108) Using 1 workers of 1 for marking
[2026-07-01T01:51:55.539+0000][48.256s][info][gc,start    ] GC(109) Pause Young (Normal) (G1 Evacuation Pause)
[2026-07-01T01:51:55.539+0000][48.256s][info][gc,task     ] GC(109) Using 2 workers of 2 for evacuation
[2026-07-01T01:51:55.551+0000][48.268s][info][gc,phases   ] GC(109)   Pre Evacuate Collection Set: 0.14ms
[2026-07-01T01:51:55.551+0000][48.268s][info][gc,phases   ] GC(109)   Merge Heap Roots: 0.30ms
[2026-07-01T01:51:55.551+0000][48.268s][info][gc,phases   ] GC(109)   Evacuate Collection Set: 11.22ms
[2026-07-01T01:51:55.551+0000][48.268s][info][gc,phases   ] GC(109)   Post Evacuate Collection Set: 0.46ms
[2026-07-01T01:51:55.551+0000][48.268s][info][gc,phases   ] GC(109)   Other: 0.06ms
[2026-07-01T01:51:55.552+0000][48.269s][info][gc,heap     ] GC(109) Eden regions: 62->0(61)
[2026-07-01T01:51:55.552+0000][48.269s][info][gc,heap     ] GC(109) Survivor regions: 5->5(9)
[2026-07-01T01:51:55.552+0000][48.269s][info][gc,heap     ] GC(109) Old regions: 160->161
[2026-07-01T01:51:55.552+0000][48.269s][info][gc,heap     ] GC(109) Humongous regions: 3->3
[2026-07-01T01:51:55.552+0000][48.269s][info][gc,metaspace] GC(109) Metaspace: 41678K(42496K)->41678K(42496K) NonClass: 36538K(36992K)->36538K(36992K) Class: 5139K(5504K)->5139K(5504K)
[2026-07-01T01:51:55.552+0000][48.269s][info][gc          ] GC(109) Pause Young (Normal) (G1 Evacuation Pause) 229M->168M(243M) 12.321ms
[2026-07-01T01:51:55.552+0000][48.269s][info][gc,cpu      ] GC(109) User=0.02s Sys=0.01s Real=0.01s
[2026-07-01T01:51:55.744+0000][48.461s][info][gc,marking  ] GC(108) Concurrent Mark From Roots 796.810ms
[2026-07-01T01:51:55.744+0000][48.461s][info][gc,marking  ] GC(108) Concurrent Preclean
[2026-07-01T01:51:55.744+0000][48.461s][info][gc,marking  ] GC(108) Concurrent Preclean 0.057ms
[2026-07-01T01:51:55.745+0000][48.462s][info][gc,start    ] GC(108) Pause Remark
[2026-07-01T01:51:55.751+0000][48.468s][info][gc          ] GC(108) Pause Remark 193M->193M(243M) 5.945ms
[2026-07-01T01:51:55.751+0000][48.468s][info][gc,cpu      ] GC(108) User=0.02s Sys=0.00s Real=0.01s
[2026-07-01T01:51:55.753+0000][48.470s][info][gc,marking  ] GC(108) Concurrent Mark 805.689ms
[2026-07-01T01:51:55.753+0000][48.470s][info][gc,marking  ] GC(108) Concurrent Rebuild Remembered Sets and Scrub Regions
[2026-07-01T01:51:56.051+0000][48.768s][info][gc,start    ] GC(110) Pause Young (Normal) (G1 Evacuation Pause)
[2026-07-01T01:51:56.051+0000][48.768s][info][gc,task     ] GC(110) Using 2 workers of 2 for evacuation
[2026-07-01T01:51:56.065+0000][48.782s][info][gc,phases   ] GC(110)   Pre Evacuate Collection Set: 0.15ms
[2026-07-01T01:51:56.065+0000][48.782s][info][gc,phases   ] GC(110)   Merge Heap Roots: 0.58ms
[2026-07-01T01:51:56.065+0000][48.782s][info][gc,phases   ] GC(110)   Evacuate Collection Set: 12.73ms
[2026-07-01T01:51:56.065+0000][48.782s][info][gc,phases   ] GC(110)   Post Evacuate Collection Set: 0.44ms
[2026-07-01T01:51:56.065+0000][48.782s][info][gc,phases   ] GC(110)   Other: 0.06ms
[2026-07-01T01:51:56.065+0000][48.782s][info][gc,heap     ] GC(110) Eden regions: 61->0(61)
[2026-07-01T01:51:56.065+0000][48.782s][info][gc,heap     ] GC(110) Survivor regions: 5->5(9)
[2026-07-01T01:51:56.065+0000][48.782s][info][gc,heap     ] GC(110) Old regions: 161->161
[2026-07-01T01:51:56.065+0000][48.782s][info][gc,heap     ] GC(110) Humongous regions: 3->3
[2026-07-01T01:51:56.065+0000][48.782s][info][gc,metaspace] GC(110) Metaspace: 41678K(42496K)->41678K(42496K) NonClass: 36538K(36992K)->36538K(36992K) Class: 5139K(5504K)->5139K(5504K)
[2026-07-01T01:51:56.065+0000][48.782s][info][gc          ] GC(110) Pause Young (Normal) (G1 Evacuation Pause) 229M->168M(243M) 14.115ms
[2026-07-01T01:51:56.065+0000][48.782s][info][gc,cpu      ] GC(110) User=0.02s Sys=0.00s Real=0.01s
[2026-07-01T01:51:56.206+0000][48.923s][info][gc,marking  ] GC(108) Concurrent Rebuild Remembered Sets and Scrub Regions 452.940ms
[2026-07-01T01:51:56.206+0000][48.923s][info][gc,start    ] GC(108) Pause Cleanup
[2026-07-01T01:51:56.206+0000][48.923s][info][gc          ] GC(108) Pause Cleanup 178M->178M(243M) 0.168ms
[2026-07-01T01:51:56.206+0000][48.923s][info][gc,cpu      ] GC(108) User=0.00s Sys=0.00s Real=0.00s
[2026-07-01T01:51:56.207+0000][48.924s][info][gc,marking  ] GC(108) Concurrent Clear Claimed Marks
[2026-07-01T01:51:56.207+0000][48.924s][info][gc,marking  ] GC(108) Concurrent Clear Claimed Marks 0.083ms
[2026-07-01T01:51:56.207+0000][48.924s][info][gc,marking  ] GC(108) Concurrent Cleanup for Next Mark
[2026-07-01T01:51:56.208+0000][48.925s][info][gc,marking  ] GC(108) Concurrent Cleanup for Next Mark 0.761ms
[2026-07-01T01:51:56.208+0000][48.925s][info][gc          ] GC(108) Concurrent Mark Cycle 1273.388ms
[2026-07-01T01:51:56.670+0000][49.387s][info][gc,start    ] GC(111) Pause Young (Prepare Mixed) (G1 Evacuation Pause)
[2026-07-01T01:51:56.670+0000][49.387s][info][gc,task     ] GC(111) Using 2 workers of 2 for evacuation
[2026-07-01T01:51:56.688+0000][49.405s][info][gc,phases   ] GC(111)   Pre Evacuate Collection Set: 0.12ms
[2026-07-01T01:51:56.688+0000][49.405s][info][gc,phases   ] GC(111)   Merge Heap Roots: 0.60ms
[2026-07-01T01:51:56.688+0000][49.405s][info][gc,phases   ] GC(111)   Evacuate Collection Set: 15.87ms
[2026-07-01T01:51:56.688+0000][49.405s][info][gc,phases   ] GC(111)   Post Evacuate Collection Set: 0.58ms
[2026-07-01T01:51:56.688+0000][49.405s][info][gc,phases   ] GC(111)   Other: 0.05ms
[2026-07-01T01:51:56.688+0000][49.405s][info][gc,heap     ] GC(111) Eden regions: 61->0(61)
[2026-07-01T01:51:56.688+0000][49.405s][info][gc,heap     ] GC(111) Survivor regions: 5->5(9)
[2026-07-01T01:51:56.688+0000][49.405s][info][gc,heap     ] GC(111) Old regions: 161->161
[2026-07-01T01:51:56.688+0000][49.405s][info][gc,heap     ] GC(111) Humongous regions: 3->3
[2026-07-01T01:51:56.688+0000][49.405s][info][gc,metaspace] GC(111) Metaspace: 41678K(42496K)->41678K(42496K) NonClass: 36538K(36992K)->36538K(36992K) Class: 5139K(5504K)->5139K(5504K)
[2026-07-01T01:51:56.688+0000][49.405s][info][gc          ] GC(111) Pause Young (Prepare Mixed) (G1 Evacuation Pause) 229M->168M(243M) 17.432ms
[2026-07-01T01:51:56.688+0000][49.405s][info][gc,cpu      ] GC(111) User=0.02s Sys=0.00s Real=0.01s
[2026-07-01T01:51:57.227+0000][49.944s][info][gc,start    ] GC(112) Pause Young (Mixed) (G1 Evacuation Pause)
[2026-07-01T01:51:57.227+0000][49.944s][info][gc,task     ] GC(112) Using 2 workers of 2 for evacuation
[2026-07-01T01:51:57.254+0000][49.971s][info][gc,phases   ] GC(112)   Pre Evacuate Collection Set: 0.16ms
[2026-07-01T01:51:57.254+0000][49.971s][info][gc,phases   ] GC(112)   Merge Heap Roots: 0.35ms
[2026-07-01T01:51:57.254+0000][49.971s][info][gc,phases   ] GC(112)   Evacuate Collection Set: 25.80ms
[2026-07-01T01:51:57.254+0000][49.971s][info][gc,phases   ] GC(112)   Post Evacuate Collection Set: 0.60ms
[2026-07-01T01:51:57.254+0000][49.971s][info][gc,phases   ] GC(112)   Other: 0.06ms
[2026-07-01T01:51:57.254+0000][49.971s][info][gc,heap     ] GC(112) Eden regions: 61->0(61)
[2026-07-01T01:51:57.254+0000][49.971s][info][gc,heap     ] GC(112) Survivor regions: 5->5(9)
[2026-07-01T01:51:57.254+0000][49.971s][info][gc,heap     ] GC(112) Old regions: 161->161
[2026-07-01T01:51:57.254+0000][49.971s][info][gc,heap     ] GC(112) Humongous regions: 3->3
[2026-07-01T01:51:57.254+0000][49.971s][info][gc,metaspace] GC(112) Metaspace: 41679K(42496K)->41679K(42496K) NonClass: 36539K(36992K)->36539K(36992K) Class: 5139K(5504K)->5139K(5504K)
[2026-07-01T01:51:57.254+0000][49.971s][info][gc          ] GC(112) Pause Young (Mixed) (G1 Evacuation Pause) 229M->168M(243M) 27.141ms
[2026-07-01T01:51:57.254+0000][49.971s][info][gc,cpu      ] GC(112) User=0.03s Sys=0.00s Real=0.03s
[2026-07-01T01:51:57.867+0000][50.584s][info][gc,start    ] GC(113) Pause Young (Concurrent Start) (G1 Evacuation Pause)
[2026-07-01T01:51:57.867+0000][50.584s][info][gc,task     ] GC(113) Using 2 workers of 2 for evacuation
[2026-07-01T01:51:57.878+0000][50.595s][info][gc,phases   ] GC(113)   Pre Evacuate Collection Set: 0.31ms
[2026-07-01T01:51:57.878+0000][50.595s][info][gc,phases   ] GC(113)   Merge Heap Roots: 0.32ms
[2026-07-01T01:51:57.878+0000][50.595s][info][gc,phases   ] GC(113)   Evacuate Collection Set: 9.89ms
[2026-07-01T01:51:57.878+0000][50.595s][info][gc,phases   ] GC(113)   Post Evacuate Collection Set: 0.33ms
[2026-07-01T01:51:57.878+0000][50.595s][info][gc,phases   ] GC(113)   Other: 0.11ms
[2026-07-01T01:51:57.878+0000][50.595s][info][gc,heap     ] GC(113) Eden regions: 61->0(61)
[2026-07-01T01:51:57.878+0000][50.595s][info][gc,heap     ] GC(113) Survivor regions: 5->5(9)
[2026-07-01T01:51:57.878+0000][50.595s][info][gc,heap     ] GC(113) Old regions: 161->161
[2026-07-01T01:51:57.878+0000][50.595s][info][gc,heap     ] GC(113) Humongous regions: 3->3
[2026-07-01T01:51:57.878+0000][50.595s][info][gc,metaspace] GC(113) Metaspace: 41679K(42496K)->41679K(42496K) NonClass: 36539K(36992K)->36539K(36992K) Class: 5139K(5504K)->5139K(5504K)
[2026-07-01T01:51:57.878+0000][50.595s][info][gc          ] GC(113) Pause Young (Concurrent Start) (G1 Evacuation Pause) 229M->168M(243M) 11.130ms
[2026-07-01T01:51:57.878+0000][50.595s][info][gc          ] GC(114) Concurrent Mark Cycle
[2026-07-01T01:51:57.878+0000][50.595s][info][gc,marking  ] GC(114) Concurrent Scan Root Regions
[2026-07-01T01:51:57.878+0000][50.595s][info][gc,cpu      ] GC(113) User=0.02s Sys=0.00s Real=0.02s
[2026-07-01T01:51:57.884+0000][50.601s][info][gc,marking  ] GC(114) Concurrent Scan Root Regions 6.205ms
[2026-07-01T01:51:57.884+0000][50.601s][info][gc,marking  ] GC(114) Concurrent Mark
[2026-07-01T01:51:57.884+0000][50.601s][info][gc,marking  ] GC(114) Concurrent Mark From Roots
[2026-07-01T01:51:57.884+0000][50.601s][info][gc,task     ] GC(114) Using 1 workers of 1 for marking
[2026-07-01T01:51:58.323+0000][51.040s][info][gc,marking  ] GC(114) Concurrent Mark From Roots 438.398ms
[2026-07-01T01:51:58.323+0000][51.040s][info][gc,marking  ] GC(114) Concurrent Preclean
[2026-07-01T01:51:58.323+0000][51.040s][info][gc,marking  ] GC(114) Concurrent Preclean 0.055ms
[2026-07-01T01:51:58.323+0000][51.040s][info][gc,start    ] GC(114) Pause Remark
[2026-07-01T01:51:58.332+0000][51.049s][info][gc          ] GC(114) Pause Remark 213M->213M(243M) 9.144ms
[2026-07-01T01:51:58.332+0000][51.049s][info][gc,cpu      ] GC(114) User=0.02s Sys=0.00s Real=0.01s
[2026-07-01T01:51:58.334+0000][51.051s][info][gc,marking  ] GC(114) Concurrent Mark 449.380ms
[2026-07-01T01:51:58.334+0000][51.051s][info][gc,marking  ] GC(114) Concurrent Rebuild Remembered Sets and Scrub Regions
[2026-07-01T01:51:58.523+0000][51.240s][info][gc,marking  ] GC(114) Concurrent Rebuild Remembered Sets and Scrub Regions 189.432ms
[2026-07-01T01:51:58.524+0000][51.241s][info][gc,start    ] GC(114) Pause Cleanup
[2026-07-01T01:51:58.524+0000][51.241s][info][gc          ] GC(114) Pause Cleanup 229M->229M(243M) 0.194ms
[2026-07-01T01:51:58.524+0000][51.241s][info][gc,cpu      ] GC(114) User=0.00s Sys=0.00s Real=0.00s
[2026-07-01T01:51:58.526+0000][51.243s][info][gc,marking  ] GC(114) Concurrent Clear Claimed Marks
[2026-07-01T01:51:58.527+0000][51.244s][info][gc,marking  ] GC(114) Concurrent Clear Claimed Marks 0.412ms
[2026-07-01T01:51:58.527+0000][51.244s][info][gc,marking  ] GC(114) Concurrent Cleanup for Next Mark
[2026-07-01T01:51:58.527+0000][51.244s][info][gc,start    ] GC(115) Pause Young (Prepare Mixed) (G1 Evacuation Pause)
[2026-07-01T01:51:58.527+0000][51.244s][info][gc,task     ] GC(115) Using 2 workers of 2 for evacuation
[2026-07-01T01:51:58.540+0000][51.257s][info][gc,phases   ] GC(115)   Pre Evacuate Collection Set: 0.28ms
[2026-07-01T01:51:58.540+0000][51.257s][info][gc,phases   ] GC(115)   Merge Heap Roots: 0.72ms
[2026-07-01T01:51:58.540+0000][51.257s][info][gc,phases   ] GC(115)   Evacuate Collection Set: 11.60ms
[2026-07-01T01:51:58.540+0000][51.257s][info][gc,phases   ] GC(115)   Post Evacuate Collection Set: 0.40ms
[2026-07-01T01:51:58.540+0000][51.257s][info][gc,phases   ] GC(115)   Other: 0.05ms
[2026-07-01T01:51:58.540+0000][51.257s][info][gc,heap     ] GC(115) Eden regions: 61->0(60)
[2026-07-01T01:51:58.540+0000][51.257s][info][gc,heap     ] GC(115) Survivor regions: 5->5(9)
[2026-07-01T01:51:58.540+0000][51.257s][info][gc,heap     ] GC(115) Old regions: 161->162
[2026-07-01T01:51:58.540+0000][51.257s][info][gc,heap     ] GC(115) Humongous regions: 3->3
[2026-07-01T01:51:58.540+0000][51.257s][info][gc,metaspace] GC(115) Metaspace: 41679K(42496K)->41679K(42496K) NonClass: 36539K(36992K)->36539K(36992K) Class: 5139K(5504K)->5139K(5504K)
[2026-07-01T01:51:58.540+0000][51.257s][info][gc          ] GC(115) Pause Young (Prepare Mixed) (G1 Evacuation Pause) 229M->169M(243M) 13.209ms
[2026-07-01T01:51:58.540+0000][51.257s][info][gc,cpu      ] GC(115) User=0.03s Sys=0.00s Real=0.02s
[2026-07-01T01:51:58.546+0000][51.263s][info][gc,marking  ] GC(114) Concurrent Cleanup for Next Mark 19.218ms
[2026-07-01T01:51:58.546+0000][51.263s][info][gc          ] GC(114) Concurrent Mark Cycle 667.998ms
[2026-07-01T01:51:58.939+0000][51.656s][info][gc,start    ] GC(116) Pause Young (Mixed) (G1 Evacuation Pause)
[2026-07-01T01:51:58.939+0000][51.656s][info][gc,task     ] GC(116) Using 2 workers of 2 for evacuation
[2026-07-01T01:51:58.955+0000][51.672s][info][gc,phases   ] GC(116)   Pre Evacuate Collection Set: 0.57ms
[2026-07-01T01:51:58.955+0000][51.672s][info][gc,phases   ] GC(116)   Merge Heap Roots: 0.44ms
[2026-07-01T01:51:58.955+0000][51.672s][info][gc,phases   ] GC(116)   Evacuate Collection Set: 14.04ms
[2026-07-01T01:51:58.955+0000][51.672s][info][gc,phases   ] GC(116)   Post Evacuate Collection Set: 0.39ms
[2026-07-01T01:51:58.955+0000][51.672s][info][gc,phases   ] GC(116)   Other: 0.05ms
[2026-07-01T01:51:58.955+0000][51.672s][info][gc,heap     ] GC(116) Eden regions: 60->0(60)
[2026-07-01T01:51:58.955+0000][51.672s][info][gc,heap     ] GC(116) Survivor regions: 5->5(9)
[2026-07-01T01:51:58.955+0000][51.672s][info][gc,heap     ] GC(116) Old regions: 162->162
[2026-07-01T01:51:58.955+0000][51.672s][info][gc,heap     ] GC(116) Humongous regions: 3->3
[2026-07-01T01:51:58.955+0000][51.672s][info][gc,metaspace] GC(116) Metaspace: 41679K(42496K)->41679K(42496K) NonClass: 36539K(36992K)->36539K(36992K) Class: 5139K(5504K)->5139K(5504K)
[2026-07-01T01:51:58.955+0000][51.672s][info][gc          ] GC(116) Pause Young (Mixed) (G1 Evacuation Pause) 229M->169M(243M) 15.637ms
[2026-07-01T01:51:58.955+0000][51.672s][info][gc,cpu      ] GC(116) User=0.03s Sys=0.00s Real=0.01s
[2026-07-01T01:51:59.359+0000][52.076s][info][gc,start    ] GC(117) Pause Young (Concurrent Start) (G1 Evacuation Pause)
[2026-07-01T01:51:59.359+0000][52.076s][info][gc,task     ] GC(117) Using 2 workers of 2 for evacuation
[2026-07-01T01:51:59.371+0000][52.088s][info][gc,phases   ] GC(117)   Pre Evacuate Collection Set: 0.23ms
[2026-07-01T01:51:59.371+0000][52.088s][info][gc,phases   ] GC(117)   Merge Heap Roots: 0.36ms
[2026-07-01T01:51:59.371+0000][52.088s][info][gc,phases   ] GC(117)   Evacuate Collection Set: 11.12ms
[2026-07-01T01:51:59.371+0000][52.088s][info][gc,phases   ] GC(117)   Post Evacuate Collection Set: 0.40ms
[2026-07-01T01:51:59.371+0000][52.088s][info][gc,phases   ] GC(117)   Other: 0.07ms
[2026-07-01T01:51:59.371+0000][52.088s][info][gc,heap     ] GC(117) Eden regions: 60->0(60)
[2026-07-01T01:51:59.371+0000][52.088s][info][gc,heap     ] GC(117) Survivor regions: 5->5(9)
[2026-07-01T01:51:59.371+0000][52.088s][info][gc,heap     ] GC(117) Old regions: 162->162
[2026-07-01T01:51:59.371+0000][52.088s][info][gc,heap     ] GC(117) Humongous regions: 3->3
[2026-07-01T01:51:59.371+0000][52.088s][info][gc,metaspace] GC(117) Metaspace: 41679K(42496K)->41679K(42496K) NonClass: 36539K(36992K)->36539K(36992K) Class: 5139K(5504K)->5139K(5504K)
[2026-07-01T01:51:59.371+0000][52.088s][info][gc          ] GC(117) Pause Young (Concurrent Start) (G1 Evacuation Pause) 229M->169M(243M) 12.324ms
[2026-07-01T01:51:59.371+0000][52.088s][info][gc,cpu      ] GC(117) User=0.03s Sys=0.00s Real=0.01s
[2026-07-01T01:51:59.371+0000][52.088s][info][gc          ] GC(118) Concurrent Mark Cycle
[2026-07-01T01:51:59.371+0000][52.088s][info][gc,marking  ] GC(118) Concurrent Scan Root Regions
[2026-07-01T01:51:59.381+0000][52.098s][info][gc,marking  ] GC(118) Concurrent Scan Root Regions 9.410ms
[2026-07-01T01:51:59.381+0000][52.098s][info][gc,marking  ] GC(118) Concurrent Mark
[2026-07-01T01:51:59.381+0000][52.098s][info][gc,marking  ] GC(118) Concurrent Mark From Roots
[2026-07-01T01:51:59.381+0000][52.098s][info][gc,task     ] GC(118) Using 1 workers of 1 for marking
[2026-07-01T01:51:59.868+0000][52.585s][info][gc,start    ] GC(119) Pause Young (Normal) (G1 Evacuation Pause)
[2026-07-01T01:51:59.868+0000][52.585s][info][gc,task     ] GC(119) Using 2 workers of 2 for evacuation
[2026-07-01T01:51:59.882+0000][52.599s][info][gc,phases   ] GC(119)   Pre Evacuate Collection Set: 0.67ms
[2026-07-01T01:51:59.882+0000][52.599s][info][gc,phases   ] GC(119)   Merge Heap Roots: 0.16ms
[2026-07-01T01:51:59.882+0000][52.599s][info][gc,phases   ] GC(119)   Evacuate Collection Set: 11.78ms
[2026-07-01T01:51:59.882+0000][52.599s][info][gc,phases   ] GC(119)   Post Evacuate Collection Set: 0.42ms
[2026-07-01T01:51:59.882+0000][52.599s][info][gc,phases   ] GC(119)   Other: 0.07ms
[2026-07-01T01:51:59.882+0000][52.599s][info][gc,heap     ] GC(119) Eden regions: 60->0(60)
[2026-07-01T01:51:59.882+0000][52.599s][info][gc,heap     ] GC(119) Survivor regions: 5->5(9)
[2026-07-01T01:51:59.882+0000][52.599s][info][gc,heap     ] GC(119) Old regions: 162->162
[2026-07-01T01:51:59.882+0000][52.599s][info][gc,heap     ] GC(119) Humongous regions: 3->3
[2026-07-01T01:51:59.882+0000][52.599s][info][gc,metaspace] GC(119) Metaspace: 41679K(42496K)->41679K(42496K) NonClass: 36539K(36992K)->36539K(36992K) Class: 5139K(5504K)->5139K(5504K)
[2026-07-01T01:51:59.882+0000][52.599s][info][gc          ] GC(119) Pause Young (Normal) (G1 Evacuation Pause) 229M->169M(243M) 13.240ms
[2026-07-01T01:51:59.882+0000][52.599s][info][gc,cpu      ] GC(119) User=0.03s Sys=0.00s Real=0.01s
[2026-07-01T01:51:59.960+0000][52.677s][info][gc,marking  ] GC(118) Concurrent Mark From Roots 579.725ms
[2026-07-01T01:51:59.960+0000][52.677s][info][gc,marking  ] GC(118) Concurrent Preclean
[2026-07-01T01:51:59.961+0000][52.678s][info][gc,marking  ] GC(118) Concurrent Preclean 0.113ms
[2026-07-01T01:51:59.961+0000][52.678s][info][gc,start    ] GC(118) Pause Remark
[2026-07-01T01:51:59.970+0000][52.687s][info][gc          ] GC(118) Pause Remark 179M->179M(243M) 8.899ms
[2026-07-01T01:51:59.970+0000][52.687s][info][gc,cpu      ] GC(118) User=0.01s Sys=0.00s Real=0.01s
[2026-07-01T01:51:59.972+0000][52.689s][info][gc,marking  ] GC(118) Concurrent Mark 591.719ms
[2026-07-01T01:51:59.972+0000][52.689s][info][gc,marking  ] GC(118) Concurrent Rebuild Remembered Sets and Scrub Regions
[2026-07-01T01:52:00.237+0000][52.954s][info][gc,marking  ] GC(118) Concurrent Rebuild Remembered Sets and Scrub Regions 264.600ms
[2026-07-01T01:52:00.240+0000][52.957s][info][gc,start    ] GC(118) Pause Cleanup
[2026-07-01T01:52:00.241+0000][52.958s][info][gc          ] GC(118) Pause Cleanup 208M->208M(243M) 0.767ms
[2026-07-01T01:52:00.241+0000][52.958s][info][gc,cpu      ] GC(118) User=0.00s Sys=0.00s Real=0.00s
[2026-07-01T01:52:00.243+0000][52.960s][info][gc,marking  ] GC(118) Concurrent Clear Claimed Marks
[2026-07-01T01:52:00.243+0000][52.960s][info][gc,marking  ] GC(118) Concurrent Clear Claimed Marks 0.129ms
[2026-07-01T01:52:00.243+0000][52.960s][info][gc,marking  ] GC(118) Concurrent Cleanup for Next Mark
[2026-07-01T01:52:00.244+0000][52.961s][info][gc,marking  ] GC(118) Concurrent Cleanup for Next Mark 1.351ms
[2026-07-01T01:52:00.244+0000][52.961s][info][gc          ] GC(118) Concurrent Mark Cycle 872.925ms
[2026-07-01T01:52:00.380+0000][53.097s][info][gc,start    ] GC(120) Pause Young (Prepare Mixed) (G1 Evacuation Pause)
[2026-07-01T01:52:00.380+0000][53.097s][info][gc,task     ] GC(120) Using 2 workers of 2 for evacuation
[2026-07-01T01:52:00.392+0000][53.109s][info][gc,phases   ] GC(120)   Pre Evacuate Collection Set: 0.60ms
[2026-07-01T01:52:00.392+0000][53.109s][info][gc,phases   ] GC(120)   Merge Heap Roots: 0.29ms
[2026-07-01T01:52:00.392+0000][53.109s][info][gc,phases   ] GC(120)   Evacuate Collection Set: 10.81ms
[2026-07-01T01:52:00.392+0000][53.109s][info][gc,phases   ] GC(120)   Post Evacuate Collection Set: 0.44ms
[2026-07-01T01:52:00.392+0000][53.109s][info][gc,phases   ] GC(120)   Other: 0.09ms
[2026-07-01T01:52:00.392+0000][53.109s][info][gc,heap     ] GC(120) Eden regions: 60->0(60)
[2026-07-01T01:52:00.392+0000][53.109s][info][gc,heap     ] GC(120) Survivor regions: 5->5(9)
[2026-07-01T01:52:00.392+0000][53.109s][info][gc,heap     ] GC(120) Old regions: 162->162
[2026-07-01T01:52:00.392+0000][53.109s][info][gc,heap     ] GC(120) Humongous regions: 3->3
[2026-07-01T01:52:00.392+0000][53.109s][info][gc,metaspace] GC(120) Metaspace: 41679K(42496K)->41679K(42496K) NonClass: 36539K(36992K)->36539K(36992K) Class: 5139K(5504K)->5139K(5504K)
[2026-07-01T01:52:00.392+0000][53.109s][info][gc          ] GC(120) Pause Young (Prepare Mixed) (G1 Evacuation Pause) 229M->169M(243M) 12.391ms
[2026-07-01T01:52:00.392+0000][53.109s][info][gc,cpu      ] GC(120) User=0.04s Sys=0.00s Real=0.01s
[2026-07-01T01:52:00.772+0000][53.489s][info][gc,start    ] GC(121) Pause Young (Mixed) (G1 Evacuation Pause)
[2026-07-01T01:52:00.772+0000][53.489s][info][gc,task     ] GC(121) Using 2 workers of 2 for evacuation
[2026-07-01T01:52:00.786+0000][53.503s][info][gc,phases   ] GC(121)   Pre Evacuate Collection Set: 0.39ms
[2026-07-01T01:52:00.786+0000][53.503s][info][gc,phases   ] GC(121)   Merge Heap Roots: 0.19ms
[2026-07-01T01:52:00.786+0000][53.503s][info][gc,phases   ] GC(121)   Evacuate Collection Set: 13.07ms
[2026-07-01T01:52:00.786+0000][53.503s][info][gc,phases   ] GC(121)   Post Evacuate Collection Set: 0.35ms
[2026-07-01T01:52:00.786+0000][53.503s][info][gc,phases   ] GC(121)   Other: 0.05ms
[2026-07-01T01:52:00.786+0000][53.503s][info][gc,heap     ] GC(121) Eden regions: 60->0(60)
[2026-07-01T01:52:00.786+0000][53.503s][info][gc,heap     ] GC(121) Survivor regions: 5->5(9)
[2026-07-01T01:52:00.786+0000][53.503s][info][gc,heap     ] GC(121) Old regions: 162->162
[2026-07-01T01:52:00.786+0000][53.503s][info][gc,heap     ] GC(121) Humongous regions: 3->3
[2026-07-01T01:52:00.786+0000][53.503s][info][gc,metaspace] GC(121) Metaspace: 41679K(42496K)->41679K(42496K) NonClass: 36539K(36992K)->36539K(36992K) Class: 5139K(5504K)->5139K(5504K)
[2026-07-01T01:52:00.786+0000][53.503s][info][gc          ] GC(121) Pause Young (Mixed) (G1 Evacuation Pause) 229M->169M(243M) 14.212ms
[2026-07-01T01:52:00.786+0000][53.503s][info][gc,cpu      ] GC(121) User=0.03s Sys=0.00s Real=0.01s
[2026-07-01T01:52:01.372+0000][54.089s][info][gc,start    ] GC(122) Pause Young (Concurrent Start) (G1 Evacuation Pause)
[2026-07-01T01:52:01.372+0000][54.089s][info][gc,task     ] GC(122) Using 2 workers of 2 for evacuation
[2026-07-01T01:52:01.389+0000][54.106s][info][gc,phases   ] GC(122)   Pre Evacuate Collection Set: 0.24ms
[2026-07-01T01:52:01.389+0000][54.106s][info][gc,phases   ] GC(122)   Merge Heap Roots: 0.31ms
[2026-07-01T01:52:01.389+0000][54.106s][info][gc,phases   ] GC(122)   Evacuate Collection Set: 12.34ms
[2026-07-01T01:52:01.389+0000][54.106s][info][gc,phases   ] GC(122)   Post Evacuate Collection Set: 4.08ms
[2026-07-01T01:52:01.389+0000][54.106s][info][gc,phases   ] GC(122)   Other: 0.11ms
[2026-07-01T01:52:01.389+0000][54.106s][info][gc,heap     ] GC(122) Eden regions: 60->0(59)
[2026-07-01T01:52:01.389+0000][54.106s][info][gc,heap     ] GC(122) Survivor regions: 5->5(9)
[2026-07-01T01:52:01.389+0000][54.106s][info][gc,heap     ] GC(122) Old regions: 162->163
[2026-07-01T01:52:01.389+0000][54.106s][info][gc,heap     ] GC(122) Humongous regions: 3->3
[2026-07-01T01:52:01.389+0000][54.106s][info][gc,metaspace] GC(122) Metaspace: 41679K(42496K)->41679K(42496K) NonClass: 36539K(36992K)->36539K(36992K) Class: 5139K(5504K)->5139K(5504K)
[2026-07-01T01:52:01.389+0000][54.106s][info][gc          ] GC(122) Pause Young (Concurrent Start) (G1 Evacuation Pause) 229M->170M(243M) 17.273ms
[2026-07-01T01:52:01.389+0000][54.106s][info][gc,cpu      ] GC(122) User=0.03s Sys=0.00s Real=0.02s
[2026-07-01T01:52:01.396+0000][54.113s][info][gc          ] GC(123) Concurrent Mark Cycle
[2026-07-01T01:52:01.396+0000][54.113s][info][gc,marking  ] GC(123) Concurrent Scan Root Regions
[2026-07-01T01:52:01.414+0000][54.131s][info][gc,marking  ] GC(123) Concurrent Scan Root Regions 17.874ms
[2026-07-01T01:52:01.414+0000][54.131s][info][gc,marking  ] GC(123) Concurrent Mark
[2026-07-01T01:52:01.414+0000][54.131s][info][gc,marking  ] GC(123) Concurrent Mark From Roots
[2026-07-01T01:52:01.414+0000][54.131s][info][gc,task     ] GC(123) Using 1 workers of 1 for marking
[2026-07-01T01:52:01.836+0000][54.553s][info][gc,marking  ] GC(123) Concurrent Mark From Roots 422.145ms
[2026-07-01T01:52:01.836+0000][54.553s][info][gc,marking  ] GC(123) Concurrent Preclean
[2026-07-01T01:52:01.836+0000][54.553s][info][gc,marking  ] GC(123) Concurrent Preclean 0.151ms
[2026-07-01T01:52:01.836+0000][54.553s][info][gc,start    ] GC(123) Pause Remark
[2026-07-01T01:52:01.851+0000][54.568s][info][gc          ] GC(123) Pause Remark 202M->202M(243M) 14.668ms
[2026-07-01T01:52:01.851+0000][54.568s][info][gc,cpu      ] GC(123) User=0.02s Sys=0.00s Real=0.02s
[2026-07-01T01:52:01.853+0000][54.570s][info][gc,marking  ] GC(123) Concurrent Mark 438.989ms
[2026-07-01T01:52:01.853+0000][54.570s][info][gc,marking  ] GC(123) Concurrent Rebuild Remembered Sets and Scrub Regions
[2026-07-01T01:52:02.052+0000][54.769s][info][gc,marking  ] GC(123) Concurrent Rebuild Remembered Sets and Scrub Regions 199.426ms
[2026-07-01T01:52:02.052+0000][54.769s][info][gc,start    ] GC(123) Pause Cleanup
[2026-07-01T01:52:02.052+0000][54.769s][info][gc          ] GC(123) Pause Cleanup 215M->215M(243M) 0.189ms
[2026-07-01T01:52:02.052+0000][54.769s][info][gc,cpu      ] GC(123) User=0.00s Sys=0.00s Real=0.00s
[2026-07-01T01:52:02.052+0000][54.769s][info][gc,marking  ] GC(123) Concurrent Clear Claimed Marks
[2026-07-01T01:52:02.052+0000][54.769s][info][gc,marking  ] GC(123) Concurrent Clear Claimed Marks 0.082ms
[2026-07-01T01:52:02.052+0000][54.769s][info][gc,marking  ] GC(123) Concurrent Cleanup for Next Mark
[2026-07-01T01:52:02.053+0000][54.770s][info][gc,marking  ] GC(123) Concurrent Cleanup for Next Mark 0.398ms
[2026-07-01T01:52:02.053+0000][54.770s][info][gc          ] GC(123) Concurrent Mark Cycle 657.266ms
[2026-07-01T01:52:02.191+0000][54.908s][info][gc,start    ] GC(124) Pause Young (Prepare Mixed) (G1 Evacuation Pause)
[2026-07-01T01:52:02.191+0000][54.908s][info][gc,task     ] GC(124) Using 2 workers of 2 for evacuation
[2026-07-01T01:52:02.219+0000][54.936s][info][gc,phases   ] GC(124)   Pre Evacuate Collection Set: 0.20ms
[2026-07-01T01:52:02.219+0000][54.936s][info][gc,phases   ] GC(124)   Merge Heap Roots: 0.54ms
[2026-07-01T01:52:02.219+0000][54.936s][info][gc,phases   ] GC(124)   Evacuate Collection Set: 24.57ms
[2026-07-01T01:52:02.219+0000][54.936s][info][gc,phases   ] GC(124)   Post Evacuate Collection Set: 2.30ms
[2026-07-01T01:52:02.219+0000][54.936s][info][gc,phases   ] GC(124)   Other: 0.06ms
[2026-07-01T01:52:02.219+0000][54.936s][info][gc,heap     ] GC(124) Eden regions: 59->0(59)
[2026-07-01T01:52:02.219+0000][54.936s][info][gc,heap     ] GC(124) Survivor regions: 5->5(8)
[2026-07-01T01:52:02.219+0000][54.936s][info][gc,heap     ] GC(124) Old regions: 163->163
[2026-07-01T01:52:02.219+0000][54.936s][info][gc,heap     ] GC(124) Humongous regions: 3->3
[2026-07-01T01:52:02.219+0000][54.936s][info][gc,metaspace] GC(124) Metaspace: 41679K(42496K)->41679K(42496K) NonClass: 36539K(36992K)->36539K(36992K) Class: 5139K(5504K)->5139K(5504K)
[2026-07-01T01:52:02.219+0000][54.936s][info][gc          ] GC(124) Pause Young (Prepare Mixed) (G1 Evacuation Pause) 229M->170M(243M) 27.895ms
[2026-07-01T01:52:02.219+0000][54.936s][info][gc,cpu      ] GC(124) User=0.02s Sys=0.00s Real=0.03s
[2026-07-01T01:52:02.766+0000][55.483s][info][gc,start    ] GC(125) Pause Young (Mixed) (G1 Evacuation Pause)
[2026-07-01T01:52:02.766+0000][55.483s][info][gc,task     ] GC(125) Using 2 workers of 2 for evacuation
[2026-07-01T01:52:02.852+0000][55.569s][info][gc,phases   ] GC(125)   Pre Evacuate Collection Set: 0.17ms
[2026-07-01T01:52:02.852+0000][55.569s][info][gc,phases   ] GC(125)   Merge Heap Roots: 0.65ms
[2026-07-01T01:52:02.852+0000][55.569s][info][gc,phases   ] GC(125)   Evacuate Collection Set: 84.27ms
[2026-07-01T01:52:02.852+0000][55.569s][info][gc,phases   ] GC(125)   Post Evacuate Collection Set: 0.66ms
[2026-07-01T01:52:02.852+0000][55.569s][info][gc,phases   ] GC(125)   Other: 0.06ms
[2026-07-01T01:52:02.852+0000][55.569s][info][gc,heap     ] GC(125) Eden regions: 59->0(59)
[2026-07-01T01:52:02.852+0000][55.569s][info][gc,heap     ] GC(125) Survivor regions: 5->5(8)
[2026-07-01T01:52:02.852+0000][55.569s][info][gc,heap     ] GC(125) Old regions: 163->163
[2026-07-01T01:52:02.852+0000][55.569s][info][gc,heap     ] GC(125) Humongous regions: 3->3
[2026-07-01T01:52:02.852+0000][55.569s][info][gc,metaspace] GC(125) Metaspace: 41679K(42496K)->41679K(42496K) NonClass: 36539K(36992K)->36539K(36992K) Class: 5139K(5504K)->5139K(5504K)
[2026-07-01T01:52:02.852+0000][55.569s][info][gc          ] GC(125) Pause Young (Mixed) (G1 Evacuation Pause) 229M->169M(243M) 85.996ms
[2026-07-01T01:52:02.852+0000][55.569s][info][gc,cpu      ] GC(125) User=0.13s Sys=0.00s Real=0.09s
[2026-07-01T01:52:03.293+0000][56.010s][info][gc,start    ] GC(126) Pause Young (Concurrent Start) (G1 Evacuation Pause)
[2026-07-01T01:52:03.293+0000][56.010s][info][gc,task     ] GC(126) Using 2 workers of 2 for evacuation
[2026-07-01T01:52:03.304+0000][56.021s][info][gc,phases   ] GC(126)   Pre Evacuate Collection Set: 0.23ms
[2026-07-01T01:52:03.304+0000][56.021s][info][gc,phases   ] GC(126)   Merge Heap Roots: 0.23ms
[2026-07-01T01:52:03.304+0000][56.021s][info][gc,phases   ] GC(126)   Evacuate Collection Set: 10.31ms
[2026-07-01T01:52:03.304+0000][56.021s][info][gc,phases   ] GC(126)   Post Evacuate Collection Set: 0.28ms
[2026-07-01T01:52:03.304+0000][56.021s][info][gc,phases   ] GC(126)   Other: 0.07ms
[2026-07-01T01:52:03.304+0000][56.021s][info][gc,heap     ] GC(126) Eden regions: 59->0(59)
[2026-07-01T01:52:03.304+0000][56.021s][info][gc,heap     ] GC(126) Survivor regions: 5->5(8)
[2026-07-01T01:52:03.304+0000][56.021s][info][gc,heap     ] GC(126) Old regions: 163->163
[2026-07-01T01:52:03.304+0000][56.021s][info][gc,heap     ] GC(126) Humongous regions: 3->3
[2026-07-01T01:52:03.304+0000][56.021s][info][gc,metaspace] GC(126) Metaspace: 41684K(42496K)->41684K(42496K) NonClass: 36544K(36992K)->36544K(36992K) Class: 5139K(5504K)->5139K(5504K)
[2026-07-01T01:52:03.304+0000][56.021s][info][gc          ] GC(126) Pause Young (Concurrent Start) (G1 Evacuation Pause) 228M->170M(243M) 11.283ms
[2026-07-01T01:52:03.304+0000][56.021s][info][gc          ] GC(127) Concurrent Mark Cycle
[2026-07-01T01:52:03.304+0000][56.021s][info][gc,marking  ] GC(127) Concurrent Scan Root Regions
[2026-07-01T01:52:03.304+0000][56.021s][info][gc,cpu      ] GC(126) User=0.02s Sys=0.00s Real=0.01s
[2026-07-01T01:52:03.317+0000][56.034s][info][gc,marking  ] GC(127) Concurrent Scan Root Regions 12.404ms
[2026-07-01T01:52:03.317+0000][56.034s][info][gc,marking  ] GC(127) Concurrent Mark
[2026-07-01T01:52:03.317+0000][56.034s][info][gc,marking  ] GC(127) Concurrent Mark From Roots
[2026-07-01T01:52:03.317+0000][56.034s][info][gc,task     ] GC(127) Using 1 workers of 1 for marking
[2026-07-01T01:52:03.769+0000][56.486s][info][gc,start    ] GC(128) Pause Young (Normal) (G1 Evacuation Pause)
[2026-07-01T01:52:03.769+0000][56.486s][info][gc,task     ] GC(128) Using 2 workers of 2 for evacuation
[2026-07-01T01:52:03.779+0000][56.496s][info][gc,phases   ] GC(128)   Pre Evacuate Collection Set: 0.18ms
[2026-07-01T01:52:03.779+0000][56.496s][info][gc,phases   ] GC(128)   Merge Heap Roots: 0.30ms
[2026-07-01T01:52:03.779+0000][56.496s][info][gc,phases   ] GC(128)   Evacuate Collection Set: 9.34ms
[2026-07-01T01:52:03.779+0000][56.496s][info][gc,phases   ] GC(128)   Post Evacuate Collection Set: 0.27ms
[2026-07-01T01:52:03.779+0000][56.496s][info][gc,phases   ] GC(128)   Other: 0.05ms
[2026-07-01T01:52:03.779+0000][56.496s][info][gc,heap     ] GC(128) Eden regions: 59->0(59)
[2026-07-01T01:52:03.780+0000][56.496s][info][gc,heap     ] GC(128) Survivor regions: 5->5(8)
[2026-07-01T01:52:03.780+0000][56.497s][info][gc,heap     ] GC(128) Old regions: 163->163
[2026-07-01T01:52:03.780+0000][56.497s][info][gc,heap     ] GC(128) Humongous regions: 3->3
[2026-07-01T01:52:03.780+0000][56.497s][info][gc,metaspace] GC(128) Metaspace: 41685K(42496K)->41685K(42496K) NonClass: 36546K(36992K)->36546K(36992K) Class: 5139K(5504K)->5139K(5504K)
[2026-07-01T01:52:03.780+0000][56.497s][info][gc          ] GC(128) Pause Young (Normal) (G1 Evacuation Pause) 229M->170M(243M) 10.314ms
[2026-07-01T01:52:03.780+0000][56.497s][info][gc,cpu      ] GC(128) User=0.02s Sys=0.01s Real=0.01s
[2026-07-01T01:52:03.954+0000][56.671s][info][gc,marking  ] GC(127) Concurrent Mark From Roots 637.521ms
[2026-07-01T01:52:03.954+0000][56.671s][info][gc,marking  ] GC(127) Concurrent Preclean
[2026-07-01T01:52:03.955+0000][56.672s][info][gc,marking  ] GC(127) Concurrent Preclean 0.504ms
[2026-07-01T01:52:03.955+0000][56.672s][info][gc,start    ] GC(127) Pause Remark
[2026-07-01T01:52:03.964+0000][56.681s][info][gc          ] GC(127) Pause Remark 188M->188M(243M) 9.366ms
[2026-07-01T01:52:03.964+0000][56.681s][info][gc,cpu      ] GC(127) User=0.02s Sys=0.00s Real=0.01s
[2026-07-01T01:52:03.970+0000][56.687s][info][gc,marking  ] GC(127) Concurrent Mark 653.470ms
[2026-07-01T01:52:03.970+0000][56.687s][info][gc,marking  ] GC(127) Concurrent Rebuild Remembered Sets and Scrub Regions
[2026-07-01T01:52:04.055+0000][56.772s][info][gc,marking  ] GC(127) Concurrent Rebuild Remembered Sets and Scrub Regions 84.455ms
[2026-07-01T01:52:04.055+0000][56.772s][info][gc,start    ] GC(127) Pause Cleanup
[2026-07-01T01:52:04.055+0000][56.772s][info][gc          ] GC(127) Pause Cleanup 197M->197M(243M) 0.037ms
[2026-07-01T01:52:04.055+0000][56.772s][info][gc,cpu      ] GC(127) User=0.00s Sys=0.00s Real=0.00s
[2026-07-01T01:52:04.055+0000][56.772s][info][gc,marking  ] GC(127) Concurrent Clear Claimed Marks
[2026-07-01T01:52:04.055+0000][56.772s][info][gc,marking  ] GC(127) Concurrent Clear Claimed Marks 0.100ms
[2026-07-01T01:52:04.055+0000][56.772s][info][gc,marking  ] GC(127) Concurrent Cleanup for Next Mark
[2026-07-01T01:52:04.055+0000][56.772s][info][gc,marking  ] GC(127) Concurrent Cleanup for Next Mark 0.484ms
[2026-07-01T01:52:04.055+0000][56.772s][info][gc          ] GC(127) Concurrent Mark Cycle 751.270ms
[2026-07-01T01:52:04.259+0000][56.976s][info][gc,start    ] GC(129) Pause Young (Normal) (G1 Evacuation Pause)
[2026-07-01T01:52:04.259+0000][56.976s][info][gc,task     ] GC(129) Using 2 workers of 2 for evacuation
[2026-07-01T01:52:04.269+0000][56.986s][info][gc,phases   ] GC(129)   Pre Evacuate Collection Set: 0.15ms
[2026-07-01T01:52:04.269+0000][56.986s][info][gc,phases   ] GC(129)   Merge Heap Roots: 0.23ms
[2026-07-01T01:52:04.269+0000][56.986s][info][gc,phases   ] GC(129)   Evacuate Collection Set: 8.53ms
[2026-07-01T01:52:04.269+0000][56.986s][info][gc,phases   ] GC(129)   Post Evacuate Collection Set: 0.35ms
[2026-07-01T01:52:04.269+0000][56.986s][info][gc,phases   ] GC(129)   Other: 0.05ms
[2026-07-01T01:52:04.269+0000][56.986s][info][gc,heap     ] GC(129) Eden regions: 59->0(59)
[2026-07-01T01:52:04.269+0000][56.986s][info][gc,heap     ] GC(129) Survivor regions: 5->5(8)
[2026-07-01T01:52:04.269+0000][56.986s][info][gc,heap     ] GC(129) Old regions: 163->163
[2026-07-01T01:52:04.269+0000][56.986s][info][gc,heap     ] GC(129) Humongous regions: 3->3
[2026-07-01T01:52:04.269+0000][56.986s][info][gc,metaspace] GC(129) Metaspace: 41705K(42496K)->41705K(42496K) NonClass: 36563K(36992K)->36563K(36992K) Class: 5141K(5504K)->5141K(5504K)
[2026-07-01T01:52:04.269+0000][56.986s][info][gc          ] GC(129) Pause Young (Normal) (G1 Evacuation Pause) 229M->170M(243M) 9.442ms
[2026-07-01T01:52:04.269+0000][56.986s][info][gc,cpu      ] GC(129) User=0.02s Sys=0.00s Real=0.01s
[2026-07-01T01:52:04.572+0000][57.289s][info][gc,start    ] GC(130) Pause Young (Concurrent Start) (G1 Evacuation Pause)
[2026-07-01T01:52:04.572+0000][57.289s][info][gc,task     ] GC(130) Using 2 workers of 2 for evacuation
[2026-07-01T01:52:04.580+0000][57.297s][info][gc,phases   ] GC(130)   Pre Evacuate Collection Set: 0.17ms
[2026-07-01T01:52:04.580+0000][57.297s][info][gc,phases   ] GC(130)   Merge Heap Roots: 0.19ms
[2026-07-01T01:52:04.580+0000][57.297s][info][gc,phases   ] GC(130)   Evacuate Collection Set: 8.06ms
[2026-07-01T01:52:04.580+0000][57.297s][info][gc,phases   ] GC(130)   Post Evacuate Collection Set: 0.31ms
[2026-07-01T01:52:04.580+0000][57.297s][info][gc,phases   ] GC(130)   Other: 0.07ms
[2026-07-01T01:52:04.580+0000][57.297s][info][gc,heap     ] GC(130) Eden regions: 59->0(58)
[2026-07-01T01:52:04.580+0000][57.297s][info][gc,heap     ] GC(130) Survivor regions: 5->5(8)
[2026-07-01T01:52:04.580+0000][57.297s][info][gc,heap     ] GC(130) Old regions: 163->164
[2026-07-01T01:52:04.580+0000][57.297s][info][gc,heap     ] GC(130) Humongous regions: 3->3
[2026-07-01T01:52:04.580+0000][57.297s][info][gc,metaspace] GC(130) Metaspace: 41705K(42496K)->41705K(42496K) NonClass: 36563K(36992K)->36563K(36992K) Class: 5141K(5504K)->5141K(5504K)
[2026-07-01T01:52:04.580+0000][57.297s][info][gc          ] GC(130) Pause Young (Concurrent Start) (G1 Evacuation Pause) 229M->170M(243M) 8.941ms
[2026-07-01T01:52:04.580+0000][57.297s][info][gc,cpu      ] GC(130) User=0.01s Sys=0.00s Real=0.01s
[2026-07-01T01:52:04.582+0000][57.299s][info][gc          ] GC(131) Concurrent Mark Cycle
[2026-07-01T01:52:04.582+0000][57.299s][info][gc,marking  ] GC(131) Concurrent Scan Root Regions
[2026-07-01T01:52:04.588+0000][57.305s][info][gc,marking  ] GC(131) Concurrent Scan Root Regions 6.054ms
[2026-07-01T01:52:04.588+0000][57.305s][info][gc,marking  ] GC(131) Concurrent Mark
[2026-07-01T01:52:04.588+0000][57.305s][info][gc,marking  ] GC(131) Concurrent Mark From Roots
[2026-07-01T01:52:04.588+0000][57.305s][info][gc,task     ] GC(131) Using 1 workers of 1 for marking
[2026-07-01T01:52:05.014+0000][57.731s][info][gc,start    ] GC(132) Pause Young (Normal) (G1 Evacuation Pause)
[2026-07-01T01:52:05.015+0000][57.732s][info][gc,task     ] GC(132) Using 2 workers of 2 for evacuation
[2026-07-01T01:52:05.027+0000][57.744s][info][gc,phases   ] GC(132)   Pre Evacuate Collection Set: 0.15ms
[2026-07-01T01:52:05.028+0000][57.745s][info][gc,phases   ] GC(132)   Merge Heap Roots: 0.29ms
[2026-07-01T01:52:05.028+0000][57.745s][info][gc,phases   ] GC(132)   Evacuate Collection Set: 12.11ms
[2026-07-01T01:52:05.028+0000][57.745s][info][gc,phases   ] GC(132)   Post Evacuate Collection Set: 0.35ms
[2026-07-01T01:52:05.028+0000][57.745s][info][gc,phases   ] GC(132)   Other: 0.05ms
[2026-07-01T01:52:05.028+0000][57.745s][info][gc,heap     ] GC(132) Eden regions: 58->0(58)
[2026-07-01T01:52:05.028+0000][57.745s][info][gc,heap     ] GC(132) Survivor regions: 5->5(8)
[2026-07-01T01:52:05.028+0000][57.745s][info][gc,heap     ] GC(132) Old regions: 164->164
[2026-07-01T01:52:05.028+0000][57.745s][info][gc,heap     ] GC(132) Humongous regions: 3->3
[2026-07-01T01:52:05.028+0000][57.745s][info][gc,metaspace] GC(132) Metaspace: 41705K(42496K)->41705K(42496K) NonClass: 36563K(36992K)->36563K(36992K) Class: 5141K(5504K)->5141K(5504K)
[2026-07-01T01:52:05.028+0000][57.745s][info][gc          ] GC(132) Pause Young (Normal) (G1 Evacuation Pause) 228M->171M(243M) 13.101ms
[2026-07-01T01:52:05.028+0000][57.745s][info][gc,cpu      ] GC(132) User=0.03s Sys=0.00s Real=0.01s
[2026-07-01T01:52:05.211+0000][57.928s][info][gc,marking  ] GC(131) Concurrent Mark From Roots 623.462ms
[2026-07-01T01:52:05.211+0000][57.928s][info][gc,marking  ] GC(131) Concurrent Preclean
[2026-07-01T01:52:05.212+0000][57.929s][info][gc,marking  ] GC(131) Concurrent Preclean 0.972ms
[2026-07-01T01:52:05.212+0000][57.929s][info][gc,start    ] GC(131) Pause Remark
[2026-07-01T01:52:05.218+0000][57.935s][info][gc          ] GC(131) Pause Remark 197M->197M(243M) 6.129ms
[2026-07-01T01:52:05.219+0000][57.936s][info][gc,cpu      ] GC(131) User=0.01s Sys=0.00s Real=0.01s
[2026-07-01T01:52:05.220+0000][57.937s][info][gc,marking  ] GC(131) Concurrent Mark 632.645ms
[2026-07-01T01:52:05.220+0000][57.937s][info][gc,marking  ] GC(131) Concurrent Rebuild Remembered Sets and Scrub Regions
[2026-07-01T01:52:05.436+0000][58.153s][info][gc,marking  ] GC(131) Concurrent Rebuild Remembered Sets and Scrub Regions 215.311ms
[2026-07-01T01:52:05.436+0000][58.153s][info][gc,start    ] GC(131) Pause Cleanup
[2026-07-01T01:52:05.436+0000][58.153s][info][gc          ] GC(131) Pause Cleanup 228M->228M(243M) 0.164ms
[2026-07-01T01:52:05.436+0000][58.153s][info][gc,cpu      ] GC(131) User=0.00s Sys=0.00s Real=0.00s
[2026-07-01T01:52:05.437+0000][58.154s][info][gc,marking  ] GC(131) Concurrent Clear Claimed Marks
[2026-07-01T01:52:05.437+0000][58.154s][info][gc,marking  ] GC(131) Concurrent Clear Claimed Marks 0.171ms
[2026-07-01T01:52:05.437+0000][58.154s][info][gc,marking  ] GC(131) Concurrent Cleanup for Next Mark
[2026-07-01T01:52:05.438+0000][58.155s][info][gc,marking  ] GC(131) Concurrent Cleanup for Next Mark 0.753ms
[2026-07-01T01:52:05.438+0000][58.155s][info][gc          ] GC(131) Concurrent Mark Cycle 856.407ms
[2026-07-01T01:52:05.441+0000][58.158s][info][gc,start    ] GC(133) Pause Young (Normal) (G1 Evacuation Pause)
[2026-07-01T01:52:05.441+0000][58.158s][info][gc,task     ] GC(133) Using 2 workers of 2 for evacuation
[2026-07-01T01:52:05.452+0000][58.169s][info][gc,phases   ] GC(133)   Pre Evacuate Collection Set: 0.19ms
[2026-07-01T01:52:05.452+0000][58.169s][info][gc,phases   ] GC(133)   Merge Heap Roots: 0.32ms
[2026-07-01T01:52:05.452+0000][58.169s][info][gc,phases   ] GC(133)   Evacuate Collection Set: 9.65ms
[2026-07-01T01:52:05.452+0000][58.169s][info][gc,phases   ] GC(133)   Post Evacuate Collection Set: 0.35ms
[2026-07-01T01:52:05.452+0000][58.169s][info][gc,phases   ] GC(133)   Other: 0.05ms
[2026-07-01T01:52:05.452+0000][58.169s][info][gc,heap     ] GC(133) Eden regions: 58->0(58)
[2026-07-01T01:52:05.452+0000][58.169s][info][gc,heap     ] GC(133) Survivor regions: 5->5(8)
[2026-07-01T01:52:05.452+0000][58.169s][info][gc,heap     ] GC(133) Old regions: 164->164
[2026-07-01T01:52:05.452+0000][58.169s][info][gc,heap     ] GC(133) Humongous regions: 3->3
[2026-07-01T01:52:05.452+0000][58.169s][info][gc,metaspace] GC(133) Metaspace: 41705K(42496K)->41705K(42496K) NonClass: 36563K(36992K)->36563K(36992K) Class: 5141K(5504K)->5141K(5504K)
[2026-07-01T01:52:05.452+0000][58.169s][info][gc          ] GC(133) Pause Young (Normal) (G1 Evacuation Pause) 229M->171M(243M) 10.685ms
[2026-07-01T01:52:05.452+0000][58.169s][info][gc,cpu      ] GC(133) User=0.02s Sys=0.01s Real=0.01s
[2026-07-01T01:52:05.736+0000][58.453s][info][gc,start    ] GC(134) Pause Young (Concurrent Start) (G1 Evacuation Pause)
[2026-07-01T01:52:05.736+0000][58.453s][info][gc,task     ] GC(134) Using 2 workers of 2 for evacuation
[2026-07-01T01:52:05.745+0000][58.462s][info][gc,phases   ] GC(134)   Pre Evacuate Collection Set: 0.16ms
[2026-07-01T01:52:05.745+0000][58.462s][info][gc,phases   ] GC(134)   Merge Heap Roots: 0.19ms
[2026-07-01T01:52:05.745+0000][58.462s][info][gc,phases   ] GC(134)   Evacuate Collection Set: 7.88ms
[2026-07-01T01:52:05.745+0000][58.462s][info][gc,phases   ] GC(134)   Post Evacuate Collection Set: 0.57ms
[2026-07-01T01:52:05.745+0000][58.462s][info][gc,phases   ] GC(134)   Other: 0.08ms
[2026-07-01T01:52:05.745+0000][58.462s][info][gc,heap     ] GC(134) Eden regions: 58->0(77)
[2026-07-01T01:52:05.745+0000][58.462s][info][gc,heap     ] GC(134) Survivor regions: 5->5(8)
[2026-07-01T01:52:05.745+0000][58.462s][info][gc,heap     ] GC(134) Old regions: 164->164
[2026-07-01T01:52:05.745+0000][58.462s][info][gc,heap     ] GC(134) Humongous regions: 3->3
[2026-07-01T01:52:05.745+0000][58.462s][info][gc,metaspace] GC(134) Metaspace: 41705K(42496K)->41705K(42496K) NonClass: 36563K(36992K)->36563K(36992K) Class: 5141K(5504K)->5141K(5504K)
[2026-07-01T01:52:05.745+0000][58.462s][info][gc          ] GC(134) Pause Young (Concurrent Start) (G1 Evacuation Pause) 229M->171M(263M) 9.082ms
[2026-07-01T01:52:05.746+0000][58.462s][info][gc          ] GC(135) Concurrent Mark Cycle
[2026-07-01T01:52:05.746+0000][58.463s][info][gc,marking  ] GC(135) Concurrent Scan Root Regions
[2026-07-01T01:52:05.746+0000][58.463s][info][gc,cpu      ] GC(134) User=0.01s Sys=0.00s Real=0.01s
[2026-07-01T01:52:05.757+0000][58.474s][info][gc,marking  ] GC(135) Concurrent Scan Root Regions 11.579ms
[2026-07-01T01:52:05.757+0000][58.474s][info][gc,marking  ] GC(135) Concurrent Mark
[2026-07-01T01:52:05.757+0000][58.474s][info][gc,marking  ] GC(135) Concurrent Mark From Roots
[2026-07-01T01:52:05.757+0000][58.474s][info][gc,task     ] GC(135) Using 1 workers of 1 for marking
[2026-07-01T01:52:06.194+0000][58.911s][info][gc,start    ] GC(136) Pause Young (Normal) (G1 Evacuation Pause)
[2026-07-01T01:52:06.194+0000][58.911s][info][gc,task     ] GC(136) Using 2 workers of 2 for evacuation
[2026-07-01T01:52:06.216+0000][58.933s][info][gc,phases   ] GC(136)   Pre Evacuate Collection Set: 0.19ms
[2026-07-01T01:52:06.216+0000][58.933s][info][gc,phases   ] GC(136)   Merge Heap Roots: 0.30ms
[2026-07-01T01:52:06.216+0000][58.933s][info][gc,phases   ] GC(136)   Evacuate Collection Set: 20.34ms
[2026-07-01T01:52:06.216+0000][58.933s][info][gc,phases   ] GC(136)   Post Evacuate Collection Set: 0.62ms
[2026-07-01T01:52:06.216+0000][58.933s][info][gc,phases   ] GC(136)   Other: 0.10ms
[2026-07-01T01:52:06.216+0000][58.933s][info][gc,heap     ] GC(136) Eden regions: 77->0(77)
[2026-07-01T01:52:06.216+0000][58.933s][info][gc,heap     ] GC(136) Survivor regions: 5->5(11)
[2026-07-01T01:52:06.216+0000][58.933s][info][gc,heap     ] GC(136) Old regions: 164->164
[2026-07-01T01:52:06.216+0000][58.933s][info][gc,heap     ] GC(136) Humongous regions: 3->3
[2026-07-01T01:52:06.216+0000][58.933s][info][gc,metaspace] GC(136) Metaspace: 41705K(42496K)->41705K(42496K) NonClass: 36563K(36992K)->36563K(36992K) Class: 5141K(5504K)->5141K(5504K)
[2026-07-01T01:52:06.216+0000][58.933s][info][gc          ] GC(136) Pause Young (Normal) (G1 Evacuation Pause) 248M->171M(263M) 21.720ms
[2026-07-01T01:52:06.216+0000][58.933s][info][gc,cpu      ] GC(136) User=0.02s Sys=0.00s Real=0.02s
[2026-07-01T01:52:06.420+0000][59.137s][info][gc,marking  ] GC(135) Concurrent Mark From Roots 662.632ms
[2026-07-01T01:52:06.420+0000][59.137s][info][gc,marking  ] GC(135) Concurrent Preclean
[2026-07-01T01:52:06.420+0000][59.137s][info][gc,marking  ] GC(135) Concurrent Preclean 0.332ms
[2026-07-01T01:52:06.420+0000][59.137s][info][gc,start    ] GC(135) Pause Remark
[2026-07-01T01:52:06.435+0000][59.152s][info][gc          ] GC(135) Pause Remark 196M->196M(263M) 14.150ms
[2026-07-01T01:52:06.435+0000][59.152s][info][gc,cpu      ] GC(135) User=0.01s Sys=0.00s Real=0.01s
[2026-07-01T01:52:06.439+0000][59.156s][info][gc,marking  ] GC(135) Concurrent Mark 682.019ms
[2026-07-01T01:52:06.439+0000][59.156s][info][gc,marking  ] GC(135) Concurrent Rebuild Remembered Sets and Scrub Regions
[2026-07-01T01:52:06.588+0000][59.305s][info][gc,marking  ] GC(135) Concurrent Rebuild Remembered Sets and Scrub Regions 148.611ms
[2026-07-01T01:52:06.588+0000][59.305s][info][gc,start    ] GC(135) Pause Cleanup
[2026-07-01T01:52:06.588+0000][59.305s][info][gc          ] GC(135) Pause Cleanup 212M->212M(263M) 0.180ms
[2026-07-01T01:52:06.588+0000][59.305s][info][gc,cpu      ] GC(135) User=0.00s Sys=0.00s Real=0.01s
[2026-07-01T01:52:06.588+0000][59.305s][info][gc,marking  ] GC(135) Concurrent Clear Claimed Marks
[2026-07-01T01:52:06.589+0000][59.306s][info][gc,marking  ] GC(135) Concurrent Clear Claimed Marks 0.339ms
[2026-07-01T01:52:06.589+0000][59.306s][info][gc,marking  ] GC(135) Concurrent Cleanup for Next Mark
[2026-07-01T01:52:06.591+0000][59.308s][info][gc,marking  ] GC(135) Concurrent Cleanup for Next Mark 2.885ms
[2026-07-01T01:52:06.592+0000][59.308s][info][gc          ] GC(135) Concurrent Mark Cycle 846.004ms
[2026-07-01T01:52:06.886+0000][59.603s][info][gc,start    ] GC(137) Pause Young (Normal) (G1 Evacuation Pause)
[2026-07-01T01:52:06.886+0000][59.603s][info][gc,task     ] GC(137) Using 2 workers of 2 for evacuation
[2026-07-01T01:52:06.912+0000][59.629s][info][gc,phases   ] GC(137)   Pre Evacuate Collection Set: 0.21ms
[2026-07-01T01:52:06.912+0000][59.629s][info][gc,phases   ] GC(137)   Merge Heap Roots: 0.62ms
[2026-07-01T01:52:06.912+0000][59.629s][info][gc,phases   ] GC(137)   Evacuate Collection Set: 24.57ms
[2026-07-01T01:52:06.912+0000][59.629s][info][gc,phases   ] GC(137)   Post Evacuate Collection Set: 0.67ms
[2026-07-01T01:52:06.912+0000][59.629s][info][gc,phases   ] GC(137)   Other: 0.07ms
[2026-07-01T01:52:06.912+0000][59.629s][info][gc,heap     ] GC(137) Eden regions: 77->0(77)
[2026-07-01T01:52:06.912+0000][59.629s][info][gc,heap     ] GC(137) Survivor regions: 5->5(11)
[2026-07-01T01:52:06.912+0000][59.629s][info][gc,heap     ] GC(137) Old regions: 164->164
[2026-07-01T01:52:06.912+0000][59.629s][info][gc,heap     ] GC(137) Humongous regions: 3->3
[2026-07-01T01:52:06.912+0000][59.629s][info][gc,metaspace] GC(137) Metaspace: 41705K(42496K)->41705K(42496K) NonClass: 36563K(36992K)->36563K(36992K) Class: 5141K(5504K)->5141K(5504K)
[2026-07-01T01:52:06.912+0000][59.629s][info][gc          ] GC(137) Pause Young (Normal) (G1 Evacuation Pause) 248M->171M(263M) 26.347ms
[2026-07-01T01:52:06.912+0000][59.629s][info][gc,cpu      ] GC(137) User=0.02s Sys=0.00s Real=0.03s
[2026-07-01T01:52:07.512+0000][60.229s][info][gc,start    ] GC(138) Pause Young (Concurrent Start) (G1 Evacuation Pause)
[2026-07-01T01:52:07.512+0000][60.229s][info][gc,task     ] GC(138) Using 2 workers of 2 for evacuation
[2026-07-01T01:52:07.536+0000][60.253s][info][gc,phases   ] GC(138)   Pre Evacuate Collection Set: 0.22ms
[2026-07-01T01:52:07.536+0000][60.253s][info][gc,phases   ] GC(138)   Merge Heap Roots: 0.38ms
[2026-07-01T01:52:07.536+0000][60.253s][info][gc,phases   ] GC(138)   Evacuate Collection Set: 22.03ms
[2026-07-01T01:52:07.536+0000][60.253s][info][gc,phases   ] GC(138)   Post Evacuate Collection Set: 0.38ms
[2026-07-01T01:52:07.536+0000][60.253s][info][gc,phases   ] GC(138)   Other: 0.09ms
[2026-07-01T01:52:07.536+0000][60.253s][info][gc,heap     ] GC(138) Eden regions: 77->0(77)
[2026-07-01T01:52:07.536+0000][60.253s][info][gc,heap     ] GC(138) Survivor regions: 5->5(11)
[2026-07-01T01:52:07.536+0000][60.253s][info][gc,heap     ] GC(138) Old regions: 164->164
[2026-07-01T01:52:07.536+0000][60.253s][info][gc,heap     ] GC(138) Humongous regions: 3->3
[2026-07-01T01:52:07.536+0000][60.253s][info][gc,metaspace] GC(138) Metaspace: 41707K(42496K)->41707K(42496K) NonClass: 36565K(36992K)->36565K(36992K) Class: 5141K(5504K)->5141K(5504K)
[2026-07-01T01:52:07.536+0000][60.253s][info][gc          ] GC(138) Pause Young (Concurrent Start) (G1 Evacuation Pause) 248M->171M(263M) 23.310ms
[2026-07-01T01:52:07.536+0000][60.253s][info][gc          ] GC(139) Concurrent Mark Cycle
[2026-07-01T01:52:07.536+0000][60.253s][info][gc,cpu      ] GC(138) User=0.03s Sys=0.00s Real=0.02s
[2026-07-01T01:52:07.536+0000][60.253s][info][gc,marking  ] GC(139) Concurrent Scan Root Regions
[2026-07-01T01:52:07.547+0000][60.264s][info][gc,marking  ] GC(139) Concurrent Scan Root Regions 10.916ms
[2026-07-01T01:52:07.547+0000][60.264s][info][gc,marking  ] GC(139) Concurrent Mark
[2026-07-01T01:52:07.547+0000][60.264s][info][gc,marking  ] GC(139) Concurrent Mark From Roots
[2026-07-01T01:52:07.547+0000][60.264s][info][gc,task     ] GC(139) Using 1 workers of 1 for marking
[2026-07-01T01:52:07.974+0000][60.691s][info][gc,marking  ] GC(139) Concurrent Mark From Roots 426.990ms
[2026-07-01T01:52:07.974+0000][60.691s][info][gc,marking  ] GC(139) Concurrent Preclean
[2026-07-01T01:52:07.974+0000][60.691s][info][gc,marking  ] GC(139) Concurrent Preclean 0.147ms
[2026-07-01T01:52:07.974+0000][60.691s][info][gc,start    ] GC(139) Pause Remark
[2026-07-01T01:52:07.982+0000][60.699s][info][gc          ] GC(139) Pause Remark 214M->214M(263M) 7.871ms
[2026-07-01T01:52:07.982+0000][60.699s][info][gc,cpu      ] GC(139) User=0.01s Sys=0.00s Real=0.01s
[2026-07-01T01:52:07.983+0000][60.700s][info][gc,marking  ] GC(139) Concurrent Mark 436.761ms
[2026-07-01T01:52:07.984+0000][60.701s][info][gc,marking  ] GC(139) Concurrent Rebuild Remembered Sets and Scrub Regions
[2026-07-01T01:52:08.107+0000][60.824s][info][gc,marking  ] GC(139) Concurrent Rebuild Remembered Sets and Scrub Regions 123.430ms
[2026-07-01T01:52:08.107+0000][60.824s][info][gc,start    ] GC(139) Pause Cleanup
[2026-07-01T01:52:08.107+0000][60.824s][info][gc          ] GC(139) Pause Cleanup 225M->225M(263M) 0.130ms
[2026-07-01T01:52:08.107+0000][60.824s][info][gc,cpu      ] GC(139) User=0.00s Sys=0.00s Real=0.00s
[2026-07-01T01:52:08.107+0000][60.824s][info][gc,marking  ] GC(139) Concurrent Clear Claimed Marks
[2026-07-01T01:52:08.107+0000][60.824s][info][gc,marking  ] GC(139) Concurrent Clear Claimed Marks 0.082ms
[2026-07-01T01:52:08.107+0000][60.824s][info][gc,marking  ] GC(139) Concurrent Cleanup for Next Mark
[2026-07-01T01:52:08.108+0000][60.825s][info][gc,marking  ] GC(139) Concurrent Cleanup for Next Mark 0.907ms
[2026-07-01T01:52:08.108+0000][60.825s][info][gc          ] GC(139) Concurrent Mark Cycle 572.545ms
[2026-07-01T01:52:08.295+0000][61.012s][info][gc,start    ] GC(140) Pause Young (Prepare Mixed) (G1 Evacuation Pause)
[2026-07-01T01:52:08.295+0000][61.012s][info][gc,task     ] GC(140) Using 2 workers of 2 for evacuation
[2026-07-01T01:52:08.323+0000][61.040s][info][gc,phases   ] GC(140)   Pre Evacuate Collection Set: 0.17ms
[2026-07-01T01:52:08.323+0000][61.040s][info][gc,phases   ] GC(140)   Merge Heap Roots: 0.32ms
[2026-07-01T01:52:08.323+0000][61.040s][info][gc,phases   ] GC(140)   Evacuate Collection Set: 26.42ms
[2026-07-01T01:52:08.323+0000][61.040s][info][gc,phases   ] GC(140)   Post Evacuate Collection Set: 0.69ms
[2026-07-01T01:52:08.323+0000][61.040s][info][gc,phases   ] GC(140)   Other: 0.06ms
[2026-07-01T01:52:08.323+0000][61.040s][info][gc,heap     ] GC(140) Eden regions: 77->0(75)
[2026-07-01T01:52:08.323+0000][61.040s][info][gc,heap     ] GC(140) Survivor regions: 5->6(11)
[2026-07-01T01:52:08.323+0000][61.040s][info][gc,heap     ] GC(140) Old regions: 164->165
[2026-07-01T01:52:08.323+0000][61.040s][info][gc,heap     ] GC(140) Humongous regions: 3->3
[2026-07-01T01:52:08.323+0000][61.040s][info][gc,metaspace] GC(140) Metaspace: 41707K(42496K)->41707K(42496K) NonClass: 36565K(36992K)->36565K(36992K) Class: 5141K(5504K)->5141K(5504K)
[2026-07-01T01:52:08.323+0000][61.040s][info][gc          ] GC(140) Pause Young (Prepare Mixed) (G1 Evacuation Pause) 248M->172M(263M) 27.892ms
[2026-07-01T01:52:08.323+0000][61.040s][info][gc,cpu      ] GC(140) User=0.03s Sys=0.00s Real=0.03s
[2026-07-01T01:52:08.791+0000][61.508s][info][gc,start    ] GC(141) Pause Young (Mixed) (G1 Evacuation Pause)
[2026-07-01T01:52:08.791+0000][61.508s][info][gc,task     ] GC(141) Using 2 workers of 2 for evacuation
[2026-07-01T01:52:08.805+0000][61.522s][info][gc,phases   ] GC(141)   Pre Evacuate Collection Set: 0.17ms
[2026-07-01T01:52:08.805+0000][61.522s][info][gc,phases   ] GC(141)   Merge Heap Roots: 0.36ms
[2026-07-01T01:52:08.805+0000][61.522s][info][gc,phases   ] GC(141)   Evacuate Collection Set: 13.23ms
[2026-07-01T01:52:08.805+0000][61.522s][info][gc,phases   ] GC(141)   Post Evacuate Collection Set: 0.45ms
[2026-07-01T01:52:08.805+0000][61.522s][info][gc,phases   ] GC(141)   Other: 0.05ms
[2026-07-01T01:52:08.805+0000][61.522s][info][gc,heap     ] GC(141) Eden regions: 75->0(76)
[2026-07-01T01:52:08.805+0000][61.522s][info][gc,heap     ] GC(141) Survivor regions: 6->5(11)
[2026-07-01T01:52:08.805+0000][61.522s][info][gc,heap     ] GC(141) Old regions: 165->165
[2026-07-01T01:52:08.805+0000][61.522s][info][gc,heap     ] GC(141) Humongous regions: 3->3
[2026-07-01T01:52:08.805+0000][61.522s][info][gc,metaspace] GC(141) Metaspace: 41707K(42496K)->41707K(42496K) NonClass: 36565K(36992K)->36565K(36992K) Class: 5141K(5504K)->5141K(5504K)
[2026-07-01T01:52:08.805+0000][61.522s][info][gc          ] GC(141) Pause Young (Mixed) (G1 Evacuation Pause) 247M->172M(263M) 14.411ms
[2026-07-01T01:52:08.805+0000][61.522s][info][gc,cpu      ] GC(141) User=0.03s Sys=0.00s Real=0.01s
[2026-07-01T01:52:09.164+0000][61.881s][info][gc,start    ] GC(142) Pause Young (Concurrent Start) (G1 Evacuation Pause)
[2026-07-01T01:52:09.164+0000][61.881s][info][gc,task     ] GC(142) Using 2 workers of 2 for evacuation
[2026-07-01T01:52:09.177+0000][61.894s][info][gc,phases   ] GC(142)   Pre Evacuate Collection Set: 0.23ms
[2026-07-01T01:52:09.177+0000][61.894s][info][gc,phases   ] GC(142)   Merge Heap Roots: 0.35ms
[2026-07-01T01:52:09.177+0000][61.894s][info][gc,phases   ] GC(142)   Evacuate Collection Set: 12.23ms
[2026-07-01T01:52:09.177+0000][61.894s][info][gc,phases   ] GC(142)   Post Evacuate Collection Set: 0.43ms
[2026-07-01T01:52:09.177+0000][61.894s][info][gc,phases   ] GC(142)   Other: 0.13ms
[2026-07-01T01:52:09.177+0000][61.894s][info][gc,heap     ] GC(142) Eden regions: 76->0(76)
[2026-07-01T01:52:09.177+0000][61.894s][info][gc,heap     ] GC(142) Survivor regions: 5->5(11)
[2026-07-01T01:52:09.177+0000][61.894s][info][gc,heap     ] GC(142) Old regions: 165->165
[2026-07-01T01:52:09.177+0000][61.894s][info][gc,heap     ] GC(142) Humongous regions: 3->3
[2026-07-01T01:52:09.177+0000][61.894s][info][gc,metaspace] GC(142) Metaspace: 41707K(42496K)->41707K(42496K) NonClass: 36565K(36992K)->36565K(36992K) Class: 5141K(5504K)->5141K(5504K)
[2026-07-01T01:52:09.177+0000][61.894s][info][gc          ] GC(142) Pause Young (Concurrent Start) (G1 Evacuation Pause) 248M->172M(263M) 13.585ms
[2026-07-01T01:52:09.177+0000][61.894s][info][gc          ] GC(143) Concurrent Mark Cycle
[2026-07-01T01:52:09.177+0000][61.894s][info][gc,cpu      ] GC(142) User=0.02s Sys=0.00s Real=0.01s
[2026-07-01T01:52:09.177+0000][61.894s][info][gc,marking  ] GC(143) Concurrent Scan Root Regions
[2026-07-01T01:52:09.190+0000][61.907s][info][gc,marking  ] GC(143) Concurrent Scan Root Regions 12.905ms
[2026-07-01T01:52:09.190+0000][61.907s][info][gc,marking  ] GC(143) Concurrent Mark
[2026-07-01T01:52:09.190+0000][61.907s][info][gc,marking  ] GC(143) Concurrent Mark From Roots
[2026-07-01T01:52:09.190+0000][61.907s][info][gc,task     ] GC(143) Using 1 workers of 1 for marking
[2026-07-01T01:52:09.627+0000][62.344s][info][gc,start    ] GC(144) Pause Young (Normal) (G1 Evacuation Pause)
[2026-07-01T01:52:09.627+0000][62.344s][info][gc,task     ] GC(144) Using 2 workers of 2 for evacuation
[2026-07-01T01:52:09.638+0000][62.355s][info][gc,phases   ] GC(144)   Pre Evacuate Collection Set: 0.31ms
[2026-07-01T01:52:09.638+0000][62.355s][info][gc,phases   ] GC(144)   Merge Heap Roots: 0.34ms
[2026-07-01T01:52:09.638+0000][62.355s][info][gc,phases   ] GC(144)   Evacuate Collection Set: 9.65ms
[2026-07-01T01:52:09.638+0000][62.355s][info][gc,phases   ] GC(144)   Post Evacuate Collection Set: 0.32ms
[2026-07-01T01:52:09.638+0000][62.355s][info][gc,phases   ] GC(144)   Other: 0.07ms
[2026-07-01T01:52:09.638+0000][62.355s][info][gc,heap     ] GC(144) Eden regions: 76->0(75)
[2026-07-01T01:52:09.638+0000][62.355s][info][gc,heap     ] GC(144) Survivor regions: 5->6(11)
[2026-07-01T01:52:09.638+0000][62.355s][info][gc,heap     ] GC(144) Old regions: 165->165
[2026-07-01T01:52:09.638+0000][62.355s][info][gc,heap     ] GC(144) Humongous regions: 3->3
[2026-07-01T01:52:09.638+0000][62.355s][info][gc,metaspace] GC(144) Metaspace: 41707K(42496K)->41707K(42496K) NonClass: 36565K(36992K)->36565K(36992K) Class: 5141K(5504K)->5141K(5504K)
[2026-07-01T01:52:09.638+0000][62.355s][info][gc          ] GC(144) Pause Young (Normal) (G1 Evacuation Pause) 248M->173M(263M) 10.871ms
[2026-07-01T01:52:09.638+0000][62.355s][info][gc,cpu      ] GC(144) User=0.02s Sys=0.00s Real=0.02s
[2026-07-01T01:52:09.790+0000][62.507s][info][gc,marking  ] GC(143) Concurrent Mark From Roots 599.641ms
[2026-07-01T01:52:09.790+0000][62.507s][info][gc,marking  ] GC(143) Concurrent Preclean
[2026-07-01T01:52:09.790+0000][62.507s][info][gc,marking  ] GC(143) Concurrent Preclean 0.150ms
[2026-07-01T01:52:09.790+0000][62.507s][info][gc,start    ] GC(143) Pause Remark
[2026-07-01T01:52:09.797+0000][62.514s][info][gc          ] GC(143) Pause Remark 203M->203M(263M) 6.375ms
[2026-07-01T01:52:09.797+0000][62.514s][info][gc,cpu      ] GC(143) User=0.01s Sys=0.00s Real=0.00s
[2026-07-01T01:52:09.801+0000][62.518s][info][gc,marking  ] GC(143) Concurrent Mark 610.305ms
[2026-07-01T01:52:09.801+0000][62.518s][info][gc,marking  ] GC(143) Concurrent Rebuild Remembered Sets and Scrub Regions
[2026-07-01T01:52:09.953+0000][62.670s][info][gc,marking  ] GC(143) Concurrent Rebuild Remembered Sets and Scrub Regions 151.694ms
[2026-07-01T01:52:09.953+0000][62.670s][info][gc,start    ] GC(143) Pause Cleanup
[2026-07-01T01:52:09.953+0000][62.670s][info][gc          ] GC(143) Pause Cleanup 231M->231M(263M) 0.149ms
[2026-07-01T01:52:09.953+0000][62.670s][info][gc,cpu      ] GC(143) User=0.00s Sys=0.00s Real=0.00s
[2026-07-01T01:52:09.953+0000][62.670s][info][gc,marking  ] GC(143) Concurrent Clear Claimed Marks
[2026-07-01T01:52:09.953+0000][62.670s][info][gc,marking  ] GC(143) Concurrent Clear Claimed Marks 0.094ms
[2026-07-01T01:52:09.954+0000][62.671s][info][gc,marking  ] GC(143) Concurrent Cleanup for Next Mark
[2026-07-01T01:52:09.954+0000][62.671s][info][gc,marking  ] GC(143) Concurrent Cleanup for Next Mark 0.508ms
[2026-07-01T01:52:09.954+0000][62.671s][info][gc          ] GC(143) Concurrent Mark Cycle 776.907ms
[2026-07-01T01:52:10.032+0000][62.749s][info][gc,start    ] GC(145) Pause Young (Normal) (G1 Evacuation Pause)
[2026-07-01T01:52:10.033+0000][62.750s][info][gc,task     ] GC(145) Using 2 workers of 2 for evacuation
[2026-07-01T01:52:10.043+0000][62.760s][info][gc,phases   ] GC(145)   Pre Evacuate Collection Set: 0.21ms
[2026-07-01T01:52:10.043+0000][62.760s][info][gc,phases   ] GC(145)   Merge Heap Roots: 0.36ms
[2026-07-01T01:52:10.043+0000][62.760s][info][gc,phases   ] GC(145)   Evacuate Collection Set: 9.42ms
[2026-07-01T01:52:10.043+0000][62.760s][info][gc,phases   ] GC(145)   Post Evacuate Collection Set: 0.33ms
[2026-07-01T01:52:10.043+0000][62.760s][info][gc,phases   ] GC(145)   Other: 0.05ms
[2026-07-01T01:52:10.043+0000][62.760s][info][gc,heap     ] GC(145) Eden regions: 75->0(75)
[2026-07-01T01:52:10.043+0000][62.760s][info][gc,heap     ] GC(145) Survivor regions: 6->6(11)
[2026-07-01T01:52:10.043+0000][62.760s][info][gc,heap     ] GC(145) Old regions: 165->165
[2026-07-01T01:52:10.043+0000][62.760s][info][gc,heap     ] GC(145) Humongous regions: 3->3
[2026-07-01T01:52:10.043+0000][62.760s][info][gc,metaspace] GC(145) Metaspace: 41707K(42496K)->41707K(42496K) NonClass: 36566K(36992K)->36566K(36992K) Class: 5141K(5504K)->5141K(5504K)
[2026-07-01T01:52:10.043+0000][62.760s][info][gc          ] GC(145) Pause Young (Normal) (G1 Evacuation Pause) 248M->173M(263M) 10.534ms
[2026-07-01T01:52:10.043+0000][62.760s][info][gc,cpu      ] GC(145) User=0.02s Sys=0.00s Real=0.01s
[2026-07-01T01:52:10.392+0000][63.109s][info][gc,start    ] GC(146) Pause Young (Concurrent Start) (G1 Evacuation Pause)
[2026-07-01T01:52:10.392+0000][63.109s][info][gc,task     ] GC(146) Using 2 workers of 2 for evacuation
[2026-07-01T01:52:10.403+0000][63.120s][info][gc,phases   ] GC(146)   Pre Evacuate Collection Set: 0.19ms
[2026-07-01T01:52:10.403+0000][63.120s][info][gc,phases   ] GC(146)   Merge Heap Roots: 0.25ms
[2026-07-01T01:52:10.403+0000][63.120s][info][gc,phases   ] GC(146)   Evacuate Collection Set: 10.23ms
[2026-07-01T01:52:10.403+0000][63.120s][info][gc,phases   ] GC(146)   Post Evacuate Collection Set: 0.32ms
[2026-07-01T01:52:10.403+0000][63.120s][info][gc,phases   ] GC(146)   Other: 0.12ms
[2026-07-01T01:52:10.403+0000][63.120s][info][gc,heap     ] GC(146) Eden regions: 75->0(74)
[2026-07-01T01:52:10.403+0000][63.120s][info][gc,heap     ] GC(146) Survivor regions: 6->6(11)
[2026-07-01T01:52:10.403+0000][63.120s][info][gc,heap     ] GC(146) Old regions: 165->166
[2026-07-01T01:52:10.403+0000][63.120s][info][gc,heap     ] GC(146) Humongous regions: 3->3
[2026-07-01T01:52:10.403+0000][63.120s][info][gc,metaspace] GC(146) Metaspace: 41707K(42496K)->41707K(42496K) NonClass: 36566K(36992K)->36566K(36992K) Class: 5141K(5504K)->5141K(5504K)
[2026-07-01T01:52:10.403+0000][63.120s][info][gc          ] GC(146) Pause Young (Concurrent Start) (G1 Evacuation Pause) 248M->173M(263M) 11.285ms
[2026-07-01T01:52:10.403+0000][63.120s][info][gc          ] GC(147) Concurrent Mark Cycle
[2026-07-01T01:52:10.403+0000][63.120s][info][gc,marking  ] GC(147) Concurrent Scan Root Regions
[2026-07-01T01:52:10.403+0000][63.120s][info][gc,cpu      ] GC(146) User=0.03s Sys=0.00s Real=0.01s
[2026-07-01T01:52:10.419+0000][63.136s][info][gc,marking  ] GC(147) Concurrent Scan Root Regions 15.739ms
[2026-07-01T01:52:10.419+0000][63.136s][info][gc,marking  ] GC(147) Concurrent Mark
[2026-07-01T01:52:10.419+0000][63.136s][info][gc,marking  ] GC(147) Concurrent Mark From Roots
[2026-07-01T01:52:10.419+0000][63.136s][info][gc,task     ] GC(147) Using 1 workers of 1 for marking
[2026-07-01T01:52:10.838+0000][63.555s][info][gc,start    ] GC(148) Pause Young (Normal) (G1 Evacuation Pause)
[2026-07-01T01:52:10.838+0000][63.555s][info][gc,task     ] GC(148) Using 2 workers of 2 for evacuation
[2026-07-01T01:52:10.850+0000][63.567s][info][gc,phases   ] GC(148)   Pre Evacuate Collection Set: 0.18ms
[2026-07-01T01:52:10.850+0000][63.567s][info][gc,phases   ] GC(148)   Merge Heap Roots: 0.33ms
[2026-07-01T01:52:10.850+0000][63.567s][info][gc,phases   ] GC(148)   Evacuate Collection Set: 11.19ms
[2026-07-01T01:52:10.850+0000][63.567s][info][gc,phases   ] GC(148)   Post Evacuate Collection Set: 0.29ms
[2026-07-01T01:52:10.850+0000][63.567s][info][gc,phases   ] GC(148)   Other: 0.07ms
[2026-07-01T01:52:10.850+0000][63.567s][info][gc,heap     ] GC(148) Eden regions: 74->0(74)
[2026-07-01T01:52:10.850+0000][63.567s][info][gc,heap     ] GC(148) Survivor regions: 6->6(10)
[2026-07-01T01:52:10.850+0000][63.567s][info][gc,heap     ] GC(148) Old regions: 166->166
[2026-07-01T01:52:10.850+0000][63.567s][info][gc,heap     ] GC(148) Humongous regions: 3->3
[2026-07-01T01:52:10.850+0000][63.567s][info][gc,metaspace] GC(148) Metaspace: 41708K(42496K)->41708K(42496K) NonClass: 36566K(36992K)->36566K(36992K) Class: 5142K(5504K)->5142K(5504K)
[2026-07-01T01:52:10.850+0000][63.567s][info][gc          ] GC(148) Pause Young (Normal) (G1 Evacuation Pause) 247M->174M(263M) 12.215ms
[2026-07-01T01:52:10.850+0000][63.567s][info][gc,cpu      ] GC(148) User=0.03s Sys=0.00s Real=0.01s
[2026-07-01T01:52:10.908+0000][63.625s][info][gc,marking  ] GC(147) Concurrent Mark From Roots 489.211ms
[2026-07-01T01:52:10.908+0000][63.625s][info][gc,marking  ] GC(147) Concurrent Preclean
[2026-07-01T01:52:10.908+0000][63.625s][info][gc,marking  ] GC(147) Concurrent Preclean 0.074ms
[2026-07-01T01:52:10.908+0000][63.625s][info][gc,start    ] GC(147) Pause Remark
[2026-07-01T01:52:10.914+0000][63.631s][info][gc          ] GC(147) Pause Remark 185M->185M(263M) 5.644ms
[2026-07-01T01:52:10.914+0000][63.631s][info][gc,cpu      ] GC(147) User=0.01s Sys=0.00s Real=0.00s
[2026-07-01T01:52:10.917+0000][63.634s][info][gc,marking  ] GC(147) Concurrent Mark 498.265ms
[2026-07-01T01:52:10.917+0000][63.634s][info][gc,marking  ] GC(147) Concurrent Rebuild Remembered Sets and Scrub Regions
[2026-07-01T01:52:11.134+0000][63.851s][info][gc,marking  ] GC(147) Concurrent Rebuild Remembered Sets and Scrub Regions 216.503ms
[2026-07-01T01:52:11.134+0000][63.851s][info][gc,start    ] GC(147) Pause Cleanup
[2026-07-01T01:52:11.134+0000][63.851s][info][gc          ] GC(147) Pause Cleanup 226M->226M(263M) 0.192ms
[2026-07-01T01:52:11.134+0000][63.851s][info][gc,cpu      ] GC(147) User=0.00s Sys=0.00s Real=0.00s
[2026-07-01T01:52:11.134+0000][63.851s][info][gc,marking  ] GC(147) Concurrent Clear Claimed Marks
[2026-07-01T01:52:11.134+0000][63.851s][info][gc,marking  ] GC(147) Concurrent Clear Claimed Marks 0.092ms
[2026-07-01T01:52:11.134+0000][63.851s][info][gc,marking  ] GC(147) Concurrent Cleanup for Next Mark
[2026-07-01T01:52:11.138+0000][63.855s][info][gc,marking  ] GC(147) Concurrent Cleanup for Next Mark 3.841ms
[2026-07-01T01:52:11.138+0000][63.855s][info][gc          ] GC(147) Concurrent Mark Cycle 735.091ms
[2026-07-01T01:52:11.234+0000][63.951s][info][gc,start    ] GC(149) Pause Young (Prepare Mixed) (G1 Evacuation Pause)
[2026-07-01T01:52:11.234+0000][63.951s][info][gc,task     ] GC(149) Using 2 workers of 2 for evacuation
[2026-07-01T01:52:11.244+0000][63.961s][info][gc,phases   ] GC(149)   Pre Evacuate Collection Set: 0.31ms
[2026-07-01T01:52:11.244+0000][63.961s][info][gc,phases   ] GC(149)   Merge Heap Roots: 0.37ms
[2026-07-01T01:52:11.244+0000][63.961s][info][gc,phases   ] GC(149)   Evacuate Collection Set: 9.44ms
[2026-07-01T01:52:11.244+0000][63.961s][info][gc,phases   ] GC(149)   Post Evacuate Collection Set: 0.38ms
[2026-07-01T01:52:11.244+0000][63.961s][info][gc,phases   ] GC(149)   Other: 0.06ms
[2026-07-01T01:52:11.244+0000][63.961s][info][gc,heap     ] GC(149) Eden regions: 74->0(74)
[2026-07-01T01:52:11.244+0000][63.961s][info][gc,heap     ] GC(149) Survivor regions: 6->6(10)
[2026-07-01T01:52:11.244+0000][63.961s][info][gc,heap     ] GC(149) Old regions: 166->166
[2026-07-01T01:52:11.245+0000][63.961s][info][gc,heap     ] GC(149) Humongous regions: 3->3
[2026-07-01T01:52:11.245+0000][63.962s][info][gc,metaspace] GC(149) Metaspace: 41709K(42496K)->41709K(42496K) NonClass: 36566K(36992K)->36566K(36992K) Class: 5142K(5504K)->5142K(5504K)
[2026-07-01T01:52:11.245+0000][63.962s][info][gc          ] GC(149) Pause Young (Prepare Mixed) (G1 Evacuation Pause) 248M->174M(263M) 10.749ms
[2026-07-01T01:52:11.245+0000][63.962s][info][gc,cpu      ] GC(149) User=0.02s Sys=0.00s Real=0.01s
[2026-07-01T01:52:11.581+0000][64.298s][info][gc,start    ] GC(150) Pause Young (Mixed) (G1 Evacuation Pause)
[2026-07-01T01:52:11.581+0000][64.298s][info][gc,task     ] GC(150) Using 2 workers of 2 for evacuation
[2026-07-01T01:52:11.593+0000][64.310s][info][gc,phases   ] GC(150)   Pre Evacuate Collection Set: 0.16ms
[2026-07-01T01:52:11.593+0000][64.310s][info][gc,phases   ] GC(150)   Merge Heap Roots: 0.39ms
[2026-07-01T01:52:11.593+0000][64.310s][info][gc,phases   ] GC(150)   Evacuate Collection Set: 11.02ms
[2026-07-01T01:52:11.593+0000][64.310s][info][gc,phases   ] GC(150)   Post Evacuate Collection Set: 0.85ms
[2026-07-01T01:52:11.593+0000][64.310s][info][gc,phases   ] GC(150)   Other: 0.05ms
[2026-07-01T01:52:11.593+0000][64.310s][info][gc,heap     ] GC(150) Eden regions: 74->0(131)
[2026-07-01T01:52:11.593+0000][64.310s][info][gc,heap     ] GC(150) Survivor regions: 6->6(10)
[2026-07-01T01:52:11.593+0000][64.310s][info][gc,heap     ] GC(150) Old regions: 166->166
[2026-07-01T01:52:11.593+0000][64.310s][info][gc,heap     ] GC(150) Humongous regions: 3->3
[2026-07-01T01:52:11.593+0000][64.310s][info][gc,metaspace] GC(150) Metaspace: 41709K(42496K)->41709K(42496K) NonClass: 36567K(36992K)->36567K(36992K) Class: 5142K(5504K)->5142K(5504K)
[2026-07-01T01:52:11.593+0000][64.310s][info][gc          ] GC(150) Pause Young (Mixed) (G1 Evacuation Pause) 248M->174M(323M) 12.614ms
[2026-07-01T01:52:11.593+0000][64.310s][info][gc,cpu      ] GC(150) User=0.03s Sys=0.00s Real=0.01s
[2026-07-01T01:52:12.219+0000][64.936s][info][gc,start    ] GC(151) Pause Young (Concurrent Start) (G1 Evacuation Pause)
[2026-07-01T01:52:12.219+0000][64.936s][info][gc,task     ] GC(151) Using 2 workers of 2 for evacuation
[2026-07-01T01:52:12.235+0000][64.952s][info][gc,phases   ] GC(151)   Pre Evacuate Collection Set: 0.20ms
[2026-07-01T01:52:12.235+0000][64.952s][info][gc,phases   ] GC(151)   Merge Heap Roots: 0.39ms
[2026-07-01T01:52:12.235+0000][64.952s][info][gc,phases   ] GC(151)   Evacuate Collection Set: 14.90ms
[2026-07-01T01:52:12.235+0000][64.952s][info][gc,phases   ] GC(151)   Post Evacuate Collection Set: 0.45ms
[2026-07-01T01:52:12.235+0000][64.952s][info][gc,phases   ] GC(151)   Other: 0.15ms
[2026-07-01T01:52:12.235+0000][64.952s][info][gc,heap     ] GC(151) Eden regions: 131->0(131)
[2026-07-01T01:52:12.235+0000][64.952s][info][gc,heap     ] GC(151) Survivor regions: 6->6(18)
[2026-07-01T01:52:12.235+0000][64.952s][info][gc,heap     ] GC(151) Old regions: 166->166
[2026-07-01T01:52:12.235+0000][64.952s][info][gc,heap     ] GC(151) Humongous regions: 3->3
[2026-07-01T01:52:12.235+0000][64.952s][info][gc,metaspace] GC(151) Metaspace: 41714K(42496K)->41714K(42496K) NonClass: 36571K(36992K)->36571K(36992K) Class: 5142K(5504K)->5142K(5504K)
[2026-07-01T01:52:12.235+0000][64.952s][info][gc          ] GC(151) Pause Young (Concurrent Start) (G1 Evacuation Pause) 305M->174M(323M) 16.297ms
[2026-07-01T01:52:12.235+0000][64.952s][info][gc          ] GC(152) Concurrent Mark Cycle
[2026-07-01T01:52:12.235+0000][64.952s][info][gc,marking  ] GC(152) Concurrent Scan Root Regions
[2026-07-01T01:52:12.237+0000][64.954s][info][gc,cpu      ] GC(151) User=0.03s Sys=0.00s Real=0.01s
[2026-07-01T01:52:12.256+0000][64.973s][info][gc,marking  ] GC(152) Concurrent Scan Root Regions 20.707ms
[2026-07-01T01:52:12.256+0000][64.973s][info][gc,marking  ] GC(152) Concurrent Mark
[2026-07-01T01:52:12.256+0000][64.973s][info][gc,marking  ] GC(152) Concurrent Mark From Roots
[2026-07-01T01:52:12.256+0000][64.973s][info][gc,task     ] GC(152) Using 1 workers of 1 for marking
[2026-07-01T01:52:12.625+0000][65.342s][info][gc,marking  ] GC(152) Concurrent Mark From Roots 369.050ms
[2026-07-01T01:52:12.625+0000][65.342s][info][gc,marking  ] GC(152) Concurrent Preclean
[2026-07-01T01:52:12.625+0000][65.342s][info][gc,marking  ] GC(152) Concurrent Preclean 0.154ms
[2026-07-01T01:52:12.625+0000][65.342s][info][gc,start    ] GC(152) Pause Remark
[2026-07-01T01:52:12.639+0000][65.356s][info][gc          ] GC(152) Pause Remark 216M->216M(323M) 13.521ms
[2026-07-01T01:52:12.639+0000][65.356s][info][gc,cpu      ] GC(152) User=0.02s Sys=0.00s Real=0.02s
[2026-07-01T01:52:12.642+0000][65.359s][info][gc,marking  ] GC(152) Concurrent Mark 385.843ms
[2026-07-01T01:52:12.642+0000][65.359s][info][gc,marking  ] GC(152) Concurrent Rebuild Remembered Sets and Scrub Regions
[2026-07-01T01:52:12.788+0000][65.505s][info][gc,marking  ] GC(152) Concurrent Rebuild Remembered Sets and Scrub Regions 145.555ms
[2026-07-01T01:52:12.788+0000][65.505s][info][gc,start    ] GC(152) Pause Cleanup
[2026-07-01T01:52:12.788+0000][65.505s][info][gc          ] GC(152) Pause Cleanup 232M->232M(323M) 0.191ms
[2026-07-01T01:52:12.788+0000][65.505s][info][gc,cpu      ] GC(152) User=0.00s Sys=0.00s Real=0.00s
[2026-07-01T01:52:12.789+0000][65.506s][info][gc,marking  ] GC(152) Concurrent Clear Claimed Marks
[2026-07-01T01:52:12.789+0000][65.506s][info][gc,marking  ] GC(152) Concurrent Clear Claimed Marks 0.093ms
[2026-07-01T01:52:12.789+0000][65.506s][info][gc,marking  ] GC(152) Concurrent Cleanup for Next Mark
[2026-07-01T01:52:12.792+0000][65.509s][info][gc,marking  ] GC(152) Concurrent Cleanup for Next Mark 3.127ms
[2026-07-01T01:52:12.792+0000][65.509s][info][gc          ] GC(152) Concurrent Mark Cycle 556.828ms
[2026-07-01T01:52:13.365+0000][66.082s][info][gc,start    ] GC(153) Pause Young (Normal) (G1 Evacuation Pause)
[2026-07-01T01:52:13.365+0000][66.082s][info][gc,task     ] GC(153) Using 2 workers of 2 for evacuation
[2026-07-01T01:52:13.396+0000][66.113s][info][gc,phases   ] GC(153)   Pre Evacuate Collection Set: 0.19ms
[2026-07-01T01:52:13.396+0000][66.113s][info][gc,phases   ] GC(153)   Merge Heap Roots: 0.65ms
[2026-07-01T01:52:13.396+0000][66.113s][info][gc,phases   ] GC(153)   Evacuate Collection Set: 28.93ms
[2026-07-01T01:52:13.396+0000][66.113s][info][gc,phases   ] GC(153)   Post Evacuate Collection Set: 0.78ms
[2026-07-01T01:52:13.396+0000][66.113s][info][gc,phases   ] GC(153)   Other: 0.09ms
[2026-07-01T01:52:13.396+0000][66.113s][info][gc,heap     ] GC(153) Eden regions: 131->0(130)
[2026-07-01T01:52:13.396+0000][66.113s][info][gc,heap     ] GC(153) Survivor regions: 6->6(18)
[2026-07-01T01:52:13.396+0000][66.113s][info][gc,heap     ] GC(153) Old regions: 166->167
[2026-07-01T01:52:13.396+0000][66.113s][info][gc,heap     ] GC(153) Humongous regions: 3->3
[2026-07-01T01:52:13.396+0000][66.113s][info][gc,metaspace] GC(153) Metaspace: 41715K(42496K)->41715K(42496K) NonClass: 36573K(36992K)->36573K(36992K) Class: 5142K(5504K)->5142K(5504K)
[2026-07-01T01:52:13.396+0000][66.113s][info][gc          ] GC(153) Pause Young (Normal) (G1 Evacuation Pause) 305M->175M(323M) 30.830ms
[2026-07-01T01:52:13.396+0000][66.113s][info][gc,cpu      ] GC(153) User=0.02s Sys=0.01s Real=0.03s
[2026-07-01T01:52:14.392+0000][67.109s][info][gc,start    ] GC(154) Pause Young (Concurrent Start) (G1 Evacuation Pause)
[2026-07-01T01:52:14.392+0000][67.109s][info][gc,task     ] GC(154) Using 2 workers of 2 for evacuation
[2026-07-01T01:52:14.407+0000][67.124s][info][gc,phases   ] GC(154)   Pre Evacuate Collection Set: 0.17ms
[2026-07-01T01:52:14.407+0000][67.124s][info][gc,phases   ] GC(154)   Merge Heap Roots: 0.24ms
[2026-07-01T01:52:14.407+0000][67.124s][info][gc,phases   ] GC(154)   Evacuate Collection Set: 14.57ms
[2026-07-01T01:52:14.407+0000][67.124s][info][gc,phases   ] GC(154)   Post Evacuate Collection Set: 0.43ms
[2026-07-01T01:52:14.407+0000][67.124s][info][gc,phases   ] GC(154)   Other: 0.09ms
[2026-07-01T01:52:14.407+0000][67.124s][info][gc,heap     ] GC(154) Eden regions: 130->0(130)
[2026-07-01T01:52:14.407+0000][67.124s][info][gc,heap     ] GC(154) Survivor regions: 6->6(17)
[2026-07-01T01:52:14.407+0000][67.124s][info][gc,heap     ] GC(154) Old regions: 167->167
[2026-07-01T01:52:14.407+0000][67.124s][info][gc,heap     ] GC(154) Humongous regions: 3->3
[2026-07-01T01:52:14.407+0000][67.124s][info][gc,metaspace] GC(154) Metaspace: 41716K(42496K)->41716K(42496K) NonClass: 36573K(36992K)->36573K(36992K) Class: 5142K(5504K)->5142K(5504K)
[2026-07-01T01:52:14.407+0000][67.124s][info][gc          ] GC(154) Pause Young (Concurrent Start) (G1 Evacuation Pause) 305M->175M(323M) 15.691ms
[2026-07-01T01:52:14.407+0000][67.124s][info][gc,cpu      ] GC(154) User=0.03s Sys=0.00s Real=0.01s
[2026-07-01T01:52:14.407+0000][67.124s][info][gc          ] GC(155) Concurrent Mark Cycle
[2026-07-01T01:52:14.408+0000][67.125s][info][gc,marking  ] GC(155) Concurrent Scan Root Regions
[2026-07-01T01:52:14.418+0000][67.135s][info][gc,marking  ] GC(155) Concurrent Scan Root Regions 10.572ms
[2026-07-01T01:52:14.418+0000][67.135s][info][gc,marking  ] GC(155) Concurrent Mark
[2026-07-01T01:52:14.418+0000][67.135s][info][gc,marking  ] GC(155) Concurrent Mark From Roots
[2026-07-01T01:52:14.418+0000][67.135s][info][gc,task     ] GC(155) Using 1 workers of 1 for marking
[2026-07-01T01:52:14.787+0000][67.504s][info][gc,marking  ] GC(155) Concurrent Mark From Roots 368.489ms
[2026-07-01T01:52:14.787+0000][67.504s][info][gc,marking  ] GC(155) Concurrent Preclean
[2026-07-01T01:52:14.787+0000][67.504s][info][gc,marking  ] GC(155) Concurrent Preclean 0.192ms
[2026-07-01T01:52:14.787+0000][67.504s][info][gc,start    ] GC(155) Pause Remark
[2026-07-01T01:52:14.794+0000][67.511s][info][gc          ] GC(155) Pause Remark 211M->211M(323M) 6.878ms
[2026-07-01T01:52:14.794+0000][67.511s][info][gc,cpu      ] GC(155) User=0.02s Sys=0.00s Real=0.01s
[2026-07-01T01:52:14.797+0000][67.514s][info][gc,marking  ] GC(155) Concurrent Mark 379.209ms
[2026-07-01T01:52:14.797+0000][67.514s][info][gc,marking  ] GC(155) Concurrent Rebuild Remembered Sets and Scrub Regions
[2026-07-01T01:52:14.919+0000][67.636s][info][gc,marking  ] GC(155) Concurrent Rebuild Remembered Sets and Scrub Regions 121.469ms
[2026-07-01T01:52:14.919+0000][67.636s][info][gc,start    ] GC(155) Pause Cleanup
[2026-07-01T01:52:14.919+0000][67.636s][info][gc          ] GC(155) Pause Cleanup 223M->223M(323M) 0.147ms
[2026-07-01T01:52:14.919+0000][67.636s][info][gc,cpu      ] GC(155) User=0.00s Sys=0.00s Real=0.00s
[2026-07-01T01:52:14.919+0000][67.636s][info][gc,marking  ] GC(155) Concurrent Clear Claimed Marks
[2026-07-01T01:52:14.919+0000][67.636s][info][gc,marking  ] GC(155) Concurrent Clear Claimed Marks 0.126ms
[2026-07-01T01:52:14.919+0000][67.636s][info][gc,marking  ] GC(155) Concurrent Cleanup for Next Mark
[2026-07-01T01:52:14.920+0000][67.637s][info][gc,marking  ] GC(155) Concurrent Cleanup for Next Mark 0.653ms
[2026-07-01T01:52:14.920+0000][67.637s][info][gc          ] GC(155) Concurrent Mark Cycle 512.704ms
[2026-07-01T01:52:15.560+0000][68.277s][info][gc,start    ] GC(156) Pause Young (Prepare Mixed) (G1 Evacuation Pause)
[2026-07-01T01:52:15.560+0000][68.277s][info][gc,task     ] GC(156) Using 2 workers of 2 for evacuation
[2026-07-01T01:52:15.577+0000][68.294s][info][gc,phases   ] GC(156)   Pre Evacuate Collection Set: 0.18ms
[2026-07-01T01:52:15.577+0000][68.294s][info][gc,phases   ] GC(156)   Merge Heap Roots: 0.43ms
[2026-07-01T01:52:15.577+0000][68.294s][info][gc,phases   ] GC(156)   Evacuate Collection Set: 15.03ms
[2026-07-01T01:52:15.577+0000][68.294s][info][gc,phases   ] GC(156)   Post Evacuate Collection Set: 0.50ms
[2026-07-01T01:52:15.577+0000][68.294s][info][gc,phases   ] GC(156)   Other: 0.09ms
[2026-07-01T01:52:15.577+0000][68.294s][info][gc,heap     ] GC(156) Eden regions: 130->0(129)
[2026-07-01T01:52:15.577+0000][68.294s][info][gc,heap     ] GC(156) Survivor regions: 6->7(17)
[2026-07-01T01:52:15.577+0000][68.294s][info][gc,heap     ] GC(156) Old regions: 167->167
[2026-07-01T01:52:15.577+0000][68.294s][info][gc,heap     ] GC(156) Humongous regions: 3->3
[2026-07-01T01:52:15.577+0000][68.294s][info][gc,metaspace] GC(156) Metaspace: 41727K(42496K)->41727K(42496K) NonClass: 36585K(36992K)->36585K(36992K) Class: 5142K(5504K)->5142K(5504K)
[2026-07-01T01:52:15.577+0000][68.294s][info][gc          ] GC(156) Pause Young (Prepare Mixed) (G1 Evacuation Pause) 305M->176M(323M) 16.412ms
[2026-07-01T01:52:15.577+0000][68.294s][info][gc,cpu      ] GC(156) User=0.04s Sys=0.00s Real=0.01s
[2026-07-01T01:52:16.308+0000][69.025s][info][gc,start    ] GC(157) Pause Young (Mixed) (G1 Evacuation Pause)
[2026-07-01T01:52:16.308+0000][69.025s][info][gc,task     ] GC(157) Using 2 workers of 2 for evacuation
[2026-07-01T01:52:16.322+0000][69.039s][info][gc,phases   ] GC(157)   Pre Evacuate Collection Set: 0.19ms
[2026-07-01T01:52:16.322+0000][69.039s][info][gc,phases   ] GC(157)   Merge Heap Roots: 0.31ms
[2026-07-01T01:52:16.322+0000][69.039s][info][gc,phases   ] GC(157)   Evacuate Collection Set: 13.19ms
[2026-07-01T01:52:16.322+0000][69.039s][info][gc,phases   ] GC(157)   Post Evacuate Collection Set: 0.36ms
[2026-07-01T01:52:16.322+0000][69.039s][info][gc,phases   ] GC(157)   Other: 0.06ms
[2026-07-01T01:52:16.322+0000][69.039s][info][gc,heap     ] GC(157) Eden regions: 129->0(129)
[2026-07-01T01:52:16.322+0000][69.039s][info][gc,heap     ] GC(157) Survivor regions: 7->7(17)
[2026-07-01T01:52:16.322+0000][69.039s][info][gc,heap     ] GC(157) Old regions: 167->167
[2026-07-01T01:52:16.322+0000][69.039s][info][gc,heap     ] GC(157) Humongous regions: 3->3
[2026-07-01T01:52:16.322+0000][69.039s][info][gc,metaspace] GC(157) Metaspace: 41727K(42496K)->41727K(42496K) NonClass: 36585K(36992K)->36585K(36992K) Class: 5142K(5504K)->5142K(5504K)
[2026-07-01T01:52:16.322+0000][69.039s][info][gc          ] GC(157) Pause Young (Mixed) (G1 Evacuation Pause) 305M->176M(323M) 14.268ms
[2026-07-01T01:52:16.322+0000][69.039s][info][gc,cpu      ] GC(157) User=0.03s Sys=0.00s Real=0.02s
[2026-07-01T01:52:16.940+0000][69.657s][info][gc,start    ] GC(158) Pause Young (Concurrent Start) (G1 Evacuation Pause)
[2026-07-01T01:52:16.940+0000][69.657s][info][gc,task     ] GC(158) Using 2 workers of 2 for evacuation
[2026-07-01T01:52:16.958+0000][69.675s][info][gc,phases   ] GC(158)   Pre Evacuate Collection Set: 0.20ms
[2026-07-01T01:52:16.958+0000][69.675s][info][gc,phases   ] GC(158)   Merge Heap Roots: 0.27ms
[2026-07-01T01:52:16.958+0000][69.675s][info][gc,phases   ] GC(158)   Evacuate Collection Set: 17.35ms
[2026-07-01T01:52:16.958+0000][69.675s][info][gc,phases   ] GC(158)   Post Evacuate Collection Set: 0.43ms
[2026-07-01T01:52:16.958+0000][69.675s][info][gc,phases   ] GC(158)   Other: 0.11ms
[2026-07-01T01:52:16.958+0000][69.675s][info][gc,heap     ] GC(158) Eden regions: 129->0(129)
[2026-07-01T01:52:16.958+0000][69.675s][info][gc,heap     ] GC(158) Survivor regions: 7->7(17)
[2026-07-01T01:52:16.958+0000][69.675s][info][gc,heap     ] GC(158) Old regions: 167->167
[2026-07-01T01:52:16.958+0000][69.675s][info][gc,heap     ] GC(158) Humongous regions: 3->3
[2026-07-01T01:52:16.958+0000][69.675s][info][gc,metaspace] GC(158) Metaspace: 41727K(42496K)->41727K(42496K) NonClass: 36585K(36992K)->36585K(36992K) Class: 5142K(5504K)->5142K(5504K)
[2026-07-01T01:52:16.958+0000][69.675s][info][gc          ] GC(158) Pause Young (Concurrent Start) (G1 Evacuation Pause) 305M->176M(323M) 18.526ms
[2026-07-01T01:52:16.958+0000][69.675s][info][gc,cpu      ] GC(158) User=0.03s Sys=0.01s Real=0.02s
[2026-07-01T01:52:16.961+0000][69.678s][info][gc          ] GC(159) Concurrent Mark Cycle
[2026-07-01T01:52:16.961+0000][69.678s][info][gc,marking  ] GC(159) Concurrent Scan Root Regions
[2026-07-01T01:52:16.989+0000][69.706s][info][gc,marking  ] GC(159) Concurrent Scan Root Regions 27.728ms
[2026-07-01T01:52:16.989+0000][69.706s][info][gc,marking  ] GC(159) Concurrent Mark
[2026-07-01T01:52:16.989+0000][69.706s][info][gc,marking  ] GC(159) Concurrent Mark From Roots
[2026-07-01T01:52:16.989+0000][69.706s][info][gc,task     ] GC(159) Using 1 workers of 1 for marking
[2026-07-01T01:52:17.440+0000][70.157s][info][gc,marking  ] GC(159) Concurrent Mark From Roots 450.641ms
[2026-07-01T01:52:17.440+0000][70.157s][info][gc,marking  ] GC(159) Concurrent Preclean
[2026-07-01T01:52:17.440+0000][70.157s][info][gc,marking  ] GC(159) Concurrent Preclean 0.115ms
[2026-07-01T01:52:17.440+0000][70.157s][info][gc,start    ] GC(159) Pause Remark
[2026-07-01T01:52:17.448+0000][70.165s][info][gc          ] GC(159) Pause Remark 255M->255M(323M) 7.644ms
[2026-07-01T01:52:17.448+0000][70.165s][info][gc,cpu      ] GC(159) User=0.01s Sys=0.00s Real=0.00s
[2026-07-01T01:52:17.451+0000][70.168s][info][gc,marking  ] GC(159) Concurrent Mark 461.793ms
[2026-07-01T01:52:17.451+0000][70.168s][info][gc,marking  ] GC(159) Concurrent Rebuild Remembered Sets and Scrub Regions
[2026-07-01T01:52:17.600+0000][70.317s][info][gc,marking  ] GC(159) Concurrent Rebuild Remembered Sets and Scrub Regions 148.784ms
[2026-07-01T01:52:17.600+0000][70.317s][info][gc,start    ] GC(159) Pause Cleanup
[2026-07-01T01:52:17.600+0000][70.317s][info][gc          ] GC(159) Pause Cleanup 281M->281M(323M) 0.153ms
[2026-07-01T01:52:17.600+0000][70.317s][info][gc,cpu      ] GC(159) User=0.00s Sys=0.00s Real=0.00s
[2026-07-01T01:52:17.601+0000][70.318s][info][gc,marking  ] GC(159) Concurrent Clear Claimed Marks
[2026-07-01T01:52:17.601+0000][70.318s][info][gc,marking  ] GC(159) Concurrent Clear Claimed Marks 0.091ms
[2026-07-01T01:52:17.601+0000][70.318s][info][gc,marking  ] GC(159) Concurrent Cleanup for Next Mark
[2026-07-01T01:52:17.602+0000][70.319s][info][gc,marking  ] GC(159) Concurrent Cleanup for Next Mark 0.823ms
[2026-07-01T01:52:17.602+0000][70.319s][info][gc          ] GC(159) Concurrent Mark Cycle 640.881ms
[2026-07-01T01:52:17.727+0000][70.444s][info][gc,start    ] GC(160) Pause Young (Prepare Mixed) (G1 Evacuation Pause)
[2026-07-01T01:52:17.727+0000][70.444s][info][gc,task     ] GC(160) Using 2 workers of 2 for evacuation
[2026-07-01T01:52:17.740+0000][70.457s][info][gc,phases   ] GC(160)   Pre Evacuate Collection Set: 0.16ms
[2026-07-01T01:52:17.740+0000][70.457s][info][gc,phases   ] GC(160)   Merge Heap Roots: 0.48ms
[2026-07-01T01:52:17.740+0000][70.457s][info][gc,phases   ] GC(160)   Evacuate Collection Set: 11.89ms
[2026-07-01T01:52:17.740+0000][70.457s][info][gc,phases   ] GC(160)   Post Evacuate Collection Set: 0.45ms
[2026-07-01T01:52:17.740+0000][70.457s][info][gc,phases   ] GC(160)   Other: 0.07ms
[2026-07-01T01:52:17.740+0000][70.457s][info][gc,heap     ] GC(160) Eden regions: 129->0(128)
[2026-07-01T01:52:17.740+0000][70.457s][info][gc,heap     ] GC(160) Survivor regions: 7->7(17)
[2026-07-01T01:52:17.740+0000][70.457s][info][gc,heap     ] GC(160) Old regions: 167->168
[2026-07-01T01:52:17.740+0000][70.457s][info][gc,heap     ] GC(160) Humongous regions: 3->3
[2026-07-01T01:52:17.740+0000][70.457s][info][gc,metaspace] GC(160) Metaspace: 41729K(42496K)->41729K(42496K) NonClass: 36587K(36992K)->36587K(36992K) Class: 5142K(5504K)->5142K(5504K)
[2026-07-01T01:52:17.740+0000][70.457s][info][gc          ] GC(160) Pause Young (Prepare Mixed) (G1 Evacuation Pause) 305M->177M(323M) 13.194ms
[2026-07-01T01:52:17.740+0000][70.457s][info][gc,cpu      ] GC(160) User=0.03s Sys=0.00s Real=0.02s
[2026-07-01T01:52:18.363+0000][71.080s][info][gc,start    ] GC(161) Pause Young (Mixed) (G1 Evacuation Pause)
[2026-07-01T01:52:18.363+0000][71.080s][info][gc,task     ] GC(161) Using 2 workers of 2 for evacuation
[2026-07-01T01:52:18.383+0000][71.100s][info][gc,phases   ] GC(161)   Pre Evacuate Collection Set: 0.18ms
[2026-07-01T01:52:18.383+0000][71.100s][info][gc,phases   ] GC(161)   Merge Heap Roots: 0.53ms
[2026-07-01T01:52:18.383+0000][71.100s][info][gc,phases   ] GC(161)   Evacuate Collection Set: 19.34ms
[2026-07-01T01:52:18.383+0000][71.100s][info][gc,phases   ] GC(161)   Post Evacuate Collection Set: 0.43ms
[2026-07-01T01:52:18.383+0000][71.100s][info][gc,phases   ] GC(161)   Other: 0.06ms
[2026-07-01T01:52:18.383+0000][71.100s][info][gc,heap     ] GC(161) Eden regions: 128->0(128)
[2026-07-01T01:52:18.383+0000][71.100s][info][gc,heap     ] GC(161) Survivor regions: 7->7(17)
[2026-07-01T01:52:18.383+0000][71.100s][info][gc,heap     ] GC(161) Old regions: 168->168
[2026-07-01T01:52:18.383+0000][71.100s][info][gc,heap     ] GC(161) Humongous regions: 3->3
[2026-07-01T01:52:18.383+0000][71.100s][info][gc,metaspace] GC(161) Metaspace: 41735K(42496K)->41735K(42496K) NonClass: 36592K(36992K)->36592K(36992K) Class: 5142K(5504K)->5142K(5504K)
[2026-07-01T01:52:18.383+0000][71.100s][info][gc          ] GC(161) Pause Young (Mixed) (G1 Evacuation Pause) 305M->177M(323M) 20.712ms
[2026-07-01T01:52:18.383+0000][71.100s][info][gc,cpu      ] GC(161) User=0.04s Sys=0.00s Real=0.02s
[2026-07-01T01:52:18.991+0000][71.708s][info][gc,start    ] GC(162) Pause Young (Concurrent Start) (G1 Evacuation Pause)
[2026-07-01T01:52:18.991+0000][71.708s][info][gc,task     ] GC(162) Using 2 workers of 2 for evacuation
[2026-07-01T01:52:19.010+0000][71.727s][info][gc,phases   ] GC(162)   Pre Evacuate Collection Set: 0.15ms
[2026-07-01T01:52:19.010+0000][71.727s][info][gc,phases   ] GC(162)   Merge Heap Roots: 0.27ms
[2026-07-01T01:52:19.010+0000][71.727s][info][gc,phases   ] GC(162)   Evacuate Collection Set: 18.12ms
[2026-07-01T01:52:19.010+0000][71.727s][info][gc,phases   ] GC(162)   Post Evacuate Collection Set: 0.47ms
[2026-07-01T01:52:19.010+0000][71.727s][info][gc,phases   ] GC(162)   Other: 0.07ms
[2026-07-01T01:52:19.010+0000][71.727s][info][gc,heap     ] GC(162) Eden regions: 128->0(127)
[2026-07-01T01:52:19.010+0000][71.727s][info][gc,heap     ] GC(162) Survivor regions: 7->8(17)
[2026-07-01T01:52:19.010+0000][71.727s][info][gc,heap     ] GC(162) Old regions: 168->168
[2026-07-01T01:52:19.010+0000][71.727s][info][gc,heap     ] GC(162) Humongous regions: 3->3
[2026-07-01T01:52:19.010+0000][71.727s][info][gc,metaspace] GC(162) Metaspace: 41735K(42496K)->41735K(42496K) NonClass: 36592K(36992K)->36592K(36992K) Class: 5142K(5504K)->5142K(5504K)
[2026-07-01T01:52:19.010+0000][71.727s][info][gc          ] GC(162) Pause Young (Concurrent Start) (G1 Evacuation Pause) 305M->178M(323M) 19.255ms
[2026-07-01T01:52:19.010+0000][71.727s][info][gc          ] GC(163) Concurrent Mark Cycle
[2026-07-01T01:52:19.010+0000][71.727s][info][gc,marking  ] GC(163) Concurrent Scan Root Regions
[2026-07-01T01:52:19.010+0000][71.727s][info][gc,cpu      ] GC(162) User=0.04s Sys=0.00s Real=0.02s
[2026-07-01T01:52:19.024+0000][71.741s][info][gc,marking  ] GC(163) Concurrent Scan Root Regions 14.060ms
[2026-07-01T01:52:19.024+0000][71.741s][info][gc,marking  ] GC(163) Concurrent Mark
[2026-07-01T01:52:19.024+0000][71.741s][info][gc,marking  ] GC(163) Concurrent Mark From Roots
[2026-07-01T01:52:19.024+0000][71.741s][info][gc,task     ] GC(163) Using 1 workers of 1 for marking
[2026-07-01T01:52:19.602+0000][72.319s][info][gc,marking  ] GC(163) Concurrent Mark From Roots 577.696ms
[2026-07-01T01:52:19.602+0000][72.319s][info][gc,marking  ] GC(163) Concurrent Preclean
[2026-07-01T01:52:19.602+0000][72.319s][info][gc,marking  ] GC(163) Concurrent Preclean 0.112ms
[2026-07-01T01:52:19.602+0000][72.319s][info][gc,start    ] GC(163) Pause Remark
[2026-07-01T01:52:19.609+0000][72.326s][info][gc          ] GC(163) Pause Remark 279M->279M(323M) 6.811ms
[2026-07-01T01:52:19.609+0000][72.326s][info][gc,cpu      ] GC(163) User=0.01s Sys=0.01s Real=0.01s
[2026-07-01T01:52:19.613+0000][72.330s][info][gc,marking  ] GC(163) Concurrent Mark 588.807ms
[2026-07-01T01:52:19.613+0000][72.330s][info][gc,marking  ] GC(163) Concurrent Rebuild Remembered Sets and Scrub Regions
[2026-07-01T01:52:19.743+0000][72.460s][info][gc,start    ] GC(164) Pause Young (Normal) (G1 Evacuation Pause)
[2026-07-01T01:52:19.743+0000][72.460s][info][gc,task     ] GC(164) Using 2 workers of 2 for evacuation
[2026-07-01T01:52:19.764+0000][72.481s][info][gc,phases   ] GC(164)   Pre Evacuate Collection Set: 0.19ms
[2026-07-01T01:52:19.764+0000][72.481s][info][gc,phases   ] GC(164)   Merge Heap Roots: 0.71ms
[2026-07-01T01:52:19.764+0000][72.481s][info][gc,phases   ] GC(164)   Evacuate Collection Set: 19.08ms
[2026-07-01T01:52:19.764+0000][72.481s][info][gc,phases   ] GC(164)   Post Evacuate Collection Set: 0.47ms
[2026-07-01T01:52:19.764+0000][72.481s][info][gc,phases   ] GC(164)   Other: 0.06ms
[2026-07-01T01:52:19.764+0000][72.481s][info][gc,heap     ] GC(164) Eden regions: 127->0(127)
[2026-07-01T01:52:19.764+0000][72.481s][info][gc,heap     ] GC(164) Survivor regions: 8->8(17)
[2026-07-01T01:52:19.764+0000][72.481s][info][gc,heap     ] GC(164) Old regions: 168->168
[2026-07-01T01:52:19.764+0000][72.481s][info][gc,heap     ] GC(164) Humongous regions: 3->3
[2026-07-01T01:52:19.764+0000][72.481s][info][gc,metaspace] GC(164) Metaspace: 41735K(42496K)->41735K(42496K) NonClass: 36593K(36992K)->36593K(36992K) Class: 5142K(5504K)->5142K(5504K)
[2026-07-01T01:52:19.764+0000][72.481s][info][gc          ] GC(164) Pause Young (Normal) (G1 Evacuation Pause) 305M->178M(323M) 20.652ms
[2026-07-01T01:52:19.764+0000][72.481s][info][gc,cpu      ] GC(164) User=0.04s Sys=0.00s Real=0.02s
[2026-07-01T01:52:19.845+0000][72.562s][info][gc,marking  ] GC(163) Concurrent Rebuild Remembered Sets and Scrub Regions 231.380ms
[2026-07-01T01:52:19.845+0000][72.562s][info][gc,start    ] GC(163) Pause Cleanup
[2026-07-01T01:52:19.845+0000][72.562s][info][gc          ] GC(163) Pause Cleanup 194M->194M(323M) 0.159ms
[2026-07-01T01:52:19.845+0000][72.562s][info][gc,cpu      ] GC(163) User=0.00s Sys=0.00s Real=0.00s
[2026-07-01T01:52:19.845+0000][72.562s][info][gc,marking  ] GC(163) Concurrent Clear Claimed Marks
[2026-07-01T01:52:19.845+0000][72.562s][info][gc,marking  ] GC(163) Concurrent Clear Claimed Marks 0.105ms
[2026-07-01T01:52:19.845+0000][72.562s][info][gc,marking  ] GC(163) Concurrent Cleanup for Next Mark
[2026-07-01T01:52:19.846+0000][72.563s][info][gc,marking  ] GC(163) Concurrent Cleanup for Next Mark 0.935ms
[2026-07-01T01:52:19.846+0000][72.563s][info][gc          ] GC(163) Concurrent Mark Cycle 835.785ms
[2026-07-01T01:52:20.360+0000][73.077s][info][gc,start    ] GC(165) Pause Young (Normal) (G1 Evacuation Pause)
[2026-07-01T01:52:20.360+0000][73.077s][info][gc,task     ] GC(165) Using 2 workers of 2 for evacuation
[2026-07-01T01:52:20.380+0000][73.097s][info][gc,phases   ] GC(165)   Pre Evacuate Collection Set: 0.25ms
[2026-07-01T01:52:20.380+0000][73.097s][info][gc,phases   ] GC(165)   Merge Heap Roots: 0.87ms
[2026-07-01T01:52:20.380+0000][73.097s][info][gc,phases   ] GC(165)   Evacuate Collection Set: 18.66ms
[2026-07-01T01:52:20.380+0000][73.097s][info][gc,phases   ] GC(165)   Post Evacuate Collection Set: 0.47ms
[2026-07-01T01:52:20.380+0000][73.097s][info][gc,phases   ] GC(165)   Other: 0.06ms
[2026-07-01T01:52:20.380+0000][73.097s][info][gc,heap     ] GC(165) Eden regions: 127->0(126)
[2026-07-01T01:52:20.380+0000][73.097s][info][gc,heap     ] GC(165) Survivor regions: 8->8(17)
[2026-07-01T01:52:20.380+0000][73.097s][info][gc,heap     ] GC(165) Old regions: 168->169
[2026-07-01T01:52:20.380+0000][73.097s][info][gc,heap     ] GC(165) Humongous regions: 3->3
[2026-07-01T01:52:20.380+0000][73.097s][info][gc,metaspace] GC(165) Metaspace: 41735K(42496K)->41735K(42496K) NonClass: 36593K(36992K)->36593K(36992K) Class: 5142K(5504K)->5142K(5504K)
[2026-07-01T01:52:20.380+0000][73.097s][info][gc          ] GC(165) Pause Young (Normal) (G1 Evacuation Pause) 305M->178M(323M) 20.472ms
[2026-07-01T01:52:20.380+0000][73.097s][info][gc,cpu      ] GC(165) User=0.04s Sys=0.00s Real=0.02s
[2026-07-01T01:52:21.331+0000][74.048s][info][gc,start    ] GC(166) Pause Young (Concurrent Start) (G1 Evacuation Pause)
[2026-07-01T01:52:21.331+0000][74.048s][info][gc,task     ] GC(166) Using 2 workers of 2 for evacuation
[2026-07-01T01:52:21.352+0000][74.069s][info][gc,phases   ] GC(166)   Pre Evacuate Collection Set: 0.22ms
[2026-07-01T01:52:21.353+0000][74.070s][info][gc,phases   ] GC(166)   Merge Heap Roots: 0.52ms
[2026-07-01T01:52:21.353+0000][74.070s][info][gc,phases   ] GC(166)   Evacuate Collection Set: 19.78ms
[2026-07-01T01:52:21.353+0000][74.070s][info][gc,phases   ] GC(166)   Post Evacuate Collection Set: 0.61ms
[2026-07-01T01:52:21.353+0000][74.070s][info][gc,phases   ] GC(166)   Other: 0.08ms
[2026-07-01T01:52:21.353+0000][74.070s][info][gc,heap     ] GC(166) Eden regions: 126->0(126)
[2026-07-01T01:52:21.353+0000][74.070s][info][gc,heap     ] GC(166) Survivor regions: 8->8(17)
[2026-07-01T01:52:21.353+0000][74.070s][info][gc,heap     ] GC(166) Old regions: 169->169
[2026-07-01T01:52:21.353+0000][74.070s][info][gc,heap     ] GC(166) Humongous regions: 3->3
[2026-07-01T01:52:21.353+0000][74.070s][info][gc,metaspace] GC(166) Metaspace: 41735K(42496K)->41735K(42496K) NonClass: 36593K(36992K)->36593K(36992K) Class: 5142K(5504K)->5142K(5504K)
[2026-07-01T01:52:21.353+0000][74.070s][info][gc          ] GC(166) Pause Young (Concurrent Start) (G1 Evacuation Pause) 304M->179M(323M) 21.413ms
[2026-07-01T01:52:21.353+0000][74.070s][info][gc          ] GC(167) Concurrent Mark Cycle
[2026-07-01T01:52:21.353+0000][74.070s][info][gc,marking  ] GC(167) Concurrent Scan Root Regions
[2026-07-01T01:52:21.353+0000][74.070s][info][gc,cpu      ] GC(166) User=0.04s Sys=0.00s Real=0.02s
[2026-07-01T01:52:21.372+0000][74.089s][info][gc,marking  ] GC(167) Concurrent Scan Root Regions 18.912ms
[2026-07-01T01:52:21.372+0000][74.089s][info][gc,marking  ] GC(167) Concurrent Mark
[2026-07-01T01:52:21.372+0000][74.089s][info][gc,marking  ] GC(167) Concurrent Mark From Roots
[2026-07-01T01:52:21.372+0000][74.089s][info][gc,task     ] GC(167) Using 1 workers of 1 for marking
[2026-07-01T01:52:21.787+0000][74.504s][info][gc,marking  ] GC(167) Concurrent Mark From Roots 415.586ms
[2026-07-01T01:52:21.787+0000][74.504s][info][gc,marking  ] GC(167) Concurrent Preclean
[2026-07-01T01:52:21.787+0000][74.504s][info][gc,marking  ] GC(167) Concurrent Preclean 0.097ms
[2026-07-01T01:52:21.787+0000][74.504s][info][gc,start    ] GC(167) Pause Remark
[2026-07-01T01:52:21.801+0000][74.518s][info][gc          ] GC(167) Pause Remark 219M->219M(323M) 13.410ms
[2026-07-01T01:52:21.801+0000][74.518s][info][gc,cpu      ] GC(167) User=0.02s Sys=0.00s Real=0.02s
[2026-07-01T01:52:21.802+0000][74.519s][info][gc,marking  ] GC(167) Concurrent Mark 430.657ms
[2026-07-01T01:52:21.802+0000][74.519s][info][gc,marking  ] GC(167) Concurrent Rebuild Remembered Sets and Scrub Regions
[2026-07-01T01:52:21.914+0000][74.631s][info][gc,marking  ] GC(167) Concurrent Rebuild Remembered Sets and Scrub Regions 111.531ms
[2026-07-01T01:52:21.914+0000][74.631s][info][gc,start    ] GC(167) Pause Cleanup
[2026-07-01T01:52:21.914+0000][74.631s][info][gc          ] GC(167) Pause Cleanup 231M->231M(323M) 0.196ms
[2026-07-01T01:52:21.914+0000][74.631s][info][gc,cpu      ] GC(167) User=0.00s Sys=0.00s Real=0.00s
[2026-07-01T01:52:21.914+0000][74.631s][info][gc,marking  ] GC(167) Concurrent Clear Claimed Marks
[2026-07-01T01:52:21.915+0000][74.632s][info][gc,marking  ] GC(167) Concurrent Clear Claimed Marks 0.101ms
[2026-07-01T01:52:21.915+0000][74.632s][info][gc,marking  ] GC(167) Concurrent Cleanup for Next Mark
[2026-07-01T01:52:21.917+0000][74.634s][info][gc,marking  ] GC(167) Concurrent Cleanup for Next Mark 2.769ms
[2026-07-01T01:52:21.917+0000][74.634s][info][gc          ] GC(167) Concurrent Mark Cycle 564.699ms
[2026-07-01T01:52:22.523+0000][75.240s][info][gc,start    ] GC(168) Pause Young (Prepare Mixed) (G1 Evacuation Pause)
[2026-07-01T01:52:22.523+0000][75.240s][info][gc,task     ] GC(168) Using 2 workers of 2 for evacuation
[2026-07-01T01:52:22.568+0000][75.285s][info][gc,phases   ] GC(168)   Pre Evacuate Collection Set: 0.18ms
[2026-07-01T01:52:22.568+0000][75.285s][info][gc,phases   ] GC(168)   Merge Heap Roots: 0.86ms
[2026-07-01T01:52:22.568+0000][75.285s][info][gc,phases   ] GC(168)   Evacuate Collection Set: 43.50ms
[2026-07-01T01:52:22.568+0000][75.285s][info][gc,phases   ] GC(168)   Post Evacuate Collection Set: 0.47ms
[2026-07-01T01:52:22.568+0000][75.285s][info][gc,phases   ] GC(168)   Other: 0.10ms
[2026-07-01T01:52:22.568+0000][75.285s][info][gc,heap     ] GC(168) Eden regions: 126->0(126)
[2026-07-01T01:52:22.568+0000][75.285s][info][gc,heap     ] GC(168) Survivor regions: 8->8(17)
[2026-07-01T01:52:22.568+0000][75.285s][info][gc,heap     ] GC(168) Old regions: 169->169
[2026-07-01T01:52:22.568+0000][75.285s][info][gc,heap     ] GC(168) Humongous regions: 3->3
[2026-07-01T01:52:22.568+0000][75.285s][info][gc,metaspace] GC(168) Metaspace: 41736K(42496K)->41736K(42496K) NonClass: 36593K(36992K)->36593K(36992K) Class: 5142K(5504K)->5142K(5504K)
[2026-07-01T01:52:22.568+0000][75.285s][info][gc          ] GC(168) Pause Young (Prepare Mixed) (G1 Evacuation Pause) 305M->179M(323M) 45.308ms
[2026-07-01T01:52:22.568+0000][75.285s][info][gc,cpu      ] GC(168) User=0.04s Sys=0.00s Real=0.05s
[2026-07-01T01:52:23.535+0000][76.252s][info][gc,start    ] GC(169) Pause Young (Mixed) (G1 Evacuation Pause)
[2026-07-01T01:52:23.535+0000][76.252s][info][gc,task     ] GC(169) Using 2 workers of 2 for evacuation
[2026-07-01T01:52:23.592+0000][76.309s][info][gc,phases   ] GC(169)   Pre Evacuate Collection Set: 0.23ms
[2026-07-01T01:52:23.592+0000][76.309s][info][gc,phases   ] GC(169)   Merge Heap Roots: 0.60ms
[2026-07-01T01:52:23.592+0000][76.309s][info][gc,phases   ] GC(169)   Evacuate Collection Set: 55.48ms
[2026-07-01T01:52:23.592+0000][76.309s][info][gc,phases   ] GC(169)   Post Evacuate Collection Set: 0.78ms
[2026-07-01T01:52:23.592+0000][76.309s][info][gc,phases   ] GC(169)   Other: 0.05ms
[2026-07-01T01:52:23.592+0000][76.309s][info][gc,heap     ] GC(169) Eden regions: 126->0(126)
[2026-07-01T01:52:23.592+0000][76.309s][info][gc,heap     ] GC(169) Survivor regions: 8->8(17)
[2026-07-01T01:52:23.592+0000][76.309s][info][gc,heap     ] GC(169) Old regions: 169->169
[2026-07-01T01:52:23.592+0000][76.309s][info][gc,heap     ] GC(169) Humongous regions: 3->3
[2026-07-01T01:52:23.592+0000][76.309s][info][gc,metaspace] GC(169) Metaspace: 41746K(42560K)->41746K(42560K) NonClass: 36604K(37056K)->36604K(37056K) Class: 5142K(5504K)->5142K(5504K)
[2026-07-01T01:52:23.592+0000][76.309s][info][gc          ] GC(169) Pause Young (Mixed) (G1 Evacuation Pause) 305M->179M(323M) 57.381ms
[2026-07-01T01:52:23.592+0000][76.309s][info][gc,cpu      ] GC(169) User=0.04s Sys=0.01s Real=0.06s
[2026-07-01T01:52:24.491+0000][77.208s][info][gc,start    ] GC(170) Pause Young (Concurrent Start) (G1 Evacuation Pause)
[2026-07-01T01:52:24.491+0000][77.208s][info][gc,task     ] GC(170) Using 2 workers of 2 for evacuation
[2026-07-01T01:52:24.547+0000][77.264s][info][gc,phases   ] GC(170)   Pre Evacuate Collection Set: 0.26ms
[2026-07-01T01:52:24.547+0000][77.264s][info][gc,phases   ] GC(170)   Merge Heap Roots: 0.53ms
[2026-07-01T01:52:24.547+0000][77.264s][info][gc,phases   ] GC(170)   Evacuate Collection Set: 53.80ms
[2026-07-01T01:52:24.547+0000][77.264s][info][gc,phases   ] GC(170)   Post Evacuate Collection Set: 0.52ms
[2026-07-01T01:52:24.547+0000][77.264s][info][gc,phases   ] GC(170)   Other: 0.11ms
[2026-07-01T01:52:24.547+0000][77.264s][info][gc,heap     ] GC(170) Eden regions: 126->0(124)
[2026-07-01T01:52:24.547+0000][77.264s][info][gc,heap     ] GC(170) Survivor regions: 8->9(17)
[2026-07-01T01:52:24.547+0000][77.264s][info][gc,heap     ] GC(170) Old regions: 169->170
[2026-07-01T01:52:24.547+0000][77.264s][info][gc,heap     ] GC(170) Humongous regions: 3->3
[2026-07-01T01:52:24.547+0000][77.264s][info][gc,metaspace] GC(170) Metaspace: 41747K(42560K)->41747K(42560K) NonClass: 36605K(37056K)->36605K(37056K) Class: 5142K(5504K)->5142K(5504K)
[2026-07-01T01:52:24.547+0000][77.264s][info][gc          ] GC(170) Pause Young (Concurrent Start) (G1 Evacuation Pause) 305M->180M(323M) 55.429ms
[2026-07-01T01:52:24.547+0000][77.264s][info][gc          ] GC(171) Concurrent Mark Cycle
[2026-07-01T01:52:24.547+0000][77.264s][info][gc,cpu      ] GC(170) User=0.05s Sys=0.00s Real=0.05s
[2026-07-01T01:52:24.547+0000][77.264s][info][gc,marking  ] GC(171) Concurrent Scan Root Regions
[2026-07-01T01:52:24.592+0000][77.309s][info][gc,marking  ] GC(171) Concurrent Scan Root Regions 44.800ms
[2026-07-01T01:52:24.592+0000][77.309s][info][gc,marking  ] GC(171) Concurrent Mark
[2026-07-01T01:52:24.592+0000][77.309s][info][gc,marking  ] GC(171) Concurrent Mark From Roots
[2026-07-01T01:52:24.592+0000][77.309s][info][gc,task     ] GC(171) Using 1 workers of 1 for marking
[2026-07-01T01:52:25.137+0000][77.854s][info][gc,marking  ] GC(171) Concurrent Mark From Roots 545.475ms
[2026-07-01T01:52:25.137+0000][77.854s][info][gc,marking  ] GC(171) Concurrent Preclean
[2026-07-01T01:52:25.137+0000][77.854s][info][gc,marking  ] GC(171) Concurrent Preclean 0.167ms
[2026-07-01T01:52:25.138+0000][77.855s][info][gc,start    ] GC(171) Pause Remark
[2026-07-01T01:52:25.145+0000][77.862s][info][gc          ] GC(171) Pause Remark 271M->271M(323M) 7.840ms
[2026-07-01T01:52:25.145+0000][77.862s][info][gc,cpu      ] GC(171) User=0.01s Sys=0.00s Real=0.01s
[2026-07-01T01:52:25.147+0000][77.864s][info][gc,marking  ] GC(171) Concurrent Mark 555.448ms
[2026-07-01T01:52:25.147+0000][77.864s][info][gc,marking  ] GC(171) Concurrent Rebuild Remembered Sets and Scrub Regions
[2026-07-01T01:52:25.311+0000][78.028s][info][gc,start    ] GC(172) Pause Young (Normal) (G1 Evacuation Pause)
[2026-07-01T01:52:25.311+0000][78.028s][info][gc,task     ] GC(172) Using 2 workers of 2 for evacuation
[2026-07-01T01:52:25.331+0000][78.048s][info][gc,phases   ] GC(172)   Pre Evacuate Collection Set: 0.22ms
[2026-07-01T01:52:25.331+0000][78.048s][info][gc,phases   ] GC(172)   Merge Heap Roots: 0.74ms
[2026-07-01T01:52:25.331+0000][78.048s][info][gc,phases   ] GC(172)   Evacuate Collection Set: 18.63ms
[2026-07-01T01:52:25.331+0000][78.048s][info][gc,phases   ] GC(172)   Post Evacuate Collection Set: 0.48ms
[2026-07-01T01:52:25.331+0000][78.048s][info][gc,phases   ] GC(172)   Other: 0.07ms
[2026-07-01T01:52:25.331+0000][78.048s][info][gc,heap     ] GC(172) Eden regions: 124->0(124)
[2026-07-01T01:52:25.331+0000][78.048s][info][gc,heap     ] GC(172) Survivor regions: 9->9(17)
[2026-07-01T01:52:25.331+0000][78.048s][info][gc,heap     ] GC(172) Old regions: 170->170
[2026-07-01T01:52:25.331+0000][78.048s][info][gc,heap     ] GC(172) Humongous regions: 3->3
[2026-07-01T01:52:25.331+0000][78.048s][info][gc,metaspace] GC(172) Metaspace: 41748K(42560K)->41748K(42560K) NonClass: 36605K(37056K)->36605K(37056K) Class: 5142K(5504K)->5142K(5504K)
[2026-07-01T01:52:25.331+0000][78.048s][info][gc          ] GC(172) Pause Young (Normal) (G1 Evacuation Pause) 304M->181M(323M) 20.302ms
[2026-07-01T01:52:25.331+0000][78.048s][info][gc,cpu      ] GC(172) User=0.04s Sys=0.00s Real=0.02s
[2026-07-01T01:52:25.428+0000][78.145s][info][gc,marking  ] GC(171) Concurrent Rebuild Remembered Sets and Scrub Regions 280.606ms
[2026-07-01T01:52:25.428+0000][78.145s][info][gc,start    ] GC(171) Pause Cleanup
[2026-07-01T01:52:25.428+0000][78.145s][info][gc          ] GC(171) Pause Cleanup 200M->200M(323M) 0.193ms
[2026-07-01T01:52:25.428+0000][78.145s][info][gc,cpu      ] GC(171) User=0.00s Sys=0.00s Real=0.00s
[2026-07-01T01:52:25.430+0000][78.147s][info][gc,marking  ] GC(171) Concurrent Clear Claimed Marks
[2026-07-01T01:52:25.430+0000][78.147s][info][gc,marking  ] GC(171) Concurrent Clear Claimed Marks 0.133ms
[2026-07-01T01:52:25.430+0000][78.147s][info][gc,marking  ] GC(171) Concurrent Cleanup for Next Mark
[2026-07-01T01:52:25.431+0000][78.148s][info][gc,marking  ] GC(171) Concurrent Cleanup for Next Mark 0.710ms
[2026-07-01T01:52:25.431+0000][78.148s][info][gc          ] GC(171) Concurrent Mark Cycle 883.856ms
[2026-07-01T01:52:25.906+0000][78.623s][info][gc,start    ] GC(173) Pause Young (Prepare Mixed) (G1 Evacuation Pause)
[2026-07-01T01:52:25.906+0000][78.623s][info][gc,task     ] GC(173) Using 2 workers of 2 for evacuation
[2026-07-01T01:52:25.922+0000][78.639s][info][gc,phases   ] GC(173)   Pre Evacuate Collection Set: 0.21ms
[2026-07-01T01:52:25.922+0000][78.639s][info][gc,phases   ] GC(173)   Merge Heap Roots: 0.50ms
[2026-07-01T01:52:25.922+0000][78.639s][info][gc,phases   ] GC(173)   Evacuate Collection Set: 14.66ms
[2026-07-01T01:52:25.922+0000][78.639s][info][gc,phases   ] GC(173)   Post Evacuate Collection Set: 0.42ms
[2026-07-01T01:52:25.922+0000][78.639s][info][gc,phases   ] GC(173)   Other: 0.05ms
[2026-07-01T01:52:25.922+0000][78.639s][info][gc,heap     ] GC(173) Eden regions: 124->0(124)
[2026-07-01T01:52:25.922+0000][78.639s][info][gc,heap     ] GC(173) Survivor regions: 9->9(17)
[2026-07-01T01:52:25.922+0000][78.639s][info][gc,heap     ] GC(173) Old regions: 170->170
[2026-07-01T01:52:25.922+0000][78.639s][info][gc,heap     ] GC(173) Humongous regions: 3->3
[2026-07-01T01:52:25.922+0000][78.639s][info][gc,metaspace] GC(173) Metaspace: 41748K(42560K)->41748K(42560K) NonClass: 36605K(37056K)->36605K(37056K) Class: 5142K(5504K)->5142K(5504K)
[2026-07-01T01:52:25.922+0000][78.639s][info][gc          ] GC(173) Pause Young (Prepare Mixed) (G1 Evacuation Pause) 305M->181M(323M) 15.990ms
[2026-07-01T01:52:25.922+0000][78.639s][info][gc,cpu      ] GC(173) User=0.03s Sys=0.00s Real=0.02s
[2026-07-01T01:52:26.497+0000][79.214s][info][gc,start    ] GC(174) Pause Young (Mixed) (G1 Evacuation Pause)
[2026-07-01T01:52:26.497+0000][79.214s][info][gc,task     ] GC(174) Using 2 workers of 2 for evacuation
[2026-07-01T01:52:26.514+0000][79.231s][info][gc,phases   ] GC(174)   Pre Evacuate Collection Set: 0.17ms
[2026-07-01T01:52:26.514+0000][79.231s][info][gc,phases   ] GC(174)   Merge Heap Roots: 0.33ms
[2026-07-01T01:52:26.514+0000][79.231s][info][gc,phases   ] GC(174)   Evacuate Collection Set: 16.24ms
[2026-07-01T01:52:26.514+0000][79.231s][info][gc,phases   ] GC(174)   Post Evacuate Collection Set: 0.43ms
[2026-07-01T01:52:26.514+0000][79.231s][info][gc,phases   ] GC(174)   Other: 0.05ms
[2026-07-01T01:52:26.514+0000][79.231s][info][gc,heap     ] GC(174) Eden regions: 124->0(124)
[2026-07-01T01:52:26.514+0000][79.231s][info][gc,heap     ] GC(174) Survivor regions: 9->8(17)
[2026-07-01T01:52:26.514+0000][79.231s][info][gc,heap     ] GC(174) Old regions: 170->171
[2026-07-01T01:52:26.514+0000][79.231s][info][gc,heap     ] GC(174) Humongous regions: 3->3
[2026-07-01T01:52:26.514+0000][79.231s][info][gc,metaspace] GC(174) Metaspace: 41748K(42560K)->41748K(42560K) NonClass: 36605K(37056K)->36605K(37056K) Class: 5142K(5504K)->5142K(5504K)
[2026-07-01T01:52:26.514+0000][79.231s][info][gc          ] GC(174) Pause Young (Mixed) (G1 Evacuation Pause) 305M->181M(323M) 17.379ms
[2026-07-01T01:52:26.514+0000][79.231s][info][gc,cpu      ] GC(174) User=0.03s Sys=0.00s Real=0.02s
[2026-07-01T01:52:27.081+0000][79.798s][info][gc,start    ] GC(175) Pause Young (Concurrent Start) (G1 Evacuation Pause)
[2026-07-01T01:52:27.081+0000][79.798s][info][gc,task     ] GC(175) Using 2 workers of 2 for evacuation
[2026-07-01T01:52:27.097+0000][79.814s][info][gc,phases   ] GC(175)   Pre Evacuate Collection Set: 0.20ms
[2026-07-01T01:52:27.097+0000][79.814s][info][gc,phases   ] GC(175)   Merge Heap Roots: 0.37ms
[2026-07-01T01:52:27.097+0000][79.814s][info][gc,phases   ] GC(175)   Evacuate Collection Set: 15.00ms
[2026-07-01T01:52:27.097+0000][79.814s][info][gc,phases   ] GC(175)   Post Evacuate Collection Set: 0.44ms
[2026-07-01T01:52:27.097+0000][79.814s][info][gc,phases   ] GC(175)   Other: 0.09ms
[2026-07-01T01:52:27.097+0000][79.814s][info][gc,heap     ] GC(175) Eden regions: 124->0(124)
[2026-07-01T01:52:27.097+0000][79.814s][info][gc,heap     ] GC(175) Survivor regions: 8->8(17)
[2026-07-01T01:52:27.097+0000][79.814s][info][gc,heap     ] GC(175) Old regions: 171->171
[2026-07-01T01:52:27.097+0000][79.814s][info][gc,heap     ] GC(175) Humongous regions: 3->3
[2026-07-01T01:52:27.097+0000][79.814s][info][gc,metaspace] GC(175) Metaspace: 41748K(42560K)->41748K(42560K) NonClass: 36605K(37056K)->36605K(37056K) Class: 5142K(5504K)->5142K(5504K)
[2026-07-01T01:52:27.097+0000][79.814s][info][gc          ] GC(175) Pause Young (Concurrent Start) (G1 Evacuation Pause) 305M->181M(323M) 16.261ms
[2026-07-01T01:52:27.097+0000][79.814s][info][gc          ] GC(176) Concurrent Mark Cycle
[2026-07-01T01:52:27.097+0000][79.814s][info][gc,cpu      ] GC(175) User=0.03s Sys=0.00s Real=0.01s
[2026-07-01T01:52:27.097+0000][79.814s][info][gc,marking  ] GC(176) Concurrent Scan Root Regions
[2026-07-01T01:52:27.133+0000][79.850s][info][gc,marking  ] GC(176) Concurrent Scan Root Regions 36.434ms
[2026-07-01T01:52:27.133+0000][79.850s][info][gc,marking  ] GC(176) Concurrent Mark
[2026-07-01T01:52:27.133+0000][79.850s][info][gc,marking  ] GC(176) Concurrent Mark From Roots
[2026-07-01T01:52:27.133+0000][79.850s][info][gc,task     ] GC(176) Using 1 workers of 1 for marking
[2026-07-01T01:52:27.640+0000][80.357s][info][gc,marking  ] GC(176) Concurrent Mark From Roots 506.737ms
[2026-07-01T01:52:27.640+0000][80.357s][info][gc,marking  ] GC(176) Concurrent Preclean
[2026-07-01T01:52:27.640+0000][80.357s][info][gc,marking  ] GC(176) Concurrent Preclean 0.143ms
[2026-07-01T01:52:27.640+0000][80.357s][info][gc,start    ] GC(176) Pause Remark
[2026-07-01T01:52:27.647+0000][80.364s][info][gc          ] GC(176) Pause Remark 277M->277M(323M) 6.515ms
[2026-07-01T01:52:27.647+0000][80.364s][info][gc,cpu      ] GC(176) User=0.01s Sys=0.01s Real=0.00s
[2026-07-01T01:52:27.649+0000][80.366s][info][gc,marking  ] GC(176) Concurrent Mark 515.975ms
[2026-07-01T01:52:27.649+0000][80.366s][info][gc,marking  ] GC(176) Concurrent Rebuild Remembered Sets and Scrub Regions
[2026-07-01T01:52:27.806+0000][80.523s][info][gc,start    ] GC(177) Pause Young (Normal) (G1 Evacuation Pause)
[2026-07-01T01:52:27.806+0000][80.523s][info][gc,task     ] GC(177) Using 2 workers of 2 for evacuation
[2026-07-01T01:52:27.821+0000][80.538s][info][gc,phases   ] GC(177)   Pre Evacuate Collection Set: 0.17ms
[2026-07-01T01:52:27.821+0000][80.538s][info][gc,phases   ] GC(177)   Merge Heap Roots: 0.37ms
[2026-07-01T01:52:27.821+0000][80.538s][info][gc,phases   ] GC(177)   Evacuate Collection Set: 13.89ms
[2026-07-01T01:52:27.821+0000][80.538s][info][gc,phases   ] GC(177)   Post Evacuate Collection Set: 0.47ms
[2026-07-01T01:52:27.821+0000][80.538s][info][gc,phases   ] GC(177)   Other: 0.06ms
[2026-07-01T01:52:27.821+0000][80.538s][info][gc,heap     ] GC(177) Eden regions: 124->0(123)
[2026-07-01T01:52:27.821+0000][80.538s][info][gc,heap     ] GC(177) Survivor regions: 8->8(17)
[2026-07-01T01:52:27.821+0000][80.538s][info][gc,heap     ] GC(177) Old regions: 171->172
[2026-07-01T01:52:27.821+0000][80.538s][info][gc,heap     ] GC(177) Humongous regions: 3->3
[2026-07-01T01:52:27.821+0000][80.538s][info][gc,metaspace] GC(177) Metaspace: 41748K(42560K)->41748K(42560K) NonClass: 36605K(37056K)->36605K(37056K) Class: 5142K(5504K)->5142K(5504K)
[2026-07-01T01:52:27.821+0000][80.538s][info][gc          ] GC(177) Pause Young (Normal) (G1 Evacuation Pause) 305M->182M(323M) 15.104ms
[2026-07-01T01:52:27.822+0000][80.539s][info][gc,cpu      ] GC(177) User=0.03s Sys=0.00s Real=0.02s
[2026-07-01T01:52:27.862+0000][80.579s][info][gc,marking  ] GC(176) Concurrent Rebuild Remembered Sets and Scrub Regions 213.011ms
[2026-07-01T01:52:27.863+0000][80.580s][info][gc,start    ] GC(176) Pause Cleanup
[2026-07-01T01:52:27.863+0000][80.580s][info][gc          ] GC(176) Pause Cleanup 189M->189M(323M) 0.127ms
[2026-07-01T01:52:27.863+0000][80.580s][info][gc,cpu      ] GC(176) User=0.00s Sys=0.00s Real=0.00s
[2026-07-01T01:52:27.863+0000][80.580s][info][gc,marking  ] GC(176) Concurrent Clear Claimed Marks
[2026-07-01T01:52:27.863+0000][80.580s][info][gc,marking  ] GC(176) Concurrent Clear Claimed Marks 0.080ms
[2026-07-01T01:52:27.863+0000][80.580s][info][gc,marking  ] GC(176) Concurrent Cleanup for Next Mark
[2026-07-01T01:52:27.863+0000][80.580s][info][gc,marking  ] GC(176) Concurrent Cleanup for Next Mark 0.568ms
[2026-07-01T01:52:27.864+0000][80.581s][info][gc          ] GC(176) Concurrent Mark Cycle 766.576ms
[2026-07-01T01:52:28.390+0000][81.107s][info][gc,start    ] GC(178) Pause Young (Prepare Mixed) (G1 Evacuation Pause)
[2026-07-01T01:52:28.390+0000][81.107s][info][gc,task     ] GC(178) Using 2 workers of 2 for evacuation
[2026-07-01T01:52:28.411+0000][81.128s][info][gc,phases   ] GC(178)   Pre Evacuate Collection Set: 0.20ms
[2026-07-01T01:52:28.411+0000][81.128s][info][gc,phases   ] GC(178)   Merge Heap Roots: 0.61ms
[2026-07-01T01:52:28.411+0000][81.128s][info][gc,phases   ] GC(178)   Evacuate Collection Set: 19.25ms
[2026-07-01T01:52:28.411+0000][81.128s][info][gc,phases   ] GC(178)   Post Evacuate Collection Set: 0.42ms
[2026-07-01T01:52:28.411+0000][81.128s][info][gc,phases   ] GC(178)   Other: 0.08ms
[2026-07-01T01:52:28.411+0000][81.128s][info][gc,heap     ] GC(178) Eden regions: 123->0(123)
[2026-07-01T01:52:28.411+0000][81.128s][info][gc,heap     ] GC(178) Survivor regions: 8->8(17)
[2026-07-01T01:52:28.411+0000][81.128s][info][gc,heap     ] GC(178) Old regions: 172->172
[2026-07-01T01:52:28.411+0000][81.128s][info][gc,heap     ] GC(178) Humongous regions: 3->3
[2026-07-01T01:52:28.411+0000][81.128s][info][gc,metaspace] GC(178) Metaspace: 41748K(42560K)->41748K(42560K) NonClass: 36605K(37056K)->36605K(37056K) Class: 5142K(5504K)->5142K(5504K)
[2026-07-01T01:52:28.411+0000][81.128s][info][gc          ] GC(178) Pause Young (Prepare Mixed) (G1 Evacuation Pause) 305M->182M(323M) 20.750ms
[2026-07-01T01:52:28.411+0000][81.128s][info][gc,cpu      ] GC(178) User=0.04s Sys=0.00s Real=0.02s
[2026-07-01T01:52:28.976+0000][81.693s][info][gc,start    ] GC(179) Pause Young (Mixed) (G1 Evacuation Pause)
[2026-07-01T01:52:28.976+0000][81.693s][info][gc,task     ] GC(179) Using 2 workers of 2 for evacuation
[2026-07-01T01:52:28.999+0000][81.716s][info][gc,phases   ] GC(179)   Pre Evacuate Collection Set: 0.23ms
[2026-07-01T01:52:28.999+0000][81.716s][info][gc,phases   ] GC(179)   Merge Heap Roots: 0.37ms
[2026-07-01T01:52:28.999+0000][81.716s][info][gc,phases   ] GC(179)   Evacuate Collection Set: 21.92ms
[2026-07-01T01:52:28.999+0000][81.716s][info][gc,phases   ] GC(179)   Post Evacuate Collection Set: 0.50ms
[2026-07-01T01:52:28.999+0000][81.716s][info][gc,phases   ] GC(179)   Other: 0.05ms
[2026-07-01T01:52:28.999+0000][81.716s][info][gc,heap     ] GC(179) Eden regions: 123->0(122)
[2026-07-01T01:52:28.999+0000][81.716s][info][gc,heap     ] GC(179) Survivor regions: 8->9(17)
[2026-07-01T01:52:28.999+0000][81.716s][info][gc,heap     ] GC(179) Old regions: 172->172
[2026-07-01T01:52:28.999+0000][81.716s][info][gc,heap     ] GC(179) Humongous regions: 3->3
[2026-07-01T01:52:28.999+0000][81.716s][info][gc,metaspace] GC(179) Metaspace: 41748K(42560K)->41748K(42560K) NonClass: 36605K(37056K)->36605K(37056K) Class: 5142K(5504K)->5142K(5504K)
[2026-07-01T01:52:28.999+0000][81.716s][info][gc          ] GC(179) Pause Young (Mixed) (G1 Evacuation Pause) 305M->183M(323M) 23.234ms
[2026-07-01T01:52:28.999+0000][81.716s][info][gc,cpu      ] GC(179) User=0.05s Sys=0.00s Real=0.03s
[2026-07-01T01:52:29.557+0000][82.274s][info][gc,start    ] GC(180) Pause Young (Concurrent Start) (G1 Evacuation Pause)
[2026-07-01T01:52:29.557+0000][82.274s][info][gc,task     ] GC(180) Using 2 workers of 2 for evacuation
[2026-07-01T01:52:29.579+0000][82.296s][info][gc,phases   ] GC(180)   Pre Evacuate Collection Set: 0.20ms
[2026-07-01T01:52:29.579+0000][82.296s][info][gc,phases   ] GC(180)   Merge Heap Roots: 0.28ms
[2026-07-01T01:52:29.579+0000][82.296s][info][gc,phases   ] GC(180)   Evacuate Collection Set: 20.14ms
[2026-07-01T01:52:29.579+0000][82.296s][info][gc,phases   ] GC(180)   Post Evacuate Collection Set: 0.42ms
[2026-07-01T01:52:29.579+0000][82.296s][info][gc,phases   ] GC(180)   Other: 0.08ms
[2026-07-01T01:52:29.579+0000][82.296s][info][gc,heap     ] GC(180) Eden regions: 122->0(122)
[2026-07-01T01:52:29.579+0000][82.296s][info][gc,heap     ] GC(180) Survivor regions: 9->8(17)
[2026-07-01T01:52:29.579+0000][82.296s][info][gc,heap     ] GC(180) Old regions: 172->173
[2026-07-01T01:52:29.579+0000][82.296s][info][gc,heap     ] GC(180) Humongous regions: 3->3
[2026-07-01T01:52:29.579+0000][82.296s][info][gc,metaspace] GC(180) Metaspace: 41758K(42560K)->41758K(42560K) NonClass: 36616K(37056K)->36616K(37056K) Class: 5142K(5504K)->5142K(5504K)
[2026-07-01T01:52:29.579+0000][82.296s][info][gc          ] GC(180) Pause Young (Concurrent Start) (G1 Evacuation Pause) 305M->183M(323M) 21.289ms
[2026-07-01T01:52:29.579+0000][82.296s][info][gc          ] GC(181) Concurrent Mark Cycle
[2026-07-01T01:52:29.579+0000][82.296s][info][gc,marking  ] GC(181) Concurrent Scan Root Regions
[2026-07-01T01:52:29.579+0000][82.296s][info][gc,cpu      ] GC(180) User=0.04s Sys=0.00s Real=0.03s
[2026-07-01T01:52:29.600+0000][82.317s][info][gc,marking  ] GC(181) Concurrent Scan Root Regions 21.592ms
[2026-07-01T01:52:29.600+0000][82.317s][info][gc,marking  ] GC(181) Concurrent Mark
[2026-07-01T01:52:29.600+0000][82.317s][info][gc,marking  ] GC(181) Concurrent Mark From Roots
[2026-07-01T01:52:29.600+0000][82.317s][info][gc,task     ] GC(181) Using 1 workers of 1 for marking
[2026-07-01T01:52:30.241+0000][82.958s][info][gc,start    ] GC(182) Pause Young (Normal) (G1 Evacuation Pause)
[2026-07-01T01:52:30.241+0000][82.958s][info][gc,task     ] GC(182) Using 2 workers of 2 for evacuation
[2026-07-01T01:52:30.257+0000][82.974s][info][gc,phases   ] GC(182)   Pre Evacuate Collection Set: 0.20ms
[2026-07-01T01:52:30.257+0000][82.974s][info][gc,phases   ] GC(182)   Merge Heap Roots: 0.39ms
[2026-07-01T01:52:30.257+0000][82.974s][info][gc,phases   ] GC(182)   Evacuate Collection Set: 14.22ms
[2026-07-01T01:52:30.257+0000][82.974s][info][gc,phases   ] GC(182)   Post Evacuate Collection Set: 0.38ms
[2026-07-01T01:52:30.257+0000][82.974s][info][gc,phases   ] GC(182)   Other: 0.06ms
[2026-07-01T01:52:30.257+0000][82.974s][info][gc,heap     ] GC(182) Eden regions: 122->0(122)
[2026-07-01T01:52:30.257+0000][82.974s][info][gc,heap     ] GC(182) Survivor regions: 8->8(17)
[2026-07-01T01:52:30.257+0000][82.974s][info][gc,heap     ] GC(182) Old regions: 173->173
[2026-07-01T01:52:30.257+0000][82.974s][info][gc,heap     ] GC(182) Humongous regions: 3->3
[2026-07-01T01:52:30.257+0000][82.974s][info][gc,metaspace] GC(182) Metaspace: 41758K(42560K)->41758K(42560K) NonClass: 36616K(37056K)->36616K(37056K) Class: 5142K(5504K)->5142K(5504K)
[2026-07-01T01:52:30.257+0000][82.974s][info][gc          ] GC(182) Pause Young (Normal) (G1 Evacuation Pause) 305M->183M(323M) 15.416ms
[2026-07-01T01:52:30.257+0000][82.974s][info][gc,cpu      ] GC(182) User=0.03s Sys=0.00s Real=0.01s
[2026-07-01T01:52:30.283+0000][83.000s][info][gc,marking  ] GC(181) Concurrent Mark From Roots 682.352ms
[2026-07-01T01:52:30.283+0000][83.000s][info][gc,marking  ] GC(181) Concurrent Preclean
[2026-07-01T01:52:30.283+0000][83.000s][info][gc,marking  ] GC(181) Concurrent Preclean 0.074ms
[2026-07-01T01:52:30.284+0000][83.001s][info][gc,start    ] GC(181) Pause Remark
[2026-07-01T01:52:30.291+0000][83.008s][info][gc          ] GC(181) Pause Remark 189M->189M(323M) 7.304ms
[2026-07-01T01:52:30.291+0000][83.008s][info][gc,cpu      ] GC(181) User=0.01s Sys=0.00s Real=0.01s
[2026-07-01T01:52:30.294+0000][83.011s][info][gc,marking  ] GC(181) Concurrent Mark 694.002ms
[2026-07-01T01:52:30.294+0000][83.011s][info][gc,marking  ] GC(181) Concurrent Rebuild Remembered Sets and Scrub Regions
[2026-07-01T01:52:30.455+0000][83.172s][info][gc,marking  ] GC(181) Concurrent Rebuild Remembered Sets and Scrub Regions 160.984ms
[2026-07-01T01:52:30.456+0000][83.173s][info][gc,start    ] GC(181) Pause Cleanup
[2026-07-01T01:52:30.456+0000][83.173s][info][gc          ] GC(181) Pause Cleanup 217M->217M(323M) 0.225ms
[2026-07-01T01:52:30.456+0000][83.173s][info][gc,cpu      ] GC(181) User=0.00s Sys=0.00s Real=0.00s
[2026-07-01T01:52:30.458+0000][83.175s][info][gc,marking  ] GC(181) Concurrent Clear Claimed Marks
[2026-07-01T01:52:30.458+0000][83.175s][info][gc,marking  ] GC(181) Concurrent Clear Claimed Marks 0.131ms
[2026-07-01T01:52:30.458+0000][83.175s][info][gc,marking  ] GC(181) Concurrent Cleanup for Next Mark
[2026-07-01T01:52:30.463+0000][83.180s][info][gc,marking  ] GC(181) Concurrent Cleanup for Next Mark 4.536ms
[2026-07-01T01:52:30.463+0000][83.180s][info][gc          ] GC(181) Concurrent Mark Cycle 884.213ms
[2026-07-01T01:52:30.867+0000][83.584s][info][gc,start    ] GC(183) Pause Young (Normal) (G1 Evacuation Pause)
[2026-07-01T01:52:30.867+0000][83.584s][info][gc,task     ] GC(183) Using 2 workers of 2 for evacuation
[2026-07-01T01:52:30.882+0000][83.599s][info][gc,phases   ] GC(183)   Pre Evacuate Collection Set: 0.26ms
[2026-07-01T01:52:30.882+0000][83.599s][info][gc,phases   ] GC(183)   Merge Heap Roots: 0.76ms
[2026-07-01T01:52:30.882+0000][83.599s][info][gc,phases   ] GC(183)   Evacuate Collection Set: 13.48ms
[2026-07-01T01:52:30.882+0000][83.599s][info][gc,phases   ] GC(183)   Post Evacuate Collection Set: 0.38ms
[2026-07-01T01:52:30.882+0000][83.599s][info][gc,phases   ] GC(183)   Other: 0.05ms
[2026-07-01T01:52:30.882+0000][83.599s][info][gc,heap     ] GC(183) Eden regions: 122->0(121)
[2026-07-01T01:52:30.882+0000][83.599s][info][gc,heap     ] GC(183) Survivor regions: 8->8(17)
[2026-07-01T01:52:30.882+0000][83.599s][info][gc,heap     ] GC(183) Old regions: 173->174
[2026-07-01T01:52:30.882+0000][83.599s][info][gc,heap     ] GC(183) Humongous regions: 3->3
[2026-07-01T01:52:30.882+0000][83.599s][info][gc,metaspace] GC(183) Metaspace: 41758K(42560K)->41758K(42560K) NonClass: 36616K(37056K)->36616K(37056K) Class: 5142K(5504K)->5142K(5504K)
[2026-07-01T01:52:30.882+0000][83.599s][info][gc          ] GC(183) Pause Young (Normal) (G1 Evacuation Pause) 305M->184M(323M) 15.074ms
[2026-07-01T01:52:30.882+0000][83.599s][info][gc,cpu      ] GC(183) User=0.03s Sys=0.00s Real=0.02s
[2026-07-01T01:52:31.742+0000][84.458s][info][gc,start    ] GC(184) Pause Young (Concurrent Start) (G1 Evacuation Pause)
[2026-07-01T01:52:31.742+0000][84.459s][info][gc,task     ] GC(184) Using 2 workers of 2 for evacuation
[2026-07-01T01:52:31.775+0000][84.492s][info][gc,phases   ] GC(184)   Pre Evacuate Collection Set: 0.21ms
[2026-07-01T01:52:31.775+0000][84.492s][info][gc,phases   ] GC(184)   Merge Heap Roots: 0.38ms
[2026-07-01T01:52:31.775+0000][84.492s][info][gc,phases   ] GC(184)   Evacuate Collection Set: 32.74ms
[2026-07-01T01:52:31.775+0000][84.492s][info][gc,phases   ] GC(184)   Post Evacuate Collection Set: 0.46ms
[2026-07-01T01:52:31.775+0000][84.492s][info][gc,phases   ] GC(184)   Other: 0.08ms
[2026-07-01T01:52:31.775+0000][84.492s][info][gc,heap     ] GC(184) Eden regions: 121->0(121)
[2026-07-01T01:52:31.776+0000][84.492s][info][gc,heap     ] GC(184) Survivor regions: 8->8(17)
[2026-07-01T01:52:31.776+0000][84.493s][info][gc,heap     ] GC(184) Old regions: 174->174
[2026-07-01T01:52:31.776+0000][84.493s][info][gc,heap     ] GC(184) Humongous regions: 3->3
[2026-07-01T01:52:31.776+0000][84.493s][info][gc,metaspace] GC(184) Metaspace: 41758K(42560K)->41758K(42560K) NonClass: 36616K(37056K)->36616K(37056K) Class: 5142K(5504K)->5142K(5504K)
[2026-07-01T01:52:31.776+0000][84.493s][info][gc          ] GC(184) Pause Young (Concurrent Start) (G1 Evacuation Pause) 305M->184M(323M) 34.069ms
[2026-07-01T01:52:31.776+0000][84.493s][info][gc          ] GC(185) Concurrent Mark Cycle
[2026-07-01T01:52:31.776+0000][84.493s][info][gc,marking  ] GC(185) Concurrent Scan Root Regions
[2026-07-01T01:52:31.776+0000][84.493s][info][gc,cpu      ] GC(184) User=0.04s Sys=0.00s Real=0.03s
[2026-07-01T01:52:31.799+0000][84.516s][info][gc,marking  ] GC(185) Concurrent Scan Root Regions 23.253ms
[2026-07-01T01:52:31.799+0000][84.516s][info][gc,marking  ] GC(185) Concurrent Mark
[2026-07-01T01:52:31.799+0000][84.516s][info][gc,marking  ] GC(185) Concurrent Mark From Roots
[2026-07-01T01:52:31.799+0000][84.516s][info][gc,task     ] GC(185) Using 1 workers of 1 for marking
[2026-07-01T01:52:32.206+0000][84.923s][info][gc,marking  ] GC(185) Concurrent Mark From Roots 407.469ms
[2026-07-01T01:52:32.206+0000][84.923s][info][gc,marking  ] GC(185) Concurrent Preclean
[2026-07-01T01:52:32.207+0000][84.924s][info][gc,marking  ] GC(185) Concurrent Preclean 0.164ms
[2026-07-01T01:52:32.207+0000][84.924s][info][gc,start    ] GC(185) Pause Remark
[2026-07-01T01:52:32.217+0000][84.934s][info][gc          ] GC(185) Pause Remark 233M->233M(323M) 10.702ms
[2026-07-01T01:52:32.217+0000][84.934s][info][gc,cpu      ] GC(185) User=0.02s Sys=0.00s Real=0.01s
[2026-07-01T01:52:32.219+0000][84.936s][info][gc,marking  ] GC(185) Concurrent Mark 420.345ms
[2026-07-01T01:52:32.219+0000][84.936s][info][gc,marking  ] GC(185) Concurrent Rebuild Remembered Sets and Scrub Regions
[2026-07-01T01:52:32.367+0000][85.084s][info][gc,marking  ] GC(185) Concurrent Rebuild Remembered Sets and Scrub Regions 147.466ms
[2026-07-01T01:52:32.367+0000][85.084s][info][gc,start    ] GC(185) Pause Cleanup
[2026-07-01T01:52:32.368+0000][85.085s][info][gc          ] GC(185) Pause Cleanup 249M->249M(323M) 0.201ms
[2026-07-01T01:52:32.368+0000][85.085s][info][gc,cpu      ] GC(185) User=0.00s Sys=0.00s Real=0.00s
[2026-07-01T01:52:32.368+0000][85.085s][info][gc,marking  ] GC(185) Concurrent Clear Claimed Marks
[2026-07-01T01:52:32.368+0000][85.085s][info][gc,marking  ] GC(185) Concurrent Clear Claimed Marks 0.103ms
[2026-07-01T01:52:32.368+0000][85.085s][info][gc,marking  ] GC(185) Concurrent Cleanup for Next Mark
[2026-07-01T01:52:32.369+0000][85.086s][info][gc,marking  ] GC(185) Concurrent Cleanup for Next Mark 0.630ms
[2026-07-01T01:52:32.369+0000][85.086s][info][gc          ] GC(185) Concurrent Mark Cycle 593.182ms
[2026-07-01T01:52:32.765+0000][85.482s][info][gc,start    ] GC(186) Pause Young (Normal) (G1 Evacuation Pause)
[2026-07-01T01:52:32.765+0000][85.482s][info][gc,task     ] GC(186) Using 2 workers of 2 for evacuation
[2026-07-01T01:52:32.792+0000][85.509s][info][gc,phases   ] GC(186)   Pre Evacuate Collection Set: 0.23ms
[2026-07-01T01:52:32.792+0000][85.509s][info][gc,phases   ] GC(186)   Merge Heap Roots: 0.58ms
[2026-07-01T01:52:32.792+0000][85.509s][info][gc,phases   ] GC(186)   Evacuate Collection Set: 25.31ms
[2026-07-01T01:52:32.792+0000][85.509s][info][gc,phases   ] GC(186)   Post Evacuate Collection Set: 0.53ms
[2026-07-01T01:52:32.792+0000][85.509s][info][gc,phases   ] GC(186)   Other: 0.08ms
[2026-07-01T01:52:32.792+0000][85.509s][info][gc,heap     ] GC(186) Eden regions: 121->0(121)
[2026-07-01T01:52:32.792+0000][85.509s][info][gc,heap     ] GC(186) Survivor regions: 8->8(17)
[2026-07-01T01:52:32.792+0000][85.509s][info][gc,heap     ] GC(186) Old regions: 174->174
[2026-07-01T01:52:32.792+0000][85.509s][info][gc,heap     ] GC(186) Humongous regions: 3->3
[2026-07-01T01:52:32.792+0000][85.509s][info][gc,metaspace] GC(186) Metaspace: 41759K(42560K)->41759K(42560K) NonClass: 36617K(37056K)->36617K(37056K) Class: 5142K(5504K)->5142K(5504K)
[2026-07-01T01:52:32.792+0000][85.509s][info][gc          ] GC(186) Pause Young (Normal) (G1 Evacuation Pause) 305M->185M(323M) 26.950ms
[2026-07-01T01:52:32.792+0000][85.509s][info][gc,cpu      ] GC(186) User=0.05s Sys=0.00s Real=0.03s
[2026-07-01T01:52:33.675+0000][86.392s][info][gc,start    ] GC(187) Pause Young (Concurrent Start) (G1 Evacuation Pause)
[2026-07-01T01:52:33.675+0000][86.392s][info][gc,task     ] GC(187) Using 2 workers of 2 for evacuation
[2026-07-01T01:52:33.696+0000][86.413s][info][gc,phases   ] GC(187)   Pre Evacuate Collection Set: 0.24ms
[2026-07-01T01:52:33.696+0000][86.413s][info][gc,phases   ] GC(187)   Merge Heap Roots: 0.38ms
[2026-07-01T01:52:33.696+0000][86.413s][info][gc,phases   ] GC(187)   Evacuate Collection Set: 19.53ms
[2026-07-01T01:52:33.696+0000][86.413s][info][gc,phases   ] GC(187)   Post Evacuate Collection Set: 0.53ms
[2026-07-01T01:52:33.696+0000][86.413s][info][gc,phases   ] GC(187)   Other: 0.11ms
[2026-07-01T01:52:33.696+0000][86.413s][info][gc,heap     ] GC(187) Eden regions: 121->0(120)
[2026-07-01T01:52:33.696+0000][86.413s][info][gc,heap     ] GC(187) Survivor regions: 8->8(17)
[2026-07-01T01:52:33.696+0000][86.413s][info][gc,heap     ] GC(187) Old regions: 174->175
[2026-07-01T01:52:33.696+0000][86.413s][info][gc,heap     ] GC(187) Humongous regions: 3->3
[2026-07-01T01:52:33.696+0000][86.413s][info][gc,metaspace] GC(187) Metaspace: 41759K(42560K)->41759K(42560K) NonClass: 36617K(37056K)->36617K(37056K) Class: 5142K(5504K)->5142K(5504K)
[2026-07-01T01:52:33.696+0000][86.413s][info][gc          ] GC(187) Pause Young (Concurrent Start) (G1 Evacuation Pause) 306M->185M(323M) 20.983ms
[2026-07-01T01:52:33.696+0000][86.413s][info][gc          ] GC(188) Concurrent Mark Cycle
[2026-07-01T01:52:33.696+0000][86.413s][info][gc,cpu      ] GC(187) User=0.05s Sys=0.00s Real=0.02s
[2026-07-01T01:52:33.696+0000][86.413s][info][gc,marking  ] GC(188) Concurrent Scan Root Regions
[2026-07-01T01:52:33.717+0000][86.434s][info][gc,marking  ] GC(188) Concurrent Scan Root Regions 20.999ms
[2026-07-01T01:52:33.717+0000][86.434s][info][gc,marking  ] GC(188) Concurrent Mark
[2026-07-01T01:52:33.717+0000][86.434s][info][gc,marking  ] GC(188) Concurrent Mark From Roots
[2026-07-01T01:52:33.717+0000][86.434s][info][gc,task     ] GC(188) Using 1 workers of 1 for marking
[2026-07-01T01:52:34.224+0000][86.941s][info][gc,marking  ] GC(188) Concurrent Mark From Roots 506.609ms
[2026-07-01T01:52:34.224+0000][86.941s][info][gc,marking  ] GC(188) Concurrent Preclean
[2026-07-01T01:52:34.224+0000][86.941s][info][gc,marking  ] GC(188) Concurrent Preclean 0.427ms
[2026-07-01T01:52:34.224+0000][86.941s][info][gc,start    ] GC(188) Pause Remark
[2026-07-01T01:52:34.232+0000][86.949s][info][gc          ] GC(188) Pause Remark 244M->244M(323M) 7.331ms
[2026-07-01T01:52:34.232+0000][86.949s][info][gc,cpu      ] GC(188) User=0.02s Sys=0.00s Real=0.01s
[2026-07-01T01:52:34.236+0000][86.953s][info][gc,marking  ] GC(188) Concurrent Mark 518.905ms
[2026-07-01T01:52:34.236+0000][86.953s][info][gc,marking  ] GC(188) Concurrent Rebuild Remembered Sets and Scrub Regions
[2026-07-01T01:52:34.398+0000][87.115s][info][gc,marking  ] GC(188) Concurrent Rebuild Remembered Sets and Scrub Regions 162.432ms
[2026-07-01T01:52:34.398+0000][87.115s][info][gc,start    ] GC(188) Pause Cleanup
[2026-07-01T01:52:34.398+0000][87.115s][info][gc          ] GC(188) Pause Cleanup 265M->265M(323M) 0.123ms
[2026-07-01T01:52:34.398+0000][87.115s][info][gc,cpu      ] GC(188) User=0.00s Sys=0.00s Real=0.00s
[2026-07-01T01:52:34.399+0000][87.116s][info][gc,marking  ] GC(188) Concurrent Clear Claimed Marks
[2026-07-01T01:52:34.399+0000][87.116s][info][gc,marking  ] GC(188) Concurrent Clear Claimed Marks 0.086ms
[2026-07-01T01:52:34.399+0000][87.116s][info][gc,marking  ] GC(188) Concurrent Cleanup for Next Mark
[2026-07-01T01:52:34.399+0000][87.116s][info][gc,marking  ] GC(188) Concurrent Cleanup for Next Mark 0.728ms
[2026-07-01T01:52:34.399+0000][87.116s][info][gc          ] GC(188) Concurrent Mark Cycle 703.646ms
[2026-07-01T01:52:34.711+0000][87.428s][info][gc,start    ] GC(189) Pause Young (Normal) (G1 Evacuation Pause)
[2026-07-01T01:52:34.711+0000][87.428s][info][gc,task     ] GC(189) Using 2 workers of 2 for evacuation
[2026-07-01T01:52:34.733+0000][87.450s][info][gc,phases   ] GC(189)   Pre Evacuate Collection Set: 0.22ms
[2026-07-01T01:52:34.733+0000][87.450s][info][gc,phases   ] GC(189)   Merge Heap Roots: 0.57ms
[2026-07-01T01:52:34.733+0000][87.450s][info][gc,phases   ] GC(189)   Evacuate Collection Set: 19.89ms
[2026-07-01T01:52:34.733+0000][87.450s][info][gc,phases   ] GC(189)   Post Evacuate Collection Set: 0.56ms
[2026-07-01T01:52:34.733+0000][87.450s][info][gc,phases   ] GC(189)   Other: 0.08ms
[2026-07-01T01:52:34.733+0000][87.450s][info][gc,heap     ] GC(189) Eden regions: 120->0(120)
[2026-07-01T01:52:34.733+0000][87.450s][info][gc,heap     ] GC(189) Survivor regions: 8->8(16)
[2026-07-01T01:52:34.733+0000][87.450s][info][gc,heap     ] GC(189) Old regions: 175->175
[2026-07-01T01:52:34.733+0000][87.450s][info][gc,heap     ] GC(189) Humongous regions: 3->3
[2026-07-01T01:52:34.733+0000][87.450s][info][gc,metaspace] GC(189) Metaspace: 41760K(42560K)->41760K(42560K) NonClass: 36618K(37056K)->36618K(37056K) Class: 5142K(5504K)->5142K(5504K)
[2026-07-01T01:52:34.733+0000][87.450s][info][gc          ] GC(189) Pause Young (Normal) (G1 Evacuation Pause) 305M->185M(323M) 21.515ms
[2026-07-01T01:52:34.733+0000][87.450s][info][gc,cpu      ] GC(189) User=0.04s Sys=0.00s Real=0.02s
[2026-07-01T01:52:35.661+0000][88.378s][info][gc,start    ] GC(190) Pause Young (Concurrent Start) (G1 Evacuation Pause)
[2026-07-01T01:52:35.661+0000][88.378s][info][gc,task     ] GC(190) Using 2 workers of 2 for evacuation
[2026-07-01T01:52:35.682+0000][88.399s][info][gc,phases   ] GC(190)   Pre Evacuate Collection Set: 0.24ms
[2026-07-01T01:52:35.682+0000][88.399s][info][gc,phases   ] GC(190)   Merge Heap Roots: 0.37ms
[2026-07-01T01:52:35.682+0000][88.399s][info][gc,phases   ] GC(190)   Evacuate Collection Set: 20.02ms
[2026-07-01T01:52:35.682+0000][88.399s][info][gc,phases   ] GC(190)   Post Evacuate Collection Set: 0.51ms
[2026-07-01T01:52:35.682+0000][88.399s][info][gc,phases   ] GC(190)   Other: 0.10ms
[2026-07-01T01:52:35.682+0000][88.399s][info][gc,heap     ] GC(190) Eden regions: 120->0(119)
[2026-07-01T01:52:35.682+0000][88.399s][info][gc,heap     ] GC(190) Survivor regions: 8->8(16)
[2026-07-01T01:52:35.682+0000][88.399s][info][gc,heap     ] GC(190) Old regions: 175->176
[2026-07-01T01:52:35.682+0000][88.399s][info][gc,heap     ] GC(190) Humongous regions: 3->3
[2026-07-01T01:52:35.682+0000][88.399s][info][gc,metaspace] GC(190) Metaspace: 41760K(42560K)->41760K(42560K) NonClass: 36618K(37056K)->36618K(37056K) Class: 5142K(5504K)->5142K(5504K)
[2026-07-01T01:52:35.682+0000][88.399s][info][gc          ] GC(190) Pause Young (Concurrent Start) (G1 Evacuation Pause) 305M->185M(323M) 21.416ms
[2026-07-01T01:52:35.682+0000][88.399s][info][gc          ] GC(191) Concurrent Mark Cycle
[2026-07-01T01:52:35.682+0000][88.399s][info][gc,cpu      ] GC(190) User=0.05s Sys=0.00s Real=0.02s
[2026-07-01T01:52:35.682+0000][88.399s][info][gc,marking  ] GC(191) Concurrent Scan Root Regions
[2026-07-01T01:52:35.702+0000][88.419s][info][gc,marking  ] GC(191) Concurrent Scan Root Regions 19.551ms
[2026-07-01T01:52:35.702+0000][88.419s][info][gc,marking  ] GC(191) Concurrent Mark
[2026-07-01T01:52:35.702+0000][88.419s][info][gc,marking  ] GC(191) Concurrent Mark From Roots
[2026-07-01T01:52:35.702+0000][88.419s][info][gc,task     ] GC(191) Using 1 workers of 1 for marking
[2026-07-01T01:52:36.133+0000][88.850s][info][gc,marking  ] GC(191) Concurrent Mark From Roots 431.379ms
[2026-07-01T01:52:36.133+0000][88.850s][info][gc,marking  ] GC(191) Concurrent Preclean
[2026-07-01T01:52:36.134+0000][88.851s][info][gc,marking  ] GC(191) Concurrent Preclean 0.157ms
[2026-07-01T01:52:36.134+0000][88.851s][info][gc,start    ] GC(191) Pause Remark
[2026-07-01T01:52:36.141+0000][88.858s][info][gc          ] GC(191) Pause Remark 231M->231M(323M) 7.502ms
[2026-07-01T01:52:36.141+0000][88.858s][info][gc,cpu      ] GC(191) User=0.01s Sys=0.00s Real=0.01s
[2026-07-01T01:52:36.142+0000][88.859s][info][gc,marking  ] GC(191) Concurrent Mark 440.270ms
[2026-07-01T01:52:36.142+0000][88.859s][info][gc,marking  ] GC(191) Concurrent Rebuild Remembered Sets and Scrub Regions
[2026-07-01T01:52:36.250+0000][88.967s][info][gc,marking  ] GC(191) Concurrent Rebuild Remembered Sets and Scrub Regions 107.700ms
[2026-07-01T01:52:36.250+0000][88.967s][info][gc,start    ] GC(191) Pause Cleanup
[2026-07-01T01:52:36.250+0000][88.967s][info][gc          ] GC(191) Pause Cleanup 242M->242M(323M) 0.162ms
[2026-07-01T01:52:36.250+0000][88.967s][info][gc,cpu      ] GC(191) User=0.00s Sys=0.00s Real=0.00s
[2026-07-01T01:52:36.251+0000][88.968s][info][gc,marking  ] GC(191) Concurrent Clear Claimed Marks
[2026-07-01T01:52:36.251+0000][88.968s][info][gc,marking  ] GC(191) Concurrent Clear Claimed Marks 0.089ms
[2026-07-01T01:52:36.251+0000][88.968s][info][gc,marking  ] GC(191) Concurrent Cleanup for Next Mark
[2026-07-01T01:52:36.251+0000][88.968s][info][gc,marking  ] GC(191) Concurrent Cleanup for Next Mark 0.522ms
[2026-07-01T01:52:36.251+0000][88.968s][info][gc          ] GC(191) Concurrent Mark Cycle 568.905ms
[2026-07-01T01:52:36.742+0000][89.459s][info][gc,start    ] GC(192) Pause Young (Normal) (G1 Evacuation Pause)
[2026-07-01T01:52:36.742+0000][89.459s][info][gc,task     ] GC(192) Using 2 workers of 2 for evacuation
[2026-07-01T01:52:36.763+0000][89.480s][info][gc,phases   ] GC(192)   Pre Evacuate Collection Set: 0.17ms
[2026-07-01T01:52:36.763+0000][89.480s][info][gc,phases   ] GC(192)   Merge Heap Roots: 0.52ms
[2026-07-01T01:52:36.763+0000][89.480s][info][gc,phases   ] GC(192)   Evacuate Collection Set: 19.60ms
[2026-07-01T01:52:36.763+0000][89.480s][info][gc,phases   ] GC(192)   Post Evacuate Collection Set: 0.51ms
[2026-07-01T01:52:36.763+0000][89.480s][info][gc,phases   ] GC(192)   Other: 0.08ms
[2026-07-01T01:52:36.763+0000][89.480s][info][gc,heap     ] GC(192) Eden regions: 119->0(119)
[2026-07-01T01:52:36.763+0000][89.480s][info][gc,heap     ] GC(192) Survivor regions: 8->8(16)
[2026-07-01T01:52:36.763+0000][89.480s][info][gc,heap     ] GC(192) Old regions: 176->176
[2026-07-01T01:52:36.763+0000][89.480s][info][gc,heap     ] GC(192) Humongous regions: 3->3
[2026-07-01T01:52:36.763+0000][89.480s][info][gc,metaspace] GC(192) Metaspace: 41760K(42560K)->41760K(42560K) NonClass: 36618K(37056K)->36618K(37056K) Class: 5142K(5504K)->5142K(5504K)
[2026-07-01T01:52:36.763+0000][89.480s][info][gc          ] GC(192) Pause Young (Normal) (G1 Evacuation Pause) 304M->186M(323M) 21.106ms
[2026-07-01T01:52:36.763+0000][89.480s][info][gc,cpu      ] GC(192) User=0.04s Sys=0.00s Real=0.02s
[2026-07-01T01:52:37.444+0000][90.161s][info][gc,start    ] GC(193) Pause Young (Concurrent Start) (G1 Evacuation Pause)
[2026-07-01T01:52:37.444+0000][90.161s][info][gc,task     ] GC(193) Using 2 workers of 2 for evacuation
[2026-07-01T01:52:37.460+0000][90.177s][info][gc,phases   ] GC(193)   Pre Evacuate Collection Set: 0.23ms
[2026-07-01T01:52:37.460+0000][90.177s][info][gc,phases   ] GC(193)   Merge Heap Roots: 0.54ms
[2026-07-01T01:52:37.460+0000][90.177s][info][gc,phases   ] GC(193)   Evacuate Collection Set: 14.49ms
[2026-07-01T01:52:37.460+0000][90.177s][info][gc,phases   ] GC(193)   Post Evacuate Collection Set: 0.42ms
[2026-07-01T01:52:37.460+0000][90.177s][info][gc,phases   ] GC(193)   Other: 0.08ms
[2026-07-01T01:52:37.460+0000][90.177s][info][gc,heap     ] GC(193) Eden regions: 119->0(118)
[2026-07-01T01:52:37.460+0000][90.177s][info][gc,heap     ] GC(193) Survivor regions: 8->8(16)
[2026-07-01T01:52:37.460+0000][90.177s][info][gc,heap     ] GC(193) Old regions: 176->177
[2026-07-01T01:52:37.460+0000][90.177s][info][gc,heap     ] GC(193) Humongous regions: 3->3
[2026-07-01T01:52:37.460+0000][90.177s][info][gc,metaspace] GC(193) Metaspace: 41764K(42560K)->41764K(42560K) NonClass: 36622K(37056K)->36622K(37056K) Class: 5142K(5504K)->5142K(5504K)
[2026-07-01T01:52:37.460+0000][90.177s][info][gc          ] GC(193) Pause Young (Concurrent Start) (G1 Evacuation Pause) 305M->187M(323M) 15.920ms
[2026-07-01T01:52:37.460+0000][90.177s][info][gc          ] GC(194) Concurrent Mark Cycle
[2026-07-01T01:52:37.460+0000][90.177s][info][gc,cpu      ] GC(193) User=0.03s Sys=0.00s Real=0.02s
[2026-07-01T01:52:37.460+0000][90.177s][info][gc,marking  ] GC(194) Concurrent Scan Root Regions
[2026-07-01T01:52:37.485+0000][90.202s][info][gc,marking  ] GC(194) Concurrent Scan Root Regions 24.885ms
[2026-07-01T01:52:37.485+0000][90.202s][info][gc,marking  ] GC(194) Concurrent Mark
[2026-07-01T01:52:37.485+0000][90.202s][info][gc,marking  ] GC(194) Concurrent Mark From Roots
[2026-07-01T01:52:37.485+0000][90.202s][info][gc,task     ] GC(194) Using 1 workers of 1 for marking
[2026-07-01T01:52:38.099+0000][90.816s][info][gc,marking  ] GC(194) Concurrent Mark From Roots 614.657ms
[2026-07-01T01:52:38.099+0000][90.816s][info][gc,marking  ] GC(194) Concurrent Preclean
[2026-07-01T01:52:38.100+0000][90.817s][info][gc,marking  ] GC(194) Concurrent Preclean 0.188ms
[2026-07-01T01:52:38.100+0000][90.817s][info][gc,start    ] GC(194) Pause Remark
[2026-07-01T01:52:38.107+0000][90.824s][info][gc          ] GC(194) Pause Remark 299M->299M(323M) 7.120ms
[2026-07-01T01:52:38.107+0000][90.824s][info][gc,cpu      ] GC(194) User=0.01s Sys=0.00s Real=0.00s
[2026-07-01T01:52:38.110+0000][90.827s][info][gc,marking  ] GC(194) Concurrent Mark 624.756ms
[2026-07-01T01:52:38.110+0000][90.827s][info][gc,marking  ] GC(194) Concurrent Rebuild Remembered Sets and Scrub Regions
[2026-07-01T01:52:38.141+0000][90.858s][info][gc,start    ] GC(195) Pause Young (Normal) (G1 Evacuation Pause)
[2026-07-01T01:52:38.141+0000][90.858s][info][gc,task     ] GC(195) Using 2 workers of 2 for evacuation
[2026-07-01T01:52:38.156+0000][90.873s][info][gc,phases   ] GC(195)   Pre Evacuate Collection Set: 0.19ms
[2026-07-01T01:52:38.156+0000][90.873s][info][gc,phases   ] GC(195)   Merge Heap Roots: 0.42ms
[2026-07-01T01:52:38.156+0000][90.873s][info][gc,phases   ] GC(195)   Evacuate Collection Set: 14.61ms
[2026-07-01T01:52:38.156+0000][90.873s][info][gc,phases   ] GC(195)   Post Evacuate Collection Set: 0.44ms
[2026-07-01T01:52:38.156+0000][90.873s][info][gc,phases   ] GC(195)   Other: 0.05ms
[2026-07-01T01:52:38.156+0000][90.873s][info][gc,heap     ] GC(195) Eden regions: 118->0(118)
[2026-07-01T01:52:38.156+0000][90.873s][info][gc,heap     ] GC(195) Survivor regions: 8->8(16)
[2026-07-01T01:52:38.156+0000][90.873s][info][gc,heap     ] GC(195) Old regions: 177->177
[2026-07-01T01:52:38.156+0000][90.873s][info][gc,heap     ] GC(195) Humongous regions: 3->3
[2026-07-01T01:52:38.156+0000][90.873s][info][gc,metaspace] GC(195) Metaspace: 41764K(42560K)->41764K(42560K) NonClass: 36622K(37056K)->36622K(37056K) Class: 5142K(5504K)->5142K(5504K)
[2026-07-01T01:52:38.156+0000][90.873s][info][gc          ] GC(195) Pause Young (Normal) (G1 Evacuation Pause) 305M->186M(323M) 15.851ms
[2026-07-01T01:52:38.156+0000][90.873s][info][gc,cpu      ] GC(195) User=0.03s Sys=0.00s Real=0.01s
[2026-07-01T01:52:38.263+0000][90.980s][info][gc,marking  ] GC(194) Concurrent Rebuild Remembered Sets and Scrub Regions 153.436ms
[2026-07-01T01:52:38.263+0000][90.980s][info][gc,start    ] GC(194) Pause Cleanup
[2026-07-01T01:52:38.263+0000][90.980s][info][gc          ] GC(194) Pause Cleanup 208M->208M(323M) 0.163ms
[2026-07-01T01:52:38.263+0000][90.980s][info][gc,cpu      ] GC(194) User=0.01s Sys=0.00s Real=0.00s
[2026-07-01T01:52:38.264+0000][90.981s][info][gc,marking  ] GC(194) Concurrent Clear Claimed Marks
[2026-07-01T01:52:38.264+0000][90.981s][info][gc,marking  ] GC(194) Concurrent Clear Claimed Marks 0.089ms
[2026-07-01T01:52:38.264+0000][90.981s][info][gc,marking  ] GC(194) Concurrent Cleanup for Next Mark
[2026-07-01T01:52:38.268+0000][90.985s][info][gc,marking  ] GC(194) Concurrent Cleanup for Next Mark 4.197ms
[2026-07-01T01:52:38.268+0000][90.985s][info][gc          ] GC(194) Concurrent Mark Cycle 808.205ms
[2026-07-01T01:52:38.715+0000][91.432s][info][gc,start    ] GC(196) Pause Young (Normal) (G1 Evacuation Pause)
[2026-07-01T01:52:38.715+0000][91.432s][info][gc,task     ] GC(196) Using 2 workers of 2 for evacuation
[2026-07-01T01:52:38.736+0000][91.453s][info][gc,phases   ] GC(196)   Pre Evacuate Collection Set: 0.18ms
[2026-07-01T01:52:38.736+0000][91.453s][info][gc,phases   ] GC(196)   Merge Heap Roots: 0.79ms
[2026-07-01T01:52:38.736+0000][91.453s][info][gc,phases   ] GC(196)   Evacuate Collection Set: 19.93ms
[2026-07-01T01:52:38.736+0000][91.453s][info][gc,phases   ] GC(196)   Post Evacuate Collection Set: 0.45ms
[2026-07-01T01:52:38.736+0000][91.453s][info][gc,phases   ] GC(196)   Other: 0.06ms
[2026-07-01T01:52:38.736+0000][91.453s][info][gc,heap     ] GC(196) Eden regions: 118->0(118)
[2026-07-01T01:52:38.736+0000][91.453s][info][gc,heap     ] GC(196) Survivor regions: 8->8(16)
[2026-07-01T01:52:38.736+0000][91.453s][info][gc,heap     ] GC(196) Old regions: 177->177
[2026-07-01T01:52:38.736+0000][91.453s][info][gc,heap     ] GC(196) Humongous regions: 3->3
[2026-07-01T01:52:38.736+0000][91.453s][info][gc,metaspace] GC(196) Metaspace: 41764K(42560K)->41764K(42560K) NonClass: 36622K(37056K)->36622K(37056K) Class: 5142K(5504K)->5142K(5504K)
[2026-07-01T01:52:38.736+0000][91.453s][info][gc          ] GC(196) Pause Young (Normal) (G1 Evacuation Pause) 304M->187M(323M) 21.580ms
[2026-07-01T01:52:38.736+0000][91.453s][info][gc,cpu      ] GC(196) User=0.04s Sys=0.00s Real=0.02s
[2026-07-01T01:52:39.272+0000][91.989s][info][gc,start    ] GC(197) Pause Young (Concurrent Start) (G1 Evacuation Pause)
[2026-07-01T01:52:39.272+0000][91.989s][info][gc,task     ] GC(197) Using 2 workers of 2 for evacuation
[2026-07-01T01:52:39.293+0000][92.010s][info][gc,phases   ] GC(197)   Pre Evacuate Collection Set: 0.20ms
[2026-07-01T01:52:39.293+0000][92.010s][info][gc,phases   ] GC(197)   Merge Heap Roots: 0.29ms
[2026-07-01T01:52:39.293+0000][92.010s][info][gc,phases   ] GC(197)   Evacuate Collection Set: 19.91ms
[2026-07-01T01:52:39.293+0000][92.010s][info][gc,phases   ] GC(197)   Post Evacuate Collection Set: 0.50ms
[2026-07-01T01:52:39.293+0000][92.010s][info][gc,phases   ] GC(197)   Other: 0.12ms
[2026-07-01T01:52:39.293+0000][92.010s][info][gc,heap     ] GC(197) Eden regions: 118->0(117)
[2026-07-01T01:52:39.293+0000][92.010s][info][gc,heap     ] GC(197) Survivor regions: 8->8(16)
[2026-07-01T01:52:39.293+0000][92.010s][info][gc,heap     ] GC(197) Old regions: 177->178
[2026-07-01T01:52:39.293+0000][92.010s][info][gc,heap     ] GC(197) Humongous regions: 3->3
[2026-07-01T01:52:39.293+0000][92.010s][info][gc,metaspace] GC(197) Metaspace: 41764K(42560K)->41764K(42560K) NonClass: 36622K(37056K)->36622K(37056K) Class: 5142K(5504K)->5142K(5504K)
[2026-07-01T01:52:39.293+0000][92.010s][info][gc          ] GC(197) Pause Young (Concurrent Start) (G1 Evacuation Pause) 305M->188M(323M) 21.187ms
[2026-07-01T01:52:39.293+0000][92.010s][info][gc,cpu      ] GC(197) User=0.04s Sys=0.00s Real=0.02s
[2026-07-01T01:52:39.295+0000][92.012s][info][gc          ] GC(198) Concurrent Mark Cycle
[2026-07-01T01:52:39.295+0000][92.012s][info][gc,marking  ] GC(198) Concurrent Scan Root Regions
[2026-07-01T01:52:39.311+0000][92.028s][info][gc,marking  ] GC(198) Concurrent Scan Root Regions 15.515ms
[2026-07-01T01:52:39.311+0000][92.028s][info][gc,marking  ] GC(198) Concurrent Mark
[2026-07-01T01:52:39.311+0000][92.028s][info][gc,marking  ] GC(198) Concurrent Mark From Roots
[2026-07-01T01:52:39.311+0000][92.028s][info][gc,task     ] GC(198) Using 1 workers of 1 for marking
[2026-07-01T01:52:39.890+0000][92.607s][info][gc,start    ] GC(199) Pause Young (Normal) (G1 Evacuation Pause)
[2026-07-01T01:52:39.890+0000][92.607s][info][gc,task     ] GC(199) Using 2 workers of 2 for evacuation
[2026-07-01T01:52:39.911+0000][92.628s][info][gc,phases   ] GC(199)   Pre Evacuate Collection Set: 0.28ms
[2026-07-01T01:52:39.911+0000][92.628s][info][gc,phases   ] GC(199)   Merge Heap Roots: 0.51ms
[2026-07-01T01:52:39.911+0000][92.628s][info][gc,phases   ] GC(199)   Evacuate Collection Set: 19.76ms
[2026-07-01T01:52:39.911+0000][92.628s][info][gc,phases   ] GC(199)   Post Evacuate Collection Set: 0.41ms
[2026-07-01T01:52:39.911+0000][92.628s][info][gc,phases   ] GC(199)   Other: 0.07ms
[2026-07-01T01:52:39.911+0000][92.628s][info][gc,heap     ] GC(199) Eden regions: 117->0(117)
[2026-07-01T01:52:39.911+0000][92.628s][info][gc,heap     ] GC(199) Survivor regions: 8->8(16)
[2026-07-01T01:52:39.911+0000][92.628s][info][gc,heap     ] GC(199) Old regions: 178->178
[2026-07-01T01:52:39.911+0000][92.628s][info][gc,heap     ] GC(199) Humongous regions: 3->3
[2026-07-01T01:52:39.911+0000][92.628s][info][gc,metaspace] GC(199) Metaspace: 41764K(42560K)->41764K(42560K) NonClass: 36622K(37056K)->36622K(37056K) Class: 5142K(5504K)->5142K(5504K)
[2026-07-01T01:52:39.911+0000][92.628s][info][gc          ] GC(199) Pause Young (Normal) (G1 Evacuation Pause) 305M->188M(323M) 21.209ms
[2026-07-01T01:52:39.911+0000][92.628s][info][gc,cpu      ] GC(199) User=0.04s Sys=0.00s Real=0.02s
[2026-07-01T01:52:40.132+0000][92.849s][info][gc,marking  ] GC(198) Concurrent Mark From Roots 821.578ms
[2026-07-01T01:52:40.132+0000][92.849s][info][gc,marking  ] GC(198) Concurrent Preclean
[2026-07-01T01:52:40.133+0000][92.850s][info][gc,marking  ] GC(198) Concurrent Preclean 0.153ms
[2026-07-01T01:52:40.133+0000][92.850s][info][gc,start    ] GC(198) Pause Remark
[2026-07-01T01:52:40.139+0000][92.856s][info][gc          ] GC(198) Pause Remark 228M->228M(323M) 6.284ms
[2026-07-01T01:52:40.139+0000][92.856s][info][gc,cpu      ] GC(198) User=0.01s Sys=0.00s Real=0.01s
[2026-07-01T01:52:40.144+0000][92.861s][info][gc,marking  ] GC(198) Concurrent Mark 833.115ms
[2026-07-01T01:52:40.144+0000][92.861s][info][gc,marking  ] GC(198) Concurrent Rebuild Remembered Sets and Scrub Regions
[2026-07-01T01:52:40.325+0000][93.042s][info][gc,marking  ] GC(198) Concurrent Rebuild Remembered Sets and Scrub Regions 181.083ms
[2026-07-01T01:52:40.325+0000][93.042s][info][gc,start    ] GC(198) Pause Cleanup
[2026-07-01T01:52:40.325+0000][93.042s][info][gc          ] GC(198) Pause Cleanup 261M->261M(323M) 0.135ms
[2026-07-01T01:52:40.325+0000][93.042s][info][gc,cpu      ] GC(198) User=0.00s Sys=0.00s Real=0.00s
[2026-07-01T01:52:40.326+0000][93.043s][info][gc,marking  ] GC(198) Concurrent Clear Claimed Marks
[2026-07-01T01:52:40.326+0000][93.043s][info][gc,marking  ] GC(198) Concurrent Clear Claimed Marks 0.089ms
[2026-07-01T01:52:40.326+0000][93.043s][info][gc,marking  ] GC(198) Concurrent Cleanup for Next Mark
[2026-07-01T01:52:40.327+0000][93.044s][info][gc,marking  ] GC(198) Concurrent Cleanup for Next Mark 0.674ms
[2026-07-01T01:52:40.327+0000][93.044s][info][gc          ] GC(198) Concurrent Mark Cycle 1031.911ms
[2026-07-01T01:52:40.527+0000][93.244s][info][gc,start    ] GC(200) Pause Young (Normal) (G1 Evacuation Pause)
[2026-07-01T01:52:40.527+0000][93.244s][info][gc,task     ] GC(200) Using 2 workers of 2 for evacuation
[2026-07-01T01:52:40.542+0000][93.259s][info][gc,phases   ] GC(200)   Pre Evacuate Collection Set: 0.18ms
[2026-07-01T01:52:40.542+0000][93.259s][info][gc,phases   ] GC(200)   Merge Heap Roots: 0.57ms
[2026-07-01T01:52:40.542+0000][93.259s][info][gc,phases   ] GC(200)   Evacuate Collection Set: 13.65ms
[2026-07-01T01:52:40.542+0000][93.259s][info][gc,phases   ] GC(200)   Post Evacuate Collection Set: 0.41ms
[2026-07-01T01:52:40.542+0000][93.259s][info][gc,phases   ] GC(200)   Other: 0.05ms
[2026-07-01T01:52:40.542+0000][93.259s][info][gc,heap     ] GC(200) Eden regions: 117->0(116)
[2026-07-01T01:52:40.542+0000][93.259s][info][gc,heap     ] GC(200) Survivor regions: 8->8(16)
[2026-07-01T01:52:40.542+0000][93.259s][info][gc,heap     ] GC(200) Old regions: 178->179
[2026-07-01T01:52:40.542+0000][93.259s][info][gc,heap     ] GC(200) Humongous regions: 3->3
[2026-07-01T01:52:40.542+0000][93.259s][info][gc,metaspace] GC(200) Metaspace: 41764K(42560K)->41764K(42560K) NonClass: 36622K(37056K)->36622K(37056K) Class: 5142K(5504K)->5142K(5504K)
[2026-07-01T01:52:40.542+0000][93.259s][info][gc          ] GC(200) Pause Young (Normal) (G1 Evacuation Pause) 305M->188M(323M) 15.023ms
[2026-07-01T01:52:40.542+0000][93.259s][info][gc,cpu      ] GC(200) User=0.03s Sys=0.00s Real=0.02s
[2026-07-01T01:52:41.063+0000][93.780s][info][gc,start    ] GC(201) Pause Young (Concurrent Start) (G1 Evacuation Pause)
[2026-07-01T01:52:41.063+0000][93.780s][info][gc,task     ] GC(201) Using 2 workers of 2 for evacuation
[2026-07-01T01:52:41.077+0000][93.794s][info][gc,phases   ] GC(201)   Pre Evacuate Collection Set: 0.59ms
[2026-07-01T01:52:41.077+0000][93.794s][info][gc,phases   ] GC(201)   Merge Heap Roots: 0.29ms
[2026-07-01T01:52:41.077+0000][93.794s][info][gc,phases   ] GC(201)   Evacuate Collection Set: 13.16ms
[2026-07-01T01:52:41.077+0000][93.794s][info][gc,phases   ] GC(201)   Post Evacuate Collection Set: 0.41ms
[2026-07-01T01:52:41.077+0000][93.794s][info][gc,phases   ] GC(201)   Other: 0.07ms
[2026-07-01T01:52:41.077+0000][93.794s][info][gc,heap     ] GC(201) Eden regions: 116->0(116)
[2026-07-01T01:52:41.077+0000][93.794s][info][gc,heap     ] GC(201) Survivor regions: 8->8(16)
[2026-07-01T01:52:41.077+0000][93.794s][info][gc,heap     ] GC(201) Old regions: 179->179
[2026-07-01T01:52:41.077+0000][93.794s][info][gc,heap     ] GC(201) Humongous regions: 3->3
[2026-07-01T01:52:41.077+0000][93.794s][info][gc,metaspace] GC(201) Metaspace: 41764K(42560K)->41764K(42560K) NonClass: 36622K(37056K)->36622K(37056K) Class: 5142K(5504K)->5142K(5504K)
[2026-07-01T01:52:41.077+0000][93.794s][info][gc          ] GC(201) Pause Young (Concurrent Start) (G1 Evacuation Pause) 304M->188M(323M) 14.671ms
[2026-07-01T01:52:41.077+0000][93.794s][info][gc          ] GC(202) Concurrent Mark Cycle
[2026-07-01T01:52:41.077+0000][93.794s][info][gc,marking  ] GC(202) Concurrent Scan Root Regions
[2026-07-01T01:52:41.077+0000][93.794s][info][gc,cpu      ] GC(201) User=0.02s Sys=0.01s Real=0.01s
[2026-07-01T01:52:41.096+0000][93.813s][info][gc,marking  ] GC(202) Concurrent Scan Root Regions 19.058ms
[2026-07-01T01:52:41.096+0000][93.813s][info][gc,marking  ] GC(202) Concurrent Mark
[2026-07-01T01:52:41.096+0000][93.813s][info][gc,marking  ] GC(202) Concurrent Mark From Roots
[2026-07-01T01:52:41.096+0000][93.813s][info][gc,task     ] GC(202) Using 1 workers of 1 for marking
[2026-07-01T01:52:41.717+0000][94.434s][info][gc,start    ] GC(203) Pause Young (Normal) (G1 Evacuation Pause)
[2026-07-01T01:52:41.717+0000][94.434s][info][gc,task     ] GC(203) Using 2 workers of 2 for evacuation
[2026-07-01T01:52:41.733+0000][94.450s][info][gc,phases   ] GC(203)   Pre Evacuate Collection Set: 0.17ms
[2026-07-01T01:52:41.733+0000][94.450s][info][gc,phases   ] GC(203)   Merge Heap Roots: 0.37ms
[2026-07-01T01:52:41.733+0000][94.450s][info][gc,phases   ] GC(203)   Evacuate Collection Set: 14.79ms
[2026-07-01T01:52:41.733+0000][94.450s][info][gc,phases   ] GC(203)   Post Evacuate Collection Set: 0.39ms
[2026-07-01T01:52:41.733+0000][94.450s][info][gc,phases   ] GC(203)   Other: 0.10ms
[2026-07-01T01:52:41.733+0000][94.450s][info][gc,heap     ] GC(203) Eden regions: 116->0(116)
[2026-07-01T01:52:41.733+0000][94.450s][info][gc,heap     ] GC(203) Survivor regions: 8->8(16)
[2026-07-01T01:52:41.733+0000][94.450s][info][gc,heap     ] GC(203) Old regions: 179->179
[2026-07-01T01:52:41.733+0000][94.450s][info][gc,heap     ] GC(203) Humongous regions: 3->3
[2026-07-01T01:52:41.733+0000][94.450s][info][gc,metaspace] GC(203) Metaspace: 41765K(42560K)->41765K(42560K) NonClass: 36623K(37056K)->36623K(37056K) Class: 5142K(5504K)->5142K(5504K)
[2026-07-01T01:52:41.733+0000][94.450s][info][gc          ] GC(203) Pause Young (Normal) (G1 Evacuation Pause) 304M->189M(323M) 15.986ms
[2026-07-01T01:52:41.733+0000][94.450s][info][gc,cpu      ] GC(203) User=0.03s Sys=0.00s Real=0.02s
[2026-07-01T01:52:41.750+0000][94.467s][info][gc,marking  ] GC(202) Concurrent Mark From Roots 654.115ms
[2026-07-01T01:52:41.751+0000][94.468s][info][gc,marking  ] GC(202) Concurrent Preclean
[2026-07-01T01:52:41.751+0000][94.468s][info][gc,marking  ] GC(202) Concurrent Preclean 0.155ms
[2026-07-01T01:52:41.751+0000][94.468s][info][gc,start    ] GC(202) Pause Remark
[2026-07-01T01:52:41.757+0000][94.474s][info][gc          ] GC(202) Pause Remark 194M->194M(323M) 5.777ms
[2026-07-01T01:52:41.757+0000][94.474s][info][gc,cpu      ] GC(202) User=0.01s Sys=0.00s Real=0.00s
[2026-07-01T01:52:41.762+0000][94.479s][info][gc,marking  ] GC(202) Concurrent Mark 665.325ms
[2026-07-01T01:52:41.762+0000][94.479s][info][gc,marking  ] GC(202) Concurrent Rebuild Remembered Sets and Scrub Regions
[2026-07-01T01:52:41.846+0000][94.563s][info][gc,marking  ] GC(202) Concurrent Rebuild Remembered Sets and Scrub Regions 84.267ms
[2026-07-01T01:52:41.847+0000][94.564s][info][gc,start    ] GC(202) Pause Cleanup
[2026-07-01T01:52:41.847+0000][94.564s][info][gc          ] GC(202) Pause Cleanup 210M->210M(323M) 0.044ms
[2026-07-01T01:52:41.847+0000][94.564s][info][gc,cpu      ] GC(202) User=0.00s Sys=0.00s Real=0.00s
[2026-07-01T01:52:41.848+0000][94.565s][info][gc,marking  ] GC(202) Concurrent Clear Claimed Marks
[2026-07-01T01:52:41.848+0000][94.565s][info][gc,marking  ] GC(202) Concurrent Clear Claimed Marks 0.372ms
[2026-07-01T01:52:41.848+0000][94.565s][info][gc,marking  ] GC(202) Concurrent Cleanup for Next Mark
[2026-07-01T01:52:41.849+0000][94.566s][info][gc,marking  ] GC(202) Concurrent Cleanup for Next Mark 0.493ms
[2026-07-01T01:52:41.849+0000][94.566s][info][gc          ] GC(202) Concurrent Mark Cycle 771.275ms
[2026-07-01T01:52:42.294+0000][95.011s][info][gc,start    ] GC(204) Pause Young (Normal) (G1 Evacuation Pause)
[2026-07-01T01:52:42.294+0000][95.011s][info][gc,task     ] GC(204) Using 2 workers of 2 for evacuation
[2026-07-01T01:52:42.309+0000][95.026s][info][gc,phases   ] GC(204)   Pre Evacuate Collection Set: 0.20ms
[2026-07-01T01:52:42.309+0000][95.026s][info][gc,phases   ] GC(204)   Merge Heap Roots: 0.35ms
[2026-07-01T01:52:42.309+0000][95.026s][info][gc,phases   ] GC(204)   Evacuate Collection Set: 14.30ms
[2026-07-01T01:52:42.309+0000][95.026s][info][gc,phases   ] GC(204)   Post Evacuate Collection Set: 0.40ms
[2026-07-01T01:52:42.309+0000][95.026s][info][gc,phases   ] GC(204)   Other: 0.06ms
[2026-07-01T01:52:42.309+0000][95.026s][info][gc,heap     ] GC(204) Eden regions: 116->0(115)
[2026-07-01T01:52:42.309+0000][95.026s][info][gc,heap     ] GC(204) Survivor regions: 8->8(16)
[2026-07-01T01:52:42.309+0000][95.026s][info][gc,heap     ] GC(204) Old regions: 179->180
[2026-07-01T01:52:42.309+0000][95.026s][info][gc,heap     ] GC(204) Humongous regions: 3->3
[2026-07-01T01:52:42.309+0000][95.026s][info][gc,metaspace] GC(204) Metaspace: 41766K(42560K)->41766K(42560K) NonClass: 36623K(37056K)->36623K(37056K) Class: 5142K(5504K)->5142K(5504K)
[2026-07-01T01:52:42.309+0000][95.026s][info][gc          ] GC(204) Pause Young (Normal) (G1 Evacuation Pause) 305M->190M(323M) 15.490ms
[2026-07-01T01:52:42.309+0000][95.026s][info][gc,cpu      ] GC(204) User=0.03s Sys=0.00s Real=0.02s
[2026-07-01T01:52:42.852+0000][95.569s][info][gc,start    ] GC(205) Pause Young (Concurrent Start) (G1 Evacuation Pause)
[2026-07-01T01:52:42.852+0000][95.569s][info][gc,task     ] GC(205) Using 2 workers of 2 for evacuation
[2026-07-01T01:52:42.867+0000][95.584s][info][gc,phases   ] GC(205)   Pre Evacuate Collection Set: 0.21ms
[2026-07-01T01:52:42.867+0000][95.584s][info][gc,phases   ] GC(205)   Merge Heap Roots: 0.34ms
[2026-07-01T01:52:42.867+0000][95.584s][info][gc,phases   ] GC(205)   Evacuate Collection Set: 13.49ms
[2026-07-01T01:52:42.867+0000][95.584s][info][gc,phases   ] GC(205)   Post Evacuate Collection Set: 0.39ms
[2026-07-01T01:52:42.867+0000][95.584s][info][gc,phases   ] GC(205)   Other: 0.07ms
[2026-07-01T01:52:42.867+0000][95.584s][info][gc,heap     ] GC(205) Eden regions: 115->0(115)
[2026-07-01T01:52:42.867+0000][95.584s][info][gc,heap     ] GC(205) Survivor regions: 8->8(16)
[2026-07-01T01:52:42.867+0000][95.584s][info][gc,heap     ] GC(205) Old regions: 180->180
[2026-07-01T01:52:42.867+0000][95.584s][info][gc,heap     ] GC(205) Humongous regions: 3->3
[2026-07-01T01:52:42.867+0000][95.584s][info][gc,metaspace] GC(205) Metaspace: 41766K(42560K)->41766K(42560K) NonClass: 36623K(37056K)->36623K(37056K) Class: 5142K(5504K)->5142K(5504K)
[2026-07-01T01:52:42.867+0000][95.584s][info][gc          ] GC(205) Pause Young (Concurrent Start) (G1 Evacuation Pause) 305M->190M(323M) 14.653ms
[2026-07-01T01:52:42.867+0000][95.584s][info][gc          ] GC(206) Concurrent Mark Cycle
[2026-07-01T01:52:42.867+0000][95.584s][info][gc,marking  ] GC(206) Concurrent Scan Root Regions
[2026-07-01T01:52:42.867+0000][95.584s][info][gc,cpu      ] GC(205) User=0.03s Sys=0.00s Real=0.01s
[2026-07-01T01:52:42.880+0000][95.597s][info][gc,marking  ] GC(206) Concurrent Scan Root Regions 13.076ms
[2026-07-01T01:52:42.880+0000][95.597s][info][gc,marking  ] GC(206) Concurrent Mark
[2026-07-01T01:52:42.880+0000][95.597s][info][gc,marking  ] GC(206) Concurrent Mark From Roots
[2026-07-01T01:52:42.880+0000][95.597s][info][gc,task     ] GC(206) Using 1 workers of 1 for marking
[2026-07-01T01:52:43.132+0000][95.849s][info][gc,marking  ] GC(206) Concurrent Mark From Roots 252.333ms
[2026-07-01T01:52:43.132+0000][95.849s][info][gc,marking  ] GC(206) Concurrent Preclean
[2026-07-01T01:52:43.133+0000][95.850s][info][gc,marking  ] GC(206) Concurrent Preclean 0.156ms
[2026-07-01T01:52:43.133+0000][95.850s][info][gc,start    ] GC(206) Pause Remark
[2026-07-01T01:52:43.139+0000][95.856s][info][gc          ] GC(206) Pause Remark 201M->201M(323M) 5.825ms
[2026-07-01T01:52:43.139+0000][95.856s][info][gc,cpu      ] GC(206) User=0.01s Sys=0.00s Real=0.01s
[2026-07-01T01:52:43.139+0000][95.856s][info][gc,marking  ] GC(206) Concurrent Mark 258.561ms
[2026-07-01T01:52:43.139+0000][95.856s][info][gc,marking  ] GC(206) Concurrent Rebuild Remembered Sets and Scrub Regions
[2026-07-01T01:52:43.211+0000][95.928s][info][gc,marking  ] GC(206) Concurrent Rebuild Remembered Sets and Scrub Regions 72.375ms
[2026-07-01T01:52:43.211+0000][95.928s][info][gc,start    ] GC(206) Pause Cleanup
[2026-07-01T01:52:43.211+0000][95.928s][info][gc          ] GC(206) Pause Cleanup 201M->201M(323M) 0.169ms
[2026-07-01T01:52:43.211+0000][95.928s][info][gc,cpu      ] GC(206) User=0.00s Sys=0.00s Real=0.00s
[2026-07-01T01:52:43.211+0000][95.928s][info][gc,marking  ] GC(206) Concurrent Clear Claimed Marks
[2026-07-01T01:52:43.211+0000][95.928s][info][gc,marking  ] GC(206) Concurrent Clear Claimed Marks 0.084ms
[2026-07-01T01:52:43.211+0000][95.928s][info][gc,marking  ] GC(206) Concurrent Cleanup for Next Mark
[2026-07-01T01:52:43.212+0000][95.929s][info][gc,marking  ] GC(206) Concurrent Cleanup for Next Mark 0.506ms
[2026-07-01T01:52:43.212+0000][95.929s][info][gc          ] GC(206) Concurrent Mark Cycle 345.058ms
