[2026-07-01T01:36:34.220+0000][0.006s][info][gc,init] CardTable entry size: 512
[2026-07-01T01:36:34.221+0000][0.006s][info][gc     ] Using G1
[2026-07-01T01:36:34.221+0000][0.007s][info][gc,init] Version: 21.0.11+10-LTS (release)
[2026-07-01T01:36:34.221+0000][0.007s][info][gc,init] CPUs: 4 total, 1 available
[2026-07-01T01:36:34.221+0000][0.007s][info][gc,init] Memory: 1024M
[2026-07-01T01:36:34.221+0000][0.007s][info][gc,init] Large Page Support: Disabled
[2026-07-01T01:36:34.221+0000][0.007s][info][gc,init] NUMA Support: Disabled
[2026-07-01T01:36:34.221+0000][0.007s][info][gc,init] Compressed Oops: Enabled (32-bit)
[2026-07-01T01:36:34.221+0000][0.007s][info][gc,init] Heap Region Size: 1M
[2026-07-01T01:36:34.221+0000][0.007s][info][gc,init] Heap Min Capacity: 8M
[2026-07-01T01:36:34.221+0000][0.007s][info][gc,init] Heap Initial Capacity: 16M
[2026-07-01T01:36:34.221+0000][0.007s][info][gc,init] Heap Max Capacity: 732M
[2026-07-01T01:36:34.221+0000][0.007s][info][gc,init] Pre-touch: Disabled
[2026-07-01T01:36:34.221+0000][0.007s][info][gc,init] Parallel Workers: 1
[2026-07-01T01:36:34.221+0000][0.007s][info][gc,init] Concurrent Workers: 1
[2026-07-01T01:36:34.221+0000][0.007s][info][gc,init] Concurrent Refinement Workers: 1
[2026-07-01T01:36:34.221+0000][0.007s][info][gc,init] Periodic GC: Enabled
[2026-07-01T01:36:34.221+0000][0.007s][info][gc,init] Periodic GC Interval: 10000ms
[2026-07-01T01:36:34.221+0000][0.007s][info][gc,init] G1 Time-Based Heap Sizing enabled (uncommit-only)
[2026-07-01T01:36:34.221+0000][0.007s][info][gc,init]   evaluation_interval=60000ms, uncommit_delay=300000ms, min_regions_to_uncommit=10
[2026-07-01T01:36:34.228+0000][0.013s][info][gc,metaspace] CDS archive(s) mapped at: [0x000074fc4b000000-0x000074fc4bc9b000-0x000074fc4bc9b000), size 13217792, SharedBaseAddress: 0x000074fc4b000000, ArchiveRelocationMode: 1.
[2026-07-01T01:36:34.228+0000][0.013s][info][gc,metaspace] Compressed class space mapped at: 0x000074fc4c000000-0x000074fc8c000000, reserved size: 1073741824
[2026-07-01T01:36:34.228+0000][0.013s][info][gc,metaspace] Narrow klass base: 0x000074fc4b000000, Narrow klass shift: 0, Narrow klass range: 0x100000000
[2026-07-01T01:36:34.672+0000][0.458s][info][gc,start    ] GC(0) Pause Young (Normal) (G1 Evacuation Pause)
[2026-07-01T01:36:34.673+0000][0.458s][info][gc,task     ] GC(0) Using 1 workers of 1 for evacuation
[2026-07-01T01:36:34.676+0000][0.461s][info][gc,phases   ] GC(0)   Pre Evacuate Collection Set: 0.48ms
[2026-07-01T01:36:34.676+0000][0.461s][info][gc,phases   ] GC(0)   Merge Heap Roots: 0.04ms
[2026-07-01T01:36:34.676+0000][0.461s][info][gc,phases   ] GC(0)   Evacuate Collection Set: 2.19ms
[2026-07-01T01:36:34.676+0000][0.461s][info][gc,phases   ] GC(0)   Post Evacuate Collection Set: 0.16ms
[2026-07-01T01:36:34.676+0000][0.461s][info][gc,phases   ] GC(0)   Other: 0.05ms
[2026-07-01T01:36:34.676+0000][0.461s][info][gc,heap     ] GC(0) Eden regions: 2->0(2)
[2026-07-01T01:36:34.676+0000][0.461s][info][gc,heap     ] GC(0) Survivor regions: 0->1(1)
[2026-07-01T01:36:34.676+0000][0.461s][info][gc,heap     ] GC(0) Old regions: 2->2
[2026-07-01T01:36:34.676+0000][0.461s][info][gc,heap     ] GC(0) Humongous regions: 0->0
[2026-07-01T01:36:34.676+0000][0.461s][info][gc,metaspace] GC(0) Metaspace: 881K(1088K)->881K(1088K) NonClass: 784K(896K)->784K(896K) Class: 96K(192K)->96K(192K)
[2026-07-01T01:36:34.676+0000][0.461s][info][gc          ] GC(0) Pause Young (Normal) (G1 Evacuation Pause) 3M->1M(18M) 3.117ms
[2026-07-01T01:36:34.676+0000][0.461s][info][gc,cpu      ] GC(0) User=0.01s Sys=0.00s Real=0.00s
[2026-07-01T01:36:35.083+0000][0.869s][info][gc,start    ] GC(1) Pause Young (Normal) (G1 Evacuation Pause)
[2026-07-01T01:36:35.083+0000][0.869s][info][gc,task     ] GC(1) Using 1 workers of 1 for evacuation
[2026-07-01T01:36:35.086+0000][0.872s][info][gc,phases   ] GC(1)   Pre Evacuate Collection Set: 0.04ms
[2026-07-01T01:36:35.086+0000][0.872s][info][gc,phases   ] GC(1)   Merge Heap Roots: 0.02ms
[2026-07-01T01:36:35.086+0000][0.872s][info][gc,phases   ] GC(1)   Evacuate Collection Set: 2.14ms
[2026-07-01T01:36:35.086+0000][0.872s][info][gc,phases   ] GC(1)   Post Evacuate Collection Set: 0.35ms
[2026-07-01T01:36:35.086+0000][0.872s][info][gc,phases   ] GC(1)   Other: 0.12ms
[2026-07-01T01:36:35.086+0000][0.872s][info][gc,heap     ] GC(1) Eden regions: 3->0(8)
[2026-07-01T01:36:35.086+0000][0.872s][info][gc,heap     ] GC(1) Survivor regions: 1->1(1)
[2026-07-01T01:36:35.086+0000][0.872s][info][gc,heap     ] GC(1) Old regions: 2->2
[2026-07-01T01:36:35.086+0000][0.872s][info][gc,heap     ] GC(1) Humongous regions: 0->0
[2026-07-01T01:36:35.086+0000][0.872s][info][gc,metaspace] GC(1) Metaspace: 1646K(1920K)->1646K(1920K) NonClass: 1461K(1600K)->1461K(1600K) Class: 184K(320K)->184K(320K)
[2026-07-01T01:36:35.086+0000][0.872s][info][gc          ] GC(1) Pause Young (Normal) (G1 Evacuation Pause) 4M->1M(18M) 2.831ms
[2026-07-01T01:36:35.086+0000][0.872s][info][gc,cpu      ] GC(1) User=0.01s Sys=0.00s Real=0.00s
[2026-07-01T01:36:35.665+0000][1.451s][info][gc,start    ] GC(2) Pause Young (Normal) (G1 Evacuation Pause)
[2026-07-01T01:36:35.665+0000][1.451s][info][gc,task     ] GC(2) Using 1 workers of 1 for evacuation
[2026-07-01T01:36:35.670+0000][1.455s][info][gc,phases   ] GC(2)   Pre Evacuate Collection Set: 0.08ms
[2026-07-01T01:36:35.670+0000][1.455s][info][gc,phases   ] GC(2)   Merge Heap Roots: 0.04ms
[2026-07-01T01:36:35.670+0000][1.455s][info][gc,phases   ] GC(2)   Evacuate Collection Set: 4.12ms
[2026-07-01T01:36:35.670+0000][1.455s][info][gc,phases   ] GC(2)   Post Evacuate Collection Set: 0.36ms
[2026-07-01T01:36:35.670+0000][1.455s][info][gc,phases   ] GC(2)   Other: 0.06ms
[2026-07-01T01:36:35.670+0000][1.455s][info][gc,heap     ] GC(2) Eden regions: 8->0(7)
[2026-07-01T01:36:35.670+0000][1.456s][info][gc,heap     ] GC(2) Survivor regions: 1->2(2)
[2026-07-01T01:36:35.670+0000][1.456s][info][gc,heap     ] GC(2) Old regions: 2->2
[2026-07-01T01:36:35.670+0000][1.456s][info][gc,heap     ] GC(2) Humongous regions: 0->0
[2026-07-01T01:36:35.670+0000][1.456s][info][gc,metaspace] GC(2) Metaspace: 2775K(3008K)->2775K(3008K) NonClass: 2493K(2624K)->2493K(2624K) Class: 281K(384K)->281K(384K)
[2026-07-01T01:36:35.670+0000][1.456s][info][gc          ] GC(2) Pause Young (Normal) (G1 Evacuation Pause) 9M->2M(18M) 4.801ms
[2026-07-01T01:36:35.670+0000][1.456s][info][gc,cpu      ] GC(2) User=0.00s Sys=0.00s Real=0.01s
[2026-07-01T01:36:35.985+0000][1.771s][info][gc,start    ] GC(3) Pause Young (Normal) (G1 Evacuation Pause)
[2026-07-01T01:36:35.985+0000][1.771s][info][gc,task     ] GC(3) Using 1 workers of 1 for evacuation
[2026-07-01T01:36:35.988+0000][1.774s][info][gc,phases   ] GC(3)   Pre Evacuate Collection Set: 0.07ms
[2026-07-01T01:36:35.988+0000][1.774s][info][gc,phases   ] GC(3)   Merge Heap Roots: 0.04ms
[2026-07-01T01:36:35.988+0000][1.774s][info][gc,phases   ] GC(3)   Evacuate Collection Set: 2.84ms
[2026-07-01T01:36:35.988+0000][1.774s][info][gc,phases   ] GC(3)   Post Evacuate Collection Set: 0.32ms
[2026-07-01T01:36:35.988+0000][1.774s][info][gc,phases   ] GC(3)   Other: 0.04ms
[2026-07-01T01:36:35.988+0000][1.774s][info][gc,heap     ] GC(3) Eden regions: 7->0(7)
[2026-07-01T01:36:35.988+0000][1.774s][info][gc,heap     ] GC(3) Survivor regions: 2->2(2)
[2026-07-01T01:36:35.988+0000][1.774s][info][gc,heap     ] GC(3) Old regions: 2->3
[2026-07-01T01:36:35.988+0000][1.774s][info][gc,heap     ] GC(3) Humongous regions: 0->0
[2026-07-01T01:36:35.988+0000][1.774s][info][gc,metaspace] GC(3) Metaspace: 4230K(4480K)->4230K(4480K) NonClass: 3763K(3904K)->3763K(3904K) Class: 467K(576K)->467K(576K)
[2026-07-01T01:36:35.988+0000][1.774s][info][gc          ] GC(3) Pause Young (Normal) (G1 Evacuation Pause) 9M->2M(18M) 3.417ms
[2026-07-01T01:36:35.988+0000][1.774s][info][gc,cpu      ] GC(3) User=0.00s Sys=0.00s Real=0.01s
[2026-07-01T01:36:36.192+0000][1.977s][info][gc,start    ] GC(4) Pause Young (Normal) (G1 Evacuation Pause)
[2026-07-01T01:36:36.192+0000][1.977s][info][gc,task     ] GC(4) Using 1 workers of 1 for evacuation
[2026-07-01T01:36:36.194+0000][1.980s][info][gc,phases   ] GC(4)   Pre Evacuate Collection Set: 0.07ms
[2026-07-01T01:36:36.194+0000][1.980s][info][gc,phases   ] GC(4)   Merge Heap Roots: 0.03ms
[2026-07-01T01:36:36.195+0000][1.980s][info][gc,phases   ] GC(4)   Evacuate Collection Set: 2.47ms
[2026-07-01T01:36:36.195+0000][1.980s][info][gc,phases   ] GC(4)   Post Evacuate Collection Set: 0.28ms
[2026-07-01T01:36:36.195+0000][1.980s][info][gc,phases   ] GC(4)   Other: 0.04ms
[2026-07-01T01:36:36.195+0000][1.980s][info][gc,heap     ] GC(4) Eden regions: 7->0(7)
[2026-07-01T01:36:36.195+0000][1.980s][info][gc,heap     ] GC(4) Survivor regions: 2->2(2)
[2026-07-01T01:36:36.195+0000][1.980s][info][gc,heap     ] GC(4) Old regions: 3->3
[2026-07-01T01:36:36.195+0000][1.980s][info][gc,heap     ] GC(4) Humongous regions: 0->0
[2026-07-01T01:36:36.195+0000][1.980s][info][gc,metaspace] GC(4) Metaspace: 5860K(6144K)->5860K(6144K) NonClass: 5180K(5312K)->5180K(5312K) Class: 679K(832K)->679K(832K)
[2026-07-01T01:36:36.195+0000][1.980s][info][gc          ] GC(4) Pause Young (Normal) (G1 Evacuation Pause) 9M->3M(18M) 3.021ms
[2026-07-01T01:36:36.195+0000][1.980s][info][gc,cpu      ] GC(4) User=0.00s Sys=0.00s Real=0.00s
[2026-07-01T01:36:36.481+0000][2.267s][info][gc,start    ] GC(5) Pause Young (Normal) (G1 Evacuation Pause)
[2026-07-01T01:36:36.482+0000][2.267s][info][gc,task     ] GC(5) Using 1 workers of 1 for evacuation
[2026-07-01T01:36:36.485+0000][2.271s][info][gc,phases   ] GC(5)   Pre Evacuate Collection Set: 0.20ms
[2026-07-01T01:36:36.485+0000][2.271s][info][gc,phases   ] GC(5)   Merge Heap Roots: 0.04ms
[2026-07-01T01:36:36.485+0000][2.271s][info][gc,phases   ] GC(5)   Evacuate Collection Set: 3.04ms
[2026-07-01T01:36:36.485+0000][2.271s][info][gc,phases   ] GC(5)   Post Evacuate Collection Set: 0.29ms
[2026-07-01T01:36:36.485+0000][2.271s][info][gc,phases   ] GC(5)   Other: 0.04ms
[2026-07-01T01:36:36.485+0000][2.271s][info][gc,heap     ] GC(5) Eden regions: 7->0(7)
[2026-07-01T01:36:36.485+0000][2.271s][info][gc,heap     ] GC(5) Survivor regions: 2->2(2)
[2026-07-01T01:36:36.485+0000][2.271s][info][gc,heap     ] GC(5) Old regions: 3->4
[2026-07-01T01:36:36.485+0000][2.271s][info][gc,heap     ] GC(5) Humongous regions: 0->0
[2026-07-01T01:36:36.485+0000][2.271s][info][gc,metaspace] GC(5) Metaspace: 7920K(8192K)->7920K(8192K) NonClass: 6993K(7168K)->6993K(7168K) Class: 926K(1024K)->926K(1024K)
[2026-07-01T01:36:36.485+0000][2.271s][info][gc          ] GC(5) Pause Young (Normal) (G1 Evacuation Pause) 10M->3M(18M) 3.721ms
[2026-07-01T01:36:36.485+0000][2.271s][info][gc,cpu      ] GC(5) User=0.01s Sys=0.00s Real=0.00s
[2026-07-01T01:36:36.770+0000][2.556s][info][gc,start    ] GC(6) Pause Young (Normal) (G1 Evacuation Pause)
[2026-07-01T01:36:36.770+0000][2.556s][info][gc,task     ] GC(6) Using 1 workers of 1 for evacuation
[2026-07-01T01:36:36.774+0000][2.560s][info][gc,phases   ] GC(6)   Pre Evacuate Collection Set: 0.08ms
[2026-07-01T01:36:36.774+0000][2.560s][info][gc,phases   ] GC(6)   Merge Heap Roots: 0.04ms
[2026-07-01T01:36:36.774+0000][2.560s][info][gc,phases   ] GC(6)   Evacuate Collection Set: 3.17ms
[2026-07-01T01:36:36.774+0000][2.560s][info][gc,phases   ] GC(6)   Post Evacuate Collection Set: 0.29ms
[2026-07-01T01:36:36.774+0000][2.560s][info][gc,phases   ] GC(6)   Other: 0.04ms
[2026-07-01T01:36:36.774+0000][2.560s][info][gc,heap     ] GC(6) Eden regions: 7->0(7)
[2026-07-01T01:36:36.774+0000][2.560s][info][gc,heap     ] GC(6) Survivor regions: 2->2(2)
[2026-07-01T01:36:36.774+0000][2.560s][info][gc,heap     ] GC(6) Old regions: 4->4
[2026-07-01T01:36:36.774+0000][2.560s][info][gc,heap     ] GC(6) Humongous regions: 0->0
[2026-07-01T01:36:36.774+0000][2.560s][info][gc,metaspace] GC(6) Metaspace: 9091K(9472K)->9091K(9472K) NonClass: 7979K(8192K)->7979K(8192K) Class: 1111K(1280K)->1111K(1280K)
[2026-07-01T01:36:36.774+0000][2.560s][info][gc          ] GC(6) Pause Young (Normal) (G1 Evacuation Pause) 10M->4M(18M) 3.736ms
[2026-07-01T01:36:36.774+0000][2.560s][info][gc,cpu      ] GC(6) User=0.00s Sys=0.00s Real=0.00s
[2026-07-01T01:36:37.064+0000][2.850s][info][gc,start    ] GC(7) Pause Young (Normal) (G1 Evacuation Pause)
[2026-07-01T01:36:37.065+0000][2.850s][info][gc,task     ] GC(7) Using 1 workers of 1 for evacuation
[2026-07-01T01:36:37.069+0000][2.854s][info][gc,phases   ] GC(7)   Pre Evacuate Collection Set: 0.10ms
[2026-07-01T01:36:37.069+0000][2.854s][info][gc,phases   ] GC(7)   Merge Heap Roots: 0.04ms
[2026-07-01T01:36:37.069+0000][2.854s][info][gc,phases   ] GC(7)   Evacuate Collection Set: 3.58ms
[2026-07-01T01:36:37.069+0000][2.854s][info][gc,phases   ] GC(7)   Post Evacuate Collection Set: 0.37ms
[2026-07-01T01:36:37.069+0000][2.854s][info][gc,phases   ] GC(7)   Other: 0.04ms
[2026-07-01T01:36:37.069+0000][2.854s][info][gc,heap     ] GC(7) Eden regions: 7->0(12)
[2026-07-01T01:36:37.069+0000][2.855s][info][gc,heap     ] GC(7) Survivor regions: 2->1(2)
[2026-07-01T01:36:37.069+0000][2.855s][info][gc,heap     ] GC(7) Old regions: 4->5
[2026-07-01T01:36:37.069+0000][2.855s][info][gc,heap     ] GC(7) Humongous regions: 0->0
[2026-07-01T01:36:37.069+0000][2.855s][info][gc,metaspace] GC(7) Metaspace: 10251K(10624K)->10251K(10624K) NonClass: 8936K(9152K)->8936K(9152K) Class: 1315K(1472K)->1315K(1472K)
[2026-07-01T01:36:37.069+0000][2.855s][info][gc          ] GC(7) Pause Young (Normal) (G1 Evacuation Pause) 11M->4M(22M) 4.259ms
[2026-07-01T01:36:37.069+0000][2.855s][info][gc,cpu      ] GC(7) User=0.00s Sys=0.00s Real=0.07s
[2026-07-01T01:36:37.381+0000][3.167s][info][gc,start    ] GC(8) Pause Young (Normal) (G1 Evacuation Pause)
[2026-07-01T01:36:37.381+0000][3.167s][info][gc,task     ] GC(8) Using 1 workers of 1 for evacuation
[2026-07-01T01:36:37.385+0000][3.171s][info][gc,phases   ] GC(8)   Pre Evacuate Collection Set: 0.30ms
[2026-07-01T01:36:37.385+0000][3.171s][info][gc,phases   ] GC(8)   Merge Heap Roots: 0.04ms
[2026-07-01T01:36:37.385+0000][3.171s][info][gc,phases   ] GC(8)   Evacuate Collection Set: 3.19ms
[2026-07-01T01:36:37.385+0000][3.171s][info][gc,phases   ] GC(8)   Post Evacuate Collection Set: 0.27ms
[2026-07-01T01:36:37.385+0000][3.171s][info][gc,phases   ] GC(8)   Other: 0.05ms
[2026-07-01T01:36:37.385+0000][3.171s][info][gc,heap     ] GC(8) Eden regions: 12->0(11)
[2026-07-01T01:36:37.385+0000][3.171s][info][gc,heap     ] GC(8) Survivor regions: 1->2(2)
[2026-07-01T01:36:37.385+0000][3.171s][info][gc,heap     ] GC(8) Old regions: 5->5
[2026-07-01T01:36:37.385+0000][3.171s][info][gc,heap     ] GC(8) Humongous regions: 0->0
[2026-07-01T01:36:37.385+0000][3.171s][info][gc,metaspace] GC(8) Metaspace: 12390K(12736K)->12390K(12736K) NonClass: 10784K(11008K)->10784K(11008K) Class: 1605K(1728K)->1605K(1728K)
[2026-07-01T01:36:37.385+0000][3.171s][info][gc          ] GC(8) Pause Young (Normal) (G1 Evacuation Pause) 16M->5M(22M) 3.965ms
[2026-07-01T01:36:37.385+0000][3.171s][info][gc,cpu      ] GC(8) User=0.00s Sys=0.00s Real=0.00s
[2026-07-01T01:36:37.598+0000][3.384s][info][gc,start    ] GC(9) Pause Young (Normal) (G1 Evacuation Pause)
[2026-07-01T01:36:37.598+0000][3.384s][info][gc,task     ] GC(9) Using 1 workers of 1 for evacuation
[2026-07-01T01:36:37.603+0000][3.389s][info][gc,phases   ] GC(9)   Pre Evacuate Collection Set: 0.58ms
[2026-07-01T01:36:37.603+0000][3.389s][info][gc,phases   ] GC(9)   Merge Heap Roots: 0.04ms
[2026-07-01T01:36:37.603+0000][3.389s][info][gc,phases   ] GC(9)   Evacuate Collection Set: 4.18ms
[2026-07-01T01:36:37.603+0000][3.389s][info][gc,phases   ] GC(9)   Post Evacuate Collection Set: 0.25ms
[2026-07-01T01:36:37.603+0000][3.389s][info][gc,phases   ] GC(9)   Other: 0.04ms
[2026-07-01T01:36:37.603+0000][3.389s][info][gc,heap     ] GC(9) Eden regions: 11->0(11)
[2026-07-01T01:36:37.603+0000][3.389s][info][gc,heap     ] GC(9) Survivor regions: 2->2(2)
[2026-07-01T01:36:37.603+0000][3.389s][info][gc,heap     ] GC(9) Old regions: 5->6
[2026-07-01T01:36:37.603+0000][3.389s][info][gc,heap     ] GC(9) Humongous regions: 0->0
[2026-07-01T01:36:37.603+0000][3.389s][info][gc,metaspace] GC(9) Metaspace: 14086K(14528K)->14086K(14528K) NonClass: 12285K(12544K)->12285K(12544K) Class: 1800K(1984K)->1800K(1984K)
[2026-07-01T01:36:37.603+0000][3.389s][info][gc          ] GC(9) Pause Young (Normal) (G1 Evacuation Pause) 16M->6M(22M) 5.223ms
[2026-07-01T01:36:37.603+0000][3.389s][info][gc,cpu      ] GC(9) User=0.00s Sys=0.00s Real=0.00s
[2026-07-01T01:36:37.877+0000][3.663s][info][gc,start    ] GC(10) Pause Young (Normal) (G1 Evacuation Pause)
[2026-07-01T01:36:37.877+0000][3.663s][info][gc,task     ] GC(10) Using 1 workers of 1 for evacuation
[2026-07-01T01:36:37.882+0000][3.668s][info][gc,phases   ] GC(10)   Pre Evacuate Collection Set: 0.07ms
[2026-07-01T01:36:37.882+0000][3.668s][info][gc,phases   ] GC(10)   Merge Heap Roots: 0.03ms
[2026-07-01T01:36:37.882+0000][3.668s][info][gc,phases   ] GC(10)   Evacuate Collection Set: 3.93ms
[2026-07-01T01:36:37.882+0000][3.668s][info][gc,phases   ] GC(10)   Post Evacuate Collection Set: 0.31ms
[2026-07-01T01:36:37.882+0000][3.668s][info][gc,phases   ] GC(10)   Other: 0.04ms
[2026-07-01T01:36:37.882+0000][3.668s][info][gc,heap     ] GC(10) Eden regions: 11->0(10)
[2026-07-01T01:36:37.882+0000][3.668s][info][gc,heap     ] GC(10) Survivor regions: 2->2(2)
[2026-07-01T01:36:37.882+0000][3.668s][info][gc,heap     ] GC(10) Old regions: 6->7
[2026-07-01T01:36:37.882+0000][3.668s][info][gc,heap     ] GC(10) Humongous regions: 0->0
[2026-07-01T01:36:37.882+0000][3.668s][info][gc,metaspace] GC(10) Metaspace: 14854K(15296K)->14854K(15296K) NonClass: 12945K(13184K)->12945K(13184K) Class: 1909K(2112K)->1909K(2112K)
[2026-07-01T01:36:37.882+0000][3.668s][info][gc          ] GC(10) Pause Young (Normal) (G1 Evacuation Pause) 17M->6M(22M) 4.488ms
[2026-07-01T01:36:37.882+0000][3.668s][info][gc,cpu      ] GC(10) User=0.00s Sys=0.00s Real=0.01s
[2026-07-01T01:36:38.086+0000][3.872s][info][gc,start    ] GC(11) Pause Young (Normal) (G1 Evacuation Pause)
[2026-07-01T01:36:38.086+0000][3.872s][info][gc,task     ] GC(11) Using 1 workers of 1 for evacuation
[2026-07-01T01:36:38.090+0000][3.875s][info][gc,phases   ] GC(11)   Pre Evacuate Collection Set: 0.07ms
[2026-07-01T01:36:38.090+0000][3.875s][info][gc,phases   ] GC(11)   Merge Heap Roots: 0.04ms
[2026-07-01T01:36:38.090+0000][3.875s][info][gc,phases   ] GC(11)   Evacuate Collection Set: 3.24ms
[2026-07-01T01:36:38.090+0000][3.875s][info][gc,phases   ] GC(11)   Post Evacuate Collection Set: 0.38ms
[2026-07-01T01:36:38.090+0000][3.875s][info][gc,phases   ] GC(11)   Other: 0.04ms
[2026-07-01T01:36:38.090+0000][3.875s][info][gc,heap     ] GC(11) Eden regions: 10->0(14)
[2026-07-01T01:36:38.090+0000][3.875s][info][gc,heap     ] GC(11) Survivor regions: 2->2(2)
[2026-07-01T01:36:38.090+0000][3.875s][info][gc,heap     ] GC(11) Old regions: 7->7
[2026-07-01T01:36:38.090+0000][3.875s][info][gc,heap     ] GC(11) Humongous regions: 0->0
[2026-07-01T01:36:38.090+0000][3.875s][info][gc,metaspace] GC(11) Metaspace: 15287K(15744K)->15287K(15744K) NonClass: 13338K(13568K)->13338K(13568K) Class: 1949K(2176K)->1949K(2176K)
[2026-07-01T01:36:38.090+0000][3.876s][info][gc          ] GC(11) Pause Young (Normal) (G1 Evacuation Pause) 16M->7M(27M) 3.879ms
[2026-07-01T01:36:38.090+0000][3.876s][info][gc,cpu      ] GC(11) User=0.00s Sys=0.00s Real=0.01s
[2026-07-01T01:36:38.468+0000][4.253s][info][gc,start    ] GC(12) Pause Young (Normal) (G1 Evacuation Pause)
[2026-07-01T01:36:38.468+0000][4.253s][info][gc,task     ] GC(12) Using 1 workers of 1 for evacuation
[2026-07-01T01:36:38.472+0000][4.258s][info][gc,phases   ] GC(12)   Pre Evacuate Collection Set: 0.07ms
[2026-07-01T01:36:38.472+0000][4.258s][info][gc,phases   ] GC(12)   Merge Heap Roots: 0.04ms
[2026-07-01T01:36:38.472+0000][4.258s][info][gc,phases   ] GC(12)   Evacuate Collection Set: 3.97ms
[2026-07-01T01:36:38.472+0000][4.258s][info][gc,phases   ] GC(12)   Post Evacuate Collection Set: 0.33ms
[2026-07-01T01:36:38.472+0000][4.258s][info][gc,phases   ] GC(12)   Other: 0.05ms
[2026-07-01T01:36:38.472+0000][4.258s][info][gc,heap     ] GC(12) Eden regions: 14->0(14)
[2026-07-01T01:36:38.472+0000][4.258s][info][gc,heap     ] GC(12) Survivor regions: 2->2(2)
[2026-07-01T01:36:38.472+0000][4.258s][info][gc,heap     ] GC(12) Old regions: 7->8
[2026-07-01T01:36:38.472+0000][4.258s][info][gc,heap     ] GC(12) Humongous regions: 0->0
[2026-07-01T01:36:38.472+0000][4.258s][info][gc,metaspace] GC(12) Metaspace: 16589K(17024K)->16589K(17024K) NonClass: 14483K(14720K)->14483K(14720K) Class: 2106K(2304K)->2106K(2304K)
[2026-07-01T01:36:38.472+0000][4.258s][info][gc          ] GC(12) Pause Young (Normal) (G1 Evacuation Pause) 21M->8M(27M) 4.592ms
[2026-07-01T01:36:38.472+0000][4.258s][info][gc,cpu      ] GC(12) User=0.00s Sys=0.00s Real=0.01s
[2026-07-01T01:36:38.789+0000][4.575s][info][gc,start    ] GC(13) Pause Young (Normal) (G1 Evacuation Pause)
[2026-07-01T01:36:38.789+0000][4.575s][info][gc,task     ] GC(13) Using 1 workers of 1 for evacuation
[2026-07-01T01:36:38.793+0000][4.579s][info][gc,phases   ] GC(13)   Pre Evacuate Collection Set: 0.06ms
[2026-07-01T01:36:38.793+0000][4.579s][info][gc,phases   ] GC(13)   Merge Heap Roots: 0.04ms
[2026-07-01T01:36:38.793+0000][4.579s][info][gc,phases   ] GC(13)   Evacuate Collection Set: 3.85ms
[2026-07-01T01:36:38.793+0000][4.579s][info][gc,phases   ] GC(13)   Post Evacuate Collection Set: 0.31ms
[2026-07-01T01:36:38.793+0000][4.579s][info][gc,phases   ] GC(13)   Other: 0.07ms
[2026-07-01T01:36:38.793+0000][4.579s][info][gc,heap     ] GC(13) Eden regions: 14->0(13)
[2026-07-01T01:36:38.793+0000][4.579s][info][gc,heap     ] GC(13) Survivor regions: 2->2(2)
[2026-07-01T01:36:38.793+0000][4.579s][info][gc,heap     ] GC(13) Old regions: 8->9
[2026-07-01T01:36:38.793+0000][4.579s][info][gc,heap     ] GC(13) Humongous regions: 0->0
[2026-07-01T01:36:38.793+0000][4.579s][info][gc,metaspace] GC(13) Metaspace: 17873K(18304K)->17873K(18304K) NonClass: 15595K(15808K)->15595K(15808K) Class: 2278K(2496K)->2278K(2496K)
[2026-07-01T01:36:38.793+0000][4.579s][info][gc          ] GC(13) Pause Young (Normal) (G1 Evacuation Pause) 22M->8M(27M) 4.433ms
[2026-07-01T01:36:38.793+0000][4.579s][info][gc,cpu      ] GC(13) User=0.00s Sys=0.00s Real=0.00s
[2026-07-01T01:36:39.179+0000][4.965s][info][gc,start    ] GC(14) Pause Young (Normal) (G1 Evacuation Pause)
[2026-07-01T01:36:39.179+0000][4.965s][info][gc,task     ] GC(14) Using 1 workers of 1 for evacuation
[2026-07-01T01:36:39.186+0000][4.971s][info][gc,phases   ] GC(14)   Pre Evacuate Collection Set: 0.07ms
[2026-07-01T01:36:39.186+0000][4.971s][info][gc,phases   ] GC(14)   Merge Heap Roots: 0.04ms
[2026-07-01T01:36:39.186+0000][4.971s][info][gc,phases   ] GC(14)   Evacuate Collection Set: 5.77ms
[2026-07-01T01:36:39.186+0000][4.971s][info][gc,phases   ] GC(14)   Post Evacuate Collection Set: 0.37ms
[2026-07-01T01:36:39.186+0000][4.971s][info][gc,phases   ] GC(14)   Other: 0.04ms
[2026-07-01T01:36:39.186+0000][4.971s][info][gc,heap     ] GC(14) Eden regions: 13->0(13)
[2026-07-01T01:36:39.186+0000][4.971s][info][gc,heap     ] GC(14) Survivor regions: 2->2(2)
[2026-07-01T01:36:39.186+0000][4.971s][info][gc,heap     ] GC(14) Old regions: 9->9
[2026-07-01T01:36:39.186+0000][4.971s][info][gc,heap     ] GC(14) Humongous regions: 0->0
[2026-07-01T01:36:39.186+0000][4.971s][info][gc,metaspace] GC(14) Metaspace: 19990K(20416K)->19990K(20416K) NonClass: 17369K(17600K)->17369K(17600K) Class: 2621K(2816K)->2621K(2816K)
[2026-07-01T01:36:39.186+0000][4.972s][info][gc          ] GC(14) Pause Young (Normal) (G1 Evacuation Pause) 21M->9M(27M) 6.403ms
[2026-07-01T01:36:39.186+0000][4.972s][info][gc,cpu      ] GC(14) User=0.00s Sys=0.00s Real=0.00s
[2026-07-01T01:36:39.283+0000][5.069s][info][gc,start    ] GC(15) Pause Young (Concurrent Start) (Metadata GC Threshold)
[2026-07-01T01:36:39.283+0000][5.069s][info][gc,task     ] GC(15) Using 1 workers of 1 for evacuation
[2026-07-01T01:36:39.288+0000][5.074s][info][gc,phases   ] GC(15)   Pre Evacuate Collection Set: 0.09ms
[2026-07-01T01:36:39.288+0000][5.074s][info][gc,phases   ] GC(15)   Merge Heap Roots: 0.05ms
[2026-07-01T01:36:39.288+0000][5.074s][info][gc,phases   ] GC(15)   Evacuate Collection Set: 4.30ms
[2026-07-01T01:36:39.288+0000][5.074s][info][gc,phases   ] GC(15)   Post Evacuate Collection Set: 0.42ms
[2026-07-01T01:36:39.288+0000][5.074s][info][gc,phases   ] GC(15)   Other: 0.06ms
[2026-07-01T01:36:39.288+0000][5.074s][info][gc,heap     ] GC(15) Eden regions: 5->0(17)
[2026-07-01T01:36:39.288+0000][5.074s][info][gc,heap     ] GC(15) Survivor regions: 2->1(2)
[2026-07-01T01:36:39.288+0000][5.074s][info][gc,heap     ] GC(15) Old regions: 9->11
[2026-07-01T01:36:39.288+0000][5.074s][info][gc,heap     ] GC(15) Humongous regions: 0->0
[2026-07-01T01:36:39.288+0000][5.074s][info][gc,metaspace] GC(15) Metaspace: 21049K(21504K)->21049K(21504K) NonClass: 18319K(18560K)->18319K(18560K) Class: 2730K(2944K)->2730K(2944K)
[2026-07-01T01:36:39.288+0000][5.074s][info][gc          ] GC(15) Pause Young (Concurrent Start) (Metadata GC Threshold) 14M->10M(33M) 5.048ms
[2026-07-01T01:36:39.288+0000][5.074s][info][gc,cpu      ] GC(15) User=0.01s Sys=0.00s Real=0.01s
[2026-07-01T01:36:39.288+0000][5.074s][info][gc          ] GC(16) Concurrent Mark Cycle
[2026-07-01T01:36:39.288+0000][5.074s][info][gc,marking  ] GC(16) Concurrent Scan Root Regions
[2026-07-01T01:36:39.291+0000][5.077s][info][gc,marking  ] GC(16) Concurrent Scan Root Regions 2.447ms
[2026-07-01T01:36:39.291+0000][5.077s][info][gc,marking  ] GC(16) Concurrent Mark
[2026-07-01T01:36:39.291+0000][5.077s][info][gc,marking  ] GC(16) Concurrent Mark From Roots
[2026-07-01T01:36:39.291+0000][5.077s][info][gc,task     ] GC(16) Using 1 workers of 1 for marking
[2026-07-01T01:36:39.369+0000][5.155s][info][gc,marking  ] GC(16) Concurrent Mark From Roots 78.517ms
[2026-07-01T01:36:39.369+0000][5.155s][info][gc,marking  ] GC(16) Concurrent Preclean
[2026-07-01T01:36:39.369+0000][5.155s][info][gc,marking  ] GC(16) Concurrent Preclean 0.035ms
[2026-07-01T01:36:39.369+0000][5.155s][info][gc,start    ] GC(16) Pause Remark
[2026-07-01T01:36:39.375+0000][5.161s][info][gc,heap     ] GC(16) Heap shrink completed: uncommitted 9 regions (9MB), heap size now 24MB
[2026-07-01T01:36:39.375+0000][5.161s][info][gc          ] GC(16) Pause Remark 12M->12M(24M) 5.577ms
[2026-07-01T01:36:39.375+0000][5.161s][info][gc,cpu      ] GC(16) User=0.01s Sys=0.01s Real=0.00s
[2026-07-01T01:36:39.375+0000][5.161s][info][gc,marking  ] GC(16) Concurrent Mark 84.480ms
[2026-07-01T01:36:39.375+0000][5.161s][info][gc,marking  ] GC(16) Concurrent Rebuild Remembered Sets and Scrub Regions
[2026-07-01T01:36:39.383+0000][5.169s][info][gc,marking  ] GC(16) Concurrent Rebuild Remembered Sets and Scrub Regions 7.842ms
[2026-07-01T01:36:39.383+0000][5.169s][info][gc,start    ] GC(16) Pause Cleanup
[2026-07-01T01:36:39.383+0000][5.169s][info][gc          ] GC(16) Pause Cleanup 12M->12M(24M) 0.077ms
[2026-07-01T01:36:39.383+0000][5.169s][info][gc,cpu      ] GC(16) User=0.00s Sys=0.00s Real=0.00s
[2026-07-01T01:36:39.383+0000][5.169s][info][gc,marking  ] GC(16) Concurrent Clear Claimed Marks
[2026-07-01T01:36:39.383+0000][5.169s][info][gc,marking  ] GC(16) Concurrent Clear Claimed Marks 0.028ms
[2026-07-01T01:36:39.383+0000][5.169s][info][gc,marking  ] GC(16) Concurrent Cleanup for Next Mark
[2026-07-01T01:36:39.383+0000][5.169s][info][gc,marking  ] GC(16) Concurrent Cleanup for Next Mark 0.181ms
[2026-07-01T01:36:39.383+0000][5.169s][info][gc          ] GC(16) Concurrent Mark Cycle 95.236ms
[2026-07-01T01:36:39.691+0000][5.477s][info][gc,start    ] GC(17) Pause Young (Prepare Mixed) (G1 Evacuation Pause)
[2026-07-01T01:36:39.691+0000][5.477s][info][gc,task     ] GC(17) Using 1 workers of 1 for evacuation
[2026-07-01T01:36:39.698+0000][5.484s][info][gc,phases   ] GC(17)   Pre Evacuate Collection Set: 0.51ms
[2026-07-01T01:36:39.698+0000][5.484s][info][gc,phases   ] GC(17)   Merge Heap Roots: 0.04ms
[2026-07-01T01:36:39.698+0000][5.484s][info][gc,phases   ] GC(17)   Evacuate Collection Set: 6.23ms
[2026-07-01T01:36:39.698+0000][5.484s][info][gc,phases   ] GC(17)   Post Evacuate Collection Set: 0.37ms
[2026-07-01T01:36:39.698+0000][5.484s][info][gc,phases   ] GC(17)   Other: 0.04ms
[2026-07-01T01:36:39.698+0000][5.484s][info][gc,heap     ] GC(17) Eden regions: 12->0(9)
[2026-07-01T01:36:39.698+0000][5.484s][info][gc,heap     ] GC(17) Survivor regions: 1->2(2)
[2026-07-01T01:36:39.698+0000][5.484s][info][gc,heap     ] GC(17) Old regions: 11->12
[2026-07-01T01:36:39.698+0000][5.484s][info][gc,heap     ] GC(17) Humongous regions: 0->0
[2026-07-01T01:36:39.698+0000][5.484s][info][gc,metaspace] GC(17) Metaspace: 23238K(23808K)->23238K(23808K) NonClass: 20247K(20544K)->20247K(20544K) Class: 2991K(3264K)->2991K(3264K)
[2026-07-01T01:36:39.698+0000][5.484s][info][gc          ] GC(17) Pause Young (Prepare Mixed) (G1 Evacuation Pause) 22M->12M(27M) 7.318ms
[2026-07-01T01:36:39.698+0000][5.484s][info][gc,cpu      ] GC(17) User=0.01s Sys=0.00s Real=0.01s
[2026-07-01T01:36:39.893+0000][5.679s][info][gc,start    ] GC(18) Pause Young (Mixed) (G1 Evacuation Pause)
[2026-07-01T01:36:39.893+0000][5.679s][info][gc,task     ] GC(18) Using 1 workers of 1 for evacuation
[2026-07-01T01:36:39.899+0000][5.684s][info][gc,phases   ] GC(18)   Pre Evacuate Collection Set: 0.21ms
[2026-07-01T01:36:39.899+0000][5.684s][info][gc,phases   ] GC(18)   Merge Heap Roots: 0.05ms
[2026-07-01T01:36:39.899+0000][5.684s][info][gc,phases   ] GC(18)   Evacuate Collection Set: 5.03ms
[2026-07-01T01:36:39.899+0000][5.684s][info][gc,phases   ] GC(18)   Post Evacuate Collection Set: 0.40ms
[2026-07-01T01:36:39.899+0000][5.684s][info][gc,phases   ] GC(18)   Other: 0.05ms
[2026-07-01T01:36:39.899+0000][5.684s][info][gc,heap     ] GC(18) Eden regions: 9->0(10)
[2026-07-01T01:36:39.899+0000][5.684s][info][gc,heap     ] GC(18) Survivor regions: 2->1(2)
[2026-07-01T01:36:39.899+0000][5.684s][info][gc,heap     ] GC(18) Old regions: 12->13
[2026-07-01T01:36:39.899+0000][5.684s][info][gc,heap     ] GC(18) Humongous regions: 0->0
[2026-07-01T01:36:39.899+0000][5.684s][info][gc,metaspace] GC(18) Metaspace: 24185K(24768K)->24185K(24768K) NonClass: 21052K(21376K)->21052K(21376K) Class: 3132K(3392K)->3132K(3392K)
[2026-07-01T01:36:39.899+0000][5.684s][info][gc          ] GC(18) Pause Young (Mixed) (G1 Evacuation Pause) 21M->13M(27M) 5.869ms
[2026-07-01T01:36:39.899+0000][5.684s][info][gc,cpu      ] GC(18) User=0.01s Sys=0.00s Real=0.01s
[2026-07-01T01:36:40.091+0000][5.877s][info][gc,start    ] GC(19) Pause Young (Concurrent Start) (G1 Evacuation Pause)
[2026-07-01T01:36:40.091+0000][5.877s][info][gc,task     ] GC(19) Using 1 workers of 1 for evacuation
[2026-07-01T01:36:40.095+0000][5.880s][info][gc,phases   ] GC(19)   Pre Evacuate Collection Set: 0.32ms
[2026-07-01T01:36:40.095+0000][5.880s][info][gc,phases   ] GC(19)   Merge Heap Roots: 0.04ms
[2026-07-01T01:36:40.095+0000][5.880s][info][gc,phases   ] GC(19)   Evacuate Collection Set: 2.99ms
[2026-07-01T01:36:40.095+0000][5.880s][info][gc,phases   ] GC(19)   Post Evacuate Collection Set: 0.42ms
[2026-07-01T01:36:40.095+0000][5.880s][info][gc,phases   ] GC(19)   Other: 0.07ms
[2026-07-01T01:36:40.095+0000][5.880s][info][gc,heap     ] GC(19) Eden regions: 10->0(10)
[2026-07-01T01:36:40.095+0000][5.880s][info][gc,heap     ] GC(19) Survivor regions: 1->1(2)
[2026-07-01T01:36:40.095+0000][5.880s][info][gc,heap     ] GC(19) Old regions: 13->13
[2026-07-01T01:36:40.095+0000][5.880s][info][gc,heap     ] GC(19) Humongous regions: 0->0
[2026-07-01T01:36:40.095+0000][5.880s][info][gc,metaspace] GC(19) Metaspace: 26627K(27200K)->26627K(27200K) NonClass: 23225K(23552K)->23225K(23552K) Class: 3401K(3648K)->3401K(3648K)
[2026-07-01T01:36:40.095+0000][5.881s][info][gc          ] GC(19) Pause Young (Concurrent Start) (G1 Evacuation Pause) 23M->13M(27M) 3.987ms
[2026-07-01T01:36:40.095+0000][5.881s][info][gc,cpu      ] GC(19) User=0.01s Sys=0.00s Real=0.00s
[2026-07-01T01:36:40.095+0000][5.881s][info][gc          ] GC(20) Concurrent Mark Cycle
[2026-07-01T01:36:40.095+0000][5.881s][info][gc,marking  ] GC(20) Concurrent Scan Root Regions
[2026-07-01T01:36:40.096+0000][5.882s][info][gc,marking  ] GC(20) Concurrent Scan Root Regions 1.539ms
[2026-07-01T01:36:40.096+0000][5.882s][info][gc,marking  ] GC(20) Concurrent Mark
[2026-07-01T01:36:40.096+0000][5.882s][info][gc,marking  ] GC(20) Concurrent Mark From Roots
[2026-07-01T01:36:40.096+0000][5.882s][info][gc,task     ] GC(20) Using 1 workers of 1 for marking
[2026-07-01T01:36:40.178+0000][5.964s][info][gc,marking  ] GC(20) Concurrent Mark From Roots 82.017ms
[2026-07-01T01:36:40.178+0000][5.964s][info][gc,marking  ] GC(20) Concurrent Preclean
[2026-07-01T01:36:40.178+0000][5.964s][info][gc,marking  ] GC(20) Concurrent Preclean 0.072ms
[2026-07-01T01:36:40.179+0000][5.964s][info][gc,start    ] GC(20) Pause Remark
[2026-07-01T01:36:40.186+0000][5.971s][info][gc          ] GC(20) Pause Remark 17M->17M(27M) 6.995ms
[2026-07-01T01:36:40.186+0000][5.971s][info][gc,cpu      ] GC(20) User=0.01s Sys=0.00s Real=0.00s
[2026-07-01T01:36:40.186+0000][5.971s][info][gc,marking  ] GC(20) Concurrent Mark 89.333ms
[2026-07-01T01:36:40.186+0000][5.971s][info][gc,marking  ] GC(20) Concurrent Rebuild Remembered Sets and Scrub Regions
[2026-07-01T01:36:40.197+0000][5.983s][info][gc,marking  ] GC(20) Concurrent Rebuild Remembered Sets and Scrub Regions 11.256ms
[2026-07-01T01:36:40.197+0000][5.983s][info][gc,start    ] GC(20) Pause Cleanup
[2026-07-01T01:36:40.197+0000][5.983s][info][gc          ] GC(20) Pause Cleanup 19M->19M(27M) 0.274ms
[2026-07-01T01:36:40.197+0000][5.983s][info][gc,cpu      ] GC(20) User=0.00s Sys=0.00s Real=0.00s
[2026-07-01T01:36:40.197+0000][5.983s][info][gc,marking  ] GC(20) Concurrent Clear Claimed Marks
[2026-07-01T01:36:40.198+0000][5.983s][info][gc,marking  ] GC(20) Concurrent Clear Claimed Marks 0.044ms
[2026-07-01T01:36:40.198+0000][5.983s][info][gc,marking  ] GC(20) Concurrent Cleanup for Next Mark
[2026-07-01T01:36:40.198+0000][5.983s][info][gc,marking  ] GC(20) Concurrent Cleanup for Next Mark 0.093ms
[2026-07-01T01:36:40.198+0000][5.983s][info][gc          ] GC(20) Concurrent Mark Cycle 102.917ms
[2026-07-01T01:36:40.373+0000][6.159s][info][gc,start    ] GC(21) Pause Young (Prepare Mixed) (G1 Evacuation Pause)
[2026-07-01T01:36:40.373+0000][6.159s][info][gc,task     ] GC(21) Using 1 workers of 1 for evacuation
[2026-07-01T01:36:40.377+0000][6.163s][info][gc,phases   ] GC(21)   Pre Evacuate Collection Set: 0.08ms
[2026-07-01T01:36:40.377+0000][6.163s][info][gc,phases   ] GC(21)   Merge Heap Roots: 0.06ms
[2026-07-01T01:36:40.377+0000][6.163s][info][gc,phases   ] GC(21)   Evacuate Collection Set: 3.63ms
[2026-07-01T01:36:40.377+0000][6.163s][info][gc,phases   ] GC(21)   Post Evacuate Collection Set: 0.41ms
[2026-07-01T01:36:40.377+0000][6.163s][info][gc,phases   ] GC(21)   Other: 0.06ms
[2026-07-01T01:36:40.377+0000][6.163s][info][gc,heap     ] GC(21) Eden regions: 10->0(9)
[2026-07-01T01:36:40.377+0000][6.163s][info][gc,heap     ] GC(21) Survivor regions: 1->2(2)
[2026-07-01T01:36:40.377+0000][6.163s][info][gc,heap     ] GC(21) Old regions: 13->13
[2026-07-01T01:36:40.377+0000][6.163s][info][gc,heap     ] GC(21) Humongous regions: 0->0
[2026-07-01T01:36:40.377+0000][6.163s][info][gc,metaspace] GC(21) Metaspace: 28606K(29248K)->28606K(29248K) NonClass: 24932K(25280K)->24932K(25280K) Class: 3674K(3968K)->3674K(3968K)
[2026-07-01T01:36:40.377+0000][6.163s][info][gc          ] GC(21) Pause Young (Prepare Mixed) (G1 Evacuation Pause) 23M->14M(27M) 4.368ms
[2026-07-01T01:36:40.377+0000][6.163s][info][gc,cpu      ] GC(21) User=0.01s Sys=0.00s Real=0.00s
[2026-07-01T01:36:40.602+0000][6.388s][info][gc,start    ] GC(22) Pause Young (Mixed) (G1 Evacuation Pause)
[2026-07-01T01:36:40.602+0000][6.388s][info][gc,task     ] GC(22) Using 1 workers of 1 for evacuation
[2026-07-01T01:36:40.609+0000][6.395s][info][gc,phases   ] GC(22)   Pre Evacuate Collection Set: 0.25ms
[2026-07-01T01:36:40.609+0000][6.395s][info][gc,phases   ] GC(22)   Merge Heap Roots: 0.06ms
[2026-07-01T01:36:40.609+0000][6.395s][info][gc,phases   ] GC(22)   Evacuate Collection Set: 6.12ms
[2026-07-01T01:36:40.609+0000][6.395s][info][gc,phases   ] GC(22)   Post Evacuate Collection Set: 0.50ms
[2026-07-01T01:36:40.609+0000][6.395s][info][gc,phases   ] GC(22)   Other: 0.05ms
[2026-07-01T01:36:40.609+0000][6.395s][info][gc,heap     ] GC(22) Eden regions: 9->0(14)
[2026-07-01T01:36:40.609+0000][6.395s][info][gc,heap     ] GC(22) Survivor regions: 2->2(2)
[2026-07-01T01:36:40.609+0000][6.395s][info][gc,heap     ] GC(22) Old regions: 13->13
[2026-07-01T01:36:40.609+0000][6.395s][info][gc,heap     ] GC(22) Humongous regions: 0->0
[2026-07-01T01:36:40.609+0000][6.395s][info][gc,metaspace] GC(22) Metaspace: 29983K(30656K)->29983K(30656K) NonClass: 26118K(26496K)->26118K(26496K) Class: 3865K(4160K)->3865K(4160K)
[2026-07-01T01:36:40.609+0000][6.395s][info][gc          ] GC(22) Pause Young (Mixed) (G1 Evacuation Pause) 23M->15M(33M) 7.105ms
[2026-07-01T01:36:40.609+0000][6.395s][info][gc,cpu      ] GC(22) User=0.00s Sys=0.00s Real=0.01s
[2026-07-01T01:36:40.992+0000][6.778s][info][gc,start    ] GC(23) Pause Young (Normal) (G1 Evacuation Pause)
[2026-07-01T01:36:40.992+0000][6.778s][info][gc,task     ] GC(23) Using 1 workers of 1 for evacuation
[2026-07-01T01:36:41.000+0000][6.786s][info][gc,phases   ] GC(23)   Pre Evacuate Collection Set: 0.31ms
[2026-07-01T01:36:41.000+0000][6.786s][info][gc,phases   ] GC(23)   Merge Heap Roots: 0.07ms
[2026-07-01T01:36:41.000+0000][6.786s][info][gc,phases   ] GC(23)   Evacuate Collection Set: 6.93ms
[2026-07-01T01:36:41.000+0000][6.786s][info][gc,phases   ] GC(23)   Post Evacuate Collection Set: 0.74ms
[2026-07-01T01:36:41.000+0000][6.786s][info][gc,phases   ] GC(23)   Other: 0.04ms
[2026-07-01T01:36:41.000+0000][6.786s][info][gc,heap     ] GC(23) Eden regions: 14->0(13)
[2026-07-01T01:36:41.000+0000][6.786s][info][gc,heap     ] GC(23) Survivor regions: 2->1(2)
[2026-07-01T01:36:41.000+0000][6.786s][info][gc,heap     ] GC(23) Old regions: 13->15
[2026-07-01T01:36:41.000+0000][6.786s][info][gc,heap     ] GC(23) Humongous regions: 0->0
[2026-07-01T01:36:41.000+0000][6.786s][info][gc,metaspace] GC(23) Metaspace: 31724K(32448K)->31724K(32448K) NonClass: 27591K(27968K)->27591K(27968K) Class: 4132K(4480K)->4132K(4480K)
[2026-07-01T01:36:41.000+0000][6.786s][info][gc          ] GC(23) Pause Young (Normal) (G1 Evacuation Pause) 29M->15M(33M) 8.227ms
[2026-07-01T01:36:41.000+0000][6.786s][info][gc,cpu      ] GC(23) User=0.02s Sys=0.00s Real=0.01s
[2026-07-01T01:36:41.494+0000][7.280s][info][gc,start    ] GC(24) Pause Young (Concurrent Start) (G1 Evacuation Pause)
[2026-07-01T01:36:41.494+0000][7.280s][info][gc,task     ] GC(24) Using 1 workers of 1 for evacuation
[2026-07-01T01:36:41.501+0000][7.287s][info][gc,phases   ] GC(24)   Pre Evacuate Collection Set: 0.09ms
[2026-07-01T01:36:41.501+0000][7.287s][info][gc,phases   ] GC(24)   Merge Heap Roots: 0.35ms
[2026-07-01T01:36:41.501+0000][7.287s][info][gc,phases   ] GC(24)   Evacuate Collection Set: 5.83ms
[2026-07-01T01:36:41.501+0000][7.287s][info][gc,phases   ] GC(24)   Post Evacuate Collection Set: 0.45ms
[2026-07-01T01:36:41.501+0000][7.287s][info][gc,phases   ] GC(24)   Other: 0.07ms
[2026-07-01T01:36:41.501+0000][7.287s][info][gc,heap     ] GC(24) Eden regions: 13->0(12)
[2026-07-01T01:36:41.501+0000][7.287s][info][gc,heap     ] GC(24) Survivor regions: 1->2(2)
[2026-07-01T01:36:41.501+0000][7.287s][info][gc,heap     ] GC(24) Old regions: 15->16
[2026-07-01T01:36:41.501+0000][7.287s][info][gc,heap     ] GC(24) Humongous regions: 0->0
[2026-07-01T01:36:41.501+0000][7.287s][info][gc,metaspace] GC(24) Metaspace: 34968K(35712K)->34968K(35712K) NonClass: 30412K(30784K)->30412K(30784K) Class: 4555K(4928K)->4555K(4928K)
[2026-07-01T01:36:41.501+0000][7.287s][info][gc          ] GC(24) Pause Young (Concurrent Start) (G1 Evacuation Pause) 28M->17M(33M) 6.894ms
[2026-07-01T01:36:41.501+0000][7.287s][info][gc,cpu      ] GC(24) User=0.01s Sys=0.00s Real=0.01s
[2026-07-01T01:36:41.501+0000][7.287s][info][gc          ] GC(25) Concurrent Mark Cycle
[2026-07-01T01:36:41.501+0000][7.287s][info][gc,marking  ] GC(25) Concurrent Scan Root Regions
[2026-07-01T01:36:41.568+0000][7.354s][info][gc,marking  ] GC(25) Concurrent Scan Root Regions 67.238ms
[2026-07-01T01:36:41.568+0000][7.354s][info][gc,marking  ] GC(25) Concurrent Mark
[2026-07-01T01:36:41.568+0000][7.354s][info][gc,marking  ] GC(25) Concurrent Mark From Roots
[2026-07-01T01:36:41.568+0000][7.354s][info][gc,task     ] GC(25) Using 1 workers of 1 for marking
[2026-07-01T01:36:41.671+0000][7.457s][info][gc,marking  ] GC(25) Concurrent Mark From Roots 103.002ms
[2026-07-01T01:36:41.671+0000][7.457s][info][gc,marking  ] GC(25) Concurrent Preclean
[2026-07-01T01:36:41.671+0000][7.457s][info][gc,marking  ] GC(25) Concurrent Preclean 0.072ms
[2026-07-01T01:36:41.672+0000][7.457s][info][gc,start    ] GC(25) Pause Remark
[2026-07-01T01:36:41.677+0000][7.463s][info][gc          ] GC(25) Pause Remark 22M->22M(33M) 5.913ms
[2026-07-01T01:36:41.677+0000][7.463s][info][gc,cpu      ] GC(25) User=0.00s Sys=0.00s Real=0.00s
[2026-07-01T01:36:41.678+0000][7.464s][info][gc,marking  ] GC(25) Concurrent Mark 109.849ms
[2026-07-01T01:36:41.678+0000][7.464s][info][gc,marking  ] GC(25) Concurrent Rebuild Remembered Sets and Scrub Regions
[2026-07-01T01:36:41.689+0000][7.475s][info][gc,start    ] GC(26) Pause Young (Normal) (G1 Evacuation Pause)
[2026-07-01T01:36:41.689+0000][7.475s][info][gc,task     ] GC(26) Using 1 workers of 1 for evacuation
[2026-07-01T01:36:41.707+0000][7.492s][info][gc,phases   ] GC(26)   Pre Evacuate Collection Set: 0.08ms
[2026-07-01T01:36:41.707+0000][7.492s][info][gc,phases   ] GC(26)   Merge Heap Roots: 0.06ms
[2026-07-01T01:36:41.707+0000][7.492s][info][gc,phases   ] GC(26)   Evacuate Collection Set: 16.51ms
[2026-07-01T01:36:41.707+0000][7.492s][info][gc,phases   ] GC(26)   Post Evacuate Collection Set: 0.55ms
[2026-07-01T01:36:41.707+0000][7.492s][info][gc,phases   ] GC(26)   Other: 0.04ms
[2026-07-01T01:36:41.707+0000][7.492s][info][gc,heap     ] GC(26) Eden regions: 12->0(6)
[2026-07-01T01:36:41.707+0000][7.492s][info][gc,heap     ] GC(26) Survivor regions: 2->2(2)
[2026-07-01T01:36:41.707+0000][7.492s][info][gc,heap     ] GC(26) Old regions: 16->24
[2026-07-01T01:36:41.707+0000][7.492s][info][gc,heap     ] GC(26) Humongous regions: 0->0
[2026-07-01T01:36:41.707+0000][7.492s][info][gc,metaspace] GC(26) Metaspace: 35400K(36096K)->35400K(36096K) NonClass: 30786K(31168K)->30786K(31168K) Class: 4614K(4928K)->4614K(4928K)
[2026-07-01T01:36:41.707+0000][7.493s][info][gc          ] GC(26) Pause Young (Normal) (G1 Evacuation Pause) 29M->25M(40M) 17.347ms
[2026-07-01T01:36:41.707+0000][7.493s][info][gc,cpu      ] GC(26) User=0.02s Sys=0.00s Real=0.01s
[2026-07-01T01:36:41.766+0000][7.551s][info][gc,start    ] GC(27) Pause Young (Normal) (G1 Evacuation Pause)
[2026-07-01T01:36:41.766+0000][7.551s][info][gc,task     ] GC(27) Using 1 workers of 1 for evacuation
[2026-07-01T01:36:41.780+0000][7.566s][info][gc,phases   ] GC(27)   Pre Evacuate Collection Set: 0.07ms
[2026-07-01T01:36:41.780+0000][7.566s][info][gc,phases   ] GC(27)   Merge Heap Roots: 0.12ms
[2026-07-01T01:36:41.780+0000][7.566s][info][gc,phases   ] GC(27)   Evacuate Collection Set: 13.08ms
[2026-07-01T01:36:41.780+0000][7.566s][info][gc,phases   ] GC(27)   Post Evacuate Collection Set: 0.80ms
[2026-07-01T01:36:41.780+0000][7.566s][info][gc,phases   ] GC(27)   Other: 0.04ms
[2026-07-01T01:36:41.780+0000][7.566s][info][gc,heap     ] GC(27) Eden regions: 6->0(43)
[2026-07-01T01:36:41.780+0000][7.566s][info][gc,heap     ] GC(27) Survivor regions: 2->1(1)
[2026-07-01T01:36:41.780+0000][7.566s][info][gc,heap     ] GC(27) Old regions: 24->30
[2026-07-01T01:36:41.780+0000][7.566s][info][gc,heap     ] GC(27) Humongous regions: 0->0
[2026-07-01T01:36:41.780+0000][7.566s][info][gc,metaspace] GC(27) Metaspace: 35400K(36096K)->35400K(36096K) NonClass: 30786K(31168K)->30786K(31168K) Class: 4614K(4928K)->4614K(4928K)
[2026-07-01T01:36:41.780+0000][7.566s][info][gc          ] GC(27) Pause Young (Normal) (G1 Evacuation Pause) 31M->30M(92M) 14.237ms
[2026-07-01T01:36:41.780+0000][7.566s][info][gc,cpu      ] GC(27) User=0.01s Sys=0.00s Real=0.02s
[2026-07-01T01:36:41.781+0000][7.567s][info][gc,marking  ] GC(25) Concurrent Rebuild Remembered Sets and Scrub Regions 102.665ms
[2026-07-01T01:36:41.781+0000][7.567s][info][gc,start    ] GC(25) Pause Cleanup
[2026-07-01T01:36:41.781+0000][7.567s][info][gc          ] GC(25) Pause Cleanup 31M->31M(92M) 0.112ms
[2026-07-01T01:36:41.781+0000][7.567s][info][gc,cpu      ] GC(25) User=0.00s Sys=0.00s Real=0.00s
[2026-07-01T01:36:41.782+0000][7.568s][info][gc,marking  ] GC(25) Concurrent Clear Claimed Marks
[2026-07-01T01:36:41.782+0000][7.568s][info][gc,marking  ] GC(25) Concurrent Clear Claimed Marks 0.076ms
[2026-07-01T01:36:41.782+0000][7.568s][info][gc,marking  ] GC(25) Concurrent Cleanup for Next Mark
[2026-07-01T01:36:41.783+0000][7.568s][info][gc,marking  ] GC(25) Concurrent Cleanup for Next Mark 0.603ms
[2026-07-01T01:36:41.783+0000][7.568s][info][gc          ] GC(25) Concurrent Mark Cycle 281.651ms
[2026-07-01T01:36:41.871+0000][7.657s][info][gc,start    ] GC(28) Pause Young (Prepare Mixed) (G1 Evacuation Pause)
[2026-07-01T01:36:41.871+0000][7.657s][info][gc,task     ] GC(28) Using 1 workers of 1 for evacuation
[2026-07-01T01:36:41.920+0000][7.706s][info][gc,phases   ] GC(28)   Pre Evacuate Collection Set: 0.11ms
[2026-07-01T01:36:41.920+0000][7.706s][info][gc,phases   ] GC(28)   Merge Heap Roots: 0.07ms
[2026-07-01T01:36:41.920+0000][7.706s][info][gc,phases   ] GC(28)   Evacuate Collection Set: 48.44ms
[2026-07-01T01:36:41.920+0000][7.706s][info][gc,phases   ] GC(28)   Post Evacuate Collection Set: 0.39ms
[2026-07-01T01:36:41.920+0000][7.706s][info][gc,phases   ] GC(28)   Other: 0.05ms
[2026-07-01T01:36:41.920+0000][7.706s][info][gc,heap     ] GC(28) Eden regions: 43->0(16)
[2026-07-01T01:36:41.920+0000][7.706s][info][gc,heap     ] GC(28) Survivor regions: 1->6(6)
[2026-07-01T01:36:41.920+0000][7.706s][info][gc,heap     ] GC(28) Old regions: 30->60
[2026-07-01T01:36:41.920+0000][7.706s][info][gc,heap     ] GC(28) Humongous regions: 3->3
[2026-07-01T01:36:41.920+0000][7.706s][info][gc,metaspace] GC(28) Metaspace: 35402K(36160K)->35402K(36160K) NonClass: 30788K(31232K)->30788K(31232K) Class: 4614K(4928K)->4614K(4928K)
[2026-07-01T01:36:41.920+0000][7.706s][info][gc          ] GC(28) Pause Young (Prepare Mixed) (G1 Evacuation Pause) 76M->68M(113M) 49.208ms
[2026-07-01T01:36:41.920+0000][7.706s][info][gc,cpu      ] GC(28) User=0.04s Sys=0.00s Real=0.05s
[2026-07-01T01:36:41.930+0000][7.716s][info][gc,start    ] GC(29) Pause Young (Mixed) (G1 Evacuation Pause)
[2026-07-01T01:36:41.930+0000][7.716s][info][gc,task     ] GC(29) Using 1 workers of 1 for evacuation
[2026-07-01T01:36:41.954+0000][7.740s][info][gc,phases   ] GC(29)   Pre Evacuate Collection Set: 0.09ms
[2026-07-01T01:36:41.954+0000][7.740s][info][gc,phases   ] GC(29)   Merge Heap Roots: 0.06ms
[2026-07-01T01:36:41.954+0000][7.740s][info][gc,phases   ] GC(29)   Evacuate Collection Set: 22.94ms
[2026-07-01T01:36:41.954+0000][7.740s][info][gc,phases   ] GC(29)   Post Evacuate Collection Set: 0.36ms
[2026-07-01T01:36:41.954+0000][7.740s][info][gc,phases   ] GC(29)   Other: 0.06ms
[2026-07-01T01:36:41.954+0000][7.740s][info][gc,heap     ] GC(29) Eden regions: 16->0(11)
[2026-07-01T01:36:41.954+0000][7.740s][info][gc,heap     ] GC(29) Survivor regions: 6->3(3)
[2026-07-01T01:36:41.954+0000][7.740s][info][gc,heap     ] GC(29) Old regions: 60->75
[2026-07-01T01:36:41.954+0000][7.740s][info][gc,heap     ] GC(29) Humongous regions: 3->3
[2026-07-01T01:36:41.954+0000][7.740s][info][gc,metaspace] GC(29) Metaspace: 35402K(36160K)->35402K(36160K) NonClass: 30788K(31232K)->30788K(31232K) Class: 4614K(4928K)->4614K(4928K)
[2026-07-01T01:36:41.954+0000][7.740s][info][gc          ] GC(29) Pause Young (Mixed) (G1 Evacuation Pause) 84M->81M(113M) 23.656ms
[2026-07-01T01:36:41.954+0000][7.740s][info][gc,cpu      ] GC(29) User=0.02s Sys=0.01s Real=0.02s
[2026-07-01T01:36:41.970+0000][7.756s][info][gc,start    ] GC(30) Pause Young (Concurrent Start) (G1 Evacuation Pause)
[2026-07-01T01:36:41.970+0000][7.756s][info][gc,task     ] GC(30) Using 1 workers of 1 for evacuation
[2026-07-01T01:36:41.984+0000][7.770s][info][gc,phases   ] GC(30)   Pre Evacuate Collection Set: 0.59ms
[2026-07-01T01:36:41.984+0000][7.770s][info][gc,phases   ] GC(30)   Merge Heap Roots: 0.03ms
[2026-07-01T01:36:41.984+0000][7.770s][info][gc,phases   ] GC(30)   Evacuate Collection Set: 12.29ms
[2026-07-01T01:36:41.984+0000][7.770s][info][gc,phases   ] GC(30)   Post Evacuate Collection Set: 0.53ms
[2026-07-01T01:36:41.984+0000][7.770s][info][gc,phases   ] GC(30)   Other: 0.08ms
[2026-07-01T01:36:41.984+0000][7.770s][info][gc,heap     ] GC(30) Eden regions: 11->0(7)
[2026-07-01T01:36:41.984+0000][7.770s][info][gc,heap     ] GC(30) Survivor regions: 3->2(2)
[2026-07-01T01:36:41.984+0000][7.770s][info][gc,heap     ] GC(30) Old regions: 75->85
[2026-07-01T01:36:41.984+0000][7.770s][info][gc,heap     ] GC(30) Humongous regions: 3->3
[2026-07-01T01:36:41.984+0000][7.770s][info][gc,metaspace] GC(30) Metaspace: 35402K(36160K)->35402K(36160K) NonClass: 30788K(31232K)->30788K(31232K) Class: 4614K(4928K)->4614K(4928K)
[2026-07-01T01:36:41.984+0000][7.770s][info][gc          ] GC(30) Pause Young (Concurrent Start) (G1 Evacuation Pause) 92M->90M(113M) 13.679ms
[2026-07-01T01:36:41.984+0000][7.770s][info][gc,cpu      ] GC(30) User=0.01s Sys=0.00s Real=0.01s
[2026-07-01T01:36:41.984+0000][7.770s][info][gc          ] GC(31) Concurrent Mark Cycle
[2026-07-01T01:36:41.984+0000][7.770s][info][gc,marking  ] GC(31) Concurrent Scan Root Regions
[2026-07-01T01:36:41.992+0000][7.778s][info][gc,start    ] GC(32) Pause Young (Normal) (G1 Evacuation Pause)
[2026-07-01T01:36:41.992+0000][7.778s][info][gc,task     ] GC(32) Using 1 workers of 1 for evacuation
[2026-07-01T01:36:41.992+0000][7.778s][info][gc,marking  ] GC(31) Concurrent Scan Root Regions 8.202ms
[2026-07-01T01:36:41.992+0000][7.778s][info][gc,marking  ] GC(31) Concurrent Mark
[2026-07-01T01:36:41.992+0000][7.778s][info][gc,marking  ] GC(31) Concurrent Mark From Roots
[2026-07-01T01:36:41.992+0000][7.778s][info][gc,task     ] GC(31) Using 1 workers of 1 for marking
[2026-07-01T01:36:42.003+0000][7.789s][info][gc,phases   ] GC(32)   Pre Evacuate Collection Set: 0.09ms
[2026-07-01T01:36:42.003+0000][7.789s][info][gc,phases   ] GC(32)   Merge Heap Roots: 0.03ms
[2026-07-01T01:36:42.003+0000][7.789s][info][gc,phases   ] GC(32)   Evacuate Collection Set: 8.57ms
[2026-07-01T01:36:42.003+0000][7.789s][info][gc,phases   ] GC(32)   Post Evacuate Collection Set: 2.01ms
[2026-07-01T01:36:42.003+0000][7.789s][info][gc,phases   ] GC(32)   Other: 0.05ms
[2026-07-01T01:36:42.003+0000][7.789s][info][gc,heap     ] GC(32) Eden regions: 7->0(77)
[2026-07-01T01:36:42.003+0000][7.789s][info][gc,heap     ] GC(32) Survivor regions: 2->2(2)
[2026-07-01T01:36:42.003+0000][7.789s][info][gc,heap     ] GC(32) Old regions: 85->91
[2026-07-01T01:36:42.003+0000][7.789s][info][gc,heap     ] GC(32) Humongous regions: 3->3
[2026-07-01T01:36:42.003+0000][7.789s][info][gc,metaspace] GC(32) Metaspace: 35406K(36160K)->35406K(36160K) NonClass: 30792K(31232K)->30792K(31232K) Class: 4614K(4928K)->4614K(4928K)
[2026-07-01T01:36:42.003+0000][7.789s][info][gc          ] GC(32) Pause Young (Normal) (G1 Evacuation Pause) 97M->96M(339M) 11.137ms
[2026-07-01T01:36:42.003+0000][7.789s][info][gc,cpu      ] GC(32) User=0.01s Sys=0.00s Real=0.01s
[2026-07-01T01:36:42.177+0000][7.962s][info][gc,marking  ] GC(31) Concurrent Mark From Roots 184.562ms
[2026-07-01T01:36:42.177+0000][7.963s][info][gc,marking  ] GC(31) Concurrent Preclean
[2026-07-01T01:36:42.177+0000][7.963s][info][gc,marking  ] GC(31) Concurrent Preclean 0.053ms
[2026-07-01T01:36:42.177+0000][7.963s][info][gc,start    ] GC(31) Pause Remark
[2026-07-01T01:36:42.185+0000][7.971s][info][gc,heap     ] GC(31) Heap shrink completed: uncommitted 143 regions (143MB), heap size now 196MB
[2026-07-01T01:36:42.185+0000][7.971s][info][gc          ] GC(31) Pause Remark 159M->158M(196M) 8.093ms
[2026-07-01T01:36:42.185+0000][7.971s][info][gc,cpu      ] GC(31) User=0.01s Sys=0.00s Real=0.01s
[2026-07-01T01:36:42.185+0000][7.971s][info][gc,marking  ] GC(31) Concurrent Mark 193.157ms
[2026-07-01T01:36:42.185+0000][7.971s][info][gc,marking  ] GC(31) Concurrent Rebuild Remembered Sets and Scrub Regions
[2026-07-01T01:36:42.272+0000][8.058s][info][gc,marking  ] GC(31) Concurrent Rebuild Remembered Sets and Scrub Regions 87.104ms
[2026-07-01T01:36:42.272+0000][8.058s][info][gc,start    ] GC(31) Pause Cleanup
[2026-07-01T01:36:42.273+0000][8.058s][info][gc          ] GC(31) Pause Cleanup 159M->159M(196M) 0.149ms
[2026-07-01T01:36:42.273+0000][8.058s][info][gc,cpu      ] GC(31) User=0.00s Sys=0.00s Real=0.00s
[2026-07-01T01:36:42.274+0000][8.059s][info][gc,marking  ] GC(31) Concurrent Clear Claimed Marks
[2026-07-01T01:36:42.274+0000][8.059s][info][gc,marking  ] GC(31) Concurrent Clear Claimed Marks 0.074ms
[2026-07-01T01:36:42.274+0000][8.059s][info][gc,marking  ] GC(31) Concurrent Cleanup for Next Mark
[2026-07-01T01:36:42.275+0000][8.061s][info][gc,marking  ] GC(31) Concurrent Cleanup for Next Mark 1.451ms
[2026-07-01T01:36:42.275+0000][8.061s][info][gc          ] GC(31) Concurrent Mark Cycle 291.281ms
[2026-07-01T01:36:42.573+0000][8.359s][info][gc,start    ] GC(33) Pause Young (Prepare Mixed) (G1 Evacuation Pause)
[2026-07-01T01:36:42.573+0000][8.359s][info][gc,task     ] GC(33) Using 1 workers of 1 for evacuation
[2026-07-01T01:36:42.666+0000][8.452s][info][gc,phases   ] GC(33)   Pre Evacuate Collection Set: 0.12ms
[2026-07-01T01:36:42.666+0000][8.452s][info][gc,phases   ] GC(33)   Merge Heap Roots: 0.11ms
[2026-07-01T01:36:42.666+0000][8.452s][info][gc,phases   ] GC(33)   Evacuate Collection Set: 92.29ms
[2026-07-01T01:36:42.666+0000][8.452s][info][gc,phases   ] GC(33)   Post Evacuate Collection Set: 0.56ms
[2026-07-01T01:36:42.666+0000][8.452s][info][gc,phases   ] GC(33)   Other: 0.07ms
[2026-07-01T01:36:42.666+0000][8.452s][info][gc,heap     ] GC(33) Eden regions: 77->0(27)
[2026-07-01T01:36:42.666+0000][8.452s][info][gc,heap     ] GC(33) Survivor regions: 2->10(10)
[2026-07-01T01:36:42.666+0000][8.452s][info][gc,heap     ] GC(33) Old regions: 91->135
[2026-07-01T01:36:42.666+0000][8.452s][info][gc,heap     ] GC(33) Humongous regions: 5->5
[2026-07-01T01:36:42.666+0000][8.452s][info][gc,metaspace] GC(33) Metaspace: 38121K(38912K)->38121K(38912K) NonClass: 33136K(33536K)->33136K(33536K) Class: 4985K(5376K)->4985K(5376K)
[2026-07-01T01:36:42.666+0000][8.452s][info][gc          ] GC(33) Pause Young (Prepare Mixed) (G1 Evacuation Pause) 175M->150M(229M) 93.316ms
[2026-07-01T01:36:42.666+0000][8.452s][info][gc,cpu      ] GC(33) User=0.06s Sys=0.01s Real=0.09s
[2026-07-01T01:36:43.565+0000][9.351s][info][gc,start    ] GC(34) Pause Young (Mixed) (G1 Evacuation Pause)
[2026-07-01T01:36:43.565+0000][9.351s][info][gc,task     ] GC(34) Using 1 workers of 1 for evacuation
[2026-07-01T01:36:43.590+0000][9.375s][info][gc,phases   ] GC(34)   Pre Evacuate Collection Set: 0.22ms
[2026-07-01T01:36:43.590+0000][9.376s][info][gc,phases   ] GC(34)   Merge Heap Roots: 0.11ms
[2026-07-01T01:36:43.590+0000][9.376s][info][gc,phases   ] GC(34)   Evacuate Collection Set: 23.30ms
[2026-07-01T01:36:43.590+0000][9.376s][info][gc,phases   ] GC(34)   Post Evacuate Collection Set: 0.84ms
[2026-07-01T01:36:43.590+0000][9.376s][info][gc,phases   ] GC(34)   Other: 0.05ms
[2026-07-01T01:36:43.590+0000][9.376s][info][gc,heap     ] GC(34) Eden regions: 27->0(26)
[2026-07-01T01:36:43.590+0000][9.376s][info][gc,heap     ] GC(34) Survivor regions: 10->5(5)
[2026-07-01T01:36:43.590+0000][9.376s][info][gc,heap     ] GC(34) Old regions: 135->150
[2026-07-01T01:36:43.590+0000][9.376s][info][gc,heap     ] GC(34) Humongous regions: 5->5
[2026-07-01T01:36:43.590+0000][9.376s][info][gc,metaspace] GC(34) Metaspace: 39182K(40000K)->39182K(40000K) NonClass: 34061K(34496K)->34061K(34496K) Class: 5120K(5504K)->5120K(5504K)
[2026-07-01T01:36:43.590+0000][9.376s][info][gc          ] GC(34) Pause Young (Mixed) (G1 Evacuation Pause) 177M->159M(229M) 24.693ms
[2026-07-01T01:36:43.590+0000][9.376s][info][gc,cpu      ] GC(34) User=0.04s Sys=0.00s Real=0.03s
[2026-07-01T01:36:45.472+0000][11.258s][info][gc,start    ] GC(35) Pause Young (Concurrent Start) (G1 Evacuation Pause)
[2026-07-01T01:36:45.472+0000][11.258s][info][gc,task     ] GC(35) Using 1 workers of 1 for evacuation
[2026-07-01T01:36:45.480+0000][11.266s][info][gc,phases   ] GC(35)   Pre Evacuate Collection Set: 0.17ms
[2026-07-01T01:36:45.480+0000][11.266s][info][gc,phases   ] GC(35)   Merge Heap Roots: 0.08ms
[2026-07-01T01:36:45.480+0000][11.266s][info][gc,phases   ] GC(35)   Evacuate Collection Set: 6.83ms
[2026-07-01T01:36:45.480+0000][11.266s][info][gc,phases   ] GC(35)   Post Evacuate Collection Set: 0.38ms
[2026-07-01T01:36:45.480+0000][11.266s][info][gc,phases   ] GC(35)   Other: 0.08ms
[2026-07-01T01:36:45.480+0000][11.266s][info][gc,heap     ] GC(35) Eden regions: 26->0(29)
[2026-07-01T01:36:45.480+0000][11.266s][info][gc,heap     ] GC(35) Survivor regions: 5->1(4)
[2026-07-01T01:36:45.480+0000][11.266s][info][gc,heap     ] GC(35) Old regions: 150->155
[2026-07-01T01:36:45.480+0000][11.266s][info][gc,heap     ] GC(35) Humongous regions: 5->5
[2026-07-01T01:36:45.480+0000][11.266s][info][gc,metaspace] GC(35) Metaspace: 39667K(40512K)->39667K(40512K) NonClass: 34542K(35008K)->34542K(35008K) Class: 5124K(5504K)->5124K(5504K)
[2026-07-01T01:36:45.480+0000][11.266s][info][gc          ] GC(35) Pause Young (Concurrent Start) (G1 Evacuation Pause) 185M->160M(229M) 7.672ms
[2026-07-01T01:36:45.480+0000][11.266s][info][gc,cpu      ] GC(35) User=0.01s Sys=0.00s Real=0.01s
[2026-07-01T01:36:45.499+0000][11.284s][info][gc          ] GC(36) Concurrent Mark Cycle
[2026-07-01T01:36:45.499+0000][11.285s][info][gc,marking  ] GC(36) Concurrent Scan Root Regions
[2026-07-01T01:36:45.567+0000][11.353s][info][gc,marking  ] GC(36) Concurrent Scan Root Regions 68.365ms
[2026-07-01T01:36:45.567+0000][11.353s][info][gc,marking  ] GC(36) Concurrent Mark
[2026-07-01T01:36:45.567+0000][11.353s][info][gc,marking  ] GC(36) Concurrent Mark From Roots
[2026-07-01T01:36:45.567+0000][11.353s][info][gc,task     ] GC(36) Using 1 workers of 1 for marking
[2026-07-01T01:36:47.391+0000][13.177s][info][gc,start    ] GC(37) Pause Young (Normal) (G1 Evacuation Pause)
[2026-07-01T01:36:47.391+0000][13.177s][info][gc,task     ] GC(37) Using 1 workers of 1 for evacuation
[2026-07-01T01:36:47.396+0000][13.182s][info][gc,phases   ] GC(37)   Pre Evacuate Collection Set: 0.17ms
[2026-07-01T01:36:47.396+0000][13.182s][info][gc,phases   ] GC(37)   Merge Heap Roots: 0.78ms
[2026-07-01T01:36:47.396+0000][13.182s][info][gc,phases   ] GC(37)   Evacuate Collection Set: 3.71ms
[2026-07-01T01:36:47.396+0000][13.182s][info][gc,phases   ] GC(37)   Post Evacuate Collection Set: 0.41ms
[2026-07-01T01:36:47.396+0000][13.182s][info][gc,phases   ] GC(37)   Other: 0.07ms
[2026-07-01T01:36:47.396+0000][13.182s][info][gc,heap     ] GC(37) Eden regions: 29->0(32)
[2026-07-01T01:36:47.396+0000][13.182s][info][gc,heap     ] GC(37) Survivor regions: 1->1(4)
[2026-07-01T01:36:47.396+0000][13.182s][info][gc,heap     ] GC(37) Old regions: 155->155
[2026-07-01T01:36:47.396+0000][13.182s][info][gc,heap     ] GC(37) Humongous regions: 5->5
[2026-07-01T01:36:47.396+0000][13.182s][info][gc,metaspace] GC(37) Metaspace: 40321K(41152K)->40321K(41152K) NonClass: 35195K(35648K)->35195K(35648K) Class: 5125K(5504K)->5125K(5504K)
[2026-07-01T01:36:47.396+0000][13.182s][info][gc          ] GC(37) Pause Young (Normal) (G1 Evacuation Pause) 189M->160M(229M) 5.267ms
[2026-07-01T01:36:47.396+0000][13.182s][info][gc,cpu      ] GC(37) User=0.00s Sys=0.00s Real=0.00s
[2026-07-01T01:36:49.473+0000][15.258s][info][gc,start    ] GC(38) Pause Young (Normal) (G1 Evacuation Pause)
[2026-07-01T01:36:49.473+0000][15.258s][info][gc,task     ] GC(38) Using 1 workers of 1 for evacuation
[2026-07-01T01:36:49.479+0000][15.264s][info][gc,phases   ] GC(38)   Pre Evacuate Collection Set: 0.13ms
[2026-07-01T01:36:49.479+0000][15.264s][info][gc,phases   ] GC(38)   Merge Heap Roots: 0.10ms
[2026-07-01T01:36:49.479+0000][15.264s][info][gc,phases   ] GC(38)   Evacuate Collection Set: 5.33ms
[2026-07-01T01:36:49.479+0000][15.264s][info][gc,phases   ] GC(38)   Post Evacuate Collection Set: 0.40ms
[2026-07-01T01:36:49.479+0000][15.264s][info][gc,phases   ] GC(38)   Other: 0.04ms
[2026-07-01T01:36:49.479+0000][15.264s][info][gc,heap     ] GC(38) Eden regions: 32->0(34)
[2026-07-01T01:36:49.479+0000][15.264s][info][gc,heap     ] GC(38) Survivor regions: 1->1(5)
[2026-07-01T01:36:49.479+0000][15.264s][info][gc,heap     ] GC(38) Old regions: 155->155
[2026-07-01T01:36:49.479+0000][15.264s][info][gc,heap     ] GC(38) Humongous regions: 5->5
[2026-07-01T01:36:49.479+0000][15.264s][info][gc,metaspace] GC(38) Metaspace: 40496K(41344K)->40496K(41344K) NonClass: 35371K(35840K)->35371K(35840K) Class: 5125K(5504K)->5125K(5504K)
[2026-07-01T01:36:49.479+0000][15.265s][info][gc          ] GC(38) Pause Young (Normal) (G1 Evacuation Pause) 192M->160M(229M) 6.125ms
[2026-07-01T01:36:49.479+0000][15.265s][info][gc,cpu      ] GC(38) User=0.01s Sys=0.00s Real=0.01s
[2026-07-01T01:36:51.479+0000][17.265s][info][gc,start    ] GC(39) Pause Young (Normal) (G1 Evacuation Pause)
[2026-07-01T01:36:51.479+0000][17.265s][info][gc,task     ] GC(39) Using 1 workers of 1 for evacuation
[2026-07-01T01:36:51.485+0000][17.271s][info][gc,phases   ] GC(39)   Pre Evacuate Collection Set: 0.32ms
[2026-07-01T01:36:51.485+0000][17.271s][info][gc,phases   ] GC(39)   Merge Heap Roots: 0.14ms
[2026-07-01T01:36:51.485+0000][17.271s][info][gc,phases   ] GC(39)   Evacuate Collection Set: 4.58ms
[2026-07-01T01:36:51.485+0000][17.271s][info][gc,phases   ] GC(39)   Post Evacuate Collection Set: 0.51ms
[2026-07-01T01:36:51.485+0000][17.271s][info][gc,phases   ] GC(39)   Other: 0.06ms
[2026-07-01T01:36:51.485+0000][17.271s][info][gc,heap     ] GC(39) Eden regions: 34->0(37)
[2026-07-01T01:36:51.485+0000][17.271s][info][gc,heap     ] GC(39) Survivor regions: 1->1(5)
[2026-07-01T01:36:51.485+0000][17.271s][info][gc,heap     ] GC(39) Old regions: 155->155
[2026-07-01T01:36:51.485+0000][17.271s][info][gc,heap     ] GC(39) Humongous regions: 5->5
[2026-07-01T01:36:51.485+0000][17.271s][info][gc,metaspace] GC(39) Metaspace: 40638K(41536K)->40638K(41536K) NonClass: 35511K(36032K)->35511K(36032K) Class: 5126K(5504K)->5126K(5504K)
[2026-07-01T01:36:51.485+0000][17.271s][info][gc          ] GC(39) Pause Young (Normal) (G1 Evacuation Pause) 194M->160M(229M) 5.777ms
[2026-07-01T01:36:51.485+0000][17.271s][info][gc,cpu      ] GC(39) User=0.02s Sys=0.00s Real=0.00s
[2026-07-01T01:36:52.066+0000][17.852s][info][gc,marking  ] GC(36) Concurrent Mark From Roots 6499.184ms
[2026-07-01T01:36:52.066+0000][17.852s][info][gc,marking  ] GC(36) Concurrent Preclean
[2026-07-01T01:36:52.066+0000][17.852s][info][gc,marking  ] GC(36) Concurrent Preclean 0.104ms
[2026-07-01T01:36:52.069+0000][17.855s][info][gc,start    ] GC(36) Pause Remark
[2026-07-01T01:36:52.082+0000][17.868s][info][gc          ] GC(36) Pause Remark 171M->169M(229M) 13.159ms
[2026-07-01T01:36:52.082+0000][17.868s][info][gc,cpu      ] GC(36) User=0.03s Sys=0.00s Real=0.01s
[2026-07-01T01:36:52.093+0000][17.879s][info][gc,marking  ] GC(36) Concurrent Mark 6526.343ms
[2026-07-01T01:36:52.093+0000][17.879s][info][gc,marking  ] GC(36) Concurrent Rebuild Remembered Sets and Scrub Regions
[2026-07-01T01:36:53.379+0000][19.165s][info][gc,start    ] GC(40) Pause Young (Normal) (G1 Evacuation Pause)
[2026-07-01T01:36:53.380+0000][19.165s][info][gc,task     ] GC(40) Using 1 workers of 1 for evacuation
[2026-07-01T01:36:53.387+0000][19.172s][info][gc,phases   ] GC(40)   Pre Evacuate Collection Set: 0.16ms
[2026-07-01T01:36:53.387+0000][19.172s][info][gc,phases   ] GC(40)   Merge Heap Roots: 0.15ms
[2026-07-01T01:36:53.387+0000][19.172s][info][gc,phases   ] GC(40)   Evacuate Collection Set: 6.24ms
[2026-07-01T01:36:53.387+0000][19.172s][info][gc,phases   ] GC(40)   Post Evacuate Collection Set: 0.41ms
[2026-07-01T01:36:53.387+0000][19.172s][info][gc,phases   ] GC(40)   Other: 0.05ms
[2026-07-01T01:36:53.387+0000][19.172s][info][gc,heap     ] GC(40) Eden regions: 37->0(39)
[2026-07-01T01:36:53.387+0000][19.172s][info][gc,heap     ] GC(40) Survivor regions: 1->2(5)
[2026-07-01T01:36:53.387+0000][19.172s][info][gc,heap     ] GC(40) Old regions: 155->155
[2026-07-01T01:36:53.387+0000][19.172s][info][gc,heap     ] GC(40) Humongous regions: 3->3
[2026-07-01T01:36:53.387+0000][19.172s][info][gc,metaspace] GC(40) Metaspace: 40781K(41664K)->40781K(41664K) NonClass: 35663K(36160K)->35663K(36160K) Class: 5117K(5504K)->5117K(5504K)
[2026-07-01T01:36:53.387+0000][19.172s][info][gc          ] GC(40) Pause Young (Normal) (G1 Evacuation Pause) 195M->158M(229M) 7.126ms
[2026-07-01T01:36:53.387+0000][19.172s][info][gc,cpu      ] GC(40) User=0.01s Sys=0.00s Real=0.00s
[2026-07-01T01:36:55.170+0000][20.956s][info][gc,start    ] GC(41) Pause Young (Normal) (G1 Evacuation Pause)
[2026-07-01T01:36:55.170+0000][20.956s][info][gc,task     ] GC(41) Using 1 workers of 1 for evacuation
[2026-07-01T01:36:55.178+0000][20.964s][info][gc,phases   ] GC(41)   Pre Evacuate Collection Set: 0.15ms
[2026-07-01T01:36:55.178+0000][20.964s][info][gc,phases   ] GC(41)   Merge Heap Roots: 0.19ms
[2026-07-01T01:36:55.178+0000][20.964s][info][gc,phases   ] GC(41)   Evacuate Collection Set: 6.66ms
[2026-07-01T01:36:55.178+0000][20.964s][info][gc,phases   ] GC(41)   Post Evacuate Collection Set: 0.54ms
[2026-07-01T01:36:55.178+0000][20.964s][info][gc,phases   ] GC(41)   Other: 0.04ms
[2026-07-01T01:36:55.178+0000][20.964s][info][gc,heap     ] GC(41) Eden regions: 39->0(41)
[2026-07-01T01:36:55.178+0000][20.964s][info][gc,heap     ] GC(41) Survivor regions: 2->2(6)
[2026-07-01T01:36:55.178+0000][20.964s][info][gc,heap     ] GC(41) Old regions: 155->155
[2026-07-01T01:36:55.178+0000][20.964s][info][gc,heap     ] GC(41) Humongous regions: 3->3
[2026-07-01T01:36:55.178+0000][20.964s][info][gc,metaspace] GC(41) Metaspace: 40826K(41664K)->40826K(41664K) NonClass: 35708K(36160K)->35708K(36160K) Class: 5118K(5504K)->5118K(5504K)
[2026-07-01T01:36:55.178+0000][20.964s][info][gc          ] GC(41) Pause Young (Normal) (G1 Evacuation Pause) 197M->158M(229M) 7.728ms
[2026-07-01T01:36:55.178+0000][20.964s][info][gc,cpu      ] GC(41) User=0.00s Sys=0.00s Real=0.00s
[2026-07-01T01:36:56.289+0000][22.075s][info][gc,marking  ] GC(36) Concurrent Rebuild Remembered Sets and Scrub Regions 4195.611ms
[2026-07-01T01:36:56.290+0000][22.076s][info][gc,start    ] GC(36) Pause Cleanup
[2026-07-01T01:36:56.290+0000][22.076s][info][gc          ] GC(36) Pause Cleanup 185M->185M(229M) 0.420ms
[2026-07-01T01:36:56.290+0000][22.076s][info][gc,cpu      ] GC(36) User=0.00s Sys=0.00s Real=0.00s
[2026-07-01T01:36:56.294+0000][22.080s][info][gc,marking  ] GC(36) Concurrent Clear Claimed Marks
[2026-07-01T01:36:56.294+0000][22.080s][info][gc,marking  ] GC(36) Concurrent Clear Claimed Marks 0.262ms
[2026-07-01T01:36:56.294+0000][22.080s][info][gc,marking  ] GC(36) Concurrent Cleanup for Next Mark
[2026-07-01T01:36:56.295+0000][22.081s][info][gc,marking  ] GC(36) Concurrent Cleanup for Next Mark 0.776ms
[2026-07-01T01:36:56.295+0000][22.081s][info][gc          ] GC(36) Concurrent Mark Cycle 10796.641ms
[2026-07-01T01:36:56.971+0000][22.756s][info][gc,start    ] GC(42) Pause Young (Prepare Mixed) (G1 Evacuation Pause)
[2026-07-01T01:36:56.971+0000][22.756s][info][gc,task     ] GC(42) Using 1 workers of 1 for evacuation
[2026-07-01T01:36:56.979+0000][22.765s][info][gc,phases   ] GC(42)   Pre Evacuate Collection Set: 0.14ms
[2026-07-01T01:36:56.979+0000][22.765s][info][gc,phases   ] GC(42)   Merge Heap Roots: 0.17ms
[2026-07-01T01:36:56.979+0000][22.765s][info][gc,phases   ] GC(42)   Evacuate Collection Set: 7.71ms
[2026-07-01T01:36:56.979+0000][22.765s][info][gc,phases   ] GC(42)   Post Evacuate Collection Set: 0.57ms
[2026-07-01T01:36:56.979+0000][22.765s][info][gc,phases   ] GC(42)   Other: 0.05ms
[2026-07-01T01:36:56.979+0000][22.765s][info][gc,heap     ] GC(42) Eden regions: 41->0(43)
[2026-07-01T01:36:56.979+0000][22.765s][info][gc,heap     ] GC(42) Survivor regions: 2->3(6)
[2026-07-01T01:36:56.979+0000][22.765s][info][gc,heap     ] GC(42) Old regions: 155->155
[2026-07-01T01:36:56.979+0000][22.765s][info][gc,heap     ] GC(42) Humongous regions: 3->3
[2026-07-01T01:36:56.979+0000][22.765s][info][gc,metaspace] GC(42) Metaspace: 40933K(41728K)->40933K(41728K) NonClass: 35814K(36224K)->35814K(36224K) Class: 5119K(5504K)->5119K(5504K)
[2026-07-01T01:36:56.979+0000][22.765s][info][gc          ] GC(42) Pause Young (Prepare Mixed) (G1 Evacuation Pause) 199M->160M(229M) 8.784ms
[2026-07-01T01:36:56.979+0000][22.765s][info][gc,cpu      ] GC(42) User=0.02s Sys=0.00s Real=0.01s
[2026-07-01T01:36:58.667+0000][24.453s][info][gc,start    ] GC(43) Pause Young (Mixed) (G1 Evacuation Pause)
[2026-07-01T01:36:58.667+0000][24.453s][info][gc,task     ] GC(43) Using 1 workers of 1 for evacuation
[2026-07-01T01:36:58.678+0000][24.464s][info][gc,phases   ] GC(43)   Pre Evacuate Collection Set: 0.40ms
[2026-07-01T01:36:58.678+0000][24.464s][info][gc,phases   ] GC(43)   Merge Heap Roots: 0.15ms
[2026-07-01T01:36:58.678+0000][24.464s][info][gc,phases   ] GC(43)   Evacuate Collection Set: 10.01ms
[2026-07-01T01:36:58.678+0000][24.464s][info][gc,phases   ] GC(43)   Post Evacuate Collection Set: 0.53ms
[2026-07-01T01:36:58.678+0000][24.464s][info][gc,phases   ] GC(43)   Other: 0.05ms
[2026-07-01T01:36:58.678+0000][24.464s][info][gc,heap     ] GC(43) Eden regions: 43->0(45)
[2026-07-01T01:36:58.678+0000][24.464s][info][gc,heap     ] GC(43) Survivor regions: 3->4(6)
[2026-07-01T01:36:58.678+0000][24.464s][info][gc,heap     ] GC(43) Old regions: 155->154
[2026-07-01T01:36:58.678+0000][24.464s][info][gc,heap     ] GC(43) Humongous regions: 3->3
[2026-07-01T01:36:58.678+0000][24.464s][info][gc,metaspace] GC(43) Metaspace: 41015K(41856K)->41015K(41856K) NonClass: 35896K(36352K)->35896K(36352K) Class: 5119K(5504K)->5119K(5504K)
[2026-07-01T01:36:58.678+0000][24.464s][info][gc          ] GC(43) Pause Young (Mixed) (G1 Evacuation Pause) 203M->160M(229M) 11.276ms
[2026-07-01T01:36:58.678+0000][24.464s][info][gc,cpu      ] GC(43) User=0.01s Sys=0.00s Real=0.02s
[2026-07-01T01:37:00.268+0000][26.054s][info][gc,start    ] GC(44) Pause Young (Concurrent Start) (G1 Evacuation Pause)
[2026-07-01T01:37:00.268+0000][26.054s][info][gc,task     ] GC(44) Using 1 workers of 1 for evacuation
[2026-07-01T01:37:00.279+0000][26.065s][info][gc,phases   ] GC(44)   Pre Evacuate Collection Set: 0.10ms
[2026-07-01T01:37:00.279+0000][26.065s][info][gc,phases   ] GC(44)   Merge Heap Roots: 0.10ms
[2026-07-01T01:37:00.279+0000][26.065s][info][gc,phases   ] GC(44)   Evacuate Collection Set: 9.46ms
[2026-07-01T01:37:00.279+0000][26.065s][info][gc,phases   ] GC(44)   Post Evacuate Collection Set: 0.57ms
[2026-07-01T01:37:00.279+0000][26.065s][info][gc,phases   ] GC(44)   Other: 0.05ms
[2026-07-01T01:37:00.279+0000][26.065s][info][gc,heap     ] GC(44) Eden regions: 45->0(47)
[2026-07-01T01:37:00.279+0000][26.065s][info][gc,heap     ] GC(44) Survivor regions: 4->4(7)
[2026-07-01T01:37:00.279+0000][26.065s][info][gc,heap     ] GC(44) Old regions: 154->154
[2026-07-01T01:37:00.279+0000][26.065s][info][gc,heap     ] GC(44) Humongous regions: 3->3
[2026-07-01T01:37:00.279+0000][26.065s][info][gc,metaspace] GC(44) Metaspace: 41089K(41920K)->41089K(41920K) NonClass: 35969K(36416K)->35969K(36416K) Class: 5119K(5504K)->5119K(5504K)
[2026-07-01T01:37:00.279+0000][26.065s][info][gc          ] GC(44) Pause Young (Concurrent Start) (G1 Evacuation Pause) 205M->160M(229M) 10.423ms
[2026-07-01T01:37:00.279+0000][26.065s][info][gc          ] GC(45) Concurrent Mark Cycle
[2026-07-01T01:37:00.279+0000][26.065s][info][gc,cpu      ] GC(44) User=0.02s Sys=0.00s Real=0.01s
[2026-07-01T01:37:00.279+0000][26.065s][info][gc,marking  ] GC(45) Concurrent Scan Root Regions
[2026-07-01T01:37:00.297+0000][26.083s][info][gc,marking  ] GC(45) Concurrent Scan Root Regions 17.851ms
[2026-07-01T01:37:00.297+0000][26.083s][info][gc,marking  ] GC(45) Concurrent Mark
[2026-07-01T01:37:00.297+0000][26.083s][info][gc,marking  ] GC(45) Concurrent Mark From Roots
[2026-07-01T01:37:00.297+0000][26.083s][info][gc,task     ] GC(45) Using 1 workers of 1 for marking
[2026-07-01T01:37:01.777+0000][27.563s][info][gc,start    ] GC(46) Pause Young (Normal) (G1 Evacuation Pause)
[2026-07-01T01:37:01.778+0000][27.563s][info][gc,task     ] GC(46) Using 1 workers of 1 for evacuation
[2026-07-01T01:37:01.788+0000][27.574s][info][gc,phases   ] GC(46)   Pre Evacuate Collection Set: 0.35ms
[2026-07-01T01:37:01.788+0000][27.574s][info][gc,phases   ] GC(46)   Merge Heap Roots: 0.17ms
[2026-07-01T01:37:01.788+0000][27.574s][info][gc,phases   ] GC(46)   Evacuate Collection Set: 8.92ms
[2026-07-01T01:37:01.788+0000][27.574s][info][gc,phases   ] GC(46)   Post Evacuate Collection Set: 0.84ms
[2026-07-01T01:37:01.788+0000][27.574s][info][gc,phases   ] GC(46)   Other: 0.06ms
[2026-07-01T01:37:01.788+0000][27.574s][info][gc,heap     ] GC(46) Eden regions: 47->0(49)
[2026-07-01T01:37:01.788+0000][27.574s][info][gc,heap     ] GC(46) Survivor regions: 4->4(7)
[2026-07-01T01:37:01.788+0000][27.574s][info][gc,heap     ] GC(46) Old regions: 154->154
[2026-07-01T01:37:01.788+0000][27.574s][info][gc,heap     ] GC(46) Humongous regions: 3->3
[2026-07-01T01:37:01.788+0000][27.574s][info][gc,metaspace] GC(46) Metaspace: 41135K(41984K)->41135K(41984K) NonClass: 36015K(36480K)->36015K(36480K) Class: 5119K(5504K)->5119K(5504K)
[2026-07-01T01:37:01.788+0000][27.574s][info][gc          ] GC(46) Pause Young (Normal) (G1 Evacuation Pause) 207M->160M(229M) 10.482ms
[2026-07-01T01:37:01.788+0000][27.574s][info][gc,cpu      ] GC(46) User=0.01s Sys=0.00s Real=0.01s
[2026-07-01T01:37:03.297+0000][29.082s][info][gc,start    ] GC(47) Pause Young (Normal) (G1 Evacuation Pause)
[2026-07-01T01:37:03.297+0000][29.082s][info][gc,task     ] GC(47) Using 1 workers of 1 for evacuation
[2026-07-01T01:37:03.374+0000][29.160s][info][gc,phases   ] GC(47)   Pre Evacuate Collection Set: 0.34ms
[2026-07-01T01:37:03.374+0000][29.160s][info][gc,phases   ] GC(47)   Merge Heap Roots: 0.15ms
[2026-07-01T01:37:03.374+0000][29.160s][info][gc,phases   ] GC(47)   Evacuate Collection Set: 75.89ms
[2026-07-01T01:37:03.374+0000][29.160s][info][gc,phases   ] GC(47)   Post Evacuate Collection Set: 0.65ms
[2026-07-01T01:37:03.374+0000][29.160s][info][gc,phases   ] GC(47)   Other: 0.05ms
[2026-07-01T01:37:03.374+0000][29.160s][info][gc,heap     ] GC(47) Eden regions: 49->0(51)
[2026-07-01T01:37:03.374+0000][29.160s][info][gc,heap     ] GC(47) Survivor regions: 4->4(7)
[2026-07-01T01:37:03.374+0000][29.160s][info][gc,heap     ] GC(47) Old regions: 154->154
[2026-07-01T01:37:03.374+0000][29.160s][info][gc,heap     ] GC(47) Humongous regions: 3->3
[2026-07-01T01:37:03.374+0000][29.160s][info][gc,metaspace] GC(47) Metaspace: 41303K(42112K)->41303K(42112K) NonClass: 36182K(36608K)->36182K(36608K) Class: 5120K(5504K)->5120K(5504K)
[2026-07-01T01:37:03.374+0000][29.160s][info][gc          ] GC(47) Pause Young (Normal) (G1 Evacuation Pause) 209M->160M(229M) 77.257ms
[2026-07-01T01:37:03.374+0000][29.160s][info][gc,cpu      ] GC(47) User=0.02s Sys=0.00s Real=0.08s
[2026-07-01T01:37:03.900+0000][29.686s][info][gc,marking  ] GC(45) Concurrent Mark From Roots 3603.080ms
[2026-07-01T01:37:03.900+0000][29.686s][info][gc,marking  ] GC(45) Concurrent Preclean
[2026-07-01T01:37:03.900+0000][29.686s][info][gc,marking  ] GC(45) Concurrent Preclean 0.220ms
[2026-07-01T01:37:03.968+0000][29.754s][info][gc,start    ] GC(45) Pause Remark
[2026-07-01T01:37:03.983+0000][29.769s][info][gc          ] GC(45) Pause Remark 180M->180M(229M) 14.864ms
[2026-07-01T01:37:03.983+0000][29.769s][info][gc,cpu      ] GC(45) User=0.03s Sys=0.00s Real=0.02s
[2026-07-01T01:37:03.986+0000][29.772s][info][gc,marking  ] GC(45) Concurrent Mark 3688.934ms
[2026-07-01T01:37:03.986+0000][29.772s][info][gc,marking  ] GC(45) Concurrent Rebuild Remembered Sets and Scrub Regions
[2026-07-01T01:37:04.768+0000][30.553s][info][gc,start    ] GC(48) Pause Young (Normal) (G1 Evacuation Pause)
[2026-07-01T01:37:04.768+0000][30.554s][info][gc,task     ] GC(48) Using 1 workers of 1 for evacuation
[2026-07-01T01:37:04.779+0000][30.565s][info][gc,phases   ] GC(48)   Pre Evacuate Collection Set: 0.20ms
[2026-07-01T01:37:04.779+0000][30.565s][info][gc,phases   ] GC(48)   Merge Heap Roots: 0.45ms
[2026-07-01T01:37:04.779+0000][30.565s][info][gc,phases   ] GC(48)   Evacuate Collection Set: 9.89ms
[2026-07-01T01:37:04.779+0000][30.565s][info][gc,phases   ] GC(48)   Post Evacuate Collection Set: 0.83ms
[2026-07-01T01:37:04.779+0000][30.565s][info][gc,phases   ] GC(48)   Other: 0.04ms
[2026-07-01T01:37:04.779+0000][30.565s][info][gc,heap     ] GC(48) Eden regions: 51->0(52)
[2026-07-01T01:37:04.779+0000][30.565s][info][gc,heap     ] GC(48) Survivor regions: 4->4(7)
[2026-07-01T01:37:04.779+0000][30.565s][info][gc,heap     ] GC(48) Old regions: 154->154
[2026-07-01T01:37:04.779+0000][30.565s][info][gc,heap     ] GC(48) Humongous regions: 3->3
[2026-07-01T01:37:04.779+0000][30.565s][info][gc,metaspace] GC(48) Metaspace: 41404K(42176K)->41404K(42176K) NonClass: 36283K(36672K)->36283K(36672K) Class: 5120K(5504K)->5120K(5504K)
[2026-07-01T01:37:04.779+0000][30.565s][info][gc          ] GC(48) Pause Young (Normal) (G1 Evacuation Pause) 211M->160M(229M) 11.581ms
[2026-07-01T01:37:04.779+0000][30.565s][info][gc,cpu      ] GC(48) User=0.01s Sys=0.00s Real=0.02s
[2026-07-01T01:37:04.893+0000][30.678s][info][gc,marking  ] GC(45) Concurrent Rebuild Remembered Sets and Scrub Regions 906.883ms
[2026-07-01T01:37:04.900+0000][30.686s][info][gc,start    ] GC(45) Pause Cleanup
[2026-07-01T01:37:04.900+0000][30.686s][info][gc          ] GC(45) Pause Cleanup 169M->169M(229M) 0.171ms
[2026-07-01T01:37:04.900+0000][30.686s][info][gc,cpu      ] GC(45) User=0.00s Sys=0.00s Real=0.00s
[2026-07-01T01:37:04.900+0000][30.686s][info][gc,marking  ] GC(45) Concurrent Clear Claimed Marks
[2026-07-01T01:37:04.901+0000][30.686s][info][gc,marking  ] GC(45) Concurrent Clear Claimed Marks 0.083ms
[2026-07-01T01:37:04.901+0000][30.686s][info][gc,marking  ] GC(45) Concurrent Cleanup for Next Mark
[2026-07-01T01:37:04.903+0000][30.689s][info][gc,marking  ] GC(45) Concurrent Cleanup for Next Mark 2.391ms
[2026-07-01T01:37:04.903+0000][30.689s][info][gc          ] GC(45) Concurrent Mark Cycle 4624.151ms
[2026-07-01T01:37:05.798+0000][31.584s][info][gc,start    ] GC(49) Pause Young (Prepare Mixed) (G1 Evacuation Pause)
[2026-07-01T01:37:05.798+0000][31.584s][info][gc,task     ] GC(49) Using 1 workers of 1 for evacuation
[2026-07-01T01:37:05.865+0000][31.651s][info][gc,phases   ] GC(49)   Pre Evacuate Collection Set: 0.13ms
[2026-07-01T01:37:05.865+0000][31.651s][info][gc,phases   ] GC(49)   Merge Heap Roots: 0.22ms
[2026-07-01T01:37:05.865+0000][31.651s][info][gc,phases   ] GC(49)   Evacuate Collection Set: 65.53ms
[2026-07-01T01:37:05.865+0000][31.651s][info][gc,phases   ] GC(49)   Post Evacuate Collection Set: 0.63ms
[2026-07-01T01:37:05.865+0000][31.651s][info][gc,phases   ] GC(49)   Other: 0.38ms
[2026-07-01T01:37:05.865+0000][31.651s][info][gc,heap     ] GC(49) Eden regions: 52->0(53)
[2026-07-01T01:37:05.865+0000][31.651s][info][gc,heap     ] GC(49) Survivor regions: 4->4(7)
[2026-07-01T01:37:05.865+0000][31.651s][info][gc,heap     ] GC(49) Old regions: 154->154
[2026-07-01T01:37:05.865+0000][31.651s][info][gc,heap     ] GC(49) Humongous regions: 3->3
[2026-07-01T01:37:05.865+0000][31.651s][info][gc,metaspace] GC(49) Metaspace: 41425K(42240K)->41425K(42240K) NonClass: 36304K(36736K)->36304K(36736K) Class: 5120K(5504K)->5120K(5504K)
[2026-07-01T01:37:05.865+0000][31.651s][info][gc          ] GC(49) Pause Young (Prepare Mixed) (G1 Evacuation Pause) 212M->160M(229M) 67.041ms
[2026-07-01T01:37:05.865+0000][31.651s][info][gc,cpu      ] GC(49) User=0.02s Sys=0.00s Real=0.06s
[2026-07-01T01:37:06.805+0000][32.591s][info][gc,start    ] GC(50) Pause Young (Mixed) (G1 Evacuation Pause)
[2026-07-01T01:37:06.805+0000][32.591s][info][gc,task     ] GC(50) Using 1 workers of 1 for evacuation
[2026-07-01T01:37:06.881+0000][32.667s][info][gc,phases   ] GC(50)   Pre Evacuate Collection Set: 0.14ms
[2026-07-01T01:37:06.881+0000][32.667s][info][gc,phases   ] GC(50)   Merge Heap Roots: 0.20ms
[2026-07-01T01:37:06.881+0000][32.667s][info][gc,phases   ] GC(50)   Evacuate Collection Set: 74.45ms
[2026-07-01T01:37:06.881+0000][32.667s][info][gc,phases   ] GC(50)   Post Evacuate Collection Set: 0.66ms
[2026-07-01T01:37:06.881+0000][32.667s][info][gc,phases   ] GC(50)   Other: 0.05ms
[2026-07-01T01:37:06.881+0000][32.667s][info][gc,heap     ] GC(50) Eden regions: 53->0(55)
[2026-07-01T01:37:06.881+0000][32.667s][info][gc,heap     ] GC(50) Survivor regions: 4->4(8)
[2026-07-01T01:37:06.881+0000][32.667s][info][gc,heap     ] GC(50) Old regions: 154->153
[2026-07-01T01:37:06.881+0000][32.667s][info][gc,heap     ] GC(50) Humongous regions: 3->3
[2026-07-01T01:37:06.881+0000][32.667s][info][gc,metaspace] GC(50) Metaspace: 41430K(42240K)->41430K(42240K) NonClass: 36309K(36736K)->36309K(36736K) Class: 5120K(5504K)->5120K(5504K)
[2026-07-01T01:37:06.881+0000][32.667s][info][gc          ] GC(50) Pause Young (Mixed) (G1 Evacuation Pause) 213M->159M(229M) 75.696ms
[2026-07-01T01:37:06.881+0000][32.667s][info][gc,cpu      ] GC(50) User=0.03s Sys=0.00s Real=0.08s
[2026-07-01T01:37:07.896+0000][33.682s][info][gc,start    ] GC(51) Pause Young (Concurrent Start) (G1 Evacuation Pause)
[2026-07-01T01:37:07.896+0000][33.682s][info][gc,task     ] GC(51) Using 1 workers of 1 for evacuation
[2026-07-01T01:37:07.912+0000][33.697s][info][gc,phases   ] GC(51)   Pre Evacuate Collection Set: 0.23ms
[2026-07-01T01:37:07.912+0000][33.697s][info][gc,phases   ] GC(51)   Merge Heap Roots: 0.21ms
[2026-07-01T01:37:07.912+0000][33.697s][info][gc,phases   ] GC(51)   Evacuate Collection Set: 14.34ms
[2026-07-01T01:37:07.912+0000][33.697s][info][gc,phases   ] GC(51)   Post Evacuate Collection Set: 0.55ms
[2026-07-01T01:37:07.912+0000][33.697s][info][gc,phases   ] GC(51)   Other: 0.07ms
[2026-07-01T01:37:07.912+0000][33.697s][info][gc,heap     ] GC(51) Eden regions: 55->0(57)
[2026-07-01T01:37:07.912+0000][33.697s][info][gc,heap     ] GC(51) Survivor regions: 4->4(8)
[2026-07-01T01:37:07.912+0000][33.697s][info][gc,heap     ] GC(51) Old regions: 153->153
[2026-07-01T01:37:07.912+0000][33.697s][info][gc,heap     ] GC(51) Humongous regions: 3->3
[2026-07-01T01:37:07.912+0000][33.697s][info][gc,metaspace] GC(51) Metaspace: 41431K(42240K)->41431K(42240K) NonClass: 36310K(36736K)->36310K(36736K) Class: 5120K(5504K)->5120K(5504K)
[2026-07-01T01:37:07.912+0000][33.697s][info][gc          ] GC(51) Pause Young (Concurrent Start) (G1 Evacuation Pause) 214M->159M(229M) 15.550ms
[2026-07-01T01:37:07.912+0000][33.697s][info][gc          ] GC(52) Concurrent Mark Cycle
[2026-07-01T01:37:07.912+0000][33.697s][info][gc,marking  ] GC(52) Concurrent Scan Root Regions
[2026-07-01T01:37:07.912+0000][33.698s][info][gc,cpu      ] GC(51) User=0.01s Sys=0.00s Real=0.02s
[2026-07-01T01:37:07.975+0000][33.760s][info][gc,marking  ] GC(52) Concurrent Scan Root Regions 62.841ms
[2026-07-01T01:37:07.975+0000][33.760s][info][gc,marking  ] GC(52) Concurrent Mark
[2026-07-01T01:37:07.975+0000][33.760s][info][gc,marking  ] GC(52) Concurrent Mark From Roots
[2026-07-01T01:37:07.975+0000][33.760s][info][gc,task     ] GC(52) Using 1 workers of 1 for marking
[2026-07-01T01:37:09.192+0000][34.977s][info][gc,start    ] GC(53) Pause Young (Normal) (G1 Evacuation Pause)
[2026-07-01T01:37:09.192+0000][34.978s][info][gc,task     ] GC(53) Using 1 workers of 1 for evacuation
[2026-07-01T01:37:09.205+0000][34.990s][info][gc,phases   ] GC(53)   Pre Evacuate Collection Set: 0.17ms
[2026-07-01T01:37:09.205+0000][34.990s][info][gc,phases   ] GC(53)   Merge Heap Roots: 0.23ms
[2026-07-01T01:37:09.205+0000][34.990s][info][gc,phases   ] GC(53)   Evacuate Collection Set: 11.81ms
[2026-07-01T01:37:09.205+0000][34.990s][info][gc,phases   ] GC(53)   Post Evacuate Collection Set: 0.59ms
[2026-07-01T01:37:09.205+0000][34.990s][info][gc,phases   ] GC(53)   Other: 0.05ms
[2026-07-01T01:37:09.205+0000][34.990s][info][gc,heap     ] GC(53) Eden regions: 57->0(57)
[2026-07-01T01:37:09.205+0000][34.990s][info][gc,heap     ] GC(53) Survivor regions: 4->4(8)
[2026-07-01T01:37:09.205+0000][34.990s][info][gc,heap     ] GC(53) Old regions: 153->153
[2026-07-01T01:37:09.205+0000][34.990s][info][gc,heap     ] GC(53) Humongous regions: 3->3
[2026-07-01T01:37:09.205+0000][34.990s][info][gc,metaspace] GC(53) Metaspace: 41464K(42304K)->41464K(42304K) NonClass: 36344K(36800K)->36344K(36800K) Class: 5120K(5504K)->5120K(5504K)
[2026-07-01T01:37:09.205+0000][34.990s][info][gc          ] GC(53) Pause Young (Normal) (G1 Evacuation Pause) 216M->159M(229M) 13.023ms
[2026-07-01T01:37:09.205+0000][34.990s][info][gc,cpu      ] GC(53) User=0.01s Sys=0.00s Real=0.01s
[2026-07-01T01:37:10.199+0000][35.985s][info][gc,marking  ] GC(52) Concurrent Mark From Roots 2224.506ms
[2026-07-01T01:37:10.199+0000][35.985s][info][gc,marking  ] GC(52) Concurrent Preclean
[2026-07-01T01:37:10.199+0000][35.985s][info][gc,marking  ] GC(52) Concurrent Preclean 0.118ms
[2026-07-01T01:37:10.266+0000][36.052s][info][gc,start    ] GC(52) Pause Remark
[2026-07-01T01:37:10.276+0000][36.062s][info][gc          ] GC(52) Pause Remark 204M->204M(229M) 9.759ms
[2026-07-01T01:37:10.276+0000][36.062s][info][gc,cpu      ] GC(52) User=0.01s Sys=0.00s Real=0.01s
[2026-07-01T01:37:10.283+0000][36.069s][info][gc,marking  ] GC(52) Concurrent Mark 2308.139ms
[2026-07-01T01:37:10.283+0000][36.069s][info][gc,marking  ] GC(52) Concurrent Rebuild Remembered Sets and Scrub Regions
[2026-07-01T01:37:10.574+0000][36.360s][info][gc,start    ] GC(54) Pause Young (Normal) (G1 Evacuation Pause)
[2026-07-01T01:37:10.574+0000][36.360s][info][gc,task     ] GC(54) Using 1 workers of 1 for evacuation
[2026-07-01T01:37:10.588+0000][36.374s][info][gc,phases   ] GC(54)   Pre Evacuate Collection Set: 0.14ms
[2026-07-01T01:37:10.588+0000][36.374s][info][gc,phases   ] GC(54)   Merge Heap Roots: 0.23ms
[2026-07-01T01:37:10.588+0000][36.374s][info][gc,phases   ] GC(54)   Evacuate Collection Set: 12.99ms
[2026-07-01T01:37:10.588+0000][36.374s][info][gc,phases   ] GC(54)   Post Evacuate Collection Set: 0.68ms
[2026-07-01T01:37:10.588+0000][36.374s][info][gc,phases   ] GC(54)   Other: 0.05ms
[2026-07-01T01:37:10.588+0000][36.374s][info][gc,heap     ] GC(54) Eden regions: 57->0(56)
[2026-07-01T01:37:10.588+0000][36.374s][info][gc,heap     ] GC(54) Survivor regions: 4->4(8)
[2026-07-01T01:37:10.588+0000][36.374s][info][gc,heap     ] GC(54) Old regions: 153->154
[2026-07-01T01:37:10.588+0000][36.374s][info][gc,heap     ] GC(54) Humongous regions: 3->3
[2026-07-01T01:37:10.588+0000][36.374s][info][gc,metaspace] GC(54) Metaspace: 41469K(42304K)->41469K(42304K) NonClass: 36348K(36800K)->36348K(36800K) Class: 5120K(5504K)->5120K(5504K)
[2026-07-01T01:37:10.588+0000][36.374s][info][gc          ] GC(54) Pause Young (Normal) (G1 Evacuation Pause) 216M->160M(229M) 14.231ms
[2026-07-01T01:37:10.588+0000][36.374s][info][gc,cpu      ] GC(54) User=0.01s Sys=0.00s Real=0.02s
[2026-07-01T01:37:11.265+0000][37.051s][info][gc,marking  ] GC(52) Concurrent Rebuild Remembered Sets and Scrub Regions 982.361ms
[2026-07-01T01:37:11.269+0000][37.055s][info][gc,start    ] GC(52) Pause Cleanup
[2026-07-01T01:37:11.269+0000][37.055s][info][gc          ] GC(52) Pause Cleanup 191M->191M(229M) 0.233ms
[2026-07-01T01:37:11.269+0000][37.055s][info][gc,cpu      ] GC(52) User=0.00s Sys=0.00s Real=0.00s
[2026-07-01T01:37:11.270+0000][37.056s][info][gc,marking  ] GC(52) Concurrent Clear Claimed Marks
[2026-07-01T01:37:11.270+0000][37.056s][info][gc,marking  ] GC(52) Concurrent Clear Claimed Marks 0.098ms
[2026-07-01T01:37:11.270+0000][37.056s][info][gc,marking  ] GC(52) Concurrent Cleanup for Next Mark
[2026-07-01T01:37:11.270+0000][37.056s][info][gc,marking  ] GC(52) Concurrent Cleanup for Next Mark 0.606ms
[2026-07-01T01:37:11.270+0000][37.056s][info][gc          ] GC(52) Concurrent Mark Cycle 3358.847ms
[2026-07-01T01:37:11.701+0000][37.487s][info][gc,start    ] GC(55) Pause Young (Prepare Mixed) (G1 Evacuation Pause)
[2026-07-01T01:37:11.701+0000][37.487s][info][gc,task     ] GC(55) Using 1 workers of 1 for evacuation
[2026-07-01T01:37:11.776+0000][37.562s][info][gc,phases   ] GC(55)   Pre Evacuate Collection Set: 0.33ms
[2026-07-01T01:37:11.776+0000][37.562s][info][gc,phases   ] GC(55)   Merge Heap Roots: 0.50ms
[2026-07-01T01:37:11.776+0000][37.562s][info][gc,phases   ] GC(55)   Evacuate Collection Set: 73.15ms
[2026-07-01T01:37:11.776+0000][37.562s][info][gc,phases   ] GC(55)   Post Evacuate Collection Set: 0.64ms
[2026-07-01T01:37:11.776+0000][37.562s][info][gc,phases   ] GC(55)   Other: 0.08ms
[2026-07-01T01:37:11.776+0000][37.562s][info][gc,heap     ] GC(55) Eden regions: 56->0(56)
[2026-07-01T01:37:11.776+0000][37.562s][info][gc,heap     ] GC(55) Survivor regions: 4->4(8)
[2026-07-01T01:37:11.776+0000][37.562s][info][gc,heap     ] GC(55) Old regions: 154->154
[2026-07-01T01:37:11.776+0000][37.562s][info][gc,heap     ] GC(55) Humongous regions: 3->3
[2026-07-01T01:37:11.776+0000][37.562s][info][gc,metaspace] GC(55) Metaspace: 41470K(42304K)->41470K(42304K) NonClass: 36348K(36800K)->36348K(36800K) Class: 5121K(5504K)->5121K(5504K)
[2026-07-01T01:37:11.776+0000][37.562s][info][gc          ] GC(55) Pause Young (Prepare Mixed) (G1 Evacuation Pause) 216M->160M(229M) 74.858ms
[2026-07-01T01:37:11.776+0000][37.562s][info][gc,cpu      ] GC(55) User=0.01s Sys=0.00s Real=0.07s
[2026-07-01T01:37:12.885+0000][38.671s][info][gc,start    ] GC(56) Pause Young (Mixed) (G1 Evacuation Pause)
[2026-07-01T01:37:12.885+0000][38.671s][info][gc,task     ] GC(56) Using 1 workers of 1 for evacuation
[2026-07-01T01:37:12.900+0000][38.686s][info][gc,phases   ] GC(56)   Pre Evacuate Collection Set: 0.20ms
[2026-07-01T01:37:12.900+0000][38.686s][info][gc,phases   ] GC(56)   Merge Heap Roots: 0.23ms
[2026-07-01T01:37:12.900+0000][38.686s][info][gc,phases   ] GC(56)   Evacuate Collection Set: 13.50ms
[2026-07-01T01:37:12.900+0000][38.686s][info][gc,phases   ] GC(56)   Post Evacuate Collection Set: 0.88ms
[2026-07-01T01:37:12.900+0000][38.686s][info][gc,phases   ] GC(56)   Other: 0.05ms
[2026-07-01T01:37:12.900+0000][38.686s][info][gc,heap     ] GC(56) Eden regions: 56->0(55)
[2026-07-01T01:37:12.900+0000][38.686s][info][gc,heap     ] GC(56) Survivor regions: 4->5(8)
[2026-07-01T01:37:12.900+0000][38.686s][info][gc,heap     ] GC(56) Old regions: 154->154
[2026-07-01T01:37:12.900+0000][38.686s][info][gc,heap     ] GC(56) Humongous regions: 3->3
[2026-07-01T01:37:12.900+0000][38.686s][info][gc,metaspace] GC(56) Metaspace: 41482K(42304K)->41482K(42304K) NonClass: 36361K(36800K)->36361K(36800K) Class: 5121K(5504K)->5121K(5504K)
[2026-07-01T01:37:12.900+0000][38.686s][info][gc          ] GC(56) Pause Young (Mixed) (G1 Evacuation Pause) 216M->160M(229M) 15.012ms
[2026-07-01T01:37:12.900+0000][38.686s][info][gc,cpu      ] GC(56) User=0.02s Sys=0.00s Real=0.02s
[2026-07-01T01:37:13.979+0000][39.765s][info][gc,start    ] GC(57) Pause Young (Concurrent Start) (G1 Evacuation Pause)
[2026-07-01T01:37:13.979+0000][39.765s][info][gc,task     ] GC(57) Using 1 workers of 1 for evacuation
[2026-07-01T01:37:13.994+0000][39.780s][info][gc,phases   ] GC(57)   Pre Evacuate Collection Set: 0.19ms
[2026-07-01T01:37:13.994+0000][39.780s][info][gc,phases   ] GC(57)   Merge Heap Roots: 0.61ms
[2026-07-01T01:37:13.994+0000][39.780s][info][gc,phases   ] GC(57)   Evacuate Collection Set: 13.41ms
[2026-07-01T01:37:13.994+0000][39.780s][info][gc,phases   ] GC(57)   Post Evacuate Collection Set: 0.80ms
[2026-07-01T01:37:13.994+0000][39.780s][info][gc,phases   ] GC(57)   Other: 0.09ms
[2026-07-01T01:37:13.994+0000][39.780s][info][gc,heap     ] GC(57) Eden regions: 55->0(55)
[2026-07-01T01:37:13.994+0000][39.780s][info][gc,heap     ] GC(57) Survivor regions: 5->5(8)
[2026-07-01T01:37:13.994+0000][39.780s][info][gc,heap     ] GC(57) Old regions: 154->154
[2026-07-01T01:37:13.994+0000][39.780s][info][gc,heap     ] GC(57) Humongous regions: 3->3
[2026-07-01T01:37:13.994+0000][39.780s][info][gc,metaspace] GC(57) Metaspace: 41483K(42304K)->41483K(42304K) NonClass: 36361K(36800K)->36361K(36800K) Class: 5121K(5504K)->5121K(5504K)
[2026-07-01T01:37:13.994+0000][39.780s][info][gc          ] GC(57) Pause Young (Concurrent Start) (G1 Evacuation Pause) 215M->160M(229M) 15.281ms
[2026-07-01T01:37:13.994+0000][39.780s][info][gc,cpu      ] GC(57) User=0.02s Sys=0.00s Real=0.01s
[2026-07-01T01:37:13.994+0000][39.780s][info][gc          ] GC(58) Concurrent Mark Cycle
[2026-07-01T01:37:13.994+0000][39.780s][info][gc,marking  ] GC(58) Concurrent Scan Root Regions
[2026-07-01T01:37:14.072+0000][39.858s][info][gc,marking  ] GC(58) Concurrent Scan Root Regions 78.275ms
[2026-07-01T01:37:14.072+0000][39.858s][info][gc,marking  ] GC(58) Concurrent Mark
[2026-07-01T01:37:14.073+0000][39.858s][info][gc,marking  ] GC(58) Concurrent Mark From Roots
[2026-07-01T01:37:14.073+0000][39.858s][info][gc,task     ] GC(58) Using 1 workers of 1 for marking
[2026-07-01T01:37:15.266+0000][41.051s][info][gc,start    ] GC(59) Pause Young (Normal) (G1 Evacuation Pause)
[2026-07-01T01:37:15.266+0000][41.051s][info][gc,task     ] GC(59) Using 1 workers of 1 for evacuation
[2026-07-01T01:37:15.280+0000][41.066s][info][gc,phases   ] GC(59)   Pre Evacuate Collection Set: 0.16ms
[2026-07-01T01:37:15.280+0000][41.066s][info][gc,phases   ] GC(59)   Merge Heap Roots: 0.19ms
[2026-07-01T01:37:15.280+0000][41.066s][info][gc,phases   ] GC(59)   Evacuate Collection Set: 13.31ms
[2026-07-01T01:37:15.280+0000][41.066s][info][gc,phases   ] GC(59)   Post Evacuate Collection Set: 0.59ms
[2026-07-01T01:37:15.280+0000][41.066s][info][gc,phases   ] GC(59)   Other: 0.05ms
[2026-07-01T01:37:15.280+0000][41.066s][info][gc,heap     ] GC(59) Eden regions: 55->0(55)
[2026-07-01T01:37:15.280+0000][41.066s][info][gc,heap     ] GC(59) Survivor regions: 5->5(8)
[2026-07-01T01:37:15.280+0000][41.066s][info][gc,heap     ] GC(59) Old regions: 154->154
[2026-07-01T01:37:15.280+0000][41.066s][info][gc,heap     ] GC(59) Humongous regions: 3->3
[2026-07-01T01:37:15.280+0000][41.066s][info][gc,metaspace] GC(59) Metaspace: 41483K(42304K)->41483K(42304K) NonClass: 36362K(36800K)->36362K(36800K) Class: 5121K(5504K)->5121K(5504K)
[2026-07-01T01:37:15.280+0000][41.066s][info][gc          ] GC(59) Pause Young (Normal) (G1 Evacuation Pause) 215M->160M(229M) 14.455ms
[2026-07-01T01:37:15.280+0000][41.066s][info][gc,cpu      ] GC(59) User=0.02s Sys=0.00s Real=0.02s
[2026-07-01T01:37:16.068+0000][41.854s][info][gc,marking  ] GC(58) Concurrent Mark From Roots 1995.286ms
[2026-07-01T01:37:16.068+0000][41.854s][info][gc,marking  ] GC(58) Concurrent Preclean
[2026-07-01T01:37:16.068+0000][41.854s][info][gc,marking  ] GC(58) Concurrent Preclean 0.223ms
[2026-07-01T01:37:16.070+0000][41.856s][info][gc,start    ] GC(58) Pause Remark
[2026-07-01T01:37:16.084+0000][41.870s][info][gc          ] GC(58) Pause Remark 199M->199M(229M) 14.374ms
[2026-07-01T01:37:16.084+0000][41.870s][info][gc,cpu      ] GC(58) User=0.03s Sys=0.00s Real=0.01s
[2026-07-01T01:37:16.091+0000][41.877s][info][gc,marking  ] GC(58) Concurrent Mark 2018.550ms
[2026-07-01T01:37:16.091+0000][41.877s][info][gc,marking  ] GC(58) Concurrent Rebuild Remembered Sets and Scrub Regions
[2026-07-01T01:37:16.466+0000][42.252s][info][gc,start    ] GC(60) Pause Young (Normal) (G1 Evacuation Pause)
[2026-07-01T01:37:16.466+0000][42.252s][info][gc,task     ] GC(60) Using 1 workers of 1 for evacuation
[2026-07-01T01:37:16.481+0000][42.267s][info][gc,phases   ] GC(60)   Pre Evacuate Collection Set: 0.14ms
[2026-07-01T01:37:16.481+0000][42.267s][info][gc,phases   ] GC(60)   Merge Heap Roots: 0.24ms
[2026-07-01T01:37:16.481+0000][42.267s][info][gc,phases   ] GC(60)   Evacuate Collection Set: 13.85ms
[2026-07-01T01:37:16.481+0000][42.267s][info][gc,phases   ] GC(60)   Post Evacuate Collection Set: 0.66ms
[2026-07-01T01:37:16.481+0000][42.267s][info][gc,phases   ] GC(60)   Other: 0.04ms
[2026-07-01T01:37:16.481+0000][42.267s][info][gc,heap     ] GC(60) Eden regions: 55->0(55)
[2026-07-01T01:37:16.481+0000][42.267s][info][gc,heap     ] GC(60) Survivor regions: 5->5(8)
[2026-07-01T01:37:16.481+0000][42.267s][info][gc,heap     ] GC(60) Old regions: 154->154
[2026-07-01T01:37:16.481+0000][42.267s][info][gc,heap     ] GC(60) Humongous regions: 3->3
[2026-07-01T01:37:16.481+0000][42.267s][info][gc,metaspace] GC(60) Metaspace: 41487K(42368K)->41487K(42368K) NonClass: 36366K(36864K)->36366K(36864K) Class: 5121K(5504K)->5121K(5504K)
[2026-07-01T01:37:16.481+0000][42.267s][info][gc          ] GC(60) Pause Young (Normal) (G1 Evacuation Pause) 215M->161M(229M) 15.067ms
[2026-07-01T01:37:16.481+0000][42.267s][info][gc,cpu      ] GC(60) User=0.01s Sys=0.00s Real=0.02s
[2026-07-01T01:37:17.295+0000][43.081s][info][gc,marking  ] GC(58) Concurrent Rebuild Remembered Sets and Scrub Regions 1203.813ms
[2026-07-01T01:37:17.295+0000][43.081s][info][gc,start    ] GC(58) Pause Cleanup
[2026-07-01T01:37:17.295+0000][43.081s][info][gc          ] GC(58) Pause Cleanup 199M->199M(229M) 0.211ms
[2026-07-01T01:37:17.295+0000][43.081s][info][gc,cpu      ] GC(58) User=0.00s Sys=0.00s Real=0.00s
[2026-07-01T01:37:17.295+0000][43.081s][info][gc,marking  ] GC(58) Concurrent Clear Claimed Marks
[2026-07-01T01:37:17.295+0000][43.081s][info][gc,marking  ] GC(58) Concurrent Clear Claimed Marks 0.088ms
[2026-07-01T01:37:17.295+0000][43.081s][info][gc,marking  ] GC(58) Concurrent Cleanup for Next Mark
[2026-07-01T01:37:17.298+0000][43.084s][info][gc,marking  ] GC(58) Concurrent Cleanup for Next Mark 3.036ms
[2026-07-01T01:37:17.298+0000][43.084s][info][gc          ] GC(58) Concurrent Mark Cycle 3304.314ms
[2026-07-01T01:37:17.599+0000][43.385s][info][gc,start    ] GC(61) Pause Young (Prepare Mixed) (G1 Evacuation Pause)
[2026-07-01T01:37:17.599+0000][43.385s][info][gc,task     ] GC(61) Using 1 workers of 1 for evacuation
[2026-07-01T01:37:17.669+0000][43.455s][info][gc,phases   ] GC(61)   Pre Evacuate Collection Set: 0.16ms
[2026-07-01T01:37:17.669+0000][43.455s][info][gc,phases   ] GC(61)   Merge Heap Roots: 0.52ms
[2026-07-01T01:37:17.669+0000][43.455s][info][gc,phases   ] GC(61)   Evacuate Collection Set: 68.09ms
[2026-07-01T01:37:17.669+0000][43.455s][info][gc,phases   ] GC(61)   Post Evacuate Collection Set: 0.66ms
[2026-07-01T01:37:17.669+0000][43.455s][info][gc,phases   ] GC(61)   Other: 0.06ms
[2026-07-01T01:37:17.669+0000][43.455s][info][gc,heap     ] GC(61) Eden regions: 55->0(55)
[2026-07-01T01:37:17.669+0000][43.455s][info][gc,heap     ] GC(61) Survivor regions: 5->5(8)
[2026-07-01T01:37:17.669+0000][43.455s][info][gc,heap     ] GC(61) Old regions: 154->154
[2026-07-01T01:37:17.669+0000][43.455s][info][gc,heap     ] GC(61) Humongous regions: 3->3
[2026-07-01T01:37:17.669+0000][43.455s][info][gc,metaspace] GC(61) Metaspace: 41498K(42368K)->41498K(42368K) NonClass: 36377K(36864K)->36377K(36864K) Class: 5121K(5504K)->5121K(5504K)
[2026-07-01T01:37:17.669+0000][43.455s][info][gc          ] GC(61) Pause Young (Prepare Mixed) (G1 Evacuation Pause) 216M->161M(229M) 69.679ms
[2026-07-01T01:37:17.669+0000][43.455s][info][gc,cpu      ] GC(61) User=0.03s Sys=0.00s Real=0.07s
[2026-07-01T01:37:18.700+0000][44.486s][info][gc,start    ] GC(62) Pause Young (Mixed) (G1 Evacuation Pause)
[2026-07-01T01:37:18.700+0000][44.486s][info][gc,task     ] GC(62) Using 1 workers of 1 for evacuation
[2026-07-01T01:37:18.780+0000][44.566s][info][gc,phases   ] GC(62)   Pre Evacuate Collection Set: 0.15ms
[2026-07-01T01:37:18.780+0000][44.566s][info][gc,phases   ] GC(62)   Merge Heap Roots: 0.27ms
[2026-07-01T01:37:18.780+0000][44.566s][info][gc,phases   ] GC(62)   Evacuate Collection Set: 78.79ms
[2026-07-01T01:37:18.780+0000][44.566s][info][gc,phases   ] GC(62)   Post Evacuate Collection Set: 1.01ms
[2026-07-01T01:37:18.780+0000][44.566s][info][gc,phases   ] GC(62)   Other: 0.05ms
[2026-07-01T01:37:18.780+0000][44.566s][info][gc,heap     ] GC(62) Eden regions: 55->0(75)
[2026-07-01T01:37:18.780+0000][44.566s][info][gc,heap     ] GC(62) Survivor regions: 5->5(8)
[2026-07-01T01:37:18.780+0000][44.566s][info][gc,heap     ] GC(62) Old regions: 154->154
[2026-07-01T01:37:18.780+0000][44.566s][info][gc,heap     ] GC(62) Humongous regions: 3->3
[2026-07-01T01:37:18.780+0000][44.566s][info][gc,metaspace] GC(62) Metaspace: 41498K(42368K)->41498K(42368K) NonClass: 36377K(36864K)->36377K(36864K) Class: 5121K(5504K)->5121K(5504K)
[2026-07-01T01:37:18.781+0000][44.566s][info][gc          ] GC(62) Pause Young (Mixed) (G1 Evacuation Pause) 216M->160M(250M) 80.421ms
[2026-07-01T01:37:18.781+0000][44.566s][info][gc,cpu      ] GC(62) User=0.02s Sys=0.00s Real=0.08s
[2026-07-01T01:37:20.103+0000][45.889s][info][gc,start    ] GC(63) Pause Young (Concurrent Start) (G1 Evacuation Pause)
[2026-07-01T01:37:20.103+0000][45.889s][info][gc,task     ] GC(63) Using 1 workers of 1 for evacuation
[2026-07-01T01:37:20.174+0000][45.960s][info][gc,phases   ] GC(63)   Pre Evacuate Collection Set: 0.12ms
[2026-07-01T01:37:20.174+0000][45.960s][info][gc,phases   ] GC(63)   Merge Heap Roots: 0.17ms
[2026-07-01T01:37:20.174+0000][45.960s][info][gc,phases   ] GC(63)   Evacuate Collection Set: 69.59ms
[2026-07-01T01:37:20.174+0000][45.960s][info][gc,phases   ] GC(63)   Post Evacuate Collection Set: 0.75ms
[2026-07-01T01:37:20.174+0000][45.960s][info][gc,phases   ] GC(63)   Other: 0.07ms
[2026-07-01T01:37:20.174+0000][45.960s][info][gc,heap     ] GC(63) Eden regions: 75->0(75)
[2026-07-01T01:37:20.174+0000][45.960s][info][gc,heap     ] GC(63) Survivor regions: 5->5(10)
[2026-07-01T01:37:20.174+0000][45.960s][info][gc,heap     ] GC(63) Old regions: 154->154
[2026-07-01T01:37:20.174+0000][45.960s][info][gc,heap     ] GC(63) Humongous regions: 3->3
[2026-07-01T01:37:20.174+0000][45.960s][info][gc,metaspace] GC(63) Metaspace: 41520K(42368K)->41520K(42368K) NonClass: 36398K(36864K)->36398K(36864K) Class: 5121K(5504K)->5121K(5504K)
[2026-07-01T01:37:20.174+0000][45.960s][info][gc          ] GC(63) Pause Young (Concurrent Start) (G1 Evacuation Pause) 235M->161M(250M) 70.854ms
[2026-07-01T01:37:20.174+0000][45.960s][info][gc          ] GC(64) Concurrent Mark Cycle
[2026-07-01T01:37:20.174+0000][45.960s][info][gc,marking  ] GC(64) Concurrent Scan Root Regions
[2026-07-01T01:37:20.174+0000][45.960s][info][gc,cpu      ] GC(63) User=0.01s Sys=0.01s Real=0.07s
[2026-07-01T01:37:20.185+0000][45.971s][info][gc,marking  ] GC(64) Concurrent Scan Root Regions 11.249ms
[2026-07-01T01:37:20.185+0000][45.971s][info][gc,marking  ] GC(64) Concurrent Mark
[2026-07-01T01:37:20.185+0000][45.971s][info][gc,marking  ] GC(64) Concurrent Mark From Roots
[2026-07-01T01:37:20.185+0000][45.971s][info][gc,task     ] GC(64) Using 1 workers of 1 for marking
[2026-07-01T01:37:21.795+0000][47.581s][info][gc,start    ] GC(65) Pause Young (Normal) (G1 Evacuation Pause)
[2026-07-01T01:37:21.795+0000][47.581s][info][gc,task     ] GC(65) Using 1 workers of 1 for evacuation
[2026-07-01T01:37:21.811+0000][47.597s][info][gc,phases   ] GC(65)   Pre Evacuate Collection Set: 0.55ms
[2026-07-01T01:37:21.812+0000][47.597s][info][gc,phases   ] GC(65)   Merge Heap Roots: 0.20ms
[2026-07-01T01:37:21.812+0000][47.597s][info][gc,phases   ] GC(65)   Evacuate Collection Set: 14.62ms
[2026-07-01T01:37:21.812+0000][47.597s][info][gc,phases   ] GC(65)   Post Evacuate Collection Set: 0.76ms
[2026-07-01T01:37:21.812+0000][47.597s][info][gc,phases   ] GC(65)   Other: 0.05ms
[2026-07-01T01:37:21.812+0000][47.597s][info][gc,heap     ] GC(65) Eden regions: 75->0(75)
[2026-07-01T01:37:21.812+0000][47.597s][info][gc,heap     ] GC(65) Survivor regions: 5->5(10)
[2026-07-01T01:37:21.812+0000][47.597s][info][gc,heap     ] GC(65) Old regions: 154->154
[2026-07-01T01:37:21.812+0000][47.597s][info][gc,heap     ] GC(65) Humongous regions: 3->3
[2026-07-01T01:37:21.812+0000][47.597s][info][gc,metaspace] GC(65) Metaspace: 41546K(42368K)->41546K(42368K) NonClass: 36424K(36864K)->36424K(36864K) Class: 5121K(5504K)->5121K(5504K)
[2026-07-01T01:37:21.812+0000][47.597s][info][gc          ] GC(65) Pause Young (Normal) (G1 Evacuation Pause) 236M->161M(250M) 16.322ms
[2026-07-01T01:37:21.812+0000][47.597s][info][gc,cpu      ] GC(65) User=0.01s Sys=0.00s Real=0.02s
[2026-07-01T01:37:22.176+0000][47.962s][info][gc,marking  ] GC(64) Concurrent Mark From Roots 1990.886ms
[2026-07-01T01:37:22.176+0000][47.962s][info][gc,marking  ] GC(64) Concurrent Preclean
[2026-07-01T01:37:22.177+0000][47.963s][info][gc,marking  ] GC(64) Concurrent Preclean 0.979ms
[2026-07-01T01:37:22.181+0000][47.966s][info][gc,start    ] GC(64) Pause Remark
[2026-07-01T01:37:22.191+0000][47.977s][info][gc          ] GC(64) Pause Remark 175M->175M(250M) 10.162ms
[2026-07-01T01:37:22.191+0000][47.977s][info][gc,cpu      ] GC(64) User=0.01s Sys=0.01s Real=0.01s
[2026-07-01T01:37:22.194+0000][47.980s][info][gc,marking  ] GC(64) Concurrent Mark 2008.928ms
[2026-07-01T01:37:22.194+0000][47.980s][info][gc,marking  ] GC(64) Concurrent Rebuild Remembered Sets and Scrub Regions
[2026-07-01T01:37:23.191+0000][48.977s][info][gc,marking  ] GC(64) Concurrent Rebuild Remembered Sets and Scrub Regions 997.190ms
[2026-07-01T01:37:23.192+0000][48.977s][info][gc,start    ] GC(64) Pause Cleanup
[2026-07-01T01:37:23.192+0000][48.978s][info][gc          ] GC(64) Pause Cleanup 219M->219M(250M) 0.360ms
[2026-07-01T01:37:23.192+0000][48.978s][info][gc,cpu      ] GC(64) User=0.00s Sys=0.00s Real=0.00s
[2026-07-01T01:37:23.197+0000][48.983s][info][gc,marking  ] GC(64) Concurrent Clear Claimed Marks
[2026-07-01T01:37:23.197+0000][48.983s][info][gc,marking  ] GC(64) Concurrent Clear Claimed Marks 0.092ms
[2026-07-01T01:37:23.197+0000][48.983s][info][gc,marking  ] GC(64) Concurrent Cleanup for Next Mark
[2026-07-01T01:37:23.199+0000][48.985s][info][gc,marking  ] GC(64) Concurrent Cleanup for Next Mark 1.647ms
[2026-07-01T01:37:23.199+0000][48.985s][info][gc          ] GC(64) Concurrent Mark Cycle 3025.294ms
[2026-07-01T01:37:23.503+0000][49.289s][info][gc,start    ] GC(66) Pause Young (Prepare Mixed) (G1 Evacuation Pause)
[2026-07-01T01:37:23.503+0000][49.289s][info][gc,task     ] GC(66) Using 1 workers of 1 for evacuation
[2026-07-01T01:37:23.579+0000][49.364s][info][gc,phases   ] GC(66)   Pre Evacuate Collection Set: 0.23ms
[2026-07-01T01:37:23.579+0000][49.364s][info][gc,phases   ] GC(66)   Merge Heap Roots: 0.46ms
[2026-07-01T01:37:23.579+0000][49.364s][info][gc,phases   ] GC(66)   Evacuate Collection Set: 74.07ms
[2026-07-01T01:37:23.579+0000][49.364s][info][gc,phases   ] GC(66)   Post Evacuate Collection Set: 0.98ms
[2026-07-01T01:37:23.579+0000][49.364s][info][gc,phases   ] GC(66)   Other: 0.12ms
[2026-07-01T01:37:23.579+0000][49.364s][info][gc,heap     ] GC(66) Eden regions: 75->0(75)
[2026-07-01T01:37:23.579+0000][49.365s][info][gc,heap     ] GC(66) Survivor regions: 5->5(10)
[2026-07-01T01:37:23.579+0000][49.365s][info][gc,heap     ] GC(66) Old regions: 154->154
[2026-07-01T01:37:23.579+0000][49.365s][info][gc,heap     ] GC(66) Humongous regions: 3->3
[2026-07-01T01:37:23.579+0000][49.365s][info][gc,metaspace] GC(66) Metaspace: 41546K(42368K)->41546K(42368K) NonClass: 36425K(36864K)->36425K(36864K) Class: 5121K(5504K)->5121K(5504K)
[2026-07-01T01:37:23.579+0000][49.365s][info][gc          ] GC(66) Pause Young (Prepare Mixed) (G1 Evacuation Pause) 236M->161M(250M) 76.008ms
[2026-07-01T01:37:23.579+0000][49.365s][info][gc,cpu      ] GC(66) User=0.02s Sys=0.00s Real=0.08s
[2026-07-01T01:37:24.899+0000][50.685s][info][gc,start    ] GC(67) Pause Young (Mixed) (G1 Evacuation Pause)
[2026-07-01T01:37:24.899+0000][50.685s][info][gc,task     ] GC(67) Using 1 workers of 1 for evacuation
[2026-07-01T01:37:24.971+0000][50.757s][info][gc,phases   ] GC(67)   Pre Evacuate Collection Set: 0.12ms
[2026-07-01T01:37:24.971+0000][50.757s][info][gc,phases   ] GC(67)   Merge Heap Roots: 0.29ms
[2026-07-01T01:37:24.971+0000][50.757s][info][gc,phases   ] GC(67)   Evacuate Collection Set: 70.34ms
[2026-07-01T01:37:24.971+0000][50.757s][info][gc,phases   ] GC(67)   Post Evacuate Collection Set: 0.66ms
[2026-07-01T01:37:24.971+0000][50.757s][info][gc,phases   ] GC(67)   Other: 0.04ms
[2026-07-01T01:37:24.971+0000][50.757s][info][gc,heap     ] GC(67) Eden regions: 75->0(75)
[2026-07-01T01:37:24.971+0000][50.757s][info][gc,heap     ] GC(67) Survivor regions: 5->5(10)
[2026-07-01T01:37:24.971+0000][50.757s][info][gc,heap     ] GC(67) Old regions: 154->154
[2026-07-01T01:37:24.971+0000][50.757s][info][gc,heap     ] GC(67) Humongous regions: 3->3
[2026-07-01T01:37:24.971+0000][50.757s][info][gc,metaspace] GC(67) Metaspace: 41547K(42368K)->41547K(42368K) NonClass: 36425K(36864K)->36425K(36864K) Class: 5121K(5504K)->5121K(5504K)
[2026-07-01T01:37:24.971+0000][50.757s][info][gc          ] GC(67) Pause Young (Mixed) (G1 Evacuation Pause) 236M->160M(250M) 71.598ms
[2026-07-01T01:37:24.971+0000][50.757s][info][gc,cpu      ] GC(67) User=0.02s Sys=0.00s Real=0.07s
[2026-07-01T01:37:26.271+0000][52.057s][info][gc,start    ] GC(68) Pause Young (Concurrent Start) (G1 Evacuation Pause)
[2026-07-01T01:37:26.271+0000][52.057s][info][gc,task     ] GC(68) Using 1 workers of 1 for evacuation
[2026-07-01T01:37:26.288+0000][52.074s][info][gc,phases   ] GC(68)   Pre Evacuate Collection Set: 0.18ms
[2026-07-01T01:37:26.288+0000][52.074s][info][gc,phases   ] GC(68)   Merge Heap Roots: 0.37ms
[2026-07-01T01:37:26.288+0000][52.074s][info][gc,phases   ] GC(68)   Evacuate Collection Set: 15.61ms
[2026-07-01T01:37:26.288+0000][52.074s][info][gc,phases   ] GC(68)   Post Evacuate Collection Set: 0.90ms
[2026-07-01T01:37:26.288+0000][52.074s][info][gc,phases   ] GC(68)   Other: 0.06ms
[2026-07-01T01:37:26.288+0000][52.074s][info][gc,heap     ] GC(68) Eden regions: 75->0(75)
[2026-07-01T01:37:26.288+0000][52.074s][info][gc,heap     ] GC(68) Survivor regions: 5->5(10)
[2026-07-01T01:37:26.288+0000][52.074s][info][gc,heap     ] GC(68) Old regions: 154->154
[2026-07-01T01:37:26.288+0000][52.074s][info][gc,heap     ] GC(68) Humongous regions: 3->3
[2026-07-01T01:37:26.288+0000][52.074s][info][gc,metaspace] GC(68) Metaspace: 41549K(42368K)->41549K(42368K) NonClass: 36427K(36864K)->36427K(36864K) Class: 5121K(5504K)->5121K(5504K)
[2026-07-01T01:37:26.288+0000][52.074s][info][gc          ] GC(68) Pause Young (Concurrent Start) (G1 Evacuation Pause) 235M->161M(250M) 17.287ms
[2026-07-01T01:37:26.288+0000][52.074s][info][gc          ] GC(69) Concurrent Mark Cycle
[2026-07-01T01:37:26.288+0000][52.074s][info][gc,marking  ] GC(69) Concurrent Scan Root Regions
[2026-07-01T01:37:26.288+0000][52.074s][info][gc,cpu      ] GC(68) User=0.02s Sys=0.00s Real=0.02s
[2026-07-01T01:37:26.298+0000][52.083s][info][gc,marking  ] GC(69) Concurrent Scan Root Regions 9.344ms
[2026-07-01T01:37:26.298+0000][52.083s][info][gc,marking  ] GC(69) Concurrent Mark
[2026-07-01T01:37:26.298+0000][52.083s][info][gc,marking  ] GC(69) Concurrent Mark From Roots
[2026-07-01T01:37:26.298+0000][52.083s][info][gc,task     ] GC(69) Using 1 workers of 1 for marking
[2026-07-01T01:37:27.882+0000][53.668s][info][gc,marking  ] GC(69) Concurrent Mark From Roots 1584.800ms
[2026-07-01T01:37:27.882+0000][53.668s][info][gc,marking  ] GC(69) Concurrent Preclean
[2026-07-01T01:37:27.883+0000][53.668s][info][gc,marking  ] GC(69) Concurrent Preclean 0.132ms
[2026-07-01T01:37:27.883+0000][53.669s][info][gc,start    ] GC(69) Pause Remark
[2026-07-01T01:37:27.893+0000][53.679s][info][gc          ] GC(69) Pause Remark 227M->227M(250M) 10.298ms
[2026-07-01T01:37:27.893+0000][53.679s][info][gc,cpu      ] GC(69) User=0.01s Sys=0.00s Real=0.01s
[2026-07-01T01:37:27.900+0000][53.686s][info][gc,marking  ] GC(69) Concurrent Mark 1602.669ms
[2026-07-01T01:37:27.900+0000][53.686s][info][gc,marking  ] GC(69) Concurrent Rebuild Remembered Sets and Scrub Regions
[2026-07-01T01:37:28.074+0000][53.860s][info][gc,start    ] GC(70) Pause Young (Normal) (G1 Evacuation Pause)
[2026-07-01T01:37:28.074+0000][53.860s][info][gc,task     ] GC(70) Using 1 workers of 1 for evacuation
[2026-07-01T01:37:28.092+0000][53.878s][info][gc,phases   ] GC(70)   Pre Evacuate Collection Set: 0.17ms
[2026-07-01T01:37:28.092+0000][53.878s][info][gc,phases   ] GC(70)   Merge Heap Roots: 0.24ms
[2026-07-01T01:37:28.092+0000][53.878s][info][gc,phases   ] GC(70)   Evacuate Collection Set: 16.57ms
[2026-07-01T01:37:28.092+0000][53.878s][info][gc,phases   ] GC(70)   Post Evacuate Collection Set: 0.92ms
[2026-07-01T01:37:28.092+0000][53.878s][info][gc,phases   ] GC(70)   Other: 0.05ms
[2026-07-01T01:37:28.092+0000][53.878s][info][gc,heap     ] GC(70) Eden regions: 75->0(75)
[2026-07-01T01:37:28.092+0000][53.878s][info][gc,heap     ] GC(70) Survivor regions: 5->5(10)
[2026-07-01T01:37:28.092+0000][53.878s][info][gc,heap     ] GC(70) Old regions: 154->154
[2026-07-01T01:37:28.092+0000][53.878s][info][gc,heap     ] GC(70) Humongous regions: 3->3
[2026-07-01T01:37:28.092+0000][53.878s][info][gc,metaspace] GC(70) Metaspace: 41553K(42368K)->41553K(42368K) NonClass: 36432K(36864K)->36432K(36864K) Class: 5121K(5504K)->5121K(5504K)
[2026-07-01T01:37:28.092+0000][53.878s][info][gc          ] GC(70) Pause Young (Normal) (G1 Evacuation Pause) 236M->161M(250M) 18.108ms
[2026-07-01T01:37:28.092+0000][53.878s][info][gc,cpu      ] GC(70) User=0.02s Sys=0.00s Real=0.02s
[2026-07-01T01:37:29.200+0000][54.986s][info][gc,marking  ] GC(69) Concurrent Rebuild Remembered Sets and Scrub Regions 1299.873ms
[2026-07-01T01:37:29.200+0000][54.986s][info][gc,start    ] GC(69) Pause Cleanup
[2026-07-01T01:37:29.201+0000][54.986s][info][gc          ] GC(69) Pause Cleanup 223M->223M(250M) 0.176ms
[2026-07-01T01:37:29.201+0000][54.986s][info][gc,cpu      ] GC(69) User=0.00s Sys=0.00s Real=0.00s
[2026-07-01T01:37:29.203+0000][54.989s][info][gc,marking  ] GC(69) Concurrent Clear Claimed Marks
[2026-07-01T01:37:29.203+0000][54.989s][info][gc,marking  ] GC(69) Concurrent Clear Claimed Marks 0.404ms
[2026-07-01T01:37:29.203+0000][54.989s][info][gc,marking  ] GC(69) Concurrent Cleanup for Next Mark
[2026-07-01T01:37:29.205+0000][54.991s][info][gc,marking  ] GC(69) Concurrent Cleanup for Next Mark 2.020ms
[2026-07-01T01:37:29.205+0000][54.991s][info][gc          ] GC(69) Concurrent Mark Cycle 2916.936ms
[2026-07-01T01:37:29.480+0000][55.266s][info][gc,start    ] GC(71) Pause Young (Prepare Mixed) (G1 Evacuation Pause)
[2026-07-01T01:37:29.480+0000][55.266s][info][gc,task     ] GC(71) Using 1 workers of 1 for evacuation
[2026-07-01T01:37:29.498+0000][55.284s][info][gc,phases   ] GC(71)   Pre Evacuate Collection Set: 0.15ms
[2026-07-01T01:37:29.498+0000][55.284s][info][gc,phases   ] GC(71)   Merge Heap Roots: 0.40ms
[2026-07-01T01:37:29.498+0000][55.284s][info][gc,phases   ] GC(71)   Evacuate Collection Set: 16.35ms
[2026-07-01T01:37:29.498+0000][55.284s][info][gc,phases   ] GC(71)   Post Evacuate Collection Set: 0.58ms
[2026-07-01T01:37:29.498+0000][55.284s][info][gc,phases   ] GC(71)   Other: 0.05ms
[2026-07-01T01:37:29.498+0000][55.284s][info][gc,heap     ] GC(71) Eden regions: 75->0(74)
[2026-07-01T01:37:29.498+0000][55.284s][info][gc,heap     ] GC(71) Survivor regions: 5->5(10)
[2026-07-01T01:37:29.498+0000][55.284s][info][gc,heap     ] GC(71) Old regions: 154->155
[2026-07-01T01:37:29.498+0000][55.284s][info][gc,heap     ] GC(71) Humongous regions: 3->3
[2026-07-01T01:37:29.498+0000][55.284s][info][gc,metaspace] GC(71) Metaspace: 41553K(42368K)->41553K(42368K) NonClass: 36432K(36864K)->36432K(36864K) Class: 5121K(5504K)->5121K(5504K)
[2026-07-01T01:37:29.498+0000][55.284s][info][gc          ] GC(71) Pause Young (Prepare Mixed) (G1 Evacuation Pause) 236M->162M(250M) 17.693ms
[2026-07-01T01:37:29.498+0000][55.284s][info][gc,cpu      ] GC(71) User=0.02s Sys=0.00s Real=0.02s
[2026-07-01T01:37:30.871+0000][56.657s][info][gc,start    ] GC(72) Pause Young (Mixed) (G1 Evacuation Pause)
[2026-07-01T01:37:30.871+0000][56.657s][info][gc,task     ] GC(72) Using 1 workers of 1 for evacuation
[2026-07-01T01:37:30.891+0000][56.676s][info][gc,phases   ] GC(72)   Pre Evacuate Collection Set: 0.12ms
[2026-07-01T01:37:30.891+0000][56.676s][info][gc,phases   ] GC(72)   Merge Heap Roots: 0.20ms
[2026-07-01T01:37:30.891+0000][56.676s][info][gc,phases   ] GC(72)   Evacuate Collection Set: 17.78ms
[2026-07-01T01:37:30.891+0000][56.676s][info][gc,phases   ] GC(72)   Post Evacuate Collection Set: 0.91ms
[2026-07-01T01:37:30.891+0000][56.676s][info][gc,phases   ] GC(72)   Other: 0.05ms
[2026-07-01T01:37:30.891+0000][56.676s][info][gc,heap     ] GC(72) Eden regions: 74->0(74)
[2026-07-01T01:37:30.891+0000][56.676s][info][gc,heap     ] GC(72) Survivor regions: 5->5(10)
[2026-07-01T01:37:30.891+0000][56.676s][info][gc,heap     ] GC(72) Old regions: 155->155
[2026-07-01T01:37:30.891+0000][56.676s][info][gc,heap     ] GC(72) Humongous regions: 3->3
[2026-07-01T01:37:30.891+0000][56.676s][info][gc,metaspace] GC(72) Metaspace: 41553K(42368K)->41553K(42368K) NonClass: 36432K(36864K)->36432K(36864K) Class: 5121K(5504K)->5121K(5504K)
[2026-07-01T01:37:30.891+0000][56.676s][info][gc          ] GC(72) Pause Young (Mixed) (G1 Evacuation Pause) 236M->162M(250M) 19.222ms
[2026-07-01T01:37:30.891+0000][56.676s][info][gc,cpu      ] GC(72) User=0.03s Sys=0.00s Real=0.02s
[2026-07-01T01:37:32.273+0000][58.059s][info][gc,start    ] GC(73) Pause Young (Concurrent Start) (G1 Evacuation Pause)
[2026-07-01T01:37:32.273+0000][58.059s][info][gc,task     ] GC(73) Using 1 workers of 1 for evacuation
[2026-07-01T01:37:32.290+0000][58.076s][info][gc,phases   ] GC(73)   Pre Evacuate Collection Set: 0.17ms
[2026-07-01T01:37:32.291+0000][58.076s][info][gc,phases   ] GC(73)   Merge Heap Roots: 0.22ms
[2026-07-01T01:37:32.291+0000][58.076s][info][gc,phases   ] GC(73)   Evacuate Collection Set: 16.28ms
[2026-07-01T01:37:32.291+0000][58.076s][info][gc,phases   ] GC(73)   Post Evacuate Collection Set: 0.57ms
[2026-07-01T01:37:32.291+0000][58.076s][info][gc,phases   ] GC(73)   Other: 0.08ms
[2026-07-01T01:37:32.291+0000][58.076s][info][gc,heap     ] GC(73) Eden regions: 74->0(74)
[2026-07-01T01:37:32.291+0000][58.076s][info][gc,heap     ] GC(73) Survivor regions: 5->5(10)
[2026-07-01T01:37:32.291+0000][58.076s][info][gc,heap     ] GC(73) Old regions: 155->155
[2026-07-01T01:37:32.291+0000][58.076s][info][gc,heap     ] GC(73) Humongous regions: 3->3
[2026-07-01T01:37:32.291+0000][58.076s][info][gc,metaspace] GC(73) Metaspace: 41555K(42368K)->41555K(42368K) NonClass: 36434K(36864K)->36434K(36864K) Class: 5121K(5504K)->5121K(5504K)
[2026-07-01T01:37:32.291+0000][58.076s][info][gc          ] GC(73) Pause Young (Concurrent Start) (G1 Evacuation Pause) 236M->162M(250M) 17.488ms
[2026-07-01T01:37:32.291+0000][58.076s][info][gc          ] GC(74) Concurrent Mark Cycle
[2026-07-01T01:37:32.291+0000][58.076s][info][gc,cpu      ] GC(73) User=0.01s Sys=0.00s Real=0.02s
[2026-07-01T01:37:32.291+0000][58.076s][info][gc,marking  ] GC(74) Concurrent Scan Root Regions
[2026-07-01T01:37:32.314+0000][58.100s][info][gc,marking  ] GC(74) Concurrent Scan Root Regions 23.771ms
[2026-07-01T01:37:32.314+0000][58.100s][info][gc,marking  ] GC(74) Concurrent Mark
[2026-07-01T01:37:32.314+0000][58.100s][info][gc,marking  ] GC(74) Concurrent Mark From Roots
[2026-07-01T01:37:32.314+0000][58.100s][info][gc,task     ] GC(74) Using 1 workers of 1 for marking
[2026-07-01T01:37:33.875+0000][59.661s][info][gc,start    ] GC(75) Pause Young (Normal) (G1 Evacuation Pause)
[2026-07-01T01:37:33.875+0000][59.661s][info][gc,task     ] GC(75) Using 1 workers of 1 for evacuation
[2026-07-01T01:37:33.891+0000][59.677s][info][gc,phases   ] GC(75)   Pre Evacuate Collection Set: 0.18ms
[2026-07-01T01:37:33.891+0000][59.677s][info][gc,phases   ] GC(75)   Merge Heap Roots: 0.26ms
[2026-07-01T01:37:33.891+0000][59.677s][info][gc,phases   ] GC(75)   Evacuate Collection Set: 15.49ms
[2026-07-01T01:37:33.891+0000][59.677s][info][gc,phases   ] GC(75)   Post Evacuate Collection Set: 0.52ms
[2026-07-01T01:37:33.891+0000][59.677s][info][gc,phases   ] GC(75)   Other: 0.05ms
[2026-07-01T01:37:33.891+0000][59.677s][info][gc,heap     ] GC(75) Eden regions: 74->0(74)
[2026-07-01T01:37:33.891+0000][59.677s][info][gc,heap     ] GC(75) Survivor regions: 5->5(10)
[2026-07-01T01:37:33.891+0000][59.677s][info][gc,heap     ] GC(75) Old regions: 155->155
[2026-07-01T01:37:33.891+0000][59.677s][info][gc,heap     ] GC(75) Humongous regions: 3->3
[2026-07-01T01:37:33.891+0000][59.677s][info][gc,metaspace] GC(75) Metaspace: 41560K(42368K)->41560K(42368K) NonClass: 36439K(36864K)->36439K(36864K) Class: 5121K(5504K)->5121K(5504K)
[2026-07-01T01:37:33.891+0000][59.677s][info][gc          ] GC(75) Pause Young (Normal) (G1 Evacuation Pause) 236M->162M(250M) 16.634ms
[2026-07-01T01:37:33.891+0000][59.677s][info][gc,cpu      ] GC(75) User=0.02s Sys=0.00s Real=0.02s
[2026-07-01T01:37:34.767+0000][60.552s][info][gc,marking  ] GC(74) Concurrent Mark From Roots 2452.199ms
[2026-07-01T01:37:34.767+0000][60.553s][info][gc,marking  ] GC(74) Concurrent Preclean
[2026-07-01T01:37:34.767+0000][60.553s][info][gc,marking  ] GC(74) Concurrent Preclean 0.074ms
[2026-07-01T01:37:34.778+0000][60.563s][info][gc,start    ] GC(74) Pause Remark
[2026-07-01T01:37:34.811+0000][60.597s][info][gc          ] GC(74) Pause Remark 204M->204M(250M) 33.610ms
[2026-07-01T01:37:34.811+0000][60.597s][info][gc,cpu      ] GC(74) User=0.04s Sys=0.00s Real=0.04s
[2026-07-01T01:37:34.812+0000][60.598s][info][gc,marking  ] GC(74) Concurrent Mark 2497.810ms
[2026-07-01T01:37:34.812+0000][60.598s][info][gc,marking  ] GC(74) Concurrent Rebuild Remembered Sets and Scrub Regions
[2026-07-01T01:37:35.469+0000][61.254s][info][gc,start    ] GC(76) Pause Young (Normal) (G1 Evacuation Pause)
[2026-07-01T01:37:35.469+0000][61.254s][info][gc,task     ] GC(76) Using 1 workers of 1 for evacuation
[2026-07-01T01:37:35.486+0000][61.272s][info][gc,phases   ] GC(76)   Pre Evacuate Collection Set: 0.13ms
[2026-07-01T01:37:35.486+0000][61.272s][info][gc,phases   ] GC(76)   Merge Heap Roots: 0.37ms
[2026-07-01T01:37:35.486+0000][61.272s][info][gc,phases   ] GC(76)   Evacuate Collection Set: 16.43ms
[2026-07-01T01:37:35.486+0000][61.272s][info][gc,phases   ] GC(76)   Post Evacuate Collection Set: 0.70ms
[2026-07-01T01:37:35.486+0000][61.272s][info][gc,phases   ] GC(76)   Other: 0.06ms
[2026-07-01T01:37:35.486+0000][61.272s][info][gc,heap     ] GC(76) Eden regions: 74->0(74)
[2026-07-01T01:37:35.486+0000][61.272s][info][gc,heap     ] GC(76) Survivor regions: 5->5(10)
[2026-07-01T01:37:35.486+0000][61.272s][info][gc,heap     ] GC(76) Old regions: 155->155
[2026-07-01T01:37:35.486+0000][61.272s][info][gc,heap     ] GC(76) Humongous regions: 3->3
[2026-07-01T01:37:35.486+0000][61.272s][info][gc,metaspace] GC(76) Metaspace: 41561K(42368K)->41561K(42368K) NonClass: 36439K(36864K)->36439K(36864K) Class: 5121K(5504K)->5121K(5504K)
[2026-07-01T01:37:35.486+0000][61.272s][info][gc          ] GC(76) Pause Young (Normal) (G1 Evacuation Pause) 236M->162M(250M) 17.863ms
[2026-07-01T01:37:35.486+0000][61.272s][info][gc,cpu      ] GC(76) User=0.04s Sys=0.00s Real=0.01s
[2026-07-01T01:37:35.788+0000][61.573s][info][gc,marking  ] GC(74) Concurrent Rebuild Remembered Sets and Scrub Regions 975.302ms
[2026-07-01T01:37:35.788+0000][61.574s][info][gc,start    ] GC(74) Pause Cleanup
[2026-07-01T01:37:35.788+0000][61.574s][info][gc          ] GC(74) Pause Cleanup 178M->178M(250M) 0.195ms
[2026-07-01T01:37:35.788+0000][61.574s][info][gc,cpu      ] GC(74) User=0.00s Sys=0.00s Real=0.00s
[2026-07-01T01:37:35.788+0000][61.574s][info][gc,marking  ] GC(74) Concurrent Clear Claimed Marks
[2026-07-01T01:37:35.788+0000][61.574s][info][gc,marking  ] GC(74) Concurrent Clear Claimed Marks 0.089ms
[2026-07-01T01:37:35.788+0000][61.574s][info][gc,marking  ] GC(74) Concurrent Cleanup for Next Mark
[2026-07-01T01:37:35.790+0000][61.576s][info][gc,marking  ] GC(74) Concurrent Cleanup for Next Mark 2.292ms
[2026-07-01T01:37:35.791+0000][61.576s][info][gc          ] GC(74) Concurrent Mark Cycle 3499.891ms
[2026-07-01T01:37:36.801+0000][62.587s][info][gc,start    ] GC(77) Pause Young (Prepare Mixed) (G1 Evacuation Pause)
[2026-07-01T01:37:36.801+0000][62.587s][info][gc,task     ] GC(77) Using 1 workers of 1 for evacuation
[2026-07-01T01:37:36.872+0000][62.658s][info][gc,phases   ] GC(77)   Pre Evacuate Collection Set: 0.18ms
[2026-07-01T01:37:36.872+0000][62.658s][info][gc,phases   ] GC(77)   Merge Heap Roots: 0.74ms
[2026-07-01T01:37:36.872+0000][62.658s][info][gc,phases   ] GC(77)   Evacuate Collection Set: 68.92ms
[2026-07-01T01:37:36.872+0000][62.658s][info][gc,phases   ] GC(77)   Post Evacuate Collection Set: 0.91ms
[2026-07-01T01:37:36.872+0000][62.658s][info][gc,phases   ] GC(77)   Other: 0.05ms
[2026-07-01T01:37:36.872+0000][62.658s][info][gc,heap     ] GC(77) Eden regions: 74->0(74)
[2026-07-01T01:37:36.872+0000][62.658s][info][gc,heap     ] GC(77) Survivor regions: 5->5(10)
[2026-07-01T01:37:36.872+0000][62.658s][info][gc,heap     ] GC(77) Old regions: 155->155
[2026-07-01T01:37:36.872+0000][62.658s][info][gc,heap     ] GC(77) Humongous regions: 3->3
[2026-07-01T01:37:36.872+0000][62.658s][info][gc,metaspace] GC(77) Metaspace: 41565K(42368K)->41565K(42368K) NonClass: 36443K(36864K)->36443K(36864K) Class: 5121K(5504K)->5121K(5504K)
[2026-07-01T01:37:36.872+0000][62.658s][info][gc          ] GC(77) Pause Young (Prepare Mixed) (G1 Evacuation Pause) 236M->162M(250M) 70.967ms
[2026-07-01T01:37:36.872+0000][62.658s][info][gc,cpu      ] GC(77) User=0.03s Sys=0.00s Real=0.07s
[2026-07-01T01:37:38.084+0000][63.870s][info][gc,start    ] GC(78) Pause Young (Mixed) (G1 Evacuation Pause)
[2026-07-01T01:37:38.085+0000][63.870s][info][gc,task     ] GC(78) Using 1 workers of 1 for evacuation
[2026-07-01T01:37:38.112+0000][63.898s][info][gc,phases   ] GC(78)   Pre Evacuate Collection Set: 0.21ms
[2026-07-01T01:37:38.112+0000][63.898s][info][gc,phases   ] GC(78)   Merge Heap Roots: 0.78ms
[2026-07-01T01:37:38.112+0000][63.898s][info][gc,phases   ] GC(78)   Evacuate Collection Set: 25.54ms
[2026-07-01T01:37:38.112+0000][63.898s][info][gc,phases   ] GC(78)   Post Evacuate Collection Set: 0.56ms
[2026-07-01T01:37:38.112+0000][63.898s][info][gc,phases   ] GC(78)   Other: 0.06ms
[2026-07-01T01:37:38.112+0000][63.898s][info][gc,heap     ] GC(78) Eden regions: 74->0(74)
[2026-07-01T01:37:38.112+0000][63.898s][info][gc,heap     ] GC(78) Survivor regions: 5->5(10)
[2026-07-01T01:37:38.112+0000][63.898s][info][gc,heap     ] GC(78) Old regions: 155->155
[2026-07-01T01:37:38.112+0000][63.898s][info][gc,heap     ] GC(78) Humongous regions: 3->3
[2026-07-01T01:37:38.112+0000][63.898s][info][gc,metaspace] GC(78) Metaspace: 41566K(42368K)->41566K(42368K) NonClass: 36445K(36864K)->36445K(36864K) Class: 5121K(5504K)->5121K(5504K)
[2026-07-01T01:37:38.112+0000][63.898s][info][gc          ] GC(78) Pause Young (Mixed) (G1 Evacuation Pause) 236M->162M(250M) 27.366ms
[2026-07-01T01:37:38.112+0000][63.898s][info][gc,cpu      ] GC(78) User=0.05s Sys=0.00s Real=0.03s
[2026-07-01T01:37:39.382+0000][65.167s][info][gc,start    ] GC(79) Pause Young (Concurrent Start) (G1 Evacuation Pause)
[2026-07-01T01:37:39.382+0000][65.168s][info][gc,task     ] GC(79) Using 1 workers of 1 for evacuation
[2026-07-01T01:37:39.423+0000][65.208s][info][gc,phases   ] GC(79)   Pre Evacuate Collection Set: 0.54ms
[2026-07-01T01:37:39.423+0000][65.209s][info][gc,phases   ] GC(79)   Merge Heap Roots: 0.30ms
[2026-07-01T01:37:39.423+0000][65.209s][info][gc,phases   ] GC(79)   Evacuate Collection Set: 39.41ms
[2026-07-01T01:37:39.423+0000][65.209s][info][gc,phases   ] GC(79)   Post Evacuate Collection Set: 0.64ms
[2026-07-01T01:37:39.423+0000][65.209s][info][gc,phases   ] GC(79)   Other: 0.08ms
[2026-07-01T01:37:39.423+0000][65.209s][info][gc,heap     ] GC(79) Eden regions: 74->0(74)
[2026-07-01T01:37:39.423+0000][65.209s][info][gc,heap     ] GC(79) Survivor regions: 5->5(10)
[2026-07-01T01:37:39.423+0000][65.209s][info][gc,heap     ] GC(79) Old regions: 155->155
[2026-07-01T01:37:39.423+0000][65.209s][info][gc,heap     ] GC(79) Humongous regions: 3->3
[2026-07-01T01:37:39.423+0000][65.209s][info][gc,metaspace] GC(79) Metaspace: 41571K(42368K)->41571K(42368K) NonClass: 36449K(36864K)->36449K(36864K) Class: 5121K(5504K)->5121K(5504K)
[2026-07-01T01:37:39.423+0000][65.209s][info][gc          ] GC(79) Pause Young (Concurrent Start) (G1 Evacuation Pause) 236M->163M(250M) 41.155ms
[2026-07-01T01:37:39.423+0000][65.209s][info][gc          ] GC(80) Concurrent Mark Cycle
[2026-07-01T01:37:39.423+0000][65.209s][info][gc,marking  ] GC(80) Concurrent Scan Root Regions
[2026-07-01T01:37:39.423+0000][65.209s][info][gc,cpu      ] GC(79) User=0.03s Sys=0.01s Real=0.04s
[2026-07-01T01:37:39.466+0000][65.252s][info][gc,marking  ] GC(80) Concurrent Scan Root Regions 42.866ms
[2026-07-01T01:37:39.466+0000][65.252s][info][gc,marking  ] GC(80) Concurrent Mark
[2026-07-01T01:37:39.466+0000][65.252s][info][gc,marking  ] GC(80) Concurrent Mark From Roots
[2026-07-01T01:37:39.466+0000][65.252s][info][gc,task     ] GC(80) Using 1 workers of 1 for marking
[2026-07-01T01:37:40.980+0000][66.765s][info][gc,start    ] GC(81) Pause Young (Normal) (G1 Evacuation Pause)
[2026-07-01T01:37:40.980+0000][66.765s][info][gc,task     ] GC(81) Using 1 workers of 1 for evacuation
[2026-07-01T01:37:40.998+0000][66.784s][info][gc,phases   ] GC(81)   Pre Evacuate Collection Set: 0.15ms
[2026-07-01T01:37:40.998+0000][66.784s][info][gc,phases   ] GC(81)   Merge Heap Roots: 0.28ms
[2026-07-01T01:37:40.998+0000][66.784s][info][gc,phases   ] GC(81)   Evacuate Collection Set: 17.37ms
[2026-07-01T01:37:40.998+0000][66.784s][info][gc,phases   ] GC(81)   Post Evacuate Collection Set: 0.58ms
[2026-07-01T01:37:40.998+0000][66.784s][info][gc,phases   ] GC(81)   Other: 0.05ms
[2026-07-01T01:37:40.998+0000][66.784s][info][gc,heap     ] GC(81) Eden regions: 74->0(72)
[2026-07-01T01:37:40.998+0000][66.784s][info][gc,heap     ] GC(81) Survivor regions: 5->6(10)
[2026-07-01T01:37:40.998+0000][66.784s][info][gc,heap     ] GC(81) Old regions: 155->156
[2026-07-01T01:37:40.998+0000][66.784s][info][gc,heap     ] GC(81) Humongous regions: 3->3
[2026-07-01T01:37:40.998+0000][66.784s][info][gc,metaspace] GC(81) Metaspace: 41571K(42368K)->41571K(42368K) NonClass: 36449K(36864K)->36449K(36864K) Class: 5122K(5504K)->5122K(5504K)
[2026-07-01T01:37:40.998+0000][66.784s][info][gc          ] GC(81) Pause Young (Normal) (G1 Evacuation Pause) 237M->163M(250M) 18.597ms
[2026-07-01T01:37:40.998+0000][66.784s][info][gc,cpu      ] GC(81) User=0.02s Sys=0.00s Real=0.02s
[2026-07-01T01:37:41.697+0000][67.483s][info][gc,marking  ] GC(80) Concurrent Mark From Roots 2231.072ms
[2026-07-01T01:37:41.697+0000][67.483s][info][gc,marking  ] GC(80) Concurrent Preclean
[2026-07-01T01:37:41.697+0000][67.483s][info][gc,marking  ] GC(80) Concurrent Preclean 0.120ms
[2026-07-01T01:37:41.699+0000][67.484s][info][gc,start    ] GC(80) Pause Remark
[2026-07-01T01:37:41.768+0000][67.554s][info][gc          ] GC(80) Pause Remark 200M->200M(250M) 69.043ms
[2026-07-01T01:37:41.768+0000][67.554s][info][gc,cpu      ] GC(80) User=0.01s Sys=0.00s Real=0.06s
[2026-07-01T01:37:41.771+0000][67.557s][info][gc,marking  ] GC(80) Concurrent Mark 2305.061ms
[2026-07-01T01:37:41.771+0000][67.557s][info][gc,marking  ] GC(80) Concurrent Rebuild Remembered Sets and Scrub Regions
[2026-07-01T01:37:42.498+0000][68.284s][info][gc,marking  ] GC(80) Concurrent Rebuild Remembered Sets and Scrub Regions 727.095ms
[2026-07-01T01:37:42.499+0000][68.285s][info][gc,start    ] GC(80) Pause Cleanup
[2026-07-01T01:37:42.499+0000][68.285s][info][gc          ] GC(80) Pause Cleanup 234M->234M(250M) 0.170ms
[2026-07-01T01:37:42.499+0000][68.285s][info][gc,cpu      ] GC(80) User=0.00s Sys=0.00s Real=0.00s
[2026-07-01T01:37:42.500+0000][68.285s][info][gc,marking  ] GC(80) Concurrent Clear Claimed Marks
[2026-07-01T01:37:42.500+0000][68.285s][info][gc,marking  ] GC(80) Concurrent Clear Claimed Marks 0.081ms
[2026-07-01T01:37:42.500+0000][68.285s][info][gc,marking  ] GC(80) Concurrent Cleanup for Next Mark
[2026-07-01T01:37:42.500+0000][68.286s][info][gc,marking  ] GC(80) Concurrent Cleanup for Next Mark 0.557ms
[2026-07-01T01:37:42.500+0000][68.286s][info][gc          ] GC(80) Concurrent Mark Cycle 3077.427ms
[2026-07-01T01:37:42.569+0000][68.355s][info][gc,start    ] GC(82) Pause Young (Prepare Mixed) (G1 Evacuation Pause)
[2026-07-01T01:37:42.569+0000][68.355s][info][gc,task     ] GC(82) Using 1 workers of 1 for evacuation
[2026-07-01T01:37:42.588+0000][68.374s][info][gc,phases   ] GC(82)   Pre Evacuate Collection Set: 0.21ms
[2026-07-01T01:37:42.588+0000][68.374s][info][gc,phases   ] GC(82)   Merge Heap Roots: 0.56ms
[2026-07-01T01:37:42.588+0000][68.374s][info][gc,phases   ] GC(82)   Evacuate Collection Set: 17.48ms
[2026-07-01T01:37:42.588+0000][68.374s][info][gc,phases   ] GC(82)   Post Evacuate Collection Set: 0.95ms
[2026-07-01T01:37:42.588+0000][68.374s][info][gc,phases   ] GC(82)   Other: 0.06ms
[2026-07-01T01:37:42.588+0000][68.374s][info][gc,heap     ] GC(82) Eden regions: 72->0(72)
[2026-07-01T01:37:42.588+0000][68.374s][info][gc,heap     ] GC(82) Survivor regions: 6->6(10)
[2026-07-01T01:37:42.588+0000][68.374s][info][gc,heap     ] GC(82) Old regions: 156->156
[2026-07-01T01:37:42.588+0000][68.374s][info][gc,heap     ] GC(82) Humongous regions: 3->3
[2026-07-01T01:37:42.588+0000][68.374s][info][gc,metaspace] GC(82) Metaspace: 41571K(42368K)->41571K(42368K) NonClass: 36449K(36864K)->36449K(36864K) Class: 5122K(5504K)->5122K(5504K)
[2026-07-01T01:37:42.588+0000][68.374s][info][gc          ] GC(82) Pause Young (Prepare Mixed) (G1 Evacuation Pause) 235M->163M(250M) 19.409ms
[2026-07-01T01:37:42.588+0000][68.374s][info][gc,cpu      ] GC(82) User=0.02s Sys=0.00s Real=0.02s
[2026-07-01T01:37:43.782+0000][69.568s][info][gc,start    ] GC(83) Pause Young (Mixed) (G1 Evacuation Pause)
[2026-07-01T01:37:43.782+0000][69.568s][info][gc,task     ] GC(83) Using 1 workers of 1 for evacuation
[2026-07-01T01:37:43.801+0000][69.587s][info][gc,phases   ] GC(83)   Pre Evacuate Collection Set: 0.32ms
[2026-07-01T01:37:43.801+0000][69.587s][info][gc,phases   ] GC(83)   Merge Heap Roots: 0.53ms
[2026-07-01T01:37:43.801+0000][69.587s][info][gc,phases   ] GC(83)   Evacuate Collection Set: 17.90ms
[2026-07-01T01:37:43.801+0000][69.587s][info][gc,phases   ] GC(83)   Post Evacuate Collection Set: 0.52ms
[2026-07-01T01:37:43.801+0000][69.587s][info][gc,phases   ] GC(83)   Other: 0.05ms
[2026-07-01T01:37:43.801+0000][69.587s][info][gc,heap     ] GC(83) Eden regions: 72->0(73)
[2026-07-01T01:37:43.801+0000][69.587s][info][gc,heap     ] GC(83) Survivor regions: 6->5(10)
[2026-07-01T01:37:43.801+0000][69.587s][info][gc,heap     ] GC(83) Old regions: 156->156
[2026-07-01T01:37:43.801+0000][69.587s][info][gc,heap     ] GC(83) Humongous regions: 3->3
[2026-07-01T01:37:43.801+0000][69.587s][info][gc,metaspace] GC(83) Metaspace: 41583K(42368K)->41583K(42368K) NonClass: 36461K(36864K)->36461K(36864K) Class: 5122K(5504K)->5122K(5504K)
[2026-07-01T01:37:43.802+0000][69.587s][info][gc          ] GC(83) Pause Young (Mixed) (G1 Evacuation Pause) 235M->163M(250M) 19.486ms
[2026-07-01T01:37:43.802+0000][69.587s][info][gc,cpu      ] GC(83) User=0.01s Sys=0.00s Real=0.02s
[2026-07-01T01:37:44.999+0000][70.785s][info][gc,start    ] GC(84) Pause Young (Concurrent Start) (G1 Evacuation Pause)
[2026-07-01T01:37:44.999+0000][70.785s][info][gc,task     ] GC(84) Using 1 workers of 1 for evacuation
[2026-07-01T01:37:45.066+0000][70.852s][info][gc,phases   ] GC(84)   Pre Evacuate Collection Set: 0.27ms
[2026-07-01T01:37:45.066+0000][70.852s][info][gc,phases   ] GC(84)   Merge Heap Roots: 0.30ms
[2026-07-01T01:37:45.066+0000][70.852s][info][gc,phases   ] GC(84)   Evacuate Collection Set: 65.52ms
[2026-07-01T01:37:45.066+0000][70.852s][info][gc,phases   ] GC(84)   Post Evacuate Collection Set: 0.59ms
[2026-07-01T01:37:45.066+0000][70.852s][info][gc,phases   ] GC(84)   Other: 0.10ms
[2026-07-01T01:37:45.066+0000][70.852s][info][gc,heap     ] GC(84) Eden regions: 73->0(72)
[2026-07-01T01:37:45.066+0000][70.852s][info][gc,heap     ] GC(84) Survivor regions: 5->6(10)
[2026-07-01T01:37:45.066+0000][70.852s][info][gc,heap     ] GC(84) Old regions: 156->156
[2026-07-01T01:37:45.066+0000][70.852s][info][gc,heap     ] GC(84) Humongous regions: 3->3
[2026-07-01T01:37:45.066+0000][70.852s][info][gc,metaspace] GC(84) Metaspace: 41585K(42368K)->41585K(42368K) NonClass: 36463K(36864K)->36463K(36864K) Class: 5122K(5504K)->5122K(5504K)
[2026-07-01T01:37:45.066+0000][70.852s][info][gc          ] GC(84) Pause Young (Concurrent Start) (G1 Evacuation Pause) 236M->164M(250M) 66.959ms
[2026-07-01T01:37:45.066+0000][70.852s][info][gc          ] GC(85) Concurrent Mark Cycle
[2026-07-01T01:37:45.066+0000][70.852s][info][gc,marking  ] GC(85) Concurrent Scan Root Regions
[2026-07-01T01:37:45.066+0000][70.852s][info][gc,cpu      ] GC(84) User=0.02s Sys=0.00s Real=0.06s
[2026-07-01T01:37:45.089+0000][70.875s][info][gc,marking  ] GC(85) Concurrent Scan Root Regions 22.692ms
[2026-07-01T01:37:45.089+0000][70.875s][info][gc,marking  ] GC(85) Concurrent Mark
[2026-07-01T01:37:45.089+0000][70.875s][info][gc,marking  ] GC(85) Concurrent Mark From Roots
[2026-07-01T01:37:45.089+0000][70.875s][info][gc,task     ] GC(85) Using 1 workers of 1 for marking
[2026-07-01T01:37:46.583+0000][72.369s][info][gc,start    ] GC(86) Pause Young (Normal) (G1 Evacuation Pause)
[2026-07-01T01:37:46.583+0000][72.369s][info][gc,task     ] GC(86) Using 1 workers of 1 for evacuation
[2026-07-01T01:37:46.608+0000][72.394s][info][gc,phases   ] GC(86)   Pre Evacuate Collection Set: 0.19ms
[2026-07-01T01:37:46.608+0000][72.394s][info][gc,phases   ] GC(86)   Merge Heap Roots: 0.37ms
[2026-07-01T01:37:46.608+0000][72.394s][info][gc,phases   ] GC(86)   Evacuate Collection Set: 23.99ms
[2026-07-01T01:37:46.608+0000][72.394s][info][gc,phases   ] GC(86)   Post Evacuate Collection Set: 0.54ms
[2026-07-01T01:37:46.608+0000][72.394s][info][gc,phases   ] GC(86)   Other: 0.05ms
[2026-07-01T01:37:46.608+0000][72.394s][info][gc,heap     ] GC(86) Eden regions: 72->0(72)
[2026-07-01T01:37:46.608+0000][72.394s][info][gc,heap     ] GC(86) Survivor regions: 6->6(10)
[2026-07-01T01:37:46.608+0000][72.394s][info][gc,heap     ] GC(86) Old regions: 156->156
[2026-07-01T01:37:46.608+0000][72.394s][info][gc,heap     ] GC(86) Humongous regions: 3->3
[2026-07-01T01:37:46.608+0000][72.394s][info][gc,metaspace] GC(86) Metaspace: 41590K(42368K)->41590K(42368K) NonClass: 36467K(36864K)->36467K(36864K) Class: 5122K(5504K)->5122K(5504K)
[2026-07-01T01:37:46.608+0000][72.394s][info][gc          ] GC(86) Pause Young (Normal) (G1 Evacuation Pause) 236M->164M(250M) 25.315ms
[2026-07-01T01:37:46.608+0000][72.394s][info][gc,cpu      ] GC(86) User=0.05s Sys=0.00s Real=0.03s
[2026-07-01T01:37:47.792+0000][73.577s][info][gc,marking  ] GC(85) Concurrent Mark From Roots 2702.909ms
[2026-07-01T01:37:47.792+0000][73.578s][info][gc,marking  ] GC(85) Concurrent Preclean
[2026-07-01T01:37:47.792+0000][73.578s][info][gc,marking  ] GC(85) Concurrent Preclean 0.128ms
[2026-07-01T01:37:47.796+0000][73.581s][info][gc,start    ] GC(85) Pause Remark
[2026-07-01T01:37:47.865+0000][73.650s][info][gc          ] GC(85) Pause Remark 226M->226M(250M) 68.909ms
[2026-07-01T01:37:47.865+0000][73.650s][info][gc,cpu      ] GC(85) User=0.03s Sys=0.00s Real=0.07s
[2026-07-01T01:37:47.866+0000][73.652s][info][gc,marking  ] GC(85) Concurrent Mark 2777.491ms
[2026-07-01T01:37:47.866+0000][73.652s][info][gc,marking  ] GC(85) Concurrent Rebuild Remembered Sets and Scrub Regions
[2026-07-01T01:37:48.073+0000][73.859s][info][gc,start    ] GC(87) Pause Young (Normal) (G1 Evacuation Pause)
[2026-07-01T01:37:48.073+0000][73.859s][info][gc,task     ] GC(87) Using 1 workers of 1 for evacuation
[2026-07-01T01:37:48.094+0000][73.880s][info][gc,phases   ] GC(87)   Pre Evacuate Collection Set: 0.50ms
[2026-07-01T01:37:48.095+0000][73.880s][info][gc,phases   ] GC(87)   Merge Heap Roots: 0.80ms
[2026-07-01T01:37:48.095+0000][73.880s][info][gc,phases   ] GC(87)   Evacuate Collection Set: 18.44ms
[2026-07-01T01:37:48.095+0000][73.880s][info][gc,phases   ] GC(87)   Post Evacuate Collection Set: 1.26ms
[2026-07-01T01:37:48.095+0000][73.880s][info][gc,phases   ] GC(87)   Other: 0.06ms
[2026-07-01T01:37:48.095+0000][73.880s][info][gc,heap     ] GC(87) Eden regions: 72->0(125)
[2026-07-01T01:37:48.095+0000][73.880s][info][gc,heap     ] GC(87) Survivor regions: 6->6(10)
[2026-07-01T01:37:48.095+0000][73.880s][info][gc,heap     ] GC(87) Old regions: 156->157
[2026-07-01T01:37:48.095+0000][73.880s][info][gc,heap     ] GC(87) Humongous regions: 3->3
[2026-07-01T01:37:48.095+0000][73.880s][info][gc,metaspace] GC(87) Metaspace: 41592K(42368K)->41592K(42368K) NonClass: 36469K(36864K)->36469K(36864K) Class: 5122K(5504K)->5122K(5504K)
[2026-07-01T01:37:48.095+0000][73.880s][info][gc          ] GC(87) Pause Young (Normal) (G1 Evacuation Pause) 236M->164M(307M) 21.226ms
[2026-07-01T01:37:48.095+0000][73.880s][info][gc,cpu      ] GC(87) User=0.02s Sys=0.00s Real=0.02s
[2026-07-01T01:37:48.473+0000][74.259s][info][gc,marking  ] GC(85) Concurrent Rebuild Remembered Sets and Scrub Regions 606.685ms
[2026-07-01T01:37:48.473+0000][74.259s][info][gc,start    ] GC(85) Pause Cleanup
[2026-07-01T01:37:48.473+0000][74.259s][info][gc          ] GC(85) Pause Cleanup 183M->183M(307M) 0.301ms
[2026-07-01T01:37:48.473+0000][74.259s][info][gc,cpu      ] GC(85) User=0.00s Sys=0.00s Real=0.00s
[2026-07-01T01:37:48.474+0000][74.260s][info][gc,marking  ] GC(85) Concurrent Clear Claimed Marks
[2026-07-01T01:37:48.474+0000][74.260s][info][gc,marking  ] GC(85) Concurrent Clear Claimed Marks 0.088ms
[2026-07-01T01:37:48.474+0000][74.260s][info][gc,marking  ] GC(85) Concurrent Cleanup for Next Mark
[2026-07-01T01:37:48.499+0000][74.284s][info][gc,marking  ] GC(85) Concurrent Cleanup for Next Mark 24.351ms
[2026-07-01T01:37:48.499+0000][74.284s][info][gc          ] GC(85) Concurrent Mark Cycle 3432.585ms
[2026-07-01T01:37:50.202+0000][75.988s][info][gc,start    ] GC(88) Pause Young (Prepare Mixed) (G1 Evacuation Pause)
[2026-07-01T01:37:50.202+0000][75.988s][info][gc,task     ] GC(88) Using 1 workers of 1 for evacuation
[2026-07-01T01:37:50.277+0000][76.063s][info][gc,phases   ] GC(88)   Pre Evacuate Collection Set: 0.17ms
[2026-07-01T01:37:50.277+0000][76.063s][info][gc,phases   ] GC(88)   Merge Heap Roots: 0.40ms
[2026-07-01T01:37:50.277+0000][76.063s][info][gc,phases   ] GC(88)   Evacuate Collection Set: 73.88ms
[2026-07-01T01:37:50.277+0000][76.063s][info][gc,phases   ] GC(88)   Post Evacuate Collection Set: 0.67ms
[2026-07-01T01:37:50.277+0000][76.063s][info][gc,phases   ] GC(88)   Other: 0.07ms
[2026-07-01T01:37:50.277+0000][76.063s][info][gc,heap     ] GC(88) Eden regions: 125->0(125)
[2026-07-01T01:37:50.277+0000][76.063s][info][gc,heap     ] GC(88) Survivor regions: 6->6(17)
[2026-07-01T01:37:50.277+0000][76.063s][info][gc,heap     ] GC(88) Old regions: 157->157
[2026-07-01T01:37:50.277+0000][76.063s][info][gc,heap     ] GC(88) Humongous regions: 3->3
[2026-07-01T01:37:50.277+0000][76.063s][info][gc,metaspace] GC(88) Metaspace: 41592K(42368K)->41592K(42368K) NonClass: 36470K(36864K)->36470K(36864K) Class: 5122K(5504K)->5122K(5504K)
[2026-07-01T01:37:50.277+0000][76.063s][info][gc          ] GC(88) Pause Young (Prepare Mixed) (G1 Evacuation Pause) 289M->164M(307M) 75.345ms
[2026-07-01T01:37:50.277+0000][76.063s][info][gc,cpu      ] GC(88) User=0.03s Sys=0.00s Real=0.07s
[2026-07-01T01:37:52.277+0000][78.063s][info][gc,start    ] GC(89) Pause Young (Mixed) (G1 Evacuation Pause)
[2026-07-01T01:37:52.277+0000][78.063s][info][gc,task     ] GC(89) Using 1 workers of 1 for evacuation
[2026-07-01T01:37:52.299+0000][78.085s][info][gc,phases   ] GC(89)   Pre Evacuate Collection Set: 0.19ms
[2026-07-01T01:37:52.299+0000][78.085s][info][gc,phases   ] GC(89)   Merge Heap Roots: 0.28ms
[2026-07-01T01:37:52.299+0000][78.085s][info][gc,phases   ] GC(89)   Evacuate Collection Set: 20.55ms
[2026-07-01T01:37:52.299+0000][78.085s][info][gc,phases   ] GC(89)   Post Evacuate Collection Set: 0.62ms
[2026-07-01T01:37:52.299+0000][78.085s][info][gc,phases   ] GC(89)   Other: 0.05ms
[2026-07-01T01:37:52.299+0000][78.085s][info][gc,heap     ] GC(89) Eden regions: 125->0(125)
[2026-07-01T01:37:52.299+0000][78.085s][info][gc,heap     ] GC(89) Survivor regions: 6->6(17)
[2026-07-01T01:37:52.299+0000][78.085s][info][gc,heap     ] GC(89) Old regions: 157->157
[2026-07-01T01:37:52.299+0000][78.085s][info][gc,heap     ] GC(89) Humongous regions: 3->3
[2026-07-01T01:37:52.299+0000][78.085s][info][gc,metaspace] GC(89) Metaspace: 41592K(42368K)->41592K(42368K) NonClass: 36470K(36864K)->36470K(36864K) Class: 5122K(5504K)->5122K(5504K)
[2026-07-01T01:37:52.299+0000][78.085s][info][gc          ] GC(89) Pause Young (Mixed) (G1 Evacuation Pause) 289M->165M(307M) 21.832ms
[2026-07-01T01:37:52.299+0000][78.085s][info][gc,cpu      ] GC(89) User=0.02s Sys=0.00s Real=0.03s
[2026-07-01T01:37:54.489+0000][80.275s][info][gc,start    ] GC(90) Pause Young (Concurrent Start) (G1 Evacuation Pause)
[2026-07-01T01:37:54.489+0000][80.275s][info][gc,task     ] GC(90) Using 1 workers of 1 for evacuation
[2026-07-01T01:37:54.510+0000][80.296s][info][gc,phases   ] GC(90)   Pre Evacuate Collection Set: 0.18ms
[2026-07-01T01:37:54.510+0000][80.296s][info][gc,phases   ] GC(90)   Merge Heap Roots: 0.35ms
[2026-07-01T01:37:54.510+0000][80.296s][info][gc,phases   ] GC(90)   Evacuate Collection Set: 19.73ms
[2026-07-01T01:37:54.510+0000][80.296s][info][gc,phases   ] GC(90)   Post Evacuate Collection Set: 0.49ms
[2026-07-01T01:37:54.510+0000][80.296s][info][gc,phases   ] GC(90)   Other: 0.08ms
[2026-07-01T01:37:54.510+0000][80.296s][info][gc,heap     ] GC(90) Eden regions: 125->0(125)
[2026-07-01T01:37:54.510+0000][80.296s][info][gc,heap     ] GC(90) Survivor regions: 6->6(17)
[2026-07-01T01:37:54.510+0000][80.296s][info][gc,heap     ] GC(90) Old regions: 157->157
[2026-07-01T01:37:54.510+0000][80.296s][info][gc,heap     ] GC(90) Humongous regions: 3->3
[2026-07-01T01:37:54.510+0000][80.296s][info][gc,metaspace] GC(90) Metaspace: 41592K(42368K)->41592K(42368K) NonClass: 36470K(36864K)->36470K(36864K) Class: 5122K(5504K)->5122K(5504K)
[2026-07-01T01:37:54.510+0000][80.296s][info][gc          ] GC(90) Pause Young (Concurrent Start) (G1 Evacuation Pause) 290M->165M(307M) 20.972ms
[2026-07-01T01:37:54.510+0000][80.296s][info][gc          ] GC(91) Concurrent Mark Cycle
[2026-07-01T01:37:54.510+0000][80.296s][info][gc,marking  ] GC(91) Concurrent Scan Root Regions
[2026-07-01T01:37:54.510+0000][80.296s][info][gc,cpu      ] GC(90) User=0.02s Sys=0.00s Real=0.02s
[2026-07-01T01:37:54.567+0000][80.353s][info][gc,marking  ] GC(91) Concurrent Scan Root Regions 56.731ms
[2026-07-01T01:37:54.567+0000][80.353s][info][gc,marking  ] GC(91) Concurrent Mark
[2026-07-01T01:37:54.567+0000][80.353s][info][gc,marking  ] GC(91) Concurrent Mark From Roots
[2026-07-01T01:37:54.567+0000][80.353s][info][gc,task     ] GC(91) Using 1 workers of 1 for marking
[2026-07-01T01:37:56.100+0000][81.885s][info][gc,marking  ] GC(91) Concurrent Mark From Roots 1532.324ms
[2026-07-01T01:37:56.100+0000][81.885s][info][gc,marking  ] GC(91) Concurrent Preclean
[2026-07-01T01:37:56.100+0000][81.886s][info][gc,marking  ] GC(91) Concurrent Preclean 0.289ms
[2026-07-01T01:37:56.100+0000][81.886s][info][gc,start    ] GC(91) Pause Remark
[2026-07-01T01:37:56.173+0000][81.959s][info][gc          ] GC(91) Pause Remark 242M->242M(307M) 72.829ms
[2026-07-01T01:37:56.173+0000][81.959s][info][gc,cpu      ] GC(91) User=0.02s Sys=0.00s Real=0.07s
[2026-07-01T01:37:56.176+0000][81.962s][info][gc,marking  ] GC(91) Concurrent Mark 1608.847ms
[2026-07-01T01:37:56.176+0000][81.962s][info][gc,marking  ] GC(91) Concurrent Rebuild Remembered Sets and Scrub Regions
[2026-07-01T01:37:57.092+0000][82.878s][info][gc,start    ] GC(92) Pause Young (Normal) (G1 Evacuation Pause)
[2026-07-01T01:37:57.092+0000][82.878s][info][gc,task     ] GC(92) Using 1 workers of 1 for evacuation
[2026-07-01T01:37:57.113+0000][82.899s][info][gc,phases   ] GC(92)   Pre Evacuate Collection Set: 0.13ms
[2026-07-01T01:37:57.113+0000][82.899s][info][gc,phases   ] GC(92)   Merge Heap Roots: 0.51ms
[2026-07-01T01:37:57.113+0000][82.899s][info][gc,phases   ] GC(92)   Evacuate Collection Set: 20.12ms
[2026-07-01T01:37:57.113+0000][82.899s][info][gc,phases   ] GC(92)   Post Evacuate Collection Set: 0.72ms
[2026-07-01T01:37:57.113+0000][82.899s][info][gc,phases   ] GC(92)   Other: 0.06ms
[2026-07-01T01:37:57.113+0000][82.899s][info][gc,heap     ] GC(92) Eden regions: 125->0(124)
[2026-07-01T01:37:57.113+0000][82.899s][info][gc,heap     ] GC(92) Survivor regions: 6->6(17)
[2026-07-01T01:37:57.113+0000][82.899s][info][gc,heap     ] GC(92) Old regions: 157->158
[2026-07-01T01:37:57.113+0000][82.899s][info][gc,heap     ] GC(92) Humongous regions: 3->3
[2026-07-01T01:37:57.113+0000][82.899s][info][gc,metaspace] GC(92) Metaspace: 41592K(42368K)->41592K(42368K) NonClass: 36470K(36864K)->36470K(36864K) Class: 5122K(5504K)->5122K(5504K)
[2026-07-01T01:37:57.113+0000][82.899s][info][gc          ] GC(92) Pause Young (Normal) (G1 Evacuation Pause) 290M->166M(307M) 21.687ms
[2026-07-01T01:37:57.113+0000][82.899s][info][gc,cpu      ] GC(92) User=0.02s Sys=0.00s Real=0.02s
[2026-07-01T01:37:57.170+0000][82.955s][info][gc,marking  ] GC(91) Concurrent Rebuild Remembered Sets and Scrub Regions 993.514ms
[2026-07-01T01:37:57.170+0000][82.956s][info][gc,start    ] GC(91) Pause Cleanup
[2026-07-01T01:37:57.170+0000][82.956s][info][gc          ] GC(91) Pause Cleanup 168M->168M(307M) 0.158ms
[2026-07-01T01:37:57.170+0000][82.956s][info][gc,cpu      ] GC(91) User=0.00s Sys=0.00s Real=0.00s
[2026-07-01T01:37:57.170+0000][82.956s][info][gc,marking  ] GC(91) Concurrent Clear Claimed Marks
[2026-07-01T01:37:57.170+0000][82.956s][info][gc,marking  ] GC(91) Concurrent Clear Claimed Marks 0.099ms
[2026-07-01T01:37:57.170+0000][82.956s][info][gc,marking  ] GC(91) Concurrent Cleanup for Next Mark
[2026-07-01T01:37:57.171+0000][82.957s][info][gc,marking  ] GC(91) Concurrent Cleanup for Next Mark 0.602ms
[2026-07-01T01:37:57.171+0000][82.957s][info][gc          ] GC(91) Concurrent Mark Cycle 2660.483ms
[2026-07-01T01:37:59.002+0000][84.787s][info][gc,start    ] GC(93) Pause Young (Prepare Mixed) (G1 Evacuation Pause)
[2026-07-01T01:37:59.002+0000][84.788s][info][gc,task     ] GC(93) Using 1 workers of 1 for evacuation
[2026-07-01T01:37:59.078+0000][84.864s][info][gc,phases   ] GC(93)   Pre Evacuate Collection Set: 0.23ms
[2026-07-01T01:37:59.078+0000][84.864s][info][gc,phases   ] GC(93)   Merge Heap Roots: 0.53ms
[2026-07-01T01:37:59.078+0000][84.864s][info][gc,phases   ] GC(93)   Evacuate Collection Set: 74.94ms
[2026-07-01T01:37:59.078+0000][84.864s][info][gc,phases   ] GC(93)   Post Evacuate Collection Set: 0.90ms
[2026-07-01T01:37:59.078+0000][84.864s][info][gc,phases   ] GC(93)   Other: 0.05ms
[2026-07-01T01:37:59.078+0000][84.864s][info][gc,heap     ] GC(93) Eden regions: 124->0(124)
[2026-07-01T01:37:59.078+0000][84.864s][info][gc,heap     ] GC(93) Survivor regions: 6->6(17)
[2026-07-01T01:37:59.078+0000][84.864s][info][gc,heap     ] GC(93) Old regions: 158->158
[2026-07-01T01:37:59.078+0000][84.864s][info][gc,heap     ] GC(93) Humongous regions: 3->3
[2026-07-01T01:37:59.078+0000][84.864s][info][gc,metaspace] GC(93) Metaspace: 41597K(42368K)->41597K(42368K) NonClass: 36475K(36864K)->36475K(36864K) Class: 5122K(5504K)->5122K(5504K)
[2026-07-01T01:37:59.078+0000][84.864s][info][gc          ] GC(93) Pause Young (Prepare Mixed) (G1 Evacuation Pause) 290M->166M(307M) 76.799ms
[2026-07-01T01:37:59.078+0000][84.864s][info][gc,cpu      ] GC(93) User=0.02s Sys=0.00s Real=0.08s
[2026-07-01T01:38:00.895+0000][86.681s][info][gc,start    ] GC(94) Pause Young (Mixed) (G1 Evacuation Pause)
[2026-07-01T01:38:00.895+0000][86.681s][info][gc,task     ] GC(94) Using 1 workers of 1 for evacuation
[2026-07-01T01:38:00.978+0000][86.763s][info][gc,phases   ] GC(94)   Pre Evacuate Collection Set: 0.22ms
[2026-07-01T01:38:00.978+0000][86.764s][info][gc,phases   ] GC(94)   Merge Heap Roots: 0.69ms
[2026-07-01T01:38:00.978+0000][86.764s][info][gc,phases   ] GC(94)   Evacuate Collection Set: 80.73ms
[2026-07-01T01:38:00.978+0000][86.764s][info][gc,phases   ] GC(94)   Post Evacuate Collection Set: 0.70ms
[2026-07-01T01:38:00.978+0000][86.764s][info][gc,phases   ] GC(94)   Other: 0.05ms
[2026-07-01T01:38:00.978+0000][86.764s][info][gc,heap     ] GC(94) Eden regions: 124->0(123)
[2026-07-01T01:38:00.978+0000][86.764s][info][gc,heap     ] GC(94) Survivor regions: 6->7(17)
[2026-07-01T01:38:00.978+0000][86.764s][info][gc,heap     ] GC(94) Old regions: 158->158
[2026-07-01T01:38:00.978+0000][86.764s][info][gc,heap     ] GC(94) Humongous regions: 3->3
[2026-07-01T01:38:00.978+0000][86.764s][info][gc,metaspace] GC(94) Metaspace: 41598K(42368K)->41598K(42368K) NonClass: 36476K(36864K)->36476K(36864K) Class: 5122K(5504K)->5122K(5504K)
[2026-07-01T01:38:00.978+0000][86.764s][info][gc          ] GC(94) Pause Young (Mixed) (G1 Evacuation Pause) 290M->166M(307M) 82.519ms
[2026-07-01T01:38:00.978+0000][86.764s][info][gc,cpu      ] GC(94) User=0.05s Sys=0.00s Real=0.08s
[2026-07-01T01:38:03.079+0000][88.865s][info][gc,start    ] GC(95) Pause Young (Concurrent Start) (G1 Evacuation Pause)
[2026-07-01T01:38:03.079+0000][88.865s][info][gc,task     ] GC(95) Using 1 workers of 1 for evacuation
[2026-07-01T01:38:03.103+0000][88.889s][info][gc,phases   ] GC(95)   Pre Evacuate Collection Set: 0.22ms
[2026-07-01T01:38:03.103+0000][88.889s][info][gc,phases   ] GC(95)   Merge Heap Roots: 0.39ms
[2026-07-01T01:38:03.103+0000][88.889s][info][gc,phases   ] GC(95)   Evacuate Collection Set: 22.74ms
[2026-07-01T01:38:03.103+0000][88.889s][info][gc,phases   ] GC(95)   Post Evacuate Collection Set: 0.49ms
[2026-07-01T01:38:03.103+0000][88.889s][info][gc,phases   ] GC(95)   Other: 0.11ms
[2026-07-01T01:38:03.103+0000][88.889s][info][gc,heap     ] GC(95) Eden regions: 123->0(123)
[2026-07-01T01:38:03.103+0000][88.889s][info][gc,heap     ] GC(95) Survivor regions: 7->7(17)
[2026-07-01T01:38:03.103+0000][88.889s][info][gc,heap     ] GC(95) Old regions: 158->158
[2026-07-01T01:38:03.103+0000][88.889s][info][gc,heap     ] GC(95) Humongous regions: 3->3
[2026-07-01T01:38:03.103+0000][88.889s][info][gc,metaspace] GC(95) Metaspace: 41598K(42368K)->41598K(42368K) NonClass: 36476K(36864K)->36476K(36864K) Class: 5122K(5504K)->5122K(5504K)
[2026-07-01T01:38:03.103+0000][88.889s][info][gc          ] GC(95) Pause Young (Concurrent Start) (G1 Evacuation Pause) 289M->167M(307M) 24.109ms
[2026-07-01T01:38:03.103+0000][88.889s][info][gc          ] GC(96) Concurrent Mark Cycle
[2026-07-01T01:38:03.103+0000][88.889s][info][gc,marking  ] GC(96) Concurrent Scan Root Regions
[2026-07-01T01:38:03.103+0000][88.889s][info][gc,cpu      ] GC(95) User=0.02s Sys=0.00s Real=0.02s
[2026-07-01T01:38:03.171+0000][88.957s][info][gc,marking  ] GC(96) Concurrent Scan Root Regions 67.552ms
[2026-07-01T01:38:03.171+0000][88.957s][info][gc,marking  ] GC(96) Concurrent Mark
[2026-07-01T01:38:03.171+0000][88.957s][info][gc,marking  ] GC(96) Concurrent Mark From Roots
[2026-07-01T01:38:03.171+0000][88.957s][info][gc,task     ] GC(96) Using 1 workers of 1 for marking
[2026-07-01T01:38:04.865+0000][90.650s][info][gc,marking  ] GC(96) Concurrent Mark From Roots 1693.674ms
[2026-07-01T01:38:04.865+0000][90.650s][info][gc,marking  ] GC(96) Concurrent Preclean
[2026-07-01T01:38:04.865+0000][90.650s][info][gc,marking  ] GC(96) Concurrent Preclean 0.085ms
[2026-07-01T01:38:04.870+0000][90.655s][info][gc,start    ] GC(96) Pause Remark
[2026-07-01T01:38:04.881+0000][90.667s][info][gc          ] GC(96) Pause Remark 262M->262M(307M) 11.253ms
[2026-07-01T01:38:04.881+0000][90.667s][info][gc,cpu      ] GC(96) User=0.02s Sys=0.00s Real=0.01s
[2026-07-01T01:38:04.889+0000][90.675s][info][gc,marking  ] GC(96) Concurrent Mark 1718.221ms
[2026-07-01T01:38:04.889+0000][90.675s][info][gc,marking  ] GC(96) Concurrent Rebuild Remembered Sets and Scrub Regions
[2026-07-01T01:38:05.384+0000][91.170s][info][gc,start    ] GC(97) Pause Young (Normal) (G1 Evacuation Pause)
[2026-07-01T01:38:05.384+0000][91.170s][info][gc,task     ] GC(97) Using 1 workers of 1 for evacuation
[2026-07-01T01:38:05.410+0000][91.196s][info][gc,phases   ] GC(97)   Pre Evacuate Collection Set: 0.23ms
[2026-07-01T01:38:05.410+0000][91.196s][info][gc,phases   ] GC(97)   Merge Heap Roots: 0.67ms
[2026-07-01T01:38:05.410+0000][91.196s][info][gc,phases   ] GC(97)   Evacuate Collection Set: 24.29ms
[2026-07-01T01:38:05.410+0000][91.196s][info][gc,phases   ] GC(97)   Post Evacuate Collection Set: 0.81ms
[2026-07-01T01:38:05.410+0000][91.196s][info][gc,phases   ] GC(97)   Other: 0.08ms
[2026-07-01T01:38:05.410+0000][91.196s][info][gc,heap     ] GC(97) Eden regions: 123->0(123)
[2026-07-01T01:38:05.410+0000][91.196s][info][gc,heap     ] GC(97) Survivor regions: 7->7(17)
[2026-07-01T01:38:05.410+0000][91.196s][info][gc,heap     ] GC(97) Old regions: 158->158
[2026-07-01T01:38:05.410+0000][91.196s][info][gc,heap     ] GC(97) Humongous regions: 3->3
[2026-07-01T01:38:05.410+0000][91.196s][info][gc,metaspace] GC(97) Metaspace: 41598K(42368K)->41598K(42368K) NonClass: 36476K(36864K)->36476K(36864K) Class: 5122K(5504K)->5122K(5504K)
[2026-07-01T01:38:05.410+0000][91.196s][info][gc          ] GC(97) Pause Young (Normal) (G1 Evacuation Pause) 290M->167M(307M) 26.417ms
[2026-07-01T01:38:05.410+0000][91.196s][info][gc,cpu      ] GC(97) User=0.03s Sys=0.00s Real=0.03s
[2026-07-01T01:38:05.791+0000][91.577s][info][gc,marking  ] GC(96) Concurrent Rebuild Remembered Sets and Scrub Regions 902.340ms
[2026-07-01T01:38:05.792+0000][91.577s][info][gc,start    ] GC(96) Pause Cleanup
[2026-07-01T01:38:05.793+0000][91.579s][info][gc          ] GC(96) Pause Cleanup 193M->193M(307M) 1.416ms
[2026-07-01T01:38:05.793+0000][91.579s][info][gc,cpu      ] GC(96) User=0.00s Sys=0.00s Real=0.00s
[2026-07-01T01:38:05.796+0000][91.582s][info][gc,marking  ] GC(96) Concurrent Clear Claimed Marks
[2026-07-01T01:38:05.798+0000][91.584s][info][gc,marking  ] GC(96) Concurrent Clear Claimed Marks 1.760ms
[2026-07-01T01:38:05.798+0000][91.584s][info][gc,marking  ] GC(96) Concurrent Cleanup for Next Mark
[2026-07-01T01:38:05.799+0000][91.585s][info][gc,marking  ] GC(96) Concurrent Cleanup for Next Mark 1.157ms
[2026-07-01T01:38:05.799+0000][91.585s][info][gc          ] GC(96) Concurrent Mark Cycle 2695.666ms
[2026-07-01T01:38:07.274+0000][93.059s][info][gc,start    ] GC(98) Pause Young (Prepare Mixed) (G1 Evacuation Pause)
[2026-07-01T01:38:07.274+0000][93.059s][info][gc,task     ] GC(98) Using 1 workers of 1 for evacuation
[2026-07-01T01:38:07.297+0000][93.083s][info][gc,phases   ] GC(98)   Pre Evacuate Collection Set: 0.19ms
[2026-07-01T01:38:07.297+0000][93.083s][info][gc,phases   ] GC(98)   Merge Heap Roots: 0.52ms
[2026-07-01T01:38:07.297+0000][93.083s][info][gc,phases   ] GC(98)   Evacuate Collection Set: 22.16ms
[2026-07-01T01:38:07.297+0000][93.083s][info][gc,phases   ] GC(98)   Post Evacuate Collection Set: 0.62ms
[2026-07-01T01:38:07.297+0000][93.083s][info][gc,phases   ] GC(98)   Other: 0.05ms
[2026-07-01T01:38:07.297+0000][93.083s][info][gc,heap     ] GC(98) Eden regions: 123->0(122)
[2026-07-01T01:38:07.297+0000][93.083s][info][gc,heap     ] GC(98) Survivor regions: 7->7(17)
[2026-07-01T01:38:07.297+0000][93.083s][info][gc,heap     ] GC(98) Old regions: 158->159
[2026-07-01T01:38:07.297+0000][93.083s][info][gc,heap     ] GC(98) Humongous regions: 3->3
[2026-07-01T01:38:07.297+0000][93.083s][info][gc,metaspace] GC(98) Metaspace: 41608K(42432K)->41608K(42432K) NonClass: 36485K(36928K)->36485K(36928K) Class: 5122K(5504K)->5122K(5504K)
[2026-07-01T01:38:07.297+0000][93.083s][info][gc          ] GC(98) Pause Young (Prepare Mixed) (G1 Evacuation Pause) 290M->167M(307M) 23.694ms
[2026-07-01T01:38:07.297+0000][93.083s][info][gc,cpu      ] GC(98) User=0.02s Sys=0.00s Real=0.02s
[2026-07-01T01:38:08.979+0000][94.765s][info][gc,start    ] GC(99) Pause Young (Mixed) (G1 Evacuation Pause)
[2026-07-01T01:38:08.979+0000][94.765s][info][gc,task     ] GC(99) Using 1 workers of 1 for evacuation
[2026-07-01T01:38:09.007+0000][94.793s][info][gc,phases   ] GC(99)   Pre Evacuate Collection Set: 0.16ms
[2026-07-01T01:38:09.007+0000][94.793s][info][gc,phases   ] GC(99)   Merge Heap Roots: 0.32ms
[2026-07-01T01:38:09.007+0000][94.793s][info][gc,phases   ] GC(99)   Evacuate Collection Set: 26.80ms
[2026-07-01T01:38:09.007+0000][94.793s][info][gc,phases   ] GC(99)   Post Evacuate Collection Set: 0.63ms
[2026-07-01T01:38:09.007+0000][94.793s][info][gc,phases   ] GC(99)   Other: 0.06ms
[2026-07-01T01:38:09.007+0000][94.793s][info][gc,heap     ] GC(99) Eden regions: 122->0(122)
[2026-07-01T01:38:09.007+0000][94.793s][info][gc,heap     ] GC(99) Survivor regions: 7->7(17)
[2026-07-01T01:38:09.007+0000][94.793s][info][gc,heap     ] GC(99) Old regions: 159->159
[2026-07-01T01:38:09.007+0000][94.793s][info][gc,heap     ] GC(99) Humongous regions: 3->3
[2026-07-01T01:38:09.007+0000][94.793s][info][gc,metaspace] GC(99) Metaspace: 41608K(42432K)->41608K(42432K) NonClass: 36485K(36928K)->36485K(36928K) Class: 5122K(5504K)->5122K(5504K)
[2026-07-01T01:38:09.007+0000][94.793s][info][gc          ] GC(99) Pause Young (Mixed) (G1 Evacuation Pause) 289M->168M(307M) 28.128ms
[2026-07-01T01:38:09.007+0000][94.793s][info][gc,cpu      ] GC(99) User=0.03s Sys=0.00s Real=0.02s
[2026-07-01T01:38:10.694+0000][96.480s][info][gc,start    ] GC(100) Pause Young (Concurrent Start) (G1 Evacuation Pause)
[2026-07-01T01:38:10.694+0000][96.480s][info][gc,task     ] GC(100) Using 1 workers of 1 for evacuation
[2026-07-01T01:38:10.719+0000][96.505s][info][gc,phases   ] GC(100)   Pre Evacuate Collection Set: 0.54ms
[2026-07-01T01:38:10.720+0000][96.505s][info][gc,phases   ] GC(100)   Merge Heap Roots: 0.32ms
[2026-07-01T01:38:10.720+0000][96.505s][info][gc,phases   ] GC(100)   Evacuate Collection Set: 23.59ms
[2026-07-01T01:38:10.720+0000][96.505s][info][gc,phases   ] GC(100)   Post Evacuate Collection Set: 0.58ms
[2026-07-01T01:38:10.720+0000][96.505s][info][gc,phases   ] GC(100)   Other: 0.08ms
[2026-07-01T01:38:10.720+0000][96.505s][info][gc,heap     ] GC(100) Eden regions: 122->0(122)
[2026-07-01T01:38:10.720+0000][96.505s][info][gc,heap     ] GC(100) Survivor regions: 7->7(17)
[2026-07-01T01:38:10.720+0000][96.505s][info][gc,heap     ] GC(100) Old regions: 159->159
[2026-07-01T01:38:10.720+0000][96.505s][info][gc,heap     ] GC(100) Humongous regions: 3->3
[2026-07-01T01:38:10.720+0000][96.505s][info][gc,metaspace] GC(100) Metaspace: 41608K(42432K)->41608K(42432K) NonClass: 36485K(36928K)->36485K(36928K) Class: 5122K(5504K)->5122K(5504K)
[2026-07-01T01:38:10.720+0000][96.505s][info][gc          ] GC(100) Pause Young (Concurrent Start) (G1 Evacuation Pause) 290M->168M(307M) 25.262ms
[2026-07-01T01:38:10.720+0000][96.505s][info][gc,cpu      ] GC(100) User=0.03s Sys=0.00s Real=0.03s
[2026-07-01T01:38:10.720+0000][96.505s][info][gc          ] GC(101) Concurrent Mark Cycle
[2026-07-01T01:38:10.720+0000][96.505s][info][gc,marking  ] GC(101) Concurrent Scan Root Regions
[2026-07-01T01:38:10.796+0000][96.582s][info][gc,marking  ] GC(101) Concurrent Scan Root Regions 76.583ms
[2026-07-01T01:38:10.796+0000][96.582s][info][gc,marking  ] GC(101) Concurrent Mark
[2026-07-01T01:38:10.796+0000][96.582s][info][gc,marking  ] GC(101) Concurrent Mark From Roots
[2026-07-01T01:38:10.796+0000][96.582s][info][gc,task     ] GC(101) Using 1 workers of 1 for marking
[2026-07-01T01:38:12.683+0000][98.469s][info][gc,marking  ] GC(101) Concurrent Mark From Roots 1886.405ms
[2026-07-01T01:38:12.683+0000][98.469s][info][gc,marking  ] GC(101) Concurrent Preclean
[2026-07-01T01:38:12.683+0000][98.469s][info][gc,marking  ] GC(101) Concurrent Preclean 0.136ms
[2026-07-01T01:38:12.685+0000][98.471s][info][gc,start    ] GC(101) Pause Remark
[2026-07-01T01:38:12.701+0000][98.487s][info][gc          ] GC(101) Pause Remark 278M->278M(307M) 16.149ms
[2026-07-01T01:38:12.701+0000][98.487s][info][gc,cpu      ] GC(101) User=0.04s Sys=0.00s Real=0.02s
[2026-07-01T01:38:12.705+0000][98.490s][info][gc,marking  ] GC(101) Concurrent Mark 1908.361ms
[2026-07-01T01:38:12.705+0000][98.491s][info][gc,marking  ] GC(101) Concurrent Rebuild Remembered Sets and Scrub Regions
