[2026-07-01T01:52:44.046+0000][0.009s][info][gc,init] CardTable entry size: 512
[2026-07-01T01:52:44.047+0000][0.009s][info][gc     ] Using G1
[2026-07-01T01:52:44.047+0000][0.010s][info][gc,init] Version: 21.0.11+10-LTS (release)
[2026-07-01T01:52:44.047+0000][0.010s][info][gc,init] CPUs: 4 total, 2 available
[2026-07-01T01:52:44.047+0000][0.010s][info][gc,init] Memory: 1024M
[2026-07-01T01:52:44.047+0000][0.010s][info][gc,init] Large Page Support: Disabled
[2026-07-01T01:52:44.047+0000][0.010s][info][gc,init] NUMA Support: Disabled
[2026-07-01T01:52:44.047+0000][0.010s][info][gc,init] Compressed Oops: Enabled (32-bit)
[2026-07-01T01:52:44.047+0000][0.010s][info][gc,init] Heap Region Size: 1M
[2026-07-01T01:52:44.047+0000][0.010s][info][gc,init] Heap Min Capacity: 8M
[2026-07-01T01:52:44.047+0000][0.010s][info][gc,init] Heap Initial Capacity: 16M
[2026-07-01T01:52:44.047+0000][0.010s][info][gc,init] Heap Max Capacity: 730M
[2026-07-01T01:52:44.047+0000][0.010s][info][gc,init] Pre-touch: Disabled
[2026-07-01T01:52:44.047+0000][0.010s][info][gc,init] Parallel Workers: 2
[2026-07-01T01:52:44.047+0000][0.010s][info][gc,init] Concurrent Workers: 1
[2026-07-01T01:52:44.047+0000][0.010s][info][gc,init] Concurrent Refinement Workers: 2
[2026-07-01T01:52:44.047+0000][0.010s][info][gc,init] Periodic GC: Enabled
[2026-07-01T01:52:44.047+0000][0.010s][info][gc,init] Periodic GC Interval: 10000ms
[2026-07-01T01:52:44.047+0000][0.010s][info][gc,init] G1 Time-Based Heap Sizing enabled (uncommit-only)
[2026-07-01T01:52:44.047+0000][0.010s][info][gc,init]   evaluation_interval=60000ms, uncommit_delay=300000ms, min_regions_to_uncommit=10
[2026-07-01T01:52:44.054+0000][0.016s][info][gc,metaspace] CDS archive(s) mapped at: [0x00007b9d5f000000-0x00007b9d5fc9b000-0x00007b9d5fc9b000), size 13217792, SharedBaseAddress: 0x00007b9d5f000000, ArchiveRelocationMode: 1.
[2026-07-01T01:52:44.054+0000][0.016s][info][gc,metaspace] Compressed class space mapped at: 0x00007b9d60000000-0x00007b9da0000000, reserved size: 1073741824
[2026-07-01T01:52:44.054+0000][0.016s][info][gc,metaspace] Narrow klass base: 0x00007b9d5f000000, Narrow klass shift: 0, Narrow klass range: 0x100000000
[2026-07-01T01:52:44.545+0000][0.508s][info][gc,start    ] GC(0) Pause Young (Normal) (G1 Evacuation Pause)
[2026-07-01T01:52:44.546+0000][0.508s][info][gc,task     ] GC(0) Using 2 workers of 2 for evacuation
[2026-07-01T01:52:44.548+0000][0.511s][info][gc,phases   ] GC(0)   Pre Evacuate Collection Set: 0.04ms
[2026-07-01T01:52:44.548+0000][0.511s][info][gc,phases   ] GC(0)   Merge Heap Roots: 0.04ms
[2026-07-01T01:52:44.548+0000][0.511s][info][gc,phases   ] GC(0)   Evacuate Collection Set: 1.79ms
[2026-07-01T01:52:44.548+0000][0.511s][info][gc,phases   ] GC(0)   Post Evacuate Collection Set: 0.25ms
[2026-07-01T01:52:44.548+0000][0.511s][info][gc,phases   ] GC(0)   Other: 0.54ms
[2026-07-01T01:52:44.548+0000][0.511s][info][gc,heap     ] GC(0) Eden regions: 6->0(8)
[2026-07-01T01:52:44.548+0000][0.511s][info][gc,heap     ] GC(0) Survivor regions: 0->1(1)
[2026-07-01T01:52:44.548+0000][0.511s][info][gc,heap     ] GC(0) Old regions: 2->2
[2026-07-01T01:52:44.548+0000][0.511s][info][gc,heap     ] GC(0) Humongous regions: 0->0
[2026-07-01T01:52:44.548+0000][0.511s][info][gc,metaspace] GC(0) Metaspace: 1709K(1984K)->1709K(1984K) NonClass: 1521K(1664K)->1521K(1664K) Class: 187K(320K)->187K(320K)
[2026-07-01T01:52:44.548+0000][0.511s][info][gc          ] GC(0) Pause Young (Normal) (G1 Evacuation Pause) 7M->1M(18M) 2.830ms
[2026-07-01T01:52:44.548+0000][0.511s][info][gc,cpu      ] GC(0) User=0.00s Sys=0.01s Real=0.00s
[2026-07-01T01:52:44.846+0000][0.809s][info][gc,start    ] GC(1) Pause Young (Normal) (G1 Evacuation Pause)
[2026-07-01T01:52:44.846+0000][0.809s][info][gc,task     ] GC(1) Using 2 workers of 2 for evacuation
[2026-07-01T01:52:44.849+0000][0.811s][info][gc,phases   ] GC(1)   Pre Evacuate Collection Set: 0.05ms
[2026-07-01T01:52:44.849+0000][0.811s][info][gc,phases   ] GC(1)   Merge Heap Roots: 0.02ms
[2026-07-01T01:52:44.849+0000][0.811s][info][gc,phases   ] GC(1)   Evacuate Collection Set: 1.96ms
[2026-07-01T01:52:44.849+0000][0.811s][info][gc,phases   ] GC(1)   Post Evacuate Collection Set: 0.22ms
[2026-07-01T01:52:44.849+0000][0.811s][info][gc,phases   ] GC(1)   Other: 0.05ms
[2026-07-01T01:52:44.849+0000][0.811s][info][gc,heap     ] GC(1) Eden regions: 8->0(7)
[2026-07-01T01:52:44.849+0000][0.811s][info][gc,heap     ] GC(1) Survivor regions: 1->2(2)
[2026-07-01T01:52:44.849+0000][0.811s][info][gc,heap     ] GC(1) Old regions: 2->2
[2026-07-01T01:52:44.849+0000][0.811s][info][gc,heap     ] GC(1) Humongous regions: 0->0
[2026-07-01T01:52:44.849+0000][0.811s][info][gc,metaspace] GC(1) Metaspace: 2960K(3136K)->2960K(3136K) NonClass: 2654K(2752K)->2654K(2752K) Class: 305K(384K)->305K(384K)
[2026-07-01T01:52:44.849+0000][0.811s][info][gc          ] GC(1) Pause Young (Normal) (G1 Evacuation Pause) 9M->2M(18M) 2.428ms
[2026-07-01T01:52:44.849+0000][0.811s][info][gc,cpu      ] GC(1) User=0.00s Sys=0.00s Real=0.01s
[2026-07-01T01:52:45.072+0000][1.035s][info][gc,start    ] GC(2) Pause Young (Normal) (G1 Evacuation Pause)
[2026-07-01T01:52:45.072+0000][1.035s][info][gc,task     ] GC(2) Using 2 workers of 2 for evacuation
[2026-07-01T01:52:45.075+0000][1.037s][info][gc,phases   ] GC(2)   Pre Evacuate Collection Set: 0.08ms
[2026-07-01T01:52:45.075+0000][1.037s][info][gc,phases   ] GC(2)   Merge Heap Roots: 0.03ms
[2026-07-01T01:52:45.075+0000][1.037s][info][gc,phases   ] GC(2)   Evacuate Collection Set: 1.89ms
[2026-07-01T01:52:45.075+0000][1.037s][info][gc,phases   ] GC(2)   Post Evacuate Collection Set: 0.26ms
[2026-07-01T01:52:45.075+0000][1.037s][info][gc,phases   ] GC(2)   Other: 0.04ms
[2026-07-01T01:52:45.075+0000][1.037s][info][gc,heap     ] GC(2) Eden regions: 7->0(7)
[2026-07-01T01:52:45.075+0000][1.037s][info][gc,heap     ] GC(2) Survivor regions: 2->2(2)
[2026-07-01T01:52:45.075+0000][1.037s][info][gc,heap     ] GC(2) Old regions: 2->3
[2026-07-01T01:52:45.075+0000][1.037s][info][gc,heap     ] GC(2) Humongous regions: 0->0
[2026-07-01T01:52:45.075+0000][1.037s][info][gc,metaspace] GC(2) Metaspace: 4342K(4608K)->4342K(4608K) NonClass: 3858K(3968K)->3858K(3968K) Class: 483K(640K)->483K(640K)
[2026-07-01T01:52:45.075+0000][1.037s][info][gc          ] GC(2) Pause Young (Normal) (G1 Evacuation Pause) 9M->2M(18M) 2.394ms
[2026-07-01T01:52:45.075+0000][1.037s][info][gc,cpu      ] GC(2) User=0.01s Sys=0.00s Real=0.00s
[2026-07-01T01:52:45.188+0000][1.151s][info][gc,start    ] GC(3) Pause Young (Normal) (G1 Evacuation Pause)
[2026-07-01T01:52:45.188+0000][1.151s][info][gc,task     ] GC(3) Using 2 workers of 2 for evacuation
[2026-07-01T01:52:45.190+0000][1.153s][info][gc,phases   ] GC(3)   Pre Evacuate Collection Set: 0.06ms
[2026-07-01T01:52:45.190+0000][1.153s][info][gc,phases   ] GC(3)   Merge Heap Roots: 0.04ms
[2026-07-01T01:52:45.190+0000][1.153s][info][gc,phases   ] GC(3)   Evacuate Collection Set: 1.24ms
[2026-07-01T01:52:45.190+0000][1.153s][info][gc,phases   ] GC(3)   Post Evacuate Collection Set: 0.25ms
[2026-07-01T01:52:45.190+0000][1.153s][info][gc,phases   ] GC(3)   Other: 0.03ms
[2026-07-01T01:52:45.190+0000][1.153s][info][gc,heap     ] GC(3) Eden regions: 7->0(7)
[2026-07-01T01:52:45.190+0000][1.153s][info][gc,heap     ] GC(3) Survivor regions: 2->2(2)
[2026-07-01T01:52:45.190+0000][1.153s][info][gc,heap     ] GC(3) Old regions: 3->3
[2026-07-01T01:52:45.190+0000][1.153s][info][gc,heap     ] GC(3) Humongous regions: 0->0
[2026-07-01T01:52:45.190+0000][1.153s][info][gc,metaspace] GC(3) Metaspace: 5990K(6272K)->5990K(6272K) NonClass: 5298K(5440K)->5298K(5440K) Class: 692K(832K)->692K(832K)
[2026-07-01T01:52:45.190+0000][1.153s][info][gc          ] GC(3) Pause Young (Normal) (G1 Evacuation Pause) 9M->3M(18M) 1.726ms
[2026-07-01T01:52:45.190+0000][1.153s][info][gc,cpu      ] GC(3) User=0.01s Sys=0.00s Real=0.00s
[2026-07-01T01:52:45.322+0000][1.285s][info][gc,start    ] GC(4) Pause Young (Normal) (G1 Evacuation Pause)
[2026-07-01T01:52:45.323+0000][1.285s][info][gc,task     ] GC(4) Using 2 workers of 2 for evacuation
[2026-07-01T01:52:45.340+0000][1.303s][info][gc,phases   ] GC(4)   Pre Evacuate Collection Set: 0.09ms
[2026-07-01T01:52:45.340+0000][1.303s][info][gc,phases   ] GC(4)   Merge Heap Roots: 0.03ms
[2026-07-01T01:52:45.340+0000][1.303s][info][gc,phases   ] GC(4)   Evacuate Collection Set: 17.22ms
[2026-07-01T01:52:45.340+0000][1.303s][info][gc,phases   ] GC(4)   Post Evacuate Collection Set: 0.30ms
[2026-07-01T01:52:45.340+0000][1.303s][info][gc,phases   ] GC(4)   Other: 0.04ms
[2026-07-01T01:52:45.340+0000][1.303s][info][gc,heap     ] GC(4) Eden regions: 7->0(7)
[2026-07-01T01:52:45.340+0000][1.303s][info][gc,heap     ] GC(4) Survivor regions: 2->2(2)
[2026-07-01T01:52:45.340+0000][1.303s][info][gc,heap     ] GC(4) Old regions: 3->4
[2026-07-01T01:52:45.340+0000][1.303s][info][gc,heap     ] GC(4) Humongous regions: 0->0
[2026-07-01T01:52:45.340+0000][1.303s][info][gc,metaspace] GC(4) Metaspace: 8002K(8256K)->8002K(8256K) NonClass: 7060K(7232K)->7060K(7232K) Class: 941K(1024K)->941K(1024K)
[2026-07-01T01:52:45.340+0000][1.303s][info][gc          ] GC(4) Pause Young (Normal) (G1 Evacuation Pause) 10M->3M(18M) 17.813ms
[2026-07-01T01:52:45.340+0000][1.303s][info][gc,cpu      ] GC(4) User=0.01s Sys=0.00s Real=0.02s
[2026-07-01T01:52:45.467+0000][1.429s][info][gc,start    ] GC(5) Pause Young (Normal) (G1 Evacuation Pause)
[2026-07-01T01:52:45.467+0000][1.429s][info][gc,task     ] GC(5) Using 2 workers of 2 for evacuation
[2026-07-01T01:52:45.470+0000][1.432s][info][gc,phases   ] GC(5)   Pre Evacuate Collection Set: 0.08ms
[2026-07-01T01:52:45.470+0000][1.432s][info][gc,phases   ] GC(5)   Merge Heap Roots: 0.04ms
[2026-07-01T01:52:45.470+0000][1.432s][info][gc,phases   ] GC(5)   Evacuate Collection Set: 2.36ms
[2026-07-01T01:52:45.470+0000][1.432s][info][gc,phases   ] GC(5)   Post Evacuate Collection Set: 0.29ms
[2026-07-01T01:52:45.470+0000][1.432s][info][gc,phases   ] GC(5)   Other: 0.04ms
[2026-07-01T01:52:45.470+0000][1.432s][info][gc,heap     ] GC(5) Eden regions: 7->0(7)
[2026-07-01T01:52:45.470+0000][1.432s][info][gc,heap     ] GC(5) Survivor regions: 2->2(2)
[2026-07-01T01:52:45.470+0000][1.432s][info][gc,heap     ] GC(5) Old regions: 4->4
[2026-07-01T01:52:45.470+0000][1.432s][info][gc,heap     ] GC(5) Humongous regions: 0->0
[2026-07-01T01:52:45.470+0000][1.432s][info][gc,metaspace] GC(5) Metaspace: 9232K(9536K)->9232K(9536K) NonClass: 8104K(8256K)->8104K(8256K) Class: 1127K(1280K)->1127K(1280K)
[2026-07-01T01:52:45.470+0000][1.432s][info][gc          ] GC(5) Pause Young (Normal) (G1 Evacuation Pause) 10M->4M(18M) 2.935ms
[2026-07-01T01:52:45.470+0000][1.432s][info][gc,cpu      ] GC(5) User=0.00s Sys=0.00s Real=0.01s
[2026-07-01T01:52:45.591+0000][1.554s][info][gc,start    ] GC(6) Pause Young (Normal) (G1 Evacuation Pause)
[2026-07-01T01:52:45.591+0000][1.554s][info][gc,task     ] GC(6) Using 2 workers of 2 for evacuation
[2026-07-01T01:52:45.595+0000][1.557s][info][gc,phases   ] GC(6)   Pre Evacuate Collection Set: 0.08ms
[2026-07-01T01:52:45.595+0000][1.557s][info][gc,phases   ] GC(6)   Merge Heap Roots: 0.05ms
[2026-07-01T01:52:45.595+0000][1.557s][info][gc,phases   ] GC(6)   Evacuate Collection Set: 2.79ms
[2026-07-01T01:52:45.595+0000][1.557s][info][gc,phases   ] GC(6)   Post Evacuate Collection Set: 0.35ms
[2026-07-01T01:52:45.595+0000][1.557s][info][gc,phases   ] GC(6)   Other: 0.05ms
[2026-07-01T01:52:45.595+0000][1.557s][info][gc,heap     ] GC(6) Eden regions: 7->0(14)
[2026-07-01T01:52:45.595+0000][1.557s][info][gc,heap     ] GC(6) Survivor regions: 2->1(2)
[2026-07-01T01:52:45.595+0000][1.557s][info][gc,heap     ] GC(6) Old regions: 4->5
[2026-07-01T01:52:45.595+0000][1.557s][info][gc,heap     ] GC(6) Humongous regions: 0->0
[2026-07-01T01:52:45.595+0000][1.557s][info][gc,metaspace] GC(6) Metaspace: 10337K(10688K)->10337K(10688K) NonClass: 9008K(9216K)->9008K(9216K) Class: 1328K(1472K)->1328K(1472K)
[2026-07-01T01:52:45.595+0000][1.557s][info][gc          ] GC(6) Pause Young (Normal) (G1 Evacuation Pause) 11M->4M(26M) 3.465ms
[2026-07-01T01:52:45.595+0000][1.557s][info][gc,cpu      ] GC(6) User=0.01s Sys=0.00s Real=0.00s
[2026-07-01T01:52:45.755+0000][1.718s][info][gc,start    ] GC(7) Pause Young (Normal) (G1 Evacuation Pause)
[2026-07-01T01:52:45.756+0000][1.718s][info][gc,task     ] GC(7) Using 2 workers of 2 for evacuation
[2026-07-01T01:52:45.759+0000][1.721s][info][gc,phases   ] GC(7)   Pre Evacuate Collection Set: 0.05ms
[2026-07-01T01:52:45.759+0000][1.721s][info][gc,phases   ] GC(7)   Merge Heap Roots: 0.03ms
[2026-07-01T01:52:45.759+0000][1.721s][info][gc,phases   ] GC(7)   Evacuate Collection Set: 2.80ms
[2026-07-01T01:52:45.759+0000][1.721s][info][gc,phases   ] GC(7)   Post Evacuate Collection Set: 0.19ms
[2026-07-01T01:52:45.759+0000][1.721s][info][gc,phases   ] GC(7)   Other: 0.05ms
[2026-07-01T01:52:45.759+0000][1.721s][info][gc,heap     ] GC(7) Eden regions: 14->0(13)
[2026-07-01T01:52:45.759+0000][1.721s][info][gc,heap     ] GC(7) Survivor regions: 1->2(2)
[2026-07-01T01:52:45.759+0000][1.721s][info][gc,heap     ] GC(7) Old regions: 5->5
[2026-07-01T01:52:45.759+0000][1.721s][info][gc,heap     ] GC(7) Humongous regions: 0->0
[2026-07-01T01:52:45.759+0000][1.721s][info][gc,metaspace] GC(7) Metaspace: 13523K(13888K)->13523K(13888K) NonClass: 11839K(12032K)->11839K(12032K) Class: 1683K(1856K)->1683K(1856K)
[2026-07-01T01:52:45.759+0000][1.721s][info][gc          ] GC(7) Pause Young (Normal) (G1 Evacuation Pause) 18M->5M(26M) 3.236ms
[2026-07-01T01:52:45.759+0000][1.721s][info][gc,cpu      ] GC(7) User=0.00s Sys=0.00s Real=0.01s
[2026-07-01T01:52:45.875+0000][1.838s][info][gc,start    ] GC(8) Pause Young (Normal) (G1 Evacuation Pause)
[2026-07-01T01:52:45.875+0000][1.838s][info][gc,task     ] GC(8) Using 2 workers of 2 for evacuation
[2026-07-01T01:52:45.879+0000][1.842s][info][gc,phases   ] GC(8)   Pre Evacuate Collection Set: 0.08ms
[2026-07-01T01:52:45.879+0000][1.842s][info][gc,phases   ] GC(8)   Merge Heap Roots: 0.04ms
[2026-07-01T01:52:45.879+0000][1.842s][info][gc,phases   ] GC(8)   Evacuate Collection Set: 3.46ms
[2026-07-01T01:52:45.879+0000][1.842s][info][gc,phases   ] GC(8)   Post Evacuate Collection Set: 0.27ms
[2026-07-01T01:52:45.879+0000][1.842s][info][gc,phases   ] GC(8)   Other: 0.04ms
[2026-07-01T01:52:45.879+0000][1.842s][info][gc,heap     ] GC(8) Eden regions: 13->0(14)
[2026-07-01T01:52:45.879+0000][1.842s][info][gc,heap     ] GC(8) Survivor regions: 2->1(2)
[2026-07-01T01:52:45.879+0000][1.842s][info][gc,heap     ] GC(8) Old regions: 5->7
[2026-07-01T01:52:45.879+0000][1.842s][info][gc,heap     ] GC(8) Humongous regions: 0->0
[2026-07-01T01:52:45.879+0000][1.842s][info][gc,metaspace] GC(8) Metaspace: 16216K(16640K)->16216K(16640K) NonClass: 14168K(14400K)->14168K(14400K) Class: 2047K(2240K)->2047K(2240K)
[2026-07-01T01:52:45.879+0000][1.842s][info][gc          ] GC(8) Pause Young (Normal) (G1 Evacuation Pause) 18M->6M(26M) 3.983ms
[2026-07-01T01:52:45.879+0000][1.842s][info][gc,cpu      ] GC(8) User=0.01s Sys=0.00s Real=0.01s
[2026-07-01T01:52:46.066+0000][2.029s][info][gc,start    ] GC(9) Pause Young (Normal) (G1 Evacuation Pause)
[2026-07-01T01:52:46.066+0000][2.029s][info][gc,task     ] GC(9) Using 2 workers of 2 for evacuation
[2026-07-01T01:52:46.069+0000][2.032s][info][gc,phases   ] GC(9)   Pre Evacuate Collection Set: 0.08ms
[2026-07-01T01:52:46.069+0000][2.032s][info][gc,phases   ] GC(9)   Merge Heap Roots: 0.04ms
[2026-07-01T01:52:46.069+0000][2.032s][info][gc,phases   ] GC(9)   Evacuate Collection Set: 2.40ms
[2026-07-01T01:52:46.069+0000][2.032s][info][gc,phases   ] GC(9)   Post Evacuate Collection Set: 0.28ms
[2026-07-01T01:52:46.069+0000][2.032s][info][gc,phases   ] GC(9)   Other: 0.04ms
[2026-07-01T01:52:46.069+0000][2.032s][info][gc,heap     ] GC(9) Eden regions: 14->0(13)
[2026-07-01T01:52:46.069+0000][2.032s][info][gc,heap     ] GC(9) Survivor regions: 1->2(2)
[2026-07-01T01:52:46.069+0000][2.032s][info][gc,heap     ] GC(9) Old regions: 7->7
[2026-07-01T01:52:46.069+0000][2.032s][info][gc,heap     ] GC(9) Humongous regions: 0->0
[2026-07-01T01:52:46.069+0000][2.032s][info][gc,metaspace] GC(9) Metaspace: 18663K(19072K)->18663K(19072K) NonClass: 16325K(16576K)->16325K(16576K) Class: 2338K(2496K)->2338K(2496K)
[2026-07-01T01:52:46.069+0000][2.032s][info][gc          ] GC(9) Pause Young (Normal) (G1 Evacuation Pause) 20M->7M(26M) 2.952ms
[2026-07-01T01:52:46.069+0000][2.032s][info][gc,cpu      ] GC(9) User=0.01s Sys=0.00s Real=0.01s
[2026-07-01T01:52:46.251+0000][2.214s][info][gc,start    ] GC(10) Pause Young (Normal) (G1 Evacuation Pause)
[2026-07-01T01:52:46.251+0000][2.214s][info][gc,task     ] GC(10) Using 2 workers of 2 for evacuation
[2026-07-01T01:52:46.254+0000][2.217s][info][gc,phases   ] GC(10)   Pre Evacuate Collection Set: 0.08ms
[2026-07-01T01:52:46.254+0000][2.217s][info][gc,phases   ] GC(10)   Merge Heap Roots: 0.04ms
[2026-07-01T01:52:46.254+0000][2.217s][info][gc,phases   ] GC(10)   Evacuate Collection Set: 2.74ms
[2026-07-01T01:52:46.254+0000][2.217s][info][gc,phases   ] GC(10)   Post Evacuate Collection Set: 0.38ms
[2026-07-01T01:52:46.254+0000][2.217s][info][gc,phases   ] GC(10)   Other: 0.05ms
[2026-07-01T01:52:46.254+0000][2.217s][info][gc,heap     ] GC(10) Eden regions: 13->0(18)
[2026-07-01T01:52:46.254+0000][2.217s][info][gc,heap     ] GC(10) Survivor regions: 2->1(2)
[2026-07-01T01:52:46.254+0000][2.217s][info][gc,heap     ] GC(10) Old regions: 7->9
[2026-07-01T01:52:46.254+0000][2.217s][info][gc,heap     ] GC(10) Humongous regions: 0->0
[2026-07-01T01:52:46.254+0000][2.217s][info][gc,metaspace] GC(10) Metaspace: 19822K(20288K)->19822K(20288K) NonClass: 17338K(17600K)->17338K(17600K) Class: 2483K(2688K)->2483K(2688K)
[2026-07-01T01:52:46.254+0000][2.217s][info][gc          ] GC(10) Pause Young (Normal) (G1 Evacuation Pause) 20M->8M(32M) 3.396ms
[2026-07-01T01:52:46.254+0000][2.217s][info][gc,cpu      ] GC(10) User=0.01s Sys=0.00s Real=0.00s
[2026-07-01T01:52:46.480+0000][2.442s][info][gc,start    ] GC(11) Pause Young (Normal) (G1 Evacuation Pause)
[2026-07-01T01:52:46.480+0000][2.442s][info][gc,task     ] GC(11) Using 2 workers of 2 for evacuation
[2026-07-01T01:52:46.483+0000][2.445s][info][gc,phases   ] GC(11)   Pre Evacuate Collection Set: 0.10ms
[2026-07-01T01:52:46.483+0000][2.445s][info][gc,phases   ] GC(11)   Merge Heap Roots: 0.04ms
[2026-07-01T01:52:46.483+0000][2.445s][info][gc,phases   ] GC(11)   Evacuate Collection Set: 2.48ms
[2026-07-01T01:52:46.483+0000][2.445s][info][gc,phases   ] GC(11)   Post Evacuate Collection Set: 0.38ms
[2026-07-01T01:52:46.483+0000][2.445s][info][gc,phases   ] GC(11)   Other: 0.07ms
[2026-07-01T01:52:46.483+0000][2.445s][info][gc,heap     ] GC(11) Eden regions: 18->0(17)
[2026-07-01T01:52:46.483+0000][2.445s][info][gc,heap     ] GC(11) Survivor regions: 1->2(3)
[2026-07-01T01:52:46.483+0000][2.445s][info][gc,heap     ] GC(11) Old regions: 9->9
[2026-07-01T01:52:46.483+0000][2.445s][info][gc,heap     ] GC(11) Humongous regions: 0->0
[2026-07-01T01:52:46.483+0000][2.445s][info][gc,metaspace] GC(11) Metaspace: 20880K(21376K)->20880K(21376K) NonClass: 18286K(18560K)->18286K(18560K) Class: 2593K(2816K)->2593K(2816K)
[2026-07-01T01:52:46.483+0000][2.446s][info][gc          ] GC(11) Pause Young (Normal) (G1 Evacuation Pause) 26M->9M(32M) 3.207ms
[2026-07-01T01:52:46.483+0000][2.446s][info][gc,cpu      ] GC(11) User=0.01s Sys=0.00s Real=0.00s
[2026-07-01T01:52:46.500+0000][2.463s][info][gc,start    ] GC(12) Pause Young (Concurrent Start) (Metadata GC Threshold)
[2026-07-01T01:52:46.500+0000][2.463s][info][gc,task     ] GC(12) Using 2 workers of 2 for evacuation
[2026-07-01T01:52:46.503+0000][2.466s][info][gc,phases   ] GC(12)   Pre Evacuate Collection Set: 0.10ms
[2026-07-01T01:52:46.503+0000][2.466s][info][gc,phases   ] GC(12)   Merge Heap Roots: 0.04ms
[2026-07-01T01:52:46.504+0000][2.466s][info][gc,phases   ] GC(12)   Evacuate Collection Set: 2.67ms
[2026-07-01T01:52:46.504+0000][2.466s][info][gc,phases   ] GC(12)   Post Evacuate Collection Set: 0.30ms
[2026-07-01T01:52:46.504+0000][2.466s][info][gc,phases   ] GC(12)   Other: 0.08ms
[2026-07-01T01:52:46.504+0000][2.466s][info][gc,heap     ] GC(12) Eden regions: 2->0(16)
[2026-07-01T01:52:46.504+0000][2.466s][info][gc,heap     ] GC(12) Survivor regions: 2->2(3)
[2026-07-01T01:52:46.504+0000][2.466s][info][gc,heap     ] GC(12) Old regions: 9->10
[2026-07-01T01:52:46.504+0000][2.466s][info][gc,heap     ] GC(12) Humongous regions: 0->0
[2026-07-01T01:52:46.504+0000][2.466s][info][gc,metaspace] GC(12) Metaspace: 21106K(21504K)->21106K(21504K) NonClass: 18484K(18688K)->18484K(18688K) Class: 2621K(2816K)->2621K(2816K)
[2026-07-01T01:52:46.504+0000][2.466s][info][gc          ] GC(12) Pause Young (Concurrent Start) (Metadata GC Threshold) 11M->9M(32M) 3.309ms
[2026-07-01T01:52:46.504+0000][2.466s][info][gc,cpu      ] GC(12) User=0.01s Sys=0.00s Real=0.00s
[2026-07-01T01:52:46.504+0000][2.466s][info][gc          ] GC(13) Concurrent Mark Cycle
[2026-07-01T01:52:46.504+0000][2.466s][info][gc,marking  ] GC(13) Concurrent Scan Root Regions
[2026-07-01T01:52:46.505+0000][2.468s][info][gc,marking  ] GC(13) Concurrent Scan Root Regions 1.625ms
[2026-07-01T01:52:46.505+0000][2.468s][info][gc,marking  ] GC(13) Concurrent Mark
[2026-07-01T01:52:46.505+0000][2.468s][info][gc,marking  ] GC(13) Concurrent Mark From Roots
[2026-07-01T01:52:46.505+0000][2.468s][info][gc,task     ] GC(13) Using 1 workers of 1 for marking
[2026-07-01T01:52:46.545+0000][2.508s][info][gc,marking  ] GC(13) Concurrent Mark From Roots 40.111ms
[2026-07-01T01:52:46.545+0000][2.508s][info][gc,marking  ] GC(13) Concurrent Preclean
[2026-07-01T01:52:46.545+0000][2.508s][info][gc,marking  ] GC(13) Concurrent Preclean 0.035ms
[2026-07-01T01:52:46.546+0000][2.509s][info][gc,start    ] GC(13) Pause Remark
[2026-07-01T01:52:46.549+0000][2.511s][info][gc,heap     ] GC(13) Heap shrink completed: uncommitted 8 regions (8MB), heap size now 24MB
[2026-07-01T01:52:46.549+0000][2.511s][info][gc          ] GC(13) Pause Remark 11M->11M(24M) 2.592ms
[2026-07-01T01:52:46.549+0000][2.511s][info][gc,cpu      ] GC(13) User=0.01s Sys=0.00s Real=0.01s
[2026-07-01T01:52:46.549+0000][2.512s][info][gc,marking  ] GC(13) Concurrent Mark 43.747ms
[2026-07-01T01:52:46.549+0000][2.512s][info][gc,marking  ] GC(13) Concurrent Rebuild Remembered Sets and Scrub Regions
[2026-07-01T01:52:46.555+0000][2.518s][info][gc,marking  ] GC(13) Concurrent Rebuild Remembered Sets and Scrub Regions 6.311ms
[2026-07-01T01:52:46.555+0000][2.518s][info][gc,start    ] GC(13) Pause Cleanup
[2026-07-01T01:52:46.556+0000][2.518s][info][gc          ] GC(13) Pause Cleanup 11M->11M(24M) 0.076ms
[2026-07-01T01:52:46.556+0000][2.518s][info][gc,cpu      ] GC(13) User=0.00s Sys=0.00s Real=0.00s
[2026-07-01T01:52:46.556+0000][2.518s][info][gc,marking  ] GC(13) Concurrent Clear Claimed Marks
[2026-07-01T01:52:46.556+0000][2.518s][info][gc,marking  ] GC(13) Concurrent Clear Claimed Marks 0.032ms
[2026-07-01T01:52:46.556+0000][2.518s][info][gc,marking  ] GC(13) Concurrent Cleanup for Next Mark
[2026-07-01T01:52:46.556+0000][2.519s][info][gc,marking  ] GC(13) Concurrent Cleanup for Next Mark 0.408ms
[2026-07-01T01:52:46.556+0000][2.519s][info][gc          ] GC(13) Concurrent Mark Cycle 52.455ms
[2026-07-01T01:52:46.670+0000][2.633s][info][gc,start    ] GC(14) Pause Young (Prepare Mixed) (G1 Evacuation Pause)
[2026-07-01T01:52:46.670+0000][2.633s][info][gc,task     ] GC(14) Using 2 workers of 2 for evacuation
[2026-07-01T01:52:46.673+0000][2.636s][info][gc,phases   ] GC(14)   Pre Evacuate Collection Set: 0.08ms
[2026-07-01T01:52:46.673+0000][2.636s][info][gc,phases   ] GC(14)   Merge Heap Roots: 0.05ms
[2026-07-01T01:52:46.673+0000][2.636s][info][gc,phases   ] GC(14)   Evacuate Collection Set: 2.51ms
[2026-07-01T01:52:46.673+0000][2.636s][info][gc,phases   ] GC(14)   Post Evacuate Collection Set: 0.29ms
[2026-07-01T01:52:46.673+0000][2.636s][info][gc,phases   ] GC(14)   Other: 0.04ms
[2026-07-01T01:52:46.673+0000][2.636s][info][gc,heap     ] GC(14) Eden regions: 12->0(11)
[2026-07-01T01:52:46.673+0000][2.636s][info][gc,heap     ] GC(14) Survivor regions: 2->1(2)
[2026-07-01T01:52:46.673+0000][2.636s][info][gc,heap     ] GC(14) Old regions: 10->12
[2026-07-01T01:52:46.673+0000][2.636s][info][gc,heap     ] GC(14) Humongous regions: 0->0
[2026-07-01T01:52:46.673+0000][2.636s][info][gc,metaspace] GC(14) Metaspace: 22067K(22592K)->22067K(22592K) NonClass: 19300K(19584K)->19300K(19584K) Class: 2766K(3008K)->2766K(3008K)
[2026-07-01T01:52:46.673+0000][2.636s][info][gc          ] GC(14) Pause Young (Prepare Mixed) (G1 Evacuation Pause) 21M->10M(27M) 3.085ms
[2026-07-01T01:52:46.673+0000][2.636s][info][gc,cpu      ] GC(14) User=0.01s Sys=0.00s Real=0.00s
[2026-07-01T01:52:46.805+0000][2.767s][info][gc,start    ] GC(15) Pause Young (Mixed) (G1 Evacuation Pause)
[2026-07-01T01:52:46.805+0000][2.767s][info][gc,task     ] GC(15) Using 2 workers of 2 for evacuation
[2026-07-01T01:52:46.808+0000][2.770s][info][gc,phases   ] GC(15)   Pre Evacuate Collection Set: 0.08ms
[2026-07-01T01:52:46.808+0000][2.770s][info][gc,phases   ] GC(15)   Merge Heap Roots: 0.05ms
[2026-07-01T01:52:46.808+0000][2.770s][info][gc,phases   ] GC(15)   Evacuate Collection Set: 2.41ms
[2026-07-01T01:52:46.808+0000][2.770s][info][gc,phases   ] GC(15)   Post Evacuate Collection Set: 0.31ms
[2026-07-01T01:52:46.808+0000][2.770s][info][gc,phases   ] GC(15)   Other: 0.04ms
[2026-07-01T01:52:46.808+0000][2.770s][info][gc,heap     ] GC(15) Eden regions: 11->0(11)
[2026-07-01T01:52:46.808+0000][2.770s][info][gc,heap     ] GC(15) Survivor regions: 1->2(2)
[2026-07-01T01:52:46.808+0000][2.770s][info][gc,heap     ] GC(15) Old regions: 12->11
[2026-07-01T01:52:46.808+0000][2.770s][info][gc,heap     ] GC(15) Humongous regions: 0->0
[2026-07-01T01:52:46.808+0000][2.770s][info][gc,metaspace] GC(15) Metaspace: 23322K(23808K)->23322K(23808K) NonClass: 20381K(20608K)->20381K(20608K) Class: 2940K(3200K)->2940K(3200K)
[2026-07-01T01:52:46.808+0000][2.770s][info][gc          ] GC(15) Pause Young (Mixed) (G1 Evacuation Pause) 21M->11M(27M) 2.994ms
[2026-07-01T01:52:46.808+0000][2.770s][info][gc,cpu      ] GC(15) User=0.01s Sys=0.00s Real=0.00s
[2026-07-01T01:52:46.955+0000][2.918s][info][gc,start    ] GC(16) Pause Young (Normal) (G1 Evacuation Pause)
[2026-07-01T01:52:46.956+0000][2.918s][info][gc,task     ] GC(16) Using 2 workers of 2 for evacuation
[2026-07-01T01:52:46.959+0000][2.922s][info][gc,phases   ] GC(16)   Pre Evacuate Collection Set: 0.08ms
[2026-07-01T01:52:46.959+0000][2.922s][info][gc,phases   ] GC(16)   Merge Heap Roots: 0.05ms
[2026-07-01T01:52:46.959+0000][2.922s][info][gc,phases   ] GC(16)   Evacuate Collection Set: 2.83ms
[2026-07-01T01:52:46.959+0000][2.922s][info][gc,phases   ] GC(16)   Post Evacuate Collection Set: 0.38ms
[2026-07-01T01:52:46.959+0000][2.922s][info][gc,phases   ] GC(16)   Other: 0.03ms
[2026-07-01T01:52:46.959+0000][2.922s][info][gc,heap     ] GC(16) Eden regions: 11->0(16)
[2026-07-01T01:52:46.959+0000][2.922s][info][gc,heap     ] GC(16) Survivor regions: 2->2(2)
[2026-07-01T01:52:46.959+0000][2.922s][info][gc,heap     ] GC(16) Old regions: 11->11
[2026-07-01T01:52:46.959+0000][2.922s][info][gc,heap     ] GC(16) Humongous regions: 0->0
[2026-07-01T01:52:46.959+0000][2.922s][info][gc,metaspace] GC(16) Metaspace: 25490K(25984K)->25490K(25984K) NonClass: 22238K(22528K)->22238K(22528K) Class: 3251K(3456K)->3251K(3456K)
[2026-07-01T01:52:46.959+0000][2.922s][info][gc          ] GC(16) Pause Young (Normal) (G1 Evacuation Pause) 22M->12M(33M) 3.477ms
[2026-07-01T01:52:46.959+0000][2.922s][info][gc,cpu      ] GC(16) User=0.00s Sys=0.00s Real=0.01s
[2026-07-01T01:52:47.105+0000][3.068s][info][gc,start    ] GC(17) Pause Young (Normal) (G1 Evacuation Pause)
[2026-07-01T01:52:47.105+0000][3.068s][info][gc,task     ] GC(17) Using 2 workers of 2 for evacuation
[2026-07-01T01:52:47.109+0000][3.072s][info][gc,phases   ] GC(17)   Pre Evacuate Collection Set: 0.08ms
[2026-07-01T01:52:47.109+0000][3.072s][info][gc,phases   ] GC(17)   Merge Heap Roots: 0.05ms
[2026-07-01T01:52:47.109+0000][3.072s][info][gc,phases   ] GC(17)   Evacuate Collection Set: 3.60ms
[2026-07-01T01:52:47.109+0000][3.072s][info][gc,phases   ] GC(17)   Post Evacuate Collection Set: 0.34ms
[2026-07-01T01:52:47.109+0000][3.072s][info][gc,phases   ] GC(17)   Other: 0.05ms
[2026-07-01T01:52:47.109+0000][3.072s][info][gc,heap     ] GC(17) Eden regions: 16->0(15)
[2026-07-01T01:52:47.109+0000][3.072s][info][gc,heap     ] GC(17) Survivor regions: 2->3(3)
[2026-07-01T01:52:47.109+0000][3.072s][info][gc,heap     ] GC(17) Old regions: 11->12
[2026-07-01T01:52:47.109+0000][3.072s][info][gc,heap     ] GC(17) Humongous regions: 0->0
[2026-07-01T01:52:47.109+0000][3.072s][info][gc,metaspace] GC(17) Metaspace: 27993K(28544K)->27993K(28544K) NonClass: 24425K(24704K)->24425K(24704K) Class: 3567K(3840K)->3567K(3840K)
[2026-07-01T01:52:47.109+0000][3.072s][info][gc          ] GC(17) Pause Young (Normal) (G1 Evacuation Pause) 28M->13M(33M) 4.227ms
[2026-07-01T01:52:47.109+0000][3.072s][info][gc,cpu      ] GC(17) User=0.01s Sys=0.00s Real=0.01s
[2026-07-01T01:52:47.296+0000][3.258s][info][gc,start    ] GC(18) Pause Young (Normal) (G1 Evacuation Pause)
[2026-07-01T01:52:47.296+0000][3.258s][info][gc,task     ] GC(18) Using 2 workers of 2 for evacuation
[2026-07-01T01:52:47.300+0000][3.263s][info][gc,phases   ] GC(18)   Pre Evacuate Collection Set: 0.08ms
[2026-07-01T01:52:47.300+0000][3.263s][info][gc,phases   ] GC(18)   Merge Heap Roots: 0.05ms
[2026-07-01T01:52:47.300+0000][3.263s][info][gc,phases   ] GC(18)   Evacuate Collection Set: 3.86ms
[2026-07-01T01:52:47.300+0000][3.263s][info][gc,phases   ] GC(18)   Post Evacuate Collection Set: 0.35ms
[2026-07-01T01:52:47.300+0000][3.263s][info][gc,phases   ] GC(18)   Other: 0.04ms
[2026-07-01T01:52:47.300+0000][3.263s][info][gc,heap     ] GC(18) Eden regions: 15->0(14)
[2026-07-01T01:52:47.300+0000][3.263s][info][gc,heap     ] GC(18) Survivor regions: 3->3(3)
[2026-07-01T01:52:47.300+0000][3.263s][info][gc,heap     ] GC(18) Old regions: 12->13
[2026-07-01T01:52:47.300+0000][3.263s][info][gc,heap     ] GC(18) Humongous regions: 0->0
[2026-07-01T01:52:47.300+0000][3.263s][info][gc,metaspace] GC(18) Metaspace: 30087K(30656K)->30087K(30656K) NonClass: 26220K(26560K)->26220K(26560K) Class: 3867K(4096K)->3867K(4096K)
[2026-07-01T01:52:47.300+0000][3.263s][info][gc          ] GC(18) Pause Young (Normal) (G1 Evacuation Pause) 28M->14M(34M) 4.487ms
[2026-07-01T01:52:47.300+0000][3.263s][info][gc,cpu      ] GC(18) User=0.01s Sys=0.00s Real=0.01s
[2026-07-01T01:52:47.458+0000][3.420s][info][gc,start    ] GC(19) Pause Young (Normal) (G1 Evacuation Pause)
[2026-07-01T01:52:47.458+0000][3.420s][info][gc,task     ] GC(19) Using 2 workers of 2 for evacuation
[2026-07-01T01:52:47.462+0000][3.425s][info][gc,phases   ] GC(19)   Pre Evacuate Collection Set: 0.08ms
[2026-07-01T01:52:47.462+0000][3.425s][info][gc,phases   ] GC(19)   Merge Heap Roots: 0.05ms
[2026-07-01T01:52:47.462+0000][3.425s][info][gc,phases   ] GC(19)   Evacuate Collection Set: 4.17ms
[2026-07-01T01:52:47.462+0000][3.425s][info][gc,phases   ] GC(19)   Post Evacuate Collection Set: 0.35ms
[2026-07-01T01:52:47.462+0000][3.425s][info][gc,phases   ] GC(19)   Other: 0.04ms
[2026-07-01T01:52:47.462+0000][3.425s][info][gc,heap     ] GC(19) Eden regions: 14->0(14)
[2026-07-01T01:52:47.462+0000][3.425s][info][gc,heap     ] GC(19) Survivor regions: 3->1(3)
[2026-07-01T01:52:47.462+0000][3.425s][info][gc,heap     ] GC(19) Old regions: 13->16
[2026-07-01T01:52:47.462+0000][3.425s][info][gc,heap     ] GC(19) Humongous regions: 0->0
[2026-07-01T01:52:47.462+0000][3.425s][info][gc,metaspace] GC(19) Metaspace: 31811K(32448K)->31811K(32448K) NonClass: 27678K(28032K)->27678K(28032K) Class: 4133K(4416K)->4133K(4416K)
[2026-07-01T01:52:47.462+0000][3.425s][info][gc          ] GC(19) Pause Young (Normal) (G1 Evacuation Pause) 28M->15M(34M) 4.802ms
[2026-07-01T01:52:47.462+0000][3.425s][info][gc,cpu      ] GC(19) User=0.01s Sys=0.00s Real=0.01s
[2026-07-01T01:52:47.680+0000][3.643s][info][gc,start    ] GC(20) Pause Young (Concurrent Start) (G1 Evacuation Pause)
[2026-07-01T01:52:47.680+0000][3.643s][info][gc,task     ] GC(20) Using 2 workers of 2 for evacuation
[2026-07-01T01:52:47.684+0000][3.647s][info][gc,phases   ] GC(20)   Pre Evacuate Collection Set: 0.08ms
[2026-07-01T01:52:47.684+0000][3.647s][info][gc,phases   ] GC(20)   Merge Heap Roots: 0.05ms
[2026-07-01T01:52:47.684+0000][3.647s][info][gc,phases   ] GC(20)   Evacuate Collection Set: 3.09ms
[2026-07-01T01:52:47.684+0000][3.647s][info][gc,phases   ] GC(20)   Post Evacuate Collection Set: 0.49ms
[2026-07-01T01:52:47.684+0000][3.647s][info][gc,phases   ] GC(20)   Other: 0.06ms
[2026-07-01T01:52:47.684+0000][3.647s][info][gc,heap     ] GC(20) Eden regions: 14->0(18)
[2026-07-01T01:52:47.684+0000][3.647s][info][gc,heap     ] GC(20) Survivor regions: 1->2(2)
[2026-07-01T01:52:47.684+0000][3.647s][info][gc,heap     ] GC(20) Old regions: 16->16
[2026-07-01T01:52:47.684+0000][3.647s][info][gc,heap     ] GC(20) Humongous regions: 0->0
[2026-07-01T01:52:47.684+0000][3.647s][info][gc,metaspace] GC(20) Metaspace: 35113K(35840K)->35113K(35840K) NonClass: 30545K(30976K)->30545K(30976K) Class: 4568K(4864K)->4568K(4864K)
[2026-07-01T01:52:47.684+0000][3.647s][info][gc          ] GC(20) Pause Young (Concurrent Start) (G1 Evacuation Pause) 29M->17M(41M) 3.901ms
[2026-07-01T01:52:47.684+0000][3.647s][info][gc,cpu      ] GC(20) User=0.01s Sys=0.00s Real=0.00s
[2026-07-01T01:52:47.684+0000][3.647s][info][gc          ] GC(21) Concurrent Mark Cycle
[2026-07-01T01:52:47.684+0000][3.647s][info][gc,marking  ] GC(21) Concurrent Scan Root Regions
[2026-07-01T01:52:47.690+0000][3.653s][info][gc,marking  ] GC(21) Concurrent Scan Root Regions 6.221ms
[2026-07-01T01:52:47.691+0000][3.653s][info][gc,marking  ] GC(21) Concurrent Mark
[2026-07-01T01:52:47.691+0000][3.653s][info][gc,marking  ] GC(21) Concurrent Mark From Roots
[2026-07-01T01:52:47.691+0000][3.653s][info][gc,task     ] GC(21) Using 1 workers of 1 for marking
[2026-07-01T01:52:47.752+0000][3.715s][info][gc,marking  ] GC(21) Concurrent Mark From Roots 61.746ms
[2026-07-01T01:52:47.752+0000][3.715s][info][gc,marking  ] GC(21) Concurrent Preclean
[2026-07-01T01:52:47.752+0000][3.715s][info][gc,marking  ] GC(21) Concurrent Preclean 0.077ms
[2026-07-01T01:52:47.753+0000][3.715s][info][gc,start    ] GC(21) Pause Remark
[2026-07-01T01:52:47.757+0000][3.719s][info][gc,heap     ] GC(21) Heap shrink completed: uncommitted 5 regions (5MB), heap size now 36MB
[2026-07-01T01:52:47.757+0000][3.719s][info][gc          ] GC(21) Pause Remark 22M->22M(36M) 4.247ms
[2026-07-01T01:52:47.757+0000][3.719s][info][gc,cpu      ] GC(21) User=0.01s Sys=0.00s Real=0.00s
[2026-07-01T01:52:47.757+0000][3.719s][info][gc,marking  ] GC(21) Concurrent Mark 66.294ms
[2026-07-01T01:52:47.757+0000][3.720s][info][gc,marking  ] GC(21) Concurrent Rebuild Remembered Sets and Scrub Regions
[2026-07-01T01:52:47.771+0000][3.734s][info][gc,marking  ] GC(21) Concurrent Rebuild Remembered Sets and Scrub Regions 14.479ms
[2026-07-01T01:52:47.771+0000][3.734s][info][gc,start    ] GC(21) Pause Cleanup
[2026-07-01T01:52:47.771+0000][3.734s][info][gc          ] GC(21) Pause Cleanup 28M->28M(36M) 0.074ms
[2026-07-01T01:52:47.771+0000][3.734s][info][gc,cpu      ] GC(21) User=0.00s Sys=0.00s Real=0.00s
[2026-07-01T01:52:47.771+0000][3.734s][info][gc,marking  ] GC(21) Concurrent Clear Claimed Marks
[2026-07-01T01:52:47.772+0000][3.734s][info][gc,marking  ] GC(21) Concurrent Clear Claimed Marks 0.055ms
[2026-07-01T01:52:47.772+0000][3.734s][info][gc,marking  ] GC(21) Concurrent Cleanup for Next Mark
[2026-07-01T01:52:47.772+0000][3.734s][info][gc,marking  ] GC(21) Concurrent Cleanup for Next Mark 0.157ms
[2026-07-01T01:52:47.772+0000][3.734s][info][gc          ] GC(21) Concurrent Mark Cycle 87.484ms
[2026-07-01T01:52:47.780+0000][3.743s][info][gc,start    ] GC(22) Pause Young (Prepare Mixed) (G1 Evacuation Pause)
[2026-07-01T01:52:47.780+0000][3.743s][info][gc,task     ] GC(22) Using 2 workers of 2 for evacuation
[2026-07-01T01:52:47.794+0000][3.757s][info][gc,phases   ] GC(22)   Pre Evacuate Collection Set: 0.08ms
[2026-07-01T01:52:47.794+0000][3.757s][info][gc,phases   ] GC(22)   Merge Heap Roots: 0.06ms
[2026-07-01T01:52:47.794+0000][3.757s][info][gc,phases   ] GC(22)   Evacuate Collection Set: 13.30ms
[2026-07-01T01:52:47.794+0000][3.757s][info][gc,phases   ] GC(22)   Post Evacuate Collection Set: 0.40ms
[2026-07-01T01:52:47.794+0000][3.757s][info][gc,phases   ] GC(22)   Other: 0.04ms
[2026-07-01T01:52:47.794+0000][3.757s][info][gc,heap     ] GC(22) Eden regions: 18->0(9)
[2026-07-01T01:52:47.794+0000][3.757s][info][gc,heap     ] GC(22) Survivor regions: 2->3(3)
[2026-07-01T01:52:47.794+0000][3.757s][info][gc,heap     ] GC(22) Old regions: 16->29
[2026-07-01T01:52:47.794+0000][3.757s][info][gc,heap     ] GC(22) Humongous regions: 0->0
[2026-07-01T01:52:47.794+0000][3.757s][info][gc,metaspace] GC(22) Metaspace: 35448K(36160K)->35448K(36160K) NonClass: 30831K(31232K)->30831K(31232K) Class: 4617K(4928K)->4617K(4928K)
[2026-07-01T01:52:47.794+0000][3.757s][info][gc          ] GC(22) Pause Young (Prepare Mixed) (G1 Evacuation Pause) 35M->31M(52M) 13.991ms
[2026-07-01T01:52:47.794+0000][3.757s][info][gc,cpu      ] GC(22) User=0.03s Sys=0.00s Real=0.01s
[2026-07-01T01:52:47.806+0000][3.768s][info][gc,start    ] GC(23) Pause Young (Mixed) (G1 Evacuation Pause)
[2026-07-01T01:52:47.806+0000][3.768s][info][gc,task     ] GC(23) Using 2 workers of 2 for evacuation
[2026-07-01T01:52:47.842+0000][3.804s][info][gc,phases   ] GC(23)   Pre Evacuate Collection Set: 0.08ms
[2026-07-01T01:52:47.842+0000][3.804s][info][gc,phases   ] GC(23)   Merge Heap Roots: 0.13ms
[2026-07-01T01:52:47.842+0000][3.804s][info][gc,phases   ] GC(23)   Evacuate Collection Set: 35.40ms
[2026-07-01T01:52:47.842+0000][3.804s][info][gc,phases   ] GC(23)   Post Evacuate Collection Set: 0.28ms
[2026-07-01T01:52:47.842+0000][3.804s][info][gc,phases   ] GC(23)   Other: 0.04ms
[2026-07-01T01:52:47.842+0000][3.804s][info][gc,heap     ] GC(23) Eden regions: 9->0(5)
[2026-07-01T01:52:47.842+0000][3.804s][info][gc,heap     ] GC(23) Survivor regions: 3->2(2)
[2026-07-01T01:52:47.842+0000][3.804s][info][gc,heap     ] GC(23) Old regions: 29->36
[2026-07-01T01:52:47.842+0000][3.804s][info][gc,heap     ] GC(23) Humongous regions: 1->1
[2026-07-01T01:52:47.842+0000][3.804s][info][gc,metaspace] GC(23) Metaspace: 35450K(36160K)->35450K(36160K) NonClass: 30832K(31232K)->30832K(31232K) Class: 4617K(4928K)->4617K(4928K)
[2026-07-01T01:52:47.842+0000][3.804s][info][gc          ] GC(23) Pause Young (Mixed) (G1 Evacuation Pause) 41M->39M(53M) 36.058ms
[2026-07-01T01:52:47.842+0000][3.804s][info][gc,cpu      ] GC(23) User=0.02s Sys=0.00s Real=0.04s
[2026-07-01T01:52:47.847+0000][3.810s][info][gc,start    ] GC(24) Pause Young (Concurrent Start) (G1 Evacuation Pause)
[2026-07-01T01:52:47.847+0000][3.810s][info][gc,task     ] GC(24) Using 2 workers of 2 for evacuation
[2026-07-01T01:52:47.851+0000][3.814s][info][gc,phases   ] GC(24)   Pre Evacuate Collection Set: 0.10ms
[2026-07-01T01:52:47.851+0000][3.814s][info][gc,phases   ] GC(24)   Merge Heap Roots: 0.03ms
[2026-07-01T01:52:47.851+0000][3.814s][info][gc,phases   ] GC(24)   Evacuate Collection Set: 3.94ms
[2026-07-01T01:52:47.851+0000][3.814s][info][gc,phases   ] GC(24)   Post Evacuate Collection Set: 0.25ms
[2026-07-01T01:52:47.851+0000][3.814s][info][gc,phases   ] GC(24)   Other: 0.06ms
[2026-07-01T01:52:47.851+0000][3.814s][info][gc,heap     ] GC(24) Eden regions: 5->0(2)
[2026-07-01T01:52:47.851+0000][3.814s][info][gc,heap     ] GC(24) Survivor regions: 2->1(1)
[2026-07-01T01:52:47.851+0000][3.814s][info][gc,heap     ] GC(24) Old regions: 36->42
[2026-07-01T01:52:47.851+0000][3.814s][info][gc,heap     ] GC(24) Humongous regions: 1->1
[2026-07-01T01:52:47.851+0000][3.814s][info][gc,metaspace] GC(24) Metaspace: 35450K(36160K)->35450K(36160K) NonClass: 30832K(31232K)->30832K(31232K) Class: 4617K(4928K)->4617K(4928K)
[2026-07-01T01:52:47.851+0000][3.814s][info][gc          ] GC(24) Pause Young (Concurrent Start) (G1 Evacuation Pause) 44M->43M(53M) 4.478ms
[2026-07-01T01:52:47.851+0000][3.814s][info][gc,cpu      ] GC(24) User=0.02s Sys=0.00s Real=0.01s
[2026-07-01T01:52:47.851+0000][3.814s][info][gc          ] GC(25) Concurrent Mark Cycle
[2026-07-01T01:52:47.852+0000][3.814s][info][gc,marking  ] GC(25) Concurrent Scan Root Regions
[2026-07-01T01:52:47.855+0000][3.818s][info][gc,start    ] GC(26) Pause Young (Normal) (G1 Evacuation Pause)
[2026-07-01T01:52:47.855+0000][3.818s][info][gc,task     ] GC(26) Using 2 workers of 2 for evacuation
[2026-07-01T01:52:47.856+0000][3.819s][info][gc,marking  ] GC(25) Concurrent Scan Root Regions 4.438ms
[2026-07-01T01:52:47.856+0000][3.819s][info][gc,marking  ] GC(25) Concurrent Mark
[2026-07-01T01:52:47.856+0000][3.819s][info][gc,marking  ] GC(25) Concurrent Mark From Roots
[2026-07-01T01:52:47.856+0000][3.819s][info][gc,task     ] GC(25) Using 1 workers of 1 for marking
[2026-07-01T01:52:47.859+0000][3.822s][info][gc,phases   ] GC(26)   Pre Evacuate Collection Set: 0.06ms
[2026-07-01T01:52:47.859+0000][3.822s][info][gc,phases   ] GC(26)   Merge Heap Roots: 0.03ms
[2026-07-01T01:52:47.859+0000][3.822s][info][gc,phases   ] GC(26)   Evacuate Collection Set: 2.49ms
[2026-07-01T01:52:47.859+0000][3.822s][info][gc,phases   ] GC(26)   Post Evacuate Collection Set: 0.26ms
[2026-07-01T01:52:47.859+0000][3.822s][info][gc,phases   ] GC(26)   Other: 0.03ms
[2026-07-01T01:52:47.859+0000][3.822s][info][gc,heap     ] GC(26) Eden regions: 2->0(1)
[2026-07-01T01:52:47.859+0000][3.822s][info][gc,heap     ] GC(26) Survivor regions: 1->1(1)
[2026-07-01T01:52:47.859+0000][3.822s][info][gc,heap     ] GC(26) Old regions: 42->44
[2026-07-01T01:52:47.859+0000][3.822s][info][gc,heap     ] GC(26) Humongous regions: 1->1
[2026-07-01T01:52:47.859+0000][3.822s][info][gc,metaspace] GC(26) Metaspace: 35450K(36160K)->35450K(36160K) NonClass: 30832K(31232K)->30832K(31232K) Class: 4617K(4928K)->4617K(4928K)
[2026-07-01T01:52:47.859+0000][3.822s][info][gc          ] GC(26) Pause Young (Normal) (G1 Evacuation Pause) 45M->45M(53M) 3.815ms
[2026-07-01T01:52:47.859+0000][3.822s][info][gc,cpu      ] GC(26) User=0.01s Sys=0.00s Real=0.01s
[2026-07-01T01:52:47.861+0000][3.823s][info][gc,start    ] GC(27) Pause Young (Normal) (G1 Evacuation Pause)
[2026-07-01T01:52:47.861+0000][3.823s][info][gc,task     ] GC(27) Using 2 workers of 2 for evacuation
[2026-07-01T01:52:47.863+0000][3.826s][info][gc,phases   ] GC(27)   Pre Evacuate Collection Set: 0.07ms
[2026-07-01T01:52:47.863+0000][3.826s][info][gc,phases   ] GC(27)   Merge Heap Roots: 0.03ms
[2026-07-01T01:52:47.863+0000][3.826s][info][gc,phases   ] GC(27)   Evacuate Collection Set: 1.12ms
[2026-07-01T01:52:47.863+0000][3.826s][info][gc,phases   ] GC(27)   Post Evacuate Collection Set: 0.98ms
[2026-07-01T01:52:47.863+0000][3.826s][info][gc,phases   ] GC(27)   Other: 0.03ms
[2026-07-01T01:52:47.863+0000][3.826s][info][gc,heap     ] GC(27) Eden regions: 1->0(50)
[2026-07-01T01:52:47.863+0000][3.826s][info][gc,heap     ] GC(27) Survivor regions: 1->1(1)
[2026-07-01T01:52:47.863+0000][3.826s][info][gc,heap     ] GC(27) Old regions: 44->45
[2026-07-01T01:52:47.863+0000][3.826s][info][gc,heap     ] GC(27) Humongous regions: 1->1
[2026-07-01T01:52:47.863+0000][3.826s][info][gc,metaspace] GC(27) Metaspace: 35450K(36160K)->35450K(36160K) NonClass: 30832K(31232K)->30832K(31232K) Class: 4617K(4928K)->4617K(4928K)
[2026-07-01T01:52:47.863+0000][3.826s][info][gc          ] GC(27) Pause Young (Normal) (G1 Evacuation Pause) 46M->46M(159M) 2.304ms
[2026-07-01T01:52:47.863+0000][3.826s][info][gc,cpu      ] GC(27) User=0.00s Sys=0.00s Real=0.00s
[2026-07-01T01:52:47.958+0000][3.920s][info][gc,marking  ] GC(25) Concurrent Mark From Roots 101.688ms
[2026-07-01T01:52:47.958+0000][3.920s][info][gc,marking  ] GC(25) Concurrent Preclean
[2026-07-01T01:52:47.958+0000][3.920s][info][gc,marking  ] GC(25) Concurrent Preclean 0.036ms
[2026-07-01T01:52:47.958+0000][3.920s][info][gc,start    ] GC(25) Pause Remark
[2026-07-01T01:52:47.962+0000][3.925s][info][gc,heap     ] GC(25) Heap shrink completed: uncommitted 61 regions (61MB), heap size now 98MB
[2026-07-01T01:52:47.962+0000][3.925s][info][gc          ] GC(25) Pause Remark 89M->89M(98M) 4.661ms
[2026-07-01T01:52:47.962+0000][3.925s][info][gc,cpu      ] GC(25) User=0.01s Sys=0.00s Real=0.01s
[2026-07-01T01:52:47.963+0000][3.925s][info][gc,marking  ] GC(25) Concurrent Mark 106.541ms
[2026-07-01T01:52:47.963+0000][3.925s][info][gc,marking  ] GC(25) Concurrent Rebuild Remembered Sets and Scrub Regions
[2026-07-01T01:52:47.972+0000][3.934s][info][gc,start    ] GC(28) Pause Young (Normal) (G1 Evacuation Pause)
[2026-07-01T01:52:47.972+0000][3.934s][info][gc,task     ] GC(28) Using 2 workers of 2 for evacuation
[2026-07-01T01:52:48.002+0000][3.964s][info][gc,phases   ] GC(28)   Pre Evacuate Collection Set: 0.13ms
[2026-07-01T01:52:48.002+0000][3.964s][info][gc,phases   ] GC(28)   Merge Heap Roots: 0.05ms
[2026-07-01T01:52:48.002+0000][3.964s][info][gc,phases   ] GC(28)   Evacuate Collection Set: 29.28ms
[2026-07-01T01:52:48.002+0000][3.964s][info][gc,phases   ] GC(28)   Post Evacuate Collection Set: 0.29ms
[2026-07-01T01:52:48.002+0000][3.964s][info][gc,phases   ] GC(28)   Other: 0.06ms
[2026-07-01T01:52:48.002+0000][3.964s][info][gc,heap     ] GC(28) Eden regions: 49->0(18)
[2026-07-01T01:52:48.002+0000][3.964s][info][gc,heap     ] GC(28) Survivor regions: 1->7(7)
[2026-07-01T01:52:48.002+0000][3.964s][info][gc,heap     ] GC(28) Old regions: 45->78
[2026-07-01T01:52:48.002+0000][3.964s][info][gc,heap     ] GC(28) Humongous regions: 3->3
[2026-07-01T01:52:48.002+0000][3.964s][info][gc,metaspace] GC(28) Metaspace: 35450K(36160K)->35450K(36160K) NonClass: 30832K(31232K)->30832K(31232K) Class: 4617K(4928K)->4617K(4928K)
[2026-07-01T01:52:48.002+0000][3.964s][info][gc          ] GC(28) Pause Young (Normal) (G1 Evacuation Pause) 97M->87M(138M) 29.929ms
[2026-07-01T01:52:48.002+0000][3.964s][info][gc,cpu      ] GC(28) User=0.04s Sys=0.02s Real=0.03s
[2026-07-01T01:52:48.014+0000][3.977s][info][gc,start    ] GC(29) Pause Young (Normal) (G1 Evacuation Pause)
[2026-07-01T01:52:48.014+0000][3.977s][info][gc,task     ] GC(29) Using 2 workers of 2 for evacuation
[2026-07-01T01:52:48.027+0000][3.989s][info][gc,phases   ] GC(29)   Pre Evacuate Collection Set: 0.09ms
[2026-07-01T01:52:48.027+0000][3.989s][info][gc,phases   ] GC(29)   Merge Heap Roots: 0.06ms
[2026-07-01T01:52:48.027+0000][3.989s][info][gc,phases   ] GC(29)   Evacuate Collection Set: 11.83ms
[2026-07-01T01:52:48.027+0000][3.989s][info][gc,phases   ] GC(29)   Post Evacuate Collection Set: 0.27ms
[2026-07-01T01:52:48.027+0000][3.989s][info][gc,phases   ] GC(29)   Other: 0.05ms
[2026-07-01T01:52:48.027+0000][3.989s][info][gc,heap     ] GC(29) Eden regions: 18->0(11)
[2026-07-01T01:52:48.027+0000][3.989s][info][gc,heap     ] GC(29) Survivor regions: 7->4(4)
[2026-07-01T01:52:48.027+0000][3.989s][info][gc,heap     ] GC(29) Old regions: 78->96
[2026-07-01T01:52:48.027+0000][3.989s][info][gc,heap     ] GC(29) Humongous regions: 3->3
[2026-07-01T01:52:48.027+0000][3.989s][info][gc,metaspace] GC(29) Metaspace: 35458K(36160K)->35458K(36160K) NonClass: 30840K(31232K)->30840K(31232K) Class: 4617K(4928K)->4617K(4928K)
[2026-07-01T01:52:48.027+0000][3.989s][info][gc          ] GC(29) Pause Young (Normal) (G1 Evacuation Pause) 105M->102M(138M) 12.421ms
[2026-07-01T01:52:48.027+0000][3.989s][info][gc,cpu      ] GC(29) User=0.03s Sys=0.00s Real=0.01s
[2026-07-01T01:52:48.041+0000][4.004s][info][gc,marking  ] GC(25) Concurrent Rebuild Remembered Sets and Scrub Regions 78.514ms
[2026-07-01T01:52:48.041+0000][4.004s][info][gc,start    ] GC(25) Pause Cleanup
[2026-07-01T01:52:48.041+0000][4.004s][info][gc          ] GC(25) Pause Cleanup 106M->106M(138M) 0.107ms
[2026-07-01T01:52:48.041+0000][4.004s][info][gc,cpu      ] GC(25) User=0.00s Sys=0.00s Real=0.00s
[2026-07-01T01:52:48.041+0000][4.004s][info][gc,marking  ] GC(25) Concurrent Clear Claimed Marks
[2026-07-01T01:52:48.041+0000][4.004s][info][gc,marking  ] GC(25) Concurrent Clear Claimed Marks 0.067ms
[2026-07-01T01:52:48.041+0000][4.004s][info][gc,marking  ] GC(25) Concurrent Cleanup for Next Mark
[2026-07-01T01:52:48.042+0000][4.005s][info][gc,marking  ] GC(25) Concurrent Cleanup for Next Mark 0.731ms
[2026-07-01T01:52:48.042+0000][4.005s][info][gc          ] GC(25) Concurrent Mark Cycle 190.682ms
[2026-07-01T01:52:48.062+0000][4.025s][info][gc,start    ] GC(30) Pause Young (Prepare Mixed) (G1 Evacuation Pause)
[2026-07-01T01:52:48.062+0000][4.025s][info][gc,task     ] GC(30) Using 2 workers of 2 for evacuation
[2026-07-01T01:52:48.073+0000][4.035s][info][gc,phases   ] GC(30)   Pre Evacuate Collection Set: 0.10ms
[2026-07-01T01:52:48.073+0000][4.035s][info][gc,phases   ] GC(30)   Merge Heap Roots: 0.13ms
[2026-07-01T01:52:48.073+0000][4.035s][info][gc,phases   ] GC(30)   Evacuate Collection Set: 10.09ms
[2026-07-01T01:52:48.073+0000][4.035s][info][gc,phases   ] GC(30)   Post Evacuate Collection Set: 0.33ms
[2026-07-01T01:52:48.073+0000][4.035s][info][gc,phases   ] GC(30)   Other: 0.04ms
[2026-07-01T01:52:48.073+0000][4.035s][info][gc,heap     ] GC(30) Eden regions: 11->0(7)
[2026-07-01T01:52:48.073+0000][4.035s][info][gc,heap     ] GC(30) Survivor regions: 4->2(2)
[2026-07-01T01:52:48.073+0000][4.035s][info][gc,heap     ] GC(30) Old regions: 96->106
[2026-07-01T01:52:48.073+0000][4.035s][info][gc,heap     ] GC(30) Humongous regions: 6->6
[2026-07-01T01:52:48.073+0000][4.035s][info][gc,metaspace] GC(30) Metaspace: 35957K(36672K)->35957K(36672K) NonClass: 31275K(31680K)->31275K(31680K) Class: 4681K(4992K)->4681K(4992K)
[2026-07-01T01:52:48.073+0000][4.035s][info][gc          ] GC(30) Pause Young (Prepare Mixed) (G1 Evacuation Pause) 116M->113M(138M) 10.823ms
[2026-07-01T01:52:48.073+0000][4.035s][info][gc,cpu      ] GC(30) User=0.03s Sys=0.00s Real=0.01s
[2026-07-01T01:52:48.079+0000][4.042s][info][gc,start    ] GC(31) Pause Young (Mixed) (G1 Evacuation Pause)
[2026-07-01T01:52:48.079+0000][4.042s][info][gc,task     ] GC(31) Using 2 workers of 2 for evacuation
[2026-07-01T01:52:48.086+0000][4.049s][info][gc,phases   ] GC(31)   Pre Evacuate Collection Set: 0.08ms
[2026-07-01T01:52:48.086+0000][4.049s][info][gc,phases   ] GC(31)   Merge Heap Roots: 0.05ms
[2026-07-01T01:52:48.086+0000][4.049s][info][gc,phases   ] GC(31)   Evacuate Collection Set: 6.44ms
[2026-07-01T01:52:48.086+0000][4.049s][info][gc,phases   ] GC(31)   Post Evacuate Collection Set: 0.25ms
[2026-07-01T01:52:48.086+0000][4.049s][info][gc,phases   ] GC(31)   Other: 0.04ms
[2026-07-01T01:52:48.086+0000][4.049s][info][gc,heap     ] GC(31) Eden regions: 7->0(6)
[2026-07-01T01:52:48.086+0000][4.049s][info][gc,heap     ] GC(31) Survivor regions: 2->2(2)
[2026-07-01T01:52:48.086+0000][4.049s][info][gc,heap     ] GC(31) Old regions: 106->111
[2026-07-01T01:52:48.086+0000][4.049s][info][gc,heap     ] GC(31) Humongous regions: 6->6
[2026-07-01T01:52:48.086+0000][4.049s][info][gc,metaspace] GC(31) Metaspace: 36080K(36800K)->36080K(36800K) NonClass: 31384K(31808K)->31384K(31808K) Class: 4696K(4992K)->4696K(4992K)
[2026-07-01T01:52:48.086+0000][4.049s][info][gc          ] GC(31) Pause Young (Mixed) (G1 Evacuation Pause) 120M->118M(138M) 6.967ms
[2026-07-01T01:52:48.086+0000][4.049s][info][gc,cpu      ] GC(31) User=0.01s Sys=0.00s Real=0.00s
[2026-07-01T01:52:48.091+0000][4.054s][info][gc,start    ] GC(32) Pause Young (Concurrent Start) (G1 Evacuation Pause)
[2026-07-01T01:52:48.091+0000][4.054s][info][gc,task     ] GC(32) Using 2 workers of 2 for evacuation
[2026-07-01T01:52:48.097+0000][4.060s][info][gc,phases   ] GC(32)   Pre Evacuate Collection Set: 0.09ms
[2026-07-01T01:52:48.097+0000][4.060s][info][gc,phases   ] GC(32)   Merge Heap Roots: 0.03ms
[2026-07-01T01:52:48.097+0000][4.060s][info][gc,phases   ] GC(32)   Evacuate Collection Set: 3.59ms
[2026-07-01T01:52:48.097+0000][4.060s][info][gc,phases   ] GC(32)   Post Evacuate Collection Set: 1.79ms
[2026-07-01T01:52:48.097+0000][4.060s][info][gc,phases   ] GC(32)   Other: 0.06ms
[2026-07-01T01:52:48.097+0000][4.060s][info][gc,heap     ] GC(32) Eden regions: 6->0(80)
[2026-07-01T01:52:48.097+0000][4.060s][info][gc,heap     ] GC(32) Survivor regions: 2->1(1)
[2026-07-01T01:52:48.097+0000][4.060s][info][gc,heap     ] GC(32) Old regions: 111->117
[2026-07-01T01:52:48.097+0000][4.060s][info][gc,heap     ] GC(32) Humongous regions: 6->6
[2026-07-01T01:52:48.097+0000][4.060s][info][gc,metaspace] GC(32) Metaspace: 36161K(36864K)->36161K(36864K) NonClass: 31453K(31872K)->31453K(31872K) Class: 4707K(4992K)->4707K(4992K)
[2026-07-01T01:52:48.097+0000][4.060s][info][gc          ] GC(32) Pause Young (Concurrent Start) (G1 Evacuation Pause) 124M->123M(375M) 5.657ms
[2026-07-01T01:52:48.097+0000][4.060s][info][gc,cpu      ] GC(32) User=0.00s Sys=0.00s Real=0.00s
[2026-07-01T01:52:48.097+0000][4.060s][info][gc          ] GC(33) Concurrent Mark Cycle
[2026-07-01T01:52:48.097+0000][4.060s][info][gc,marking  ] GC(33) Concurrent Scan Root Regions
[2026-07-01T01:52:48.102+0000][4.064s][info][gc,marking  ] GC(33) Concurrent Scan Root Regions 4.598ms
[2026-07-01T01:52:48.102+0000][4.064s][info][gc,marking  ] GC(33) Concurrent Mark
[2026-07-01T01:52:48.102+0000][4.064s][info][gc,marking  ] GC(33) Concurrent Mark From Roots
[2026-07-01T01:52:48.102+0000][4.064s][info][gc,task     ] GC(33) Using 1 workers of 1 for marking
[2026-07-01T01:52:48.645+0000][4.607s][info][gc,start    ] GC(34) Pause Young (Normal) (G1 Evacuation Pause)
[2026-07-01T01:52:48.645+0000][4.607s][info][gc,task     ] GC(34) Using 2 workers of 2 for evacuation
[2026-07-01T01:52:48.668+0000][4.631s][info][gc,phases   ] GC(34)   Pre Evacuate Collection Set: 0.16ms
[2026-07-01T01:52:48.668+0000][4.631s][info][gc,phases   ] GC(34)   Merge Heap Roots: 0.06ms
[2026-07-01T01:52:48.668+0000][4.631s][info][gc,phases   ] GC(34)   Evacuate Collection Set: 22.87ms
[2026-07-01T01:52:48.668+0000][4.631s][info][gc,phases   ] GC(34)   Post Evacuate Collection Set: 0.62ms
[2026-07-01T01:52:48.668+0000][4.631s][info][gc,phases   ] GC(34)   Other: 0.07ms
[2026-07-01T01:52:48.668+0000][4.631s][info][gc,heap     ] GC(34) Eden regions: 80->0(73)
[2026-07-01T01:52:48.668+0000][4.631s][info][gc,heap     ] GC(34) Survivor regions: 1->11(11)
[2026-07-01T01:52:48.668+0000][4.631s][info][gc,heap     ] GC(34) Old regions: 117->145
[2026-07-01T01:52:48.668+0000][4.631s][info][gc,heap     ] GC(34) Humongous regions: 6->6
[2026-07-01T01:52:48.668+0000][4.631s][info][gc,metaspace] GC(34) Metaspace: 38758K(39552K)->38758K(39552K) NonClass: 33687K(34112K)->33687K(34112K) Class: 5071K(5440K)->5071K(5440K)
[2026-07-01T01:52:48.668+0000][4.631s][info][gc          ] GC(34) Pause Young (Normal) (G1 Evacuation Pause) 203M->161M(375M) 23.922ms
[2026-07-01T01:52:48.668+0000][4.631s][info][gc,cpu      ] GC(34) User=0.04s Sys=0.01s Real=0.03s
[2026-07-01T01:52:48.742+0000][4.704s][info][gc,marking  ] GC(33) Concurrent Mark From Roots 639.917ms
[2026-07-01T01:52:48.742+0000][4.704s][info][gc,marking  ] GC(33) Concurrent Preclean
[2026-07-01T01:52:48.742+0000][4.704s][info][gc,marking  ] GC(33) Concurrent Preclean 0.083ms
[2026-07-01T01:52:48.742+0000][4.705s][info][gc,start    ] GC(33) Pause Remark
[2026-07-01T01:52:48.746+0000][4.708s][info][gc,heap     ] GC(33) Heap shrink completed: uncommitted 57 regions (57MB), heap size now 318MB
[2026-07-01T01:52:48.746+0000][4.708s][info][gc          ] GC(33) Pause Remark 169M->166M(318M) 3.520ms
[2026-07-01T01:52:48.746+0000][4.708s][info][gc,cpu      ] GC(33) User=0.01s Sys=0.00s Real=0.00s
[2026-07-01T01:52:48.751+0000][4.714s][info][gc,marking  ] GC(33) Concurrent Mark 649.383ms
[2026-07-01T01:52:48.751+0000][4.714s][info][gc,marking  ] GC(33) Concurrent Rebuild Remembered Sets and Scrub Regions
[2026-07-01T01:52:49.787+0000][5.750s][info][gc,marking  ] GC(33) Concurrent Rebuild Remembered Sets and Scrub Regions 1036.004ms
[2026-07-01T01:52:49.790+0000][5.753s][info][gc,start    ] GC(33) Pause Cleanup
[2026-07-01T01:52:49.790+0000][5.753s][info][gc          ] GC(33) Pause Cleanup 196M->196M(318M) 0.239ms
[2026-07-01T01:52:49.790+0000][5.753s][info][gc,cpu      ] GC(33) User=0.00s Sys=0.00s Real=0.00s
[2026-07-01T01:52:49.847+0000][5.810s][info][gc,marking  ] GC(33) Concurrent Clear Claimed Marks
[2026-07-01T01:52:49.848+0000][5.810s][info][gc,marking  ] GC(33) Concurrent Clear Claimed Marks 0.108ms
[2026-07-01T01:52:49.848+0000][5.810s][info][gc,marking  ] GC(33) Concurrent Cleanup for Next Mark
[2026-07-01T01:52:49.886+0000][5.849s][info][gc,marking  ] GC(33) Concurrent Cleanup for Next Mark 38.668ms
[2026-07-01T01:52:49.886+0000][5.849s][info][gc          ] GC(33) Concurrent Mark Cycle 1789.246ms
[2026-07-01T01:52:51.039+0000][7.002s][info][gc,start    ] GC(35) Pause Young (Prepare Mixed) (G1 Evacuation Pause)
[2026-07-01T01:52:51.039+0000][7.002s][info][gc,task     ] GC(35) Using 2 workers of 2 for evacuation
[2026-07-01T01:52:51.048+0000][7.011s][info][gc,phases   ] GC(35)   Pre Evacuate Collection Set: 0.16ms
[2026-07-01T01:52:51.048+0000][7.011s][info][gc,phases   ] GC(35)   Merge Heap Roots: 0.10ms
[2026-07-01T01:52:51.048+0000][7.011s][info][gc,phases   ] GC(35)   Evacuate Collection Set: 8.07ms
[2026-07-01T01:52:51.048+0000][7.011s][info][gc,phases   ] GC(35)   Post Evacuate Collection Set: 0.46ms
[2026-07-01T01:52:51.048+0000][7.011s][info][gc,phases   ] GC(35)   Other: 0.04ms
[2026-07-01T01:52:51.048+0000][7.011s][info][gc,heap     ] GC(35) Eden regions: 73->0(62)
[2026-07-01T01:52:51.048+0000][7.011s][info][gc,heap     ] GC(35) Survivor regions: 11->2(11)
[2026-07-01T01:52:51.048+0000][7.011s][info][gc,heap     ] GC(35) Old regions: 145->156
[2026-07-01T01:52:51.048+0000][7.011s][info][gc,heap     ] GC(35) Humongous regions: 3->3
[2026-07-01T01:52:51.048+0000][7.011s][info][gc,metaspace] GC(35) Metaspace: 40348K(41152K)->40348K(41152K) NonClass: 35217K(35648K)->35217K(35648K) Class: 5130K(5504K)->5130K(5504K)
[2026-07-01T01:52:51.048+0000][7.011s][info][gc          ] GC(35) Pause Young (Prepare Mixed) (G1 Evacuation Pause) 231M->160M(318M) 8.959ms
[2026-07-01T01:52:51.048+0000][7.011s][info][gc,cpu      ] GC(35) User=0.01s Sys=0.00s Real=0.01s
[2026-07-01T01:52:52.668+0000][8.631s][info][gc,start    ] GC(36) Pause Young (Mixed) (G1 Evacuation Pause)
[2026-07-01T01:52:52.668+0000][8.631s][info][gc,task     ] GC(36) Using 2 workers of 2 for evacuation
[2026-07-01T01:52:52.673+0000][8.636s][info][gc,phases   ] GC(36)   Pre Evacuate Collection Set: 0.15ms
[2026-07-01T01:52:52.673+0000][8.636s][info][gc,phases   ] GC(36)   Merge Heap Roots: 0.13ms
[2026-07-01T01:52:52.673+0000][8.636s][info][gc,phases   ] GC(36)   Evacuate Collection Set: 4.47ms
[2026-07-01T01:52:52.673+0000][8.636s][info][gc,phases   ] GC(36)   Post Evacuate Collection Set: 0.45ms
[2026-07-01T01:52:52.673+0000][8.636s][info][gc,phases   ] GC(36)   Other: 0.07ms
[2026-07-01T01:52:52.673+0000][8.636s][info][gc,heap     ] GC(36) Eden regions: 62->0(70)
[2026-07-01T01:52:52.673+0000][8.636s][info][gc,heap     ] GC(36) Survivor regions: 2->2(8)
[2026-07-01T01:52:52.673+0000][8.636s][info][gc,heap     ] GC(36) Old regions: 156->155
[2026-07-01T01:52:52.673+0000][8.636s][info][gc,heap     ] GC(36) Humongous regions: 3->3
[2026-07-01T01:52:52.673+0000][8.636s][info][gc,metaspace] GC(36) Metaspace: 40667K(41472K)->40667K(41472K) NonClass: 35536K(35968K)->35536K(35968K) Class: 5130K(5504K)->5130K(5504K)
[2026-07-01T01:52:52.673+0000][8.636s][info][gc          ] GC(36) Pause Young (Mixed) (G1 Evacuation Pause) 222M->159M(318M) 5.406ms
[2026-07-01T01:52:52.673+0000][8.636s][info][gc,cpu      ] GC(36) User=0.01s Sys=0.00s Real=0.01s
[2026-07-01T01:52:54.172+0000][10.135s][info][gc,start    ] GC(37) Pause Young (Concurrent Start) (G1 Evacuation Pause)
[2026-07-01T01:52:54.172+0000][10.135s][info][gc,task     ] GC(37) Using 2 workers of 2 for evacuation
[2026-07-01T01:52:54.179+0000][10.141s][info][gc,phases   ] GC(37)   Pre Evacuate Collection Set: 0.18ms
[2026-07-01T01:52:54.179+0000][10.141s][info][gc,phases   ] GC(37)   Merge Heap Roots: 0.09ms
[2026-07-01T01:52:54.179+0000][10.141s][info][gc,phases   ] GC(37)   Evacuate Collection Set: 5.44ms
[2026-07-01T01:52:54.179+0000][10.141s][info][gc,phases   ] GC(37)   Post Evacuate Collection Set: 0.54ms
[2026-07-01T01:52:54.179+0000][10.141s][info][gc,phases   ] GC(37)   Other: 0.09ms
[2026-07-01T01:52:54.179+0000][10.141s][info][gc,heap     ] GC(37) Eden regions: 70->0(79)
[2026-07-01T01:52:54.179+0000][10.141s][info][gc,heap     ] GC(37) Survivor regions: 2->2(9)
[2026-07-01T01:52:54.179+0000][10.141s][info][gc,heap     ] GC(37) Old regions: 155->155
[2026-07-01T01:52:54.179+0000][10.141s][info][gc,heap     ] GC(37) Humongous regions: 3->3
[2026-07-01T01:52:54.179+0000][10.141s][info][gc,metaspace] GC(37) Metaspace: 40978K(41792K)->40978K(41792K) NonClass: 35845K(36288K)->35845K(36288K) Class: 5132K(5504K)->5132K(5504K)
[2026-07-01T01:52:54.179+0000][10.141s][info][gc          ] GC(37) Pause Young (Concurrent Start) (G1 Evacuation Pause) 229M->159M(318M) 6.484ms
[2026-07-01T01:52:54.179+0000][10.141s][info][gc          ] GC(38) Concurrent Mark Cycle
[2026-07-01T01:52:54.179+0000][10.141s][info][gc,marking  ] GC(38) Concurrent Scan Root Regions
[2026-07-01T01:52:54.179+0000][10.142s][info][gc,cpu      ] GC(37) User=0.01s Sys=0.00s Real=0.01s
[2026-07-01T01:52:54.249+0000][10.212s][info][gc,marking  ] GC(38) Concurrent Scan Root Regions 70.153ms
[2026-07-01T01:52:54.249+0000][10.212s][info][gc,marking  ] GC(38) Concurrent Mark
[2026-07-01T01:52:54.249+0000][10.212s][info][gc,marking  ] GC(38) Concurrent Mark From Roots
[2026-07-01T01:52:54.249+0000][10.212s][info][gc,task     ] GC(38) Using 1 workers of 1 for marking
[2026-07-01T01:52:55.759+0000][11.722s][info][gc,marking  ] GC(38) Concurrent Mark From Roots 1510.238ms
[2026-07-01T01:52:55.759+0000][11.722s][info][gc,marking  ] GC(38) Concurrent Preclean
[2026-07-01T01:52:55.759+0000][11.722s][info][gc,marking  ] GC(38) Concurrent Preclean 0.095ms
[2026-07-01T01:52:55.760+0000][11.722s][info][gc,start    ] GC(38) Pause Remark
[2026-07-01T01:52:55.770+0000][11.733s][info][gc          ] GC(38) Pause Remark 238M->238M(318M) 10.827ms
[2026-07-01T01:52:55.771+0000][11.733s][info][gc,cpu      ] GC(38) User=0.02s Sys=0.00s Real=0.01s
[2026-07-01T01:52:55.783+0000][11.746s][info][gc,marking  ] GC(38) Concurrent Mark 1534.470ms
[2026-07-01T01:52:55.784+0000][11.746s][info][gc,marking  ] GC(38) Concurrent Rebuild Remembered Sets and Scrub Regions
[2026-07-01T01:52:55.785+0000][11.748s][info][gc,start    ] GC(39) Pause Young (Normal) (G1 Evacuation Pause)
[2026-07-01T01:52:55.785+0000][11.748s][info][gc,task     ] GC(39) Using 2 workers of 2 for evacuation
[2026-07-01T01:52:55.791+0000][11.754s][info][gc,phases   ] GC(39)   Pre Evacuate Collection Set: 0.10ms
[2026-07-01T01:52:55.791+0000][11.754s][info][gc,phases   ] GC(39)   Merge Heap Roots: 0.11ms
[2026-07-01T01:52:55.791+0000][11.754s][info][gc,phases   ] GC(39)   Evacuate Collection Set: 5.12ms
[2026-07-01T01:52:55.791+0000][11.754s][info][gc,phases   ] GC(39)   Post Evacuate Collection Set: 0.44ms
[2026-07-01T01:52:55.791+0000][11.754s][info][gc,phases   ] GC(39)   Other: 0.05ms
[2026-07-01T01:52:55.791+0000][11.754s][info][gc,heap     ] GC(39) Eden regions: 79->0(86)
[2026-07-01T01:52:55.791+0000][11.754s][info][gc,heap     ] GC(39) Survivor regions: 2->4(11)
[2026-07-01T01:52:55.791+0000][11.754s][info][gc,heap     ] GC(39) Old regions: 155->155
[2026-07-01T01:52:55.791+0000][11.754s][info][gc,heap     ] GC(39) Humongous regions: 3->3
[2026-07-01T01:52:55.791+0000][11.754s][info][gc,metaspace] GC(39) Metaspace: 41167K(41984K)->41167K(41984K) NonClass: 36037K(36480K)->36037K(36480K) Class: 5129K(5504K)->5129K(5504K)
[2026-07-01T01:52:55.791+0000][11.754s][info][gc          ] GC(39) Pause Young (Normal) (G1 Evacuation Pause) 238M->161M(318M) 5.924ms
[2026-07-01T01:52:55.791+0000][11.754s][info][gc,cpu      ] GC(39) User=0.01s Sys=0.00s Real=0.01s
[2026-07-01T01:52:56.369+0000][12.331s][info][gc,marking  ] GC(38) Concurrent Rebuild Remembered Sets and Scrub Regions 585.132ms
[2026-07-01T01:52:56.371+0000][12.334s][info][gc,start    ] GC(38) Pause Cleanup
[2026-07-01T01:52:56.372+0000][12.334s][info][gc          ] GC(38) Pause Cleanup 203M->203M(318M) 0.202ms
[2026-07-01T01:52:56.372+0000][12.334s][info][gc,cpu      ] GC(38) User=0.00s Sys=0.00s Real=0.00s
[2026-07-01T01:52:56.383+0000][12.346s][info][gc,marking  ] GC(38) Concurrent Clear Claimed Marks
[2026-07-01T01:52:56.383+0000][12.346s][info][gc,marking  ] GC(38) Concurrent Clear Claimed Marks 0.105ms
[2026-07-01T01:52:56.383+0000][12.346s][info][gc,marking  ] GC(38) Concurrent Cleanup for Next Mark
[2026-07-01T01:52:56.399+0000][12.362s][info][gc,marking  ] GC(38) Concurrent Cleanup for Next Mark 15.856ms
[2026-07-01T01:52:56.399+0000][12.362s][info][gc          ] GC(38) Concurrent Mark Cycle 2220.494ms
[2026-07-01T01:52:56.957+0000][12.920s][info][gc,start    ] GC(40) Pause Young (Prepare Mixed) (G1 Evacuation Pause)
[2026-07-01T01:52:56.957+0000][12.920s][info][gc,task     ] GC(40) Using 2 workers of 2 for evacuation
[2026-07-01T01:52:56.965+0000][12.928s][info][gc,phases   ] GC(40)   Pre Evacuate Collection Set: 0.16ms
[2026-07-01T01:52:56.965+0000][12.928s][info][gc,phases   ] GC(40)   Merge Heap Roots: 0.14ms
[2026-07-01T01:52:56.965+0000][12.928s][info][gc,phases   ] GC(40)   Evacuate Collection Set: 7.20ms
[2026-07-01T01:52:56.965+0000][12.928s][info][gc,phases   ] GC(40)   Post Evacuate Collection Set: 0.50ms
[2026-07-01T01:52:56.965+0000][12.928s][info][gc,phases   ] GC(40)   Other: 0.10ms
[2026-07-01T01:52:56.965+0000][12.928s][info][gc,heap     ] GC(40) Eden regions: 86->0(106)
[2026-07-01T01:52:56.965+0000][12.928s][info][gc,heap     ] GC(40) Survivor regions: 4->5(12)
[2026-07-01T01:52:56.965+0000][12.928s][info][gc,heap     ] GC(40) Old regions: 155->155
[2026-07-01T01:52:56.965+0000][12.928s][info][gc,heap     ] GC(40) Humongous regions: 3->3
[2026-07-01T01:52:56.965+0000][12.928s][info][gc,metaspace] GC(40) Metaspace: 41367K(42176K)->41367K(42176K) NonClass: 36236K(36672K)->36236K(36672K) Class: 5130K(5504K)->5130K(5504K)
[2026-07-01T01:52:56.965+0000][12.928s][info][gc          ] GC(40) Pause Young (Prepare Mixed) (G1 Evacuation Pause) 247M->162M(318M) 8.245ms
[2026-07-01T01:52:56.965+0000][12.928s][info][gc,cpu      ] GC(40) User=0.03s Sys=0.00s Real=0.01s
[2026-07-01T01:52:58.185+0000][14.147s][info][gc,start    ] GC(41) Pause Young (Mixed) (G1 Evacuation Pause)
[2026-07-01T01:52:58.185+0000][14.147s][info][gc,task     ] GC(41) Using 2 workers of 2 for evacuation
[2026-07-01T01:52:58.194+0000][14.156s][info][gc,phases   ] GC(41)   Pre Evacuate Collection Set: 0.15ms
[2026-07-01T01:52:58.194+0000][14.157s][info][gc,phases   ] GC(41)   Merge Heap Roots: 0.12ms
[2026-07-01T01:52:58.194+0000][14.157s][info][gc,phases   ] GC(41)   Evacuate Collection Set: 8.25ms
[2026-07-01T01:52:58.194+0000][14.157s][info][gc,phases   ] GC(41)   Post Evacuate Collection Set: 0.51ms
[2026-07-01T01:52:58.194+0000][14.157s][info][gc,phases   ] GC(41)   Other: 0.05ms
[2026-07-01T01:52:58.194+0000][14.157s][info][gc,heap     ] GC(41) Eden regions: 106->0(116)
[2026-07-01T01:52:58.194+0000][14.157s][info][gc,heap     ] GC(41) Survivor regions: 5->5(14)
[2026-07-01T01:52:58.194+0000][14.157s][info][gc,heap     ] GC(41) Old regions: 155->154
[2026-07-01T01:52:58.194+0000][14.157s][info][gc,heap     ] GC(41) Humongous regions: 3->3
[2026-07-01T01:52:58.194+0000][14.157s][info][gc,metaspace] GC(41) Metaspace: 41450K(42240K)->41450K(42240K) NonClass: 36318K(36736K)->36318K(36736K) Class: 5131K(5504K)->5131K(5504K)
[2026-07-01T01:52:58.194+0000][14.157s][info][gc          ] GC(41) Pause Young (Mixed) (G1 Evacuation Pause) 268M->161M(318M) 9.212ms
[2026-07-01T01:52:58.194+0000][14.157s][info][gc,cpu      ] GC(41) User=0.02s Sys=0.01s Real=0.01s
[2026-07-01T01:52:59.371+0000][15.334s][info][gc,start    ] GC(42) Pause Young (Concurrent Start) (G1 Evacuation Pause)
[2026-07-01T01:52:59.371+0000][15.334s][info][gc,task     ] GC(42) Using 2 workers of 2 for evacuation
[2026-07-01T01:52:59.380+0000][15.343s][info][gc,phases   ] GC(42)   Pre Evacuate Collection Set: 0.20ms
[2026-07-01T01:52:59.380+0000][15.343s][info][gc,phases   ] GC(42)   Merge Heap Roots: 0.13ms
[2026-07-01T01:52:59.380+0000][15.343s][info][gc,phases   ] GC(42)   Evacuate Collection Set: 8.43ms
[2026-07-01T01:52:59.380+0000][15.343s][info][gc,phases   ] GC(42)   Post Evacuate Collection Set: 0.57ms
[2026-07-01T01:52:59.381+0000][15.343s][info][gc,phases   ] GC(42)   Other: 0.14ms
[2026-07-01T01:52:59.381+0000][15.343s][info][gc,heap     ] GC(42) Eden regions: 116->0(122)
[2026-07-01T01:52:59.381+0000][15.343s][info][gc,heap     ] GC(42) Survivor regions: 5->5(16)
[2026-07-01T01:52:59.381+0000][15.343s][info][gc,heap     ] GC(42) Old regions: 154->154
[2026-07-01T01:52:59.381+0000][15.343s][info][gc,heap     ] GC(42) Humongous regions: 3->3
[2026-07-01T01:52:59.381+0000][15.343s][info][gc,metaspace] GC(42) Metaspace: 41455K(42240K)->41455K(42240K) NonClass: 36323K(36736K)->36323K(36736K) Class: 5131K(5504K)->5131K(5504K)
[2026-07-01T01:52:59.381+0000][15.343s][info][gc          ] GC(42) Pause Young (Concurrent Start) (G1 Evacuation Pause) 277M->161M(318M) 9.655ms
[2026-07-01T01:52:59.381+0000][15.343s][info][gc          ] GC(43) Concurrent Mark Cycle
[2026-07-01T01:52:59.381+0000][15.343s][info][gc,cpu      ] GC(42) User=0.02s Sys=0.00s Real=0.01s
[2026-07-01T01:52:59.381+0000][15.343s][info][gc,marking  ] GC(43) Concurrent Scan Root Regions
[2026-07-01T01:52:59.389+0000][15.351s][info][gc,marking  ] GC(43) Concurrent Scan Root Regions 8.036ms
[2026-07-01T01:52:59.389+0000][15.351s][info][gc,marking  ] GC(43) Concurrent Mark
[2026-07-01T01:52:59.389+0000][15.351s][info][gc,marking  ] GC(43) Concurrent Mark From Roots
[2026-07-01T01:52:59.389+0000][15.351s][info][gc,task     ] GC(43) Using 1 workers of 1 for marking
[2026-07-01T01:53:00.281+0000][16.244s][info][gc,marking  ] GC(43) Concurrent Mark From Roots 892.318ms
[2026-07-01T01:53:00.281+0000][16.244s][info][gc,marking  ] GC(43) Concurrent Preclean
[2026-07-01T01:53:00.281+0000][16.244s][info][gc,marking  ] GC(43) Concurrent Preclean 0.057ms
[2026-07-01T01:53:00.281+0000][16.244s][info][gc,start    ] GC(43) Pause Remark
[2026-07-01T01:53:00.288+0000][16.250s][info][gc          ] GC(43) Pause Remark 236M->236M(318M) 6.288ms
[2026-07-01T01:53:00.288+0000][16.250s][info][gc,cpu      ] GC(43) User=0.02s Sys=0.00s Real=0.00s
[2026-07-01T01:53:00.297+0000][16.259s][info][gc,marking  ] GC(43) Concurrent Mark 907.922ms
[2026-07-01T01:53:00.297+0000][16.259s][info][gc,marking  ] GC(43) Concurrent Rebuild Remembered Sets and Scrub Regions
[2026-07-01T01:53:00.611+0000][16.574s][info][gc,marking  ] GC(43) Concurrent Rebuild Remembered Sets and Scrub Regions 314.437ms
[2026-07-01T01:53:00.613+0000][16.576s][info][gc,start    ] GC(43) Pause Cleanup
[2026-07-01T01:53:00.613+0000][16.576s][info][gc          ] GC(43) Pause Cleanup 263M->263M(318M) 0.202ms
[2026-07-01T01:53:00.613+0000][16.576s][info][gc,cpu      ] GC(43) User=0.00s Sys=0.00s Real=0.00s
[2026-07-01T01:53:00.615+0000][16.577s][info][gc,marking  ] GC(43) Concurrent Clear Claimed Marks
[2026-07-01T01:53:00.615+0000][16.577s][info][gc,marking  ] GC(43) Concurrent Clear Claimed Marks 0.093ms
[2026-07-01T01:53:00.615+0000][16.577s][info][gc,marking  ] GC(43) Concurrent Cleanup for Next Mark
[2026-07-01T01:53:00.645+0000][16.608s][info][gc,marking  ] GC(43) Concurrent Cleanup for Next Mark 30.620ms
[2026-07-01T01:53:00.645+0000][16.608s][info][gc          ] GC(43) Concurrent Mark Cycle 1264.694ms
[2026-07-01T01:53:00.807+0000][16.769s][info][gc,start    ] GC(44) Pause Young (Prepare Mixed) (G1 Evacuation Pause)
[2026-07-01T01:53:00.807+0000][16.769s][info][gc,task     ] GC(44) Using 2 workers of 2 for evacuation
[2026-07-01T01:53:00.839+0000][16.802s][info][gc,phases   ] GC(44)   Pre Evacuate Collection Set: 0.31ms
[2026-07-01T01:53:00.839+0000][16.802s][info][gc,phases   ] GC(44)   Merge Heap Roots: 1.75ms
[2026-07-01T01:53:00.839+0000][16.802s][info][gc,phases   ] GC(44)   Evacuate Collection Set: 29.75ms
[2026-07-01T01:53:00.839+0000][16.802s][info][gc,phases   ] GC(44)   Post Evacuate Collection Set: 0.61ms
[2026-07-01T01:53:00.839+0000][16.802s][info][gc,phases   ] GC(44)   Other: 0.07ms
[2026-07-01T01:53:00.839+0000][16.802s][info][gc,heap     ] GC(44) Eden regions: 122->0(128)
[2026-07-01T01:53:00.839+0000][16.802s][info][gc,heap     ] GC(44) Survivor regions: 5->6(16)
[2026-07-01T01:53:00.839+0000][16.802s][info][gc,heap     ] GC(44) Old regions: 154->154
[2026-07-01T01:53:00.839+0000][16.802s][info][gc,heap     ] GC(44) Humongous regions: 3->3
[2026-07-01T01:53:00.839+0000][16.802s][info][gc,metaspace] GC(44) Metaspace: 41506K(42304K)->41506K(42304K) NonClass: 36374K(36800K)->36374K(36800K) Class: 5132K(5504K)->5132K(5504K)
[2026-07-01T01:53:00.839+0000][16.802s][info][gc          ] GC(44) Pause Young (Prepare Mixed) (G1 Evacuation Pause) 283M->162M(318M) 32.637ms
[2026-07-01T01:53:00.839+0000][16.802s][info][gc,cpu      ] GC(44) User=0.03s Sys=0.01s Real=0.04s
[2026-07-01T01:53:02.159+0000][18.122s][info][gc,start    ] GC(45) Pause Young (Mixed) (G1 Evacuation Pause)
[2026-07-01T01:53:02.159+0000][18.122s][info][gc,task     ] GC(45) Using 2 workers of 2 for evacuation
[2026-07-01T01:53:02.172+0000][18.135s][info][gc,phases   ] GC(45)   Pre Evacuate Collection Set: 0.24ms
[2026-07-01T01:53:02.172+0000][18.135s][info][gc,phases   ] GC(45)   Merge Heap Roots: 0.16ms
[2026-07-01T01:53:02.172+0000][18.135s][info][gc,phases   ] GC(45)   Evacuate Collection Set: 12.27ms
[2026-07-01T01:53:02.172+0000][18.135s][info][gc,phases   ] GC(45)   Post Evacuate Collection Set: 0.60ms
[2026-07-01T01:53:02.172+0000][18.135s][info][gc,phases   ] GC(45)   Other: 0.08ms
[2026-07-01T01:53:02.172+0000][18.135s][info][gc,heap     ] GC(45) Eden regions: 128->0(134)
[2026-07-01T01:53:02.172+0000][18.135s][info][gc,heap     ] GC(45) Survivor regions: 6->6(17)
[2026-07-01T01:53:02.172+0000][18.135s][info][gc,heap     ] GC(45) Old regions: 154->153
[2026-07-01T01:53:02.172+0000][18.135s][info][gc,heap     ] GC(45) Humongous regions: 3->3
[2026-07-01T01:53:02.172+0000][18.135s][info][gc,metaspace] GC(45) Metaspace: 41507K(42304K)->41507K(42304K) NonClass: 36375K(36800K)->36375K(36800K) Class: 5132K(5504K)->5132K(5504K)
[2026-07-01T01:53:02.172+0000][18.135s][info][gc          ] GC(45) Pause Young (Mixed) (G1 Evacuation Pause) 290M->161M(318M) 13.486ms
[2026-07-01T01:53:02.172+0000][18.135s][info][gc,cpu      ] GC(45) User=0.04s Sys=0.00s Real=0.01s
[2026-07-01T01:53:03.489+0000][19.452s][info][gc,start    ] GC(46) Pause Young (Concurrent Start) (G1 Evacuation Pause)
[2026-07-01T01:53:03.489+0000][19.452s][info][gc,task     ] GC(46) Using 2 workers of 2 for evacuation
[2026-07-01T01:53:03.527+0000][19.490s][info][gc,phases   ] GC(46)   Pre Evacuate Collection Set: 0.33ms
[2026-07-01T01:53:03.527+0000][19.490s][info][gc,phases   ] GC(46)   Merge Heap Roots: 0.56ms
[2026-07-01T01:53:03.527+0000][19.490s][info][gc,phases   ] GC(46)   Evacuate Collection Set: 34.70ms
[2026-07-01T01:53:03.527+0000][19.490s][info][gc,phases   ] GC(46)   Post Evacuate Collection Set: 2.00ms
[2026-07-01T01:53:03.527+0000][19.490s][info][gc,phases   ] GC(46)   Other: 0.11ms
[2026-07-01T01:53:03.527+0000][19.490s][info][gc,heap     ] GC(46) Eden regions: 134->0(136)
[2026-07-01T01:53:03.527+0000][19.490s][info][gc,heap     ] GC(46) Survivor regions: 6->6(18)
[2026-07-01T01:53:03.527+0000][19.490s][info][gc,heap     ] GC(46) Old regions: 153->153
[2026-07-01T01:53:03.527+0000][19.490s][info][gc,heap     ] GC(46) Humongous regions: 3->3
[2026-07-01T01:53:03.527+0000][19.490s][info][gc,metaspace] GC(46) Metaspace: 41518K(42304K)->41518K(42304K) NonClass: 36386K(36800K)->36386K(36800K) Class: 5132K(5504K)->5132K(5504K)
[2026-07-01T01:53:03.527+0000][19.490s][info][gc          ] GC(46) Pause Young (Concurrent Start) (G1 Evacuation Pause) 295M->161M(318M) 37.890ms
[2026-07-01T01:53:03.527+0000][19.490s][info][gc          ] GC(47) Concurrent Mark Cycle
[2026-07-01T01:53:03.527+0000][19.490s][info][gc,marking  ] GC(47) Concurrent Scan Root Regions
[2026-07-01T01:53:03.527+0000][19.490s][info][gc,cpu      ] GC(46) User=0.05s Sys=0.00s Real=0.03s
[2026-07-01T01:53:03.545+0000][19.508s][info][gc,marking  ] GC(47) Concurrent Scan Root Regions 17.937ms
[2026-07-01T01:53:03.545+0000][19.508s][info][gc,marking  ] GC(47) Concurrent Mark
[2026-07-01T01:53:03.545+0000][19.508s][info][gc,marking  ] GC(47) Concurrent Mark From Roots
[2026-07-01T01:53:03.545+0000][19.508s][info][gc,task     ] GC(47) Using 1 workers of 1 for marking
[2026-07-01T01:53:04.215+0000][20.178s][info][gc,marking  ] GC(47) Concurrent Mark From Roots 669.794ms
[2026-07-01T01:53:04.215+0000][20.178s][info][gc,marking  ] GC(47) Concurrent Preclean
[2026-07-01T01:53:04.215+0000][20.178s][info][gc,marking  ] GC(47) Concurrent Preclean 0.042ms
[2026-07-01T01:53:04.240+0000][20.202s][info][gc,start    ] GC(47) Pause Remark
[2026-07-01T01:53:04.245+0000][20.208s][info][gc          ] GC(47) Pause Remark 208M->208M(318M) 5.383ms
[2026-07-01T01:53:04.245+0000][20.208s][info][gc,cpu      ] GC(47) User=0.01s Sys=0.00s Real=0.00s
[2026-07-01T01:53:04.258+0000][20.220s][info][gc,marking  ] GC(47) Concurrent Mark 712.398ms
[2026-07-01T01:53:04.258+0000][20.220s][info][gc,marking  ] GC(47) Concurrent Rebuild Remembered Sets and Scrub Regions
[2026-07-01T01:53:04.544+0000][20.507s][info][gc,marking  ] GC(47) Concurrent Rebuild Remembered Sets and Scrub Regions 286.288ms
[2026-07-01T01:53:04.545+0000][20.508s][info][gc,start    ] GC(47) Pause Cleanup
[2026-07-01T01:53:04.546+0000][20.509s][info][gc          ] GC(47) Pause Cleanup 236M->236M(318M) 0.734ms
[2026-07-01T01:53:04.546+0000][20.509s][info][gc,cpu      ] GC(47) User=0.01s Sys=0.00s Real=0.00s
[2026-07-01T01:53:04.551+0000][20.514s][info][gc,marking  ] GC(47) Concurrent Clear Claimed Marks
[2026-07-01T01:53:04.551+0000][20.514s][info][gc,marking  ] GC(47) Concurrent Clear Claimed Marks 0.336ms
[2026-07-01T01:53:04.551+0000][20.514s][info][gc,marking  ] GC(47) Concurrent Cleanup for Next Mark
[2026-07-01T01:53:04.560+0000][20.523s][info][gc,marking  ] GC(47) Concurrent Cleanup for Next Mark 8.642ms
[2026-07-01T01:53:04.560+0000][20.523s][info][gc          ] GC(47) Concurrent Mark Cycle 1032.650ms
[2026-07-01T01:53:05.113+0000][21.076s][info][gc,start    ] GC(48) Pause Young (Prepare Mixed) (G1 Evacuation Pause)
[2026-07-01T01:53:05.113+0000][21.076s][info][gc,task     ] GC(48) Using 2 workers of 2 for evacuation
[2026-07-01T01:53:05.124+0000][21.086s][info][gc,phases   ] GC(48)   Pre Evacuate Collection Set: 0.14ms
[2026-07-01T01:53:05.124+0000][21.086s][info][gc,phases   ] GC(48)   Merge Heap Roots: 0.27ms
[2026-07-01T01:53:05.124+0000][21.086s][info][gc,phases   ] GC(48)   Evacuate Collection Set: 9.30ms
[2026-07-01T01:53:05.124+0000][21.086s][info][gc,phases   ] GC(48)   Post Evacuate Collection Set: 0.55ms
[2026-07-01T01:53:05.124+0000][21.086s][info][gc,phases   ] GC(48)   Other: 0.06ms
[2026-07-01T01:53:05.124+0000][21.086s][info][gc,heap     ] GC(48) Eden regions: 136->0(138)
[2026-07-01T01:53:05.124+0000][21.086s][info][gc,heap     ] GC(48) Survivor regions: 6->7(18)
[2026-07-01T01:53:05.124+0000][21.086s][info][gc,heap     ] GC(48) Old regions: 153->153
[2026-07-01T01:53:05.124+0000][21.086s][info][gc,heap     ] GC(48) Humongous regions: 3->3
[2026-07-01T01:53:05.124+0000][21.086s][info][gc,metaspace] GC(48) Metaspace: 41559K(42368K)->41559K(42368K) NonClass: 36426K(36864K)->36426K(36864K) Class: 5132K(5504K)->5132K(5504K)
[2026-07-01T01:53:05.124+0000][21.086s][info][gc          ] GC(48) Pause Young (Prepare Mixed) (G1 Evacuation Pause) 297M->162M(318M) 10.442ms
[2026-07-01T01:53:05.124+0000][21.086s][info][gc,cpu      ] GC(48) User=0.02s Sys=0.00s Real=0.01s
[2026-07-01T01:53:06.486+0000][22.449s][info][gc,start    ] GC(49) Pause Young (Mixed) (G1 Evacuation Pause)
[2026-07-01T01:53:06.486+0000][22.449s][info][gc,task     ] GC(49) Using 2 workers of 2 for evacuation
[2026-07-01T01:53:06.521+0000][22.484s][info][gc,phases   ] GC(49)   Pre Evacuate Collection Set: 0.19ms
[2026-07-01T01:53:06.521+0000][22.484s][info][gc,phases   ] GC(49)   Merge Heap Roots: 0.28ms
[2026-07-01T01:53:06.521+0000][22.484s][info][gc,phases   ] GC(49)   Evacuate Collection Set: 33.85ms
[2026-07-01T01:53:06.521+0000][22.484s][info][gc,phases   ] GC(49)   Post Evacuate Collection Set: 0.68ms
[2026-07-01T01:53:06.521+0000][22.484s][info][gc,phases   ] GC(49)   Other: 0.07ms
[2026-07-01T01:53:06.521+0000][22.484s][info][gc,heap     ] GC(49) Eden regions: 138->0(139)
[2026-07-01T01:53:06.521+0000][22.484s][info][gc,heap     ] GC(49) Survivor regions: 7->7(19)
[2026-07-01T01:53:06.521+0000][22.484s][info][gc,heap     ] GC(49) Old regions: 153->152
[2026-07-01T01:53:06.521+0000][22.484s][info][gc,heap     ] GC(49) Humongous regions: 3->3
[2026-07-01T01:53:06.521+0000][22.484s][info][gc,metaspace] GC(49) Metaspace: 41562K(42368K)->41562K(42368K) NonClass: 36430K(36864K)->36430K(36864K) Class: 5132K(5504K)->5132K(5504K)
[2026-07-01T01:53:06.521+0000][22.484s][info][gc          ] GC(49) Pause Young (Mixed) (G1 Evacuation Pause) 300M->161M(318M) 35.271ms
[2026-07-01T01:53:06.521+0000][22.484s][info][gc,cpu      ] GC(49) User=0.05s Sys=0.00s Real=0.04s
[2026-07-01T01:53:07.918+0000][23.881s][info][gc,start    ] GC(50) Pause Young (Concurrent Start) (G1 Evacuation Pause)
[2026-07-01T01:53:07.918+0000][23.881s][info][gc,task     ] GC(50) Using 2 workers of 2 for evacuation
[2026-07-01T01:53:07.947+0000][23.909s][info][gc,phases   ] GC(50)   Pre Evacuate Collection Set: 1.13ms
[2026-07-01T01:53:07.947+0000][23.909s][info][gc,phases   ] GC(50)   Merge Heap Roots: 0.23ms
[2026-07-01T01:53:07.947+0000][23.910s][info][gc,phases   ] GC(50)   Evacuate Collection Set: 26.56ms
[2026-07-01T01:53:07.947+0000][23.910s][info][gc,phases   ] GC(50)   Post Evacuate Collection Set: 0.51ms
[2026-07-01T01:53:07.947+0000][23.910s][info][gc,phases   ] GC(50)   Other: 0.09ms
[2026-07-01T01:53:07.947+0000][23.910s][info][gc,heap     ] GC(50) Eden regions: 139->0(138)
[2026-07-01T01:53:07.947+0000][23.910s][info][gc,heap     ] GC(50) Survivor regions: 7->8(19)
[2026-07-01T01:53:07.947+0000][23.910s][info][gc,heap     ] GC(50) Old regions: 152->152
[2026-07-01T01:53:07.947+0000][23.910s][info][gc,heap     ] GC(50) Humongous regions: 3->3
[2026-07-01T01:53:07.947+0000][23.910s][info][gc,metaspace] GC(50) Metaspace: 41578K(42432K)->41578K(42432K) NonClass: 36446K(36928K)->36446K(36928K) Class: 5132K(5504K)->5132K(5504K)
[2026-07-01T01:53:07.947+0000][23.910s][info][gc          ] GC(50) Pause Young (Concurrent Start) (G1 Evacuation Pause) 300M->162M(318M) 28.683ms
[2026-07-01T01:53:07.947+0000][23.910s][info][gc          ] GC(51) Concurrent Mark Cycle
[2026-07-01T01:53:07.947+0000][23.910s][info][gc,marking  ] GC(51) Concurrent Scan Root Regions
[2026-07-01T01:53:07.947+0000][23.910s][info][gc,cpu      ] GC(50) User=0.03s Sys=0.00s Real=0.02s
[2026-07-01T01:53:07.994+0000][23.957s][info][gc,marking  ] GC(51) Concurrent Scan Root Regions 47.381ms
[2026-07-01T01:53:07.994+0000][23.957s][info][gc,marking  ] GC(51) Concurrent Mark
[2026-07-01T01:53:07.994+0000][23.957s][info][gc,marking  ] GC(51) Concurrent Mark From Roots
[2026-07-01T01:53:07.994+0000][23.957s][info][gc,task     ] GC(51) Using 1 workers of 1 for marking
[2026-07-01T01:53:09.015+0000][24.978s][info][gc,marking  ] GC(51) Concurrent Mark From Roots 1020.762ms
[2026-07-01T01:53:09.016+0000][24.978s][info][gc,marking  ] GC(51) Concurrent Preclean
[2026-07-01T01:53:09.017+0000][24.979s][info][gc,marking  ] GC(51) Concurrent Preclean 0.920ms
[2026-07-01T01:53:09.017+0000][24.980s][info][gc,start    ] GC(51) Pause Remark
[2026-07-01T01:53:09.039+0000][25.002s][info][gc          ] GC(51) Pause Remark 259M->259M(318M) 21.979ms
[2026-07-01T01:53:09.039+0000][25.002s][info][gc,cpu      ] GC(51) User=0.01s Sys=0.00s Real=0.03s
[2026-07-01T01:53:09.046+0000][25.009s][info][gc,marking  ] GC(51) Concurrent Mark 1051.548ms
[2026-07-01T01:53:09.046+0000][25.009s][info][gc,marking  ] GC(51) Concurrent Rebuild Remembered Sets and Scrub Regions
[2026-07-01T01:53:09.367+0000][25.330s][info][gc,marking  ] GC(51) Concurrent Rebuild Remembered Sets and Scrub Regions 321.371ms
[2026-07-01T01:53:09.369+0000][25.331s][info][gc,start    ] GC(51) Pause Cleanup
[2026-07-01T01:53:09.369+0000][25.332s][info][gc          ] GC(51) Pause Cleanup 292M->292M(318M) 0.254ms
[2026-07-01T01:53:09.369+0000][25.332s][info][gc,cpu      ] GC(51) User=0.00s Sys=0.00s Real=0.00s
[2026-07-01T01:53:09.373+0000][25.336s][info][gc,marking  ] GC(51) Concurrent Clear Claimed Marks
[2026-07-01T01:53:09.373+0000][25.336s][info][gc,marking  ] GC(51) Concurrent Clear Claimed Marks 0.121ms
[2026-07-01T01:53:09.373+0000][25.336s][info][gc,marking  ] GC(51) Concurrent Cleanup for Next Mark
[2026-07-01T01:53:09.374+0000][25.337s][info][gc,marking  ] GC(51) Concurrent Cleanup for Next Mark 0.733ms
[2026-07-01T01:53:09.374+0000][25.337s][info][gc          ] GC(51) Concurrent Mark Cycle 1426.938ms
[2026-07-01T01:53:09.417+0000][25.380s][info][gc,start    ] GC(52) Pause Young (Prepare Mixed) (G1 Evacuation Pause)
[2026-07-01T01:53:09.417+0000][25.380s][info][gc,task     ] GC(52) Using 2 workers of 2 for evacuation
[2026-07-01T01:53:09.450+0000][25.413s][info][gc,phases   ] GC(52)   Pre Evacuate Collection Set: 0.25ms
[2026-07-01T01:53:09.450+0000][25.413s][info][gc,phases   ] GC(52)   Merge Heap Roots: 0.82ms
[2026-07-01T01:53:09.450+0000][25.413s][info][gc,phases   ] GC(52)   Evacuate Collection Set: 31.04ms
[2026-07-01T01:53:09.450+0000][25.413s][info][gc,phases   ] GC(52)   Post Evacuate Collection Set: 0.57ms
[2026-07-01T01:53:09.450+0000][25.413s][info][gc,phases   ] GC(52)   Other: 0.07ms
[2026-07-01T01:53:09.450+0000][25.413s][info][gc,heap     ] GC(52) Eden regions: 138->0(138)
[2026-07-01T01:53:09.450+0000][25.413s][info][gc,heap     ] GC(52) Survivor regions: 8->8(19)
[2026-07-01T01:53:09.450+0000][25.413s][info][gc,heap     ] GC(52) Old regions: 152->152
[2026-07-01T01:53:09.450+0000][25.413s][info][gc,heap     ] GC(52) Humongous regions: 3->3
[2026-07-01T01:53:09.450+0000][25.413s][info][gc,metaspace] GC(52) Metaspace: 41581K(42432K)->41581K(42432K) NonClass: 36449K(36928K)->36449K(36928K) Class: 5132K(5504K)->5132K(5504K)
[2026-07-01T01:53:09.450+0000][25.413s][info][gc          ] GC(52) Pause Young (Prepare Mixed) (G1 Evacuation Pause) 300M->162M(318M) 32.890ms
[2026-07-01T01:53:09.450+0000][25.413s][info][gc,cpu      ] GC(52) User=0.05s Sys=0.00s Real=0.04s
[2026-07-01T01:53:10.711+0000][26.674s][info][gc,start    ] GC(53) Pause Young (Mixed) (G1 Evacuation Pause)
[2026-07-01T01:53:10.711+0000][26.674s][info][gc,task     ] GC(53) Using 2 workers of 2 for evacuation
[2026-07-01T01:53:10.728+0000][26.690s][info][gc,phases   ] GC(53)   Pre Evacuate Collection Set: 0.19ms
[2026-07-01T01:53:10.728+0000][26.690s][info][gc,phases   ] GC(53)   Merge Heap Roots: 0.29ms
[2026-07-01T01:53:10.728+0000][26.690s][info][gc,phases   ] GC(53)   Evacuate Collection Set: 14.54ms
[2026-07-01T01:53:10.728+0000][26.690s][info][gc,phases   ] GC(53)   Post Evacuate Collection Set: 1.19ms
[2026-07-01T01:53:10.728+0000][26.690s][info][gc,phases   ] GC(53)   Other: 0.07ms
[2026-07-01T01:53:10.728+0000][26.690s][info][gc,heap     ] GC(53) Eden regions: 138->0(138)
[2026-07-01T01:53:10.728+0000][26.690s][info][gc,heap     ] GC(53) Survivor regions: 8->8(19)
[2026-07-01T01:53:10.728+0000][26.690s][info][gc,heap     ] GC(53) Old regions: 152->152
[2026-07-01T01:53:10.728+0000][26.690s][info][gc,heap     ] GC(53) Humongous regions: 3->3
[2026-07-01T01:53:10.728+0000][26.690s][info][gc,metaspace] GC(53) Metaspace: 41585K(42432K)->41585K(42432K) NonClass: 36452K(36928K)->36452K(36928K) Class: 5132K(5504K)->5132K(5504K)
[2026-07-01T01:53:10.728+0000][26.691s][info][gc          ] GC(53) Pause Young (Mixed) (G1 Evacuation Pause) 300M->162M(318M) 16.462ms
[2026-07-01T01:53:10.728+0000][26.691s][info][gc,cpu      ] GC(53) User=0.03s Sys=0.00s Real=0.01s
[2026-07-01T01:53:12.213+0000][28.175s][info][gc,start    ] GC(54) Pause Young (Concurrent Start) (G1 Evacuation Pause)
[2026-07-01T01:53:12.213+0000][28.175s][info][gc,task     ] GC(54) Using 2 workers of 2 for evacuation
[2026-07-01T01:53:12.243+0000][28.206s][info][gc,phases   ] GC(54)   Pre Evacuate Collection Set: 0.20ms
[2026-07-01T01:53:12.243+0000][28.206s][info][gc,phases   ] GC(54)   Merge Heap Roots: 0.30ms
[2026-07-01T01:53:12.243+0000][28.206s][info][gc,phases   ] GC(54)   Evacuate Collection Set: 29.25ms
[2026-07-01T01:53:12.243+0000][28.206s][info][gc,phases   ] GC(54)   Post Evacuate Collection Set: 0.53ms
[2026-07-01T01:53:12.243+0000][28.206s][info][gc,phases   ] GC(54)   Other: 0.25ms
[2026-07-01T01:53:12.243+0000][28.206s][info][gc,heap     ] GC(54) Eden regions: 138->0(138)
[2026-07-01T01:53:12.243+0000][28.206s][info][gc,heap     ] GC(54) Survivor regions: 8->7(19)
[2026-07-01T01:53:12.243+0000][28.206s][info][gc,heap     ] GC(54) Old regions: 152->153
[2026-07-01T01:53:12.243+0000][28.206s][info][gc,heap     ] GC(54) Humongous regions: 3->3
[2026-07-01T01:53:12.243+0000][28.206s][info][gc,metaspace] GC(54) Metaspace: 41586K(42432K)->41586K(42432K) NonClass: 36453K(36928K)->36453K(36928K) Class: 5132K(5504K)->5132K(5504K)
[2026-07-01T01:53:12.243+0000][28.206s][info][gc          ] GC(54) Pause Young (Concurrent Start) (G1 Evacuation Pause) 300M->162M(318M) 30.679ms
[2026-07-01T01:53:12.243+0000][28.206s][info][gc          ] GC(55) Concurrent Mark Cycle
[2026-07-01T01:53:12.243+0000][28.206s][info][gc,marking  ] GC(55) Concurrent Scan Root Regions
[2026-07-01T01:53:12.243+0000][28.206s][info][gc,cpu      ] GC(54) User=0.03s Sys=0.00s Real=0.03s
[2026-07-01T01:53:12.272+0000][28.235s][info][gc,marking  ] GC(55) Concurrent Scan Root Regions 29.135ms
[2026-07-01T01:53:12.272+0000][28.235s][info][gc,marking  ] GC(55) Concurrent Mark
[2026-07-01T01:53:12.272+0000][28.235s][info][gc,marking  ] GC(55) Concurrent Mark From Roots
[2026-07-01T01:53:12.272+0000][28.235s][info][gc,task     ] GC(55) Using 1 workers of 1 for marking
[2026-07-01T01:53:13.117+0000][29.080s][info][gc,marking  ] GC(55) Concurrent Mark From Roots 844.845ms
[2026-07-01T01:53:13.117+0000][29.080s][info][gc,marking  ] GC(55) Concurrent Preclean
[2026-07-01T01:53:13.117+0000][29.080s][info][gc,marking  ] GC(55) Concurrent Preclean 0.102ms
[2026-07-01T01:53:13.139+0000][29.102s][info][gc,start    ] GC(55) Pause Remark
[2026-07-01T01:53:13.145+0000][29.107s][info][gc          ] GC(55) Pause Remark 249M->249M(318M) 5.735ms
[2026-07-01T01:53:13.145+0000][29.107s][info][gc,cpu      ] GC(55) User=0.01s Sys=0.00s Real=0.00s
[2026-07-01T01:53:13.147+0000][29.110s][info][gc,marking  ] GC(55) Concurrent Mark 874.753ms
[2026-07-01T01:53:13.147+0000][29.110s][info][gc,marking  ] GC(55) Concurrent Rebuild Remembered Sets and Scrub Regions
[2026-07-01T01:53:13.457+0000][29.420s][info][gc,marking  ] GC(55) Concurrent Rebuild Remembered Sets and Scrub Regions 309.774ms
[2026-07-01T01:53:13.458+0000][29.421s][info][gc,start    ] GC(55) Pause Cleanup
[2026-07-01T01:53:13.458+0000][29.421s][info][gc          ] GC(55) Pause Cleanup 286M->286M(318M) 0.188ms
[2026-07-01T01:53:13.458+0000][29.421s][info][gc,cpu      ] GC(55) User=0.00s Sys=0.00s Real=0.01s
[2026-07-01T01:53:13.459+0000][29.421s][info][gc,marking  ] GC(55) Concurrent Clear Claimed Marks
[2026-07-01T01:53:13.459+0000][29.421s][info][gc,marking  ] GC(55) Concurrent Clear Claimed Marks 0.100ms
[2026-07-01T01:53:13.459+0000][29.421s][info][gc,marking  ] GC(55) Concurrent Cleanup for Next Mark
[2026-07-01T01:53:13.460+0000][29.423s][info][gc,marking  ] GC(55) Concurrent Cleanup for Next Mark 1.459ms
[2026-07-01T01:53:13.460+0000][29.423s][info][gc          ] GC(55) Concurrent Mark Cycle 1216.995ms
[2026-07-01T01:53:13.572+0000][29.535s][info][gc,start    ] GC(56) Pause Young (Prepare Mixed) (G1 Evacuation Pause)
[2026-07-01T01:53:13.572+0000][29.535s][info][gc,task     ] GC(56) Using 2 workers of 2 for evacuation
[2026-07-01T01:53:13.586+0000][29.549s][info][gc,phases   ] GC(56)   Pre Evacuate Collection Set: 0.15ms
[2026-07-01T01:53:13.586+0000][29.549s][info][gc,phases   ] GC(56)   Merge Heap Roots: 0.57ms
[2026-07-01T01:53:13.586+0000][29.549s][info][gc,phases   ] GC(56)   Evacuate Collection Set: 12.73ms
[2026-07-01T01:53:13.586+0000][29.549s][info][gc,phases   ] GC(56)   Post Evacuate Collection Set: 0.52ms
[2026-07-01T01:53:13.586+0000][29.549s][info][gc,phases   ] GC(56)   Other: 0.05ms
[2026-07-01T01:53:13.586+0000][29.549s][info][gc,heap     ] GC(56) Eden regions: 138->0(137)
[2026-07-01T01:53:13.586+0000][29.549s][info][gc,heap     ] GC(56) Survivor regions: 7->8(19)
[2026-07-01T01:53:13.586+0000][29.549s][info][gc,heap     ] GC(56) Old regions: 153->153
[2026-07-01T01:53:13.586+0000][29.549s][info][gc,heap     ] GC(56) Humongous regions: 3->3
[2026-07-01T01:53:13.586+0000][29.549s][info][gc,metaspace] GC(56) Metaspace: 41586K(42432K)->41586K(42432K) NonClass: 36453K(36928K)->36453K(36928K) Class: 5132K(5504K)->5132K(5504K)
[2026-07-01T01:53:13.586+0000][29.549s][info][gc          ] GC(56) Pause Young (Prepare Mixed) (G1 Evacuation Pause) 300M->163M(318M) 14.174ms
[2026-07-01T01:53:13.586+0000][29.549s][info][gc,cpu      ] GC(56) User=0.03s Sys=0.00s Real=0.01s
[2026-07-01T01:53:14.714+0000][30.676s][info][gc,start    ] GC(57) Pause Young (Mixed) (G1 Evacuation Pause)
[2026-07-01T01:53:14.714+0000][30.676s][info][gc,task     ] GC(57) Using 2 workers of 2 for evacuation
[2026-07-01T01:53:14.727+0000][30.690s][info][gc,phases   ] GC(57)   Pre Evacuate Collection Set: 0.19ms
[2026-07-01T01:53:14.727+0000][30.690s][info][gc,phases   ] GC(57)   Merge Heap Roots: 0.25ms
[2026-07-01T01:53:14.727+0000][30.690s][info][gc,phases   ] GC(57)   Evacuate Collection Set: 12.73ms
[2026-07-01T01:53:14.727+0000][30.690s][info][gc,phases   ] GC(57)   Post Evacuate Collection Set: 0.47ms
[2026-07-01T01:53:14.727+0000][30.690s][info][gc,phases   ] GC(57)   Other: 0.06ms
[2026-07-01T01:53:14.727+0000][30.690s][info][gc,heap     ] GC(57) Eden regions: 137->0(137)
[2026-07-01T01:53:14.727+0000][30.690s][info][gc,heap     ] GC(57) Survivor regions: 8->8(19)
[2026-07-01T01:53:14.727+0000][30.690s][info][gc,heap     ] GC(57) Old regions: 153->153
[2026-07-01T01:53:14.727+0000][30.690s][info][gc,heap     ] GC(57) Humongous regions: 3->3
[2026-07-01T01:53:14.727+0000][30.690s][info][gc,metaspace] GC(57) Metaspace: 41593K(42432K)->41593K(42432K) NonClass: 36460K(36928K)->36460K(36928K) Class: 5132K(5504K)->5132K(5504K)
[2026-07-01T01:53:14.727+0000][30.690s][info][gc          ] GC(57) Pause Young (Mixed) (G1 Evacuation Pause) 300M->163M(318M) 13.851ms
[2026-07-01T01:53:14.728+0000][30.690s][info][gc,cpu      ] GC(57) User=0.03s Sys=0.00s Real=0.01s
[2026-07-01T01:53:16.087+0000][32.050s][info][gc,start    ] GC(58) Pause Young (Concurrent Start) (G1 Evacuation Pause)
[2026-07-01T01:53:16.087+0000][32.050s][info][gc,task     ] GC(58) Using 2 workers of 2 for evacuation
[2026-07-01T01:53:16.132+0000][32.095s][info][gc,phases   ] GC(58)   Pre Evacuate Collection Set: 0.22ms
[2026-07-01T01:53:16.132+0000][32.095s][info][gc,phases   ] GC(58)   Merge Heap Roots: 0.35ms
[2026-07-01T01:53:16.132+0000][32.095s][info][gc,phases   ] GC(58)   Evacuate Collection Set: 43.17ms
[2026-07-01T01:53:16.132+0000][32.095s][info][gc,phases   ] GC(58)   Post Evacuate Collection Set: 0.81ms
[2026-07-01T01:53:16.132+0000][32.095s][info][gc,phases   ] GC(58)   Other: 0.08ms
[2026-07-01T01:53:16.132+0000][32.095s][info][gc,heap     ] GC(58) Eden regions: 137->0(137)
[2026-07-01T01:53:16.132+0000][32.095s][info][gc,heap     ] GC(58) Survivor regions: 8->8(19)
[2026-07-01T01:53:16.132+0000][32.095s][info][gc,heap     ] GC(58) Old regions: 153->153
[2026-07-01T01:53:16.132+0000][32.095s][info][gc,heap     ] GC(58) Humongous regions: 3->3
[2026-07-01T01:53:16.132+0000][32.095s][info][gc,metaspace] GC(58) Metaspace: 41593K(42432K)->41593K(42432K) NonClass: 36460K(36928K)->36460K(36928K) Class: 5132K(5504K)->5132K(5504K)
[2026-07-01T01:53:16.132+0000][32.095s][info][gc          ] GC(58) Pause Young (Concurrent Start) (G1 Evacuation Pause) 300M->163M(318M) 44.884ms
[2026-07-01T01:53:16.132+0000][32.095s][info][gc          ] GC(59) Concurrent Mark Cycle
[2026-07-01T01:53:16.132+0000][32.095s][info][gc,marking  ] GC(59) Concurrent Scan Root Regions
[2026-07-01T01:53:16.132+0000][32.095s][info][gc,cpu      ] GC(58) User=0.05s Sys=0.00s Real=0.05s
[2026-07-01T01:53:16.154+0000][32.117s][info][gc,marking  ] GC(59) Concurrent Scan Root Regions 21.803ms
[2026-07-01T01:53:16.154+0000][32.117s][info][gc,marking  ] GC(59) Concurrent Mark
[2026-07-01T01:53:16.154+0000][32.117s][info][gc,marking  ] GC(59) Concurrent Mark From Roots
[2026-07-01T01:53:16.154+0000][32.117s][info][gc,task     ] GC(59) Using 1 workers of 1 for marking
[2026-07-01T01:53:16.594+0000][32.556s][info][gc,marking  ] GC(59) Concurrent Mark From Roots 439.463ms
[2026-07-01T01:53:16.594+0000][32.556s][info][gc,marking  ] GC(59) Concurrent Preclean
[2026-07-01T01:53:16.594+0000][32.556s][info][gc,marking  ] GC(59) Concurrent Preclean 0.085ms
[2026-07-01T01:53:16.594+0000][32.556s][info][gc,start    ] GC(59) Pause Remark
[2026-07-01T01:53:16.606+0000][32.569s][info][gc          ] GC(59) Pause Remark 192M->192M(318M) 12.464ms
[2026-07-01T01:53:16.606+0000][32.569s][info][gc,cpu      ] GC(59) User=0.03s Sys=0.00s Real=0.01s
[2026-07-01T01:53:16.644+0000][32.606s][info][gc,marking  ] GC(59) Concurrent Mark 489.542ms
[2026-07-01T01:53:16.644+0000][32.606s][info][gc,marking  ] GC(59) Concurrent Rebuild Remembered Sets and Scrub Regions
[2026-07-01T01:53:16.795+0000][32.758s][info][gc,marking  ] GC(59) Concurrent Rebuild Remembered Sets and Scrub Regions 151.699ms
[2026-07-01T01:53:16.795+0000][32.758s][info][gc,start    ] GC(59) Pause Cleanup
[2026-07-01T01:53:16.796+0000][32.758s][info][gc          ] GC(59) Pause Cleanup 203M->203M(318M) 0.189ms
[2026-07-01T01:53:16.796+0000][32.758s][info][gc,cpu      ] GC(59) User=0.01s Sys=0.00s Real=0.00s
[2026-07-01T01:53:16.796+0000][32.758s][info][gc,marking  ] GC(59) Concurrent Clear Claimed Marks
[2026-07-01T01:53:16.796+0000][32.759s][info][gc,marking  ] GC(59) Concurrent Clear Claimed Marks 0.085ms
[2026-07-01T01:53:16.796+0000][32.759s][info][gc,marking  ] GC(59) Concurrent Cleanup for Next Mark
[2026-07-01T01:53:16.797+0000][32.759s][info][gc,marking  ] GC(59) Concurrent Cleanup for Next Mark 0.849ms
[2026-07-01T01:53:16.797+0000][32.759s][info][gc          ] GC(59) Concurrent Mark Cycle 664.552ms
[2026-07-01T01:53:17.652+0000][33.615s][info][gc,start    ] GC(60) Pause Young (Prepare Mixed) (G1 Evacuation Pause)
[2026-07-01T01:53:17.652+0000][33.615s][info][gc,task     ] GC(60) Using 2 workers of 2 for evacuation
[2026-07-01T01:53:17.667+0000][33.630s][info][gc,phases   ] GC(60)   Pre Evacuate Collection Set: 0.18ms
[2026-07-01T01:53:17.668+0000][33.630s][info][gc,phases   ] GC(60)   Merge Heap Roots: 0.42ms
[2026-07-01T01:53:17.668+0000][33.630s][info][gc,phases   ] GC(60)   Evacuate Collection Set: 14.17ms
[2026-07-01T01:53:17.668+0000][33.630s][info][gc,phases   ] GC(60)   Post Evacuate Collection Set: 0.54ms
[2026-07-01T01:53:17.668+0000][33.630s][info][gc,phases   ] GC(60)   Other: 0.05ms
[2026-07-01T01:53:17.668+0000][33.630s][info][gc,heap     ] GC(60) Eden regions: 137->0(136)
[2026-07-01T01:53:17.668+0000][33.630s][info][gc,heap     ] GC(60) Survivor regions: 8->8(19)
[2026-07-01T01:53:17.668+0000][33.630s][info][gc,heap     ] GC(60) Old regions: 153->154
[2026-07-01T01:53:17.668+0000][33.630s][info][gc,heap     ] GC(60) Humongous regions: 3->3
[2026-07-01T01:53:17.668+0000][33.630s][info][gc,metaspace] GC(60) Metaspace: 41557K(42432K)->41557K(42432K) NonClass: 36435K(36928K)->36435K(36928K) Class: 5122K(5504K)->5122K(5504K)
[2026-07-01T01:53:17.668+0000][33.630s][info][gc          ] GC(60) Pause Young (Prepare Mixed) (G1 Evacuation Pause) 300M->164M(318M) 15.499ms
[2026-07-01T01:53:17.668+0000][33.630s][info][gc,cpu      ] GC(60) User=0.03s Sys=0.00s Real=0.01s
[2026-07-01T01:53:18.845+0000][34.808s][info][gc,start    ] GC(61) Pause Young (Mixed) (G1 Evacuation Pause)
[2026-07-01T01:53:18.845+0000][34.808s][info][gc,task     ] GC(61) Using 2 workers of 2 for evacuation
[2026-07-01T01:53:18.861+0000][34.824s][info][gc,phases   ] GC(61)   Pre Evacuate Collection Set: 0.18ms
[2026-07-01T01:53:18.861+0000][34.824s][info][gc,phases   ] GC(61)   Merge Heap Roots: 0.51ms
[2026-07-01T01:53:18.861+0000][34.824s][info][gc,phases   ] GC(61)   Evacuate Collection Set: 14.91ms
[2026-07-01T01:53:18.861+0000][34.824s][info][gc,phases   ] GC(61)   Post Evacuate Collection Set: 0.49ms
[2026-07-01T01:53:18.861+0000][34.824s][info][gc,phases   ] GC(61)   Other: 0.06ms
[2026-07-01T01:53:18.861+0000][34.824s][info][gc,heap     ] GC(61) Eden regions: 136->0(136)
[2026-07-01T01:53:18.861+0000][34.824s][info][gc,heap     ] GC(61) Survivor regions: 8->8(18)
[2026-07-01T01:53:18.861+0000][34.824s][info][gc,heap     ] GC(61) Old regions: 154->154
[2026-07-01T01:53:18.861+0000][34.824s][info][gc,heap     ] GC(61) Humongous regions: 3->3
[2026-07-01T01:53:18.861+0000][34.824s][info][gc,metaspace] GC(61) Metaspace: 41557K(42432K)->41557K(42432K) NonClass: 36435K(36928K)->36435K(36928K) Class: 5122K(5504K)->5122K(5504K)
[2026-07-01T01:53:18.861+0000][34.824s][info][gc          ] GC(61) Pause Young (Mixed) (G1 Evacuation Pause) 300M->164M(318M) 16.318ms
[2026-07-01T01:53:18.861+0000][34.824s][info][gc,cpu      ] GC(61) User=0.03s Sys=0.00s Real=0.02s
[2026-07-01T01:53:19.953+0000][35.916s][info][gc,start    ] GC(62) Pause Young (Concurrent Start) (G1 Evacuation Pause)
[2026-07-01T01:53:19.954+0000][35.916s][info][gc,task     ] GC(62) Using 2 workers of 2 for evacuation
[2026-07-01T01:53:19.975+0000][35.938s][info][gc,phases   ] GC(62)   Pre Evacuate Collection Set: 0.31ms
[2026-07-01T01:53:19.975+0000][35.938s][info][gc,phases   ] GC(62)   Merge Heap Roots: 0.35ms
[2026-07-01T01:53:19.975+0000][35.938s][info][gc,phases   ] GC(62)   Evacuate Collection Set: 20.41ms
[2026-07-01T01:53:19.975+0000][35.938s][info][gc,phases   ] GC(62)   Post Evacuate Collection Set: 0.61ms
[2026-07-01T01:53:19.975+0000][35.938s][info][gc,phases   ] GC(62)   Other: 0.08ms
[2026-07-01T01:53:19.975+0000][35.938s][info][gc,heap     ] GC(62) Eden regions: 136->0(135)
[2026-07-01T01:53:19.975+0000][35.938s][info][gc,heap     ] GC(62) Survivor regions: 8->9(18)
[2026-07-01T01:53:19.975+0000][35.938s][info][gc,heap     ] GC(62) Old regions: 154->154
[2026-07-01T01:53:19.975+0000][35.938s][info][gc,heap     ] GC(62) Humongous regions: 3->3
[2026-07-01T01:53:19.975+0000][35.938s][info][gc,metaspace] GC(62) Metaspace: 41560K(42432K)->41560K(42432K) NonClass: 36437K(36928K)->36437K(36928K) Class: 5122K(5504K)->5122K(5504K)
[2026-07-01T01:53:19.975+0000][35.938s][info][gc          ] GC(62) Pause Young (Concurrent Start) (G1 Evacuation Pause) 300M->165M(318M) 21.943ms
[2026-07-01T01:53:19.975+0000][35.938s][info][gc          ] GC(63) Concurrent Mark Cycle
[2026-07-01T01:53:19.975+0000][35.938s][info][gc,marking  ] GC(63) Concurrent Scan Root Regions
[2026-07-01T01:53:19.975+0000][35.938s][info][gc,cpu      ] GC(62) User=0.04s Sys=0.00s Real=0.02s
[2026-07-01T01:53:20.014+0000][35.976s][info][gc,marking  ] GC(63) Concurrent Scan Root Regions 38.068ms
[2026-07-01T01:53:20.014+0000][35.976s][info][gc,marking  ] GC(63) Concurrent Mark
[2026-07-01T01:53:20.014+0000][35.976s][info][gc,marking  ] GC(63) Concurrent Mark From Roots
[2026-07-01T01:53:20.014+0000][35.976s][info][gc,task     ] GC(63) Using 1 workers of 1 for marking
[2026-07-01T01:53:20.568+0000][36.531s][info][gc,marking  ] GC(63) Concurrent Mark From Roots 554.763ms
[2026-07-01T01:53:20.568+0000][36.531s][info][gc,marking  ] GC(63) Concurrent Preclean
[2026-07-01T01:53:20.569+0000][36.531s][info][gc,marking  ] GC(63) Concurrent Preclean 0.192ms
[2026-07-01T01:53:20.569+0000][36.531s][info][gc,start    ] GC(63) Pause Remark
[2026-07-01T01:53:20.579+0000][36.542s][info][gc          ] GC(63) Pause Remark 225M->225M(318M) 10.347ms
[2026-07-01T01:53:20.579+0000][36.542s][info][gc,cpu      ] GC(63) User=0.02s Sys=0.00s Real=0.01s
[2026-07-01T01:53:20.584+0000][36.547s][info][gc,marking  ] GC(63) Concurrent Mark 570.589ms
[2026-07-01T01:53:20.584+0000][36.547s][info][gc,marking  ] GC(63) Concurrent Rebuild Remembered Sets and Scrub Regions
[2026-07-01T01:53:20.803+0000][36.766s][info][gc,marking  ] GC(63) Concurrent Rebuild Remembered Sets and Scrub Regions 218.751ms
[2026-07-01T01:53:20.804+0000][36.767s][info][gc,start    ] GC(63) Pause Cleanup
[2026-07-01T01:53:20.804+0000][36.767s][info][gc          ] GC(63) Pause Cleanup 244M->244M(318M) 0.229ms
[2026-07-01T01:53:20.804+0000][36.767s][info][gc,cpu      ] GC(63) User=0.00s Sys=0.00s Real=0.00s
[2026-07-01T01:53:20.807+0000][36.769s][info][gc,marking  ] GC(63) Concurrent Clear Claimed Marks
[2026-07-01T01:53:20.807+0000][36.769s][info][gc,marking  ] GC(63) Concurrent Clear Claimed Marks 0.092ms
[2026-07-01T01:53:20.807+0000][36.769s][info][gc,marking  ] GC(63) Concurrent Cleanup for Next Mark
[2026-07-01T01:53:20.808+0000][36.770s][info][gc,marking  ] GC(63) Concurrent Cleanup for Next Mark 0.855ms
[2026-07-01T01:53:20.808+0000][36.770s][info][gc          ] GC(63) Concurrent Mark Cycle 832.263ms
[2026-07-01T01:53:21.290+0000][37.253s][info][gc,start    ] GC(64) Pause Young (Prepare Mixed) (G1 Evacuation Pause)
[2026-07-01T01:53:21.290+0000][37.253s][info][gc,task     ] GC(64) Using 2 workers of 2 for evacuation
[2026-07-01T01:53:21.312+0000][37.275s][info][gc,phases   ] GC(64)   Pre Evacuate Collection Set: 0.26ms
[2026-07-01T01:53:21.312+0000][37.275s][info][gc,phases   ] GC(64)   Merge Heap Roots: 0.56ms
[2026-07-01T01:53:21.312+0000][37.275s][info][gc,phases   ] GC(64)   Evacuate Collection Set: 20.49ms
[2026-07-01T01:53:21.312+0000][37.275s][info][gc,phases   ] GC(64)   Post Evacuate Collection Set: 0.65ms
[2026-07-01T01:53:21.312+0000][37.275s][info][gc,phases   ] GC(64)   Other: 0.07ms
[2026-07-01T01:53:21.312+0000][37.275s][info][gc,heap     ] GC(64) Eden regions: 135->0(134)
[2026-07-01T01:53:21.312+0000][37.275s][info][gc,heap     ] GC(64) Survivor regions: 9->9(18)
[2026-07-01T01:53:21.312+0000][37.275s][info][gc,heap     ] GC(64) Old regions: 154->155
[2026-07-01T01:53:21.312+0000][37.275s][info][gc,heap     ] GC(64) Humongous regions: 3->3
[2026-07-01T01:53:21.312+0000][37.275s][info][gc,metaspace] GC(64) Metaspace: 41560K(42432K)->41560K(42432K) NonClass: 36437K(36928K)->36437K(36928K) Class: 5122K(5504K)->5122K(5504K)
[2026-07-01T01:53:21.312+0000][37.275s][info][gc          ] GC(64) Pause Young (Prepare Mixed) (G1 Evacuation Pause) 300M->165M(318M) 22.254ms
[2026-07-01T01:53:21.312+0000][37.275s][info][gc,cpu      ] GC(64) User=0.07s Sys=0.00s Real=0.02s
[2026-07-01T01:53:22.461+0000][38.424s][info][gc,start    ] GC(65) Pause Young (Mixed) (G1 Evacuation Pause)
[2026-07-01T01:53:22.462+0000][38.424s][info][gc,task     ] GC(65) Using 2 workers of 2 for evacuation
[2026-07-01T01:53:22.488+0000][38.451s][info][gc,phases   ] GC(65)   Pre Evacuate Collection Set: 0.22ms
[2026-07-01T01:53:22.488+0000][38.451s][info][gc,phases   ] GC(65)   Merge Heap Roots: 0.46ms
[2026-07-01T01:53:22.488+0000][38.451s][info][gc,phases   ] GC(65)   Evacuate Collection Set: 24.87ms
[2026-07-01T01:53:22.488+0000][38.451s][info][gc,phases   ] GC(65)   Post Evacuate Collection Set: 0.76ms
[2026-07-01T01:53:22.488+0000][38.451s][info][gc,phases   ] GC(65)   Other: 0.21ms
[2026-07-01T01:53:22.488+0000][38.451s][info][gc,heap     ] GC(65) Eden regions: 134->0(134)
[2026-07-01T01:53:22.488+0000][38.451s][info][gc,heap     ] GC(65) Survivor regions: 9->9(18)
[2026-07-01T01:53:22.488+0000][38.451s][info][gc,heap     ] GC(65) Old regions: 155->155
[2026-07-01T01:53:22.488+0000][38.451s][info][gc,heap     ] GC(65) Humongous regions: 3->3
[2026-07-01T01:53:22.488+0000][38.451s][info][gc,metaspace] GC(65) Metaspace: 41560K(42432K)->41560K(42432K) NonClass: 36437K(36928K)->36437K(36928K) Class: 5122K(5504K)->5122K(5504K)
[2026-07-01T01:53:22.488+0000][38.451s][info][gc          ] GC(65) Pause Young (Mixed) (G1 Evacuation Pause) 299M->165M(318M) 26.923ms
[2026-07-01T01:53:22.488+0000][38.451s][info][gc,cpu      ] GC(65) User=0.05s Sys=0.00s Real=0.03s
[2026-07-01T01:53:23.510+0000][39.472s][info][gc,start    ] GC(66) Pause Young (Concurrent Start) (G1 Evacuation Pause)
[2026-07-01T01:53:23.510+0000][39.472s][info][gc,task     ] GC(66) Using 2 workers of 2 for evacuation
[2026-07-01T01:53:23.536+0000][39.499s][info][gc,phases   ] GC(66)   Pre Evacuate Collection Set: 0.22ms
[2026-07-01T01:53:23.536+0000][39.499s][info][gc,phases   ] GC(66)   Merge Heap Roots: 0.40ms
[2026-07-01T01:53:23.536+0000][39.499s][info][gc,phases   ] GC(66)   Evacuate Collection Set: 22.83ms
[2026-07-01T01:53:23.536+0000][39.499s][info][gc,phases   ] GC(66)   Post Evacuate Collection Set: 3.12ms
[2026-07-01T01:53:23.536+0000][39.499s][info][gc,phases   ] GC(66)   Other: 0.07ms
[2026-07-01T01:53:23.536+0000][39.499s][info][gc,heap     ] GC(66) Eden regions: 134->0(134)
[2026-07-01T01:53:23.536+0000][39.499s][info][gc,heap     ] GC(66) Survivor regions: 9->9(18)
[2026-07-01T01:53:23.536+0000][39.499s][info][gc,heap     ] GC(66) Old regions: 155->155
[2026-07-01T01:53:23.536+0000][39.499s][info][gc,heap     ] GC(66) Humongous regions: 3->3
[2026-07-01T01:53:23.536+0000][39.499s][info][gc,metaspace] GC(66) Metaspace: 41560K(42432K)->41560K(42432K) NonClass: 36437K(36928K)->36437K(36928K) Class: 5122K(5504K)->5122K(5504K)
[2026-07-01T01:53:23.536+0000][39.499s][info][gc          ] GC(66) Pause Young (Concurrent Start) (G1 Evacuation Pause) 299M->166M(318M) 26.848ms
[2026-07-01T01:53:23.536+0000][39.499s][info][gc          ] GC(67) Concurrent Mark Cycle
[2026-07-01T01:53:23.537+0000][39.499s][info][gc,cpu      ] GC(66) User=0.04s Sys=0.00s Real=0.02s
[2026-07-01T01:53:23.537+0000][39.499s][info][gc,marking  ] GC(67) Concurrent Scan Root Regions
[2026-07-01T01:53:23.575+0000][39.538s][info][gc,marking  ] GC(67) Concurrent Scan Root Regions 38.425ms
[2026-07-01T01:53:23.575+0000][39.538s][info][gc,marking  ] GC(67) Concurrent Mark
[2026-07-01T01:53:23.575+0000][39.538s][info][gc,marking  ] GC(67) Concurrent Mark From Roots
[2026-07-01T01:53:23.575+0000][39.538s][info][gc,task     ] GC(67) Using 1 workers of 1 for marking
[2026-07-01T01:53:24.066+0000][40.028s][info][gc,marking  ] GC(67) Concurrent Mark From Roots 490.597ms
[2026-07-01T01:53:24.066+0000][40.028s][info][gc,marking  ] GC(67) Concurrent Preclean
[2026-07-01T01:53:24.066+0000][40.028s][info][gc,marking  ] GC(67) Concurrent Preclean 0.096ms
[2026-07-01T01:53:24.066+0000][40.029s][info][gc,start    ] GC(67) Pause Remark
[2026-07-01T01:53:24.072+0000][40.035s][info][gc          ] GC(67) Pause Remark 204M->204M(318M) 6.066ms
[2026-07-01T01:53:24.072+0000][40.035s][info][gc,cpu      ] GC(67) User=0.01s Sys=0.00s Real=0.01s
[2026-07-01T01:53:24.077+0000][40.040s][info][gc,marking  ] GC(67) Concurrent Mark 501.965ms
[2026-07-01T01:53:24.077+0000][40.040s][info][gc,marking  ] GC(67) Concurrent Rebuild Remembered Sets and Scrub Regions
[2026-07-01T01:53:24.290+0000][40.253s][info][gc,marking  ] GC(67) Concurrent Rebuild Remembered Sets and Scrub Regions 213.328ms
[2026-07-01T01:53:24.291+0000][40.253s][info][gc,start    ] GC(67) Pause Cleanup
[2026-07-01T01:53:24.291+0000][40.254s][info][gc          ] GC(67) Pause Cleanup 229M->229M(318M) 0.462ms
[2026-07-01T01:53:24.291+0000][40.254s][info][gc,cpu      ] GC(67) User=0.00s Sys=0.00s Real=0.00s
[2026-07-01T01:53:24.294+0000][40.257s][info][gc,marking  ] GC(67) Concurrent Clear Claimed Marks
[2026-07-01T01:53:24.294+0000][40.257s][info][gc,marking  ] GC(67) Concurrent Clear Claimed Marks 0.095ms
[2026-07-01T01:53:24.294+0000][40.257s][info][gc,marking  ] GC(67) Concurrent Cleanup for Next Mark
[2026-07-01T01:53:24.295+0000][40.258s][info][gc,marking  ] GC(67) Concurrent Cleanup for Next Mark 1.306ms
[2026-07-01T01:53:24.295+0000][40.258s][info][gc          ] GC(67) Concurrent Mark Cycle 758.775ms
[2026-07-01T01:53:24.792+0000][40.754s][info][gc,start    ] GC(68) Pause Young (Prepare Mixed) (G1 Evacuation Pause)
[2026-07-01T01:53:24.792+0000][40.754s][info][gc,task     ] GC(68) Using 2 workers of 2 for evacuation
[2026-07-01T01:53:24.809+0000][40.772s][info][gc,phases   ] GC(68)   Pre Evacuate Collection Set: 0.17ms
[2026-07-01T01:53:24.809+0000][40.772s][info][gc,phases   ] GC(68)   Merge Heap Roots: 0.63ms
[2026-07-01T01:53:24.809+0000][40.772s][info][gc,phases   ] GC(68)   Evacuate Collection Set: 16.05ms
[2026-07-01T01:53:24.809+0000][40.772s][info][gc,phases   ] GC(68)   Post Evacuate Collection Set: 0.47ms
[2026-07-01T01:53:24.809+0000][40.772s][info][gc,phases   ] GC(68)   Other: 0.07ms
[2026-07-01T01:53:24.809+0000][40.772s][info][gc,heap     ] GC(68) Eden regions: 134->0(133)
[2026-07-01T01:53:24.809+0000][40.772s][info][gc,heap     ] GC(68) Survivor regions: 9->9(18)
[2026-07-01T01:53:24.809+0000][40.772s][info][gc,heap     ] GC(68) Old regions: 155->156
[2026-07-01T01:53:24.809+0000][40.772s][info][gc,heap     ] GC(68) Humongous regions: 3->3
[2026-07-01T01:53:24.809+0000][40.772s][info][gc,metaspace] GC(68) Metaspace: 41562K(42432K)->41562K(42432K) NonClass: 36439K(36928K)->36439K(36928K) Class: 5122K(5504K)->5122K(5504K)
[2026-07-01T01:53:24.809+0000][40.772s][info][gc          ] GC(68) Pause Young (Prepare Mixed) (G1 Evacuation Pause) 300M->166M(318M) 17.543ms
[2026-07-01T01:53:24.809+0000][40.772s][info][gc,cpu      ] GC(68) User=0.04s Sys=0.01s Real=0.02s
[2026-07-01T01:53:26.199+0000][42.161s][info][gc,start    ] GC(69) Pause Young (Mixed) (G1 Evacuation Pause)
[2026-07-01T01:53:26.199+0000][42.161s][info][gc,task     ] GC(69) Using 2 workers of 2 for evacuation
[2026-07-01T01:53:26.214+0000][42.177s][info][gc,phases   ] GC(69)   Pre Evacuate Collection Set: 0.15ms
[2026-07-01T01:53:26.214+0000][42.177s][info][gc,phases   ] GC(69)   Merge Heap Roots: 0.35ms
[2026-07-01T01:53:26.214+0000][42.177s][info][gc,phases   ] GC(69)   Evacuate Collection Set: 14.81ms
[2026-07-01T01:53:26.214+0000][42.177s][info][gc,phases   ] GC(69)   Post Evacuate Collection Set: 0.43ms
[2026-07-01T01:53:26.214+0000][42.177s][info][gc,phases   ] GC(69)   Other: 0.06ms
[2026-07-01T01:53:26.214+0000][42.177s][info][gc,heap     ] GC(69) Eden regions: 133->0(133)
[2026-07-01T01:53:26.215+0000][42.177s][info][gc,heap     ] GC(69) Survivor regions: 9->9(18)
[2026-07-01T01:53:26.215+0000][42.177s][info][gc,heap     ] GC(69) Old regions: 156->156
[2026-07-01T01:53:26.215+0000][42.177s][info][gc,heap     ] GC(69) Humongous regions: 3->3
[2026-07-01T01:53:26.215+0000][42.177s][info][gc,metaspace] GC(69) Metaspace: 41562K(42432K)->41562K(42432K) NonClass: 36439K(36928K)->36439K(36928K) Class: 5122K(5504K)->5122K(5504K)
[2026-07-01T01:53:26.215+0000][42.177s][info][gc          ] GC(69) Pause Young (Mixed) (G1 Evacuation Pause) 299M->166M(318M) 15.967ms
[2026-07-01T01:53:26.215+0000][42.177s][info][gc,cpu      ] GC(69) User=0.03s Sys=0.00s Real=0.01s
[2026-07-01T01:53:27.086+0000][43.049s][info][gc,start    ] GC(70) Pause Young (Concurrent Start) (G1 Evacuation Pause)
[2026-07-01T01:53:27.086+0000][43.049s][info][gc,task     ] GC(70) Using 2 workers of 2 for evacuation
[2026-07-01T01:53:27.110+0000][43.073s][info][gc,phases   ] GC(70)   Pre Evacuate Collection Set: 0.21ms
[2026-07-01T01:53:27.110+0000][43.073s][info][gc,phases   ] GC(70)   Merge Heap Roots: 0.49ms
[2026-07-01T01:53:27.110+0000][43.073s][info][gc,phases   ] GC(70)   Evacuate Collection Set: 22.77ms
[2026-07-01T01:53:27.110+0000][43.073s][info][gc,phases   ] GC(70)   Post Evacuate Collection Set: 0.54ms
[2026-07-01T01:53:27.110+0000][43.073s][info][gc,phases   ] GC(70)   Other: 0.08ms
[2026-07-01T01:53:27.110+0000][43.073s][info][gc,heap     ] GC(70) Eden regions: 133->0(133)
[2026-07-01T01:53:27.110+0000][43.073s][info][gc,heap     ] GC(70) Survivor regions: 9->9(18)
[2026-07-01T01:53:27.110+0000][43.073s][info][gc,heap     ] GC(70) Old regions: 156->156
[2026-07-01T01:53:27.110+0000][43.073s][info][gc,heap     ] GC(70) Humongous regions: 3->3
[2026-07-01T01:53:27.110+0000][43.073s][info][gc,metaspace] GC(70) Metaspace: 41566K(42432K)->41566K(42432K) NonClass: 36443K(36928K)->36443K(36928K) Class: 5123K(5504K)->5123K(5504K)
[2026-07-01T01:53:27.110+0000][43.073s][info][gc          ] GC(70) Pause Young (Concurrent Start) (G1 Evacuation Pause) 299M->167M(318M) 24.241ms
[2026-07-01T01:53:27.110+0000][43.073s][info][gc          ] GC(71) Concurrent Mark Cycle
[2026-07-01T01:53:27.110+0000][43.073s][info][gc,marking  ] GC(71) Concurrent Scan Root Regions
[2026-07-01T01:53:27.110+0000][43.073s][info][gc,cpu      ] GC(70) User=0.04s Sys=0.00s Real=0.03s
[2026-07-01T01:53:27.167+0000][43.130s][info][gc,marking  ] GC(71) Concurrent Scan Root Regions 57.075ms
[2026-07-01T01:53:27.167+0000][43.130s][info][gc,marking  ] GC(71) Concurrent Mark
[2026-07-01T01:53:27.167+0000][43.130s][info][gc,marking  ] GC(71) Concurrent Mark From Roots
[2026-07-01T01:53:27.167+0000][43.130s][info][gc,task     ] GC(71) Using 1 workers of 1 for marking
[2026-07-01T01:53:27.700+0000][43.662s][info][gc,marking  ] GC(71) Concurrent Mark From Roots 532.161ms
[2026-07-01T01:53:27.700+0000][43.662s][info][gc,marking  ] GC(71) Concurrent Preclean
[2026-07-01T01:53:27.700+0000][43.662s][info][gc,marking  ] GC(71) Concurrent Preclean 0.083ms
[2026-07-01T01:53:27.700+0000][43.663s][info][gc,start    ] GC(71) Pause Remark
[2026-07-01T01:53:27.711+0000][43.674s][info][gc          ] GC(71) Pause Remark 226M->226M(318M) 10.743ms
[2026-07-01T01:53:27.711+0000][43.674s][info][gc,cpu      ] GC(71) User=0.02s Sys=0.00s Real=0.01s
[2026-07-01T01:53:27.716+0000][43.678s][info][gc,marking  ] GC(71) Concurrent Mark 548.216ms
[2026-07-01T01:53:27.716+0000][43.678s][info][gc,marking  ] GC(71) Concurrent Rebuild Remembered Sets and Scrub Regions
[2026-07-01T01:53:27.903+0000][43.865s][info][gc,marking  ] GC(71) Concurrent Rebuild Remembered Sets and Scrub Regions 186.907ms
[2026-07-01T01:53:27.905+0000][43.867s][info][gc,start    ] GC(71) Pause Cleanup
[2026-07-01T01:53:27.905+0000][43.867s][info][gc          ] GC(71) Pause Cleanup 241M->241M(318M) 0.220ms
[2026-07-01T01:53:27.905+0000][43.867s][info][gc,cpu      ] GC(71) User=0.00s Sys=0.00s Real=0.00s
[2026-07-01T01:53:27.906+0000][43.869s][info][gc,marking  ] GC(71) Concurrent Clear Claimed Marks
[2026-07-01T01:53:27.906+0000][43.869s][info][gc,marking  ] GC(71) Concurrent Clear Claimed Marks 0.092ms
[2026-07-01T01:53:27.906+0000][43.869s][info][gc,marking  ] GC(71) Concurrent Cleanup for Next Mark
[2026-07-01T01:53:27.907+0000][43.869s][info][gc,marking  ] GC(71) Concurrent Cleanup for Next Mark 0.540ms
[2026-07-01T01:53:27.907+0000][43.869s][info][gc          ] GC(71) Concurrent Mark Cycle 796.417ms
[2026-07-01T01:53:28.523+0000][44.485s][info][gc,start    ] GC(72) Pause Young (Prepare Mixed) (G1 Evacuation Pause)
[2026-07-01T01:53:28.523+0000][44.486s][info][gc,task     ] GC(72) Using 2 workers of 2 for evacuation
[2026-07-01T01:53:28.545+0000][44.507s][info][gc,phases   ] GC(72)   Pre Evacuate Collection Set: 0.21ms
[2026-07-01T01:53:28.545+0000][44.507s][info][gc,phases   ] GC(72)   Merge Heap Roots: 0.55ms
[2026-07-01T01:53:28.545+0000][44.507s][info][gc,phases   ] GC(72)   Evacuate Collection Set: 20.20ms
[2026-07-01T01:53:28.545+0000][44.507s][info][gc,phases   ] GC(72)   Post Evacuate Collection Set: 0.76ms
[2026-07-01T01:53:28.545+0000][44.507s][info][gc,phases   ] GC(72)   Other: 0.07ms
[2026-07-01T01:53:28.545+0000][44.507s][info][gc,heap     ] GC(72) Eden regions: 133->0(132)
[2026-07-01T01:53:28.545+0000][44.507s][info][gc,heap     ] GC(72) Survivor regions: 9->9(18)
[2026-07-01T01:53:28.545+0000][44.507s][info][gc,heap     ] GC(72) Old regions: 156->157
[2026-07-01T01:53:28.545+0000][44.507s][info][gc,heap     ] GC(72) Humongous regions: 3->3
[2026-07-01T01:53:28.545+0000][44.507s][info][gc,metaspace] GC(72) Metaspace: 41574K(42432K)->41574K(42432K) NonClass: 36450K(36928K)->36450K(36928K) Class: 5123K(5504K)->5123K(5504K)
[2026-07-01T01:53:28.545+0000][44.507s][info][gc          ] GC(72) Pause Young (Prepare Mixed) (G1 Evacuation Pause) 300M->167M(318M) 21.973ms
[2026-07-01T01:53:28.545+0000][44.507s][info][gc,cpu      ] GC(72) User=0.04s Sys=0.00s Real=0.02s
[2026-07-01T01:53:29.437+0000][45.399s][info][gc,start    ] GC(73) Pause Young (Mixed) (G1 Evacuation Pause)
[2026-07-01T01:53:29.437+0000][45.399s][info][gc,task     ] GC(73) Using 2 workers of 2 for evacuation
[2026-07-01T01:53:29.458+0000][45.421s][info][gc,phases   ] GC(73)   Pre Evacuate Collection Set: 0.21ms
[2026-07-01T01:53:29.458+0000][45.421s][info][gc,phases   ] GC(73)   Merge Heap Roots: 1.05ms
[2026-07-01T01:53:29.458+0000][45.421s][info][gc,phases   ] GC(73)   Evacuate Collection Set: 19.82ms
[2026-07-01T01:53:29.458+0000][45.421s][info][gc,phases   ] GC(73)   Post Evacuate Collection Set: 0.41ms
[2026-07-01T01:53:29.458+0000][45.421s][info][gc,phases   ] GC(73)   Other: 0.05ms
[2026-07-01T01:53:29.458+0000][45.421s][info][gc,heap     ] GC(73) Eden regions: 132->0(132)
[2026-07-01T01:53:29.458+0000][45.421s][info][gc,heap     ] GC(73) Survivor regions: 9->9(18)
[2026-07-01T01:53:29.458+0000][45.421s][info][gc,heap     ] GC(73) Old regions: 157->157
[2026-07-01T01:53:29.458+0000][45.421s][info][gc,heap     ] GC(73) Humongous regions: 3->3
[2026-07-01T01:53:29.458+0000][45.421s][info][gc,metaspace] GC(73) Metaspace: 41574K(42432K)->41574K(42432K) NonClass: 36450K(36928K)->36450K(36928K) Class: 5123K(5504K)->5123K(5504K)
[2026-07-01T01:53:29.458+0000][45.421s][info][gc          ] GC(73) Pause Young (Mixed) (G1 Evacuation Pause) 299M->167M(318M) 21.722ms
[2026-07-01T01:53:29.458+0000][45.421s][info][gc,cpu      ] GC(73) User=0.05s Sys=0.00s Real=0.03s
[2026-07-01T01:53:30.304+0000][46.267s][info][gc,start    ] GC(74) Pause Young (Concurrent Start) (G1 Evacuation Pause)
[2026-07-01T01:53:30.304+0000][46.267s][info][gc,task     ] GC(74) Using 2 workers of 2 for evacuation
[2026-07-01T01:53:30.319+0000][46.282s][info][gc,phases   ] GC(74)   Pre Evacuate Collection Set: 0.25ms
[2026-07-01T01:53:30.319+0000][46.282s][info][gc,phases   ] GC(74)   Merge Heap Roots: 0.34ms
[2026-07-01T01:53:30.319+0000][46.282s][info][gc,phases   ] GC(74)   Evacuate Collection Set: 14.05ms
[2026-07-01T01:53:30.319+0000][46.282s][info][gc,phases   ] GC(74)   Post Evacuate Collection Set: 0.45ms
[2026-07-01T01:53:30.319+0000][46.282s][info][gc,phases   ] GC(74)   Other: 0.09ms
[2026-07-01T01:53:30.319+0000][46.282s][info][gc,heap     ] GC(74) Eden regions: 132->0(132)
[2026-07-01T01:53:30.319+0000][46.282s][info][gc,heap     ] GC(74) Survivor regions: 9->9(18)
[2026-07-01T01:53:30.319+0000][46.282s][info][gc,heap     ] GC(74) Old regions: 157->157
[2026-07-01T01:53:30.319+0000][46.282s][info][gc,heap     ] GC(74) Humongous regions: 3->3
[2026-07-01T01:53:30.319+0000][46.282s][info][gc,metaspace] GC(74) Metaspace: 41574K(42432K)->41574K(42432K) NonClass: 36450K(36928K)->36450K(36928K) Class: 5123K(5504K)->5123K(5504K)
[2026-07-01T01:53:30.319+0000][46.282s][info][gc          ] GC(74) Pause Young (Concurrent Start) (G1 Evacuation Pause) 299M->168M(318M) 15.349ms
[2026-07-01T01:53:30.319+0000][46.282s][info][gc          ] GC(75) Concurrent Mark Cycle
[2026-07-01T01:53:30.319+0000][46.282s][info][gc,marking  ] GC(75) Concurrent Scan Root Regions
[2026-07-01T01:53:30.319+0000][46.282s][info][gc,cpu      ] GC(74) User=0.03s Sys=0.00s Real=0.02s
[2026-07-01T01:53:30.347+0000][46.309s][info][gc,marking  ] GC(75) Concurrent Scan Root Regions 27.279ms
[2026-07-01T01:53:30.347+0000][46.309s][info][gc,marking  ] GC(75) Concurrent Mark
[2026-07-01T01:53:30.347+0000][46.309s][info][gc,marking  ] GC(75) Concurrent Mark From Roots
[2026-07-01T01:53:30.347+0000][46.309s][info][gc,task     ] GC(75) Using 1 workers of 1 for marking
[2026-07-01T01:53:30.714+0000][46.677s][info][gc,marking  ] GC(75) Concurrent Mark From Roots 367.337ms
[2026-07-01T01:53:30.714+0000][46.677s][info][gc,marking  ] GC(75) Concurrent Preclean
[2026-07-01T01:53:30.714+0000][46.677s][info][gc,marking  ] GC(75) Concurrent Preclean 0.064ms
[2026-07-01T01:53:30.714+0000][46.677s][info][gc,start    ] GC(75) Pause Remark
[2026-07-01T01:53:30.723+0000][46.686s][info][gc          ] GC(75) Pause Remark 198M->198M(318M) 8.561ms
[2026-07-01T01:53:30.723+0000][46.686s][info][gc,cpu      ] GC(75) User=0.02s Sys=0.00s Real=0.01s
[2026-07-01T01:53:30.742+0000][46.705s][info][gc,marking  ] GC(75) Concurrent Mark 395.213ms
[2026-07-01T01:53:30.742+0000][46.705s][info][gc,marking  ] GC(75) Concurrent Rebuild Remembered Sets and Scrub Regions
[2026-07-01T01:53:30.878+0000][46.840s][info][gc,marking  ] GC(75) Concurrent Rebuild Remembered Sets and Scrub Regions 135.777ms
[2026-07-01T01:53:30.878+0000][46.840s][info][gc,start    ] GC(75) Pause Cleanup
[2026-07-01T01:53:30.878+0000][46.841s][info][gc          ] GC(75) Pause Cleanup 207M->207M(318M) 0.166ms
[2026-07-01T01:53:30.878+0000][46.841s][info][gc,cpu      ] GC(75) User=0.00s Sys=0.00s Real=0.00s
[2026-07-01T01:53:30.878+0000][46.841s][info][gc,marking  ] GC(75) Concurrent Clear Claimed Marks
[2026-07-01T01:53:30.878+0000][46.841s][info][gc,marking  ] GC(75) Concurrent Clear Claimed Marks 0.095ms
[2026-07-01T01:53:30.878+0000][46.841s][info][gc,marking  ] GC(75) Concurrent Cleanup for Next Mark
[2026-07-01T01:53:30.879+0000][46.842s][info][gc,marking  ] GC(75) Concurrent Cleanup for Next Mark 1.113ms
[2026-07-01T01:53:30.879+0000][46.842s][info][gc          ] GC(75) Concurrent Mark Cycle 560.025ms
[2026-07-01T01:53:31.810+0000][47.773s][info][gc,start    ] GC(76) Pause Young (Prepare Mixed) (G1 Evacuation Pause)
[2026-07-01T01:53:31.810+0000][47.773s][info][gc,task     ] GC(76) Using 2 workers of 2 for evacuation
[2026-07-01T01:53:31.833+0000][47.795s][info][gc,phases   ] GC(76)   Pre Evacuate Collection Set: 0.23ms
[2026-07-01T01:53:31.833+0000][47.795s][info][gc,phases   ] GC(76)   Merge Heap Roots: 0.93ms
[2026-07-01T01:53:31.833+0000][47.795s][info][gc,phases   ] GC(76)   Evacuate Collection Set: 20.61ms
[2026-07-01T01:53:31.833+0000][47.795s][info][gc,phases   ] GC(76)   Post Evacuate Collection Set: 0.54ms
[2026-07-01T01:53:31.833+0000][47.795s][info][gc,phases   ] GC(76)   Other: 0.06ms
[2026-07-01T01:53:31.833+0000][47.795s][info][gc,heap     ] GC(76) Eden regions: 132->0(131)
[2026-07-01T01:53:31.833+0000][47.795s][info][gc,heap     ] GC(76) Survivor regions: 9->9(18)
[2026-07-01T01:53:31.833+0000][47.795s][info][gc,heap     ] GC(76) Old regions: 157->158
[2026-07-01T01:53:31.833+0000][47.795s][info][gc,heap     ] GC(76) Humongous regions: 3->3
[2026-07-01T01:53:31.833+0000][47.795s][info][gc,metaspace] GC(76) Metaspace: 41574K(42432K)->41574K(42432K) NonClass: 36450K(36928K)->36450K(36928K) Class: 5123K(5504K)->5123K(5504K)
[2026-07-01T01:53:31.833+0000][47.795s][info][gc          ] GC(76) Pause Young (Prepare Mixed) (G1 Evacuation Pause) 300M->168M(318M) 22.560ms
[2026-07-01T01:53:31.833+0000][47.796s][info][gc,cpu      ] GC(76) User=0.04s Sys=0.00s Real=0.02s
[2026-07-01T01:53:32.740+0000][48.703s][info][gc,start    ] GC(77) Pause Young (Mixed) (G1 Evacuation Pause)
[2026-07-01T01:53:32.740+0000][48.703s][info][gc,task     ] GC(77) Using 2 workers of 2 for evacuation
[2026-07-01T01:53:32.756+0000][48.719s][info][gc,phases   ] GC(77)   Pre Evacuate Collection Set: 0.22ms
[2026-07-01T01:53:32.756+0000][48.719s][info][gc,phases   ] GC(77)   Merge Heap Roots: 0.34ms
[2026-07-01T01:53:32.756+0000][48.719s][info][gc,phases   ] GC(77)   Evacuate Collection Set: 15.39ms
[2026-07-01T01:53:32.756+0000][48.719s][info][gc,phases   ] GC(77)   Post Evacuate Collection Set: 0.47ms
[2026-07-01T01:53:32.756+0000][48.719s][info][gc,phases   ] GC(77)   Other: 0.07ms
[2026-07-01T01:53:32.756+0000][48.719s][info][gc,heap     ] GC(77) Eden regions: 131->0(131)
[2026-07-01T01:53:32.756+0000][48.719s][info][gc,heap     ] GC(77) Survivor regions: 9->9(18)
[2026-07-01T01:53:32.756+0000][48.719s][info][gc,heap     ] GC(77) Old regions: 158->158
[2026-07-01T01:53:32.756+0000][48.719s][info][gc,heap     ] GC(77) Humongous regions: 3->3
[2026-07-01T01:53:32.756+0000][48.719s][info][gc,metaspace] GC(77) Metaspace: 41575K(42432K)->41575K(42432K) NonClass: 36451K(36928K)->36451K(36928K) Class: 5123K(5504K)->5123K(5504K)
[2026-07-01T01:53:32.756+0000][48.719s][info][gc          ] GC(77) Pause Young (Mixed) (G1 Evacuation Pause) 299M->169M(318M) 16.637ms
[2026-07-01T01:53:32.757+0000][48.719s][info][gc,cpu      ] GC(77) User=0.03s Sys=0.01s Real=0.01s
[2026-07-01T01:53:33.557+0000][49.519s][info][gc,start    ] GC(78) Pause Young (Concurrent Start) (G1 Evacuation Pause)
[2026-07-01T01:53:33.557+0000][49.520s][info][gc,task     ] GC(78) Using 2 workers of 2 for evacuation
[2026-07-01T01:53:33.579+0000][49.541s][info][gc,phases   ] GC(78)   Pre Evacuate Collection Set: 0.20ms
[2026-07-01T01:53:33.579+0000][49.541s][info][gc,phases   ] GC(78)   Merge Heap Roots: 0.34ms
[2026-07-01T01:53:33.579+0000][49.541s][info][gc,phases   ] GC(78)   Evacuate Collection Set: 20.77ms
[2026-07-01T01:53:33.579+0000][49.541s][info][gc,phases   ] GC(78)   Post Evacuate Collection Set: 0.42ms
[2026-07-01T01:53:33.579+0000][49.541s][info][gc,phases   ] GC(78)   Other: 0.09ms
[2026-07-01T01:53:33.579+0000][49.541s][info][gc,heap     ] GC(78) Eden regions: 131->0(130)
[2026-07-01T01:53:33.579+0000][49.541s][info][gc,heap     ] GC(78) Survivor regions: 9->9(18)
[2026-07-01T01:53:33.579+0000][49.541s][info][gc,heap     ] GC(78) Old regions: 158->159
[2026-07-01T01:53:33.579+0000][49.541s][info][gc,heap     ] GC(78) Humongous regions: 3->3
[2026-07-01T01:53:33.579+0000][49.541s][info][gc,metaspace] GC(78) Metaspace: 41575K(42432K)->41575K(42432K) NonClass: 36451K(36928K)->36451K(36928K) Class: 5123K(5504K)->5123K(5504K)
[2026-07-01T01:53:33.579+0000][49.541s][info][gc          ] GC(78) Pause Young (Concurrent Start) (G1 Evacuation Pause) 300M->169M(318M) 21.980ms
[2026-07-01T01:53:33.579+0000][49.541s][info][gc          ] GC(79) Concurrent Mark Cycle
[2026-07-01T01:53:33.579+0000][49.541s][info][gc,marking  ] GC(79) Concurrent Scan Root Regions
[2026-07-01T01:53:33.579+0000][49.541s][info][gc,cpu      ] GC(78) User=0.04s Sys=0.00s Real=0.03s
[2026-07-01T01:53:33.626+0000][49.588s][info][gc,marking  ] GC(79) Concurrent Scan Root Regions 46.936ms
[2026-07-01T01:53:33.626+0000][49.588s][info][gc,marking  ] GC(79) Concurrent Mark
[2026-07-01T01:53:33.626+0000][49.588s][info][gc,marking  ] GC(79) Concurrent Mark From Roots
[2026-07-01T01:53:33.626+0000][49.588s][info][gc,task     ] GC(79) Using 1 workers of 1 for marking
[2026-07-01T01:53:34.366+0000][50.328s][info][gc,marking  ] GC(79) Concurrent Mark From Roots 739.993ms
[2026-07-01T01:53:34.366+0000][50.329s][info][gc,marking  ] GC(79) Concurrent Preclean
[2026-07-01T01:53:34.366+0000][50.329s][info][gc,marking  ] GC(79) Concurrent Preclean 0.085ms
[2026-07-01T01:53:34.366+0000][50.329s][info][gc,start    ] GC(79) Pause Remark
[2026-07-01T01:53:34.373+0000][50.336s][info][gc          ] GC(79) Pause Remark 262M->262M(318M) 6.479ms
[2026-07-01T01:53:34.373+0000][50.336s][info][gc,cpu      ] GC(79) User=0.02s Sys=0.01s Real=0.01s
[2026-07-01T01:53:34.378+0000][50.340s][info][gc,marking  ] GC(79) Concurrent Mark 751.880ms
[2026-07-01T01:53:34.378+0000][50.340s][info][gc,marking  ] GC(79) Concurrent Rebuild Remembered Sets and Scrub Regions
[2026-07-01T01:53:34.662+0000][50.625s][info][gc,start    ] GC(80) Pause Young (Normal) (G1 Evacuation Pause)
[2026-07-01T01:53:34.662+0000][50.625s][info][gc,task     ] GC(80) Using 2 workers of 2 for evacuation
[2026-07-01T01:53:34.678+0000][50.641s][info][gc,phases   ] GC(80)   Pre Evacuate Collection Set: 0.20ms
[2026-07-01T01:53:34.679+0000][50.641s][info][gc,phases   ] GC(80)   Merge Heap Roots: 0.99ms
[2026-07-01T01:53:34.679+0000][50.641s][info][gc,phases   ] GC(80)   Evacuate Collection Set: 14.85ms
[2026-07-01T01:53:34.679+0000][50.641s][info][gc,phases   ] GC(80)   Post Evacuate Collection Set: 0.46ms
[2026-07-01T01:53:34.679+0000][50.641s][info][gc,phases   ] GC(80)   Other: 0.07ms
[2026-07-01T01:53:34.679+0000][50.641s][info][gc,heap     ] GC(80) Eden regions: 130->0(131)
[2026-07-01T01:53:34.679+0000][50.641s][info][gc,heap     ] GC(80) Survivor regions: 9->8(18)
[2026-07-01T01:53:34.679+0000][50.641s][info][gc,heap     ] GC(80) Old regions: 159->159
[2026-07-01T01:53:34.679+0000][50.641s][info][gc,heap     ] GC(80) Humongous regions: 3->3
[2026-07-01T01:53:34.679+0000][50.641s][info][gc,metaspace] GC(80) Metaspace: 41575K(42432K)->41575K(42432K) NonClass: 36451K(36928K)->36451K(36928K) Class: 5123K(5504K)->5123K(5504K)
[2026-07-01T01:53:34.679+0000][50.641s][info][gc          ] GC(80) Pause Young (Normal) (G1 Evacuation Pause) 299M->169M(318M) 16.726ms
[2026-07-01T01:53:34.679+0000][50.641s][info][gc,cpu      ] GC(80) User=0.03s Sys=0.00s Real=0.02s
[2026-07-01T01:53:34.774+0000][50.737s][info][gc,marking  ] GC(79) Concurrent Rebuild Remembered Sets and Scrub Regions 396.429ms
[2026-07-01T01:53:34.774+0000][50.737s][info][gc,start    ] GC(79) Pause Cleanup
[2026-07-01T01:53:34.774+0000][50.737s][info][gc          ] GC(79) Pause Cleanup 183M->183M(318M) 0.173ms
[2026-07-01T01:53:34.774+0000][50.737s][info][gc,cpu      ] GC(79) User=0.00s Sys=0.00s Real=0.00s
[2026-07-01T01:53:34.775+0000][50.738s][info][gc,marking  ] GC(79) Concurrent Clear Claimed Marks
[2026-07-01T01:53:34.775+0000][50.738s][info][gc,marking  ] GC(79) Concurrent Clear Claimed Marks 0.091ms
[2026-07-01T01:53:34.775+0000][50.738s][info][gc,marking  ] GC(79) Concurrent Cleanup for Next Mark
[2026-07-01T01:53:34.776+0000][50.739s][info][gc,marking  ] GC(79) Concurrent Cleanup for Next Mark 0.677ms
[2026-07-01T01:53:34.776+0000][50.739s][info][gc          ] GC(79) Concurrent Mark Cycle 1197.072ms
[2026-07-01T01:53:35.805+0000][51.768s][info][gc,start    ] GC(81) Pause Young (Prepare Mixed) (G1 Evacuation Pause)
[2026-07-01T01:53:35.805+0000][51.768s][info][gc,task     ] GC(81) Using 2 workers of 2 for evacuation
[2026-07-01T01:53:35.837+0000][51.800s][info][gc,phases   ] GC(81)   Pre Evacuate Collection Set: 0.42ms
[2026-07-01T01:53:35.837+0000][51.800s][info][gc,phases   ] GC(81)   Merge Heap Roots: 1.42ms
[2026-07-01T01:53:35.837+0000][51.800s][info][gc,phases   ] GC(81)   Evacuate Collection Set: 29.36ms
[2026-07-01T01:53:35.837+0000][51.800s][info][gc,phases   ] GC(81)   Post Evacuate Collection Set: 0.60ms
[2026-07-01T01:53:35.837+0000][51.800s][info][gc,phases   ] GC(81)   Other: 0.06ms
[2026-07-01T01:53:35.837+0000][51.800s][info][gc,heap     ] GC(81) Eden regions: 131->0(129)
[2026-07-01T01:53:35.837+0000][51.800s][info][gc,heap     ] GC(81) Survivor regions: 8->9(18)
[2026-07-01T01:53:35.837+0000][51.800s][info][gc,heap     ] GC(81) Old regions: 159->160
[2026-07-01T01:53:35.837+0000][51.800s][info][gc,heap     ] GC(81) Humongous regions: 3->3
[2026-07-01T01:53:35.837+0000][51.800s][info][gc,metaspace] GC(81) Metaspace: 41578K(42432K)->41578K(42432K) NonClass: 36454K(36928K)->36454K(36928K) Class: 5124K(5504K)->5124K(5504K)
[2026-07-01T01:53:35.837+0000][51.800s][info][gc          ] GC(81) Pause Young (Prepare Mixed) (G1 Evacuation Pause) 300M->170M(318M) 32.071ms
[2026-07-01T01:53:35.837+0000][51.800s][info][gc,cpu      ] GC(81) User=0.04s Sys=0.00s Real=0.03s
[2026-07-01T01:53:36.946+0000][52.908s][info][gc,start    ] GC(82) Pause Young (Mixed) (G1 Evacuation Pause)
[2026-07-01T01:53:36.946+0000][52.908s][info][gc,task     ] GC(82) Using 2 workers of 2 for evacuation
[2026-07-01T01:53:36.970+0000][52.933s][info][gc,phases   ] GC(82)   Pre Evacuate Collection Set: 0.25ms
[2026-07-01T01:53:36.970+0000][52.933s][info][gc,phases   ] GC(82)   Merge Heap Roots: 0.38ms
[2026-07-01T01:53:36.970+0000][52.933s][info][gc,phases   ] GC(82)   Evacuate Collection Set: 23.41ms
[2026-07-01T01:53:36.970+0000][52.933s][info][gc,phases   ] GC(82)   Post Evacuate Collection Set: 0.55ms
[2026-07-01T01:53:36.970+0000][52.933s][info][gc,phases   ] GC(82)   Other: 0.08ms
[2026-07-01T01:53:36.970+0000][52.933s][info][gc,heap     ] GC(82) Eden regions: 129->0(129)
[2026-07-01T01:53:36.970+0000][52.933s][info][gc,heap     ] GC(82) Survivor regions: 9->9(18)
[2026-07-01T01:53:36.970+0000][52.933s][info][gc,heap     ] GC(82) Old regions: 160->160
[2026-07-01T01:53:36.970+0000][52.933s][info][gc,heap     ] GC(82) Humongous regions: 3->3
[2026-07-01T01:53:36.970+0000][52.933s][info][gc,metaspace] GC(82) Metaspace: 41587K(42432K)->41587K(42432K) NonClass: 36463K(36928K)->36463K(36928K) Class: 5124K(5504K)->5124K(5504K)
[2026-07-01T01:53:36.970+0000][52.933s][info][gc          ] GC(82) Pause Young (Mixed) (G1 Evacuation Pause) 299M->170M(318M) 24.847ms
[2026-07-01T01:53:36.970+0000][52.933s][info][gc,cpu      ] GC(82) User=0.05s Sys=0.00s Real=0.03s
[2026-07-01T01:53:37.622+0000][53.585s][info][gc,start    ] GC(83) Pause Young (Concurrent Start) (G1 Evacuation Pause)
[2026-07-01T01:53:37.622+0000][53.585s][info][gc,task     ] GC(83) Using 2 workers of 2 for evacuation
[2026-07-01T01:53:37.638+0000][53.600s][info][gc,phases   ] GC(83)   Pre Evacuate Collection Set: 0.38ms
[2026-07-01T01:53:37.638+0000][53.600s][info][gc,phases   ] GC(83)   Merge Heap Roots: 0.32ms
[2026-07-01T01:53:37.638+0000][53.600s][info][gc,phases   ] GC(83)   Evacuate Collection Set: 14.14ms
[2026-07-01T01:53:37.638+0000][53.600s][info][gc,phases   ] GC(83)   Post Evacuate Collection Set: 0.42ms
[2026-07-01T01:53:37.638+0000][53.600s][info][gc,phases   ] GC(83)   Other: 0.07ms
[2026-07-01T01:53:37.638+0000][53.601s][info][gc,heap     ] GC(83) Eden regions: 129->0(129)
[2026-07-01T01:53:37.638+0000][53.601s][info][gc,heap     ] GC(83) Survivor regions: 9->9(18)
[2026-07-01T01:53:37.638+0000][53.601s][info][gc,heap     ] GC(83) Old regions: 160->160
[2026-07-01T01:53:37.638+0000][53.601s][info][gc,heap     ] GC(83) Humongous regions: 3->3
[2026-07-01T01:53:37.638+0000][53.601s][info][gc,metaspace] GC(83) Metaspace: 41587K(42432K)->41587K(42432K) NonClass: 36463K(36928K)->36463K(36928K) Class: 5124K(5504K)->5124K(5504K)
[2026-07-01T01:53:37.638+0000][53.601s][info][gc          ] GC(83) Pause Young (Concurrent Start) (G1 Evacuation Pause) 299M->171M(318M) 15.502ms
[2026-07-01T01:53:37.638+0000][53.601s][info][gc,cpu      ] GC(83) User=0.03s Sys=0.00s Real=0.01s
[2026-07-01T01:53:37.638+0000][53.601s][info][gc          ] GC(84) Concurrent Mark Cycle
[2026-07-01T01:53:37.638+0000][53.601s][info][gc,marking  ] GC(84) Concurrent Scan Root Regions
[2026-07-01T01:53:37.674+0000][53.636s][info][gc,marking  ] GC(84) Concurrent Scan Root Regions 35.856ms
[2026-07-01T01:53:37.674+0000][53.637s][info][gc,marking  ] GC(84) Concurrent Mark
[2026-07-01T01:53:37.674+0000][53.637s][info][gc,marking  ] GC(84) Concurrent Mark From Roots
[2026-07-01T01:53:37.674+0000][53.637s][info][gc,task     ] GC(84) Using 1 workers of 1 for marking
[2026-07-01T01:53:38.289+0000][54.251s][info][gc,marking  ] GC(84) Concurrent Mark From Roots 614.819ms
[2026-07-01T01:53:38.289+0000][54.251s][info][gc,marking  ] GC(84) Concurrent Preclean
[2026-07-01T01:53:38.289+0000][54.251s][info][gc,marking  ] GC(84) Concurrent Preclean 0.076ms
[2026-07-01T01:53:38.289+0000][54.252s][info][gc,start    ] GC(84) Pause Remark
[2026-07-01T01:53:38.297+0000][54.259s][info][gc          ] GC(84) Pause Remark 288M->288M(318M) 7.578ms
[2026-07-01T01:53:38.297+0000][54.259s][info][gc,cpu      ] GC(84) User=0.01s Sys=0.01s Real=0.00s
[2026-07-01T01:53:38.301+0000][54.264s][info][gc,marking  ] GC(84) Concurrent Mark 627.268ms
[2026-07-01T01:53:38.301+0000][54.264s][info][gc,marking  ] GC(84) Concurrent Rebuild Remembered Sets and Scrub Regions
[2026-07-01T01:53:38.365+0000][54.328s][info][gc,start    ] GC(85) Pause Young (Normal) (G1 Evacuation Pause)
[2026-07-01T01:53:38.366+0000][54.328s][info][gc,task     ] GC(85) Using 2 workers of 2 for evacuation
[2026-07-01T01:53:38.381+0000][54.344s][info][gc,phases   ] GC(85)   Pre Evacuate Collection Set: 0.12ms
[2026-07-01T01:53:38.381+0000][54.344s][info][gc,phases   ] GC(85)   Merge Heap Roots: 0.31ms
[2026-07-01T01:53:38.381+0000][54.344s][info][gc,phases   ] GC(85)   Evacuate Collection Set: 14.92ms
[2026-07-01T01:53:38.381+0000][54.344s][info][gc,phases   ] GC(85)   Post Evacuate Collection Set: 0.49ms
[2026-07-01T01:53:38.381+0000][54.344s][info][gc,phases   ] GC(85)   Other: 0.06ms
[2026-07-01T01:53:38.381+0000][54.344s][info][gc,heap     ] GC(85) Eden regions: 129->0(128)
[2026-07-01T01:53:38.381+0000][54.344s][info][gc,heap     ] GC(85) Survivor regions: 9->9(18)
[2026-07-01T01:53:38.381+0000][54.344s][info][gc,heap     ] GC(85) Old regions: 160->161
[2026-07-01T01:53:38.381+0000][54.344s][info][gc,heap     ] GC(85) Humongous regions: 3->3
[2026-07-01T01:53:38.381+0000][54.344s][info][gc,metaspace] GC(85) Metaspace: 41587K(42432K)->41587K(42432K) NonClass: 36463K(36928K)->36463K(36928K) Class: 5124K(5504K)->5124K(5504K)
[2026-07-01T01:53:38.382+0000][54.344s][info][gc          ] GC(85) Pause Young (Normal) (G1 Evacuation Pause) 300M->171M(318M) 16.047ms
[2026-07-01T01:53:38.382+0000][54.344s][info][gc,cpu      ] GC(85) User=0.03s Sys=0.00s Real=0.02s
[2026-07-01T01:53:38.482+0000][54.444s][info][gc,marking  ] GC(84) Concurrent Rebuild Remembered Sets and Scrub Regions 180.374ms
[2026-07-01T01:53:38.483+0000][54.445s][info][gc,start    ] GC(84) Pause Cleanup
[2026-07-01T01:53:38.483+0000][54.446s][info][gc          ] GC(84) Pause Cleanup 187M->187M(318M) 0.178ms
[2026-07-01T01:53:38.483+0000][54.446s][info][gc,cpu      ] GC(84) User=0.00s Sys=0.00s Real=0.00s
[2026-07-01T01:53:38.483+0000][54.446s][info][gc,marking  ] GC(84) Concurrent Clear Claimed Marks
[2026-07-01T01:53:38.483+0000][54.446s][info][gc,marking  ] GC(84) Concurrent Clear Claimed Marks 0.096ms
[2026-07-01T01:53:38.483+0000][54.446s][info][gc,marking  ] GC(84) Concurrent Cleanup for Next Mark
[2026-07-01T01:53:38.484+0000][54.447s][info][gc,marking  ] GC(84) Concurrent Cleanup for Next Mark 0.513ms
[2026-07-01T01:53:38.484+0000][54.447s][info][gc          ] GC(84) Concurrent Mark Cycle 845.948ms
[2026-07-01T01:53:39.019+0000][54.982s][info][gc,start    ] GC(86) Pause Young (Prepare Mixed) (G1 Evacuation Pause)
[2026-07-01T01:53:39.019+0000][54.982s][info][gc,task     ] GC(86) Using 2 workers of 2 for evacuation
[2026-07-01T01:53:39.041+0000][55.004s][info][gc,phases   ] GC(86)   Pre Evacuate Collection Set: 0.24ms
[2026-07-01T01:53:39.041+0000][55.004s][info][gc,phases   ] GC(86)   Merge Heap Roots: 0.46ms
[2026-07-01T01:53:39.041+0000][55.004s][info][gc,phases   ] GC(86)   Evacuate Collection Set: 20.89ms
[2026-07-01T01:53:39.041+0000][55.004s][info][gc,phases   ] GC(86)   Post Evacuate Collection Set: 0.49ms
[2026-07-01T01:53:39.041+0000][55.004s][info][gc,phases   ] GC(86)   Other: 0.06ms
[2026-07-01T01:53:39.041+0000][55.004s][info][gc,heap     ] GC(86) Eden regions: 128->0(128)
[2026-07-01T01:53:39.041+0000][55.004s][info][gc,heap     ] GC(86) Survivor regions: 9->9(18)
[2026-07-01T01:53:39.041+0000][55.004s][info][gc,heap     ] GC(86) Old regions: 161->161
[2026-07-01T01:53:39.041+0000][55.004s][info][gc,heap     ] GC(86) Humongous regions: 3->3
[2026-07-01T01:53:39.041+0000][55.004s][info][gc,metaspace] GC(86) Metaspace: 41594K(42432K)->41594K(42432K) NonClass: 36469K(36928K)->36469K(36928K) Class: 5124K(5504K)->5124K(5504K)
[2026-07-01T01:53:39.041+0000][55.004s][info][gc          ] GC(86) Pause Young (Prepare Mixed) (G1 Evacuation Pause) 299M->172M(318M) 22.303ms
[2026-07-01T01:53:39.042+0000][55.004s][info][gc,cpu      ] GC(86) User=0.04s Sys=0.00s Real=0.02s
[2026-07-01T01:53:39.775+0000][55.737s][info][gc,start    ] GC(87) Pause Young (Mixed) (G1 Evacuation Pause)
[2026-07-01T01:53:39.775+0000][55.737s][info][gc,task     ] GC(87) Using 2 workers of 2 for evacuation
[2026-07-01T01:53:39.824+0000][55.787s][info][gc,phases   ] GC(87)   Pre Evacuate Collection Set: 0.24ms
[2026-07-01T01:53:39.824+0000][55.787s][info][gc,phases   ] GC(87)   Merge Heap Roots: 0.62ms
[2026-07-01T01:53:39.824+0000][55.787s][info][gc,phases   ] GC(87)   Evacuate Collection Set: 47.74ms
[2026-07-01T01:53:39.824+0000][55.787s][info][gc,phases   ] GC(87)   Post Evacuate Collection Set: 0.51ms
[2026-07-01T01:53:39.824+0000][55.787s][info][gc,phases   ] GC(87)   Other: 0.06ms
[2026-07-01T01:53:39.824+0000][55.787s][info][gc,heap     ] GC(87) Eden regions: 128->0(128)
[2026-07-01T01:53:39.824+0000][55.787s][info][gc,heap     ] GC(87) Survivor regions: 9->9(18)
[2026-07-01T01:53:39.824+0000][55.787s][info][gc,heap     ] GC(87) Old regions: 161->161
[2026-07-01T01:53:39.824+0000][55.787s][info][gc,heap     ] GC(87) Humongous regions: 3->3
[2026-07-01T01:53:39.824+0000][55.787s][info][gc,metaspace] GC(87) Metaspace: 41595K(42432K)->41595K(42432K) NonClass: 36470K(36928K)->36470K(36928K) Class: 5124K(5504K)->5124K(5504K)
[2026-07-01T01:53:39.824+0000][55.787s][info][gc          ] GC(87) Pause Young (Mixed) (G1 Evacuation Pause) 300M->172M(318M) 49.397ms
[2026-07-01T01:53:39.824+0000][55.787s][info][gc,cpu      ] GC(87) User=0.04s Sys=0.00s Real=0.05s
[2026-07-01T01:53:40.757+0000][56.719s][info][gc,start    ] GC(88) Pause Young (Concurrent Start) (G1 Evacuation Pause)
[2026-07-01T01:53:40.757+0000][56.719s][info][gc,task     ] GC(88) Using 2 workers of 2 for evacuation
[2026-07-01T01:53:40.804+0000][56.767s][info][gc,phases   ] GC(88)   Pre Evacuate Collection Set: 0.27ms
[2026-07-01T01:53:40.804+0000][56.767s][info][gc,phases   ] GC(88)   Merge Heap Roots: 0.51ms
[2026-07-01T01:53:40.804+0000][56.767s][info][gc,phases   ] GC(88)   Evacuate Collection Set: 45.50ms
[2026-07-01T01:53:40.804+0000][56.767s][info][gc,phases   ] GC(88)   Post Evacuate Collection Set: 1.28ms
[2026-07-01T01:53:40.804+0000][56.767s][info][gc,phases   ] GC(88)   Other: 0.09ms
[2026-07-01T01:53:40.804+0000][56.767s][info][gc,heap     ] GC(88) Eden regions: 128->0(127)
[2026-07-01T01:53:40.804+0000][56.767s][info][gc,heap     ] GC(88) Survivor regions: 9->9(18)
[2026-07-01T01:53:40.804+0000][56.767s][info][gc,heap     ] GC(88) Old regions: 161->162
[2026-07-01T01:53:40.804+0000][56.767s][info][gc,heap     ] GC(88) Humongous regions: 3->3
[2026-07-01T01:53:40.804+0000][56.767s][info][gc,metaspace] GC(88) Metaspace: 41596K(42432K)->41596K(42432K) NonClass: 36472K(36928K)->36472K(36928K) Class: 5124K(5504K)->5124K(5504K)
[2026-07-01T01:53:40.804+0000][56.767s][info][gc          ] GC(88) Pause Young (Concurrent Start) (G1 Evacuation Pause) 300M->173M(318M) 47.920ms
[2026-07-01T01:53:40.805+0000][56.767s][info][gc          ] GC(89) Concurrent Mark Cycle
[2026-07-01T01:53:40.805+0000][56.767s][info][gc,cpu      ] GC(88) User=0.04s Sys=0.00s Real=0.05s
[2026-07-01T01:53:40.805+0000][56.767s][info][gc,marking  ] GC(89) Concurrent Scan Root Regions
[2026-07-01T01:53:40.831+0000][56.794s][info][gc,marking  ] GC(89) Concurrent Scan Root Regions 26.566ms
[2026-07-01T01:53:40.831+0000][56.794s][info][gc,marking  ] GC(89) Concurrent Mark
[2026-07-01T01:53:40.831+0000][56.794s][info][gc,marking  ] GC(89) Concurrent Mark From Roots
[2026-07-01T01:53:40.831+0000][56.794s][info][gc,task     ] GC(89) Using 1 workers of 1 for marking
[2026-07-01T01:53:41.241+0000][57.203s][info][gc,marking  ] GC(89) Concurrent Mark From Roots 409.317ms
[2026-07-01T01:53:41.241+0000][57.203s][info][gc,marking  ] GC(89) Concurrent Preclean
[2026-07-01T01:53:41.241+0000][57.203s][info][gc,marking  ] GC(89) Concurrent Preclean 0.103ms
[2026-07-01T01:53:41.241+0000][57.204s][info][gc,start    ] GC(89) Pause Remark
[2026-07-01T01:53:41.248+0000][57.211s][info][gc          ] GC(89) Pause Remark 222M->222M(318M) 7.412ms
[2026-07-01T01:53:41.248+0000][57.211s][info][gc,cpu      ] GC(89) User=0.01s Sys=0.00s Real=0.01s
[2026-07-01T01:53:41.252+0000][57.215s][info][gc,marking  ] GC(89) Concurrent Mark 420.706ms
[2026-07-01T01:53:41.252+0000][57.215s][info][gc,marking  ] GC(89) Concurrent Rebuild Remembered Sets and Scrub Regions
[2026-07-01T01:53:41.391+0000][57.354s][info][gc,marking  ] GC(89) Concurrent Rebuild Remembered Sets and Scrub Regions 139.257ms
[2026-07-01T01:53:41.391+0000][57.354s][info][gc,start    ] GC(89) Pause Cleanup
[2026-07-01T01:53:41.392+0000][57.354s][info][gc          ] GC(89) Pause Cleanup 238M->238M(318M) 0.169ms
[2026-07-01T01:53:41.392+0000][57.354s][info][gc,cpu      ] GC(89) User=0.00s Sys=0.00s Real=0.00s
[2026-07-01T01:53:41.392+0000][57.355s][info][gc,marking  ] GC(89) Concurrent Clear Claimed Marks
[2026-07-01T01:53:41.392+0000][57.355s][info][gc,marking  ] GC(89) Concurrent Clear Claimed Marks 0.118ms
[2026-07-01T01:53:41.392+0000][57.355s][info][gc,marking  ] GC(89) Concurrent Cleanup for Next Mark
[2026-07-01T01:53:41.393+0000][57.355s][info][gc,marking  ] GC(89) Concurrent Cleanup for Next Mark 0.681ms
[2026-07-01T01:53:41.393+0000][57.355s][info][gc          ] GC(89) Concurrent Mark Cycle 588.300ms
[2026-07-01T01:53:41.870+0000][57.833s][info][gc,start    ] GC(90) Pause Young (Prepare Mixed) (G1 Evacuation Pause)
[2026-07-01T01:53:41.870+0000][57.833s][info][gc,task     ] GC(90) Using 2 workers of 2 for evacuation
[2026-07-01T01:53:41.918+0000][57.881s][info][gc,phases   ] GC(90)   Pre Evacuate Collection Set: 0.20ms
[2026-07-01T01:53:41.918+0000][57.881s][info][gc,phases   ] GC(90)   Merge Heap Roots: 0.95ms
[2026-07-01T01:53:41.918+0000][57.881s][info][gc,phases   ] GC(90)   Evacuate Collection Set: 45.57ms
[2026-07-01T01:53:41.918+0000][57.881s][info][gc,phases   ] GC(90)   Post Evacuate Collection Set: 0.82ms
[2026-07-01T01:53:41.918+0000][57.881s][info][gc,phases   ] GC(90)   Other: 0.07ms
[2026-07-01T01:53:41.918+0000][57.881s][info][gc,heap     ] GC(90) Eden regions: 127->0(127)
[2026-07-01T01:53:41.918+0000][57.881s][info][gc,heap     ] GC(90) Survivor regions: 9->8(17)
[2026-07-01T01:53:41.918+0000][57.881s][info][gc,heap     ] GC(90) Old regions: 162->163
[2026-07-01T01:53:41.918+0000][57.881s][info][gc,heap     ] GC(90) Humongous regions: 3->3
[2026-07-01T01:53:41.918+0000][57.881s][info][gc,metaspace] GC(90) Metaspace: 41598K(42432K)->41598K(42432K) NonClass: 36473K(36928K)->36473K(36928K) Class: 5124K(5504K)->5124K(5504K)
[2026-07-01T01:53:41.918+0000][57.881s][info][gc          ] GC(90) Pause Young (Prepare Mixed) (G1 Evacuation Pause) 300M->173M(318M) 47.801ms
[2026-07-01T01:53:41.918+0000][57.881s][info][gc,cpu      ] GC(90) User=0.04s Sys=0.00s Real=0.05s
[2026-07-01T01:53:42.646+0000][58.608s][info][gc,start    ] GC(91) Pause Young (Mixed) (G1 Evacuation Pause)
[2026-07-01T01:53:42.646+0000][58.608s][info][gc,task     ] GC(91) Using 2 workers of 2 for evacuation
[2026-07-01T01:53:42.668+0000][58.631s][info][gc,phases   ] GC(91)   Pre Evacuate Collection Set: 0.22ms
[2026-07-01T01:53:42.668+0000][58.631s][info][gc,phases   ] GC(91)   Merge Heap Roots: 0.53ms
[2026-07-01T01:53:42.668+0000][58.631s][info][gc,phases   ] GC(91)   Evacuate Collection Set: 21.12ms
[2026-07-01T01:53:42.668+0000][58.631s][info][gc,phases   ] GC(91)   Post Evacuate Collection Set: 0.44ms
[2026-07-01T01:53:42.668+0000][58.631s][info][gc,phases   ] GC(91)   Other: 0.05ms
[2026-07-01T01:53:42.668+0000][58.631s][info][gc,heap     ] GC(91) Eden regions: 127->0(126)
[2026-07-01T01:53:42.668+0000][58.631s][info][gc,heap     ] GC(91) Survivor regions: 8->9(17)
[2026-07-01T01:53:42.668+0000][58.631s][info][gc,heap     ] GC(91) Old regions: 163->163
[2026-07-01T01:53:42.668+0000][58.631s][info][gc,heap     ] GC(91) Humongous regions: 3->3
[2026-07-01T01:53:42.668+0000][58.631s][info][gc,metaspace] GC(91) Metaspace: 41598K(42432K)->41598K(42432K) NonClass: 36473K(36928K)->36473K(36928K) Class: 5124K(5504K)->5124K(5504K)
[2026-07-01T01:53:42.668+0000][58.631s][info][gc          ] GC(91) Pause Young (Mixed) (G1 Evacuation Pause) 300M->173M(318M) 22.532ms
[2026-07-01T01:53:42.668+0000][58.631s][info][gc,cpu      ] GC(91) User=0.04s Sys=0.00s Real=0.03s
[2026-07-01T01:53:43.265+0000][59.228s][info][gc,start    ] GC(92) Pause Young (Concurrent Start) (G1 Evacuation Pause)
[2026-07-01T01:53:43.265+0000][59.228s][info][gc,task     ] GC(92) Using 2 workers of 2 for evacuation
[2026-07-01T01:53:43.281+0000][59.243s][info][gc,phases   ] GC(92)   Pre Evacuate Collection Set: 0.20ms
[2026-07-01T01:53:43.281+0000][59.243s][info][gc,phases   ] GC(92)   Merge Heap Roots: 0.40ms
[2026-07-01T01:53:43.281+0000][59.243s][info][gc,phases   ] GC(92)   Evacuate Collection Set: 14.47ms
[2026-07-01T01:53:43.281+0000][59.243s][info][gc,phases   ] GC(92)   Post Evacuate Collection Set: 0.42ms
[2026-07-01T01:53:43.281+0000][59.243s][info][gc,phases   ] GC(92)   Other: 0.09ms
[2026-07-01T01:53:43.281+0000][59.243s][info][gc,heap     ] GC(92) Eden regions: 126->0(126)
[2026-07-01T01:53:43.281+0000][59.243s][info][gc,heap     ] GC(92) Survivor regions: 9->9(17)
[2026-07-01T01:53:43.281+0000][59.243s][info][gc,heap     ] GC(92) Old regions: 163->163
[2026-07-01T01:53:43.281+0000][59.243s][info][gc,heap     ] GC(92) Humongous regions: 3->3
[2026-07-01T01:53:43.281+0000][59.243s][info][gc,metaspace] GC(92) Metaspace: 41599K(42432K)->41599K(42432K) NonClass: 36474K(36928K)->36474K(36928K) Class: 5124K(5504K)->5124K(5504K)
[2026-07-01T01:53:43.281+0000][59.243s][info][gc          ] GC(92) Pause Young (Concurrent Start) (G1 Evacuation Pause) 299M->174M(318M) 15.775ms
[2026-07-01T01:53:43.281+0000][59.244s][info][gc          ] GC(93) Concurrent Mark Cycle
[2026-07-01T01:53:43.281+0000][59.244s][info][gc,marking  ] GC(93) Concurrent Scan Root Regions
[2026-07-01T01:53:43.281+0000][59.244s][info][gc,cpu      ] GC(92) User=0.03s Sys=0.00s Real=0.02s
[2026-07-01T01:53:43.314+0000][59.277s][info][gc,marking  ] GC(93) Concurrent Scan Root Regions 33.068ms
[2026-07-01T01:53:43.314+0000][59.277s][info][gc,marking  ] GC(93) Concurrent Mark
[2026-07-01T01:53:43.314+0000][59.277s][info][gc,marking  ] GC(93) Concurrent Mark From Roots
[2026-07-01T01:53:43.314+0000][59.277s][info][gc,task     ] GC(93) Using 1 workers of 1 for marking
[2026-07-01T01:53:43.906+0000][59.869s][info][gc,marking  ] GC(93) Concurrent Mark From Roots 592.280ms
[2026-07-01T01:53:43.906+0000][59.869s][info][gc,marking  ] GC(93) Concurrent Preclean
[2026-07-01T01:53:43.906+0000][59.869s][info][gc,marking  ] GC(93) Concurrent Preclean 0.064ms
[2026-07-01T01:53:43.906+0000][59.869s][info][gc,start    ] GC(93) Pause Remark
[2026-07-01T01:53:43.913+0000][59.876s][info][gc          ] GC(93) Pause Remark 287M->287M(318M) 6.387ms
[2026-07-01T01:53:43.913+0000][59.876s][info][gc,cpu      ] GC(93) User=0.02s Sys=0.00s Real=0.01s
[2026-07-01T01:53:43.914+0000][59.877s][info][gc,marking  ] GC(93) Concurrent Mark 600.393ms
[2026-07-01T01:53:43.914+0000][59.877s][info][gc,marking  ] GC(93) Concurrent Rebuild Remembered Sets and Scrub Regions
[2026-07-01T01:53:43.991+0000][59.953s][info][gc,start    ] GC(94) Pause Young (Normal) (G1 Evacuation Pause)
[2026-07-01T01:53:43.991+0000][59.953s][info][gc,task     ] GC(94) Using 2 workers of 2 for evacuation
[2026-07-01T01:53:44.007+0000][59.970s][info][gc,phases   ] GC(94)   Pre Evacuate Collection Set: 0.15ms
[2026-07-01T01:53:44.007+0000][59.970s][info][gc,phases   ] GC(94)   Merge Heap Roots: 0.46ms
[2026-07-01T01:53:44.007+0000][59.970s][info][gc,phases   ] GC(94)   Evacuate Collection Set: 15.14ms
[2026-07-01T01:53:44.007+0000][59.970s][info][gc,phases   ] GC(94)   Post Evacuate Collection Set: 0.45ms
[2026-07-01T01:53:44.007+0000][59.970s][info][gc,phases   ] GC(94)   Other: 0.09ms
[2026-07-01T01:53:44.007+0000][59.970s][info][gc,heap     ] GC(94) Eden regions: 126->0(126)
[2026-07-01T01:53:44.007+0000][59.970s][info][gc,heap     ] GC(94) Survivor regions: 9->8(17)
[2026-07-01T01:53:44.007+0000][59.970s][info][gc,heap     ] GC(94) Old regions: 163->164
[2026-07-01T01:53:44.007+0000][59.970s][info][gc,heap     ] GC(94) Humongous regions: 3->3
[2026-07-01T01:53:44.007+0000][59.970s][info][gc,metaspace] GC(94) Metaspace: 41599K(42432K)->41599K(42432K) NonClass: 36474K(36928K)->36474K(36928K) Class: 5124K(5504K)->5124K(5504K)
[2026-07-01T01:53:44.007+0000][59.970s][info][gc          ] GC(94) Pause Young (Normal) (G1 Evacuation Pause) 300M->174M(318M) 16.456ms
[2026-07-01T01:53:44.007+0000][59.970s][info][gc,cpu      ] GC(94) User=0.03s Sys=0.00s Real=0.01s
[2026-07-01T01:53:44.120+0000][60.083s][info][gc,marking  ] GC(93) Concurrent Rebuild Remembered Sets and Scrub Regions 205.618ms
[2026-07-01T01:53:44.120+0000][60.083s][info][gc,start    ] GC(93) Pause Cleanup
[2026-07-01T01:53:44.120+0000][60.083s][info][gc          ] GC(93) Pause Cleanup 196M->196M(318M) 0.188ms
[2026-07-01T01:53:44.120+0000][60.083s][info][gc,cpu      ] GC(93) User=0.00s Sys=0.00s Real=0.00s
[2026-07-01T01:53:44.121+0000][60.083s][info][gc,marking  ] GC(93) Concurrent Clear Claimed Marks
[2026-07-01T01:53:44.121+0000][60.083s][info][gc,marking  ] GC(93) Concurrent Clear Claimed Marks 0.091ms
[2026-07-01T01:53:44.121+0000][60.083s][info][gc,marking  ] GC(93) Concurrent Cleanup for Next Mark
[2026-07-01T01:53:44.123+0000][60.085s][info][gc,marking  ] GC(93) Concurrent Cleanup for Next Mark 1.953ms
[2026-07-01T01:53:44.123+0000][60.085s][info][gc          ] GC(93) Concurrent Mark Cycle 841.945ms
[2026-07-01T01:53:44.629+0000][60.592s][info][gc,start    ] GC(95) Pause Young (Prepare Mixed) (G1 Evacuation Pause)
[2026-07-01T01:53:44.629+0000][60.592s][info][gc,task     ] GC(95) Using 2 workers of 2 for evacuation
[2026-07-01T01:53:44.645+0000][60.607s][info][gc,phases   ] GC(95)   Pre Evacuate Collection Set: 0.13ms
[2026-07-01T01:53:44.645+0000][60.607s][info][gc,phases   ] GC(95)   Merge Heap Roots: 0.36ms
[2026-07-01T01:53:44.645+0000][60.607s][info][gc,phases   ] GC(95)   Evacuate Collection Set: 14.68ms
[2026-07-01T01:53:44.645+0000][60.607s][info][gc,phases   ] GC(95)   Post Evacuate Collection Set: 0.48ms
[2026-07-01T01:53:44.645+0000][60.607s][info][gc,phases   ] GC(95)   Other: 0.05ms
[2026-07-01T01:53:44.645+0000][60.607s][info][gc,heap     ] GC(95) Eden regions: 126->0(125)
[2026-07-01T01:53:44.645+0000][60.607s][info][gc,heap     ] GC(95) Survivor regions: 8->9(17)
[2026-07-01T01:53:44.645+0000][60.607s][info][gc,heap     ] GC(95) Old regions: 164->164
[2026-07-01T01:53:44.645+0000][60.607s][info][gc,heap     ] GC(95) Humongous regions: 3->3
[2026-07-01T01:53:44.645+0000][60.607s][info][gc,metaspace] GC(95) Metaspace: 41599K(42432K)->41599K(42432K) NonClass: 36474K(36928K)->36474K(36928K) Class: 5124K(5504K)->5124K(5504K)
[2026-07-01T01:53:44.645+0000][60.607s][info][gc          ] GC(95) Pause Young (Prepare Mixed) (G1 Evacuation Pause) 300M->175M(318M) 15.875ms
[2026-07-01T01:53:44.645+0000][60.607s][info][gc,cpu      ] GC(95) User=0.03s Sys=0.00s Real=0.01s
[2026-07-01T01:53:45.247+0000][61.209s][info][gc,start    ] GC(96) Pause Young (Mixed) (G1 Evacuation Pause)
[2026-07-01T01:53:45.247+0000][61.210s][info][gc,task     ] GC(96) Using 2 workers of 2 for evacuation
[2026-07-01T01:53:45.269+0000][61.232s][info][gc,phases   ] GC(96)   Pre Evacuate Collection Set: 0.14ms
[2026-07-01T01:53:45.269+0000][61.232s][info][gc,phases   ] GC(96)   Merge Heap Roots: 0.35ms
[2026-07-01T01:53:45.269+0000][61.232s][info][gc,phases   ] GC(96)   Evacuate Collection Set: 21.64ms
[2026-07-01T01:53:45.269+0000][61.232s][info][gc,phases   ] GC(96)   Post Evacuate Collection Set: 0.42ms
[2026-07-01T01:53:45.269+0000][61.232s][info][gc,phases   ] GC(96)   Other: 0.05ms
[2026-07-01T01:53:45.269+0000][61.232s][info][gc,heap     ] GC(96) Eden regions: 125->0(125)
[2026-07-01T01:53:45.269+0000][61.232s][info][gc,heap     ] GC(96) Survivor regions: 9->9(17)
[2026-07-01T01:53:45.270+0000][61.232s][info][gc,heap     ] GC(96) Old regions: 164->164
[2026-07-01T01:53:45.270+0000][61.232s][info][gc,heap     ] GC(96) Humongous regions: 3->3
[2026-07-01T01:53:45.270+0000][61.232s][info][gc,metaspace] GC(96) Metaspace: 41599K(42432K)->41599K(42432K) NonClass: 36475K(36928K)->36475K(36928K) Class: 5124K(5504K)->5124K(5504K)
[2026-07-01T01:53:45.270+0000][61.232s][info][gc          ] GC(96) Pause Young (Mixed) (G1 Evacuation Pause) 300M->175M(318M) 22.769ms
[2026-07-01T01:53:45.270+0000][61.232s][info][gc,cpu      ] GC(96) User=0.04s Sys=0.00s Real=0.03s
[2026-07-01T01:53:45.921+0000][61.884s][info][gc,start    ] GC(97) Pause Young (Concurrent Start) (G1 Evacuation Pause)
[2026-07-01T01:53:45.921+0000][61.884s][info][gc,task     ] GC(97) Using 2 workers of 2 for evacuation
[2026-07-01T01:53:45.971+0000][61.933s][info][gc,phases   ] GC(97)   Pre Evacuate Collection Set: 0.19ms
[2026-07-01T01:53:45.971+0000][61.933s][info][gc,phases   ] GC(97)   Merge Heap Roots: 0.48ms
[2026-07-01T01:53:45.971+0000][61.933s][info][gc,phases   ] GC(97)   Evacuate Collection Set: 48.19ms
[2026-07-01T01:53:45.971+0000][61.934s][info][gc,phases   ] GC(97)   Post Evacuate Collection Set: 0.77ms
[2026-07-01T01:53:45.971+0000][61.934s][info][gc,phases   ] GC(97)   Other: 0.08ms
[2026-07-01T01:53:45.971+0000][61.934s][info][gc,heap     ] GC(97) Eden regions: 125->0(124)
[2026-07-01T01:53:45.971+0000][61.934s][info][gc,heap     ] GC(97) Survivor regions: 9->9(17)
[2026-07-01T01:53:45.971+0000][61.934s][info][gc,heap     ] GC(97) Old regions: 164->165
[2026-07-01T01:53:45.971+0000][61.934s][info][gc,heap     ] GC(97) Humongous regions: 3->3
[2026-07-01T01:53:45.971+0000][61.934s][info][gc,metaspace] GC(97) Metaspace: 41602K(42432K)->41602K(42432K) NonClass: 36477K(36928K)->36477K(36928K) Class: 5124K(5504K)->5124K(5504K)
[2026-07-01T01:53:45.971+0000][61.934s][info][gc          ] GC(97) Pause Young (Concurrent Start) (G1 Evacuation Pause) 300M->175M(318M) 49.925ms
[2026-07-01T01:53:45.971+0000][61.934s][info][gc          ] GC(98) Concurrent Mark Cycle
[2026-07-01T01:53:45.971+0000][61.934s][info][gc,marking  ] GC(98) Concurrent Scan Root Regions
[2026-07-01T01:53:45.971+0000][61.934s][info][gc,cpu      ] GC(97) User=0.05s Sys=0.00s Real=0.05s
[2026-07-01T01:53:45.994+0000][61.956s][info][gc,marking  ] GC(98) Concurrent Scan Root Regions 22.659ms
[2026-07-01T01:53:45.994+0000][61.956s][info][gc,marking  ] GC(98) Concurrent Mark
[2026-07-01T01:53:45.994+0000][61.956s][info][gc,marking  ] GC(98) Concurrent Mark From Roots
[2026-07-01T01:53:45.994+0000][61.956s][info][gc,task     ] GC(98) Using 1 workers of 1 for marking
[2026-07-01T01:53:46.371+0000][62.334s][info][gc,marking  ] GC(98) Concurrent Mark From Roots 377.432ms
[2026-07-01T01:53:46.371+0000][62.334s][info][gc,marking  ] GC(98) Concurrent Preclean
[2026-07-01T01:53:46.371+0000][62.334s][info][gc,marking  ] GC(98) Concurrent Preclean 0.075ms
[2026-07-01T01:53:46.371+0000][62.334s][info][gc,start    ] GC(98) Pause Remark
[2026-07-01T01:53:46.386+0000][62.348s][info][gc          ] GC(98) Pause Remark 220M->220M(318M) 14.218ms
[2026-07-01T01:53:46.386+0000][62.348s][info][gc,cpu      ] GC(98) User=0.01s Sys=0.00s Real=0.01s
[2026-07-01T01:53:46.387+0000][62.350s][info][gc,marking  ] GC(98) Concurrent Mark 393.797ms
[2026-07-01T01:53:46.387+0000][62.350s][info][gc,marking  ] GC(98) Concurrent Rebuild Remembered Sets and Scrub Regions
[2026-07-01T01:53:46.517+0000][62.480s][info][gc,marking  ] GC(98) Concurrent Rebuild Remembered Sets and Scrub Regions 129.986ms
[2026-07-01T01:53:46.518+0000][62.480s][info][gc,start    ] GC(98) Pause Cleanup
[2026-07-01T01:53:46.518+0000][62.481s][info][gc          ] GC(98) Pause Cleanup 234M->234M(318M) 0.189ms
[2026-07-01T01:53:46.518+0000][62.481s][info][gc,cpu      ] GC(98) User=0.00s Sys=0.00s Real=0.00s
[2026-07-01T01:53:46.518+0000][62.481s][info][gc,marking  ] GC(98) Concurrent Clear Claimed Marks
[2026-07-01T01:53:46.518+0000][62.481s][info][gc,marking  ] GC(98) Concurrent Clear Claimed Marks 0.078ms
[2026-07-01T01:53:46.518+0000][62.481s][info][gc,marking  ] GC(98) Concurrent Cleanup for Next Mark
[2026-07-01T01:53:46.519+0000][62.481s][info][gc,marking  ] GC(98) Concurrent Cleanup for Next Mark 0.686ms
[2026-07-01T01:53:46.519+0000][62.481s][info][gc          ] GC(98) Concurrent Mark Cycle 547.730ms
[2026-07-01T01:53:47.044+0000][63.007s][info][gc,start    ] GC(99) Pause Young (Prepare Mixed) (G1 Evacuation Pause)
[2026-07-01T01:53:47.044+0000][63.007s][info][gc,task     ] GC(99) Using 2 workers of 2 for evacuation
[2026-07-01T01:53:47.078+0000][63.041s][info][gc,phases   ] GC(99)   Pre Evacuate Collection Set: 0.18ms
[2026-07-01T01:53:47.078+0000][63.041s][info][gc,phases   ] GC(99)   Merge Heap Roots: 0.89ms
[2026-07-01T01:53:47.078+0000][63.041s][info][gc,phases   ] GC(99)   Evacuate Collection Set: 32.54ms
[2026-07-01T01:53:47.078+0000][63.041s][info][gc,phases   ] GC(99)   Post Evacuate Collection Set: 0.50ms
[2026-07-01T01:53:47.078+0000][63.041s][info][gc,phases   ] GC(99)   Other: 0.07ms
[2026-07-01T01:53:47.078+0000][63.041s][info][gc,heap     ] GC(99) Eden regions: 124->0(124)
[2026-07-01T01:53:47.078+0000][63.041s][info][gc,heap     ] GC(99) Survivor regions: 9->9(17)
[2026-07-01T01:53:47.078+0000][63.041s][info][gc,heap     ] GC(99) Old regions: 165->165
[2026-07-01T01:53:47.078+0000][63.041s][info][gc,heap     ] GC(99) Humongous regions: 3->3
[2026-07-01T01:53:47.078+0000][63.041s][info][gc,metaspace] GC(99) Metaspace: 41607K(42432K)->41607K(42432K) NonClass: 36482K(36928K)->36482K(36928K) Class: 5124K(5504K)->5124K(5504K)
[2026-07-01T01:53:47.078+0000][63.041s][info][gc          ] GC(99) Pause Young (Prepare Mixed) (G1 Evacuation Pause) 299M->176M(318M) 34.381ms
[2026-07-01T01:53:47.078+0000][63.041s][info][gc,cpu      ] GC(99) User=0.04s Sys=0.00s Real=0.04s
[2026-07-01T01:53:48.038+0000][64.001s][info][gc,start    ] GC(100) Pause Young (Mixed) (G1 Evacuation Pause)
[2026-07-01T01:53:48.038+0000][64.001s][info][gc,task     ] GC(100) Using 2 workers of 2 for evacuation
[2026-07-01T01:53:48.061+0000][64.023s][info][gc,phases   ] GC(100)   Pre Evacuate Collection Set: 0.14ms
[2026-07-01T01:53:48.061+0000][64.023s][info][gc,phases   ] GC(100)   Merge Heap Roots: 0.30ms
[2026-07-01T01:53:48.061+0000][64.023s][info][gc,phases   ] GC(100)   Evacuate Collection Set: 21.86ms
[2026-07-01T01:53:48.061+0000][64.023s][info][gc,phases   ] GC(100)   Post Evacuate Collection Set: 0.46ms
[2026-07-01T01:53:48.061+0000][64.023s][info][gc,phases   ] GC(100)   Other: 0.07ms
[2026-07-01T01:53:48.061+0000][64.024s][info][gc,heap     ] GC(100) Eden regions: 124->0(124)
[2026-07-01T01:53:48.061+0000][64.024s][info][gc,heap     ] GC(100) Survivor regions: 9->8(17)
[2026-07-01T01:53:48.061+0000][64.024s][info][gc,heap     ] GC(100) Old regions: 165->166
[2026-07-01T01:53:48.061+0000][64.024s][info][gc,heap     ] GC(100) Humongous regions: 3->3
[2026-07-01T01:53:48.061+0000][64.024s][info][gc,metaspace] GC(100) Metaspace: 41608K(42432K)->41608K(42432K) NonClass: 36483K(36928K)->36483K(36928K) Class: 5125K(5504K)->5125K(5504K)
[2026-07-01T01:53:48.061+0000][64.024s][info][gc          ] GC(100) Pause Young (Mixed) (G1 Evacuation Pause) 300M->176M(318M) 23.013ms
[2026-07-01T01:53:48.061+0000][64.024s][info][gc,cpu      ] GC(100) User=0.05s Sys=0.00s Real=0.03s
[2026-07-01T01:53:49.029+0000][64.991s][info][gc,start    ] GC(101) Pause Young (Concurrent Start) (G1 Evacuation Pause)
[2026-07-01T01:53:49.029+0000][64.991s][info][gc,task     ] GC(101) Using 2 workers of 2 for evacuation
[2026-07-01T01:53:49.050+0000][65.013s][info][gc,phases   ] GC(101)   Pre Evacuate Collection Set: 0.18ms
[2026-07-01T01:53:49.050+0000][65.013s][info][gc,phases   ] GC(101)   Merge Heap Roots: 0.30ms
[2026-07-01T01:53:49.050+0000][65.013s][info][gc,phases   ] GC(101)   Evacuate Collection Set: 20.23ms
[2026-07-01T01:53:49.050+0000][65.013s][info][gc,phases   ] GC(101)   Post Evacuate Collection Set: 0.46ms
[2026-07-01T01:53:49.050+0000][65.013s][info][gc,phases   ] GC(101)   Other: 0.08ms
[2026-07-01T01:53:49.050+0000][65.013s][info][gc,heap     ] GC(101) Eden regions: 124->0(124)
[2026-07-01T01:53:49.050+0000][65.013s][info][gc,heap     ] GC(101) Survivor regions: 8->8(17)
[2026-07-01T01:53:49.050+0000][65.013s][info][gc,heap     ] GC(101) Old regions: 166->166
[2026-07-01T01:53:49.050+0000][65.013s][info][gc,heap     ] GC(101) Humongous regions: 3->3
[2026-07-01T01:53:49.050+0000][65.013s][info][gc,metaspace] GC(101) Metaspace: 41608K(42432K)->41608K(42432K) NonClass: 36483K(36928K)->36483K(36928K) Class: 5125K(5504K)->5125K(5504K)
[2026-07-01T01:53:49.050+0000][65.013s][info][gc          ] GC(101) Pause Young (Concurrent Start) (G1 Evacuation Pause) 300M->176M(318M) 21.466ms
[2026-07-01T01:53:49.050+0000][65.013s][info][gc          ] GC(102) Concurrent Mark Cycle
[2026-07-01T01:53:49.050+0000][65.013s][info][gc,cpu      ] GC(101) User=0.04s Sys=0.00s Real=0.02s
[2026-07-01T01:53:49.050+0000][65.013s][info][gc,marking  ] GC(102) Concurrent Scan Root Regions
[2026-07-01T01:53:49.070+0000][65.033s][info][gc,marking  ] GC(102) Concurrent Scan Root Regions 19.939ms
[2026-07-01T01:53:49.070+0000][65.033s][info][gc,marking  ] GC(102) Concurrent Mark
[2026-07-01T01:53:49.070+0000][65.033s][info][gc,marking  ] GC(102) Concurrent Mark From Roots
[2026-07-01T01:53:49.070+0000][65.033s][info][gc,task     ] GC(102) Using 1 workers of 1 for marking
[2026-07-01T01:53:49.449+0000][65.411s][info][gc,marking  ] GC(102) Concurrent Mark From Roots 378.531ms
[2026-07-01T01:53:49.449+0000][65.411s][info][gc,marking  ] GC(102) Concurrent Preclean
[2026-07-01T01:53:49.449+0000][65.411s][info][gc,marking  ] GC(102) Concurrent Preclean 0.060ms
[2026-07-01T01:53:49.449+0000][65.412s][info][gc,start    ] GC(102) Pause Remark
[2026-07-01T01:53:49.459+0000][65.421s][info][gc          ] GC(102) Pause Remark 223M->223M(318M) 9.503ms
[2026-07-01T01:53:49.459+0000][65.421s][info][gc,cpu      ] GC(102) User=0.01s Sys=0.00s Real=0.01s
[2026-07-01T01:53:49.460+0000][65.423s][info][gc,marking  ] GC(102) Concurrent Mark 390.180ms
[2026-07-01T01:53:49.460+0000][65.423s][info][gc,marking  ] GC(102) Concurrent Rebuild Remembered Sets and Scrub Regions
[2026-07-01T01:53:49.736+0000][65.698s][info][gc,marking  ] GC(102) Concurrent Rebuild Remembered Sets and Scrub Regions 275.243ms
[2026-07-01T01:53:49.736+0000][65.699s][info][gc,start    ] GC(102) Pause Cleanup
[2026-07-01T01:53:49.736+0000][65.699s][info][gc          ] GC(102) Pause Cleanup 274M->274M(318M) 0.189ms
[2026-07-01T01:53:49.736+0000][65.699s][info][gc,cpu      ] GC(102) User=0.00s Sys=0.00s Real=0.00s
[2026-07-01T01:53:49.737+0000][65.699s][info][gc,marking  ] GC(102) Concurrent Clear Claimed Marks
[2026-07-01T01:53:49.737+0000][65.699s][info][gc,marking  ] GC(102) Concurrent Clear Claimed Marks 0.123ms
[2026-07-01T01:53:49.737+0000][65.699s][info][gc,marking  ] GC(102) Concurrent Cleanup for Next Mark
[2026-07-01T01:53:49.737+0000][65.700s][info][gc,marking  ] GC(102) Concurrent Cleanup for Next Mark 0.671ms
[2026-07-01T01:53:49.738+0000][65.700s][info][gc          ] GC(102) Concurrent Mark Cycle 687.387ms
[2026-07-01T01:53:49.850+0000][65.813s][info][gc,start    ] GC(103) Pause Young (Prepare Mixed) (G1 Evacuation Pause)
[2026-07-01T01:53:49.851+0000][65.813s][info][gc,task     ] GC(103) Using 2 workers of 2 for evacuation
[2026-07-01T01:53:49.866+0000][65.828s][info][gc,phases   ] GC(103)   Pre Evacuate Collection Set: 0.16ms
[2026-07-01T01:53:49.866+0000][65.828s][info][gc,phases   ] GC(103)   Merge Heap Roots: 0.54ms
[2026-07-01T01:53:49.866+0000][65.828s][info][gc,phases   ] GC(103)   Evacuate Collection Set: 13.84ms
[2026-07-01T01:53:49.866+0000][65.828s][info][gc,phases   ] GC(103)   Post Evacuate Collection Set: 0.45ms
[2026-07-01T01:53:49.866+0000][65.828s][info][gc,phases   ] GC(103)   Other: 0.06ms
[2026-07-01T01:53:49.866+0000][65.828s][info][gc,heap     ] GC(103) Eden regions: 124->0(123)
[2026-07-01T01:53:49.866+0000][65.828s][info][gc,heap     ] GC(103) Survivor regions: 8->9(17)
[2026-07-01T01:53:49.866+0000][65.828s][info][gc,heap     ] GC(103) Old regions: 166->166
[2026-07-01T01:53:49.866+0000][65.828s][info][gc,heap     ] GC(103) Humongous regions: 3->3
[2026-07-01T01:53:49.866+0000][65.828s][info][gc,metaspace] GC(103) Metaspace: 41608K(42432K)->41608K(42432K) NonClass: 36483K(36928K)->36483K(36928K) Class: 5125K(5504K)->5125K(5504K)
[2026-07-01T01:53:49.866+0000][65.828s][info][gc          ] GC(103) Pause Young (Prepare Mixed) (G1 Evacuation Pause) 300M->177M(318M) 15.210ms
[2026-07-01T01:53:49.866+0000][65.828s][info][gc,cpu      ] GC(103) User=0.03s Sys=0.00s Real=0.01s
[2026-07-01T01:53:50.467+0000][66.429s][info][gc,start    ] GC(104) Pause Young (Mixed) (G1 Evacuation Pause)
[2026-07-01T01:53:50.467+0000][66.429s][info][gc,task     ] GC(104) Using 2 workers of 2 for evacuation
[2026-07-01T01:53:50.483+0000][66.446s][info][gc,phases   ] GC(104)   Pre Evacuate Collection Set: 0.17ms
[2026-07-01T01:53:50.483+0000][66.446s][info][gc,phases   ] GC(104)   Merge Heap Roots: 0.37ms
[2026-07-01T01:53:50.483+0000][66.446s][info][gc,phases   ] GC(104)   Evacuate Collection Set: 15.50ms
[2026-07-01T01:53:50.483+0000][66.446s][info][gc,phases   ] GC(104)   Post Evacuate Collection Set: 0.40ms
[2026-07-01T01:53:50.483+0000][66.446s][info][gc,phases   ] GC(104)   Other: 0.05ms
[2026-07-01T01:53:50.483+0000][66.446s][info][gc,heap     ] GC(104) Eden regions: 123->0(123)
[2026-07-01T01:53:50.483+0000][66.446s][info][gc,heap     ] GC(104) Survivor regions: 9->8(17)
[2026-07-01T01:53:50.483+0000][66.446s][info][gc,heap     ] GC(104) Old regions: 166->167
[2026-07-01T01:53:50.483+0000][66.446s][info][gc,heap     ] GC(104) Humongous regions: 3->3
[2026-07-01T01:53:50.483+0000][66.446s][info][gc,metaspace] GC(104) Metaspace: 41608K(42432K)->41608K(42432K) NonClass: 36483K(36928K)->36483K(36928K) Class: 5125K(5504K)->5125K(5504K)
[2026-07-01T01:53:50.483+0000][66.446s][info][gc          ] GC(104) Pause Young (Mixed) (G1 Evacuation Pause) 300M->177M(318M) 16.653ms
[2026-07-01T01:53:50.483+0000][66.446s][info][gc,cpu      ] GC(104) User=0.03s Sys=0.00s Real=0.02s
[2026-07-01T01:53:51.064+0000][67.027s][info][gc,start    ] GC(105) Pause Young (Concurrent Start) (G1 Evacuation Pause)
[2026-07-01T01:53:51.065+0000][67.027s][info][gc,task     ] GC(105) Using 2 workers of 2 for evacuation
[2026-07-01T01:53:51.080+0000][67.043s][info][gc,phases   ] GC(105)   Pre Evacuate Collection Set: 0.22ms
[2026-07-01T01:53:51.080+0000][67.043s][info][gc,phases   ] GC(105)   Merge Heap Roots: 0.38ms
[2026-07-01T01:53:51.080+0000][67.043s][info][gc,phases   ] GC(105)   Evacuate Collection Set: 14.11ms
[2026-07-01T01:53:51.080+0000][67.043s][info][gc,phases   ] GC(105)   Post Evacuate Collection Set: 0.40ms
[2026-07-01T01:53:51.080+0000][67.043s][info][gc,phases   ] GC(105)   Other: 0.10ms
[2026-07-01T01:53:51.080+0000][67.043s][info][gc,heap     ] GC(105) Eden regions: 123->0(123)
[2026-07-01T01:53:51.080+0000][67.043s][info][gc,heap     ] GC(105) Survivor regions: 8->8(17)
[2026-07-01T01:53:51.080+0000][67.043s][info][gc,heap     ] GC(105) Old regions: 167->167
[2026-07-01T01:53:51.080+0000][67.043s][info][gc,heap     ] GC(105) Humongous regions: 3->3
[2026-07-01T01:53:51.080+0000][67.043s][info][gc,metaspace] GC(105) Metaspace: 41609K(42432K)->41609K(42432K) NonClass: 36484K(36928K)->36484K(36928K) Class: 5125K(5504K)->5125K(5504K)
[2026-07-01T01:53:51.080+0000][67.043s][info][gc          ] GC(105) Pause Young (Concurrent Start) (G1 Evacuation Pause) 300M->177M(318M) 15.764ms
[2026-07-01T01:53:51.080+0000][67.043s][info][gc          ] GC(106) Concurrent Mark Cycle
[2026-07-01T01:53:51.080+0000][67.043s][info][gc,cpu      ] GC(105) User=0.03s Sys=0.00s Real=0.02s
[2026-07-01T01:53:51.080+0000][67.043s][info][gc,marking  ] GC(106) Concurrent Scan Root Regions
[2026-07-01T01:53:51.099+0000][67.062s][info][gc,marking  ] GC(106) Concurrent Scan Root Regions 18.842ms
[2026-07-01T01:53:51.099+0000][67.062s][info][gc,marking  ] GC(106) Concurrent Mark
[2026-07-01T01:53:51.099+0000][67.062s][info][gc,marking  ] GC(106) Concurrent Mark From Roots
[2026-07-01T01:53:51.099+0000][67.062s][info][gc,task     ] GC(106) Using 1 workers of 1 for marking
[2026-07-01T01:53:51.598+0000][67.561s][info][gc,marking  ] GC(106) Concurrent Mark From Roots 499.021ms
[2026-07-01T01:53:51.598+0000][67.561s][info][gc,marking  ] GC(106) Concurrent Preclean
[2026-07-01T01:53:51.598+0000][67.561s][info][gc,marking  ] GC(106) Concurrent Preclean 0.065ms
[2026-07-01T01:53:51.598+0000][67.561s][info][gc,start    ] GC(106) Pause Remark
[2026-07-01T01:53:51.605+0000][67.568s][info][gc          ] GC(106) Pause Remark 265M->265M(318M) 7.238ms
[2026-07-01T01:53:51.605+0000][67.568s][info][gc,cpu      ] GC(106) User=0.01s Sys=0.00s Real=0.00s
[2026-07-01T01:53:51.607+0000][67.570s][info][gc,marking  ] GC(106) Concurrent Mark 508.167ms
[2026-07-01T01:53:51.607+0000][67.570s][info][gc,marking  ] GC(106) Concurrent Rebuild Remembered Sets and Scrub Regions
[2026-07-01T01:53:51.811+0000][67.773s][info][gc,start    ] GC(107) Pause Young (Normal) (G1 Evacuation Pause)
[2026-07-01T01:53:51.811+0000][67.773s][info][gc,task     ] GC(107) Using 2 workers of 2 for evacuation
[2026-07-01T01:53:51.826+0000][67.789s][info][gc,phases   ] GC(107)   Pre Evacuate Collection Set: 0.20ms
[2026-07-01T01:53:51.826+0000][67.789s][info][gc,phases   ] GC(107)   Merge Heap Roots: 0.72ms
[2026-07-01T01:53:51.826+0000][67.789s][info][gc,phases   ] GC(107)   Evacuate Collection Set: 13.61ms
[2026-07-01T01:53:51.826+0000][67.789s][info][gc,phases   ] GC(107)   Post Evacuate Collection Set: 0.43ms
[2026-07-01T01:53:51.826+0000][67.789s][info][gc,phases   ] GC(107)   Other: 0.07ms
[2026-07-01T01:53:51.826+0000][67.789s][info][gc,heap     ] GC(107) Eden regions: 123->0(122)
[2026-07-01T01:53:51.826+0000][67.789s][info][gc,heap     ] GC(107) Survivor regions: 8->8(17)
[2026-07-01T01:53:51.826+0000][67.789s][info][gc,heap     ] GC(107) Old regions: 167->168
[2026-07-01T01:53:51.826+0000][67.789s][info][gc,heap     ] GC(107) Humongous regions: 3->3
[2026-07-01T01:53:51.826+0000][67.789s][info][gc,metaspace] GC(107) Metaspace: 41609K(42432K)->41609K(42432K) NonClass: 36484K(36928K)->36484K(36928K) Class: 5125K(5504K)->5125K(5504K)
[2026-07-01T01:53:51.826+0000][67.789s][info][gc          ] GC(107) Pause Young (Normal) (G1 Evacuation Pause) 300M->178M(318M) 15.202ms
[2026-07-01T01:53:51.826+0000][67.789s][info][gc,cpu      ] GC(107) User=0.03s Sys=0.00s Real=0.01s
[2026-07-01T01:53:51.830+0000][67.793s][info][gc,marking  ] GC(106) Concurrent Rebuild Remembered Sets and Scrub Regions 222.656ms
[2026-07-01T01:53:51.830+0000][67.793s][info][gc,start    ] GC(106) Pause Cleanup
[2026-07-01T01:53:51.830+0000][67.793s][info][gc          ] GC(106) Pause Cleanup 179M->179M(318M) 0.494ms
[2026-07-01T01:53:51.830+0000][67.793s][info][gc,cpu      ] GC(106) User=0.00s Sys=0.00s Real=0.00s
[2026-07-01T01:53:51.831+0000][67.793s][info][gc,marking  ] GC(106) Concurrent Clear Claimed Marks
[2026-07-01T01:53:51.831+0000][67.794s][info][gc,marking  ] GC(106) Concurrent Clear Claimed Marks 0.090ms
[2026-07-01T01:53:51.831+0000][67.794s][info][gc,marking  ] GC(106) Concurrent Cleanup for Next Mark
[2026-07-01T01:53:51.832+0000][67.794s][info][gc,marking  ] GC(106) Concurrent Cleanup for Next Mark 0.657ms
[2026-07-01T01:53:51.832+0000][67.794s][info][gc          ] GC(106) Concurrent Mark Cycle 751.513ms
[2026-07-01T01:53:52.408+0000][68.370s][info][gc,start    ] GC(108) Pause Young (Prepare Mixed) (G1 Evacuation Pause)
[2026-07-01T01:53:52.408+0000][68.370s][info][gc,task     ] GC(108) Using 2 workers of 2 for evacuation
[2026-07-01T01:53:52.423+0000][68.386s][info][gc,phases   ] GC(108)   Pre Evacuate Collection Set: 0.18ms
[2026-07-01T01:53:52.423+0000][68.386s][info][gc,phases   ] GC(108)   Merge Heap Roots: 0.37ms
[2026-07-01T01:53:52.423+0000][68.386s][info][gc,phases   ] GC(108)   Evacuate Collection Set: 14.48ms
[2026-07-01T01:53:52.423+0000][68.386s][info][gc,phases   ] GC(108)   Post Evacuate Collection Set: 0.43ms
[2026-07-01T01:53:52.423+0000][68.386s][info][gc,phases   ] GC(108)   Other: 0.07ms
[2026-07-01T01:53:52.423+0000][68.386s][info][gc,heap     ] GC(108) Eden regions: 122->0(122)
[2026-07-01T01:53:52.423+0000][68.386s][info][gc,heap     ] GC(108) Survivor regions: 8->8(17)
[2026-07-01T01:53:52.423+0000][68.386s][info][gc,heap     ] GC(108) Old regions: 168->168
[2026-07-01T01:53:52.423+0000][68.386s][info][gc,heap     ] GC(108) Humongous regions: 3->3
[2026-07-01T01:53:52.423+0000][68.386s][info][gc,metaspace] GC(108) Metaspace: 41627K(42432K)->41627K(42432K) NonClass: 36502K(36928K)->36502K(36928K) Class: 5125K(5504K)->5125K(5504K)
[2026-07-01T01:53:52.423+0000][68.386s][info][gc          ] GC(108) Pause Young (Prepare Mixed) (G1 Evacuation Pause) 300M->178M(318M) 15.690ms
[2026-07-01T01:53:52.423+0000][68.386s][info][gc,cpu      ] GC(108) User=0.03s Sys=0.00s Real=0.02s
[2026-07-01T01:53:52.994+0000][68.957s][info][gc,start    ] GC(109) Pause Young (Mixed) (G1 Evacuation Pause)
[2026-07-01T01:53:52.994+0000][68.957s][info][gc,task     ] GC(109) Using 2 workers of 2 for evacuation
[2026-07-01T01:53:53.019+0000][68.982s][info][gc,phases   ] GC(109)   Pre Evacuate Collection Set: 0.22ms
[2026-07-01T01:53:53.019+0000][68.982s][info][gc,phases   ] GC(109)   Merge Heap Roots: 0.56ms
[2026-07-01T01:53:53.019+0000][68.982s][info][gc,phases   ] GC(109)   Evacuate Collection Set: 23.36ms
[2026-07-01T01:53:53.019+0000][68.982s][info][gc,phases   ] GC(109)   Post Evacuate Collection Set: 0.47ms
[2026-07-01T01:53:53.019+0000][68.982s][info][gc,phases   ] GC(109)   Other: 0.08ms
[2026-07-01T01:53:53.019+0000][68.982s][info][gc,heap     ] GC(109) Eden regions: 122->0(122)
[2026-07-01T01:53:53.019+0000][68.982s][info][gc,heap     ] GC(109) Survivor regions: 8->8(17)
[2026-07-01T01:53:53.019+0000][68.982s][info][gc,heap     ] GC(109) Old regions: 168->168
[2026-07-01T01:53:53.019+0000][68.982s][info][gc,heap     ] GC(109) Humongous regions: 3->3
[2026-07-01T01:53:53.019+0000][68.982s][info][gc,metaspace] GC(109) Metaspace: 41628K(42432K)->41628K(42432K) NonClass: 36502K(36928K)->36502K(36928K) Class: 5125K(5504K)->5125K(5504K)
[2026-07-01T01:53:53.019+0000][68.982s][info][gc          ] GC(109) Pause Young (Mixed) (G1 Evacuation Pause) 300M->178M(318M) 24.834ms
[2026-07-01T01:53:53.019+0000][68.982s][info][gc,cpu      ] GC(109) User=0.05s Sys=0.00s Real=0.03s
[2026-07-01T01:53:53.593+0000][69.555s][info][gc,start    ] GC(110) Pause Young (Concurrent Start) (G1 Evacuation Pause)
[2026-07-01T01:53:53.593+0000][69.555s][info][gc,task     ] GC(110) Using 2 workers of 2 for evacuation
[2026-07-01T01:53:53.608+0000][69.571s][info][gc,phases   ] GC(110)   Pre Evacuate Collection Set: 0.36ms
[2026-07-01T01:53:53.608+0000][69.571s][info][gc,phases   ] GC(110)   Merge Heap Roots: 0.36ms
[2026-07-01T01:53:53.608+0000][69.571s][info][gc,phases   ] GC(110)   Evacuate Collection Set: 14.18ms
[2026-07-01T01:53:53.608+0000][69.571s][info][gc,phases   ] GC(110)   Post Evacuate Collection Set: 0.42ms
[2026-07-01T01:53:53.608+0000][69.571s][info][gc,phases   ] GC(110)   Other: 0.08ms
[2026-07-01T01:53:53.608+0000][69.571s][info][gc,heap     ] GC(110) Eden regions: 122->0(121)
[2026-07-01T01:53:53.608+0000][69.571s][info][gc,heap     ] GC(110) Survivor regions: 8->8(17)
[2026-07-01T01:53:53.608+0000][69.571s][info][gc,heap     ] GC(110) Old regions: 168->169
[2026-07-01T01:53:53.608+0000][69.571s][info][gc,heap     ] GC(110) Humongous regions: 3->3
[2026-07-01T01:53:53.608+0000][69.571s][info][gc,metaspace] GC(110) Metaspace: 41628K(42432K)->41628K(42432K) NonClass: 36502K(36928K)->36502K(36928K) Class: 5125K(5504K)->5125K(5504K)
[2026-07-01T01:53:53.608+0000][69.571s][info][gc          ] GC(110) Pause Young (Concurrent Start) (G1 Evacuation Pause) 300M->179M(318M) 15.558ms
[2026-07-01T01:53:53.608+0000][69.571s][info][gc          ] GC(111) Concurrent Mark Cycle
[2026-07-01T01:53:53.608+0000][69.571s][info][gc,marking  ] GC(111) Concurrent Scan Root Regions
[2026-07-01T01:53:53.608+0000][69.571s][info][gc,cpu      ] GC(110) User=0.03s Sys=0.00s Real=0.02s
[2026-07-01T01:53:53.622+0000][69.585s][info][gc,marking  ] GC(111) Concurrent Scan Root Regions 13.548ms
[2026-07-01T01:53:53.622+0000][69.585s][info][gc,marking  ] GC(111) Concurrent Mark
[2026-07-01T01:53:53.622+0000][69.585s][info][gc,marking  ] GC(111) Concurrent Mark From Roots
[2026-07-01T01:53:53.622+0000][69.585s][info][gc,task     ] GC(111) Using 1 workers of 1 for marking
[2026-07-01T01:53:54.154+0000][70.116s][info][gc,marking  ] GC(111) Concurrent Mark From Roots 531.766ms
[2026-07-01T01:53:54.154+0000][70.116s][info][gc,marking  ] GC(111) Concurrent Preclean
[2026-07-01T01:53:54.154+0000][70.116s][info][gc,marking  ] GC(111) Concurrent Preclean 0.071ms
[2026-07-01T01:53:54.154+0000][70.117s][info][gc,start    ] GC(111) Pause Remark
[2026-07-01T01:53:54.162+0000][70.125s][info][gc          ] GC(111) Pause Remark 252M->252M(318M) 8.564ms
[2026-07-01T01:53:54.162+0000][70.125s][info][gc,cpu      ] GC(111) User=0.02s Sys=0.00s Real=0.01s
[2026-07-01T01:53:54.164+0000][70.127s][info][gc,marking  ] GC(111) Concurrent Mark 542.462ms
[2026-07-01T01:53:54.165+0000][70.128s][info][gc,marking  ] GC(111) Concurrent Rebuild Remembered Sets and Scrub Regions
[2026-07-01T01:53:54.315+0000][70.277s][info][gc,marking  ] GC(111) Concurrent Rebuild Remembered Sets and Scrub Regions 149.647ms
[2026-07-01T01:53:54.315+0000][70.278s][info][gc,start    ] GC(111) Pause Cleanup
[2026-07-01T01:53:54.315+0000][70.278s][info][gc          ] GC(111) Pause Cleanup 266M->266M(318M) 0.160ms
[2026-07-01T01:53:54.315+0000][70.278s][info][gc,cpu      ] GC(111) User=0.00s Sys=0.00s Real=0.00s
[2026-07-01T01:53:54.315+0000][70.278s][info][gc,marking  ] GC(111) Concurrent Clear Claimed Marks
[2026-07-01T01:53:54.315+0000][70.278s][info][gc,marking  ] GC(111) Concurrent Clear Claimed Marks 0.101ms
[2026-07-01T01:53:54.316+0000][70.278s][info][gc,marking  ] GC(111) Concurrent Cleanup for Next Mark
[2026-07-01T01:53:54.316+0000][70.279s][info][gc,marking  ] GC(111) Concurrent Cleanup for Next Mark 0.631ms
[2026-07-01T01:53:54.316+0000][70.279s][info][gc          ] GC(111) Concurrent Mark Cycle 707.890ms
[2026-07-01T01:53:54.618+0000][70.581s][info][gc,start    ] GC(112) Pause Young (Prepare Mixed) (G1 Evacuation Pause)
[2026-07-01T01:53:54.618+0000][70.581s][info][gc,task     ] GC(112) Using 2 workers of 2 for evacuation
[2026-07-01T01:53:54.639+0000][70.602s][info][gc,phases   ] GC(112)   Pre Evacuate Collection Set: 0.17ms
[2026-07-01T01:53:54.639+0000][70.602s][info][gc,phases   ] GC(112)   Merge Heap Roots: 0.55ms
[2026-07-01T01:53:54.639+0000][70.602s][info][gc,phases   ] GC(112)   Evacuate Collection Set: 19.58ms
[2026-07-01T01:53:54.639+0000][70.602s][info][gc,phases   ] GC(112)   Post Evacuate Collection Set: 0.56ms
[2026-07-01T01:53:54.639+0000][70.602s][info][gc,phases   ] GC(112)   Other: 0.08ms
[2026-07-01T01:53:54.639+0000][70.602s][info][gc,heap     ] GC(112) Eden regions: 121->0(121)
[2026-07-01T01:53:54.639+0000][70.602s][info][gc,heap     ] GC(112) Survivor regions: 8->8(17)
[2026-07-01T01:53:54.639+0000][70.602s][info][gc,heap     ] GC(112) Old regions: 169->169
[2026-07-01T01:53:54.639+0000][70.602s][info][gc,heap     ] GC(112) Humongous regions: 3->3
[2026-07-01T01:53:54.639+0000][70.602s][info][gc,metaspace] GC(112) Metaspace: 41630K(42432K)->41630K(42432K) NonClass: 36504K(36928K)->36504K(36928K) Class: 5125K(5504K)->5125K(5504K)
[2026-07-01T01:53:54.639+0000][70.602s][info][gc          ] GC(112) Pause Young (Prepare Mixed) (G1 Evacuation Pause) 300M->179M(318M) 21.116ms
[2026-07-01T01:53:54.639+0000][70.602s][info][gc,cpu      ] GC(112) User=0.05s Sys=0.00s Real=0.02s
[2026-07-01T01:53:55.596+0000][71.559s][info][gc,start    ] GC(113) Pause Young (Mixed) (G1 Evacuation Pause)
[2026-07-01T01:53:55.596+0000][71.559s][info][gc,task     ] GC(113) Using 2 workers of 2 for evacuation
[2026-07-01T01:53:55.621+0000][71.583s][info][gc,phases   ] GC(113)   Pre Evacuate Collection Set: 0.20ms
[2026-07-01T01:53:55.621+0000][71.583s][info][gc,phases   ] GC(113)   Merge Heap Roots: 0.36ms
[2026-07-01T01:53:55.621+0000][71.583s][info][gc,phases   ] GC(113)   Evacuate Collection Set: 23.09ms
[2026-07-01T01:53:55.621+0000][71.583s][info][gc,phases   ] GC(113)   Post Evacuate Collection Set: 0.48ms
[2026-07-01T01:53:55.621+0000][71.583s][info][gc,phases   ] GC(113)   Other: 0.06ms
[2026-07-01T01:53:55.621+0000][71.583s][info][gc,heap     ] GC(113) Eden regions: 121->0(121)
[2026-07-01T01:53:55.621+0000][71.583s][info][gc,heap     ] GC(113) Survivor regions: 8->8(17)
[2026-07-01T01:53:55.621+0000][71.583s][info][gc,heap     ] GC(113) Old regions: 169->169
[2026-07-01T01:53:55.621+0000][71.583s][info][gc,heap     ] GC(113) Humongous regions: 3->3
[2026-07-01T01:53:55.621+0000][71.583s][info][gc,metaspace] GC(113) Metaspace: 41630K(42432K)->41630K(42432K) NonClass: 36504K(36928K)->36504K(36928K) Class: 5125K(5504K)->5125K(5504K)
[2026-07-01T01:53:55.621+0000][71.583s][info][gc          ] GC(113) Pause Young (Mixed) (G1 Evacuation Pause) 300M->179M(318M) 24.396ms
[2026-07-01T01:53:55.621+0000][71.584s][info][gc,cpu      ] GC(113) User=0.04s Sys=0.00s Real=0.03s
[2026-07-01T01:53:56.523+0000][72.485s][info][gc,start    ] GC(114) Pause Young (Concurrent Start) (G1 Evacuation Pause)
[2026-07-01T01:53:56.523+0000][72.486s][info][gc,task     ] GC(114) Using 2 workers of 2 for evacuation
[2026-07-01T01:53:56.544+0000][72.507s][info][gc,phases   ] GC(114)   Pre Evacuate Collection Set: 0.20ms
[2026-07-01T01:53:56.544+0000][72.507s][info][gc,phases   ] GC(114)   Merge Heap Roots: 0.32ms
[2026-07-01T01:53:56.544+0000][72.507s][info][gc,phases   ] GC(114)   Evacuate Collection Set: 20.31ms
[2026-07-01T01:53:56.544+0000][72.507s][info][gc,phases   ] GC(114)   Post Evacuate Collection Set: 0.54ms
[2026-07-01T01:53:56.544+0000][72.507s][info][gc,phases   ] GC(114)   Other: 0.07ms
[2026-07-01T01:53:56.544+0000][72.507s][info][gc,heap     ] GC(114) Eden regions: 121->0(120)
[2026-07-01T01:53:56.544+0000][72.507s][info][gc,heap     ] GC(114) Survivor regions: 8->8(17)
[2026-07-01T01:53:56.544+0000][72.507s][info][gc,heap     ] GC(114) Old regions: 169->170
[2026-07-01T01:53:56.544+0000][72.507s][info][gc,heap     ] GC(114) Humongous regions: 3->3
[2026-07-01T01:53:56.544+0000][72.507s][info][gc,metaspace] GC(114) Metaspace: 41630K(42432K)->41630K(42432K) NonClass: 36504K(36928K)->36504K(36928K) Class: 5125K(5504K)->5125K(5504K)
[2026-07-01T01:53:56.544+0000][72.507s][info][gc          ] GC(114) Pause Young (Concurrent Start) (G1 Evacuation Pause) 300M->180M(318M) 21.622ms
[2026-07-01T01:53:56.544+0000][72.507s][info][gc          ] GC(115) Concurrent Mark Cycle
[2026-07-01T01:53:56.544+0000][72.507s][info][gc,cpu      ] GC(114) User=0.04s Sys=0.00s Real=0.02s
[2026-07-01T01:53:56.544+0000][72.507s][info][gc,marking  ] GC(115) Concurrent Scan Root Regions
[2026-07-01T01:53:56.561+0000][72.523s][info][gc,marking  ] GC(115) Concurrent Scan Root Regions 16.051ms
[2026-07-01T01:53:56.561+0000][72.523s][info][gc,marking  ] GC(115) Concurrent Mark
[2026-07-01T01:53:56.561+0000][72.523s][info][gc,marking  ] GC(115) Concurrent Mark From Roots
[2026-07-01T01:53:56.561+0000][72.523s][info][gc,task     ] GC(115) Using 1 workers of 1 for marking
[2026-07-01T01:53:57.027+0000][72.990s][info][gc,marking  ] GC(115) Concurrent Mark From Roots 466.667ms
[2026-07-01T01:53:57.027+0000][72.990s][info][gc,marking  ] GC(115) Concurrent Preclean
[2026-07-01T01:53:57.027+0000][72.990s][info][gc,marking  ] GC(115) Concurrent Preclean 0.071ms
[2026-07-01T01:53:57.027+0000][72.990s][info][gc,start    ] GC(115) Pause Remark
[2026-07-01T01:53:57.035+0000][72.998s][info][gc          ] GC(115) Pause Remark 232M->232M(318M) 7.777ms
[2026-07-01T01:53:57.035+0000][72.998s][info][gc,cpu      ] GC(115) User=0.01s Sys=0.00s Real=0.01s
[2026-07-01T01:53:57.035+0000][72.998s][info][gc,marking  ] GC(115) Concurrent Mark 474.791ms
[2026-07-01T01:53:57.035+0000][72.998s][info][gc,marking  ] GC(115) Concurrent Rebuild Remembered Sets and Scrub Regions
[2026-07-01T01:53:57.199+0000][73.162s][info][gc,marking  ] GC(115) Concurrent Rebuild Remembered Sets and Scrub Regions 163.963ms
[2026-07-01T01:53:57.200+0000][73.162s][info][gc,start    ] GC(115) Pause Cleanup
[2026-07-01T01:53:57.200+0000][73.162s][info][gc          ] GC(115) Pause Cleanup 252M->252M(318M) 0.177ms
[2026-07-01T01:53:57.200+0000][73.162s][info][gc,cpu      ] GC(115) User=0.00s Sys=0.00s Real=0.00s
[2026-07-01T01:53:57.200+0000][73.163s][info][gc,marking  ] GC(115) Concurrent Clear Claimed Marks
[2026-07-01T01:53:57.200+0000][73.163s][info][gc,marking  ] GC(115) Concurrent Clear Claimed Marks 0.088ms
[2026-07-01T01:53:57.200+0000][73.163s][info][gc,marking  ] GC(115) Concurrent Cleanup for Next Mark
[2026-07-01T01:53:57.201+0000][73.163s][info][gc,marking  ] GC(115) Concurrent Cleanup for Next Mark 0.625ms
[2026-07-01T01:53:57.201+0000][73.163s][info][gc          ] GC(115) Concurrent Mark Cycle 656.162ms
[2026-07-01T01:53:57.565+0000][73.528s][info][gc,start    ] GC(116) Pause Young (Prepare Mixed) (G1 Evacuation Pause)
[2026-07-01T01:53:57.565+0000][73.528s][info][gc,task     ] GC(116) Using 2 workers of 2 for evacuation
[2026-07-01T01:53:57.586+0000][73.549s][info][gc,phases   ] GC(116)   Pre Evacuate Collection Set: 0.21ms
[2026-07-01T01:53:57.586+0000][73.549s][info][gc,phases   ] GC(116)   Merge Heap Roots: 0.49ms
[2026-07-01T01:53:57.586+0000][73.549s][info][gc,phases   ] GC(116)   Evacuate Collection Set: 19.63ms
[2026-07-01T01:53:57.586+0000][73.549s][info][gc,phases   ] GC(116)   Post Evacuate Collection Set: 0.68ms
[2026-07-01T01:53:57.586+0000][73.549s][info][gc,phases   ] GC(116)   Other: 0.06ms
[2026-07-01T01:53:57.586+0000][73.549s][info][gc,heap     ] GC(116) Eden regions: 120->0(120)
[2026-07-01T01:53:57.586+0000][73.549s][info][gc,heap     ] GC(116) Survivor regions: 8->8(16)
[2026-07-01T01:53:57.586+0000][73.549s][info][gc,heap     ] GC(116) Old regions: 170->170
[2026-07-01T01:53:57.586+0000][73.549s][info][gc,heap     ] GC(116) Humongous regions: 3->3
[2026-07-01T01:53:57.586+0000][73.549s][info][gc,metaspace] GC(116) Metaspace: 41630K(42432K)->41630K(42432K) NonClass: 36504K(36928K)->36504K(36928K) Class: 5125K(5504K)->5125K(5504K)
[2026-07-01T01:53:57.586+0000][73.549s][info][gc          ] GC(116) Pause Young (Prepare Mixed) (G1 Evacuation Pause) 300M->180M(318M) 21.266ms
[2026-07-01T01:53:57.587+0000][73.549s][info][gc,cpu      ] GC(116) User=0.04s Sys=0.00s Real=0.02s
[2026-07-01T01:53:58.443+0000][74.405s][info][gc,start    ] GC(117) Pause Young (Mixed) (G1 Evacuation Pause)
[2026-07-01T01:53:58.443+0000][74.405s][info][gc,task     ] GC(117) Using 2 workers of 2 for evacuation
[2026-07-01T01:53:58.462+0000][74.424s][info][gc,phases   ] GC(117)   Pre Evacuate Collection Set: 0.17ms
[2026-07-01T01:53:58.462+0000][74.424s][info][gc,phases   ] GC(117)   Merge Heap Roots: 0.35ms
[2026-07-01T01:53:58.462+0000][74.424s][info][gc,phases   ] GC(117)   Evacuate Collection Set: 17.94ms
[2026-07-01T01:53:58.462+0000][74.424s][info][gc,phases   ] GC(117)   Post Evacuate Collection Set: 0.40ms
[2026-07-01T01:53:58.462+0000][74.424s][info][gc,phases   ] GC(117)   Other: 0.06ms
[2026-07-01T01:53:58.462+0000][74.424s][info][gc,heap     ] GC(117) Eden regions: 120->0(119)
[2026-07-01T01:53:58.462+0000][74.424s][info][gc,heap     ] GC(117) Survivor regions: 8->8(16)
[2026-07-01T01:53:58.462+0000][74.424s][info][gc,heap     ] GC(117) Old regions: 170->171
[2026-07-01T01:53:58.462+0000][74.424s][info][gc,heap     ] GC(117) Humongous regions: 3->3
[2026-07-01T01:53:58.462+0000][74.424s][info][gc,metaspace] GC(117) Metaspace: 41630K(42432K)->41630K(42432K) NonClass: 36504K(36928K)->36504K(36928K) Class: 5125K(5504K)->5125K(5504K)
[2026-07-01T01:53:58.462+0000][74.424s][info][gc          ] GC(117) Pause Young (Mixed) (G1 Evacuation Pause) 300M->181M(318M) 19.092ms
[2026-07-01T01:53:58.462+0000][74.424s][info][gc,cpu      ] GC(117) User=0.04s Sys=0.00s Real=0.02s
[2026-07-01T01:53:59.011+0000][74.974s][info][gc,start    ] GC(118) Pause Young (Concurrent Start) (G1 Evacuation Pause)
[2026-07-01T01:53:59.011+0000][74.974s][info][gc,task     ] GC(118) Using 2 workers of 2 for evacuation
[2026-07-01T01:53:59.026+0000][74.989s][info][gc,phases   ] GC(118)   Pre Evacuate Collection Set: 0.22ms
[2026-07-01T01:53:59.026+0000][74.989s][info][gc,phases   ] GC(118)   Merge Heap Roots: 0.38ms
[2026-07-01T01:53:59.026+0000][74.989s][info][gc,phases   ] GC(118)   Evacuate Collection Set: 13.88ms
[2026-07-01T01:53:59.026+0000][74.989s][info][gc,phases   ] GC(118)   Post Evacuate Collection Set: 0.37ms
[2026-07-01T01:53:59.026+0000][74.989s][info][gc,phases   ] GC(118)   Other: 0.11ms
[2026-07-01T01:53:59.026+0000][74.989s][info][gc,heap     ] GC(118) Eden regions: 119->0(119)
[2026-07-01T01:53:59.026+0000][74.989s][info][gc,heap     ] GC(118) Survivor regions: 8->8(16)
[2026-07-01T01:53:59.026+0000][74.989s][info][gc,heap     ] GC(118) Old regions: 171->171
[2026-07-01T01:53:59.026+0000][74.989s][info][gc,heap     ] GC(118) Humongous regions: 3->3
[2026-07-01T01:53:59.026+0000][74.989s][info][gc,metaspace] GC(118) Metaspace: 41630K(42432K)->41630K(42432K) NonClass: 36504K(36928K)->36504K(36928K) Class: 5125K(5504K)->5125K(5504K)
[2026-07-01T01:53:59.026+0000][74.989s][info][gc          ] GC(118) Pause Young (Concurrent Start) (G1 Evacuation Pause) 300M->181M(318M) 15.118ms
[2026-07-01T01:53:59.026+0000][74.989s][info][gc,cpu      ] GC(118) User=0.03s Sys=0.00s Real=0.01s
[2026-07-01T01:53:59.029+0000][74.992s][info][gc          ] GC(119) Concurrent Mark Cycle
[2026-07-01T01:53:59.029+0000][74.992s][info][gc,marking  ] GC(119) Concurrent Scan Root Regions
[2026-07-01T01:53:59.045+0000][75.007s][info][gc,marking  ] GC(119) Concurrent Scan Root Regions 15.363ms
[2026-07-01T01:53:59.045+0000][75.007s][info][gc,marking  ] GC(119) Concurrent Mark
[2026-07-01T01:53:59.045+0000][75.007s][info][gc,marking  ] GC(119) Concurrent Mark From Roots
[2026-07-01T01:53:59.045+0000][75.007s][info][gc,task     ] GC(119) Using 1 workers of 1 for marking
[2026-07-01T01:53:59.490+0000][75.452s][info][gc,marking  ] GC(119) Concurrent Mark From Roots 444.892ms
[2026-07-01T01:53:59.490+0000][75.452s][info][gc,marking  ] GC(119) Concurrent Preclean
[2026-07-01T01:53:59.490+0000][75.452s][info][gc,marking  ] GC(119) Concurrent Preclean 0.061ms
[2026-07-01T01:53:59.490+0000][75.452s][info][gc,start    ] GC(119) Pause Remark
[2026-07-01T01:53:59.498+0000][75.461s][info][gc          ] GC(119) Pause Remark 257M->257M(318M) 8.456ms
[2026-07-01T01:53:59.498+0000][75.461s][info][gc,cpu      ] GC(119) User=0.01s Sys=0.00s Real=0.01s
[2026-07-01T01:53:59.501+0000][75.464s][info][gc,marking  ] GC(119) Concurrent Mark 456.424ms
[2026-07-01T01:53:59.501+0000][75.464s][info][gc,marking  ] GC(119) Concurrent Rebuild Remembered Sets and Scrub Regions
[2026-07-01T01:53:59.679+0000][75.642s][info][gc,marking  ] GC(119) Concurrent Rebuild Remembered Sets and Scrub Regions 177.864ms
[2026-07-01T01:53:59.679+0000][75.642s][info][gc,start    ] GC(119) Pause Cleanup
[2026-07-01T01:53:59.679+0000][75.642s][info][gc          ] GC(119) Pause Cleanup 287M->287M(318M) 0.183ms
[2026-07-01T01:53:59.679+0000][75.642s][info][gc,cpu      ] GC(119) User=0.00s Sys=0.00s Real=0.00s
[2026-07-01T01:53:59.679+0000][75.642s][info][gc,marking  ] GC(119) Concurrent Clear Claimed Marks
[2026-07-01T01:53:59.680+0000][75.642s][info][gc,marking  ] GC(119) Concurrent Clear Claimed Marks 0.086ms
[2026-07-01T01:53:59.680+0000][75.642s][info][gc,marking  ] GC(119) Concurrent Cleanup for Next Mark
[2026-07-01T01:53:59.680+0000][75.643s][info][gc,marking  ] GC(119) Concurrent Cleanup for Next Mark 0.557ms
[2026-07-01T01:53:59.680+0000][75.643s][info][gc          ] GC(119) Concurrent Mark Cycle 650.969ms
[2026-07-01T01:53:59.744+0000][75.707s][info][gc,start    ] GC(120) Pause Young (Prepare Mixed) (G1 Evacuation Pause)
[2026-07-01T01:53:59.744+0000][75.707s][info][gc,task     ] GC(120) Using 2 workers of 2 for evacuation
[2026-07-01T01:53:59.764+0000][75.727s][info][gc,phases   ] GC(120)   Pre Evacuate Collection Set: 0.17ms
[2026-07-01T01:53:59.764+0000][75.727s][info][gc,phases   ] GC(120)   Merge Heap Roots: 0.47ms
[2026-07-01T01:53:59.764+0000][75.727s][info][gc,phases   ] GC(120)   Evacuate Collection Set: 18.84ms
[2026-07-01T01:53:59.764+0000][75.727s][info][gc,phases   ] GC(120)   Post Evacuate Collection Set: 0.47ms
[2026-07-01T01:53:59.764+0000][75.727s][info][gc,phases   ] GC(120)   Other: 0.07ms
[2026-07-01T01:53:59.764+0000][75.727s][info][gc,heap     ] GC(120) Eden regions: 119->0(119)
[2026-07-01T01:53:59.764+0000][75.727s][info][gc,heap     ] GC(120) Survivor regions: 8->8(16)
[2026-07-01T01:53:59.764+0000][75.727s][info][gc,heap     ] GC(120) Old regions: 171->171
[2026-07-01T01:53:59.764+0000][75.727s][info][gc,heap     ] GC(120) Humongous regions: 3->3
[2026-07-01T01:53:59.764+0000][75.727s][info][gc,metaspace] GC(120) Metaspace: 41630K(42432K)->41630K(42432K) NonClass: 36504K(36928K)->36504K(36928K) Class: 5125K(5504K)->5125K(5504K)
[2026-07-01T01:53:59.764+0000][75.727s][info][gc          ] GC(120) Pause Young (Prepare Mixed) (G1 Evacuation Pause) 300M->181M(318M) 20.209ms
[2026-07-01T01:53:59.764+0000][75.727s][info][gc,cpu      ] GC(120) User=0.04s Sys=0.00s Real=0.02s
[2026-07-01T01:54:00.322+0000][76.284s][info][gc,start    ] GC(121) Pause Young (Mixed) (G1 Evacuation Pause)
[2026-07-01T01:54:00.322+0000][76.284s][info][gc,task     ] GC(121) Using 2 workers of 2 for evacuation
[2026-07-01T01:54:00.337+0000][76.300s][info][gc,phases   ] GC(121)   Pre Evacuate Collection Set: 0.17ms
[2026-07-01T01:54:00.337+0000][76.300s][info][gc,phases   ] GC(121)   Merge Heap Roots: 0.38ms
[2026-07-01T01:54:00.337+0000][76.300s][info][gc,phases   ] GC(121)   Evacuate Collection Set: 14.89ms
[2026-07-01T01:54:00.338+0000][76.300s][info][gc,phases   ] GC(121)   Post Evacuate Collection Set: 0.37ms
[2026-07-01T01:54:00.338+0000][76.300s][info][gc,phases   ] GC(121)   Other: 0.07ms
[2026-07-01T01:54:00.338+0000][76.300s][info][gc,heap     ] GC(121) Eden regions: 119->0(118)
[2026-07-01T01:54:00.338+0000][76.300s][info][gc,heap     ] GC(121) Survivor regions: 8->8(16)
[2026-07-01T01:54:00.338+0000][76.300s][info][gc,heap     ] GC(121) Old regions: 171->172
[2026-07-01T01:54:00.338+0000][76.300s][info][gc,heap     ] GC(121) Humongous regions: 3->3
[2026-07-01T01:54:00.338+0000][76.300s][info][gc,metaspace] GC(121) Metaspace: 41630K(42432K)->41630K(42432K) NonClass: 36504K(36928K)->36504K(36928K) Class: 5125K(5504K)->5125K(5504K)
[2026-07-01T01:54:00.338+0000][76.300s][info][gc          ] GC(121) Pause Young (Mixed) (G1 Evacuation Pause) 300M->182M(318M) 16.046ms
[2026-07-01T01:54:00.338+0000][76.300s][info][gc,cpu      ] GC(121) User=0.03s Sys=0.00s Real=0.01s
[2026-07-01T01:54:00.915+0000][76.878s][info][gc,start    ] GC(122) Pause Young (Concurrent Start) (G1 Evacuation Pause)
[2026-07-01T01:54:00.915+0000][76.878s][info][gc,task     ] GC(122) Using 2 workers of 2 for evacuation
[2026-07-01T01:54:00.934+0000][76.897s][info][gc,phases   ] GC(122)   Pre Evacuate Collection Set: 0.24ms
[2026-07-01T01:54:00.934+0000][76.897s][info][gc,phases   ] GC(122)   Merge Heap Roots: 0.46ms
[2026-07-01T01:54:00.934+0000][76.897s][info][gc,phases   ] GC(122)   Evacuate Collection Set: 17.94ms
[2026-07-01T01:54:00.934+0000][76.897s][info][gc,phases   ] GC(122)   Post Evacuate Collection Set: 0.39ms
[2026-07-01T01:54:00.934+0000][76.897s][info][gc,phases   ] GC(122)   Other: 0.08ms
[2026-07-01T01:54:00.934+0000][76.897s][info][gc,heap     ] GC(122) Eden regions: 118->0(118)
[2026-07-01T01:54:00.934+0000][76.897s][info][gc,heap     ] GC(122) Survivor regions: 8->8(16)
[2026-07-01T01:54:00.934+0000][76.897s][info][gc,heap     ] GC(122) Old regions: 172->172
[2026-07-01T01:54:00.934+0000][76.897s][info][gc,heap     ] GC(122) Humongous regions: 3->3
[2026-07-01T01:54:00.934+0000][76.897s][info][gc,metaspace] GC(122) Metaspace: 41630K(42432K)->41630K(42432K) NonClass: 36504K(36928K)->36504K(36928K) Class: 5125K(5504K)->5125K(5504K)
[2026-07-01T01:54:00.934+0000][76.897s][info][gc          ] GC(122) Pause Young (Concurrent Start) (G1 Evacuation Pause) 300M->182M(318M) 19.270ms
[2026-07-01T01:54:00.934+0000][76.897s][info][gc,cpu      ] GC(122) User=0.04s Sys=0.00s Real=0.02s
[2026-07-01T01:54:00.937+0000][76.900s][info][gc          ] GC(123) Concurrent Mark Cycle
[2026-07-01T01:54:00.937+0000][76.900s][info][gc,marking  ] GC(123) Concurrent Scan Root Regions
[2026-07-01T01:54:00.956+0000][76.919s][info][gc,marking  ] GC(123) Concurrent Scan Root Regions 18.772ms
[2026-07-01T01:54:00.956+0000][76.919s][info][gc,marking  ] GC(123) Concurrent Mark
[2026-07-01T01:54:00.956+0000][76.919s][info][gc,marking  ] GC(123) Concurrent Mark From Roots
[2026-07-01T01:54:00.956+0000][76.919s][info][gc,task     ] GC(123) Using 1 workers of 1 for marking
[2026-07-01T01:54:01.581+0000][77.544s][info][gc,start    ] GC(124) Pause Young (Normal) (G1 Evacuation Pause)
[2026-07-01T01:54:01.581+0000][77.544s][info][gc,task     ] GC(124) Using 2 workers of 2 for evacuation
[2026-07-01T01:54:01.602+0000][77.565s][info][gc,phases   ] GC(124)   Pre Evacuate Collection Set: 0.17ms
[2026-07-01T01:54:01.602+0000][77.565s][info][gc,phases   ] GC(124)   Merge Heap Roots: 0.41ms
[2026-07-01T01:54:01.602+0000][77.565s][info][gc,phases   ] GC(124)   Evacuate Collection Set: 19.88ms
[2026-07-01T01:54:01.602+0000][77.565s][info][gc,phases   ] GC(124)   Post Evacuate Collection Set: 0.47ms
[2026-07-01T01:54:01.602+0000][77.565s][info][gc,phases   ] GC(124)   Other: 0.06ms
[2026-07-01T01:54:01.602+0000][77.565s][info][gc,heap     ] GC(124) Eden regions: 118->0(118)
[2026-07-01T01:54:01.602+0000][77.565s][info][gc,heap     ] GC(124) Survivor regions: 8->8(16)
[2026-07-01T01:54:01.602+0000][77.565s][info][gc,heap     ] GC(124) Old regions: 172->172
[2026-07-01T01:54:01.602+0000][77.565s][info][gc,heap     ] GC(124) Humongous regions: 3->3
[2026-07-01T01:54:01.602+0000][77.565s][info][gc,metaspace] GC(124) Metaspace: 41636K(42432K)->41636K(42432K) NonClass: 36510K(36928K)->36510K(36928K) Class: 5125K(5504K)->5125K(5504K)
[2026-07-01T01:54:01.602+0000][77.565s][info][gc          ] GC(124) Pause Young (Normal) (G1 Evacuation Pause) 300M->182M(318M) 21.132ms
[2026-07-01T01:54:01.602+0000][77.565s][info][gc,cpu      ] GC(124) User=0.04s Sys=0.00s Real=0.02s
[2026-07-01T01:54:01.611+0000][77.574s][info][gc,marking  ] GC(123) Concurrent Mark From Roots 655.460ms
[2026-07-01T01:54:01.611+0000][77.574s][info][gc,marking  ] GC(123) Concurrent Preclean
[2026-07-01T01:54:01.612+0000][77.574s][info][gc,marking  ] GC(123) Concurrent Preclean 0.084ms
[2026-07-01T01:54:01.612+0000][77.575s][info][gc,start    ] GC(123) Pause Remark
[2026-07-01T01:54:01.619+0000][77.582s][info][gc          ] GC(123) Pause Remark 185M->185M(318M) 6.759ms
[2026-07-01T01:54:01.619+0000][77.582s][info][gc,cpu      ] GC(123) User=0.01s Sys=0.00s Real=0.01s
[2026-07-01T01:54:01.623+0000][77.585s][info][gc,marking  ] GC(123) Concurrent Mark 666.603ms
[2026-07-01T01:54:01.623+0000][77.585s][info][gc,marking  ] GC(123) Concurrent Rebuild Remembered Sets and Scrub Regions
[2026-07-01T01:54:01.793+0000][77.756s][info][gc,marking  ] GC(123) Concurrent Rebuild Remembered Sets and Scrub Regions 170.516ms
[2026-07-01T01:54:01.793+0000][77.756s][info][gc,start    ] GC(123) Pause Cleanup
[2026-07-01T01:54:01.794+0000][77.756s][info][gc          ] GC(123) Pause Cleanup 213M->213M(318M) 0.204ms
[2026-07-01T01:54:01.794+0000][77.756s][info][gc,cpu      ] GC(123) User=0.00s Sys=0.00s Real=0.00s
[2026-07-01T01:54:01.794+0000][77.757s][info][gc,marking  ] GC(123) Concurrent Clear Claimed Marks
[2026-07-01T01:54:01.796+0000][77.758s][info][gc,marking  ] GC(123) Concurrent Clear Claimed Marks 1.790ms
[2026-07-01T01:54:01.796+0000][77.758s][info][gc,marking  ] GC(123) Concurrent Cleanup for Next Mark
[2026-07-01T01:54:01.796+0000][77.759s][info][gc,marking  ] GC(123) Concurrent Cleanup for Next Mark 0.519ms
[2026-07-01T01:54:01.796+0000][77.759s][info][gc          ] GC(123) Concurrent Mark Cycle 859.107ms
[2026-07-01T01:54:02.204+0000][78.167s][info][gc,start    ] GC(125) Pause Young (Prepare Mixed) (G1 Evacuation Pause)
[2026-07-01T01:54:02.204+0000][78.167s][info][gc,task     ] GC(125) Using 2 workers of 2 for evacuation
[2026-07-01T01:54:02.225+0000][78.188s][info][gc,phases   ] GC(125)   Pre Evacuate Collection Set: 0.21ms
[2026-07-01T01:54:02.225+0000][78.188s][info][gc,phases   ] GC(125)   Merge Heap Roots: 0.44ms
[2026-07-01T01:54:02.225+0000][78.188s][info][gc,phases   ] GC(125)   Evacuate Collection Set: 19.34ms
[2026-07-01T01:54:02.225+0000][78.188s][info][gc,phases   ] GC(125)   Post Evacuate Collection Set: 0.48ms
[2026-07-01T01:54:02.225+0000][78.188s][info][gc,phases   ] GC(125)   Other: 0.06ms
[2026-07-01T01:54:02.225+0000][78.188s][info][gc,heap     ] GC(125) Eden regions: 118->0(117)
[2026-07-01T01:54:02.225+0000][78.188s][info][gc,heap     ] GC(125) Survivor regions: 8->8(16)
[2026-07-01T01:54:02.225+0000][78.188s][info][gc,heap     ] GC(125) Old regions: 172->173
[2026-07-01T01:54:02.225+0000][78.188s][info][gc,heap     ] GC(125) Humongous regions: 3->3
[2026-07-01T01:54:02.225+0000][78.188s][info][gc,metaspace] GC(125) Metaspace: 41642K(42432K)->41642K(42432K) NonClass: 36516K(36928K)->36516K(36928K) Class: 5125K(5504K)->5125K(5504K)
[2026-07-01T01:54:02.225+0000][78.188s][info][gc          ] GC(125) Pause Young (Prepare Mixed) (G1 Evacuation Pause) 300M->183M(318M) 20.682ms
[2026-07-01T01:54:02.225+0000][78.188s][info][gc,cpu      ] GC(125) User=0.04s Sys=0.00s Real=0.02s
[2026-07-01T01:54:02.764+0000][78.727s][info][gc,start    ] GC(126) Pause Young (Mixed) (G1 Evacuation Pause)
[2026-07-01T01:54:02.764+0000][78.727s][info][gc,task     ] GC(126) Using 2 workers of 2 for evacuation
[2026-07-01T01:54:02.780+0000][78.743s][info][gc,phases   ] GC(126)   Pre Evacuate Collection Set: 0.18ms
[2026-07-01T01:54:02.780+0000][78.743s][info][gc,phases   ] GC(126)   Merge Heap Roots: 0.40ms
[2026-07-01T01:54:02.780+0000][78.743s][info][gc,phases   ] GC(126)   Evacuate Collection Set: 14.97ms
[2026-07-01T01:54:02.780+0000][78.743s][info][gc,phases   ] GC(126)   Post Evacuate Collection Set: 0.50ms
[2026-07-01T01:54:02.780+0000][78.743s][info][gc,phases   ] GC(126)   Other: 0.06ms
[2026-07-01T01:54:02.780+0000][78.743s][info][gc,heap     ] GC(126) Eden regions: 117->0(117)
[2026-07-01T01:54:02.780+0000][78.743s][info][gc,heap     ] GC(126) Survivor regions: 8->8(16)
[2026-07-01T01:54:02.780+0000][78.743s][info][gc,heap     ] GC(126) Old regions: 173->173
[2026-07-01T01:54:02.780+0000][78.743s][info][gc,heap     ] GC(126) Humongous regions: 3->3
[2026-07-01T01:54:02.780+0000][78.743s][info][gc,metaspace] GC(126) Metaspace: 41642K(42432K)->41642K(42432K) NonClass: 36516K(36928K)->36516K(36928K) Class: 5125K(5504K)->5125K(5504K)
[2026-07-01T01:54:02.780+0000][78.743s][info][gc          ] GC(126) Pause Young (Mixed) (G1 Evacuation Pause) 300M->183M(318M) 16.267ms
[2026-07-01T01:54:02.780+0000][78.743s][info][gc,cpu      ] GC(126) User=0.03s Sys=0.00s Real=0.02s
[2026-07-01T01:54:03.332+0000][79.294s][info][gc,start    ] GC(127) Pause Young (Concurrent Start) (G1 Evacuation Pause)
[2026-07-01T01:54:03.332+0000][79.295s][info][gc,task     ] GC(127) Using 2 workers of 2 for evacuation
[2026-07-01T01:54:03.353+0000][79.316s][info][gc,phases   ] GC(127)   Pre Evacuate Collection Set: 0.23ms
[2026-07-01T01:54:03.353+0000][79.316s][info][gc,phases   ] GC(127)   Merge Heap Roots: 0.54ms
[2026-07-01T01:54:03.353+0000][79.316s][info][gc,phases   ] GC(127)   Evacuate Collection Set: 19.64ms
[2026-07-01T01:54:03.353+0000][79.316s][info][gc,phases   ] GC(127)   Post Evacuate Collection Set: 0.45ms
[2026-07-01T01:54:03.353+0000][79.316s][info][gc,phases   ] GC(127)   Other: 0.09ms
[2026-07-01T01:54:03.353+0000][79.316s][info][gc,heap     ] GC(127) Eden regions: 117->0(116)
[2026-07-01T01:54:03.353+0000][79.316s][info][gc,heap     ] GC(127) Survivor regions: 8->8(16)
[2026-07-01T01:54:03.353+0000][79.316s][info][gc,heap     ] GC(127) Old regions: 173->174
[2026-07-01T01:54:03.353+0000][79.316s][info][gc,heap     ] GC(127) Humongous regions: 3->3
[2026-07-01T01:54:03.353+0000][79.316s][info][gc,metaspace] GC(127) Metaspace: 41642K(42432K)->41642K(42432K) NonClass: 36516K(36928K)->36516K(36928K) Class: 5125K(5504K)->5125K(5504K)
[2026-07-01T01:54:03.353+0000][79.316s][info][gc          ] GC(127) Pause Young (Concurrent Start) (G1 Evacuation Pause) 300M->184M(318M) 21.113ms
[2026-07-01T01:54:03.353+0000][79.316s][info][gc          ] GC(128) Concurrent Mark Cycle
[2026-07-01T01:54:03.353+0000][79.316s][info][gc,marking  ] GC(128) Concurrent Scan Root Regions
[2026-07-01T01:54:03.353+0000][79.316s][info][gc,cpu      ] GC(127) User=0.04s Sys=0.00s Real=0.02s
[2026-07-01T01:54:03.371+0000][79.334s][info][gc,marking  ] GC(128) Concurrent Scan Root Regions 18.386ms
[2026-07-01T01:54:03.371+0000][79.334s][info][gc,marking  ] GC(128) Concurrent Mark
[2026-07-01T01:54:03.371+0000][79.334s][info][gc,marking  ] GC(128) Concurrent Mark From Roots
[2026-07-01T01:54:03.371+0000][79.334s][info][gc,task     ] GC(128) Using 1 workers of 1 for marking
[2026-07-01T01:54:03.950+0000][79.912s][info][gc,marking  ] GC(128) Concurrent Mark From Roots 578.185ms
[2026-07-01T01:54:03.950+0000][79.912s][info][gc,marking  ] GC(128) Concurrent Preclean
[2026-07-01T01:54:03.950+0000][79.913s][info][gc,marking  ] GC(128) Concurrent Preclean 0.070ms
[2026-07-01T01:54:03.950+0000][79.913s][info][gc,start    ] GC(128) Pause Remark
[2026-07-01T01:54:03.957+0000][79.920s][info][gc          ] GC(128) Pause Remark 286M->286M(318M) 7.024ms
[2026-07-01T01:54:03.957+0000][79.920s][info][gc,cpu      ] GC(128) User=0.01s Sys=0.00s Real=0.00s
[2026-07-01T01:54:03.959+0000][79.921s][info][gc,marking  ] GC(128) Concurrent Mark 587.135ms
[2026-07-01T01:54:03.959+0000][79.921s][info][gc,marking  ] GC(128) Concurrent Rebuild Remembered Sets and Scrub Regions
[2026-07-01T01:54:04.041+0000][80.003s][info][gc,start    ] GC(129) Pause Young (Normal) (G1 Evacuation Pause)
[2026-07-01T01:54:04.041+0000][80.003s][info][gc,task     ] GC(129) Using 2 workers of 2 for evacuation
[2026-07-01T01:54:04.057+0000][80.020s][info][gc,phases   ] GC(129)   Pre Evacuate Collection Set: 0.27ms
[2026-07-01T01:54:04.057+0000][80.020s][info][gc,phases   ] GC(129)   Merge Heap Roots: 1.57ms
[2026-07-01T01:54:04.057+0000][80.020s][info][gc,phases   ] GC(129)   Evacuate Collection Set: 14.17ms
[2026-07-01T01:54:04.057+0000][80.020s][info][gc,phases   ] GC(129)   Post Evacuate Collection Set: 0.48ms
[2026-07-01T01:54:04.057+0000][80.020s][info][gc,phases   ] GC(129)   Other: 0.06ms
[2026-07-01T01:54:04.057+0000][80.020s][info][gc,heap     ] GC(129) Eden regions: 116->0(116)
[2026-07-01T01:54:04.057+0000][80.020s][info][gc,heap     ] GC(129) Survivor regions: 8->8(16)
[2026-07-01T01:54:04.057+0000][80.020s][info][gc,heap     ] GC(129) Old regions: 174->174
[2026-07-01T01:54:04.057+0000][80.020s][info][gc,heap     ] GC(129) Humongous regions: 3->3
[2026-07-01T01:54:04.057+0000][80.020s][info][gc,metaspace] GC(129) Metaspace: 41642K(42432K)->41642K(42432K) NonClass: 36516K(36928K)->36516K(36928K) Class: 5125K(5504K)->5125K(5504K)
[2026-07-01T01:54:04.057+0000][80.020s][info][gc          ] GC(129) Pause Young (Normal) (G1 Evacuation Pause) 300M->184M(318M) 16.700ms
[2026-07-01T01:54:04.057+0000][80.020s][info][gc,cpu      ] GC(129) User=0.03s Sys=0.00s Real=0.01s
[2026-07-01T01:54:04.187+0000][80.150s][info][gc,marking  ] GC(128) Concurrent Rebuild Remembered Sets and Scrub Regions 228.318ms
[2026-07-01T01:54:04.187+0000][80.150s][info][gc,start    ] GC(128) Pause Cleanup
[2026-07-01T01:54:04.187+0000][80.150s][info][gc          ] GC(128) Pause Cleanup 210M->210M(318M) 0.161ms
[2026-07-01T01:54:04.187+0000][80.150s][info][gc,cpu      ] GC(128) User=0.00s Sys=0.00s Real=0.00s
[2026-07-01T01:54:04.188+0000][80.150s][info][gc,marking  ] GC(128) Concurrent Clear Claimed Marks
[2026-07-01T01:54:04.188+0000][80.150s][info][gc,marking  ] GC(128) Concurrent Clear Claimed Marks 0.088ms
[2026-07-01T01:54:04.188+0000][80.150s][info][gc,marking  ] GC(128) Concurrent Cleanup for Next Mark
[2026-07-01T01:54:04.188+0000][80.151s][info][gc,marking  ] GC(128) Concurrent Cleanup for Next Mark 0.750ms
[2026-07-01T01:54:04.188+0000][80.151s][info][gc          ] GC(128) Concurrent Mark Cycle 835.477ms
[2026-07-01T01:54:04.606+0000][80.569s][info][gc,start    ] GC(130) Pause Young (Prepare Mixed) (G1 Evacuation Pause)
[2026-07-01T01:54:04.606+0000][80.569s][info][gc,task     ] GC(130) Using 2 workers of 2 for evacuation
[2026-07-01T01:54:04.627+0000][80.590s][info][gc,phases   ] GC(130)   Pre Evacuate Collection Set: 0.18ms
[2026-07-01T01:54:04.627+0000][80.590s][info][gc,phases   ] GC(130)   Merge Heap Roots: 0.43ms
[2026-07-01T01:54:04.627+0000][80.590s][info][gc,phases   ] GC(130)   Evacuate Collection Set: 19.44ms
[2026-07-01T01:54:04.627+0000][80.590s][info][gc,phases   ] GC(130)   Post Evacuate Collection Set: 0.46ms
[2026-07-01T01:54:04.627+0000][80.590s][info][gc,phases   ] GC(130)   Other: 0.08ms
[2026-07-01T01:54:04.627+0000][80.590s][info][gc,heap     ] GC(130) Eden regions: 116->0(116)
[2026-07-01T01:54:04.627+0000][80.590s][info][gc,heap     ] GC(130) Survivor regions: 8->8(16)
[2026-07-01T01:54:04.627+0000][80.590s][info][gc,heap     ] GC(130) Old regions: 174->174
[2026-07-01T01:54:04.627+0000][80.590s][info][gc,heap     ] GC(130) Humongous regions: 3->3
[2026-07-01T01:54:04.627+0000][80.590s][info][gc,metaspace] GC(130) Metaspace: 41642K(42432K)->41642K(42432K) NonClass: 36516K(36928K)->36516K(36928K) Class: 5125K(5504K)->5125K(5504K)
[2026-07-01T01:54:04.627+0000][80.590s][info][gc          ] GC(130) Pause Young (Prepare Mixed) (G1 Evacuation Pause) 300M->184M(318M) 20.758ms
[2026-07-01T01:54:04.627+0000][80.590s][info][gc,cpu      ] GC(130) User=0.04s Sys=0.00s Real=0.02s
[2026-07-01T01:54:05.292+0000][81.255s][info][gc,start    ] GC(131) Pause Young (Mixed) (G1 Evacuation Pause)
[2026-07-01T01:54:05.292+0000][81.255s][info][gc,task     ] GC(131) Using 2 workers of 2 for evacuation
[2026-07-01T01:54:05.315+0000][81.277s][info][gc,phases   ] GC(131)   Pre Evacuate Collection Set: 0.18ms
[2026-07-01T01:54:05.315+0000][81.277s][info][gc,phases   ] GC(131)   Merge Heap Roots: 0.34ms
[2026-07-01T01:54:05.315+0000][81.277s][info][gc,phases   ] GC(131)   Evacuate Collection Set: 21.33ms
[2026-07-01T01:54:05.315+0000][81.277s][info][gc,phases   ] GC(131)   Post Evacuate Collection Set: 0.44ms
[2026-07-01T01:54:05.315+0000][81.277s][info][gc,phases   ] GC(131)   Other: 0.06ms
[2026-07-01T01:54:05.315+0000][81.277s][info][gc,heap     ] GC(131) Eden regions: 116->0(115)
[2026-07-01T01:54:05.315+0000][81.277s][info][gc,heap     ] GC(131) Survivor regions: 8->8(16)
[2026-07-01T01:54:05.315+0000][81.277s][info][gc,heap     ] GC(131) Old regions: 174->175
[2026-07-01T01:54:05.315+0000][81.277s][info][gc,heap     ] GC(131) Humongous regions: 3->3
[2026-07-01T01:54:05.315+0000][81.277s][info][gc,metaspace] GC(131) Metaspace: 41642K(42432K)->41642K(42432K) NonClass: 36516K(36928K)->36516K(36928K) Class: 5125K(5504K)->5125K(5504K)
[2026-07-01T01:54:05.315+0000][81.277s][info][gc          ] GC(131) Pause Young (Mixed) (G1 Evacuation Pause) 300M->184M(318M) 22.557ms
[2026-07-01T01:54:05.315+0000][81.277s][info][gc,cpu      ] GC(131) User=0.04s Sys=0.00s Real=0.02s
[2026-07-01T01:54:06.206+0000][82.169s][info][gc,start    ] GC(132) Pause Young (Concurrent Start) (G1 Evacuation Pause)
[2026-07-01T01:54:06.206+0000][82.169s][info][gc,task     ] GC(132) Using 2 workers of 2 for evacuation
[2026-07-01T01:54:06.250+0000][82.213s][info][gc,phases   ] GC(132)   Pre Evacuate Collection Set: 0.21ms
[2026-07-01T01:54:06.250+0000][82.213s][info][gc,phases   ] GC(132)   Merge Heap Roots: 0.51ms
[2026-07-01T01:54:06.250+0000][82.213s][info][gc,phases   ] GC(132)   Evacuate Collection Set: 42.77ms
[2026-07-01T01:54:06.250+0000][82.213s][info][gc,phases   ] GC(132)   Post Evacuate Collection Set: 0.64ms
[2026-07-01T01:54:06.250+0000][82.213s][info][gc,phases   ] GC(132)   Other: 0.08ms
[2026-07-01T01:54:06.250+0000][82.213s][info][gc,heap     ] GC(132) Eden regions: 115->0(115)
[2026-07-01T01:54:06.250+0000][82.213s][info][gc,heap     ] GC(132) Survivor regions: 8->8(16)
[2026-07-01T01:54:06.250+0000][82.213s][info][gc,heap     ] GC(132) Old regions: 175->175
[2026-07-01T01:54:06.250+0000][82.213s][info][gc,heap     ] GC(132) Humongous regions: 3->3
[2026-07-01T01:54:06.250+0000][82.213s][info][gc,metaspace] GC(132) Metaspace: 41642K(42432K)->41642K(42432K) NonClass: 36516K(36928K)->36516K(36928K) Class: 5125K(5504K)->5125K(5504K)
[2026-07-01T01:54:06.250+0000][82.213s][info][gc          ] GC(132) Pause Young (Concurrent Start) (G1 Evacuation Pause) 299M->185M(318M) 44.443ms
[2026-07-01T01:54:06.252+0000][82.215s][info][gc          ] GC(133) Concurrent Mark Cycle
[2026-07-01T01:54:06.252+0000][82.215s][info][gc,marking  ] GC(133) Concurrent Scan Root Regions
[2026-07-01T01:54:06.252+0000][82.215s][info][gc,cpu      ] GC(132) User=0.04s Sys=0.01s Real=0.05s
[2026-07-01T01:54:06.268+0000][82.230s][info][gc,marking  ] GC(133) Concurrent Scan Root Regions 15.598ms
[2026-07-01T01:54:06.268+0000][82.230s][info][gc,marking  ] GC(133) Concurrent Mark
[2026-07-01T01:54:06.268+0000][82.230s][info][gc,marking  ] GC(133) Concurrent Mark From Roots
[2026-07-01T01:54:06.268+0000][82.230s][info][gc,task     ] GC(133) Using 1 workers of 1 for marking
[2026-07-01T01:54:06.636+0000][82.599s][info][gc,marking  ] GC(133) Concurrent Mark From Roots 368.114ms
[2026-07-01T01:54:06.636+0000][82.599s][info][gc,marking  ] GC(133) Concurrent Preclean
[2026-07-01T01:54:06.636+0000][82.599s][info][gc,marking  ] GC(133) Concurrent Preclean 0.075ms
[2026-07-01T01:54:06.636+0000][82.599s][info][gc,start    ] GC(133) Pause Remark
[2026-07-01T01:54:06.643+0000][82.605s][info][gc          ] GC(133) Pause Remark 221M->221M(318M) 6.484ms
[2026-07-01T01:54:06.643+0000][82.605s][info][gc,cpu      ] GC(133) User=0.01s Sys=0.00s Real=0.01s
[2026-07-01T01:54:06.646+0000][82.608s][info][gc,marking  ] GC(133) Concurrent Mark 377.854ms
[2026-07-01T01:54:06.646+0000][82.608s][info][gc,marking  ] GC(133) Concurrent Rebuild Remembered Sets and Scrub Regions
[2026-07-01T01:54:06.767+0000][82.730s][info][gc,marking  ] GC(133) Concurrent Rebuild Remembered Sets and Scrub Regions 121.719ms
[2026-07-01T01:54:06.767+0000][82.730s][info][gc,start    ] GC(133) Pause Cleanup
[2026-07-01T01:54:06.768+0000][82.730s][info][gc          ] GC(133) Pause Cleanup 233M->233M(318M) 0.137ms
[2026-07-01T01:54:06.768+0000][82.730s][info][gc,cpu      ] GC(133) User=0.00s Sys=0.00s Real=0.00s
[2026-07-01T01:54:06.768+0000][82.731s][info][gc,marking  ] GC(133) Concurrent Clear Claimed Marks
[2026-07-01T01:54:06.768+0000][82.731s][info][gc,marking  ] GC(133) Concurrent Clear Claimed Marks 0.092ms
[2026-07-01T01:54:06.768+0000][82.731s][info][gc,marking  ] GC(133) Concurrent Cleanup for Next Mark
[2026-07-01T01:54:06.769+0000][82.732s][info][gc,marking  ] GC(133) Concurrent Cleanup for Next Mark 0.529ms
[2026-07-01T01:54:06.769+0000][82.732s][info][gc          ] GC(133) Concurrent Mark Cycle 516.783ms
[2026-07-01T01:54:07.247+0000][83.210s][info][gc,start    ] GC(134) Pause Young (Prepare Mixed) (G1 Evacuation Pause)
[2026-07-01T01:54:07.247+0000][83.210s][info][gc,task     ] GC(134) Using 2 workers of 2 for evacuation
[2026-07-01T01:54:07.298+0000][83.261s][info][gc,phases   ] GC(134)   Pre Evacuate Collection Set: 0.19ms
[2026-07-01T01:54:07.298+0000][83.261s][info][gc,phases   ] GC(134)   Merge Heap Roots: 0.49ms
[2026-07-01T01:54:07.298+0000][83.261s][info][gc,phases   ] GC(134)   Evacuate Collection Set: 49.68ms
[2026-07-01T01:54:07.298+0000][83.261s][info][gc,phases   ] GC(134)   Post Evacuate Collection Set: 0.50ms
[2026-07-01T01:54:07.298+0000][83.261s][info][gc,phases   ] GC(134)   Other: 0.08ms
[2026-07-01T01:54:07.298+0000][83.261s][info][gc,heap     ] GC(134) Eden regions: 115->0(115)
[2026-07-01T01:54:07.298+0000][83.261s][info][gc,heap     ] GC(134) Survivor regions: 8->8(16)
[2026-07-01T01:54:07.298+0000][83.261s][info][gc,heap     ] GC(134) Old regions: 175->175
[2026-07-01T01:54:07.298+0000][83.261s][info][gc,heap     ] GC(134) Humongous regions: 3->3
[2026-07-01T01:54:07.298+0000][83.261s][info][gc,metaspace] GC(134) Metaspace: 41642K(42432K)->41642K(42432K) NonClass: 36516K(36928K)->36516K(36928K) Class: 5125K(5504K)->5125K(5504K)
[2026-07-01T01:54:07.298+0000][83.261s][info][gc          ] GC(134) Pause Young (Prepare Mixed) (G1 Evacuation Pause) 300M->185M(318M) 51.149ms
[2026-07-01T01:54:07.298+0000][83.261s][info][gc,cpu      ] GC(134) User=0.04s Sys=0.00s Real=0.06s
[2026-07-01T01:54:08.123+0000][84.085s][info][gc,start    ] GC(135) Pause Young (Mixed) (G1 Evacuation Pause)
[2026-07-01T01:54:08.123+0000][84.085s][info][gc,task     ] GC(135) Using 2 workers of 2 for evacuation
[2026-07-01T01:54:08.171+0000][84.134s][info][gc,phases   ] GC(135)   Pre Evacuate Collection Set: 0.19ms
[2026-07-01T01:54:08.171+0000][84.134s][info][gc,phases   ] GC(135)   Merge Heap Roots: 0.32ms
[2026-07-01T01:54:08.171+0000][84.134s][info][gc,phases   ] GC(135)   Evacuate Collection Set: 46.98ms
[2026-07-01T01:54:08.171+0000][84.134s][info][gc,phases   ] GC(135)   Post Evacuate Collection Set: 0.83ms
[2026-07-01T01:54:08.171+0000][84.134s][info][gc,phases   ] GC(135)   Other: 0.07ms
[2026-07-01T01:54:08.171+0000][84.134s][info][gc,heap     ] GC(135) Eden regions: 115->0(114)
[2026-07-01T01:54:08.171+0000][84.134s][info][gc,heap     ] GC(135) Survivor regions: 8->8(16)
[2026-07-01T01:54:08.171+0000][84.134s][info][gc,heap     ] GC(135) Old regions: 175->176
[2026-07-01T01:54:08.171+0000][84.134s][info][gc,heap     ] GC(135) Humongous regions: 3->3
[2026-07-01T01:54:08.171+0000][84.134s][info][gc,metaspace] GC(135) Metaspace: 41642K(42432K)->41642K(42432K) NonClass: 36516K(36928K)->36516K(36928K) Class: 5125K(5504K)->5125K(5504K)
[2026-07-01T01:54:08.171+0000][84.134s][info][gc          ] GC(135) Pause Young (Mixed) (G1 Evacuation Pause) 300M->185M(318M) 48.613ms
[2026-07-01T01:54:08.171+0000][84.134s][info][gc,cpu      ] GC(135) User=0.04s Sys=0.00s Real=0.05s
[2026-07-01T01:54:09.014+0000][84.977s][info][gc,start    ] GC(136) Pause Young (Concurrent Start) (G1 Evacuation Pause)
[2026-07-01T01:54:09.015+0000][84.977s][info][gc,task     ] GC(136) Using 2 workers of 2 for evacuation
[2026-07-01T01:54:09.052+0000][85.015s][info][gc,phases   ] GC(136)   Pre Evacuate Collection Set: 0.25ms
[2026-07-01T01:54:09.052+0000][85.015s][info][gc,phases   ] GC(136)   Merge Heap Roots: 0.73ms
[2026-07-01T01:54:09.052+0000][85.015s][info][gc,phases   ] GC(136)   Evacuate Collection Set: 35.77ms
[2026-07-01T01:54:09.052+0000][85.015s][info][gc,phases   ] GC(136)   Post Evacuate Collection Set: 0.80ms
[2026-07-01T01:54:09.052+0000][85.015s][info][gc,phases   ] GC(136)   Other: 0.10ms
[2026-07-01T01:54:09.052+0000][85.015s][info][gc,heap     ] GC(136) Eden regions: 114->0(114)
[2026-07-01T01:54:09.052+0000][85.015s][info][gc,heap     ] GC(136) Survivor regions: 8->8(16)
[2026-07-01T01:54:09.052+0000][85.015s][info][gc,heap     ] GC(136) Old regions: 176->176
[2026-07-01T01:54:09.052+0000][85.015s][info][gc,heap     ] GC(136) Humongous regions: 3->3
[2026-07-01T01:54:09.052+0000][85.015s][info][gc,metaspace] GC(136) Metaspace: 41642K(42432K)->41642K(42432K) NonClass: 36516K(36928K)->36516K(36928K) Class: 5125K(5504K)->5125K(5504K)
[2026-07-01T01:54:09.052+0000][85.015s][info][gc          ] GC(136) Pause Young (Concurrent Start) (G1 Evacuation Pause) 299M->186M(318M) 37.870ms
[2026-07-01T01:54:09.052+0000][85.015s][info][gc          ] GC(137) Concurrent Mark Cycle
[2026-07-01T01:54:09.052+0000][85.015s][info][gc,marking  ] GC(137) Concurrent Scan Root Regions
[2026-07-01T01:54:09.052+0000][85.015s][info][gc,cpu      ] GC(136) User=0.04s Sys=0.00s Real=0.04s
[2026-07-01T01:54:09.071+0000][85.034s][info][gc,marking  ] GC(137) Concurrent Scan Root Regions 18.711ms
[2026-07-01T01:54:09.071+0000][85.034s][info][gc,marking  ] GC(137) Concurrent Mark
[2026-07-01T01:54:09.071+0000][85.034s][info][gc,marking  ] GC(137) Concurrent Mark From Roots
[2026-07-01T01:54:09.071+0000][85.034s][info][gc,task     ] GC(137) Using 1 workers of 1 for marking
[2026-07-01T01:54:09.439+0000][85.402s][info][gc,marking  ] GC(137) Concurrent Mark From Roots 367.954ms
[2026-07-01T01:54:09.439+0000][85.402s][info][gc,marking  ] GC(137) Concurrent Preclean
[2026-07-01T01:54:09.439+0000][85.402s][info][gc,marking  ] GC(137) Concurrent Preclean 0.056ms
[2026-07-01T01:54:09.439+0000][85.402s][info][gc,start    ] GC(137) Pause Remark
[2026-07-01T01:54:09.446+0000][85.409s][info][gc          ] GC(137) Pause Remark 226M->226M(318M) 7.216ms
[2026-07-01T01:54:09.446+0000][85.409s][info][gc,cpu      ] GC(137) User=0.01s Sys=0.01s Real=0.00s
[2026-07-01T01:54:09.450+0000][85.413s][info][gc,marking  ] GC(137) Concurrent Mark 379.382ms
[2026-07-01T01:54:09.451+0000][85.413s][info][gc,marking  ] GC(137) Concurrent Rebuild Remembered Sets and Scrub Regions
[2026-07-01T01:54:09.660+0000][85.622s][info][gc,marking  ] GC(137) Concurrent Rebuild Remembered Sets and Scrub Regions 209.217ms
[2026-07-01T01:54:09.660+0000][85.623s][info][gc,start    ] GC(137) Pause Cleanup
[2026-07-01T01:54:09.660+0000][85.623s][info][gc          ] GC(137) Pause Cleanup 248M->248M(318M) 0.200ms
[2026-07-01T01:54:09.660+0000][85.623s][info][gc,cpu      ] GC(137) User=0.00s Sys=0.00s Real=0.00s
[2026-07-01T01:54:09.661+0000][85.623s][info][gc,marking  ] GC(137) Concurrent Clear Claimed Marks
[2026-07-01T01:54:09.661+0000][85.623s][info][gc,marking  ] GC(137) Concurrent Clear Claimed Marks 0.087ms
[2026-07-01T01:54:09.661+0000][85.623s][info][gc,marking  ] GC(137) Concurrent Cleanup for Next Mark
[2026-07-01T01:54:09.662+0000][85.624s][info][gc,marking  ] GC(137) Concurrent Cleanup for Next Mark 1.158ms
[2026-07-01T01:54:09.662+0000][85.625s][info][gc          ] GC(137) Concurrent Mark Cycle 609.484ms
[2026-07-01T01:54:10.035+0000][85.997s][info][gc,start    ] GC(138) Pause Young (Prepare Mixed) (G1 Evacuation Pause)
[2026-07-01T01:54:10.035+0000][85.997s][info][gc,task     ] GC(138) Using 2 workers of 2 for evacuation
[2026-07-01T01:54:10.077+0000][86.039s][info][gc,phases   ] GC(138)   Pre Evacuate Collection Set: 0.17ms
[2026-07-01T01:54:10.077+0000][86.039s][info][gc,phases   ] GC(138)   Merge Heap Roots: 0.85ms
[2026-07-01T01:54:10.077+0000][86.039s][info][gc,phases   ] GC(138)   Evacuate Collection Set: 40.25ms
[2026-07-01T01:54:10.077+0000][86.039s][info][gc,phases   ] GC(138)   Post Evacuate Collection Set: 0.48ms
[2026-07-01T01:54:10.077+0000][86.039s][info][gc,phases   ] GC(138)   Other: 0.07ms
[2026-07-01T01:54:10.077+0000][86.039s][info][gc,heap     ] GC(138) Eden regions: 114->0(113)
[2026-07-01T01:54:10.077+0000][86.039s][info][gc,heap     ] GC(138) Survivor regions: 8->8(16)
[2026-07-01T01:54:10.077+0000][86.039s][info][gc,heap     ] GC(138) Old regions: 176->177
[2026-07-01T01:54:10.077+0000][86.039s][info][gc,heap     ] GC(138) Humongous regions: 3->3
[2026-07-01T01:54:10.077+0000][86.039s][info][gc,metaspace] GC(138) Metaspace: 41642K(42432K)->41642K(42432K) NonClass: 36516K(36928K)->36516K(36928K) Class: 5125K(5504K)->5125K(5504K)
[2026-07-01T01:54:10.077+0000][86.039s][info][gc          ] GC(138) Pause Young (Prepare Mixed) (G1 Evacuation Pause) 300M->186M(318M) 42.025ms
[2026-07-01T01:54:10.077+0000][86.039s][info][gc,cpu      ] GC(138) User=0.05s Sys=0.00s Real=0.04s
[2026-07-01T01:54:10.927+0000][86.890s][info][gc,start    ] GC(139) Pause Young (Mixed) (G1 Evacuation Pause)
[2026-07-01T01:54:10.928+0000][86.890s][info][gc,task     ] GC(139) Using 2 workers of 2 for evacuation
[2026-07-01T01:54:10.951+0000][86.913s][info][gc,phases   ] GC(139)   Pre Evacuate Collection Set: 0.16ms
[2026-07-01T01:54:10.951+0000][86.913s][info][gc,phases   ] GC(139)   Merge Heap Roots: 0.30ms
[2026-07-01T01:54:10.951+0000][86.913s][info][gc,phases   ] GC(139)   Evacuate Collection Set: 22.08ms
[2026-07-01T01:54:10.951+0000][86.913s][info][gc,phases   ] GC(139)   Post Evacuate Collection Set: 0.45ms
[2026-07-01T01:54:10.951+0000][86.913s][info][gc,phases   ] GC(139)   Other: 0.06ms
[2026-07-01T01:54:10.951+0000][86.913s][info][gc,heap     ] GC(139) Eden regions: 113->0(113)
[2026-07-01T01:54:10.951+0000][86.913s][info][gc,heap     ] GC(139) Survivor regions: 8->8(16)
[2026-07-01T01:54:10.951+0000][86.913s][info][gc,heap     ] GC(139) Old regions: 177->177
[2026-07-01T01:54:10.951+0000][86.913s][info][gc,heap     ] GC(139) Humongous regions: 3->3
[2026-07-01T01:54:10.951+0000][86.913s][info][gc,metaspace] GC(139) Metaspace: 41642K(42432K)->41642K(42432K) NonClass: 36516K(36928K)->36516K(36928K) Class: 5125K(5504K)->5125K(5504K)
[2026-07-01T01:54:10.951+0000][86.913s][info][gc          ] GC(139) Pause Young (Mixed) (G1 Evacuation Pause) 299M->186M(318M) 23.202ms
[2026-07-01T01:54:10.951+0000][86.913s][info][gc,cpu      ] GC(139) User=0.04s Sys=0.00s Real=0.03s
[2026-07-01T01:54:11.548+0000][87.510s][info][gc,start    ] GC(140) Pause Young (Concurrent Start) (G1 Evacuation Pause)
[2026-07-01T01:54:11.548+0000][87.510s][info][gc,task     ] GC(140) Using 2 workers of 2 for evacuation
[2026-07-01T01:54:11.568+0000][87.530s][info][gc,phases   ] GC(140)   Pre Evacuate Collection Set: 0.18ms
[2026-07-01T01:54:11.568+0000][87.530s][info][gc,phases   ] GC(140)   Merge Heap Roots: 0.31ms
[2026-07-01T01:54:11.568+0000][87.530s][info][gc,phases   ] GC(140)   Evacuate Collection Set: 18.78ms
[2026-07-01T01:54:11.568+0000][87.530s][info][gc,phases   ] GC(140)   Post Evacuate Collection Set: 0.43ms
[2026-07-01T01:54:11.568+0000][87.530s][info][gc,phases   ] GC(140)   Other: 0.08ms
[2026-07-01T01:54:11.568+0000][87.530s][info][gc,heap     ] GC(140) Eden regions: 113->0(113)
[2026-07-01T01:54:11.568+0000][87.530s][info][gc,heap     ] GC(140) Survivor regions: 8->8(16)
[2026-07-01T01:54:11.568+0000][87.530s][info][gc,heap     ] GC(140) Old regions: 177->177
[2026-07-01T01:54:11.568+0000][87.530s][info][gc,heap     ] GC(140) Humongous regions: 3->3
[2026-07-01T01:54:11.568+0000][87.530s][info][gc,metaspace] GC(140) Metaspace: 41642K(42432K)->41642K(42432K) NonClass: 36516K(36928K)->36516K(36928K) Class: 5125K(5504K)->5125K(5504K)
[2026-07-01T01:54:11.568+0000][87.530s][info][gc          ] GC(140) Pause Young (Concurrent Start) (G1 Evacuation Pause) 299M->187M(318M) 19.931ms
[2026-07-01T01:54:11.568+0000][87.530s][info][gc          ] GC(141) Concurrent Mark Cycle
[2026-07-01T01:54:11.568+0000][87.530s][info][gc,marking  ] GC(141) Concurrent Scan Root Regions
[2026-07-01T01:54:11.568+0000][87.530s][info][gc,cpu      ] GC(140) User=0.04s Sys=0.00s Real=0.02s
[2026-07-01T01:54:11.590+0000][87.553s][info][gc,marking  ] GC(141) Concurrent Scan Root Regions 22.620ms
[2026-07-01T01:54:11.590+0000][87.553s][info][gc,marking  ] GC(141) Concurrent Mark
[2026-07-01T01:54:11.590+0000][87.553s][info][gc,marking  ] GC(141) Concurrent Mark From Roots
[2026-07-01T01:54:11.590+0000][87.553s][info][gc,task     ] GC(141) Using 1 workers of 1 for marking
[2026-07-01T01:54:12.098+0000][88.061s][info][gc,marking  ] GC(141) Concurrent Mark From Roots 508.036ms
[2026-07-01T01:54:12.098+0000][88.061s][info][gc,marking  ] GC(141) Concurrent Preclean
[2026-07-01T01:54:12.098+0000][88.061s][info][gc,marking  ] GC(141) Concurrent Preclean 0.068ms
[2026-07-01T01:54:12.099+0000][88.061s][info][gc,start    ] GC(141) Pause Remark
[2026-07-01T01:54:12.106+0000][88.068s][info][gc          ] GC(141) Pause Remark 276M->276M(318M) 7.106ms
[2026-07-01T01:54:12.106+0000][88.068s][info][gc,cpu      ] GC(141) User=0.01s Sys=0.00s Real=0.00s
[2026-07-01T01:54:12.107+0000][88.070s][info][gc,marking  ] GC(141) Concurrent Mark 517.068ms
[2026-07-01T01:54:12.107+0000][88.070s][info][gc,marking  ] GC(141) Concurrent Rebuild Remembered Sets and Scrub Regions
[2026-07-01T01:54:12.237+0000][88.199s][info][gc,start    ] GC(142) Pause Young (Normal) (G1 Evacuation Pause)
[2026-07-01T01:54:12.237+0000][88.199s][info][gc,task     ] GC(142) Using 2 workers of 2 for evacuation
[2026-07-01T01:54:12.254+0000][88.217s][info][gc,phases   ] GC(142)   Pre Evacuate Collection Set: 0.14ms
[2026-07-01T01:54:12.254+0000][88.217s][info][gc,phases   ] GC(142)   Merge Heap Roots: 0.45ms
[2026-07-01T01:54:12.254+0000][88.217s][info][gc,phases   ] GC(142)   Evacuate Collection Set: 15.93ms
[2026-07-01T01:54:12.254+0000][88.217s][info][gc,phases   ] GC(142)   Post Evacuate Collection Set: 0.55ms
[2026-07-01T01:54:12.254+0000][88.217s][info][gc,phases   ] GC(142)   Other: 0.06ms
[2026-07-01T01:54:12.254+0000][88.217s][info][gc,heap     ] GC(142) Eden regions: 113->0(112)
[2026-07-01T01:54:12.254+0000][88.217s][info][gc,heap     ] GC(142) Survivor regions: 8->8(16)
[2026-07-01T01:54:12.254+0000][88.217s][info][gc,heap     ] GC(142) Old regions: 177->178
[2026-07-01T01:54:12.254+0000][88.217s][info][gc,heap     ] GC(142) Humongous regions: 3->3
[2026-07-01T01:54:12.254+0000][88.217s][info][gc,metaspace] GC(142) Metaspace: 41642K(42432K)->41642K(42432K) NonClass: 36516K(36928K)->36516K(36928K) Class: 5125K(5504K)->5125K(5504K)
[2026-07-01T01:54:12.254+0000][88.217s][info][gc          ] GC(142) Pause Young (Normal) (G1 Evacuation Pause) 300M->187M(318M) 17.323ms
[2026-07-01T01:54:12.254+0000][88.217s][info][gc,cpu      ] GC(142) User=0.03s Sys=0.00s Real=0.02s
[2026-07-01T01:54:12.334+0000][88.297s][info][gc,marking  ] GC(141) Concurrent Rebuild Remembered Sets and Scrub Regions 226.520ms
[2026-07-01T01:54:12.334+0000][88.297s][info][gc,start    ] GC(141) Pause Cleanup
[2026-07-01T01:54:12.335+0000][88.297s][info][gc          ] GC(141) Pause Cleanup 202M->202M(318M) 0.306ms
[2026-07-01T01:54:12.335+0000][88.297s][info][gc,cpu      ] GC(141) User=0.00s Sys=0.00s Real=0.00s
[2026-07-01T01:54:12.336+0000][88.299s][info][gc,marking  ] GC(141) Concurrent Clear Claimed Marks
[2026-07-01T01:54:12.337+0000][88.299s][info][gc,marking  ] GC(141) Concurrent Clear Claimed Marks 0.806ms
[2026-07-01T01:54:12.337+0000][88.299s][info][gc,marking  ] GC(141) Concurrent Cleanup for Next Mark
[2026-07-01T01:54:12.340+0000][88.302s][info][gc,marking  ] GC(141) Concurrent Cleanup for Next Mark 3.038ms
[2026-07-01T01:54:12.340+0000][88.303s][info][gc          ] GC(141) Concurrent Mark Cycle 772.195ms
[2026-07-01T01:54:12.792+0000][88.754s][info][gc,start    ] GC(143) Pause Young (Prepare Mixed) (G1 Evacuation Pause)
[2026-07-01T01:54:12.792+0000][88.754s][info][gc,task     ] GC(143) Using 2 workers of 2 for evacuation
[2026-07-01T01:54:12.812+0000][88.775s][info][gc,phases   ] GC(143)   Pre Evacuate Collection Set: 0.16ms
[2026-07-01T01:54:12.812+0000][88.775s][info][gc,phases   ] GC(143)   Merge Heap Roots: 0.47ms
[2026-07-01T01:54:12.812+0000][88.775s][info][gc,phases   ] GC(143)   Evacuate Collection Set: 19.42ms
[2026-07-01T01:54:12.812+0000][88.775s][info][gc,phases   ] GC(143)   Post Evacuate Collection Set: 0.46ms
[2026-07-01T01:54:12.812+0000][88.775s][info][gc,phases   ] GC(143)   Other: 0.05ms
[2026-07-01T01:54:12.812+0000][88.775s][info][gc,heap     ] GC(143) Eden regions: 112->0(112)
[2026-07-01T01:54:12.812+0000][88.775s][info][gc,heap     ] GC(143) Survivor regions: 8->8(15)
[2026-07-01T01:54:12.812+0000][88.775s][info][gc,heap     ] GC(143) Old regions: 178->178
[2026-07-01T01:54:12.812+0000][88.775s][info][gc,heap     ] GC(143) Humongous regions: 3->3
[2026-07-01T01:54:12.812+0000][88.775s][info][gc,metaspace] GC(143) Metaspace: 41642K(42432K)->41642K(42432K) NonClass: 36516K(36928K)->36516K(36928K) Class: 5125K(5504K)->5125K(5504K)
[2026-07-01T01:54:12.812+0000][88.775s][info][gc          ] GC(143) Pause Young (Prepare Mixed) (G1 Evacuation Pause) 299M->188M(318M) 20.734ms
[2026-07-01T01:54:12.812+0000][88.775s][info][gc,cpu      ] GC(143) User=0.04s Sys=0.00s Real=0.02s
[2026-07-01T01:54:13.314+0000][89.276s][info][gc,start    ] GC(144) Pause Young (Mixed) (G1 Evacuation Pause)
[2026-07-01T01:54:13.314+0000][89.276s][info][gc,task     ] GC(144) Using 2 workers of 2 for evacuation
[2026-07-01T01:54:13.329+0000][89.292s][info][gc,phases   ] GC(144)   Pre Evacuate Collection Set: 0.24ms
[2026-07-01T01:54:13.329+0000][89.292s][info][gc,phases   ] GC(144)   Merge Heap Roots: 0.41ms
[2026-07-01T01:54:13.329+0000][89.292s][info][gc,phases   ] GC(144)   Evacuate Collection Set: 14.34ms
[2026-07-01T01:54:13.329+0000][89.292s][info][gc,phases   ] GC(144)   Post Evacuate Collection Set: 0.38ms
[2026-07-01T01:54:13.329+0000][89.292s][info][gc,phases   ] GC(144)   Other: 0.06ms
[2026-07-01T01:54:13.329+0000][89.292s][info][gc,heap     ] GC(144) Eden regions: 112->0(112)
[2026-07-01T01:54:13.329+0000][89.292s][info][gc,heap     ] GC(144) Survivor regions: 8->8(15)
[2026-07-01T01:54:13.329+0000][89.292s][info][gc,heap     ] GC(144) Old regions: 178->178
[2026-07-01T01:54:13.329+0000][89.292s][info][gc,heap     ] GC(144) Humongous regions: 3->3
[2026-07-01T01:54:13.329+0000][89.292s][info][gc,metaspace] GC(144) Metaspace: 41642K(42432K)->41642K(42432K) NonClass: 36516K(36928K)->36516K(36928K) Class: 5125K(5504K)->5125K(5504K)
[2026-07-01T01:54:13.329+0000][89.292s][info][gc          ] GC(144) Pause Young (Mixed) (G1 Evacuation Pause) 300M->188M(318M) 15.598ms
[2026-07-01T01:54:13.329+0000][89.292s][info][gc,cpu      ] GC(144) User=0.03s Sys=0.00s Real=0.02s
[2026-07-01T01:54:13.858+0000][89.821s][info][gc,start    ] GC(145) Pause Young (Concurrent Start) (G1 Evacuation Pause)
[2026-07-01T01:54:13.858+0000][89.821s][info][gc,task     ] GC(145) Using 2 workers of 2 for evacuation
[2026-07-01T01:54:13.874+0000][89.836s][info][gc,phases   ] GC(145)   Pre Evacuate Collection Set: 0.21ms
[2026-07-01T01:54:13.874+0000][89.836s][info][gc,phases   ] GC(145)   Merge Heap Roots: 0.46ms
[2026-07-01T01:54:13.874+0000][89.836s][info][gc,phases   ] GC(145)   Evacuate Collection Set: 14.03ms
[2026-07-01T01:54:13.874+0000][89.836s][info][gc,phases   ] GC(145)   Post Evacuate Collection Set: 0.39ms
[2026-07-01T01:54:13.874+0000][89.836s][info][gc,phases   ] GC(145)   Other: 0.09ms
[2026-07-01T01:54:13.874+0000][89.836s][info][gc,heap     ] GC(145) Eden regions: 112->0(111)
[2026-07-01T01:54:13.874+0000][89.836s][info][gc,heap     ] GC(145) Survivor regions: 8->8(15)
[2026-07-01T01:54:13.874+0000][89.836s][info][gc,heap     ] GC(145) Old regions: 178->179
[2026-07-01T01:54:13.874+0000][89.836s][info][gc,heap     ] GC(145) Humongous regions: 3->3
[2026-07-01T01:54:13.874+0000][89.836s][info][gc,metaspace] GC(145) Metaspace: 41642K(42432K)->41642K(42432K) NonClass: 36516K(36928K)->36516K(36928K) Class: 5125K(5504K)->5125K(5504K)
[2026-07-01T01:54:13.874+0000][89.836s][info][gc          ] GC(145) Pause Young (Concurrent Start) (G1 Evacuation Pause) 300M->188M(318M) 15.347ms
[2026-07-01T01:54:13.874+0000][89.836s][info][gc          ] GC(146) Concurrent Mark Cycle
[2026-07-01T01:54:13.874+0000][89.836s][info][gc,cpu      ] GC(145) User=0.03s Sys=0.00s Real=0.01s
[2026-07-01T01:54:13.874+0000][89.836s][info][gc,marking  ] GC(146) Concurrent Scan Root Regions
[2026-07-01T01:54:13.891+0000][89.854s][info][gc,marking  ] GC(146) Concurrent Scan Root Regions 17.351ms
[2026-07-01T01:54:13.891+0000][89.854s][info][gc,marking  ] GC(146) Concurrent Mark
[2026-07-01T01:54:13.891+0000][89.854s][info][gc,marking  ] GC(146) Concurrent Mark From Roots
[2026-07-01T01:54:13.891+0000][89.854s][info][gc,task     ] GC(146) Using 1 workers of 1 for marking
[2026-07-01T01:54:14.409+0000][90.372s][info][gc,marking  ] GC(146) Concurrent Mark From Roots 517.958ms
[2026-07-01T01:54:14.409+0000][90.372s][info][gc,marking  ] GC(146) Concurrent Preclean
[2026-07-01T01:54:14.409+0000][90.372s][info][gc,marking  ] GC(146) Concurrent Preclean 0.062ms
[2026-07-01T01:54:14.409+0000][90.372s][info][gc,start    ] GC(146) Pause Remark
[2026-07-01T01:54:14.417+0000][90.379s][info][gc          ] GC(146) Pause Remark 277M->277M(318M) 7.333ms
[2026-07-01T01:54:14.417+0000][90.379s][info][gc,cpu      ] GC(146) User=0.01s Sys=0.01s Real=0.00s
[2026-07-01T01:54:14.420+0000][90.383s][info][gc,marking  ] GC(146) Concurrent Mark 528.765ms
[2026-07-01T01:54:14.420+0000][90.383s][info][gc,marking  ] GC(146) Concurrent Rebuild Remembered Sets and Scrub Regions
[2026-07-01T01:54:14.572+0000][90.535s][info][gc,start    ] GC(147) Pause Young (Normal) (G1 Evacuation Pause)
[2026-07-01T01:54:14.572+0000][90.535s][info][gc,task     ] GC(147) Using 2 workers of 2 for evacuation
[2026-07-01T01:54:14.586+0000][90.549s][info][gc,phases   ] GC(147)   Pre Evacuate Collection Set: 0.16ms
[2026-07-01T01:54:14.586+0000][90.549s][info][gc,phases   ] GC(147)   Merge Heap Roots: 0.49ms
[2026-07-01T01:54:14.586+0000][90.549s][info][gc,phases   ] GC(147)   Evacuate Collection Set: 13.10ms
[2026-07-01T01:54:14.586+0000][90.549s][info][gc,phases   ] GC(147)   Post Evacuate Collection Set: 0.47ms
[2026-07-01T01:54:14.586+0000][90.549s][info][gc,phases   ] GC(147)   Other: 0.07ms
[2026-07-01T01:54:14.586+0000][90.549s][info][gc,heap     ] GC(147) Eden regions: 111->0(111)
[2026-07-01T01:54:14.586+0000][90.549s][info][gc,heap     ] GC(147) Survivor regions: 8->8(15)
[2026-07-01T01:54:14.586+0000][90.549s][info][gc,heap     ] GC(147) Old regions: 179->179
[2026-07-01T01:54:14.586+0000][90.549s][info][gc,heap     ] GC(147) Humongous regions: 3->3
[2026-07-01T01:54:14.586+0000][90.549s][info][gc,metaspace] GC(147) Metaspace: 41642K(42432K)->41642K(42432K) NonClass: 36516K(36928K)->36516K(36928K) Class: 5125K(5504K)->5125K(5504K)
[2026-07-01T01:54:14.586+0000][90.549s][info][gc          ] GC(147) Pause Young (Normal) (G1 Evacuation Pause) 299M->189M(318M) 14.451ms
[2026-07-01T01:54:14.586+0000][90.549s][info][gc,cpu      ] GC(147) User=0.03s Sys=0.00s Real=0.01s
[2026-07-01T01:54:14.606+0000][90.568s][info][gc,marking  ] GC(146) Concurrent Rebuild Remembered Sets and Scrub Regions 185.607ms
[2026-07-01T01:54:14.608+0000][90.571s][info][gc,start    ] GC(146) Pause Cleanup
[2026-07-01T01:54:14.608+0000][90.571s][info][gc          ] GC(146) Pause Cleanup 193M->193M(318M) 0.150ms
[2026-07-01T01:54:14.608+0000][90.571s][info][gc,cpu      ] GC(146) User=0.00s Sys=0.00s Real=0.00s
[2026-07-01T01:54:14.609+0000][90.571s][info][gc,marking  ] GC(146) Concurrent Clear Claimed Marks
[2026-07-01T01:54:14.609+0000][90.571s][info][gc,marking  ] GC(146) Concurrent Clear Claimed Marks 0.108ms
[2026-07-01T01:54:14.609+0000][90.572s][info][gc,marking  ] GC(146) Concurrent Cleanup for Next Mark
[2026-07-01T01:54:14.610+0000][90.573s][info][gc,marking  ] GC(146) Concurrent Cleanup for Next Mark 1.186ms
[2026-07-01T01:54:14.610+0000][90.573s][info][gc          ] GC(146) Concurrent Mark Cycle 736.467ms
[2026-07-01T01:54:15.097+0000][91.059s][info][gc,start    ] GC(148) Pause Young (Prepare Mixed) (G1 Evacuation Pause)
[2026-07-01T01:54:15.097+0000][91.060s][info][gc,task     ] GC(148) Using 2 workers of 2 for evacuation
[2026-07-01T01:54:15.112+0000][91.074s][info][gc,phases   ] GC(148)   Pre Evacuate Collection Set: 0.18ms
[2026-07-01T01:54:15.112+0000][91.075s][info][gc,phases   ] GC(148)   Merge Heap Roots: 0.36ms
[2026-07-01T01:54:15.112+0000][91.075s][info][gc,phases   ] GC(148)   Evacuate Collection Set: 14.01ms
[2026-07-01T01:54:15.112+0000][91.075s][info][gc,phases   ] GC(148)   Post Evacuate Collection Set: 0.37ms
[2026-07-01T01:54:15.112+0000][91.075s][info][gc,phases   ] GC(148)   Other: 0.06ms
[2026-07-01T01:54:15.112+0000][91.075s][info][gc,heap     ] GC(148) Eden regions: 111->0(111)
[2026-07-01T01:54:15.112+0000][91.075s][info][gc,heap     ] GC(148) Survivor regions: 8->8(15)
[2026-07-01T01:54:15.112+0000][91.075s][info][gc,heap     ] GC(148) Old regions: 179->179
[2026-07-01T01:54:15.112+0000][91.075s][info][gc,heap     ] GC(148) Humongous regions: 3->3
[2026-07-01T01:54:15.112+0000][91.075s][info][gc,metaspace] GC(148) Metaspace: 41642K(42432K)->41642K(42432K) NonClass: 36516K(36928K)->36516K(36928K) Class: 5125K(5504K)->5125K(5504K)
[2026-07-01T01:54:15.112+0000][91.075s][info][gc          ] GC(148) Pause Young (Prepare Mixed) (G1 Evacuation Pause) 300M->189M(318M) 15.137ms
[2026-07-01T01:54:15.112+0000][91.075s][info][gc,cpu      ] GC(148) User=0.02s Sys=0.00s Real=0.02s
[2026-07-01T01:54:15.631+0000][91.593s][info][gc,start    ] GC(149) Pause Young (Mixed) (G1 Evacuation Pause)
[2026-07-01T01:54:15.631+0000][91.593s][info][gc,task     ] GC(149) Using 2 workers of 2 for evacuation
[2026-07-01T01:54:15.648+0000][91.611s][info][gc,phases   ] GC(149)   Pre Evacuate Collection Set: 0.25ms
[2026-07-01T01:54:15.648+0000][91.611s][info][gc,phases   ] GC(149)   Merge Heap Roots: 0.34ms
[2026-07-01T01:54:15.648+0000][91.611s][info][gc,phases   ] GC(149)   Evacuate Collection Set: 16.32ms
[2026-07-01T01:54:15.648+0000][91.611s][info][gc,phases   ] GC(149)   Post Evacuate Collection Set: 0.80ms
[2026-07-01T01:54:15.648+0000][91.611s][info][gc,phases   ] GC(149)   Other: 0.06ms
[2026-07-01T01:54:15.648+0000][91.611s][info][gc,heap     ] GC(149) Eden regions: 111->0(110)
[2026-07-01T01:54:15.648+0000][91.611s][info][gc,heap     ] GC(149) Survivor regions: 8->8(15)
[2026-07-01T01:54:15.648+0000][91.611s][info][gc,heap     ] GC(149) Old regions: 179->180
[2026-07-01T01:54:15.648+0000][91.611s][info][gc,heap     ] GC(149) Humongous regions: 3->3
[2026-07-01T01:54:15.648+0000][91.611s][info][gc,metaspace] GC(149) Metaspace: 41642K(42432K)->41642K(42432K) NonClass: 36516K(36928K)->36516K(36928K) Class: 5125K(5504K)->5125K(5504K)
[2026-07-01T01:54:15.649+0000][91.611s][info][gc          ] GC(149) Pause Young (Mixed) (G1 Evacuation Pause) 300M->189M(318M) 17.971ms
[2026-07-01T01:54:15.649+0000][91.611s][info][gc,cpu      ] GC(149) User=0.03s Sys=0.00s Real=0.02s
[2026-07-01T01:54:16.161+0000][92.124s][info][gc,start    ] GC(150) Pause Young (Concurrent Start) (G1 Evacuation Pause)
[2026-07-01T01:54:16.161+0000][92.124s][info][gc,task     ] GC(150) Using 2 workers of 2 for evacuation
[2026-07-01T01:54:16.181+0000][92.143s][info][gc,phases   ] GC(150)   Pre Evacuate Collection Set: 0.18ms
[2026-07-01T01:54:16.181+0000][92.143s][info][gc,phases   ] GC(150)   Merge Heap Roots: 0.45ms
[2026-07-01T01:54:16.181+0000][92.143s][info][gc,phases   ] GC(150)   Evacuate Collection Set: 18.37ms
[2026-07-01T01:54:16.181+0000][92.143s][info][gc,phases   ] GC(150)   Post Evacuate Collection Set: 0.40ms
[2026-07-01T01:54:16.181+0000][92.143s][info][gc,phases   ] GC(150)   Other: 0.10ms
[2026-07-01T01:54:16.181+0000][92.143s][info][gc,heap     ] GC(150) Eden regions: 110->0(110)
[2026-07-01T01:54:16.181+0000][92.143s][info][gc,heap     ] GC(150) Survivor regions: 8->8(15)
[2026-07-01T01:54:16.181+0000][92.143s][info][gc,heap     ] GC(150) Old regions: 180->180
[2026-07-01T01:54:16.181+0000][92.143s][info][gc,heap     ] GC(150) Humongous regions: 3->3
[2026-07-01T01:54:16.181+0000][92.143s][info][gc,metaspace] GC(150) Metaspace: 41642K(42432K)->41642K(42432K) NonClass: 36516K(36928K)->36516K(36928K) Class: 5125K(5504K)->5125K(5504K)
[2026-07-01T01:54:16.181+0000][92.143s][info][gc          ] GC(150) Pause Young (Concurrent Start) (G1 Evacuation Pause) 299M->190M(318M) 19.657ms
[2026-07-01T01:54:16.181+0000][92.143s][info][gc,cpu      ] GC(150) User=0.04s Sys=0.00s Real=0.02s
[2026-07-01T01:54:16.181+0000][92.143s][info][gc          ] GC(151) Concurrent Mark Cycle
[2026-07-01T01:54:16.181+0000][92.143s][info][gc,marking  ] GC(151) Concurrent Scan Root Regions
[2026-07-01T01:54:16.201+0000][92.164s][info][gc,marking  ] GC(151) Concurrent Scan Root Regions 20.669ms
[2026-07-01T01:54:16.201+0000][92.164s][info][gc,marking  ] GC(151) Concurrent Mark
[2026-07-01T01:54:16.201+0000][92.164s][info][gc,marking  ] GC(151) Concurrent Mark From Roots
[2026-07-01T01:54:16.201+0000][92.164s][info][gc,task     ] GC(151) Using 1 workers of 1 for marking
[2026-07-01T01:54:16.708+0000][92.671s][info][gc,marking  ] GC(151) Concurrent Mark From Roots 507.011ms
[2026-07-01T01:54:16.708+0000][92.671s][info][gc,marking  ] GC(151) Concurrent Preclean
[2026-07-01T01:54:16.709+0000][92.671s][info][gc,marking  ] GC(151) Concurrent Preclean 0.089ms
[2026-07-01T01:54:16.709+0000][92.671s][info][gc,start    ] GC(151) Pause Remark
[2026-07-01T01:54:16.715+0000][92.678s][info][gc          ] GC(151) Pause Remark 279M->279M(318M) 6.322ms
[2026-07-01T01:54:16.715+0000][92.678s][info][gc,cpu      ] GC(151) User=0.01s Sys=0.00s Real=0.00s
[2026-07-01T01:54:16.718+0000][92.680s][info][gc,marking  ] GC(151) Concurrent Mark 516.275ms
[2026-07-01T01:54:16.718+0000][92.680s][info][gc,marking  ] GC(151) Concurrent Rebuild Remembered Sets and Scrub Regions
[2026-07-01T01:54:16.839+0000][92.802s][info][gc,start    ] GC(152) Pause Young (Normal) (G1 Evacuation Pause)
[2026-07-01T01:54:16.839+0000][92.802s][info][gc,task     ] GC(152) Using 2 workers of 2 for evacuation
[2026-07-01T01:54:16.855+0000][92.817s][info][gc,phases   ] GC(152)   Pre Evacuate Collection Set: 0.15ms
[2026-07-01T01:54:16.855+0000][92.817s][info][gc,phases   ] GC(152)   Merge Heap Roots: 0.34ms
[2026-07-01T01:54:16.855+0000][92.817s][info][gc,phases   ] GC(152)   Evacuate Collection Set: 14.39ms
[2026-07-01T01:54:16.855+0000][92.817s][info][gc,phases   ] GC(152)   Post Evacuate Collection Set: 0.44ms
[2026-07-01T01:54:16.855+0000][92.817s][info][gc,phases   ] GC(152)   Other: 0.06ms
[2026-07-01T01:54:16.855+0000][92.817s][info][gc,heap     ] GC(152) Eden regions: 110->0(110)
[2026-07-01T01:54:16.855+0000][92.817s][info][gc,heap     ] GC(152) Survivor regions: 8->8(15)
[2026-07-01T01:54:16.855+0000][92.817s][info][gc,heap     ] GC(152) Old regions: 180->180
[2026-07-01T01:54:16.855+0000][92.817s][info][gc,heap     ] GC(152) Humongous regions: 3->3
[2026-07-01T01:54:16.855+0000][92.817s][info][gc,metaspace] GC(152) Metaspace: 41642K(42432K)->41642K(42432K) NonClass: 36516K(36928K)->36516K(36928K) Class: 5125K(5504K)->5125K(5504K)
[2026-07-01T01:54:16.855+0000][92.817s][info][gc          ] GC(152) Pause Young (Normal) (G1 Evacuation Pause) 300M->190M(318M) 15.526ms
[2026-07-01T01:54:16.855+0000][92.818s][info][gc,cpu      ] GC(152) User=0.03s Sys=0.00s Real=0.01s
[2026-07-01T01:54:16.927+0000][92.890s][info][gc,marking  ] GC(151) Concurrent Rebuild Remembered Sets and Scrub Regions 209.743ms
[2026-07-01T01:54:16.928+0000][92.891s][info][gc,start    ] GC(151) Pause Cleanup
[2026-07-01T01:54:16.928+0000][92.891s][info][gc          ] GC(151) Pause Cleanup 204M->204M(318M) 0.193ms
[2026-07-01T01:54:16.928+0000][92.891s][info][gc,cpu      ] GC(151) User=0.00s Sys=0.00s Real=0.00s
[2026-07-01T01:54:16.930+0000][92.892s][info][gc,marking  ] GC(151) Concurrent Clear Claimed Marks
[2026-07-01T01:54:16.930+0000][92.893s][info][gc,marking  ] GC(151) Concurrent Clear Claimed Marks 0.109ms
[2026-07-01T01:54:16.930+0000][92.893s][info][gc,marking  ] GC(151) Concurrent Cleanup for Next Mark
[2026-07-01T01:54:16.932+0000][92.894s][info][gc,marking  ] GC(151) Concurrent Cleanup for Next Mark 1.672ms
[2026-07-01T01:54:16.932+0000][92.894s][info][gc          ] GC(151) Concurrent Mark Cycle 750.962ms
[2026-07-01T01:54:17.373+0000][93.336s][info][gc,start    ] GC(153) Pause Young (Prepare Mixed) (G1 Evacuation Pause)
[2026-07-01T01:54:17.373+0000][93.336s][info][gc,task     ] GC(153) Using 2 workers of 2 for evacuation
[2026-07-01T01:54:17.393+0000][93.356s][info][gc,phases   ] GC(153)   Pre Evacuate Collection Set: 0.19ms
[2026-07-01T01:54:17.393+0000][93.356s][info][gc,phases   ] GC(153)   Merge Heap Roots: 0.72ms
[2026-07-01T01:54:17.393+0000][93.356s][info][gc,phases   ] GC(153)   Evacuate Collection Set: 18.29ms
[2026-07-01T01:54:17.393+0000][93.356s][info][gc,phases   ] GC(153)   Post Evacuate Collection Set: 0.66ms
[2026-07-01T01:54:17.393+0000][93.356s][info][gc,phases   ] GC(153)   Other: 0.06ms
[2026-07-01T01:54:17.393+0000][93.356s][info][gc,heap     ] GC(153) Eden regions: 110->0(109)
[2026-07-01T01:54:17.393+0000][93.356s][info][gc,heap     ] GC(153) Survivor regions: 8->8(15)
[2026-07-01T01:54:17.393+0000][93.356s][info][gc,heap     ] GC(153) Old regions: 180->181
[2026-07-01T01:54:17.393+0000][93.356s][info][gc,heap     ] GC(153) Humongous regions: 3->3
[2026-07-01T01:54:17.393+0000][93.356s][info][gc,metaspace] GC(153) Metaspace: 41642K(42432K)->41642K(42432K) NonClass: 36516K(36928K)->36516K(36928K) Class: 5125K(5504K)->5125K(5504K)
[2026-07-01T01:54:17.393+0000][93.356s][info][gc          ] GC(153) Pause Young (Prepare Mixed) (G1 Evacuation Pause) 300M->190M(318M) 20.103ms
[2026-07-01T01:54:17.393+0000][93.356s][info][gc,cpu      ] GC(153) User=0.04s Sys=0.00s Real=0.02s
[2026-07-01T01:54:17.893+0000][93.856s][info][gc,start    ] GC(154) Pause Young (Mixed) (G1 Evacuation Pause)
[2026-07-01T01:54:17.893+0000][93.856s][info][gc,task     ] GC(154) Using 2 workers of 2 for evacuation
[2026-07-01T01:54:17.914+0000][93.877s][info][gc,phases   ] GC(154)   Pre Evacuate Collection Set: 0.19ms
[2026-07-01T01:54:17.914+0000][93.877s][info][gc,phases   ] GC(154)   Merge Heap Roots: 0.29ms
[2026-07-01T01:54:17.914+0000][93.877s][info][gc,phases   ] GC(154)   Evacuate Collection Set: 20.24ms
[2026-07-01T01:54:17.914+0000][93.877s][info][gc,phases   ] GC(154)   Post Evacuate Collection Set: 0.42ms
[2026-07-01T01:54:17.914+0000][93.877s][info][gc,phases   ] GC(154)   Other: 0.06ms
[2026-07-01T01:54:17.915+0000][93.877s][info][gc,heap     ] GC(154) Eden regions: 109->0(109)
[2026-07-01T01:54:17.915+0000][93.877s][info][gc,heap     ] GC(154) Survivor regions: 8->8(15)
[2026-07-01T01:54:17.915+0000][93.877s][info][gc,heap     ] GC(154) Old regions: 181->181
[2026-07-01T01:54:17.915+0000][93.877s][info][gc,heap     ] GC(154) Humongous regions: 3->3
[2026-07-01T01:54:17.915+0000][93.877s][info][gc,metaspace] GC(154) Metaspace: 41642K(42432K)->41642K(42432K) NonClass: 36516K(36928K)->36516K(36928K) Class: 5125K(5504K)->5125K(5504K)
[2026-07-01T01:54:17.915+0000][93.877s][info][gc          ] GC(154) Pause Young (Mixed) (G1 Evacuation Pause) 299M->190M(318M) 21.356ms
[2026-07-01T01:54:17.915+0000][93.877s][info][gc,cpu      ] GC(154) User=0.04s Sys=0.00s Real=0.02s
[2026-07-01T01:54:18.436+0000][94.398s][info][gc,start    ] GC(155) Pause Young (Concurrent Start) (G1 Evacuation Pause)
[2026-07-01T01:54:18.436+0000][94.398s][info][gc,task     ] GC(155) Using 2 workers of 2 for evacuation
[2026-07-01T01:54:18.456+0000][94.419s][info][gc,phases   ] GC(155)   Pre Evacuate Collection Set: 0.22ms
[2026-07-01T01:54:18.456+0000][94.419s][info][gc,phases   ] GC(155)   Merge Heap Roots: 0.47ms
[2026-07-01T01:54:18.456+0000][94.419s][info][gc,phases   ] GC(155)   Evacuate Collection Set: 19.03ms
[2026-07-01T01:54:18.456+0000][94.419s][info][gc,phases   ] GC(155)   Post Evacuate Collection Set: 0.42ms
[2026-07-01T01:54:18.456+0000][94.419s][info][gc,phases   ] GC(155)   Other: 0.08ms
[2026-07-01T01:54:18.456+0000][94.419s][info][gc,heap     ] GC(155) Eden regions: 109->0(109)
[2026-07-01T01:54:18.456+0000][94.419s][info][gc,heap     ] GC(155) Survivor regions: 8->8(15)
[2026-07-01T01:54:18.456+0000][94.419s][info][gc,heap     ] GC(155) Old regions: 181->181
[2026-07-01T01:54:18.456+0000][94.419s][info][gc,heap     ] GC(155) Humongous regions: 3->3
[2026-07-01T01:54:18.456+0000][94.419s][info][gc,metaspace] GC(155) Metaspace: 41646K(42496K)->41646K(42496K) NonClass: 36521K(36992K)->36521K(36992K) Class: 5125K(5504K)->5125K(5504K)
[2026-07-01T01:54:18.456+0000][94.419s][info][gc          ] GC(155) Pause Young (Concurrent Start) (G1 Evacuation Pause) 299M->191M(318M) 20.366ms
[2026-07-01T01:54:18.456+0000][94.419s][info][gc,cpu      ] GC(155) User=0.03s Sys=0.00s Real=0.02s
[2026-07-01T01:54:18.460+0000][94.423s][info][gc          ] GC(156) Concurrent Mark Cycle
[2026-07-01T01:54:18.461+0000][94.423s][info][gc,marking  ] GC(156) Concurrent Scan Root Regions
[2026-07-01T01:54:18.476+0000][94.439s][info][gc,marking  ] GC(156) Concurrent Scan Root Regions 15.412ms
[2026-07-01T01:54:18.476+0000][94.439s][info][gc,marking  ] GC(156) Concurrent Mark
[2026-07-01T01:54:18.476+0000][94.439s][info][gc,marking  ] GC(156) Concurrent Mark From Roots
[2026-07-01T01:54:18.476+0000][94.439s][info][gc,task     ] GC(156) Using 1 workers of 1 for marking
[2026-07-01T01:54:18.684+0000][94.647s][info][gc,marking  ] GC(156) Concurrent Mark From Roots 207.889ms
[2026-07-01T01:54:18.684+0000][94.647s][info][gc,marking  ] GC(156) Concurrent Preclean
[2026-07-01T01:54:18.684+0000][94.647s][info][gc,marking  ] GC(156) Concurrent Preclean 0.065ms
[2026-07-01T01:54:18.684+0000][94.647s][info][gc,start    ] GC(156) Pause Remark
[2026-07-01T01:54:18.690+0000][94.652s][info][gc          ] GC(156) Pause Remark 195M->195M(318M) 5.661ms
[2026-07-01T01:54:18.690+0000][94.652s][info][gc,cpu      ] GC(156) User=0.01s Sys=0.00s Real=0.01s
[2026-07-01T01:54:18.690+0000][94.653s][info][gc,marking  ] GC(156) Concurrent Mark 213.844ms
[2026-07-01T01:54:18.690+0000][94.653s][info][gc,marking  ] GC(156) Concurrent Rebuild Remembered Sets and Scrub Regions
[2026-07-01T01:54:18.763+0000][94.725s][info][gc,marking  ] GC(156) Concurrent Rebuild Remembered Sets and Scrub Regions 72.657ms
[2026-07-01T01:54:18.763+0000][94.725s][info][gc,start    ] GC(156) Pause Cleanup
[2026-07-01T01:54:18.763+0000][94.725s][info][gc          ] GC(156) Pause Cleanup 195M->195M(318M) 0.153ms
[2026-07-01T01:54:18.763+0000][94.725s][info][gc,cpu      ] GC(156) User=0.00s Sys=0.00s Real=0.00s
[2026-07-01T01:54:18.763+0000][94.726s][info][gc,marking  ] GC(156) Concurrent Clear Claimed Marks
[2026-07-01T01:54:18.763+0000][94.726s][info][gc,marking  ] GC(156) Concurrent Clear Claimed Marks 0.080ms
[2026-07-01T01:54:18.763+0000][94.726s][info][gc,marking  ] GC(156) Concurrent Cleanup for Next Mark
[2026-07-01T01:54:18.763+0000][94.726s][info][gc,marking  ] GC(156) Concurrent Cleanup for Next Mark 0.529ms
[2026-07-01T01:54:18.763+0000][94.726s][info][gc          ] GC(156) Concurrent Mark Cycle 303.007ms
