[2026-07-01T02:17:13.244+0000][0.030s][info][gc,init] CardTable entry size: 512
[2026-07-01T02:17:13.245+0000][0.030s][info][gc     ] Using G1
[2026-07-01T02:17:13.245+0000][0.031s][info][gc,init] Version: 21.0.11+10-LTS (release)
[2026-07-01T02:17:13.245+0000][0.031s][info][gc,init] CPUs: 4 total, 2 available
[2026-07-01T02:17:13.245+0000][0.031s][info][gc,init] Memory: 2048M
[2026-07-01T02:17:13.245+0000][0.031s][info][gc,init] Large Page Support: Disabled
[2026-07-01T02:17:13.245+0000][0.031s][info][gc,init] NUMA Support: Disabled
[2026-07-01T02:17:13.245+0000][0.031s][info][gc,init] Compressed Oops: Enabled (32-bit)
[2026-07-01T02:17:13.245+0000][0.031s][info][gc,init] Heap Region Size: 1M
[2026-07-01T02:17:13.245+0000][0.031s][info][gc,init] Heap Min Capacity: 8M
[2026-07-01T02:17:13.245+0000][0.031s][info][gc,init] Heap Initial Capacity: 32M
[2026-07-01T02:17:13.245+0000][0.031s][info][gc,init] Heap Max Capacity: 512M
[2026-07-01T02:17:13.245+0000][0.031s][info][gc,init] Pre-touch: Disabled
[2026-07-01T02:17:13.245+0000][0.031s][info][gc,init] Parallel Workers: 2
[2026-07-01T02:17:13.245+0000][0.031s][info][gc,init] Concurrent Workers: 1
[2026-07-01T02:17:13.245+0000][0.031s][info][gc,init] Concurrent Refinement Workers: 2
[2026-07-01T02:17:13.245+0000][0.031s][info][gc,init] Periodic GC: Disabled
[2026-07-01T02:17:13.252+0000][0.037s][info][gc,metaspace] CDS archive(s) mapped at: [0x00007c57a3000000-0x00007c57a3c9b000-0x00007c57a3c9b000), size 13217792, SharedBaseAddress: 0x00007c57a3000000, ArchiveRelocationMode: 1.
[2026-07-01T02:17:13.252+0000][0.037s][info][gc,metaspace] Compressed class space mapped at: 0x00007c57a4000000-0x00007c57e4000000, reserved size: 1073741824
[2026-07-01T02:17:13.252+0000][0.037s][info][gc,metaspace] Narrow klass base: 0x00007c57a3000000, Narrow klass shift: 0, Narrow klass range: 0x100000000
[2026-07-01T02:17:13.407+0000][0.193s][info][gc,start    ] GC(0) Pause Young (Normal) (G1 Evacuation Pause)
[2026-07-01T02:17:13.408+0000][0.193s][info][gc,task     ] GC(0) Using 2 workers of 2 for evacuation
[2026-07-01T02:17:13.409+0000][0.195s][info][gc,phases   ] GC(0)   Pre Evacuate Collection Set: 0.06ms
[2026-07-01T02:17:13.409+0000][0.195s][info][gc,phases   ] GC(0)   Merge Heap Roots: 0.03ms
[2026-07-01T02:17:13.409+0000][0.195s][info][gc,phases   ] GC(0)   Evacuate Collection Set: 1.18ms
[2026-07-01T02:17:13.409+0000][0.195s][info][gc,phases   ] GC(0)   Post Evacuate Collection Set: 0.21ms
[2026-07-01T02:17:13.409+0000][0.195s][info][gc,phases   ] GC(0)   Other: 0.13ms
[2026-07-01T02:17:13.409+0000][0.195s][info][gc,heap     ] GC(0) Eden regions: 6->0(10)
[2026-07-01T02:17:13.409+0000][0.195s][info][gc,heap     ] GC(0) Survivor regions: 0->1(1)
[2026-07-01T02:17:13.409+0000][0.195s][info][gc,heap     ] GC(0) Old regions: 2->2
[2026-07-01T02:17:13.409+0000][0.195s][info][gc,heap     ] GC(0) Humongous regions: 0->0
[2026-07-01T02:17:13.409+0000][0.195s][info][gc,metaspace] GC(0) Metaspace: 1721K(1984K)->1721K(1984K) NonClass: 1533K(1664K)->1533K(1664K) Class: 187K(320K)->187K(320K)
[2026-07-01T02:17:13.409+0000][0.195s][info][gc          ] GC(0) Pause Young (Normal) (G1 Evacuation Pause) 7M->1M(34M) 1.738ms
[2026-07-01T02:17:13.409+0000][0.195s][info][gc,cpu      ] GC(0) User=0.00s Sys=0.00s Real=0.01s
[2026-07-01T02:17:13.574+0000][0.360s][info][gc,start    ] GC(1) Pause Young (Normal) (G1 Evacuation Pause)
[2026-07-01T02:17:13.574+0000][0.360s][info][gc,task     ] GC(1) Using 2 workers of 2 for evacuation
[2026-07-01T02:17:13.576+0000][0.362s][info][gc,phases   ] GC(1)   Pre Evacuate Collection Set: 0.07ms
[2026-07-01T02:17:13.576+0000][0.362s][info][gc,phases   ] GC(1)   Merge Heap Roots: 0.04ms
[2026-07-01T02:17:13.576+0000][0.362s][info][gc,phases   ] GC(1)   Evacuate Collection Set: 1.76ms
[2026-07-01T02:17:13.576+0000][0.362s][info][gc,phases   ] GC(1)   Post Evacuate Collection Set: 0.20ms
[2026-07-01T02:17:13.576+0000][0.362s][info][gc,phases   ] GC(1)   Other: 0.03ms
[2026-07-01T02:17:13.576+0000][0.362s][info][gc,heap     ] GC(1) Eden regions: 10->0(17)
[2026-07-01T02:17:13.576+0000][0.362s][info][gc,heap     ] GC(1) Survivor regions: 1->2(2)
[2026-07-01T02:17:13.576+0000][0.362s][info][gc,heap     ] GC(1) Old regions: 2->2
[2026-07-01T02:17:13.576+0000][0.362s][info][gc,heap     ] GC(1) Humongous regions: 0->0
[2026-07-01T02:17:13.576+0000][0.362s][info][gc,metaspace] GC(1) Metaspace: 3369K(3712K)->3369K(3712K) NonClass: 3002K(3200K)->3002K(3200K) Class: 366K(512K)->366K(512K)
[2026-07-01T02:17:13.576+0000][0.362s][info][gc          ] GC(1) Pause Young (Normal) (G1 Evacuation Pause) 11M->2M(34M) 2.224ms
[2026-07-01T02:17:13.576+0000][0.362s][info][gc,cpu      ] GC(1) User=0.01s Sys=0.00s Real=0.00s
[2026-07-01T02:17:13.825+0000][0.610s][info][gc,start    ] GC(2) Pause Young (Normal) (G1 Evacuation Pause)
[2026-07-01T02:17:13.825+0000][0.610s][info][gc,task     ] GC(2) Using 2 workers of 2 for evacuation
[2026-07-01T02:17:13.828+0000][0.613s][info][gc,phases   ] GC(2)   Pre Evacuate Collection Set: 0.07ms
[2026-07-01T02:17:13.828+0000][0.613s][info][gc,phases   ] GC(2)   Merge Heap Roots: 0.04ms
[2026-07-01T02:17:13.828+0000][0.613s][info][gc,phases   ] GC(2)   Evacuate Collection Set: 2.60ms
[2026-07-01T02:17:13.828+0000][0.613s][info][gc,phases   ] GC(2)   Post Evacuate Collection Set: 0.31ms
[2026-07-01T02:17:13.828+0000][0.613s][info][gc,phases   ] GC(2)   Other: 0.04ms
[2026-07-01T02:17:13.828+0000][0.613s][info][gc,heap     ] GC(2) Eden regions: 17->0(16)
[2026-07-01T02:17:13.828+0000][0.613s][info][gc,heap     ] GC(2) Survivor regions: 2->3(3)
[2026-07-01T02:17:13.828+0000][0.613s][info][gc,heap     ] GC(2) Old regions: 2->2
[2026-07-01T02:17:13.828+0000][0.613s][info][gc,heap     ] GC(2) Humongous regions: 0->0
[2026-07-01T02:17:13.828+0000][0.613s][info][gc,metaspace] GC(2) Metaspace: 7273K(7616K)->7273K(7616K) NonClass: 6418K(6592K)->6418K(6592K) Class: 854K(1024K)->854K(1024K)
[2026-07-01T02:17:13.828+0000][0.613s][info][gc          ] GC(2) Pause Young (Normal) (G1 Evacuation Pause) 19M->3M(34M) 3.172ms
[2026-07-01T02:17:13.828+0000][0.613s][info][gc,cpu      ] GC(2) User=0.01s Sys=0.00s Real=0.00s
[2026-07-01T02:17:14.081+0000][0.866s][info][gc,start    ] GC(3) Pause Young (Normal) (G1 Evacuation Pause)
[2026-07-01T02:17:14.081+0000][0.866s][info][gc,task     ] GC(3) Using 2 workers of 2 for evacuation
[2026-07-01T02:17:14.084+0000][0.870s][info][gc,phases   ] GC(3)   Pre Evacuate Collection Set: 0.08ms
[2026-07-01T02:17:14.084+0000][0.870s][info][gc,phases   ] GC(3)   Merge Heap Roots: 0.04ms
[2026-07-01T02:17:14.084+0000][0.870s][info][gc,phases   ] GC(3)   Evacuate Collection Set: 3.26ms
[2026-07-01T02:17:14.085+0000][0.870s][info][gc,phases   ] GC(3)   Post Evacuate Collection Set: 0.30ms
[2026-07-01T02:17:14.085+0000][0.870s][info][gc,phases   ] GC(3)   Other: 0.04ms
[2026-07-01T02:17:14.085+0000][0.870s][info][gc,heap     ] GC(3) Eden regions: 16->0(16)
[2026-07-01T02:17:14.085+0000][0.870s][info][gc,heap     ] GC(3) Survivor regions: 3->3(3)
[2026-07-01T02:17:14.085+0000][0.870s][info][gc,heap     ] GC(3) Old regions: 2->4
[2026-07-01T02:17:14.085+0000][0.870s][info][gc,heap     ] GC(3) Humongous regions: 0->0
[2026-07-01T02:17:14.085+0000][0.870s][info][gc,metaspace] GC(3) Metaspace: 10268K(10624K)->10268K(10624K) NonClass: 8940K(9152K)->8940K(9152K) Class: 1327K(1472K)->1327K(1472K)
[2026-07-01T02:17:14.085+0000][0.870s][info][gc          ] GC(3) Pause Young (Normal) (G1 Evacuation Pause) 19M->4M(34M) 3.832ms
[2026-07-01T02:17:14.085+0000][0.870s][info][gc,cpu      ] GC(3) User=0.01s Sys=0.01s Real=0.00s
[2026-07-01T02:17:14.260+0000][1.045s][info][gc,start    ] GC(4) Pause Young (Normal) (G1 Evacuation Pause)
[2026-07-01T02:17:14.260+0000][1.045s][info][gc,task     ] GC(4) Using 2 workers of 2 for evacuation
[2026-07-01T02:17:14.264+0000][1.049s][info][gc,phases   ] GC(4)   Pre Evacuate Collection Set: 0.08ms
[2026-07-01T02:17:14.264+0000][1.049s][info][gc,phases   ] GC(4)   Merge Heap Roots: 0.04ms
[2026-07-01T02:17:14.264+0000][1.049s][info][gc,phases   ] GC(4)   Evacuate Collection Set: 3.19ms
[2026-07-01T02:17:14.264+0000][1.049s][info][gc,phases   ] GC(4)   Post Evacuate Collection Set: 0.34ms
[2026-07-01T02:17:14.264+0000][1.049s][info][gc,phases   ] GC(4)   Other: 0.04ms
[2026-07-01T02:17:14.264+0000][1.049s][info][gc,heap     ] GC(4) Eden regions: 16->0(16)
[2026-07-01T02:17:14.264+0000][1.049s][info][gc,heap     ] GC(4) Survivor regions: 3->3(3)
[2026-07-01T02:17:14.264+0000][1.049s][info][gc,heap     ] GC(4) Old regions: 4->5
[2026-07-01T02:17:14.264+0000][1.049s][info][gc,heap     ] GC(4) Humongous regions: 0->0
[2026-07-01T02:17:14.264+0000][1.049s][info][gc,metaspace] GC(4) Metaspace: 13857K(14208K)->13857K(14208K) NonClass: 12128K(12352K)->12128K(12352K) Class: 1728K(1856K)->1728K(1856K)
[2026-07-01T02:17:14.264+0000][1.049s][info][gc          ] GC(4) Pause Young (Normal) (G1 Evacuation Pause) 20M->5M(34M) 3.816ms
[2026-07-01T02:17:14.264+0000][1.049s][info][gc,cpu      ] GC(4) User=0.01s Sys=0.00s Real=0.00s
[2026-07-01T02:17:14.405+0000][1.190s][info][gc,start    ] GC(5) Pause Young (Normal) (G1 Evacuation Pause)
[2026-07-01T02:17:14.405+0000][1.190s][info][gc,task     ] GC(5) Using 2 workers of 2 for evacuation
[2026-07-01T02:17:14.408+0000][1.194s][info][gc,phases   ] GC(5)   Pre Evacuate Collection Set: 0.08ms
[2026-07-01T02:17:14.408+0000][1.194s][info][gc,phases   ] GC(5)   Merge Heap Roots: 0.04ms
[2026-07-01T02:17:14.408+0000][1.194s][info][gc,phases   ] GC(5)   Evacuate Collection Set: 3.10ms
[2026-07-01T02:17:14.408+0000][1.194s][info][gc,phases   ] GC(5)   Post Evacuate Collection Set: 0.34ms
[2026-07-01T02:17:14.408+0000][1.194s][info][gc,phases   ] GC(5)   Other: 0.04ms
[2026-07-01T02:17:14.408+0000][1.194s][info][gc,heap     ] GC(5) Eden regions: 16->0(22)
[2026-07-01T02:17:14.408+0000][1.194s][info][gc,heap     ] GC(5) Survivor regions: 3->2(3)
[2026-07-01T02:17:14.408+0000][1.194s][info][gc,heap     ] GC(5) Old regions: 5->6
[2026-07-01T02:17:14.408+0000][1.194s][info][gc,heap     ] GC(5) Humongous regions: 0->0
[2026-07-01T02:17:14.408+0000][1.194s][info][gc,metaspace] GC(5) Metaspace: 17279K(17664K)->17279K(17664K) NonClass: 15104K(15296K)->15104K(15296K) Class: 2175K(2368K)->2175K(2368K)
[2026-07-01T02:17:14.408+0000][1.194s][info][gc          ] GC(5) Pause Young (Normal) (G1 Evacuation Pause) 21M->6M(41M) 3.705ms
[2026-07-01T02:17:14.408+0000][1.194s][info][gc,cpu      ] GC(5) User=0.01s Sys=0.00s Real=0.01s
[2026-07-01T02:17:14.687+0000][1.473s][info][gc,start    ] GC(6) Pause Young (Normal) (G1 Evacuation Pause)
[2026-07-01T02:17:14.687+0000][1.473s][info][gc,task     ] GC(6) Using 2 workers of 2 for evacuation
[2026-07-01T02:17:14.692+0000][1.477s][info][gc,phases   ] GC(6)   Pre Evacuate Collection Set: 0.08ms
[2026-07-01T02:17:14.692+0000][1.477s][info][gc,phases   ] GC(6)   Merge Heap Roots: 0.04ms
[2026-07-01T02:17:14.692+0000][1.477s][info][gc,phases   ] GC(6)   Evacuate Collection Set: 3.97ms
[2026-07-01T02:17:14.692+0000][1.477s][info][gc,phases   ] GC(6)   Post Evacuate Collection Set: 0.35ms
[2026-07-01T02:17:14.692+0000][1.477s][info][gc,phases   ] GC(6)   Other: 0.04ms
[2026-07-01T02:17:14.692+0000][1.477s][info][gc,heap     ] GC(6) Eden regions: 22->0(21)
[2026-07-01T02:17:14.692+0000][1.477s][info][gc,heap     ] GC(6) Survivor regions: 2->3(3)
[2026-07-01T02:17:14.692+0000][1.477s][info][gc,heap     ] GC(6) Old regions: 6->7
[2026-07-01T02:17:14.692+0000][1.477s][info][gc,heap     ] GC(6) Humongous regions: 0->0
[2026-07-01T02:17:14.692+0000][1.477s][info][gc,metaspace] GC(6) Metaspace: 19683K(20096K)->19683K(20096K) NonClass: 17207K(17408K)->17207K(17408K) Class: 2475K(2688K)->2475K(2688K)
[2026-07-01T02:17:14.692+0000][1.477s][info][gc          ] GC(6) Pause Young (Normal) (G1 Evacuation Pause) 28M->8M(41M) 4.606ms
[2026-07-01T02:17:14.692+0000][1.477s][info][gc,cpu      ] GC(6) User=0.02s Sys=0.00s Real=0.01s
[2026-07-01T02:17:14.983+0000][1.769s][info][gc,start    ] GC(7) Pause Young (Concurrent Start) (Metadata GC Threshold)
[2026-07-01T02:17:14.983+0000][1.769s][info][gc,task     ] GC(7) Using 2 workers of 2 for evacuation
[2026-07-01T02:17:14.989+0000][1.774s][info][gc,phases   ] GC(7)   Pre Evacuate Collection Set: 0.10ms
[2026-07-01T02:17:14.989+0000][1.774s][info][gc,phases   ] GC(7)   Merge Heap Roots: 0.04ms
[2026-07-01T02:17:14.989+0000][1.774s][info][gc,phases   ] GC(7)   Evacuate Collection Set: 5.04ms
[2026-07-01T02:17:14.989+0000][1.774s][info][gc,phases   ] GC(7)   Post Evacuate Collection Set: 0.37ms
[2026-07-01T02:17:14.989+0000][1.774s][info][gc,phases   ] GC(7)   Other: 0.07ms
[2026-07-01T02:17:14.989+0000][1.774s][info][gc,heap     ] GC(7) Eden regions: 21->0(22)
[2026-07-01T02:17:14.989+0000][1.774s][info][gc,heap     ] GC(7) Survivor regions: 3->2(3)
[2026-07-01T02:17:14.989+0000][1.774s][info][gc,heap     ] GC(7) Old regions: 7->10
[2026-07-01T02:17:14.989+0000][1.775s][info][gc,heap     ] GC(7) Humongous regions: 0->0
[2026-07-01T02:17:14.989+0000][1.775s][info][gc,metaspace] GC(7) Metaspace: 21065K(21504K)->21065K(21504K) NonClass: 18442K(18688K)->18442K(18688K) Class: 2622K(2816K)->2622K(2816K)
[2026-07-01T02:17:14.989+0000][1.775s][info][gc          ] GC(7) Pause Young (Concurrent Start) (Metadata GC Threshold) 28M->9M(41M) 5.763ms
[2026-07-01T02:17:14.989+0000][1.775s][info][gc,cpu      ] GC(7) User=0.01s Sys=0.00s Real=0.01s
[2026-07-01T02:17:14.989+0000][1.775s][info][gc          ] GC(8) Concurrent Mark Cycle
[2026-07-01T02:17:14.989+0000][1.775s][info][gc,marking  ] GC(8) Concurrent Scan Root Regions
[2026-07-01T02:17:14.992+0000][1.778s][info][gc,marking  ] GC(8) Concurrent Scan Root Regions 3.067ms
[2026-07-01T02:17:14.992+0000][1.778s][info][gc,marking  ] GC(8) Concurrent Mark
[2026-07-01T02:17:14.992+0000][1.778s][info][gc,marking  ] GC(8) Concurrent Mark From Roots
[2026-07-01T02:17:14.992+0000][1.778s][info][gc,task     ] GC(8) Using 1 workers of 1 for marking
[2026-07-01T02:17:15.001+0000][1.787s][info][gc,marking  ] GC(8) Concurrent Mark From Roots 9.175ms
[2026-07-01T02:17:15.001+0000][1.787s][info][gc,marking  ] GC(8) Concurrent Preclean
[2026-07-01T02:17:15.002+0000][1.787s][info][gc,marking  ] GC(8) Concurrent Preclean 0.034ms
[2026-07-01T02:17:15.002+0000][1.787s][info][gc,start    ] GC(8) Pause Remark
[2026-07-01T02:17:15.005+0000][1.790s][info][gc,heap     ] GC(8) Heap shrink completed: uncommitted 1 regions (1MB), heap size now 40MB
[2026-07-01T02:17:15.005+0000][1.790s][info][gc          ] GC(8) Pause Remark 11M->11M(40M) 3.070ms
[2026-07-01T02:17:15.005+0000][1.790s][info][gc,cpu      ] GC(8) User=0.01s Sys=0.00s Real=0.00s
[2026-07-01T02:17:15.005+0000][1.790s][info][gc,marking  ] GC(8) Concurrent Mark 12.695ms
[2026-07-01T02:17:15.005+0000][1.790s][info][gc,marking  ] GC(8) Concurrent Rebuild Remembered Sets and Scrub Regions
[2026-07-01T02:17:15.011+0000][1.796s][info][gc,marking  ] GC(8) Concurrent Rebuild Remembered Sets and Scrub Regions 5.643ms
[2026-07-01T02:17:15.011+0000][1.796s][info][gc,start    ] GC(8) Pause Cleanup
[2026-07-01T02:17:15.011+0000][1.796s][info][gc          ] GC(8) Pause Cleanup 12M->12M(40M) 0.066ms
[2026-07-01T02:17:15.011+0000][1.796s][info][gc,cpu      ] GC(8) User=0.00s Sys=0.00s Real=0.00s
[2026-07-01T02:17:15.011+0000][1.796s][info][gc,marking  ] GC(8) Concurrent Clear Claimed Marks
[2026-07-01T02:17:15.011+0000][1.796s][info][gc,marking  ] GC(8) Concurrent Clear Claimed Marks 0.033ms
[2026-07-01T02:17:15.011+0000][1.796s][info][gc,marking  ] GC(8) Concurrent Cleanup for Next Mark
[2026-07-01T02:17:15.011+0000][1.797s][info][gc,marking  ] GC(8) Concurrent Cleanup for Next Mark 0.338ms
[2026-07-01T02:17:15.011+0000][1.797s][info][gc          ] GC(8) Concurrent Mark Cycle 22.098ms
[2026-07-01T02:17:15.310+0000][2.095s][info][gc,start    ] GC(9) Pause Young (Prepare Mixed) (G1 Evacuation Pause)
[2026-07-01T02:17:15.310+0000][2.095s][info][gc,task     ] GC(9) Using 2 workers of 2 for evacuation
[2026-07-01T02:17:15.314+0000][2.100s][info][gc,phases   ] GC(9)   Pre Evacuate Collection Set: 0.09ms
[2026-07-01T02:17:15.314+0000][2.100s][info][gc,phases   ] GC(9)   Merge Heap Roots: 0.05ms
[2026-07-01T02:17:15.314+0000][2.100s][info][gc,phases   ] GC(9)   Evacuate Collection Set: 4.00ms
[2026-07-01T02:17:15.314+0000][2.100s][info][gc,phases   ] GC(9)   Post Evacuate Collection Set: 0.40ms
[2026-07-01T02:17:15.314+0000][2.100s][info][gc,phases   ] GC(9)   Other: 0.05ms
[2026-07-01T02:17:15.314+0000][2.100s][info][gc,heap     ] GC(9) Eden regions: 22->0(21)
[2026-07-01T02:17:15.314+0000][2.100s][info][gc,heap     ] GC(9) Survivor regions: 2->3(3)
[2026-07-01T02:17:15.314+0000][2.100s][info][gc,heap     ] GC(9) Old regions: 10->10
[2026-07-01T02:17:15.314+0000][2.100s][info][gc,heap     ] GC(9) Humongous regions: 0->0
[2026-07-01T02:17:15.314+0000][2.100s][info][gc,metaspace] GC(9) Metaspace: 23156K(23680K)->23156K(23680K) NonClass: 20233K(20544K)->20233K(20544K) Class: 2922K(3136K)->2922K(3136K)
[2026-07-01T02:17:15.314+0000][2.100s][info][gc          ] GC(9) Pause Young (Prepare Mixed) (G1 Evacuation Pause) 31M->10M(40M) 4.742ms
[2026-07-01T02:17:15.314+0000][2.100s][info][gc,cpu      ] GC(9) User=0.02s Sys=0.00s Real=0.00s
[2026-07-01T02:17:15.595+0000][2.381s][info][gc,start    ] GC(10) Pause Young (Mixed) (G1 Evacuation Pause)
[2026-07-01T02:17:15.595+0000][2.381s][info][gc,task     ] GC(10) Using 2 workers of 2 for evacuation
[2026-07-01T02:17:15.602+0000][2.388s][info][gc,phases   ] GC(10)   Pre Evacuate Collection Set: 0.09ms
[2026-07-01T02:17:15.602+0000][2.388s][info][gc,phases   ] GC(10)   Merge Heap Roots: 0.04ms
[2026-07-01T02:17:15.602+0000][2.388s][info][gc,phases   ] GC(10)   Evacuate Collection Set: 6.59ms
[2026-07-01T02:17:15.602+0000][2.388s][info][gc,phases   ] GC(10)   Post Evacuate Collection Set: 0.39ms
[2026-07-01T02:17:15.602+0000][2.388s][info][gc,phases   ] GC(10)   Other: 0.04ms
[2026-07-01T02:17:15.602+0000][2.388s][info][gc,heap     ] GC(10) Eden regions: 21->0(21)
[2026-07-01T02:17:15.602+0000][2.388s][info][gc,heap     ] GC(10) Survivor regions: 3->3(3)
[2026-07-01T02:17:15.602+0000][2.388s][info][gc,heap     ] GC(10) Old regions: 10->11
[2026-07-01T02:17:15.602+0000][2.388s][info][gc,heap     ] GC(10) Humongous regions: 0->0
[2026-07-01T02:17:15.602+0000][2.388s][info][gc,metaspace] GC(10) Metaspace: 27148K(27712K)->27148K(27712K) NonClass: 23703K(24000K)->23703K(24000K) Class: 3444K(3712K)->3444K(3712K)
[2026-07-01T02:17:15.602+0000][2.388s][info][gc          ] GC(10) Pause Young (Mixed) (G1 Evacuation Pause) 31M->12M(40M) 7.251ms
[2026-07-01T02:17:15.602+0000][2.388s][info][gc,cpu      ] GC(10) User=0.01s Sys=0.00s Real=0.01s
[2026-07-01T02:17:15.867+0000][2.653s][info][gc,start    ] GC(11) Pause Young (Normal) (G1 Evacuation Pause)
[2026-07-01T02:17:15.867+0000][2.653s][info][gc,task     ] GC(11) Using 2 workers of 2 for evacuation
[2026-07-01T02:17:15.875+0000][2.660s][info][gc,phases   ] GC(11)   Pre Evacuate Collection Set: 0.09ms
[2026-07-01T02:17:15.875+0000][2.660s][info][gc,phases   ] GC(11)   Merge Heap Roots: 0.05ms
[2026-07-01T02:17:15.875+0000][2.660s][info][gc,phases   ] GC(11)   Evacuate Collection Set: 6.81ms
[2026-07-01T02:17:15.875+0000][2.660s][info][gc,phases   ] GC(11)   Post Evacuate Collection Set: 0.59ms
[2026-07-01T02:17:15.875+0000][2.660s][info][gc,phases   ] GC(11)   Other: 0.05ms
[2026-07-01T02:17:15.875+0000][2.660s][info][gc,heap     ] GC(11) Eden regions: 21->0(26)
[2026-07-01T02:17:15.875+0000][2.660s][info][gc,heap     ] GC(11) Survivor regions: 3->2(3)
[2026-07-01T02:17:15.875+0000][2.660s][info][gc,heap     ] GC(11) Old regions: 11->14
[2026-07-01T02:17:15.875+0000][2.660s][info][gc,heap     ] GC(11) Humongous regions: 0->0
[2026-07-01T02:17:15.875+0000][2.660s][info][gc,metaspace] GC(11) Metaspace: 29693K(30336K)->29693K(30336K) NonClass: 25876K(26240K)->25876K(26240K) Class: 3817K(4096K)->3817K(4096K)
[2026-07-01T02:17:15.875+0000][2.660s][info][gc          ] GC(11) Pause Young (Normal) (G1 Evacuation Pause) 33M->14M(48M) 7.736ms
[2026-07-01T02:17:15.875+0000][2.660s][info][gc,cpu      ] GC(11) User=0.02s Sys=0.00s Real=0.01s
[2026-07-01T02:17:16.187+0000][2.972s][info][gc,start    ] GC(12) Pause Young (Normal) (G1 Evacuation Pause)
[2026-07-01T02:17:16.187+0000][2.972s][info][gc,task     ] GC(12) Using 2 workers of 2 for evacuation
[2026-07-01T02:17:16.193+0000][2.979s][info][gc,phases   ] GC(12)   Pre Evacuate Collection Set: 0.08ms
[2026-07-01T02:17:16.193+0000][2.979s][info][gc,phases   ] GC(12)   Merge Heap Roots: 0.05ms
[2026-07-01T02:17:16.193+0000][2.979s][info][gc,phases   ] GC(12)   Evacuate Collection Set: 6.10ms
[2026-07-01T02:17:16.193+0000][2.979s][info][gc,phases   ] GC(12)   Post Evacuate Collection Set: 0.41ms
[2026-07-01T02:17:16.193+0000][2.979s][info][gc,phases   ] GC(12)   Other: 0.04ms
[2026-07-01T02:17:16.193+0000][2.979s][info][gc,heap     ] GC(12) Eden regions: 26->0(24)
[2026-07-01T02:17:16.193+0000][2.979s][info][gc,heap     ] GC(12) Survivor regions: 2->4(4)
[2026-07-01T02:17:16.193+0000][2.979s][info][gc,heap     ] GC(12) Old regions: 14->14
[2026-07-01T02:17:16.193+0000][2.979s][info][gc,heap     ] GC(12) Humongous regions: 0->0
[2026-07-01T02:17:16.193+0000][2.979s][info][gc,metaspace] GC(12) Metaspace: 33858K(34624K)->33858K(34624K) NonClass: 29416K(29824K)->29416K(29824K) Class: 4441K(4800K)->4441K(4800K)
[2026-07-01T02:17:16.193+0000][2.979s][info][gc          ] GC(12) Pause Young (Normal) (G1 Evacuation Pause) 40M->16M(48M) 6.797ms
[2026-07-01T02:17:16.193+0000][2.979s][info][gc,cpu      ] GC(12) User=0.01s Sys=0.00s Real=0.01s
[2026-07-01T02:17:16.268+0000][3.054s][info][gc,start    ] GC(13) Pause Young (Concurrent Start) (Metadata GC Threshold)
[2026-07-01T02:17:16.268+0000][3.054s][info][gc,task     ] GC(13) Using 2 workers of 2 for evacuation
[2026-07-01T02:17:16.274+0000][3.059s][info][gc,phases   ] GC(13)   Pre Evacuate Collection Set: 0.10ms
[2026-07-01T02:17:16.274+0000][3.059s][info][gc,phases   ] GC(13)   Merge Heap Roots: 0.05ms
[2026-07-01T02:17:16.274+0000][3.059s][info][gc,phases   ] GC(13)   Evacuate Collection Set: 5.14ms
[2026-07-01T02:17:16.274+0000][3.059s][info][gc,phases   ] GC(13)   Post Evacuate Collection Set: 0.41ms
[2026-07-01T02:17:16.274+0000][3.059s][info][gc,phases   ] GC(13)   Other: 0.06ms
[2026-07-01T02:17:16.274+0000][3.059s][info][gc,heap     ] GC(13) Eden regions: 6->0(22)
[2026-07-01T02:17:16.274+0000][3.059s][info][gc,heap     ] GC(13) Survivor regions: 4->3(4)
[2026-07-01T02:17:16.274+0000][3.059s][info][gc,heap     ] GC(13) Old regions: 14->16
[2026-07-01T02:17:16.274+0000][3.059s][info][gc,heap     ] GC(13) Humongous regions: 0->0
[2026-07-01T02:17:16.274+0000][3.059s][info][gc,metaspace] GC(13) Metaspace: 35711K(36416K)->35711K(36416K) NonClass: 31067K(31424K)->31067K(31424K) Class: 4644K(4992K)->4644K(4992K)
[2026-07-01T02:17:16.274+0000][3.059s][info][gc          ] GC(13) Pause Young (Concurrent Start) (Metadata GC Threshold) 21M->17M(48M) 5.886ms
[2026-07-01T02:17:16.274+0000][3.059s][info][gc,cpu      ] GC(13) User=0.02s Sys=0.00s Real=0.00s
[2026-07-01T02:17:16.274+0000][3.059s][info][gc          ] GC(14) Concurrent Mark Cycle
[2026-07-01T02:17:16.274+0000][3.059s][info][gc,marking  ] GC(14) Concurrent Scan Root Regions
[2026-07-01T02:17:16.279+0000][3.064s][info][gc,marking  ] GC(14) Concurrent Scan Root Regions 4.780ms
[2026-07-01T02:17:16.279+0000][3.064s][info][gc,marking  ] GC(14) Concurrent Mark
[2026-07-01T02:17:16.279+0000][3.064s][info][gc,marking  ] GC(14) Concurrent Mark From Roots
[2026-07-01T02:17:16.279+0000][3.064s][info][gc,task     ] GC(14) Using 1 workers of 1 for marking
[2026-07-01T02:17:16.301+0000][3.087s][info][gc,marking  ] GC(14) Concurrent Mark From Roots 22.526ms
[2026-07-01T02:17:16.301+0000][3.087s][info][gc,marking  ] GC(14) Concurrent Preclean
[2026-07-01T02:17:16.302+0000][3.087s][info][gc,marking  ] GC(14) Concurrent Preclean 0.073ms
[2026-07-01T02:17:16.302+0000][3.087s][info][gc,start    ] GC(14) Pause Remark
[2026-07-01T02:17:16.352+0000][3.137s][info][gc          ] GC(14) Pause Remark 21M->21M(48M) 50.366ms
[2026-07-01T02:17:16.352+0000][3.137s][info][gc,cpu      ] GC(14) User=0.01s Sys=0.00s Real=0.05s
[2026-07-01T02:17:16.355+0000][3.140s][info][gc,marking  ] GC(14) Concurrent Mark 76.145ms
[2026-07-01T02:17:16.355+0000][3.140s][info][gc,marking  ] GC(14) Concurrent Rebuild Remembered Sets and Scrub Regions
[2026-07-01T02:17:16.368+0000][3.154s][info][gc,marking  ] GC(14) Concurrent Rebuild Remembered Sets and Scrub Regions 13.235ms
[2026-07-01T02:17:16.369+0000][3.154s][info][gc,start    ] GC(14) Pause Cleanup
[2026-07-01T02:17:16.369+0000][3.154s][info][gc          ] GC(14) Pause Cleanup 22M->22M(48M) 0.089ms
[2026-07-01T02:17:16.369+0000][3.154s][info][gc,cpu      ] GC(14) User=0.00s Sys=0.00s Real=0.00s
[2026-07-01T02:17:16.370+0000][3.156s][info][gc,marking  ] GC(14) Concurrent Clear Claimed Marks
[2026-07-01T02:17:16.370+0000][3.156s][info][gc,marking  ] GC(14) Concurrent Clear Claimed Marks 0.073ms
[2026-07-01T02:17:16.370+0000][3.156s][info][gc,marking  ] GC(14) Concurrent Cleanup for Next Mark
[2026-07-01T02:17:16.371+0000][3.156s][info][gc,marking  ] GC(14) Concurrent Cleanup for Next Mark 0.141ms
[2026-07-01T02:17:16.371+0000][3.156s][info][gc          ] GC(14) Concurrent Mark Cycle 96.506ms
[2026-07-01T02:17:16.456+0000][3.241s][info][gc,start    ] GC(15) Pause Young (Prepare Mixed) (G1 Evacuation Pause)
[2026-07-01T02:17:16.456+0000][3.242s][info][gc,task     ] GC(15) Using 2 workers of 2 for evacuation
[2026-07-01T02:17:16.468+0000][3.253s][info][gc,phases   ] GC(15)   Pre Evacuate Collection Set: 0.08ms
[2026-07-01T02:17:16.468+0000][3.253s][info][gc,phases   ] GC(15)   Merge Heap Roots: 0.06ms
[2026-07-01T02:17:16.468+0000][3.253s][info][gc,phases   ] GC(15)   Evacuate Collection Set: 11.03ms
[2026-07-01T02:17:16.468+0000][3.253s][info][gc,phases   ] GC(15)   Post Evacuate Collection Set: 0.58ms
[2026-07-01T02:17:16.468+0000][3.253s][info][gc,phases   ] GC(15)   Other: 0.04ms
[2026-07-01T02:17:16.468+0000][3.253s][info][gc,heap     ] GC(15) Eden regions: 22->0(13)
[2026-07-01T02:17:16.468+0000][3.253s][info][gc,heap     ] GC(15) Survivor regions: 3->4(4)
[2026-07-01T02:17:16.468+0000][3.253s][info][gc,heap     ] GC(15) Old regions: 16->25
[2026-07-01T02:17:16.468+0000][3.253s][info][gc,heap     ] GC(15) Humongous regions: 0->0
[2026-07-01T02:17:16.468+0000][3.253s][info][gc,metaspace] GC(15) Metaspace: 37150K(37888K)->37150K(37888K) NonClass: 32293K(32704K)->32293K(32704K) Class: 4856K(5184K)->4856K(5184K)
[2026-07-01T02:17:16.468+0000][3.253s][info][gc          ] GC(15) Pause Young (Prepare Mixed) (G1 Evacuation Pause) 39M->28M(54M) 11.926ms
[2026-07-01T02:17:16.468+0000][3.253s][info][gc,cpu      ] GC(15) User=0.03s Sys=0.00s Real=0.01s
[2026-07-01T02:17:16.488+0000][3.274s][info][gc,start    ] GC(16) Pause Young (Mixed) (G1 Evacuation Pause)
[2026-07-01T02:17:16.488+0000][3.274s][info][gc,task     ] GC(16) Using 2 workers of 2 for evacuation
[2026-07-01T02:17:16.500+0000][3.285s][info][gc,phases   ] GC(16)   Pre Evacuate Collection Set: 0.09ms
[2026-07-01T02:17:16.500+0000][3.285s][info][gc,phases   ] GC(16)   Merge Heap Roots: 0.11ms
[2026-07-01T02:17:16.500+0000][3.285s][info][gc,phases   ] GC(16)   Evacuate Collection Set: 10.56ms
[2026-07-01T02:17:16.500+0000][3.285s][info][gc,phases   ] GC(16)   Post Evacuate Collection Set: 0.49ms
[2026-07-01T02:17:16.500+0000][3.285s][info][gc,phases   ] GC(16)   Other: 0.04ms
[2026-07-01T02:17:16.500+0000][3.285s][info][gc,heap     ] GC(16) Eden regions: 13->0(7)
[2026-07-01T02:17:16.500+0000][3.285s][info][gc,heap     ] GC(16) Survivor regions: 4->3(3)
[2026-07-01T02:17:16.500+0000][3.285s][info][gc,heap     ] GC(16) Old regions: 25->35
[2026-07-01T02:17:16.500+0000][3.285s][info][gc,heap     ] GC(16) Humongous regions: 0->0
[2026-07-01T02:17:16.500+0000][3.285s][info][gc,metaspace] GC(16) Metaspace: 37538K(38208K)->37538K(38208K) NonClass: 32630K(33024K)->32630K(33024K) Class: 4907K(5184K)->4907K(5184K)
[2026-07-01T02:17:16.500+0000][3.285s][info][gc          ] GC(16) Pause Young (Mixed) (G1 Evacuation Pause) 41M->38M(56M) 11.422ms
[2026-07-01T02:17:16.500+0000][3.285s][info][gc,cpu      ] GC(16) User=0.02s Sys=0.00s Real=0.01s
[2026-07-01T02:17:16.504+0000][3.289s][info][gc,start    ] GC(17) Pause Young (Concurrent Start) (G1 Humongous Allocation)
[2026-07-01T02:17:16.504+0000][3.289s][info][gc,task     ] GC(17) Using 2 workers of 2 for evacuation
[2026-07-01T02:17:16.507+0000][3.292s][info][gc,phases   ] GC(17)   Pre Evacuate Collection Set: 0.10ms
[2026-07-01T02:17:16.507+0000][3.292s][info][gc,phases   ] GC(17)   Merge Heap Roots: 0.03ms
[2026-07-01T02:17:16.507+0000][3.292s][info][gc,phases   ] GC(17)   Evacuate Collection Set: 2.23ms
[2026-07-01T02:17:16.507+0000][3.292s][info][gc,phases   ] GC(17)   Post Evacuate Collection Set: 0.55ms
[2026-07-01T02:17:16.507+0000][3.292s][info][gc,phases   ] GC(17)   Other: 0.06ms
[2026-07-01T02:17:16.507+0000][3.292s][info][gc,heap     ] GC(17) Eden regions: 2->0(35)
[2026-07-01T02:17:16.507+0000][3.292s][info][gc,heap     ] GC(17) Survivor regions: 3->2(2)
[2026-07-01T02:17:16.507+0000][3.292s][info][gc,heap     ] GC(17) Old regions: 35->39
[2026-07-01T02:17:16.507+0000][3.292s][info][gc,heap     ] GC(17) Humongous regions: 0->0
[2026-07-01T02:17:16.507+0000][3.292s][info][gc,metaspace] GC(17) Metaspace: 37600K(38336K)->37600K(38336K) NonClass: 32678K(33088K)->32678K(33088K) Class: 4921K(5248K)->4921K(5248K)
[2026-07-01T02:17:16.507+0000][3.292s][info][gc          ] GC(17) Pause Young (Concurrent Start) (G1 Humongous Allocation) 39M->39M(112M) 3.087ms
[2026-07-01T02:17:16.507+0000][3.292s][info][gc,cpu      ] GC(17) User=0.01s Sys=0.00s Real=0.00s
[2026-07-01T02:17:16.507+0000][3.292s][info][gc          ] GC(18) Concurrent Undo Cycle
[2026-07-01T02:17:16.507+0000][3.292s][info][gc,marking  ] GC(18) Concurrent Clear Claimed Marks
[2026-07-01T02:17:16.507+0000][3.292s][info][gc,marking  ] GC(18) Concurrent Clear Claimed Marks 0.054ms
[2026-07-01T02:17:16.507+0000][3.292s][info][gc,marking  ] GC(18) Concurrent Cleanup for Next Mark
[2026-07-01T02:17:16.509+0000][3.294s][info][gc,marking  ] GC(18) Concurrent Cleanup for Next Mark 2.332ms
[2026-07-01T02:17:16.509+0000][3.294s][info][gc          ] GC(18) Concurrent Undo Cycle 2.450ms
[2026-07-01T02:17:16.582+0000][3.368s][info][gc,start    ] GC(19) Pause Young (Normal) (G1 Evacuation Pause)
[2026-07-01T02:17:16.582+0000][3.368s][info][gc,task     ] GC(19) Using 2 workers of 2 for evacuation
[2026-07-01T02:17:16.601+0000][3.386s][info][gc,phases   ] GC(19)   Pre Evacuate Collection Set: 0.09ms
[2026-07-01T02:17:16.601+0000][3.386s][info][gc,phases   ] GC(19)   Merge Heap Roots: 0.05ms
[2026-07-01T02:17:16.601+0000][3.386s][info][gc,phases   ] GC(19)   Evacuate Collection Set: 17.91ms
[2026-07-01T02:17:16.601+0000][3.386s][info][gc,phases   ] GC(19)   Post Evacuate Collection Set: 0.34ms
[2026-07-01T02:17:16.601+0000][3.386s][info][gc,phases   ] GC(19)   Other: 0.06ms
[2026-07-01T02:17:16.601+0000][3.386s][info][gc,heap     ] GC(19) Eden regions: 35->0(16)
[2026-07-01T02:17:16.601+0000][3.386s][info][gc,heap     ] GC(19) Survivor regions: 2->5(5)
[2026-07-01T02:17:16.601+0000][3.386s][info][gc,heap     ] GC(19) Old regions: 39->62
[2026-07-01T02:17:16.601+0000][3.386s][info][gc,heap     ] GC(19) Humongous regions: 3->3
[2026-07-01T02:17:16.601+0000][3.386s][info][gc,metaspace] GC(19) Metaspace: 38171K(38976K)->38171K(38976K) NonClass: 33171K(33600K)->33171K(33600K) Class: 4999K(5376K)->4999K(5376K)
[2026-07-01T02:17:16.601+0000][3.386s][info][gc          ] GC(19) Pause Young (Normal) (G1 Evacuation Pause) 77M->69M(112M) 18.582ms
[2026-07-01T02:17:16.601+0000][3.386s][info][gc,cpu      ] GC(19) User=0.04s Sys=0.01s Real=0.02s
[2026-07-01T02:17:16.616+0000][3.402s][info][gc,start    ] GC(20) Pause Young (Concurrent Start) (G1 Evacuation Pause)
[2026-07-01T02:17:16.616+0000][3.402s][info][gc,task     ] GC(20) Using 2 workers of 2 for evacuation
[2026-07-01T02:17:16.628+0000][3.413s][info][gc,phases   ] GC(20)   Pre Evacuate Collection Set: 0.10ms
[2026-07-01T02:17:16.628+0000][3.413s][info][gc,phases   ] GC(20)   Merge Heap Roots: 0.04ms
[2026-07-01T02:17:16.628+0000][3.413s][info][gc,phases   ] GC(20)   Evacuate Collection Set: 10.92ms
[2026-07-01T02:17:16.628+0000][3.413s][info][gc,phases   ] GC(20)   Post Evacuate Collection Set: 0.25ms
[2026-07-01T02:17:16.628+0000][3.413s][info][gc,phases   ] GC(20)   Other: 0.07ms
[2026-07-01T02:17:16.628+0000][3.413s][info][gc,heap     ] GC(20) Eden regions: 16->0(10)
[2026-07-01T02:17:16.628+0000][3.413s][info][gc,heap     ] GC(20) Survivor regions: 5->3(3)
[2026-07-01T02:17:16.628+0000][3.413s][info][gc,heap     ] GC(20) Old regions: 62->77
[2026-07-01T02:17:16.628+0000][3.413s][info][gc,heap     ] GC(20) Humongous regions: 3->3
[2026-07-01T02:17:16.628+0000][3.413s][info][gc,metaspace] GC(20) Metaspace: 38177K(38976K)->38177K(38976K) NonClass: 33177K(33600K)->33177K(33600K) Class: 4999K(5376K)->4999K(5376K)
[2026-07-01T02:17:16.628+0000][3.413s][info][gc          ] GC(20) Pause Young (Concurrent Start) (G1 Evacuation Pause) 85M->83M(112M) 11.511ms
[2026-07-01T02:17:16.628+0000][3.413s][info][gc,cpu      ] GC(20) User=0.02s Sys=0.00s Real=0.01s
[2026-07-01T02:17:16.628+0000][3.413s][info][gc          ] GC(21) Concurrent Mark Cycle
[2026-07-01T02:17:16.628+0000][3.413s][info][gc,marking  ] GC(21) Concurrent Scan Root Regions
[2026-07-01T02:17:16.651+0000][3.437s][info][gc,marking  ] GC(21) Concurrent Scan Root Regions 23.431ms
[2026-07-01T02:17:16.651+0000][3.437s][info][gc,marking  ] GC(21) Concurrent Mark
[2026-07-01T02:17:16.651+0000][3.437s][info][gc,marking  ] GC(21) Concurrent Mark From Roots
[2026-07-01T02:17:16.651+0000][3.437s][info][gc,task     ] GC(21) Using 1 workers of 1 for marking
[2026-07-01T02:17:16.656+0000][3.441s][info][gc,start    ] GC(22) Pause Young (Normal) (G1 Evacuation Pause)
[2026-07-01T02:17:16.656+0000][3.441s][info][gc,task     ] GC(22) Using 2 workers of 2 for evacuation
[2026-07-01T02:17:16.662+0000][3.448s][info][gc,phases   ] GC(22)   Pre Evacuate Collection Set: 0.09ms
[2026-07-01T02:17:16.662+0000][3.448s][info][gc,phases   ] GC(22)   Merge Heap Roots: 0.03ms
[2026-07-01T02:17:16.662+0000][3.448s][info][gc,phases   ] GC(22)   Evacuate Collection Set: 5.48ms
[2026-07-01T02:17:16.662+0000][3.448s][info][gc,phases   ] GC(22)   Post Evacuate Collection Set: 0.63ms
[2026-07-01T02:17:16.662+0000][3.448s][info][gc,phases   ] GC(22)   Other: 0.04ms
[2026-07-01T02:17:16.662+0000][3.448s][info][gc,heap     ] GC(22) Eden regions: 10->0(6)
[2026-07-01T02:17:16.662+0000][3.448s][info][gc,heap     ] GC(22) Survivor regions: 3->2(2)
[2026-07-01T02:17:16.662+0000][3.448s][info][gc,heap     ] GC(22) Old regions: 77->87
[2026-07-01T02:17:16.662+0000][3.448s][info][gc,heap     ] GC(22) Humongous regions: 3->3
[2026-07-01T02:17:16.662+0000][3.448s][info][gc,metaspace] GC(22) Metaspace: 38177K(38976K)->38177K(38976K) NonClass: 33177K(33600K)->33177K(33600K) Class: 4999K(5376K)->4999K(5376K)
[2026-07-01T02:17:16.662+0000][3.448s][info][gc          ] GC(22) Pause Young (Normal) (G1 Evacuation Pause) 93M->92M(112M) 6.400ms
[2026-07-01T02:17:16.662+0000][3.448s][info][gc,cpu      ] GC(22) User=0.01s Sys=0.00s Real=0.01s
[2026-07-01T02:17:16.670+0000][3.455s][info][gc,start    ] GC(23) Pause Young (Normal) (G1 Evacuation Pause)
[2026-07-01T02:17:16.670+0000][3.456s][info][gc,task     ] GC(23) Using 2 workers of 2 for evacuation
[2026-07-01T02:17:16.678+0000][3.463s][info][gc,phases   ] GC(23)   Pre Evacuate Collection Set: 0.09ms
[2026-07-01T02:17:16.678+0000][3.463s][info][gc,phases   ] GC(23)   Merge Heap Roots: 0.03ms
[2026-07-01T02:17:16.678+0000][3.463s][info][gc,phases   ] GC(23)   Evacuate Collection Set: 6.47ms
[2026-07-01T02:17:16.678+0000][3.463s][info][gc,phases   ] GC(23)   Post Evacuate Collection Set: 1.07ms
[2026-07-01T02:17:16.678+0000][3.463s][info][gc,phases   ] GC(23)   Other: 0.04ms
[2026-07-01T02:17:16.678+0000][3.463s][info][gc,heap     ] GC(23) Eden regions: 6->0(60)
[2026-07-01T02:17:16.678+0000][3.463s][info][gc,heap     ] GC(23) Survivor regions: 2->1(1)
[2026-07-01T02:17:16.678+0000][3.463s][info][gc,heap     ] GC(23) Old regions: 87->93
[2026-07-01T02:17:16.678+0000][3.463s][info][gc,heap     ] GC(23) Humongous regions: 3->3
[2026-07-01T02:17:16.678+0000][3.463s][info][gc,metaspace] GC(23) Metaspace: 38178K(38976K)->38178K(38976K) NonClass: 33178K(33600K)->33178K(33600K) Class: 4999K(5376K)->4999K(5376K)
[2026-07-01T02:17:16.678+0000][3.463s][info][gc          ] GC(23) Pause Young (Normal) (G1 Evacuation Pause) 98M->97M(272M) 7.792ms
[2026-07-01T02:17:16.678+0000][3.463s][info][gc,cpu      ] GC(23) User=0.02s Sys=0.00s Real=0.00s
[2026-07-01T02:17:16.735+0000][3.520s][info][gc,marking  ] GC(21) Concurrent Mark From Roots 83.738ms
[2026-07-01T02:17:16.735+0000][3.520s][info][gc,marking  ] GC(21) Concurrent Preclean
[2026-07-01T02:17:16.735+0000][3.520s][info][gc,marking  ] GC(21) Concurrent Preclean 0.076ms
[2026-07-01T02:17:16.735+0000][3.521s][info][gc,start    ] GC(21) Pause Remark
[2026-07-01T02:17:16.739+0000][3.525s][info][gc          ] GC(21) Pause Remark 159M->159M(272M) 4.033ms
[2026-07-01T02:17:16.739+0000][3.525s][info][gc,cpu      ] GC(21) User=0.01s Sys=0.00s Real=0.01s
[2026-07-01T02:17:16.740+0000][3.525s][info][gc,marking  ] GC(21) Concurrent Mark 88.732ms
[2026-07-01T02:17:16.740+0000][3.525s][info][gc,marking  ] GC(21) Concurrent Rebuild Remembered Sets and Scrub Regions
[2026-07-01T02:17:16.740+0000][3.526s][info][gc,start    ] GC(24) Pause Young (Normal) (G1 Evacuation Pause)
[2026-07-01T02:17:16.740+0000][3.526s][info][gc,task     ] GC(24) Using 2 workers of 2 for evacuation
[2026-07-01T02:17:16.779+0000][3.564s][info][gc,phases   ] GC(24)   Pre Evacuate Collection Set: 0.10ms
[2026-07-01T02:17:16.779+0000][3.564s][info][gc,phases   ] GC(24)   Merge Heap Roots: 0.10ms
[2026-07-01T02:17:16.779+0000][3.564s][info][gc,phases   ] GC(24)   Evacuate Collection Set: 37.84ms
[2026-07-01T02:17:16.779+0000][3.564s][info][gc,phases   ] GC(24)   Post Evacuate Collection Set: 0.43ms
[2026-07-01T02:17:16.779+0000][3.564s][info][gc,phases   ] GC(24)   Other: 0.05ms
[2026-07-01T02:17:16.779+0000][3.564s][info][gc,heap     ] GC(24) Eden regions: 60->0(41)
[2026-07-01T02:17:16.779+0000][3.564s][info][gc,heap     ] GC(24) Survivor regions: 1->8(8)
[2026-07-01T02:17:16.779+0000][3.564s][info][gc,heap     ] GC(24) Old regions: 93->135
[2026-07-01T02:17:16.779+0000][3.564s][info][gc,heap     ] GC(24) Humongous regions: 6->6
[2026-07-01T02:17:16.779+0000][3.564s][info][gc,metaspace] GC(24) Metaspace: 38183K(38976K)->38183K(38976K) NonClass: 33183K(33600K)->33183K(33600K) Class: 4999K(5376K)->4999K(5376K)
[2026-07-01T02:17:16.779+0000][3.564s][info][gc          ] GC(24) Pause Young (Normal) (G1 Evacuation Pause) 160M->149M(272M) 38.619ms
[2026-07-01T02:17:16.779+0000][3.564s][info][gc,cpu      ] GC(24) User=0.06s Sys=0.01s Real=0.04s
[2026-07-01T02:17:16.829+0000][3.615s][info][gc,marking  ] GC(21) Concurrent Rebuild Remembered Sets and Scrub Regions 89.286ms
[2026-07-01T02:17:16.829+0000][3.615s][info][gc,start    ] GC(21) Pause Cleanup
[2026-07-01T02:17:16.830+0000][3.615s][info][gc          ] GC(21) Pause Cleanup 152M->152M(272M) 0.161ms
[2026-07-01T02:17:16.830+0000][3.615s][info][gc,cpu      ] GC(21) User=0.00s Sys=0.00s Real=0.00s
[2026-07-01T02:17:16.830+0000][3.615s][info][gc,marking  ] GC(21) Concurrent Clear Claimed Marks
[2026-07-01T02:17:16.830+0000][3.615s][info][gc,marking  ] GC(21) Concurrent Clear Claimed Marks 0.077ms
[2026-07-01T02:17:16.830+0000][3.615s][info][gc,marking  ] GC(21) Concurrent Cleanup for Next Mark
[2026-07-01T02:17:16.831+0000][3.616s][info][gc,marking  ] GC(21) Concurrent Cleanup for Next Mark 1.132ms
[2026-07-01T02:17:16.831+0000][3.616s][info][gc          ] GC(21) Concurrent Mark Cycle 203.089ms
[2026-07-01T02:17:18.057+0000][4.842s][info][gc,start    ] GC(25) Pause Young (Prepare Mixed) (G1 Evacuation Pause)
[2026-07-01T02:17:18.057+0000][4.842s][info][gc,task     ] GC(25) Using 2 workers of 2 for evacuation
[2026-07-01T02:17:18.074+0000][4.860s][info][gc,phases   ] GC(25)   Pre Evacuate Collection Set: 0.15ms
[2026-07-01T02:17:18.074+0000][4.860s][info][gc,phases   ] GC(25)   Merge Heap Roots: 0.28ms
[2026-07-01T02:17:18.074+0000][4.860s][info][gc,phases   ] GC(25)   Evacuate Collection Set: 16.71ms
[2026-07-01T02:17:18.074+0000][4.860s][info][gc,phases   ] GC(25)   Post Evacuate Collection Set: 0.42ms
[2026-07-01T02:17:18.074+0000][4.860s][info][gc,phases   ] GC(25)   Other: 0.05ms
[2026-07-01T02:17:18.074+0000][4.860s][info][gc,heap     ] GC(25) Eden regions: 41->0(40)
[2026-07-01T02:17:18.074+0000][4.860s][info][gc,heap     ] GC(25) Survivor regions: 8->7(7)
[2026-07-01T02:17:18.074+0000][4.860s][info][gc,heap     ] GC(25) Old regions: 135->150
[2026-07-01T02:17:18.074+0000][4.860s][info][gc,heap     ] GC(25) Humongous regions: 6->6
[2026-07-01T02:17:18.074+0000][4.860s][info][gc,metaspace] GC(25) Metaspace: 39534K(40384K)->39534K(40384K) NonClass: 34383K(34816K)->34383K(34816K) Class: 5151K(5568K)->5151K(5568K)
[2026-07-01T02:17:18.074+0000][4.860s][info][gc          ] GC(25) Pause Young (Prepare Mixed) (G1 Evacuation Pause) 190M->163M(272M) 17.750ms
[2026-07-01T02:17:18.074+0000][4.860s][info][gc,cpu      ] GC(25) User=0.03s Sys=0.00s Real=0.02s
[2026-07-01T02:17:19.268+0000][6.054s][info][gc,start    ] GC(26) Pause Young (Mixed) (G1 Evacuation Pause)
[2026-07-01T02:17:19.269+0000][6.054s][info][gc,task     ] GC(26) Using 2 workers of 2 for evacuation
[2026-07-01T02:17:19.278+0000][6.063s][info][gc,phases   ] GC(26)   Pre Evacuate Collection Set: 0.53ms
[2026-07-01T02:17:19.278+0000][6.063s][info][gc,phases   ] GC(26)   Merge Heap Roots: 0.77ms
[2026-07-01T02:17:19.278+0000][6.063s][info][gc,phases   ] GC(26)   Evacuate Collection Set: 7.28ms
[2026-07-01T02:17:19.278+0000][6.063s][info][gc,phases   ] GC(26)   Post Evacuate Collection Set: 0.38ms
[2026-07-01T02:17:19.278+0000][6.063s][info][gc,phases   ] GC(26)   Other: 0.05ms
[2026-07-01T02:17:19.278+0000][6.063s][info][gc,heap     ] GC(26) Eden regions: 40->0(44)
[2026-07-01T02:17:19.278+0000][6.063s][info][gc,heap     ] GC(26) Survivor regions: 7->1(6)
[2026-07-01T02:17:19.278+0000][6.063s][info][gc,heap     ] GC(26) Old regions: 150->156
[2026-07-01T02:17:19.278+0000][6.063s][info][gc,heap     ] GC(26) Humongous regions: 6->6
[2026-07-01T02:17:19.278+0000][6.063s][info][gc,metaspace] GC(26) Metaspace: 39883K(40768K)->39883K(40768K) NonClass: 34727K(35200K)->34727K(35200K) Class: 5155K(5568K)->5155K(5568K)
[2026-07-01T02:17:19.278+0000][6.063s][info][gc          ] GC(26) Pause Young (Mixed) (G1 Evacuation Pause) 203M->163M(272M) 9.165ms
[2026-07-01T02:17:19.278+0000][6.063s][info][gc,cpu      ] GC(26) User=0.02s Sys=0.00s Real=0.00s
[2026-07-01T02:17:20.665+0000][7.450s][info][gc,start    ] GC(27) Pause Young (Concurrent Start) (G1 Evacuation Pause)
[2026-07-01T02:17:20.665+0000][7.450s][info][gc,task     ] GC(27) Using 2 workers of 2 for evacuation
[2026-07-01T02:17:20.671+0000][7.456s][info][gc,phases   ] GC(27)   Pre Evacuate Collection Set: 0.27ms
[2026-07-01T02:17:20.671+0000][7.456s][info][gc,phases   ] GC(27)   Merge Heap Roots: 0.13ms
[2026-07-01T02:17:20.671+0000][7.456s][info][gc,phases   ] GC(27)   Evacuate Collection Set: 5.09ms
[2026-07-01T02:17:20.671+0000][7.456s][info][gc,phases   ] GC(27)   Post Evacuate Collection Set: 0.35ms
[2026-07-01T02:17:20.671+0000][7.456s][info][gc,phases   ] GC(27)   Other: 0.12ms
[2026-07-01T02:17:20.671+0000][7.456s][info][gc,heap     ] GC(27) Eden regions: 44->0(49)
[2026-07-01T02:17:20.671+0000][7.456s][info][gc,heap     ] GC(27) Survivor regions: 1->1(6)
[2026-07-01T02:17:20.671+0000][7.456s][info][gc,heap     ] GC(27) Old regions: 156->156
[2026-07-01T02:17:20.671+0000][7.456s][info][gc,heap     ] GC(27) Humongous regions: 6->6
[2026-07-01T02:17:20.671+0000][7.456s][info][gc,metaspace] GC(27) Metaspace: 40501K(41408K)->40501K(41408K) NonClass: 35345K(35840K)->35345K(35840K) Class: 5155K(5568K)->5155K(5568K)
[2026-07-01T02:17:20.671+0000][7.456s][info][gc          ] GC(27) Pause Young (Concurrent Start) (G1 Evacuation Pause) 207M->162M(272M) 6.141ms
[2026-07-01T02:17:20.671+0000][7.456s][info][gc,cpu      ] GC(27) User=0.01s Sys=0.00s Real=0.01s
[2026-07-01T02:17:20.675+0000][7.460s][info][gc          ] GC(28) Concurrent Mark Cycle
[2026-07-01T02:17:20.678+0000][7.463s][info][gc,marking  ] GC(28) Concurrent Scan Root Regions
[2026-07-01T02:17:20.687+0000][7.472s][info][gc,marking  ] GC(28) Concurrent Scan Root Regions 9.371ms
[2026-07-01T02:17:20.687+0000][7.472s][info][gc,marking  ] GC(28) Concurrent Mark
[2026-07-01T02:17:20.687+0000][7.472s][info][gc,marking  ] GC(28) Concurrent Mark From Roots
[2026-07-01T02:17:20.687+0000][7.472s][info][gc,task     ] GC(28) Using 1 workers of 1 for marking
[2026-07-01T02:17:21.509+0000][8.295s][info][gc,marking  ] GC(28) Concurrent Mark From Roots 822.388ms
[2026-07-01T02:17:21.509+0000][8.295s][info][gc,marking  ] GC(28) Concurrent Preclean
[2026-07-01T02:17:21.510+0000][8.295s][info][gc,marking  ] GC(28) Concurrent Preclean 0.448ms
[2026-07-01T02:17:21.510+0000][8.295s][info][gc,start    ] GC(28) Pause Remark
[2026-07-01T02:17:21.556+0000][8.341s][info][gc          ] GC(28) Pause Remark 189M->186M(272M) 45.852ms
[2026-07-01T02:17:21.556+0000][8.341s][info][gc,cpu      ] GC(28) User=0.02s Sys=0.00s Real=0.04s
[2026-07-01T02:17:21.591+0000][8.376s][info][gc,marking  ] GC(28) Concurrent Mark 903.742ms
[2026-07-01T02:17:21.591+0000][8.376s][info][gc,marking  ] GC(28) Concurrent Rebuild Remembered Sets and Scrub Regions
[2026-07-01T02:17:22.181+0000][8.967s][info][gc,start    ] GC(29) Pause Young (Normal) (G1 Evacuation Pause)
[2026-07-01T02:17:22.181+0000][8.967s][info][gc,task     ] GC(29) Using 2 workers of 2 for evacuation
[2026-07-01T02:17:22.186+0000][8.972s][info][gc,phases   ] GC(29)   Pre Evacuate Collection Set: 0.15ms
[2026-07-01T02:17:22.186+0000][8.972s][info][gc,phases   ] GC(29)   Merge Heap Roots: 0.11ms
[2026-07-01T02:17:22.186+0000][8.972s][info][gc,phases   ] GC(29)   Evacuate Collection Set: 4.21ms
[2026-07-01T02:17:22.186+0000][8.972s][info][gc,phases   ] GC(29)   Post Evacuate Collection Set: 0.45ms
[2026-07-01T02:17:22.186+0000][8.972s][info][gc,phases   ] GC(29)   Other: 0.05ms
[2026-07-01T02:17:22.186+0000][8.972s][info][gc,heap     ] GC(29) Eden regions: 49->0(54)
[2026-07-01T02:17:22.186+0000][8.972s][info][gc,heap     ] GC(29) Survivor regions: 1->1(7)
[2026-07-01T02:17:22.186+0000][8.972s][info][gc,heap     ] GC(29) Old regions: 156->156
[2026-07-01T02:17:22.186+0000][8.972s][info][gc,heap     ] GC(29) Humongous regions: 3->3
[2026-07-01T02:17:22.186+0000][8.972s][info][gc,metaspace] GC(29) Metaspace: 40729K(41600K)->40729K(41600K) NonClass: 35591K(36032K)->35591K(36032K) Class: 5137K(5568K)->5137K(5568K)
[2026-07-01T02:17:22.187+0000][8.972s][info][gc          ] GC(29) Pause Young (Normal) (G1 Evacuation Pause) 208M->159M(272M) 5.077ms
[2026-07-01T02:17:22.187+0000][8.972s][info][gc,cpu      ] GC(29) User=0.01s Sys=0.01s Real=0.00s
[2026-07-01T02:17:22.283+0000][9.068s][info][gc,marking  ] GC(28) Concurrent Rebuild Remembered Sets and Scrub Regions 692.242ms
[2026-07-01T02:17:22.283+0000][9.069s][info][gc,start    ] GC(28) Pause Cleanup
[2026-07-01T02:17:22.283+0000][9.069s][info][gc          ] GC(28) Pause Cleanup 165M->165M(272M) 0.196ms
[2026-07-01T02:17:22.283+0000][9.069s][info][gc,cpu      ] GC(28) User=0.00s Sys=0.00s Real=0.00s
[2026-07-01T02:17:22.289+0000][9.074s][info][gc,marking  ] GC(28) Concurrent Clear Claimed Marks
[2026-07-01T02:17:22.289+0000][9.074s][info][gc,marking  ] GC(28) Concurrent Clear Claimed Marks 0.122ms
[2026-07-01T02:17:22.289+0000][9.074s][info][gc,marking  ] GC(28) Concurrent Cleanup for Next Mark
[2026-07-01T02:17:22.291+0000][9.076s][info][gc,marking  ] GC(28) Concurrent Cleanup for Next Mark 2.090ms
[2026-07-01T02:17:22.291+0000][9.077s][info][gc          ] GC(28) Concurrent Mark Cycle 1616.471ms
[2026-07-01T02:17:23.612+0000][10.397s][info][gc,start    ] GC(30) Pause Young (Prepare Mixed) (G1 Evacuation Pause)
[2026-07-01T02:17:23.612+0000][10.398s][info][gc,task     ] GC(30) Using 2 workers of 2 for evacuation
[2026-07-01T02:17:23.651+0000][10.436s][info][gc,phases   ] GC(30)   Pre Evacuate Collection Set: 0.15ms
[2026-07-01T02:17:23.651+0000][10.436s][info][gc,phases   ] GC(30)   Merge Heap Roots: 0.13ms
[2026-07-01T02:17:23.651+0000][10.436s][info][gc,phases   ] GC(30)   Evacuate Collection Set: 37.97ms
[2026-07-01T02:17:23.651+0000][10.436s][info][gc,phases   ] GC(30)   Post Evacuate Collection Set: 0.39ms
[2026-07-01T02:17:23.651+0000][10.436s][info][gc,phases   ] GC(30)   Other: 0.06ms
[2026-07-01T02:17:23.651+0000][10.436s][info][gc,heap     ] GC(30) Eden regions: 54->0(60)
[2026-07-01T02:17:23.651+0000][10.436s][info][gc,heap     ] GC(30) Survivor regions: 1->1(7)
[2026-07-01T02:17:23.651+0000][10.436s][info][gc,heap     ] GC(30) Old regions: 156->156
[2026-07-01T02:17:23.651+0000][10.436s][info][gc,heap     ] GC(30) Humongous regions: 3->3
[2026-07-01T02:17:23.651+0000][10.436s][info][gc,metaspace] GC(30) Metaspace: 41083K(41920K)->41083K(41920K) NonClass: 35944K(36352K)->35944K(36352K) Class: 5139K(5568K)->5139K(5568K)
[2026-07-01T02:17:23.651+0000][10.436s][info][gc          ] GC(30) Pause Young (Prepare Mixed) (G1 Evacuation Pause) 213M->160M(272M) 38.865ms
[2026-07-01T02:17:23.651+0000][10.436s][info][gc,cpu      ] GC(30) User=0.02s Sys=0.00s Real=0.04s
[2026-07-01T02:17:24.779+0000][11.565s][info][gc,start    ] GC(31) Pause Young (Mixed) (G1 Evacuation Pause)
[2026-07-01T02:17:24.779+0000][11.565s][info][gc,task     ] GC(31) Using 2 workers of 2 for evacuation
[2026-07-01T02:17:24.784+0000][11.570s][info][gc,phases   ] GC(31)   Pre Evacuate Collection Set: 0.19ms
[2026-07-01T02:17:24.784+0000][11.570s][info][gc,phases   ] GC(31)   Merge Heap Roots: 0.19ms
[2026-07-01T02:17:24.784+0000][11.570s][info][gc,phases   ] GC(31)   Evacuate Collection Set: 4.49ms
[2026-07-01T02:17:24.784+0000][11.570s][info][gc,phases   ] GC(31)   Post Evacuate Collection Set: 0.31ms
[2026-07-01T02:17:24.784+0000][11.570s][info][gc,phases   ] GC(31)   Other: 0.06ms
[2026-07-01T02:17:24.784+0000][11.570s][info][gc,heap     ] GC(31) Eden regions: 60->0(65)
[2026-07-01T02:17:24.784+0000][11.570s][info][gc,heap     ] GC(31) Survivor regions: 1->3(8)
[2026-07-01T02:17:24.784+0000][11.570s][info][gc,heap     ] GC(31) Old regions: 156->155
[2026-07-01T02:17:24.784+0000][11.570s][info][gc,heap     ] GC(31) Humongous regions: 3->3
[2026-07-01T02:17:24.784+0000][11.570s][info][gc,metaspace] GC(31) Metaspace: 41286K(42176K)->41286K(42176K) NonClass: 36147K(36608K)->36147K(36608K) Class: 5139K(5568K)->5139K(5568K)
[2026-07-01T02:17:24.785+0000][11.570s][info][gc          ] GC(31) Pause Young (Mixed) (G1 Evacuation Pause) 220M->159M(272M) 5.373ms
[2026-07-01T02:17:24.785+0000][11.570s][info][gc,cpu      ] GC(31) User=0.02s Sys=0.00s Real=0.00s
[2026-07-01T02:17:25.685+0000][12.470s][info][gc,start    ] GC(32) Pause Young (Concurrent Start) (G1 Evacuation Pause)
[2026-07-01T02:17:25.685+0000][12.470s][info][gc,task     ] GC(32) Using 2 workers of 2 for evacuation
[2026-07-01T02:17:25.691+0000][12.477s][info][gc,phases   ] GC(32)   Pre Evacuate Collection Set: 0.17ms
[2026-07-01T02:17:25.691+0000][12.477s][info][gc,phases   ] GC(32)   Merge Heap Roots: 0.11ms
[2026-07-01T02:17:25.691+0000][12.477s][info][gc,phases   ] GC(32)   Evacuate Collection Set: 4.32ms
[2026-07-01T02:17:25.691+0000][12.477s][info][gc,phases   ] GC(32)   Post Evacuate Collection Set: 1.69ms
[2026-07-01T02:17:25.691+0000][12.477s][info][gc,phases   ] GC(32)   Other: 0.07ms
[2026-07-01T02:17:25.691+0000][12.477s][info][gc,heap     ] GC(32) Eden regions: 65->0(75)
[2026-07-01T02:17:25.691+0000][12.477s][info][gc,heap     ] GC(32) Survivor regions: 3->4(9)
[2026-07-01T02:17:25.691+0000][12.477s][info][gc,heap     ] GC(32) Old regions: 155->155
[2026-07-01T02:17:25.691+0000][12.477s][info][gc,heap     ] GC(32) Humongous regions: 3->3
[2026-07-01T02:17:25.691+0000][12.477s][info][gc,metaspace] GC(32) Metaspace: 41487K(42304K)->41487K(42304K) NonClass: 36347K(36736K)->36347K(36736K) Class: 5140K(5568K)->5140K(5568K)
[2026-07-01T02:17:25.691+0000][12.477s][info][gc          ] GC(32) Pause Young (Concurrent Start) (G1 Evacuation Pause) 224M->160M(272M) 6.522ms
[2026-07-01T02:17:25.691+0000][12.477s][info][gc          ] GC(33) Concurrent Mark Cycle
[2026-07-01T02:17:25.691+0000][12.477s][info][gc,marking  ] GC(33) Concurrent Scan Root Regions
[2026-07-01T02:17:25.691+0000][12.477s][info][gc,cpu      ] GC(32) User=0.01s Sys=0.00s Real=0.01s
[2026-07-01T02:17:25.704+0000][12.489s][info][gc,marking  ] GC(33) Concurrent Scan Root Regions 12.674ms
[2026-07-01T02:17:25.704+0000][12.490s][info][gc,marking  ] GC(33) Concurrent Mark
[2026-07-01T02:17:25.704+0000][12.490s][info][gc,marking  ] GC(33) Concurrent Mark From Roots
[2026-07-01T02:17:25.704+0000][12.490s][info][gc,task     ] GC(33) Using 1 workers of 1 for marking
[2026-07-01T02:17:26.421+0000][13.206s][info][gc,marking  ] GC(33) Concurrent Mark From Roots 716.760ms
[2026-07-01T02:17:26.421+0000][13.206s][info][gc,marking  ] GC(33) Concurrent Preclean
[2026-07-01T02:17:26.421+0000][13.206s][info][gc,marking  ] GC(33) Concurrent Preclean 0.087ms
[2026-07-01T02:17:26.425+0000][13.210s][info][gc,start    ] GC(33) Pause Remark
[2026-07-01T02:17:26.458+0000][13.243s][info][gc          ] GC(33) Pause Remark 220M->220M(272M) 33.165ms
[2026-07-01T02:17:26.458+0000][13.243s][info][gc,cpu      ] GC(33) User=0.03s Sys=0.00s Real=0.03s
[2026-07-01T02:17:26.462+0000][13.248s][info][gc,marking  ] GC(33) Concurrent Mark 758.143ms
[2026-07-01T02:17:26.462+0000][13.248s][info][gc,marking  ] GC(33) Concurrent Rebuild Remembered Sets and Scrub Regions
[2026-07-01T02:17:26.691+0000][13.476s][info][gc,start    ] GC(34) Pause Young (Normal) (G1 Evacuation Pause)
[2026-07-01T02:17:26.691+0000][13.476s][info][gc,task     ] GC(34) Using 2 workers of 2 for evacuation
[2026-07-01T02:17:26.700+0000][13.485s][info][gc,phases   ] GC(34)   Pre Evacuate Collection Set: 0.16ms
[2026-07-01T02:17:26.700+0000][13.485s][info][gc,phases   ] GC(34)   Merge Heap Roots: 0.19ms
[2026-07-01T02:17:26.700+0000][13.485s][info][gc,phases   ] GC(34)   Evacuate Collection Set: 7.62ms
[2026-07-01T02:17:26.700+0000][13.485s][info][gc,phases   ] GC(34)   Post Evacuate Collection Set: 0.53ms
[2026-07-01T02:17:26.700+0000][13.485s][info][gc,phases   ] GC(34)   Other: 0.07ms
[2026-07-01T02:17:26.700+0000][13.485s][info][gc,heap     ] GC(34) Eden regions: 75->0(84)
[2026-07-01T02:17:26.700+0000][13.485s][info][gc,heap     ] GC(34) Survivor regions: 4->4(10)
[2026-07-01T02:17:26.700+0000][13.485s][info][gc,heap     ] GC(34) Old regions: 155->155
[2026-07-01T02:17:26.700+0000][13.485s][info][gc,heap     ] GC(34) Humongous regions: 3->3
[2026-07-01T02:17:26.700+0000][13.485s][info][gc,metaspace] GC(34) Metaspace: 41521K(42432K)->41521K(42432K) NonClass: 36380K(36864K)->36380K(36864K) Class: 5141K(5568K)->5141K(5568K)
[2026-07-01T02:17:26.700+0000][13.485s][info][gc          ] GC(34) Pause Young (Normal) (G1 Evacuation Pause) 235M->160M(272M) 8.759ms
[2026-07-01T02:17:26.700+0000][13.485s][info][gc,cpu      ] GC(34) User=0.02s Sys=0.00s Real=0.01s
[2026-07-01T02:17:27.004+0000][13.789s][info][gc,marking  ] GC(33) Concurrent Rebuild Remembered Sets and Scrub Regions 540.990ms
[2026-07-01T02:17:27.006+0000][13.792s][info][gc,start    ] GC(33) Pause Cleanup
[2026-07-01T02:17:27.006+0000][13.792s][info][gc          ] GC(33) Pause Cleanup 188M->188M(272M) 0.228ms
[2026-07-01T02:17:27.006+0000][13.792s][info][gc,cpu      ] GC(33) User=0.00s Sys=0.00s Real=0.00s
[2026-07-01T02:17:27.010+0000][13.796s][info][gc,marking  ] GC(33) Concurrent Clear Claimed Marks
[2026-07-01T02:17:27.011+0000][13.796s][info][gc,marking  ] GC(33) Concurrent Clear Claimed Marks 0.107ms
[2026-07-01T02:17:27.011+0000][13.796s][info][gc,marking  ] GC(33) Concurrent Cleanup for Next Mark
[2026-07-01T02:17:27.013+0000][13.798s][info][gc,marking  ] GC(33) Concurrent Cleanup for Next Mark 2.109ms
[2026-07-01T02:17:27.013+0000][13.798s][info][gc          ] GC(33) Concurrent Mark Cycle 1321.283ms
[2026-07-01T02:17:27.594+0000][14.380s][info][gc,start    ] GC(35) Pause Young (Prepare Mixed) (G1 Evacuation Pause)
[2026-07-01T02:17:27.594+0000][14.380s][info][gc,task     ] GC(35) Using 2 workers of 2 for evacuation
[2026-07-01T02:17:27.604+0000][14.389s][info][gc,phases   ] GC(35)   Pre Evacuate Collection Set: 0.37ms
[2026-07-01T02:17:27.604+0000][14.389s][info][gc,phases   ] GC(35)   Merge Heap Roots: 0.48ms
[2026-07-01T02:17:27.604+0000][14.389s][info][gc,phases   ] GC(35)   Evacuate Collection Set: 7.93ms
[2026-07-01T02:17:27.604+0000][14.389s][info][gc,phases   ] GC(35)   Post Evacuate Collection Set: 0.62ms
[2026-07-01T02:17:27.604+0000][14.389s][info][gc,phases   ] GC(35)   Other: 0.07ms
[2026-07-01T02:17:27.604+0000][14.389s][info][gc,heap     ] GC(35) Eden regions: 84->0(88)
[2026-07-01T02:17:27.604+0000][14.389s][info][gc,heap     ] GC(35) Survivor regions: 4->4(11)
[2026-07-01T02:17:27.604+0000][14.389s][info][gc,heap     ] GC(35) Old regions: 155->155
[2026-07-01T02:17:27.604+0000][14.389s][info][gc,heap     ] GC(35) Humongous regions: 3->3
[2026-07-01T02:17:27.604+0000][14.389s][info][gc,metaspace] GC(35) Metaspace: 41538K(42432K)->41538K(42432K) NonClass: 36396K(36864K)->36396K(36864K) Class: 5141K(5568K)->5141K(5568K)
[2026-07-01T02:17:27.604+0000][14.389s][info][gc          ] GC(35) Pause Young (Prepare Mixed) (G1 Evacuation Pause) 244M->160M(272M) 9.681ms
[2026-07-01T02:17:27.604+0000][14.389s][info][gc,cpu      ] GC(35) User=0.02s Sys=0.00s Real=0.01s
[2026-07-01T02:17:28.533+0000][15.318s][info][gc,start    ] GC(36) Pause Young (Mixed) (G1 Evacuation Pause)
[2026-07-01T02:17:28.533+0000][15.318s][info][gc,task     ] GC(36) Using 2 workers of 2 for evacuation
[2026-07-01T02:17:28.555+0000][15.341s][info][gc,phases   ] GC(36)   Pre Evacuate Collection Set: 0.11ms
[2026-07-01T02:17:28.555+0000][15.341s][info][gc,phases   ] GC(36)   Merge Heap Roots: 0.13ms
[2026-07-01T02:17:28.555+0000][15.341s][info][gc,phases   ] GC(36)   Evacuate Collection Set: 21.78ms
[2026-07-01T02:17:28.555+0000][15.341s][info][gc,phases   ] GC(36)   Post Evacuate Collection Set: 0.41ms
[2026-07-01T02:17:28.555+0000][15.341s][info][gc,phases   ] GC(36)   Other: 0.06ms
[2026-07-01T02:17:28.555+0000][15.341s][info][gc,heap     ] GC(36) Eden regions: 88->0(94)
[2026-07-01T02:17:28.555+0000][15.341s][info][gc,heap     ] GC(36) Survivor regions: 4->4(12)
[2026-07-01T02:17:28.555+0000][15.341s][info][gc,heap     ] GC(36) Old regions: 155->153
[2026-07-01T02:17:28.555+0000][15.341s][info][gc,heap     ] GC(36) Humongous regions: 3->3
[2026-07-01T02:17:28.555+0000][15.341s][info][gc,metaspace] GC(36) Metaspace: 41539K(42432K)->41539K(42432K) NonClass: 36398K(36864K)->36398K(36864K) Class: 5141K(5568K)->5141K(5568K)
[2026-07-01T02:17:28.555+0000][15.341s][info][gc          ] GC(36) Pause Young (Mixed) (G1 Evacuation Pause) 248M->159M(272M) 22.668ms
[2026-07-01T02:17:28.555+0000][15.341s][info][gc,cpu      ] GC(36) User=0.03s Sys=0.00s Real=0.02s
[2026-07-01T02:17:29.588+0000][16.373s][info][gc,start    ] GC(37) Pause Young (Concurrent Start) (G1 Evacuation Pause)
[2026-07-01T02:17:29.588+0000][16.373s][info][gc,task     ] GC(37) Using 2 workers of 2 for evacuation
[2026-07-01T02:17:29.599+0000][16.385s][info][gc,phases   ] GC(37)   Pre Evacuate Collection Set: 0.72ms
[2026-07-01T02:17:29.599+0000][16.385s][info][gc,phases   ] GC(37)   Merge Heap Roots: 0.23ms
[2026-07-01T02:17:29.599+0000][16.385s][info][gc,phases   ] GC(37)   Evacuate Collection Set: 9.98ms
[2026-07-01T02:17:29.599+0000][16.385s][info][gc,phases   ] GC(37)   Post Evacuate Collection Set: 0.42ms
[2026-07-01T02:17:29.599+0000][16.385s][info][gc,phases   ] GC(37)   Other: 0.08ms
[2026-07-01T02:17:29.599+0000][16.385s][info][gc,heap     ] GC(37) Eden regions: 94->0(97)
[2026-07-01T02:17:29.600+0000][16.385s][info][gc,heap     ] GC(37) Survivor regions: 4->4(13)
[2026-07-01T02:17:29.600+0000][16.385s][info][gc,heap     ] GC(37) Old regions: 153->153
[2026-07-01T02:17:29.600+0000][16.385s][info][gc,heap     ] GC(37) Humongous regions: 3->3
[2026-07-01T02:17:29.600+0000][16.385s][info][gc,metaspace] GC(37) Metaspace: 41566K(42432K)->41566K(42432K) NonClass: 36425K(36864K)->36425K(36864K) Class: 5141K(5568K)->5141K(5568K)
[2026-07-01T02:17:29.600+0000][16.385s][info][gc          ] GC(37) Pause Young (Concurrent Start) (G1 Evacuation Pause) 253M->159M(272M) 11.584ms
[2026-07-01T02:17:29.600+0000][16.385s][info][gc          ] GC(38) Concurrent Mark Cycle
[2026-07-01T02:17:29.600+0000][16.385s][info][gc,marking  ] GC(38) Concurrent Scan Root Regions
[2026-07-01T02:17:29.600+0000][16.385s][info][gc,cpu      ] GC(37) User=0.02s Sys=0.00s Real=0.02s
[2026-07-01T02:17:29.608+0000][16.393s][info][gc,marking  ] GC(38) Concurrent Scan Root Regions 8.362ms
[2026-07-01T02:17:29.608+0000][16.393s][info][gc,marking  ] GC(38) Concurrent Mark
[2026-07-01T02:17:29.608+0000][16.393s][info][gc,marking  ] GC(38) Concurrent Mark From Roots
[2026-07-01T02:17:29.608+0000][16.393s][info][gc,task     ] GC(38) Using 1 workers of 1 for marking
[2026-07-01T02:17:30.664+0000][17.449s][info][gc,start    ] GC(39) Pause Young (Normal) (G1 Evacuation Pause)
[2026-07-01T02:17:30.664+0000][17.449s][info][gc,task     ] GC(39) Using 2 workers of 2 for evacuation
[2026-07-01T02:17:30.674+0000][17.459s][info][gc,phases   ] GC(39)   Pre Evacuate Collection Set: 0.18ms
[2026-07-01T02:17:30.674+0000][17.459s][info][gc,phases   ] GC(39)   Merge Heap Roots: 0.18ms
[2026-07-01T02:17:30.674+0000][17.459s][info][gc,phases   ] GC(39)   Evacuate Collection Set: 8.74ms
[2026-07-01T02:17:30.674+0000][17.459s][info][gc,phases   ] GC(39)   Post Evacuate Collection Set: 0.39ms
[2026-07-01T02:17:30.674+0000][17.459s][info][gc,phases   ] GC(39)   Other: 0.05ms
[2026-07-01T02:17:30.674+0000][17.459s][info][gc,heap     ] GC(39) Eden regions: 97->0(96)
[2026-07-01T02:17:30.674+0000][17.459s][info][gc,heap     ] GC(39) Survivor regions: 4->5(13)
[2026-07-01T02:17:30.674+0000][17.459s][info][gc,heap     ] GC(39) Old regions: 153->153
[2026-07-01T02:17:30.674+0000][17.459s][info][gc,heap     ] GC(39) Humongous regions: 3->3
[2026-07-01T02:17:30.674+0000][17.459s][info][gc,metaspace] GC(39) Metaspace: 41573K(42432K)->41573K(42432K) NonClass: 36431K(36864K)->36431K(36864K) Class: 5141K(5568K)->5141K(5568K)
[2026-07-01T02:17:30.674+0000][17.459s][info][gc          ] GC(39) Pause Young (Normal) (G1 Evacuation Pause) 256M->160M(272M) 9.724ms
[2026-07-01T02:17:30.674+0000][17.459s][info][gc,cpu      ] GC(39) User=0.02s Sys=0.00s Real=0.01s
[2026-07-01T02:17:30.686+0000][17.471s][info][gc,marking  ] GC(38) Concurrent Mark From Roots 1077.734ms
[2026-07-01T02:17:30.686+0000][17.471s][info][gc,marking  ] GC(38) Concurrent Preclean
[2026-07-01T02:17:30.686+0000][17.472s][info][gc,marking  ] GC(38) Concurrent Preclean 0.383ms
[2026-07-01T02:17:30.687+0000][17.472s][info][gc,start    ] GC(38) Pause Remark
[2026-07-01T02:17:30.693+0000][17.479s][info][gc          ] GC(38) Pause Remark 162M->162M(272M) 6.535ms
[2026-07-01T02:17:30.693+0000][17.479s][info][gc,cpu      ] GC(38) User=0.02s Sys=0.00s Real=0.01s
[2026-07-01T02:17:30.696+0000][17.481s][info][gc,marking  ] GC(38) Concurrent Mark 1087.590ms
[2026-07-01T02:17:30.696+0000][17.481s][info][gc,marking  ] GC(38) Concurrent Rebuild Remembered Sets and Scrub Regions
[2026-07-01T02:17:31.275+0000][18.061s][info][gc,marking  ] GC(38) Concurrent Rebuild Remembered Sets and Scrub Regions 579.892ms
[2026-07-01T02:17:31.277+0000][18.063s][info][gc,start    ] GC(38) Pause Cleanup
[2026-07-01T02:17:31.277+0000][18.063s][info][gc          ] GC(38) Pause Cleanup 218M->218M(272M) 0.162ms
[2026-07-01T02:17:31.277+0000][18.063s][info][gc,cpu      ] GC(38) User=0.00s Sys=0.00s Real=0.00s
[2026-07-01T02:17:31.281+0000][18.066s][info][gc,marking  ] GC(38) Concurrent Clear Claimed Marks
[2026-07-01T02:17:31.281+0000][18.066s][info][gc,marking  ] GC(38) Concurrent Clear Claimed Marks 0.111ms
[2026-07-01T02:17:31.281+0000][18.066s][info][gc,marking  ] GC(38) Concurrent Cleanup for Next Mark
[2026-07-01T02:17:31.282+0000][18.067s][info][gc,marking  ] GC(38) Concurrent Cleanup for Next Mark 1.136ms
[2026-07-01T02:17:31.282+0000][18.067s][info][gc          ] GC(38) Concurrent Mark Cycle 1682.419ms
[2026-07-01T02:17:31.689+0000][18.475s][info][gc,start    ] GC(40) Pause Young (Prepare Mixed) (G1 Evacuation Pause)
[2026-07-01T02:17:31.689+0000][18.475s][info][gc,task     ] GC(40) Using 2 workers of 2 for evacuation
[2026-07-01T02:17:31.701+0000][18.486s][info][gc,phases   ] GC(40)   Pre Evacuate Collection Set: 0.15ms
[2026-07-01T02:17:31.701+0000][18.486s][info][gc,phases   ] GC(40)   Merge Heap Roots: 0.33ms
[2026-07-01T02:17:31.701+0000][18.487s][info][gc,phases   ] GC(40)   Evacuate Collection Set: 10.77ms
[2026-07-01T02:17:31.701+0000][18.487s][info][gc,phases   ] GC(40)   Post Evacuate Collection Set: 0.55ms
[2026-07-01T02:17:31.701+0000][18.487s][info][gc,phases   ] GC(40)   Other: 0.06ms
[2026-07-01T02:17:31.701+0000][18.487s][info][gc,heap     ] GC(40) Eden regions: 96->0(96)
[2026-07-01T02:17:31.701+0000][18.487s][info][gc,heap     ] GC(40) Survivor regions: 5->5(13)
[2026-07-01T02:17:31.701+0000][18.487s][info][gc,heap     ] GC(40) Old regions: 153->153
[2026-07-01T02:17:31.701+0000][18.487s][info][gc,heap     ] GC(40) Humongous regions: 3->3
[2026-07-01T02:17:31.701+0000][18.487s][info][gc,metaspace] GC(40) Metaspace: 41580K(42432K)->41580K(42432K) NonClass: 36439K(36864K)->36439K(36864K) Class: 5141K(5568K)->5141K(5568K)
[2026-07-01T02:17:31.701+0000][18.487s][info][gc          ] GC(40) Pause Young (Prepare Mixed) (G1 Evacuation Pause) 256M->160M(272M) 12.048ms
[2026-07-01T02:17:31.701+0000][18.487s][info][gc,cpu      ] GC(40) User=0.03s Sys=0.00s Real=0.01s
[2026-07-01T02:17:32.705+0000][19.490s][info][gc,start    ] GC(41) Pause Young (Mixed) (G1 Evacuation Pause)
[2026-07-01T02:17:32.705+0000][19.490s][info][gc,task     ] GC(41) Using 2 workers of 2 for evacuation
[2026-07-01T02:17:32.717+0000][19.502s][info][gc,phases   ] GC(41)   Pre Evacuate Collection Set: 0.42ms
[2026-07-01T02:17:32.717+0000][19.502s][info][gc,phases   ] GC(41)   Merge Heap Roots: 0.21ms
[2026-07-01T02:17:32.717+0000][19.502s][info][gc,phases   ] GC(41)   Evacuate Collection Set: 11.25ms
[2026-07-01T02:17:32.717+0000][19.502s][info][gc,phases   ] GC(41)   Post Evacuate Collection Set: 0.50ms
[2026-07-01T02:17:32.717+0000][19.502s][info][gc,phases   ] GC(41)   Other: 0.07ms
[2026-07-01T02:17:32.717+0000][19.502s][info][gc,heap     ] GC(41) Eden regions: 96->0(97)
[2026-07-01T02:17:32.717+0000][19.502s][info][gc,heap     ] GC(41) Survivor regions: 5->5(13)
[2026-07-01T02:17:32.717+0000][19.502s][info][gc,heap     ] GC(41) Old regions: 153->152
[2026-07-01T02:17:32.717+0000][19.502s][info][gc,heap     ] GC(41) Humongous regions: 3->3
[2026-07-01T02:17:32.717+0000][19.502s][info][gc,metaspace] GC(41) Metaspace: 41613K(42496K)->41613K(42496K) NonClass: 36471K(36928K)->36471K(36928K) Class: 5141K(5568K)->5141K(5568K)
[2026-07-01T02:17:32.717+0000][19.503s][info][gc          ] GC(41) Pause Young (Mixed) (G1 Evacuation Pause) 256M->159M(272M) 12.628ms
[2026-07-01T02:17:32.717+0000][19.503s][info][gc,cpu      ] GC(41) User=0.03s Sys=0.00s Real=0.01s
[2026-07-01T02:17:33.619+0000][20.404s][info][gc,start    ] GC(42) Pause Young (Concurrent Start) (G1 Evacuation Pause)
[2026-07-01T02:17:33.619+0000][20.404s][info][gc,task     ] GC(42) Using 2 workers of 2 for evacuation
[2026-07-01T02:17:33.629+0000][20.414s][info][gc,phases   ] GC(42)   Pre Evacuate Collection Set: 0.15ms
[2026-07-01T02:17:33.629+0000][20.414s][info][gc,phases   ] GC(42)   Merge Heap Roots: 0.16ms
[2026-07-01T02:17:33.629+0000][20.414s][info][gc,phases   ] GC(42)   Evacuate Collection Set: 9.06ms
[2026-07-01T02:17:33.629+0000][20.414s][info][gc,phases   ] GC(42)   Post Evacuate Collection Set: 0.47ms
[2026-07-01T02:17:33.629+0000][20.414s][info][gc,phases   ] GC(42)   Other: 0.07ms
[2026-07-01T02:17:33.629+0000][20.414s][info][gc,heap     ] GC(42) Eden regions: 97->0(96)
[2026-07-01T02:17:33.629+0000][20.414s][info][gc,heap     ] GC(42) Survivor regions: 5->6(13)
[2026-07-01T02:17:33.629+0000][20.414s][info][gc,heap     ] GC(42) Old regions: 152->152
[2026-07-01T02:17:33.629+0000][20.414s][info][gc,heap     ] GC(42) Humongous regions: 3->3
[2026-07-01T02:17:33.629+0000][20.414s][info][gc,metaspace] GC(42) Metaspace: 41635K(42496K)->41635K(42496K) NonClass: 36494K(36928K)->36494K(36928K) Class: 5141K(5568K)->5141K(5568K)
[2026-07-01T02:17:33.629+0000][20.414s][info][gc          ] GC(42) Pause Young (Concurrent Start) (G1 Evacuation Pause) 256M->160M(272M) 10.058ms
[2026-07-01T02:17:33.629+0000][20.414s][info][gc          ] GC(43) Concurrent Mark Cycle
[2026-07-01T02:17:33.629+0000][20.414s][info][gc,marking  ] GC(43) Concurrent Scan Root Regions
[2026-07-01T02:17:33.629+0000][20.414s][info][gc,cpu      ] GC(42) User=0.02s Sys=0.00s Real=0.01s
[2026-07-01T02:17:33.738+0000][20.523s][info][gc,marking  ] GC(43) Concurrent Scan Root Regions 108.642ms
[2026-07-01T02:17:33.738+0000][20.523s][info][gc,marking  ] GC(43) Concurrent Mark
[2026-07-01T02:17:33.738+0000][20.523s][info][gc,marking  ] GC(43) Concurrent Mark From Roots
[2026-07-01T02:17:33.738+0000][20.523s][info][gc,task     ] GC(43) Using 1 workers of 1 for marking
[2026-07-01T02:17:34.513+0000][21.298s][info][gc,marking  ] GC(43) Concurrent Mark From Roots 775.051ms
[2026-07-01T02:17:34.513+0000][21.298s][info][gc,marking  ] GC(43) Concurrent Preclean
[2026-07-01T02:17:34.513+0000][21.298s][info][gc,marking  ] GC(43) Concurrent Preclean 0.103ms
[2026-07-01T02:17:34.513+0000][21.298s][info][gc,start    ] GC(43) Pause Remark
[2026-07-01T02:17:34.522+0000][21.308s][info][gc          ] GC(43) Pause Remark 239M->239M(272M) 9.410ms
[2026-07-01T02:17:34.522+0000][21.308s][info][gc,cpu      ] GC(43) User=0.02s Sys=0.00s Real=0.01s
[2026-07-01T02:17:34.524+0000][21.309s][info][gc,marking  ] GC(43) Concurrent Mark 785.988ms
[2026-07-01T02:17:34.524+0000][21.309s][info][gc,marking  ] GC(43) Concurrent Rebuild Remembered Sets and Scrub Regions
[2026-07-01T02:17:34.762+0000][21.548s][info][gc,marking  ] GC(43) Concurrent Rebuild Remembered Sets and Scrub Regions 238.598ms
[2026-07-01T02:17:34.763+0000][21.548s][info][gc,start    ] GC(43) Pause Cleanup
[2026-07-01T02:17:34.763+0000][21.548s][info][gc          ] GC(43) Pause Cleanup 253M->253M(272M) 0.185ms
[2026-07-01T02:17:34.763+0000][21.548s][info][gc,cpu      ] GC(43) User=0.00s Sys=0.00s Real=0.00s
[2026-07-01T02:17:34.764+0000][21.550s][info][gc,marking  ] GC(43) Concurrent Clear Claimed Marks
[2026-07-01T02:17:34.765+0000][21.550s][info][gc,marking  ] GC(43) Concurrent Clear Claimed Marks 0.135ms
[2026-07-01T02:17:34.765+0000][21.550s][info][gc,marking  ] GC(43) Concurrent Cleanup for Next Mark
[2026-07-01T02:17:34.766+0000][21.551s][info][gc,marking  ] GC(43) Concurrent Cleanup for Next Mark 1.426ms
[2026-07-01T02:17:34.766+0000][21.551s][info][gc          ] GC(43) Concurrent Mark Cycle 1137.088ms
[2026-07-01T02:17:34.790+0000][21.575s][info][gc,start    ] GC(44) Pause Young (Prepare Mixed) (G1 Evacuation Pause)
[2026-07-01T02:17:34.790+0000][21.575s][info][gc,task     ] GC(44) Using 2 workers of 2 for evacuation
[2026-07-01T02:17:34.804+0000][21.589s][info][gc,phases   ] GC(44)   Pre Evacuate Collection Set: 0.16ms
[2026-07-01T02:17:34.804+0000][21.589s][info][gc,phases   ] GC(44)   Merge Heap Roots: 0.36ms
[2026-07-01T02:17:34.804+0000][21.589s][info][gc,phases   ] GC(44)   Evacuate Collection Set: 12.96ms
[2026-07-01T02:17:34.804+0000][21.589s][info][gc,phases   ] GC(44)   Post Evacuate Collection Set: 0.56ms
[2026-07-01T02:17:34.804+0000][21.589s][info][gc,phases   ] GC(44)   Other: 0.06ms
[2026-07-01T02:17:34.804+0000][21.589s][info][gc,heap     ] GC(44) Eden regions: 96->0(96)
[2026-07-01T02:17:34.804+0000][21.589s][info][gc,heap     ] GC(44) Survivor regions: 6->6(13)
[2026-07-01T02:17:34.804+0000][21.589s][info][gc,heap     ] GC(44) Old regions: 152->152
[2026-07-01T02:17:34.804+0000][21.589s][info][gc,heap     ] GC(44) Humongous regions: 3->3
[2026-07-01T02:17:34.804+0000][21.589s][info][gc,metaspace] GC(44) Metaspace: 41640K(42496K)->41640K(42496K) NonClass: 36498K(36928K)->36498K(36928K) Class: 5142K(5568K)->5142K(5568K)
[2026-07-01T02:17:34.804+0000][21.589s][info][gc          ] GC(44) Pause Young (Prepare Mixed) (G1 Evacuation Pause) 256M->160M(272M) 14.290ms
[2026-07-01T02:17:34.804+0000][21.590s][info][gc,cpu      ] GC(44) User=0.03s Sys=0.00s Real=0.01s
[2026-07-01T02:17:35.701+0000][22.487s][info][gc,start    ] GC(45) Pause Young (Mixed) (G1 Evacuation Pause)
[2026-07-01T02:17:35.701+0000][22.487s][info][gc,task     ] GC(45) Using 2 workers of 2 for evacuation
[2026-07-01T02:17:35.712+0000][22.498s][info][gc,phases   ] GC(45)   Pre Evacuate Collection Set: 0.27ms
[2026-07-01T02:17:35.712+0000][22.498s][info][gc,phases   ] GC(45)   Merge Heap Roots: 0.28ms
[2026-07-01T02:17:35.712+0000][22.498s][info][gc,phases   ] GC(45)   Evacuate Collection Set: 10.07ms
[2026-07-01T02:17:35.712+0000][22.498s][info][gc,phases   ] GC(45)   Post Evacuate Collection Set: 0.40ms
[2026-07-01T02:17:35.712+0000][22.498s][info][gc,phases   ] GC(45)   Other: 0.05ms
[2026-07-01T02:17:35.712+0000][22.498s][info][gc,heap     ] GC(45) Eden regions: 96->0(96)
[2026-07-01T02:17:35.712+0000][22.498s][info][gc,heap     ] GC(45) Survivor regions: 6->6(13)
[2026-07-01T02:17:35.712+0000][22.498s][info][gc,heap     ] GC(45) Old regions: 152->152
[2026-07-01T02:17:35.712+0000][22.498s][info][gc,heap     ] GC(45) Humongous regions: 3->3
[2026-07-01T02:17:35.712+0000][22.498s][info][gc,metaspace] GC(45) Metaspace: 41641K(42496K)->41641K(42496K) NonClass: 36498K(36928K)->36498K(36928K) Class: 5142K(5568K)->5142K(5568K)
[2026-07-01T02:17:35.712+0000][22.498s][info][gc          ] GC(45) Pause Young (Mixed) (G1 Evacuation Pause) 256M->160M(272M) 11.242ms
[2026-07-01T02:17:35.712+0000][22.498s][info][gc,cpu      ] GC(45) User=0.02s Sys=0.00s Real=0.01s
[2026-07-01T02:17:36.481+0000][23.266s][info][gc,start    ] GC(46) Pause Young (Concurrent Start) (G1 Evacuation Pause)
[2026-07-01T02:17:36.481+0000][23.266s][info][gc,task     ] GC(46) Using 2 workers of 2 for evacuation
[2026-07-01T02:17:36.492+0000][23.277s][info][gc,phases   ] GC(46)   Pre Evacuate Collection Set: 0.14ms
[2026-07-01T02:17:36.492+0000][23.277s][info][gc,phases   ] GC(46)   Merge Heap Roots: 0.17ms
[2026-07-01T02:17:36.492+0000][23.277s][info][gc,phases   ] GC(46)   Evacuate Collection Set: 9.99ms
[2026-07-01T02:17:36.492+0000][23.277s][info][gc,phases   ] GC(46)   Post Evacuate Collection Set: 0.44ms
[2026-07-01T02:17:36.492+0000][23.277s][info][gc,phases   ] GC(46)   Other: 0.07ms
[2026-07-01T02:17:36.492+0000][23.277s][info][gc,heap     ] GC(46) Eden regions: 96->0(95)
[2026-07-01T02:17:36.492+0000][23.277s][info][gc,heap     ] GC(46) Survivor regions: 6->7(13)
[2026-07-01T02:17:36.492+0000][23.277s][info][gc,heap     ] GC(46) Old regions: 152->152
[2026-07-01T02:17:36.492+0000][23.277s][info][gc,heap     ] GC(46) Humongous regions: 3->3
[2026-07-01T02:17:36.492+0000][23.277s][info][gc,metaspace] GC(46) Metaspace: 41649K(42496K)->41649K(42496K) NonClass: 36507K(36928K)->36507K(36928K) Class: 5142K(5568K)->5142K(5568K)
[2026-07-01T02:17:36.492+0000][23.277s][info][gc          ] GC(46) Pause Young (Concurrent Start) (G1 Evacuation Pause) 256M->161M(272M) 10.943ms
[2026-07-01T02:17:36.492+0000][23.277s][info][gc,cpu      ] GC(46) User=0.02s Sys=0.00s Real=0.01s
[2026-07-01T02:17:36.492+0000][23.277s][info][gc          ] GC(47) Concurrent Mark Cycle
[2026-07-01T02:17:36.492+0000][23.277s][info][gc,marking  ] GC(47) Concurrent Scan Root Regions
[2026-07-01T02:17:36.558+0000][23.343s][info][gc,marking  ] GC(47) Concurrent Scan Root Regions 65.765ms
[2026-07-01T02:17:36.558+0000][23.343s][info][gc,marking  ] GC(47) Concurrent Mark
[2026-07-01T02:17:36.558+0000][23.343s][info][gc,marking  ] GC(47) Concurrent Mark From Roots
[2026-07-01T02:17:36.558+0000][23.343s][info][gc,task     ] GC(47) Using 1 workers of 1 for marking
[2026-07-01T02:17:37.322+0000][24.107s][info][gc,marking  ] GC(47) Concurrent Mark From Roots 764.166ms
[2026-07-01T02:17:37.322+0000][24.107s][info][gc,marking  ] GC(47) Concurrent Preclean
[2026-07-01T02:17:37.322+0000][24.108s][info][gc,marking  ] GC(47) Concurrent Preclean 0.099ms
[2026-07-01T02:17:37.351+0000][24.137s][info][gc,start    ] GC(47) Pause Remark
[2026-07-01T02:17:37.366+0000][24.152s][info][gc          ] GC(47) Pause Remark 231M->231M(272M) 14.687ms
[2026-07-01T02:17:37.366+0000][24.152s][info][gc,cpu      ] GC(47) User=0.01s Sys=0.00s Real=0.01s
[2026-07-01T02:17:37.368+0000][24.153s][info][gc,marking  ] GC(47) Concurrent Mark 809.628ms
[2026-07-01T02:17:37.368+0000][24.153s][info][gc,marking  ] GC(47) Concurrent Rebuild Remembered Sets and Scrub Regions
[2026-07-01T02:17:37.671+0000][24.456s][info][gc,start    ] GC(48) Pause Young (Normal) (G1 Evacuation Pause)
[2026-07-01T02:17:37.671+0000][24.456s][info][gc,task     ] GC(48) Using 2 workers of 2 for evacuation
[2026-07-01T02:17:37.697+0000][24.482s][info][gc,phases   ] GC(48)   Pre Evacuate Collection Set: 0.14ms
[2026-07-01T02:17:37.697+0000][24.482s][info][gc,phases   ] GC(48)   Merge Heap Roots: 0.58ms
[2026-07-01T02:17:37.697+0000][24.482s][info][gc,phases   ] GC(48)   Evacuate Collection Set: 24.43ms
[2026-07-01T02:17:37.697+0000][24.482s][info][gc,phases   ] GC(48)   Post Evacuate Collection Set: 0.61ms
[2026-07-01T02:17:37.697+0000][24.482s][info][gc,phases   ] GC(48)   Other: 0.06ms
[2026-07-01T02:17:37.697+0000][24.482s][info][gc,heap     ] GC(48) Eden regions: 95->0(95)
[2026-07-01T02:17:37.697+0000][24.482s][info][gc,heap     ] GC(48) Survivor regions: 7->7(13)
[2026-07-01T02:17:37.697+0000][24.482s][info][gc,heap     ] GC(48) Old regions: 152->152
[2026-07-01T02:17:37.697+0000][24.482s][info][gc,heap     ] GC(48) Humongous regions: 3->3
[2026-07-01T02:17:37.697+0000][24.482s][info][gc,metaspace] GC(48) Metaspace: 41652K(42496K)->41652K(42496K) NonClass: 36510K(36928K)->36510K(36928K) Class: 5142K(5568K)->5142K(5568K)
[2026-07-01T02:17:37.697+0000][24.482s][info][gc          ] GC(48) Pause Young (Normal) (G1 Evacuation Pause) 256M->161M(272M) 26.004ms
[2026-07-01T02:17:37.697+0000][24.482s][info][gc,cpu      ] GC(48) User=0.03s Sys=0.00s Real=0.02s
[2026-07-01T02:17:37.719+0000][24.504s][info][gc,marking  ] GC(47) Concurrent Rebuild Remembered Sets and Scrub Regions 351.338ms
[2026-07-01T02:17:37.719+0000][24.504s][info][gc,start    ] GC(47) Pause Cleanup
[2026-07-01T02:17:37.719+0000][24.505s][info][gc          ] GC(47) Pause Cleanup 164M->164M(272M) 0.232ms
[2026-07-01T02:17:37.719+0000][24.505s][info][gc,cpu      ] GC(47) User=0.00s Sys=0.00s Real=0.00s
[2026-07-01T02:17:37.722+0000][24.507s][info][gc,marking  ] GC(47) Concurrent Clear Claimed Marks
[2026-07-01T02:17:37.722+0000][24.508s][info][gc,marking  ] GC(47) Concurrent Clear Claimed Marks 0.094ms
[2026-07-01T02:17:37.722+0000][24.508s][info][gc,marking  ] GC(47) Concurrent Cleanup for Next Mark
[2026-07-01T02:17:37.723+0000][24.508s][info][gc,marking  ] GC(47) Concurrent Cleanup for Next Mark 0.719ms
[2026-07-01T02:17:37.723+0000][24.508s][info][gc          ] GC(47) Concurrent Mark Cycle 1231.124ms
[2026-07-01T02:17:38.715+0000][25.500s][info][gc,start    ] GC(49) Pause Young (Prepare Mixed) (G1 Evacuation Pause)
[2026-07-01T02:17:38.715+0000][25.500s][info][gc,task     ] GC(49) Using 2 workers of 2 for evacuation
[2026-07-01T02:17:38.728+0000][25.514s][info][gc,phases   ] GC(49)   Pre Evacuate Collection Set: 2.16ms
[2026-07-01T02:17:38.728+0000][25.514s][info][gc,phases   ] GC(49)   Merge Heap Roots: 0.34ms
[2026-07-01T02:17:38.728+0000][25.514s][info][gc,phases   ] GC(49)   Evacuate Collection Set: 10.46ms
[2026-07-01T02:17:38.728+0000][25.514s][info][gc,phases   ] GC(49)   Post Evacuate Collection Set: 0.41ms
[2026-07-01T02:17:38.728+0000][25.514s][info][gc,phases   ] GC(49)   Other: 0.06ms
[2026-07-01T02:17:38.728+0000][25.514s][info][gc,heap     ] GC(49) Eden regions: 95->0(94)
[2026-07-01T02:17:38.728+0000][25.514s][info][gc,heap     ] GC(49) Survivor regions: 7->7(13)
[2026-07-01T02:17:38.728+0000][25.514s][info][gc,heap     ] GC(49) Old regions: 152->153
[2026-07-01T02:17:38.728+0000][25.514s][info][gc,heap     ] GC(49) Humongous regions: 3->3
[2026-07-01T02:17:38.728+0000][25.514s][info][gc,metaspace] GC(49) Metaspace: 41653K(42496K)->41653K(42496K) NonClass: 36510K(36928K)->36510K(36928K) Class: 5142K(5568K)->5142K(5568K)
[2026-07-01T02:17:38.728+0000][25.514s][info][gc          ] GC(49) Pause Young (Prepare Mixed) (G1 Evacuation Pause) 256M->161M(272M) 13.590ms
[2026-07-01T02:17:38.728+0000][25.514s][info][gc,cpu      ] GC(49) User=0.02s Sys=0.00s Real=0.02s
[2026-07-01T02:17:39.532+0000][26.318s][info][gc,start    ] GC(50) Pause Young (Mixed) (G1 Evacuation Pause)
[2026-07-01T02:17:39.532+0000][26.318s][info][gc,task     ] GC(50) Using 2 workers of 2 for evacuation
[2026-07-01T02:17:39.556+0000][26.341s][info][gc,phases   ] GC(50)   Pre Evacuate Collection Set: 0.17ms
[2026-07-01T02:17:39.556+0000][26.342s][info][gc,phases   ] GC(50)   Merge Heap Roots: 0.23ms
[2026-07-01T02:17:39.556+0000][26.342s][info][gc,phases   ] GC(50)   Evacuate Collection Set: 22.77ms
[2026-07-01T02:17:39.556+0000][26.342s][info][gc,phases   ] GC(50)   Post Evacuate Collection Set: 0.50ms
[2026-07-01T02:17:39.556+0000][26.342s][info][gc,phases   ] GC(50)   Other: 0.05ms
[2026-07-01T02:17:39.556+0000][26.342s][info][gc,heap     ] GC(50) Eden regions: 94->0(95)
[2026-07-01T02:17:39.556+0000][26.342s][info][gc,heap     ] GC(50) Survivor regions: 7->7(13)
[2026-07-01T02:17:39.556+0000][26.342s][info][gc,heap     ] GC(50) Old regions: 153->152
[2026-07-01T02:17:39.556+0000][26.342s][info][gc,heap     ] GC(50) Humongous regions: 3->3
[2026-07-01T02:17:39.556+0000][26.342s][info][gc,metaspace] GC(50) Metaspace: 41657K(42496K)->41657K(42496K) NonClass: 36515K(36928K)->36515K(36928K) Class: 5142K(5568K)->5142K(5568K)
[2026-07-01T02:17:39.556+0000][26.342s][info][gc          ] GC(50) Pause Young (Mixed) (G1 Evacuation Pause) 255M->161M(272M) 23.862ms
[2026-07-01T02:17:39.556+0000][26.342s][info][gc,cpu      ] GC(50) User=0.03s Sys=0.00s Real=0.02s
[2026-07-01T02:17:40.376+0000][27.161s][info][gc,start    ] GC(51) Pause Young (Concurrent Start) (G1 Evacuation Pause)
[2026-07-01T02:17:40.376+0000][27.161s][info][gc,task     ] GC(51) Using 2 workers of 2 for evacuation
[2026-07-01T02:17:40.388+0000][27.173s][info][gc,phases   ] GC(51)   Pre Evacuate Collection Set: 0.69ms
[2026-07-01T02:17:40.388+0000][27.173s][info][gc,phases   ] GC(51)   Merge Heap Roots: 0.20ms
[2026-07-01T02:17:40.388+0000][27.173s][info][gc,phases   ] GC(51)   Evacuate Collection Set: 10.53ms
[2026-07-01T02:17:40.388+0000][27.173s][info][gc,phases   ] GC(51)   Post Evacuate Collection Set: 0.38ms
[2026-07-01T02:17:40.388+0000][27.173s][info][gc,phases   ] GC(51)   Other: 0.08ms
[2026-07-01T02:17:40.388+0000][27.173s][info][gc,heap     ] GC(51) Eden regions: 95->0(94)
[2026-07-01T02:17:40.388+0000][27.173s][info][gc,heap     ] GC(51) Survivor regions: 7->7(13)
[2026-07-01T02:17:40.388+0000][27.173s][info][gc,heap     ] GC(51) Old regions: 152->153
[2026-07-01T02:17:40.388+0000][27.173s][info][gc,heap     ] GC(51) Humongous regions: 3->3
[2026-07-01T02:17:40.388+0000][27.173s][info][gc,metaspace] GC(51) Metaspace: 41659K(42496K)->41659K(42496K) NonClass: 36516K(36928K)->36516K(36928K) Class: 5142K(5568K)->5142K(5568K)
[2026-07-01T02:17:40.388+0000][27.173s][info][gc          ] GC(51) Pause Young (Concurrent Start) (G1 Evacuation Pause) 256M->161M(272M) 12.038ms
[2026-07-01T02:17:40.388+0000][27.173s][info][gc          ] GC(52) Concurrent Mark Cycle
[2026-07-01T02:17:40.388+0000][27.173s][info][gc,cpu      ] GC(51) User=0.02s Sys=0.00s Real=0.01s
[2026-07-01T02:17:40.388+0000][27.173s][info][gc,marking  ] GC(52) Concurrent Scan Root Regions
[2026-07-01T02:17:40.423+0000][27.208s][info][gc,marking  ] GC(52) Concurrent Scan Root Regions 35.066ms
[2026-07-01T02:17:40.423+0000][27.208s][info][gc,marking  ] GC(52) Concurrent Mark
[2026-07-01T02:17:40.423+0000][27.209s][info][gc,marking  ] GC(52) Concurrent Mark From Roots
[2026-07-01T02:17:40.423+0000][27.209s][info][gc,task     ] GC(52) Using 1 workers of 1 for marking
[2026-07-01T02:17:41.265+0000][28.051s][info][gc,marking  ] GC(52) Concurrent Mark From Roots 842.051ms
[2026-07-01T02:17:41.265+0000][28.051s][info][gc,marking  ] GC(52) Concurrent Preclean
[2026-07-01T02:17:41.265+0000][28.051s][info][gc,marking  ] GC(52) Concurrent Preclean 0.100ms
[2026-07-01T02:17:41.267+0000][28.053s][info][gc,start    ] GC(52) Pause Remark
[2026-07-01T02:17:41.273+0000][28.059s][info][gc          ] GC(52) Pause Remark 239M->239M(272M) 6.199ms
[2026-07-01T02:17:41.273+0000][28.059s][info][gc,cpu      ] GC(52) User=0.01s Sys=0.00s Real=0.01s
[2026-07-01T02:17:41.278+0000][28.063s][info][gc,marking  ] GC(52) Concurrent Mark 854.529ms
[2026-07-01T02:17:41.278+0000][28.063s][info][gc,marking  ] GC(52) Concurrent Rebuild Remembered Sets and Scrub Regions
[2026-07-01T02:17:41.415+0000][28.200s][info][gc,start    ] GC(53) Pause Young (Normal) (G1 Evacuation Pause)
[2026-07-01T02:17:41.415+0000][28.200s][info][gc,task     ] GC(53) Using 2 workers of 2 for evacuation
[2026-07-01T02:17:41.428+0000][28.214s][info][gc,phases   ] GC(53)   Pre Evacuate Collection Set: 0.21ms
[2026-07-01T02:17:41.428+0000][28.214s][info][gc,phases   ] GC(53)   Merge Heap Roots: 0.27ms
[2026-07-01T02:17:41.428+0000][28.214s][info][gc,phases   ] GC(53)   Evacuate Collection Set: 12.15ms
[2026-07-01T02:17:41.428+0000][28.214s][info][gc,phases   ] GC(53)   Post Evacuate Collection Set: 0.41ms
[2026-07-01T02:17:41.428+0000][28.214s][info][gc,phases   ] GC(53)   Other: 0.07ms
[2026-07-01T02:17:41.428+0000][28.214s][info][gc,heap     ] GC(53) Eden regions: 94->0(94)
[2026-07-01T02:17:41.428+0000][28.214s][info][gc,heap     ] GC(53) Survivor regions: 7->7(13)
[2026-07-01T02:17:41.428+0000][28.214s][info][gc,heap     ] GC(53) Old regions: 153->153
[2026-07-01T02:17:41.428+0000][28.214s][info][gc,heap     ] GC(53) Humongous regions: 3->3
[2026-07-01T02:17:41.428+0000][28.214s][info][gc,metaspace] GC(53) Metaspace: 41659K(42496K)->41659K(42496K) NonClass: 36516K(36928K)->36516K(36928K) Class: 5142K(5568K)->5142K(5568K)
[2026-07-01T02:17:41.428+0000][28.214s][info][gc          ] GC(53) Pause Young (Normal) (G1 Evacuation Pause) 255M->162M(272M) 13.303ms
[2026-07-01T02:17:41.428+0000][28.214s][info][gc,cpu      ] GC(53) User=0.04s Sys=0.00s Real=0.02s
[2026-07-01T02:17:41.616+0000][28.402s][info][gc,marking  ] GC(52) Concurrent Rebuild Remembered Sets and Scrub Regions 338.768ms
[2026-07-01T02:17:41.617+0000][28.402s][info][gc,start    ] GC(52) Pause Cleanup
[2026-07-01T02:17:41.618+0000][28.404s][info][gc          ] GC(52) Pause Cleanup 179M->179M(272M) 1.525ms
[2026-07-01T02:17:41.618+0000][28.404s][info][gc,cpu      ] GC(52) User=0.00s Sys=0.00s Real=0.01s
[2026-07-01T02:17:41.619+0000][28.404s][info][gc,marking  ] GC(52) Concurrent Clear Claimed Marks
[2026-07-01T02:17:41.619+0000][28.404s][info][gc,marking  ] GC(52) Concurrent Clear Claimed Marks 0.088ms
[2026-07-01T02:17:41.619+0000][28.404s][info][gc,marking  ] GC(52) Concurrent Cleanup for Next Mark
[2026-07-01T02:17:41.619+0000][28.405s][info][gc,marking  ] GC(52) Concurrent Cleanup for Next Mark 0.699ms
[2026-07-01T02:17:41.619+0000][28.405s][info][gc          ] GC(52) Concurrent Mark Cycle 1231.409ms
[2026-07-01T02:17:42.333+0000][29.118s][info][gc,start    ] GC(54) Pause Young (Prepare Mixed) (G1 Evacuation Pause)
[2026-07-01T02:17:42.333+0000][29.118s][info][gc,task     ] GC(54) Using 2 workers of 2 for evacuation
[2026-07-01T02:17:42.351+0000][29.136s][info][gc,phases   ] GC(54)   Pre Evacuate Collection Set: 0.15ms
[2026-07-01T02:17:42.351+0000][29.136s][info][gc,phases   ] GC(54)   Merge Heap Roots: 0.55ms
[2026-07-01T02:17:42.351+0000][29.136s][info][gc,phases   ] GC(54)   Evacuate Collection Set: 16.63ms
[2026-07-01T02:17:42.351+0000][29.136s][info][gc,phases   ] GC(54)   Post Evacuate Collection Set: 0.65ms
[2026-07-01T02:17:42.351+0000][29.136s][info][gc,phases   ] GC(54)   Other: 0.05ms
[2026-07-01T02:17:42.351+0000][29.136s][info][gc,heap     ] GC(54) Eden regions: 94->0(94)
[2026-07-01T02:17:42.351+0000][29.136s][info][gc,heap     ] GC(54) Survivor regions: 7->7(13)
[2026-07-01T02:17:42.351+0000][29.136s][info][gc,heap     ] GC(54) Old regions: 153->153
[2026-07-01T02:17:42.351+0000][29.136s][info][gc,heap     ] GC(54) Humongous regions: 3->3
[2026-07-01T02:17:42.351+0000][29.136s][info][gc,metaspace] GC(54) Metaspace: 41659K(42496K)->41659K(42496K) NonClass: 36517K(36928K)->36517K(36928K) Class: 5142K(5568K)->5142K(5568K)
[2026-07-01T02:17:42.351+0000][29.136s][info][gc          ] GC(54) Pause Young (Prepare Mixed) (G1 Evacuation Pause) 256M->162M(272M) 18.225ms
[2026-07-01T02:17:42.351+0000][29.136s][info][gc,cpu      ] GC(54) User=0.04s Sys=0.00s Real=0.02s
[2026-07-01T02:17:43.376+0000][30.161s][info][gc,start    ] GC(55) Pause Young (Mixed) (G1 Evacuation Pause)
[2026-07-01T02:17:43.376+0000][30.162s][info][gc,task     ] GC(55) Using 2 workers of 2 for evacuation
[2026-07-01T02:17:43.410+0000][30.196s][info][gc,phases   ] GC(55)   Pre Evacuate Collection Set: 0.18ms
[2026-07-01T02:17:43.410+0000][30.196s][info][gc,phases   ] GC(55)   Merge Heap Roots: 0.45ms
[2026-07-01T02:17:43.410+0000][30.196s][info][gc,phases   ] GC(55)   Evacuate Collection Set: 32.83ms
[2026-07-01T02:17:43.410+0000][30.196s][info][gc,phases   ] GC(55)   Post Evacuate Collection Set: 0.69ms
[2026-07-01T02:17:43.410+0000][30.196s][info][gc,phases   ] GC(55)   Other: 0.07ms
[2026-07-01T02:17:43.410+0000][30.196s][info][gc,heap     ] GC(55) Eden regions: 94->0(94)
[2026-07-01T02:17:43.410+0000][30.196s][info][gc,heap     ] GC(55) Survivor regions: 7->7(13)
[2026-07-01T02:17:43.410+0000][30.196s][info][gc,heap     ] GC(55) Old regions: 153->153
[2026-07-01T02:17:43.410+0000][30.196s][info][gc,heap     ] GC(55) Humongous regions: 3->3
[2026-07-01T02:17:43.410+0000][30.196s][info][gc,metaspace] GC(55) Metaspace: 41662K(42496K)->41662K(42496K) NonClass: 36520K(36928K)->36520K(36928K) Class: 5142K(5568K)->5142K(5568K)
[2026-07-01T02:17:43.411+0000][30.196s][info][gc          ] GC(55) Pause Young (Mixed) (G1 Evacuation Pause) 256M->162M(272M) 34.454ms
[2026-07-01T02:17:43.411+0000][30.196s][info][gc,cpu      ] GC(55) User=0.07s Sys=0.00s Real=0.04s
[2026-07-01T02:17:44.217+0000][31.002s][info][gc,start    ] GC(56) Pause Young (Concurrent Start) (G1 Evacuation Pause)
[2026-07-01T02:17:44.217+0000][31.002s][info][gc,task     ] GC(56) Using 2 workers of 2 for evacuation
[2026-07-01T02:17:44.231+0000][31.017s][info][gc,phases   ] GC(56)   Pre Evacuate Collection Set: 0.20ms
[2026-07-01T02:17:44.231+0000][31.017s][info][gc,phases   ] GC(56)   Merge Heap Roots: 0.41ms
[2026-07-01T02:17:44.231+0000][31.017s][info][gc,phases   ] GC(56)   Evacuate Collection Set: 13.45ms
[2026-07-01T02:17:44.231+0000][31.017s][info][gc,phases   ] GC(56)   Post Evacuate Collection Set: 0.41ms
[2026-07-01T02:17:44.231+0000][31.017s][info][gc,phases   ] GC(56)   Other: 0.09ms
[2026-07-01T02:17:44.231+0000][31.017s][info][gc,heap     ] GC(56) Eden regions: 94->0(93)
[2026-07-01T02:17:44.231+0000][31.017s][info][gc,heap     ] GC(56) Survivor regions: 7->7(13)
[2026-07-01T02:17:44.231+0000][31.017s][info][gc,heap     ] GC(56) Old regions: 153->154
[2026-07-01T02:17:44.231+0000][31.017s][info][gc,heap     ] GC(56) Humongous regions: 3->3
[2026-07-01T02:17:44.231+0000][31.017s][info][gc,metaspace] GC(56) Metaspace: 41662K(42496K)->41662K(42496K) NonClass: 36520K(36928K)->36520K(36928K) Class: 5142K(5568K)->5142K(5568K)
[2026-07-01T02:17:44.232+0000][31.017s][info][gc          ] GC(56) Pause Young (Concurrent Start) (G1 Evacuation Pause) 256M->162M(272M) 14.834ms
[2026-07-01T02:17:44.232+0000][31.017s][info][gc          ] GC(57) Concurrent Mark Cycle
[2026-07-01T02:17:44.232+0000][31.017s][info][gc,marking  ] GC(57) Concurrent Scan Root Regions
[2026-07-01T02:17:44.232+0000][31.017s][info][gc,cpu      ] GC(56) User=0.04s Sys=0.00s Real=0.02s
[2026-07-01T02:17:44.257+0000][31.042s][info][gc,marking  ] GC(57) Concurrent Scan Root Regions 25.144ms
[2026-07-01T02:17:44.257+0000][31.042s][info][gc,marking  ] GC(57) Concurrent Mark
[2026-07-01T02:17:44.257+0000][31.042s][info][gc,marking  ] GC(57) Concurrent Mark From Roots
[2026-07-01T02:17:44.257+0000][31.042s][info][gc,task     ] GC(57) Using 1 workers of 1 for marking
[2026-07-01T02:17:44.773+0000][31.558s][info][gc,marking  ] GC(57) Concurrent Mark From Roots 516.062ms
[2026-07-01T02:17:44.773+0000][31.558s][info][gc,marking  ] GC(57) Concurrent Preclean
[2026-07-01T02:17:44.773+0000][31.558s][info][gc,marking  ] GC(57) Concurrent Preclean 0.120ms
[2026-07-01T02:17:44.773+0000][31.559s][info][gc,start    ] GC(57) Pause Remark
[2026-07-01T02:17:44.779+0000][31.565s][info][gc          ] GC(57) Pause Remark 211M->211M(274M) 5.778ms
[2026-07-01T02:17:44.779+0000][31.565s][info][gc,cpu      ] GC(57) User=0.01s Sys=0.00s Real=0.01s
[2026-07-01T02:17:44.783+0000][31.568s][info][gc,marking  ] GC(57) Concurrent Mark 526.156ms
[2026-07-01T02:17:44.783+0000][31.568s][info][gc,marking  ] GC(57) Concurrent Rebuild Remembered Sets and Scrub Regions
[2026-07-01T02:17:45.177+0000][31.963s][info][gc,start    ] GC(58) Pause Young (Normal) (G1 Evacuation Pause)
[2026-07-01T02:17:45.177+0000][31.963s][info][gc,task     ] GC(58) Using 2 workers of 2 for evacuation
[2026-07-01T02:17:45.191+0000][31.977s][info][gc,phases   ] GC(58)   Pre Evacuate Collection Set: 0.16ms
[2026-07-01T02:17:45.191+0000][31.977s][info][gc,phases   ] GC(58)   Merge Heap Roots: 0.42ms
[2026-07-01T02:17:45.191+0000][31.977s][info][gc,phases   ] GC(58)   Evacuate Collection Set: 12.58ms
[2026-07-01T02:17:45.191+0000][31.977s][info][gc,phases   ] GC(58)   Post Evacuate Collection Set: 0.48ms
[2026-07-01T02:17:45.191+0000][31.977s][info][gc,phases   ] GC(58)   Other: 0.05ms
[2026-07-01T02:17:45.191+0000][31.977s][info][gc,heap     ] GC(58) Eden regions: 93->0(95)
[2026-07-01T02:17:45.191+0000][31.977s][info][gc,heap     ] GC(58) Survivor regions: 7->7(13)
[2026-07-01T02:17:45.191+0000][31.977s][info][gc,heap     ] GC(58) Old regions: 154->154
[2026-07-01T02:17:45.191+0000][31.977s][info][gc,heap     ] GC(58) Humongous regions: 3->3
[2026-07-01T02:17:45.191+0000][31.977s][info][gc,metaspace] GC(58) Metaspace: 41662K(42496K)->41662K(42496K) NonClass: 36520K(36928K)->36520K(36928K) Class: 5142K(5568K)->5142K(5568K)
[2026-07-01T02:17:45.191+0000][31.977s][info][gc          ] GC(58) Pause Young (Normal) (G1 Evacuation Pause) 255M->163M(274M) 13.867ms
[2026-07-01T02:17:45.191+0000][31.977s][info][gc,cpu      ] GC(58) User=0.02s Sys=0.00s Real=0.02s
[2026-07-01T02:17:45.270+0000][32.056s][info][gc,marking  ] GC(57) Concurrent Rebuild Remembered Sets and Scrub Regions 487.333ms
[2026-07-01T02:17:45.272+0000][32.058s][info][gc,start    ] GC(57) Pause Cleanup
[2026-07-01T02:17:45.273+0000][32.058s][info][gc          ] GC(57) Pause Cleanup 172M->172M(274M) 0.175ms
[2026-07-01T02:17:45.273+0000][32.058s][info][gc,cpu      ] GC(57) User=0.00s Sys=0.00s Real=0.00s
[2026-07-01T02:17:45.273+0000][32.058s][info][gc,marking  ] GC(57) Concurrent Clear Claimed Marks
[2026-07-01T02:17:45.273+0000][32.058s][info][gc,marking  ] GC(57) Concurrent Clear Claimed Marks 0.119ms
[2026-07-01T02:17:45.273+0000][32.058s][info][gc,marking  ] GC(57) Concurrent Cleanup for Next Mark
[2026-07-01T02:17:45.275+0000][32.060s][info][gc,marking  ] GC(57) Concurrent Cleanup for Next Mark 2.135ms
[2026-07-01T02:17:45.275+0000][32.060s][info][gc          ] GC(57) Concurrent Mark Cycle 1043.526ms
[2026-07-01T02:17:45.982+0000][32.768s][info][gc,start    ] GC(59) Pause Young (Prepare Mixed) (G1 Evacuation Pause)
[2026-07-01T02:17:45.982+0000][32.768s][info][gc,task     ] GC(59) Using 2 workers of 2 for evacuation
[2026-07-01T02:17:45.999+0000][32.785s][info][gc,phases   ] GC(59)   Pre Evacuate Collection Set: 0.14ms
[2026-07-01T02:17:45.999+0000][32.785s][info][gc,phases   ] GC(59)   Merge Heap Roots: 0.39ms
[2026-07-01T02:17:45.999+0000][32.785s][info][gc,phases   ] GC(59)   Evacuate Collection Set: 15.84ms
[2026-07-01T02:17:45.999+0000][32.785s][info][gc,phases   ] GC(59)   Post Evacuate Collection Set: 0.45ms
[2026-07-01T02:17:45.999+0000][32.785s][info][gc,phases   ] GC(59)   Other: 0.05ms
[2026-07-01T02:17:45.999+0000][32.785s][info][gc,heap     ] GC(59) Eden regions: 95->0(95)
[2026-07-01T02:17:45.999+0000][32.785s][info][gc,heap     ] GC(59) Survivor regions: 7->7(13)
[2026-07-01T02:17:45.999+0000][32.785s][info][gc,heap     ] GC(59) Old regions: 154->154
[2026-07-01T02:17:45.999+0000][32.785s][info][gc,heap     ] GC(59) Humongous regions: 3->3
[2026-07-01T02:17:45.999+0000][32.785s][info][gc,metaspace] GC(59) Metaspace: 41662K(42496K)->41662K(42496K) NonClass: 36520K(36928K)->36520K(36928K) Class: 5142K(5568K)->5142K(5568K)
[2026-07-01T02:17:45.999+0000][32.785s][info][gc          ] GC(59) Pause Young (Prepare Mixed) (G1 Evacuation Pause) 258M->163M(274M) 17.004ms
[2026-07-01T02:17:45.999+0000][32.785s][info][gc,cpu      ] GC(59) User=0.05s Sys=0.01s Real=0.02s
[2026-07-01T02:17:46.752+0000][33.538s][info][gc,start    ] GC(60) Pause Young (Mixed) (G1 Evacuation Pause)
[2026-07-01T02:17:46.752+0000][33.538s][info][gc,task     ] GC(60) Using 2 workers of 2 for evacuation
[2026-07-01T02:17:46.769+0000][33.554s][info][gc,phases   ] GC(60)   Pre Evacuate Collection Set: 0.16ms
[2026-07-01T02:17:46.769+0000][33.554s][info][gc,phases   ] GC(60)   Merge Heap Roots: 0.24ms
[2026-07-01T02:17:46.769+0000][33.554s][info][gc,phases   ] GC(60)   Evacuate Collection Set: 15.43ms
[2026-07-01T02:17:46.769+0000][33.554s][info][gc,phases   ] GC(60)   Post Evacuate Collection Set: 0.44ms
[2026-07-01T02:17:46.769+0000][33.554s][info][gc,phases   ] GC(60)   Other: 0.05ms
[2026-07-01T02:17:46.769+0000][33.554s][info][gc,heap     ] GC(60) Eden regions: 95->0(95)
[2026-07-01T02:17:46.769+0000][33.554s][info][gc,heap     ] GC(60) Survivor regions: 7->7(13)
[2026-07-01T02:17:46.769+0000][33.554s][info][gc,heap     ] GC(60) Old regions: 154->154
[2026-07-01T02:17:46.769+0000][33.554s][info][gc,heap     ] GC(60) Humongous regions: 3->3
[2026-07-01T02:17:46.769+0000][33.554s][info][gc,metaspace] GC(60) Metaspace: 41662K(42496K)->41662K(42496K) NonClass: 36520K(36928K)->36520K(36928K) Class: 5142K(5568K)->5142K(5568K)
[2026-07-01T02:17:46.769+0000][33.554s][info][gc          ] GC(60) Pause Young (Mixed) (G1 Evacuation Pause) 258M->163M(274M) 16.536ms
[2026-07-01T02:17:46.769+0000][33.554s][info][gc,cpu      ] GC(60) User=0.05s Sys=0.00s Real=0.02s
[2026-07-01T02:17:47.473+0000][34.259s][info][gc,start    ] GC(61) Pause Young (Concurrent Start) (G1 Evacuation Pause)
[2026-07-01T02:17:47.473+0000][34.259s][info][gc,task     ] GC(61) Using 2 workers of 2 for evacuation
[2026-07-01T02:17:47.487+0000][34.273s][info][gc,phases   ] GC(61)   Pre Evacuate Collection Set: 0.19ms
[2026-07-01T02:17:47.487+0000][34.273s][info][gc,phases   ] GC(61)   Merge Heap Roots: 0.27ms
[2026-07-01T02:17:47.487+0000][34.273s][info][gc,phases   ] GC(61)   Evacuate Collection Set: 13.25ms
[2026-07-01T02:17:47.487+0000][34.273s][info][gc,phases   ] GC(61)   Post Evacuate Collection Set: 0.39ms
[2026-07-01T02:17:47.487+0000][34.273s][info][gc,phases   ] GC(61)   Other: 0.11ms
[2026-07-01T02:17:47.487+0000][34.273s][info][gc,heap     ] GC(61) Eden regions: 95->0(94)
[2026-07-01T02:17:47.487+0000][34.273s][info][gc,heap     ] GC(61) Survivor regions: 7->7(13)
[2026-07-01T02:17:47.487+0000][34.273s][info][gc,heap     ] GC(61) Old regions: 154->155
[2026-07-01T02:17:47.487+0000][34.273s][info][gc,heap     ] GC(61) Humongous regions: 3->3
[2026-07-01T02:17:47.487+0000][34.273s][info][gc,metaspace] GC(61) Metaspace: 41662K(42496K)->41662K(42496K) NonClass: 36520K(36928K)->36520K(36928K) Class: 5142K(5568K)->5142K(5568K)
[2026-07-01T02:17:47.488+0000][34.273s][info][gc          ] GC(61) Pause Young (Concurrent Start) (G1 Evacuation Pause) 258M->164M(274M) 14.350ms
[2026-07-01T02:17:47.488+0000][34.273s][info][gc          ] GC(62) Concurrent Mark Cycle
[2026-07-01T02:17:47.488+0000][34.273s][info][gc,marking  ] GC(62) Concurrent Scan Root Regions
[2026-07-01T02:17:47.488+0000][34.273s][info][gc,cpu      ] GC(61) User=0.04s Sys=0.00s Real=0.01s
[2026-07-01T02:17:47.578+0000][34.364s][info][gc,marking  ] GC(62) Concurrent Scan Root Regions 90.724ms
[2026-07-01T02:17:47.578+0000][34.364s][info][gc,marking  ] GC(62) Concurrent Mark
[2026-07-01T02:17:47.578+0000][34.364s][info][gc,marking  ] GC(62) Concurrent Mark From Roots
[2026-07-01T02:17:47.578+0000][34.364s][info][gc,task     ] GC(62) Using 1 workers of 1 for marking
[2026-07-01T02:17:47.903+0000][34.688s][info][gc,marking  ] GC(62) Concurrent Mark From Roots 324.458ms
[2026-07-01T02:17:47.903+0000][34.688s][info][gc,marking  ] GC(62) Concurrent Preclean
[2026-07-01T02:17:47.903+0000][34.688s][info][gc,marking  ] GC(62) Concurrent Preclean 0.092ms
[2026-07-01T02:17:47.903+0000][34.688s][info][gc,start    ] GC(62) Pause Remark
[2026-07-01T02:17:47.915+0000][34.700s][info][gc          ] GC(62) Pause Remark 178M->178M(275M) 11.566ms
[2026-07-01T02:17:47.915+0000][34.700s][info][gc,cpu      ] GC(62) User=0.02s Sys=0.00s Real=0.01s
[2026-07-01T02:17:47.917+0000][34.702s][info][gc,marking  ] GC(62) Concurrent Mark 338.743ms
[2026-07-01T02:17:47.917+0000][34.702s][info][gc,marking  ] GC(62) Concurrent Rebuild Remembered Sets and Scrub Regions
[2026-07-01T02:17:48.082+0000][34.868s][info][gc,marking  ] GC(62) Concurrent Rebuild Remembered Sets and Scrub Regions 165.216ms
[2026-07-01T02:17:48.083+0000][34.869s][info][gc,start    ] GC(62) Pause Cleanup
[2026-07-01T02:17:48.084+0000][34.869s][info][gc          ] GC(62) Pause Cleanup 185M->185M(275M) 0.157ms
[2026-07-01T02:17:48.084+0000][34.869s][info][gc,cpu      ] GC(62) User=0.00s Sys=0.00s Real=0.00s
[2026-07-01T02:17:48.088+0000][34.873s][info][gc,marking  ] GC(62) Concurrent Clear Claimed Marks
[2026-07-01T02:17:48.088+0000][34.874s][info][gc,marking  ] GC(62) Concurrent Clear Claimed Marks 0.147ms
[2026-07-01T02:17:48.088+0000][34.874s][info][gc,marking  ] GC(62) Concurrent Cleanup for Next Mark
[2026-07-01T02:17:48.089+0000][34.874s][info][gc,marking  ] GC(62) Concurrent Cleanup for Next Mark 0.472ms
[2026-07-01T02:17:48.089+0000][34.874s][info][gc          ] GC(62) Concurrent Mark Cycle 601.201ms
[2026-07-01T02:17:48.689+0000][35.474s][info][gc,start    ] GC(63) Pause Young (Prepare Mixed) (G1 Evacuation Pause)
[2026-07-01T02:17:48.689+0000][35.474s][info][gc,task     ] GC(63) Using 2 workers of 2 for evacuation
[2026-07-01T02:17:48.703+0000][35.488s][info][gc,phases   ] GC(63)   Pre Evacuate Collection Set: 0.76ms
[2026-07-01T02:17:48.703+0000][35.488s][info][gc,phases   ] GC(63)   Merge Heap Roots: 0.46ms
[2026-07-01T02:17:48.703+0000][35.488s][info][gc,phases   ] GC(63)   Evacuate Collection Set: 12.18ms
[2026-07-01T02:17:48.703+0000][35.488s][info][gc,phases   ] GC(63)   Post Evacuate Collection Set: 0.37ms
[2026-07-01T02:17:48.703+0000][35.488s][info][gc,phases   ] GC(63)   Other: 0.06ms
[2026-07-01T02:17:48.703+0000][35.488s][info][gc,heap     ] GC(63) Eden regions: 94->0(95)
[2026-07-01T02:17:48.703+0000][35.488s][info][gc,heap     ] GC(63) Survivor regions: 7->7(13)
[2026-07-01T02:17:48.703+0000][35.488s][info][gc,heap     ] GC(63) Old regions: 155->155
[2026-07-01T02:17:48.703+0000][35.488s][info][gc,heap     ] GC(63) Humongous regions: 3->3
[2026-07-01T02:17:48.703+0000][35.488s][info][gc,metaspace] GC(63) Metaspace: 41664K(42496K)->41664K(42496K) NonClass: 36522K(36928K)->36522K(36928K) Class: 5142K(5568K)->5142K(5568K)
[2026-07-01T02:17:48.703+0000][35.488s][info][gc          ] GC(63) Pause Young (Prepare Mixed) (G1 Evacuation Pause) 258M->163M(275M) 13.990ms
[2026-07-01T02:17:48.703+0000][35.488s][info][gc,cpu      ] GC(63) User=0.03s Sys=0.00s Real=0.01s
[2026-07-01T02:17:49.527+0000][36.312s][info][gc,start    ] GC(64) Pause Young (Mixed) (G1 Evacuation Pause)
[2026-07-01T02:17:49.527+0000][36.312s][info][gc,task     ] GC(64) Using 2 workers of 2 for evacuation
[2026-07-01T02:17:49.540+0000][36.325s][info][gc,phases   ] GC(64)   Pre Evacuate Collection Set: 0.37ms
[2026-07-01T02:17:49.540+0000][36.325s][info][gc,phases   ] GC(64)   Merge Heap Roots: 0.30ms
[2026-07-01T02:17:49.540+0000][36.325s][info][gc,phases   ] GC(64)   Evacuate Collection Set: 11.82ms
[2026-07-01T02:17:49.540+0000][36.325s][info][gc,phases   ] GC(64)   Post Evacuate Collection Set: 0.33ms
[2026-07-01T02:17:49.540+0000][36.325s][info][gc,phases   ] GC(64)   Other: 0.05ms
[2026-07-01T02:17:49.540+0000][36.325s][info][gc,heap     ] GC(64) Eden regions: 95->0(95)
[2026-07-01T02:17:49.540+0000][36.325s][info][gc,heap     ] GC(64) Survivor regions: 7->7(13)
[2026-07-01T02:17:49.540+0000][36.325s][info][gc,heap     ] GC(64) Old regions: 155->155
[2026-07-01T02:17:49.540+0000][36.325s][info][gc,heap     ] GC(64) Humongous regions: 3->3
[2026-07-01T02:17:49.540+0000][36.325s][info][gc,metaspace] GC(64) Metaspace: 41665K(42496K)->41665K(42496K) NonClass: 36522K(36928K)->36522K(36928K) Class: 5142K(5568K)->5142K(5568K)
[2026-07-01T02:17:49.540+0000][36.325s][info][gc          ] GC(64) Pause Young (Mixed) (G1 Evacuation Pause) 258M->164M(275M) 13.061ms
[2026-07-01T02:17:49.540+0000][36.325s][info][gc,cpu      ] GC(64) User=0.03s Sys=0.00s Real=0.02s
[2026-07-01T02:17:50.322+0000][37.108s][info][gc,start    ] GC(65) Pause Young (Concurrent Start) (G1 Evacuation Pause)
[2026-07-01T02:17:50.322+0000][37.108s][info][gc,task     ] GC(65) Using 2 workers of 2 for evacuation
[2026-07-01T02:17:50.335+0000][37.120s][info][gc,phases   ] GC(65)   Pre Evacuate Collection Set: 0.21ms
[2026-07-01T02:17:50.335+0000][37.120s][info][gc,phases   ] GC(65)   Merge Heap Roots: 0.25ms
[2026-07-01T02:17:50.335+0000][37.120s][info][gc,phases   ] GC(65)   Evacuate Collection Set: 11.55ms
[2026-07-01T02:17:50.335+0000][37.120s][info][gc,phases   ] GC(65)   Post Evacuate Collection Set: 0.36ms
[2026-07-01T02:17:50.335+0000][37.120s][info][gc,phases   ] GC(65)   Other: 0.09ms
[2026-07-01T02:17:50.335+0000][37.120s][info][gc,heap     ] GC(65) Eden regions: 95->0(95)
[2026-07-01T02:17:50.335+0000][37.120s][info][gc,heap     ] GC(65) Survivor regions: 7->7(13)
[2026-07-01T02:17:50.335+0000][37.120s][info][gc,heap     ] GC(65) Old regions: 155->155
[2026-07-01T02:17:50.335+0000][37.120s][info][gc,heap     ] GC(65) Humongous regions: 3->3
[2026-07-01T02:17:50.335+0000][37.120s][info][gc,metaspace] GC(65) Metaspace: 41665K(42496K)->41665K(42496K) NonClass: 36523K(36928K)->36523K(36928K) Class: 5142K(5568K)->5142K(5568K)
[2026-07-01T02:17:50.335+0000][37.120s][info][gc          ] GC(65) Pause Young (Concurrent Start) (G1 Evacuation Pause) 259M->165M(275M) 12.631ms
[2026-07-01T02:17:50.335+0000][37.120s][info][gc,cpu      ] GC(65) User=0.03s Sys=0.00s Real=0.01s
[2026-07-01T02:17:50.335+0000][37.120s][info][gc          ] GC(66) Concurrent Mark Cycle
[2026-07-01T02:17:50.335+0000][37.120s][info][gc,marking  ] GC(66) Concurrent Scan Root Regions
[2026-07-01T02:17:50.360+0000][37.145s][info][gc,marking  ] GC(66) Concurrent Scan Root Regions 24.890ms
[2026-07-01T02:17:50.360+0000][37.145s][info][gc,marking  ] GC(66) Concurrent Mark
[2026-07-01T02:17:50.360+0000][37.145s][info][gc,marking  ] GC(66) Concurrent Mark From Roots
[2026-07-01T02:17:50.360+0000][37.145s][info][gc,task     ] GC(66) Using 1 workers of 1 for marking
[2026-07-01T02:17:51.200+0000][37.985s][info][gc,marking  ] GC(66) Concurrent Mark From Roots 839.720ms
[2026-07-01T02:17:51.200+0000][37.985s][info][gc,marking  ] GC(66) Concurrent Preclean
[2026-07-01T02:17:51.200+0000][37.985s][info][gc,marking  ] GC(66) Concurrent Preclean 0.334ms
[2026-07-01T02:17:51.202+0000][37.988s][info][gc,start    ] GC(66) Pause Remark
[2026-07-01T02:17:51.211+0000][37.997s][info][gc          ] GC(66) Pause Remark 258M->258M(275M) 8.948ms
[2026-07-01T02:17:51.211+0000][37.997s][info][gc,cpu      ] GC(66) User=0.01s Sys=0.00s Real=0.01s
[2026-07-01T02:17:51.216+0000][38.002s][info][gc,marking  ] GC(66) Concurrent Mark 856.170ms
[2026-07-01T02:17:51.217+0000][38.003s][info][gc,marking  ] GC(66) Concurrent Rebuild Remembered Sets and Scrub Regions
[2026-07-01T02:17:51.224+0000][38.010s][info][gc,start    ] GC(67) Pause Young (Normal) (G1 Evacuation Pause)
[2026-07-01T02:17:51.224+0000][38.010s][info][gc,task     ] GC(67) Using 2 workers of 2 for evacuation
[2026-07-01T02:17:51.238+0000][38.023s][info][gc,phases   ] GC(67)   Pre Evacuate Collection Set: 0.19ms
[2026-07-01T02:17:51.238+0000][38.023s][info][gc,phases   ] GC(67)   Merge Heap Roots: 0.31ms
[2026-07-01T02:17:51.238+0000][38.023s][info][gc,phases   ] GC(67)   Evacuate Collection Set: 12.45ms
[2026-07-01T02:17:51.238+0000][38.023s][info][gc,phases   ] GC(67)   Post Evacuate Collection Set: 0.52ms
[2026-07-01T02:17:51.238+0000][38.023s][info][gc,phases   ] GC(67)   Other: 0.06ms
[2026-07-01T02:17:51.238+0000][38.023s][info][gc,heap     ] GC(67) Eden regions: 95->0(94)
[2026-07-01T02:17:51.238+0000][38.023s][info][gc,heap     ] GC(67) Survivor regions: 7->7(13)
[2026-07-01T02:17:51.238+0000][38.023s][info][gc,heap     ] GC(67) Old regions: 155->156
[2026-07-01T02:17:51.238+0000][38.023s][info][gc,heap     ] GC(67) Humongous regions: 3->3
[2026-07-01T02:17:51.238+0000][38.023s][info][gc,metaspace] GC(67) Metaspace: 41669K(42496K)->41669K(42496K) NonClass: 36526K(36928K)->36526K(36928K) Class: 5142K(5568K)->5142K(5568K)
[2026-07-01T02:17:51.238+0000][38.023s][info][gc          ] GC(67) Pause Young (Normal) (G1 Evacuation Pause) 260M->164M(275M) 13.659ms
[2026-07-01T02:17:51.238+0000][38.023s][info][gc,cpu      ] GC(67) User=0.03s Sys=0.00s Real=0.01s
[2026-07-01T02:17:51.497+0000][38.283s][info][gc,marking  ] GC(66) Concurrent Rebuild Remembered Sets and Scrub Regions 280.356ms
[2026-07-01T02:17:51.499+0000][38.284s][info][gc,start    ] GC(66) Pause Cleanup
[2026-07-01T02:17:51.499+0000][38.285s][info][gc          ] GC(66) Pause Cleanup 193M->193M(275M) 0.338ms
[2026-07-01T02:17:51.499+0000][38.285s][info][gc,cpu      ] GC(66) User=0.00s Sys=0.00s Real=0.00s
[2026-07-01T02:17:51.503+0000][38.289s][info][gc,marking  ] GC(66) Concurrent Clear Claimed Marks
[2026-07-01T02:17:51.503+0000][38.289s][info][gc,marking  ] GC(66) Concurrent Clear Claimed Marks 0.101ms
[2026-07-01T02:17:51.503+0000][38.289s][info][gc,marking  ] GC(66) Concurrent Cleanup for Next Mark
[2026-07-01T02:17:51.505+0000][38.290s][info][gc,marking  ] GC(66) Concurrent Cleanup for Next Mark 1.310ms
[2026-07-01T02:17:51.505+0000][38.290s][info][gc          ] GC(66) Concurrent Mark Cycle 1169.764ms
[2026-07-01T02:17:51.970+0000][38.756s][info][gc,start    ] GC(68) Pause Young (Prepare Mixed) (G1 Evacuation Pause)
[2026-07-01T02:17:51.970+0000][38.756s][info][gc,task     ] GC(68) Using 2 workers of 2 for evacuation
[2026-07-01T02:17:51.985+0000][38.770s][info][gc,phases   ] GC(68)   Pre Evacuate Collection Set: 0.14ms
[2026-07-01T02:17:51.985+0000][38.770s][info][gc,phases   ] GC(68)   Merge Heap Roots: 0.61ms
[2026-07-01T02:17:51.985+0000][38.770s][info][gc,phases   ] GC(68)   Evacuate Collection Set: 12.76ms
[2026-07-01T02:17:51.985+0000][38.770s][info][gc,phases   ] GC(68)   Post Evacuate Collection Set: 0.59ms
[2026-07-01T02:17:51.985+0000][38.770s][info][gc,phases   ] GC(68)   Other: 0.06ms
[2026-07-01T02:17:51.985+0000][38.770s][info][gc,heap     ] GC(68) Eden regions: 94->0(94)
[2026-07-01T02:17:51.985+0000][38.770s][info][gc,heap     ] GC(68) Survivor regions: 7->7(13)
[2026-07-01T02:17:51.985+0000][38.770s][info][gc,heap     ] GC(68) Old regions: 156->156
[2026-07-01T02:17:51.985+0000][38.770s][info][gc,heap     ] GC(68) Humongous regions: 3->3
[2026-07-01T02:17:51.985+0000][38.770s][info][gc,metaspace] GC(68) Metaspace: 41671K(42496K)->41671K(42496K) NonClass: 36528K(36928K)->36528K(36928K) Class: 5142K(5568K)->5142K(5568K)
[2026-07-01T02:17:51.985+0000][38.770s][info][gc          ] GC(68) Pause Young (Prepare Mixed) (G1 Evacuation Pause) 258M->165M(275M) 14.353ms
[2026-07-01T02:17:51.985+0000][38.770s][info][gc,cpu      ] GC(68) User=0.03s Sys=0.00s Real=0.01s
[2026-07-01T02:17:52.833+0000][39.618s][info][gc,start    ] GC(69) Pause Young (Mixed) (G1 Evacuation Pause)
[2026-07-01T02:17:52.833+0000][39.618s][info][gc,task     ] GC(69) Using 2 workers of 2 for evacuation
[2026-07-01T02:17:52.857+0000][39.643s][info][gc,phases   ] GC(69)   Pre Evacuate Collection Set: 0.24ms
[2026-07-01T02:17:52.857+0000][39.643s][info][gc,phases   ] GC(69)   Merge Heap Roots: 0.25ms
[2026-07-01T02:17:52.857+0000][39.643s][info][gc,phases   ] GC(69)   Evacuate Collection Set: 23.41ms
[2026-07-01T02:17:52.857+0000][39.643s][info][gc,phases   ] GC(69)   Post Evacuate Collection Set: 0.34ms
[2026-07-01T02:17:52.857+0000][39.643s][info][gc,phases   ] GC(69)   Other: 0.06ms
[2026-07-01T02:17:52.857+0000][39.643s][info][gc,heap     ] GC(69) Eden regions: 94->0(94)
[2026-07-01T02:17:52.857+0000][39.643s][info][gc,heap     ] GC(69) Survivor regions: 7->7(13)
[2026-07-01T02:17:52.857+0000][39.643s][info][gc,heap     ] GC(69) Old regions: 156->156
[2026-07-01T02:17:52.857+0000][39.643s][info][gc,heap     ] GC(69) Humongous regions: 3->3
[2026-07-01T02:17:52.857+0000][39.643s][info][gc,metaspace] GC(69) Metaspace: 41671K(42496K)->41671K(42496K) NonClass: 36528K(36928K)->36528K(36928K) Class: 5142K(5568K)->5142K(5568K)
[2026-07-01T02:17:52.857+0000][39.643s][info][gc          ] GC(69) Pause Young (Mixed) (G1 Evacuation Pause) 259M->165M(275M) 24.501ms
[2026-07-01T02:17:52.858+0000][39.643s][info][gc,cpu      ] GC(69) User=0.03s Sys=0.00s Real=0.02s
[2026-07-01T02:17:53.468+0000][40.254s][info][gc,start    ] GC(70) Pause Young (Concurrent Start) (G1 Evacuation Pause)
[2026-07-01T02:17:53.468+0000][40.254s][info][gc,task     ] GC(70) Using 2 workers of 2 for evacuation
[2026-07-01T02:17:53.481+0000][40.266s][info][gc,phases   ] GC(70)   Pre Evacuate Collection Set: 0.24ms
[2026-07-01T02:17:53.481+0000][40.266s][info][gc,phases   ] GC(70)   Merge Heap Roots: 0.27ms
[2026-07-01T02:17:53.481+0000][40.266s][info][gc,phases   ] GC(70)   Evacuate Collection Set: 11.73ms
[2026-07-01T02:17:53.481+0000][40.266s][info][gc,phases   ] GC(70)   Post Evacuate Collection Set: 0.35ms
[2026-07-01T02:17:53.481+0000][40.266s][info][gc,phases   ] GC(70)   Other: 0.08ms
[2026-07-01T02:17:53.481+0000][40.266s][info][gc,heap     ] GC(70) Eden regions: 94->0(93)
[2026-07-01T02:17:53.481+0000][40.266s][info][gc,heap     ] GC(70) Survivor regions: 7->7(13)
[2026-07-01T02:17:53.481+0000][40.266s][info][gc,heap     ] GC(70) Old regions: 156->157
[2026-07-01T02:17:53.481+0000][40.266s][info][gc,heap     ] GC(70) Humongous regions: 3->3
[2026-07-01T02:17:53.481+0000][40.266s][info][gc,metaspace] GC(70) Metaspace: 41671K(42496K)->41671K(42496K) NonClass: 36528K(36928K)->36528K(36928K) Class: 5142K(5568K)->5142K(5568K)
[2026-07-01T02:17:53.481+0000][40.266s][info][gc          ] GC(70) Pause Young (Concurrent Start) (G1 Evacuation Pause) 259M->165M(275M) 12.823ms
[2026-07-01T02:17:53.481+0000][40.266s][info][gc          ] GC(71) Concurrent Mark Cycle
[2026-07-01T02:17:53.481+0000][40.266s][info][gc,marking  ] GC(71) Concurrent Scan Root Regions
[2026-07-01T02:17:53.481+0000][40.266s][info][gc,cpu      ] GC(70) User=0.03s Sys=0.00s Real=0.01s
[2026-07-01T02:17:53.498+0000][40.283s][info][gc,marking  ] GC(71) Concurrent Scan Root Regions 16.524ms
[2026-07-01T02:17:53.498+0000][40.283s][info][gc,marking  ] GC(71) Concurrent Mark
[2026-07-01T02:17:53.498+0000][40.283s][info][gc,marking  ] GC(71) Concurrent Mark From Roots
[2026-07-01T02:17:53.498+0000][40.283s][info][gc,task     ] GC(71) Using 1 workers of 1 for marking
[2026-07-01T02:17:53.922+0000][40.707s][info][gc,marking  ] GC(71) Concurrent Mark From Roots 424.421ms
[2026-07-01T02:17:53.922+0000][40.707s][info][gc,marking  ] GC(71) Concurrent Preclean
[2026-07-01T02:17:53.922+0000][40.708s][info][gc,marking  ] GC(71) Concurrent Preclean 0.115ms
[2026-07-01T02:17:53.922+0000][40.708s][info][gc,start    ] GC(71) Pause Remark
[2026-07-01T02:17:53.931+0000][40.716s][info][gc          ] GC(71) Pause Remark 198M->198M(279M) 8.682ms
[2026-07-01T02:17:53.931+0000][40.716s][info][gc,cpu      ] GC(71) User=0.01s Sys=0.00s Real=0.01s
[2026-07-01T02:17:53.935+0000][40.721s][info][gc,marking  ] GC(71) Concurrent Mark 437.686ms
[2026-07-01T02:17:53.935+0000][40.721s][info][gc,marking  ] GC(71) Concurrent Rebuild Remembered Sets and Scrub Regions
[2026-07-01T02:17:54.130+0000][40.916s][info][gc,marking  ] GC(71) Concurrent Rebuild Remembered Sets and Scrub Regions 194.999ms
[2026-07-01T02:17:54.152+0000][40.937s][info][gc,start    ] GC(71) Pause Cleanup
[2026-07-01T02:17:54.152+0000][40.937s][info][gc          ] GC(71) Pause Cleanup 211M->211M(279M) 0.201ms
[2026-07-01T02:17:54.152+0000][40.937s][info][gc,cpu      ] GC(71) User=0.00s Sys=0.00s Real=0.00s
[2026-07-01T02:17:54.152+0000][40.937s][info][gc,marking  ] GC(71) Concurrent Clear Claimed Marks
[2026-07-01T02:17:54.152+0000][40.938s][info][gc,marking  ] GC(71) Concurrent Clear Claimed Marks 0.097ms
[2026-07-01T02:17:54.152+0000][40.938s][info][gc,marking  ] GC(71) Concurrent Cleanup for Next Mark
[2026-07-01T02:17:54.153+0000][40.939s][info][gc,marking  ] GC(71) Concurrent Cleanup for Next Mark 1.190ms
[2026-07-01T02:17:54.153+0000][40.939s][info][gc          ] GC(71) Concurrent Mark Cycle 672.397ms
[2026-07-01T02:17:54.480+0000][41.265s][info][gc,start    ] GC(72) Pause Young (Prepare Mixed) (G1 Evacuation Pause)
[2026-07-01T02:17:54.480+0000][41.266s][info][gc,task     ] GC(72) Using 2 workers of 2 for evacuation
[2026-07-01T02:17:54.497+0000][41.283s][info][gc,phases   ] GC(72)   Pre Evacuate Collection Set: 0.20ms
[2026-07-01T02:17:54.497+0000][41.283s][info][gc,phases   ] GC(72)   Merge Heap Roots: 0.56ms
[2026-07-01T02:17:54.497+0000][41.283s][info][gc,phases   ] GC(72)   Evacuate Collection Set: 15.85ms
[2026-07-01T02:17:54.497+0000][41.283s][info][gc,phases   ] GC(72)   Post Evacuate Collection Set: 0.42ms
[2026-07-01T02:17:54.497+0000][41.283s][info][gc,phases   ] GC(72)   Other: 0.07ms
[2026-07-01T02:17:54.497+0000][41.283s][info][gc,heap     ] GC(72) Eden regions: 93->0(97)
[2026-07-01T02:17:54.497+0000][41.283s][info][gc,heap     ] GC(72) Survivor regions: 7->7(13)
[2026-07-01T02:17:54.497+0000][41.283s][info][gc,heap     ] GC(72) Old regions: 157->157
[2026-07-01T02:17:54.497+0000][41.283s][info][gc,heap     ] GC(72) Humongous regions: 3->3
[2026-07-01T02:17:54.497+0000][41.283s][info][gc,metaspace] GC(72) Metaspace: 41672K(42496K)->41672K(42496K) NonClass: 36529K(36928K)->36529K(36928K) Class: 5142K(5568K)->5142K(5568K)
[2026-07-01T02:17:54.497+0000][41.283s][info][gc          ] GC(72) Pause Young (Prepare Mixed) (G1 Evacuation Pause) 258M->166M(279M) 17.269ms
[2026-07-01T02:17:54.497+0000][41.283s][info][gc,cpu      ] GC(72) User=0.05s Sys=0.00s Real=0.01s
[2026-07-01T02:17:55.153+0000][41.938s][info][gc,start    ] GC(73) Pause Young (Mixed) (G1 Evacuation Pause)
[2026-07-01T02:17:55.153+0000][41.939s][info][gc,task     ] GC(73) Using 2 workers of 2 for evacuation
[2026-07-01T02:17:55.171+0000][41.956s][info][gc,phases   ] GC(73)   Pre Evacuate Collection Set: 0.20ms
[2026-07-01T02:17:55.171+0000][41.956s][info][gc,phases   ] GC(73)   Merge Heap Roots: 0.24ms
[2026-07-01T02:17:55.171+0000][41.956s][info][gc,phases   ] GC(73)   Evacuate Collection Set: 16.52ms
[2026-07-01T02:17:55.171+0000][41.956s][info][gc,phases   ] GC(73)   Post Evacuate Collection Set: 0.44ms
[2026-07-01T02:17:55.171+0000][41.956s][info][gc,phases   ] GC(73)   Other: 0.05ms
[2026-07-01T02:17:55.171+0000][41.956s][info][gc,heap     ] GC(73) Eden regions: 97->0(97)
[2026-07-01T02:17:55.171+0000][41.956s][info][gc,heap     ] GC(73) Survivor regions: 7->7(13)
[2026-07-01T02:17:55.171+0000][41.956s][info][gc,heap     ] GC(73) Old regions: 157->157
[2026-07-01T02:17:55.171+0000][41.956s][info][gc,heap     ] GC(73) Humongous regions: 3->3
[2026-07-01T02:17:55.171+0000][41.956s][info][gc,metaspace] GC(73) Metaspace: 41672K(42496K)->41672K(42496K) NonClass: 36529K(36928K)->36529K(36928K) Class: 5142K(5568K)->5142K(5568K)
[2026-07-01T02:17:55.171+0000][41.956s][info][gc          ] GC(73) Pause Young (Mixed) (G1 Evacuation Pause) 263M->166M(279M) 17.598ms
[2026-07-01T02:17:55.171+0000][41.956s][info][gc,cpu      ] GC(73) User=0.03s Sys=0.00s Real=0.02s
[2026-07-01T02:17:56.213+0000][42.999s][info][gc,start    ] GC(74) Pause Young (Concurrent Start) (G1 Evacuation Pause)
[2026-07-01T02:17:56.213+0000][42.999s][info][gc,task     ] GC(74) Using 2 workers of 2 for evacuation
[2026-07-01T02:17:56.234+0000][43.019s][info][gc,phases   ] GC(74)   Pre Evacuate Collection Set: 0.16ms
[2026-07-01T02:17:56.234+0000][43.019s][info][gc,phases   ] GC(74)   Merge Heap Roots: 0.26ms
[2026-07-01T02:17:56.234+0000][43.019s][info][gc,phases   ] GC(74)   Evacuate Collection Set: 19.42ms
[2026-07-01T02:17:56.234+0000][43.019s][info][gc,phases   ] GC(74)   Post Evacuate Collection Set: 0.44ms
[2026-07-01T02:17:56.234+0000][43.019s][info][gc,phases   ] GC(74)   Other: 0.08ms
[2026-07-01T02:17:56.234+0000][43.019s][info][gc,heap     ] GC(74) Eden regions: 97->0(97)
[2026-07-01T02:17:56.234+0000][43.019s][info][gc,heap     ] GC(74) Survivor regions: 7->7(13)
[2026-07-01T02:17:56.234+0000][43.019s][info][gc,heap     ] GC(74) Old regions: 157->157
[2026-07-01T02:17:56.234+0000][43.019s][info][gc,heap     ] GC(74) Humongous regions: 3->3
[2026-07-01T02:17:56.234+0000][43.019s][info][gc,metaspace] GC(74) Metaspace: 41673K(42496K)->41673K(42496K) NonClass: 36530K(36928K)->36530K(36928K) Class: 5142K(5568K)->5142K(5568K)
[2026-07-01T02:17:56.234+0000][43.019s][info][gc          ] GC(74) Pause Young (Concurrent Start) (G1 Evacuation Pause) 263M->166M(279M) 20.545ms
[2026-07-01T02:17:56.234+0000][43.019s][info][gc          ] GC(75) Concurrent Mark Cycle
[2026-07-01T02:17:56.234+0000][43.019s][info][gc,marking  ] GC(75) Concurrent Scan Root Regions
[2026-07-01T02:17:56.234+0000][43.019s][info][gc,cpu      ] GC(74) User=0.04s Sys=0.00s Real=0.02s
[2026-07-01T02:17:56.253+0000][43.038s][info][gc,marking  ] GC(75) Concurrent Scan Root Regions 18.787ms
[2026-07-01T02:17:56.253+0000][43.038s][info][gc,marking  ] GC(75) Concurrent Mark
[2026-07-01T02:17:56.253+0000][43.038s][info][gc,marking  ] GC(75) Concurrent Mark From Roots
[2026-07-01T02:17:56.253+0000][43.038s][info][gc,task     ] GC(75) Using 1 workers of 1 for marking
[2026-07-01T02:17:56.788+0000][43.574s][info][gc,marking  ] GC(75) Concurrent Mark From Roots 535.606ms
[2026-07-01T02:17:56.788+0000][43.574s][info][gc,marking  ] GC(75) Concurrent Preclean
[2026-07-01T02:17:56.789+0000][43.574s][info][gc,marking  ] GC(75) Concurrent Preclean 0.147ms
[2026-07-01T02:17:56.789+0000][43.574s][info][gc,start    ] GC(75) Pause Remark
[2026-07-01T02:17:56.795+0000][43.581s][info][gc          ] GC(75) Pause Remark 228M->228M(279M) 6.169ms
[2026-07-01T02:17:56.795+0000][43.581s][info][gc,cpu      ] GC(75) User=0.01s Sys=0.00s Real=0.00s
[2026-07-01T02:17:56.801+0000][43.587s][info][gc,marking  ] GC(75) Concurrent Mark 548.470ms
[2026-07-01T02:17:56.802+0000][43.587s][info][gc,marking  ] GC(75) Concurrent Rebuild Remembered Sets and Scrub Regions
[2026-07-01T02:17:57.097+0000][43.882s][info][gc,start    ] GC(76) Pause Young (Normal) (G1 Evacuation Pause)
[2026-07-01T02:17:57.097+0000][43.882s][info][gc,task     ] GC(76) Using 2 workers of 2 for evacuation
[2026-07-01T02:17:57.109+0000][43.895s][info][gc,phases   ] GC(76)   Pre Evacuate Collection Set: 0.13ms
[2026-07-01T02:17:57.109+0000][43.895s][info][gc,phases   ] GC(76)   Merge Heap Roots: 0.32ms
[2026-07-01T02:17:57.109+0000][43.895s][info][gc,phases   ] GC(76)   Evacuate Collection Set: 11.34ms
[2026-07-01T02:17:57.109+0000][43.895s][info][gc,phases   ] GC(76)   Post Evacuate Collection Set: 0.45ms
[2026-07-01T02:17:57.109+0000][43.895s][info][gc,phases   ] GC(76)   Other: 0.06ms
[2026-07-01T02:17:57.109+0000][43.895s][info][gc,heap     ] GC(76) Eden regions: 97->0(96)
[2026-07-01T02:17:57.109+0000][43.895s][info][gc,heap     ] GC(76) Survivor regions: 7->7(13)
[2026-07-01T02:17:57.109+0000][43.895s][info][gc,heap     ] GC(76) Old regions: 157->158
[2026-07-01T02:17:57.109+0000][43.895s][info][gc,heap     ] GC(76) Humongous regions: 3->3
[2026-07-01T02:17:57.109+0000][43.895s][info][gc,metaspace] GC(76) Metaspace: 41673K(42496K)->41673K(42496K) NonClass: 36531K(36928K)->36531K(36928K) Class: 5142K(5568K)->5142K(5568K)
[2026-07-01T02:17:57.109+0000][43.895s][info][gc          ] GC(76) Pause Young (Normal) (G1 Evacuation Pause) 263M->167M(279M) 12.441ms
[2026-07-01T02:17:57.109+0000][43.895s][info][gc,cpu      ] GC(76) User=0.03s Sys=0.00s Real=0.02s
[2026-07-01T02:17:57.136+0000][43.921s][info][gc,marking  ] GC(75) Concurrent Rebuild Remembered Sets and Scrub Regions 334.522ms
[2026-07-01T02:17:57.137+0000][43.923s][info][gc,start    ] GC(75) Pause Cleanup
[2026-07-01T02:17:57.137+0000][43.923s][info][gc          ] GC(75) Pause Cleanup 171M->171M(279M) 0.226ms
[2026-07-01T02:17:57.138+0000][43.923s][info][gc,cpu      ] GC(75) User=0.00s Sys=0.00s Real=0.00s
[2026-07-01T02:17:57.139+0000][43.925s][info][gc,marking  ] GC(75) Concurrent Clear Claimed Marks
[2026-07-01T02:17:57.140+0000][43.925s][info][gc,marking  ] GC(75) Concurrent Clear Claimed Marks 0.172ms
[2026-07-01T02:17:57.140+0000][43.925s][info][gc,marking  ] GC(75) Concurrent Cleanup for Next Mark
[2026-07-01T02:17:57.155+0000][43.941s][info][gc,marking  ] GC(75) Concurrent Cleanup for Next Mark 15.645ms
[2026-07-01T02:17:57.155+0000][43.941s][info][gc          ] GC(75) Concurrent Mark Cycle 921.488ms
[2026-07-01T02:17:57.702+0000][44.487s][info][gc,start    ] GC(77) Pause Young (Prepare Mixed) (G1 Evacuation Pause)
[2026-07-01T02:17:57.702+0000][44.487s][info][gc,task     ] GC(77) Using 2 workers of 2 for evacuation
[2026-07-01T02:17:57.717+0000][44.503s][info][gc,phases   ] GC(77)   Pre Evacuate Collection Set: 0.15ms
[2026-07-01T02:17:57.718+0000][44.503s][info][gc,phases   ] GC(77)   Merge Heap Roots: 0.56ms
[2026-07-01T02:17:57.718+0000][44.503s][info][gc,phases   ] GC(77)   Evacuate Collection Set: 14.54ms
[2026-07-01T02:17:57.718+0000][44.503s][info][gc,phases   ] GC(77)   Post Evacuate Collection Set: 0.34ms
[2026-07-01T02:17:57.718+0000][44.503s][info][gc,phases   ] GC(77)   Other: 0.04ms
[2026-07-01T02:17:57.718+0000][44.503s][info][gc,heap     ] GC(77) Eden regions: 96->0(96)
[2026-07-01T02:17:57.718+0000][44.503s][info][gc,heap     ] GC(77) Survivor regions: 7->7(13)
[2026-07-01T02:17:57.718+0000][44.503s][info][gc,heap     ] GC(77) Old regions: 158->158
[2026-07-01T02:17:57.718+0000][44.503s][info][gc,heap     ] GC(77) Humongous regions: 3->3
[2026-07-01T02:17:57.718+0000][44.503s][info][gc,metaspace] GC(77) Metaspace: 41673K(42496K)->41673K(42496K) NonClass: 36531K(36928K)->36531K(36928K) Class: 5142K(5568K)->5142K(5568K)
[2026-07-01T02:17:57.718+0000][44.503s][info][gc          ] GC(77) Pause Young (Prepare Mixed) (G1 Evacuation Pause) 263M->167M(279M) 15.803ms
[2026-07-01T02:17:57.718+0000][44.503s][info][gc,cpu      ] GC(77) User=0.03s Sys=0.00s Real=0.01s
[2026-07-01T02:17:58.781+0000][45.567s][info][gc,start    ] GC(78) Pause Young (Mixed) (G1 Evacuation Pause)
[2026-07-01T02:17:58.781+0000][45.567s][info][gc,task     ] GC(78) Using 2 workers of 2 for evacuation
[2026-07-01T02:17:58.801+0000][45.586s][info][gc,phases   ] GC(78)   Pre Evacuate Collection Set: 0.13ms
[2026-07-01T02:17:58.801+0000][45.586s][info][gc,phases   ] GC(78)   Merge Heap Roots: 0.35ms
[2026-07-01T02:17:58.801+0000][45.586s][info][gc,phases   ] GC(78)   Evacuate Collection Set: 18.11ms
[2026-07-01T02:17:58.801+0000][45.586s][info][gc,phases   ] GC(78)   Post Evacuate Collection Set: 0.46ms
[2026-07-01T02:17:58.801+0000][45.586s][info][gc,phases   ] GC(78)   Other: 0.04ms
[2026-07-01T02:17:58.801+0000][45.586s][info][gc,heap     ] GC(78) Eden regions: 96->0(96)
[2026-07-01T02:17:58.801+0000][45.586s][info][gc,heap     ] GC(78) Survivor regions: 7->7(13)
[2026-07-01T02:17:58.801+0000][45.586s][info][gc,heap     ] GC(78) Old regions: 158->158
[2026-07-01T02:17:58.801+0000][45.586s][info][gc,heap     ] GC(78) Humongous regions: 3->3
[2026-07-01T02:17:58.801+0000][45.586s][info][gc,metaspace] GC(78) Metaspace: 41673K(42496K)->41673K(42496K) NonClass: 36531K(36928K)->36531K(36928K) Class: 5142K(5568K)->5142K(5568K)
[2026-07-01T02:17:58.801+0000][45.586s][info][gc          ] GC(78) Pause Young (Mixed) (G1 Evacuation Pause) 263M->167M(279M) 19.254ms
[2026-07-01T02:17:58.801+0000][45.586s][info][gc,cpu      ] GC(78) User=0.03s Sys=0.00s Real=0.02s
[2026-07-01T02:17:59.736+0000][46.522s][info][gc,start    ] GC(79) Pause Young (Concurrent Start) (G1 Evacuation Pause)
[2026-07-01T02:17:59.737+0000][46.522s][info][gc,task     ] GC(79) Using 2 workers of 2 for evacuation
[2026-07-01T02:17:59.759+0000][46.544s][info][gc,phases   ] GC(79)   Pre Evacuate Collection Set: 0.16ms
[2026-07-01T02:17:59.759+0000][46.544s][info][gc,phases   ] GC(79)   Merge Heap Roots: 0.39ms
[2026-07-01T02:17:59.759+0000][46.544s][info][gc,phases   ] GC(79)   Evacuate Collection Set: 21.29ms
[2026-07-01T02:17:59.759+0000][46.544s][info][gc,phases   ] GC(79)   Post Evacuate Collection Set: 0.44ms
[2026-07-01T02:17:59.759+0000][46.544s][info][gc,phases   ] GC(79)   Other: 0.08ms
[2026-07-01T02:17:59.759+0000][46.544s][info][gc,heap     ] GC(79) Eden regions: 96->0(95)
[2026-07-01T02:17:59.759+0000][46.544s][info][gc,heap     ] GC(79) Survivor regions: 7->7(13)
[2026-07-01T02:17:59.759+0000][46.544s][info][gc,heap     ] GC(79) Old regions: 158->159
[2026-07-01T02:17:59.759+0000][46.544s][info][gc,heap     ] GC(79) Humongous regions: 3->3
[2026-07-01T02:17:59.759+0000][46.544s][info][gc,metaspace] GC(79) Metaspace: 41673K(42496K)->41673K(42496K) NonClass: 36531K(36928K)->36531K(36928K) Class: 5142K(5568K)->5142K(5568K)
[2026-07-01T02:17:59.759+0000][46.544s][info][gc          ] GC(79) Pause Young (Concurrent Start) (G1 Evacuation Pause) 263M->168M(279M) 22.532ms
[2026-07-01T02:17:59.759+0000][46.544s][info][gc,cpu      ] GC(79) User=0.04s Sys=0.00s Real=0.03s
[2026-07-01T02:17:59.759+0000][46.544s][info][gc          ] GC(80) Concurrent Mark Cycle
[2026-07-01T02:17:59.759+0000][46.544s][info][gc,marking  ] GC(80) Concurrent Scan Root Regions
[2026-07-01T02:17:59.790+0000][46.575s][info][gc,marking  ] GC(80) Concurrent Scan Root Regions 31.017ms
[2026-07-01T02:17:59.790+0000][46.576s][info][gc,marking  ] GC(80) Concurrent Mark
[2026-07-01T02:17:59.790+0000][46.576s][info][gc,marking  ] GC(80) Concurrent Mark From Roots
[2026-07-01T02:17:59.790+0000][46.576s][info][gc,task     ] GC(80) Using 1 workers of 1 for marking
[2026-07-01T02:18:00.307+0000][47.093s][info][gc,marking  ] GC(80) Concurrent Mark From Roots 517.197ms
[2026-07-01T02:18:00.307+0000][47.093s][info][gc,marking  ] GC(80) Concurrent Preclean
[2026-07-01T02:18:00.308+0000][47.093s][info][gc,marking  ] GC(80) Concurrent Preclean 0.484ms
[2026-07-01T02:18:00.309+0000][47.095s][info][gc,start    ] GC(80) Pause Remark
[2026-07-01T02:18:00.317+0000][47.102s][info][gc          ] GC(80) Pause Remark 232M->232M(282M) 7.885ms
[2026-07-01T02:18:00.317+0000][47.103s][info][gc,cpu      ] GC(80) User=0.02s Sys=0.00s Real=0.00s
[2026-07-01T02:18:00.321+0000][47.106s][info][gc,marking  ] GC(80) Concurrent Mark 530.392ms
[2026-07-01T02:18:00.321+0000][47.107s][info][gc,marking  ] GC(80) Concurrent Rebuild Remembered Sets and Scrub Regions
[2026-07-01T02:18:00.593+0000][47.379s][info][gc,start    ] GC(81) Pause Young (Normal) (G1 Evacuation Pause)
[2026-07-01T02:18:00.593+0000][47.379s][info][gc,task     ] GC(81) Using 2 workers of 2 for evacuation
[2026-07-01T02:18:00.607+0000][47.392s][info][gc,phases   ] GC(81)   Pre Evacuate Collection Set: 0.19ms
[2026-07-01T02:18:00.607+0000][47.392s][info][gc,phases   ] GC(81)   Merge Heap Roots: 0.62ms
[2026-07-01T02:18:00.607+0000][47.392s][info][gc,phases   ] GC(81)   Evacuate Collection Set: 11.79ms
[2026-07-01T02:18:00.607+0000][47.392s][info][gc,phases   ] GC(81)   Post Evacuate Collection Set: 0.54ms
[2026-07-01T02:18:00.607+0000][47.392s][info][gc,phases   ] GC(81)   Other: 0.06ms
[2026-07-01T02:18:00.607+0000][47.392s][info][gc,heap     ] GC(81) Eden regions: 95->0(98)
[2026-07-01T02:18:00.607+0000][47.392s][info][gc,heap     ] GC(81) Survivor regions: 7->7(13)
[2026-07-01T02:18:00.607+0000][47.392s][info][gc,heap     ] GC(81) Old regions: 159->159
[2026-07-01T02:18:00.607+0000][47.392s][info][gc,heap     ] GC(81) Humongous regions: 3->3
[2026-07-01T02:18:00.607+0000][47.392s][info][gc,metaspace] GC(81) Metaspace: 41678K(42560K)->41678K(42560K) NonClass: 36535K(36992K)->36535K(36992K) Class: 5143K(5568K)->5143K(5568K)
[2026-07-01T02:18:00.607+0000][47.392s][info][gc          ] GC(81) Pause Young (Normal) (G1 Evacuation Pause) 263M->168M(282M) 13.344ms
[2026-07-01T02:18:00.607+0000][47.392s][info][gc,cpu      ] GC(81) User=0.03s Sys=0.00s Real=0.01s
[2026-07-01T02:18:00.689+0000][47.474s][info][gc,marking  ] GC(80) Concurrent Rebuild Remembered Sets and Scrub Regions 367.520ms
[2026-07-01T02:18:00.689+0000][47.474s][info][gc,start    ] GC(80) Pause Cleanup
[2026-07-01T02:18:00.689+0000][47.475s][info][gc          ] GC(80) Pause Cleanup 180M->180M(282M) 0.205ms
[2026-07-01T02:18:00.689+0000][47.475s][info][gc,cpu      ] GC(80) User=0.00s Sys=0.00s Real=0.00s
[2026-07-01T02:18:00.689+0000][47.475s][info][gc,marking  ] GC(80) Concurrent Clear Claimed Marks
[2026-07-01T02:18:00.690+0000][47.475s][info][gc,marking  ] GC(80) Concurrent Clear Claimed Marks 0.141ms
[2026-07-01T02:18:00.690+0000][47.475s][info][gc,marking  ] GC(80) Concurrent Cleanup for Next Mark
[2026-07-01T02:18:00.690+0000][47.476s][info][gc,marking  ] GC(80) Concurrent Cleanup for Next Mark 0.725ms
[2026-07-01T02:18:00.690+0000][47.476s][info][gc          ] GC(80) Concurrent Mark Cycle 931.229ms
[2026-07-01T02:18:01.208+0000][47.993s][info][gc,start    ] GC(82) Pause Young (Prepare Mixed) (G1 Evacuation Pause)
[2026-07-01T02:18:01.208+0000][47.993s][info][gc,task     ] GC(82) Using 2 workers of 2 for evacuation
[2026-07-01T02:18:01.227+0000][48.013s][info][gc,phases   ] GC(82)   Pre Evacuate Collection Set: 0.19ms
[2026-07-01T02:18:01.227+0000][48.013s][info][gc,phases   ] GC(82)   Merge Heap Roots: 1.10ms
[2026-07-01T02:18:01.227+0000][48.013s][info][gc,phases   ] GC(82)   Evacuate Collection Set: 17.96ms
[2026-07-01T02:18:01.227+0000][48.013s][info][gc,phases   ] GC(82)   Post Evacuate Collection Set: 0.35ms
[2026-07-01T02:18:01.228+0000][48.013s][info][gc,phases   ] GC(82)   Other: 0.06ms
[2026-07-01T02:18:01.228+0000][48.013s][info][gc,heap     ] GC(82) Eden regions: 98->0(98)
[2026-07-01T02:18:01.228+0000][48.013s][info][gc,heap     ] GC(82) Survivor regions: 7->7(14)
[2026-07-01T02:18:01.228+0000][48.013s][info][gc,heap     ] GC(82) Old regions: 159->159
[2026-07-01T02:18:01.228+0000][48.013s][info][gc,heap     ] GC(82) Humongous regions: 3->3
[2026-07-01T02:18:01.228+0000][48.013s][info][gc,metaspace] GC(82) Metaspace: 41678K(42560K)->41678K(42560K) NonClass: 36535K(36992K)->36535K(36992K) Class: 5143K(5568K)->5143K(5568K)
[2026-07-01T02:18:01.228+0000][48.013s][info][gc          ] GC(82) Pause Young (Prepare Mixed) (G1 Evacuation Pause) 266M->168M(282M) 19.858ms
[2026-07-01T02:18:01.228+0000][48.013s][info][gc,cpu      ] GC(82) User=0.04s Sys=0.00s Real=0.02s
[2026-07-01T02:18:01.796+0000][48.582s][info][gc,start    ] GC(83) Pause Young (Mixed) (G1 Evacuation Pause)
[2026-07-01T02:18:01.797+0000][48.582s][info][gc,task     ] GC(83) Using 2 workers of 2 for evacuation
[2026-07-01T02:18:01.835+0000][48.620s][info][gc,phases   ] GC(83)   Pre Evacuate Collection Set: 0.18ms
[2026-07-01T02:18:01.835+0000][48.620s][info][gc,phases   ] GC(83)   Merge Heap Roots: 0.46ms
[2026-07-01T02:18:01.835+0000][48.620s][info][gc,phases   ] GC(83)   Evacuate Collection Set: 36.81ms
[2026-07-01T02:18:01.835+0000][48.620s][info][gc,phases   ] GC(83)   Post Evacuate Collection Set: 0.73ms
[2026-07-01T02:18:01.835+0000][48.620s][info][gc,phases   ] GC(83)   Other: 0.06ms
[2026-07-01T02:18:01.835+0000][48.620s][info][gc,heap     ] GC(83) Eden regions: 98->0(98)
[2026-07-01T02:18:01.835+0000][48.620s][info][gc,heap     ] GC(83) Survivor regions: 7->7(14)
[2026-07-01T02:18:01.835+0000][48.620s][info][gc,heap     ] GC(83) Old regions: 159->159
[2026-07-01T02:18:01.835+0000][48.620s][info][gc,heap     ] GC(83) Humongous regions: 3->3
[2026-07-01T02:18:01.835+0000][48.620s][info][gc,metaspace] GC(83) Metaspace: 41678K(42560K)->41678K(42560K) NonClass: 36535K(36992K)->36535K(36992K) Class: 5143K(5568K)->5143K(5568K)
[2026-07-01T02:18:01.835+0000][48.620s][info][gc          ] GC(83) Pause Young (Mixed) (G1 Evacuation Pause) 266M->168M(282M) 38.437ms
[2026-07-01T02:18:01.835+0000][48.620s][info][gc,cpu      ] GC(83) User=0.04s Sys=0.00s Real=0.04s
[2026-07-01T02:18:02.851+0000][49.636s][info][gc,start    ] GC(84) Pause Young (Concurrent Start) (G1 Evacuation Pause)
[2026-07-01T02:18:02.851+0000][49.636s][info][gc,task     ] GC(84) Using 2 workers of 2 for evacuation
[2026-07-01T02:18:02.888+0000][49.674s][info][gc,phases   ] GC(84)   Pre Evacuate Collection Set: 0.17ms
[2026-07-01T02:18:02.888+0000][49.674s][info][gc,phases   ] GC(84)   Merge Heap Roots: 0.48ms
[2026-07-01T02:18:02.888+0000][49.674s][info][gc,phases   ] GC(84)   Evacuate Collection Set: 36.16ms
[2026-07-01T02:18:02.888+0000][49.674s][info][gc,phases   ] GC(84)   Post Evacuate Collection Set: 0.73ms
[2026-07-01T02:18:02.888+0000][49.674s][info][gc,phases   ] GC(84)   Other: 0.08ms
[2026-07-01T02:18:02.888+0000][49.674s][info][gc,heap     ] GC(84) Eden regions: 98->0(97)
[2026-07-01T02:18:02.888+0000][49.674s][info][gc,heap     ] GC(84) Survivor regions: 7->7(14)
[2026-07-01T02:18:02.888+0000][49.674s][info][gc,heap     ] GC(84) Old regions: 159->160
[2026-07-01T02:18:02.888+0000][49.674s][info][gc,heap     ] GC(84) Humongous regions: 3->3
[2026-07-01T02:18:02.888+0000][49.674s][info][gc,metaspace] GC(84) Metaspace: 41678K(42560K)->41678K(42560K) NonClass: 36535K(36992K)->36535K(36992K) Class: 5143K(5568K)->5143K(5568K)
[2026-07-01T02:18:02.888+0000][49.674s][info][gc          ] GC(84) Pause Young (Concurrent Start) (G1 Evacuation Pause) 266M->169M(282M) 37.787ms
[2026-07-01T02:18:02.888+0000][49.674s][info][gc          ] GC(85) Concurrent Mark Cycle
[2026-07-01T02:18:02.888+0000][49.674s][info][gc,cpu      ] GC(84) User=0.03s Sys=0.00s Real=0.04s
[2026-07-01T02:18:02.889+0000][49.674s][info][gc,marking  ] GC(85) Concurrent Scan Root Regions
[2026-07-01T02:18:02.901+0000][49.686s][info][gc,marking  ] GC(85) Concurrent Scan Root Regions 12.494ms
[2026-07-01T02:18:02.901+0000][49.686s][info][gc,marking  ] GC(85) Concurrent Mark
[2026-07-01T02:18:02.901+0000][49.686s][info][gc,marking  ] GC(85) Concurrent Mark From Roots
[2026-07-01T02:18:02.901+0000][49.686s][info][gc,task     ] GC(85) Using 1 workers of 1 for marking
[2026-07-01T02:18:03.280+0000][50.065s][info][gc,marking  ] GC(85) Concurrent Mark From Roots 378.966ms
[2026-07-01T02:18:03.280+0000][50.065s][info][gc,marking  ] GC(85) Concurrent Preclean
[2026-07-01T02:18:03.280+0000][50.066s][info][gc,marking  ] GC(85) Concurrent Preclean 0.102ms
[2026-07-01T02:18:03.280+0000][50.066s][info][gc,start    ] GC(85) Pause Remark
[2026-07-01T02:18:03.295+0000][50.080s][info][gc          ] GC(85) Pause Remark 198M->198M(284M) 14.719ms
[2026-07-01T02:18:03.295+0000][50.081s][info][gc,cpu      ] GC(85) User=0.02s Sys=0.00s Real=0.01s
[2026-07-01T02:18:03.296+0000][50.081s][info][gc,marking  ] GC(85) Concurrent Mark 394.922ms
[2026-07-01T02:18:03.296+0000][50.081s][info][gc,marking  ] GC(85) Concurrent Rebuild Remembered Sets and Scrub Regions
[2026-07-01T02:18:03.518+0000][50.304s][info][gc,marking  ] GC(85) Concurrent Rebuild Remembered Sets and Scrub Regions 222.447ms
[2026-07-01T02:18:03.519+0000][50.304s][info][gc,start    ] GC(85) Pause Cleanup
[2026-07-01T02:18:03.519+0000][50.304s][info][gc          ] GC(85) Pause Cleanup 218M->218M(284M) 0.154ms
[2026-07-01T02:18:03.519+0000][50.304s][info][gc,cpu      ] GC(85) User=0.00s Sys=0.00s Real=0.00s
[2026-07-01T02:18:03.519+0000][50.304s][info][gc,marking  ] GC(85) Concurrent Clear Claimed Marks
[2026-07-01T02:18:03.519+0000][50.304s][info][gc,marking  ] GC(85) Concurrent Clear Claimed Marks 0.093ms
[2026-07-01T02:18:03.519+0000][50.304s][info][gc,marking  ] GC(85) Concurrent Cleanup for Next Mark
[2026-07-01T02:18:03.520+0000][50.305s][info][gc,marking  ] GC(85) Concurrent Cleanup for Next Mark 0.827ms
[2026-07-01T02:18:03.520+0000][50.305s][info][gc          ] GC(85) Concurrent Mark Cycle 631.300ms
[2026-07-01T02:18:03.865+0000][50.650s][info][gc,start    ] GC(86) Pause Young (Prepare Mixed) (G1 Evacuation Pause)
[2026-07-01T02:18:03.865+0000][50.651s][info][gc,task     ] GC(86) Using 2 workers of 2 for evacuation
[2026-07-01T02:18:03.884+0000][50.669s][info][gc,phases   ] GC(86)   Pre Evacuate Collection Set: 0.23ms
[2026-07-01T02:18:03.884+0000][50.669s][info][gc,phases   ] GC(86)   Merge Heap Roots: 0.85ms
[2026-07-01T02:18:03.884+0000][50.669s][info][gc,phases   ] GC(86)   Evacuate Collection Set: 16.82ms
[2026-07-01T02:18:03.884+0000][50.669s][info][gc,phases   ] GC(86)   Post Evacuate Collection Set: 0.46ms
[2026-07-01T02:18:03.884+0000][50.669s][info][gc,phases   ] GC(86)   Other: 0.06ms
[2026-07-01T02:18:03.884+0000][50.669s][info][gc,heap     ] GC(86) Eden regions: 97->0(99)
[2026-07-01T02:18:03.884+0000][50.669s][info][gc,heap     ] GC(86) Survivor regions: 7->7(13)
[2026-07-01T02:18:03.884+0000][50.669s][info][gc,heap     ] GC(86) Old regions: 160->160
[2026-07-01T02:18:03.884+0000][50.669s][info][gc,heap     ] GC(86) Humongous regions: 3->3
[2026-07-01T02:18:03.884+0000][50.669s][info][gc,metaspace] GC(86) Metaspace: 41692K(42560K)->41692K(42560K) NonClass: 36548K(36992K)->36548K(36992K) Class: 5144K(5568K)->5144K(5568K)
[2026-07-01T02:18:03.884+0000][50.669s][info][gc          ] GC(86) Pause Young (Prepare Mixed) (G1 Evacuation Pause) 266M->169M(284M) 18.576ms
[2026-07-01T02:18:03.884+0000][50.669s][info][gc,cpu      ] GC(86) User=0.03s Sys=0.00s Real=0.02s
[2026-07-01T02:18:04.372+0000][51.157s][info][gc,start    ] GC(87) Pause Young (Mixed) (G1 Evacuation Pause)
[2026-07-01T02:18:04.372+0000][51.157s][info][gc,task     ] GC(87) Using 2 workers of 2 for evacuation
[2026-07-01T02:18:04.387+0000][51.173s][info][gc,phases   ] GC(87)   Pre Evacuate Collection Set: 0.21ms
[2026-07-01T02:18:04.387+0000][51.173s][info][gc,phases   ] GC(87)   Merge Heap Roots: 0.28ms
[2026-07-01T02:18:04.387+0000][51.173s][info][gc,phases   ] GC(87)   Evacuate Collection Set: 14.32ms
[2026-07-01T02:18:04.387+0000][51.173s][info][gc,phases   ] GC(87)   Post Evacuate Collection Set: 0.45ms
[2026-07-01T02:18:04.387+0000][51.173s][info][gc,phases   ] GC(87)   Other: 0.06ms
[2026-07-01T02:18:04.387+0000][51.173s][info][gc,heap     ] GC(87) Eden regions: 99->0(99)
[2026-07-01T02:18:04.387+0000][51.173s][info][gc,heap     ] GC(87) Survivor regions: 7->7(14)
[2026-07-01T02:18:04.387+0000][51.173s][info][gc,heap     ] GC(87) Old regions: 160->160
[2026-07-01T02:18:04.387+0000][51.173s][info][gc,heap     ] GC(87) Humongous regions: 3->3
[2026-07-01T02:18:04.387+0000][51.173s][info][gc,metaspace] GC(87) Metaspace: 41692K(42560K)->41692K(42560K) NonClass: 36548K(36992K)->36548K(36992K) Class: 5144K(5568K)->5144K(5568K)
[2026-07-01T02:18:04.387+0000][51.173s][info][gc          ] GC(87) Pause Young (Mixed) (G1 Evacuation Pause) 268M->169M(284M) 15.516ms
[2026-07-01T02:18:04.387+0000][51.173s][info][gc,cpu      ] GC(87) User=0.03s Sys=0.00s Real=0.01s
[2026-07-01T02:18:04.918+0000][51.703s][info][gc,start    ] GC(88) Pause Young (Concurrent Start) (G1 Evacuation Pause)
[2026-07-01T02:18:04.918+0000][51.703s][info][gc,task     ] GC(88) Using 2 workers of 2 for evacuation
[2026-07-01T02:18:04.935+0000][51.720s][info][gc,phases   ] GC(88)   Pre Evacuate Collection Set: 0.25ms
[2026-07-01T02:18:04.935+0000][51.720s][info][gc,phases   ] GC(88)   Merge Heap Roots: 0.43ms
[2026-07-01T02:18:04.935+0000][51.720s][info][gc,phases   ] GC(88)   Evacuate Collection Set: 16.10ms
[2026-07-01T02:18:04.935+0000][51.720s][info][gc,phases   ] GC(88)   Post Evacuate Collection Set: 0.46ms
[2026-07-01T02:18:04.935+0000][51.720s][info][gc,phases   ] GC(88)   Other: 0.07ms
[2026-07-01T02:18:04.935+0000][51.720s][info][gc,heap     ] GC(88) Eden regions: 99->0(98)
[2026-07-01T02:18:04.935+0000][51.720s][info][gc,heap     ] GC(88) Survivor regions: 7->7(14)
[2026-07-01T02:18:04.935+0000][51.720s][info][gc,heap     ] GC(88) Old regions: 160->161
[2026-07-01T02:18:04.935+0000][51.720s][info][gc,heap     ] GC(88) Humongous regions: 3->3
[2026-07-01T02:18:04.935+0000][51.720s][info][gc,metaspace] GC(88) Metaspace: 41692K(42560K)->41692K(42560K) NonClass: 36548K(36992K)->36548K(36992K) Class: 5144K(5568K)->5144K(5568K)
[2026-07-01T02:18:04.935+0000][51.720s][info][gc          ] GC(88) Pause Young (Concurrent Start) (G1 Evacuation Pause) 268M->170M(284M) 17.483ms
[2026-07-01T02:18:04.935+0000][51.720s][info][gc          ] GC(89) Concurrent Mark Cycle
[2026-07-01T02:18:04.935+0000][51.721s][info][gc,marking  ] GC(89) Concurrent Scan Root Regions
[2026-07-01T02:18:04.935+0000][51.720s][info][gc,cpu      ] GC(88) User=0.03s Sys=0.00s Real=0.02s
[2026-07-01T02:18:04.953+0000][51.738s][info][gc,marking  ] GC(89) Concurrent Scan Root Regions 17.777ms
[2026-07-01T02:18:04.953+0000][51.738s][info][gc,marking  ] GC(89) Concurrent Mark
[2026-07-01T02:18:04.953+0000][51.738s][info][gc,marking  ] GC(89) Concurrent Mark From Roots
[2026-07-01T02:18:04.953+0000][51.738s][info][gc,task     ] GC(89) Using 1 workers of 1 for marking
[2026-07-01T02:18:05.400+0000][52.185s][info][gc,marking  ] GC(89) Concurrent Mark From Roots 446.583ms
[2026-07-01T02:18:05.400+0000][52.185s][info][gc,marking  ] GC(89) Concurrent Preclean
[2026-07-01T02:18:05.400+0000][52.185s][info][gc,marking  ] GC(89) Concurrent Preclean 0.113ms
[2026-07-01T02:18:05.400+0000][52.185s][info][gc,start    ] GC(89) Pause Remark
[2026-07-01T02:18:05.409+0000][52.195s][info][gc          ] GC(89) Pause Remark 240M->240M(285M) 9.312ms
[2026-07-01T02:18:05.409+0000][52.195s][info][gc,cpu      ] GC(89) User=0.02s Sys=0.00s Real=0.01s
[2026-07-01T02:18:05.413+0000][52.198s][info][gc,marking  ] GC(89) Concurrent Mark 460.130ms
[2026-07-01T02:18:05.413+0000][52.199s][info][gc,marking  ] GC(89) Concurrent Rebuild Remembered Sets and Scrub Regions
[2026-07-01T02:18:05.558+0000][52.343s][info][gc,start    ] GC(90) Pause Young (Normal) (G1 Evacuation Pause)
[2026-07-01T02:18:05.558+0000][52.343s][info][gc,task     ] GC(90) Using 2 workers of 2 for evacuation
[2026-07-01T02:18:05.576+0000][52.362s][info][gc,phases   ] GC(90)   Pre Evacuate Collection Set: 0.14ms
[2026-07-01T02:18:05.576+0000][52.362s][info][gc,phases   ] GC(90)   Merge Heap Roots: 0.39ms
[2026-07-01T02:18:05.576+0000][52.362s][info][gc,phases   ] GC(90)   Evacuate Collection Set: 17.16ms
[2026-07-01T02:18:05.576+0000][52.362s][info][gc,phases   ] GC(90)   Post Evacuate Collection Set: 0.48ms
[2026-07-01T02:18:05.576+0000][52.362s][info][gc,phases   ] GC(90)   Other: 0.05ms
[2026-07-01T02:18:05.576+0000][52.362s][info][gc,heap     ] GC(90) Eden regions: 98->0(99)
[2026-07-01T02:18:05.576+0000][52.362s][info][gc,heap     ] GC(90) Survivor regions: 7->7(14)
[2026-07-01T02:18:05.576+0000][52.362s][info][gc,heap     ] GC(90) Old regions: 161->161
[2026-07-01T02:18:05.576+0000][52.362s][info][gc,heap     ] GC(90) Humongous regions: 3->3
[2026-07-01T02:18:05.576+0000][52.362s][info][gc,metaspace] GC(90) Metaspace: 41692K(42560K)->41692K(42560K) NonClass: 36548K(36992K)->36548K(36992K) Class: 5144K(5568K)->5144K(5568K)
[2026-07-01T02:18:05.576+0000][52.362s][info][gc          ] GC(90) Pause Young (Normal) (G1 Evacuation Pause) 268M->170M(285M) 18.383ms
[2026-07-01T02:18:05.576+0000][52.362s][info][gc,cpu      ] GC(90) User=0.04s Sys=0.00s Real=0.02s
[2026-07-01T02:18:05.763+0000][52.549s][info][gc,marking  ] GC(89) Concurrent Rebuild Remembered Sets and Scrub Regions 350.170ms
[2026-07-01T02:18:05.763+0000][52.549s][info][gc,start    ] GC(89) Pause Cleanup
[2026-07-01T02:18:05.764+0000][52.549s][info][gc          ] GC(89) Pause Cleanup 209M->209M(285M) 0.137ms
[2026-07-01T02:18:05.764+0000][52.549s][info][gc,cpu      ] GC(89) User=0.00s Sys=0.00s Real=0.00s
[2026-07-01T02:18:05.764+0000][52.549s][info][gc,marking  ] GC(89) Concurrent Clear Claimed Marks
[2026-07-01T02:18:05.766+0000][52.552s][info][gc,marking  ] GC(89) Concurrent Clear Claimed Marks 2.561ms
[2026-07-01T02:18:05.766+0000][52.552s][info][gc,marking  ] GC(89) Concurrent Cleanup for Next Mark
[2026-07-01T02:18:05.769+0000][52.554s][info][gc,marking  ] GC(89) Concurrent Cleanup for Next Mark 2.666ms
[2026-07-01T02:18:05.769+0000][52.554s][info][gc          ] GC(89) Concurrent Mark Cycle 833.940ms
[2026-07-01T02:18:06.043+0000][52.828s][info][gc,start    ] GC(91) Pause Young (Prepare Mixed) (G1 Evacuation Pause)
[2026-07-01T02:18:06.043+0000][52.828s][info][gc,task     ] GC(91) Using 2 workers of 2 for evacuation
[2026-07-01T02:18:06.057+0000][52.843s][info][gc,phases   ] GC(91)   Pre Evacuate Collection Set: 0.23ms
[2026-07-01T02:18:06.057+0000][52.843s][info][gc,phases   ] GC(91)   Merge Heap Roots: 0.91ms
[2026-07-01T02:18:06.057+0000][52.843s][info][gc,phases   ] GC(91)   Evacuate Collection Set: 12.86ms
[2026-07-01T02:18:06.057+0000][52.843s][info][gc,phases   ] GC(91)   Post Evacuate Collection Set: 0.42ms
[2026-07-01T02:18:06.057+0000][52.843s][info][gc,phases   ] GC(91)   Other: 0.05ms
[2026-07-01T02:18:06.057+0000][52.843s][info][gc,heap     ] GC(91) Eden regions: 99->0(99)
[2026-07-01T02:18:06.057+0000][52.843s][info][gc,heap     ] GC(91) Survivor regions: 7->7(14)
[2026-07-01T02:18:06.057+0000][52.843s][info][gc,heap     ] GC(91) Old regions: 161->161
[2026-07-01T02:18:06.057+0000][52.843s][info][gc,heap     ] GC(91) Humongous regions: 3->3
[2026-07-01T02:18:06.057+0000][52.843s][info][gc,metaspace] GC(91) Metaspace: 41696K(42560K)->41696K(42560K) NonClass: 36552K(36992K)->36552K(36992K) Class: 5144K(5568K)->5144K(5568K)
[2026-07-01T02:18:06.057+0000][52.843s][info][gc          ] GC(91) Pause Young (Prepare Mixed) (G1 Evacuation Pause) 269M->170M(285M) 14.621ms
[2026-07-01T02:18:06.057+0000][52.843s][info][gc,cpu      ] GC(91) User=0.02s Sys=0.00s Real=0.01s
[2026-07-01T02:18:06.803+0000][53.588s][info][gc,start    ] GC(92) Pause Young (Mixed) (G1 Evacuation Pause)
[2026-07-01T02:18:06.803+0000][53.588s][info][gc,task     ] GC(92) Using 2 workers of 2 for evacuation
[2026-07-01T02:18:06.846+0000][53.631s][info][gc,phases   ] GC(92)   Pre Evacuate Collection Set: 0.16ms
[2026-07-01T02:18:06.846+0000][53.631s][info][gc,phases   ] GC(92)   Merge Heap Roots: 0.31ms
[2026-07-01T02:18:06.846+0000][53.631s][info][gc,phases   ] GC(92)   Evacuate Collection Set: 41.78ms
[2026-07-01T02:18:06.846+0000][53.631s][info][gc,phases   ] GC(92)   Post Evacuate Collection Set: 0.47ms
[2026-07-01T02:18:06.846+0000][53.631s][info][gc,phases   ] GC(92)   Other: 0.10ms
[2026-07-01T02:18:06.846+0000][53.631s][info][gc,heap     ] GC(92) Eden regions: 99->0(99)
[2026-07-01T02:18:06.846+0000][53.631s][info][gc,heap     ] GC(92) Survivor regions: 7->7(14)
[2026-07-01T02:18:06.846+0000][53.631s][info][gc,heap     ] GC(92) Old regions: 161->161
[2026-07-01T02:18:06.846+0000][53.631s][info][gc,heap     ] GC(92) Humongous regions: 3->3
[2026-07-01T02:18:06.846+0000][53.631s][info][gc,metaspace] GC(92) Metaspace: 41696K(42560K)->41696K(42560K) NonClass: 36552K(36992K)->36552K(36992K) Class: 5144K(5568K)->5144K(5568K)
[2026-07-01T02:18:06.846+0000][53.631s][info][gc          ] GC(92) Pause Young (Mixed) (G1 Evacuation Pause) 269M->170M(285M) 43.014ms
[2026-07-01T02:18:06.846+0000][53.631s][info][gc,cpu      ] GC(92) User=0.04s Sys=0.00s Real=0.04s
[2026-07-01T02:18:07.633+0000][54.418s][info][gc,start    ] GC(93) Pause Young (Concurrent Start) (G1 Evacuation Pause)
[2026-07-01T02:18:07.633+0000][54.418s][info][gc,task     ] GC(93) Using 2 workers of 2 for evacuation
[2026-07-01T02:18:07.674+0000][54.459s][info][gc,phases   ] GC(93)   Pre Evacuate Collection Set: 0.17ms
[2026-07-01T02:18:07.674+0000][54.459s][info][gc,phases   ] GC(93)   Merge Heap Roots: 0.41ms
[2026-07-01T02:18:07.674+0000][54.459s][info][gc,phases   ] GC(93)   Evacuate Collection Set: 39.58ms
[2026-07-01T02:18:07.674+0000][54.459s][info][gc,phases   ] GC(93)   Post Evacuate Collection Set: 0.64ms
[2026-07-01T02:18:07.674+0000][54.459s][info][gc,phases   ] GC(93)   Other: 0.07ms
[2026-07-01T02:18:07.674+0000][54.459s][info][gc,heap     ] GC(93) Eden regions: 99->0(98)
[2026-07-01T02:18:07.674+0000][54.459s][info][gc,heap     ] GC(93) Survivor regions: 7->7(14)
[2026-07-01T02:18:07.674+0000][54.459s][info][gc,heap     ] GC(93) Old regions: 161->162
[2026-07-01T02:18:07.674+0000][54.459s][info][gc,heap     ] GC(93) Humongous regions: 3->3
[2026-07-01T02:18:07.674+0000][54.459s][info][gc,metaspace] GC(93) Metaspace: 41698K(42560K)->41698K(42560K) NonClass: 36554K(36992K)->36554K(36992K) Class: 5144K(5568K)->5144K(5568K)
[2026-07-01T02:18:07.674+0000][54.459s][info][gc          ] GC(93) Pause Young (Concurrent Start) (G1 Evacuation Pause) 269M->171M(285M) 41.108ms
[2026-07-01T02:18:07.674+0000][54.460s][info][gc          ] GC(94) Concurrent Mark Cycle
[2026-07-01T02:18:07.674+0000][54.460s][info][gc,marking  ] GC(94) Concurrent Scan Root Regions
[2026-07-01T02:18:07.674+0000][54.460s][info][gc,cpu      ] GC(93) User=0.03s Sys=0.00s Real=0.04s
[2026-07-01T02:18:07.689+0000][54.474s][info][gc,marking  ] GC(94) Concurrent Scan Root Regions 14.534ms
[2026-07-01T02:18:07.689+0000][54.474s][info][gc,marking  ] GC(94) Concurrent Mark
[2026-07-01T02:18:07.689+0000][54.474s][info][gc,marking  ] GC(94) Concurrent Mark From Roots
[2026-07-01T02:18:07.689+0000][54.474s][info][gc,task     ] GC(94) Using 1 workers of 1 for marking
[2026-07-01T02:18:08.011+0000][54.796s][info][gc,marking  ] GC(94) Concurrent Mark From Roots 322.086ms
[2026-07-01T02:18:08.011+0000][54.796s][info][gc,marking  ] GC(94) Concurrent Preclean
[2026-07-01T02:18:08.011+0000][54.796s][info][gc,marking  ] GC(94) Concurrent Preclean 0.194ms
[2026-07-01T02:18:08.011+0000][54.797s][info][gc,start    ] GC(94) Pause Remark
[2026-07-01T02:18:08.025+0000][54.810s][info][gc          ] GC(94) Pause Remark 207M->207M(287M) 13.552ms
[2026-07-01T02:18:08.025+0000][54.810s][info][gc,cpu      ] GC(94) User=0.01s Sys=0.00s Real=0.01s
[2026-07-01T02:18:08.026+0000][54.811s][info][gc,marking  ] GC(94) Concurrent Mark 337.226ms
[2026-07-01T02:18:08.026+0000][54.811s][info][gc,marking  ] GC(94) Concurrent Rebuild Remembered Sets and Scrub Regions
[2026-07-01T02:18:08.267+0000][55.053s][info][gc,marking  ] GC(94) Concurrent Rebuild Remembered Sets and Scrub Regions 241.424ms
[2026-07-01T02:18:08.268+0000][55.053s][info][gc,start    ] GC(94) Pause Cleanup
[2026-07-01T02:18:08.268+0000][55.053s][info][gc          ] GC(94) Pause Cleanup 241M->241M(287M) 0.153ms
[2026-07-01T02:18:08.268+0000][55.053s][info][gc,cpu      ] GC(94) User=0.00s Sys=0.00s Real=0.00s
[2026-07-01T02:18:08.269+0000][55.054s][info][gc,marking  ] GC(94) Concurrent Clear Claimed Marks
[2026-07-01T02:18:08.269+0000][55.054s][info][gc,marking  ] GC(94) Concurrent Clear Claimed Marks 0.089ms
[2026-07-01T02:18:08.269+0000][55.054s][info][gc,marking  ] GC(94) Concurrent Cleanup for Next Mark
[2026-07-01T02:18:08.270+0000][55.055s][info][gc,marking  ] GC(94) Concurrent Cleanup for Next Mark 0.934ms
[2026-07-01T02:18:08.270+0000][55.055s][info][gc          ] GC(94) Concurrent Mark Cycle 595.591ms
[2026-07-01T02:18:08.413+0000][55.198s][info][gc,start    ] GC(95) Pause Young (Prepare Mixed) (G1 Evacuation Pause)
[2026-07-01T02:18:08.413+0000][55.198s][info][gc,task     ] GC(95) Using 2 workers of 2 for evacuation
[2026-07-01T02:18:08.431+0000][55.216s][info][gc,phases   ] GC(95)   Pre Evacuate Collection Set: 0.20ms
[2026-07-01T02:18:08.431+0000][55.216s][info][gc,phases   ] GC(95)   Merge Heap Roots: 0.82ms
[2026-07-01T02:18:08.431+0000][55.216s][info][gc,phases   ] GC(95)   Evacuate Collection Set: 16.19ms
[2026-07-01T02:18:08.431+0000][55.216s][info][gc,phases   ] GC(95)   Post Evacuate Collection Set: 0.44ms
[2026-07-01T02:18:08.431+0000][55.216s][info][gc,phases   ] GC(95)   Other: 0.07ms
[2026-07-01T02:18:08.431+0000][55.216s][info][gc,heap     ] GC(95) Eden regions: 98->0(100)
[2026-07-01T02:18:08.431+0000][55.216s][info][gc,heap     ] GC(95) Survivor regions: 7->7(14)
[2026-07-01T02:18:08.431+0000][55.216s][info][gc,heap     ] GC(95) Old regions: 162->162
[2026-07-01T02:18:08.431+0000][55.216s][info][gc,heap     ] GC(95) Humongous regions: 3->3
[2026-07-01T02:18:08.431+0000][55.216s][info][gc,metaspace] GC(95) Metaspace: 41698K(42560K)->41698K(42560K) NonClass: 36554K(36992K)->36554K(36992K) Class: 5144K(5568K)->5144K(5568K)
[2026-07-01T02:18:08.431+0000][55.216s][info][gc          ] GC(95) Pause Young (Prepare Mixed) (G1 Evacuation Pause) 269M->171M(287M) 17.908ms
[2026-07-01T02:18:08.431+0000][55.216s][info][gc,cpu      ] GC(95) User=0.03s Sys=0.00s Real=0.02s
[2026-07-01T02:18:08.885+0000][55.670s][info][gc,start    ] GC(96) Pause Young (Mixed) (G1 Evacuation Pause)
[2026-07-01T02:18:08.885+0000][55.670s][info][gc,task     ] GC(96) Using 2 workers of 2 for evacuation
[2026-07-01T02:18:08.905+0000][55.690s][info][gc,phases   ] GC(96)   Pre Evacuate Collection Set: 0.21ms
[2026-07-01T02:18:08.905+0000][55.690s][info][gc,phases   ] GC(96)   Merge Heap Roots: 0.51ms
[2026-07-01T02:18:08.905+0000][55.690s][info][gc,phases   ] GC(96)   Evacuate Collection Set: 18.91ms
[2026-07-01T02:18:08.905+0000][55.690s][info][gc,phases   ] GC(96)   Post Evacuate Collection Set: 0.36ms
[2026-07-01T02:18:08.905+0000][55.690s][info][gc,phases   ] GC(96)   Other: 0.05ms
[2026-07-01T02:18:08.905+0000][55.690s][info][gc,heap     ] GC(96) Eden regions: 100->0(100)
[2026-07-01T02:18:08.905+0000][55.690s][info][gc,heap     ] GC(96) Survivor regions: 7->7(14)
[2026-07-01T02:18:08.905+0000][55.690s][info][gc,heap     ] GC(96) Old regions: 162->162
[2026-07-01T02:18:08.905+0000][55.690s][info][gc,heap     ] GC(96) Humongous regions: 3->3
[2026-07-01T02:18:08.905+0000][55.690s][info][gc,metaspace] GC(96) Metaspace: 41698K(42560K)->41698K(42560K) NonClass: 36554K(36992K)->36554K(36992K) Class: 5144K(5568K)->5144K(5568K)
[2026-07-01T02:18:08.905+0000][55.690s][info][gc          ] GC(96) Pause Young (Mixed) (G1 Evacuation Pause) 271M->171M(287M) 20.196ms
[2026-07-01T02:18:08.905+0000][55.690s][info][gc,cpu      ] GC(96) User=0.04s Sys=0.00s Real=0.02s
[2026-07-01T02:18:09.381+0000][56.166s][info][gc,start    ] GC(97) Pause Young (Concurrent Start) (G1 Evacuation Pause)
[2026-07-01T02:18:09.381+0000][56.166s][info][gc,task     ] GC(97) Using 2 workers of 2 for evacuation
[2026-07-01T02:18:09.395+0000][56.181s][info][gc,phases   ] GC(97)   Pre Evacuate Collection Set: 0.17ms
[2026-07-01T02:18:09.395+0000][56.181s][info][gc,phases   ] GC(97)   Merge Heap Roots: 0.32ms
[2026-07-01T02:18:09.395+0000][56.181s][info][gc,phases   ] GC(97)   Evacuate Collection Set: 13.51ms
[2026-07-01T02:18:09.395+0000][56.181s][info][gc,phases   ] GC(97)   Post Evacuate Collection Set: 0.37ms
[2026-07-01T02:18:09.395+0000][56.181s][info][gc,phases   ] GC(97)   Other: 0.07ms
[2026-07-01T02:18:09.395+0000][56.181s][info][gc,heap     ] GC(97) Eden regions: 100->0(99)
[2026-07-01T02:18:09.395+0000][56.181s][info][gc,heap     ] GC(97) Survivor regions: 7->7(14)
[2026-07-01T02:18:09.395+0000][56.181s][info][gc,heap     ] GC(97) Old regions: 162->163
[2026-07-01T02:18:09.395+0000][56.181s][info][gc,heap     ] GC(97) Humongous regions: 3->3
[2026-07-01T02:18:09.395+0000][56.181s][info][gc,metaspace] GC(97) Metaspace: 41700K(42560K)->41700K(42560K) NonClass: 36555K(36992K)->36555K(36992K) Class: 5144K(5568K)->5144K(5568K)
[2026-07-01T02:18:09.395+0000][56.181s][info][gc          ] GC(97) Pause Young (Concurrent Start) (G1 Evacuation Pause) 271M->171M(287M) 14.616ms
[2026-07-01T02:18:09.395+0000][56.181s][info][gc          ] GC(98) Concurrent Mark Cycle
[2026-07-01T02:18:09.395+0000][56.181s][info][gc,marking  ] GC(98) Concurrent Scan Root Regions
[2026-07-01T02:18:09.395+0000][56.181s][info][gc,cpu      ] GC(97) User=0.02s Sys=0.00s Real=0.01s
[2026-07-01T02:18:09.411+0000][56.196s][info][gc,marking  ] GC(98) Concurrent Scan Root Regions 15.215ms
[2026-07-01T02:18:09.411+0000][56.196s][info][gc,marking  ] GC(98) Concurrent Mark
[2026-07-01T02:18:09.411+0000][56.196s][info][gc,marking  ] GC(98) Concurrent Mark From Roots
[2026-07-01T02:18:09.411+0000][56.196s][info][gc,task     ] GC(98) Using 1 workers of 1 for marking
[2026-07-01T02:18:09.897+0000][56.682s][info][gc,marking  ] GC(98) Concurrent Mark From Roots 485.905ms
[2026-07-01T02:18:09.897+0000][56.682s][info][gc,marking  ] GC(98) Concurrent Preclean
[2026-07-01T02:18:09.897+0000][56.682s][info][gc,marking  ] GC(98) Concurrent Preclean 0.074ms
[2026-07-01T02:18:09.897+0000][56.682s][info][gc,start    ] GC(98) Pause Remark
[2026-07-01T02:18:09.905+0000][56.691s][info][gc          ] GC(98) Pause Remark 258M->258M(289M) 8.549ms
[2026-07-01T02:18:09.905+0000][56.691s][info][gc,cpu      ] GC(98) User=0.01s Sys=0.00s Real=0.01s
[2026-07-01T02:18:09.908+0000][56.694s][info][gc,marking  ] GC(98) Concurrent Mark 497.877ms
[2026-07-01T02:18:09.908+0000][56.694s][info][gc,marking  ] GC(98) Concurrent Rebuild Remembered Sets and Scrub Regions
[2026-07-01T02:18:09.975+0000][56.760s][info][gc,start    ] GC(99) Pause Young (Normal) (G1 Evacuation Pause)
[2026-07-01T02:18:09.975+0000][56.760s][info][gc,task     ] GC(99) Using 2 workers of 2 for evacuation
[2026-07-01T02:18:09.994+0000][56.780s][info][gc,phases   ] GC(99)   Pre Evacuate Collection Set: 0.16ms
[2026-07-01T02:18:09.994+0000][56.780s][info][gc,phases   ] GC(99)   Merge Heap Roots: 0.28ms
[2026-07-01T02:18:09.994+0000][56.780s][info][gc,phases   ] GC(99)   Evacuate Collection Set: 18.12ms
[2026-07-01T02:18:09.994+0000][56.780s][info][gc,phases   ] GC(99)   Post Evacuate Collection Set: 0.64ms
[2026-07-01T02:18:09.994+0000][56.780s][info][gc,phases   ] GC(99)   Other: 0.05ms
[2026-07-01T02:18:09.994+0000][56.780s][info][gc,heap     ] GC(99) Eden regions: 99->0(101)
[2026-07-01T02:18:09.994+0000][56.780s][info][gc,heap     ] GC(99) Survivor regions: 7->7(14)
[2026-07-01T02:18:09.994+0000][56.780s][info][gc,heap     ] GC(99) Old regions: 163->163
[2026-07-01T02:18:09.994+0000][56.780s][info][gc,heap     ] GC(99) Humongous regions: 3->3
[2026-07-01T02:18:09.994+0000][56.780s][info][gc,metaspace] GC(99) Metaspace: 41700K(42560K)->41700K(42560K) NonClass: 36555K(36992K)->36555K(36992K) Class: 5144K(5568K)->5144K(5568K)
[2026-07-01T02:18:09.994+0000][56.780s][info][gc          ] GC(99) Pause Young (Normal) (G1 Evacuation Pause) 270M->172M(289M) 19.420ms
[2026-07-01T02:18:09.994+0000][56.780s][info][gc,cpu      ] GC(99) User=0.04s Sys=0.00s Real=0.02s
[2026-07-01T02:18:10.191+0000][56.977s][info][gc,marking  ] GC(98) Concurrent Rebuild Remembered Sets and Scrub Regions 282.883ms
[2026-07-01T02:18:10.192+0000][56.977s][info][gc,start    ] GC(98) Pause Cleanup
[2026-07-01T02:18:10.192+0000][56.977s][info][gc          ] GC(98) Pause Cleanup 210M->210M(289M) 0.191ms
[2026-07-01T02:18:10.192+0000][56.977s][info][gc,cpu      ] GC(98) User=0.00s Sys=0.00s Real=0.00s
[2026-07-01T02:18:10.192+0000][56.977s][info][gc,marking  ] GC(98) Concurrent Clear Claimed Marks
[2026-07-01T02:18:10.193+0000][56.978s][info][gc,marking  ] GC(98) Concurrent Clear Claimed Marks 0.486ms
[2026-07-01T02:18:10.193+0000][56.978s][info][gc,marking  ] GC(98) Concurrent Cleanup for Next Mark
[2026-07-01T02:18:10.193+0000][56.979s][info][gc,marking  ] GC(98) Concurrent Cleanup for Next Mark 0.667ms
[2026-07-01T02:18:10.193+0000][56.979s][info][gc          ] GC(98) Concurrent Mark Cycle 798.021ms
[2026-07-01T02:18:10.500+0000][57.286s][info][gc,start    ] GC(100) Pause Young (Prepare Mixed) (G1 Evacuation Pause)
[2026-07-01T02:18:10.500+0000][57.286s][info][gc,task     ] GC(100) Using 2 workers of 2 for evacuation
[2026-07-01T02:18:10.520+0000][57.305s][info][gc,phases   ] GC(100)   Pre Evacuate Collection Set: 0.19ms
[2026-07-01T02:18:10.520+0000][57.305s][info][gc,phases   ] GC(100)   Merge Heap Roots: 0.79ms
[2026-07-01T02:18:10.520+0000][57.305s][info][gc,phases   ] GC(100)   Evacuate Collection Set: 17.65ms
[2026-07-01T02:18:10.520+0000][57.305s][info][gc,phases   ] GC(100)   Post Evacuate Collection Set: 0.52ms
[2026-07-01T02:18:10.520+0000][57.305s][info][gc,phases   ] GC(100)   Other: 0.06ms
[2026-07-01T02:18:10.520+0000][57.305s][info][gc,heap     ] GC(100) Eden regions: 101->0(101)
[2026-07-01T02:18:10.520+0000][57.305s][info][gc,heap     ] GC(100) Survivor regions: 7->7(14)
[2026-07-01T02:18:10.520+0000][57.305s][info][gc,heap     ] GC(100) Old regions: 163->163
[2026-07-01T02:18:10.520+0000][57.305s][info][gc,heap     ] GC(100) Humongous regions: 3->3
[2026-07-01T02:18:10.520+0000][57.305s][info][gc,metaspace] GC(100) Metaspace: 41700K(42560K)->41700K(42560K) NonClass: 36555K(36992K)->36555K(36992K) Class: 5144K(5568K)->5144K(5568K)
[2026-07-01T02:18:10.520+0000][57.305s][info][gc          ] GC(100) Pause Young (Prepare Mixed) (G1 Evacuation Pause) 273M->172M(289M) 19.380ms
[2026-07-01T02:18:10.520+0000][57.305s][info][gc,cpu      ] GC(100) User=0.03s Sys=0.01s Real=0.02s
[2026-07-01T02:18:10.994+0000][57.780s][info][gc,start    ] GC(101) Pause Young (Mixed) (G1 Evacuation Pause)
[2026-07-01T02:18:10.994+0000][57.780s][info][gc,task     ] GC(101) Using 2 workers of 2 for evacuation
[2026-07-01T02:18:11.014+0000][57.799s][info][gc,phases   ] GC(101)   Pre Evacuate Collection Set: 0.20ms
[2026-07-01T02:18:11.014+0000][57.799s][info][gc,phases   ] GC(101)   Merge Heap Roots: 0.52ms
[2026-07-01T02:18:11.014+0000][57.799s][info][gc,phases   ] GC(101)   Evacuate Collection Set: 18.57ms
[2026-07-01T02:18:11.014+0000][57.799s][info][gc,phases   ] GC(101)   Post Evacuate Collection Set: 0.50ms
[2026-07-01T02:18:11.014+0000][57.799s][info][gc,phases   ] GC(101)   Other: 0.06ms
[2026-07-01T02:18:11.014+0000][57.800s][info][gc,heap     ] GC(101) Eden regions: 101->0(100)
[2026-07-01T02:18:11.014+0000][57.800s][info][gc,heap     ] GC(101) Survivor regions: 7->7(14)
[2026-07-01T02:18:11.014+0000][57.800s][info][gc,heap     ] GC(101) Old regions: 163->164
[2026-07-01T02:18:11.014+0000][57.800s][info][gc,heap     ] GC(101) Humongous regions: 3->3
[2026-07-01T02:18:11.014+0000][57.800s][info][gc,metaspace] GC(101) Metaspace: 41700K(42560K)->41700K(42560K) NonClass: 36555K(36992K)->36555K(36992K) Class: 5144K(5568K)->5144K(5568K)
[2026-07-01T02:18:11.014+0000][57.800s][info][gc          ] GC(101) Pause Young (Mixed) (G1 Evacuation Pause) 273M->173M(289M) 20.005ms
[2026-07-01T02:18:11.014+0000][57.800s][info][gc,cpu      ] GC(101) User=0.04s Sys=0.00s Real=0.02s
[2026-07-01T02:18:11.603+0000][58.388s][info][gc,start    ] GC(102) Pause Young (Concurrent Start) (G1 Evacuation Pause)
[2026-07-01T02:18:11.603+0000][58.388s][info][gc,task     ] GC(102) Using 2 workers of 2 for evacuation
[2026-07-01T02:18:11.628+0000][58.413s][info][gc,phases   ] GC(102)   Pre Evacuate Collection Set: 0.20ms
[2026-07-01T02:18:11.628+0000][58.413s][info][gc,phases   ] GC(102)   Merge Heap Roots: 0.22ms
[2026-07-01T02:18:11.628+0000][58.413s][info][gc,phases   ] GC(102)   Evacuate Collection Set: 24.05ms
[2026-07-01T02:18:11.628+0000][58.413s][info][gc,phases   ] GC(102)   Post Evacuate Collection Set: 0.39ms
[2026-07-01T02:18:11.628+0000][58.413s][info][gc,phases   ] GC(102)   Other: 0.06ms
[2026-07-01T02:18:11.628+0000][58.413s][info][gc,heap     ] GC(102) Eden regions: 100->0(100)
[2026-07-01T02:18:11.628+0000][58.413s][info][gc,heap     ] GC(102) Survivor regions: 7->7(14)
[2026-07-01T02:18:11.628+0000][58.413s][info][gc,heap     ] GC(102) Old regions: 164->164
[2026-07-01T02:18:11.628+0000][58.413s][info][gc,heap     ] GC(102) Humongous regions: 3->3
[2026-07-01T02:18:11.628+0000][58.413s][info][gc,metaspace] GC(102) Metaspace: 41705K(42560K)->41705K(42560K) NonClass: 36561K(36992K)->36561K(36992K) Class: 5144K(5568K)->5144K(5568K)
[2026-07-01T02:18:11.628+0000][58.413s][info][gc          ] GC(102) Pause Young (Concurrent Start) (G1 Evacuation Pause) 273M->173M(289M) 25.161ms
[2026-07-01T02:18:11.628+0000][58.413s][info][gc,cpu      ] GC(102) User=0.03s Sys=0.00s Real=0.03s
[2026-07-01T02:18:11.628+0000][58.413s][info][gc          ] GC(103) Concurrent Mark Cycle
[2026-07-01T02:18:11.628+0000][58.414s][info][gc,marking  ] GC(103) Concurrent Scan Root Regions
[2026-07-01T02:18:11.642+0000][58.427s][info][gc,marking  ] GC(103) Concurrent Scan Root Regions 13.948ms
[2026-07-01T02:18:11.642+0000][58.428s][info][gc,marking  ] GC(103) Concurrent Mark
[2026-07-01T02:18:11.642+0000][58.428s][info][gc,marking  ] GC(103) Concurrent Mark From Roots
[2026-07-01T02:18:11.642+0000][58.428s][info][gc,task     ] GC(103) Using 1 workers of 1 for marking
[2026-07-01T02:18:11.983+0000][58.768s][info][gc,marking  ] GC(103) Concurrent Mark From Roots 340.919ms
[2026-07-01T02:18:11.983+0000][58.768s][info][gc,marking  ] GC(103) Concurrent Preclean
[2026-07-01T02:18:11.983+0000][58.769s][info][gc,marking  ] GC(103) Concurrent Preclean 0.089ms
[2026-07-01T02:18:11.983+0000][58.769s][info][gc,start    ] GC(103) Pause Remark
[2026-07-01T02:18:11.994+0000][58.779s][info][gc          ] GC(103) Pause Remark 208M->208M(290M) 10.306ms
[2026-07-01T02:18:11.994+0000][58.779s][info][gc,cpu      ] GC(103) User=0.02s Sys=0.00s Real=0.01s
[2026-07-01T02:18:11.995+0000][58.781s][info][gc,marking  ] GC(103) Concurrent Mark 352.984ms
[2026-07-01T02:18:11.995+0000][58.781s][info][gc,marking  ] GC(103) Concurrent Rebuild Remembered Sets and Scrub Regions
[2026-07-01T02:18:12.169+0000][58.954s][info][gc,marking  ] GC(103) Concurrent Rebuild Remembered Sets and Scrub Regions 173.742ms
[2026-07-01T02:18:12.169+0000][58.954s][info][gc,start    ] GC(103) Pause Cleanup
[2026-07-01T02:18:12.169+0000][58.955s][info][gc          ] GC(103) Pause Cleanup 229M->229M(290M) 0.153ms
[2026-07-01T02:18:12.169+0000][58.955s][info][gc,cpu      ] GC(103) User=0.00s Sys=0.00s Real=0.00s
[2026-07-01T02:18:12.170+0000][58.955s][info][gc,marking  ] GC(103) Concurrent Clear Claimed Marks
[2026-07-01T02:18:12.170+0000][58.955s][info][gc,marking  ] GC(103) Concurrent Clear Claimed Marks 0.100ms
[2026-07-01T02:18:12.170+0000][58.955s][info][gc,marking  ] GC(103) Concurrent Cleanup for Next Mark
[2026-07-01T02:18:12.171+0000][58.957s][info][gc,marking  ] GC(103) Concurrent Cleanup for Next Mark 1.423ms
[2026-07-01T02:18:12.171+0000][58.957s][info][gc          ] GC(103) Concurrent Mark Cycle 543.150ms
[2026-07-01T02:18:12.499+0000][59.285s][info][gc,start    ] GC(104) Pause Young (Prepare Mixed) (G1 Evacuation Pause)
[2026-07-01T02:18:12.499+0000][59.285s][info][gc,task     ] GC(104) Using 2 workers of 2 for evacuation
[2026-07-01T02:18:12.521+0000][59.306s][info][gc,phases   ] GC(104)   Pre Evacuate Collection Set: 0.21ms
[2026-07-01T02:18:12.521+0000][59.306s][info][gc,phases   ] GC(104)   Merge Heap Roots: 0.76ms
[2026-07-01T02:18:12.521+0000][59.306s][info][gc,phases   ] GC(104)   Evacuate Collection Set: 19.81ms
[2026-07-01T02:18:12.521+0000][59.306s][info][gc,phases   ] GC(104)   Post Evacuate Collection Set: 0.43ms
[2026-07-01T02:18:12.521+0000][59.306s][info][gc,phases   ] GC(104)   Other: 0.06ms
[2026-07-01T02:18:12.521+0000][59.306s][info][gc,heap     ] GC(104) Eden regions: 100->0(101)
[2026-07-01T02:18:12.521+0000][59.306s][info][gc,heap     ] GC(104) Survivor regions: 7->7(14)
[2026-07-01T02:18:12.521+0000][59.306s][info][gc,heap     ] GC(104) Old regions: 164->164
[2026-07-01T02:18:12.521+0000][59.306s][info][gc,heap     ] GC(104) Humongous regions: 3->3
[2026-07-01T02:18:12.521+0000][59.306s][info][gc,metaspace] GC(104) Metaspace: 41705K(42560K)->41705K(42560K) NonClass: 36561K(36992K)->36561K(36992K) Class: 5144K(5568K)->5144K(5568K)
[2026-07-01T02:18:12.521+0000][59.306s][info][gc          ] GC(104) Pause Young (Prepare Mixed) (G1 Evacuation Pause) 273M->173M(290M) 21.469ms
[2026-07-01T02:18:12.521+0000][59.306s][info][gc,cpu      ] GC(104) User=0.04s Sys=0.00s Real=0.02s
[2026-07-01T02:18:13.273+0000][60.058s][info][gc,start    ] GC(105) Pause Young (Mixed) (G1 Evacuation Pause)
[2026-07-01T02:18:13.273+0000][60.058s][info][gc,task     ] GC(105) Using 2 workers of 2 for evacuation
[2026-07-01T02:18:13.293+0000][60.079s][info][gc,phases   ] GC(105)   Pre Evacuate Collection Set: 0.12ms
[2026-07-01T02:18:13.293+0000][60.079s][info][gc,phases   ] GC(105)   Merge Heap Roots: 0.33ms
[2026-07-01T02:18:13.293+0000][60.079s][info][gc,phases   ] GC(105)   Evacuate Collection Set: 19.58ms
[2026-07-01T02:18:13.293+0000][60.079s][info][gc,phases   ] GC(105)   Post Evacuate Collection Set: 0.45ms
[2026-07-01T02:18:13.293+0000][60.079s][info][gc,phases   ] GC(105)   Other: 0.08ms
[2026-07-01T02:18:13.293+0000][60.079s][info][gc,heap     ] GC(105) Eden regions: 101->0(101)
[2026-07-01T02:18:13.293+0000][60.079s][info][gc,heap     ] GC(105) Survivor regions: 7->7(14)
[2026-07-01T02:18:13.293+0000][60.079s][info][gc,heap     ] GC(105) Old regions: 164->164
[2026-07-01T02:18:13.293+0000][60.079s][info][gc,heap     ] GC(105) Humongous regions: 3->3
[2026-07-01T02:18:13.293+0000][60.079s][info][gc,metaspace] GC(105) Metaspace: 41707K(42560K)->41707K(42560K) NonClass: 36563K(36992K)->36563K(36992K) Class: 5144K(5568K)->5144K(5568K)
[2026-07-01T02:18:13.293+0000][60.079s][info][gc          ] GC(105) Pause Young (Mixed) (G1 Evacuation Pause) 274M->173M(290M) 20.750ms
[2026-07-01T02:18:13.293+0000][60.079s][info][gc,cpu      ] GC(105) User=0.04s Sys=0.00s Real=0.02s
[2026-07-01T02:18:14.102+0000][60.888s][info][gc,start    ] GC(106) Pause Young (Concurrent Start) (G1 Evacuation Pause)
[2026-07-01T02:18:14.103+0000][60.888s][info][gc,task     ] GC(106) Using 2 workers of 2 for evacuation
[2026-07-01T02:18:14.120+0000][60.905s][info][gc,phases   ] GC(106)   Pre Evacuate Collection Set: 0.21ms
[2026-07-01T02:18:14.120+0000][60.906s][info][gc,phases   ] GC(106)   Merge Heap Roots: 0.23ms
[2026-07-01T02:18:14.120+0000][60.906s][info][gc,phases   ] GC(106)   Evacuate Collection Set: 16.68ms
[2026-07-01T02:18:14.120+0000][60.906s][info][gc,phases   ] GC(106)   Post Evacuate Collection Set: 0.41ms
[2026-07-01T02:18:14.120+0000][60.906s][info][gc,phases   ] GC(106)   Other: 0.07ms
[2026-07-01T02:18:14.120+0000][60.906s][info][gc,heap     ] GC(106) Eden regions: 101->0(100)
[2026-07-01T02:18:14.120+0000][60.906s][info][gc,heap     ] GC(106) Survivor regions: 7->7(14)
[2026-07-01T02:18:14.120+0000][60.906s][info][gc,heap     ] GC(106) Old regions: 164->165
[2026-07-01T02:18:14.120+0000][60.906s][info][gc,heap     ] GC(106) Humongous regions: 3->3
[2026-07-01T02:18:14.120+0000][60.906s][info][gc,metaspace] GC(106) Metaspace: 41719K(42560K)->41719K(42560K) NonClass: 36575K(36992K)->36575K(36992K) Class: 5144K(5568K)->5144K(5568K)
[2026-07-01T02:18:14.120+0000][60.906s][info][gc          ] GC(106) Pause Young (Concurrent Start) (G1 Evacuation Pause) 274M->174M(290M) 17.788ms
[2026-07-01T02:18:14.120+0000][60.906s][info][gc          ] GC(107) Concurrent Mark Cycle
[2026-07-01T02:18:14.120+0000][60.906s][info][gc,marking  ] GC(107) Concurrent Scan Root Regions
[2026-07-01T02:18:14.121+0000][60.906s][info][gc,cpu      ] GC(106) User=0.04s Sys=0.00s Real=0.02s
[2026-07-01T02:18:14.140+0000][60.925s][info][gc,marking  ] GC(107) Concurrent Scan Root Regions 19.691ms
[2026-07-01T02:18:14.140+0000][60.925s][info][gc,marking  ] GC(107) Concurrent Mark
[2026-07-01T02:18:14.140+0000][60.925s][info][gc,marking  ] GC(107) Concurrent Mark From Roots
[2026-07-01T02:18:14.140+0000][60.925s][info][gc,task     ] GC(107) Using 1 workers of 1 for marking
[2026-07-01T02:18:14.642+0000][61.428s][info][gc,marking  ] GC(107) Concurrent Mark From Roots 502.398ms
[2026-07-01T02:18:14.642+0000][61.428s][info][gc,marking  ] GC(107) Concurrent Preclean
[2026-07-01T02:18:14.643+0000][61.428s][info][gc,marking  ] GC(107) Concurrent Preclean 0.085ms
[2026-07-01T02:18:14.643+0000][61.428s][info][gc,start    ] GC(107) Pause Remark
[2026-07-01T02:18:14.651+0000][61.436s][info][gc          ] GC(107) Pause Remark 249M->249M(292M) 8.353ms
[2026-07-01T02:18:14.651+0000][61.437s][info][gc,cpu      ] GC(107) User=0.02s Sys=0.00s Real=0.01s
[2026-07-01T02:18:14.655+0000][61.441s][info][gc,marking  ] GC(107) Concurrent Mark 515.130ms
[2026-07-01T02:18:14.655+0000][61.441s][info][gc,marking  ] GC(107) Concurrent Rebuild Remembered Sets and Scrub Regions
[2026-07-01T02:18:14.807+0000][61.592s][info][gc,start    ] GC(108) Pause Young (Normal) (G1 Evacuation Pause)
[2026-07-01T02:18:14.807+0000][61.592s][info][gc,task     ] GC(108) Using 2 workers of 2 for evacuation
[2026-07-01T02:18:14.822+0000][61.607s][info][gc,phases   ] GC(108)   Pre Evacuate Collection Set: 0.17ms
[2026-07-01T02:18:14.822+0000][61.607s][info][gc,phases   ] GC(108)   Merge Heap Roots: 0.65ms
[2026-07-01T02:18:14.822+0000][61.607s][info][gc,phases   ] GC(108)   Evacuate Collection Set: 13.31ms
[2026-07-01T02:18:14.822+0000][61.607s][info][gc,phases   ] GC(108)   Post Evacuate Collection Set: 0.43ms
[2026-07-01T02:18:14.822+0000][61.607s][info][gc,phases   ] GC(108)   Other: 0.15ms
[2026-07-01T02:18:14.822+0000][61.607s][info][gc,heap     ] GC(108) Eden regions: 99->0(101)
[2026-07-01T02:18:14.822+0000][61.607s][info][gc,heap     ] GC(108) Survivor regions: 7->7(14)
[2026-07-01T02:18:14.822+0000][61.607s][info][gc,heap     ] GC(108) Old regions: 165->165
[2026-07-01T02:18:14.822+0000][61.607s][info][gc,heap     ] GC(108) Humongous regions: 3->3
[2026-07-01T02:18:14.822+0000][61.607s][info][gc,metaspace] GC(108) Metaspace: 41719K(42560K)->41719K(42560K) NonClass: 36575K(36992K)->36575K(36992K) Class: 5144K(5568K)->5144K(5568K)
[2026-07-01T02:18:14.822+0000][61.607s][info][gc          ] GC(108) Pause Young (Normal) (G1 Evacuation Pause) 273M->174M(292M) 14.875ms
[2026-07-01T02:18:14.822+0000][61.607s][info][gc,cpu      ] GC(108) User=0.02s Sys=0.00s Real=0.02s
[2026-07-01T02:18:14.871+0000][61.656s][info][gc,marking  ] GC(107) Concurrent Rebuild Remembered Sets and Scrub Regions 215.366ms
[2026-07-01T02:18:14.871+0000][61.656s][info][gc,start    ] GC(107) Pause Cleanup
[2026-07-01T02:18:14.871+0000][61.656s][info][gc          ] GC(107) Pause Cleanup 183M->183M(292M) 0.180ms
[2026-07-01T02:18:14.871+0000][61.656s][info][gc,cpu      ] GC(107) User=0.00s Sys=0.00s Real=0.00s
[2026-07-01T02:18:14.872+0000][61.657s][info][gc,marking  ] GC(107) Concurrent Clear Claimed Marks
[2026-07-01T02:18:14.872+0000][61.657s][info][gc,marking  ] GC(107) Concurrent Clear Claimed Marks 0.095ms
[2026-07-01T02:18:14.872+0000][61.657s][info][gc,marking  ] GC(107) Concurrent Cleanup for Next Mark
[2026-07-01T02:18:14.872+0000][61.658s][info][gc,marking  ] GC(107) Concurrent Cleanup for Next Mark 0.626ms
[2026-07-01T02:18:14.872+0000][61.658s][info][gc          ] GC(107) Concurrent Mark Cycle 752.159ms
[2026-07-01T02:18:15.319+0000][62.104s][info][gc,start    ] GC(109) Pause Young (Prepare Mixed) (G1 Evacuation Pause)
[2026-07-01T02:18:15.319+0000][62.104s][info][gc,task     ] GC(109) Using 2 workers of 2 for evacuation
[2026-07-01T02:18:15.333+0000][62.118s][info][gc,phases   ] GC(109)   Pre Evacuate Collection Set: 0.20ms
[2026-07-01T02:18:15.333+0000][62.118s][info][gc,phases   ] GC(109)   Merge Heap Roots: 0.48ms
[2026-07-01T02:18:15.333+0000][62.118s][info][gc,phases   ] GC(109)   Evacuate Collection Set: 12.68ms
[2026-07-01T02:18:15.333+0000][62.118s][info][gc,phases   ] GC(109)   Post Evacuate Collection Set: 0.35ms
[2026-07-01T02:18:15.333+0000][62.118s][info][gc,phases   ] GC(109)   Other: 0.05ms
[2026-07-01T02:18:15.333+0000][62.118s][info][gc,heap     ] GC(109) Eden regions: 101->0(100)
[2026-07-01T02:18:15.333+0000][62.118s][info][gc,heap     ] GC(109) Survivor regions: 7->7(14)
[2026-07-01T02:18:15.333+0000][62.118s][info][gc,heap     ] GC(109) Old regions: 165->166
[2026-07-01T02:18:15.333+0000][62.118s][info][gc,heap     ] GC(109) Humongous regions: 3->3
[2026-07-01T02:18:15.333+0000][62.118s][info][gc,metaspace] GC(109) Metaspace: 41724K(42560K)->41724K(42560K) NonClass: 36580K(36992K)->36580K(36992K) Class: 5144K(5568K)->5144K(5568K)
[2026-07-01T02:18:15.333+0000][62.118s][info][gc          ] GC(109) Pause Young (Prepare Mixed) (G1 Evacuation Pause) 275M->175M(292M) 13.929ms
[2026-07-01T02:18:15.333+0000][62.118s][info][gc,cpu      ] GC(109) User=0.03s Sys=0.00s Real=0.01s
[2026-07-01T02:18:15.799+0000][62.584s][info][gc,start    ] GC(110) Pause Young (Mixed) (G1 Evacuation Pause)
[2026-07-01T02:18:15.799+0000][62.584s][info][gc,task     ] GC(110) Using 2 workers of 2 for evacuation
[2026-07-01T02:18:15.820+0000][62.605s][info][gc,phases   ] GC(110)   Pre Evacuate Collection Set: 0.16ms
[2026-07-01T02:18:15.820+0000][62.605s][info][gc,phases   ] GC(110)   Merge Heap Roots: 0.36ms
[2026-07-01T02:18:15.820+0000][62.605s][info][gc,phases   ] GC(110)   Evacuate Collection Set: 19.99ms
[2026-07-01T02:18:15.820+0000][62.605s][info][gc,phases   ] GC(110)   Post Evacuate Collection Set: 0.43ms
[2026-07-01T02:18:15.820+0000][62.605s][info][gc,phases   ] GC(110)   Other: 0.05ms
[2026-07-01T02:18:15.820+0000][62.605s][info][gc,heap     ] GC(110) Eden regions: 100->0(100)
[2026-07-01T02:18:15.820+0000][62.605s][info][gc,heap     ] GC(110) Survivor regions: 7->7(14)
[2026-07-01T02:18:15.820+0000][62.605s][info][gc,heap     ] GC(110) Old regions: 166->166
[2026-07-01T02:18:15.820+0000][62.605s][info][gc,heap     ] GC(110) Humongous regions: 3->3
[2026-07-01T02:18:15.820+0000][62.605s][info][gc,metaspace] GC(110) Metaspace: 41724K(42560K)->41724K(42560K) NonClass: 36580K(36992K)->36580K(36992K) Class: 5144K(5568K)->5144K(5568K)
[2026-07-01T02:18:15.820+0000][62.605s][info][gc          ] GC(110) Pause Young (Mixed) (G1 Evacuation Pause) 275M->174M(292M) 21.141ms
[2026-07-01T02:18:15.820+0000][62.605s][info][gc,cpu      ] GC(110) User=0.04s Sys=0.00s Real=0.02s
[2026-07-01T02:18:16.318+0000][63.103s][info][gc,start    ] GC(111) Pause Young (Concurrent Start) (G1 Evacuation Pause)
[2026-07-01T02:18:16.318+0000][63.103s][info][gc,task     ] GC(111) Using 2 workers of 2 for evacuation
[2026-07-01T02:18:16.330+0000][63.116s][info][gc,phases   ] GC(111)   Pre Evacuate Collection Set: 0.19ms
[2026-07-01T02:18:16.330+0000][63.116s][info][gc,phases   ] GC(111)   Merge Heap Roots: 0.41ms
[2026-07-01T02:18:16.330+0000][63.116s][info][gc,phases   ] GC(111)   Evacuate Collection Set: 11.67ms
[2026-07-01T02:18:16.330+0000][63.116s][info][gc,phases   ] GC(111)   Post Evacuate Collection Set: 0.38ms
[2026-07-01T02:18:16.330+0000][63.116s][info][gc,phases   ] GC(111)   Other: 0.11ms
[2026-07-01T02:18:16.330+0000][63.116s][info][gc,heap     ] GC(111) Eden regions: 100->0(100)
[2026-07-01T02:18:16.330+0000][63.116s][info][gc,heap     ] GC(111) Survivor regions: 7->7(14)
[2026-07-01T02:18:16.330+0000][63.116s][info][gc,heap     ] GC(111) Old regions: 166->166
[2026-07-01T02:18:16.330+0000][63.116s][info][gc,heap     ] GC(111) Humongous regions: 3->3
[2026-07-01T02:18:16.330+0000][63.116s][info][gc,metaspace] GC(111) Metaspace: 41725K(42560K)->41725K(42560K) NonClass: 36581K(36992K)->36581K(36992K) Class: 5144K(5568K)->5144K(5568K)
[2026-07-01T02:18:16.330+0000][63.116s][info][gc          ] GC(111) Pause Young (Concurrent Start) (G1 Evacuation Pause) 274M->175M(292M) 12.910ms
[2026-07-01T02:18:16.331+0000][63.116s][info][gc          ] GC(112) Concurrent Mark Cycle
[2026-07-01T02:18:16.331+0000][63.116s][info][gc,marking  ] GC(112) Concurrent Scan Root Regions
[2026-07-01T02:18:16.331+0000][63.116s][info][gc,cpu      ] GC(111) User=0.03s Sys=0.00s Real=0.02s
[2026-07-01T02:18:16.343+0000][63.129s][info][gc,marking  ] GC(112) Concurrent Scan Root Regions 12.869ms
[2026-07-01T02:18:16.343+0000][63.129s][info][gc,marking  ] GC(112) Concurrent Mark
[2026-07-01T02:18:16.343+0000][63.129s][info][gc,marking  ] GC(112) Concurrent Mark From Roots
[2026-07-01T02:18:16.343+0000][63.129s][info][gc,task     ] GC(112) Using 1 workers of 1 for marking
[2026-07-01T02:18:16.851+0000][63.637s][info][gc,marking  ] GC(112) Concurrent Mark From Roots 507.763ms
[2026-07-01T02:18:16.851+0000][63.637s][info][gc,marking  ] GC(112) Concurrent Preclean
[2026-07-01T02:18:16.851+0000][63.637s][info][gc,marking  ] GC(112) Concurrent Preclean 0.077ms
[2026-07-01T02:18:16.852+0000][63.637s][info][gc,start    ] GC(112) Pause Remark
[2026-07-01T02:18:16.857+0000][63.643s][info][gc          ] GC(112) Pause Remark 267M->267M(294M) 5.652ms
[2026-07-01T02:18:16.857+0000][63.643s][info][gc,cpu      ] GC(112) User=0.01s Sys=0.00s Real=0.00s
[2026-07-01T02:18:16.861+0000][63.646s][info][gc,marking  ] GC(112) Concurrent Mark 517.574ms
[2026-07-01T02:18:16.861+0000][63.646s][info][gc,marking  ] GC(112) Concurrent Rebuild Remembered Sets and Scrub Regions
[2026-07-01T02:18:16.904+0000][63.690s][info][gc,start    ] GC(113) Pause Young (Normal) (G1 Evacuation Pause)
[2026-07-01T02:18:16.904+0000][63.690s][info][gc,task     ] GC(113) Using 2 workers of 2 for evacuation
[2026-07-01T02:18:16.918+0000][63.703s][info][gc,phases   ] GC(113)   Pre Evacuate Collection Set: 0.17ms
[2026-07-01T02:18:16.918+0000][63.703s][info][gc,phases   ] GC(113)   Merge Heap Roots: 0.34ms
[2026-07-01T02:18:16.918+0000][63.703s][info][gc,phases   ] GC(113)   Evacuate Collection Set: 12.68ms
[2026-07-01T02:18:16.918+0000][63.703s][info][gc,phases   ] GC(113)   Post Evacuate Collection Set: 0.45ms
[2026-07-01T02:18:16.918+0000][63.703s][info][gc,phases   ] GC(113)   Other: 0.07ms
[2026-07-01T02:18:16.918+0000][63.703s][info][gc,heap     ] GC(113) Eden regions: 100->0(101)
[2026-07-01T02:18:16.918+0000][63.703s][info][gc,heap     ] GC(113) Survivor regions: 7->7(14)
[2026-07-01T02:18:16.918+0000][63.703s][info][gc,heap     ] GC(113) Old regions: 166->167
[2026-07-01T02:18:16.918+0000][63.703s][info][gc,heap     ] GC(113) Humongous regions: 3->3
[2026-07-01T02:18:16.918+0000][63.703s][info][gc,metaspace] GC(113) Metaspace: 41725K(42560K)->41725K(42560K) NonClass: 36581K(36992K)->36581K(36992K) Class: 5144K(5568K)->5144K(5568K)
[2026-07-01T02:18:16.918+0000][63.703s][info][gc          ] GC(113) Pause Young (Normal) (G1 Evacuation Pause) 275M->176M(294M) 13.868ms
[2026-07-01T02:18:16.918+0000][63.703s][info][gc,cpu      ] GC(113) User=0.03s Sys=0.00s Real=0.02s
[2026-07-01T02:18:17.106+0000][63.891s][info][gc,marking  ] GC(112) Concurrent Rebuild Remembered Sets and Scrub Regions 245.027ms
[2026-07-01T02:18:17.106+0000][63.892s][info][gc,start    ] GC(112) Pause Cleanup
[2026-07-01T02:18:17.107+0000][63.892s][info][gc          ] GC(112) Pause Cleanup 210M->210M(294M) 0.216ms
[2026-07-01T02:18:17.107+0000][63.892s][info][gc,cpu      ] GC(112) User=0.00s Sys=0.00s Real=0.00s
[2026-07-01T02:18:17.108+0000][63.894s][info][gc,marking  ] GC(112) Concurrent Clear Claimed Marks
[2026-07-01T02:18:17.110+0000][63.896s][info][gc,marking  ] GC(112) Concurrent Clear Claimed Marks 0.205ms
[2026-07-01T02:18:17.110+0000][63.896s][info][gc,marking  ] GC(112) Concurrent Cleanup for Next Mark
[2026-07-01T02:18:17.111+0000][63.896s][info][gc,marking  ] GC(112) Concurrent Cleanup for Next Mark 0.756ms
[2026-07-01T02:18:17.111+0000][63.896s][info][gc          ] GC(112) Concurrent Mark Cycle 780.572ms
[2026-07-01T02:18:17.414+0000][64.199s][info][gc,start    ] GC(114) Pause Young (Prepare Mixed) (G1 Evacuation Pause)
[2026-07-01T02:18:17.414+0000][64.199s][info][gc,task     ] GC(114) Using 2 workers of 2 for evacuation
[2026-07-01T02:18:17.427+0000][64.213s][info][gc,phases   ] GC(114)   Pre Evacuate Collection Set: 0.17ms
[2026-07-01T02:18:17.427+0000][64.213s][info][gc,phases   ] GC(114)   Merge Heap Roots: 0.43ms
[2026-07-01T02:18:17.427+0000][64.213s][info][gc,phases   ] GC(114)   Evacuate Collection Set: 12.36ms
[2026-07-01T02:18:17.427+0000][64.213s][info][gc,phases   ] GC(114)   Post Evacuate Collection Set: 0.36ms
[2026-07-01T02:18:17.427+0000][64.213s][info][gc,phases   ] GC(114)   Other: 0.05ms
[2026-07-01T02:18:17.427+0000][64.213s][info][gc,heap     ] GC(114) Eden regions: 101->0(101)
[2026-07-01T02:18:17.427+0000][64.213s][info][gc,heap     ] GC(114) Survivor regions: 7->7(14)
[2026-07-01T02:18:17.427+0000][64.213s][info][gc,heap     ] GC(114) Old regions: 167->167
[2026-07-01T02:18:17.427+0000][64.213s][info][gc,heap     ] GC(114) Humongous regions: 3->3
[2026-07-01T02:18:17.427+0000][64.213s][info][gc,metaspace] GC(114) Metaspace: 41727K(42560K)->41727K(42560K) NonClass: 36582K(36992K)->36582K(36992K) Class: 5144K(5568K)->5144K(5568K)
[2026-07-01T02:18:17.427+0000][64.213s][info][gc          ] GC(114) Pause Young (Prepare Mixed) (G1 Evacuation Pause) 277M->176M(294M) 13.518ms
[2026-07-01T02:18:17.427+0000][64.213s][info][gc,cpu      ] GC(114) User=0.03s Sys=0.00s Real=0.01s
[2026-07-01T02:18:17.891+0000][64.677s][info][gc,start    ] GC(115) Pause Young (Mixed) (G1 Evacuation Pause)
[2026-07-01T02:18:17.892+0000][64.677s][info][gc,task     ] GC(115) Using 2 workers of 2 for evacuation
[2026-07-01T02:18:17.906+0000][64.692s][info][gc,phases   ] GC(115)   Pre Evacuate Collection Set: 0.17ms
[2026-07-01T02:18:17.906+0000][64.692s][info][gc,phases   ] GC(115)   Merge Heap Roots: 0.34ms
[2026-07-01T02:18:17.906+0000][64.692s][info][gc,phases   ] GC(115)   Evacuate Collection Set: 13.67ms
[2026-07-01T02:18:17.906+0000][64.692s][info][gc,phases   ] GC(115)   Post Evacuate Collection Set: 0.41ms
[2026-07-01T02:18:17.906+0000][64.692s][info][gc,phases   ] GC(115)   Other: 0.05ms
[2026-07-01T02:18:17.906+0000][64.692s][info][gc,heap     ] GC(115) Eden regions: 101->0(101)
[2026-07-01T02:18:17.906+0000][64.692s][info][gc,heap     ] GC(115) Survivor regions: 7->7(14)
[2026-07-01T02:18:17.906+0000][64.692s][info][gc,heap     ] GC(115) Old regions: 167->167
[2026-07-01T02:18:17.906+0000][64.692s][info][gc,heap     ] GC(115) Humongous regions: 3->3
[2026-07-01T02:18:17.906+0000][64.692s][info][gc,metaspace] GC(115) Metaspace: 41727K(42560K)->41727K(42560K) NonClass: 36582K(36992K)->36582K(36992K) Class: 5144K(5568K)->5144K(5568K)
[2026-07-01T02:18:17.906+0000][64.692s][info][gc          ] GC(115) Pause Young (Mixed) (G1 Evacuation Pause) 277M->176M(294M) 14.791ms
[2026-07-01T02:18:17.906+0000][64.692s][info][gc,cpu      ] GC(115) User=0.02s Sys=0.00s Real=0.01s
[2026-07-01T02:18:18.406+0000][65.191s][info][gc,start    ] GC(116) Pause Young (Concurrent Start) (G1 Evacuation Pause)
[2026-07-01T02:18:18.406+0000][65.191s][info][gc,task     ] GC(116) Using 2 workers of 2 for evacuation
[2026-07-01T02:18:18.419+0000][65.204s][info][gc,phases   ] GC(116)   Pre Evacuate Collection Set: 0.15ms
[2026-07-01T02:18:18.419+0000][65.204s][info][gc,phases   ] GC(116)   Merge Heap Roots: 0.21ms
[2026-07-01T02:18:18.419+0000][65.204s][info][gc,phases   ] GC(116)   Evacuate Collection Set: 11.85ms
[2026-07-01T02:18:18.419+0000][65.204s][info][gc,phases   ] GC(116)   Post Evacuate Collection Set: 0.37ms
[2026-07-01T02:18:18.419+0000][65.204s][info][gc,phases   ] GC(116)   Other: 0.06ms
[2026-07-01T02:18:18.419+0000][65.204s][info][gc,heap     ] GC(116) Eden regions: 101->0(101)
[2026-07-01T02:18:18.419+0000][65.204s][info][gc,heap     ] GC(116) Survivor regions: 7->7(14)
[2026-07-01T02:18:18.419+0000][65.204s][info][gc,heap     ] GC(116) Old regions: 167->167
[2026-07-01T02:18:18.419+0000][65.204s][info][gc,heap     ] GC(116) Humongous regions: 3->3
[2026-07-01T02:18:18.419+0000][65.204s][info][gc,metaspace] GC(116) Metaspace: 41727K(42560K)->41727K(42560K) NonClass: 36582K(36992K)->36582K(36992K) Class: 5144K(5568K)->5144K(5568K)
[2026-07-01T02:18:18.419+0000][65.204s][info][gc          ] GC(116) Pause Young (Concurrent Start) (G1 Evacuation Pause) 277M->176M(294M) 12.794ms
[2026-07-01T02:18:18.419+0000][65.204s][info][gc          ] GC(117) Concurrent Mark Cycle
[2026-07-01T02:18:18.419+0000][65.204s][info][gc,marking  ] GC(117) Concurrent Scan Root Regions
[2026-07-01T02:18:18.419+0000][65.204s][info][gc,cpu      ] GC(116) User=0.02s Sys=0.00s Real=0.02s
[2026-07-01T02:18:18.448+0000][65.233s][info][gc,marking  ] GC(117) Concurrent Scan Root Regions 28.922ms
[2026-07-01T02:18:18.448+0000][65.233s][info][gc,marking  ] GC(117) Concurrent Mark
[2026-07-01T02:18:18.448+0000][65.233s][info][gc,marking  ] GC(117) Concurrent Mark From Roots
[2026-07-01T02:18:18.448+0000][65.233s][info][gc,task     ] GC(117) Using 1 workers of 1 for marking
[2026-07-01T02:18:18.972+0000][65.757s][info][gc,marking  ] GC(117) Concurrent Mark From Roots 524.189ms
[2026-07-01T02:18:18.972+0000][65.757s][info][gc,marking  ] GC(117) Concurrent Preclean
[2026-07-01T02:18:18.972+0000][65.757s][info][gc,marking  ] GC(117) Concurrent Preclean 0.114ms
[2026-07-01T02:18:18.972+0000][65.758s][info][gc,start    ] GC(117) Pause Remark
[2026-07-01T02:18:18.982+0000][65.767s][info][gc          ] GC(117) Pause Remark 258M->258M(295M) 9.160ms
[2026-07-01T02:18:18.982+0000][65.767s][info][gc,cpu      ] GC(117) User=0.02s Sys=0.00s Real=0.01s
[2026-07-01T02:18:18.984+0000][65.769s][info][gc,marking  ] GC(117) Concurrent Mark 535.984ms
[2026-07-01T02:18:18.984+0000][65.769s][info][gc,marking  ] GC(117) Concurrent Rebuild Remembered Sets and Scrub Regions
[2026-07-01T02:18:19.132+0000][65.917s][info][gc,start    ] GC(118) Pause Young (Normal) (G1 Evacuation Pause)
[2026-07-01T02:18:19.132+0000][65.917s][info][gc,task     ] GC(118) Using 2 workers of 2 for evacuation
[2026-07-01T02:18:19.154+0000][65.939s][info][gc,phases   ] GC(118)   Pre Evacuate Collection Set: 0.13ms
[2026-07-01T02:18:19.154+0000][65.940s][info][gc,phases   ] GC(118)   Merge Heap Roots: 0.37ms
[2026-07-01T02:18:19.154+0000][65.940s][info][gc,phases   ] GC(118)   Evacuate Collection Set: 20.80ms
[2026-07-01T02:18:19.154+0000][65.940s][info][gc,phases   ] GC(118)   Post Evacuate Collection Set: 1.01ms
[2026-07-01T02:18:19.154+0000][65.940s][info][gc,phases   ] GC(118)   Other: 0.05ms
[2026-07-01T02:18:19.154+0000][65.940s][info][gc,heap     ] GC(118) Eden regions: 101->0(101)
[2026-07-01T02:18:19.154+0000][65.940s][info][gc,heap     ] GC(118) Survivor regions: 7->7(14)
[2026-07-01T02:18:19.154+0000][65.940s][info][gc,heap     ] GC(118) Old regions: 167->168
[2026-07-01T02:18:19.154+0000][65.940s][info][gc,heap     ] GC(118) Humongous regions: 3->3
[2026-07-01T02:18:19.154+0000][65.940s][info][gc,metaspace] GC(118) Metaspace: 41733K(42560K)->41733K(42560K) NonClass: 36588K(36992K)->36588K(36992K) Class: 5144K(5568K)->5144K(5568K)
[2026-07-01T02:18:19.154+0000][65.940s][info][gc          ] GC(118) Pause Young (Normal) (G1 Evacuation Pause) 277M->177M(295M) 22.553ms
[2026-07-01T02:18:19.154+0000][65.940s][info][gc,cpu      ] GC(118) User=0.04s Sys=0.00s Real=0.02s
[2026-07-01T02:18:19.295+0000][66.081s][info][gc,marking  ] GC(117) Concurrent Rebuild Remembered Sets and Scrub Regions 311.617ms
[2026-07-01T02:18:19.295+0000][66.081s][info][gc,start    ] GC(117) Pause Cleanup
[2026-07-01T02:18:19.296+0000][66.081s][info][gc          ] GC(117) Pause Cleanup 195M->195M(295M) 0.178ms
[2026-07-01T02:18:19.296+0000][66.081s][info][gc,cpu      ] GC(117) User=0.00s Sys=0.00s Real=0.00s
[2026-07-01T02:18:19.296+0000][66.081s][info][gc,marking  ] GC(117) Concurrent Clear Claimed Marks
[2026-07-01T02:18:19.296+0000][66.081s][info][gc,marking  ] GC(117) Concurrent Clear Claimed Marks 0.085ms
[2026-07-01T02:18:19.296+0000][66.081s][info][gc,marking  ] GC(117) Concurrent Cleanup for Next Mark
[2026-07-01T02:18:19.297+0000][66.082s][info][gc,marking  ] GC(117) Concurrent Cleanup for Next Mark 0.638ms
[2026-07-01T02:18:19.297+0000][66.082s][info][gc          ] GC(117) Concurrent Mark Cycle 877.953ms
[2026-07-01T02:18:19.934+0000][66.719s][info][gc,start    ] GC(119) Pause Young (Prepare Mixed) (G1 Evacuation Pause)
[2026-07-01T02:18:19.934+0000][66.719s][info][gc,task     ] GC(119) Using 2 workers of 2 for evacuation
[2026-07-01T02:18:19.953+0000][66.738s][info][gc,phases   ] GC(119)   Pre Evacuate Collection Set: 0.16ms
[2026-07-01T02:18:19.953+0000][66.739s][info][gc,phases   ] GC(119)   Merge Heap Roots: 0.56ms
[2026-07-01T02:18:19.953+0000][66.739s][info][gc,phases   ] GC(119)   Evacuate Collection Set: 17.97ms
[2026-07-01T02:18:19.953+0000][66.739s][info][gc,phases   ] GC(119)   Post Evacuate Collection Set: 0.48ms
[2026-07-01T02:18:19.953+0000][66.739s][info][gc,phases   ] GC(119)   Other: 0.10ms
[2026-07-01T02:18:19.953+0000][66.739s][info][gc,heap     ] GC(119) Eden regions: 101->0(101)
[2026-07-01T02:18:19.953+0000][66.739s][info][gc,heap     ] GC(119) Survivor regions: 7->7(14)
[2026-07-01T02:18:19.953+0000][66.739s][info][gc,heap     ] GC(119) Old regions: 168->168
[2026-07-01T02:18:19.953+0000][66.739s][info][gc,heap     ] GC(119) Humongous regions: 3->3
[2026-07-01T02:18:19.953+0000][66.739s][info][gc,metaspace] GC(119) Metaspace: 41739K(42560K)->41739K(42560K) NonClass: 36594K(36992K)->36594K(36992K) Class: 5145K(5568K)->5145K(5568K)
[2026-07-01T02:18:19.953+0000][66.739s][info][gc          ] GC(119) Pause Young (Prepare Mixed) (G1 Evacuation Pause) 278M->177M(295M) 19.450ms
[2026-07-01T02:18:19.953+0000][66.739s][info][gc,cpu      ] GC(119) User=0.04s Sys=0.00s Real=0.02s
[2026-07-01T02:18:20.717+0000][67.503s][info][gc,start    ] GC(120) Pause Young (Mixed) (G1 Evacuation Pause)
[2026-07-01T02:18:20.718+0000][67.503s][info][gc,task     ] GC(120) Using 2 workers of 2 for evacuation
[2026-07-01T02:18:20.737+0000][67.523s][info][gc,phases   ] GC(120)   Pre Evacuate Collection Set: 0.19ms
[2026-07-01T02:18:20.737+0000][67.523s][info][gc,phases   ] GC(120)   Merge Heap Roots: 0.41ms
[2026-07-01T02:18:20.737+0000][67.523s][info][gc,phases   ] GC(120)   Evacuate Collection Set: 18.73ms
[2026-07-01T02:18:20.737+0000][67.523s][info][gc,phases   ] GC(120)   Post Evacuate Collection Set: 0.48ms
[2026-07-01T02:18:20.737+0000][67.523s][info][gc,phases   ] GC(120)   Other: 0.05ms
[2026-07-01T02:18:20.737+0000][67.523s][info][gc,heap     ] GC(120) Eden regions: 101->0(101)
[2026-07-01T02:18:20.737+0000][67.523s][info][gc,heap     ] GC(120) Survivor regions: 7->7(14)
[2026-07-01T02:18:20.737+0000][67.523s][info][gc,heap     ] GC(120) Old regions: 168->168
[2026-07-01T02:18:20.737+0000][67.523s][info][gc,heap     ] GC(120) Humongous regions: 3->3
[2026-07-01T02:18:20.737+0000][67.523s][info][gc,metaspace] GC(120) Metaspace: 41739K(42560K)->41739K(42560K) NonClass: 36594K(36992K)->36594K(36992K) Class: 5145K(5568K)->5145K(5568K)
[2026-07-01T02:18:20.738+0000][67.523s][info][gc          ] GC(120) Pause Young (Mixed) (G1 Evacuation Pause) 278M->177M(295M) 20.043ms
[2026-07-01T02:18:20.738+0000][67.523s][info][gc,cpu      ] GC(120) User=0.04s Sys=0.00s Real=0.02s
[2026-07-01T02:18:21.459+0000][68.244s][info][gc,start    ] GC(121) Pause Young (Concurrent Start) (G1 Evacuation Pause)
[2026-07-01T02:18:21.459+0000][68.245s][info][gc,task     ] GC(121) Using 2 workers of 2 for evacuation
[2026-07-01T02:18:21.477+0000][68.262s][info][gc,phases   ] GC(121)   Pre Evacuate Collection Set: 0.17ms
[2026-07-01T02:18:21.477+0000][68.262s][info][gc,phases   ] GC(121)   Merge Heap Roots: 0.30ms
[2026-07-01T02:18:21.477+0000][68.262s][info][gc,phases   ] GC(121)   Evacuate Collection Set: 16.69ms
[2026-07-01T02:18:21.477+0000][68.262s][info][gc,phases   ] GC(121)   Post Evacuate Collection Set: 0.44ms
[2026-07-01T02:18:21.477+0000][68.262s][info][gc,phases   ] GC(121)   Other: 0.06ms
[2026-07-01T02:18:21.477+0000][68.262s][info][gc,heap     ] GC(121) Eden regions: 101->0(100)
[2026-07-01T02:18:21.477+0000][68.262s][info][gc,heap     ] GC(121) Survivor regions: 7->7(14)
[2026-07-01T02:18:21.477+0000][68.262s][info][gc,heap     ] GC(121) Old regions: 168->169
[2026-07-01T02:18:21.477+0000][68.262s][info][gc,heap     ] GC(121) Humongous regions: 3->3
[2026-07-01T02:18:21.477+0000][68.262s][info][gc,metaspace] GC(121) Metaspace: 41739K(42560K)->41739K(42560K) NonClass: 36594K(36992K)->36594K(36992K) Class: 5145K(5568K)->5145K(5568K)
[2026-07-01T02:18:21.477+0000][68.262s][info][gc          ] GC(121) Pause Young (Concurrent Start) (G1 Evacuation Pause) 278M->178M(295M) 17.853ms
[2026-07-01T02:18:21.477+0000][68.262s][info][gc          ] GC(122) Concurrent Mark Cycle
[2026-07-01T02:18:21.477+0000][68.262s][info][gc,marking  ] GC(122) Concurrent Scan Root Regions
[2026-07-01T02:18:21.477+0000][68.262s][info][gc,cpu      ] GC(121) User=0.04s Sys=0.00s Real=0.01s
[2026-07-01T02:18:21.489+0000][68.275s][info][gc,marking  ] GC(122) Concurrent Scan Root Regions 12.206ms
[2026-07-01T02:18:21.489+0000][68.275s][info][gc,marking  ] GC(122) Concurrent Mark
[2026-07-01T02:18:21.489+0000][68.275s][info][gc,marking  ] GC(122) Concurrent Mark From Roots
[2026-07-01T02:18:21.489+0000][68.275s][info][gc,task     ] GC(122) Using 1 workers of 1 for marking
[2026-07-01T02:18:21.854+0000][68.639s][info][gc,marking  ] GC(122) Concurrent Mark From Roots 364.718ms
[2026-07-01T02:18:21.854+0000][68.639s][info][gc,marking  ] GC(122) Concurrent Preclean
[2026-07-01T02:18:21.854+0000][68.639s][info][gc,marking  ] GC(122) Concurrent Preclean 0.090ms
[2026-07-01T02:18:21.854+0000][68.640s][info][gc,start    ] GC(122) Pause Remark
[2026-07-01T02:18:21.861+0000][68.647s][info][gc          ] GC(122) Pause Remark 210M->210M(299M) 7.301ms
[2026-07-01T02:18:21.862+0000][68.647s][info][gc,cpu      ] GC(122) User=0.01s Sys=0.00s Real=0.01s
[2026-07-01T02:18:21.863+0000][68.649s][info][gc,marking  ] GC(122) Concurrent Mark 374.107ms
[2026-07-01T02:18:21.863+0000][68.649s][info][gc,marking  ] GC(122) Concurrent Rebuild Remembered Sets and Scrub Regions
[2026-07-01T02:18:22.044+0000][68.829s][info][gc,marking  ] GC(122) Concurrent Rebuild Remembered Sets and Scrub Regions 180.592ms
[2026-07-01T02:18:22.044+0000][68.829s][info][gc,start    ] GC(122) Pause Cleanup
[2026-07-01T02:18:22.044+0000][68.830s][info][gc          ] GC(122) Pause Cleanup 232M->232M(299M) 0.185ms
[2026-07-01T02:18:22.044+0000][68.830s][info][gc,cpu      ] GC(122) User=0.00s Sys=0.00s Real=0.00s
[2026-07-01T02:18:22.045+0000][68.830s][info][gc,marking  ] GC(122) Concurrent Clear Claimed Marks
[2026-07-01T02:18:22.045+0000][68.830s][info][gc,marking  ] GC(122) Concurrent Clear Claimed Marks 0.088ms
[2026-07-01T02:18:22.045+0000][68.830s][info][gc,marking  ] GC(122) Concurrent Cleanup for Next Mark
[2026-07-01T02:18:22.045+0000][68.831s][info][gc,marking  ] GC(122) Concurrent Cleanup for Next Mark 0.614ms
[2026-07-01T02:18:22.045+0000][68.831s][info][gc          ] GC(122) Concurrent Mark Cycle 568.384ms
[2026-07-01T02:18:22.327+0000][69.112s][info][gc,start    ] GC(123) Pause Young (Prepare Mixed) (G1 Evacuation Pause)
[2026-07-01T02:18:22.327+0000][69.112s][info][gc,task     ] GC(123) Using 2 workers of 2 for evacuation
[2026-07-01T02:18:22.344+0000][69.130s][info][gc,phases   ] GC(123)   Pre Evacuate Collection Set: 0.15ms
[2026-07-01T02:18:22.344+0000][69.130s][info][gc,phases   ] GC(123)   Merge Heap Roots: 0.51ms
[2026-07-01T02:18:22.344+0000][69.130s][info][gc,phases   ] GC(123)   Evacuate Collection Set: 16.12ms
[2026-07-01T02:18:22.344+0000][69.130s][info][gc,phases   ] GC(123)   Post Evacuate Collection Set: 0.47ms
[2026-07-01T02:18:22.344+0000][69.130s][info][gc,phases   ] GC(123)   Other: 0.05ms
[2026-07-01T02:18:22.344+0000][69.130s][info][gc,heap     ] GC(123) Eden regions: 100->0(104)
[2026-07-01T02:18:22.344+0000][69.130s][info][gc,heap     ] GC(123) Survivor regions: 7->7(14)
[2026-07-01T02:18:22.344+0000][69.130s][info][gc,heap     ] GC(123) Old regions: 169->169
[2026-07-01T02:18:22.344+0000][69.130s][info][gc,heap     ] GC(123) Humongous regions: 3->3
[2026-07-01T02:18:22.344+0000][69.130s][info][gc,metaspace] GC(123) Metaspace: 41741K(42560K)->41741K(42560K) NonClass: 36595K(36992K)->36595K(36992K) Class: 5145K(5568K)->5145K(5568K)
[2026-07-01T02:18:22.344+0000][69.130s][info][gc          ] GC(123) Pause Young (Prepare Mixed) (G1 Evacuation Pause) 278M->178M(299M) 17.486ms
[2026-07-01T02:18:22.344+0000][69.130s][info][gc,cpu      ] GC(123) User=0.03s Sys=0.00s Real=0.02s
[2026-07-01T02:18:23.035+0000][69.821s][info][gc,start    ] GC(124) Pause Young (Mixed) (G1 Evacuation Pause)
[2026-07-01T02:18:23.036+0000][69.821s][info][gc,task     ] GC(124) Using 2 workers of 2 for evacuation
[2026-07-01T02:18:23.051+0000][69.836s][info][gc,phases   ] GC(124)   Pre Evacuate Collection Set: 0.20ms
[2026-07-01T02:18:23.051+0000][69.836s][info][gc,phases   ] GC(124)   Merge Heap Roots: 0.35ms
[2026-07-01T02:18:23.051+0000][69.836s][info][gc,phases   ] GC(124)   Evacuate Collection Set: 14.12ms
[2026-07-01T02:18:23.051+0000][69.836s][info][gc,phases   ] GC(124)   Post Evacuate Collection Set: 0.35ms
[2026-07-01T02:18:23.051+0000][69.836s][info][gc,phases   ] GC(124)   Other: 0.06ms
[2026-07-01T02:18:23.051+0000][69.836s][info][gc,heap     ] GC(124) Eden regions: 104->0(104)
[2026-07-01T02:18:23.051+0000][69.836s][info][gc,heap     ] GC(124) Survivor regions: 7->7(14)
[2026-07-01T02:18:23.051+0000][69.836s][info][gc,heap     ] GC(124) Old regions: 169->169
[2026-07-01T02:18:23.051+0000][69.836s][info][gc,heap     ] GC(124) Humongous regions: 3->3
[2026-07-01T02:18:23.051+0000][69.836s][info][gc,metaspace] GC(124) Metaspace: 41741K(42560K)->41741K(42560K) NonClass: 36595K(36992K)->36595K(36992K) Class: 5145K(5568K)->5145K(5568K)
[2026-07-01T02:18:23.051+0000][69.836s][info][gc          ] GC(124) Pause Young (Mixed) (G1 Evacuation Pause) 282M->178M(299M) 15.234ms
[2026-07-01T02:18:23.051+0000][69.836s][info][gc,cpu      ] GC(124) User=0.03s Sys=0.00s Real=0.02s
[2026-07-01T02:18:23.559+0000][70.344s][info][gc,start    ] GC(125) Pause Young (Concurrent Start) (G1 Evacuation Pause)
[2026-07-01T02:18:23.559+0000][70.344s][info][gc,task     ] GC(125) Using 2 workers of 2 for evacuation
[2026-07-01T02:18:23.572+0000][70.358s][info][gc,phases   ] GC(125)   Pre Evacuate Collection Set: 0.22ms
[2026-07-01T02:18:23.572+0000][70.358s][info][gc,phases   ] GC(125)   Merge Heap Roots: 0.35ms
[2026-07-01T02:18:23.572+0000][70.358s][info][gc,phases   ] GC(125)   Evacuate Collection Set: 12.68ms
[2026-07-01T02:18:23.572+0000][70.358s][info][gc,phases   ] GC(125)   Post Evacuate Collection Set: 0.39ms
[2026-07-01T02:18:23.572+0000][70.358s][info][gc,phases   ] GC(125)   Other: 0.11ms
[2026-07-01T02:18:23.573+0000][70.358s][info][gc,heap     ] GC(125) Eden regions: 104->0(103)
[2026-07-01T02:18:23.573+0000][70.358s][info][gc,heap     ] GC(125) Survivor regions: 7->7(14)
[2026-07-01T02:18:23.573+0000][70.358s][info][gc,heap     ] GC(125) Old regions: 169->170
[2026-07-01T02:18:23.573+0000][70.358s][info][gc,heap     ] GC(125) Humongous regions: 3->3
[2026-07-01T02:18:23.573+0000][70.358s][info][gc,metaspace] GC(125) Metaspace: 41741K(42560K)->41741K(42560K) NonClass: 36595K(36992K)->36595K(36992K) Class: 5145K(5568K)->5145K(5568K)
[2026-07-01T02:18:23.573+0000][70.358s][info][gc          ] GC(125) Pause Young (Concurrent Start) (G1 Evacuation Pause) 282M->179M(299M) 13.903ms
[2026-07-01T02:18:23.573+0000][70.358s][info][gc          ] GC(126) Concurrent Mark Cycle
[2026-07-01T02:18:23.573+0000][70.358s][info][gc,marking  ] GC(126) Concurrent Scan Root Regions
[2026-07-01T02:18:23.573+0000][70.358s][info][gc,cpu      ] GC(125) User=0.03s Sys=0.00s Real=0.01s
[2026-07-01T02:18:23.596+0000][70.381s][info][gc,marking  ] GC(126) Concurrent Scan Root Regions 23.478ms
[2026-07-01T02:18:23.596+0000][70.381s][info][gc,marking  ] GC(126) Concurrent Mark
[2026-07-01T02:18:23.596+0000][70.381s][info][gc,marking  ] GC(126) Concurrent Mark From Roots
[2026-07-01T02:18:23.596+0000][70.381s][info][gc,task     ] GC(126) Using 1 workers of 1 for marking
[2026-07-01T02:18:24.134+0000][70.919s][info][gc,start    ] GC(127) Pause Young (Normal) (G1 Evacuation Pause)
[2026-07-01T02:18:24.134+0000][70.919s][info][gc,task     ] GC(127) Using 2 workers of 2 for evacuation
[2026-07-01T02:18:24.152+0000][70.937s][info][gc,phases   ] GC(127)   Pre Evacuate Collection Set: 0.21ms
[2026-07-01T02:18:24.152+0000][70.937s][info][gc,phases   ] GC(127)   Merge Heap Roots: 0.54ms
[2026-07-01T02:18:24.152+0000][70.937s][info][gc,phases   ] GC(127)   Evacuate Collection Set: 16.76ms
[2026-07-01T02:18:24.152+0000][70.937s][info][gc,phases   ] GC(127)   Post Evacuate Collection Set: 0.37ms
[2026-07-01T02:18:24.152+0000][70.937s][info][gc,phases   ] GC(127)   Other: 0.07ms
[2026-07-01T02:18:24.152+0000][70.937s][info][gc,heap     ] GC(127) Eden regions: 103->0(103)
[2026-07-01T02:18:24.152+0000][70.937s][info][gc,heap     ] GC(127) Survivor regions: 7->7(14)
[2026-07-01T02:18:24.152+0000][70.937s][info][gc,heap     ] GC(127) Old regions: 170->170
[2026-07-01T02:18:24.152+0000][70.937s][info][gc,heap     ] GC(127) Humongous regions: 3->3
[2026-07-01T02:18:24.152+0000][70.937s][info][gc,metaspace] GC(127) Metaspace: 41741K(42560K)->41741K(42560K) NonClass: 36595K(36992K)->36595K(36992K) Class: 5145K(5568K)->5145K(5568K)
[2026-07-01T02:18:24.152+0000][70.937s][info][gc          ] GC(127) Pause Young (Normal) (G1 Evacuation Pause) 282M->179M(299M) 18.128ms
[2026-07-01T02:18:24.152+0000][70.937s][info][gc,cpu      ] GC(127) User=0.03s Sys=0.00s Real=0.02s
[2026-07-01T02:18:24.270+0000][71.055s][info][gc,marking  ] GC(126) Concurrent Mark From Roots 673.469ms
[2026-07-01T02:18:24.270+0000][71.055s][info][gc,marking  ] GC(126) Concurrent Preclean
[2026-07-01T02:18:24.270+0000][71.055s][info][gc,marking  ] GC(126) Concurrent Preclean 0.079ms
[2026-07-01T02:18:24.270+0000][71.055s][info][gc,start    ] GC(126) Pause Remark
[2026-07-01T02:18:24.275+0000][71.061s][info][gc          ] GC(126) Pause Remark 201M->201M(300M) 5.318ms
[2026-07-01T02:18:24.275+0000][71.061s][info][gc,cpu      ] GC(126) User=0.01s Sys=0.00s Real=0.00s
[2026-07-01T02:18:24.278+0000][71.063s][info][gc,marking  ] GC(126) Concurrent Mark 681.957ms
[2026-07-01T02:18:24.278+0000][71.063s][info][gc,marking  ] GC(126) Concurrent Rebuild Remembered Sets and Scrub Regions
[2026-07-01T02:18:24.487+0000][71.273s][info][gc,marking  ] GC(126) Concurrent Rebuild Remembered Sets and Scrub Regions 209.090ms
[2026-07-01T02:18:24.487+0000][71.273s][info][gc,start    ] GC(126) Pause Cleanup
[2026-07-01T02:18:24.487+0000][71.273s][info][gc          ] GC(126) Pause Cleanup 239M->239M(300M) 0.127ms
[2026-07-01T02:18:24.487+0000][71.273s][info][gc,cpu      ] GC(126) User=0.00s Sys=0.00s Real=0.00s
[2026-07-01T02:18:24.487+0000][71.273s][info][gc,marking  ] GC(126) Concurrent Clear Claimed Marks
[2026-07-01T02:18:24.488+0000][71.273s][info][gc,marking  ] GC(126) Concurrent Clear Claimed Marks 0.088ms
[2026-07-01T02:18:24.488+0000][71.273s][info][gc,marking  ] GC(126) Concurrent Cleanup for Next Mark
[2026-07-01T02:18:24.488+0000][71.274s][info][gc,marking  ] GC(126) Concurrent Cleanup for Next Mark 0.888ms
[2026-07-01T02:18:24.489+0000][71.274s][info][gc          ] GC(126) Concurrent Mark Cycle 915.945ms
[2026-07-01T02:18:24.686+0000][71.472s][info][gc,start    ] GC(128) Pause Young (Prepare Mixed) (G1 Evacuation Pause)
[2026-07-01T02:18:24.686+0000][71.472s][info][gc,task     ] GC(128) Using 2 workers of 2 for evacuation
[2026-07-01T02:18:24.705+0000][71.491s][info][gc,phases   ] GC(128)   Pre Evacuate Collection Set: 0.17ms
[2026-07-01T02:18:24.705+0000][71.491s][info][gc,phases   ] GC(128)   Merge Heap Roots: 0.78ms
[2026-07-01T02:18:24.705+0000][71.491s][info][gc,phases   ] GC(128)   Evacuate Collection Set: 17.40ms
[2026-07-01T02:18:24.705+0000][71.491s][info][gc,phases   ] GC(128)   Post Evacuate Collection Set: 0.43ms
[2026-07-01T02:18:24.705+0000][71.491s][info][gc,phases   ] GC(128)   Other: 0.05ms
[2026-07-01T02:18:24.705+0000][71.491s][info][gc,heap     ] GC(128) Eden regions: 104->0(105)
[2026-07-01T02:18:24.705+0000][71.491s][info][gc,heap     ] GC(128) Survivor regions: 7->7(14)
[2026-07-01T02:18:24.705+0000][71.491s][info][gc,heap     ] GC(128) Old regions: 170->170
[2026-07-01T02:18:24.705+0000][71.491s][info][gc,heap     ] GC(128) Humongous regions: 3->3
[2026-07-01T02:18:24.705+0000][71.491s][info][gc,metaspace] GC(128) Metaspace: 41741K(42560K)->41741K(42560K) NonClass: 36595K(36992K)->36595K(36992K) Class: 5145K(5568K)->5145K(5568K)
[2026-07-01T02:18:24.705+0000][71.491s][info][gc          ] GC(128) Pause Young (Prepare Mixed) (G1 Evacuation Pause) 283M->179M(300M) 18.984ms
[2026-07-01T02:18:24.705+0000][71.491s][info][gc,cpu      ] GC(128) User=0.03s Sys=0.00s Real=0.02s
[2026-07-01T02:18:25.176+0000][71.961s][info][gc,start    ] GC(129) Pause Young (Mixed) (G1 Evacuation Pause)
[2026-07-01T02:18:25.176+0000][71.961s][info][gc,task     ] GC(129) Using 2 workers of 2 for evacuation
[2026-07-01T02:18:25.194+0000][71.980s][info][gc,phases   ] GC(129)   Pre Evacuate Collection Set: 0.17ms
[2026-07-01T02:18:25.194+0000][71.980s][info][gc,phases   ] GC(129)   Merge Heap Roots: 0.46ms
[2026-07-01T02:18:25.194+0000][71.980s][info][gc,phases   ] GC(129)   Evacuate Collection Set: 17.36ms
[2026-07-01T02:18:25.195+0000][71.980s][info][gc,phases   ] GC(129)   Post Evacuate Collection Set: 0.33ms
[2026-07-01T02:18:25.195+0000][71.980s][info][gc,phases   ] GC(129)   Other: 0.06ms
[2026-07-01T02:18:25.195+0000][71.980s][info][gc,heap     ] GC(129) Eden regions: 105->0(104)
[2026-07-01T02:18:25.195+0000][71.980s][info][gc,heap     ] GC(129) Survivor regions: 7->7(14)
[2026-07-01T02:18:25.195+0000][71.980s][info][gc,heap     ] GC(129) Old regions: 170->171
[2026-07-01T02:18:25.195+0000][71.980s][info][gc,heap     ] GC(129) Humongous regions: 3->3
[2026-07-01T02:18:25.195+0000][71.980s][info][gc,metaspace] GC(129) Metaspace: 41741K(42560K)->41741K(42560K) NonClass: 36596K(36992K)->36596K(36992K) Class: 5145K(5568K)->5145K(5568K)
[2026-07-01T02:18:25.195+0000][71.980s][info][gc          ] GC(129) Pause Young (Mixed) (G1 Evacuation Pause) 284M->180M(300M) 18.540ms
[2026-07-01T02:18:25.195+0000][71.980s][info][gc,cpu      ] GC(129) User=0.03s Sys=0.00s Real=0.02s
[2026-07-01T02:18:25.671+0000][72.457s][info][gc,start    ] GC(130) Pause Young (Concurrent Start) (G1 Evacuation Pause)
[2026-07-01T02:18:25.671+0000][72.457s][info][gc,task     ] GC(130) Using 2 workers of 2 for evacuation
[2026-07-01T02:18:25.690+0000][72.475s][info][gc,phases   ] GC(130)   Pre Evacuate Collection Set: 0.26ms
[2026-07-01T02:18:25.690+0000][72.475s][info][gc,phases   ] GC(130)   Merge Heap Roots: 0.31ms
[2026-07-01T02:18:25.690+0000][72.475s][info][gc,phases   ] GC(130)   Evacuate Collection Set: 17.38ms
[2026-07-01T02:18:25.690+0000][72.475s][info][gc,phases   ] GC(130)   Post Evacuate Collection Set: 0.37ms
[2026-07-01T02:18:25.690+0000][72.475s][info][gc,phases   ] GC(130)   Other: 0.08ms
[2026-07-01T02:18:25.690+0000][72.475s][info][gc,heap     ] GC(130) Eden regions: 104->0(104)
[2026-07-01T02:18:25.690+0000][72.475s][info][gc,heap     ] GC(130) Survivor regions: 7->7(14)
[2026-07-01T02:18:25.690+0000][72.475s][info][gc,heap     ] GC(130) Old regions: 171->171
[2026-07-01T02:18:25.690+0000][72.475s][info][gc,heap     ] GC(130) Humongous regions: 3->3
[2026-07-01T02:18:25.690+0000][72.475s][info][gc,metaspace] GC(130) Metaspace: 41741K(42560K)->41741K(42560K) NonClass: 36596K(36992K)->36596K(36992K) Class: 5145K(5568K)->5145K(5568K)
[2026-07-01T02:18:25.690+0000][72.475s][info][gc          ] GC(130) Pause Young (Concurrent Start) (G1 Evacuation Pause) 284M->180M(300M) 18.558ms
[2026-07-01T02:18:25.690+0000][72.475s][info][gc          ] GC(131) Concurrent Mark Cycle
[2026-07-01T02:18:25.690+0000][72.475s][info][gc,marking  ] GC(131) Concurrent Scan Root Regions
[2026-07-01T02:18:25.690+0000][72.475s][info][gc,cpu      ] GC(130) User=0.03s Sys=0.00s Real=0.02s
[2026-07-01T02:18:25.707+0000][72.493s][info][gc,marking  ] GC(131) Concurrent Scan Root Regions 17.520ms
[2026-07-01T02:18:25.707+0000][72.493s][info][gc,marking  ] GC(131) Concurrent Mark
[2026-07-01T02:18:25.707+0000][72.493s][info][gc,marking  ] GC(131) Concurrent Mark From Roots
[2026-07-01T02:18:25.707+0000][72.493s][info][gc,task     ] GC(131) Using 1 workers of 1 for marking
[2026-07-01T02:18:26.176+0000][72.961s][info][gc,marking  ] GC(131) Concurrent Mark From Roots 468.450ms
[2026-07-01T02:18:26.176+0000][72.961s][info][gc,marking  ] GC(131) Concurrent Preclean
[2026-07-01T02:18:26.176+0000][72.961s][info][gc,marking  ] GC(131) Concurrent Preclean 0.082ms
[2026-07-01T02:18:26.176+0000][72.962s][info][gc,start    ] GC(131) Pause Remark
[2026-07-01T02:18:26.182+0000][72.967s][info][gc          ] GC(131) Pause Remark 268M->268M(302M) 5.805ms
[2026-07-01T02:18:26.182+0000][72.967s][info][gc,cpu      ] GC(131) User=0.01s Sys=0.00s Real=0.01s
[2026-07-01T02:18:26.184+0000][72.969s][info][gc,marking  ] GC(131) Concurrent Mark 476.551ms
[2026-07-01T02:18:26.184+0000][72.969s][info][gc,marking  ] GC(131) Concurrent Rebuild Remembered Sets and Scrub Regions
[2026-07-01T02:18:26.250+0000][73.036s][info][gc,start    ] GC(132) Pause Young (Normal) (G1 Evacuation Pause)
[2026-07-01T02:18:26.250+0000][73.036s][info][gc,task     ] GC(132) Using 2 workers of 2 for evacuation
[2026-07-01T02:18:26.264+0000][73.050s][info][gc,phases   ] GC(132)   Pre Evacuate Collection Set: 0.29ms
[2026-07-01T02:18:26.264+0000][73.050s][info][gc,phases   ] GC(132)   Merge Heap Roots: 0.35ms
[2026-07-01T02:18:26.264+0000][73.050s][info][gc,phases   ] GC(132)   Evacuate Collection Set: 12.70ms
[2026-07-01T02:18:26.264+0000][73.050s][info][gc,phases   ] GC(132)   Post Evacuate Collection Set: 0.43ms
[2026-07-01T02:18:26.264+0000][73.050s][info][gc,phases   ] GC(132)   Other: 0.04ms
[2026-07-01T02:18:26.264+0000][73.050s][info][gc,heap     ] GC(132) Eden regions: 103->0(105)
[2026-07-01T02:18:26.264+0000][73.050s][info][gc,heap     ] GC(132) Survivor regions: 7->7(14)
[2026-07-01T02:18:26.264+0000][73.050s][info][gc,heap     ] GC(132) Old regions: 171->171
[2026-07-01T02:18:26.264+0000][73.050s][info][gc,heap     ] GC(132) Humongous regions: 3->3
[2026-07-01T02:18:26.264+0000][73.050s][info][gc,metaspace] GC(132) Metaspace: 41741K(42560K)->41741K(42560K) NonClass: 36596K(36992K)->36596K(36992K) Class: 5145K(5568K)->5145K(5568K)
[2026-07-01T02:18:26.264+0000][73.050s][info][gc          ] GC(132) Pause Young (Normal) (G1 Evacuation Pause) 283M->180M(302M) 13.964ms
[2026-07-01T02:18:26.264+0000][73.050s][info][gc,cpu      ] GC(132) User=0.02s Sys=0.00s Real=0.01s
[2026-07-01T02:18:26.550+0000][73.335s][info][gc,marking  ] GC(131) Concurrent Rebuild Remembered Sets and Scrub Regions 365.978ms
[2026-07-01T02:18:26.550+0000][73.335s][info][gc,start    ] GC(131) Pause Cleanup
[2026-07-01T02:18:26.550+0000][73.336s][info][gc          ] GC(131) Pause Cleanup 238M->238M(302M) 0.193ms
[2026-07-01T02:18:26.550+0000][73.336s][info][gc,cpu      ] GC(131) User=0.00s Sys=0.00s Real=0.00s
[2026-07-01T02:18:26.551+0000][73.336s][info][gc,marking  ] GC(131) Concurrent Clear Claimed Marks
[2026-07-01T02:18:26.551+0000][73.336s][info][gc,marking  ] GC(131) Concurrent Clear Claimed Marks 0.101ms
[2026-07-01T02:18:26.551+0000][73.336s][info][gc,marking  ] GC(131) Concurrent Cleanup for Next Mark
[2026-07-01T02:18:26.551+0000][73.337s][info][gc,marking  ] GC(131) Concurrent Cleanup for Next Mark 0.564ms
[2026-07-01T02:18:26.551+0000][73.337s][info][gc          ] GC(131) Concurrent Mark Cycle 861.513ms
[2026-07-01T02:18:26.768+0000][73.554s][info][gc,start    ] GC(133) Pause Young (Prepare Mixed) (G1 Evacuation Pause)
[2026-07-01T02:18:26.768+0000][73.554s][info][gc,task     ] GC(133) Using 2 workers of 2 for evacuation
[2026-07-01T02:18:26.782+0000][73.568s][info][gc,phases   ] GC(133)   Pre Evacuate Collection Set: 0.19ms
[2026-07-01T02:18:26.782+0000][73.568s][info][gc,phases   ] GC(133)   Merge Heap Roots: 0.63ms
[2026-07-01T02:18:26.782+0000][73.568s][info][gc,phases   ] GC(133)   Evacuate Collection Set: 12.57ms
[2026-07-01T02:18:26.782+0000][73.568s][info][gc,phases   ] GC(133)   Post Evacuate Collection Set: 0.40ms
[2026-07-01T02:18:26.782+0000][73.568s][info][gc,phases   ] GC(133)   Other: 0.06ms
[2026-07-01T02:18:26.782+0000][73.568s][info][gc,heap     ] GC(133) Eden regions: 105->0(104)
[2026-07-01T02:18:26.782+0000][73.568s][info][gc,heap     ] GC(133) Survivor regions: 7->7(14)
[2026-07-01T02:18:26.782+0000][73.568s][info][gc,heap     ] GC(133) Old regions: 171->172
[2026-07-01T02:18:26.782+0000][73.568s][info][gc,heap     ] GC(133) Humongous regions: 3->3
[2026-07-01T02:18:26.782+0000][73.568s][info][gc,metaspace] GC(133) Metaspace: 41741K(42560K)->41741K(42560K) NonClass: 36596K(36992K)->36596K(36992K) Class: 5145K(5568K)->5145K(5568K)
[2026-07-01T02:18:26.782+0000][73.568s][info][gc          ] GC(133) Pause Young (Prepare Mixed) (G1 Evacuation Pause) 285M->181M(302M) 14.018ms
[2026-07-01T02:18:26.782+0000][73.568s][info][gc,cpu      ] GC(133) User=0.03s Sys=0.00s Real=0.01s
[2026-07-01T02:18:27.241+0000][74.027s][info][gc,start    ] GC(134) Pause Young (Mixed) (G1 Evacuation Pause)
[2026-07-01T02:18:27.242+0000][74.027s][info][gc,task     ] GC(134) Using 2 workers of 2 for evacuation
[2026-07-01T02:18:27.262+0000][74.047s][info][gc,phases   ] GC(134)   Pre Evacuate Collection Set: 0.19ms
[2026-07-01T02:18:27.262+0000][74.047s][info][gc,phases   ] GC(134)   Merge Heap Roots: 0.47ms
[2026-07-01T02:18:27.262+0000][74.047s][info][gc,phases   ] GC(134)   Evacuate Collection Set: 19.37ms
[2026-07-01T02:18:27.262+0000][74.047s][info][gc,phases   ] GC(134)   Post Evacuate Collection Set: 0.41ms
[2026-07-01T02:18:27.262+0000][74.047s][info][gc,phases   ] GC(134)   Other: 0.05ms
[2026-07-01T02:18:27.262+0000][74.047s][info][gc,heap     ] GC(134) Eden regions: 104->0(104)
[2026-07-01T02:18:27.262+0000][74.047s][info][gc,heap     ] GC(134) Survivor regions: 7->7(14)
[2026-07-01T02:18:27.262+0000][74.047s][info][gc,heap     ] GC(134) Old regions: 172->172
[2026-07-01T02:18:27.262+0000][74.047s][info][gc,heap     ] GC(134) Humongous regions: 3->3
[2026-07-01T02:18:27.262+0000][74.047s][info][gc,metaspace] GC(134) Metaspace: 41741K(42560K)->41741K(42560K) NonClass: 36596K(36992K)->36596K(36992K) Class: 5145K(5568K)->5145K(5568K)
[2026-07-01T02:18:27.262+0000][74.047s][info][gc          ] GC(134) Pause Young (Mixed) (G1 Evacuation Pause) 285M->181M(302M) 20.661ms
[2026-07-01T02:18:27.262+0000][74.048s][info][gc,cpu      ] GC(134) User=0.04s Sys=0.00s Real=0.02s
[2026-07-01T02:18:27.742+0000][74.527s][info][gc,start    ] GC(135) Pause Young (Concurrent Start) (G1 Evacuation Pause)
[2026-07-01T02:18:27.742+0000][74.527s][info][gc,task     ] GC(135) Using 2 workers of 2 for evacuation
[2026-07-01T02:18:27.760+0000][74.546s][info][gc,phases   ] GC(135)   Pre Evacuate Collection Set: 0.23ms
[2026-07-01T02:18:27.760+0000][74.546s][info][gc,phases   ] GC(135)   Merge Heap Roots: 0.61ms
[2026-07-01T02:18:27.760+0000][74.546s][info][gc,phases   ] GC(135)   Evacuate Collection Set: 17.09ms
[2026-07-01T02:18:27.760+0000][74.546s][info][gc,phases   ] GC(135)   Post Evacuate Collection Set: 0.44ms
[2026-07-01T02:18:27.760+0000][74.546s][info][gc,phases   ] GC(135)   Other: 0.08ms
[2026-07-01T02:18:27.760+0000][74.546s][info][gc,heap     ] GC(135) Eden regions: 104->0(104)
[2026-07-01T02:18:27.760+0000][74.546s][info][gc,heap     ] GC(135) Survivor regions: 7->7(14)
[2026-07-01T02:18:27.760+0000][74.546s][info][gc,heap     ] GC(135) Old regions: 172->172
[2026-07-01T02:18:27.760+0000][74.546s][info][gc,heap     ] GC(135) Humongous regions: 3->3
[2026-07-01T02:18:27.760+0000][74.546s][info][gc,metaspace] GC(135) Metaspace: 41741K(42560K)->41741K(42560K) NonClass: 36596K(36992K)->36596K(36992K) Class: 5145K(5568K)->5145K(5568K)
[2026-07-01T02:18:27.760+0000][74.546s][info][gc          ] GC(135) Pause Young (Concurrent Start) (G1 Evacuation Pause) 285M->181M(302M) 18.623ms
[2026-07-01T02:18:27.761+0000][74.546s][info][gc          ] GC(136) Concurrent Mark Cycle
[2026-07-01T02:18:27.761+0000][74.546s][info][gc,marking  ] GC(136) Concurrent Scan Root Regions
[2026-07-01T02:18:27.761+0000][74.546s][info][gc,cpu      ] GC(135) User=0.03s Sys=0.00s Real=0.02s
[2026-07-01T02:18:27.781+0000][74.566s][info][gc,marking  ] GC(136) Concurrent Scan Root Regions 20.301ms
[2026-07-01T02:18:27.781+0000][74.566s][info][gc,marking  ] GC(136) Concurrent Mark
[2026-07-01T02:18:27.781+0000][74.566s][info][gc,marking  ] GC(136) Concurrent Mark From Roots
[2026-07-01T02:18:27.781+0000][74.566s][info][gc,task     ] GC(136) Using 1 workers of 1 for marking
[2026-07-01T02:18:28.314+0000][75.100s][info][gc,marking  ] GC(136) Concurrent Mark From Roots 533.468ms
[2026-07-01T02:18:28.314+0000][75.100s][info][gc,marking  ] GC(136) Concurrent Preclean
[2026-07-01T02:18:28.314+0000][75.100s][info][gc,marking  ] GC(136) Concurrent Preclean 0.090ms
[2026-07-01T02:18:28.315+0000][75.100s][info][gc,start    ] GC(136) Pause Remark
[2026-07-01T02:18:28.323+0000][75.108s][info][gc          ] GC(136) Pause Remark 257M->257M(304M) 8.451ms
[2026-07-01T02:18:28.323+0000][75.108s][info][gc,cpu      ] GC(136) User=0.02s Sys=0.00s Real=0.01s
[2026-07-01T02:18:28.325+0000][75.110s][info][gc,marking  ] GC(136) Concurrent Mark 543.872ms
[2026-07-01T02:18:28.325+0000][75.110s][info][gc,marking  ] GC(136) Concurrent Rebuild Remembered Sets and Scrub Regions
[2026-07-01T02:18:28.535+0000][75.320s][info][gc,marking  ] GC(136) Concurrent Rebuild Remembered Sets and Scrub Regions 210.007ms
[2026-07-01T02:18:28.535+0000][75.320s][info][gc,start    ] GC(136) Pause Cleanup
[2026-07-01T02:18:28.535+0000][75.321s][info][gc          ] GC(136) Pause Cleanup 279M->279M(304M) 0.169ms
[2026-07-01T02:18:28.535+0000][75.321s][info][gc,cpu      ] GC(136) User=0.00s Sys=0.00s Real=0.00s
[2026-07-01T02:18:28.536+0000][75.321s][info][gc,marking  ] GC(136) Concurrent Clear Claimed Marks
[2026-07-01T02:18:28.536+0000][75.321s][info][gc,marking  ] GC(136) Concurrent Clear Claimed Marks 0.083ms
[2026-07-01T02:18:28.536+0000][75.321s][info][gc,marking  ] GC(136) Concurrent Cleanup for Next Mark
[2026-07-01T02:18:28.536+0000][75.322s][info][gc,marking  ] GC(136) Concurrent Cleanup for Next Mark 0.574ms
[2026-07-01T02:18:28.536+0000][75.322s][info][gc          ] GC(136) Concurrent Mark Cycle 775.912ms
[2026-07-01T02:18:28.579+0000][75.364s][info][gc,start    ] GC(137) Pause Young (Prepare Mixed) (G1 Evacuation Pause)
[2026-07-01T02:18:28.579+0000][75.364s][info][gc,task     ] GC(137) Using 2 workers of 2 for evacuation
[2026-07-01T02:18:28.597+0000][75.383s][info][gc,phases   ] GC(137)   Pre Evacuate Collection Set: 0.20ms
[2026-07-01T02:18:28.597+0000][75.383s][info][gc,phases   ] GC(137)   Merge Heap Roots: 0.51ms
[2026-07-01T02:18:28.597+0000][75.383s][info][gc,phases   ] GC(137)   Evacuate Collection Set: 17.13ms
[2026-07-01T02:18:28.597+0000][75.383s][info][gc,phases   ] GC(137)   Post Evacuate Collection Set: 0.58ms
[2026-07-01T02:18:28.597+0000][75.383s][info][gc,phases   ] GC(137)   Other: 0.06ms
[2026-07-01T02:18:28.597+0000][75.383s][info][gc,heap     ] GC(137) Eden regions: 104->0(106)
[2026-07-01T02:18:28.597+0000][75.383s][info][gc,heap     ] GC(137) Survivor regions: 7->7(14)
[2026-07-01T02:18:28.597+0000][75.383s][info][gc,heap     ] GC(137) Old regions: 172->172
[2026-07-01T02:18:28.597+0000][75.383s][info][gc,heap     ] GC(137) Humongous regions: 3->3
[2026-07-01T02:18:28.597+0000][75.383s][info][gc,metaspace] GC(137) Metaspace: 41741K(42560K)->41741K(42560K) NonClass: 36596K(36992K)->36596K(36992K) Class: 5145K(5568K)->5145K(5568K)
[2026-07-01T02:18:28.597+0000][75.383s][info][gc          ] GC(137) Pause Young (Prepare Mixed) (G1 Evacuation Pause) 285M->182M(304M) 18.666ms
[2026-07-01T02:18:28.597+0000][75.383s][info][gc,cpu      ] GC(137) User=0.04s Sys=0.00s Real=0.01s
[2026-07-01T02:18:29.328+0000][76.114s][info][gc,start    ] GC(138) Pause Young (Mixed) (G1 Evacuation Pause)
[2026-07-01T02:18:29.328+0000][76.114s][info][gc,task     ] GC(138) Using 2 workers of 2 for evacuation
[2026-07-01T02:18:29.373+0000][76.159s][info][gc,phases   ] GC(138)   Pre Evacuate Collection Set: 0.20ms
[2026-07-01T02:18:29.373+0000][76.159s][info][gc,phases   ] GC(138)   Merge Heap Roots: 0.56ms
[2026-07-01T02:18:29.373+0000][76.159s][info][gc,phases   ] GC(138)   Evacuate Collection Set: 43.61ms
[2026-07-01T02:18:29.373+0000][76.159s][info][gc,phases   ] GC(138)   Post Evacuate Collection Set: 0.44ms
[2026-07-01T02:18:29.373+0000][76.159s][info][gc,phases   ] GC(138)   Other: 0.06ms
[2026-07-01T02:18:29.373+0000][76.159s][info][gc,heap     ] GC(138) Eden regions: 106->0(105)
[2026-07-01T02:18:29.373+0000][76.159s][info][gc,heap     ] GC(138) Survivor regions: 7->7(15)
[2026-07-01T02:18:29.373+0000][76.159s][info][gc,heap     ] GC(138) Old regions: 172->173
[2026-07-01T02:18:29.373+0000][76.159s][info][gc,heap     ] GC(138) Humongous regions: 3->3
[2026-07-01T02:18:29.373+0000][76.159s][info][gc,metaspace] GC(138) Metaspace: 41741K(42560K)->41741K(42560K) NonClass: 36596K(36992K)->36596K(36992K) Class: 5145K(5568K)->5145K(5568K)
[2026-07-01T02:18:29.373+0000][76.159s][info][gc          ] GC(138) Pause Young (Mixed) (G1 Evacuation Pause) 288M->182M(304M) 45.066ms
[2026-07-01T02:18:29.374+0000][76.159s][info][gc,cpu      ] GC(138) User=0.04s Sys=0.00s Real=0.04s
[2026-07-01T02:18:30.096+0000][76.881s][info][gc,start    ] GC(139) Pause Young (Concurrent Start) (G1 Evacuation Pause)
[2026-07-01T02:18:30.096+0000][76.882s][info][gc,task     ] GC(139) Using 2 workers of 2 for evacuation
[2026-07-01T02:18:30.132+0000][76.917s][info][gc,phases   ] GC(139)   Pre Evacuate Collection Set: 0.21ms
[2026-07-01T02:18:30.132+0000][76.917s][info][gc,phases   ] GC(139)   Merge Heap Roots: 0.24ms
[2026-07-01T02:18:30.132+0000][76.917s][info][gc,phases   ] GC(139)   Evacuate Collection Set: 34.80ms
[2026-07-01T02:18:30.132+0000][76.917s][info][gc,phases   ] GC(139)   Post Evacuate Collection Set: 0.44ms
[2026-07-01T02:18:30.132+0000][76.917s][info][gc,phases   ] GC(139)   Other: 0.09ms
[2026-07-01T02:18:30.132+0000][76.917s][info][gc,heap     ] GC(139) Eden regions: 105->0(105)
[2026-07-01T02:18:30.132+0000][76.917s][info][gc,heap     ] GC(139) Survivor regions: 7->7(14)
[2026-07-01T02:18:30.132+0000][76.917s][info][gc,heap     ] GC(139) Old regions: 173->173
[2026-07-01T02:18:30.132+0000][76.917s][info][gc,heap     ] GC(139) Humongous regions: 3->3
[2026-07-01T02:18:30.132+0000][76.917s][info][gc,metaspace] GC(139) Metaspace: 41741K(42560K)->41741K(42560K) NonClass: 36596K(36992K)->36596K(36992K) Class: 5145K(5568K)->5145K(5568K)
[2026-07-01T02:18:30.132+0000][76.917s][info][gc          ] GC(139) Pause Young (Concurrent Start) (G1 Evacuation Pause) 287M->182M(304M) 36.004ms
[2026-07-01T02:18:30.132+0000][76.917s][info][gc          ] GC(140) Concurrent Mark Cycle
[2026-07-01T02:18:30.132+0000][76.918s][info][gc,marking  ] GC(140) Concurrent Scan Root Regions
[2026-07-01T02:18:30.132+0000][76.918s][info][gc,cpu      ] GC(139) User=0.03s Sys=0.01s Real=0.04s
[2026-07-01T02:18:30.155+0000][76.940s][info][gc,marking  ] GC(140) Concurrent Scan Root Regions 22.519ms
[2026-07-01T02:18:30.155+0000][76.940s][info][gc,marking  ] GC(140) Concurrent Mark
[2026-07-01T02:18:30.155+0000][76.940s][info][gc,marking  ] GC(140) Concurrent Mark From Roots
[2026-07-01T02:18:30.155+0000][76.940s][info][gc,task     ] GC(140) Using 1 workers of 1 for marking
[2026-07-01T02:18:30.514+0000][77.299s][info][gc,marking  ] GC(140) Concurrent Mark From Roots 359.367ms
[2026-07-01T02:18:30.514+0000][77.300s][info][gc,marking  ] GC(140) Concurrent Preclean
[2026-07-01T02:18:30.514+0000][77.300s][info][gc,marking  ] GC(140) Concurrent Preclean 0.086ms
[2026-07-01T02:18:30.514+0000][77.300s][info][gc,start    ] GC(140) Pause Remark
[2026-07-01T02:18:30.527+0000][77.313s][info][gc          ] GC(140) Pause Remark 226M->226M(305M) 12.898ms
[2026-07-01T02:18:30.527+0000][77.313s][info][gc,cpu      ] GC(140) User=0.02s Sys=0.00s Real=0.01s
[2026-07-01T02:18:30.532+0000][77.317s][info][gc,marking  ] GC(140) Concurrent Mark 377.284ms
[2026-07-01T02:18:30.532+0000][77.317s][info][gc,marking  ] GC(140) Concurrent Rebuild Remembered Sets and Scrub Regions
[2026-07-01T02:18:30.763+0000][77.548s][info][gc,marking  ] GC(140) Concurrent Rebuild Remembered Sets and Scrub Regions 230.711ms
[2026-07-01T02:18:30.763+0000][77.548s][info][gc,start    ] GC(140) Pause Cleanup
[2026-07-01T02:18:30.763+0000][77.549s][info][gc          ] GC(140) Pause Cleanup 252M->252M(305M) 0.205ms
[2026-07-01T02:18:30.763+0000][77.549s][info][gc,cpu      ] GC(140) User=0.00s Sys=0.00s Real=0.00s
[2026-07-01T02:18:30.763+0000][77.549s][info][gc,marking  ] GC(140) Concurrent Clear Claimed Marks
[2026-07-01T02:18:30.763+0000][77.549s][info][gc,marking  ] GC(140) Concurrent Clear Claimed Marks 0.089ms
[2026-07-01T02:18:30.763+0000][77.549s][info][gc,marking  ] GC(140) Concurrent Cleanup for Next Mark
[2026-07-01T02:18:30.766+0000][77.551s][info][gc,marking  ] GC(140) Concurrent Cleanup for Next Mark 2.660ms
[2026-07-01T02:18:30.766+0000][77.551s][info][gc          ] GC(140) Concurrent Mark Cycle 633.868ms
[2026-07-01T02:18:31.021+0000][77.806s][info][gc,start    ] GC(141) Pause Young (Prepare Mixed) (G1 Evacuation Pause)
[2026-07-01T02:18:31.021+0000][77.806s][info][gc,task     ] GC(141) Using 2 workers of 2 for evacuation
[2026-07-01T02:18:31.055+0000][77.841s][info][gc,phases   ] GC(141)   Pre Evacuate Collection Set: 0.18ms
[2026-07-01T02:18:31.055+0000][77.841s][info][gc,phases   ] GC(141)   Merge Heap Roots: 0.81ms
[2026-07-01T02:18:31.055+0000][77.841s][info][gc,phases   ] GC(141)   Evacuate Collection Set: 32.97ms
[2026-07-01T02:18:31.055+0000][77.841s][info][gc,phases   ] GC(141)   Post Evacuate Collection Set: 0.76ms
[2026-07-01T02:18:31.055+0000][77.841s][info][gc,phases   ] GC(141)   Other: 0.07ms
[2026-07-01T02:18:31.055+0000][77.841s][info][gc,heap     ] GC(141) Eden regions: 105->0(106)
[2026-07-01T02:18:31.055+0000][77.841s][info][gc,heap     ] GC(141) Survivor regions: 7->7(14)
[2026-07-01T02:18:31.055+0000][77.841s][info][gc,heap     ] GC(141) Old regions: 173->173
[2026-07-01T02:18:31.055+0000][77.841s][info][gc,heap     ] GC(141) Humongous regions: 3->3
[2026-07-01T02:18:31.056+0000][77.841s][info][gc,metaspace] GC(141) Metaspace: 41741K(42560K)->41741K(42560K) NonClass: 36596K(36992K)->36596K(36992K) Class: 5145K(5568K)->5145K(5568K)
[2026-07-01T02:18:31.056+0000][77.841s][info][gc          ] GC(141) Pause Young (Prepare Mixed) (G1 Evacuation Pause) 287M->182M(305M) 34.984ms
[2026-07-01T02:18:31.056+0000][77.841s][info][gc,cpu      ] GC(141) User=0.03s Sys=0.00s Real=0.03s
[2026-07-01T02:18:31.821+0000][78.606s][info][gc,start    ] GC(142) Pause Young (Mixed) (G1 Evacuation Pause)
[2026-07-01T02:18:31.821+0000][78.606s][info][gc,task     ] GC(142) Using 2 workers of 2 for evacuation
[2026-07-01T02:18:31.853+0000][78.639s][info][gc,phases   ] GC(142)   Pre Evacuate Collection Set: 0.17ms
[2026-07-01T02:18:31.853+0000][78.639s][info][gc,phases   ] GC(142)   Merge Heap Roots: 0.45ms
[2026-07-01T02:18:31.853+0000][78.639s][info][gc,phases   ] GC(142)   Evacuate Collection Set: 31.27ms
[2026-07-01T02:18:31.853+0000][78.639s][info][gc,phases   ] GC(142)   Post Evacuate Collection Set: 0.47ms
[2026-07-01T02:18:31.853+0000][78.639s][info][gc,phases   ] GC(142)   Other: 0.08ms
[2026-07-01T02:18:31.853+0000][78.639s][info][gc,heap     ] GC(142) Eden regions: 106->0(105)
[2026-07-01T02:18:31.853+0000][78.639s][info][gc,heap     ] GC(142) Survivor regions: 7->7(15)
[2026-07-01T02:18:31.853+0000][78.639s][info][gc,heap     ] GC(142) Old regions: 173->174
[2026-07-01T02:18:31.853+0000][78.639s][info][gc,heap     ] GC(142) Humongous regions: 3->3
[2026-07-01T02:18:31.853+0000][78.639s][info][gc,metaspace] GC(142) Metaspace: 41741K(42560K)->41741K(42560K) NonClass: 36596K(36992K)->36596K(36992K) Class: 5145K(5568K)->5145K(5568K)
[2026-07-01T02:18:31.853+0000][78.639s][info][gc          ] GC(142) Pause Young (Mixed) (G1 Evacuation Pause) 288M->182M(305M) 32.617ms
[2026-07-01T02:18:31.853+0000][78.639s][info][gc,cpu      ] GC(142) User=0.04s Sys=0.00s Real=0.03s
[2026-07-01T02:18:32.658+0000][79.444s][info][gc,start    ] GC(143) Pause Young (Concurrent Start) (G1 Evacuation Pause)
[2026-07-01T02:18:32.658+0000][79.444s][info][gc,task     ] GC(143) Using 2 workers of 2 for evacuation
[2026-07-01T02:18:32.677+0000][79.462s][info][gc,phases   ] GC(143)   Pre Evacuate Collection Set: 0.17ms
[2026-07-01T02:18:32.677+0000][79.462s][info][gc,phases   ] GC(143)   Merge Heap Roots: 0.30ms
[2026-07-01T02:18:32.677+0000][79.462s][info][gc,phases   ] GC(143)   Evacuate Collection Set: 17.27ms
[2026-07-01T02:18:32.677+0000][79.462s][info][gc,phases   ] GC(143)   Post Evacuate Collection Set: 0.44ms
[2026-07-01T02:18:32.677+0000][79.462s][info][gc,phases   ] GC(143)   Other: 0.08ms
[2026-07-01T02:18:32.677+0000][79.462s][info][gc,heap     ] GC(143) Eden regions: 105->0(105)
[2026-07-01T02:18:32.677+0000][79.462s][info][gc,heap     ] GC(143) Survivor regions: 7->7(14)
[2026-07-01T02:18:32.677+0000][79.462s][info][gc,heap     ] GC(143) Old regions: 174->174
[2026-07-01T02:18:32.677+0000][79.462s][info][gc,heap     ] GC(143) Humongous regions: 3->3
[2026-07-01T02:18:32.677+0000][79.462s][info][gc,metaspace] GC(143) Metaspace: 41741K(42560K)->41741K(42560K) NonClass: 36596K(36992K)->36596K(36992K) Class: 5145K(5568K)->5145K(5568K)
[2026-07-01T02:18:32.677+0000][79.462s][info][gc          ] GC(143) Pause Young (Concurrent Start) (G1 Evacuation Pause) 287M->183M(305M) 18.463ms
[2026-07-01T02:18:32.677+0000][79.462s][info][gc          ] GC(144) Concurrent Mark Cycle
[2026-07-01T02:18:32.677+0000][79.462s][info][gc,cpu      ] GC(143) User=0.04s Sys=0.01s Real=0.01s
[2026-07-01T02:18:32.677+0000][79.462s][info][gc,marking  ] GC(144) Concurrent Scan Root Regions
[2026-07-01T02:18:32.699+0000][79.484s][info][gc,marking  ] GC(144) Concurrent Scan Root Regions 21.835ms
[2026-07-01T02:18:32.699+0000][79.484s][info][gc,marking  ] GC(144) Concurrent Mark
[2026-07-01T02:18:32.699+0000][79.484s][info][gc,marking  ] GC(144) Concurrent Mark From Roots
[2026-07-01T02:18:32.699+0000][79.484s][info][gc,task     ] GC(144) Using 1 workers of 1 for marking
[2026-07-01T02:18:33.092+0000][79.878s][info][gc,marking  ] GC(144) Concurrent Mark From Roots 393.584ms
[2026-07-01T02:18:33.092+0000][79.878s][info][gc,marking  ] GC(144) Concurrent Preclean
[2026-07-01T02:18:33.092+0000][79.878s][info][gc,marking  ] GC(144) Concurrent Preclean 0.064ms
[2026-07-01T02:18:33.093+0000][79.878s][info][gc,start    ] GC(144) Pause Remark
[2026-07-01T02:18:33.101+0000][79.886s][info][gc          ] GC(144) Pause Remark 226M->226M(307M) 8.444ms
[2026-07-01T02:18:33.101+0000][79.886s][info][gc,cpu      ] GC(144) User=0.01s Sys=0.00s Real=0.01s
[2026-07-01T02:18:33.102+0000][79.887s][info][gc,marking  ] GC(144) Concurrent Mark 403.127ms
[2026-07-01T02:18:33.102+0000][79.887s][info][gc,marking  ] GC(144) Concurrent Rebuild Remembered Sets and Scrub Regions
[2026-07-01T02:18:33.273+0000][80.059s][info][gc,marking  ] GC(144) Concurrent Rebuild Remembered Sets and Scrub Regions 171.593ms
[2026-07-01T02:18:33.274+0000][80.059s][info][gc,start    ] GC(144) Pause Cleanup
[2026-07-01T02:18:33.274+0000][80.059s][info][gc          ] GC(144) Pause Cleanup 244M->244M(307M) 0.157ms
[2026-07-01T02:18:33.274+0000][80.059s][info][gc,cpu      ] GC(144) User=0.00s Sys=0.00s Real=0.00s
[2026-07-01T02:18:33.274+0000][80.059s][info][gc,marking  ] GC(144) Concurrent Clear Claimed Marks
[2026-07-01T02:18:33.274+0000][80.059s][info][gc,marking  ] GC(144) Concurrent Clear Claimed Marks 0.089ms
[2026-07-01T02:18:33.274+0000][80.059s][info][gc,marking  ] GC(144) Concurrent Cleanup for Next Mark
[2026-07-01T02:18:33.275+0000][80.060s][info][gc,marking  ] GC(144) Concurrent Cleanup for Next Mark 0.601ms
[2026-07-01T02:18:33.275+0000][80.060s][info][gc          ] GC(144) Concurrent Mark Cycle 597.866ms
[2026-07-01T02:18:33.561+0000][80.346s][info][gc,start    ] GC(145) Pause Young (Prepare Mixed) (G1 Evacuation Pause)
[2026-07-01T02:18:33.561+0000][80.346s][info][gc,task     ] GC(145) Using 2 workers of 2 for evacuation
[2026-07-01T02:18:33.576+0000][80.362s][info][gc,phases   ] GC(145)   Pre Evacuate Collection Set: 0.24ms
[2026-07-01T02:18:33.576+0000][80.362s][info][gc,phases   ] GC(145)   Merge Heap Roots: 0.77ms
[2026-07-01T02:18:33.576+0000][80.362s][info][gc,phases   ] GC(145)   Evacuate Collection Set: 13.84ms
[2026-07-01T02:18:33.576+0000][80.362s][info][gc,phases   ] GC(145)   Post Evacuate Collection Set: 0.41ms
[2026-07-01T02:18:33.576+0000][80.362s][info][gc,phases   ] GC(145)   Other: 0.06ms
[2026-07-01T02:18:33.576+0000][80.362s][info][gc,heap     ] GC(145) Eden regions: 105->0(107)
[2026-07-01T02:18:33.576+0000][80.362s][info][gc,heap     ] GC(145) Survivor regions: 7->7(14)
[2026-07-01T02:18:33.576+0000][80.362s][info][gc,heap     ] GC(145) Old regions: 174->174
[2026-07-01T02:18:33.576+0000][80.362s][info][gc,heap     ] GC(145) Humongous regions: 3->3
[2026-07-01T02:18:33.576+0000][80.362s][info][gc,metaspace] GC(145) Metaspace: 41741K(42560K)->41741K(42560K) NonClass: 36596K(36992K)->36596K(36992K) Class: 5145K(5568K)->5145K(5568K)
[2026-07-01T02:18:33.577+0000][80.362s][info][gc          ] GC(145) Pause Young (Prepare Mixed) (G1 Evacuation Pause) 288M->183M(307M) 15.491ms
[2026-07-01T02:18:33.577+0000][80.362s][info][gc,cpu      ] GC(145) User=0.03s Sys=0.00s Real=0.01s
[2026-07-01T02:18:34.086+0000][80.871s][info][gc,start    ] GC(146) Pause Young (Mixed) (G1 Evacuation Pause)
[2026-07-01T02:18:34.086+0000][80.871s][info][gc,task     ] GC(146) Using 2 workers of 2 for evacuation
[2026-07-01T02:18:34.100+0000][80.886s][info][gc,phases   ] GC(146)   Pre Evacuate Collection Set: 0.14ms
[2026-07-01T02:18:34.100+0000][80.886s][info][gc,phases   ] GC(146)   Merge Heap Roots: 0.33ms
[2026-07-01T02:18:34.100+0000][80.886s][info][gc,phases   ] GC(146)   Evacuate Collection Set: 13.73ms
[2026-07-01T02:18:34.100+0000][80.886s][info][gc,phases   ] GC(146)   Post Evacuate Collection Set: 0.38ms
[2026-07-01T02:18:34.100+0000][80.886s][info][gc,phases   ] GC(146)   Other: 0.05ms
[2026-07-01T02:18:34.100+0000][80.886s][info][gc,heap     ] GC(146) Eden regions: 107->0(107)
[2026-07-01T02:18:34.100+0000][80.886s][info][gc,heap     ] GC(146) Survivor regions: 7->7(15)
[2026-07-01T02:18:34.100+0000][80.886s][info][gc,heap     ] GC(146) Old regions: 174->174
[2026-07-01T02:18:34.100+0000][80.886s][info][gc,heap     ] GC(146) Humongous regions: 3->3
[2026-07-01T02:18:34.100+0000][80.886s][info][gc,metaspace] GC(146) Metaspace: 41743K(42560K)->41743K(42560K) NonClass: 36598K(36992K)->36598K(36992K) Class: 5145K(5568K)->5145K(5568K)
[2026-07-01T02:18:34.100+0000][80.886s][info][gc          ] GC(146) Pause Young (Mixed) (G1 Evacuation Pause) 290M->184M(307M) 14.787ms
[2026-07-01T02:18:34.100+0000][80.886s][info][gc,cpu      ] GC(146) User=0.03s Sys=0.00s Real=0.02s
[2026-07-01T02:18:34.568+0000][81.353s][info][gc,start    ] GC(147) Pause Young (Concurrent Start) (G1 Evacuation Pause)
[2026-07-01T02:18:34.568+0000][81.353s][info][gc,task     ] GC(147) Using 2 workers of 2 for evacuation
[2026-07-01T02:18:34.581+0000][81.366s][info][gc,phases   ] GC(147)   Pre Evacuate Collection Set: 0.28ms
[2026-07-01T02:18:34.581+0000][81.366s][info][gc,phases   ] GC(147)   Merge Heap Roots: 0.26ms
[2026-07-01T02:18:34.581+0000][81.366s][info][gc,phases   ] GC(147)   Evacuate Collection Set: 12.15ms
[2026-07-01T02:18:34.581+0000][81.366s][info][gc,phases   ] GC(147)   Post Evacuate Collection Set: 0.37ms
[2026-07-01T02:18:34.581+0000][81.366s][info][gc,phases   ] GC(147)   Other: 0.16ms
[2026-07-01T02:18:34.581+0000][81.366s][info][gc,heap     ] GC(147) Eden regions: 107->0(106)
[2026-07-01T02:18:34.581+0000][81.366s][info][gc,heap     ] GC(147) Survivor regions: 7->7(15)
[2026-07-01T02:18:34.581+0000][81.366s][info][gc,heap     ] GC(147) Old regions: 174->175
[2026-07-01T02:18:34.581+0000][81.366s][info][gc,heap     ] GC(147) Humongous regions: 3->3
[2026-07-01T02:18:34.581+0000][81.366s][info][gc,metaspace] GC(147) Metaspace: 41743K(42560K)->41743K(42560K) NonClass: 36598K(36992K)->36598K(36992K) Class: 5145K(5568K)->5145K(5568K)
[2026-07-01T02:18:34.581+0000][81.366s][info][gc          ] GC(147) Pause Young (Concurrent Start) (G1 Evacuation Pause) 291M->184M(307M) 13.364ms
[2026-07-01T02:18:34.581+0000][81.366s][info][gc          ] GC(148) Concurrent Mark Cycle
[2026-07-01T02:18:34.581+0000][81.366s][info][gc,cpu      ] GC(147) User=0.03s Sys=0.00s Real=0.02s
[2026-07-01T02:18:34.581+0000][81.366s][info][gc,marking  ] GC(148) Concurrent Scan Root Regions
[2026-07-01T02:18:34.609+0000][81.394s][info][gc,marking  ] GC(148) Concurrent Scan Root Regions 27.769ms
[2026-07-01T02:18:34.609+0000][81.394s][info][gc,marking  ] GC(148) Concurrent Mark
[2026-07-01T02:18:34.609+0000][81.394s][info][gc,marking  ] GC(148) Concurrent Mark From Roots
[2026-07-01T02:18:34.609+0000][81.394s][info][gc,task     ] GC(148) Using 1 workers of 1 for marking
[2026-07-01T02:18:35.087+0000][81.872s][info][gc,marking  ] GC(148) Concurrent Mark From Roots 477.985ms
[2026-07-01T02:18:35.087+0000][81.872s][info][gc,marking  ] GC(148) Concurrent Preclean
[2026-07-01T02:18:35.087+0000][81.872s][info][gc,marking  ] GC(148) Concurrent Preclean 0.071ms
[2026-07-01T02:18:35.087+0000][81.872s][info][gc,start    ] GC(148) Pause Remark
[2026-07-01T02:18:35.094+0000][81.879s][info][gc          ] GC(148) Pause Remark 270M->270M(309M) 6.509ms
[2026-07-01T02:18:35.094+0000][81.879s][info][gc,cpu      ] GC(148) User=0.01s Sys=0.00s Real=0.01s
[2026-07-01T02:18:35.097+0000][81.882s][info][gc,marking  ] GC(148) Concurrent Mark 488.029ms
[2026-07-01T02:18:35.097+0000][81.882s][info][gc,marking  ] GC(148) Concurrent Rebuild Remembered Sets and Scrub Regions
[2026-07-01T02:18:35.198+0000][81.984s][info][gc,start    ] GC(149) Pause Young (Normal) (G1 Evacuation Pause)
[2026-07-01T02:18:35.198+0000][81.984s][info][gc,task     ] GC(149) Using 2 workers of 2 for evacuation
[2026-07-01T02:18:35.218+0000][82.003s][info][gc,phases   ] GC(149)   Pre Evacuate Collection Set: 0.12ms
[2026-07-01T02:18:35.218+0000][82.003s][info][gc,phases   ] GC(149)   Merge Heap Roots: 0.31ms
[2026-07-01T02:18:35.218+0000][82.003s][info][gc,phases   ] GC(149)   Evacuate Collection Set: 18.13ms
[2026-07-01T02:18:35.218+0000][82.003s][info][gc,phases   ] GC(149)   Post Evacuate Collection Set: 0.59ms
[2026-07-01T02:18:35.218+0000][82.003s][info][gc,phases   ] GC(149)   Other: 0.05ms
[2026-07-01T02:18:35.218+0000][82.003s][info][gc,heap     ] GC(149) Eden regions: 106->0(108)
[2026-07-01T02:18:35.218+0000][82.003s][info][gc,heap     ] GC(149) Survivor regions: 7->7(15)
[2026-07-01T02:18:35.218+0000][82.003s][info][gc,heap     ] GC(149) Old regions: 175->175
[2026-07-01T02:18:35.218+0000][82.003s][info][gc,heap     ] GC(149) Humongous regions: 3->3
[2026-07-01T02:18:35.218+0000][82.003s][info][gc,metaspace] GC(149) Metaspace: 41743K(42560K)->41743K(42560K) NonClass: 36598K(36992K)->36598K(36992K) Class: 5145K(5568K)->5145K(5568K)
[2026-07-01T02:18:35.218+0000][82.003s][info][gc          ] GC(149) Pause Young (Normal) (G1 Evacuation Pause) 290M->184M(309M) 19.342ms
[2026-07-01T02:18:35.218+0000][82.003s][info][gc,cpu      ] GC(149) User=0.04s Sys=0.00s Real=0.01s
[2026-07-01T02:18:35.335+0000][82.121s][info][gc,marking  ] GC(148) Concurrent Rebuild Remembered Sets and Scrub Regions 238.547ms
[2026-07-01T02:18:35.336+0000][82.121s][info][gc,start    ] GC(148) Pause Cleanup
[2026-07-01T02:18:35.336+0000][82.121s][info][gc          ] GC(148) Pause Cleanup 206M->206M(309M) 0.172ms
[2026-07-01T02:18:35.336+0000][82.121s][info][gc,cpu      ] GC(148) User=0.00s Sys=0.00s Real=0.00s
[2026-07-01T02:18:35.337+0000][82.123s][info][gc,marking  ] GC(148) Concurrent Clear Claimed Marks
[2026-07-01T02:18:35.337+0000][82.123s][info][gc,marking  ] GC(148) Concurrent Clear Claimed Marks 0.095ms
[2026-07-01T02:18:35.337+0000][82.123s][info][gc,marking  ] GC(148) Concurrent Cleanup for Next Mark
[2026-07-01T02:18:35.338+0000][82.123s][info][gc,marking  ] GC(148) Concurrent Cleanup for Next Mark 0.504ms
[2026-07-01T02:18:35.338+0000][82.123s][info][gc          ] GC(148) Concurrent Mark Cycle 756.847ms
[2026-07-01T02:18:35.726+0000][82.511s][info][gc,start    ] GC(150) Pause Young (Prepare Mixed) (G1 Evacuation Pause)
[2026-07-01T02:18:35.726+0000][82.511s][info][gc,task     ] GC(150) Using 2 workers of 2 for evacuation
[2026-07-01T02:18:35.741+0000][82.526s][info][gc,phases   ] GC(150)   Pre Evacuate Collection Set: 0.17ms
[2026-07-01T02:18:35.741+0000][82.526s][info][gc,phases   ] GC(150)   Merge Heap Roots: 0.51ms
[2026-07-01T02:18:35.741+0000][82.526s][info][gc,phases   ] GC(150)   Evacuate Collection Set: 13.65ms
[2026-07-01T02:18:35.741+0000][82.526s][info][gc,phases   ] GC(150)   Post Evacuate Collection Set: 0.34ms
[2026-07-01T02:18:35.741+0000][82.526s][info][gc,phases   ] GC(150)   Other: 0.05ms
[2026-07-01T02:18:35.741+0000][82.526s][info][gc,heap     ] GC(150) Eden regions: 108->0(107)
[2026-07-01T02:18:35.741+0000][82.526s][info][gc,heap     ] GC(150) Survivor regions: 7->7(15)
[2026-07-01T02:18:35.741+0000][82.526s][info][gc,heap     ] GC(150) Old regions: 175->176
[2026-07-01T02:18:35.741+0000][82.526s][info][gc,heap     ] GC(150) Humongous regions: 3->3
[2026-07-01T02:18:35.741+0000][82.526s][info][gc,metaspace] GC(150) Metaspace: 41748K(42560K)->41748K(42560K) NonClass: 36602K(36992K)->36602K(36992K) Class: 5145K(5568K)->5145K(5568K)
[2026-07-01T02:18:35.741+0000][82.526s][info][gc          ] GC(150) Pause Young (Prepare Mixed) (G1 Evacuation Pause) 292M->185M(309M) 14.881ms
[2026-07-01T02:18:35.741+0000][82.526s][info][gc,cpu      ] GC(150) User=0.03s Sys=0.00s Real=0.02s
[2026-07-01T02:18:36.206+0000][82.991s][info][gc,start    ] GC(151) Pause Young (Mixed) (G1 Evacuation Pause)
[2026-07-01T02:18:36.206+0000][82.992s][info][gc,task     ] GC(151) Using 2 workers of 2 for evacuation
[2026-07-01T02:18:36.226+0000][83.012s][info][gc,phases   ] GC(151)   Pre Evacuate Collection Set: 0.16ms
[2026-07-01T02:18:36.226+0000][83.012s][info][gc,phases   ] GC(151)   Merge Heap Roots: 0.47ms
[2026-07-01T02:18:36.226+0000][83.012s][info][gc,phases   ] GC(151)   Evacuate Collection Set: 19.07ms
[2026-07-01T02:18:36.226+0000][83.012s][info][gc,phases   ] GC(151)   Post Evacuate Collection Set: 0.41ms
[2026-07-01T02:18:36.226+0000][83.012s][info][gc,phases   ] GC(151)   Other: 0.06ms
[2026-07-01T02:18:36.226+0000][83.012s][info][gc,heap     ] GC(151) Eden regions: 107->0(107)
[2026-07-01T02:18:36.226+0000][83.012s][info][gc,heap     ] GC(151) Survivor regions: 7->7(15)
[2026-07-01T02:18:36.226+0000][83.012s][info][gc,heap     ] GC(151) Old regions: 176->176
[2026-07-01T02:18:36.226+0000][83.012s][info][gc,heap     ] GC(151) Humongous regions: 3->3
[2026-07-01T02:18:36.226+0000][83.012s][info][gc,metaspace] GC(151) Metaspace: 41751K(42560K)->41751K(42560K) NonClass: 36606K(36992K)->36606K(36992K) Class: 5145K(5568K)->5145K(5568K)
[2026-07-01T02:18:36.226+0000][83.012s][info][gc          ] GC(151) Pause Young (Mixed) (G1 Evacuation Pause) 292M->185M(309M) 20.309ms
[2026-07-01T02:18:36.226+0000][83.012s][info][gc,cpu      ] GC(151) User=0.04s Sys=0.00s Real=0.02s
[2026-07-01T02:18:36.715+0000][83.501s][info][gc,start    ] GC(152) Pause Young (Concurrent Start) (G1 Evacuation Pause)
[2026-07-01T02:18:36.715+0000][83.501s][info][gc,task     ] GC(152) Using 2 workers of 2 for evacuation
[2026-07-01T02:18:36.729+0000][83.514s][info][gc,phases   ] GC(152)   Pre Evacuate Collection Set: 0.17ms
[2026-07-01T02:18:36.729+0000][83.514s][info][gc,phases   ] GC(152)   Merge Heap Roots: 0.32ms
[2026-07-01T02:18:36.729+0000][83.514s][info][gc,phases   ] GC(152)   Evacuate Collection Set: 12.33ms
[2026-07-01T02:18:36.729+0000][83.514s][info][gc,phases   ] GC(152)   Post Evacuate Collection Set: 0.37ms
[2026-07-01T02:18:36.729+0000][83.514s][info][gc,phases   ] GC(152)   Other: 0.10ms
[2026-07-01T02:18:36.729+0000][83.514s][info][gc,heap     ] GC(152) Eden regions: 107->0(107)
[2026-07-01T02:18:36.729+0000][83.514s][info][gc,heap     ] GC(152) Survivor regions: 7->7(15)
[2026-07-01T02:18:36.729+0000][83.514s][info][gc,heap     ] GC(152) Old regions: 176->176
[2026-07-01T02:18:36.729+0000][83.514s][info][gc,heap     ] GC(152) Humongous regions: 3->3
[2026-07-01T02:18:36.729+0000][83.514s][info][gc,metaspace] GC(152) Metaspace: 41751K(42560K)->41751K(42560K) NonClass: 36606K(36992K)->36606K(36992K) Class: 5145K(5568K)->5145K(5568K)
[2026-07-01T02:18:36.729+0000][83.514s][info][gc          ] GC(152) Pause Young (Concurrent Start) (G1 Evacuation Pause) 292M->185M(309M) 13.466ms
[2026-07-01T02:18:36.729+0000][83.514s][info][gc          ] GC(153) Concurrent Mark Cycle
[2026-07-01T02:18:36.729+0000][83.514s][info][gc,marking  ] GC(153) Concurrent Scan Root Regions
[2026-07-01T02:18:36.729+0000][83.514s][info][gc,cpu      ] GC(152) User=0.03s Sys=0.00s Real=0.02s
[2026-07-01T02:18:36.765+0000][83.550s][info][gc,marking  ] GC(153) Concurrent Scan Root Regions 35.889ms
[2026-07-01T02:18:36.765+0000][83.550s][info][gc,marking  ] GC(153) Concurrent Mark
[2026-07-01T02:18:36.765+0000][83.550s][info][gc,marking  ] GC(153) Concurrent Mark From Roots
[2026-07-01T02:18:36.765+0000][83.550s][info][gc,task     ] GC(153) Using 1 workers of 1 for marking
[2026-07-01T02:18:37.320+0000][84.105s][info][gc,start    ] GC(154) Pause Young (Normal) (G1 Evacuation Pause)
[2026-07-01T02:18:37.320+0000][84.105s][info][gc,task     ] GC(154) Using 2 workers of 2 for evacuation
[2026-07-01T02:18:37.340+0000][84.125s][info][gc,phases   ] GC(154)   Pre Evacuate Collection Set: 0.19ms
[2026-07-01T02:18:37.340+0000][84.125s][info][gc,phases   ] GC(154)   Merge Heap Roots: 0.51ms
[2026-07-01T02:18:37.340+0000][84.125s][info][gc,phases   ] GC(154)   Evacuate Collection Set: 18.58ms
[2026-07-01T02:18:37.340+0000][84.125s][info][gc,phases   ] GC(154)   Post Evacuate Collection Set: 0.40ms
[2026-07-01T02:18:37.340+0000][84.125s][info][gc,phases   ] GC(154)   Other: 0.06ms
[2026-07-01T02:18:37.340+0000][84.125s][info][gc,heap     ] GC(154) Eden regions: 107->0(107)
[2026-07-01T02:18:37.340+0000][84.125s][info][gc,heap     ] GC(154) Survivor regions: 7->7(15)
[2026-07-01T02:18:37.340+0000][84.125s][info][gc,heap     ] GC(154) Old regions: 176->176
[2026-07-01T02:18:37.340+0000][84.125s][info][gc,heap     ] GC(154) Humongous regions: 3->3
[2026-07-01T02:18:37.340+0000][84.125s][info][gc,metaspace] GC(154) Metaspace: 41751K(42560K)->41751K(42560K) NonClass: 36606K(36992K)->36606K(36992K) Class: 5145K(5568K)->5145K(5568K)
[2026-07-01T02:18:37.340+0000][84.125s][info][gc          ] GC(154) Pause Young (Normal) (G1 Evacuation Pause) 292M->185M(309M) 19.907ms
[2026-07-01T02:18:37.340+0000][84.125s][info][gc,cpu      ] GC(154) User=0.04s Sys=0.01s Real=0.02s
[2026-07-01T02:18:37.374+0000][84.159s][info][gc,marking  ] GC(153) Concurrent Mark From Roots 609.076ms
[2026-07-01T02:18:37.374+0000][84.159s][info][gc,marking  ] GC(153) Concurrent Preclean
[2026-07-01T02:18:37.374+0000][84.159s][info][gc,marking  ] GC(153) Concurrent Preclean 0.055ms
[2026-07-01T02:18:37.374+0000][84.160s][info][gc,start    ] GC(153) Pause Remark
[2026-07-01T02:18:37.380+0000][84.165s][info][gc          ] GC(153) Pause Remark 193M->193M(310M) 5.769ms
[2026-07-01T02:18:37.380+0000][84.165s][info][gc,cpu      ] GC(153) User=0.01s Sys=0.00s Real=0.01s
[2026-07-01T02:18:37.382+0000][84.167s][info][gc,marking  ] GC(153) Concurrent Mark 617.165ms
[2026-07-01T02:18:37.382+0000][84.167s][info][gc,marking  ] GC(153) Concurrent Rebuild Remembered Sets and Scrub Regions
[2026-07-01T02:18:37.735+0000][84.520s][info][gc,marking  ] GC(153) Concurrent Rebuild Remembered Sets and Scrub Regions 352.674ms
[2026-07-01T02:18:37.735+0000][84.521s][info][gc,start    ] GC(153) Pause Cleanup
[2026-07-01T02:18:37.736+0000][84.521s][info][gc          ] GC(153) Pause Cleanup 264M->264M(310M) 0.175ms
[2026-07-01T02:18:37.736+0000][84.521s][info][gc,cpu      ] GC(153) User=0.00s Sys=0.00s Real=0.00s
[2026-07-01T02:18:37.737+0000][84.522s][info][gc,marking  ] GC(153) Concurrent Clear Claimed Marks
[2026-07-01T02:18:37.737+0000][84.522s][info][gc,marking  ] GC(153) Concurrent Clear Claimed Marks 0.103ms
[2026-07-01T02:18:37.737+0000][84.522s][info][gc,marking  ] GC(153) Concurrent Cleanup for Next Mark
[2026-07-01T02:18:37.738+0000][84.523s][info][gc,marking  ] GC(153) Concurrent Cleanup for Next Mark 0.581ms
[2026-07-01T02:18:37.738+0000][84.523s][info][gc          ] GC(153) Concurrent Mark Cycle 1008.874ms
[2026-07-01T02:18:37.859+0000][84.645s][info][gc,start    ] GC(155) Pause Young (Prepare Mixed) (G1 Evacuation Pause)
[2026-07-01T02:18:37.859+0000][84.645s][info][gc,task     ] GC(155) Using 2 workers of 2 for evacuation
[2026-07-01T02:18:37.872+0000][84.658s][info][gc,phases   ] GC(155)   Pre Evacuate Collection Set: 0.20ms
[2026-07-01T02:18:37.872+0000][84.658s][info][gc,phases   ] GC(155)   Merge Heap Roots: 0.53ms
[2026-07-01T02:18:37.872+0000][84.658s][info][gc,phases   ] GC(155)   Evacuate Collection Set: 11.68ms
[2026-07-01T02:18:37.872+0000][84.658s][info][gc,phases   ] GC(155)   Post Evacuate Collection Set: 0.40ms
[2026-07-01T02:18:37.872+0000][84.658s][info][gc,phases   ] GC(155)   Other: 0.06ms
[2026-07-01T02:18:37.872+0000][84.658s][info][gc,heap     ] GC(155) Eden regions: 107->0(106)
[2026-07-01T02:18:37.872+0000][84.658s][info][gc,heap     ] GC(155) Survivor regions: 7->8(15)
[2026-07-01T02:18:37.872+0000][84.658s][info][gc,heap     ] GC(155) Old regions: 176->177
[2026-07-01T02:18:37.872+0000][84.658s][info][gc,heap     ] GC(155) Humongous regions: 3->3
[2026-07-01T02:18:37.872+0000][84.658s][info][gc,metaspace] GC(155) Metaspace: 41751K(42560K)->41751K(42560K) NonClass: 36606K(36992K)->36606K(36992K) Class: 5145K(5568K)->5145K(5568K)
[2026-07-01T02:18:37.872+0000][84.658s][info][gc          ] GC(155) Pause Young (Prepare Mixed) (G1 Evacuation Pause) 292M->186M(310M) 13.034ms
[2026-07-01T02:18:37.872+0000][84.658s][info][gc,cpu      ] GC(155) User=0.03s Sys=0.00s Real=0.01s
[2026-07-01T02:18:38.337+0000][85.123s][info][gc,start    ] GC(156) Pause Young (Mixed) (G1 Evacuation Pause)
[2026-07-01T02:18:38.337+0000][85.123s][info][gc,task     ] GC(156) Using 2 workers of 2 for evacuation
[2026-07-01T02:18:38.359+0000][85.145s][info][gc,phases   ] GC(156)   Pre Evacuate Collection Set: 0.22ms
[2026-07-01T02:18:38.359+0000][85.145s][info][gc,phases   ] GC(156)   Merge Heap Roots: 0.55ms
[2026-07-01T02:18:38.359+0000][85.145s][info][gc,phases   ] GC(156)   Evacuate Collection Set: 20.79ms
[2026-07-01T02:18:38.359+0000][85.145s][info][gc,phases   ] GC(156)   Post Evacuate Collection Set: 0.44ms
[2026-07-01T02:18:38.360+0000][85.145s][info][gc,phases   ] GC(156)   Other: 0.06ms
[2026-07-01T02:18:38.360+0000][85.145s][info][gc,heap     ] GC(156) Eden regions: 106->0(107)
[2026-07-01T02:18:38.360+0000][85.145s][info][gc,heap     ] GC(156) Survivor regions: 8->7(15)
[2026-07-01T02:18:38.360+0000][85.145s][info][gc,heap     ] GC(156) Old regions: 177->177
[2026-07-01T02:18:38.360+0000][85.145s][info][gc,heap     ] GC(156) Humongous regions: 3->3
[2026-07-01T02:18:38.360+0000][85.145s][info][gc,metaspace] GC(156) Metaspace: 41751K(42560K)->41751K(42560K) NonClass: 36606K(36992K)->36606K(36992K) Class: 5145K(5568K)->5145K(5568K)
[2026-07-01T02:18:38.360+0000][85.145s][info][gc          ] GC(156) Pause Young (Mixed) (G1 Evacuation Pause) 292M->186M(310M) 22.221ms
[2026-07-01T02:18:38.360+0000][85.145s][info][gc,cpu      ] GC(156) User=0.04s Sys=0.00s Real=0.03s
[2026-07-01T02:18:38.834+0000][85.619s][info][gc,start    ] GC(157) Pause Young (Concurrent Start) (G1 Evacuation Pause)
[2026-07-01T02:18:38.834+0000][85.619s][info][gc,task     ] GC(157) Using 2 workers of 2 for evacuation
[2026-07-01T02:18:38.848+0000][85.633s][info][gc,phases   ] GC(157)   Pre Evacuate Collection Set: 0.23ms
[2026-07-01T02:18:38.848+0000][85.633s][info][gc,phases   ] GC(157)   Merge Heap Roots: 0.29ms
[2026-07-01T02:18:38.848+0000][85.633s][info][gc,phases   ] GC(157)   Evacuate Collection Set: 12.92ms
[2026-07-01T02:18:38.848+0000][85.633s][info][gc,phases   ] GC(157)   Post Evacuate Collection Set: 0.32ms
[2026-07-01T02:18:38.848+0000][85.633s][info][gc,phases   ] GC(157)   Other: 0.09ms
[2026-07-01T02:18:38.848+0000][85.633s][info][gc,heap     ] GC(157) Eden regions: 107->0(107)
[2026-07-01T02:18:38.848+0000][85.633s][info][gc,heap     ] GC(157) Survivor regions: 7->7(15)
[2026-07-01T02:18:38.848+0000][85.633s][info][gc,heap     ] GC(157) Old regions: 177->177
[2026-07-01T02:18:38.848+0000][85.633s][info][gc,heap     ] GC(157) Humongous regions: 3->3
[2026-07-01T02:18:38.848+0000][85.633s][info][gc,metaspace] GC(157) Metaspace: 41751K(42560K)->41751K(42560K) NonClass: 36606K(36992K)->36606K(36992K) Class: 5145K(5568K)->5145K(5568K)
[2026-07-01T02:18:38.848+0000][85.633s][info][gc          ] GC(157) Pause Young (Concurrent Start) (G1 Evacuation Pause) 293M->186M(310M) 14.002ms
[2026-07-01T02:18:38.848+0000][85.633s][info][gc          ] GC(158) Concurrent Mark Cycle
[2026-07-01T02:18:38.848+0000][85.633s][info][gc,marking  ] GC(158) Concurrent Scan Root Regions
[2026-07-01T02:18:38.848+0000][85.633s][info][gc,cpu      ] GC(157) User=0.03s Sys=0.00s Real=0.01s
[2026-07-01T02:18:38.877+0000][85.662s][info][gc,marking  ] GC(158) Concurrent Scan Root Regions 28.757ms
[2026-07-01T02:18:38.877+0000][85.662s][info][gc,marking  ] GC(158) Concurrent Mark
[2026-07-01T02:18:38.877+0000][85.662s][info][gc,marking  ] GC(158) Concurrent Mark From Roots
[2026-07-01T02:18:38.877+0000][85.662s][info][gc,task     ] GC(158) Using 1 workers of 1 for marking
[2026-07-01T02:18:39.435+0000][86.220s][info][gc,start    ] GC(159) Pause Young (Normal) (G1 Evacuation Pause)
[2026-07-01T02:18:39.435+0000][86.220s][info][gc,task     ] GC(159) Using 2 workers of 2 for evacuation
[2026-07-01T02:18:39.454+0000][86.239s][info][gc,phases   ] GC(159)   Pre Evacuate Collection Set: 0.16ms
[2026-07-01T02:18:39.454+0000][86.239s][info][gc,phases   ] GC(159)   Merge Heap Roots: 0.44ms
[2026-07-01T02:18:39.454+0000][86.239s][info][gc,phases   ] GC(159)   Evacuate Collection Set: 17.98ms
[2026-07-01T02:18:39.454+0000][86.239s][info][gc,phases   ] GC(159)   Post Evacuate Collection Set: 0.42ms
[2026-07-01T02:18:39.454+0000][86.239s][info][gc,phases   ] GC(159)   Other: 0.08ms
[2026-07-01T02:18:39.454+0000][86.239s][info][gc,heap     ] GC(159) Eden regions: 107->0(106)
[2026-07-01T02:18:39.454+0000][86.239s][info][gc,heap     ] GC(159) Survivor regions: 7->7(15)
[2026-07-01T02:18:39.454+0000][86.239s][info][gc,heap     ] GC(159) Old regions: 177->178
[2026-07-01T02:18:39.454+0000][86.239s][info][gc,heap     ] GC(159) Humongous regions: 3->3
[2026-07-01T02:18:39.454+0000][86.239s][info][gc,metaspace] GC(159) Metaspace: 41751K(42560K)->41751K(42560K) NonClass: 36606K(36992K)->36606K(36992K) Class: 5145K(5568K)->5145K(5568K)
[2026-07-01T02:18:39.454+0000][86.240s][info][gc          ] GC(159) Pause Young (Normal) (G1 Evacuation Pause) 293M->187M(310M) 19.238ms
[2026-07-01T02:18:39.454+0000][86.240s][info][gc,cpu      ] GC(159) User=0.03s Sys=0.00s Real=0.02s
[2026-07-01T02:18:39.497+0000][86.282s][info][gc,marking  ] GC(158) Concurrent Mark From Roots 620.364ms
[2026-07-01T02:18:39.497+0000][86.282s][info][gc,marking  ] GC(158) Concurrent Preclean
[2026-07-01T02:18:39.497+0000][86.283s][info][gc,marking  ] GC(158) Concurrent Preclean 0.088ms
[2026-07-01T02:18:39.498+0000][86.283s][info][gc,start    ] GC(158) Pause Remark
[2026-07-01T02:18:39.503+0000][86.288s][info][gc          ] GC(158) Pause Remark 196M->196M(314M) 5.514ms
[2026-07-01T02:18:39.503+0000][86.289s][info][gc,cpu      ] GC(158) User=0.00s Sys=0.00s Real=0.01s
[2026-07-01T02:18:39.506+0000][86.291s][info][gc,marking  ] GC(158) Concurrent Mark 629.353ms
[2026-07-01T02:18:39.506+0000][86.291s][info][gc,marking  ] GC(158) Concurrent Rebuild Remembered Sets and Scrub Regions
[2026-07-01T02:18:39.795+0000][86.580s][info][gc,marking  ] GC(158) Concurrent Rebuild Remembered Sets and Scrub Regions 288.573ms
[2026-07-01T02:18:39.795+0000][86.580s][info][gc,start    ] GC(158) Pause Cleanup
[2026-07-01T02:18:39.797+0000][86.582s][info][gc          ] GC(158) Pause Cleanup 252M->252M(314M) 2.201ms
[2026-07-01T02:18:39.797+0000][86.582s][info][gc,cpu      ] GC(158) User=0.00s Sys=0.00s Real=0.00s
[2026-07-01T02:18:39.797+0000][86.582s][info][gc,marking  ] GC(158) Concurrent Clear Claimed Marks
[2026-07-01T02:18:39.797+0000][86.582s][info][gc,marking  ] GC(158) Concurrent Clear Claimed Marks 0.073ms
[2026-07-01T02:18:39.797+0000][86.582s][info][gc,marking  ] GC(158) Concurrent Cleanup for Next Mark
[2026-07-01T02:18:39.799+0000][86.584s][info][gc,marking  ] GC(158) Concurrent Cleanup for Next Mark 1.475ms
[2026-07-01T02:18:39.799+0000][86.584s][info][gc          ] GC(158) Concurrent Mark Cycle 950.717ms
[2026-07-01T02:18:39.971+0000][86.756s][info][gc,start    ] GC(160) Pause Young (Prepare Mixed) (G1 Evacuation Pause)
[2026-07-01T02:18:39.971+0000][86.756s][info][gc,task     ] GC(160) Using 2 workers of 2 for evacuation
[2026-07-01T02:18:39.984+0000][86.769s][info][gc,phases   ] GC(160)   Pre Evacuate Collection Set: 0.16ms
[2026-07-01T02:18:39.984+0000][86.769s][info][gc,phases   ] GC(160)   Merge Heap Roots: 0.46ms
[2026-07-01T02:18:39.984+0000][86.769s][info][gc,phases   ] GC(160)   Evacuate Collection Set: 11.78ms
[2026-07-01T02:18:39.984+0000][86.769s][info][gc,phases   ] GC(160)   Post Evacuate Collection Set: 0.39ms
[2026-07-01T02:18:39.984+0000][86.769s][info][gc,phases   ] GC(160)   Other: 0.06ms
[2026-07-01T02:18:39.984+0000][86.769s][info][gc,heap     ] GC(160) Eden regions: 105->0(108)
[2026-07-01T02:18:39.984+0000][86.769s][info][gc,heap     ] GC(160) Survivor regions: 7->8(14)
[2026-07-01T02:18:39.984+0000][86.769s][info][gc,heap     ] GC(160) Old regions: 178->178
[2026-07-01T02:18:39.984+0000][86.769s][info][gc,heap     ] GC(160) Humongous regions: 3->3
[2026-07-01T02:18:39.984+0000][86.769s][info][gc,metaspace] GC(160) Metaspace: 41752K(42560K)->41752K(42560K) NonClass: 36606K(36992K)->36606K(36992K) Class: 5145K(5568K)->5145K(5568K)
[2026-07-01T02:18:39.984+0000][86.769s][info][gc          ] GC(160) Pause Young (Prepare Mixed) (G1 Evacuation Pause) 292M->188M(314M) 13.018ms
[2026-07-01T02:18:39.984+0000][86.769s][info][gc,cpu      ] GC(160) User=0.03s Sys=0.00s Real=0.01s
[2026-07-01T02:18:40.462+0000][87.248s][info][gc,start    ] GC(161) Pause Young (Mixed) (G1 Evacuation Pause)
[2026-07-01T02:18:40.462+0000][87.248s][info][gc,task     ] GC(161) Using 2 workers of 2 for evacuation
[2026-07-01T02:18:40.483+0000][87.269s][info][gc,phases   ] GC(161)   Pre Evacuate Collection Set: 0.17ms
[2026-07-01T02:18:40.483+0000][87.269s][info][gc,phases   ] GC(161)   Merge Heap Roots: 0.56ms
[2026-07-01T02:18:40.483+0000][87.269s][info][gc,phases   ] GC(161)   Evacuate Collection Set: 19.50ms
[2026-07-01T02:18:40.483+0000][87.269s][info][gc,phases   ] GC(161)   Post Evacuate Collection Set: 0.44ms
[2026-07-01T02:18:40.483+0000][87.269s][info][gc,phases   ] GC(161)   Other: 0.06ms
[2026-07-01T02:18:40.483+0000][87.269s][info][gc,heap     ] GC(161) Eden regions: 108->0(109)
[2026-07-01T02:18:40.483+0000][87.269s][info][gc,heap     ] GC(161) Survivor regions: 8->7(15)
[2026-07-01T02:18:40.483+0000][87.269s][info][gc,heap     ] GC(161) Old regions: 178->178
[2026-07-01T02:18:40.483+0000][87.269s][info][gc,heap     ] GC(161) Humongous regions: 3->3
[2026-07-01T02:18:40.483+0000][87.269s][info][gc,metaspace] GC(161) Metaspace: 41752K(42560K)->41752K(42560K) NonClass: 36606K(36992K)->36606K(36992K) Class: 5145K(5568K)->5145K(5568K)
[2026-07-01T02:18:40.483+0000][87.269s][info][gc          ] GC(161) Pause Young (Mixed) (G1 Evacuation Pause) 296M->187M(314M) 20.890ms
[2026-07-01T02:18:40.483+0000][87.269s][info][gc,cpu      ] GC(161) User=0.04s Sys=0.00s Real=0.02s
[2026-07-01T02:18:41.000+0000][87.785s][info][gc,start    ] GC(162) Pause Young (Concurrent Start) (G1 Evacuation Pause)
[2026-07-01T02:18:41.000+0000][87.785s][info][gc,task     ] GC(162) Using 2 workers of 2 for evacuation
[2026-07-01T02:18:41.043+0000][87.829s][info][gc,phases   ] GC(162)   Pre Evacuate Collection Set: 0.24ms
[2026-07-01T02:18:41.043+0000][87.829s][info][gc,phases   ] GC(162)   Merge Heap Roots: 0.46ms
[2026-07-01T02:18:41.043+0000][87.829s][info][gc,phases   ] GC(162)   Evacuate Collection Set: 42.30ms
[2026-07-01T02:18:41.043+0000][87.829s][info][gc,phases   ] GC(162)   Post Evacuate Collection Set: 0.71ms
[2026-07-01T02:18:41.043+0000][87.829s][info][gc,phases   ] GC(162)   Other: 0.08ms
[2026-07-01T02:18:41.044+0000][87.829s][info][gc,heap     ] GC(162) Eden regions: 109->0(108)
[2026-07-01T02:18:41.044+0000][87.829s][info][gc,heap     ] GC(162) Survivor regions: 7->7(15)
[2026-07-01T02:18:41.044+0000][87.829s][info][gc,heap     ] GC(162) Old regions: 178->179
[2026-07-01T02:18:41.044+0000][87.829s][info][gc,heap     ] GC(162) Humongous regions: 3->3
[2026-07-01T02:18:41.044+0000][87.829s][info][gc,metaspace] GC(162) Metaspace: 41752K(42560K)->41752K(42560K) NonClass: 36606K(36992K)->36606K(36992K) Class: 5145K(5568K)->5145K(5568K)
[2026-07-01T02:18:41.044+0000][87.829s][info][gc          ] GC(162) Pause Young (Concurrent Start) (G1 Evacuation Pause) 296M->188M(314M) 44.008ms
[2026-07-01T02:18:41.044+0000][87.829s][info][gc          ] GC(163) Concurrent Mark Cycle
[2026-07-01T02:18:41.044+0000][87.829s][info][gc,cpu      ] GC(162) User=0.04s Sys=0.00s Real=0.04s
[2026-07-01T02:18:41.044+0000][87.829s][info][gc,marking  ] GC(163) Concurrent Scan Root Regions
[2026-07-01T02:18:41.057+0000][87.842s][info][gc,marking  ] GC(163) Concurrent Scan Root Regions 13.231ms
[2026-07-01T02:18:41.057+0000][87.842s][info][gc,marking  ] GC(163) Concurrent Mark
[2026-07-01T02:18:41.057+0000][87.842s][info][gc,marking  ] GC(163) Concurrent Mark From Roots
[2026-07-01T02:18:41.057+0000][87.842s][info][gc,task     ] GC(163) Using 1 workers of 1 for marking
[2026-07-01T02:18:41.453+0000][88.239s][info][gc,marking  ] GC(163) Concurrent Mark From Roots 396.184ms
[2026-07-01T02:18:41.453+0000][88.239s][info][gc,marking  ] GC(163) Concurrent Preclean
[2026-07-01T02:18:41.453+0000][88.239s][info][gc,marking  ] GC(163) Concurrent Preclean 0.086ms
[2026-07-01T02:18:41.453+0000][88.239s][info][gc,start    ] GC(163) Pause Remark
[2026-07-01T02:18:41.462+0000][88.247s][info][gc          ] GC(163) Pause Remark 235M->235M(315M) 8.382ms
[2026-07-01T02:18:41.462+0000][88.247s][info][gc,cpu      ] GC(163) User=0.01s Sys=0.00s Real=0.01s
[2026-07-01T02:18:41.464+0000][88.249s][info][gc,marking  ] GC(163) Concurrent Mark 406.951ms
[2026-07-01T02:18:41.464+0000][88.249s][info][gc,marking  ] GC(163) Concurrent Rebuild Remembered Sets and Scrub Regions
[2026-07-01T02:18:41.652+0000][88.438s][info][gc,marking  ] GC(163) Concurrent Rebuild Remembered Sets and Scrub Regions 188.276ms
[2026-07-01T02:18:41.652+0000][88.438s][info][gc,start    ] GC(163) Pause Cleanup
[2026-07-01T02:18:41.653+0000][88.438s][info][gc          ] GC(163) Pause Cleanup 256M->256M(315M) 0.145ms
[2026-07-01T02:18:41.653+0000][88.438s][info][gc,cpu      ] GC(163) User=0.00s Sys=0.00s Real=0.00s
[2026-07-01T02:18:41.653+0000][88.438s][info][gc,marking  ] GC(163) Concurrent Clear Claimed Marks
[2026-07-01T02:18:41.653+0000][88.438s][info][gc,marking  ] GC(163) Concurrent Clear Claimed Marks 0.083ms
[2026-07-01T02:18:41.653+0000][88.438s][info][gc,marking  ] GC(163) Concurrent Cleanup for Next Mark
[2026-07-01T02:18:41.654+0000][88.439s][info][gc,marking  ] GC(163) Concurrent Cleanup for Next Mark 0.719ms
[2026-07-01T02:18:41.654+0000][88.439s][info][gc          ] GC(163) Concurrent Mark Cycle 609.987ms
[2026-07-01T02:18:41.930+0000][88.716s][info][gc,start    ] GC(164) Pause Young (Prepare Mixed) (G1 Evacuation Pause)
[2026-07-01T02:18:41.931+0000][88.716s][info][gc,task     ] GC(164) Using 2 workers of 2 for evacuation
[2026-07-01T02:18:41.964+0000][88.749s][info][gc,phases   ] GC(164)   Pre Evacuate Collection Set: 0.21ms
[2026-07-01T02:18:41.964+0000][88.749s][info][gc,phases   ] GC(164)   Merge Heap Roots: 0.58ms
[2026-07-01T02:18:41.964+0000][88.749s][info][gc,phases   ] GC(164)   Evacuate Collection Set: 31.83ms
[2026-07-01T02:18:41.964+0000][88.749s][info][gc,phases   ] GC(164)   Post Evacuate Collection Set: 0.44ms
[2026-07-01T02:18:41.964+0000][88.749s][info][gc,phases   ] GC(164)   Other: 0.06ms
[2026-07-01T02:18:41.964+0000][88.749s][info][gc,heap     ] GC(164) Eden regions: 108->0(109)
[2026-07-01T02:18:41.964+0000][88.749s][info][gc,heap     ] GC(164) Survivor regions: 7->7(15)
[2026-07-01T02:18:41.964+0000][88.749s][info][gc,heap     ] GC(164) Old regions: 179->179
[2026-07-01T02:18:41.964+0000][88.749s][info][gc,heap     ] GC(164) Humongous regions: 3->3
[2026-07-01T02:18:41.964+0000][88.749s][info][gc,metaspace] GC(164) Metaspace: 41752K(42560K)->41752K(42560K) NonClass: 36607K(36992K)->36607K(36992K) Class: 5145K(5568K)->5145K(5568K)
[2026-07-01T02:18:41.964+0000][88.749s][info][gc          ] GC(164) Pause Young (Prepare Mixed) (G1 Evacuation Pause) 296M->188M(315M) 33.312ms
[2026-07-01T02:18:41.964+0000][88.749s][info][gc,cpu      ] GC(164) User=0.04s Sys=0.00s Real=0.03s
[2026-07-01T02:18:42.744+0000][89.530s][info][gc,start    ] GC(165) Pause Young (Mixed) (G1 Evacuation Pause)
[2026-07-01T02:18:42.744+0000][89.530s][info][gc,task     ] GC(165) Using 2 workers of 2 for evacuation
[2026-07-01T02:18:42.765+0000][89.550s][info][gc,phases   ] GC(165)   Pre Evacuate Collection Set: 0.15ms
[2026-07-01T02:18:42.765+0000][89.550s][info][gc,phases   ] GC(165)   Merge Heap Roots: 0.30ms
[2026-07-01T02:18:42.765+0000][89.550s][info][gc,phases   ] GC(165)   Evacuate Collection Set: 19.29ms
[2026-07-01T02:18:42.765+0000][89.550s][info][gc,phases   ] GC(165)   Post Evacuate Collection Set: 0.65ms
[2026-07-01T02:18:42.765+0000][89.550s][info][gc,phases   ] GC(165)   Other: 0.06ms
[2026-07-01T02:18:42.765+0000][89.550s][info][gc,heap     ] GC(165) Eden regions: 109->0(109)
[2026-07-01T02:18:42.765+0000][89.550s][info][gc,heap     ] GC(165) Survivor regions: 7->7(15)
[2026-07-01T02:18:42.765+0000][89.550s][info][gc,heap     ] GC(165) Old regions: 179->179
[2026-07-01T02:18:42.765+0000][89.550s][info][gc,heap     ] GC(165) Humongous regions: 3->3
[2026-07-01T02:18:42.765+0000][89.550s][info][gc,metaspace] GC(165) Metaspace: 41752K(42560K)->41752K(42560K) NonClass: 36607K(36992K)->36607K(36992K) Class: 5145K(5568K)->5145K(5568K)
[2026-07-01T02:18:42.765+0000][89.550s][info][gc          ] GC(165) Pause Young (Mixed) (G1 Evacuation Pause) 297M->188M(315M) 20.660ms
[2026-07-01T02:18:42.765+0000][89.550s][info][gc,cpu      ] GC(165) User=0.04s Sys=0.00s Real=0.02s
[2026-07-01T02:18:43.597+0000][90.382s][info][gc,start    ] GC(166) Pause Young (Concurrent Start) (G1 Evacuation Pause)
[2026-07-01T02:18:43.597+0000][90.382s][info][gc,task     ] GC(166) Using 2 workers of 2 for evacuation
[2026-07-01T02:18:43.635+0000][90.421s][info][gc,phases   ] GC(166)   Pre Evacuate Collection Set: 0.23ms
[2026-07-01T02:18:43.635+0000][90.421s][info][gc,phases   ] GC(166)   Merge Heap Roots: 0.55ms
[2026-07-01T02:18:43.635+0000][90.421s][info][gc,phases   ] GC(166)   Evacuate Collection Set: 37.07ms
[2026-07-01T02:18:43.635+0000][90.421s][info][gc,phases   ] GC(166)   Post Evacuate Collection Set: 0.48ms
[2026-07-01T02:18:43.635+0000][90.421s][info][gc,phases   ] GC(166)   Other: 0.09ms
[2026-07-01T02:18:43.635+0000][90.421s][info][gc,heap     ] GC(166) Eden regions: 109->0(108)
[2026-07-01T02:18:43.635+0000][90.421s][info][gc,heap     ] GC(166) Survivor regions: 7->7(15)
[2026-07-01T02:18:43.635+0000][90.421s][info][gc,heap     ] GC(166) Old regions: 179->180
[2026-07-01T02:18:43.635+0000][90.421s][info][gc,heap     ] GC(166) Humongous regions: 3->3
[2026-07-01T02:18:43.635+0000][90.421s][info][gc,metaspace] GC(166) Metaspace: 41752K(42560K)->41752K(42560K) NonClass: 36607K(36992K)->36607K(36992K) Class: 5145K(5568K)->5145K(5568K)
[2026-07-01T02:18:43.635+0000][90.421s][info][gc          ] GC(166) Pause Young (Concurrent Start) (G1 Evacuation Pause) 297M->189M(315M) 38.614ms
[2026-07-01T02:18:43.635+0000][90.421s][info][gc          ] GC(167) Concurrent Mark Cycle
[2026-07-01T02:18:43.635+0000][90.421s][info][gc,cpu      ] GC(166) User=0.03s Sys=0.00s Real=0.04s
[2026-07-01T02:18:43.635+0000][90.421s][info][gc,marking  ] GC(167) Concurrent Scan Root Regions
[2026-07-01T02:18:43.658+0000][90.444s][info][gc,marking  ] GC(167) Concurrent Scan Root Regions 22.786ms
[2026-07-01T02:18:43.658+0000][90.444s][info][gc,marking  ] GC(167) Concurrent Mark
[2026-07-01T02:18:43.658+0000][90.444s][info][gc,marking  ] GC(167) Concurrent Mark From Roots
[2026-07-01T02:18:43.658+0000][90.444s][info][gc,task     ] GC(167) Using 1 workers of 1 for marking
[2026-07-01T02:18:44.054+0000][90.839s][info][gc,marking  ] GC(167) Concurrent Mark From Roots 395.715ms
[2026-07-01T02:18:44.054+0000][90.839s][info][gc,marking  ] GC(167) Concurrent Preclean
[2026-07-01T02:18:44.054+0000][90.840s][info][gc,marking  ] GC(167) Concurrent Preclean 0.220ms
[2026-07-01T02:18:44.054+0000][90.840s][info][gc,start    ] GC(167) Pause Remark
[2026-07-01T02:18:44.061+0000][90.847s][info][gc          ] GC(167) Pause Remark 235M->235M(317M) 7.090ms
[2026-07-01T02:18:44.061+0000][90.847s][info][gc,cpu      ] GC(167) User=0.01s Sys=0.00s Real=0.01s
[2026-07-01T02:18:44.064+0000][90.849s][info][gc,marking  ] GC(167) Concurrent Mark 405.408ms
[2026-07-01T02:18:44.064+0000][90.849s][info][gc,marking  ] GC(167) Concurrent Rebuild Remembered Sets and Scrub Regions
[2026-07-01T02:18:44.287+0000][91.073s][info][gc,marking  ] GC(167) Concurrent Rebuild Remembered Sets and Scrub Regions 223.767ms
[2026-07-01T02:18:44.288+0000][91.073s][info][gc,start    ] GC(167) Pause Cleanup
[2026-07-01T02:18:44.288+0000][91.073s][info][gc          ] GC(167) Pause Cleanup 259M->259M(317M) 0.156ms
[2026-07-01T02:18:44.288+0000][91.073s][info][gc,cpu      ] GC(167) User=0.00s Sys=0.00s Real=0.00s
[2026-07-01T02:18:44.288+0000][91.073s][info][gc,marking  ] GC(167) Concurrent Clear Claimed Marks
[2026-07-01T02:18:44.288+0000][91.073s][info][gc,marking  ] GC(167) Concurrent Clear Claimed Marks 0.092ms
[2026-07-01T02:18:44.288+0000][91.073s][info][gc,marking  ] GC(167) Concurrent Cleanup for Next Mark
[2026-07-01T02:18:44.289+0000][91.074s][info][gc,marking  ] GC(167) Concurrent Cleanup for Next Mark 0.590ms
[2026-07-01T02:18:44.289+0000][91.074s][info][gc          ] GC(167) Concurrent Mark Cycle 653.168ms
[2026-07-01T02:18:44.565+0000][91.350s][info][gc,start    ] GC(168) Pause Young (Prepare Mixed) (G1 Evacuation Pause)
[2026-07-01T02:18:44.565+0000][91.351s][info][gc,task     ] GC(168) Using 2 workers of 2 for evacuation
[2026-07-01T02:18:44.609+0000][91.395s][info][gc,phases   ] GC(168)   Pre Evacuate Collection Set: 0.17ms
[2026-07-01T02:18:44.610+0000][91.395s][info][gc,phases   ] GC(168)   Merge Heap Roots: 0.76ms
[2026-07-01T02:18:44.610+0000][91.395s][info][gc,phases   ] GC(168)   Evacuate Collection Set: 42.38ms
[2026-07-01T02:18:44.610+0000][91.395s][info][gc,phases   ] GC(168)   Post Evacuate Collection Set: 0.99ms
[2026-07-01T02:18:44.610+0000][91.395s][info][gc,phases   ] GC(168)   Other: 0.06ms
[2026-07-01T02:18:44.610+0000][91.395s][info][gc,heap     ] GC(168) Eden regions: 108->0(110)
[2026-07-01T02:18:44.610+0000][91.395s][info][gc,heap     ] GC(168) Survivor regions: 7->7(15)
[2026-07-01T02:18:44.610+0000][91.395s][info][gc,heap     ] GC(168) Old regions: 180->180
[2026-07-01T02:18:44.610+0000][91.395s][info][gc,heap     ] GC(168) Humongous regions: 3->3
[2026-07-01T02:18:44.610+0000][91.395s][info][gc,metaspace] GC(168) Metaspace: 41757K(42560K)->41757K(42560K) NonClass: 36611K(36992K)->36611K(36992K) Class: 5145K(5568K)->5145K(5568K)
[2026-07-01T02:18:44.610+0000][91.395s][info][gc          ] GC(168) Pause Young (Prepare Mixed) (G1 Evacuation Pause) 297M->189M(317M) 44.554ms
[2026-07-01T02:18:44.610+0000][91.395s][info][gc,cpu      ] GC(168) User=0.04s Sys=0.00s Real=0.05s
[2026-07-01T02:18:45.367+0000][92.152s][info][gc,start    ] GC(169) Pause Young (Mixed) (G1 Evacuation Pause)
[2026-07-01T02:18:45.367+0000][92.152s][info][gc,task     ] GC(169) Using 2 workers of 2 for evacuation
[2026-07-01T02:18:45.478+0000][92.263s][info][gc,phases   ] GC(169)   Pre Evacuate Collection Set: 0.28ms
[2026-07-01T02:18:45.478+0000][92.264s][info][gc,phases   ] GC(169)   Merge Heap Roots: 1.14ms
[2026-07-01T02:18:45.478+0000][92.264s][info][gc,phases   ] GC(169)   Evacuate Collection Set: 108.81ms
[2026-07-01T02:18:45.478+0000][92.264s][info][gc,phases   ] GC(169)   Post Evacuate Collection Set: 0.84ms
[2026-07-01T02:18:45.478+0000][92.264s][info][gc,phases   ] GC(169)   Other: 0.08ms
[2026-07-01T02:18:45.478+0000][92.264s][info][gc,heap     ] GC(169) Eden regions: 110->0(110)
[2026-07-01T02:18:45.478+0000][92.264s][info][gc,heap     ] GC(169) Survivor regions: 7->7(15)
[2026-07-01T02:18:45.478+0000][92.264s][info][gc,heap     ] GC(169) Old regions: 180->180
[2026-07-01T02:18:45.478+0000][92.264s][info][gc,heap     ] GC(169) Humongous regions: 3->3
[2026-07-01T02:18:45.478+0000][92.264s][info][gc,metaspace] GC(169) Metaspace: 41757K(42560K)->41757K(42560K) NonClass: 36611K(36992K)->36611K(36992K) Class: 5145K(5568K)->5145K(5568K)
[2026-07-01T02:18:45.478+0000][92.264s][info][gc          ] GC(169) Pause Young (Mixed) (G1 Evacuation Pause) 299M->189M(317M) 111.349ms
[2026-07-01T02:18:45.478+0000][92.264s][info][gc,cpu      ] GC(169) User=0.14s Sys=0.00s Real=0.12s
[2026-07-01T02:18:46.223+0000][93.009s][info][gc,start    ] GC(170) Pause Young (Concurrent Start) (G1 Evacuation Pause)
[2026-07-01T02:18:46.223+0000][93.009s][info][gc,task     ] GC(170) Using 2 workers of 2 for evacuation
[2026-07-01T02:18:46.242+0000][93.027s][info][gc,phases   ] GC(170)   Pre Evacuate Collection Set: 0.24ms
[2026-07-01T02:18:46.242+0000][93.027s][info][gc,phases   ] GC(170)   Merge Heap Roots: 0.31ms
[2026-07-01T02:18:46.242+0000][93.027s][info][gc,phases   ] GC(170)   Evacuate Collection Set: 17.35ms
[2026-07-01T02:18:46.242+0000][93.027s][info][gc,phases   ] GC(170)   Post Evacuate Collection Set: 0.43ms
[2026-07-01T02:18:46.242+0000][93.027s][info][gc,phases   ] GC(170)   Other: 0.07ms
[2026-07-01T02:18:46.242+0000][93.027s][info][gc,heap     ] GC(170) Eden regions: 110->0(110)
[2026-07-01T02:18:46.242+0000][93.027s][info][gc,heap     ] GC(170) Survivor regions: 7->7(15)
[2026-07-01T02:18:46.242+0000][93.027s][info][gc,heap     ] GC(170) Old regions: 180->180
[2026-07-01T02:18:46.242+0000][93.027s][info][gc,heap     ] GC(170) Humongous regions: 3->3
[2026-07-01T02:18:46.242+0000][93.027s][info][gc,metaspace] GC(170) Metaspace: 41759K(42560K)->41759K(42560K) NonClass: 36613K(36992K)->36613K(36992K) Class: 5145K(5568K)->5145K(5568K)
[2026-07-01T02:18:46.242+0000][93.027s][info][gc          ] GC(170) Pause Young (Concurrent Start) (G1 Evacuation Pause) 299M->189M(317M) 18.597ms
[2026-07-01T02:18:46.242+0000][93.027s][info][gc,cpu      ] GC(170) User=0.04s Sys=0.00s Real=0.02s
[2026-07-01T02:18:46.244+0000][93.030s][info][gc          ] GC(171) Concurrent Mark Cycle
[2026-07-01T02:18:46.244+0000][93.030s][info][gc,marking  ] GC(171) Concurrent Scan Root Regions
[2026-07-01T02:18:46.258+0000][93.043s][info][gc,marking  ] GC(171) Concurrent Scan Root Regions 13.584ms
[2026-07-01T02:18:46.258+0000][93.043s][info][gc,marking  ] GC(171) Concurrent Mark
[2026-07-01T02:18:46.258+0000][93.043s][info][gc,marking  ] GC(171) Concurrent Mark From Roots
[2026-07-01T02:18:46.258+0000][93.043s][info][gc,task     ] GC(171) Using 1 workers of 1 for marking
[2026-07-01T02:18:46.924+0000][93.709s][info][gc,marking  ] GC(171) Concurrent Mark From Roots 666.127ms
[2026-07-01T02:18:46.924+0000][93.710s][info][gc,marking  ] GC(171) Concurrent Preclean
[2026-07-01T02:18:46.924+0000][93.710s][info][gc,marking  ] GC(171) Concurrent Preclean 0.100ms
[2026-07-01T02:18:46.926+0000][93.712s][info][gc,start    ] GC(171) Pause Remark
[2026-07-01T02:18:46.939+0000][93.725s][info][gc          ] GC(171) Pause Remark 267M->267M(317M) 13.247ms
[2026-07-01T02:18:46.939+0000][93.725s][info][gc,cpu      ] GC(171) User=0.01s Sys=0.00s Real=0.02s
[2026-07-01T02:18:46.944+0000][93.730s][info][gc,marking  ] GC(171) Concurrent Mark 686.178ms
[2026-07-01T02:18:46.944+0000][93.730s][info][gc,marking  ] GC(171) Concurrent Rebuild Remembered Sets and Scrub Regions
[2026-07-01T02:18:46.998+0000][93.783s][info][gc,marking  ] GC(171) Concurrent Rebuild Remembered Sets and Scrub Regions 53.578ms
[2026-07-01T02:18:46.998+0000][93.783s][info][gc,start    ] GC(171) Pause Cleanup
[2026-07-01T02:18:46.998+0000][93.783s][info][gc          ] GC(171) Pause Cleanup 274M->274M(317M) 0.034ms
[2026-07-01T02:18:46.998+0000][93.783s][info][gc,cpu      ] GC(171) User=0.00s Sys=0.00s Real=0.00s
[2026-07-01T02:18:46.998+0000][93.783s][info][gc,marking  ] GC(171) Concurrent Clear Claimed Marks
[2026-07-01T02:18:46.998+0000][93.784s][info][gc,marking  ] GC(171) Concurrent Clear Claimed Marks 0.116ms
[2026-07-01T02:18:46.998+0000][93.784s][info][gc,marking  ] GC(171) Concurrent Cleanup for Next Mark
[2026-07-01T02:18:46.999+0000][93.784s][info][gc,marking  ] GC(171) Concurrent Cleanup for Next Mark 0.749ms
[2026-07-01T02:18:46.999+0000][93.784s][info][gc          ] GC(171) Concurrent Mark Cycle 754.631ms
[2026-07-01T02:18:47.184+0000][93.970s][info][gc,start    ] GC(172) Pause Young (Normal) (G1 Evacuation Pause)
[2026-07-01T02:18:47.184+0000][93.970s][info][gc,task     ] GC(172) Using 2 workers of 2 for evacuation
[2026-07-01T02:18:47.225+0000][94.010s][info][gc,phases   ] GC(172)   Pre Evacuate Collection Set: 0.17ms
[2026-07-01T02:18:47.225+0000][94.010s][info][gc,phases   ] GC(172)   Merge Heap Roots: 0.44ms
[2026-07-01T02:18:47.225+0000][94.010s][info][gc,phases   ] GC(172)   Evacuate Collection Set: 39.28ms
[2026-07-01T02:18:47.225+0000][94.010s][info][gc,phases   ] GC(172)   Post Evacuate Collection Set: 0.71ms
[2026-07-01T02:18:47.225+0000][94.010s][info][gc,phases   ] GC(172)   Other: 0.06ms
[2026-07-01T02:18:47.225+0000][94.010s][info][gc,heap     ] GC(172) Eden regions: 110->0(109)
[2026-07-01T02:18:47.225+0000][94.010s][info][gc,heap     ] GC(172) Survivor regions: 7->7(15)
[2026-07-01T02:18:47.225+0000][94.010s][info][gc,heap     ] GC(172) Old regions: 180->181
[2026-07-01T02:18:47.225+0000][94.010s][info][gc,heap     ] GC(172) Humongous regions: 3->3
[2026-07-01T02:18:47.225+0000][94.010s][info][gc,metaspace] GC(172) Metaspace: 41768K(42688K)->41768K(42688K) NonClass: 36623K(37120K)->36623K(37120K) Class: 5145K(5568K)->5145K(5568K)
[2026-07-01T02:18:47.225+0000][94.010s][info][gc          ] GC(172) Pause Young (Normal) (G1 Evacuation Pause) 299M->190M(317M) 40.864ms
[2026-07-01T02:18:47.225+0000][94.010s][info][gc,cpu      ] GC(172) User=0.03s Sys=0.00s Real=0.04s
[2026-07-01T02:18:47.928+0000][94.713s][info][gc,start    ] GC(173) Pause Young (Concurrent Start) (G1 Evacuation Pause)
[2026-07-01T02:18:47.928+0000][94.713s][info][gc,task     ] GC(173) Using 2 workers of 2 for evacuation
[2026-07-01T02:18:47.948+0000][94.733s][info][gc,phases   ] GC(173)   Pre Evacuate Collection Set: 0.20ms
[2026-07-01T02:18:47.948+0000][94.733s][info][gc,phases   ] GC(173)   Merge Heap Roots: 0.45ms
[2026-07-01T02:18:47.948+0000][94.733s][info][gc,phases   ] GC(173)   Evacuate Collection Set: 18.77ms
[2026-07-01T02:18:47.948+0000][94.733s][info][gc,phases   ] GC(173)   Post Evacuate Collection Set: 0.51ms
[2026-07-01T02:18:47.948+0000][94.733s][info][gc,phases   ] GC(173)   Other: 0.08ms
[2026-07-01T02:18:47.948+0000][94.733s][info][gc,heap     ] GC(173) Eden regions: 109->0(109)
[2026-07-01T02:18:47.948+0000][94.733s][info][gc,heap     ] GC(173) Survivor regions: 7->7(15)
[2026-07-01T02:18:47.948+0000][94.733s][info][gc,heap     ] GC(173) Old regions: 181->181
[2026-07-01T02:18:47.948+0000][94.733s][info][gc,heap     ] GC(173) Humongous regions: 3->3
[2026-07-01T02:18:47.948+0000][94.733s][info][gc,metaspace] GC(173) Metaspace: 41768K(42688K)->41768K(42688K) NonClass: 36623K(37120K)->36623K(37120K) Class: 5145K(5568K)->5145K(5568K)
[2026-07-01T02:18:47.948+0000][94.733s][info][gc          ] GC(173) Pause Young (Concurrent Start) (G1 Evacuation Pause) 299M->190M(317M) 20.155ms
[2026-07-01T02:18:47.948+0000][94.733s][info][gc          ] GC(174) Concurrent Mark Cycle
[2026-07-01T02:18:47.948+0000][94.733s][info][gc,cpu      ] GC(173) User=0.03s Sys=0.00s Real=0.02s
[2026-07-01T02:18:47.948+0000][94.733s][info][gc,marking  ] GC(174) Concurrent Scan Root Regions
[2026-07-01T02:18:47.969+0000][94.754s][info][gc,marking  ] GC(174) Concurrent Scan Root Regions 20.949ms
[2026-07-01T02:18:47.969+0000][94.754s][info][gc,marking  ] GC(174) Concurrent Mark
[2026-07-01T02:18:47.969+0000][94.754s][info][gc,marking  ] GC(174) Concurrent Mark From Roots
[2026-07-01T02:18:47.969+0000][94.754s][info][gc,task     ] GC(174) Using 1 workers of 1 for marking
[2026-07-01T02:18:48.242+0000][95.027s][info][gc,marking  ] GC(174) Concurrent Mark From Roots 272.790ms
[2026-07-01T02:18:48.242+0000][95.027s][info][gc,marking  ] GC(174) Concurrent Preclean
[2026-07-01T02:18:48.242+0000][95.027s][info][gc,marking  ] GC(174) Concurrent Preclean 0.110ms
[2026-07-01T02:18:48.242+0000][95.027s][info][gc,start    ] GC(174) Pause Remark
[2026-07-01T02:18:48.248+0000][95.033s][info][gc          ] GC(174) Pause Remark 204M->204M(319M) 5.925ms
[2026-07-01T02:18:48.248+0000][95.033s][info][gc,cpu      ] GC(174) User=0.01s Sys=0.00s Real=0.00s
[2026-07-01T02:18:48.248+0000][95.033s][info][gc,marking  ] GC(174) Concurrent Mark 279.055ms
[2026-07-01T02:18:48.248+0000][95.033s][info][gc,marking  ] GC(174) Concurrent Rebuild Remembered Sets and Scrub Regions
[2026-07-01T02:18:48.319+0000][95.105s][info][gc,marking  ] GC(174) Concurrent Rebuild Remembered Sets and Scrub Regions 71.297ms
[2026-07-01T02:18:48.319+0000][95.105s][info][gc,start    ] GC(174) Pause Cleanup
[2026-07-01T02:18:48.319+0000][95.105s][info][gc          ] GC(174) Pause Cleanup 204M->204M(319M) 0.155ms
[2026-07-01T02:18:48.319+0000][95.105s][info][gc,cpu      ] GC(174) User=0.00s Sys=0.00s Real=0.00s
[2026-07-01T02:18:48.320+0000][95.105s][info][gc,marking  ] GC(174) Concurrent Clear Claimed Marks
[2026-07-01T02:18:48.320+0000][95.105s][info][gc,marking  ] GC(174) Concurrent Clear Claimed Marks 0.078ms
[2026-07-01T02:18:48.320+0000][95.105s][info][gc,marking  ] GC(174) Concurrent Cleanup for Next Mark
[2026-07-01T02:18:48.320+0000][95.106s][info][gc,marking  ] GC(174) Concurrent Cleanup for Next Mark 0.542ms
[2026-07-01T02:18:48.320+0000][95.106s][info][gc          ] GC(174) Concurrent Mark Cycle 372.360ms
