[2026-07-01T02:02:27.595+0000][0.025s][info][gc,init] CardTable entry size: 512
[2026-07-01T02:02:27.596+0000][0.025s][info][gc     ] Using Serial
[2026-07-01T02:02:27.596+0000][0.025s][info][gc,init] Version: 21.0.11+10-LTS (release)
[2026-07-01T02:02:27.596+0000][0.025s][info][gc,init] CPUs: 4 total, 1 available
[2026-07-01T02:02:27.596+0000][0.025s][info][gc,init] Memory: 2048M
[2026-07-01T02:02:27.596+0000][0.025s][info][gc,init] Large Page Support: Disabled
[2026-07-01T02:02:27.596+0000][0.025s][info][gc,init] NUMA Support: Disabled
[2026-07-01T02:02:27.596+0000][0.025s][info][gc,init] Compressed Oops: Enabled (32-bit)
[2026-07-01T02:02:27.596+0000][0.025s][info][gc,init] Heap Min Capacity: 8M
[2026-07-01T02:02:27.596+0000][0.025s][info][gc,init] Heap Initial Capacity: 32M
[2026-07-01T02:02:27.596+0000][0.025s][info][gc,init] Heap Max Capacity: 512M
[2026-07-01T02:02:27.596+0000][0.025s][info][gc,init] Pre-touch: Disabled
[2026-07-01T02:02:27.603+0000][0.032s][info][gc,metaspace] CDS archive(s) mapped at: [0x0000748043000000-0x0000748043c9b000-0x0000748043c9b000), size 13217792, SharedBaseAddress: 0x0000748043000000, ArchiveRelocationMode: 1.
[2026-07-01T02:02:27.603+0000][0.032s][info][gc,metaspace] Compressed class space mapped at: 0x0000748044000000-0x0000748084000000, reserved size: 1073741824
[2026-07-01T02:02:27.603+0000][0.032s][info][gc,metaspace] Narrow klass base: 0x0000748043000000, Narrow klass shift: 0, Narrow klass range: 0x100000000
[2026-07-01T02:02:27.928+0000][0.357s][info][gc,start    ] GC(0) Pause Young (Allocation Failure)
[2026-07-01T02:02:27.930+0000][0.359s][info][gc,heap     ] GC(0) DefNew: 8704K(9792K)->800K(9792K) Eden: 8704K(8704K)->0K(8704K) From: 0K(1088K)->800K(1088K)
[2026-07-01T02:02:27.930+0000][0.359s][info][gc,heap     ] GC(0) Tenured: 1073K(21888K)->1073K(21888K)
[2026-07-01T02:02:27.930+0000][0.359s][info][gc,metaspace] GC(0) Metaspace: 1891K(2176K)->1891K(2176K) NonClass: 1686K(1856K)->1686K(1856K) Class: 205K(320K)->205K(320K)
[2026-07-01T02:02:27.930+0000][0.359s][info][gc          ] GC(0) Pause Young (Allocation Failure) 9M->1M(30M) 1.993ms
[2026-07-01T02:02:27.930+0000][0.359s][info][gc,cpu      ] GC(0) User=0.00s Sys=0.00s Real=0.00s
[2026-07-01T02:02:28.230+0000][0.660s][info][gc,start    ] GC(1) Pause Young (Allocation Failure)
[2026-07-01T02:02:28.233+0000][0.662s][info][gc,heap     ] GC(1) DefNew: 9504K(9792K)->625K(9792K) Eden: 8704K(8704K)->0K(8704K) From: 800K(1088K)->625K(1088K)
[2026-07-01T02:02:28.233+0000][0.662s][info][gc,heap     ] GC(1) Tenured: 1073K(21888K)->1849K(21888K)
[2026-07-01T02:02:28.233+0000][0.662s][info][gc,metaspace] GC(1) Metaspace: 3463K(3776K)->3463K(3776K) NonClass: 3085K(3264K)->3085K(3264K) Class: 377K(512K)->377K(512K)
[2026-07-01T02:02:28.233+0000][0.662s][info][gc          ] GC(1) Pause Young (Allocation Failure) 10M->2M(30M) 2.774ms
[2026-07-01T02:02:28.233+0000][0.662s][info][gc,cpu      ] GC(1) User=0.00s Sys=0.00s Real=0.00s
[2026-07-01T02:02:28.528+0000][0.957s][info][gc,start    ] GC(2) Pause Young (Allocation Failure)
[2026-07-01T02:02:28.531+0000][0.960s][info][gc,heap     ] GC(2) DefNew: 9329K(9792K)->574K(9792K) Eden: 8704K(8704K)->0K(8704K) From: 625K(1088K)->574K(1088K)
[2026-07-01T02:02:28.531+0000][0.960s][info][gc,heap     ] GC(2) Tenured: 1849K(21888K)->2402K(21888K)
[2026-07-01T02:02:28.531+0000][0.960s][info][gc,metaspace] GC(2) Metaspace: 5477K(5760K)->5477K(5760K) NonClass: 4849K(4992K)->4849K(4992K) Class: 628K(768K)->628K(768K)
[2026-07-01T02:02:28.531+0000][0.960s][info][gc          ] GC(2) Pause Young (Allocation Failure) 10M->2M(30M) 2.734ms
[2026-07-01T02:02:28.531+0000][0.960s][info][gc,cpu      ] GC(2) User=0.00s Sys=0.00s Real=0.00s
[2026-07-01T02:02:28.746+0000][1.175s][info][gc,start    ] GC(3) Pause Young (Allocation Failure)
[2026-07-01T02:02:28.748+0000][1.177s][info][gc,heap     ] GC(3) DefNew: 9278K(9792K)->524K(9792K) Eden: 8704K(8704K)->0K(8704K) From: 574K(1088K)->524K(1088K)
[2026-07-01T02:02:28.748+0000][1.177s][info][gc,heap     ] GC(3) Tenured: 2402K(21888K)->2938K(21888K)
[2026-07-01T02:02:28.748+0000][1.177s][info][gc,metaspace] GC(3) Metaspace: 7502K(7808K)->7502K(7808K) NonClass: 6623K(6784K)->6623K(6784K) Class: 879K(1024K)->879K(1024K)
[2026-07-01T02:02:28.748+0000][1.177s][info][gc          ] GC(3) Pause Young (Allocation Failure) 11M->3M(30M) 2.220ms
[2026-07-01T02:02:28.748+0000][1.177s][info][gc,cpu      ] GC(3) User=0.00s Sys=0.00s Real=0.00s
[2026-07-01T02:02:29.124+0000][1.553s][info][gc,start    ] GC(4) Pause Young (Allocation Failure)
[2026-07-01T02:02:29.126+0000][1.556s][info][gc,heap     ] GC(4) DefNew: 9228K(9792K)->1088K(9792K) Eden: 8704K(8704K)->0K(8704K) From: 524K(1088K)->1088K(1088K)
[2026-07-01T02:02:29.126+0000][1.556s][info][gc,heap     ] GC(4) Tenured: 2938K(21888K)->3132K(21888K)
[2026-07-01T02:02:29.126+0000][1.556s][info][gc,metaspace] GC(4) Metaspace: 9263K(9600K)->9263K(9600K) NonClass: 8131K(8320K)->8131K(8320K) Class: 1131K(1280K)->1131K(1280K)
[2026-07-01T02:02:29.126+0000][1.556s][info][gc          ] GC(4) Pause Young (Allocation Failure) 11M->4M(30M) 2.718ms
[2026-07-01T02:02:29.126+0000][1.556s][info][gc,cpu      ] GC(4) User=0.01s Sys=0.00s Real=0.00s
[2026-07-01T02:02:29.430+0000][1.860s][info][gc,start    ] GC(5) Pause Young (Allocation Failure)
[2026-07-01T02:02:29.434+0000][1.863s][info][gc,heap     ] GC(5) DefNew: 9788K(9792K)->516K(9792K) Eden: 8700K(8704K)->0K(8704K) From: 1088K(1088K)->516K(1088K)
[2026-07-01T02:02:29.434+0000][1.863s][info][gc,heap     ] GC(5) Tenured: 3132K(21888K)->4196K(21888K)
[2026-07-01T02:02:29.434+0000][1.863s][info][gc,metaspace] GC(5) Metaspace: 10759K(11136K)->10759K(11136K) NonClass: 9368K(9600K)->9368K(9600K) Class: 1391K(1536K)->1391K(1536K)
[2026-07-01T02:02:29.434+0000][1.863s][info][gc          ] GC(5) Pause Young (Allocation Failure) 12M->4M(30M) 3.299ms
[2026-07-01T02:02:29.434+0000][1.863s][info][gc,cpu      ] GC(5) User=0.00s Sys=0.00s Real=0.00s
[2026-07-01T02:02:29.624+0000][2.053s][info][gc,start    ] GC(6) Pause Young (Allocation Failure)
[2026-07-01T02:02:29.626+0000][2.055s][info][gc,heap     ] GC(6) DefNew: 9220K(9792K)->1015K(9792K) Eden: 8704K(8704K)->0K(8704K) From: 516K(1088K)->1015K(1088K)
[2026-07-01T02:02:29.626+0000][2.055s][info][gc,heap     ] GC(6) Tenured: 4196K(21888K)->4196K(21888K)
[2026-07-01T02:02:29.626+0000][2.055s][info][gc,metaspace] GC(6) Metaspace: 12209K(12544K)->12209K(12544K) NonClass: 10634K(10816K)->10634K(10816K) Class: 1575K(1728K)->1575K(1728K)
[2026-07-01T02:02:29.626+0000][2.055s][info][gc          ] GC(6) Pause Young (Allocation Failure) 13M->5M(30M) 2.264ms
[2026-07-01T02:02:29.626+0000][2.055s][info][gc,cpu      ] GC(6) User=0.01s Sys=0.00s Real=0.00s
[2026-07-01T02:02:29.756+0000][2.185s][info][gc,start    ] GC(7) Pause Young (Allocation Failure)
[2026-07-01T02:02:29.759+0000][2.188s][info][gc,heap     ] GC(7) DefNew: 9719K(9792K)->469K(9792K) Eden: 8704K(8704K)->0K(8704K) From: 1015K(1088K)->469K(1088K)
[2026-07-01T02:02:29.759+0000][2.188s][info][gc,heap     ] GC(7) Tenured: 4196K(21888K)->5183K(21888K)
[2026-07-01T02:02:29.759+0000][2.188s][info][gc,metaspace] GC(7) Metaspace: 13549K(13952K)->13549K(13952K) NonClass: 11800K(12032K)->11800K(12032K) Class: 1748K(1920K)->1748K(1920K)
[2026-07-01T02:02:29.759+0000][2.188s][info][gc          ] GC(7) Pause Young (Allocation Failure) 13M->5M(30M) 3.139ms
[2026-07-01T02:02:29.759+0000][2.188s][info][gc,cpu      ] GC(7) User=0.00s Sys=0.00s Real=0.01s
[2026-07-01T02:02:29.935+0000][2.365s][info][gc,start    ] GC(8) Pause Young (Allocation Failure)
[2026-07-01T02:02:29.937+0000][2.367s][info][gc,heap     ] GC(8) DefNew: 9173K(9792K)->906K(9792K) Eden: 8704K(8704K)->0K(8704K) From: 469K(1088K)->906K(1088K)
[2026-07-01T02:02:29.937+0000][2.367s][info][gc,heap     ] GC(8) Tenured: 5183K(21888K)->5183K(21888K)
[2026-07-01T02:02:29.937+0000][2.367s][info][gc,metaspace] GC(8) Metaspace: 14397K(14784K)->14397K(14784K) NonClass: 12551K(12736K)->12551K(12736K) Class: 1845K(2048K)->1845K(2048K)
[2026-07-01T02:02:29.937+0000][2.367s][info][gc          ] GC(8) Pause Young (Allocation Failure) 14M->5M(30M) 1.961ms
[2026-07-01T02:02:29.937+0000][2.367s][info][gc,cpu      ] GC(8) User=0.00s Sys=0.00s Real=0.00s
[2026-07-01T02:02:30.132+0000][2.561s][info][gc,start    ] GC(9) Pause Young (Allocation Failure)
[2026-07-01T02:02:30.135+0000][2.564s][info][gc,heap     ] GC(9) DefNew: 9610K(9792K)->1034K(9792K) Eden: 8704K(8704K)->0K(8704K) From: 906K(1088K)->1034K(1088K)
[2026-07-01T02:02:30.135+0000][2.564s][info][gc,heap     ] GC(9) Tenured: 5183K(21888K)->5614K(21888K)
[2026-07-01T02:02:30.135+0000][2.564s][info][gc,metaspace] GC(9) Metaspace: 14962K(15360K)->14962K(15360K) NonClass: 13040K(13248K)->13040K(13248K) Class: 1922K(2112K)->1922K(2112K)
[2026-07-01T02:02:30.135+0000][2.564s][info][gc          ] GC(9) Pause Young (Allocation Failure) 14M->6M(30M) 3.125ms
[2026-07-01T02:02:30.135+0000][2.564s][info][gc,cpu      ] GC(9) User=0.00s Sys=0.00s Real=0.00s
[2026-07-01T02:02:30.327+0000][2.756s][info][gc,start    ] GC(10) Pause Young (Allocation Failure)
[2026-07-01T02:02:30.330+0000][2.759s][info][gc,heap     ] GC(10) DefNew: 9738K(9792K)->529K(9792K) Eden: 8704K(8704K)->0K(8704K) From: 1034K(1088K)->529K(1088K)
[2026-07-01T02:02:30.330+0000][2.759s][info][gc,heap     ] GC(10) Tenured: 5614K(21888K)->6616K(21888K)
[2026-07-01T02:02:30.330+0000][2.759s][info][gc,metaspace] GC(10) Metaspace: 15293K(15744K)->15293K(15744K) NonClass: 13343K(13568K)->13343K(13568K) Class: 1949K(2176K)->1949K(2176K)
[2026-07-01T02:02:30.330+0000][2.759s][info][gc          ] GC(10) Pause Young (Allocation Failure) 14M->6M(30M) 2.773ms
[2026-07-01T02:02:30.330+0000][2.759s][info][gc,cpu      ] GC(10) User=0.01s Sys=0.00s Real=0.01s
[2026-07-01T02:02:30.528+0000][2.957s][info][gc,start    ] GC(11) Pause Young (Allocation Failure)
[2026-07-01T02:02:30.530+0000][2.959s][info][gc,heap     ] GC(11) DefNew: 9233K(9792K)->986K(9792K) Eden: 8703K(8704K)->0K(8704K) From: 529K(1088K)->986K(1088K)
[2026-07-01T02:02:30.530+0000][2.959s][info][gc,heap     ] GC(11) Tenured: 6616K(21888K)->6616K(21888K)
[2026-07-01T02:02:30.530+0000][2.959s][info][gc,metaspace] GC(11) Metaspace: 16011K(16448K)->16011K(16448K) NonClass: 13974K(14208K)->13974K(14208K) Class: 2036K(2240K)->2036K(2240K)
[2026-07-01T02:02:30.530+0000][2.959s][info][gc          ] GC(11) Pause Young (Allocation Failure) 15M->7M(30M) 2.383ms
[2026-07-01T02:02:30.530+0000][2.959s][info][gc,cpu      ] GC(11) User=0.00s Sys=0.00s Real=0.01s
[2026-07-01T02:02:30.652+0000][3.081s][info][gc,start    ] GC(12) Pause Young (Allocation Failure)
[2026-07-01T02:02:30.654+0000][3.083s][info][gc,heap     ] GC(12) DefNew: 9690K(9792K)->906K(9792K) Eden: 8704K(8704K)->0K(8704K) From: 986K(1088K)->906K(1088K)
[2026-07-01T02:02:30.654+0000][3.083s][info][gc,heap     ] GC(12) Tenured: 6616K(21888K)->7118K(21888K)
[2026-07-01T02:02:30.654+0000][3.083s][info][gc,metaspace] GC(12) Metaspace: 16887K(17344K)->16887K(17344K) NonClass: 14731K(14976K)->14731K(14976K) Class: 2155K(2368K)->2155K(2368K)
[2026-07-01T02:02:30.654+0000][3.084s][info][gc          ] GC(12) Pause Young (Allocation Failure) 15M->7M(30M) 2.631ms
[2026-07-01T02:02:30.654+0000][3.084s][info][gc,cpu      ] GC(12) User=0.00s Sys=0.00s Real=0.00s
[2026-07-01T02:02:30.853+0000][3.282s][info][gc,start    ] GC(13) Pause Young (Allocation Failure)
[2026-07-01T02:02:30.856+0000][3.285s][info][gc,heap     ] GC(13) DefNew: 9610K(9792K)->899K(9792K) Eden: 8704K(8704K)->0K(8704K) From: 906K(1088K)->899K(1088K)
[2026-07-01T02:02:30.856+0000][3.285s][info][gc,heap     ] GC(13) Tenured: 7118K(21888K)->7565K(21888K)
[2026-07-01T02:02:30.856+0000][3.285s][info][gc,metaspace] GC(13) Metaspace: 17672K(18112K)->17672K(18112K) NonClass: 15416K(15680K)->15416K(15680K) Class: 2255K(2432K)->2255K(2432K)
[2026-07-01T02:02:30.856+0000][3.285s][info][gc          ] GC(13) Pause Young (Allocation Failure) 16M->8M(30M) 3.202ms
[2026-07-01T02:02:30.856+0000][3.285s][info][gc,cpu      ] GC(13) User=0.00s Sys=0.00s Real=0.00s
[2026-07-01T02:02:31.125+0000][3.555s][info][gc,start    ] GC(14) Pause Young (Allocation Failure)
[2026-07-01T02:02:31.129+0000][3.558s][info][gc,heap     ] GC(14) DefNew: 9603K(9792K)->1087K(9792K) Eden: 8704K(8704K)->0K(8704K) From: 899K(1088K)->1087K(1088K)
[2026-07-01T02:02:31.129+0000][3.558s][info][gc,heap     ] GC(14) Tenured: 7565K(21888K)->8026K(21888K)
[2026-07-01T02:02:31.129+0000][3.558s][info][gc,metaspace] GC(14) Metaspace: 18855K(19328K)->18855K(19328K) NonClass: 16442K(16704K)->16442K(16704K) Class: 2413K(2624K)->2413K(2624K)
[2026-07-01T02:02:31.129+0000][3.558s][info][gc          ] GC(14) Pause Young (Allocation Failure) 16M->8M(30M) 3.685ms
[2026-07-01T02:02:31.129+0000][3.558s][info][gc,cpu      ] GC(14) User=0.01s Sys=0.00s Real=0.01s
[2026-07-01T02:02:31.323+0000][3.752s][info][gc,start    ] GC(15) Pause Young (Allocation Failure)
[2026-07-01T02:02:31.327+0000][3.756s][info][gc,heap     ] GC(15) DefNew: 9791K(9792K)->872K(9792K) Eden: 8704K(8704K)->0K(8704K) From: 1087K(1088K)->872K(1088K)
[2026-07-01T02:02:31.327+0000][3.756s][info][gc,heap     ] GC(15) Tenured: 8026K(21888K)->9077K(21888K)
[2026-07-01T02:02:31.327+0000][3.756s][info][gc,metaspace] GC(15) Metaspace: 20511K(21056K)->20511K(21056K) NonClass: 17830K(18112K)->17830K(18112K) Class: 2681K(2944K)->2681K(2944K)
[2026-07-01T02:02:31.327+0000][3.756s][info][gc          ] GC(15) Pause Young (Allocation Failure) 17M->9M(30M) 4.063ms
[2026-07-01T02:02:31.327+0000][3.756s][info][gc,cpu      ] GC(15) User=0.00s Sys=0.01s Real=0.00s
[2026-07-01T02:02:31.346+0000][3.775s][info][gc,start    ] GC(16) Pause Full (Metadata GC Threshold)
[2026-07-01T02:02:31.346+0000][3.775s][info][gc,phases,start] GC(16) Phase 1: Mark live objects
[2026-07-01T02:02:31.364+0000][3.793s][info][gc,phases      ] GC(16) Phase 1: Mark live objects 17.790ms
[2026-07-01T02:02:31.364+0000][3.793s][info][gc,phases,start] GC(16) Phase 2: Compute new object addresses
[2026-07-01T02:02:31.367+0000][3.796s][info][gc,phases      ] GC(16) Phase 2: Compute new object addresses 2.755ms
[2026-07-01T02:02:31.367+0000][3.796s][info][gc,phases,start] GC(16) Phase 3: Adjust pointers
[2026-07-01T02:02:31.420+0000][3.850s][info][gc,phases      ] GC(16) Phase 3: Adjust pointers 53.448ms
[2026-07-01T02:02:31.420+0000][3.850s][info][gc,phases,start] GC(16) Phase 4: Move objects
[2026-07-01T02:02:31.421+0000][3.850s][info][gc,phases      ] GC(16) Phase 4: Move objects 0.593ms
[2026-07-01T02:02:31.421+0000][3.851s][info][gc,heap        ] GC(16) DefNew: 3296K(9792K)->0K(9920K) Eden: 2424K(8704K)->0K(8832K) From: 872K(1088K)->0K(1088K)
[2026-07-01T02:02:31.421+0000][3.851s][info][gc,heap        ] GC(16) Tenured: 9077K(21888K)->10115K(21888K)
[2026-07-01T02:02:31.421+0000][3.851s][info][gc,metaspace   ] GC(16) Metaspace: 21034K(21504K)->21034K(21504K) NonClass: 18308K(18560K)->18308K(18560K) Class: 2725K(2944K)->2725K(2944K)
[2026-07-01T02:02:31.421+0000][3.851s][info][gc             ] GC(16) Pause Full (Metadata GC Threshold) 12M->9M(31M) 75.131ms
[2026-07-01T02:02:31.421+0000][3.851s][info][gc,cpu         ] GC(16) User=0.05s Sys=0.00s Real=0.08s
[2026-07-01T02:02:31.640+0000][4.069s][info][gc,start       ] GC(17) Pause Young (Allocation Failure)
[2026-07-01T02:02:31.644+0000][4.073s][info][gc,heap        ] GC(17) DefNew: 8832K(9920K)->1088K(9920K) Eden: 8832K(8832K)->0K(8832K) From: 0K(1088K)->1088K(1088K)
[2026-07-01T02:02:31.644+0000][4.073s][info][gc,heap        ] GC(17) Tenured: 10115K(21888K)->10813K(21888K)
[2026-07-01T02:02:31.644+0000][4.073s][info][gc,metaspace   ] GC(17) Metaspace: 22952K(23488K)->22952K(23488K) NonClass: 20004K(20288K)->20004K(20288K) Class: 2947K(3200K)->2947K(3200K)
[2026-07-01T02:02:31.644+0000][4.073s][info][gc             ] GC(17) Pause Young (Allocation Failure) 18M->11M(31M) 3.991ms
[2026-07-01T02:02:31.644+0000][4.073s][info][gc,cpu         ] GC(17) User=0.01s Sys=0.00s Real=0.00s
[2026-07-01T02:02:31.761+0000][4.190s][info][gc,start       ] GC(18) Pause Young (Allocation Failure)
[2026-07-01T02:02:31.764+0000][4.194s][info][gc,heap        ] GC(18) DefNew: 9920K(9920K)->376K(9920K) Eden: 8832K(8832K)->0K(8832K) From: 1088K(1088K)->376K(1088K)
[2026-07-01T02:02:31.764+0000][4.194s][info][gc,heap        ] GC(18) Tenured: 10813K(21888K)->11894K(21888K)
[2026-07-01T02:02:31.764+0000][4.194s][info][gc,metaspace   ] GC(18) Metaspace: 23840K(24384K)->23840K(24384K) NonClass: 20769K(21056K)->20769K(21056K) Class: 3070K(3328K)->3070K(3328K)
[2026-07-01T02:02:31.764+0000][4.194s][info][gc             ] GC(18) Pause Young (Allocation Failure) 20M->11M(31M) 3.909ms
[2026-07-01T02:02:31.764+0000][4.194s][info][gc,cpu         ] GC(18) User=0.01s Sys=0.00s Real=0.00s
[2026-07-01T02:02:31.953+0000][4.382s][info][gc,start       ] GC(19) Pause Young (Allocation Failure)
[2026-07-01T02:02:31.956+0000][4.385s][info][gc,heap        ] GC(19) DefNew: 9208K(9920K)->929K(9920K) Eden: 8832K(8832K)->0K(8832K) From: 376K(1088K)->929K(1088K)
[2026-07-01T02:02:31.956+0000][4.385s][info][gc,heap        ] GC(19) Tenured: 11894K(21888K)->11894K(21888K)
[2026-07-01T02:02:31.956+0000][4.385s][info][gc,metaspace   ] GC(19) Metaspace: 25167K(25792K)->25167K(25792K) NonClass: 21938K(22272K)->21938K(22272K) Class: 3229K(3520K)->3229K(3520K)
[2026-07-01T02:02:31.956+0000][4.385s][info][gc             ] GC(19) Pause Young (Allocation Failure) 20M->12M(31M) 2.897ms
[2026-07-01T02:02:31.956+0000][4.385s][info][gc,cpu         ] GC(19) User=0.00s Sys=0.00s Real=0.00s
[2026-07-01T02:02:32.066+0000][4.496s][info][gc,start       ] GC(20) Pause Young (Allocation Failure)
[2026-07-01T02:02:32.121+0000][4.551s][info][gc,heap        ] GC(20) DefNew: 9761K(9920K)->263K(9920K) Eden: 8832K(8832K)->0K(8832K) From: 929K(1088K)->263K(1088K)
[2026-07-01T02:02:32.121+0000][4.551s][info][gc,heap        ] GC(20) Tenured: 11894K(21888K)->12806K(21888K)
[2026-07-01T02:02:32.121+0000][4.551s][info][gc,metaspace   ] GC(20) Metaspace: 27370K(27968K)->27370K(27968K) NonClass: 23865K(24192K)->23865K(24192K) Class: 3504K(3776K)->3504K(3776K)
[2026-07-01T02:02:32.121+0000][4.551s][info][gc             ] GC(20) Pause Young (Allocation Failure) 21M->12M(31M) 55.165ms
[2026-07-01T02:02:32.121+0000][4.551s][info][gc,cpu         ] GC(20) User=0.01s Sys=0.00s Real=0.06s
[2026-07-01T02:02:32.258+0000][4.687s][info][gc,start       ] GC(21) Pause Young (Allocation Failure)
[2026-07-01T02:02:32.322+0000][4.751s][info][gc,heap        ] GC(21) DefNew: 9095K(9920K)->884K(9920K) Eden: 8832K(8832K)->0K(8832K) From: 263K(1088K)->884K(1088K)
[2026-07-01T02:02:32.322+0000][4.751s][info][gc,heap        ] GC(21) Tenured: 12806K(21888K)->12806K(21888K)
[2026-07-01T02:02:32.322+0000][4.751s][info][gc,metaspace   ] GC(21) Metaspace: 28934K(29504K)->28934K(29504K) NonClass: 25224K(25536K)->25224K(25536K) Class: 3709K(3968K)->3709K(3968K)
[2026-07-01T02:02:32.322+0000][4.751s][info][gc             ] GC(21) Pause Young (Allocation Failure) 21M->13M(31M) 64.378ms
[2026-07-01T02:02:32.322+0000][4.751s][info][gc,cpu         ] GC(21) User=0.01s Sys=0.00s Real=0.07s
[2026-07-01T02:02:32.529+0000][4.958s][info][gc,start       ] GC(22) Pause Young (Allocation Failure)
[2026-07-01T02:02:32.533+0000][4.962s][info][gc,heap        ] GC(22) DefNew: 9716K(9920K)->871K(9920K) Eden: 8832K(8832K)->0K(8832K) From: 884K(1088K)->871K(1088K)
[2026-07-01T02:02:32.533+0000][4.962s][info][gc,heap        ] GC(22) Tenured: 12806K(21888K)->13641K(21888K)
[2026-07-01T02:02:32.533+0000][4.962s][info][gc,metaspace   ] GC(22) Metaspace: 30336K(30912K)->30336K(30912K) NonClass: 26433K(26752K)->26433K(26752K) Class: 3903K(4160K)->3903K(4160K)
[2026-07-01T02:02:32.533+0000][4.962s][info][gc             ] GC(22) Pause Young (Allocation Failure) 21M->14M(31M) 4.072ms
[2026-07-01T02:02:32.533+0000][4.962s][info][gc,cpu         ] GC(22) User=0.01s Sys=0.00s Real=0.00s
[2026-07-01T02:02:32.662+0000][5.091s][info][gc,start       ] GC(23) Pause Young (Allocation Failure)
[2026-07-01T02:02:32.665+0000][5.094s][info][gc,heap        ] GC(23) DefNew: 9703K(9920K)->489K(9920K) Eden: 8832K(8832K)->0K(8832K) From: 871K(1088K)->489K(1088K)
[2026-07-01T02:02:32.665+0000][5.094s][info][gc,heap        ] GC(23) Tenured: 13641K(21888K)->14487K(21888K)
[2026-07-01T02:02:32.665+0000][5.094s][info][gc,metaspace   ] GC(23) Metaspace: 31437K(32128K)->31437K(32128K) NonClass: 27368K(27712K)->27368K(27712K) Class: 4069K(4416K)->4069K(4416K)
[2026-07-01T02:02:32.665+0000][5.094s][info][gc             ] GC(23) Pause Young (Allocation Failure) 22M->14M(31M) 3.574ms
[2026-07-01T02:02:32.665+0000][5.094s][info][gc,cpu         ] GC(23) User=0.01s Sys=0.00s Real=0.00s
[2026-07-01T02:02:32.942+0000][5.371s][info][gc,start       ] GC(24) Pause Young (Allocation Failure)
[2026-07-01T02:02:32.945+0000][5.374s][info][gc,heap        ] GC(24) DefNew: 9321K(9920K)->1088K(9920K) Eden: 8832K(8832K)->0K(8832K) From: 489K(1088K)->1088K(1088K)
[2026-07-01T02:02:32.945+0000][5.374s][info][gc,heap        ] GC(24) Tenured: 14487K(21888K)->14655K(21888K)
[2026-07-01T02:02:32.945+0000][5.374s][info][gc,metaspace   ] GC(24) Metaspace: 32834K(33536K)->32834K(33536K) NonClass: 28547K(28928K)->28547K(28928K) Class: 4286K(4608K)->4286K(4608K)
[2026-07-01T02:02:32.945+0000][5.374s][info][gc             ] GC(24) Pause Young (Allocation Failure) 23M->15M(31M) 3.553ms
[2026-07-01T02:02:32.945+0000][5.374s][info][gc,cpu         ] GC(24) User=0.00s Sys=0.00s Real=0.00s
[2026-07-01T02:02:33.237+0000][5.667s][info][gc,start       ] GC(25) Pause Full (Metadata GC Threshold)
[2026-07-01T02:02:33.238+0000][5.667s][info][gc,phases,start] GC(25) Phase 1: Mark live objects
[2026-07-01T02:02:33.259+0000][5.688s][info][gc,phases      ] GC(25) Phase 1: Mark live objects 21.100ms
[2026-07-01T02:02:33.259+0000][5.688s][info][gc,phases,start] GC(25) Phase 2: Compute new object addresses
[2026-07-01T02:02:33.264+0000][5.693s][info][gc,phases      ] GC(25) Phase 2: Compute new object addresses 5.060ms
[2026-07-01T02:02:33.264+0000][5.693s][info][gc,phases,start] GC(25) Phase 3: Adjust pointers
[2026-07-01T02:02:33.274+0000][5.703s][info][gc,phases      ] GC(25) Phase 3: Adjust pointers 9.839ms
[2026-07-01T02:02:33.274+0000][5.703s][info][gc,phases,start] GC(25) Phase 4: Move objects
[2026-07-01T02:02:33.276+0000][5.705s][info][gc,phases      ] GC(25) Phase 4: Move objects 2.532ms
[2026-07-01T02:02:33.277+0000][5.706s][info][gc,heap        ] GC(25) DefNew: 8681K(9920K)->0K(12032K) Eden: 7593K(8832K)->0K(10752K) From: 1088K(1088K)->0K(1280K)
[2026-07-01T02:02:33.277+0000][5.706s][info][gc,heap        ] GC(25) Tenured: 14655K(21888K)->15891K(26488K)
[2026-07-01T02:02:33.277+0000][5.706s][info][gc,metaspace   ] GC(25) Metaspace: 35069K(35840K)->35069K(35840K) NonClass: 30498K(30912K)->30498K(30912K) Class: 4570K(4928K)->4570K(4928K)
[2026-07-01T02:02:33.277+0000][5.706s][info][gc             ] GC(25) Pause Full (Metadata GC Threshold) 22M->15M(37M) 39.098ms
[2026-07-01T02:02:33.277+0000][5.706s][info][gc,cpu         ] GC(25) User=0.04s Sys=0.00s Real=0.04s
[2026-07-01T02:02:33.430+0000][5.859s][info][gc,start       ] GC(26) Pause Young (Allocation Failure)
[2026-07-01T02:02:33.438+0000][5.867s][info][gc,heap        ] GC(26) DefNew: 10752K(12032K)->1280K(12032K) Eden: 10752K(10752K)->0K(10752K) From: 0K(1280K)->1280K(1280K)
[2026-07-01T02:02:33.438+0000][5.867s][info][gc,heap        ] GC(26) Tenured: 15891K(26488K)->21232K(26488K)
[2026-07-01T02:02:33.438+0000][5.867s][info][gc,metaspace   ] GC(26) Metaspace: 35349K(36032K)->35349K(36032K) NonClass: 30735K(31104K)->30735K(31104K) Class: 4614K(4928K)->4614K(4928K)
[2026-07-01T02:02:33.438+0000][5.867s][info][gc             ] GC(26) Pause Young (Allocation Failure) 26M->21M(37M) 7.874ms
[2026-07-01T02:02:33.438+0000][5.867s][info][gc,cpu         ] GC(26) User=0.01s Sys=0.00s Real=0.01s
[2026-07-01T02:02:33.450+0000][5.879s][info][gc,start       ] GC(27) Pause Young (Allocation Failure)
[2026-07-01T02:02:33.461+0000][5.890s][info][gc             ] GC(27) Pause Young (Allocation Failure) 32M->30M(40M) 10.966ms
[2026-07-01T02:02:33.461+0000][5.890s][info][gc,cpu         ] GC(27) User=0.01s Sys=0.00s Real=0.01s
[2026-07-01T02:02:33.461+0000][5.890s][info][gc,start       ] GC(28) Pause Full (Allocation Failure)
[2026-07-01T02:02:33.461+0000][5.890s][info][gc,phases,start] GC(28) Phase 1: Mark live objects
[2026-07-01T02:02:33.486+0000][5.915s][info][gc,phases      ] GC(28) Phase 1: Mark live objects 25.285ms
[2026-07-01T02:02:33.486+0000][5.915s][info][gc,phases,start] GC(28) Phase 2: Compute new object addresses
[2026-07-01T02:02:33.521+0000][5.950s][info][gc,phases      ] GC(28) Phase 2: Compute new object addresses 34.457ms
[2026-07-01T02:02:33.521+0000][5.950s][info][gc,phases,start] GC(28) Phase 3: Adjust pointers
[2026-07-01T02:02:33.533+0000][5.963s][info][gc,phases      ] GC(28) Phase 3: Adjust pointers 12.825ms
[2026-07-01T02:02:33.533+0000][5.963s][info][gc,phases,start] GC(28) Phase 4: Move objects
[2026-07-01T02:02:33.536+0000][5.965s][info][gc,phases      ] GC(28) Phase 4: Move objects 2.231ms
[2026-07-01T02:02:33.536+0000][5.965s][info][gc,heap        ] GC(28) DefNew: 12032K(12032K)->1279K(22464K) Eden: 10752K(10752K)->1279K(20032K) From: 1280K(1280K)->0K(2432K)
[2026-07-01T02:02:33.536+0000][5.965s][info][gc,heap        ] GC(28) Tenured: 21232K(26488K)->29781K(49636K)
[2026-07-01T02:02:33.536+0000][5.965s][info][gc,metaspace   ] GC(28) Metaspace: 35351K(36032K)->35351K(36032K) NonClass: 30737K(31104K)->30737K(31104K) Class: 4614K(4928K)->4614K(4928K)
[2026-07-01T02:02:33.536+0000][5.965s][info][gc             ] GC(28) Pause Full (Allocation Failure) 30M->30M(70M) 75.216ms
[2026-07-01T02:02:33.536+0000][5.965s][info][gc,cpu         ] GC(28) User=0.05s Sys=0.00s Real=0.07s
[2026-07-01T02:02:33.553+0000][5.982s][info][gc,start       ] GC(29) Pause Young (Allocation Failure)
[2026-07-01T02:02:33.582+0000][6.011s][info][gc,heap        ] GC(29) DefNew: 20032K(22464K)->2432K(22464K) Eden: 20032K(20032K)->0K(20032K) From: 0K(2432K)->2432K(2432K)
[2026-07-01T02:02:33.582+0000][6.011s][info][gc,heap        ] GC(29) Tenured: 29781K(49636K)->43707K(49636K)
[2026-07-01T02:02:33.582+0000][6.011s][info][gc,metaspace   ] GC(29) Metaspace: 35357K(36096K)->35357K(36096K) NonClass: 30741K(31168K)->30741K(31168K) Class: 4615K(4928K)->4615K(4928K)
[2026-07-01T02:02:33.582+0000][6.011s][info][gc             ] GC(29) Pause Young (Allocation Failure) 48M->45M(70M) 29.102ms
[2026-07-01T02:02:33.582+0000][6.011s][info][gc,cpu         ] GC(29) User=0.03s Sys=0.01s Real=0.03s
[2026-07-01T02:02:33.626+0000][6.055s][info][gc,start       ] GC(30) Pause Young (Allocation Failure)
[2026-07-01T02:02:33.646+0000][6.075s][info][gc             ] GC(30) Pause Young (Allocation Failure) 64M->60M(80M) 20.484ms
[2026-07-01T02:02:33.646+0000][6.075s][info][gc,cpu         ] GC(30) User=0.02s Sys=0.00s Real=0.02s
[2026-07-01T02:02:33.646+0000][6.075s][info][gc,start       ] GC(31) Pause Full (Allocation Failure)
[2026-07-01T02:02:33.646+0000][6.075s][info][gc,phases,start] GC(31) Phase 1: Mark live objects
[2026-07-01T02:02:33.683+0000][6.112s][info][gc,phases      ] GC(31) Phase 1: Mark live objects 36.917ms
[2026-07-01T02:02:33.683+0000][6.112s][info][gc,phases,start] GC(31) Phase 2: Compute new object addresses
[2026-07-01T02:02:33.697+0000][6.126s][info][gc,phases      ] GC(31) Phase 2: Compute new object addresses 13.490ms
[2026-07-01T02:02:33.697+0000][6.126s][info][gc,phases,start] GC(31) Phase 3: Adjust pointers
[2026-07-01T02:02:33.729+0000][6.158s][info][gc,phases      ] GC(31) Phase 3: Adjust pointers 32.228ms
[2026-07-01T02:02:33.729+0000][6.158s][info][gc,phases,start] GC(31) Phase 4: Move objects
[2026-07-01T02:02:33.743+0000][6.172s][info][gc,phases      ] GC(31) Phase 4: Move objects 13.801ms
[2026-07-01T02:02:33.743+0000][6.172s][info][gc,heap        ] GC(31) DefNew: 22464K(22464K)->760K(44800K) Eden: 20032K(20032K)->760K(39872K) From: 2432K(2432K)->0K(4928K)
[2026-07-01T02:02:33.743+0000][6.172s][info][gc,heap        ] GC(31) Tenured: 43707K(49636K)->59619K(99368K)
[2026-07-01T02:02:33.743+0000][6.172s][info][gc,metaspace   ] GC(31) Metaspace: 35426K(36096K)->35426K(36096K) NonClass: 30799K(31168K)->30799K(31168K) Class: 4626K(4928K)->4626K(4928K)
[2026-07-01T02:02:33.743+0000][6.172s][info][gc             ] GC(31) Pause Full (Allocation Failure) 60M->58M(140M) 96.874ms
[2026-07-01T02:02:33.743+0000][6.172s][info][gc,cpu         ] GC(31) User=0.08s Sys=0.00s Real=0.10s
[2026-07-01T02:02:33.821+0000][6.250s][info][gc,start       ] GC(32) Pause Young (Allocation Failure)
[2026-07-01T02:02:33.882+0000][6.312s][info][gc,heap        ] GC(32) DefNew: 39872K(44800K)->4928K(44800K) Eden: 39872K(39872K)->0K(39872K) From: 0K(4928K)->4928K(4928K)
[2026-07-01T02:02:33.882+0000][6.312s][info][gc,heap        ] GC(32) Tenured: 59619K(99368K)->86168K(99368K)
[2026-07-01T02:02:33.882+0000][6.312s][info][gc,metaspace   ] GC(32) Metaspace: 35919K(36672K)->35919K(36672K) NonClass: 31240K(31680K)->31240K(31680K) Class: 4679K(4992K)->4679K(4992K)
[2026-07-01T02:02:33.883+0000][6.312s][info][gc             ] GC(32) Pause Young (Allocation Failure) 97M->88M(140M) 61.296ms
[2026-07-01T02:02:33.883+0000][6.312s][info][gc,cpu         ] GC(32) User=0.05s Sys=0.01s Real=0.06s
[2026-07-01T02:02:33.937+0000][6.366s][info][gc,start       ] GC(33) Pause Young (Allocation Failure)
[2026-07-01T02:02:33.984+0000][6.413s][info][gc             ] GC(33) Pause Young (Allocation Failure) 127M->119M(158M) 46.966ms
[2026-07-01T02:02:33.984+0000][6.413s][info][gc,cpu         ] GC(33) User=0.04s Sys=0.01s Real=0.05s
[2026-07-01T02:02:33.984+0000][6.413s][info][gc,start       ] GC(34) Pause Full (Allocation Failure)
[2026-07-01T02:02:33.984+0000][6.413s][info][gc,phases,start] GC(34) Phase 1: Mark live objects
[2026-07-01T02:02:34.081+0000][6.510s][info][gc,phases      ] GC(34) Phase 1: Mark live objects 96.831ms
[2026-07-01T02:02:34.081+0000][6.510s][info][gc,phases,start] GC(34) Phase 2: Compute new object addresses
[2026-07-01T02:02:34.108+0000][6.537s][info][gc,phases      ] GC(34) Phase 2: Compute new object addresses 26.887ms
[2026-07-01T02:02:34.108+0000][6.537s][info][gc,phases,start] GC(34) Phase 3: Adjust pointers
[2026-07-01T02:02:34.140+0000][6.569s][info][gc,phases      ] GC(34) Phase 3: Adjust pointers 32.117ms
[2026-07-01T02:02:34.140+0000][6.569s][info][gc,phases,start] GC(34) Phase 4: Move objects
[2026-07-01T02:02:34.141+0000][6.570s][info][gc,phases      ] GC(34) Phase 4: Move objects 0.850ms
[2026-07-01T02:02:34.141+0000][6.571s][info][gc,heap        ] GC(34) DefNew: 44800K(44800K)->4920K(88256K) Eden: 39872K(39872K)->4920K(78464K) From: 4928K(4928K)->0K(9792K)
[2026-07-01T02:02:34.141+0000][6.571s][info][gc,heap        ] GC(34) Tenured: 86168K(99368K)->117607K(196016K)
[2026-07-01T02:02:34.141+0000][6.571s][info][gc,metaspace   ] GC(34) Metaspace: 36393K(37184K)->36393K(37184K) NonClass: 31657K(32128K)->31657K(32128K) Class: 4735K(5056K)->4735K(5056K)
[2026-07-01T02:02:34.141+0000][6.571s][info][gc             ] GC(34) Pause Full (Allocation Failure) 119M->119M(277M) 157.225ms
[2026-07-01T02:02:34.141+0000][6.571s][info][gc,cpu         ] GC(34) User=0.12s Sys=0.00s Real=0.16s
[2026-07-01T02:02:34.934+0000][7.363s][info][gc,start       ] GC(35) Pause Young (Allocation Failure)
[2026-07-01T02:02:35.053+0000][7.482s][info][gc,heap        ] GC(35) DefNew: 78464K(88256K)->9792K(88256K) Eden: 78464K(78464K)->0K(78464K) From: 0K(9792K)->9792K(9792K)
[2026-07-01T02:02:35.053+0000][7.482s][info][gc,heap        ] GC(35) Tenured: 117607K(196016K)->146238K(196016K)
[2026-07-01T02:02:35.053+0000][7.482s][info][gc,metaspace   ] GC(35) Metaspace: 39120K(39936K)->39120K(39936K) NonClass: 34004K(34432K)->34004K(34432K) Class: 5115K(5504K)->5115K(5504K)
[2026-07-01T02:02:35.053+0000][7.482s][info][gc             ] GC(35) Pause Young (Allocation Failure) 191M->152M(277M) 118.674ms
[2026-07-01T02:02:35.053+0000][7.482s][info][gc,cpu         ] GC(35) User=0.08s Sys=0.00s Real=0.12s
[2026-07-01T02:02:40.351+0000][12.780s][info][gc,start       ] GC(36) Pause Young (Allocation Failure)
[2026-07-01T02:02:40.429+0000][12.858s][info][gc,heap        ] GC(36) DefNew: 88256K(88256K)->2015K(88256K) Eden: 78464K(78464K)->0K(78464K) From: 9792K(9792K)->2015K(9792K)
[2026-07-01T02:02:40.429+0000][12.858s][info][gc,heap        ] GC(36) Tenured: 146238K(196016K)->155762K(196016K)
[2026-07-01T02:02:40.429+0000][12.858s][info][gc,metaspace   ] GC(36) Metaspace: 40227K(41088K)->40227K(41088K) NonClass: 35105K(35584K)->35105K(35584K) Class: 5122K(5504K)->5122K(5504K)
[2026-07-01T02:02:40.429+0000][12.858s][info][gc             ] GC(36) Pause Young (Allocation Failure) 228M->154M(277M) 78.481ms
[2026-07-01T02:02:40.429+0000][12.859s][info][gc,cpu         ] GC(36) User=0.02s Sys=0.00s Real=0.08s
[2026-07-01T02:02:44.931+0000][17.360s][info][gc,start       ] GC(37) Pause Young (Allocation Failure)
[2026-07-01T02:02:44.935+0000][17.364s][info][gc,heap        ] GC(37) DefNew: 80479K(88256K)->2107K(88256K) Eden: 78464K(78464K)->0K(78464K) From: 2015K(9792K)->2107K(9792K)
[2026-07-01T02:02:44.935+0000][17.364s][info][gc,heap        ] GC(37) Tenured: 155762K(196016K)->155762K(196016K)
[2026-07-01T02:02:44.935+0000][17.364s][info][gc,metaspace   ] GC(37) Metaspace: 40541K(41408K)->40541K(41408K) NonClass: 35418K(35904K)->35418K(35904K) Class: 5123K(5504K)->5123K(5504K)
[2026-07-01T02:02:44.935+0000][17.365s][info][gc             ] GC(37) Pause Young (Allocation Failure) 230M->154M(277M) 4.598ms
[2026-07-01T02:02:44.935+0000][17.365s][info][gc,cpu         ] GC(37) User=0.01s Sys=0.00s Real=0.00s
[2026-07-01T02:02:48.735+0000][21.165s][info][gc,start       ] GC(38) Pause Young (Allocation Failure)
[2026-07-01T02:02:48.742+0000][21.171s][info][gc,heap        ] GC(38) DefNew: 80571K(88256K)->2982K(88256K) Eden: 78464K(78464K)->0K(78464K) From: 2107K(9792K)->2982K(9792K)
[2026-07-01T02:02:48.742+0000][21.171s][info][gc,heap        ] GC(38) Tenured: 155762K(196016K)->155762K(196016K)
[2026-07-01T02:02:48.742+0000][21.171s][info][gc,metaspace   ] GC(38) Metaspace: 40797K(41664K)->40797K(41664K) NonClass: 35673K(36160K)->35673K(36160K) Class: 5124K(5504K)->5124K(5504K)
[2026-07-01T02:02:48.742+0000][21.172s][info][gc             ] GC(38) Pause Young (Allocation Failure) 230M->155M(277M) 6.979ms
[2026-07-01T02:02:48.742+0000][21.172s][info][gc,cpu         ] GC(38) User=0.01s Sys=0.00s Real=0.01s
[2026-07-01T02:02:52.043+0000][24.473s][info][gc,start       ] GC(39) Pause Young (Allocation Failure)
[2026-07-01T02:02:52.050+0000][24.480s][info][gc,heap        ] GC(39) DefNew: 81446K(88256K)->4487K(88256K) Eden: 78464K(78464K)->0K(78464K) From: 2982K(9792K)->4487K(9792K)
[2026-07-01T02:02:52.050+0000][24.480s][info][gc,heap        ] GC(39) Tenured: 155762K(196016K)->155762K(196016K)
[2026-07-01T02:02:52.050+0000][24.480s][info][gc,metaspace   ] GC(39) Metaspace: 40984K(41792K)->40984K(41792K) NonClass: 35858K(36288K)->35858K(36288K) Class: 5126K(5504K)->5126K(5504K)
[2026-07-01T02:02:52.050+0000][24.480s][info][gc             ] GC(39) Pause Young (Allocation Failure) 231M->156M(277M) 6.925ms
[2026-07-01T02:02:52.050+0000][24.480s][info][gc,cpu         ] GC(39) User=0.01s Sys=0.00s Real=0.01s
[2026-07-01T02:02:54.849+0000][27.279s][info][gc,start       ] GC(40) Pause Young (Allocation Failure)
[2026-07-01T02:02:54.921+0000][27.350s][info][gc,heap        ] GC(40) DefNew: 82951K(88256K)->4676K(88256K) Eden: 78464K(78464K)->0K(78464K) From: 4487K(9792K)->4676K(9792K)
[2026-07-01T02:02:54.921+0000][27.350s][info][gc,heap        ] GC(40) Tenured: 155762K(196016K)->155762K(196016K)
[2026-07-01T02:02:54.921+0000][27.350s][info][gc,metaspace   ] GC(40) Metaspace: 41126K(41920K)->41126K(41920K) NonClass: 36000K(36416K)->36000K(36416K) Class: 5126K(5504K)->5126K(5504K)
[2026-07-01T02:02:54.921+0000][27.350s][info][gc             ] GC(40) Pause Young (Allocation Failure) 233M->156M(277M) 71.321ms
[2026-07-01T02:02:54.921+0000][27.350s][info][gc,cpu         ] GC(40) User=0.01s Sys=0.00s Real=0.07s
[2026-07-01T02:02:56.947+0000][29.376s][info][gc,start       ] GC(41) Pause Young (Allocation Failure)
[2026-07-01T02:02:56.958+0000][29.387s][info][gc,heap        ] GC(41) DefNew: 83140K(88256K)->4907K(88256K) Eden: 78464K(78464K)->0K(78464K) From: 4676K(9792K)->4907K(9792K)
[2026-07-01T02:02:56.958+0000][29.387s][info][gc,heap        ] GC(41) Tenured: 155762K(196016K)->155762K(196016K)
[2026-07-01T02:02:56.958+0000][29.387s][info][gc,metaspace   ] GC(41) Metaspace: 41327K(42176K)->41327K(42176K) NonClass: 36200K(36672K)->36200K(36672K) Class: 5127K(5504K)->5127K(5504K)
[2026-07-01T02:02:56.958+0000][29.387s][info][gc             ] GC(41) Pause Young (Allocation Failure) 233M->156M(277M) 10.908ms
[2026-07-01T02:02:56.958+0000][29.387s][info][gc,cpu         ] GC(41) User=0.02s Sys=0.00s Real=0.01s
[2026-07-01T02:02:58.541+0000][30.970s][info][gc,start       ] GC(42) Pause Young (Allocation Failure)
[2026-07-01T02:02:58.551+0000][30.980s][info][gc,heap        ] GC(42) DefNew: 83371K(88256K)->3402K(88256K) Eden: 78464K(78464K)->0K(78464K) From: 4907K(9792K)->3402K(9792K)
[2026-07-01T02:02:58.551+0000][30.980s][info][gc,heap        ] GC(42) Tenured: 155762K(196016K)->157566K(196016K)
[2026-07-01T02:02:58.551+0000][30.980s][info][gc,metaspace   ] GC(42) Metaspace: 41423K(42240K)->41423K(42240K) NonClass: 36296K(36736K)->36296K(36736K) Class: 5127K(5504K)->5127K(5504K)
[2026-07-01T02:02:58.551+0000][30.980s][info][gc             ] GC(42) Pause Young (Allocation Failure) 233M->157M(277M) 9.907ms
[2026-07-01T02:02:58.551+0000][30.980s][info][gc,cpu         ] GC(42) User=0.02s Sys=0.00s Real=0.01s
[2026-07-01T02:03:00.034+0000][32.463s][info][gc,start       ] GC(43) Pause Young (Allocation Failure)
[2026-07-01T02:03:00.042+0000][32.471s][info][gc,heap        ] GC(43) DefNew: 81866K(88256K)->3729K(88256K) Eden: 78463K(78464K)->0K(78464K) From: 3402K(9792K)->3729K(9792K)
[2026-07-01T02:03:00.042+0000][32.471s][info][gc,heap        ] GC(43) Tenured: 157566K(196016K)->157566K(196016K)
[2026-07-01T02:03:00.042+0000][32.471s][info][gc,metaspace   ] GC(43) Metaspace: 41424K(42240K)->41424K(42240K) NonClass: 36297K(36736K)->36297K(36736K) Class: 5127K(5504K)->5127K(5504K)
[2026-07-01T02:03:00.042+0000][32.471s][info][gc             ] GC(43) Pause Young (Allocation Failure) 233M->157M(277M) 8.213ms
[2026-07-01T02:03:00.042+0000][32.471s][info][gc,cpu         ] GC(43) User=0.01s Sys=0.00s Real=0.01s
[2026-07-01T02:03:01.451+0000][33.880s][info][gc,start       ] GC(44) Pause Young (Allocation Failure)
[2026-07-01T02:03:01.459+0000][33.889s][info][gc,heap        ] GC(44) DefNew: 82193K(88256K)->3945K(88256K) Eden: 78464K(78464K)->0K(78464K) From: 3729K(9792K)->3945K(9792K)
[2026-07-01T02:03:01.459+0000][33.889s][info][gc,heap        ] GC(44) Tenured: 157566K(196016K)->157566K(196016K)
[2026-07-01T02:03:01.459+0000][33.889s][info][gc,metaspace   ] GC(44) Metaspace: 41458K(42240K)->41458K(42240K) NonClass: 36330K(36736K)->36330K(36736K) Class: 5127K(5504K)->5127K(5504K)
[2026-07-01T02:03:01.459+0000][33.889s][info][gc             ] GC(44) Pause Young (Allocation Failure) 234M->157M(277M) 8.135ms
[2026-07-01T02:03:01.459+0000][33.889s][info][gc,cpu         ] GC(44) User=0.01s Sys=0.00s Real=0.01s
[2026-07-01T02:03:02.744+0000][35.173s][info][gc,start       ] GC(45) Pause Young (Allocation Failure)
[2026-07-01T02:03:02.752+0000][35.181s][info][gc,heap        ] GC(45) DefNew: 82409K(88256K)->4174K(88256K) Eden: 78464K(78464K)->0K(78464K) From: 3945K(9792K)->4174K(9792K)
[2026-07-01T02:03:02.752+0000][35.182s][info][gc,heap        ] GC(45) Tenured: 157566K(196016K)->157566K(196016K)
[2026-07-01T02:03:02.752+0000][35.182s][info][gc,metaspace   ] GC(45) Metaspace: 41475K(42304K)->41475K(42304K) NonClass: 36348K(36800K)->36348K(36800K) Class: 5127K(5504K)->5127K(5504K)
[2026-07-01T02:03:02.752+0000][35.182s][info][gc             ] GC(45) Pause Young (Allocation Failure) 234M->157M(277M) 8.330ms
[2026-07-01T02:03:02.752+0000][35.182s][info][gc,cpu         ] GC(45) User=0.01s Sys=0.00s Real=0.01s
[2026-07-01T02:03:04.132+0000][36.561s][info][gc,start       ] GC(46) Pause Young (Allocation Failure)
[2026-07-01T02:03:04.140+0000][36.569s][info][gc,heap        ] GC(46) DefNew: 82638K(88256K)->4385K(88256K) Eden: 78464K(78464K)->0K(78464K) From: 4174K(9792K)->4385K(9792K)
[2026-07-01T02:03:04.140+0000][36.569s][info][gc,heap        ] GC(46) Tenured: 157566K(196016K)->157566K(196016K)
[2026-07-01T02:03:04.140+0000][36.569s][info][gc,metaspace   ] GC(46) Metaspace: 41500K(42304K)->41500K(42304K) NonClass: 36372K(36800K)->36372K(36800K) Class: 5127K(5504K)->5127K(5504K)
[2026-07-01T02:03:04.140+0000][36.569s][info][gc             ] GC(46) Pause Young (Allocation Failure) 234M->158M(277M) 8.134ms
[2026-07-01T02:03:04.140+0000][36.569s][info][gc,cpu         ] GC(46) User=0.01s Sys=0.00s Real=0.01s
[2026-07-01T02:03:05.555+0000][37.984s][info][gc,start       ] GC(47) Pause Young (Allocation Failure)
[2026-07-01T02:03:05.564+0000][37.993s][info][gc,heap        ] GC(47) DefNew: 82849K(88256K)->4690K(88256K) Eden: 78464K(78464K)->0K(78464K) From: 4385K(9792K)->4690K(9792K)
[2026-07-01T02:03:05.564+0000][37.993s][info][gc,heap        ] GC(47) Tenured: 157566K(196016K)->157566K(196016K)
[2026-07-01T02:03:05.564+0000][37.993s][info][gc,metaspace   ] GC(47) Metaspace: 41511K(42304K)->41511K(42304K) NonClass: 36383K(36800K)->36383K(36800K) Class: 5127K(5504K)->5127K(5504K)
[2026-07-01T02:03:05.564+0000][37.993s][info][gc             ] GC(47) Pause Young (Allocation Failure) 234M->158M(277M) 9.038ms
[2026-07-01T02:03:05.564+0000][37.993s][info][gc,cpu         ] GC(47) User=0.02s Sys=0.00s Real=0.01s
[2026-07-01T02:03:06.848+0000][39.277s][info][gc,start       ] GC(48) Pause Young (Allocation Failure)
[2026-07-01T02:03:06.856+0000][39.286s][info][gc,heap        ] GC(48) DefNew: 83154K(88256K)->4805K(88256K) Eden: 78464K(78464K)->0K(78464K) From: 4690K(9792K)->4805K(9792K)
[2026-07-01T02:03:06.856+0000][39.286s][info][gc,heap        ] GC(48) Tenured: 157566K(196016K)->157566K(196016K)
[2026-07-01T02:03:06.856+0000][39.286s][info][gc,metaspace   ] GC(48) Metaspace: 41517K(42304K)->41517K(42304K) NonClass: 36389K(36800K)->36389K(36800K) Class: 5127K(5504K)->5127K(5504K)
[2026-07-01T02:03:06.856+0000][39.286s][info][gc             ] GC(48) Pause Young (Allocation Failure) 235M->158M(277M) 8.803ms
[2026-07-01T02:03:06.856+0000][39.286s][info][gc,cpu         ] GC(48) User=0.01s Sys=0.00s Real=0.01s
[2026-07-01T02:03:08.153+0000][40.582s][info][gc,start       ] GC(49) Pause Young (Allocation Failure)
[2026-07-01T02:03:08.221+0000][40.651s][info][gc,heap        ] GC(49) DefNew: 83269K(88256K)->5042K(88256K) Eden: 78464K(78464K)->0K(78464K) From: 4805K(9792K)->5042K(9792K)
[2026-07-01T02:03:08.221+0000][40.651s][info][gc,heap        ] GC(49) Tenured: 157566K(196016K)->157566K(196016K)
[2026-07-01T02:03:08.221+0000][40.651s][info][gc,metaspace   ] GC(49) Metaspace: 41533K(42304K)->41533K(42304K) NonClass: 36406K(36800K)->36406K(36800K) Class: 5127K(5504K)->5127K(5504K)
[2026-07-01T02:03:08.221+0000][40.651s][info][gc             ] GC(49) Pause Young (Allocation Failure) 235M->158M(277M) 68.419ms
[2026-07-01T02:03:08.221+0000][40.651s][info][gc,cpu         ] GC(49) User=0.03s Sys=0.00s Real=0.07s
[2026-07-01T02:03:09.449+0000][41.878s][info][gc,start       ] GC(50) Pause Young (Allocation Failure)
[2026-07-01T02:03:09.459+0000][41.888s][info][gc,heap        ] GC(50) DefNew: 83506K(88256K)->5105K(88256K) Eden: 78464K(78464K)->0K(78464K) From: 5042K(9792K)->5105K(9792K)
[2026-07-01T02:03:09.459+0000][41.888s][info][gc,heap        ] GC(50) Tenured: 157566K(196016K)->157790K(196016K)
[2026-07-01T02:03:09.459+0000][41.888s][info][gc,metaspace   ] GC(50) Metaspace: 41534K(42304K)->41534K(42304K) NonClass: 36406K(36800K)->36406K(36800K) Class: 5127K(5504K)->5127K(5504K)
[2026-07-01T02:03:09.459+0000][41.888s][info][gc             ] GC(50) Pause Young (Allocation Failure) 235M->159M(277M) 10.339ms
[2026-07-01T02:03:09.459+0000][41.888s][info][gc,cpu         ] GC(50) User=0.02s Sys=0.00s Real=0.01s
[2026-07-01T02:03:10.829+0000][43.259s][info][gc,start       ] GC(51) Pause Young (Allocation Failure)
[2026-07-01T02:03:10.839+0000][43.268s][info][gc,heap        ] GC(51) DefNew: 83569K(88256K)->4949K(88256K) Eden: 78464K(78464K)->0K(78464K) From: 5105K(9792K)->4949K(9792K)
[2026-07-01T02:03:10.839+0000][43.268s][info][gc,heap        ] GC(51) Tenured: 157790K(196016K)->158072K(196016K)
[2026-07-01T02:03:10.839+0000][43.268s][info][gc,metaspace   ] GC(51) Metaspace: 41538K(42304K)->41538K(42304K) NonClass: 36410K(36800K)->36410K(36800K) Class: 5127K(5504K)->5127K(5504K)
[2026-07-01T02:03:10.839+0000][43.268s][info][gc             ] GC(51) Pause Young (Allocation Failure) 235M->159M(277M) 9.409ms
[2026-07-01T02:03:10.839+0000][43.268s][info][gc,cpu         ] GC(51) User=0.02s Sys=0.00s Real=0.01s
[2026-07-01T02:03:12.138+0000][44.567s][info][gc,start       ] GC(52) Pause Young (Allocation Failure)
[2026-07-01T02:03:12.152+0000][44.581s][info][gc,heap        ] GC(52) DefNew: 83413K(88256K)->4942K(88256K) Eden: 78464K(78464K)->0K(78464K) From: 4949K(9792K)->4942K(9792K)
[2026-07-01T02:03:12.152+0000][44.581s][info][gc,heap        ] GC(52) Tenured: 158072K(196016K)->158332K(196016K)
[2026-07-01T02:03:12.152+0000][44.581s][info][gc,metaspace   ] GC(52) Metaspace: 41554K(42368K)->41554K(42368K) NonClass: 36427K(36864K)->36427K(36864K) Class: 5127K(5504K)->5127K(5504K)
[2026-07-01T02:03:12.152+0000][44.581s][info][gc             ] GC(52) Pause Young (Allocation Failure) 235M->159M(277M) 13.775ms
[2026-07-01T02:03:12.152+0000][44.581s][info][gc,cpu         ] GC(52) User=0.02s Sys=0.00s Real=0.01s
[2026-07-01T02:03:13.434+0000][45.863s][info][gc,start       ] GC(53) Pause Young (Allocation Failure)
[2026-07-01T02:03:13.443+0000][45.872s][info][gc,heap        ] GC(53) DefNew: 83406K(88256K)->5027K(88256K) Eden: 78464K(78464K)->0K(78464K) From: 4942K(9792K)->5027K(9792K)
[2026-07-01T02:03:13.443+0000][45.872s][info][gc,heap        ] GC(53) Tenured: 158332K(196016K)->158565K(196016K)
[2026-07-01T02:03:13.443+0000][45.872s][info][gc,metaspace   ] GC(53) Metaspace: 41555K(42368K)->41555K(42368K) NonClass: 36427K(36864K)->36427K(36864K) Class: 5127K(5504K)->5127K(5504K)
[2026-07-01T02:03:13.443+0000][45.872s][info][gc             ] GC(53) Pause Young (Allocation Failure) 236M->159M(277M) 9.534ms
[2026-07-01T02:03:13.443+0000][45.872s][info][gc,cpu         ] GC(53) User=0.01s Sys=0.00s Real=0.01s
[2026-07-01T02:03:14.724+0000][47.153s][info][gc,start       ] GC(54) Pause Young (Allocation Failure)
[2026-07-01T02:03:14.734+0000][47.163s][info][gc,heap        ] GC(54) DefNew: 83491K(88256K)->4970K(88256K) Eden: 78464K(78464K)->0K(78464K) From: 5027K(9792K)->4970K(9792K)
[2026-07-01T02:03:14.734+0000][47.163s][info][gc,heap        ] GC(54) Tenured: 158565K(196016K)->158792K(196016K)
[2026-07-01T02:03:14.734+0000][47.163s][info][gc,metaspace   ] GC(54) Metaspace: 41560K(42368K)->41560K(42368K) NonClass: 36432K(36864K)->36432K(36864K) Class: 5127K(5504K)->5127K(5504K)
[2026-07-01T02:03:14.734+0000][47.163s][info][gc             ] GC(54) Pause Young (Allocation Failure) 236M->159M(277M) 9.617ms
[2026-07-01T02:03:14.734+0000][47.163s][info][gc,cpu         ] GC(54) User=0.01s Sys=0.00s Real=0.01s
[2026-07-01T02:03:16.123+0000][48.552s][info][gc,start       ] GC(55) Pause Young (Allocation Failure)
[2026-07-01T02:03:16.132+0000][48.562s][info][gc,heap        ] GC(55) DefNew: 83434K(88256K)->4859K(88256K) Eden: 78464K(78464K)->0K(78464K) From: 4970K(9792K)->4859K(9792K)
[2026-07-01T02:03:16.132+0000][48.562s][info][gc,heap        ] GC(55) Tenured: 158792K(196016K)->159110K(196016K)
[2026-07-01T02:03:16.132+0000][48.562s][info][gc,metaspace   ] GC(55) Metaspace: 41568K(42368K)->41568K(42368K) NonClass: 36441K(36864K)->36441K(36864K) Class: 5127K(5504K)->5127K(5504K)
[2026-07-01T02:03:16.133+0000][48.562s][info][gc             ] GC(55) Pause Young (Allocation Failure) 236M->160M(277M) 9.904ms
[2026-07-01T02:03:16.133+0000][48.562s][info][gc,cpu         ] GC(55) User=0.01s Sys=0.00s Real=0.01s
[2026-07-01T02:03:17.351+0000][49.780s][info][gc,start       ] GC(56) Pause Young (Allocation Failure)
[2026-07-01T02:03:17.360+0000][49.789s][info][gc,heap        ] GC(56) DefNew: 83323K(88256K)->4968K(88256K) Eden: 78464K(78464K)->0K(78464K) From: 4859K(9792K)->4968K(9792K)
[2026-07-01T02:03:17.360+0000][49.790s][info][gc,heap        ] GC(56) Tenured: 159110K(196016K)->159110K(196016K)
[2026-07-01T02:03:17.360+0000][49.790s][info][gc,metaspace   ] GC(56) Metaspace: 41576K(42368K)->41576K(42368K) NonClass: 36448K(36864K)->36448K(36864K) Class: 5127K(5504K)->5127K(5504K)
[2026-07-01T02:03:17.360+0000][49.790s][info][gc             ] GC(56) Pause Young (Allocation Failure) 236M->160M(277M) 9.473ms
[2026-07-01T02:03:17.360+0000][49.790s][info][gc,cpu         ] GC(56) User=0.01s Sys=0.00s Real=0.01s
[2026-07-01T02:03:18.735+0000][51.164s][info][gc,start       ] GC(57) Pause Young (Allocation Failure)
[2026-07-01T02:03:18.745+0000][51.174s][info][gc,heap        ] GC(57) DefNew: 83432K(88256K)->5007K(88256K) Eden: 78464K(78464K)->0K(78464K) From: 4968K(9792K)->5007K(9792K)
[2026-07-01T02:03:18.745+0000][51.174s][info][gc,heap        ] GC(57) Tenured: 159110K(196016K)->159319K(196016K)
[2026-07-01T02:03:18.745+0000][51.174s][info][gc,metaspace   ] GC(57) Metaspace: 41576K(42368K)->41576K(42368K) NonClass: 36448K(36864K)->36448K(36864K) Class: 5127K(5504K)->5127K(5504K)
[2026-07-01T02:03:18.745+0000][51.174s][info][gc             ] GC(57) Pause Young (Allocation Failure) 236M->160M(277M) 9.972ms
[2026-07-01T02:03:18.745+0000][51.174s][info][gc,cpu         ] GC(57) User=0.01s Sys=0.00s Real=0.01s
[2026-07-01T02:03:19.953+0000][52.382s][info][gc,start       ] GC(58) Pause Young (Allocation Failure)
[2026-07-01T02:03:19.962+0000][52.391s][info][gc,heap        ] GC(58) DefNew: 83471K(88256K)->4982K(88256K) Eden: 78464K(78464K)->0K(78464K) From: 5007K(9792K)->4982K(9792K)
[2026-07-01T02:03:19.962+0000][52.391s][info][gc,heap        ] GC(58) Tenured: 159319K(196016K)->159548K(196016K)
[2026-07-01T02:03:19.962+0000][52.391s][info][gc,metaspace   ] GC(58) Metaspace: 41576K(42368K)->41576K(42368K) NonClass: 36448K(36864K)->36448K(36864K) Class: 5127K(5504K)->5127K(5504K)
[2026-07-01T02:03:19.962+0000][52.391s][info][gc             ] GC(58) Pause Young (Allocation Failure) 237M->160M(277M) 9.006ms
[2026-07-01T02:03:19.962+0000][52.391s][info][gc,cpu         ] GC(58) User=0.02s Sys=0.00s Real=0.01s
[2026-07-01T02:03:21.236+0000][53.665s][info][gc,start       ] GC(59) Pause Young (Allocation Failure)
[2026-07-01T02:03:21.249+0000][53.678s][info][gc,heap        ] GC(59) DefNew: 83446K(88256K)->5049K(88256K) Eden: 78464K(78464K)->0K(78464K) From: 4982K(9792K)->5049K(9792K)
[2026-07-01T02:03:21.249+0000][53.678s][info][gc,heap        ] GC(59) Tenured: 159548K(196016K)->159770K(196016K)
[2026-07-01T02:03:21.249+0000][53.678s][info][gc,metaspace   ] GC(59) Metaspace: 41576K(42368K)->41576K(42368K) NonClass: 36448K(36864K)->36448K(36864K) Class: 5127K(5504K)->5127K(5504K)
[2026-07-01T02:03:21.249+0000][53.678s][info][gc             ] GC(59) Pause Young (Allocation Failure) 237M->160M(277M) 13.200ms
[2026-07-01T02:03:21.249+0000][53.678s][info][gc,cpu         ] GC(59) User=0.02s Sys=0.00s Real=0.02s
[2026-07-01T02:03:22.643+0000][55.072s][info][gc,start       ] GC(60) Pause Young (Allocation Failure)
[2026-07-01T02:03:22.653+0000][55.083s][info][gc,heap        ] GC(60) DefNew: 83513K(88256K)->5081K(88256K) Eden: 78464K(78464K)->0K(78464K) From: 5049K(9792K)->5081K(9792K)
[2026-07-01T02:03:22.653+0000][55.083s][info][gc,heap        ] GC(60) Tenured: 159770K(196016K)->159992K(196016K)
[2026-07-01T02:03:22.653+0000][55.083s][info][gc,metaspace   ] GC(60) Metaspace: 41576K(42368K)->41576K(42368K) NonClass: 36448K(36864K)->36448K(36864K) Class: 5128K(5504K)->5128K(5504K)
[2026-07-01T02:03:22.653+0000][55.083s][info][gc             ] GC(60) Pause Young (Allocation Failure) 237M->161M(277M) 10.298ms
[2026-07-01T02:03:22.653+0000][55.083s][info][gc,cpu         ] GC(60) User=0.02s Sys=0.00s Real=0.01s
[2026-07-01T02:03:23.924+0000][56.354s][info][gc,start       ] GC(61) Pause Young (Allocation Failure)
[2026-07-01T02:03:23.934+0000][56.363s][info][gc,heap        ] GC(61) DefNew: 83545K(88256K)->5069K(88256K) Eden: 78464K(78464K)->0K(78464K) From: 5081K(9792K)->5069K(9792K)
[2026-07-01T02:03:23.934+0000][56.363s][info][gc,heap        ] GC(61) Tenured: 159992K(196016K)->160208K(196016K)
[2026-07-01T02:03:23.934+0000][56.363s][info][gc,metaspace   ] GC(61) Metaspace: 41577K(42368K)->41577K(42368K) NonClass: 36449K(36864K)->36449K(36864K) Class: 5128K(5504K)->5128K(5504K)
[2026-07-01T02:03:23.934+0000][56.363s][info][gc             ] GC(61) Pause Young (Allocation Failure) 237M->161M(277M) 9.575ms
[2026-07-01T02:03:23.934+0000][56.363s][info][gc,cpu         ] GC(61) User=0.01s Sys=0.00s Real=0.01s
[2026-07-01T02:03:25.129+0000][57.558s][info][gc,start       ] GC(62) Pause Young (Allocation Failure)
[2026-07-01T02:03:25.139+0000][57.568s][info][gc,heap        ] GC(62) DefNew: 83533K(88256K)->5064K(88256K) Eden: 78464K(78464K)->0K(78464K) From: 5069K(9792K)->5064K(9792K)
[2026-07-01T02:03:25.139+0000][57.568s][info][gc,heap        ] GC(62) Tenured: 160208K(196016K)->160430K(196016K)
[2026-07-01T02:03:25.139+0000][57.568s][info][gc,metaspace   ] GC(62) Metaspace: 41577K(42368K)->41577K(42368K) NonClass: 36449K(36864K)->36449K(36864K) Class: 5128K(5504K)->5128K(5504K)
[2026-07-01T02:03:25.139+0000][57.568s][info][gc             ] GC(62) Pause Young (Allocation Failure) 238M->161M(277M) 9.843ms
[2026-07-01T02:03:25.139+0000][57.568s][info][gc,cpu         ] GC(62) User=0.01s Sys=0.00s Real=0.01s
[2026-07-01T02:03:26.462+0000][58.892s][info][gc,start       ] GC(63) Pause Young (Allocation Failure)
[2026-07-01T02:03:26.532+0000][58.961s][info][gc,heap        ] GC(63) DefNew: 83528K(88256K)->4943K(88256K) Eden: 78464K(78464K)->0K(78464K) From: 5064K(9792K)->4943K(9792K)
[2026-07-01T02:03:26.532+0000][58.961s][info][gc,heap        ] GC(63) Tenured: 160430K(196016K)->160645K(196016K)
[2026-07-01T02:03:26.532+0000][58.961s][info][gc,metaspace   ] GC(63) Metaspace: 41579K(42368K)->41579K(42368K) NonClass: 36451K(36864K)->36451K(36864K) Class: 5128K(5504K)->5128K(5504K)
[2026-07-01T02:03:26.532+0000][58.961s][info][gc             ] GC(63) Pause Young (Allocation Failure) 238M->161M(277M) 69.601ms
[2026-07-01T02:03:26.532+0000][58.961s][info][gc,cpu         ] GC(63) User=0.03s Sys=0.00s Real=0.07s
[2026-07-01T02:03:27.755+0000][60.184s][info][gc,start       ] GC(64) Pause Young (Allocation Failure)
[2026-07-01T02:03:27.764+0000][60.194s][info][gc,heap        ] GC(64) DefNew: 83407K(88256K)->5103K(88256K) Eden: 78464K(78464K)->0K(78464K) From: 4943K(9792K)->5103K(9792K)
[2026-07-01T02:03:27.764+0000][60.194s][info][gc,heap        ] GC(64) Tenured: 160645K(196016K)->160867K(196016K)
[2026-07-01T02:03:27.764+0000][60.194s][info][gc,metaspace   ] GC(64) Metaspace: 41579K(42368K)->41579K(42368K) NonClass: 36451K(36864K)->36451K(36864K) Class: 5128K(5504K)->5128K(5504K)
[2026-07-01T02:03:27.764+0000][60.194s][info][gc             ] GC(64) Pause Young (Allocation Failure) 238M->162M(277M) 9.457ms
[2026-07-01T02:03:27.764+0000][60.194s][info][gc,cpu         ] GC(64) User=0.01s Sys=0.00s Real=0.01s
[2026-07-01T02:03:28.947+0000][61.377s][info][gc,start       ] GC(65) Pause Young (Allocation Failure)
[2026-07-01T02:03:28.957+0000][61.386s][info][gc,heap        ] GC(65) DefNew: 83567K(88256K)->5092K(88256K) Eden: 78464K(78464K)->0K(78464K) From: 5103K(9792K)->5092K(9792K)
[2026-07-01T02:03:28.957+0000][61.386s][info][gc,heap        ] GC(65) Tenured: 160867K(196016K)->161092K(196016K)
[2026-07-01T02:03:28.957+0000][61.386s][info][gc,metaspace   ] GC(65) Metaspace: 41582K(42368K)->41582K(42368K) NonClass: 36454K(36864K)->36454K(36864K) Class: 5128K(5504K)->5128K(5504K)
[2026-07-01T02:03:28.957+0000][61.386s][info][gc             ] GC(65) Pause Young (Allocation Failure) 238M->162M(277M) 9.451ms
[2026-07-01T02:03:28.957+0000][61.386s][info][gc,cpu         ] GC(65) User=0.01s Sys=0.00s Real=0.01s
[2026-07-01T02:03:30.258+0000][62.687s][info][gc,start       ] GC(66) Pause Young (Allocation Failure)
[2026-07-01T02:03:30.331+0000][62.760s][info][gc,heap        ] GC(66) DefNew: 83556K(88256K)->5119K(88256K) Eden: 78464K(78464K)->0K(78464K) From: 5092K(9792K)->5119K(9792K)
[2026-07-01T02:03:30.331+0000][62.760s][info][gc,heap        ] GC(66) Tenured: 161092K(196016K)->161305K(196016K)
[2026-07-01T02:03:30.331+0000][62.760s][info][gc,metaspace   ] GC(66) Metaspace: 41583K(42368K)->41583K(42368K) NonClass: 36455K(36864K)->36455K(36864K) Class: 5128K(5504K)->5128K(5504K)
[2026-07-01T02:03:30.331+0000][62.760s][info][gc             ] GC(66) Pause Young (Allocation Failure) 238M->162M(277M) 73.281ms
[2026-07-01T02:03:30.331+0000][62.760s][info][gc,cpu         ] GC(66) User=0.03s Sys=0.00s Real=0.08s
[2026-07-01T02:03:31.560+0000][63.990s][info][gc,start       ] GC(67) Pause Young (Allocation Failure)
[2026-07-01T02:03:31.571+0000][64.000s][info][gc,heap        ] GC(67) DefNew: 83583K(88256K)->4853K(88256K) Eden: 78464K(78464K)->0K(78464K) From: 5119K(9792K)->4853K(9792K)
[2026-07-01T02:03:31.571+0000][64.000s][info][gc,heap        ] GC(67) Tenured: 161305K(196016K)->161740K(196016K)
[2026-07-01T02:03:31.571+0000][64.000s][info][gc,metaspace   ] GC(67) Metaspace: 41584K(42368K)->41584K(42368K) NonClass: 36456K(36864K)->36456K(36864K) Class: 5128K(5504K)->5128K(5504K)
[2026-07-01T02:03:31.571+0000][64.000s][info][gc             ] GC(67) Pause Young (Allocation Failure) 239M->162M(277M) 10.291ms
[2026-07-01T02:03:31.571+0000][64.000s][info][gc,cpu         ] GC(67) User=0.01s Sys=0.00s Real=0.01s
[2026-07-01T02:03:32.744+0000][65.173s][info][gc,start       ] GC(68) Pause Young (Allocation Failure)
[2026-07-01T02:03:32.753+0000][65.183s][info][gc,heap        ] GC(68) DefNew: 83317K(88256K)->5033K(88256K) Eden: 78464K(78464K)->0K(78464K) From: 4853K(9792K)->5033K(9792K)
[2026-07-01T02:03:32.754+0000][65.183s][info][gc,heap        ] GC(68) Tenured: 161740K(196016K)->161740K(196016K)
[2026-07-01T02:03:32.754+0000][65.183s][info][gc,metaspace   ] GC(68) Metaspace: 41585K(42368K)->41585K(42368K) NonClass: 36457K(36864K)->36457K(36864K) Class: 5128K(5504K)->5128K(5504K)
[2026-07-01T02:03:32.754+0000][65.183s][info][gc             ] GC(68) Pause Young (Allocation Failure) 239M->162M(277M) 9.245ms
[2026-07-01T02:03:32.754+0000][65.183s][info][gc,cpu         ] GC(68) User=0.01s Sys=0.00s Real=0.01s
[2026-07-01T02:03:33.859+0000][66.288s][info][gc,start       ] GC(69) Pause Young (Allocation Failure)
[2026-07-01T02:03:33.868+0000][66.298s][info][gc,heap        ] GC(69) DefNew: 83497K(88256K)->5012K(88256K) Eden: 78464K(78464K)->0K(78464K) From: 5033K(9792K)->5012K(9792K)
[2026-07-01T02:03:33.868+0000][66.298s][info][gc,heap        ] GC(69) Tenured: 161740K(196016K)->161959K(196016K)
[2026-07-01T02:03:33.868+0000][66.298s][info][gc,metaspace   ] GC(69) Metaspace: 41586K(42368K)->41586K(42368K) NonClass: 36457K(36864K)->36457K(36864K) Class: 5128K(5504K)->5128K(5504K)
[2026-07-01T02:03:33.868+0000][66.298s][info][gc             ] GC(69) Pause Young (Allocation Failure) 239M->163M(277M) 9.677ms
[2026-07-01T02:03:33.869+0000][66.298s][info][gc,cpu         ] GC(69) User=0.01s Sys=0.00s Real=0.01s
[2026-07-01T02:03:35.056+0000][67.485s][info][gc,start       ] GC(70) Pause Young (Allocation Failure)
[2026-07-01T02:03:35.067+0000][67.496s][info][gc,heap        ] GC(70) DefNew: 83476K(88256K)->5096K(88256K) Eden: 78464K(78464K)->0K(78464K) From: 5012K(9792K)->5096K(9792K)
[2026-07-01T02:03:35.067+0000][67.496s][info][gc,heap        ] GC(70) Tenured: 161959K(196016K)->162175K(196016K)
[2026-07-01T02:03:35.067+0000][67.496s][info][gc,metaspace   ] GC(70) Metaspace: 41587K(42368K)->41587K(42368K) NonClass: 36459K(36864K)->36459K(36864K) Class: 5128K(5504K)->5128K(5504K)
[2026-07-01T02:03:35.067+0000][67.496s][info][gc             ] GC(70) Pause Young (Allocation Failure) 239M->163M(277M) 10.606ms
[2026-07-01T02:03:35.067+0000][67.496s][info][gc,cpu         ] GC(70) User=0.02s Sys=0.00s Real=0.01s
[2026-07-01T02:03:36.234+0000][68.663s][info][gc,start       ] GC(71) Pause Young (Allocation Failure)
[2026-07-01T02:03:36.244+0000][68.673s][info][gc,heap        ] GC(71) DefNew: 83560K(88256K)->5267K(88256K) Eden: 78464K(78464K)->0K(78464K) From: 5096K(9792K)->5267K(9792K)
[2026-07-01T02:03:36.244+0000][68.673s][info][gc,heap        ] GC(71) Tenured: 162175K(196016K)->162394K(196016K)
[2026-07-01T02:03:36.244+0000][68.673s][info][gc,metaspace   ] GC(71) Metaspace: 41604K(42368K)->41604K(42368K) NonClass: 36476K(36864K)->36476K(36864K) Class: 5128K(5504K)->5128K(5504K)
[2026-07-01T02:03:36.244+0000][68.673s][info][gc             ] GC(71) Pause Young (Allocation Failure) 239M->163M(277M) 10.032ms
[2026-07-01T02:03:36.244+0000][68.673s][info][gc,cpu         ] GC(71) User=0.01s Sys=0.00s Real=0.01s
[2026-07-01T02:03:37.355+0000][69.784s][info][gc,start       ] GC(72) Pause Young (Allocation Failure)
[2026-07-01T02:03:37.368+0000][69.798s][info][gc,heap        ] GC(72) DefNew: 83731K(88256K)->4846K(88256K) Eden: 78464K(78464K)->0K(78464K) From: 5267K(9792K)->4846K(9792K)
[2026-07-01T02:03:37.368+0000][69.798s][info][gc,heap        ] GC(72) Tenured: 162394K(196016K)->162827K(196016K)
[2026-07-01T02:03:37.368+0000][69.798s][info][gc,metaspace   ] GC(72) Metaspace: 41609K(42432K)->41609K(42432K) NonClass: 36481K(36928K)->36481K(36928K) Class: 5128K(5504K)->5128K(5504K)
[2026-07-01T02:03:37.368+0000][69.798s][info][gc             ] GC(72) Pause Young (Allocation Failure) 240M->163M(277M) 13.746ms
[2026-07-01T02:03:37.368+0000][69.798s][info][gc,cpu         ] GC(72) User=0.01s Sys=0.00s Real=0.02s
[2026-07-01T02:03:38.638+0000][71.067s][info][gc,start       ] GC(73) Pause Young (Allocation Failure)
[2026-07-01T02:03:38.648+0000][71.077s][info][gc,heap        ] GC(73) DefNew: 83310K(88256K)->5123K(88256K) Eden: 78464K(78464K)->0K(78464K) From: 4846K(9792K)->5123K(9792K)
[2026-07-01T02:03:38.648+0000][71.077s][info][gc,heap        ] GC(73) Tenured: 162827K(196016K)->162827K(196016K)
[2026-07-01T02:03:38.648+0000][71.077s][info][gc,metaspace   ] GC(73) Metaspace: 41611K(42432K)->41611K(42432K) NonClass: 36483K(36928K)->36483K(36928K) Class: 5128K(5504K)->5128K(5504K)
[2026-07-01T02:03:38.648+0000][71.077s][info][gc             ] GC(73) Pause Young (Allocation Failure) 240M->164M(277M) 9.580ms
[2026-07-01T02:03:38.648+0000][71.077s][info][gc,cpu         ] GC(73) User=0.01s Sys=0.00s Real=0.00s
[2026-07-01T02:03:39.746+0000][72.175s][info][gc,start       ] GC(74) Pause Young (Allocation Failure)
[2026-07-01T02:03:39.756+0000][72.185s][info][gc,heap        ] GC(74) DefNew: 83587K(88256K)->4841K(88256K) Eden: 78464K(78464K)->0K(78464K) From: 5123K(9792K)->4841K(9792K)
[2026-07-01T02:03:39.756+0000][72.186s][info][gc,heap        ] GC(74) Tenured: 162827K(196016K)->163264K(196016K)
[2026-07-01T02:03:39.756+0000][72.186s][info][gc,metaspace   ] GC(74) Metaspace: 41613K(42432K)->41613K(42432K) NonClass: 36485K(36928K)->36485K(36928K) Class: 5128K(5504K)->5128K(5504K)
[2026-07-01T02:03:39.756+0000][72.186s][info][gc             ] GC(74) Pause Young (Allocation Failure) 240M->164M(277M) 10.729ms
[2026-07-01T02:03:39.756+0000][72.186s][info][gc,cpu         ] GC(74) User=0.01s Sys=0.00s Real=0.01s
[2026-07-01T02:03:40.835+0000][73.264s][info][gc,start       ] GC(75) Pause Young (Allocation Failure)
[2026-07-01T02:03:40.844+0000][73.274s][info][gc,heap        ] GC(75) DefNew: 83305K(88256K)->5150K(88256K) Eden: 78464K(78464K)->0K(78464K) From: 4841K(9792K)->5150K(9792K)
[2026-07-01T02:03:40.844+0000][73.274s][info][gc,heap        ] GC(75) Tenured: 163264K(196016K)->163264K(196016K)
[2026-07-01T02:03:40.844+0000][73.274s][info][gc,metaspace   ] GC(75) Metaspace: 41614K(42432K)->41614K(42432K) NonClass: 36485K(36928K)->36485K(36928K) Class: 5128K(5504K)->5128K(5504K)
[2026-07-01T02:03:40.844+0000][73.274s][info][gc             ] GC(75) Pause Young (Allocation Failure) 240M->164M(277M) 9.797ms
[2026-07-01T02:03:40.844+0000][73.274s][info][gc,cpu         ] GC(75) User=0.01s Sys=0.00s Real=0.01s
[2026-07-01T02:03:41.940+0000][74.369s][info][gc,start       ] GC(76) Pause Young (Allocation Failure)
[2026-07-01T02:03:41.950+0000][74.379s][info][gc,heap        ] GC(76) DefNew: 83614K(88256K)->4953K(88256K) Eden: 78464K(78464K)->0K(78464K) From: 5150K(9792K)->4953K(9792K)
[2026-07-01T02:03:41.950+0000][74.379s][info][gc,heap        ] GC(76) Tenured: 163264K(196016K)->163733K(196016K)
[2026-07-01T02:03:41.950+0000][74.379s][info][gc,metaspace   ] GC(76) Metaspace: 41614K(42432K)->41614K(42432K) NonClass: 36486K(36928K)->36486K(36928K) Class: 5128K(5504K)->5128K(5504K)
[2026-07-01T02:03:41.950+0000][74.379s][info][gc             ] GC(76) Pause Young (Allocation Failure) 241M->164M(277M) 9.827ms
[2026-07-01T02:03:41.950+0000][74.379s][info][gc,cpu         ] GC(76) User=0.02s Sys=0.00s Real=0.01s
[2026-07-01T02:03:43.049+0000][75.478s][info][gc,start       ] GC(77) Pause Young (Allocation Failure)
[2026-07-01T02:03:43.064+0000][75.493s][info][gc,heap        ] GC(77) DefNew: 83417K(88256K)->4958K(88256K) Eden: 78464K(78464K)->0K(78464K) From: 4953K(9792K)->4958K(9792K)
[2026-07-01T02:03:43.064+0000][75.493s][info][gc,heap        ] GC(77) Tenured: 163733K(196016K)->163949K(196016K)
[2026-07-01T02:03:43.064+0000][75.493s][info][gc,metaspace   ] GC(77) Metaspace: 41614K(42432K)->41614K(42432K) NonClass: 36486K(36928K)->36486K(36928K) Class: 5128K(5504K)->5128K(5504K)
[2026-07-01T02:03:43.064+0000][75.494s][info][gc             ] GC(77) Pause Young (Allocation Failure) 241M->164M(277M) 15.111ms
[2026-07-01T02:03:43.064+0000][75.494s][info][gc,cpu         ] GC(77) User=0.03s Sys=0.00s Real=0.01s
[2026-07-01T02:03:44.163+0000][76.592s][info][gc,start       ] GC(78) Pause Young (Allocation Failure)
[2026-07-01T02:03:44.225+0000][76.654s][info][gc,heap        ] GC(78) DefNew: 83422K(88256K)->5076K(88256K) Eden: 78464K(78464K)->0K(78464K) From: 4958K(9792K)->5076K(9792K)
[2026-07-01T02:03:44.225+0000][76.654s][info][gc,heap        ] GC(78) Tenured: 163949K(196016K)->164162K(196016K)
[2026-07-01T02:03:44.225+0000][76.654s][info][gc,metaspace   ] GC(78) Metaspace: 41614K(42432K)->41614K(42432K) NonClass: 36486K(36928K)->36486K(36928K) Class: 5128K(5504K)->5128K(5504K)
[2026-07-01T02:03:44.225+0000][76.654s][info][gc             ] GC(78) Pause Young (Allocation Failure) 241M->165M(277M) 62.026ms
[2026-07-01T02:03:44.225+0000][76.655s][info][gc,cpu         ] GC(78) User=0.01s Sys=0.00s Real=0.06s
[2026-07-01T02:03:45.464+0000][77.894s][info][gc,start       ] GC(79) Pause Young (Allocation Failure)
[2026-07-01T02:03:45.522+0000][77.951s][info][gc,heap        ] GC(79) DefNew: 83540K(88256K)->5020K(88256K) Eden: 78464K(78464K)->0K(78464K) From: 5076K(9792K)->5020K(9792K)
[2026-07-01T02:03:45.522+0000][77.951s][info][gc,heap        ] GC(79) Tenured: 164162K(196016K)->164386K(196016K)
[2026-07-01T02:03:45.522+0000][77.951s][info][gc,metaspace   ] GC(79) Metaspace: 41614K(42432K)->41614K(42432K) NonClass: 36486K(36928K)->36486K(36928K) Class: 5128K(5504K)->5128K(5504K)
[2026-07-01T02:03:45.522+0000][77.951s][info][gc             ] GC(79) Pause Young (Allocation Failure) 241M->165M(277M) 57.274ms
[2026-07-01T02:03:45.522+0000][77.951s][info][gc,cpu         ] GC(79) User=0.01s Sys=0.00s Real=0.06s
[2026-07-01T02:03:46.552+0000][78.981s][info][gc,start       ] GC(80) Pause Young (Allocation Failure)
[2026-07-01T02:03:46.562+0000][78.991s][info][gc,heap        ] GC(80) DefNew: 83484K(88256K)->5066K(88256K) Eden: 78464K(78464K)->0K(78464K) From: 5020K(9792K)->5066K(9792K)
[2026-07-01T02:03:46.562+0000][78.991s][info][gc,heap        ] GC(80) Tenured: 164386K(196016K)->164616K(196016K)
[2026-07-01T02:03:46.562+0000][78.991s][info][gc,metaspace   ] GC(80) Metaspace: 41614K(42432K)->41614K(42432K) NonClass: 36486K(36928K)->36486K(36928K) Class: 5128K(5504K)->5128K(5504K)
[2026-07-01T02:03:46.562+0000][78.991s][info][gc             ] GC(80) Pause Young (Allocation Failure) 242M->165M(277M) 10.364ms
[2026-07-01T02:03:46.562+0000][78.991s][info][gc,cpu         ] GC(80) User=0.02s Sys=0.00s Real=0.01s
[2026-07-01T02:03:47.652+0000][80.082s][info][gc,start       ] GC(81) Pause Young (Allocation Failure)
[2026-07-01T02:03:47.662+0000][80.091s][info][gc,heap        ] GC(81) DefNew: 83530K(88256K)->5048K(88256K) Eden: 78464K(78464K)->0K(78464K) From: 5066K(9792K)->5048K(9792K)
[2026-07-01T02:03:47.662+0000][80.091s][info][gc,heap        ] GC(81) Tenured: 164616K(196016K)->164840K(196016K)
[2026-07-01T02:03:47.662+0000][80.091s][info][gc,metaspace   ] GC(81) Metaspace: 41614K(42432K)->41614K(42432K) NonClass: 36486K(36928K)->36486K(36928K) Class: 5128K(5504K)->5128K(5504K)
[2026-07-01T02:03:47.662+0000][80.091s][info][gc             ] GC(81) Pause Young (Allocation Failure) 242M->165M(277M) 9.808ms
[2026-07-01T02:03:47.662+0000][80.091s][info][gc,cpu         ] GC(81) User=0.01s Sys=0.00s Real=0.01s
[2026-07-01T02:03:48.661+0000][81.091s][info][gc,start       ] GC(82) Pause Young (Allocation Failure)
[2026-07-01T02:03:48.723+0000][81.152s][info][gc,heap        ] GC(82) DefNew: 83512K(88256K)->5024K(88256K) Eden: 78464K(78464K)->0K(78464K) From: 5048K(9792K)->5024K(9792K)
[2026-07-01T02:03:48.723+0000][81.152s][info][gc,heap        ] GC(82) Tenured: 164840K(196016K)->165061K(196016K)
[2026-07-01T02:03:48.723+0000][81.152s][info][gc,metaspace   ] GC(82) Metaspace: 41615K(42432K)->41615K(42432K) NonClass: 36486K(36928K)->36486K(36928K) Class: 5128K(5504K)->5128K(5504K)
[2026-07-01T02:03:48.723+0000][81.152s][info][gc             ] GC(82) Pause Young (Allocation Failure) 242M->166M(277M) 61.785ms
[2026-07-01T02:03:48.723+0000][81.152s][info][gc,cpu         ] GC(82) User=0.02s Sys=0.00s Real=0.06s
[2026-07-01T02:03:49.746+0000][82.175s][info][gc,start       ] GC(83) Pause Young (Allocation Failure)
[2026-07-01T02:03:49.757+0000][82.187s][info][gc,heap        ] GC(83) DefNew: 83488K(88256K)->5068K(88256K) Eden: 78463K(78464K)->0K(78464K) From: 5024K(9792K)->5068K(9792K)
[2026-07-01T02:03:49.757+0000][82.187s][info][gc,heap        ] GC(83) Tenured: 165061K(196016K)->165290K(196016K)
[2026-07-01T02:03:49.757+0000][82.187s][info][gc,metaspace   ] GC(83) Metaspace: 41615K(42432K)->41615K(42432K) NonClass: 36487K(36928K)->36487K(36928K) Class: 5128K(5504K)->5128K(5504K)
[2026-07-01T02:03:49.757+0000][82.187s][info][gc             ] GC(83) Pause Young (Allocation Failure) 242M->166M(277M) 11.156ms
[2026-07-01T02:03:49.757+0000][82.187s][info][gc,cpu         ] GC(83) User=0.02s Sys=0.00s Real=0.01s
[2026-07-01T02:03:50.820+0000][83.250s][info][gc,start       ] GC(84) Pause Young (Allocation Failure)
[2026-07-01T02:03:50.830+0000][83.260s][info][gc,heap        ] GC(84) DefNew: 83532K(88256K)->5072K(88256K) Eden: 78464K(78464K)->0K(78464K) From: 5068K(9792K)->5072K(9792K)
[2026-07-01T02:03:50.830+0000][83.260s][info][gc,heap        ] GC(84) Tenured: 165290K(196016K)->165520K(196016K)
[2026-07-01T02:03:50.830+0000][83.260s][info][gc,metaspace   ] GC(84) Metaspace: 41615K(42432K)->41615K(42432K) NonClass: 36487K(36928K)->36487K(36928K) Class: 5128K(5504K)->5128K(5504K)
[2026-07-01T02:03:50.830+0000][83.260s][info][gc             ] GC(84) Pause Young (Allocation Failure) 242M->166M(277M) 10.030ms
[2026-07-01T02:03:50.831+0000][83.260s][info][gc,cpu         ] GC(84) User=0.01s Sys=0.00s Real=0.01s
[2026-07-01T02:03:51.834+0000][84.263s][info][gc,start       ] GC(85) Pause Young (Allocation Failure)
[2026-07-01T02:03:51.845+0000][84.274s][info][gc,heap        ] GC(85) DefNew: 83536K(88256K)->5064K(88256K) Eden: 78464K(78464K)->0K(78464K) From: 5072K(9792K)->5064K(9792K)
[2026-07-01T02:03:51.845+0000][84.274s][info][gc,heap        ] GC(85) Tenured: 165520K(196016K)->165747K(196016K)
[2026-07-01T02:03:51.845+0000][84.274s][info][gc,metaspace   ] GC(85) Metaspace: 41615K(42432K)->41615K(42432K) NonClass: 36487K(36928K)->36487K(36928K) Class: 5128K(5504K)->5128K(5504K)
[2026-07-01T02:03:51.845+0000][84.274s][info][gc             ] GC(85) Pause Young (Allocation Failure) 243M->166M(277M) 11.051ms
[2026-07-01T02:03:51.845+0000][84.274s][info][gc,cpu         ] GC(85) User=0.02s Sys=0.00s Real=0.01s
[2026-07-01T02:03:52.961+0000][85.390s][info][gc,start       ] GC(86) Pause Young (Allocation Failure)
[2026-07-01T02:03:53.031+0000][85.460s][info][gc,heap        ] GC(86) DefNew: 83528K(88256K)->4847K(88256K) Eden: 78464K(78464K)->0K(78464K) From: 5064K(9792K)->4847K(9792K)
[2026-07-01T02:03:53.031+0000][85.460s][info][gc,heap        ] GC(86) Tenured: 165747K(196016K)->165969K(196016K)
[2026-07-01T02:03:53.031+0000][85.460s][info][gc,metaspace   ] GC(86) Metaspace: 41616K(42432K)->41616K(42432K) NonClass: 36488K(36928K)->36488K(36928K) Class: 5128K(5504K)->5128K(5504K)
[2026-07-01T02:03:53.031+0000][85.460s][info][gc             ] GC(86) Pause Young (Allocation Failure) 243M->166M(277M) 69.804ms
[2026-07-01T02:03:53.031+0000][85.460s][info][gc,cpu         ] GC(86) User=0.03s Sys=0.00s Real=0.07s
[2026-07-01T02:03:54.227+0000][86.656s][info][gc,start       ] GC(87) Pause Young (Allocation Failure)
[2026-07-01T02:03:54.238+0000][86.667s][info][gc,heap        ] GC(87) DefNew: 83311K(88256K)->5170K(88256K) Eden: 78464K(78464K)->0K(78464K) From: 4847K(9792K)->5170K(9792K)
[2026-07-01T02:03:54.238+0000][86.668s][info][gc,heap        ] GC(87) Tenured: 165969K(196016K)->165969K(196016K)
[2026-07-01T02:03:54.238+0000][86.668s][info][gc,metaspace   ] GC(87) Metaspace: 41617K(42432K)->41617K(42432K) NonClass: 36488K(36928K)->36488K(36928K) Class: 5128K(5504K)->5128K(5504K)
[2026-07-01T02:03:54.238+0000][86.668s][info][gc             ] GC(87) Pause Young (Allocation Failure) 243M->167M(277M) 11.264ms
[2026-07-01T02:03:54.238+0000][86.668s][info][gc,cpu         ] GC(87) User=0.02s Sys=0.00s Real=0.02s
[2026-07-01T02:03:55.252+0000][87.682s][info][gc,start       ] GC(88) Pause Young (Allocation Failure)
[2026-07-01T02:03:55.263+0000][87.693s][info][gc,heap        ] GC(88) DefNew: 83634K(88256K)->4954K(88256K) Eden: 78464K(78464K)->0K(78464K) From: 5170K(9792K)->4954K(9792K)
[2026-07-01T02:03:55.263+0000][87.693s][info][gc,heap        ] GC(88) Tenured: 165969K(196016K)->166433K(196016K)
[2026-07-01T02:03:55.263+0000][87.693s][info][gc,metaspace   ] GC(88) Metaspace: 41622K(42496K)->41622K(42496K) NonClass: 36493K(36992K)->36493K(36992K) Class: 5129K(5504K)->5129K(5504K)
[2026-07-01T02:03:55.264+0000][87.693s][info][gc             ] GC(88) Pause Young (Allocation Failure) 243M->167M(277M) 11.037ms
[2026-07-01T02:03:55.264+0000][87.693s][info][gc,cpu         ] GC(88) User=0.02s Sys=0.00s Real=0.01s
[2026-07-01T02:03:56.237+0000][88.666s][info][gc,start       ] GC(89) Pause Young (Allocation Failure)
[2026-07-01T02:03:56.250+0000][88.679s][info][gc,heap        ] GC(89) DefNew: 83418K(88256K)->4879K(88256K) Eden: 78464K(78464K)->0K(78464K) From: 4954K(9792K)->4879K(9792K)
[2026-07-01T02:03:56.250+0000][88.679s][info][gc,heap        ] GC(89) Tenured: 166433K(196016K)->166742K(196016K)
[2026-07-01T02:03:56.250+0000][88.679s][info][gc,metaspace   ] GC(89) Metaspace: 41623K(42496K)->41623K(42496K) NonClass: 36494K(36992K)->36494K(36992K) Class: 5129K(5504K)->5129K(5504K)
[2026-07-01T02:03:56.250+0000][88.679s][info][gc             ] GC(89) Pause Young (Allocation Failure) 243M->167M(277M) 12.963ms
[2026-07-01T02:03:56.250+0000][88.679s][info][gc,cpu         ] GC(89) User=0.02s Sys=0.00s Real=0.02s
[2026-07-01T02:03:57.260+0000][89.689s][info][gc,start       ] GC(90) Pause Young (Allocation Failure)
[2026-07-01T02:03:57.325+0000][89.754s][info][gc,heap        ] GC(90) DefNew: 83343K(88256K)->5141K(88256K) Eden: 78464K(78464K)->0K(78464K) From: 4879K(9792K)->5141K(9792K)
[2026-07-01T02:03:57.325+0000][89.754s][info][gc,heap        ] GC(90) Tenured: 166742K(196016K)->166742K(196016K)
[2026-07-01T02:03:57.325+0000][89.754s][info][gc,metaspace   ] GC(90) Metaspace: 41623K(42496K)->41623K(42496K) NonClass: 36494K(36992K)->36494K(36992K) Class: 5129K(5504K)->5129K(5504K)
[2026-07-01T02:03:57.325+0000][89.754s][info][gc             ] GC(90) Pause Young (Allocation Failure) 244M->167M(277M) 65.282ms
[2026-07-01T02:03:57.325+0000][89.754s][info][gc,cpu         ] GC(90) User=0.01s Sys=0.00s Real=0.06s
[2026-07-01T02:03:58.254+0000][90.683s][info][gc,start       ] GC(91) Pause Young (Allocation Failure)
[2026-07-01T02:03:58.268+0000][90.698s][info][gc,heap        ] GC(91) DefNew: 83605K(88256K)->4892K(88256K) Eden: 78464K(78464K)->0K(78464K) From: 5141K(9792K)->4892K(9792K)
[2026-07-01T02:03:58.269+0000][90.698s][info][gc,heap        ] GC(91) Tenured: 166742K(196016K)->167200K(196016K)
[2026-07-01T02:03:58.269+0000][90.698s][info][gc,metaspace   ] GC(91) Metaspace: 41623K(42496K)->41623K(42496K) NonClass: 36494K(36992K)->36494K(36992K) Class: 5129K(5504K)->5129K(5504K)
[2026-07-01T02:03:58.269+0000][90.698s][info][gc             ] GC(91) Pause Young (Allocation Failure) 244M->168M(277M) 15.030ms
[2026-07-01T02:03:58.269+0000][90.698s][info][gc,cpu         ] GC(91) User=0.03s Sys=0.00s Real=0.02s
[2026-07-01T02:03:59.322+0000][91.751s][info][gc,start       ] GC(92) Pause Young (Allocation Failure)
[2026-07-01T02:03:59.332+0000][91.761s][info][gc,heap        ] GC(92) DefNew: 83356K(88256K)->5115K(88256K) Eden: 78464K(78464K)->0K(78464K) From: 4892K(9792K)->5115K(9792K)
[2026-07-01T02:03:59.332+0000][91.761s][info][gc,heap        ] GC(92) Tenured: 167200K(196016K)->167200K(196016K)
[2026-07-01T02:03:59.332+0000][91.761s][info][gc,metaspace   ] GC(92) Metaspace: 41623K(42496K)->41623K(42496K) NonClass: 36494K(36992K)->36494K(36992K) Class: 5129K(5504K)->5129K(5504K)
[2026-07-01T02:03:59.332+0000][91.761s][info][gc             ] GC(92) Pause Young (Allocation Failure) 244M->168M(277M) 9.903ms
[2026-07-01T02:03:59.332+0000][91.761s][info][gc,cpu         ] GC(92) User=0.02s Sys=0.00s Real=0.01s
[2026-07-01T02:04:00.355+0000][92.784s][info][gc,start       ] GC(93) Pause Young (Allocation Failure)
[2026-07-01T02:04:00.365+0000][92.794s][info][gc,heap        ] GC(93) DefNew: 83579K(88256K)->5334K(88256K) Eden: 78464K(78464K)->0K(78464K) From: 5115K(9792K)->5334K(9792K)
[2026-07-01T02:04:00.365+0000][92.794s][info][gc,heap        ] GC(93) Tenured: 167200K(196016K)->167426K(196016K)
[2026-07-01T02:04:00.365+0000][92.794s][info][gc,metaspace   ] GC(93) Metaspace: 41623K(42496K)->41623K(42496K) NonClass: 36494K(36992K)->36494K(36992K) Class: 5129K(5504K)->5129K(5504K)
[2026-07-01T02:04:00.365+0000][92.794s][info][gc             ] GC(93) Pause Young (Allocation Failure) 244M->168M(277M) 10.611ms
[2026-07-01T02:04:00.365+0000][92.794s][info][gc,cpu         ] GC(93) User=0.01s Sys=0.00s Real=0.01s
[2026-07-01T02:04:01.355+0000][93.784s][info][gc,start       ] GC(94) Pause Young (Allocation Failure)
[2026-07-01T02:04:01.423+0000][93.852s][info][gc,heap        ] GC(94) DefNew: 83798K(88256K)->4975K(88256K) Eden: 78464K(78464K)->0K(78464K) From: 5334K(9792K)->4975K(9792K)
[2026-07-01T02:04:01.423+0000][93.852s][info][gc,heap        ] GC(94) Tenured: 167426K(196016K)->167875K(196016K)
[2026-07-01T02:04:01.423+0000][93.852s][info][gc,metaspace   ] GC(94) Metaspace: 41624K(42496K)->41624K(42496K) NonClass: 36495K(36992K)->36495K(36992K) Class: 5129K(5504K)->5129K(5504K)
[2026-07-01T02:04:01.423+0000][93.852s][info][gc             ] GC(94) Pause Young (Allocation Failure) 245M->168M(277M) 68.277ms
[2026-07-01T02:04:01.423+0000][93.852s][info][gc,cpu         ] GC(94) User=0.03s Sys=0.00s Real=0.07s
[2026-07-01T02:04:02.346+0000][94.775s][info][gc,start       ] GC(95) Pause Young (Allocation Failure)
[2026-07-01T02:04:02.357+0000][94.786s][info][gc,heap        ] GC(95) DefNew: 83439K(88256K)->5040K(88256K) Eden: 78464K(78464K)->0K(78464K) From: 4975K(9792K)->5040K(9792K)
[2026-07-01T02:04:02.357+0000][94.786s][info][gc,heap        ] GC(95) Tenured: 167875K(196016K)->168096K(196016K)
[2026-07-01T02:04:02.357+0000][94.786s][info][gc,metaspace   ] GC(95) Metaspace: 41624K(42496K)->41624K(42496K) NonClass: 36495K(36992K)->36495K(36992K) Class: 5129K(5504K)->5129K(5504K)
[2026-07-01T02:04:02.357+0000][94.786s][info][gc             ] GC(95) Pause Young (Allocation Failure) 245M->169M(277M) 10.927ms
[2026-07-01T02:04:02.357+0000][94.786s][info][gc,cpu         ] GC(95) User=0.02s Sys=0.00s Real=0.01s
[2026-07-01T02:04:03.550+0000][95.979s][info][gc,start       ] GC(96) Pause Young (Allocation Failure)
[2026-07-01T02:04:03.564+0000][95.994s][info][gc,heap        ] GC(96) DefNew: 83504K(88256K)->4882K(88256K) Eden: 78464K(78464K)->0K(78464K) From: 5040K(9792K)->4882K(9792K)
[2026-07-01T02:04:03.564+0000][95.994s][info][gc,heap        ] GC(96) Tenured: 168096K(196016K)->168330K(196016K)
[2026-07-01T02:04:03.564+0000][95.994s][info][gc,metaspace   ] GC(96) Metaspace: 41624K(42496K)->41624K(42496K) NonClass: 36495K(36992K)->36495K(36992K) Class: 5129K(5504K)->5129K(5504K)
[2026-07-01T02:04:03.564+0000][95.994s][info][gc             ] GC(96) Pause Young (Allocation Failure) 245M->169M(277M) 14.280ms
[2026-07-01T02:04:03.564+0000][95.994s][info][gc,cpu         ] GC(96) User=0.01s Sys=0.01s Real=0.01s
