[2026-07-01T01:43:09.120+0000][0.023s][info][gc,init] CardTable entry size: 512
[2026-07-01T01:43:09.120+0000][0.023s][info][gc     ] Using Serial
[2026-07-01T01:43:09.120+0000][0.023s][info][gc,init] Version: 21.0.11+10-LTS (release)
[2026-07-01T01:43:09.120+0000][0.023s][info][gc,init] CPUs: 4 total, 2 available
[2026-07-01T01:43:09.120+0000][0.023s][info][gc,init] Memory: 1024M
[2026-07-01T01:43:09.120+0000][0.023s][info][gc,init] Large Page Support: Disabled
[2026-07-01T01:43:09.120+0000][0.023s][info][gc,init] NUMA Support: Disabled
[2026-07-01T01:43:09.120+0000][0.023s][info][gc,init] Compressed Oops: Enabled (32-bit)
[2026-07-01T01:43:09.120+0000][0.023s][info][gc,init] Heap Min Capacity: 8M
[2026-07-01T01:43:09.120+0000][0.023s][info][gc,init] Heap Initial Capacity: 16M
[2026-07-01T01:43:09.120+0000][0.023s][info][gc,init] Heap Max Capacity: 256M
[2026-07-01T01:43:09.120+0000][0.023s][info][gc,init] Pre-touch: Disabled
[2026-07-01T01:43:09.127+0000][0.030s][info][gc,metaspace] CDS archive(s) mapped at: [0x0000733b53000000-0x0000733b53c9b000-0x0000733b53c9b000), size 13217792, SharedBaseAddress: 0x0000733b53000000, ArchiveRelocationMode: 1.
[2026-07-01T01:43:09.127+0000][0.030s][info][gc,metaspace] Compressed class space mapped at: 0x0000733b54000000-0x0000733b94000000, reserved size: 1073741824
[2026-07-01T01:43:09.127+0000][0.030s][info][gc,metaspace] Narrow klass base: 0x0000733b53000000, Narrow klass shift: 0, Narrow klass range: 0x100000000
[2026-07-01T01:43:09.258+0000][0.161s][info][gc,start    ] GC(0) Pause Young (Allocation Failure)
[2026-07-01T01:43:09.260+0000][0.163s][info][gc,heap     ] GC(0) DefNew: 4416K(4928K)->511K(4928K) Eden: 4416K(4416K)->0K(4416K) From: 0K(512K)->511K(512K)
[2026-07-01T01:43:09.260+0000][0.163s][info][gc,heap     ] GC(0) Tenured: 1073K(10944K)->1143K(10944K)
[2026-07-01T01:43:09.260+0000][0.163s][info][gc,metaspace] GC(0) Metaspace: 1667K(1920K)->1667K(1920K) NonClass: 1482K(1600K)->1482K(1600K) Class: 184K(320K)->184K(320K)
[2026-07-01T01:43:09.260+0000][0.163s][info][gc          ] GC(0) Pause Young (Allocation Failure) 5M->1M(15M) 1.739ms
[2026-07-01T01:43:09.260+0000][0.163s][info][gc,cpu      ] GC(0) User=0.00s Sys=0.00s Real=0.01s
[2026-07-01T01:43:09.322+0000][0.225s][info][gc,start    ] GC(1) Pause Young (Allocation Failure)
[2026-07-01T01:43:09.323+0000][0.227s][info][gc,heap     ] GC(1) DefNew: 4927K(4928K)->253K(4928K) Eden: 4416K(4416K)->0K(4416K) From: 511K(512K)->253K(512K)
[2026-07-01T01:43:09.323+0000][0.227s][info][gc,heap     ] GC(1) Tenured: 1143K(10944K)->1645K(10944K)
[2026-07-01T01:43:09.323+0000][0.227s][info][gc,metaspace] GC(1) Metaspace: 2045K(2304K)->2045K(2304K) NonClass: 1826K(1984K)->1826K(1984K) Class: 218K(320K)->218K(320K)
[2026-07-01T01:43:09.323+0000][0.227s][info][gc          ] GC(1) Pause Young (Allocation Failure) 5M->1M(15M) 1.726ms
[2026-07-01T01:43:09.323+0000][0.227s][info][gc,cpu      ] GC(1) User=0.01s Sys=0.00s Real=0.00s
[2026-07-01T01:43:09.399+0000][0.302s][info][gc,start    ] GC(2) Pause Young (Allocation Failure)
[2026-07-01T01:43:09.400+0000][0.304s][info][gc,heap     ] GC(2) DefNew: 4669K(4928K)->511K(4928K) Eden: 4415K(4416K)->0K(4416K) From: 253K(512K)->511K(512K)
[2026-07-01T01:43:09.400+0000][0.304s][info][gc,heap     ] GC(2) Tenured: 1645K(10944K)->1694K(10944K)
[2026-07-01T01:43:09.400+0000][0.304s][info][gc,metaspace] GC(2) Metaspace: 2770K(3008K)->2770K(3008K) NonClass: 2490K(2624K)->2490K(2624K) Class: 280K(384K)->280K(384K)
[2026-07-01T01:43:09.400+0000][0.304s][info][gc          ] GC(2) Pause Young (Allocation Failure) 6M->2M(15M) 1.208ms
[2026-07-01T01:43:09.400+0000][0.304s][info][gc,cpu      ] GC(2) User=0.00s Sys=0.00s Real=0.00s
[2026-07-01T01:43:09.501+0000][0.404s][info][gc,start    ] GC(3) Pause Young (Allocation Failure)
[2026-07-01T01:43:09.503+0000][0.406s][info][gc,heap     ] GC(3) DefNew: 4927K(4928K)->261K(4928K) Eden: 4416K(4416K)->0K(4416K) From: 511K(512K)->261K(512K)
[2026-07-01T01:43:09.503+0000][0.406s][info][gc,heap     ] GC(3) Tenured: 1694K(10944K)->2196K(10944K)
[2026-07-01T01:43:09.503+0000][0.406s][info][gc,metaspace] GC(3) Metaspace: 3719K(3968K)->3719K(3968K) NonClass: 3324K(3456K)->3324K(3456K) Class: 395K(512K)->395K(512K)
[2026-07-01T01:43:09.503+0000][0.406s][info][gc          ] GC(3) Pause Young (Allocation Failure) 6M->2M(15M) 1.904ms
[2026-07-01T01:43:09.503+0000][0.406s][info][gc,cpu      ] GC(3) User=0.01s Sys=0.00s Real=0.00s
[2026-07-01T01:43:09.589+0000][0.492s][info][gc,start    ] GC(4) Pause Young (Allocation Failure)
[2026-07-01T01:43:09.591+0000][0.494s][info][gc,heap     ] GC(4) DefNew: 4677K(4928K)->372K(4928K) Eden: 4416K(4416K)->0K(4416K) From: 261K(512K)->372K(512K)
[2026-07-01T01:43:09.591+0000][0.494s][info][gc,heap     ] GC(4) Tenured: 2196K(10944K)->2437K(10944K)
[2026-07-01T01:43:09.591+0000][0.494s][info][gc,metaspace] GC(4) Metaspace: 4579K(4864K)->4579K(4864K) NonClass: 4067K(4224K)->4067K(4224K) Class: 511K(640K)->511K(640K)
[2026-07-01T01:43:09.591+0000][0.494s][info][gc          ] GC(4) Pause Young (Allocation Failure) 6M->2M(15M) 1.860ms
[2026-07-01T01:43:09.591+0000][0.494s][info][gc,cpu      ] GC(4) User=0.00s Sys=0.00s Real=0.00s
[2026-07-01T01:43:09.642+0000][0.546s][info][gc,start    ] GC(5) Pause Young (Allocation Failure)
[2026-07-01T01:43:09.644+0000][0.547s][info][gc,heap     ] GC(5) DefNew: 4788K(4928K)->241K(4928K) Eden: 4416K(4416K)->0K(4416K) From: 372K(512K)->241K(512K)
[2026-07-01T01:43:09.644+0000][0.547s][info][gc,heap     ] GC(5) Tenured: 2437K(10944K)->2791K(10944K)
[2026-07-01T01:43:09.644+0000][0.547s][info][gc,metaspace] GC(5) Metaspace: 5686K(5952K)->5686K(5952K) NonClass: 5026K(5184K)->5026K(5184K) Class: 660K(768K)->660K(768K)
[2026-07-01T01:43:09.644+0000][0.547s][info][gc          ] GC(5) Pause Young (Allocation Failure) 7M->2M(15M) 1.527ms
[2026-07-01T01:43:09.644+0000][0.547s][info][gc,cpu      ] GC(5) User=0.00s Sys=0.00s Real=0.00s
[2026-07-01T01:43:09.717+0000][0.620s][info][gc,start    ] GC(6) Pause Young (Allocation Failure)
[2026-07-01T01:43:09.718+0000][0.622s][info][gc,heap     ] GC(6) DefNew: 4657K(4928K)->445K(4928K) Eden: 4416K(4416K)->0K(4416K) From: 241K(512K)->445K(512K)
[2026-07-01T01:43:09.718+0000][0.622s][info][gc,heap     ] GC(6) Tenured: 2791K(10944K)->2791K(10944K)
[2026-07-01T01:43:09.718+0000][0.622s][info][gc,metaspace] GC(6) Metaspace: 6678K(6976K)->6678K(6976K) NonClass: 5893K(6016K)->5893K(6016K) Class: 785K(960K)->785K(960K)
[2026-07-01T01:43:09.718+0000][0.622s][info][gc          ] GC(6) Pause Young (Allocation Failure) 7M->3M(15M) 1.666ms
[2026-07-01T01:43:09.718+0000][0.622s][info][gc,cpu      ] GC(6) User=0.00s Sys=0.00s Real=0.01s
[2026-07-01T01:43:09.785+0000][0.689s][info][gc,start    ] GC(7) Pause Young (Allocation Failure)
[2026-07-01T01:43:09.788+0000][0.691s][info][gc,heap     ] GC(7) DefNew: 4861K(4928K)->511K(4928K) Eden: 4416K(4416K)->0K(4416K) From: 445K(512K)->511K(512K)
[2026-07-01T01:43:09.788+0000][0.691s][info][gc,heap     ] GC(7) Tenured: 2791K(10944K)->3221K(10944K)
[2026-07-01T01:43:09.788+0000][0.691s][info][gc,metaspace] GC(7) Metaspace: 7983K(8256K)->7983K(8256K) NonClass: 7041K(7232K)->7041K(7232K) Class: 941K(1024K)->941K(1024K)
[2026-07-01T01:43:09.788+0000][0.691s][info][gc          ] GC(7) Pause Young (Allocation Failure) 7M->3M(15M) 2.091ms
[2026-07-01T01:43:09.788+0000][0.691s][info][gc,cpu      ] GC(7) User=0.00s Sys=0.00s Real=0.00s
[2026-07-01T01:43:09.832+0000][0.735s][info][gc,start    ] GC(8) Pause Young (Allocation Failure)
[2026-07-01T01:43:09.833+0000][0.737s][info][gc,heap     ] GC(8) DefNew: 4927K(4928K)->309K(4928K) Eden: 4416K(4416K)->0K(4416K) From: 511K(512K)->309K(512K)
[2026-07-01T01:43:09.834+0000][0.737s][info][gc,heap     ] GC(8) Tenured: 3221K(10944K)->3729K(10944K)
[2026-07-01T01:43:09.834+0000][0.737s][info][gc,metaspace] GC(8) Metaspace: 8741K(9024K)->8741K(9024K) NonClass: 7682K(7808K)->7682K(7808K) Class: 1058K(1216K)->1058K(1216K)
[2026-07-01T01:43:09.834+0000][0.737s][info][gc          ] GC(8) Pause Young (Allocation Failure) 7M->3M(15M) 1.824ms
[2026-07-01T01:43:09.834+0000][0.737s][info][gc,cpu      ] GC(8) User=0.00s Sys=0.00s Real=0.00s
[2026-07-01T01:43:09.900+0000][0.803s][info][gc,start    ] GC(9) Pause Young (Allocation Failure)
[2026-07-01T01:43:09.901+0000][0.804s][info][gc,heap     ] GC(9) DefNew: 4725K(4928K)->265K(4928K) Eden: 4416K(4416K)->0K(4416K) From: 309K(512K)->265K(512K)
[2026-07-01T01:43:09.901+0000][0.805s][info][gc,heap     ] GC(9) Tenured: 3729K(10944K)->4017K(10944K)
[2026-07-01T01:43:09.901+0000][0.805s][info][gc,metaspace] GC(9) Metaspace: 9395K(9792K)->9395K(9792K) NonClass: 8239K(8448K)->8239K(8448K) Class: 1155K(1344K)->1155K(1344K)
[2026-07-01T01:43:09.901+0000][0.805s][info][gc          ] GC(9) Pause Young (Allocation Failure) 8M->4M(15M) 1.580ms
[2026-07-01T01:43:09.901+0000][0.805s][info][gc,cpu      ] GC(9) User=0.01s Sys=0.00s Real=0.00s
[2026-07-01T01:43:09.971+0000][0.874s][info][gc,start    ] GC(10) Pause Young (Allocation Failure)
[2026-07-01T01:43:09.973+0000][0.876s][info][gc,heap     ] GC(10) DefNew: 4681K(4928K)->238K(4928K) Eden: 4416K(4416K)->0K(4416K) From: 265K(512K)->238K(512K)
[2026-07-01T01:43:09.973+0000][0.876s][info][gc,heap     ] GC(10) Tenured: 4017K(10944K)->4269K(10944K)
[2026-07-01T01:43:09.973+0000][0.876s][info][gc,metaspace] GC(10) Metaspace: 10138K(10496K)->10138K(10496K) NonClass: 8837K(9024K)->8837K(9024K) Class: 1300K(1472K)->1300K(1472K)
[2026-07-01T01:43:09.973+0000][0.876s][info][gc          ] GC(10) Pause Young (Allocation Failure) 8M->4M(15M) 1.628ms
[2026-07-01T01:43:09.973+0000][0.876s][info][gc,cpu      ] GC(10) User=0.00s Sys=0.00s Real=0.00s
[2026-07-01T01:43:10.003+0000][0.906s][info][gc,start    ] GC(11) Pause Young (Allocation Failure)
[2026-07-01T01:43:10.004+0000][0.907s][info][gc,heap     ] GC(11) DefNew: 4654K(4928K)->369K(4928K) Eden: 4416K(4416K)->0K(4416K) From: 238K(512K)->369K(512K)
[2026-07-01T01:43:10.004+0000][0.907s][info][gc,heap     ] GC(11) Tenured: 4269K(10944K)->4269K(10944K)
[2026-07-01T01:43:10.004+0000][0.907s][info][gc,metaspace] GC(11) Metaspace: 11229K(11584K)->11229K(11584K) NonClass: 9792K(9984K)->9792K(9984K) Class: 1437K(1600K)->1437K(1600K)
[2026-07-01T01:43:10.004+0000][0.907s][info][gc          ] GC(11) Pause Young (Allocation Failure) 8M->4M(15M) 1.238ms
[2026-07-01T01:43:10.004+0000][0.907s][info][gc,cpu      ] GC(11) User=0.00s Sys=0.00s Real=0.00s
[2026-07-01T01:43:10.026+0000][0.930s][info][gc,start    ] GC(12) Pause Young (Allocation Failure)
[2026-07-01T01:43:10.028+0000][0.931s][info][gc,heap     ] GC(12) DefNew: 4785K(4928K)->430K(4928K) Eden: 4416K(4416K)->0K(4416K) From: 369K(512K)->430K(512K)
[2026-07-01T01:43:10.028+0000][0.931s][info][gc,heap     ] GC(12) Tenured: 4269K(10944K)->4490K(10944K)
[2026-07-01T01:43:10.028+0000][0.931s][info][gc,metaspace] GC(12) Metaspace: 12174K(12480K)->12174K(12480K) NonClass: 10650K(10816K)->10650K(10816K) Class: 1523K(1664K)->1523K(1664K)
[2026-07-01T01:43:10.028+0000][0.931s][info][gc          ] GC(12) Pause Young (Allocation Failure) 8M->4M(15M) 1.490ms
[2026-07-01T01:43:10.028+0000][0.931s][info][gc,cpu      ] GC(12) User=0.00s Sys=0.00s Real=0.00s
[2026-07-01T01:43:10.094+0000][0.997s][info][gc,start    ] GC(13) Pause Young (Allocation Failure)
[2026-07-01T01:43:10.096+0000][0.999s][info][gc,heap     ] GC(13) DefNew: 4846K(4928K)->505K(4928K) Eden: 4416K(4416K)->0K(4416K) From: 430K(512K)->505K(512K)
[2026-07-01T01:43:10.096+0000][0.999s][info][gc,heap     ] GC(13) Tenured: 4490K(10944K)->4823K(10944K)
[2026-07-01T01:43:10.096+0000][0.999s][info][gc,metaspace] GC(13) Metaspace: 12958K(13312K)->12958K(13312K) NonClass: 11340K(11520K)->11340K(11520K) Class: 1618K(1792K)->1618K(1792K)
[2026-07-01T01:43:10.096+0000][1.000s][info][gc          ] GC(13) Pause Young (Allocation Failure) 9M->5M(15M) 2.378ms
[2026-07-01T01:43:10.096+0000][1.000s][info][gc,cpu      ] GC(13) User=0.00s Sys=0.00s Real=0.00s
[2026-07-01T01:43:10.167+0000][1.071s][info][gc,start    ] GC(14) Pause Young (Allocation Failure)
[2026-07-01T01:43:10.170+0000][1.073s][info][gc,heap     ] GC(14) DefNew: 4902K(4928K)->402K(4928K) Eden: 4397K(4416K)->0K(4416K) From: 505K(512K)->402K(512K)
[2026-07-01T01:43:10.170+0000][1.073s][info][gc,heap     ] GC(14) Tenured: 4823K(10944K)->5307K(10944K)
[2026-07-01T01:43:10.170+0000][1.073s][info][gc,metaspace] GC(14) Metaspace: 13855K(14272K)->13855K(14272K) NonClass: 12115K(12352K)->12115K(12352K) Class: 1739K(1920K)->1739K(1920K)
[2026-07-01T01:43:10.170+0000][1.073s][info][gc          ] GC(14) Pause Young (Allocation Failure) 9M->5M(15M) 2.295ms
[2026-07-01T01:43:10.170+0000][1.073s][info][gc,cpu      ] GC(14) User=0.00s Sys=0.00s Real=0.01s
[2026-07-01T01:43:10.196+0000][1.100s][info][gc,start    ] GC(15) Pause Young (Allocation Failure)
[2026-07-01T01:43:10.199+0000][1.102s][info][gc,heap     ] GC(15) DefNew: 4818K(4928K)->218K(4928K) Eden: 4416K(4416K)->0K(4416K) From: 402K(512K)->218K(512K)
[2026-07-01T01:43:10.199+0000][1.102s][info][gc,heap     ] GC(15) Tenured: 5307K(10944K)->5680K(10944K)
[2026-07-01T01:43:10.199+0000][1.102s][info][gc,metaspace] GC(15) Metaspace: 14830K(15232K)->14830K(15232K) NonClass: 12981K(13184K)->12981K(13184K) Class: 1849K(2048K)->1849K(2048K)
[2026-07-01T01:43:10.199+0000][1.102s][info][gc          ] GC(15) Pause Young (Allocation Failure) 9M->5M(15M) 2.417ms
[2026-07-01T01:43:10.199+0000][1.102s][info][gc,cpu      ] GC(15) User=0.00s Sys=0.00s Real=0.01s
[2026-07-01T01:43:10.222+0000][1.125s][info][gc,start    ] GC(16) Pause Young (Allocation Failure)
[2026-07-01T01:43:10.223+0000][1.127s][info][gc,heap     ] GC(16) DefNew: 4634K(4928K)->377K(4928K) Eden: 4416K(4416K)->0K(4416K) From: 218K(512K)->377K(512K)
[2026-07-01T01:43:10.223+0000][1.127s][info][gc,heap     ] GC(16) Tenured: 5680K(10944K)->5680K(10944K)
[2026-07-01T01:43:10.223+0000][1.127s][info][gc,metaspace] GC(16) Metaspace: 15643K(16128K)->15643K(16128K) NonClass: 13660K(13952K)->13660K(13952K) Class: 1983K(2176K)->1983K(2176K)
[2026-07-01T01:43:10.223+0000][1.127s][info][gc          ] GC(16) Pause Young (Allocation Failure) 10M->5M(15M) 1.384ms
[2026-07-01T01:43:10.223+0000][1.127s][info][gc,cpu      ] GC(16) User=0.00s Sys=0.00s Real=0.00s
[2026-07-01T01:43:10.281+0000][1.184s][info][gc,start    ] GC(17) Pause Young (Allocation Failure)
[2026-07-01T01:43:10.284+0000][1.187s][info][gc,heap     ] GC(17) DefNew: 4771K(4928K)->273K(4928K) Eden: 4394K(4416K)->0K(4416K) From: 377K(512K)->273K(512K)
[2026-07-01T01:43:10.284+0000][1.187s][info][gc,heap     ] GC(17) Tenured: 5680K(10944K)->5862K(10944K)
[2026-07-01T01:43:10.284+0000][1.187s][info][gc,metaspace] GC(17) Metaspace: 16519K(17024K)->16519K(17024K) NonClass: 14430K(14720K)->14430K(14720K) Class: 2088K(2304K)->2088K(2304K)
[2026-07-01T01:43:10.284+0000][1.187s][info][gc          ] GC(17) Pause Young (Allocation Failure) 10M->5M(15M) 2.577ms
[2026-07-01T01:43:10.284+0000][1.187s][info][gc,cpu      ] GC(17) User=0.01s Sys=0.00s Real=0.00s
[2026-07-01T01:43:10.314+0000][1.217s][info][gc,start    ] GC(18) Pause Young (Allocation Failure)
[2026-07-01T01:43:10.317+0000][1.220s][info][gc,heap     ] GC(18) DefNew: 4650K(4928K)->512K(4928K) Eden: 4377K(4416K)->0K(4416K) From: 273K(512K)->512K(512K)
[2026-07-01T01:43:10.317+0000][1.220s][info][gc,heap     ] GC(18) Tenured: 5862K(10944K)->6119K(10944K)
[2026-07-01T01:43:10.317+0000][1.220s][info][gc,metaspace] GC(18) Metaspace: 17532K(17920K)->17532K(17920K) NonClass: 15322K(15552K)->15322K(15552K) Class: 2210K(2368K)->2210K(2368K)
[2026-07-01T01:43:10.317+0000][1.220s][info][gc          ] GC(18) Pause Young (Allocation Failure) 10M->6M(15M) 2.610ms
[2026-07-01T01:43:10.317+0000][1.220s][info][gc,cpu      ] GC(18) User=0.00s Sys=0.00s Real=0.00s
[2026-07-01T01:43:10.387+0000][1.291s][info][gc,start    ] GC(19) Pause Young (Allocation Failure)
[2026-07-01T01:43:10.390+0000][1.293s][info][gc,heap     ] GC(19) DefNew: 4927K(4928K)->511K(4928K) Eden: 4415K(4416K)->0K(4416K) From: 512K(512K)->511K(512K)
[2026-07-01T01:43:10.390+0000][1.293s][info][gc,heap     ] GC(19) Tenured: 6119K(10944K)->6819K(10944K)
[2026-07-01T01:43:10.390+0000][1.293s][info][gc,metaspace] GC(19) Metaspace: 18301K(18688K)->18301K(18688K) NonClass: 16002K(16256K)->16002K(16256K) Class: 2298K(2432K)->2298K(2432K)
[2026-07-01T01:43:10.390+0000][1.293s][info][gc          ] GC(19) Pause Young (Allocation Failure) 10M->7M(15M) 2.635ms
[2026-07-01T01:43:10.390+0000][1.293s][info][gc,cpu      ] GC(19) User=0.00s Sys=0.00s Real=0.01s
[2026-07-01T01:43:10.418+0000][1.321s][info][gc,start    ] GC(20) Pause Young (Allocation Failure)
[2026-07-01T01:43:10.420+0000][1.323s][info][gc,heap     ] GC(20) DefNew: 4907K(4928K)->318K(4928K) Eden: 4395K(4416K)->0K(4416K) From: 511K(512K)->318K(512K)
[2026-07-01T01:43:10.420+0000][1.323s][info][gc,heap     ] GC(20) Tenured: 6819K(10944K)->7326K(10944K)
[2026-07-01T01:43:10.420+0000][1.323s][info][gc,metaspace] GC(20) Metaspace: 18713K(19136K)->18713K(19136K) NonClass: 16370K(16640K)->16370K(16640K) Class: 2342K(2496K)->2342K(2496K)
[2026-07-01T01:43:10.420+0000][1.323s][info][gc          ] GC(20) Pause Young (Allocation Failure) 11M->7M(15M) 1.989ms
[2026-07-01T01:43:10.420+0000][1.323s][info][gc,cpu      ] GC(20) User=0.00s Sys=0.00s Real=0.01s
[2026-07-01T01:43:10.487+0000][1.390s][info][gc,start    ] GC(21) Pause Young (Allocation Failure)
[2026-07-01T01:43:10.488+0000][1.392s][info][gc,heap     ] GC(21) DefNew: 4734K(4928K)->215K(4928K) Eden: 4416K(4416K)->0K(4416K) From: 318K(512K)->215K(512K)
[2026-07-01T01:43:10.488+0000][1.392s][info][gc,heap     ] GC(21) Tenured: 7326K(10944K)->7515K(10944K)
[2026-07-01T01:43:10.488+0000][1.392s][info][gc,metaspace] GC(21) Metaspace: 19187K(19584K)->19187K(19584K) NonClass: 16790K(17024K)->16790K(17024K) Class: 2396K(2560K)->2396K(2560K)
[2026-07-01T01:43:10.488+0000][1.392s][info][gc          ] GC(21) Pause Young (Allocation Failure) 11M->7M(15M) 1.121ms
[2026-07-01T01:43:10.488+0000][1.392s][info][gc,cpu      ] GC(21) User=0.00s Sys=0.00s Real=0.01s
[2026-07-01T01:43:10.526+0000][1.429s][info][gc,start    ] GC(22) Pause Young (Allocation Failure)
[2026-07-01T01:43:10.527+0000][1.431s][info][gc,heap     ] GC(22) DefNew: 4629K(4928K)->473K(4928K) Eden: 4414K(4416K)->0K(4416K) From: 215K(512K)->473K(512K)
[2026-07-01T01:43:10.527+0000][1.431s][info][gc,heap     ] GC(22) Tenured: 7515K(10944K)->7515K(10944K)
[2026-07-01T01:43:10.527+0000][1.431s][info][gc,metaspace] GC(22) Metaspace: 19458K(19904K)->19458K(19904K) NonClass: 17019K(17216K)->17019K(17216K) Class: 2438K(2688K)->2438K(2688K)
[2026-07-01T01:43:10.527+0000][1.431s][info][gc          ] GC(22) Pause Young (Allocation Failure) 11M->7M(15M) 1.545ms
[2026-07-01T01:43:10.527+0000][1.431s][info][gc,cpu      ] GC(22) User=0.01s Sys=0.00s Real=0.00s
[2026-07-01T01:43:10.589+0000][1.492s][info][gc,start    ] GC(23) Pause Young (Allocation Failure)
[2026-07-01T01:43:10.590+0000][1.494s][info][gc,heap     ] GC(23) DefNew: 4887K(4928K)->280K(4928K) Eden: 4414K(4416K)->0K(4416K) From: 473K(512K)->280K(512K)
[2026-07-01T01:43:10.590+0000][1.494s][info][gc,heap     ] GC(23) Tenured: 7515K(10944K)->7963K(10944K)
[2026-07-01T01:43:10.590+0000][1.494s][info][gc,metaspace] GC(23) Metaspace: 19816K(20288K)->19816K(20288K) NonClass: 17330K(17600K)->17330K(17600K) Class: 2485K(2688K)->2485K(2688K)
[2026-07-01T01:43:10.590+0000][1.494s][info][gc          ] GC(23) Pause Young (Allocation Failure) 12M->8M(15M) 1.879ms
[2026-07-01T01:43:10.590+0000][1.494s][info][gc,cpu      ] GC(23) User=0.01s Sys=0.00s Real=0.00s
[2026-07-01T01:43:10.624+0000][1.528s][info][gc,start    ] GC(24) Pause Young (Allocation Failure)
[2026-07-01T01:43:10.626+0000][1.529s][info][gc,heap     ] GC(24) DefNew: 4696K(4928K)->244K(4928K) Eden: 4416K(4416K)->0K(4416K) From: 280K(512K)->244K(512K)
[2026-07-01T01:43:10.626+0000][1.529s][info][gc,heap     ] GC(24) Tenured: 7963K(10944K)->8226K(10944K)
[2026-07-01T01:43:10.626+0000][1.529s][info][gc,metaspace] GC(24) Metaspace: 20015K(20544K)->20015K(20544K) NonClass: 17510K(17792K)->17510K(17792K) Class: 2505K(2752K)->2505K(2752K)
[2026-07-01T01:43:10.626+0000][1.529s][info][gc          ] GC(24) Pause Young (Allocation Failure) 12M->8M(15M) 1.464ms
[2026-07-01T01:43:10.626+0000][1.529s][info][gc,cpu      ] GC(24) User=0.00s Sys=0.00s Real=0.00s
[2026-07-01T01:43:10.681+0000][1.585s][info][gc,start    ] GC(25) Pause Young (Allocation Failure)
[2026-07-01T01:43:10.683+0000][1.586s][info][gc,heap     ] GC(25) DefNew: 4660K(4928K)->511K(4928K) Eden: 4416K(4416K)->0K(4416K) From: 244K(512K)->511K(512K)
[2026-07-01T01:43:10.683+0000][1.586s][info][gc,heap     ] GC(25) Tenured: 8226K(10944K)->8270K(10944K)
[2026-07-01T01:43:10.683+0000][1.586s][info][gc,metaspace] GC(25) Metaspace: 20165K(20672K)->20165K(20672K) NonClass: 17648K(17920K)->17648K(17920K) Class: 2517K(2752K)->2517K(2752K)
[2026-07-01T01:43:10.683+0000][1.586s][info][gc          ] GC(25) Pause Young (Allocation Failure) 12M->8M(15M) 1.397ms
[2026-07-01T01:43:10.683+0000][1.586s][info][gc,cpu      ] GC(25) User=0.01s Sys=0.00s Real=0.00s
[2026-07-01T01:43:10.713+0000][1.616s][info][gc,start    ] GC(26) Pause Young (Allocation Failure)
[2026-07-01T01:43:10.714+0000][1.618s][info][gc,heap     ] GC(26) DefNew: 4927K(4928K)->298K(4928K) Eden: 4416K(4416K)->0K(4416K) From: 511K(512K)->298K(512K)
[2026-07-01T01:43:10.714+0000][1.618s][info][gc,heap     ] GC(26) Tenured: 8270K(10944K)->8775K(10944K)
[2026-07-01T01:43:10.714+0000][1.618s][info][gc,metaspace] GC(26) Metaspace: 20323K(20800K)->20323K(20800K) NonClass: 17792K(18048K)->17792K(18048K) Class: 2530K(2752K)->2530K(2752K)
[2026-07-01T01:43:10.714+0000][1.618s][info][gc          ] GC(26) Pause Young (Allocation Failure) 12M->8M(15M) 1.853ms
[2026-07-01T01:43:10.714+0000][1.618s][info][gc,cpu      ] GC(26) User=0.00s Sys=0.00s Real=0.00s
[2026-07-01T01:43:10.774+0000][1.678s][info][gc,start    ] GC(27) Pause Young (Allocation Failure)
[2026-07-01T01:43:10.776+0000][1.680s][info][gc,heap     ] GC(27) DefNew: 4714K(4928K)->223K(4928K) Eden: 4416K(4416K)->0K(4416K) From: 298K(512K)->223K(512K)
[2026-07-01T01:43:10.776+0000][1.680s][info][gc,heap     ] GC(27) Tenured: 8775K(10944K)->9030K(10944K)
[2026-07-01T01:43:10.776+0000][1.680s][info][gc,metaspace] GC(27) Metaspace: 20799K(21248K)->20799K(21248K) NonClass: 18211K(18432K)->18211K(18432K) Class: 2587K(2816K)->2587K(2816K)
[2026-07-01T01:43:10.776+0000][1.680s][info][gc          ] GC(27) Pause Young (Allocation Failure) 13M->9M(15M) 1.946ms
[2026-07-01T01:43:10.776+0000][1.680s][info][gc,cpu      ] GC(27) User=0.01s Sys=0.00s Real=0.00s
[2026-07-01T01:43:10.792+0000][1.695s][info][gc,start    ] GC(28) Pause Full (Metadata GC Threshold)
[2026-07-01T01:43:10.792+0000][1.695s][info][gc,phases,start] GC(28) Phase 1: Mark live objects
[2026-07-01T01:43:10.803+0000][1.706s][info][gc,phases      ] GC(28) Phase 1: Mark live objects 11.351ms
[2026-07-01T01:43:10.803+0000][1.707s][info][gc,phases,start] GC(28) Phase 2: Compute new object addresses
[2026-07-01T01:43:10.806+0000][1.709s][info][gc,phases      ] GC(28) Phase 2: Compute new object addresses 2.674ms
[2026-07-01T01:43:10.806+0000][1.709s][info][gc,phases,start] GC(28) Phase 3: Adjust pointers
[2026-07-01T01:43:10.812+0000][1.715s][info][gc,phases      ] GC(28) Phase 3: Adjust pointers 5.706ms
[2026-07-01T01:43:10.812+0000][1.715s][info][gc,phases,start] GC(28) Phase 4: Move objects
[2026-07-01T01:43:10.812+0000][1.715s][info][gc,phases      ] GC(28) Phase 4: Move objects 0.421ms
[2026-07-01T01:43:10.812+0000][1.716s][info][gc,heap        ] GC(28) DefNew: 2466K(4928K)->0K(6976K) Eden: 2242K(4416K)->0K(6208K) From: 223K(512K)->0K(768K)
[2026-07-01T01:43:10.812+0000][1.716s][info][gc,heap        ] GC(28) Tenured: 9030K(10944K)->9246K(15412K)
[2026-07-01T01:43:10.812+0000][1.716s][info][gc,metaspace   ] GC(28) Metaspace: 21060K(21504K)->21060K(21504K) NonClass: 18438K(18688K)->18438K(18688K) Class: 2621K(2816K)->2621K(2816K)
[2026-07-01T01:43:10.812+0000][1.716s][info][gc             ] GC(28) Pause Full (Metadata GC Threshold) 11M->9M(21M) 20.566ms
[2026-07-01T01:43:10.812+0000][1.716s][info][gc,cpu         ] GC(28) User=0.03s Sys=0.00s Real=0.02s
[2026-07-01T01:43:10.878+0000][1.781s][info][gc,start       ] GC(29) Pause Young (Allocation Failure)
[2026-07-01T01:43:10.879+0000][1.783s][info][gc,heap        ] GC(29) DefNew: 6208K(6976K)->336K(6976K) Eden: 6208K(6208K)->0K(6208K) From: 0K(768K)->336K(768K)
[2026-07-01T01:43:10.879+0000][1.783s][info][gc,heap        ] GC(29) Tenured: 9246K(15412K)->9246K(15412K)
[2026-07-01T01:43:10.879+0000][1.783s][info][gc,metaspace   ] GC(29) Metaspace: 21610K(22080K)->21610K(22080K) NonClass: 18908K(19136K)->18908K(19136K) Class: 2702K(2944K)->2702K(2944K)
[2026-07-01T01:43:10.879+0000][1.783s][info][gc             ] GC(29) Pause Young (Allocation Failure) 15M->9M(21M) 1.660ms
[2026-07-01T01:43:10.879+0000][1.783s][info][gc,cpu         ] GC(29) User=0.00s Sys=0.00s Real=0.01s
[2026-07-01T01:43:10.929+0000][1.832s][info][gc,start       ] GC(30) Pause Young (Allocation Failure)
[2026-07-01T01:43:10.931+0000][1.834s][info][gc,heap        ] GC(30) DefNew: 6544K(6976K)->705K(6976K) Eden: 6208K(6208K)->0K(6208K) From: 336K(768K)->705K(768K)
[2026-07-01T01:43:10.931+0000][1.834s][info][gc,heap        ] GC(30) Tenured: 9246K(15412K)->9246K(15412K)
[2026-07-01T01:43:10.931+0000][1.834s][info][gc,metaspace   ] GC(30) Metaspace: 22032K(22528K)->22032K(22528K) NonClass: 19265K(19520K)->19265K(19520K) Class: 2766K(3008K)->2766K(3008K)
[2026-07-01T01:43:10.931+0000][1.834s][info][gc             ] GC(30) Pause Young (Allocation Failure) 15M->9M(21M) 1.998ms
[2026-07-01T01:43:10.931+0000][1.834s][info][gc,cpu         ] GC(30) User=0.00s Sys=0.00s Real=0.00s
[2026-07-01T01:43:11.007+0000][1.910s][info][gc,start       ] GC(31) Pause Young (Allocation Failure)
[2026-07-01T01:43:11.010+0000][1.913s][info][gc,heap        ] GC(31) DefNew: 6913K(6976K)->456K(6976K) Eden: 6208K(6208K)->0K(6208K) From: 705K(768K)->456K(768K)
[2026-07-01T01:43:11.010+0000][1.913s][info][gc,heap        ] GC(31) Tenured: 9246K(15412K)->9929K(15412K)
[2026-07-01T01:43:11.010+0000][1.913s][info][gc,metaspace   ] GC(31) Metaspace: 22676K(23168K)->22676K(23168K) NonClass: 19833K(20096K)->19833K(20096K) Class: 2843K(3072K)->2843K(3072K)
[2026-07-01T01:43:11.010+0000][1.913s][info][gc             ] GC(31) Pause Young (Allocation Failure) 15M->10M(21M) 2.672ms
[2026-07-01T01:43:11.010+0000][1.913s][info][gc,cpu         ] GC(31) User=0.00s Sys=0.00s Real=0.01s
[2026-07-01T01:43:11.097+0000][2.000s][info][gc,start       ] GC(32) Pause Young (Allocation Failure)
[2026-07-01T01:43:11.100+0000][2.003s][info][gc,heap        ] GC(32) DefNew: 6663K(6976K)->706K(6976K) Eden: 6207K(6208K)->0K(6208K) From: 456K(768K)->706K(768K)
[2026-07-01T01:43:11.100+0000][2.003s][info][gc,heap        ] GC(32) Tenured: 9929K(15412K)->10332K(15412K)
[2026-07-01T01:43:11.100+0000][2.003s][info][gc,metaspace   ] GC(32) Metaspace: 23564K(24064K)->23564K(24064K) NonClass: 20596K(20864K)->20596K(20864K) Class: 2967K(3200K)->2967K(3200K)
[2026-07-01T01:43:11.100+0000][2.003s][info][gc             ] GC(32) Pause Young (Allocation Failure) 16M->10M(21M) 2.663ms
[2026-07-01T01:43:11.100+0000][2.003s][info][gc,cpu         ] GC(32) User=0.00s Sys=0.00s Real=0.01s
[2026-07-01T01:43:11.173+0000][2.077s][info][gc,start       ] GC(33) Pause Young (Allocation Failure)
[2026-07-01T01:43:11.177+0000][2.080s][info][gc,heap        ] GC(33) DefNew: 6914K(6976K)->633K(6976K) Eden: 6208K(6208K)->0K(6208K) From: 706K(768K)->633K(768K)
[2026-07-01T01:43:11.177+0000][2.080s][info][gc,heap        ] GC(33) Tenured: 10332K(15412K)->10919K(15412K)
[2026-07-01T01:43:11.177+0000][2.080s][info][gc,metaspace   ] GC(33) Metaspace: 24572K(25088K)->24572K(25088K) NonClass: 21414K(21696K)->21414K(21696K) Class: 3158K(3392K)->3158K(3392K)
[2026-07-01T01:43:11.177+0000][2.080s][info][gc             ] GC(33) Pause Young (Allocation Failure) 16M->11M(21M) 3.645ms
[2026-07-01T01:43:11.177+0000][2.080s][info][gc,cpu         ] GC(33) User=0.01s Sys=0.00s Real=0.00s
[2026-07-01T01:43:11.236+0000][2.140s][info][gc,start       ] GC(34) Pause Young (Allocation Failure)
[2026-07-01T01:43:11.239+0000][2.142s][info][gc,heap        ] GC(34) DefNew: 6841K(6976K)->635K(6976K) Eden: 6208K(6208K)->0K(6208K) From: 633K(768K)->635K(768K)
[2026-07-01T01:43:11.239+0000][2.142s][info][gc,heap        ] GC(34) Tenured: 10919K(15412K)->11527K(15412K)
[2026-07-01T01:43:11.239+0000][2.142s][info][gc,metaspace   ] GC(34) Metaspace: 26037K(26560K)->26037K(26560K) NonClass: 22724K(22976K)->22724K(22976K) Class: 3312K(3584K)->3312K(3584K)
[2026-07-01T01:43:11.239+0000][2.143s][info][gc             ] GC(34) Pause Young (Allocation Failure) 17M->11M(21M) 2.877ms
[2026-07-01T01:43:11.239+0000][2.143s][info][gc,cpu         ] GC(34) User=0.00s Sys=0.00s Real=0.01s
[2026-07-01T01:43:11.308+0000][2.211s][info][gc,start       ] GC(35) Pause Young (Allocation Failure)
[2026-07-01T01:43:11.311+0000][2.214s][info][gc,heap        ] GC(35) DefNew: 6843K(6976K)->403K(6976K) Eden: 6208K(6208K)->0K(6208K) From: 635K(768K)->403K(768K)
[2026-07-01T01:43:11.311+0000][2.214s][info][gc,heap        ] GC(35) Tenured: 11527K(15412K)->12145K(15412K)
[2026-07-01T01:43:11.311+0000][2.214s][info][gc,metaspace   ] GC(35) Metaspace: 27114K(27712K)->27114K(27712K) NonClass: 23672K(24000K)->23672K(24000K) Class: 3442K(3712K)->3442K(3712K)
[2026-07-01T01:43:11.311+0000][2.214s][info][gc             ] GC(35) Pause Young (Allocation Failure) 17M->12M(21M) 3.006ms
[2026-07-01T01:43:11.311+0000][2.214s][info][gc,cpu         ] GC(35) User=0.00s Sys=0.00s Real=0.01s
[2026-07-01T01:43:11.343+0000][2.246s][info][gc,start       ] GC(36) Pause Young (Allocation Failure)
[2026-07-01T01:43:11.345+0000][2.248s][info][gc,heap        ] GC(36) DefNew: 6611K(6976K)->182K(6976K) Eden: 6208K(6208K)->0K(6208K) From: 403K(768K)->182K(768K)
[2026-07-01T01:43:11.345+0000][2.248s][info][gc,heap        ] GC(36) Tenured: 12145K(15412K)->12528K(15412K)
[2026-07-01T01:43:11.345+0000][2.248s][info][gc,metaspace   ] GC(36) Metaspace: 27780K(28352K)->27780K(28352K) NonClass: 24250K(24576K)->24250K(24576K) Class: 3529K(3776K)->3529K(3776K)
[2026-07-01T01:43:11.345+0000][2.248s][info][gc             ] GC(36) Pause Young (Allocation Failure) 18M->12M(21M) 2.213ms
[2026-07-01T01:43:11.345+0000][2.248s][info][gc,cpu         ] GC(36) User=0.01s Sys=0.00s Real=0.00s
[2026-07-01T01:43:11.415+0000][2.318s][info][gc,start       ] GC(37) Pause Young (Allocation Failure)
[2026-07-01T01:43:11.417+0000][2.320s][info][gc,heap        ] GC(37) DefNew: 6390K(6976K)->753K(6976K) Eden: 6208K(6208K)->0K(6208K) From: 182K(768K)->753K(768K)
[2026-07-01T01:43:11.417+0000][2.320s][info][gc,heap        ] GC(37) Tenured: 12528K(15412K)->12528K(15412K)
[2026-07-01T01:43:11.417+0000][2.320s][info][gc,metaspace   ] GC(37) Metaspace: 28403K(29056K)->28403K(29056K) NonClass: 24771K(25152K)->24771K(25152K) Class: 3632K(3904K)->3632K(3904K)
[2026-07-01T01:43:11.417+0000][2.320s][info][gc             ] GC(37) Pause Young (Allocation Failure) 18M->12M(21M) 2.617ms
[2026-07-01T01:43:11.417+0000][2.320s][info][gc,cpu         ] GC(37) User=0.00s Sys=0.00s Real=0.00s
[2026-07-01T01:43:11.499+0000][2.402s][info][gc,start       ] GC(38) Pause Young (Allocation Failure)
[2026-07-01T01:43:11.503+0000][2.407s][info][gc,heap        ] GC(38) DefNew: 6961K(6976K)->714K(6976K) Eden: 6208K(6208K)->0K(6208K) From: 753K(768K)->714K(768K)
[2026-07-01T01:43:11.503+0000][2.407s][info][gc,heap        ] GC(38) Tenured: 12528K(15412K)->13258K(15412K)
[2026-07-01T01:43:11.503+0000][2.407s][info][gc,metaspace   ] GC(38) Metaspace: 29183K(29824K)->29183K(29824K) NonClass: 25437K(25792K)->25437K(25792K) Class: 3746K(4032K)->3746K(4032K)
[2026-07-01T01:43:11.503+0000][2.407s][info][gc             ] GC(38) Pause Young (Allocation Failure) 19M->13M(21M) 4.281ms
[2026-07-01T01:43:11.503+0000][2.407s][info][gc,cpu         ] GC(38) User=0.01s Sys=0.00s Real=0.00s
[2026-07-01T01:43:11.573+0000][2.477s][info][gc,start       ] GC(39) Pause Young (Allocation Failure)
[2026-07-01T01:43:11.577+0000][2.480s][info][gc,heap        ] GC(39) DefNew: 6922K(6976K)->587K(6976K) Eden: 6208K(6208K)->0K(6208K) From: 714K(768K)->587K(768K)
[2026-07-01T01:43:11.577+0000][2.480s][info][gc,heap        ] GC(39) Tenured: 13258K(15412K)->13956K(15412K)
[2026-07-01T01:43:11.577+0000][2.480s][info][gc,metaspace   ] GC(39) Metaspace: 30287K(30912K)->30287K(30912K) NonClass: 26387K(26752K)->26387K(26752K) Class: 3899K(4160K)->3899K(4160K)
[2026-07-01T01:43:11.577+0000][2.480s][info][gc             ] GC(39) Pause Young (Allocation Failure) 19M->14M(21M) 3.235ms
[2026-07-01T01:43:11.577+0000][2.480s][info][gc,cpu         ] GC(39) User=0.00s Sys=0.00s Real=0.00s
[2026-07-01T01:43:11.627+0000][2.530s][info][gc,start       ] GC(40) Pause Young (Allocation Failure)
[2026-07-01T01:43:11.629+0000][2.532s][info][gc,heap        ] GC(40) DefNew: 6795K(6976K)->283K(6976K) Eden: 6208K(6208K)->0K(6208K) From: 587K(768K)->283K(768K)
[2026-07-01T01:43:11.629+0000][2.532s][info][gc,heap        ] GC(40) Tenured: 13956K(15412K)->14517K(15412K)
[2026-07-01T01:43:11.629+0000][2.532s][info][gc,metaspace   ] GC(40) Metaspace: 31116K(31744K)->31116K(31744K) NonClass: 27102K(27456K)->27102K(27456K) Class: 4014K(4288K)->4014K(4288K)
[2026-07-01T01:43:11.629+0000][2.532s][info][gc             ] GC(40) Pause Young (Allocation Failure) 20M->14M(21M) 2.389ms
[2026-07-01T01:43:11.629+0000][2.532s][info][gc,cpu         ] GC(40) User=0.01s Sys=0.00s Real=0.01s
[2026-07-01T01:43:11.695+0000][2.599s][info][gc,start       ] GC(41) Pause Young (Allocation Failure)
[2026-07-01T01:43:11.698+0000][2.601s][info][gc,heap        ] GC(41) DefNew: 6491K(6976K)->698K(6976K) Eden: 6208K(6208K)->0K(6208K) From: 283K(768K)->698K(768K)
[2026-07-01T01:43:11.698+0000][2.601s][info][gc,heap        ] GC(41) Tenured: 14517K(15412K)->14517K(15412K)
[2026-07-01T01:43:11.698+0000][2.601s][info][gc,metaspace   ] GC(41) Metaspace: 31727K(32384K)->31727K(32384K) NonClass: 27603K(27968K)->27603K(27968K) Class: 4124K(4416K)->4124K(4416K)
[2026-07-01T01:43:11.698+0000][2.601s][info][gc             ] GC(41) Pause Young (Allocation Failure) 20M->14M(21M) 2.650ms
[2026-07-01T01:43:11.698+0000][2.601s][info][gc,cpu         ] GC(41) User=0.00s Sys=0.00s Real=0.00s
[2026-07-01T01:43:11.789+0000][2.692s][info][gc,start       ] GC(42) Pause Young (Allocation Failure)
[2026-07-01T01:43:11.793+0000][2.696s][info][gc,heap        ] GC(42) DefNew: 6906K(6976K)->619K(6976K) Eden: 6208K(6208K)->0K(6208K) From: 698K(768K)->619K(768K)
[2026-07-01T01:43:11.793+0000][2.696s][info][gc,heap        ] GC(42) Tenured: 14517K(15412K)->15195K(15412K)
[2026-07-01T01:43:11.793+0000][2.696s][info][gc,metaspace   ] GC(42) Metaspace: 32909K(33600K)->32909K(33600K) NonClass: 28612K(28992K)->28612K(28992K) Class: 4296K(4608K)->4296K(4608K)
[2026-07-01T01:43:11.793+0000][2.696s][info][gc             ] GC(42) Pause Young (Allocation Failure) 20M->15M(21M) 3.759ms
[2026-07-01T01:43:11.793+0000][2.696s][info][gc,cpu         ] GC(42) User=0.00s Sys=0.00s Real=0.00s
[2026-07-01T01:43:11.893+0000][2.796s][info][gc,start       ] GC(43) Pause Young (Allocation Failure)
[2026-07-01T01:43:11.897+0000][2.801s][info][gc             ] GC(43) Pause Young (Allocation Failure) 21M->16M(22M) 4.670ms
[2026-07-01T01:43:11.897+0000][2.801s][info][gc,cpu         ] GC(43) User=0.01s Sys=0.00s Real=0.00s
[2026-07-01T01:43:11.897+0000][2.801s][info][gc,start       ] GC(44) Pause Full (Allocation Failure)
[2026-07-01T01:43:11.897+0000][2.801s][info][gc,phases,start] GC(44) Phase 1: Mark live objects
[2026-07-01T01:43:11.917+0000][2.820s][info][gc,phases      ] GC(44) Phase 1: Mark live objects 19.332ms
[2026-07-01T01:43:11.917+0000][2.820s][info][gc,phases,start] GC(44) Phase 2: Compute new object addresses
[2026-07-01T01:43:11.921+0000][2.824s][info][gc,phases      ] GC(44) Phase 2: Compute new object addresses 4.206ms
[2026-07-01T01:43:11.921+0000][2.824s][info][gc,phases,start] GC(44) Phase 3: Adjust pointers
[2026-07-01T01:43:11.931+0000][2.834s][info][gc,phases      ] GC(44) Phase 3: Adjust pointers 9.932ms
[2026-07-01T01:43:11.931+0000][2.834s][info][gc,phases,start] GC(44) Phase 4: Move objects
[2026-07-01T01:43:11.933+0000][2.836s][info][gc,phases      ] GC(44) Phase 4: Move objects 1.995ms
[2026-07-01T01:43:11.933+0000][2.837s][info][gc,heap        ] GC(44) DefNew: 6827K(6976K)->0K(11584K) Eden: 6208K(6208K)->0K(10304K) From: 619K(768K)->0K(1280K)
[2026-07-01T01:43:11.933+0000][2.837s][info][gc,heap        ] GC(44) Tenured: 15195K(15412K)->15344K(25576K)
[2026-07-01T01:43:11.933+0000][2.837s][info][gc,metaspace   ] GC(44) Metaspace: 35023K(35712K)->35023K(35712K) NonClass: 30453K(30848K)->30453K(30848K) Class: 4569K(4864K)->4569K(4864K)
[2026-07-01T01:43:11.933+0000][2.837s][info][gc             ] GC(44) Pause Full (Allocation Failure) 16M->14M(36M) 36.027ms
[2026-07-01T01:43:11.933+0000][2.837s][info][gc,cpu         ] GC(44) User=0.03s Sys=0.01s Real=0.04s
[2026-07-01T01:43:11.983+0000][2.887s][info][gc,start       ] GC(45) Pause Young (Allocation Failure)
[2026-07-01T01:43:11.990+0000][2.894s][info][gc,heap        ] GC(45) DefNew: 10304K(11584K)->1279K(11584K) Eden: 10304K(10304K)->0K(10304K) From: 0K(1280K)->1279K(1280K)
[2026-07-01T01:43:11.990+0000][2.894s][info][gc,heap        ] GC(45) Tenured: 15344K(25576K)->20066K(25576K)
[2026-07-01T01:43:11.990+0000][2.894s][info][gc,metaspace   ] GC(45) Metaspace: 35336K(36032K)->35336K(36032K) NonClass: 30718K(31104K)->30718K(31104K) Class: 4617K(4928K)->4617K(4928K)
[2026-07-01T01:43:11.990+0000][2.894s][info][gc             ] GC(45) Pause Young (Allocation Failure) 25M->20M(36M) 6.934ms
[2026-07-01T01:43:11.990+0000][2.894s][info][gc,cpu         ] GC(45) User=0.00s Sys=0.00s Real=0.01s
[2026-07-01T01:43:12.006+0000][2.909s][info][gc,start       ] GC(46) Pause Young (Allocation Failure)
[2026-07-01T01:43:12.016+0000][2.920s][info][gc             ] GC(46) Pause Young (Allocation Failure) 30M->28M(39M) 10.343ms
[2026-07-01T01:43:12.016+0000][2.920s][info][gc,cpu         ] GC(46) User=0.01s Sys=0.00s Real=0.01s
[2026-07-01T01:43:12.016+0000][2.920s][info][gc,start       ] GC(47) Pause Full (Allocation Failure)
[2026-07-01T01:43:12.016+0000][2.920s][info][gc,phases,start] GC(47) Phase 1: Mark live objects
[2026-07-01T01:43:12.041+0000][2.944s][info][gc,phases      ] GC(47) Phase 1: Mark live objects 24.795ms
[2026-07-01T01:43:12.041+0000][2.945s][info][gc,phases,start] GC(47) Phase 2: Compute new object addresses
[2026-07-01T01:43:12.048+0000][2.952s][info][gc,phases      ] GC(47) Phase 2: Compute new object addresses 7.003ms
[2026-07-01T01:43:12.048+0000][2.952s][info][gc,phases,start] GC(47) Phase 3: Adjust pointers
[2026-07-01T01:43:12.060+0000][2.963s][info][gc,phases      ] GC(47) Phase 3: Adjust pointers 11.566ms
[2026-07-01T01:43:12.060+0000][2.963s][info][gc,phases,start] GC(47) Phase 4: Move objects
[2026-07-01T01:43:12.060+0000][2.963s][info][gc,phases      ] GC(47) Phase 4: Move objects 0.271ms
[2026-07-01T01:43:12.060+0000][2.964s][info][gc,heap        ] GC(47) DefNew: 11583K(11584K)->1279K(21312K) Eden: 10304K(10304K)->1279K(18944K) From: 1279K(1280K)->0K(2368K)
[2026-07-01T01:43:12.060+0000][2.964s][info][gc,heap        ] GC(47) Tenured: 20066K(25576K)->28325K(47212K)
[2026-07-01T01:43:12.060+0000][2.964s][info][gc,metaspace   ] GC(47) Metaspace: 35337K(36032K)->35337K(36032K) NonClass: 30719K(31104K)->30719K(31104K) Class: 4617K(4928K)->4617K(4928K)
[2026-07-01T01:43:12.060+0000][2.964s][info][gc             ] GC(47) Pause Full (Allocation Failure) 28M->28M(66M) 43.975ms
[2026-07-01T01:43:12.060+0000][2.964s][info][gc,cpu         ] GC(47) User=0.04s Sys=0.00s Real=0.05s
[2026-07-01T01:43:12.079+0000][2.983s][info][gc,start       ] GC(48) Pause Young (Allocation Failure)
[2026-07-01T01:43:12.108+0000][3.011s][info][gc,heap        ] GC(48) DefNew: 18944K(21312K)->2367K(21312K) Eden: 18944K(18944K)->0K(18944K) From: 0K(2368K)->2367K(2368K)
[2026-07-01T01:43:12.108+0000][3.011s][info][gc,heap        ] GC(48) Tenured: 28325K(47212K)->41429K(47212K)
[2026-07-01T01:43:12.108+0000][3.011s][info][gc,metaspace   ] GC(48) Metaspace: 35342K(36032K)->35342K(36032K) NonClass: 30724K(31104K)->30724K(31104K) Class: 4618K(4928K)->4618K(4928K)
[2026-07-01T01:43:12.108+0000][3.011s][info][gc             ] GC(48) Pause Young (Allocation Failure) 46M->42M(66M) 28.325ms
[2026-07-01T01:43:12.108+0000][3.011s][info][gc,cpu         ] GC(48) User=0.03s Sys=0.00s Real=0.02s
[2026-07-01T01:43:12.121+0000][3.025s][info][gc,start       ] GC(49) Pause Young (Allocation Failure)
[2026-07-01T01:43:12.140+0000][3.044s][info][gc             ] GC(49) Pause Young (Allocation Failure) 61M->57M(76M) 19.066ms
[2026-07-01T01:43:12.140+0000][3.044s][info][gc,cpu         ] GC(49) User=0.02s Sys=0.00s Real=0.02s
[2026-07-01T01:43:12.140+0000][3.044s][info][gc,start       ] GC(50) Pause Full (Allocation Failure)
[2026-07-01T01:43:12.140+0000][3.044s][info][gc,phases,start] GC(50) Phase 1: Mark live objects
[2026-07-01T01:43:12.176+0000][3.080s][info][gc,phases      ] GC(50) Phase 1: Mark live objects 35.962ms
[2026-07-01T01:43:12.176+0000][3.080s][info][gc,phases,start] GC(50) Phase 2: Compute new object addresses
[2026-07-01T01:43:12.189+0000][3.093s][info][gc,phases      ] GC(50) Phase 2: Compute new object addresses 13.009ms
[2026-07-01T01:43:12.189+0000][3.093s][info][gc,phases,start] GC(50) Phase 3: Adjust pointers
[2026-07-01T01:43:12.209+0000][3.112s][info][gc,phases      ] GC(50) Phase 3: Adjust pointers 19.710ms
[2026-07-01T01:43:12.209+0000][3.113s][info][gc,phases,start] GC(50) Phase 4: Move objects
[2026-07-01T01:43:12.222+0000][3.125s][info][gc,phases      ] GC(50) Phase 4: Move objects 12.577ms
[2026-07-01T01:43:12.222+0000][3.125s][info][gc,heap        ] GC(50) DefNew: 21311K(21312K)->1024K(42560K) Eden: 18944K(18944K)->1024K(37888K) From: 2367K(2368K)->0K(4672K)
[2026-07-01T01:43:12.222+0000][3.125s][info][gc,heap        ] GC(50) Tenured: 41429K(47212K)->56619K(94368K)
[2026-07-01T01:43:12.222+0000][3.125s][info][gc,metaspace   ] GC(50) Metaspace: 35343K(36032K)->35343K(36032K) NonClass: 30725K(31104K)->30725K(31104K) Class: 4618K(4928K)->4618K(4928K)
[2026-07-01T01:43:12.222+0000][3.125s][info][gc             ] GC(50) Pause Full (Allocation Failure) 57M->56M(133M) 81.745ms
[2026-07-01T01:43:12.222+0000][3.125s][info][gc,cpu         ] GC(50) User=0.08s Sys=0.00s Real=0.08s
[2026-07-01T01:43:12.245+0000][3.148s][info][gc,start       ] GC(51) Pause Young (Allocation Failure)
[2026-07-01T01:43:12.302+0000][3.205s][info][gc,heap        ] GC(51) DefNew: 37888K(42560K)->4672K(42560K) Eden: 37888K(37888K)->0K(37888K) From: 0K(4672K)->4672K(4672K)
[2026-07-01T01:43:12.302+0000][3.205s][info][gc,heap        ] GC(51) Tenured: 56619K(94368K)->81972K(94368K)
[2026-07-01T01:43:12.302+0000][3.205s][info][gc,metaspace   ] GC(51) Metaspace: 35826K(36544K)->35826K(36544K) NonClass: 31156K(31552K)->31156K(31552K) Class: 4670K(4992K)->4670K(4992K)
[2026-07-01T01:43:12.302+0000][3.205s][info][gc             ] GC(51) Pause Young (Allocation Failure) 92M->84M(133M) 56.712ms
[2026-07-01T01:43:12.302+0000][3.205s][info][gc,cpu         ] GC(51) User=0.06s Sys=0.00s Real=0.06s
[2026-07-01T01:43:12.329+0000][3.232s][info][gc,start       ] GC(52) Pause Young (Allocation Failure)
[2026-07-01T01:43:12.374+0000][3.278s][info][gc             ] GC(52) Pause Young (Allocation Failure) 121M->113M(150M) 45.671ms
[2026-07-01T01:43:12.374+0000][3.278s][info][gc,cpu         ] GC(52) User=0.04s Sys=0.01s Real=0.04s
[2026-07-01T01:43:12.374+0000][3.278s][info][gc,start       ] GC(53) Pause Full (Allocation Failure)
[2026-07-01T01:43:12.374+0000][3.278s][info][gc,phases,start] GC(53) Phase 1: Mark live objects
[2026-07-01T01:43:12.434+0000][3.337s][info][gc,phases      ] GC(53) Phase 1: Mark live objects 59.350ms
[2026-07-01T01:43:12.434+0000][3.337s][info][gc,phases,start] GC(53) Phase 2: Compute new object addresses
[2026-07-01T01:43:12.459+0000][3.363s][info][gc,phases      ] GC(53) Phase 2: Compute new object addresses 25.625ms
[2026-07-01T01:43:12.459+0000][3.363s][info][gc,phases,start] GC(53) Phase 3: Adjust pointers
[2026-07-01T01:43:12.491+0000][3.394s][info][gc,phases      ] GC(53) Phase 3: Adjust pointers 31.284ms
[2026-07-01T01:43:12.491+0000][3.394s][info][gc,phases,start] GC(53) Phase 4: Move objects
[2026-07-01T01:43:12.492+0000][3.395s][info][gc,phases      ] GC(53) Phase 4: Move objects 0.821ms
[2026-07-01T01:43:12.492+0000][3.395s][info][gc,heap        ] GC(53) DefNew: 42560K(42560K)->4641K(78656K) Eden: 37888K(37888K)->4641K(69952K) From: 4672K(4672K)->0K(8704K)
[2026-07-01T01:43:12.492+0000][3.395s][info][gc,heap        ] GC(53) Tenured: 81972K(94368K)->111941K(174784K)
[2026-07-01T01:43:12.492+0000][3.395s][info][gc,metaspace   ] GC(53) Metaspace: 36286K(36928K)->36286K(36928K) NonClass: 31562K(31936K)->31562K(31936K) Class: 4724K(4992K)->4724K(4992K)
[2026-07-01T01:43:12.492+0000][3.395s][info][gc             ] GC(53) Pause Full (Allocation Failure) 113M->113M(247M) 117.590ms
[2026-07-01T01:43:12.492+0000][3.395s][info][gc,cpu         ] GC(53) User=0.12s Sys=0.00s Real=0.12s
[2026-07-01T01:43:12.777+0000][3.680s][info][gc,start       ] GC(54) Pause Young (Allocation Failure)
[2026-07-01T01:43:12.857+0000][3.760s][info][gc,heap        ] GC(54) DefNew: 69952K(78656K)->8704K(78656K) Eden: 69952K(69952K)->0K(69952K) From: 0K(8704K)->8704K(8704K)
[2026-07-01T01:43:12.857+0000][3.760s][info][gc,heap        ] GC(54) Tenured: 111941K(174784K)->143111K(174784K)
[2026-07-01T01:43:12.857+0000][3.760s][info][gc,metaspace   ] GC(54) Metaspace: 38810K(39552K)->38810K(39552K) NonClass: 33734K(34112K)->33734K(34112K) Class: 5075K(5440K)->5075K(5440K)
[2026-07-01T01:43:12.857+0000][3.760s][info][gc             ] GC(54) Pause Young (Allocation Failure) 177M->148M(247M) 80.502ms
[2026-07-01T01:43:12.857+0000][3.761s][info][gc,cpu         ] GC(54) User=0.08s Sys=0.00s Real=0.08s
[2026-07-01T01:43:14.998+0000][5.901s][info][gc,start       ] GC(55) Pause Young (Allocation Failure)
[2026-07-01T01:43:14.998+0000][5.901s][info][gc             ] GC(55) Pause Young (Allocation Failure) 216M->216M(247M) 0.097ms
[2026-07-01T01:43:14.998+0000][5.901s][info][gc,cpu         ] GC(55) User=0.00s Sys=0.00s Real=0.00s
[2026-07-01T01:43:14.998+0000][5.901s][info][gc,start       ] GC(56) Pause Full (Allocation Failure)
[2026-07-01T01:43:14.998+0000][5.901s][info][gc,phases,start] GC(56) Phase 1: Mark live objects
[2026-07-01T01:43:15.077+0000][5.981s][info][gc,phases      ] GC(56) Phase 1: Mark live objects 79.780ms
[2026-07-01T01:43:15.078+0000][5.981s][info][gc,phases,start] GC(56) Phase 2: Compute new object addresses
[2026-07-01T01:43:15.122+0000][6.025s][info][gc,phases      ] GC(56) Phase 2: Compute new object addresses 44.099ms
[2026-07-01T01:43:15.122+0000][6.025s][info][gc,phases,start] GC(56) Phase 3: Adjust pointers
[2026-07-01T01:43:15.161+0000][6.064s][info][gc,phases      ] GC(56) Phase 3: Adjust pointers 39.401ms
[2026-07-01T01:43:15.161+0000][6.064s][info][gc,phases,start] GC(56) Phase 4: Move objects
[2026-07-01T01:43:15.165+0000][6.069s][info][gc,phases      ] GC(56) Phase 4: Move objects 4.276ms
[2026-07-01T01:43:15.166+0000][6.069s][info][gc,heap        ] GC(56) DefNew: 78656K(78656K)->0K(78656K) Eden: 69952K(69952K)->0K(69952K) From: 8704K(8704K)->0K(8704K)
[2026-07-01T01:43:15.166+0000][6.069s][info][gc,heap        ] GC(56) Tenured: 143111K(174784K)->156951K(174784K)
[2026-07-01T01:43:15.166+0000][6.069s][info][gc,metaspace   ] GC(56) Metaspace: 40252K(41088K)->40208K(41088K) NonClass: 35119K(35584K)->35087K(35584K) Class: 5133K(5504K)->5121K(5504K)
[2026-07-01T01:43:15.166+0000][6.069s][info][gc             ] GC(56) Pause Full (Allocation Failure) 216M->153M(247M) 168.092ms
[2026-07-01T01:43:15.166+0000][6.069s][info][gc,cpu         ] GC(56) User=0.16s Sys=0.00s Real=0.17s
[2026-07-01T01:43:17.099+0000][8.002s][info][gc,start       ] GC(57) Pause Young (Allocation Failure)
[2026-07-01T01:43:17.099+0000][8.002s][info][gc             ] GC(57) Pause Young (Allocation Failure) 221M->221M(247M) 0.096ms
[2026-07-01T01:43:17.099+0000][8.002s][info][gc,cpu         ] GC(57) User=0.00s Sys=0.00s Real=0.00s
[2026-07-01T01:43:17.099+0000][8.002s][info][gc,start       ] GC(58) Pause Full (Allocation Failure)
[2026-07-01T01:43:17.099+0000][8.002s][info][gc,phases,start] GC(58) Phase 1: Mark live objects
[2026-07-01T01:43:17.177+0000][8.080s][info][gc,phases      ] GC(58) Phase 1: Mark live objects 78.104ms
[2026-07-01T01:43:17.177+0000][8.080s][info][gc,phases,start] GC(58) Phase 2: Compute new object addresses
[2026-07-01T01:43:17.222+0000][8.126s][info][gc,phases      ] GC(58) Phase 2: Compute new object addresses 45.310ms
[2026-07-01T01:43:17.222+0000][8.126s][info][gc,phases,start] GC(58) Phase 3: Adjust pointers
[2026-07-01T01:43:17.262+0000][8.166s][info][gc,phases      ] GC(58) Phase 3: Adjust pointers 39.739ms
[2026-07-01T01:43:17.262+0000][8.166s][info][gc,phases,start] GC(58) Phase 4: Move objects
[2026-07-01T01:43:17.263+0000][8.166s][info][gc,phases      ] GC(58) Phase 4: Move objects 0.366ms
[2026-07-01T01:43:17.263+0000][8.166s][info][gc,heap        ] GC(58) DefNew: 69952K(78656K)->0K(78656K) Eden: 69952K(69952K)->0K(69952K) From: 0K(8704K)->0K(8704K)
[2026-07-01T01:43:17.263+0000][8.166s][info][gc,heap        ] GC(58) Tenured: 156951K(174784K)->157449K(174784K)
[2026-07-01T01:43:17.263+0000][8.166s][info][gc,metaspace   ] GC(58) Metaspace: 40585K(41408K)->40585K(41408K) NonClass: 35463K(35904K)->35463K(35904K) Class: 5121K(5504K)->5121K(5504K)
[2026-07-01T01:43:17.263+0000][8.166s][info][gc             ] GC(58) Pause Full (Allocation Failure) 221M->153M(247M) 163.930ms
[2026-07-01T01:43:17.263+0000][8.166s][info][gc,cpu         ] GC(58) User=0.16s Sys=0.00s Real=0.16s
[2026-07-01T01:43:18.815+0000][9.718s][info][gc,start       ] GC(59) Pause Young (Allocation Failure)
[2026-07-01T01:43:18.815+0000][9.718s][info][gc             ] GC(59) Pause Young (Allocation Failure) 222M->222M(247M) 0.101ms
[2026-07-01T01:43:18.815+0000][9.718s][info][gc,cpu         ] GC(59) User=0.00s Sys=0.00s Real=0.00s
[2026-07-01T01:43:18.815+0000][9.718s][info][gc,start       ] GC(60) Pause Full (Allocation Failure)
[2026-07-01T01:43:18.815+0000][9.718s][info][gc,phases,start] GC(60) Phase 1: Mark live objects
[2026-07-01T01:43:18.901+0000][9.805s][info][gc,phases      ] GC(60) Phase 1: Mark live objects 86.576ms
[2026-07-01T01:43:18.901+0000][9.805s][info][gc,phases,start] GC(60) Phase 2: Compute new object addresses
[2026-07-01T01:43:18.946+0000][9.849s][info][gc,phases      ] GC(60) Phase 2: Compute new object addresses 44.856ms
[2026-07-01T01:43:18.946+0000][9.849s][info][gc,phases,start] GC(60) Phase 3: Adjust pointers
[2026-07-01T01:43:18.990+0000][9.893s][info][gc,phases      ] GC(60) Phase 3: Adjust pointers 43.929ms
[2026-07-01T01:43:18.990+0000][9.893s][info][gc,phases,start] GC(60) Phase 4: Move objects
[2026-07-01T01:43:19.022+0000][9.925s][info][gc,phases      ] GC(60) Phase 4: Move objects 31.753ms
[2026-07-01T01:43:19.022+0000][9.926s][info][gc,heap        ] GC(60) DefNew: 69952K(78656K)->0K(78656K) Eden: 69952K(69952K)->0K(69952K) From: 0K(8704K)->0K(8704K)
[2026-07-01T01:43:19.022+0000][9.926s][info][gc,heap        ] GC(60) Tenured: 157449K(174784K)->155780K(174784K)
[2026-07-01T01:43:19.022+0000][9.926s][info][gc,metaspace   ] GC(60) Metaspace: 40850K(41664K)->40850K(41664K) NonClass: 35727K(36160K)->35727K(36160K) Class: 5123K(5504K)->5123K(5504K)
[2026-07-01T01:43:19.022+0000][9.926s][info][gc             ] GC(60) Pause Full (Allocation Failure) 222M->152M(247M) 207.582ms
[2026-07-01T01:43:19.022+0000][9.926s][info][gc,cpu         ] GC(60) User=0.21s Sys=0.00s Real=0.21s
[2026-07-01T01:43:20.368+0000][11.271s][info][gc,start       ] GC(61) Pause Young (Allocation Failure)
[2026-07-01T01:43:20.368+0000][11.271s][info][gc             ] GC(61) Pause Young (Allocation Failure) 220M->220M(247M) 0.073ms
[2026-07-01T01:43:20.368+0000][11.271s][info][gc,cpu         ] GC(61) User=0.00s Sys=0.00s Real=0.00s
[2026-07-01T01:43:20.368+0000][11.271s][info][gc,start       ] GC(62) Pause Full (Allocation Failure)
[2026-07-01T01:43:20.368+0000][11.271s][info][gc,phases,start] GC(62) Phase 1: Mark live objects
[2026-07-01T01:43:20.444+0000][11.348s][info][gc,phases      ] GC(62) Phase 1: Mark live objects 76.424ms
[2026-07-01T01:43:20.444+0000][11.348s][info][gc,phases,start] GC(62) Phase 2: Compute new object addresses
[2026-07-01T01:43:20.490+0000][11.393s][info][gc,phases      ] GC(62) Phase 2: Compute new object addresses 45.212ms
[2026-07-01T01:43:20.490+0000][11.393s][info][gc,phases,start] GC(62) Phase 3: Adjust pointers
[2026-07-01T01:43:20.531+0000][11.434s][info][gc,phases      ] GC(62) Phase 3: Adjust pointers 40.810ms
[2026-07-01T01:43:20.531+0000][11.434s][info][gc,phases,start] GC(62) Phase 4: Move objects
[2026-07-01T01:43:20.531+0000][11.434s][info][gc,phases      ] GC(62) Phase 4: Move objects 0.581ms
[2026-07-01T01:43:20.531+0000][11.435s][info][gc,heap        ] GC(62) DefNew: 69952K(78656K)->0K(78656K) Eden: 69952K(69952K)->0K(69952K) From: 0K(8704K)->0K(8704K)
[2026-07-01T01:43:20.531+0000][11.435s][info][gc,heap        ] GC(62) Tenured: 155780K(174784K)->157753K(174784K)
[2026-07-01T01:43:20.531+0000][11.435s][info][gc,metaspace   ] GC(62) Metaspace: 41037K(41856K)->41037K(41856K) NonClass: 35913K(36352K)->35913K(36352K) Class: 5124K(5504K)->5124K(5504K)
[2026-07-01T01:43:20.531+0000][11.435s][info][gc             ] GC(62) Pause Full (Allocation Failure) 220M->154M(247M) 163.472ms
[2026-07-01T01:43:20.532+0000][11.435s][info][gc,cpu         ] GC(62) User=0.16s Sys=0.00s Real=0.17s
[2026-07-01T01:43:21.586+0000][12.489s][info][gc,start       ] GC(63) Pause Young (Allocation Failure)
[2026-07-01T01:43:21.586+0000][12.490s][info][gc             ] GC(63) Pause Young (Allocation Failure) 222M->222M(247M) 0.102ms
[2026-07-01T01:43:21.586+0000][12.490s][info][gc,cpu         ] GC(63) User=0.00s Sys=0.00s Real=0.00s
[2026-07-01T01:43:21.586+0000][12.490s][info][gc,start       ] GC(64) Pause Full (Allocation Failure)
[2026-07-01T01:43:21.586+0000][12.490s][info][gc,phases,start] GC(64) Phase 1: Mark live objects
[2026-07-01T01:43:21.668+0000][12.572s][info][gc,phases      ] GC(64) Phase 1: Mark live objects 81.857ms
[2026-07-01T01:43:21.668+0000][12.572s][info][gc,phases,start] GC(64) Phase 2: Compute new object addresses
[2026-07-01T01:43:21.714+0000][12.617s][info][gc,phases      ] GC(64) Phase 2: Compute new object addresses 45.653ms
[2026-07-01T01:43:21.714+0000][12.617s][info][gc,phases,start] GC(64) Phase 3: Adjust pointers
[2026-07-01T01:43:21.755+0000][12.658s][info][gc,phases      ] GC(64) Phase 3: Adjust pointers 40.580ms
[2026-07-01T01:43:21.755+0000][12.658s][info][gc,phases,start] GC(64) Phase 4: Move objects
[2026-07-01T01:43:21.755+0000][12.658s][info][gc,phases      ] GC(64) Phase 4: Move objects 0.319ms
[2026-07-01T01:43:21.755+0000][12.658s][info][gc,heap        ] GC(64) DefNew: 69952K(78656K)->0K(78656K) Eden: 69952K(69952K)->0K(69952K) From: 0K(8704K)->0K(8704K)
[2026-07-01T01:43:21.755+0000][12.658s][info][gc,heap        ] GC(64) Tenured: 157753K(174784K)->158235K(174784K)
[2026-07-01T01:43:21.755+0000][12.658s][info][gc,metaspace   ] GC(64) Metaspace: 41130K(41920K)->41130K(41920K) NonClass: 36005K(36416K)->36005K(36416K) Class: 5125K(5504K)->5125K(5504K)
[2026-07-01T01:43:21.755+0000][12.658s][info][gc             ] GC(64) Pause Full (Allocation Failure) 222M->154M(247M) 168.855ms
[2026-07-01T01:43:21.755+0000][12.659s][info][gc,cpu         ] GC(64) User=0.21s Sys=0.00s Real=0.17s
[2026-07-01T01:43:22.601+0000][13.504s][info][gc,start       ] GC(65) Pause Young (Allocation Failure)
[2026-07-01T01:43:22.601+0000][13.504s][info][gc             ] GC(65) Pause Young (Allocation Failure) 222M->222M(247M) 0.076ms
[2026-07-01T01:43:22.601+0000][13.504s][info][gc,cpu         ] GC(65) User=0.00s Sys=0.00s Real=0.00s
[2026-07-01T01:43:22.601+0000][13.504s][info][gc,start       ] GC(66) Pause Full (Allocation Failure)
[2026-07-01T01:43:22.601+0000][13.504s][info][gc,phases,start] GC(66) Phase 1: Mark live objects
[2026-07-01T01:43:22.694+0000][13.597s][info][gc,phases      ] GC(66) Phase 1: Mark live objects 92.820ms
[2026-07-01T01:43:22.694+0000][13.597s][info][gc,phases,start] GC(66) Phase 2: Compute new object addresses
[2026-07-01T01:43:22.739+0000][13.643s][info][gc,phases      ] GC(66) Phase 2: Compute new object addresses 45.895ms
[2026-07-01T01:43:22.740+0000][13.643s][info][gc,phases,start] GC(66) Phase 3: Adjust pointers
[2026-07-01T01:43:22.780+0000][13.684s][info][gc,phases      ] GC(66) Phase 3: Adjust pointers 40.901ms
[2026-07-01T01:43:22.780+0000][13.684s][info][gc,phases,start] GC(66) Phase 4: Move objects
[2026-07-01T01:43:22.781+0000][13.684s][info][gc,phases      ] GC(66) Phase 4: Move objects 0.505ms
[2026-07-01T01:43:22.781+0000][13.685s][info][gc,heap        ] GC(66) DefNew: 69952K(78656K)->0K(78656K) Eden: 69952K(69952K)->0K(69952K) From: 0K(8704K)->0K(8704K)
[2026-07-01T01:43:22.781+0000][13.685s][info][gc,heap        ] GC(66) Tenured: 158235K(174784K)->158580K(174784K)
[2026-07-01T01:43:22.781+0000][13.685s][info][gc,metaspace   ] GC(66) Metaspace: 41294K(42048K)->41294K(42048K) NonClass: 36168K(36544K)->36168K(36544K) Class: 5126K(5504K)->5126K(5504K)
[2026-07-01T01:43:22.781+0000][13.685s][info][gc             ] GC(66) Pause Full (Allocation Failure) 222M->154M(247M) 180.547ms
[2026-07-01T01:43:22.781+0000][13.685s][info][gc,cpu         ] GC(66) User=0.29s Sys=0.00s Real=0.18s
[2026-07-01T01:43:23.587+0000][14.491s][info][gc,start       ] GC(67) Pause Young (Allocation Failure)
[2026-07-01T01:43:23.587+0000][14.491s][info][gc             ] GC(67) Pause Young (Allocation Failure) 223M->223M(247M) 0.101ms
[2026-07-01T01:43:23.587+0000][14.491s][info][gc,cpu         ] GC(67) User=0.00s Sys=0.00s Real=0.00s
[2026-07-01T01:43:23.587+0000][14.491s][info][gc,start       ] GC(68) Pause Full (Allocation Failure)
[2026-07-01T01:43:23.587+0000][14.491s][info][gc,phases,start] GC(68) Phase 1: Mark live objects
[2026-07-01T01:43:23.672+0000][14.575s][info][gc,phases      ] GC(68) Phase 1: Mark live objects 84.725ms
[2026-07-01T01:43:23.672+0000][14.575s][info][gc,phases,start] GC(68) Phase 2: Compute new object addresses
[2026-07-01T01:43:23.717+0000][14.620s][info][gc,phases      ] GC(68) Phase 2: Compute new object addresses 44.970ms
[2026-07-01T01:43:23.717+0000][14.621s][info][gc,phases,start] GC(68) Phase 3: Adjust pointers
[2026-07-01T01:43:23.763+0000][14.666s][info][gc,phases      ] GC(68) Phase 3: Adjust pointers 45.398ms
[2026-07-01T01:43:23.763+0000][14.666s][info][gc,phases,start] GC(68) Phase 4: Move objects
[2026-07-01T01:43:23.790+0000][14.693s][info][gc,phases      ] GC(68) Phase 4: Move objects 27.508ms
[2026-07-01T01:43:23.790+0000][14.694s][info][gc,heap        ] GC(68) DefNew: 69952K(78656K)->0K(78656K) Eden: 69952K(69952K)->0K(69952K) From: 0K(8704K)->0K(8704K)
[2026-07-01T01:43:23.790+0000][14.694s][info][gc,heap        ] GC(68) Tenured: 158580K(174784K)->156658K(174784K)
[2026-07-01T01:43:23.790+0000][14.694s][info][gc,metaspace   ] GC(68) Metaspace: 41413K(42240K)->41413K(42240K) NonClass: 36287K(36736K)->36287K(36736K) Class: 5126K(5504K)->5126K(5504K)
[2026-07-01T01:43:23.790+0000][14.694s][info][gc             ] GC(68) Pause Full (Allocation Failure) 223M->152M(247M) 203.032ms
[2026-07-01T01:43:23.790+0000][14.694s][info][gc,cpu         ] GC(68) User=0.22s Sys=0.00s Real=0.21s
[2026-07-01T01:43:24.417+0000][15.320s][info][gc,start       ] GC(69) Pause Young (Allocation Failure)
[2026-07-01T01:43:24.417+0000][15.320s][info][gc             ] GC(69) Pause Young (Allocation Failure) 221M->221M(247M) 0.100ms
[2026-07-01T01:43:24.417+0000][15.320s][info][gc,cpu         ] GC(69) User=0.00s Sys=0.00s Real=0.00s
[2026-07-01T01:43:24.417+0000][15.320s][info][gc,start       ] GC(70) Pause Full (Allocation Failure)
[2026-07-01T01:43:24.417+0000][15.320s][info][gc,phases,start] GC(70) Phase 1: Mark live objects
[2026-07-01T01:43:24.557+0000][15.460s][info][gc,phases      ] GC(70) Phase 1: Mark live objects 140.228ms
[2026-07-01T01:43:24.557+0000][15.460s][info][gc,phases,start] GC(70) Phase 2: Compute new object addresses
[2026-07-01T01:43:24.603+0000][15.507s][info][gc,phases      ] GC(70) Phase 2: Compute new object addresses 46.027ms
[2026-07-01T01:43:24.603+0000][15.507s][info][gc,phases,start] GC(70) Phase 3: Adjust pointers
[2026-07-01T01:43:24.645+0000][15.549s][info][gc,phases      ] GC(70) Phase 3: Adjust pointers 42.192ms
[2026-07-01T01:43:24.645+0000][15.549s][info][gc,phases,start] GC(70) Phase 4: Move objects
[2026-07-01T01:43:24.646+0000][15.549s][info][gc,phases      ] GC(70) Phase 4: Move objects 0.338ms
[2026-07-01T01:43:24.646+0000][15.549s][info][gc,heap        ] GC(70) DefNew: 69952K(78656K)->0K(78656K) Eden: 69952K(69952K)->0K(69952K) From: 0K(8704K)->0K(8704K)
[2026-07-01T01:43:24.646+0000][15.549s][info][gc,heap        ] GC(70) Tenured: 156658K(174784K)->157333K(174784K)
[2026-07-01T01:43:24.646+0000][15.549s][info][gc,metaspace   ] GC(70) Metaspace: 41419K(42240K)->41419K(42240K) NonClass: 36292K(36736K)->36292K(36736K) Class: 5126K(5504K)->5126K(5504K)
[2026-07-01T01:43:24.646+0000][15.549s][info][gc             ] GC(70) Pause Full (Allocation Failure) 221M->153M(247M) 229.218ms
[2026-07-01T01:43:24.646+0000][15.549s][info][gc,cpu         ] GC(70) User=0.23s Sys=0.00s Real=0.23s
[2026-07-01T01:43:25.226+0000][16.129s][info][gc,start       ] GC(71) Pause Young (Allocation Failure)
[2026-07-01T01:43:25.226+0000][16.129s][info][gc             ] GC(71) Pause Young (Allocation Failure) 221M->221M(247M) 0.187ms
[2026-07-01T01:43:25.226+0000][16.130s][info][gc,cpu         ] GC(71) User=0.00s Sys=0.01s Real=0.00s
[2026-07-01T01:43:25.226+0000][16.130s][info][gc,start       ] GC(72) Pause Full (Allocation Failure)
[2026-07-01T01:43:25.226+0000][16.130s][info][gc,phases,start] GC(72) Phase 1: Mark live objects
[2026-07-01T01:43:25.315+0000][16.219s][info][gc,phases      ] GC(72) Phase 1: Mark live objects 89.071ms
[2026-07-01T01:43:25.315+0000][16.219s][info][gc,phases,start] GC(72) Phase 2: Compute new object addresses
[2026-07-01T01:43:25.361+0000][16.264s][info][gc,phases      ] GC(72) Phase 2: Compute new object addresses 45.818ms
[2026-07-01T01:43:25.361+0000][16.265s][info][gc,phases,start] GC(72) Phase 3: Adjust pointers
[2026-07-01T01:43:25.403+0000][16.306s][info][gc,phases      ] GC(72) Phase 3: Adjust pointers 41.633ms
[2026-07-01T01:43:25.403+0000][16.306s][info][gc,phases,start] GC(72) Phase 4: Move objects
[2026-07-01T01:43:25.403+0000][16.306s][info][gc,phases      ] GC(72) Phase 4: Move objects 0.291ms
[2026-07-01T01:43:25.403+0000][16.307s][info][gc,heap        ] GC(72) DefNew: 69951K(78656K)->0K(78656K) Eden: 69951K(69952K)->0K(69952K) From: 0K(8704K)->0K(8704K)
[2026-07-01T01:43:25.403+0000][16.307s][info][gc,heap        ] GC(72) Tenured: 157333K(174784K)->157718K(174784K)
[2026-07-01T01:43:25.403+0000][16.307s][info][gc,metaspace   ] GC(72) Metaspace: 41429K(42240K)->41429K(42240K) NonClass: 36302K(36736K)->36302K(36736K) Class: 5126K(5504K)->5126K(5504K)
[2026-07-01T01:43:25.403+0000][16.307s][info][gc             ] GC(72) Pause Full (Allocation Failure) 221M->154M(247M) 177.212ms
[2026-07-01T01:43:25.403+0000][16.307s][info][gc,cpu         ] GC(72) User=0.20s Sys=0.00s Real=0.18s
[2026-07-01T01:43:26.023+0000][16.926s][info][gc,start       ] GC(73) Pause Young (Allocation Failure)
[2026-07-01T01:43:26.023+0000][16.926s][info][gc             ] GC(73) Pause Young (Allocation Failure) 222M->222M(247M) 0.105ms
[2026-07-01T01:43:26.023+0000][16.926s][info][gc,cpu         ] GC(73) User=0.00s Sys=0.00s Real=0.00s
[2026-07-01T01:43:26.023+0000][16.926s][info][gc,start       ] GC(74) Pause Full (Allocation Failure)
[2026-07-01T01:43:26.023+0000][16.926s][info][gc,phases,start] GC(74) Phase 1: Mark live objects
[2026-07-01T01:43:26.147+0000][17.050s][info][gc,phases      ] GC(74) Phase 1: Mark live objects 123.693ms
[2026-07-01T01:43:26.147+0000][17.050s][info][gc,phases,start] GC(74) Phase 2: Compute new object addresses
[2026-07-01T01:43:26.193+0000][17.096s][info][gc,phases      ] GC(74) Phase 2: Compute new object addresses 46.063ms
[2026-07-01T01:43:26.193+0000][17.096s][info][gc,phases,start] GC(74) Phase 3: Adjust pointers
[2026-07-01T01:43:26.236+0000][17.139s][info][gc,phases      ] GC(74) Phase 3: Adjust pointers 42.667ms
[2026-07-01T01:43:26.236+0000][17.139s][info][gc,phases,start] GC(74) Phase 4: Move objects
[2026-07-01T01:43:26.236+0000][17.139s][info][gc,phases      ] GC(74) Phase 4: Move objects 0.476ms
[2026-07-01T01:43:26.236+0000][17.140s][info][gc,heap        ] GC(74) DefNew: 69952K(78656K)->0K(78656K) Eden: 69952K(69952K)->0K(69952K) From: 0K(8704K)->0K(8704K)
[2026-07-01T01:43:26.236+0000][17.140s][info][gc,heap        ] GC(74) Tenured: 157718K(174784K)->159124K(174784K)
[2026-07-01T01:43:26.236+0000][17.140s][info][gc,metaspace   ] GC(74) Metaspace: 41445K(42240K)->41445K(42240K) NonClass: 36318K(36736K)->36318K(36736K) Class: 5126K(5504K)->5126K(5504K)
[2026-07-01T01:43:26.236+0000][17.140s][info][gc             ] GC(74) Pause Full (Allocation Failure) 222M->155M(247M) 213.326ms
[2026-07-01T01:43:26.236+0000][17.140s][info][gc,cpu         ] GC(74) User=0.23s Sys=0.00s Real=0.21s
[2026-07-01T01:43:26.823+0000][17.726s][info][gc,start       ] GC(75) Pause Young (Allocation Failure)
[2026-07-01T01:43:26.823+0000][17.726s][info][gc             ] GC(75) Pause Young (Allocation Failure) 223M->223M(247M) 0.079ms
[2026-07-01T01:43:26.823+0000][17.726s][info][gc,cpu         ] GC(75) User=0.00s Sys=0.00s Real=0.00s
[2026-07-01T01:43:26.823+0000][17.727s][info][gc,start       ] GC(76) Pause Full (Allocation Failure)
[2026-07-01T01:43:26.823+0000][17.727s][info][gc,phases,start] GC(76) Phase 1: Mark live objects
[2026-07-01T01:43:26.904+0000][17.808s][info][gc,phases      ] GC(76) Phase 1: Mark live objects 81.080ms
[2026-07-01T01:43:26.904+0000][17.808s][info][gc,phases,start] GC(76) Phase 2: Compute new object addresses
[2026-07-01T01:43:26.950+0000][17.853s][info][gc,phases      ] GC(76) Phase 2: Compute new object addresses 45.724ms
[2026-07-01T01:43:26.950+0000][17.853s][info][gc,phases,start] GC(76) Phase 3: Adjust pointers
[2026-07-01T01:43:26.997+0000][17.901s][info][gc,phases      ] GC(76) Phase 3: Adjust pointers 47.221ms
[2026-07-01T01:43:26.997+0000][17.901s][info][gc,phases,start] GC(76) Phase 4: Move objects
[2026-07-01T01:43:27.029+0000][17.932s][info][gc,phases      ] GC(76) Phase 4: Move objects 31.267ms
[2026-07-01T01:43:27.029+0000][17.932s][info][gc,heap        ] GC(76) DefNew: 69952K(78656K)->0K(78656K) Eden: 69952K(69952K)->0K(69952K) From: 0K(8704K)->0K(8704K)
[2026-07-01T01:43:27.029+0000][17.932s][info][gc,heap        ] GC(76) Tenured: 159124K(174784K)->157194K(174784K)
[2026-07-01T01:43:27.029+0000][17.932s][info][gc,metaspace   ] GC(76) Metaspace: 41463K(42304K)->41463K(42304K) NonClass: 36336K(36800K)->36336K(36800K) Class: 5126K(5504K)->5126K(5504K)
[2026-07-01T01:43:27.029+0000][17.932s][info][gc             ] GC(76) Pause Full (Allocation Failure) 223M->153M(247M) 205.736ms
[2026-07-01T01:43:27.029+0000][17.932s][info][gc,cpu         ] GC(76) User=0.21s Sys=0.00s Real=0.21s
[2026-07-01T01:43:27.581+0000][18.485s][info][gc,start       ] GC(77) Pause Young (Allocation Failure)
[2026-07-01T01:43:27.582+0000][18.485s][info][gc             ] GC(77) Pause Young (Allocation Failure) 221M->221M(247M) 0.087ms
[2026-07-01T01:43:27.582+0000][18.485s][info][gc,cpu         ] GC(77) User=0.00s Sys=0.00s Real=0.00s
[2026-07-01T01:43:27.582+0000][18.485s][info][gc,start       ] GC(78) Pause Full (Allocation Failure)
[2026-07-01T01:43:27.582+0000][18.485s][info][gc,phases,start] GC(78) Phase 1: Mark live objects
[2026-07-01T01:43:27.663+0000][18.566s][info][gc,phases      ] GC(78) Phase 1: Mark live objects 81.009ms
[2026-07-01T01:43:27.663+0000][18.566s][info][gc,phases,start] GC(78) Phase 2: Compute new object addresses
[2026-07-01T01:43:27.709+0000][18.612s][info][gc,phases      ] GC(78) Phase 2: Compute new object addresses 46.129ms
[2026-07-01T01:43:27.709+0000][18.612s][info][gc,phases,start] GC(78) Phase 3: Adjust pointers
[2026-07-01T01:43:27.752+0000][18.655s][info][gc,phases      ] GC(78) Phase 3: Adjust pointers 43.137ms
[2026-07-01T01:43:27.752+0000][18.655s][info][gc,phases,start] GC(78) Phase 4: Move objects
[2026-07-01T01:43:27.752+0000][18.656s][info][gc,phases      ] GC(78) Phase 4: Move objects 0.356ms
[2026-07-01T01:43:27.753+0000][18.656s][info][gc,heap        ] GC(78) DefNew: 69952K(78656K)->0K(78656K) Eden: 69952K(69952K)->0K(69952K) From: 0K(8704K)->0K(8704K)
[2026-07-01T01:43:27.753+0000][18.656s][info][gc,heap        ] GC(78) Tenured: 157194K(174784K)->157645K(174784K)
[2026-07-01T01:43:27.753+0000][18.656s][info][gc,metaspace   ] GC(78) Metaspace: 41463K(42304K)->41463K(42304K) NonClass: 36336K(36800K)->36336K(36800K) Class: 5126K(5504K)->5126K(5504K)
[2026-07-01T01:43:27.753+0000][18.656s][info][gc             ] GC(78) Pause Full (Allocation Failure) 221M->153M(247M) 171.038ms
[2026-07-01T01:43:27.753+0000][18.656s][info][gc,cpu         ] GC(78) User=0.17s Sys=0.00s Real=0.17s
[2026-07-01T01:43:28.445+0000][19.349s][info][gc,start       ] GC(79) Pause Young (Allocation Failure)
[2026-07-01T01:43:28.445+0000][19.349s][info][gc             ] GC(79) Pause Young (Allocation Failure) 222M->222M(247M) 0.097ms
[2026-07-01T01:43:28.445+0000][19.349s][info][gc,cpu         ] GC(79) User=0.00s Sys=0.00s Real=0.00s
[2026-07-01T01:43:28.445+0000][19.349s][info][gc,start       ] GC(80) Pause Full (Allocation Failure)
[2026-07-01T01:43:28.445+0000][19.349s][info][gc,phases,start] GC(80) Phase 1: Mark live objects
[2026-07-01T01:43:28.563+0000][19.466s][info][gc,phases      ] GC(80) Phase 1: Mark live objects 117.781ms
[2026-07-01T01:43:28.563+0000][19.466s][info][gc,phases,start] GC(80) Phase 2: Compute new object addresses
[2026-07-01T01:43:28.610+0000][19.513s][info][gc,phases      ] GC(80) Phase 2: Compute new object addresses 46.297ms
[2026-07-01T01:43:28.610+0000][19.513s][info][gc,phases,start] GC(80) Phase 3: Adjust pointers
[2026-07-01T01:43:28.658+0000][19.561s][info][gc,phases      ] GC(80) Phase 3: Adjust pointers 47.998ms
[2026-07-01T01:43:28.658+0000][19.561s][info][gc,phases,start] GC(80) Phase 4: Move objects
[2026-07-01T01:43:28.658+0000][19.561s][info][gc,phases      ] GC(80) Phase 4: Move objects 0.516ms
[2026-07-01T01:43:28.658+0000][19.562s][info][gc,heap        ] GC(80) DefNew: 69952K(78656K)->0K(78656K) Eden: 69952K(69952K)->0K(69952K) From: 0K(8704K)->0K(8704K)
[2026-07-01T01:43:28.658+0000][19.562s][info][gc,heap        ] GC(80) Tenured: 157645K(174784K)->158994K(174784K)
[2026-07-01T01:43:28.658+0000][19.562s][info][gc,metaspace   ] GC(80) Metaspace: 41495K(42304K)->41495K(42304K) NonClass: 36368K(36800K)->36368K(36800K) Class: 5126K(5504K)->5126K(5504K)
[2026-07-01T01:43:28.658+0000][19.562s][info][gc             ] GC(80) Pause Full (Allocation Failure) 222M->155M(247M) 212.996ms
[2026-07-01T01:43:28.658+0000][19.562s][info][gc,cpu         ] GC(80) User=0.22s Sys=0.00s Real=0.22s
[2026-07-01T01:43:29.222+0000][20.126s][info][gc,start       ] GC(81) Pause Young (Allocation Failure)
[2026-07-01T01:43:29.222+0000][20.126s][info][gc             ] GC(81) Pause Young (Allocation Failure) 223M->223M(247M) 0.095ms
[2026-07-01T01:43:29.222+0000][20.126s][info][gc,cpu         ] GC(81) User=0.00s Sys=0.00s Real=0.00s
[2026-07-01T01:43:29.222+0000][20.126s][info][gc,start       ] GC(82) Pause Full (Allocation Failure)
[2026-07-01T01:43:29.222+0000][20.126s][info][gc,phases,start] GC(82) Phase 1: Mark live objects
[2026-07-01T01:43:29.305+0000][20.208s][info][gc,phases      ] GC(82) Phase 1: Mark live objects 82.635ms
[2026-07-01T01:43:29.305+0000][20.208s][info][gc,phases,start] GC(82) Phase 2: Compute new object addresses
[2026-07-01T01:43:29.351+0000][20.255s][info][gc,phases      ] GC(82) Phase 2: Compute new object addresses 46.291ms
[2026-07-01T01:43:29.351+0000][20.255s][info][gc,phases,start] GC(82) Phase 3: Adjust pointers
[2026-07-01T01:43:29.395+0000][20.298s][info][gc,phases      ] GC(82) Phase 3: Adjust pointers 43.682ms
[2026-07-01T01:43:29.395+0000][20.298s][info][gc,phases,start] GC(82) Phase 4: Move objects
[2026-07-01T01:43:29.396+0000][20.299s][info][gc,phases      ] GC(82) Phase 4: Move objects 0.436ms
[2026-07-01T01:43:29.396+0000][20.299s][info][gc,heap        ] GC(82) DefNew: 69952K(78656K)->0K(78656K) Eden: 69952K(69952K)->0K(69952K) From: 0K(8704K)->0K(8704K)
[2026-07-01T01:43:29.396+0000][20.299s][info][gc,heap        ] GC(82) Tenured: 158994K(174784K)->160107K(174784K)
[2026-07-01T01:43:29.396+0000][20.299s][info][gc,metaspace   ] GC(82) Metaspace: 41505K(42304K)->41505K(42304K) NonClass: 36379K(36800K)->36379K(36800K) Class: 5126K(5504K)->5126K(5504K)
[2026-07-01T01:43:29.396+0000][20.299s][info][gc             ] GC(82) Pause Full (Allocation Failure) 223M->156M(247M) 173.447ms
[2026-07-01T01:43:29.396+0000][20.299s][info][gc,cpu         ] GC(82) User=0.18s Sys=0.00s Real=0.17s
[2026-07-01T01:43:29.971+0000][20.875s][info][gc,start       ] GC(83) Pause Young (Allocation Failure)
[2026-07-01T01:43:29.971+0000][20.875s][info][gc             ] GC(83) Pause Young (Allocation Failure) 224M->224M(247M) 0.085ms
[2026-07-01T01:43:29.971+0000][20.875s][info][gc,cpu         ] GC(83) User=0.00s Sys=0.00s Real=0.00s
[2026-07-01T01:43:29.971+0000][20.875s][info][gc,start       ] GC(84) Pause Full (Allocation Failure)
[2026-07-01T01:43:29.971+0000][20.875s][info][gc,phases,start] GC(84) Phase 1: Mark live objects
[2026-07-01T01:43:30.054+0000][20.957s][info][gc,phases      ] GC(84) Phase 1: Mark live objects 82.758ms
[2026-07-01T01:43:30.054+0000][20.957s][info][gc,phases,start] GC(84) Phase 2: Compute new object addresses
[2026-07-01T01:43:30.100+0000][21.003s][info][gc,phases      ] GC(84) Phase 2: Compute new object addresses 46.013ms
[2026-07-01T01:43:30.100+0000][21.004s][info][gc,phases,start] GC(84) Phase 3: Adjust pointers
[2026-07-01T01:43:30.147+0000][21.051s][info][gc,phases      ] GC(84) Phase 3: Adjust pointers 47.199ms
[2026-07-01T01:43:30.147+0000][21.051s][info][gc,phases,start] GC(84) Phase 4: Move objects
[2026-07-01T01:43:30.175+0000][21.078s][info][gc,phases      ] GC(84) Phase 4: Move objects 27.493ms
[2026-07-01T01:43:30.175+0000][21.079s][info][gc,heap        ] GC(84) DefNew: 69952K(78656K)->0K(78656K) Eden: 69952K(69952K)->0K(69952K) From: 0K(8704K)->0K(8704K)
[2026-07-01T01:43:30.175+0000][21.079s][info][gc,heap        ] GC(84) Tenured: 160107K(174784K)->157859K(174784K)
[2026-07-01T01:43:30.175+0000][21.079s][info][gc,metaspace   ] GC(84) Metaspace: 41509K(42304K)->41509K(42304K) NonClass: 36382K(36800K)->36382K(36800K) Class: 5126K(5504K)->5126K(5504K)
[2026-07-01T01:43:30.175+0000][21.079s][info][gc             ] GC(84) Pause Full (Allocation Failure) 224M->154M(247M) 203.946ms
[2026-07-01T01:43:30.175+0000][21.079s][info][gc,cpu         ] GC(84) User=0.21s Sys=0.00s Real=0.20s
[2026-07-01T01:43:30.783+0000][21.687s][info][gc,start       ] GC(85) Pause Young (Allocation Failure)
[2026-07-01T01:43:30.783+0000][21.687s][info][gc             ] GC(85) Pause Young (Allocation Failure) 222M->222M(247M) 0.102ms
[2026-07-01T01:43:30.783+0000][21.687s][info][gc,cpu         ] GC(85) User=0.00s Sys=0.00s Real=0.00s
[2026-07-01T01:43:30.783+0000][21.687s][info][gc,start       ] GC(86) Pause Full (Allocation Failure)
[2026-07-01T01:43:30.784+0000][21.687s][info][gc,phases,start] GC(86) Phase 1: Mark live objects
[2026-07-01T01:43:30.944+0000][21.848s][info][gc,phases      ] GC(86) Phase 1: Mark live objects 160.939ms
[2026-07-01T01:43:30.944+0000][21.848s][info][gc,phases,start] GC(86) Phase 2: Compute new object addresses
[2026-07-01T01:43:31.010+0000][21.913s][info][gc,phases      ] GC(86) Phase 2: Compute new object addresses 65.162ms
[2026-07-01T01:43:31.010+0000][21.913s][info][gc,phases,start] GC(86) Phase 3: Adjust pointers
[2026-07-01T01:43:31.071+0000][21.975s][info][gc,phases      ] GC(86) Phase 3: Adjust pointers 61.633ms
[2026-07-01T01:43:31.071+0000][21.975s][info][gc,phases,start] GC(86) Phase 4: Move objects
[2026-07-01T01:43:31.072+0000][21.975s][info][gc,phases      ] GC(86) Phase 4: Move objects 0.578ms
[2026-07-01T01:43:31.072+0000][21.976s][info][gc,heap        ] GC(86) DefNew: 69952K(78656K)->0K(78656K) Eden: 69952K(69952K)->0K(69952K) From: 0K(8704K)->0K(8704K)
[2026-07-01T01:43:31.072+0000][21.976s][info][gc,heap        ] GC(86) Tenured: 157859K(174784K)->159165K(174784K)
[2026-07-01T01:43:31.072+0000][21.976s][info][gc,metaspace   ] GC(86) Metaspace: 41522K(42304K)->41522K(42304K) NonClass: 36395K(36800K)->36395K(36800K) Class: 5126K(5504K)->5126K(5504K)
[2026-07-01T01:43:31.072+0000][21.976s][info][gc             ] GC(86) Pause Full (Allocation Failure) 222M->155M(247M) 288.787ms
[2026-07-01T01:43:31.072+0000][21.976s][info][gc,cpu         ] GC(86) User=0.30s Sys=0.00s Real=0.29s
[2026-07-01T01:43:31.665+0000][22.569s][info][gc,start       ] GC(87) Pause Young (Allocation Failure)
[2026-07-01T01:43:31.665+0000][22.569s][info][gc             ] GC(87) Pause Young (Allocation Failure) 223M->223M(247M) 0.087ms
[2026-07-01T01:43:31.665+0000][22.569s][info][gc,cpu         ] GC(87) User=0.00s Sys=0.00s Real=0.00s
[2026-07-01T01:43:31.665+0000][22.569s][info][gc,start       ] GC(88) Pause Full (Allocation Failure)
[2026-07-01T01:43:31.665+0000][22.569s][info][gc,phases,start] GC(88) Phase 1: Mark live objects
[2026-07-01T01:43:31.747+0000][22.650s][info][gc,phases      ] GC(88) Phase 1: Mark live objects 81.527ms
[2026-07-01T01:43:31.747+0000][22.650s][info][gc,phases,start] GC(88) Phase 2: Compute new object addresses
[2026-07-01T01:43:31.794+0000][22.697s][info][gc,phases      ] GC(88) Phase 2: Compute new object addresses 46.533ms
[2026-07-01T01:43:31.794+0000][22.697s][info][gc,phases,start] GC(88) Phase 3: Adjust pointers
[2026-07-01T01:43:31.838+0000][22.742s][info][gc,phases      ] GC(88) Phase 3: Adjust pointers 44.816ms
[2026-07-01T01:43:31.838+0000][22.742s][info][gc,phases,start] GC(88) Phase 4: Move objects
[2026-07-01T01:43:31.839+0000][22.742s][info][gc,phases      ] GC(88) Phase 4: Move objects 0.485ms
[2026-07-01T01:43:31.839+0000][22.742s][info][gc,heap        ] GC(88) DefNew: 69952K(78656K)->0K(78656K) Eden: 69952K(69952K)->0K(69952K) From: 0K(8704K)->0K(8704K)
[2026-07-01T01:43:31.839+0000][22.742s][info][gc,heap        ] GC(88) Tenured: 159165K(174784K)->160433K(174784K)
[2026-07-01T01:43:31.839+0000][22.742s][info][gc,metaspace   ] GC(88) Metaspace: 41524K(42304K)->41524K(42304K) NonClass: 36398K(36800K)->36398K(36800K) Class: 5126K(5504K)->5126K(5504K)
[2026-07-01T01:43:31.839+0000][22.742s][info][gc             ] GC(88) Pause Full (Allocation Failure) 223M->156M(247M) 173.782ms
[2026-07-01T01:43:31.839+0000][22.743s][info][gc,cpu         ] GC(88) User=0.18s Sys=0.00s Real=0.18s
[2026-07-01T01:43:32.405+0000][23.308s][info][gc,start       ] GC(89) Pause Young (Allocation Failure)
[2026-07-01T01:43:32.405+0000][23.309s][info][gc             ] GC(89) Pause Young (Allocation Failure) 224M->224M(247M) 0.270ms
[2026-07-01T01:43:32.405+0000][23.309s][info][gc,cpu         ] GC(89) User=0.00s Sys=0.00s Real=0.00s
[2026-07-01T01:43:32.405+0000][23.309s][info][gc,start       ] GC(90) Pause Full (Allocation Failure)
[2026-07-01T01:43:32.405+0000][23.309s][info][gc,phases,start] GC(90) Phase 1: Mark live objects
[2026-07-01T01:43:32.489+0000][23.392s][info][gc,phases      ] GC(90) Phase 1: Mark live objects 83.275ms
[2026-07-01T01:43:32.489+0000][23.392s][info][gc,phases,start] GC(90) Phase 2: Compute new object addresses
[2026-07-01T01:43:32.535+0000][23.439s][info][gc,phases      ] GC(90) Phase 2: Compute new object addresses 46.626ms
[2026-07-01T01:43:32.535+0000][23.439s][info][gc,phases,start] GC(90) Phase 3: Adjust pointers
[2026-07-01T01:43:32.579+0000][23.483s][info][gc,phases      ] GC(90) Phase 3: Adjust pointers 43.937ms
[2026-07-01T01:43:32.579+0000][23.483s][info][gc,phases,start] GC(90) Phase 4: Move objects
[2026-07-01T01:43:32.580+0000][23.483s][info][gc,phases      ] GC(90) Phase 4: Move objects 0.634ms
[2026-07-01T01:43:32.580+0000][23.483s][info][gc,heap        ] GC(90) DefNew: 69952K(78656K)->0K(78656K) Eden: 69952K(69952K)->0K(69952K) From: 0K(8704K)->0K(8704K)
[2026-07-01T01:43:32.580+0000][23.483s][info][gc,heap        ] GC(90) Tenured: 160433K(174784K)->160922K(174784K)
[2026-07-01T01:43:32.580+0000][23.483s][info][gc,metaspace   ] GC(90) Metaspace: 41532K(42304K)->41532K(42304K) NonClass: 36405K(36800K)->36405K(36800K) Class: 5127K(5504K)->5127K(5504K)
[2026-07-01T01:43:32.580+0000][23.483s][info][gc             ] GC(90) Pause Full (Allocation Failure) 224M->157M(247M) 174.903ms
[2026-07-01T01:43:32.580+0000][23.484s][info][gc,cpu         ] GC(90) User=0.18s Sys=0.00s Real=0.18s
[2026-07-01T01:43:33.183+0000][24.086s][info][gc,start       ] GC(91) Pause Young (Allocation Failure)
[2026-07-01T01:43:33.183+0000][24.086s][info][gc             ] GC(91) Pause Young (Allocation Failure) 225M->225M(247M) 0.103ms
[2026-07-01T01:43:33.183+0000][24.086s][info][gc,cpu         ] GC(91) User=0.00s Sys=0.00s Real=0.00s
[2026-07-01T01:43:33.183+0000][24.086s][info][gc,start       ] GC(92) Pause Full (Allocation Failure)
[2026-07-01T01:43:33.183+0000][24.086s][info][gc,phases,start] GC(92) Phase 1: Mark live objects
[2026-07-01T01:43:33.324+0000][24.227s][info][gc,phases      ] GC(92) Phase 1: Mark live objects 140.679ms
[2026-07-01T01:43:33.324+0000][24.227s][info][gc,phases,start] GC(92) Phase 2: Compute new object addresses
[2026-07-01T01:43:33.388+0000][24.291s][info][gc,phases      ] GC(92) Phase 2: Compute new object addresses 64.024ms
[2026-07-01T01:43:33.388+0000][24.291s][info][gc,phases,start] GC(92) Phase 3: Adjust pointers
[2026-07-01T01:43:33.457+0000][24.361s][info][gc,phases      ] GC(92) Phase 3: Adjust pointers 69.542ms
[2026-07-01T01:43:33.457+0000][24.361s][info][gc,phases,start] GC(92) Phase 4: Move objects
[2026-07-01T01:43:33.485+0000][24.389s][info][gc,phases      ] GC(92) Phase 4: Move objects 27.875ms
[2026-07-01T01:43:33.485+0000][24.389s][info][gc,heap        ] GC(92) DefNew: 69952K(78656K)->0K(78656K) Eden: 69952K(69952K)->0K(69952K) From: 0K(8704K)->0K(8704K)
[2026-07-01T01:43:33.485+0000][24.389s][info][gc,heap        ] GC(92) Tenured: 160922K(174784K)->158326K(174784K)
[2026-07-01T01:43:33.485+0000][24.389s][info][gc,metaspace   ] GC(92) Metaspace: 41544K(42368K)->41544K(42368K) NonClass: 36417K(36864K)->36417K(36864K) Class: 5127K(5504K)->5127K(5504K)
[2026-07-01T01:43:33.486+0000][24.389s][info][gc             ] GC(92) Pause Full (Allocation Failure) 225M->154M(247M) 302.579ms
[2026-07-01T01:43:33.486+0000][24.389s][info][gc,cpu         ] GC(92) User=0.32s Sys=0.00s Real=0.30s
[2026-07-01T01:43:34.035+0000][24.938s][info][gc,start       ] GC(93) Pause Young (Allocation Failure)
[2026-07-01T01:43:34.035+0000][24.938s][info][gc             ] GC(93) Pause Young (Allocation Failure) 222M->222M(247M) 0.100ms
[2026-07-01T01:43:34.035+0000][24.938s][info][gc,cpu         ] GC(93) User=0.00s Sys=0.00s Real=0.00s
[2026-07-01T01:43:34.035+0000][24.938s][info][gc,start       ] GC(94) Pause Full (Allocation Failure)
[2026-07-01T01:43:34.035+0000][24.938s][info][gc,phases,start] GC(94) Phase 1: Mark live objects
[2026-07-01T01:43:34.133+0000][25.036s][info][gc,phases      ] GC(94) Phase 1: Mark live objects 98.290ms
[2026-07-01T01:43:34.133+0000][25.036s][info][gc,phases,start] GC(94) Phase 2: Compute new object addresses
[2026-07-01T01:43:34.180+0000][25.083s][info][gc,phases      ] GC(94) Phase 2: Compute new object addresses 46.487ms
[2026-07-01T01:43:34.180+0000][25.083s][info][gc,phases,start] GC(94) Phase 3: Adjust pointers
[2026-07-01T01:43:34.225+0000][25.128s][info][gc,phases      ] GC(94) Phase 3: Adjust pointers 45.403ms
[2026-07-01T01:43:34.225+0000][25.128s][info][gc,phases,start] GC(94) Phase 4: Move objects
[2026-07-01T01:43:34.226+0000][25.129s][info][gc,phases      ] GC(94) Phase 4: Move objects 0.474ms
[2026-07-01T01:43:34.226+0000][25.129s][info][gc,heap        ] GC(94) DefNew: 69952K(78656K)->0K(78656K) Eden: 69952K(69952K)->0K(69952K) From: 0K(8704K)->0K(8704K)
[2026-07-01T01:43:34.226+0000][25.129s][info][gc,heap        ] GC(94) Tenured: 158326K(174784K)->159530K(174784K)
[2026-07-01T01:43:34.226+0000][25.129s][info][gc,metaspace   ] GC(94) Metaspace: 41545K(42368K)->41545K(42368K) NonClass: 36418K(36864K)->36418K(36864K) Class: 5127K(5504K)->5127K(5504K)
[2026-07-01T01:43:34.226+0000][25.129s][info][gc             ] GC(94) Pause Full (Allocation Failure) 222M->155M(247M) 191.059ms
[2026-07-01T01:43:34.226+0000][25.129s][info][gc,cpu         ] GC(94) User=0.21s Sys=0.00s Real=0.19s
[2026-07-01T01:43:34.785+0000][25.688s][info][gc,start       ] GC(95) Pause Young (Allocation Failure)
[2026-07-01T01:43:34.785+0000][25.688s][info][gc             ] GC(95) Pause Young (Allocation Failure) 224M->224M(247M) 0.112ms
[2026-07-01T01:43:34.785+0000][25.688s][info][gc,cpu         ] GC(95) User=0.00s Sys=0.00s Real=0.00s
[2026-07-01T01:43:34.785+0000][25.688s][info][gc,start       ] GC(96) Pause Full (Allocation Failure)
[2026-07-01T01:43:34.785+0000][25.688s][info][gc,phases,start] GC(96) Phase 1: Mark live objects
[2026-07-01T01:43:34.869+0000][25.773s][info][gc,phases      ] GC(96) Phase 1: Mark live objects 84.358ms
[2026-07-01T01:43:34.869+0000][25.773s][info][gc,phases,start] GC(96) Phase 2: Compute new object addresses
[2026-07-01T01:43:34.916+0000][25.820s][info][gc,phases      ] GC(96) Phase 2: Compute new object addresses 46.772ms
[2026-07-01T01:43:34.916+0000][25.820s][info][gc,phases,start] GC(96) Phase 3: Adjust pointers
[2026-07-01T01:43:34.962+0000][25.865s][info][gc,phases      ] GC(96) Phase 3: Adjust pointers 45.562ms
[2026-07-01T01:43:34.962+0000][25.865s][info][gc,phases,start] GC(96) Phase 4: Move objects
[2026-07-01T01:43:34.962+0000][25.866s][info][gc,phases      ] GC(96) Phase 4: Move objects 0.388ms
[2026-07-01T01:43:34.963+0000][25.866s][info][gc,heap        ] GC(96) DefNew: 69951K(78656K)->0K(78656K) Eden: 69951K(69952K)->0K(69952K) From: 0K(8704K)->0K(8704K)
[2026-07-01T01:43:34.963+0000][25.866s][info][gc,heap        ] GC(96) Tenured: 159530K(174784K)->160080K(174784K)
[2026-07-01T01:43:34.963+0000][25.866s][info][gc,metaspace   ] GC(96) Metaspace: 41546K(42368K)->41546K(42368K) NonClass: 36418K(36864K)->36418K(36864K) Class: 5127K(5504K)->5127K(5504K)
[2026-07-01T01:43:34.963+0000][25.866s][info][gc             ] GC(96) Pause Full (Allocation Failure) 224M->156M(247M) 177.486ms
[2026-07-01T01:43:34.963+0000][25.866s][info][gc,cpu         ] GC(96) User=0.18s Sys=0.00s Real=0.18s
[2026-07-01T01:43:35.579+0000][26.482s][info][gc,start       ] GC(97) Pause Young (Allocation Failure)
[2026-07-01T01:43:35.579+0000][26.482s][info][gc             ] GC(97) Pause Young (Allocation Failure) 224M->224M(247M) 0.100ms
[2026-07-01T01:43:35.579+0000][26.482s][info][gc,cpu         ] GC(97) User=0.00s Sys=0.00s Real=0.00s
[2026-07-01T01:43:35.579+0000][26.482s][info][gc,start       ] GC(98) Pause Full (Allocation Failure)
[2026-07-01T01:43:35.579+0000][26.482s][info][gc,phases,start] GC(98) Phase 1: Mark live objects
[2026-07-01T01:43:35.678+0000][26.581s][info][gc,phases      ] GC(98) Phase 1: Mark live objects 99.225ms
[2026-07-01T01:43:35.678+0000][26.581s][info][gc,phases,start] GC(98) Phase 2: Compute new object addresses
[2026-07-01T01:43:35.725+0000][26.628s][info][gc,phases      ] GC(98) Phase 2: Compute new object addresses 46.630ms
[2026-07-01T01:43:35.725+0000][26.628s][info][gc,phases,start] GC(98) Phase 3: Adjust pointers
[2026-07-01T01:43:35.770+0000][26.674s][info][gc,phases      ] GC(98) Phase 3: Adjust pointers 45.570ms
[2026-07-01T01:43:35.770+0000][26.674s][info][gc,phases,start] GC(98) Phase 4: Move objects
[2026-07-01T01:43:35.771+0000][26.674s][info][gc,phases      ] GC(98) Phase 4: Move objects 0.484ms
[2026-07-01T01:43:35.771+0000][26.674s][info][gc,heap        ] GC(98) DefNew: 69952K(78656K)->0K(78656K) Eden: 69952K(69952K)->0K(69952K) From: 0K(8704K)->0K(8704K)
[2026-07-01T01:43:35.771+0000][26.674s][info][gc,heap        ] GC(98) Tenured: 160080K(174784K)->161462K(174784K)
[2026-07-01T01:43:35.771+0000][26.674s][info][gc,metaspace   ] GC(98) Metaspace: 41551K(42368K)->41551K(42368K) NonClass: 36424K(36864K)->36424K(36864K) Class: 5127K(5504K)->5127K(5504K)
[2026-07-01T01:43:35.771+0000][26.674s][info][gc             ] GC(98) Pause Full (Allocation Failure) 224M->157M(247M) 192.336ms
[2026-07-01T01:43:35.771+0000][26.674s][info][gc,cpu         ] GC(98) User=0.26s Sys=0.00s Real=0.19s
[2026-07-01T01:43:36.360+0000][27.263s][info][gc,start       ] GC(99) Pause Young (Allocation Failure)
[2026-07-01T01:43:36.360+0000][27.263s][info][gc             ] GC(99) Pause Young (Allocation Failure) 225M->225M(247M) 0.117ms
[2026-07-01T01:43:36.360+0000][27.263s][info][gc,cpu         ] GC(99) User=0.00s Sys=0.00s Real=0.00s
[2026-07-01T01:43:36.360+0000][27.263s][info][gc,start       ] GC(100) Pause Full (Allocation Failure)
[2026-07-01T01:43:36.360+0000][27.263s][info][gc,phases,start] GC(100) Phase 1: Mark live objects
[2026-07-01T01:43:36.510+0000][27.413s][info][gc,phases      ] GC(100) Phase 1: Mark live objects 149.599ms
[2026-07-01T01:43:36.510+0000][27.413s][info][gc,phases,start] GC(100) Phase 2: Compute new object addresses
[2026-07-01T01:43:36.576+0000][27.479s][info][gc,phases      ] GC(100) Phase 2: Compute new object addresses 66.284ms
[2026-07-01T01:43:36.576+0000][27.479s][info][gc,phases,start] GC(100) Phase 3: Adjust pointers
[2026-07-01T01:43:36.648+0000][27.552s][info][gc,phases      ] GC(100) Phase 3: Adjust pointers 72.470ms
[2026-07-01T01:43:36.648+0000][27.552s][info][gc,phases,start] GC(100) Phase 4: Move objects
[2026-07-01T01:43:36.683+0000][27.587s][info][gc,phases      ] GC(100) Phase 4: Move objects 34.765ms
[2026-07-01T01:43:36.684+0000][27.587s][info][gc,heap        ] GC(100) DefNew: 69952K(78656K)->0K(78656K) Eden: 69952K(69952K)->0K(69952K) From: 0K(8704K)->0K(8704K)
[2026-07-01T01:43:36.684+0000][27.587s][info][gc,heap        ] GC(100) Tenured: 161462K(174784K)->159065K(174784K)
[2026-07-01T01:43:36.684+0000][27.587s][info][gc,metaspace   ] GC(100) Metaspace: 41553K(42368K)->41553K(42368K) NonClass: 36426K(36864K)->36426K(36864K) Class: 5127K(5504K)->5127K(5504K)
[2026-07-01T01:43:36.684+0000][27.587s][info][gc             ] GC(100) Pause Full (Allocation Failure) 225M->155M(247M) 323.643ms
[2026-07-01T01:43:36.684+0000][27.587s][info][gc,cpu         ] GC(100) User=0.45s Sys=0.01s Real=0.32s
[2026-07-01T01:43:37.321+0000][28.225s][info][gc,start       ] GC(101) Pause Young (Allocation Failure)
[2026-07-01T01:43:37.322+0000][28.225s][info][gc             ] GC(101) Pause Young (Allocation Failure) 223M->223M(247M) 0.220ms
[2026-07-01T01:43:37.322+0000][28.225s][info][gc,cpu         ] GC(101) User=0.00s Sys=0.00s Real=0.00s
[2026-07-01T01:43:37.322+0000][28.225s][info][gc,start       ] GC(102) Pause Full (Allocation Failure)
[2026-07-01T01:43:37.322+0000][28.225s][info][gc,phases,start] GC(102) Phase 1: Mark live objects
[2026-07-01T01:43:37.407+0000][28.310s][info][gc,phases      ] GC(102) Phase 1: Mark live objects 84.749ms
[2026-07-01T01:43:37.407+0000][28.310s][info][gc,phases,start] GC(102) Phase 2: Compute new object addresses
[2026-07-01T01:43:37.453+0000][28.357s][info][gc,phases      ] GC(102) Phase 2: Compute new object addresses 46.627ms
[2026-07-01T01:43:37.453+0000][28.357s][info][gc,phases,start] GC(102) Phase 3: Adjust pointers
[2026-07-01T01:43:37.499+0000][28.402s][info][gc,phases      ] GC(102) Phase 3: Adjust pointers 45.142ms
[2026-07-01T01:43:37.499+0000][28.402s][info][gc,phases,start] GC(102) Phase 4: Move objects
[2026-07-01T01:43:37.499+0000][28.402s][info][gc,phases      ] GC(102) Phase 4: Move objects 0.333ms
[2026-07-01T01:43:37.499+0000][28.402s][info][gc,heap        ] GC(102) DefNew: 69952K(78656K)->0K(78656K) Eden: 69952K(69952K)->0K(69952K) From: 0K(8704K)->0K(8704K)
[2026-07-01T01:43:37.499+0000][28.403s][info][gc,heap        ] GC(102) Tenured: 159065K(174784K)->159620K(174784K)
[2026-07-01T01:43:37.499+0000][28.403s][info][gc,metaspace   ] GC(102) Metaspace: 41557K(42368K)->41557K(42368K) NonClass: 36429K(36864K)->36429K(36864K) Class: 5127K(5504K)->5127K(5504K)
[2026-07-01T01:43:37.499+0000][28.403s][info][gc             ] GC(102) Pause Full (Allocation Failure) 223M->155M(247M) 177.269ms
[2026-07-01T01:43:37.499+0000][28.403s][info][gc,cpu         ] GC(102) User=0.18s Sys=0.00s Real=0.18s
[2026-07-01T01:43:38.011+0000][28.914s][info][gc,start       ] GC(103) Pause Young (Allocation Failure)
[2026-07-01T01:43:38.011+0000][28.914s][info][gc             ] GC(103) Pause Young (Allocation Failure) 224M->224M(247M) 0.101ms
[2026-07-01T01:43:38.011+0000][28.914s][info][gc,cpu         ] GC(103) User=0.00s Sys=0.00s Real=0.00s
[2026-07-01T01:43:38.011+0000][28.914s][info][gc,start       ] GC(104) Pause Full (Allocation Failure)
[2026-07-01T01:43:38.011+0000][28.914s][info][gc,phases,start] GC(104) Phase 1: Mark live objects
[2026-07-01T01:43:38.097+0000][29.001s][info][gc,phases      ] GC(104) Phase 1: Mark live objects 86.602ms
[2026-07-01T01:43:38.097+0000][29.001s][info][gc,phases,start] GC(104) Phase 2: Compute new object addresses
[2026-07-01T01:43:38.144+0000][29.047s][info][gc,phases      ] GC(104) Phase 2: Compute new object addresses 46.799ms
[2026-07-01T01:43:38.144+0000][29.047s][info][gc,phases,start] GC(104) Phase 3: Adjust pointers
[2026-07-01T01:43:38.190+0000][29.093s][info][gc,phases      ] GC(104) Phase 3: Adjust pointers 45.956ms
[2026-07-01T01:43:38.190+0000][29.093s][info][gc,phases,start] GC(104) Phase 4: Move objects
[2026-07-01T01:43:38.191+0000][29.094s][info][gc,phases      ] GC(104) Phase 4: Move objects 0.537ms
[2026-07-01T01:43:38.191+0000][29.094s][info][gc,heap        ] GC(104) DefNew: 69951K(78656K)->0K(78656K) Eden: 69951K(69952K)->0K(69952K) From: 0K(8704K)->0K(8704K)
[2026-07-01T01:43:38.191+0000][29.094s][info][gc,heap        ] GC(104) Tenured: 159620K(174784K)->161111K(174784K)
[2026-07-01T01:43:38.191+0000][29.094s][info][gc,metaspace   ] GC(104) Metaspace: 41559K(42368K)->41559K(42368K) NonClass: 36432K(36864K)->36432K(36864K) Class: 5127K(5504K)->5127K(5504K)
[2026-07-01T01:43:38.191+0000][29.094s][info][gc             ] GC(104) Pause Full (Allocation Failure) 224M->157M(247M) 180.318ms
[2026-07-01T01:43:38.191+0000][29.094s][info][gc,cpu         ] GC(104) User=0.18s Sys=0.00s Real=0.18s
[2026-07-01T01:43:38.722+0000][29.625s][info][gc,start       ] GC(105) Pause Young (Allocation Failure)
[2026-07-01T01:43:38.722+0000][29.625s][info][gc             ] GC(105) Pause Young (Allocation Failure) 225M->225M(247M) 0.098ms
[2026-07-01T01:43:38.722+0000][29.625s][info][gc,cpu         ] GC(105) User=0.00s Sys=0.00s Real=0.00s
[2026-07-01T01:43:38.722+0000][29.625s][info][gc,start       ] GC(106) Pause Full (Allocation Failure)
[2026-07-01T01:43:38.722+0000][29.625s][info][gc,phases,start] GC(106) Phase 1: Mark live objects
[2026-07-01T01:43:38.807+0000][29.710s][info][gc,phases      ] GC(106) Phase 1: Mark live objects 84.783ms
[2026-07-01T01:43:38.807+0000][29.710s][info][gc,phases,start] GC(106) Phase 2: Compute new object addresses
[2026-07-01T01:43:38.854+0000][29.757s][info][gc,phases      ] GC(106) Phase 2: Compute new object addresses 47.159ms
[2026-07-01T01:43:38.854+0000][29.757s][info][gc,phases,start] GC(106) Phase 3: Adjust pointers
[2026-07-01T01:43:38.899+0000][29.803s][info][gc,phases      ] GC(106) Phase 3: Adjust pointers 45.344ms
[2026-07-01T01:43:38.899+0000][29.803s][info][gc,phases,start] GC(106) Phase 4: Move objects
[2026-07-01T01:43:38.900+0000][29.803s][info][gc,phases      ] GC(106) Phase 4: Move objects 0.435ms
[2026-07-01T01:43:38.900+0000][29.803s][info][gc,heap        ] GC(106) DefNew: 69952K(78656K)->0K(78656K) Eden: 69952K(69952K)->0K(69952K) From: 0K(8704K)->0K(8704K)
[2026-07-01T01:43:38.900+0000][29.803s][info][gc,heap        ] GC(106) Tenured: 161111K(174784K)->162099K(174784K)
[2026-07-01T01:43:38.900+0000][29.803s][info][gc,metaspace   ] GC(106) Metaspace: 41561K(42368K)->41561K(42368K) NonClass: 36433K(36864K)->36433K(36864K) Class: 5127K(5504K)->5127K(5504K)
[2026-07-01T01:43:38.900+0000][29.803s][info][gc             ] GC(106) Pause Full (Allocation Failure) 225M->158M(247M) 178.130ms
[2026-07-01T01:43:38.900+0000][29.803s][info][gc,cpu         ] GC(106) User=0.18s Sys=0.01s Real=0.18s
[2026-07-01T01:43:39.416+0000][30.320s][info][gc,start       ] GC(107) Pause Young (Allocation Failure)
[2026-07-01T01:43:39.416+0000][30.320s][info][gc             ] GC(107) Pause Young (Allocation Failure) 226M->226M(247M) 0.103ms
[2026-07-01T01:43:39.416+0000][30.320s][info][gc,cpu         ] GC(107) User=0.00s Sys=0.00s Real=0.00s
[2026-07-01T01:43:39.416+0000][30.320s][info][gc,start       ] GC(108) Pause Full (Allocation Failure)
[2026-07-01T01:43:39.417+0000][30.320s][info][gc,phases,start] GC(108) Phase 1: Mark live objects
[2026-07-01T01:43:39.503+0000][30.407s][info][gc,phases      ] GC(108) Phase 1: Mark live objects 86.853ms
[2026-07-01T01:43:39.503+0000][30.407s][info][gc,phases,start] GC(108) Phase 2: Compute new object addresses
[2026-07-01T01:43:39.550+0000][30.453s][info][gc,phases      ] GC(108) Phase 2: Compute new object addresses 46.617ms
[2026-07-01T01:43:39.550+0000][30.453s][info][gc,phases,start] GC(108) Phase 3: Adjust pointers
[2026-07-01T01:43:39.600+0000][30.504s][info][gc,phases      ] GC(108) Phase 3: Adjust pointers 50.226ms
[2026-07-01T01:43:39.600+0000][30.504s][info][gc,phases,start] GC(108) Phase 4: Move objects
[2026-07-01T01:43:39.628+0000][30.532s][info][gc,phases      ] GC(108) Phase 4: Move objects 28.034ms
[2026-07-01T01:43:39.629+0000][30.532s][info][gc,heap        ] GC(108) DefNew: 69952K(78656K)->0K(78656K) Eden: 69952K(69952K)->0K(69952K) From: 0K(8704K)->0K(8704K)
[2026-07-01T01:43:39.629+0000][30.532s][info][gc,heap        ] GC(108) Tenured: 162099K(174784K)->159837K(174784K)
[2026-07-01T01:43:39.629+0000][30.532s][info][gc,metaspace   ] GC(108) Metaspace: 41565K(42368K)->41565K(42368K) NonClass: 36438K(36864K)->36438K(36864K) Class: 5127K(5504K)->5127K(5504K)
[2026-07-01T01:43:39.629+0000][30.532s][info][gc             ] GC(108) Pause Full (Allocation Failure) 226M->156M(247M) 212.230ms
[2026-07-01T01:43:39.629+0000][30.532s][info][gc,cpu         ] GC(108) User=0.21s Sys=0.00s Real=0.22s
[2026-07-01T01:43:40.177+0000][31.080s][info][gc,start       ] GC(109) Pause Young (Allocation Failure)
[2026-07-01T01:43:40.177+0000][31.080s][info][gc             ] GC(109) Pause Young (Allocation Failure) 224M->224M(247M) 0.087ms
[2026-07-01T01:43:40.177+0000][31.080s][info][gc,cpu         ] GC(109) User=0.00s Sys=0.00s Real=0.00s
[2026-07-01T01:43:40.177+0000][31.080s][info][gc,start       ] GC(110) Pause Full (Allocation Failure)
[2026-07-01T01:43:40.177+0000][31.080s][info][gc,phases,start] GC(110) Phase 1: Mark live objects
[2026-07-01T01:43:40.262+0000][31.165s][info][gc,phases      ] GC(110) Phase 1: Mark live objects 84.832ms
[2026-07-01T01:43:40.262+0000][31.165s][info][gc,phases,start] GC(110) Phase 2: Compute new object addresses
[2026-07-01T01:43:40.308+0000][31.212s][info][gc,phases      ] GC(110) Phase 2: Compute new object addresses 46.774ms
[2026-07-01T01:43:40.309+0000][31.212s][info][gc,phases,start] GC(110) Phase 3: Adjust pointers
[2026-07-01T01:43:40.355+0000][31.258s][info][gc,phases      ] GC(110) Phase 3: Adjust pointers 46.423ms
[2026-07-01T01:43:40.355+0000][31.258s][info][gc,phases,start] GC(110) Phase 4: Move objects
[2026-07-01T01:43:40.356+0000][31.259s][info][gc,phases      ] GC(110) Phase 4: Move objects 0.546ms
[2026-07-01T01:43:40.356+0000][31.259s][info][gc,heap        ] GC(110) DefNew: 69952K(78656K)->0K(78656K) Eden: 69952K(69952K)->0K(69952K) From: 0K(8704K)->0K(8704K)
[2026-07-01T01:43:40.356+0000][31.259s][info][gc,heap        ] GC(110) Tenured: 159837K(174784K)->161468K(174784K)
[2026-07-01T01:43:40.356+0000][31.259s][info][gc,metaspace   ] GC(110) Metaspace: 41565K(42368K)->41565K(42368K) NonClass: 36438K(36864K)->36438K(36864K) Class: 5127K(5504K)->5127K(5504K)
[2026-07-01T01:43:40.356+0000][31.259s][info][gc             ] GC(110) Pause Full (Allocation Failure) 224M->157M(247M) 178.979ms
[2026-07-01T01:43:40.356+0000][31.259s][info][gc,cpu         ] GC(110) User=0.18s Sys=0.00s Real=0.18s
[2026-07-01T01:43:40.983+0000][31.886s][info][gc,start       ] GC(111) Pause Young (Allocation Failure)
[2026-07-01T01:43:40.983+0000][31.887s][info][gc             ] GC(111) Pause Young (Allocation Failure) 225M->225M(247M) 0.102ms
[2026-07-01T01:43:40.983+0000][31.887s][info][gc,cpu         ] GC(111) User=0.00s Sys=0.00s Real=0.00s
[2026-07-01T01:43:40.983+0000][31.887s][info][gc,start       ] GC(112) Pause Full (Allocation Failure)
[2026-07-01T01:43:40.983+0000][31.887s][info][gc,phases,start] GC(112) Phase 1: Mark live objects
[2026-07-01T01:43:41.155+0000][32.059s][info][gc,phases      ] GC(112) Phase 1: Mark live objects 171.915ms
[2026-07-01T01:43:41.155+0000][32.059s][info][gc,phases,start] GC(112) Phase 2: Compute new object addresses
[2026-07-01T01:43:41.221+0000][32.124s][info][gc,phases      ] GC(112) Phase 2: Compute new object addresses 65.495ms
[2026-07-01T01:43:41.221+0000][32.124s][info][gc,phases,start] GC(112) Phase 3: Adjust pointers
[2026-07-01T01:43:41.287+0000][32.190s][info][gc,phases      ] GC(112) Phase 3: Adjust pointers 66.292ms
[2026-07-01T01:43:41.287+0000][32.190s][info][gc,phases,start] GC(112) Phase 4: Move objects
[2026-07-01T01:43:41.288+0000][32.191s][info][gc,phases      ] GC(112) Phase 4: Move objects 0.388ms
[2026-07-01T01:43:41.288+0000][32.191s][info][gc,heap        ] GC(112) DefNew: 69952K(78656K)->0K(78656K) Eden: 69952K(69952K)->0K(69952K) From: 0K(8704K)->0K(8704K)
[2026-07-01T01:43:41.288+0000][32.191s][info][gc,heap        ] GC(112) Tenured: 161468K(174784K)->162154K(174784K)
[2026-07-01T01:43:41.288+0000][32.191s][info][gc,metaspace   ] GC(112) Metaspace: 41565K(42368K)->41565K(42368K) NonClass: 36438K(36864K)->36438K(36864K) Class: 5127K(5504K)->5127K(5504K)
[2026-07-01T01:43:41.288+0000][32.191s][info][gc             ] GC(112) Pause Full (Allocation Failure) 225M->158M(247M) 304.576ms
[2026-07-01T01:43:41.288+0000][32.191s][info][gc,cpu         ] GC(112) User=0.31s Sys=0.00s Real=0.30s
[2026-07-01T01:43:41.908+0000][32.811s][info][gc,start       ] GC(113) Pause Young (Allocation Failure)
[2026-07-01T01:43:41.908+0000][32.811s][info][gc             ] GC(113) Pause Young (Allocation Failure) 226M->226M(247M) 0.092ms
[2026-07-01T01:43:41.908+0000][32.811s][info][gc,cpu         ] GC(113) User=0.00s Sys=0.00s Real=0.00s
[2026-07-01T01:43:41.908+0000][32.811s][info][gc,start       ] GC(114) Pause Full (Allocation Failure)
[2026-07-01T01:43:41.908+0000][32.811s][info][gc,phases,start] GC(114) Phase 1: Mark live objects
[2026-07-01T01:43:41.996+0000][32.899s][info][gc,phases      ] GC(114) Phase 1: Mark live objects 87.801ms
[2026-07-01T01:43:41.996+0000][32.899s][info][gc,phases,start] GC(114) Phase 2: Compute new object addresses
[2026-07-01T01:43:42.043+0000][32.946s][info][gc,phases      ] GC(114) Phase 2: Compute new object addresses 47.081ms
[2026-07-01T01:43:42.043+0000][32.946s][info][gc,phases,start] GC(114) Phase 3: Adjust pointers
[2026-07-01T01:43:42.089+0000][32.993s][info][gc,phases      ] GC(114) Phase 3: Adjust pointers 46.681ms
[2026-07-01T01:43:42.089+0000][32.993s][info][gc,phases,start] GC(114) Phase 4: Move objects
[2026-07-01T01:43:42.090+0000][32.993s][info][gc,phases      ] GC(114) Phase 4: Move objects 0.621ms
[2026-07-01T01:43:42.090+0000][32.994s][info][gc,heap        ] GC(114) DefNew: 69951K(78656K)->0K(78656K) Eden: 69951K(69952K)->0K(69952K) From: 0K(8704K)->0K(8704K)
[2026-07-01T01:43:42.090+0000][32.994s][info][gc,heap        ] GC(114) Tenured: 162154K(174784K)->162822K(174784K)
[2026-07-01T01:43:42.090+0000][32.994s][info][gc,metaspace   ] GC(114) Metaspace: 41567K(42368K)->41567K(42368K) NonClass: 36439K(36864K)->36439K(36864K) Class: 5127K(5504K)->5127K(5504K)
[2026-07-01T01:43:42.090+0000][32.994s][info][gc             ] GC(114) Pause Full (Allocation Failure) 226M->159M(247M) 182.585ms
[2026-07-01T01:43:42.090+0000][32.994s][info][gc,cpu         ] GC(114) User=0.19s Sys=0.00s Real=0.19s
[2026-07-01T01:43:42.617+0000][33.521s][info][gc,start       ] GC(115) Pause Young (Allocation Failure)
[2026-07-01T01:43:42.617+0000][33.521s][info][gc             ] GC(115) Pause Young (Allocation Failure) 227M->227M(247M) 0.096ms
[2026-07-01T01:43:42.617+0000][33.521s][info][gc,cpu         ] GC(115) User=0.00s Sys=0.00s Real=0.00s
[2026-07-01T01:43:42.617+0000][33.521s][info][gc,start       ] GC(116) Pause Full (Allocation Failure)
[2026-07-01T01:43:42.617+0000][33.521s][info][gc,phases,start] GC(116) Phase 1: Mark live objects
[2026-07-01T01:43:42.704+0000][33.607s][info][gc,phases      ] GC(116) Phase 1: Mark live objects 86.694ms
[2026-07-01T01:43:42.704+0000][33.607s][info][gc,phases,start] GC(116) Phase 2: Compute new object addresses
[2026-07-01T01:43:42.751+0000][33.654s][info][gc,phases      ] GC(116) Phase 2: Compute new object addresses 46.488ms
[2026-07-01T01:43:42.751+0000][33.654s][info][gc,phases,start] GC(116) Phase 3: Adjust pointers
[2026-07-01T01:43:42.801+0000][33.704s][info][gc,phases      ] GC(116) Phase 3: Adjust pointers 50.088ms
[2026-07-01T01:43:42.801+0000][33.704s][info][gc,phases,start] GC(116) Phase 4: Move objects
[2026-07-01T01:43:42.829+0000][33.733s][info][gc,phases      ] GC(116) Phase 4: Move objects 28.485ms
[2026-07-01T01:43:42.830+0000][33.733s][info][gc,heap        ] GC(116) DefNew: 69952K(78656K)->0K(78656K) Eden: 69952K(69952K)->0K(69952K) From: 0K(8704K)->0K(8704K)
[2026-07-01T01:43:42.830+0000][33.733s][info][gc,heap        ] GC(116) Tenured: 162822K(174784K)->160512K(174784K)
[2026-07-01T01:43:42.830+0000][33.733s][info][gc,metaspace   ] GC(116) Metaspace: 41567K(42368K)->41567K(42368K) NonClass: 36440K(36864K)->36440K(36864K) Class: 5127K(5504K)->5127K(5504K)
[2026-07-01T01:43:42.830+0000][33.733s][info][gc             ] GC(116) Pause Full (Allocation Failure) 227M->156M(247M) 212.191ms
[2026-07-01T01:43:42.830+0000][33.733s][info][gc,cpu         ] GC(116) User=0.22s Sys=0.00s Real=0.22s
[2026-07-01T01:43:43.448+0000][34.351s][info][gc,start       ] GC(117) Pause Young (Allocation Failure)
[2026-07-01T01:43:43.448+0000][34.351s][info][gc             ] GC(117) Pause Young (Allocation Failure) 225M->225M(247M) 0.106ms
[2026-07-01T01:43:43.448+0000][34.351s][info][gc,cpu         ] GC(117) User=0.00s Sys=0.00s Real=0.00s
[2026-07-01T01:43:43.448+0000][34.351s][info][gc,start       ] GC(118) Pause Full (Allocation Failure)
[2026-07-01T01:43:43.448+0000][34.351s][info][gc,phases,start] GC(118) Phase 1: Mark live objects
[2026-07-01T01:43:43.544+0000][34.447s][info][gc,phases      ] GC(118) Phase 1: Mark live objects 95.782ms
[2026-07-01T01:43:43.544+0000][34.447s][info][gc,phases,start] GC(118) Phase 2: Compute new object addresses
[2026-07-01T01:43:43.591+0000][34.494s][info][gc,phases      ] GC(118) Phase 2: Compute new object addresses 46.861ms
[2026-07-01T01:43:43.591+0000][34.494s][info][gc,phases,start] GC(118) Phase 3: Adjust pointers
[2026-07-01T01:43:43.638+0000][34.541s][info][gc,phases      ] GC(118) Phase 3: Adjust pointers 47.034ms
[2026-07-01T01:43:43.638+0000][34.541s][info][gc,phases,start] GC(118) Phase 4: Move objects
[2026-07-01T01:43:43.638+0000][34.542s][info][gc,phases      ] GC(118) Phase 4: Move objects 0.633ms
[2026-07-01T01:43:43.639+0000][34.542s][info][gc,heap        ] GC(118) DefNew: 69952K(78656K)->0K(78656K) Eden: 69952K(69952K)->0K(69952K) From: 0K(8704K)->0K(8704K)
[2026-07-01T01:43:43.639+0000][34.542s][info][gc,heap        ] GC(118) Tenured: 160512K(174784K)->162696K(174784K)
[2026-07-01T01:43:43.639+0000][34.542s][info][gc,metaspace   ] GC(118) Metaspace: 41567K(42368K)->41567K(42368K) NonClass: 36440K(36864K)->36440K(36864K) Class: 5127K(5504K)->5127K(5504K)
[2026-07-01T01:43:43.639+0000][34.542s][info][gc             ] GC(118) Pause Full (Allocation Failure) 225M->158M(247M) 190.753ms
[2026-07-01T01:43:43.639+0000][34.542s][info][gc,cpu         ] GC(118) User=0.19s Sys=0.00s Real=0.20s
[2026-07-01T01:43:44.223+0000][35.126s][info][gc,start       ] GC(119) Pause Young (Allocation Failure)
[2026-07-01T01:43:44.223+0000][35.126s][info][gc             ] GC(119) Pause Young (Allocation Failure) 227M->227M(247M) 0.118ms
[2026-07-01T01:43:44.223+0000][35.126s][info][gc,cpu         ] GC(119) User=0.00s Sys=0.00s Real=0.00s
[2026-07-01T01:43:44.223+0000][35.126s][info][gc,start       ] GC(120) Pause Full (Allocation Failure)
[2026-07-01T01:43:44.223+0000][35.126s][info][gc,phases,start] GC(120) Phase 1: Mark live objects
[2026-07-01T01:43:44.313+0000][35.216s][info][gc,phases      ] GC(120) Phase 1: Mark live objects 89.994ms
[2026-07-01T01:43:44.313+0000][35.216s][info][gc,phases,start] GC(120) Phase 2: Compute new object addresses
[2026-07-01T01:43:44.360+0000][35.264s][info][gc,phases      ] GC(120) Phase 2: Compute new object addresses 47.288ms
[2026-07-01T01:43:44.360+0000][35.264s][info][gc,phases,start] GC(120) Phase 3: Adjust pointers
[2026-07-01T01:43:44.408+0000][35.312s][info][gc,phases      ] GC(120) Phase 3: Adjust pointers 47.890ms
[2026-07-01T01:43:44.408+0000][35.312s][info][gc,phases,start] GC(120) Phase 4: Move objects
[2026-07-01T01:43:44.409+0000][35.312s][info][gc,phases      ] GC(120) Phase 4: Move objects 0.347ms
[2026-07-01T01:43:44.409+0000][35.312s][info][gc,heap        ] GC(120) DefNew: 69952K(78656K)->0K(78656K) Eden: 69952K(69952K)->0K(69952K) From: 0K(8704K)->0K(8704K)
[2026-07-01T01:43:44.409+0000][35.312s][info][gc,heap        ] GC(120) Tenured: 162696K(174784K)->163134K(174784K)
[2026-07-01T01:43:44.409+0000][35.312s][info][gc,metaspace   ] GC(120) Metaspace: 41567K(42368K)->41567K(42368K) NonClass: 36440K(36864K)->36440K(36864K) Class: 5127K(5504K)->5127K(5504K)
[2026-07-01T01:43:44.409+0000][35.312s][info][gc             ] GC(120) Pause Full (Allocation Failure) 227M->159M(247M) 185.945ms
[2026-07-01T01:43:44.409+0000][35.312s][info][gc,cpu         ] GC(120) User=0.19s Sys=0.01s Real=0.19s
[2026-07-01T01:43:44.949+0000][35.852s][info][gc,start       ] GC(121) Pause Young (Allocation Failure)
[2026-07-01T01:43:44.949+0000][35.852s][info][gc             ] GC(121) Pause Young (Allocation Failure) 227M->227M(247M) 0.108ms
[2026-07-01T01:43:44.949+0000][35.852s][info][gc,cpu         ] GC(121) User=0.00s Sys=0.00s Real=0.00s
[2026-07-01T01:43:44.949+0000][35.852s][info][gc,start       ] GC(122) Pause Full (Allocation Failure)
[2026-07-01T01:43:44.949+0000][35.852s][info][gc,phases,start] GC(122) Phase 1: Mark live objects
[2026-07-01T01:43:45.044+0000][35.947s][info][gc,phases      ] GC(122) Phase 1: Mark live objects 94.608ms
[2026-07-01T01:43:45.044+0000][35.947s][info][gc,phases,start] GC(122) Phase 2: Compute new object addresses
[2026-07-01T01:43:45.091+0000][35.994s][info][gc,phases      ] GC(122) Phase 2: Compute new object addresses 47.366ms
[2026-07-01T01:43:45.091+0000][35.994s][info][gc,phases,start] GC(122) Phase 3: Adjust pointers
[2026-07-01T01:43:45.139+0000][36.042s][info][gc,phases      ] GC(122) Phase 3: Adjust pointers 47.976ms
[2026-07-01T01:43:45.139+0000][36.042s][info][gc,phases,start] GC(122) Phase 4: Move objects
[2026-07-01T01:43:45.140+0000][36.043s][info][gc,phases      ] GC(122) Phase 4: Move objects 0.850ms
[2026-07-01T01:43:45.140+0000][36.043s][info][gc,heap        ] GC(122) DefNew: 69952K(78656K)->0K(78656K) Eden: 69952K(69952K)->0K(69952K) From: 0K(8704K)->0K(8704K)
[2026-07-01T01:43:45.140+0000][36.043s][info][gc,heap        ] GC(122) Tenured: 163134K(174784K)->165086K(174784K)
[2026-07-01T01:43:45.140+0000][36.043s][info][gc,metaspace   ] GC(122) Metaspace: 41567K(42368K)->41567K(42368K) NonClass: 36440K(36864K)->36440K(36864K) Class: 5127K(5504K)->5127K(5504K)
[2026-07-01T01:43:45.140+0000][36.043s][info][gc             ] GC(122) Pause Full (Allocation Failure) 227M->161M(247M) 191.230ms
[2026-07-01T01:43:45.140+0000][36.043s][info][gc,cpu         ] GC(122) User=0.21s Sys=0.00s Real=0.19s
[2026-07-01T01:43:45.692+0000][36.595s][info][gc,start       ] GC(123) Pause Young (Allocation Failure)
[2026-07-01T01:43:45.692+0000][36.595s][info][gc             ] GC(123) Pause Young (Allocation Failure) 229M->229M(247M) 0.328ms
[2026-07-01T01:43:45.692+0000][36.595s][info][gc,cpu         ] GC(123) User=0.00s Sys=0.00s Real=0.00s
[2026-07-01T01:43:45.692+0000][36.595s][info][gc,start       ] GC(124) Pause Full (Allocation Failure)
[2026-07-01T01:43:45.692+0000][36.595s][info][gc,phases,start] GC(124) Phase 1: Mark live objects
[2026-07-01T01:43:45.784+0000][36.687s][info][gc,phases      ] GC(124) Phase 1: Mark live objects 91.769ms
[2026-07-01T01:43:45.784+0000][36.687s][info][gc,phases,start] GC(124) Phase 2: Compute new object addresses
[2026-07-01T01:43:45.831+0000][36.734s][info][gc,phases      ] GC(124) Phase 2: Compute new object addresses 46.895ms
[2026-07-01T01:43:45.831+0000][36.734s][info][gc,phases,start] GC(124) Phase 3: Adjust pointers
[2026-07-01T01:43:45.882+0000][36.786s][info][gc,phases      ] GC(124) Phase 3: Adjust pointers 51.543ms
[2026-07-01T01:43:45.882+0000][36.786s][info][gc,phases,start] GC(124) Phase 4: Move objects
[2026-07-01T01:43:45.911+0000][36.814s][info][gc,phases      ] GC(124) Phase 4: Move objects 28.755ms
[2026-07-01T01:43:45.911+0000][36.815s][info][gc,heap        ] GC(124) DefNew: 69952K(78656K)->0K(78656K) Eden: 69952K(69952K)->0K(69952K) From: 0K(8704K)->0K(8704K)
[2026-07-01T01:43:45.911+0000][36.815s][info][gc,heap        ] GC(124) Tenured: 165086K(174784K)->161255K(174784K)
[2026-07-01T01:43:45.911+0000][36.815s][info][gc,metaspace   ] GC(124) Metaspace: 41571K(42368K)->41571K(42368K) NonClass: 36443K(36864K)->36443K(36864K) Class: 5127K(5504K)->5127K(5504K)
[2026-07-01T01:43:45.911+0000][36.815s][info][gc             ] GC(124) Pause Full (Allocation Failure) 229M->157M(247M) 219.388ms
[2026-07-01T01:43:45.911+0000][36.815s][info][gc,cpu         ] GC(124) User=0.22s Sys=0.00s Real=0.22s
[2026-07-01T01:43:46.536+0000][37.439s][info][gc,start       ] GC(125) Pause Young (Allocation Failure)
[2026-07-01T01:43:46.536+0000][37.439s][info][gc             ] GC(125) Pause Young (Allocation Failure) 225M->225M(247M) 0.350ms
[2026-07-01T01:43:46.536+0000][37.440s][info][gc,cpu         ] GC(125) User=0.00s Sys=0.00s Real=0.00s
[2026-07-01T01:43:46.536+0000][37.440s][info][gc,start       ] GC(126) Pause Full (Allocation Failure)
[2026-07-01T01:43:46.536+0000][37.440s][info][gc,phases,start] GC(126) Phase 1: Mark live objects
[2026-07-01T01:43:46.626+0000][37.529s][info][gc,phases      ] GC(126) Phase 1: Mark live objects 89.430ms
[2026-07-01T01:43:46.626+0000][37.529s][info][gc,phases,start] GC(126) Phase 2: Compute new object addresses
[2026-07-01T01:43:46.673+0000][37.576s][info][gc,phases      ] GC(126) Phase 2: Compute new object addresses 47.416ms
[2026-07-01T01:43:46.673+0000][37.576s][info][gc,phases,start] GC(126) Phase 3: Adjust pointers
[2026-07-01T01:43:46.722+0000][37.625s][info][gc,phases      ] GC(126) Phase 3: Adjust pointers 48.453ms
[2026-07-01T01:43:46.722+0000][37.625s][info][gc,phases,start] GC(126) Phase 4: Move objects
[2026-07-01T01:43:46.722+0000][37.625s][info][gc,phases      ] GC(126) Phase 4: Move objects 0.304ms
[2026-07-01T01:43:46.722+0000][37.626s][info][gc,heap        ] GC(126) DefNew: 69952K(78656K)->0K(78656K) Eden: 69952K(69952K)->0K(69952K) From: 0K(8704K)->0K(8704K)
[2026-07-01T01:43:46.722+0000][37.626s][info][gc,heap        ] GC(126) Tenured: 161255K(174784K)->161651K(174784K)
[2026-07-01T01:43:46.722+0000][37.626s][info][gc,metaspace   ] GC(126) Metaspace: 41571K(42368K)->41571K(42368K) NonClass: 36443K(36864K)->36443K(36864K) Class: 5127K(5504K)->5127K(5504K)
[2026-07-01T01:43:46.722+0000][37.626s][info][gc             ] GC(126) Pause Full (Allocation Failure) 225M->157M(247M) 186.010ms
[2026-07-01T01:43:46.722+0000][37.626s][info][gc,cpu         ] GC(126) User=0.19s Sys=0.00s Real=0.19s
[2026-07-01T01:43:47.207+0000][38.110s][info][gc,start       ] GC(127) Pause Young (Allocation Failure)
[2026-07-01T01:43:47.207+0000][38.110s][info][gc             ] GC(127) Pause Young (Allocation Failure) 226M->226M(247M) 0.107ms
[2026-07-01T01:43:47.207+0000][38.110s][info][gc,cpu         ] GC(127) User=0.00s Sys=0.00s Real=0.00s
[2026-07-01T01:43:47.207+0000][38.110s][info][gc,start       ] GC(128) Pause Full (Allocation Failure)
[2026-07-01T01:43:47.207+0000][38.110s][info][gc,phases,start] GC(128) Phase 1: Mark live objects
[2026-07-01T01:43:47.365+0000][38.268s][info][gc,phases      ] GC(128) Phase 1: Mark live objects 157.658ms
[2026-07-01T01:43:47.365+0000][38.268s][info][gc,phases,start] GC(128) Phase 2: Compute new object addresses
[2026-07-01T01:43:47.416+0000][38.319s][info][gc,phases      ] GC(128) Phase 2: Compute new object addresses 50.976ms
[2026-07-01T01:43:47.416+0000][38.319s][info][gc,phases,start] GC(128) Phase 3: Adjust pointers
[2026-07-01T01:43:47.463+0000][38.367s][info][gc,phases      ] GC(128) Phase 3: Adjust pointers 47.755ms
[2026-07-01T01:43:47.463+0000][38.367s][info][gc,phases,start] GC(128) Phase 4: Move objects
[2026-07-01T01:43:47.464+0000][38.367s][info][gc,phases      ] GC(128) Phase 4: Move objects 0.581ms
[2026-07-01T01:43:47.464+0000][38.368s][info][gc,heap        ] GC(128) DefNew: 69945K(78656K)->0K(78656K) Eden: 69945K(69952K)->0K(69952K) From: 0K(8704K)->0K(8704K)
[2026-07-01T01:43:47.464+0000][38.368s][info][gc,heap        ] GC(128) Tenured: 161651K(174784K)->163661K(174784K)
[2026-07-01T01:43:47.464+0000][38.368s][info][gc,metaspace   ] GC(128) Metaspace: 41572K(42368K)->41572K(42368K) NonClass: 36444K(36864K)->36444K(36864K) Class: 5127K(5504K)->5127K(5504K)
[2026-07-01T01:43:47.464+0000][38.368s][info][gc             ] GC(128) Pause Full (Allocation Failure) 226M->159M(247M) 257.422ms
[2026-07-01T01:43:47.464+0000][38.368s][info][gc,cpu         ] GC(128) User=0.41s Sys=0.00s Real=0.26s
[2026-07-01T01:43:47.932+0000][38.835s][info][gc,start       ] GC(129) Pause Young (Allocation Failure)
[2026-07-01T01:43:47.932+0000][38.835s][info][gc             ] GC(129) Pause Young (Allocation Failure) 228M->228M(247M) 0.108ms
[2026-07-01T01:43:47.932+0000][38.835s][info][gc,cpu         ] GC(129) User=0.00s Sys=0.00s Real=0.00s
[2026-07-01T01:43:47.932+0000][38.835s][info][gc,start       ] GC(130) Pause Full (Allocation Failure)
[2026-07-01T01:43:47.932+0000][38.835s][info][gc,phases,start] GC(130) Phase 1: Mark live objects
[2026-07-01T01:43:48.023+0000][38.926s][info][gc,phases      ] GC(130) Phase 1: Mark live objects 90.715ms
[2026-07-01T01:43:48.023+0000][38.926s][info][gc,phases,start] GC(130) Phase 2: Compute new object addresses
[2026-07-01T01:43:48.070+0000][38.973s][info][gc,phases      ] GC(130) Phase 2: Compute new object addresses 47.536ms
[2026-07-01T01:43:48.070+0000][38.974s][info][gc,phases,start] GC(130) Phase 3: Adjust pointers
[2026-07-01T01:43:48.118+0000][39.022s][info][gc,phases      ] GC(130) Phase 3: Adjust pointers 48.143ms
[2026-07-01T01:43:48.118+0000][39.022s][info][gc,phases,start] GC(130) Phase 4: Move objects
[2026-07-01T01:43:48.119+0000][39.022s][info][gc,phases      ] GC(130) Phase 4: Move objects 0.300ms
[2026-07-01T01:43:48.119+0000][39.022s][info][gc,heap        ] GC(130) DefNew: 69952K(78656K)->0K(78656K) Eden: 69952K(69952K)->0K(69952K) From: 0K(8704K)->0K(8704K)
[2026-07-01T01:43:48.119+0000][39.022s][info][gc,heap        ] GC(130) Tenured: 163661K(174784K)->164116K(174784K)
[2026-07-01T01:43:48.119+0000][39.022s][info][gc,metaspace   ] GC(130) Metaspace: 41575K(42368K)->41575K(42368K) NonClass: 36448K(36864K)->36448K(36864K) Class: 5127K(5504K)->5127K(5504K)
[2026-07-01T01:43:48.119+0000][39.022s][info][gc             ] GC(130) Pause Full (Allocation Failure) 228M->160M(247M) 187.093ms
[2026-07-01T01:43:48.119+0000][39.022s][info][gc,cpu         ] GC(130) User=0.19s Sys=0.00s Real=0.19s
[2026-07-01T01:43:48.803+0000][39.706s][info][gc,start       ] GC(131) Pause Young (Allocation Failure)
[2026-07-01T01:43:48.803+0000][39.706s][info][gc             ] GC(131) Pause Young (Allocation Failure) 228M->228M(247M) 0.099ms
[2026-07-01T01:43:48.803+0000][39.706s][info][gc,cpu         ] GC(131) User=0.00s Sys=0.00s Real=0.00s
[2026-07-01T01:43:48.803+0000][39.706s][info][gc,start       ] GC(132) Pause Full (Allocation Failure)
[2026-07-01T01:43:48.803+0000][39.706s][info][gc,phases,start] GC(132) Phase 1: Mark live objects
[2026-07-01T01:43:48.902+0000][39.805s][info][gc,phases      ] GC(132) Phase 1: Mark live objects 98.444ms
[2026-07-01T01:43:48.902+0000][39.805s][info][gc,phases,start] GC(132) Phase 2: Compute new object addresses
[2026-07-01T01:43:48.949+0000][39.852s][info][gc,phases      ] GC(132) Phase 2: Compute new object addresses 47.160ms
[2026-07-01T01:43:48.949+0000][39.852s][info][gc,phases,start] GC(132) Phase 3: Adjust pointers
[2026-07-01T01:43:49.001+0000][39.905s][info][gc,phases      ] GC(132) Phase 3: Adjust pointers 52.469ms
[2026-07-01T01:43:49.001+0000][39.905s][info][gc,phases,start] GC(132) Phase 4: Move objects
[2026-07-01T01:43:49.030+0000][39.933s][info][gc,phases      ] GC(132) Phase 4: Move objects 28.675ms
[2026-07-01T01:43:49.030+0000][39.934s][info][gc,heap        ] GC(132) DefNew: 69951K(78656K)->0K(78656K) Eden: 69951K(69952K)->0K(69952K) From: 0K(8704K)->0K(8704K)
[2026-07-01T01:43:49.030+0000][39.934s][info][gc,heap        ] GC(132) Tenured: 164116K(174784K)->161831K(174784K)
[2026-07-01T01:43:49.030+0000][39.934s][info][gc,metaspace   ] GC(132) Metaspace: 41575K(42368K)->41575K(42368K) NonClass: 36448K(36864K)->36448K(36864K) Class: 5127K(5504K)->5127K(5504K)
[2026-07-01T01:43:49.030+0000][39.934s][info][gc             ] GC(132) Pause Full (Allocation Failure) 228M->158M(247M) 227.305ms
[2026-07-01T01:43:49.030+0000][39.934s][info][gc,cpu         ] GC(132) User=0.29s Sys=0.00s Real=0.23s
[2026-07-01T01:43:49.531+0000][40.434s][info][gc,start       ] GC(133) Pause Young (Allocation Failure)
[2026-07-01T01:43:49.531+0000][40.434s][info][gc             ] GC(133) Pause Young (Allocation Failure) 226M->226M(247M) 0.100ms
[2026-07-01T01:43:49.531+0000][40.434s][info][gc,cpu         ] GC(133) User=0.00s Sys=0.00s Real=0.00s
[2026-07-01T01:43:49.531+0000][40.434s][info][gc,start       ] GC(134) Pause Full (Allocation Failure)
[2026-07-01T01:43:49.531+0000][40.434s][info][gc,phases,start] GC(134) Phase 1: Mark live objects
[2026-07-01T01:43:49.636+0000][40.539s][info][gc,phases      ] GC(134) Phase 1: Mark live objects 104.840ms
[2026-07-01T01:43:49.636+0000][40.539s][info][gc,phases,start] GC(134) Phase 2: Compute new object addresses
[2026-07-01T01:43:49.683+0000][40.587s][info][gc,phases      ] GC(134) Phase 2: Compute new object addresses 47.451ms
[2026-07-01T01:43:49.683+0000][40.587s][info][gc,phases,start] GC(134) Phase 3: Adjust pointers
[2026-07-01T01:43:49.732+0000][40.636s][info][gc,phases      ] GC(134) Phase 3: Adjust pointers 48.871ms
[2026-07-01T01:43:49.732+0000][40.636s][info][gc,phases,start] GC(134) Phase 4: Move objects
[2026-07-01T01:43:49.733+0000][40.636s][info][gc,phases      ] GC(134) Phase 4: Move objects 0.620ms
[2026-07-01T01:43:49.733+0000][40.636s][info][gc,heap        ] GC(134) DefNew: 69952K(78656K)->0K(78656K) Eden: 69952K(69952K)->0K(69952K) From: 0K(8704K)->0K(8704K)
[2026-07-01T01:43:49.733+0000][40.636s][info][gc,heap        ] GC(134) Tenured: 161831K(174784K)->163942K(174784K)
[2026-07-01T01:43:49.733+0000][40.636s][info][gc,metaspace   ] GC(134) Metaspace: 41575K(42368K)->41575K(42368K) NonClass: 36448K(36864K)->36448K(36864K) Class: 5127K(5504K)->5127K(5504K)
[2026-07-01T01:43:49.733+0000][40.636s][info][gc             ] GC(134) Pause Full (Allocation Failure) 226M->160M(247M) 202.217ms
[2026-07-01T01:43:49.733+0000][40.637s][info][gc,cpu         ] GC(134) User=0.24s Sys=0.00s Real=0.20s
[2026-07-01T01:43:50.252+0000][41.156s][info][gc,start       ] GC(135) Pause Young (Allocation Failure)
[2026-07-01T01:43:50.252+0000][41.156s][info][gc             ] GC(135) Pause Young (Allocation Failure) 228M->228M(247M) 0.106ms
[2026-07-01T01:43:50.252+0000][41.156s][info][gc,cpu         ] GC(135) User=0.00s Sys=0.00s Real=0.00s
[2026-07-01T01:43:50.252+0000][41.156s][info][gc,start       ] GC(136) Pause Full (Allocation Failure)
[2026-07-01T01:43:50.252+0000][41.156s][info][gc,phases,start] GC(136) Phase 1: Mark live objects
[2026-07-01T01:43:50.449+0000][41.352s][info][gc,phases      ] GC(136) Phase 1: Mark live objects 196.557ms
[2026-07-01T01:43:50.449+0000][41.352s][info][gc,phases,start] GC(136) Phase 2: Compute new object addresses
[2026-07-01T01:43:50.499+0000][41.402s][info][gc,phases      ] GC(136) Phase 2: Compute new object addresses 49.900ms
[2026-07-01T01:43:50.499+0000][41.402s][info][gc,phases,start] GC(136) Phase 3: Adjust pointers
[2026-07-01T01:43:50.548+0000][41.451s][info][gc,phases      ] GC(136) Phase 3: Adjust pointers 49.037ms
[2026-07-01T01:43:50.548+0000][41.451s][info][gc,phases,start] GC(136) Phase 4: Move objects
[2026-07-01T01:43:50.548+0000][41.452s][info][gc,phases      ] GC(136) Phase 4: Move objects 0.290ms
[2026-07-01T01:43:50.549+0000][41.452s][info][gc,heap        ] GC(136) DefNew: 69951K(78656K)->0K(78656K) Eden: 69951K(69952K)->0K(69952K) From: 0K(8704K)->0K(8704K)
[2026-07-01T01:43:50.549+0000][41.452s][info][gc,heap        ] GC(136) Tenured: 163942K(174784K)->164310K(174784K)
[2026-07-01T01:43:50.549+0000][41.452s][info][gc,metaspace   ] GC(136) Metaspace: 41576K(42368K)->41576K(42368K) NonClass: 36449K(36864K)->36449K(36864K) Class: 5127K(5504K)->5127K(5504K)
[2026-07-01T01:43:50.549+0000][41.452s][info][gc             ] GC(136) Pause Full (Allocation Failure) 228M->160M(247M) 296.194ms
[2026-07-01T01:43:50.549+0000][41.452s][info][gc,cpu         ] GC(136) User=0.43s Sys=0.00s Real=0.30s
[2026-07-01T01:43:50.993+0000][41.897s][info][gc,start       ] GC(137) Pause Young (Allocation Failure)
[2026-07-01T01:43:50.993+0000][41.897s][info][gc             ] GC(137) Pause Young (Allocation Failure) 228M->228M(247M) 0.100ms
[2026-07-01T01:43:50.995+0000][41.898s][info][gc,cpu         ] GC(137) User=0.00s Sys=0.00s Real=0.00s
[2026-07-01T01:43:50.995+0000][41.898s][info][gc,start       ] GC(138) Pause Full (Allocation Failure)
[2026-07-01T01:43:50.995+0000][41.898s][info][gc,phases,start] GC(138) Phase 1: Mark live objects
[2026-07-01T01:43:51.089+0000][41.992s][info][gc,phases      ] GC(138) Phase 1: Mark live objects 93.430ms
[2026-07-01T01:43:51.089+0000][41.992s][info][gc,phases,start] GC(138) Phase 2: Compute new object addresses
[2026-07-01T01:43:51.136+0000][42.040s][info][gc,phases      ] GC(138) Phase 2: Compute new object addresses 47.867ms
[2026-07-01T01:43:51.136+0000][42.040s][info][gc,phases,start] GC(138) Phase 3: Adjust pointers
[2026-07-01T01:43:51.186+0000][42.089s][info][gc,phases      ] GC(138) Phase 3: Adjust pointers 49.005ms
[2026-07-01T01:43:51.186+0000][42.089s][info][gc,phases,start] GC(138) Phase 4: Move objects
[2026-07-01T01:43:51.186+0000][42.089s][info][gc,phases      ] GC(138) Phase 4: Move objects 0.384ms
[2026-07-01T01:43:51.186+0000][42.089s][info][gc,heap        ] GC(138) DefNew: 69952K(78656K)->0K(78656K) Eden: 69952K(69952K)->0K(69952K) From: 0K(8704K)->0K(8704K)
[2026-07-01T01:43:51.186+0000][42.089s][info][gc,heap        ] GC(138) Tenured: 164310K(174784K)->165063K(174784K)
[2026-07-01T01:43:51.186+0000][42.089s][info][gc,metaspace   ] GC(138) Metaspace: 41577K(42368K)->41577K(42368K) NonClass: 36449K(36864K)->36449K(36864K) Class: 5127K(5504K)->5127K(5504K)
[2026-07-01T01:43:51.186+0000][42.089s][info][gc             ] GC(138) Pause Full (Allocation Failure) 228M->161M(247M) 191.126ms
[2026-07-01T01:43:51.186+0000][42.090s][info][gc,cpu         ] GC(138) User=0.19s Sys=0.00s Real=0.19s
[2026-07-01T01:43:51.598+0000][42.501s][info][gc,start       ] GC(139) Pause Young (Allocation Failure)
[2026-07-01T01:43:51.598+0000][42.501s][info][gc             ] GC(139) Pause Young (Allocation Failure) 229M->229M(247M) 0.099ms
[2026-07-01T01:43:51.598+0000][42.501s][info][gc,cpu         ] GC(139) User=0.00s Sys=0.00s Real=0.00s
[2026-07-01T01:43:51.598+0000][42.501s][info][gc,start       ] GC(140) Pause Full (Allocation Failure)
[2026-07-01T01:43:51.598+0000][42.501s][info][gc,phases,start] GC(140) Phase 1: Mark live objects
[2026-07-01T01:43:51.689+0000][42.593s][info][gc,phases      ] GC(140) Phase 1: Mark live objects 91.398ms
[2026-07-01T01:43:51.689+0000][42.593s][info][gc,phases,start] GC(140) Phase 2: Compute new object addresses
[2026-07-01T01:43:51.736+0000][42.640s][info][gc,phases      ] GC(140) Phase 2: Compute new object addresses 47.188ms
[2026-07-01T01:43:51.737+0000][42.640s][info][gc,phases,start] GC(140) Phase 3: Adjust pointers
[2026-07-01T01:43:51.790+0000][42.693s][info][gc,phases      ] GC(140) Phase 3: Adjust pointers 53.238ms
[2026-07-01T01:43:51.790+0000][42.693s][info][gc,phases,start] GC(140) Phase 4: Move objects
[2026-07-01T01:43:51.819+0000][42.722s][info][gc,phases      ] GC(140) Phase 4: Move objects 29.055ms
[2026-07-01T01:43:51.819+0000][42.722s][info][gc,heap        ] GC(140) DefNew: 69952K(78656K)->0K(78656K) Eden: 69952K(69952K)->0K(69952K) From: 0K(8704K)->0K(8704K)
[2026-07-01T01:43:51.819+0000][42.722s][info][gc,heap        ] GC(140) Tenured: 165063K(174784K)->162556K(174784K)
[2026-07-01T01:43:51.819+0000][42.722s][info][gc,metaspace   ] GC(140) Metaspace: 41581K(42368K)->41581K(42368K) NonClass: 36453K(36864K)->36453K(36864K) Class: 5127K(5504K)->5127K(5504K)
[2026-07-01T01:43:51.819+0000][42.722s][info][gc             ] GC(140) Pause Full (Allocation Failure) 229M->158M(247M) 221.323ms
[2026-07-01T01:43:51.819+0000][42.722s][info][gc,cpu         ] GC(140) User=0.23s Sys=0.00s Real=0.23s
[2026-07-01T01:43:52.602+0000][43.505s][info][gc,start       ] GC(141) Pause Young (Allocation Failure)
[2026-07-01T01:43:52.602+0000][43.505s][info][gc             ] GC(141) Pause Young (Allocation Failure) 227M->227M(247M) 0.107ms
[2026-07-01T01:43:52.602+0000][43.505s][info][gc,cpu         ] GC(141) User=0.00s Sys=0.00s Real=0.00s
[2026-07-01T01:43:52.602+0000][43.505s][info][gc,start       ] GC(142) Pause Full (Allocation Failure)
[2026-07-01T01:43:52.602+0000][43.505s][info][gc,phases,start] GC(142) Phase 1: Mark live objects
[2026-07-01T01:43:52.726+0000][43.630s][info][gc,phases      ] GC(142) Phase 1: Mark live objects 124.741ms
[2026-07-01T01:43:52.726+0000][43.630s][info][gc,phases,start] GC(142) Phase 2: Compute new object addresses
[2026-07-01T01:43:52.774+0000][43.677s][info][gc,phases      ] GC(142) Phase 2: Compute new object addresses 47.713ms
[2026-07-01T01:43:52.774+0000][43.678s][info][gc,phases,start] GC(142) Phase 3: Adjust pointers
[2026-07-01T01:43:52.823+0000][43.726s][info][gc,phases      ] GC(142) Phase 3: Adjust pointers 48.518ms
[2026-07-01T01:43:52.823+0000][43.726s][info][gc,phases,start] GC(142) Phase 4: Move objects
[2026-07-01T01:43:52.823+0000][43.726s][info][gc,phases      ] GC(142) Phase 4: Move objects 0.241ms
[2026-07-01T01:43:52.823+0000][43.727s][info][gc,heap        ] GC(142) DefNew: 69952K(78656K)->0K(78656K) Eden: 69952K(69952K)->0K(69952K) From: 0K(8704K)->0K(8704K)
[2026-07-01T01:43:52.823+0000][43.727s][info][gc,heap        ] GC(142) Tenured: 162556K(174784K)->162894K(174784K)
[2026-07-01T01:43:52.823+0000][43.727s][info][gc,metaspace   ] GC(142) Metaspace: 41581K(42368K)->41581K(42368K) NonClass: 36453K(36864K)->36453K(36864K) Class: 5127K(5504K)->5127K(5504K)
[2026-07-01T01:43:52.823+0000][43.727s][info][gc             ] GC(142) Pause Full (Allocation Failure) 227M->159M(247M) 221.612ms
[2026-07-01T01:43:52.823+0000][43.727s][info][gc,cpu         ] GC(142) User=0.22s Sys=0.00s Real=0.22s
[2026-07-01T01:43:53.241+0000][44.144s][info][gc,start       ] GC(143) Pause Young (Allocation Failure)
[2026-07-01T01:43:53.241+0000][44.144s][info][gc             ] GC(143) Pause Young (Allocation Failure) 227M->227M(247M) 0.203ms
[2026-07-01T01:43:53.241+0000][44.144s][info][gc,cpu         ] GC(143) User=0.00s Sys=0.00s Real=0.00s
[2026-07-01T01:43:53.241+0000][44.144s][info][gc,start       ] GC(144) Pause Full (Allocation Failure)
[2026-07-01T01:43:53.241+0000][44.144s][info][gc,phases,start] GC(144) Phase 1: Mark live objects
[2026-07-01T01:43:53.336+0000][44.239s][info][gc,phases      ] GC(144) Phase 1: Mark live objects 94.788ms
[2026-07-01T01:43:53.336+0000][44.239s][info][gc,phases,start] GC(144) Phase 2: Compute new object addresses
[2026-07-01T01:43:53.384+0000][44.287s][info][gc,phases      ] GC(144) Phase 2: Compute new object addresses 48.014ms
[2026-07-01T01:43:53.384+0000][44.287s][info][gc,phases,start] GC(144) Phase 3: Adjust pointers
[2026-07-01T01:43:53.433+0000][44.336s][info][gc,phases      ] GC(144) Phase 3: Adjust pointers 48.984ms
[2026-07-01T01:43:53.433+0000][44.336s][info][gc,phases,start] GC(144) Phase 4: Move objects
[2026-07-01T01:43:53.434+0000][44.337s][info][gc,phases      ] GC(144) Phase 4: Move objects 0.520ms
[2026-07-01T01:43:53.434+0000][44.337s][info][gc,heap        ] GC(144) DefNew: 69951K(78656K)->0K(78656K) Eden: 69951K(69952K)->0K(69952K) From: 0K(8704K)->0K(8704K)
[2026-07-01T01:43:53.434+0000][44.337s][info][gc,heap        ] GC(144) Tenured: 162894K(174784K)->164446K(174784K)
[2026-07-01T01:43:53.434+0000][44.337s][info][gc,metaspace   ] GC(144) Metaspace: 41581K(42368K)->41581K(42368K) NonClass: 36453K(36864K)->36453K(36864K) Class: 5127K(5504K)->5127K(5504K)
[2026-07-01T01:43:53.434+0000][44.337s][info][gc             ] GC(144) Pause Full (Allocation Failure) 227M->160M(247M) 192.877ms
[2026-07-01T01:43:53.434+0000][44.337s][info][gc,cpu         ] GC(144) User=0.20s Sys=0.00s Real=0.19s
[2026-07-01T01:43:53.820+0000][44.723s][info][gc,start       ] GC(145) Pause Young (Allocation Failure)
[2026-07-01T01:43:53.820+0000][44.723s][info][gc             ] GC(145) Pause Young (Allocation Failure) 228M->228M(247M) 0.102ms
[2026-07-01T01:43:53.820+0000][44.723s][info][gc,cpu         ] GC(145) User=0.00s Sys=0.00s Real=0.00s
[2026-07-01T01:43:53.820+0000][44.723s][info][gc,start       ] GC(146) Pause Full (Allocation Failure)
[2026-07-01T01:43:53.820+0000][44.723s][info][gc,phases,start] GC(146) Phase 1: Mark live objects
[2026-07-01T01:43:53.919+0000][44.822s][info][gc,phases      ] GC(146) Phase 1: Mark live objects 98.651ms
[2026-07-01T01:43:53.919+0000][44.822s][info][gc,phases,start] GC(146) Phase 2: Compute new object addresses
[2026-07-01T01:43:53.967+0000][44.870s][info][gc,phases      ] GC(146) Phase 2: Compute new object addresses 47.988ms
[2026-07-01T01:43:53.967+0000][44.870s][info][gc,phases,start] GC(146) Phase 3: Adjust pointers
[2026-07-01T01:43:54.017+0000][44.920s][info][gc,phases      ] GC(146) Phase 3: Adjust pointers 50.423ms
[2026-07-01T01:43:54.017+0000][44.920s][info][gc,phases,start] GC(146) Phase 4: Move objects
[2026-07-01T01:43:54.018+0000][44.921s][info][gc,phases      ] GC(146) Phase 4: Move objects 0.457ms
[2026-07-01T01:43:54.018+0000][44.921s][info][gc,heap        ] GC(146) DefNew: 69952K(78656K)->0K(78656K) Eden: 69952K(69952K)->0K(69952K) From: 0K(8704K)->0K(8704K)
[2026-07-01T01:43:54.018+0000][44.921s][info][gc,heap        ] GC(146) Tenured: 164446K(174784K)->165398K(174784K)
[2026-07-01T01:43:54.018+0000][44.921s][info][gc,metaspace   ] GC(146) Metaspace: 41581K(42368K)->41581K(42368K) NonClass: 36453K(36864K)->36453K(36864K) Class: 5127K(5504K)->5127K(5504K)
[2026-07-01T01:43:54.018+0000][44.921s][info][gc             ] GC(146) Pause Full (Allocation Failure) 228M->161M(247M) 197.951ms
[2026-07-01T01:43:54.018+0000][44.921s][info][gc,cpu         ] GC(146) User=0.30s Sys=0.00s Real=0.19s
[2026-07-01T01:43:54.564+0000][45.468s][info][gc,start       ] GC(147) Pause Young (Allocation Failure)
[2026-07-01T01:43:54.564+0000][45.468s][info][gc             ] GC(147) Pause Young (Allocation Failure) 229M->229M(247M) 0.099ms
[2026-07-01T01:43:54.564+0000][45.468s][info][gc,cpu         ] GC(147) User=0.00s Sys=0.00s Real=0.00s
[2026-07-01T01:43:54.564+0000][45.468s][info][gc,start       ] GC(148) Pause Full (Allocation Failure)
[2026-07-01T01:43:54.564+0000][45.468s][info][gc,phases,start] GC(148) Phase 1: Mark live objects
[2026-07-01T01:43:54.724+0000][45.627s][info][gc,phases      ] GC(148) Phase 1: Mark live objects 159.280ms
[2026-07-01T01:43:54.724+0000][45.627s][info][gc,phases,start] GC(148) Phase 2: Compute new object addresses
[2026-07-01T01:43:54.790+0000][45.693s][info][gc,phases      ] GC(148) Phase 2: Compute new object addresses 66.187ms
[2026-07-01T01:43:54.790+0000][45.693s][info][gc,phases,start] GC(148) Phase 3: Adjust pointers
[2026-07-01T01:43:54.845+0000][45.748s][info][gc,phases      ] GC(148) Phase 3: Adjust pointers 54.691ms
[2026-07-01T01:43:54.845+0000][45.748s][info][gc,phases,start] GC(148) Phase 4: Move objects
[2026-07-01T01:43:54.874+0000][45.777s][info][gc,phases      ] GC(148) Phase 4: Move objects 29.219ms
[2026-07-01T01:43:54.874+0000][45.777s][info][gc,heap        ] GC(148) DefNew: 69952K(78656K)->0K(78656K) Eden: 69952K(69952K)->0K(69952K) From: 0K(8704K)->0K(8704K)
[2026-07-01T01:43:54.874+0000][45.777s][info][gc,heap        ] GC(148) Tenured: 165398K(174784K)->163278K(174784K)
[2026-07-01T01:43:54.874+0000][45.777s][info][gc,metaspace   ] GC(148) Metaspace: 41582K(42368K)->41582K(42368K) NonClass: 36454K(36864K)->36454K(36864K) Class: 5127K(5504K)->5127K(5504K)
[2026-07-01T01:43:54.874+0000][45.778s][info][gc             ] GC(148) Pause Full (Allocation Failure) 229M->159M(247M) 309.863ms
[2026-07-01T01:43:54.874+0000][45.778s][info][gc,cpu         ] GC(148) User=0.31s Sys=0.01s Real=0.31s
[2026-07-01T01:43:55.297+0000][46.201s][info][gc,start       ] GC(149) Pause Young (Allocation Failure)
[2026-07-01T01:43:55.297+0000][46.201s][info][gc             ] GC(149) Pause Young (Allocation Failure) 227M->227M(247M) 0.100ms
[2026-07-01T01:43:55.297+0000][46.201s][info][gc,cpu         ] GC(149) User=0.00s Sys=0.00s Real=0.00s
[2026-07-01T01:43:55.297+0000][46.201s][info][gc,start       ] GC(150) Pause Full (Allocation Failure)
[2026-07-01T01:43:55.297+0000][46.201s][info][gc,phases,start] GC(150) Phase 1: Mark live objects
[2026-07-01T01:43:55.391+0000][46.295s][info][gc,phases      ] GC(150) Phase 1: Mark live objects 94.023ms
[2026-07-01T01:43:55.392+0000][46.295s][info][gc,phases,start] GC(150) Phase 2: Compute new object addresses
[2026-07-01T01:43:55.439+0000][46.343s][info][gc,phases      ] GC(150) Phase 2: Compute new object addresses 47.746ms
[2026-07-01T01:43:55.439+0000][46.343s][info][gc,phases,start] GC(150) Phase 3: Adjust pointers
[2026-07-01T01:43:55.488+0000][46.392s][info][gc,phases      ] GC(150) Phase 3: Adjust pointers 48.998ms
[2026-07-01T01:43:55.488+0000][46.392s][info][gc,phases,start] GC(150) Phase 4: Move objects
[2026-07-01T01:43:55.489+0000][46.392s][info][gc,phases      ] GC(150) Phase 4: Move objects 0.620ms
[2026-07-01T01:43:55.489+0000][46.392s][info][gc,heap        ] GC(150) DefNew: 69952K(78656K)->0K(78656K) Eden: 69952K(69952K)->0K(69952K) From: 0K(8704K)->0K(8704K)
[2026-07-01T01:43:55.489+0000][46.393s][info][gc,heap        ] GC(150) Tenured: 163278K(174784K)->165237K(174784K)
[2026-07-01T01:43:55.489+0000][46.393s][info][gc,metaspace   ] GC(150) Metaspace: 41583K(42368K)->41583K(42368K) NonClass: 36454K(36864K)->36454K(36864K) Class: 5128K(5504K)->5128K(5504K)
[2026-07-01T01:43:55.489+0000][46.393s][info][gc             ] GC(150) Pause Full (Allocation Failure) 227M->161M(247M) 191.817ms
[2026-07-01T01:43:55.489+0000][46.393s][info][gc,cpu         ] GC(150) User=0.19s Sys=0.00s Real=0.20s
[2026-07-01T01:43:55.920+0000][46.823s][info][gc,start       ] GC(151) Pause Young (Allocation Failure)
[2026-07-01T01:43:55.920+0000][46.824s][info][gc             ] GC(151) Pause Young (Allocation Failure) 229M->229M(247M) 0.095ms
[2026-07-01T01:43:55.920+0000][46.824s][info][gc,cpu         ] GC(151) User=0.00s Sys=0.00s Real=0.00s
[2026-07-01T01:43:55.920+0000][46.824s][info][gc,start       ] GC(152) Pause Full (Allocation Failure)
[2026-07-01T01:43:55.920+0000][46.824s][info][gc,phases,start] GC(152) Phase 1: Mark live objects
[2026-07-01T01:43:56.023+0000][46.926s][info][gc,phases      ] GC(152) Phase 1: Mark live objects 102.806ms
[2026-07-01T01:43:56.023+0000][46.926s][info][gc,phases,start] GC(152) Phase 2: Compute new object addresses
[2026-07-01T01:43:56.071+0000][46.975s][info][gc,phases      ] GC(152) Phase 2: Compute new object addresses 48.272ms
[2026-07-01T01:43:56.071+0000][46.975s][info][gc,phases,start] GC(152) Phase 3: Adjust pointers
[2026-07-01T01:43:56.122+0000][47.026s][info][gc,phases      ] GC(152) Phase 3: Adjust pointers 50.780ms
[2026-07-01T01:43:56.122+0000][47.026s][info][gc,phases,start] GC(152) Phase 4: Move objects
[2026-07-01T01:43:56.123+0000][47.026s][info][gc,phases      ] GC(152) Phase 4: Move objects 0.369ms
[2026-07-01T01:43:56.123+0000][47.026s][info][gc,heap        ] GC(152) DefNew: 69952K(78656K)->0K(78656K) Eden: 69952K(69952K)->0K(69952K) From: 0K(8704K)->0K(8704K)
[2026-07-01T01:43:56.123+0000][47.026s][info][gc,heap        ] GC(152) Tenured: 165237K(174784K)->165814K(174784K)
[2026-07-01T01:43:56.123+0000][47.026s][info][gc,metaspace   ] GC(152) Metaspace: 41583K(42368K)->41583K(42368K) NonClass: 36454K(36864K)->36454K(36864K) Class: 5128K(5504K)->5128K(5504K)
[2026-07-01T01:43:56.123+0000][47.026s][info][gc             ] GC(152) Pause Full (Allocation Failure) 229M->161M(247M) 202.650ms
[2026-07-01T01:43:56.123+0000][47.026s][info][gc,cpu         ] GC(152) User=0.24s Sys=0.00s Real=0.20s
[2026-07-01T01:43:56.524+0000][47.427s][info][gc,start       ] GC(153) Pause Young (Allocation Failure)
[2026-07-01T01:43:56.524+0000][47.427s][info][gc             ] GC(153) Pause Young (Allocation Failure) 230M->230M(247M) 0.109ms
[2026-07-01T01:43:56.524+0000][47.427s][info][gc,cpu         ] GC(153) User=0.00s Sys=0.00s Real=0.00s
[2026-07-01T01:43:56.524+0000][47.427s][info][gc,start       ] GC(154) Pause Full (Allocation Failure)
[2026-07-01T01:43:56.524+0000][47.427s][info][gc,phases,start] GC(154) Phase 1: Mark live objects
[2026-07-01T01:43:56.619+0000][47.522s][info][gc,phases      ] GC(154) Phase 1: Mark live objects 94.613ms
[2026-07-01T01:43:56.619+0000][47.522s][info][gc,phases,start] GC(154) Phase 2: Compute new object addresses
[2026-07-01T01:43:56.667+0000][47.570s][info][gc,phases      ] GC(154) Phase 2: Compute new object addresses 48.121ms
[2026-07-01T01:43:56.667+0000][47.570s][info][gc,phases,start] GC(154) Phase 3: Adjust pointers
[2026-07-01T01:43:56.717+0000][47.620s][info][gc,phases      ] GC(154) Phase 3: Adjust pointers 49.790ms
[2026-07-01T01:43:56.717+0000][47.620s][info][gc,phases,start] GC(154) Phase 4: Move objects
[2026-07-01T01:43:56.717+0000][47.621s][info][gc,phases      ] GC(154) Phase 4: Move objects 0.648ms
[2026-07-01T01:43:56.718+0000][47.621s][info][gc,heap        ] GC(154) DefNew: 69952K(78656K)->0K(78656K) Eden: 69952K(69952K)->0K(69952K) From: 0K(8704K)->0K(8704K)
[2026-07-01T01:43:56.718+0000][47.621s][info][gc,heap        ] GC(154) Tenured: 165814K(174784K)->166679K(174784K)
[2026-07-01T01:43:56.718+0000][47.621s][info][gc,metaspace   ] GC(154) Metaspace: 41584K(42368K)->41584K(42368K) NonClass: 36455K(36864K)->36455K(36864K) Class: 5128K(5504K)->5128K(5504K)
[2026-07-01T01:43:56.718+0000][47.621s][info][gc             ] GC(154) Pause Full (Allocation Failure) 230M->162M(247M) 193.578ms
[2026-07-01T01:43:56.718+0000][47.621s][info][gc,cpu         ] GC(154) User=0.19s Sys=0.00s Real=0.19s
[2026-07-01T01:43:57.406+0000][48.309s][info][gc,start       ] GC(155) Pause Young (Allocation Failure)
[2026-07-01T01:43:57.406+0000][48.309s][info][gc,heap        ] GC(155) DefNew: 69950K(78656K)->69950K(78656K) Eden: 69950K(69952K)->69950K(69952K) From: 0K(8704K)->0K(8704K)
[2026-07-01T01:43:57.406+0000][48.309s][info][gc,heap        ] GC(155) Tenured: 166679K(174784K)->166679K(174784K)
[2026-07-01T01:43:57.406+0000][48.309s][info][gc,metaspace   ] GC(155) Metaspace: 41584K(42368K)->41584K(42368K) NonClass: 36455K(36864K)->36455K(36864K) Class: 5128K(5504K)->5128K(5504K)
[2026-07-01T01:43:57.406+0000][48.309s][info][gc             ] GC(155) Pause Young (Allocation Failure) 231M->231M(247M) 0.141ms
[2026-07-01T01:43:57.406+0000][48.309s][info][gc,cpu         ] GC(155) User=0.00s Sys=0.00s Real=0.00s
[2026-07-01T01:43:57.406+0000][48.309s][info][gc,start       ] GC(156) Pause Full (Allocation Failure)
[2026-07-01T01:43:57.406+0000][48.310s][info][gc,phases,start] GC(156) Phase 1: Mark live objects
[2026-07-01T01:43:57.570+0000][48.473s][info][gc,phases      ] GC(156) Phase 1: Mark live objects 163.918ms
[2026-07-01T01:43:57.570+0000][48.473s][info][gc,phases,start] GC(156) Phase 2: Compute new object addresses
[2026-07-01T01:43:57.624+0000][48.527s][info][gc,phases      ] GC(156) Phase 2: Compute new object addresses 53.749ms
[2026-07-01T01:43:57.624+0000][48.527s][info][gc,phases,start] GC(156) Phase 3: Adjust pointers
[2026-07-01T01:43:57.677+0000][48.581s][info][gc,phases      ] GC(156) Phase 3: Adjust pointers 53.422ms
[2026-07-01T01:43:57.677+0000][48.581s][info][gc,phases,start] GC(156) Phase 4: Move objects
[2026-07-01T01:43:57.711+0000][48.614s][info][gc,phases      ] GC(156) Phase 4: Move objects 33.340ms
[2026-07-01T01:43:57.711+0000][48.615s][info][gc,heap        ] GC(156) DefNew: 69950K(78656K)->0K(78656K) Eden: 69950K(69952K)->0K(69952K) From: 0K(8704K)->0K(8704K)
[2026-07-01T01:43:57.711+0000][48.615s][info][gc,heap        ] GC(156) Tenured: 166679K(174784K)->161677K(174784K)
[2026-07-01T01:43:57.711+0000][48.615s][info][gc,metaspace   ] GC(156) Metaspace: 41584K(42368K)->41183K(42368K) NonClass: 36455K(36864K)->36165K(36864K) Class: 5128K(5504K)->5018K(5504K)
[2026-07-01T01:43:57.711+0000][48.615s][info][gc             ] GC(156) Pause Full (Allocation Failure) 231M->157M(247M) 305.112ms
[2026-07-01T01:43:57.711+0000][48.615s][info][gc,cpu         ] GC(156) User=0.31s Sys=0.00s Real=0.31s
[2026-07-01T01:43:58.175+0000][49.078s][info][gc,start       ] GC(157) Pause Young (Allocation Failure)
[2026-07-01T01:43:58.175+0000][49.078s][info][gc             ] GC(157) Pause Young (Allocation Failure) 226M->226M(247M) 0.257ms
[2026-07-01T01:43:58.175+0000][49.078s][info][gc,cpu         ] GC(157) User=0.00s Sys=0.00s Real=0.00s
[2026-07-01T01:43:58.175+0000][49.078s][info][gc,start       ] GC(158) Pause Full (Allocation Failure)
[2026-07-01T01:43:58.175+0000][49.078s][info][gc,phases,start] GC(158) Phase 1: Mark live objects
[2026-07-01T01:43:58.270+0000][49.173s][info][gc,phases      ] GC(158) Phase 1: Mark live objects 94.814ms
[2026-07-01T01:43:58.270+0000][49.173s][info][gc,phases,start] GC(158) Phase 2: Compute new object addresses
[2026-07-01T01:43:58.317+0000][49.221s][info][gc,phases      ] GC(158) Phase 2: Compute new object addresses 47.630ms
[2026-07-01T01:43:58.317+0000][49.221s][info][gc,phases,start] GC(158) Phase 3: Adjust pointers
[2026-07-01T01:43:58.367+0000][49.271s][info][gc,phases      ] GC(158) Phase 3: Adjust pointers 49.972ms
[2026-07-01T01:43:58.367+0000][49.271s][info][gc,phases,start] GC(158) Phase 4: Move objects
[2026-07-01T01:43:58.368+0000][49.271s][info][gc,phases      ] GC(158) Phase 4: Move objects 0.407ms
[2026-07-01T01:43:58.368+0000][49.271s][info][gc,heap        ] GC(158) DefNew: 69952K(78656K)->0K(78656K) Eden: 69952K(69952K)->0K(69952K) From: 0K(8704K)->0K(8704K)
[2026-07-01T01:43:58.368+0000][49.271s][info][gc,heap        ] GC(158) Tenured: 161677K(174784K)->162313K(174784K)
[2026-07-01T01:43:58.368+0000][49.271s][info][gc,metaspace   ] GC(158) Metaspace: 41200K(42368K)->41200K(42368K) NonClass: 36178K(36864K)->36178K(36864K) Class: 5021K(5504K)->5021K(5504K)
[2026-07-01T01:43:58.368+0000][49.271s][info][gc             ] GC(158) Pause Full (Allocation Failure) 226M->158M(247M) 193.228ms
[2026-07-01T01:43:58.368+0000][49.271s][info][gc,cpu         ] GC(158) User=0.19s Sys=0.00s Real=0.20s
[2026-07-01T01:43:58.767+0000][49.670s][info][gc,start       ] GC(159) Pause Young (Allocation Failure)
[2026-07-01T01:43:58.767+0000][49.670s][info][gc             ] GC(159) Pause Young (Allocation Failure) 226M->226M(247M) 0.125ms
[2026-07-01T01:43:58.767+0000][49.670s][info][gc,cpu         ] GC(159) User=0.00s Sys=0.00s Real=0.00s
[2026-07-01T01:43:58.767+0000][49.670s][info][gc,start       ] GC(160) Pause Full (Allocation Failure)
[2026-07-01T01:43:58.767+0000][49.670s][info][gc,phases,start] GC(160) Phase 1: Mark live objects
[2026-07-01T01:43:58.861+0000][49.765s][info][gc,phases      ] GC(160) Phase 1: Mark live objects 94.371ms
[2026-07-01T01:43:58.861+0000][49.765s][info][gc,phases,start] GC(160) Phase 2: Compute new object addresses
[2026-07-01T01:43:58.910+0000][49.813s][info][gc,phases      ] GC(160) Phase 2: Compute new object addresses 48.233ms
[2026-07-01T01:43:58.910+0000][49.813s][info][gc,phases,start] GC(160) Phase 3: Adjust pointers
[2026-07-01T01:43:58.959+0000][49.862s][info][gc,phases      ] GC(160) Phase 3: Adjust pointers 49.384ms
[2026-07-01T01:43:58.959+0000][49.862s][info][gc,phases,start] GC(160) Phase 4: Move objects
[2026-07-01T01:43:58.960+0000][49.863s][info][gc,phases      ] GC(160) Phase 4: Move objects 0.515ms
[2026-07-01T01:43:58.960+0000][49.863s][info][gc,heap        ] GC(160) DefNew: 69952K(78656K)->0K(78656K) Eden: 69952K(69952K)->0K(69952K) From: 0K(8704K)->0K(8704K)
[2026-07-01T01:43:58.960+0000][49.863s][info][gc,heap        ] GC(160) Tenured: 162313K(174784K)->163846K(174784K)
[2026-07-01T01:43:58.960+0000][49.863s][info][gc,metaspace   ] GC(160) Metaspace: 41200K(42368K)->41200K(42368K) NonClass: 36178K(36864K)->36178K(36864K) Class: 5021K(5504K)->5021K(5504K)
[2026-07-01T01:43:58.960+0000][49.863s][info][gc             ] GC(160) Pause Full (Allocation Failure) 226M->160M(247M) 192.915ms
[2026-07-01T01:43:58.960+0000][49.863s][info][gc,cpu         ] GC(160) User=0.19s Sys=0.00s Real=0.20s
[2026-07-01T01:43:59.395+0000][50.298s][info][gc,start       ] GC(161) Pause Young (Allocation Failure)
[2026-07-01T01:43:59.395+0000][50.298s][info][gc             ] GC(161) Pause Young (Allocation Failure) 228M->228M(247M) 0.095ms
[2026-07-01T01:43:59.395+0000][50.298s][info][gc,cpu         ] GC(161) User=0.00s Sys=0.00s Real=0.00s
[2026-07-01T01:43:59.395+0000][50.298s][info][gc,start       ] GC(162) Pause Full (Allocation Failure)
[2026-07-01T01:43:59.395+0000][50.298s][info][gc,phases,start] GC(162) Phase 1: Mark live objects
[2026-07-01T01:43:59.493+0000][50.396s][info][gc,phases      ] GC(162) Phase 1: Mark live objects 97.871ms
[2026-07-01T01:43:59.493+0000][50.396s][info][gc,phases,start] GC(162) Phase 2: Compute new object addresses
[2026-07-01T01:43:59.541+0000][50.444s][info][gc,phases      ] GC(162) Phase 2: Compute new object addresses 48.042ms
[2026-07-01T01:43:59.541+0000][50.444s][info][gc,phases,start] GC(162) Phase 3: Adjust pointers
[2026-07-01T01:43:59.590+0000][50.493s][info][gc,phases      ] GC(162) Phase 3: Adjust pointers 49.449ms
[2026-07-01T01:43:59.590+0000][50.494s][info][gc,phases,start] GC(162) Phase 4: Move objects
[2026-07-01T01:43:59.591+0000][50.494s][info][gc,phases      ] GC(162) Phase 4: Move objects 0.446ms
[2026-07-01T01:43:59.591+0000][50.494s][info][gc,heap        ] GC(162) DefNew: 69952K(78656K)->0K(78656K) Eden: 69952K(69952K)->0K(69952K) From: 0K(8704K)->0K(8704K)
[2026-07-01T01:43:59.591+0000][50.494s][info][gc,heap        ] GC(162) Tenured: 163846K(174784K)->164892K(174784K)
[2026-07-01T01:43:59.591+0000][50.494s][info][gc,metaspace   ] GC(162) Metaspace: 41200K(42368K)->41200K(42368K) NonClass: 36178K(36864K)->36178K(36864K) Class: 5021K(5504K)->5021K(5504K)
[2026-07-01T01:43:59.591+0000][50.494s][info][gc             ] GC(162) Pause Full (Allocation Failure) 228M->161M(247M) 196.188ms
[2026-07-01T01:43:59.591+0000][50.494s][info][gc,cpu         ] GC(162) User=0.21s Sys=0.00s Real=0.20s
[2026-07-01T01:43:59.991+0000][50.894s][info][gc,start       ] GC(163) Pause Young (Allocation Failure)
[2026-07-01T01:43:59.991+0000][50.894s][info][gc             ] GC(163) Pause Young (Allocation Failure) 229M->229M(247M) 0.105ms
[2026-07-01T01:43:59.991+0000][50.894s][info][gc,cpu         ] GC(163) User=0.00s Sys=0.00s Real=0.00s
[2026-07-01T01:43:59.991+0000][50.894s][info][gc,start       ] GC(164) Pause Full (Allocation Failure)
[2026-07-01T01:43:59.991+0000][50.894s][info][gc,phases,start] GC(164) Phase 1: Mark live objects
[2026-07-01T01:44:00.088+0000][50.992s][info][gc,phases      ] GC(164) Phase 1: Mark live objects 97.240ms
[2026-07-01T01:44:00.088+0000][50.992s][info][gc,phases,start] GC(164) Phase 2: Compute new object addresses
[2026-07-01T01:44:00.136+0000][51.039s][info][gc,phases      ] GC(164) Phase 2: Compute new object addresses 47.525ms
[2026-07-01T01:44:00.136+0000][51.039s][info][gc,phases,start] GC(164) Phase 3: Adjust pointers
[2026-07-01T01:44:00.191+0000][51.094s][info][gc,phases      ] GC(164) Phase 3: Adjust pointers 54.759ms
[2026-07-01T01:44:00.191+0000][51.094s][info][gc,phases,start] GC(164) Phase 4: Move objects
[2026-07-01T01:44:00.223+0000][51.126s][info][gc,phases      ] GC(164) Phase 4: Move objects 32.151ms
[2026-07-01T01:44:00.223+0000][51.126s][info][gc,heap        ] GC(164) DefNew: 69952K(78656K)->0K(78656K) Eden: 69952K(69952K)->0K(69952K) From: 0K(8704K)->0K(8704K)
[2026-07-01T01:44:00.223+0000][51.127s][info][gc,heap        ] GC(164) Tenured: 164892K(174784K)->162699K(174784K)
[2026-07-01T01:44:00.223+0000][51.127s][info][gc,metaspace   ] GC(164) Metaspace: 41200K(42368K)->41200K(42368K) NonClass: 36178K(36864K)->36178K(36864K) Class: 5021K(5504K)->5021K(5504K)
[2026-07-01T01:44:00.223+0000][51.127s][info][gc             ] GC(164) Pause Full (Allocation Failure) 229M->158M(247M) 232.090ms
[2026-07-01T01:44:00.223+0000][51.127s][info][gc,cpu         ] GC(164) User=0.24s Sys=0.00s Real=0.23s
[2026-07-01T01:44:00.895+0000][51.799s][info][gc,start       ] GC(165) Pause Young (Allocation Failure)
[2026-07-01T01:44:00.895+0000][51.799s][info][gc             ] GC(165) Pause Young (Allocation Failure) 227M->227M(247M) 0.101ms
[2026-07-01T01:44:00.896+0000][51.799s][info][gc,cpu         ] GC(165) User=0.00s Sys=0.00s Real=0.00s
[2026-07-01T01:44:00.896+0000][51.799s][info][gc,start       ] GC(166) Pause Full (Allocation Failure)
[2026-07-01T01:44:00.896+0000][51.799s][info][gc,phases,start] GC(166) Phase 1: Mark live objects
[2026-07-01T01:44:01.055+0000][51.958s][info][gc,phases      ] GC(166) Phase 1: Mark live objects 159.011ms
[2026-07-01T01:44:01.055+0000][51.958s][info][gc,phases,start] GC(166) Phase 2: Compute new object addresses
[2026-07-01T01:44:01.122+0000][52.025s][info][gc,phases      ] GC(166) Phase 2: Compute new object addresses 67.301ms
[2026-07-01T01:44:01.122+0000][52.025s][info][gc,phases,start] GC(166) Phase 3: Adjust pointers
[2026-07-01T01:44:01.194+0000][52.097s][info][gc,phases      ] GC(166) Phase 3: Adjust pointers 71.802ms
[2026-07-01T01:44:01.194+0000][52.097s][info][gc,phases,start] GC(166) Phase 4: Move objects
[2026-07-01T01:44:01.195+0000][52.098s][info][gc,phases      ] GC(166) Phase 4: Move objects 0.611ms
[2026-07-01T01:44:01.195+0000][52.098s][info][gc,heap        ] GC(166) DefNew: 69952K(78656K)->0K(78656K) Eden: 69952K(69952K)->0K(69952K) From: 0K(8704K)->0K(8704K)
[2026-07-01T01:44:01.195+0000][52.098s][info][gc,heap        ] GC(166) Tenured: 162699K(174784K)->164390K(174784K)
[2026-07-01T01:44:01.195+0000][52.098s][info][gc,metaspace   ] GC(166) Metaspace: 41201K(42368K)->41201K(42368K) NonClass: 36180K(36864K)->36180K(36864K) Class: 5021K(5504K)->5021K(5504K)
[2026-07-01T01:44:01.195+0000][52.098s][info][gc             ] GC(166) Pause Full (Allocation Failure) 227M->160M(247M) 299.194ms
[2026-07-01T01:44:01.195+0000][52.098s][info][gc,cpu         ] GC(166) User=0.30s Sys=0.00s Real=0.30s
[2026-07-01T01:44:01.848+0000][52.752s][info][gc,start       ] GC(167) Pause Young (Allocation Failure)
[2026-07-01T01:44:01.849+0000][52.752s][info][gc             ] GC(167) Pause Young (Allocation Failure) 228M->228M(247M) 0.746ms
[2026-07-01T01:44:01.849+0000][52.752s][info][gc,cpu         ] GC(167) User=0.00s Sys=0.00s Real=0.00s
[2026-07-01T01:44:01.849+0000][52.752s][info][gc,start       ] GC(168) Pause Full (Allocation Failure)
[2026-07-01T01:44:01.849+0000][52.752s][info][gc,phases,start] GC(168) Phase 1: Mark live objects
[2026-07-01T01:44:01.949+0000][52.852s][info][gc,phases      ] GC(168) Phase 1: Mark live objects 100.000ms
[2026-07-01T01:44:01.949+0000][52.852s][info][gc,phases,start] GC(168) Phase 2: Compute new object addresses
[2026-07-01T01:44:01.997+0000][52.900s][info][gc,phases      ] GC(168) Phase 2: Compute new object addresses 47.925ms
[2026-07-01T01:44:01.997+0000][52.900s][info][gc,phases,start] GC(168) Phase 3: Adjust pointers
[2026-07-01T01:44:02.047+0000][52.950s][info][gc,phases      ] GC(168) Phase 3: Adjust pointers 50.038ms
[2026-07-01T01:44:02.047+0000][52.951s][info][gc,phases,start] GC(168) Phase 4: Move objects
[2026-07-01T01:44:02.048+0000][52.951s][info][gc,phases      ] GC(168) Phase 4: Move objects 0.341ms
[2026-07-01T01:44:02.048+0000][52.951s][info][gc,heap        ] GC(168) DefNew: 69952K(78656K)->0K(78656K) Eden: 69952K(69952K)->0K(69952K) From: 0K(8704K)->0K(8704K)
[2026-07-01T01:44:02.048+0000][52.951s][info][gc,heap        ] GC(168) Tenured: 164390K(174784K)->164950K(174784K)
[2026-07-01T01:44:02.048+0000][52.951s][info][gc,metaspace   ] GC(168) Metaspace: 41206K(42368K)->41206K(42368K) NonClass: 36185K(36864K)->36185K(36864K) Class: 5021K(5504K)->5021K(5504K)
[2026-07-01T01:44:02.048+0000][52.951s][info][gc             ] GC(168) Pause Full (Allocation Failure) 228M->161M(247M) 198.688ms
[2026-07-01T01:44:02.048+0000][52.951s][info][gc,cpu         ] GC(168) User=0.20s Sys=0.00s Real=0.19s
[2026-07-01T01:44:02.451+0000][53.354s][info][gc,start       ] GC(169) Pause Young (Allocation Failure)
[2026-07-01T01:44:02.451+0000][53.354s][info][gc             ] GC(169) Pause Young (Allocation Failure) 229M->229M(247M) 0.101ms
[2026-07-01T01:44:02.451+0000][53.354s][info][gc,cpu         ] GC(169) User=0.00s Sys=0.00s Real=0.00s
[2026-07-01T01:44:02.451+0000][53.354s][info][gc,start       ] GC(170) Pause Full (Allocation Failure)
[2026-07-01T01:44:02.451+0000][53.354s][info][gc,phases,start] GC(170) Phase 1: Mark live objects
[2026-07-01T01:44:02.549+0000][53.452s][info][gc,phases      ] GC(170) Phase 1: Mark live objects 97.718ms
[2026-07-01T01:44:02.549+0000][53.452s][info][gc,phases,start] GC(170) Phase 2: Compute new object addresses
[2026-07-01T01:44:02.597+0000][53.500s][info][gc,phases      ] GC(170) Phase 2: Compute new object addresses 47.952ms
[2026-07-01T01:44:02.597+0000][53.500s][info][gc,phases,start] GC(170) Phase 3: Adjust pointers
[2026-07-01T01:44:02.647+0000][53.550s][info][gc,phases      ] GC(170) Phase 3: Adjust pointers 50.022ms
[2026-07-01T01:44:02.647+0000][53.550s][info][gc,phases,start] GC(170) Phase 4: Move objects
[2026-07-01T01:44:02.647+0000][53.551s][info][gc,phases      ] GC(170) Phase 4: Move objects 0.446ms
[2026-07-01T01:44:02.647+0000][53.551s][info][gc,heap        ] GC(170) DefNew: 69952K(78656K)->0K(78656K) Eden: 69952K(69952K)->0K(69952K) From: 0K(8704K)->0K(8704K)
[2026-07-01T01:44:02.647+0000][53.551s][info][gc,heap        ] GC(170) Tenured: 164950K(174784K)->165951K(174784K)
[2026-07-01T01:44:02.647+0000][53.551s][info][gc,metaspace   ] GC(170) Metaspace: 41207K(42368K)->41207K(42368K) NonClass: 36186K(36864K)->36186K(36864K) Class: 5021K(5504K)->5021K(5504K)
[2026-07-01T01:44:02.647+0000][53.551s][info][gc             ] GC(170) Pause Full (Allocation Failure) 229M->162M(247M) 196.523ms
[2026-07-01T01:44:02.648+0000][53.551s][info][gc,cpu         ] GC(170) User=0.25s Sys=0.00s Real=0.19s
[2026-07-01T01:44:03.030+0000][53.933s][info][gc,start       ] GC(171) Pause Young (Allocation Failure)
[2026-07-01T01:44:03.030+0000][53.933s][info][gc             ] GC(171) Pause Young (Allocation Failure) 230M->230M(247M) 0.106ms
[2026-07-01T01:44:03.030+0000][53.933s][info][gc,cpu         ] GC(171) User=0.00s Sys=0.00s Real=0.00s
[2026-07-01T01:44:03.030+0000][53.933s][info][gc,start       ] GC(172) Pause Full (Allocation Failure)
[2026-07-01T01:44:03.030+0000][53.933s][info][gc,phases,start] GC(172) Phase 1: Mark live objects
[2026-07-01T01:44:03.132+0000][54.035s][info][gc,phases      ] GC(172) Phase 1: Mark live objects 101.997ms
[2026-07-01T01:44:03.132+0000][54.035s][info][gc,phases,start] GC(172) Phase 2: Compute new object addresses
[2026-07-01T01:44:03.180+0000][54.083s][info][gc,phases      ] GC(172) Phase 2: Compute new object addresses 47.443ms
[2026-07-01T01:44:03.180+0000][54.083s][info][gc,phases,start] GC(172) Phase 3: Adjust pointers
[2026-07-01T01:44:03.234+0000][54.137s][info][gc,phases      ] GC(172) Phase 3: Adjust pointers 54.217ms
[2026-07-01T01:44:03.234+0000][54.137s][info][gc,phases,start] GC(172) Phase 4: Move objects
[2026-07-01T01:44:03.264+0000][54.167s][info][gc,phases      ] GC(172) Phase 4: Move objects 29.638ms
[2026-07-01T01:44:03.264+0000][54.167s][info][gc,heap        ] GC(172) DefNew: 69952K(78656K)->0K(78656K) Eden: 69952K(69952K)->0K(69952K) From: 0K(8704K)->0K(8704K)
[2026-07-01T01:44:03.264+0000][54.167s][info][gc,heap        ] GC(172) Tenured: 165951K(174784K)->163383K(174784K)
[2026-07-01T01:44:03.264+0000][54.167s][info][gc,metaspace   ] GC(172) Metaspace: 41209K(42368K)->41209K(42368K) NonClass: 36188K(36864K)->36188K(36864K) Class: 5021K(5504K)->5021K(5504K)
[2026-07-01T01:44:03.264+0000][54.167s][info][gc             ] GC(172) Pause Full (Allocation Failure) 230M->159M(247M) 233.697ms
[2026-07-01T01:44:03.264+0000][54.167s][info][gc,cpu         ] GC(172) User=0.24s Sys=0.00s Real=0.23s
[2026-07-01T01:44:03.676+0000][54.580s][info][gc,start       ] GC(173) Pause Young (Allocation Failure)
[2026-07-01T01:44:03.676+0000][54.580s][info][gc             ] GC(173) Pause Young (Allocation Failure) 227M->227M(247M) 0.095ms
[2026-07-01T01:44:03.677+0000][54.580s][info][gc,cpu         ] GC(173) User=0.00s Sys=0.00s Real=0.00s
[2026-07-01T01:44:03.677+0000][54.580s][info][gc,start       ] GC(174) Pause Full (Allocation Failure)
[2026-07-01T01:44:03.677+0000][54.580s][info][gc,phases,start] GC(174) Phase 1: Mark live objects
[2026-07-01T01:44:03.776+0000][54.680s][info][gc,phases      ] GC(174) Phase 1: Mark live objects 99.718ms
[2026-07-01T01:44:03.776+0000][54.680s][info][gc,phases,start] GC(174) Phase 2: Compute new object addresses
[2026-07-01T01:44:03.824+0000][54.728s][info][gc,phases      ] GC(174) Phase 2: Compute new object addresses 48.164ms
[2026-07-01T01:44:03.824+0000][54.728s][info][gc,phases,start] GC(174) Phase 3: Adjust pointers
[2026-07-01T01:44:03.875+0000][54.779s][info][gc,phases      ] GC(174) Phase 3: Adjust pointers 50.821ms
[2026-07-01T01:44:03.875+0000][54.779s][info][gc,phases,start] GC(174) Phase 4: Move objects
[2026-07-01T01:44:03.876+0000][54.779s][info][gc,phases      ] GC(174) Phase 4: Move objects 0.351ms
[2026-07-01T01:44:03.876+0000][54.779s][info][gc,heap        ] GC(174) DefNew: 69952K(78656K)->0K(78656K) Eden: 69952K(69952K)->0K(69952K) From: 0K(8704K)->0K(8704K)
[2026-07-01T01:44:03.876+0000][54.779s][info][gc,heap        ] GC(174) Tenured: 163383K(174784K)->163900K(174784K)
[2026-07-01T01:44:03.876+0000][54.779s][info][gc,metaspace   ] GC(174) Metaspace: 41209K(42368K)->41209K(42368K) NonClass: 36188K(36864K)->36188K(36864K) Class: 5021K(5504K)->5021K(5504K)
[2026-07-01T01:44:03.876+0000][54.779s][info][gc             ] GC(174) Pause Full (Allocation Failure) 227M->160M(247M) 199.453ms
[2026-07-01T01:44:03.876+0000][54.779s][info][gc,cpu         ] GC(174) User=0.20s Sys=0.00s Real=0.20s
[2026-07-01T01:44:04.310+0000][55.213s][info][gc,start       ] GC(175) Pause Young (Allocation Failure)
[2026-07-01T01:44:04.310+0000][55.213s][info][gc             ] GC(175) Pause Young (Allocation Failure) 228M->228M(247M) 0.163ms
[2026-07-01T01:44:04.310+0000][55.213s][info][gc,cpu         ] GC(175) User=0.00s Sys=0.00s Real=0.00s
[2026-07-01T01:44:04.310+0000][55.213s][info][gc,start       ] GC(176) Pause Full (Allocation Failure)
[2026-07-01T01:44:04.310+0000][55.213s][info][gc,phases,start] GC(176) Phase 1: Mark live objects
[2026-07-01T01:44:04.412+0000][55.315s][info][gc,phases      ] GC(176) Phase 1: Mark live objects 101.392ms
[2026-07-01T01:44:04.412+0000][55.315s][info][gc,phases,start] GC(176) Phase 2: Compute new object addresses
[2026-07-01T01:44:04.460+0000][55.363s][info][gc,phases      ] GC(176) Phase 2: Compute new object addresses 48.067ms
[2026-07-01T01:44:04.460+0000][55.363s][info][gc,phases,start] GC(176) Phase 3: Adjust pointers
[2026-07-01T01:44:04.510+0000][55.413s][info][gc,phases      ] GC(176) Phase 3: Adjust pointers 50.011ms
[2026-07-01T01:44:04.510+0000][55.413s][info][gc,phases,start] GC(176) Phase 4: Move objects
[2026-07-01T01:44:04.510+0000][55.414s][info][gc,phases      ] GC(176) Phase 4: Move objects 0.547ms
[2026-07-01T01:44:04.510+0000][55.414s][info][gc,heap        ] GC(176) DefNew: 69952K(78656K)->0K(78656K) Eden: 69952K(69952K)->0K(69952K) From: 0K(8704K)->0K(8704K)
[2026-07-01T01:44:04.510+0000][55.414s][info][gc,heap        ] GC(176) Tenured: 163900K(174784K)->165348K(174784K)
[2026-07-01T01:44:04.510+0000][55.414s][info][gc,metaspace   ] GC(176) Metaspace: 41221K(42368K)->41221K(42368K) NonClass: 36199K(36864K)->36199K(36864K) Class: 5021K(5504K)->5021K(5504K)
[2026-07-01T01:44:04.511+0000][55.414s][info][gc             ] GC(176) Pause Full (Allocation Failure) 228M->161M(247M) 200.418ms
[2026-07-01T01:44:04.511+0000][55.414s][info][gc,cpu         ] GC(176) User=0.20s Sys=0.00s Real=0.20s
[2026-07-01T01:44:04.880+0000][55.784s][info][gc,start       ] GC(177) Pause Young (Allocation Failure)
[2026-07-01T01:44:04.881+0000][55.784s][info][gc             ] GC(177) Pause Young (Allocation Failure) 229M->229M(247M) 0.108ms
[2026-07-01T01:44:04.881+0000][55.784s][info][gc,cpu         ] GC(177) User=0.00s Sys=0.00s Real=0.00s
[2026-07-01T01:44:04.881+0000][55.784s][info][gc,start       ] GC(178) Pause Full (Allocation Failure)
[2026-07-01T01:44:04.881+0000][55.784s][info][gc,phases,start] GC(178) Phase 1: Mark live objects
[2026-07-01T01:44:04.980+0000][55.884s][info][gc,phases      ] GC(178) Phase 1: Mark live objects 99.824ms
[2026-07-01T01:44:04.981+0000][55.884s][info][gc,phases,start] GC(178) Phase 2: Compute new object addresses
[2026-07-01T01:44:05.029+0000][55.932s][info][gc,phases      ] GC(178) Phase 2: Compute new object addresses 48.230ms
[2026-07-01T01:44:05.029+0000][55.932s][info][gc,phases,start] GC(178) Phase 3: Adjust pointers
[2026-07-01T01:44:05.080+0000][55.984s][info][gc,phases      ] GC(178) Phase 3: Adjust pointers 51.480ms
[2026-07-01T01:44:05.080+0000][55.984s][info][gc,phases,start] GC(178) Phase 4: Move objects
[2026-07-01T01:44:05.081+0000][55.984s][info][gc,phases      ] GC(178) Phase 4: Move objects 0.481ms
[2026-07-01T01:44:05.081+0000][55.984s][info][gc,heap        ] GC(178) DefNew: 69952K(78656K)->0K(78656K) Eden: 69952K(69952K)->0K(69952K) From: 0K(8704K)->0K(8704K)
[2026-07-01T01:44:05.081+0000][55.984s][info][gc,heap        ] GC(178) Tenured: 165348K(174784K)->166463K(174784K)
[2026-07-01T01:44:05.081+0000][55.984s][info][gc,metaspace   ] GC(178) Metaspace: 41223K(42368K)->41223K(42368K) NonClass: 36201K(36864K)->36201K(36864K) Class: 5021K(5504K)->5021K(5504K)
[2026-07-01T01:44:05.081+0000][55.984s][info][gc             ] GC(178) Pause Full (Allocation Failure) 229M->162M(247M) 200.425ms
[2026-07-01T01:44:05.081+0000][55.984s][info][gc,cpu         ] GC(178) User=0.21s Sys=0.00s Real=0.20s
[2026-07-01T01:44:05.718+0000][56.621s][info][gc,start       ] GC(179) Pause Young (Allocation Failure)
[2026-07-01T01:44:05.718+0000][56.621s][info][gc             ] GC(179) Pause Young (Allocation Failure) 230M->230M(247M) 0.100ms
[2026-07-01T01:44:05.718+0000][56.621s][info][gc,cpu         ] GC(179) User=0.00s Sys=0.00s Real=0.00s
[2026-07-01T01:44:05.718+0000][56.621s][info][gc,start       ] GC(180) Pause Full (Allocation Failure)
[2026-07-01T01:44:05.718+0000][56.621s][info][gc,phases,start] GC(180) Phase 1: Mark live objects
[2026-07-01T01:44:05.914+0000][56.817s][info][gc,phases      ] GC(180) Phase 1: Mark live objects 195.790ms
[2026-07-01T01:44:05.914+0000][56.817s][info][gc,phases,start] GC(180) Phase 2: Compute new object addresses
[2026-07-01T01:44:05.981+0000][56.884s][info][gc,phases      ] GC(180) Phase 2: Compute new object addresses 67.028ms
[2026-07-01T01:44:05.981+0000][56.884s][info][gc,phases,start] GC(180) Phase 3: Adjust pointers
[2026-07-01T01:44:06.063+0000][56.966s][info][gc,phases      ] GC(180) Phase 3: Adjust pointers 82.077ms
[2026-07-01T01:44:06.063+0000][56.966s][info][gc,phases,start] GC(180) Phase 4: Move objects
[2026-07-01T01:44:06.101+0000][57.004s][info][gc,phases      ] GC(180) Phase 4: Move objects 37.857ms
[2026-07-01T01:44:06.101+0000][57.004s][info][gc,heap        ] GC(180) DefNew: 69952K(78656K)->0K(78656K) Eden: 69952K(69952K)->0K(69952K) From: 0K(8704K)->0K(8704K)
[2026-07-01T01:44:06.101+0000][57.004s][info][gc,heap        ] GC(180) Tenured: 166463K(174784K)->164025K(174784K)
[2026-07-01T01:44:06.101+0000][57.004s][info][gc,metaspace   ] GC(180) Metaspace: 41223K(42368K)->41223K(42368K) NonClass: 36201K(36864K)->36201K(36864K) Class: 5021K(5504K)->5021K(5504K)
[2026-07-01T01:44:06.101+0000][57.004s][info][gc             ] GC(180) Pause Full (Allocation Failure) 230M->160M(247M) 383.264ms
[2026-07-01T01:44:06.101+0000][57.005s][info][gc,cpu         ] GC(180) User=0.38s Sys=0.01s Real=0.39s
[2026-07-01T01:44:06.664+0000][57.567s][info][gc,start       ] GC(181) Pause Young (Allocation Failure)
[2026-07-01T01:44:06.664+0000][57.568s][info][gc             ] GC(181) Pause Young (Allocation Failure) 228M->228M(247M) 0.101ms
[2026-07-01T01:44:06.664+0000][57.568s][info][gc,cpu         ] GC(181) User=0.00s Sys=0.00s Real=0.00s
[2026-07-01T01:44:06.664+0000][57.568s][info][gc,start       ] GC(182) Pause Full (Allocation Failure)
[2026-07-01T01:44:06.664+0000][57.568s][info][gc,phases,start] GC(182) Phase 1: Mark live objects
[2026-07-01T01:44:06.764+0000][57.667s][info][gc,phases      ] GC(182) Phase 1: Mark live objects 99.403ms
[2026-07-01T01:44:06.764+0000][57.667s][info][gc,phases,start] GC(182) Phase 2: Compute new object addresses
[2026-07-01T01:44:06.812+0000][57.715s][info][gc,phases      ] GC(182) Phase 2: Compute new object addresses 48.233ms
[2026-07-01T01:44:06.812+0000][57.715s][info][gc,phases,start] GC(182) Phase 3: Adjust pointers
[2026-07-01T01:44:06.863+0000][57.767s][info][gc,phases      ] GC(182) Phase 3: Adjust pointers 51.301ms
[2026-07-01T01:44:06.863+0000][57.767s][info][gc,phases,start] GC(182) Phase 4: Move objects
[2026-07-01T01:44:06.864+0000][57.767s][info][gc,phases      ] GC(182) Phase 4: Move objects 0.562ms
[2026-07-01T01:44:06.864+0000][57.767s][info][gc,heap        ] GC(182) DefNew: 69951K(78656K)->0K(78656K) Eden: 69951K(69952K)->0K(69952K) From: 0K(8704K)->0K(8704K)
[2026-07-01T01:44:06.864+0000][57.767s][info][gc,heap        ] GC(182) Tenured: 164025K(174784K)->165745K(174784K)
[2026-07-01T01:44:06.864+0000][57.767s][info][gc,metaspace   ] GC(182) Metaspace: 41239K(42368K)->41239K(42368K) NonClass: 36215K(36864K)->36215K(36864K) Class: 5023K(5504K)->5023K(5504K)
[2026-07-01T01:44:06.864+0000][57.768s][info][gc             ] GC(182) Pause Full (Allocation Failure) 228M->161M(247M) 199.907ms
[2026-07-01T01:44:06.864+0000][57.768s][info][gc,cpu         ] GC(182) User=0.20s Sys=0.01s Real=0.20s
[2026-07-01T01:44:07.277+0000][58.180s][info][gc,start       ] GC(183) Pause Young (Allocation Failure)
[2026-07-01T01:44:07.277+0000][58.180s][info][gc             ] GC(183) Pause Young (Allocation Failure) 230M->230M(247M) 0.126ms
[2026-07-01T01:44:07.277+0000][58.180s][info][gc,cpu         ] GC(183) User=0.00s Sys=0.00s Real=0.00s
[2026-07-01T01:44:07.277+0000][58.180s][info][gc,start       ] GC(184) Pause Full (Allocation Failure)
[2026-07-01T01:44:07.277+0000][58.180s][info][gc,phases,start] GC(184) Phase 1: Mark live objects
[2026-07-01T01:44:07.387+0000][58.290s][info][gc,phases      ] GC(184) Phase 1: Mark live objects 110.012ms
[2026-07-01T01:44:07.387+0000][58.290s][info][gc,phases,start] GC(184) Phase 2: Compute new object addresses
[2026-07-01T01:44:07.435+0000][58.339s][info][gc,phases      ] GC(184) Phase 2: Compute new object addresses 48.307ms
[2026-07-01T01:44:07.435+0000][58.339s][info][gc,phases,start] GC(184) Phase 3: Adjust pointers
[2026-07-01T01:44:07.487+0000][58.390s][info][gc,phases      ] GC(184) Phase 3: Adjust pointers 51.123ms
[2026-07-01T01:44:07.487+0000][58.390s][info][gc,phases,start] GC(184) Phase 4: Move objects
[2026-07-01T01:44:07.487+0000][58.390s][info][gc,phases      ] GC(184) Phase 4: Move objects 0.360ms
[2026-07-01T01:44:07.487+0000][58.390s][info][gc,heap        ] GC(184) DefNew: 69952K(78656K)->0K(78656K) Eden: 69952K(69952K)->0K(69952K) From: 0K(8704K)->0K(8704K)
[2026-07-01T01:44:07.487+0000][58.390s][info][gc,heap        ] GC(184) Tenured: 165745K(174784K)->166411K(174784K)
[2026-07-01T01:44:07.487+0000][58.390s][info][gc,metaspace   ] GC(184) Metaspace: 41239K(42368K)->41239K(42368K) NonClass: 36215K(36864K)->36215K(36864K) Class: 5023K(5504K)->5023K(5504K)
[2026-07-01T01:44:07.487+0000][58.390s][info][gc             ] GC(184) Pause Full (Allocation Failure) 230M->162M(247M) 210.221ms
[2026-07-01T01:44:07.487+0000][58.390s][info][gc,cpu         ] GC(184) User=0.26s Sys=0.00s Real=0.21s
[2026-07-01T01:44:07.875+0000][58.778s][info][gc,start       ] GC(185) Pause Young (Allocation Failure)
[2026-07-01T01:44:07.875+0000][58.779s][info][gc             ] GC(185) Pause Young (Allocation Failure) 230M->230M(247M) 0.131ms
[2026-07-01T01:44:07.875+0000][58.779s][info][gc,cpu         ] GC(185) User=0.00s Sys=0.00s Real=0.00s
[2026-07-01T01:44:07.875+0000][58.779s][info][gc,start       ] GC(186) Pause Full (Allocation Failure)
[2026-07-01T01:44:07.875+0000][58.779s][info][gc,phases,start] GC(186) Phase 1: Mark live objects
[2026-07-01T01:44:07.976+0000][58.880s][info][gc,phases      ] GC(186) Phase 1: Mark live objects 101.138ms
[2026-07-01T01:44:07.977+0000][58.880s][info][gc,phases,start] GC(186) Phase 2: Compute new object addresses
[2026-07-01T01:44:08.025+0000][58.928s][info][gc,phases      ] GC(186) Phase 2: Compute new object addresses 48.485ms
[2026-07-01T01:44:08.025+0000][58.928s][info][gc,phases,start] GC(186) Phase 3: Adjust pointers
[2026-07-01T01:44:08.077+0000][58.980s][info][gc,phases      ] GC(186) Phase 3: Adjust pointers 51.631ms
[2026-07-01T01:44:08.077+0000][58.980s][info][gc,phases,start] GC(186) Phase 4: Move objects
[2026-07-01T01:44:08.077+0000][58.980s][info][gc,phases      ] GC(186) Phase 4: Move objects 0.413ms
[2026-07-01T01:44:08.077+0000][58.981s][info][gc,heap        ] GC(186) DefNew: 69952K(78656K)->0K(78656K) Eden: 69952K(69952K)->0K(69952K) From: 0K(8704K)->0K(8704K)
[2026-07-01T01:44:08.077+0000][58.981s][info][gc,heap        ] GC(186) Tenured: 166411K(174784K)->167325K(174784K)
[2026-07-01T01:44:08.077+0000][58.981s][info][gc,metaspace   ] GC(186) Metaspace: 41239K(42368K)->41239K(42368K) NonClass: 36215K(36864K)->36215K(36864K) Class: 5023K(5504K)->5023K(5504K)
[2026-07-01T01:44:08.077+0000][58.981s][info][gc             ] GC(186) Pause Full (Allocation Failure) 230M->163M(247M) 202.069ms
[2026-07-01T01:44:08.077+0000][58.981s][info][gc,cpu         ] GC(186) User=0.20s Sys=0.00s Real=0.20s
[2026-07-01T01:44:08.453+0000][59.356s][info][gc,start       ] GC(187) Pause Young (Allocation Failure)
[2026-07-01T01:44:08.453+0000][59.356s][info][gc             ] GC(187) Pause Young (Allocation Failure) 231M->231M(247M) 0.106ms
[2026-07-01T01:44:08.453+0000][59.356s][info][gc,cpu         ] GC(187) User=0.00s Sys=0.00s Real=0.00s
[2026-07-01T01:44:08.453+0000][59.356s][info][gc,start       ] GC(188) Pause Full (Allocation Failure)
[2026-07-01T01:44:08.453+0000][59.356s][info][gc,phases,start] GC(188) Phase 1: Mark live objects
[2026-07-01T01:44:08.557+0000][59.460s][info][gc,phases      ] GC(188) Phase 1: Mark live objects 104.178ms
[2026-07-01T01:44:08.557+0000][59.460s][info][gc,phases,start] GC(188) Phase 2: Compute new object addresses
[2026-07-01T01:44:08.605+0000][59.508s][info][gc,phases      ] GC(188) Phase 2: Compute new object addresses 47.939ms
[2026-07-01T01:44:08.605+0000][59.508s][info][gc,phases,start] GC(188) Phase 3: Adjust pointers
[2026-07-01T01:44:08.661+0000][59.564s][info][gc,phases      ] GC(188) Phase 3: Adjust pointers 55.591ms
[2026-07-01T01:44:08.661+0000][59.564s][info][gc,phases,start] GC(188) Phase 4: Move objects
[2026-07-01T01:44:08.691+0000][59.594s][info][gc,phases      ] GC(188) Phase 4: Move objects 29.754ms
[2026-07-01T01:44:08.691+0000][59.594s][info][gc,heap        ] GC(188) DefNew: 69952K(78656K)->0K(78656K) Eden: 69952K(69952K)->0K(69952K) From: 0K(8704K)->0K(8704K)
[2026-07-01T01:44:08.691+0000][59.594s][info][gc,heap        ] GC(188) Tenured: 167325K(174784K)->164821K(174784K)
[2026-07-01T01:44:08.691+0000][59.594s][info][gc,metaspace   ] GC(188) Metaspace: 41241K(42368K)->41241K(42368K) NonClass: 36218K(36864K)->36218K(36864K) Class: 5023K(5504K)->5023K(5504K)
[2026-07-01T01:44:08.691+0000][59.594s][info][gc             ] GC(188) Pause Full (Allocation Failure) 231M->160M(247M) 237.870ms
[2026-07-01T01:44:08.691+0000][59.594s][info][gc,cpu         ] GC(188) User=0.25s Sys=0.00s Real=0.24s
[2026-07-01T01:44:09.065+0000][59.969s][info][gc,start       ] GC(189) Pause Young (Allocation Failure)
[2026-07-01T01:44:09.065+0000][59.969s][info][gc             ] GC(189) Pause Young (Allocation Failure) 229M->229M(247M) 0.091ms
[2026-07-01T01:44:09.065+0000][59.969s][info][gc,cpu         ] GC(189) User=0.00s Sys=0.00s Real=0.00s
[2026-07-01T01:44:09.065+0000][59.969s][info][gc,start       ] GC(190) Pause Full (Allocation Failure)
[2026-07-01T01:44:09.065+0000][59.969s][info][gc,phases,start] GC(190) Phase 1: Mark live objects
[2026-07-01T01:44:09.169+0000][60.072s][info][gc,phases      ] GC(190) Phase 1: Mark live objects 103.099ms
[2026-07-01T01:44:09.169+0000][60.072s][info][gc,phases,start] GC(190) Phase 2: Compute new object addresses
[2026-07-01T01:44:09.217+0000][60.120s][info][gc,phases      ] GC(190) Phase 2: Compute new object addresses 48.493ms
[2026-07-01T01:44:09.217+0000][60.120s][info][gc,phases,start] GC(190) Phase 3: Adjust pointers
[2026-07-01T01:44:09.269+0000][60.172s][info][gc,phases      ] GC(190) Phase 3: Adjust pointers 51.686ms
[2026-07-01T01:44:09.269+0000][60.172s][info][gc,phases,start] GC(190) Phase 4: Move objects
[2026-07-01T01:44:09.269+0000][60.173s][info][gc,phases      ] GC(190) Phase 4: Move objects 0.390ms
[2026-07-01T01:44:09.269+0000][60.173s][info][gc,heap        ] GC(190) DefNew: 69952K(78656K)->0K(78656K) Eden: 69952K(69952K)->0K(69952K) From: 0K(8704K)->0K(8704K)
[2026-07-01T01:44:09.269+0000][60.173s][info][gc,heap        ] GC(190) Tenured: 164821K(174784K)->165469K(174784K)
[2026-07-01T01:44:09.269+0000][60.173s][info][gc,metaspace   ] GC(190) Metaspace: 41242K(42368K)->41242K(42368K) NonClass: 36219K(36864K)->36219K(36864K) Class: 5023K(5504K)->5023K(5504K)
[2026-07-01T01:44:09.270+0000][60.173s][info][gc             ] GC(190) Pause Full (Allocation Failure) 229M->161M(247M) 204.027ms
[2026-07-01T01:44:09.270+0000][60.173s][info][gc,cpu         ] GC(190) User=0.20s Sys=0.00s Real=0.21s
[2026-07-01T01:44:09.607+0000][60.511s][info][gc,start       ] GC(191) Pause Young (Allocation Failure)
[2026-07-01T01:44:09.607+0000][60.511s][info][gc             ] GC(191) Pause Young (Allocation Failure) 229M->229M(247M) 0.106ms
[2026-07-01T01:44:09.607+0000][60.511s][info][gc,cpu         ] GC(191) User=0.00s Sys=0.00s Real=0.00s
[2026-07-01T01:44:09.607+0000][60.511s][info][gc,start       ] GC(192) Pause Full (Allocation Failure)
[2026-07-01T01:44:09.607+0000][60.511s][info][gc,phases,start] GC(192) Phase 1: Mark live objects
[2026-07-01T01:44:09.712+0000][60.615s][info][gc,phases      ] GC(192) Phase 1: Mark live objects 104.406ms
[2026-07-01T01:44:09.712+0000][60.615s][info][gc,phases,start] GC(192) Phase 2: Compute new object addresses
[2026-07-01T01:44:09.760+0000][60.664s][info][gc,phases      ] GC(192) Phase 2: Compute new object addresses 48.464ms
[2026-07-01T01:44:09.760+0000][60.664s][info][gc,phases,start] GC(192) Phase 3: Adjust pointers
[2026-07-01T01:44:09.812+0000][60.715s][info][gc,phases      ] GC(192) Phase 3: Adjust pointers 51.634ms
[2026-07-01T01:44:09.812+0000][60.715s][info][gc,phases,start] GC(192) Phase 4: Move objects
[2026-07-01T01:44:09.813+0000][60.716s][info][gc,phases      ] GC(192) Phase 4: Move objects 0.531ms
[2026-07-01T01:44:09.813+0000][60.716s][info][gc,heap        ] GC(192) DefNew: 69952K(78656K)->0K(78656K) Eden: 69952K(69952K)->0K(69952K) From: 0K(8704K)->0K(8704K)
[2026-07-01T01:44:09.813+0000][60.716s][info][gc,heap        ] GC(192) Tenured: 165469K(174784K)->166841K(174784K)
[2026-07-01T01:44:09.813+0000][60.716s][info][gc,metaspace   ] GC(192) Metaspace: 41242K(42368K)->41242K(42368K) NonClass: 36219K(36864K)->36219K(36864K) Class: 5023K(5504K)->5023K(5504K)
[2026-07-01T01:44:09.813+0000][60.716s][info][gc             ] GC(192) Pause Full (Allocation Failure) 229M->162M(247M) 205.412ms
[2026-07-01T01:44:09.813+0000][60.716s][info][gc,cpu         ] GC(192) User=0.20s Sys=0.00s Real=0.21s
[2026-07-01T01:44:10.146+0000][61.050s][info][gc,start       ] GC(193) Pause Young (Allocation Failure)
[2026-07-01T01:44:10.147+0000][61.050s][info][gc             ] GC(193) Pause Young (Allocation Failure) 231M->231M(247M) 0.090ms
[2026-07-01T01:44:10.147+0000][61.050s][info][gc,cpu         ] GC(193) User=0.00s Sys=0.00s Real=0.00s
[2026-07-01T01:44:10.147+0000][61.050s][info][gc,start       ] GC(194) Pause Full (Allocation Failure)
[2026-07-01T01:44:10.147+0000][61.050s][info][gc,phases,start] GC(194) Phase 1: Mark live objects
[2026-07-01T01:44:10.249+0000][61.153s][info][gc,phases      ] GC(194) Phase 1: Mark live objects 102.788ms
[2026-07-01T01:44:10.249+0000][61.153s][info][gc,phases,start] GC(194) Phase 2: Compute new object addresses
[2026-07-01T01:44:10.298+0000][61.201s][info][gc,phases      ] GC(194) Phase 2: Compute new object addresses 48.719ms
[2026-07-01T01:44:10.298+0000][61.201s][info][gc,phases,start] GC(194) Phase 3: Adjust pointers
[2026-07-01T01:44:10.350+0000][61.253s][info][gc,phases      ] GC(194) Phase 3: Adjust pointers 51.428ms
[2026-07-01T01:44:10.350+0000][61.253s][info][gc,phases,start] GC(194) Phase 4: Move objects
[2026-07-01T01:44:10.350+0000][61.253s][info][gc,phases      ] GC(194) Phase 4: Move objects 0.472ms
[2026-07-01T01:44:10.350+0000][61.254s][info][gc,heap        ] GC(194) DefNew: 69952K(78656K)->0K(78656K) Eden: 69952K(69952K)->0K(69952K) From: 0K(8704K)->0K(8704K)
[2026-07-01T01:44:10.350+0000][61.254s][info][gc,heap        ] GC(194) Tenured: 166841K(174784K)->167992K(174784K)
[2026-07-01T01:44:10.350+0000][61.254s][info][gc,metaspace   ] GC(194) Metaspace: 41242K(42368K)->41242K(42368K) NonClass: 36219K(36864K)->36219K(36864K) Class: 5023K(5504K)->5023K(5504K)
[2026-07-01T01:44:10.350+0000][61.254s][info][gc             ] GC(194) Pause Full (Allocation Failure) 231M->164M(247M) 203.787ms
[2026-07-01T01:44:10.350+0000][61.254s][info][gc,cpu         ] GC(194) User=0.20s Sys=0.00s Real=0.21s
[2026-07-01T01:44:10.920+0000][61.823s][info][gc,start       ] GC(195) Pause Young (Allocation Failure)
[2026-07-01T01:44:10.920+0000][61.823s][info][gc             ] GC(195) Pause Young (Allocation Failure) 232M->232M(247M) 0.108ms
[2026-07-01T01:44:10.920+0000][61.823s][info][gc,cpu         ] GC(195) User=0.00s Sys=0.00s Real=0.00s
[2026-07-01T01:44:10.920+0000][61.823s][info][gc,start       ] GC(196) Pause Full (Allocation Failure)
[2026-07-01T01:44:10.920+0000][61.823s][info][gc,phases,start] GC(196) Phase 1: Mark live objects
[2026-07-01T01:44:11.108+0000][62.011s][info][gc,phases      ] GC(196) Phase 1: Mark live objects 187.981ms
[2026-07-01T01:44:11.108+0000][62.011s][info][gc,phases,start] GC(196) Phase 2: Compute new object addresses
[2026-07-01T01:44:11.173+0000][62.077s][info][gc,phases      ] GC(196) Phase 2: Compute new object addresses 65.373ms
[2026-07-01T01:44:11.173+0000][62.077s][info][gc,phases,start] GC(196) Phase 3: Adjust pointers
[2026-07-01T01:44:11.257+0000][62.160s][info][gc,phases      ] GC(196) Phase 3: Adjust pointers 83.494ms
[2026-07-01T01:44:11.257+0000][62.160s][info][gc,phases,start] GC(196) Phase 4: Move objects
[2026-07-01T01:44:11.298+0000][62.201s][info][gc,phases      ] GC(196) Phase 4: Move objects 40.969ms
[2026-07-01T01:44:11.298+0000][62.201s][info][gc,heap        ] GC(196) DefNew: 69952K(78656K)->0K(78656K) Eden: 69952K(69952K)->0K(69952K) From: 0K(8704K)->0K(8704K)
[2026-07-01T01:44:11.298+0000][62.202s][info][gc,heap        ] GC(196) Tenured: 167992K(174784K)->165482K(174784K)
[2026-07-01T01:44:11.298+0000][62.202s][info][gc,metaspace   ] GC(196) Metaspace: 41242K(42368K)->41242K(42368K) NonClass: 36219K(36864K)->36219K(36864K) Class: 5023K(5504K)->5023K(5504K)
[2026-07-01T01:44:11.298+0000][62.202s][info][gc             ] GC(196) Pause Full (Allocation Failure) 232M->161M(247M) 378.331ms
[2026-07-01T01:44:11.298+0000][62.202s][info][gc,cpu         ] GC(196) User=0.36s Sys=0.00s Real=0.38s
[2026-07-01T01:44:11.742+0000][62.645s][info][gc,start       ] GC(197) Pause Young (Allocation Failure)
[2026-07-01T01:44:11.742+0000][62.646s][info][gc             ] GC(197) Pause Young (Allocation Failure) 229M->229M(247M) 0.129ms
[2026-07-01T01:44:11.742+0000][62.646s][info][gc,cpu         ] GC(197) User=0.00s Sys=0.00s Real=0.00s
[2026-07-01T01:44:11.742+0000][62.646s][info][gc,start       ] GC(198) Pause Full (Allocation Failure)
[2026-07-01T01:44:11.742+0000][62.646s][info][gc,phases,start] GC(198) Phase 1: Mark live objects
[2026-07-01T01:44:11.914+0000][62.817s][info][gc,phases      ] GC(198) Phase 1: Mark live objects 171.773ms
[2026-07-01T01:44:11.914+0000][62.817s][info][gc,phases,start] GC(198) Phase 2: Compute new object addresses
[2026-07-01T01:44:11.963+0000][62.867s][info][gc,phases      ] GC(198) Phase 2: Compute new object addresses 49.296ms
[2026-07-01T01:44:11.963+0000][62.867s][info][gc,phases,start] GC(198) Phase 3: Adjust pointers
[2026-07-01T01:44:12.016+0000][62.920s][info][gc,phases      ] GC(198) Phase 3: Adjust pointers 52.904ms
[2026-07-01T01:44:12.016+0000][62.920s][info][gc,phases,start] GC(198) Phase 4: Move objects
[2026-07-01T01:44:12.017+0000][62.920s][info][gc,phases      ] GC(198) Phase 4: Move objects 0.557ms
[2026-07-01T01:44:12.017+0000][62.920s][info][gc,heap        ] GC(198) DefNew: 69952K(78656K)->0K(78656K) Eden: 69952K(69952K)->0K(69952K) From: 0K(8704K)->0K(8704K)
[2026-07-01T01:44:12.017+0000][62.920s][info][gc,heap        ] GC(198) Tenured: 165482K(174784K)->167114K(174784K)
[2026-07-01T01:44:12.017+0000][62.920s][info][gc,metaspace   ] GC(198) Metaspace: 41242K(42368K)->41242K(42368K) NonClass: 36219K(36864K)->36219K(36864K) Class: 5023K(5504K)->5023K(5504K)
[2026-07-01T01:44:12.017+0000][62.920s][info][gc             ] GC(198) Pause Full (Allocation Failure) 229M->163M(247M) 274.939ms
[2026-07-01T01:44:12.017+0000][62.921s][info][gc,cpu         ] GC(198) User=0.27s Sys=0.00s Real=0.27s
[2026-07-01T01:44:12.335+0000][63.238s][info][gc,start       ] GC(199) Pause Young (Allocation Failure)
[2026-07-01T01:44:12.335+0000][63.238s][info][gc             ] GC(199) Pause Young (Allocation Failure) 231M->231M(247M) 0.110ms
[2026-07-01T01:44:12.335+0000][63.238s][info][gc,cpu         ] GC(199) User=0.00s Sys=0.00s Real=0.00s
[2026-07-01T01:44:12.335+0000][63.238s][info][gc,start       ] GC(200) Pause Full (Allocation Failure)
[2026-07-01T01:44:12.335+0000][63.238s][info][gc,phases,start] GC(200) Phase 1: Mark live objects
[2026-07-01T01:44:12.442+0000][63.345s][info][gc,phases      ] GC(200) Phase 1: Mark live objects 106.419ms
[2026-07-01T01:44:12.442+0000][63.345s][info][gc,phases,start] GC(200) Phase 2: Compute new object addresses
[2026-07-01T01:44:12.491+0000][63.394s][info][gc,phases      ] GC(200) Phase 2: Compute new object addresses 48.886ms
[2026-07-01T01:44:12.491+0000][63.394s][info][gc,phases,start] GC(200) Phase 3: Adjust pointers
[2026-07-01T01:44:12.543+0000][63.446s][info][gc,phases      ] GC(200) Phase 3: Adjust pointers 52.554ms
[2026-07-01T01:44:12.543+0000][63.446s][info][gc,phases,start] GC(200) Phase 4: Move objects
[2026-07-01T01:44:12.544+0000][63.447s][info][gc,phases      ] GC(200) Phase 4: Move objects 0.372ms
[2026-07-01T01:44:12.544+0000][63.447s][info][gc,heap        ] GC(200) DefNew: 69952K(78656K)->0K(78656K) Eden: 69952K(69952K)->0K(69952K) From: 0K(8704K)->0K(8704K)
[2026-07-01T01:44:12.544+0000][63.447s][info][gc,heap        ] GC(200) Tenured: 167114K(174784K)->167897K(174784K)
[2026-07-01T01:44:12.544+0000][63.447s][info][gc,metaspace   ] GC(200) Metaspace: 41242K(42368K)->41242K(42368K) NonClass: 36219K(36864K)->36219K(36864K) Class: 5023K(5504K)->5023K(5504K)
[2026-07-01T01:44:12.544+0000][63.447s][info][gc             ] GC(200) Pause Full (Allocation Failure) 231M->163M(247M) 208.611ms
[2026-07-01T01:44:12.544+0000][63.447s][info][gc,cpu         ] GC(200) User=0.21s Sys=0.00s Real=0.21s
[2026-07-01T01:44:12.875+0000][63.778s][info][gc,start       ] GC(201) Pause Young (Allocation Failure)
[2026-07-01T01:44:12.875+0000][63.778s][info][gc             ] GC(201) Pause Young (Allocation Failure) 232M->232M(247M) 0.100ms
[2026-07-01T01:44:12.875+0000][63.778s][info][gc,cpu         ] GC(201) User=0.00s Sys=0.00s Real=0.00s
[2026-07-01T01:44:12.875+0000][63.778s][info][gc,start       ] GC(202) Pause Full (Allocation Failure)
[2026-07-01T01:44:12.875+0000][63.778s][info][gc,phases,start] GC(202) Phase 1: Mark live objects
[2026-07-01T01:44:12.983+0000][63.886s][info][gc,phases      ] GC(202) Phase 1: Mark live objects 108.160ms
[2026-07-01T01:44:12.983+0000][63.886s][info][gc,phases,start] GC(202) Phase 2: Compute new object addresses
[2026-07-01T01:44:13.032+0000][63.935s][info][gc,phases      ] GC(202) Phase 2: Compute new object addresses 48.940ms
[2026-07-01T01:44:13.032+0000][63.935s][info][gc,phases,start] GC(202) Phase 3: Adjust pointers
[2026-07-01T01:44:13.085+0000][63.988s][info][gc,phases      ] GC(202) Phase 3: Adjust pointers 52.832ms
[2026-07-01T01:44:13.085+0000][63.988s][info][gc,phases,start] GC(202) Phase 4: Move objects
[2026-07-01T01:44:13.086+0000][63.989s][info][gc,phases      ] GC(202) Phase 4: Move objects 0.673ms
[2026-07-01T01:44:13.086+0000][63.989s][info][gc,heap        ] GC(202) DefNew: 69952K(78656K)->0K(78656K) Eden: 69952K(69952K)->0K(69952K) From: 0K(8704K)->0K(8704K)
[2026-07-01T01:44:13.086+0000][63.989s][info][gc,heap        ] GC(202) Tenured: 167897K(174784K)->168806K(174784K)
[2026-07-01T01:44:13.086+0000][63.989s][info][gc,metaspace   ] GC(202) Metaspace: 41243K(42368K)->41243K(42368K) NonClass: 36219K(36864K)->36219K(36864K) Class: 5023K(5504K)->5023K(5504K)
[2026-07-01T01:44:13.086+0000][63.989s][info][gc             ] GC(202) Pause Full (Allocation Failure) 232M->164M(247M) 210.985ms
[2026-07-01T01:44:13.086+0000][63.989s][info][gc,cpu         ] GC(202) User=0.21s Sys=0.00s Real=0.21s
[2026-07-01T01:44:13.425+0000][64.328s][info][gc,start       ] GC(203) Pause Young (Allocation Failure)
[2026-07-01T01:44:13.425+0000][64.328s][info][gc             ] GC(203) Pause Young (Allocation Failure) 233M->233M(247M) 0.112ms
[2026-07-01T01:44:13.425+0000][64.328s][info][gc,cpu         ] GC(203) User=0.00s Sys=0.00s Real=0.00s
[2026-07-01T01:44:13.425+0000][64.328s][info][gc,start       ] GC(204) Pause Full (Allocation Failure)
[2026-07-01T01:44:13.425+0000][64.328s][info][gc,phases,start] GC(204) Phase 1: Mark live objects
[2026-07-01T01:44:13.531+0000][64.434s][info][gc,phases      ] GC(204) Phase 1: Mark live objects 106.133ms
[2026-07-01T01:44:13.531+0000][64.434s][info][gc,phases,start] GC(204) Phase 2: Compute new object addresses
[2026-07-01T01:44:13.579+0000][64.483s][info][gc,phases      ] GC(204) Phase 2: Compute new object addresses 48.347ms
[2026-07-01T01:44:13.579+0000][64.483s][info][gc,phases,start] GC(204) Phase 3: Adjust pointers
[2026-07-01T01:44:13.637+0000][64.540s][info][gc,phases      ] GC(204) Phase 3: Adjust pointers 57.698ms
[2026-07-01T01:44:13.637+0000][64.540s][info][gc,phases,start] GC(204) Phase 4: Move objects
[2026-07-01T01:44:13.668+0000][64.571s][info][gc,phases      ] GC(204) Phase 4: Move objects 30.689ms
[2026-07-01T01:44:13.668+0000][64.571s][info][gc,heap        ] GC(204) DefNew: 69952K(78656K)->0K(78656K) Eden: 69952K(69952K)->0K(69952K) From: 0K(8704K)->0K(8704K)
[2026-07-01T01:44:13.668+0000][64.571s][info][gc,heap        ] GC(204) Tenured: 168806K(174784K)->166329K(174784K)
[2026-07-01T01:44:13.668+0000][64.571s][info][gc,metaspace   ] GC(204) Metaspace: 41243K(42368K)->41243K(42368K) NonClass: 36219K(36864K)->36219K(36864K) Class: 5023K(5504K)->5023K(5504K)
[2026-07-01T01:44:13.668+0000][64.571s][info][gc             ] GC(204) Pause Full (Allocation Failure) 233M->162M(247M) 243.295ms
[2026-07-01T01:44:13.668+0000][64.571s][info][gc,cpu         ] GC(204) User=0.24s Sys=0.00s Real=0.25s
[2026-07-01T01:44:14.004+0000][64.907s][info][gc,start       ] GC(205) Pause Young (Allocation Failure)
[2026-07-01T01:44:14.004+0000][64.907s][info][gc             ] GC(205) Pause Young (Allocation Failure) 230M->230M(247M) 0.138ms
[2026-07-01T01:44:14.004+0000][64.907s][info][gc,cpu         ] GC(205) User=0.00s Sys=0.00s Real=0.00s
[2026-07-01T01:44:14.004+0000][64.907s][info][gc,start       ] GC(206) Pause Full (Allocation Failure)
[2026-07-01T01:44:14.004+0000][64.907s][info][gc,phases,start] GC(206) Phase 1: Mark live objects
[2026-07-01T01:44:14.112+0000][65.015s][info][gc,phases      ] GC(206) Phase 1: Mark live objects 108.462ms
[2026-07-01T01:44:14.112+0000][65.016s][info][gc,phases,start] GC(206) Phase 2: Compute new object addresses
[2026-07-01T01:44:14.162+0000][65.065s][info][gc,phases      ] GC(206) Phase 2: Compute new object addresses 49.515ms
[2026-07-01T01:44:14.162+0000][65.065s][info][gc,phases,start] GC(206) Phase 3: Adjust pointers
[2026-07-01T01:44:14.216+0000][65.119s][info][gc,phases      ] GC(206) Phase 3: Adjust pointers 53.832ms
[2026-07-01T01:44:14.216+0000][65.119s][info][gc,phases,start] GC(206) Phase 4: Move objects
[2026-07-01T01:44:14.216+0000][65.119s][info][gc,phases      ] GC(206) Phase 4: Move objects 0.359ms
[2026-07-01T01:44:14.216+0000][65.120s][info][gc,heap        ] GC(206) DefNew: 69952K(78656K)->0K(78656K) Eden: 69952K(69952K)->0K(69952K) From: 0K(8704K)->0K(8704K)
[2026-07-01T01:44:14.216+0000][65.120s][info][gc,heap        ] GC(206) Tenured: 166329K(174784K)->166979K(174784K)
[2026-07-01T01:44:14.216+0000][65.120s][info][gc,metaspace   ] GC(206) Metaspace: 41243K(42368K)->41243K(42368K) NonClass: 36219K(36864K)->36219K(36864K) Class: 5023K(5504K)->5023K(5504K)
[2026-07-01T01:44:14.216+0000][65.120s][info][gc             ] GC(206) Pause Full (Allocation Failure) 230M->163M(247M) 212.597ms
[2026-07-01T01:44:14.216+0000][65.120s][info][gc,cpu         ] GC(206) User=0.21s Sys=0.00s Real=0.21s
[2026-07-01T01:44:14.534+0000][65.437s][info][gc,start       ] GC(207) Pause Young (Allocation Failure)
[2026-07-01T01:44:14.534+0000][65.437s][info][gc             ] GC(207) Pause Young (Allocation Failure) 231M->231M(247M) 0.121ms
[2026-07-01T01:44:14.534+0000][65.437s][info][gc,cpu         ] GC(207) User=0.00s Sys=0.00s Real=0.00s
[2026-07-01T01:44:14.534+0000][65.437s][info][gc,start       ] GC(208) Pause Full (Allocation Failure)
[2026-07-01T01:44:14.534+0000][65.437s][info][gc,phases,start] GC(208) Phase 1: Mark live objects
[2026-07-01T01:44:14.643+0000][65.546s][info][gc,phases      ] GC(208) Phase 1: Mark live objects 108.787ms
[2026-07-01T01:44:14.643+0000][65.546s][info][gc,phases,start] GC(208) Phase 2: Compute new object addresses
[2026-07-01T01:44:14.692+0000][65.595s][info][gc,phases      ] GC(208) Phase 2: Compute new object addresses 48.972ms
[2026-07-01T01:44:14.692+0000][65.595s][info][gc,phases,start] GC(208) Phase 3: Adjust pointers
[2026-07-01T01:44:14.745+0000][65.649s][info][gc,phases      ] GC(208) Phase 3: Adjust pointers 53.612ms
[2026-07-01T01:44:14.745+0000][65.649s][info][gc,phases,start] GC(208) Phase 4: Move objects
[2026-07-01T01:44:14.746+0000][65.649s][info][gc,phases      ] GC(208) Phase 4: Move objects 0.425ms
[2026-07-01T01:44:14.746+0000][65.649s][info][gc,heap        ] GC(208) DefNew: 69952K(78656K)->0K(78656K) Eden: 69952K(69952K)->0K(69952K) From: 0K(8704K)->0K(8704K)
[2026-07-01T01:44:14.746+0000][65.649s][info][gc,heap        ] GC(208) Tenured: 166979K(174784K)->168197K(174784K)
[2026-07-01T01:44:14.746+0000][65.649s][info][gc,metaspace   ] GC(208) Metaspace: 41243K(42368K)->41243K(42368K) NonClass: 36219K(36864K)->36219K(36864K) Class: 5023K(5504K)->5023K(5504K)
[2026-07-01T01:44:14.746+0000][65.649s][info][gc             ] GC(208) Pause Full (Allocation Failure) 231M->164M(247M) 212.194ms
[2026-07-01T01:44:14.746+0000][65.649s][info][gc,cpu         ] GC(208) User=0.21s Sys=0.00s Real=0.21s
[2026-07-01T01:44:15.059+0000][65.962s][info][gc,start       ] GC(209) Pause Young (Allocation Failure)
[2026-07-01T01:44:15.059+0000][65.962s][info][gc             ] GC(209) Pause Young (Allocation Failure) 232M->232M(247M) 0.097ms
[2026-07-01T01:44:15.059+0000][65.962s][info][gc,cpu         ] GC(209) User=0.00s Sys=0.00s Real=0.00s
[2026-07-01T01:44:15.059+0000][65.962s][info][gc,start       ] GC(210) Pause Full (Allocation Failure)
[2026-07-01T01:44:15.059+0000][65.962s][info][gc,phases,start] GC(210) Phase 1: Mark live objects
[2026-07-01T01:44:15.168+0000][66.071s][info][gc,phases      ] GC(210) Phase 1: Mark live objects 108.968ms
[2026-07-01T01:44:15.168+0000][66.071s][info][gc,phases,start] GC(210) Phase 2: Compute new object addresses
[2026-07-01T01:44:15.217+0000][66.120s][info][gc,phases      ] GC(210) Phase 2: Compute new object addresses 49.107ms
[2026-07-01T01:44:15.217+0000][66.121s][info][gc,phases,start] GC(210) Phase 3: Adjust pointers
[2026-07-01T01:44:15.270+0000][66.173s][info][gc,phases      ] GC(210) Phase 3: Adjust pointers 52.859ms
[2026-07-01T01:44:15.270+0000][66.173s][info][gc,phases,start] GC(210) Phase 4: Move objects
[2026-07-01T01:44:15.271+0000][66.174s][info][gc,phases      ] GC(210) Phase 4: Move objects 0.460ms
[2026-07-01T01:44:15.271+0000][66.174s][info][gc,heap        ] GC(210) DefNew: 69952K(78656K)->0K(78656K) Eden: 69952K(69952K)->0K(69952K) From: 0K(8704K)->0K(8704K)
[2026-07-01T01:44:15.271+0000][66.174s][info][gc,heap        ] GC(210) Tenured: 168197K(174784K)->169348K(174784K)
[2026-07-01T01:44:15.271+0000][66.174s][info][gc,metaspace   ] GC(210) Metaspace: 41244K(42368K)->41244K(42368K) NonClass: 36220K(36864K)->36220K(36864K) Class: 5023K(5504K)->5023K(5504K)
[2026-07-01T01:44:15.271+0000][66.174s][info][gc             ] GC(210) Pause Full (Allocation Failure) 232M->165M(247M) 211.766ms
[2026-07-01T01:44:15.271+0000][66.174s][info][gc,cpu         ] GC(210) User=0.21s Sys=0.00s Real=0.21s
[2026-07-01T01:44:15.582+0000][66.486s][info][gc,start       ] GC(211) Pause Young (Allocation Failure)
[2026-07-01T01:44:15.583+0000][66.486s][info][gc             ] GC(211) Pause Young (Allocation Failure) 233M->233M(247M) 0.193ms
[2026-07-01T01:44:15.583+0000][66.486s][info][gc,cpu         ] GC(211) User=0.00s Sys=0.00s Real=0.00s
[2026-07-01T01:44:15.583+0000][66.486s][info][gc,start       ] GC(212) Pause Full (Allocation Failure)
[2026-07-01T01:44:15.583+0000][66.486s][info][gc,phases,start] GC(212) Phase 1: Mark live objects
[2026-07-01T01:44:15.690+0000][66.593s][info][gc,phases      ] GC(212) Phase 1: Mark live objects 106.893ms
[2026-07-01T01:44:15.690+0000][66.593s][info][gc,phases,start] GC(212) Phase 2: Compute new object addresses
[2026-07-01T01:44:15.738+0000][66.642s][info][gc,phases      ] GC(212) Phase 2: Compute new object addresses 48.741ms
[2026-07-01T01:44:15.738+0000][66.642s][info][gc,phases,start] GC(212) Phase 3: Adjust pointers
[2026-07-01T01:44:15.796+0000][66.700s][info][gc,phases      ] GC(212) Phase 3: Adjust pointers 57.826ms
[2026-07-01T01:44:15.796+0000][66.700s][info][gc,phases,start] GC(212) Phase 4: Move objects
[2026-07-01T01:44:15.827+0000][66.730s][info][gc,phases      ] GC(212) Phase 4: Move objects 30.681ms
[2026-07-01T01:44:15.827+0000][66.731s][info][gc,heap        ] GC(212) DefNew: 69952K(78656K)->0K(78656K) Eden: 69952K(69952K)->0K(69952K) From: 0K(8704K)->0K(8704K)
[2026-07-01T01:44:15.827+0000][66.731s][info][gc,heap        ] GC(212) Tenured: 169348K(174784K)->167018K(174784K)
[2026-07-01T01:44:15.827+0000][66.731s][info][gc,metaspace   ] GC(212) Metaspace: 41244K(42368K)->41244K(42368K) NonClass: 36220K(36864K)->36220K(36864K) Class: 5023K(5504K)->5023K(5504K)
[2026-07-01T01:44:15.827+0000][66.731s][info][gc             ] GC(212) Pause Full (Allocation Failure) 233M->163M(247M) 244.563ms
[2026-07-01T01:44:15.827+0000][66.731s][info][gc,cpu         ] GC(212) User=0.25s Sys=0.01s Real=0.24s
[2026-07-01T01:44:16.141+0000][67.045s][info][gc,start       ] GC(213) Pause Young (Allocation Failure)
[2026-07-01T01:44:16.141+0000][67.045s][info][gc             ] GC(213) Pause Young (Allocation Failure) 231M->231M(247M) 0.099ms
[2026-07-01T01:44:16.141+0000][67.045s][info][gc,cpu         ] GC(213) User=0.00s Sys=0.00s Real=0.00s
[2026-07-01T01:44:16.141+0000][67.045s][info][gc,start       ] GC(214) Pause Full (Allocation Failure)
[2026-07-01T01:44:16.142+0000][67.045s][info][gc,phases,start] GC(214) Phase 1: Mark live objects
[2026-07-01T01:44:16.253+0000][67.157s][info][gc,phases      ] GC(214) Phase 1: Mark live objects 111.891ms
[2026-07-01T01:44:16.253+0000][67.157s][info][gc,phases,start] GC(214) Phase 2: Compute new object addresses
[2026-07-01T01:44:16.303+0000][67.206s][info][gc,phases      ] GC(214) Phase 2: Compute new object addresses 49.211ms
[2026-07-01T01:44:16.303+0000][67.206s][info][gc,phases,start] GC(214) Phase 3: Adjust pointers
[2026-07-01T01:44:16.357+0000][67.260s][info][gc,phases      ] GC(214) Phase 3: Adjust pointers 53.801ms
[2026-07-01T01:44:16.357+0000][67.260s][info][gc,phases,start] GC(214) Phase 4: Move objects
[2026-07-01T01:44:16.357+0000][67.260s][info][gc,phases      ] GC(214) Phase 4: Move objects 0.577ms
[2026-07-01T01:44:16.357+0000][67.261s][info][gc,heap        ] GC(214) DefNew: 69952K(78656K)->0K(78656K) Eden: 69952K(69952K)->0K(69952K) From: 0K(8704K)->0K(8704K)
[2026-07-01T01:44:16.357+0000][67.261s][info][gc,heap        ] GC(214) Tenured: 167018K(174784K)->168733K(174784K)
[2026-07-01T01:44:16.357+0000][67.261s][info][gc,metaspace   ] GC(214) Metaspace: 41245K(42368K)->41245K(42368K) NonClass: 36221K(36864K)->36221K(36864K) Class: 5023K(5504K)->5023K(5504K)
[2026-07-01T01:44:16.357+0000][67.261s][info][gc             ] GC(214) Pause Full (Allocation Failure) 231M->164M(247M) 215.850ms
[2026-07-01T01:44:16.357+0000][67.261s][info][gc,cpu         ] GC(214) User=0.22s Sys=0.00s Real=0.21s
[2026-07-01T01:44:16.709+0000][67.612s][info][gc,start       ] GC(215) Pause Young (Allocation Failure)
[2026-07-01T01:44:16.709+0000][67.612s][info][gc             ] GC(215) Pause Young (Allocation Failure) 233M->233M(247M) 0.094ms
[2026-07-01T01:44:16.709+0000][67.612s][info][gc,cpu         ] GC(215) User=0.00s Sys=0.00s Real=0.00s
[2026-07-01T01:44:16.709+0000][67.612s][info][gc,start       ] GC(216) Pause Full (Allocation Failure)
[2026-07-01T01:44:16.709+0000][67.612s][info][gc,phases,start] GC(216) Phase 1: Mark live objects
[2026-07-01T01:44:16.901+0000][67.805s][info][gc,phases      ] GC(216) Phase 1: Mark live objects 192.465ms
[2026-07-01T01:44:16.901+0000][67.805s][info][gc,phases,start] GC(216) Phase 2: Compute new object addresses
[2026-07-01T01:44:16.970+0000][67.873s][info][gc,phases      ] GC(216) Phase 2: Compute new object addresses 68.548ms
[2026-07-01T01:44:16.970+0000][67.873s][info][gc,phases,start] GC(216) Phase 3: Adjust pointers
[2026-07-01T01:44:17.049+0000][67.952s][info][gc,phases      ] GC(216) Phase 3: Adjust pointers 78.669ms
[2026-07-01T01:44:17.049+0000][67.952s][info][gc,phases,start] GC(216) Phase 4: Move objects
[2026-07-01T01:44:17.049+0000][67.952s][info][gc,phases      ] GC(216) Phase 4: Move objects 0.450ms
[2026-07-01T01:44:17.049+0000][67.953s][info][gc,heap        ] GC(216) DefNew: 69952K(78656K)->0K(78656K) Eden: 69952K(69952K)->0K(69952K) From: 0K(8704K)->0K(8704K)
[2026-07-01T01:44:17.049+0000][67.953s][info][gc,heap        ] GC(216) Tenured: 168733K(174784K)->169473K(174784K)
[2026-07-01T01:44:17.049+0000][67.953s][info][gc,metaspace   ] GC(216) Metaspace: 41245K(42368K)->41245K(42368K) NonClass: 36221K(36864K)->36221K(36864K) Class: 5023K(5504K)->5023K(5504K)
[2026-07-01T01:44:17.049+0000][67.953s][info][gc             ] GC(216) Pause Full (Allocation Failure) 233M->165M(247M) 340.564ms
[2026-07-01T01:44:17.049+0000][67.953s][info][gc,cpu         ] GC(216) User=0.32s Sys=0.00s Real=0.34s
[2026-07-01T01:44:17.511+0000][68.414s][info][gc,start       ] GC(217) Pause Young (Allocation Failure)
[2026-07-01T01:44:17.511+0000][68.414s][info][gc             ] GC(217) Pause Young (Allocation Failure) 233M->233M(247M) 0.110ms
[2026-07-01T01:44:17.511+0000][68.414s][info][gc,cpu         ] GC(217) User=0.00s Sys=0.00s Real=0.00s
[2026-07-01T01:44:17.511+0000][68.414s][info][gc,start       ] GC(218) Pause Full (Allocation Failure)
[2026-07-01T01:44:17.511+0000][68.414s][info][gc,phases,start] GC(218) Phase 1: Mark live objects
[2026-07-01T01:44:17.704+0000][68.607s][info][gc,phases      ] GC(218) Phase 1: Mark live objects 192.812ms
[2026-07-01T01:44:17.704+0000][68.607s][info][gc,phases,start] GC(218) Phase 2: Compute new object addresses
[2026-07-01T01:44:17.773+0000][68.676s][info][gc,phases      ] GC(218) Phase 2: Compute new object addresses 68.720ms
[2026-07-01T01:44:17.773+0000][68.676s][info][gc,phases,start] GC(218) Phase 3: Adjust pointers
[2026-07-01T01:44:17.850+0000][68.753s][info][gc,phases      ] GC(218) Phase 3: Adjust pointers 77.202ms
[2026-07-01T01:44:17.850+0000][68.753s][info][gc,phases,start] GC(218) Phase 4: Move objects
[2026-07-01T01:44:17.850+0000][68.754s][info][gc,phases      ] GC(218) Phase 4: Move objects 0.448ms
[2026-07-01T01:44:17.850+0000][68.754s][info][gc,heap        ] GC(218) DefNew: 69952K(78656K)->0K(78656K) Eden: 69952K(69952K)->0K(69952K) From: 0K(8704K)->0K(8704K)
[2026-07-01T01:44:17.851+0000][68.754s][info][gc,heap        ] GC(218) Tenured: 169473K(174784K)->170342K(174784K)
[2026-07-01T01:44:17.851+0000][68.754s][info][gc,metaspace   ] GC(218) Metaspace: 41245K(42368K)->41245K(42368K) NonClass: 36221K(36864K)->36221K(36864K) Class: 5023K(5504K)->5023K(5504K)
[2026-07-01T01:44:17.851+0000][68.754s][info][gc             ] GC(218) Pause Full (Allocation Failure) 233M->166M(247M) 339.627ms
[2026-07-01T01:44:17.851+0000][68.754s][info][gc,cpu         ] GC(218) User=0.32s Sys=0.00s Real=0.34s
[2026-07-01T01:44:18.341+0000][69.244s][info][gc,start       ] GC(219) Pause Young (Allocation Failure)
[2026-07-01T01:44:18.341+0000][69.245s][info][gc             ] GC(219) Pause Young (Allocation Failure) 234M->234M(247M) 0.101ms
[2026-07-01T01:44:18.341+0000][69.245s][info][gc,cpu         ] GC(219) User=0.00s Sys=0.00s Real=0.00s
[2026-07-01T01:44:18.341+0000][69.245s][info][gc,start       ] GC(220) Pause Full (Allocation Failure)
[2026-07-01T01:44:18.341+0000][69.245s][info][gc,phases,start] GC(220) Phase 1: Mark live objects
[2026-07-01T01:44:18.470+0000][69.374s][info][gc,phases      ] GC(220) Phase 1: Mark live objects 129.002ms
[2026-07-01T01:44:18.470+0000][69.374s][info][gc,phases,start] GC(220) Phase 2: Compute new object addresses
[2026-07-01T01:44:18.519+0000][69.423s][info][gc,phases      ] GC(220) Phase 2: Compute new object addresses 48.902ms
[2026-07-01T01:44:18.519+0000][69.423s][info][gc,phases,start] GC(220) Phase 3: Adjust pointers
[2026-07-01T01:44:18.578+0000][69.481s][info][gc,phases      ] GC(220) Phase 3: Adjust pointers 58.641ms
[2026-07-01T01:44:18.578+0000][69.481s][info][gc,phases,start] GC(220) Phase 4: Move objects
[2026-07-01T01:44:18.609+0000][69.512s][info][gc,phases      ] GC(220) Phase 4: Move objects 30.960ms
[2026-07-01T01:44:18.609+0000][69.512s][info][gc,heap        ] GC(220) DefNew: 69951K(78656K)->0K(78656K) Eden: 69951K(69952K)->0K(69952K) From: 0K(8704K)->0K(8704K)
[2026-07-01T01:44:18.609+0000][69.513s][info][gc,heap        ] GC(220) Tenured: 170342K(174784K)->167722K(174784K)
[2026-07-01T01:44:18.609+0000][69.513s][info][gc,metaspace   ] GC(220) Metaspace: 41248K(42368K)->41248K(42368K) NonClass: 36224K(36864K)->36224K(36864K) Class: 5024K(5504K)->5024K(5504K)
[2026-07-01T01:44:18.609+0000][69.513s][info][gc             ] GC(220) Pause Full (Allocation Failure) 234M->163M(247M) 267.954ms
[2026-07-01T01:44:18.609+0000][69.513s][info][gc,cpu         ] GC(220) User=0.27s Sys=0.01s Real=0.27s
[2026-07-01T01:44:18.927+0000][69.831s][info][gc,start       ] GC(221) Pause Young (Allocation Failure)
[2026-07-01T01:44:18.928+0000][69.831s][info][gc             ] GC(221) Pause Young (Allocation Failure) 232M->232M(247M) 0.106ms
[2026-07-01T01:44:18.928+0000][69.831s][info][gc,cpu         ] GC(221) User=0.00s Sys=0.00s Real=0.00s
[2026-07-01T01:44:18.928+0000][69.831s][info][gc,start       ] GC(222) Pause Full (Allocation Failure)
[2026-07-01T01:44:18.928+0000][69.831s][info][gc,phases,start] GC(222) Phase 1: Mark live objects
[2026-07-01T01:44:19.044+0000][69.947s][info][gc,phases      ] GC(222) Phase 1: Mark live objects 116.468ms
[2026-07-01T01:44:19.044+0000][69.947s][info][gc,phases,start] GC(222) Phase 2: Compute new object addresses
[2026-07-01T01:44:19.094+0000][69.997s][info][gc,phases      ] GC(222) Phase 2: Compute new object addresses 49.600ms
[2026-07-01T01:44:19.094+0000][69.997s][info][gc,phases,start] GC(222) Phase 3: Adjust pointers
[2026-07-01T01:44:19.149+0000][70.052s][info][gc,phases      ] GC(222) Phase 3: Adjust pointers 55.026ms
[2026-07-01T01:44:19.149+0000][70.052s][info][gc,phases,start] GC(222) Phase 4: Move objects
[2026-07-01T01:44:19.149+0000][70.053s][info][gc,phases      ] GC(222) Phase 4: Move objects 0.427ms
[2026-07-01T01:44:19.149+0000][70.053s][info][gc,heap        ] GC(222) DefNew: 69952K(78656K)->0K(78656K) Eden: 69952K(69952K)->0K(69952K) From: 0K(8704K)->0K(8704K)
[2026-07-01T01:44:19.149+0000][70.053s][info][gc,heap        ] GC(222) Tenured: 167722K(174784K)->168389K(174784K)
[2026-07-01T01:44:19.149+0000][70.053s][info][gc,metaspace   ] GC(222) Metaspace: 41248K(42368K)->41248K(42368K) NonClass: 36224K(36864K)->36224K(36864K) Class: 5024K(5504K)->5024K(5504K)
[2026-07-01T01:44:19.150+0000][70.053s][info][gc             ] GC(222) Pause Full (Allocation Failure) 232M->164M(247M) 221.905ms
[2026-07-01T01:44:19.150+0000][70.053s][info][gc,cpu         ] GC(222) User=0.22s Sys=0.00s Real=0.23s
[2026-07-01T01:44:19.473+0000][70.376s][info][gc,start       ] GC(223) Pause Young (Allocation Failure)
[2026-07-01T01:44:19.473+0000][70.376s][info][gc             ] GC(223) Pause Young (Allocation Failure) 232M->232M(247M) 0.099ms
[2026-07-01T01:44:19.473+0000][70.376s][info][gc,cpu         ] GC(223) User=0.00s Sys=0.00s Real=0.00s
[2026-07-01T01:44:19.473+0000][70.376s][info][gc,start       ] GC(224) Pause Full (Allocation Failure)
[2026-07-01T01:44:19.473+0000][70.376s][info][gc,phases,start] GC(224) Phase 1: Mark live objects
[2026-07-01T01:44:19.588+0000][70.492s][info][gc,phases      ] GC(224) Phase 1: Mark live objects 115.218ms
[2026-07-01T01:44:19.588+0000][70.492s][info][gc,phases,start] GC(224) Phase 2: Compute new object addresses
[2026-07-01T01:44:19.638+0000][70.541s][info][gc,phases      ] GC(224) Phase 2: Compute new object addresses 49.709ms
[2026-07-01T01:44:19.638+0000][70.541s][info][gc,phases,start] GC(224) Phase 3: Adjust pointers
[2026-07-01T01:44:19.694+0000][70.597s][info][gc,phases      ] GC(224) Phase 3: Adjust pointers 55.436ms
[2026-07-01T01:44:19.694+0000][70.597s][info][gc,phases,start] GC(224) Phase 4: Move objects
[2026-07-01T01:44:19.694+0000][70.597s][info][gc,phases      ] GC(224) Phase 4: Move objects 0.514ms
[2026-07-01T01:44:19.694+0000][70.598s][info][gc,heap        ] GC(224) DefNew: 69952K(78656K)->0K(78656K) Eden: 69952K(69952K)->0K(69952K) From: 0K(8704K)->0K(8704K)
[2026-07-01T01:44:19.694+0000][70.598s][info][gc,heap        ] GC(224) Tenured: 168389K(174784K)->169751K(174784K)
[2026-07-01T01:44:19.694+0000][70.598s][info][gc,metaspace   ] GC(224) Metaspace: 41248K(42368K)->41248K(42368K) NonClass: 36224K(36864K)->36224K(36864K) Class: 5024K(5504K)->5024K(5504K)
[2026-07-01T01:44:19.694+0000][70.598s][info][gc             ] GC(224) Pause Full (Allocation Failure) 232M->165M(247M) 221.281ms
[2026-07-01T01:44:19.694+0000][70.598s][info][gc,cpu         ] GC(224) User=0.22s Sys=0.00s Real=0.22s
[2026-07-01T01:44:20.008+0000][70.912s][info][gc,start       ] GC(225) Pause Young (Allocation Failure)
[2026-07-01T01:44:20.008+0000][70.912s][info][gc             ] GC(225) Pause Young (Allocation Failure) 234M->234M(247M) 0.107ms
[2026-07-01T01:44:20.008+0000][70.912s][info][gc,cpu         ] GC(225) User=0.00s Sys=0.00s Real=0.00s
[2026-07-01T01:44:20.008+0000][70.912s][info][gc,start       ] GC(226) Pause Full (Allocation Failure)
[2026-07-01T01:44:20.009+0000][70.912s][info][gc,phases,start] GC(226) Phase 1: Mark live objects
[2026-07-01T01:44:20.130+0000][71.034s][info][gc,phases      ] GC(226) Phase 1: Mark live objects 121.756ms
[2026-07-01T01:44:20.130+0000][71.034s][info][gc,phases,start] GC(226) Phase 2: Compute new object addresses
[2026-07-01T01:44:20.180+0000][71.083s][info][gc,phases      ] GC(226) Phase 2: Compute new object addresses 49.791ms
[2026-07-01T01:44:20.180+0000][71.083s][info][gc,phases,start] GC(226) Phase 3: Adjust pointers
[2026-07-01T01:44:20.236+0000][71.139s][info][gc,phases      ] GC(226) Phase 3: Adjust pointers 55.653ms
[2026-07-01T01:44:20.236+0000][71.139s][info][gc,phases,start] GC(226) Phase 4: Move objects
[2026-07-01T01:44:20.237+0000][71.140s][info][gc,phases      ] GC(226) Phase 4: Move objects 0.816ms
[2026-07-01T01:44:20.237+0000][71.140s][info][gc,heap        ] GC(226) DefNew: 69952K(78656K)->0K(78656K) Eden: 69952K(69952K)->0K(69952K) From: 0K(8704K)->0K(8704K)
[2026-07-01T01:44:20.237+0000][71.140s][info][gc,heap        ] GC(226) Tenured: 169751K(174784K)->170920K(174784K)
[2026-07-01T01:44:20.237+0000][71.140s][info][gc,metaspace   ] GC(226) Metaspace: 41249K(42368K)->41249K(42368K) NonClass: 36225K(36864K)->36225K(36864K) Class: 5024K(5504K)->5024K(5504K)
[2026-07-01T01:44:20.237+0000][71.140s][info][gc             ] GC(226) Pause Full (Allocation Failure) 234M->166M(247M) 228.408ms
[2026-07-01T01:44:20.237+0000][71.140s][info][gc,cpu         ] GC(226) User=0.23s Sys=0.00s Real=0.22s
[2026-07-01T01:44:20.548+0000][71.451s][info][gc,start       ] GC(227) Pause Young (Allocation Failure)
[2026-07-01T01:44:20.548+0000][71.451s][info][gc             ] GC(227) Pause Young (Allocation Failure) 235M->235M(247M) 0.099ms
[2026-07-01T01:44:20.548+0000][71.451s][info][gc,cpu         ] GC(227) User=0.00s Sys=0.00s Real=0.00s
[2026-07-01T01:44:20.548+0000][71.451s][info][gc,start       ] GC(228) Pause Full (Allocation Failure)
[2026-07-01T01:44:20.548+0000][71.451s][info][gc,phases,start] GC(228) Phase 1: Mark live objects
[2026-07-01T01:44:20.661+0000][71.564s][info][gc,phases      ] GC(228) Phase 1: Mark live objects 113.202ms
[2026-07-01T01:44:20.661+0000][71.564s][info][gc,phases,start] GC(228) Phase 2: Compute new object addresses
[2026-07-01T01:44:20.710+0000][71.614s][info][gc,phases      ] GC(228) Phase 2: Compute new object addresses 49.288ms
[2026-07-01T01:44:20.710+0000][71.614s][info][gc,phases,start] GC(228) Phase 3: Adjust pointers
[2026-07-01T01:44:20.770+0000][71.673s][info][gc,phases      ] GC(228) Phase 3: Adjust pointers 59.665ms
[2026-07-01T01:44:20.770+0000][71.673s][info][gc,phases,start] GC(228) Phase 4: Move objects
[2026-07-01T01:44:20.801+0000][71.705s][info][gc,phases      ] GC(228) Phase 4: Move objects 31.227ms
[2026-07-01T01:44:20.802+0000][71.705s][info][gc,heap        ] GC(228) DefNew: 69952K(78656K)->0K(78656K) Eden: 69952K(69952K)->0K(69952K) From: 0K(8704K)->0K(8704K)
[2026-07-01T01:44:20.802+0000][71.705s][info][gc,heap        ] GC(228) Tenured: 170920K(174784K)->168527K(174784K)
[2026-07-01T01:44:20.802+0000][71.705s][info][gc,metaspace   ] GC(228) Metaspace: 41249K(42368K)->41249K(42368K) NonClass: 36225K(36864K)->36225K(36864K) Class: 5024K(5504K)->5024K(5504K)
[2026-07-01T01:44:20.802+0000][71.705s][info][gc             ] GC(228) Pause Full (Allocation Failure) 235M->164M(247M) 253.821ms
[2026-07-01T01:44:20.802+0000][71.705s][info][gc,cpu         ] GC(228) User=0.26s Sys=0.00s Real=0.26s
[2026-07-01T01:44:21.115+0000][72.019s][info][gc,start       ] GC(229) Pause Young (Allocation Failure)
[2026-07-01T01:44:21.115+0000][72.019s][info][gc             ] GC(229) Pause Young (Allocation Failure) 232M->232M(247M) 0.104ms
[2026-07-01T01:44:21.115+0000][72.019s][info][gc,cpu         ] GC(229) User=0.00s Sys=0.00s Real=0.00s
[2026-07-01T01:44:21.115+0000][72.019s][info][gc,start       ] GC(230) Pause Full (Allocation Failure)
[2026-07-01T01:44:21.115+0000][72.019s][info][gc,phases,start] GC(230) Phase 1: Mark live objects
[2026-07-01T01:44:21.229+0000][72.132s][info][gc,phases      ] GC(230) Phase 1: Mark live objects 113.339ms
[2026-07-01T01:44:21.229+0000][72.132s][info][gc,phases,start] GC(230) Phase 2: Compute new object addresses
[2026-07-01T01:44:21.278+0000][72.182s][info][gc,phases      ] GC(230) Phase 2: Compute new object addresses 49.614ms
[2026-07-01T01:44:21.279+0000][72.182s][info][gc,phases,start] GC(230) Phase 3: Adjust pointers
[2026-07-01T01:44:21.334+0000][72.237s][info][gc,phases      ] GC(230) Phase 3: Adjust pointers 55.444ms
[2026-07-01T01:44:21.334+0000][72.237s][info][gc,phases,start] GC(230) Phase 4: Move objects
[2026-07-01T01:44:21.335+0000][72.238s][info][gc,phases      ] GC(230) Phase 4: Move objects 0.566ms
[2026-07-01T01:44:21.335+0000][72.238s][info][gc,heap        ] GC(230) DefNew: 69951K(78656K)->0K(78656K) Eden: 69951K(69952K)->0K(69952K) From: 0K(8704K)->0K(8704K)
[2026-07-01T01:44:21.335+0000][72.238s][info][gc,heap        ] GC(230) Tenured: 168527K(174784K)->170209K(174784K)
[2026-07-01T01:44:21.335+0000][72.238s][info][gc,metaspace   ] GC(230) Metaspace: 41254K(42368K)->41254K(42368K) NonClass: 36230K(36864K)->36230K(36864K) Class: 5024K(5504K)->5024K(5504K)
[2026-07-01T01:44:21.335+0000][72.238s][info][gc             ] GC(230) Pause Full (Allocation Failure) 232M->166M(247M) 219.345ms
[2026-07-01T01:44:21.335+0000][72.238s][info][gc,cpu         ] GC(230) User=0.22s Sys=0.01s Real=0.22s
[2026-07-01T01:44:21.649+0000][72.552s][info][gc,start       ] GC(231) Pause Young (Allocation Failure)
[2026-07-01T01:44:21.649+0000][72.552s][info][gc             ] GC(231) Pause Young (Allocation Failure) 234M->234M(247M) 0.148ms
[2026-07-01T01:44:21.649+0000][72.552s][info][gc,cpu         ] GC(231) User=0.00s Sys=0.00s Real=0.00s
[2026-07-01T01:44:21.649+0000][72.552s][info][gc,start       ] GC(232) Pause Full (Allocation Failure)
[2026-07-01T01:44:21.649+0000][72.552s][info][gc,phases,start] GC(232) Phase 1: Mark live objects
[2026-07-01T01:44:21.763+0000][72.666s][info][gc,phases      ] GC(232) Phase 1: Mark live objects 113.773ms
[2026-07-01T01:44:21.763+0000][72.666s][info][gc,phases,start] GC(232) Phase 2: Compute new object addresses
[2026-07-01T01:44:21.813+0000][72.716s][info][gc,phases      ] GC(232) Phase 2: Compute new object addresses 49.973ms
[2026-07-01T01:44:21.813+0000][72.716s][info][gc,phases,start] GC(232) Phase 3: Adjust pointers
[2026-07-01T01:44:21.868+0000][72.772s][info][gc,phases      ] GC(232) Phase 3: Adjust pointers 55.581ms
[2026-07-01T01:44:21.868+0000][72.772s][info][gc,phases,start] GC(232) Phase 4: Move objects
[2026-07-01T01:44:21.869+0000][72.772s][info][gc,phases      ] GC(232) Phase 4: Move objects 0.409ms
[2026-07-01T01:44:21.869+0000][72.772s][info][gc,heap        ] GC(232) DefNew: 69952K(78656K)->0K(78656K) Eden: 69952K(69952K)->0K(69952K) From: 0K(8704K)->0K(8704K)
[2026-07-01T01:44:21.869+0000][72.772s][info][gc,heap        ] GC(232) Tenured: 170209K(174784K)->171023K(174784K)
[2026-07-01T01:44:21.869+0000][72.772s][info][gc,metaspace   ] GC(232) Metaspace: 41254K(42368K)->41254K(42368K) NonClass: 36230K(36864K)->36230K(36864K) Class: 5024K(5504K)->5024K(5504K)
[2026-07-01T01:44:21.869+0000][72.772s][info][gc             ] GC(232) Pause Full (Allocation Failure) 234M->167M(247M) 220.163ms
[2026-07-01T01:44:21.869+0000][72.772s][info][gc,cpu         ] GC(232) User=0.22s Sys=0.00s Real=0.22s
[2026-07-01T01:44:22.183+0000][73.086s][info][gc,start       ] GC(233) Pause Young (Allocation Failure)
[2026-07-01T01:44:22.183+0000][73.086s][info][gc             ] GC(233) Pause Young (Allocation Failure) 235M->235M(247M) 0.103ms
[2026-07-01T01:44:22.183+0000][73.086s][info][gc,cpu         ] GC(233) User=0.01s Sys=0.00s Real=0.00s
[2026-07-01T01:44:22.183+0000][73.086s][info][gc,start       ] GC(234) Pause Full (Allocation Failure)
[2026-07-01T01:44:22.183+0000][73.086s][info][gc,phases,start] GC(234) Phase 1: Mark live objects
[2026-07-01T01:44:22.298+0000][73.202s][info][gc,phases      ] GC(234) Phase 1: Mark live objects 115.231ms
[2026-07-01T01:44:22.298+0000][73.202s][info][gc,phases,start] GC(234) Phase 2: Compute new object addresses
[2026-07-01T01:44:22.348+0000][73.251s][info][gc,phases      ] GC(234) Phase 2: Compute new object addresses 49.913ms
[2026-07-01T01:44:22.348+0000][73.251s][info][gc,phases,start] GC(234) Phase 3: Adjust pointers
[2026-07-01T01:44:22.404+0000][73.307s][info][gc,phases      ] GC(234) Phase 3: Adjust pointers 55.389ms
[2026-07-01T01:44:22.404+0000][73.307s][info][gc,phases,start] GC(234) Phase 4: Move objects
[2026-07-01T01:44:22.404+0000][73.307s][info][gc,phases      ] GC(234) Phase 4: Move objects 0.454ms
[2026-07-01T01:44:22.404+0000][73.308s][info][gc,heap        ] GC(234) DefNew: 69951K(78656K)->0K(78656K) Eden: 69951K(69952K)->0K(69952K) From: 0K(8704K)->0K(8704K)
[2026-07-01T01:44:22.404+0000][73.308s][info][gc,heap        ] GC(234) Tenured: 171023K(174784K)->172005K(174784K)
[2026-07-01T01:44:22.404+0000][73.308s][info][gc,metaspace   ] GC(234) Metaspace: 41254K(42368K)->41254K(42368K) NonClass: 36230K(36864K)->36230K(36864K) Class: 5024K(5504K)->5024K(5504K)
[2026-07-01T01:44:22.404+0000][73.308s][info][gc             ] GC(234) Pause Full (Allocation Failure) 235M->167M(247M) 221.360ms
[2026-07-01T01:44:22.404+0000][73.308s][info][gc,cpu         ] GC(234) User=0.22s Sys=0.00s Real=0.22s
[2026-07-01T01:44:22.727+0000][73.631s][info][gc,start       ] GC(235) Pause Young (Allocation Failure)
[2026-07-01T01:44:22.728+0000][73.631s][info][gc             ] GC(235) Pause Young (Allocation Failure) 236M->236M(247M) 0.105ms
[2026-07-01T01:44:22.728+0000][73.631s][info][gc,cpu         ] GC(235) User=0.00s Sys=0.00s Real=0.00s
[2026-07-01T01:44:22.728+0000][73.631s][info][gc,start       ] GC(236) Pause Full (Allocation Failure)
[2026-07-01T01:44:22.728+0000][73.631s][info][gc,phases,start] GC(236) Phase 1: Mark live objects
[2026-07-01T01:44:22.846+0000][73.750s][info][gc,phases      ] GC(236) Phase 1: Mark live objects 118.669ms
[2026-07-01T01:44:22.846+0000][73.750s][info][gc,phases,start] GC(236) Phase 2: Compute new object addresses
[2026-07-01T01:44:22.896+0000][73.799s][info][gc,phases      ] GC(236) Phase 2: Compute new object addresses 49.836ms
[2026-07-01T01:44:22.896+0000][73.799s][info][gc,phases,start] GC(236) Phase 3: Adjust pointers
[2026-07-01T01:44:22.957+0000][73.860s][info][gc,phases      ] GC(236) Phase 3: Adjust pointers 60.437ms
[2026-07-01T01:44:22.957+0000][73.860s][info][gc,phases,start] GC(236) Phase 4: Move objects
[2026-07-01T01:44:22.988+0000][73.891s][info][gc,phases      ] GC(236) Phase 4: Move objects 31.187ms
[2026-07-01T01:44:22.988+0000][73.891s][info][gc,heap        ] GC(236) DefNew: 69952K(78656K)->0K(78656K) Eden: 69952K(69952K)->0K(69952K) From: 0K(8704K)->0K(8704K)
[2026-07-01T01:44:22.988+0000][73.891s][info][gc,heap        ] GC(236) Tenured: 172005K(174784K)->169319K(174784K)
[2026-07-01T01:44:22.988+0000][73.891s][info][gc,metaspace   ] GC(236) Metaspace: 41266K(42368K)->41266K(42368K) NonClass: 36242K(36864K)->36242K(36864K) Class: 5024K(5504K)->5024K(5504K)
[2026-07-01T01:44:22.988+0000][73.891s][info][gc             ] GC(236) Pause Full (Allocation Failure) 236M->165M(247M) 260.574ms
[2026-07-01T01:44:22.988+0000][73.891s][info][gc,cpu         ] GC(236) User=0.26s Sys=0.00s Real=0.27s
[2026-07-01T01:44:23.291+0000][74.194s][info][gc,start       ] GC(237) Pause Young (Allocation Failure)
[2026-07-01T01:44:23.291+0000][74.194s][info][gc             ] GC(237) Pause Young (Allocation Failure) 233M->233M(247M) 0.102ms
[2026-07-01T01:44:23.291+0000][74.194s][info][gc,cpu         ] GC(237) User=0.00s Sys=0.00s Real=0.00s
[2026-07-01T01:44:23.291+0000][74.194s][info][gc,start       ] GC(238) Pause Full (Allocation Failure)
[2026-07-01T01:44:23.291+0000][74.194s][info][gc,phases,start] GC(238) Phase 1: Mark live objects
[2026-07-01T01:44:23.407+0000][74.310s][info][gc,phases      ] GC(238) Phase 1: Mark live objects 116.207ms
[2026-07-01T01:44:23.407+0000][74.310s][info][gc,phases,start] GC(238) Phase 2: Compute new object addresses
[2026-07-01T01:44:23.457+0000][74.360s][info][gc,phases      ] GC(238) Phase 2: Compute new object addresses 50.101ms
[2026-07-01T01:44:23.457+0000][74.360s][info][gc,phases,start] GC(238) Phase 3: Adjust pointers
[2026-07-01T01:44:23.513+0000][74.417s][info][gc,phases      ] GC(238) Phase 3: Adjust pointers 56.345ms
[2026-07-01T01:44:23.513+0000][74.417s][info][gc,phases,start] GC(238) Phase 4: Move objects
[2026-07-01T01:44:23.514+0000][74.417s][info][gc,phases      ] GC(238) Phase 4: Move objects 0.366ms
[2026-07-01T01:44:23.514+0000][74.417s][info][gc,heap        ] GC(238) DefNew: 69952K(78656K)->0K(78656K) Eden: 69952K(69952K)->0K(69952K) From: 0K(8704K)->0K(8704K)
[2026-07-01T01:44:23.514+0000][74.417s][info][gc,heap        ] GC(238) Tenured: 169319K(174784K)->169934K(174784K)
[2026-07-01T01:44:23.514+0000][74.417s][info][gc,metaspace   ] GC(238) Metaspace: 41271K(42368K)->41271K(42368K) NonClass: 36246K(36864K)->36246K(36864K) Class: 5024K(5504K)->5024K(5504K)
[2026-07-01T01:44:23.514+0000][74.417s][info][gc             ] GC(238) Pause Full (Allocation Failure) 233M->165M(247M) 223.417ms
[2026-07-01T01:44:23.514+0000][74.417s][info][gc,cpu         ] GC(238) User=0.22s Sys=0.00s Real=0.22s
[2026-07-01T01:44:23.822+0000][74.726s][info][gc,start       ] GC(239) Pause Young (Allocation Failure)
[2026-07-01T01:44:23.822+0000][74.726s][info][gc             ] GC(239) Pause Young (Allocation Failure) 234M->234M(247M) 0.143ms
[2026-07-01T01:44:23.822+0000][74.726s][info][gc,cpu         ] GC(239) User=0.00s Sys=0.00s Real=0.00s
[2026-07-01T01:44:23.822+0000][74.726s][info][gc,start       ] GC(240) Pause Full (Allocation Failure)
[2026-07-01T01:44:23.822+0000][74.726s][info][gc,phases,start] GC(240) Phase 1: Mark live objects
[2026-07-01T01:44:23.941+0000][74.844s][info][gc,phases      ] GC(240) Phase 1: Mark live objects 118.117ms
[2026-07-01T01:44:23.941+0000][74.844s][info][gc,phases,start] GC(240) Phase 2: Compute new object addresses
[2026-07-01T01:44:23.991+0000][74.894s][info][gc,phases      ] GC(240) Phase 2: Compute new object addresses 50.226ms
[2026-07-01T01:44:23.991+0000][74.894s][info][gc,phases,start] GC(240) Phase 3: Adjust pointers
[2026-07-01T01:44:24.047+0000][74.950s][info][gc,phases      ] GC(240) Phase 3: Adjust pointers 56.320ms
[2026-07-01T01:44:24.047+0000][74.951s][info][gc,phases,start] GC(240) Phase 4: Move objects
[2026-07-01T01:44:24.048+0000][74.951s][info][gc,phases      ] GC(240) Phase 4: Move objects 0.530ms
[2026-07-01T01:44:24.048+0000][74.951s][info][gc,heap        ] GC(240) DefNew: 69952K(78656K)->0K(78656K) Eden: 69952K(69952K)->0K(69952K) From: 0K(8704K)->0K(8704K)
[2026-07-01T01:44:24.048+0000][74.951s][info][gc,heap        ] GC(240) Tenured: 169934K(174784K)->171351K(174784K)
[2026-07-01T01:44:24.048+0000][74.951s][info][gc,metaspace   ] GC(240) Metaspace: 41271K(42368K)->41271K(42368K) NonClass: 36246K(36864K)->36246K(36864K) Class: 5024K(5504K)->5024K(5504K)
[2026-07-01T01:44:24.048+0000][74.951s][info][gc             ] GC(240) Pause Full (Allocation Failure) 234M->167M(247M) 225.586ms
[2026-07-01T01:44:24.048+0000][74.951s][info][gc,cpu         ] GC(240) User=0.23s Sys=0.00s Real=0.23s
[2026-07-01T01:44:24.366+0000][75.269s][info][gc,start       ] GC(241) Pause Young (Allocation Failure)
[2026-07-01T01:44:24.366+0000][75.269s][info][gc             ] GC(241) Pause Young (Allocation Failure) 235M->235M(247M) 0.104ms
[2026-07-01T01:44:24.366+0000][75.269s][info][gc,cpu         ] GC(241) User=0.00s Sys=0.00s Real=0.00s
[2026-07-01T01:44:24.366+0000][75.269s][info][gc,start       ] GC(242) Pause Full (Allocation Failure)
[2026-07-01T01:44:24.366+0000][75.269s][info][gc,phases,start] GC(242) Phase 1: Mark live objects
[2026-07-01T01:44:24.544+0000][75.447s][info][gc,phases      ] GC(242) Phase 1: Mark live objects 177.798ms
[2026-07-01T01:44:24.544+0000][75.447s][info][gc,phases,start] GC(242) Phase 2: Compute new object addresses
[2026-07-01T01:44:24.614+0000][75.518s][info][gc,phases      ] GC(242) Phase 2: Compute new object addresses 70.251ms
[2026-07-01T01:44:24.614+0000][75.518s][info][gc,phases,start] GC(242) Phase 3: Adjust pointers
[2026-07-01T01:44:24.694+0000][75.597s][info][gc,phases      ] GC(242) Phase 3: Adjust pointers 79.571ms
[2026-07-01T01:44:24.694+0000][75.597s][info][gc,phases,start] GC(242) Phase 4: Move objects
[2026-07-01T01:44:24.694+0000][75.598s][info][gc,phases      ] GC(242) Phase 4: Move objects 0.515ms
[2026-07-01T01:44:24.695+0000][75.598s][info][gc,heap        ] GC(242) DefNew: 69952K(78656K)->0K(78656K) Eden: 69952K(69952K)->0K(69952K) From: 0K(8704K)->0K(8704K)
[2026-07-01T01:44:24.695+0000][75.598s][info][gc,heap        ] GC(242) Tenured: 171351K(174784K)->172430K(174784K)
[2026-07-01T01:44:24.695+0000][75.598s][info][gc,metaspace   ] GC(242) Metaspace: 41271K(42368K)->41271K(42368K) NonClass: 36246K(36864K)->36246K(36864K) Class: 5024K(5504K)->5024K(5504K)
[2026-07-01T01:44:24.695+0000][75.598s][info][gc             ] GC(242) Pause Full (Allocation Failure) 235M->168M(247M) 328.588ms
[2026-07-01T01:44:24.695+0000][75.598s][info][gc,cpu         ] GC(242) User=0.33s Sys=0.01s Real=0.33s
[2026-07-01T01:44:25.118+0000][76.022s][info][gc,start       ] GC(243) Pause Young (Allocation Failure)
[2026-07-01T01:44:25.119+0000][76.022s][info][gc             ] GC(243) Pause Young (Allocation Failure) 236M->236M(247M) 0.102ms
[2026-07-01T01:44:25.119+0000][76.022s][info][gc,cpu         ] GC(243) User=0.00s Sys=0.00s Real=0.00s
[2026-07-01T01:44:25.119+0000][76.022s][info][gc,start       ] GC(244) Pause Full (Allocation Failure)
[2026-07-01T01:44:25.119+0000][76.022s][info][gc,phases,start] GC(244) Phase 1: Mark live objects
[2026-07-01T01:44:25.302+0000][76.206s][info][gc,phases      ] GC(244) Phase 1: Mark live objects 183.757ms
[2026-07-01T01:44:25.302+0000][76.206s][info][gc,phases,start] GC(244) Phase 2: Compute new object addresses
[2026-07-01T01:44:25.371+0000][76.275s][info][gc,phases      ] GC(244) Phase 2: Compute new object addresses 68.859ms
[2026-07-01T01:44:25.371+0000][76.275s][info][gc,phases,start] GC(244) Phase 3: Adjust pointers
[2026-07-01T01:44:25.459+0000][76.362s][info][gc,phases      ] GC(244) Phase 3: Adjust pointers 87.512ms
[2026-07-01T01:44:25.459+0000][76.362s][info][gc,phases,start] GC(244) Phase 4: Move objects
[2026-07-01T01:44:25.498+0000][76.401s][info][gc,phases      ] GC(244) Phase 4: Move objects 38.742ms
[2026-07-01T01:44:25.498+0000][76.401s][info][gc,heap        ] GC(244) DefNew: 69952K(78656K)->0K(78656K) Eden: 69952K(69952K)->0K(69952K) From: 0K(8704K)->0K(8704K)
[2026-07-01T01:44:25.498+0000][76.401s][info][gc,heap        ] GC(244) Tenured: 172430K(174784K)->169917K(174784K)
[2026-07-01T01:44:25.498+0000][76.401s][info][gc,metaspace   ] GC(244) Metaspace: 41271K(42368K)->41271K(42368K) NonClass: 36246K(36864K)->36246K(36864K) Class: 5024K(5504K)->5024K(5504K)
[2026-07-01T01:44:25.498+0000][76.401s][info][gc             ] GC(244) Pause Full (Allocation Failure) 236M->165M(247M) 379.339ms
[2026-07-01T01:44:25.498+0000][76.401s][info][gc,cpu         ] GC(244) User=0.37s Sys=0.00s Real=0.37s
[2026-07-01T01:44:25.920+0000][76.824s][info][gc,start       ] GC(245) Pause Young (Allocation Failure)
[2026-07-01T01:44:25.920+0000][76.824s][info][gc             ] GC(245) Pause Young (Allocation Failure) 234M->234M(247M) 0.103ms
[2026-07-01T01:44:25.920+0000][76.824s][info][gc,cpu         ] GC(245) User=0.00s Sys=0.00s Real=0.00s
[2026-07-01T01:44:25.920+0000][76.824s][info][gc,start       ] GC(246) Pause Full (Allocation Failure)
[2026-07-01T01:44:25.920+0000][76.824s][info][gc,phases,start] GC(246) Phase 1: Mark live objects
[2026-07-01T01:44:26.126+0000][77.029s][info][gc,phases      ] GC(246) Phase 1: Mark live objects 205.147ms
[2026-07-01T01:44:26.126+0000][77.029s][info][gc,phases,start] GC(246) Phase 2: Compute new object addresses
[2026-07-01T01:44:26.195+0000][77.099s][info][gc,phases      ] GC(246) Phase 2: Compute new object addresses 69.771ms
[2026-07-01T01:44:26.196+0000][77.099s][info][gc,phases,start] GC(246) Phase 3: Adjust pointers
[2026-07-01T01:44:26.276+0000][77.179s][info][gc,phases      ] GC(246) Phase 3: Adjust pointers 80.361ms
[2026-07-01T01:44:26.276+0000][77.179s][info][gc,phases,start] GC(246) Phase 4: Move objects
[2026-07-01T01:44:26.277+0000][77.180s][info][gc,phases      ] GC(246) Phase 4: Move objects 0.604ms
[2026-07-01T01:44:26.277+0000][77.180s][info][gc,heap        ] GC(246) DefNew: 69952K(78656K)->0K(78656K) Eden: 69952K(69952K)->0K(69952K) From: 0K(8704K)->0K(8704K)
[2026-07-01T01:44:26.277+0000][77.180s][info][gc,heap        ] GC(246) Tenured: 169917K(174784K)->171479K(174784K)
[2026-07-01T01:44:26.277+0000][77.180s][info][gc,metaspace   ] GC(246) Metaspace: 41271K(42368K)->41271K(42368K) NonClass: 36246K(36864K)->36246K(36864K) Class: 5024K(5504K)->5024K(5504K)
[2026-07-01T01:44:26.277+0000][77.180s][info][gc             ] GC(246) Pause Full (Allocation Failure) 234M->167M(247M) 356.357ms
[2026-07-01T01:44:26.277+0000][77.180s][info][gc,cpu         ] GC(246) User=0.33s Sys=0.00s Real=0.35s
[2026-07-01T01:44:26.693+0000][77.596s][info][gc,start       ] GC(247) Pause Young (Allocation Failure)
[2026-07-01T01:44:26.693+0000][77.596s][info][gc             ] GC(247) Pause Young (Allocation Failure) 235M->235M(247M) 0.111ms
[2026-07-01T01:44:26.693+0000][77.596s][info][gc,cpu         ] GC(247) User=0.00s Sys=0.00s Real=0.00s
[2026-07-01T01:44:26.693+0000][77.596s][info][gc,start       ] GC(248) Pause Full (Allocation Failure)
[2026-07-01T01:44:26.693+0000][77.596s][info][gc,phases,start] GC(248) Phase 1: Mark live objects
[2026-07-01T01:44:26.834+0000][77.737s][info][gc,phases      ] GC(248) Phase 1: Mark live objects 140.913ms
[2026-07-01T01:44:26.834+0000][77.737s][info][gc,phases,start] GC(248) Phase 2: Compute new object addresses
[2026-07-01T01:44:26.885+0000][77.788s][info][gc,phases      ] GC(248) Phase 2: Compute new object addresses 50.541ms
[2026-07-01T01:44:26.885+0000][77.788s][info][gc,phases,start] GC(248) Phase 3: Adjust pointers
[2026-07-01T01:44:26.941+0000][77.845s][info][gc,phases      ] GC(248) Phase 3: Adjust pointers 56.526ms
[2026-07-01T01:44:26.941+0000][77.845s][info][gc,phases,start] GC(248) Phase 4: Move objects
[2026-07-01T01:44:26.942+0000][77.845s][info][gc,phases      ] GC(248) Phase 4: Move objects 0.383ms
[2026-07-01T01:44:26.942+0000][77.845s][info][gc,heap        ] GC(248) DefNew: 69952K(78656K)->0K(78656K) Eden: 69952K(69952K)->0K(69952K) From: 0K(8704K)->0K(8704K)
[2026-07-01T01:44:26.942+0000][77.845s][info][gc,heap        ] GC(248) Tenured: 171479K(174784K)->172239K(174784K)
[2026-07-01T01:44:26.942+0000][77.845s][info][gc,metaspace   ] GC(248) Metaspace: 41273K(42368K)->41273K(42368K) NonClass: 36248K(36864K)->36248K(36864K) Class: 5024K(5504K)->5024K(5504K)
[2026-07-01T01:44:26.942+0000][77.845s][info][gc             ] GC(248) Pause Full (Allocation Failure) 235M->168M(247M) 248.757ms
[2026-07-01T01:44:26.942+0000][77.845s][info][gc,cpu         ] GC(248) User=0.25s Sys=0.00s Real=0.25s
[2026-07-01T01:44:27.270+0000][78.173s][info][gc,start       ] GC(249) Pause Young (Allocation Failure)
[2026-07-01T01:44:27.270+0000][78.174s][info][gc             ] GC(249) Pause Young (Allocation Failure) 236M->236M(247M) 0.103ms
[2026-07-01T01:44:27.270+0000][78.174s][info][gc,cpu         ] GC(249) User=0.00s Sys=0.00s Real=0.00s
[2026-07-01T01:44:27.270+0000][78.174s][info][gc,start       ] GC(250) Pause Full (Allocation Failure)
[2026-07-01T01:44:27.270+0000][78.174s][info][gc,phases,start] GC(250) Phase 1: Mark live objects
[2026-07-01T01:44:27.392+0000][78.296s][info][gc,phases      ] GC(250) Phase 1: Mark live objects 122.151ms
[2026-07-01T01:44:27.392+0000][78.296s][info][gc,phases,start] GC(250) Phase 2: Compute new object addresses
[2026-07-01T01:44:27.443+0000][78.346s][info][gc,phases      ] GC(250) Phase 2: Compute new object addresses 50.435ms
[2026-07-01T01:44:27.443+0000][78.346s][info][gc,phases,start] GC(250) Phase 3: Adjust pointers
[2026-07-01T01:44:27.500+0000][78.403s][info][gc,phases      ] GC(250) Phase 3: Adjust pointers 57.058ms
[2026-07-01T01:44:27.500+0000][78.403s][info][gc,phases,start] GC(250) Phase 4: Move objects
[2026-07-01T01:44:27.501+0000][78.404s][info][gc,phases      ] GC(250) Phase 4: Move objects 0.659ms
[2026-07-01T01:44:27.501+0000][78.404s][info][gc,heap        ] GC(250) DefNew: 69952K(78656K)->0K(78656K) Eden: 69952K(69952K)->0K(69952K) From: 0K(8704K)->0K(8704K)
[2026-07-01T01:44:27.501+0000][78.404s][info][gc,heap        ] GC(250) Tenured: 172239K(174784K)->173192K(174784K)
[2026-07-01T01:44:27.501+0000][78.404s][info][gc,metaspace   ] GC(250) Metaspace: 41274K(42368K)->41274K(42368K) NonClass: 36249K(36864K)->36249K(36864K) Class: 5024K(5504K)->5024K(5504K)
[2026-07-01T01:44:27.501+0000][78.404s][info][gc             ] GC(250) Pause Full (Allocation Failure) 236M->169M(247M) 230.694ms
[2026-07-01T01:44:27.501+0000][78.404s][info][gc,cpu         ] GC(250) User=0.23s Sys=0.00s Real=0.23s
[2026-07-01T01:44:27.826+0000][78.730s][info][gc,start       ] GC(251) Pause Young (Allocation Failure)
[2026-07-01T01:44:27.826+0000][78.730s][info][gc             ] GC(251) Pause Young (Allocation Failure) 237M->237M(247M) 0.103ms
[2026-07-01T01:44:27.826+0000][78.730s][info][gc,cpu         ] GC(251) User=0.00s Sys=0.00s Real=0.00s
[2026-07-01T01:44:27.826+0000][78.730s][info][gc,start       ] GC(252) Pause Full (Allocation Failure)
[2026-07-01T01:44:27.827+0000][78.730s][info][gc,phases,start] GC(252) Phase 1: Mark live objects
[2026-07-01T01:44:27.948+0000][78.852s][info][gc,phases      ] GC(252) Phase 1: Mark live objects 121.714ms
[2026-07-01T01:44:27.948+0000][78.852s][info][gc,phases,start] GC(252) Phase 2: Compute new object addresses
[2026-07-01T01:44:27.998+0000][78.902s][info][gc,phases      ] GC(252) Phase 2: Compute new object addresses 50.055ms
[2026-07-01T01:44:27.998+0000][78.902s][info][gc,phases,start] GC(252) Phase 3: Adjust pointers
[2026-07-01T01:44:28.060+0000][78.964s][info][gc,phases      ] GC(252) Phase 3: Adjust pointers 62.074ms
[2026-07-01T01:44:28.060+0000][78.964s][info][gc,phases,start] GC(252) Phase 4: Move objects
[2026-07-01T01:44:28.092+0000][78.995s][info][gc,phases      ] GC(252) Phase 4: Move objects 31.428ms
[2026-07-01T01:44:28.092+0000][78.995s][info][gc,heap        ] GC(252) DefNew: 69951K(78656K)->0K(78656K) Eden: 69951K(69952K)->0K(69952K) From: 0K(8704K)->0K(8704K)
[2026-07-01T01:44:28.092+0000][78.995s][info][gc,heap        ] GC(252) Tenured: 173192K(174784K)->170705K(174784K)
[2026-07-01T01:44:28.092+0000][78.995s][info][gc,metaspace   ] GC(252) Metaspace: 41274K(42368K)->41274K(42368K) NonClass: 36249K(36864K)->36249K(36864K) Class: 5024K(5504K)->5024K(5504K)
[2026-07-01T01:44:28.092+0000][78.995s][info][gc             ] GC(252) Pause Full (Allocation Failure) 237M->166M(247M) 265.718ms
[2026-07-01T01:44:28.092+0000][78.996s][info][gc,cpu         ] GC(252) User=0.26s Sys=0.00s Real=0.27s
[2026-07-01T01:44:28.399+0000][79.303s][info][gc,start       ] GC(253) Pause Young (Allocation Failure)
[2026-07-01T01:44:28.399+0000][79.303s][info][gc             ] GC(253) Pause Young (Allocation Failure) 235M->235M(247M) 0.102ms
[2026-07-01T01:44:28.400+0000][79.303s][info][gc,cpu         ] GC(253) User=0.00s Sys=0.00s Real=0.00s
[2026-07-01T01:44:28.400+0000][79.303s][info][gc,start       ] GC(254) Pause Full (Allocation Failure)
[2026-07-01T01:44:28.400+0000][79.303s][info][gc,phases,start] GC(254) Phase 1: Mark live objects
[2026-07-01T01:44:28.519+0000][79.423s][info][gc,phases      ] GC(254) Phase 1: Mark live objects 119.858ms
[2026-07-01T01:44:28.519+0000][79.423s][info][gc,phases,start] GC(254) Phase 2: Compute new object addresses
[2026-07-01T01:44:28.570+0000][79.473s][info][gc,phases      ] GC(254) Phase 2: Compute new object addresses 50.507ms
[2026-07-01T01:44:28.570+0000][79.473s][info][gc,phases,start] GC(254) Phase 3: Adjust pointers
[2026-07-01T01:44:28.627+0000][79.530s][info][gc,phases      ] GC(254) Phase 3: Adjust pointers 56.949ms
[2026-07-01T01:44:28.627+0000][79.530s][info][gc,phases,start] GC(254) Phase 4: Move objects
[2026-07-01T01:44:28.627+0000][79.531s][info][gc,phases      ] GC(254) Phase 4: Move objects 0.384ms
[2026-07-01T01:44:28.628+0000][79.531s][info][gc,heap        ] GC(254) DefNew: 69952K(78656K)->0K(78656K) Eden: 69952K(69952K)->0K(69952K) From: 0K(8704K)->0K(8704K)
[2026-07-01T01:44:28.628+0000][79.531s][info][gc,heap        ] GC(254) Tenured: 170705K(174784K)->171331K(174784K)
[2026-07-01T01:44:28.628+0000][79.531s][info][gc,metaspace   ] GC(254) Metaspace: 41274K(42368K)->41274K(42368K) NonClass: 36249K(36864K)->36249K(36864K) Class: 5024K(5504K)->5024K(5504K)
[2026-07-01T01:44:28.628+0000][79.531s][info][gc             ] GC(254) Pause Full (Allocation Failure) 235M->167M(247M) 228.099ms
[2026-07-01T01:44:28.628+0000][79.531s][info][gc,cpu         ] GC(254) User=0.22s Sys=0.00s Real=0.22s
[2026-07-01T01:44:28.949+0000][79.852s][info][gc,start       ] GC(255) Pause Young (Allocation Failure)
[2026-07-01T01:44:28.949+0000][79.852s][info][gc             ] GC(255) Pause Young (Allocation Failure) 235M->235M(247M) 0.105ms
[2026-07-01T01:44:28.949+0000][79.852s][info][gc,cpu         ] GC(255) User=0.00s Sys=0.00s Real=0.00s
[2026-07-01T01:44:28.949+0000][79.852s][info][gc,start       ] GC(256) Pause Full (Allocation Failure)
[2026-07-01T01:44:28.949+0000][79.852s][info][gc,phases,start] GC(256) Phase 1: Mark live objects
[2026-07-01T01:44:29.072+0000][79.976s][info][gc,phases      ] GC(256) Phase 1: Mark live objects 123.676ms
[2026-07-01T01:44:29.073+0000][79.976s][info][gc,phases,start] GC(256) Phase 2: Compute new object addresses
[2026-07-01T01:44:29.123+0000][80.026s][info][gc,phases      ] GC(256) Phase 2: Compute new object addresses 50.552ms
[2026-07-01T01:44:29.123+0000][80.026s][info][gc,phases,start] GC(256) Phase 3: Adjust pointers
[2026-07-01T01:44:29.181+0000][80.084s][info][gc,phases      ] GC(256) Phase 3: Adjust pointers 57.673ms
[2026-07-01T01:44:29.181+0000][80.084s][info][gc,phases,start] GC(256) Phase 4: Move objects
[2026-07-01T01:44:29.181+0000][80.085s][info][gc,phases      ] GC(256) Phase 4: Move objects 0.568ms
[2026-07-01T01:44:29.182+0000][80.085s][info][gc,heap        ] GC(256) DefNew: 69952K(78656K)->0K(78656K) Eden: 69952K(69952K)->0K(69952K) From: 0K(8704K)->0K(8704K)
[2026-07-01T01:44:29.182+0000][80.085s][info][gc,heap        ] GC(256) Tenured: 171331K(174784K)->172657K(174784K)
[2026-07-01T01:44:29.182+0000][80.085s][info][gc,metaspace   ] GC(256) Metaspace: 41274K(42368K)->41274K(42368K) NonClass: 36249K(36864K)->36249K(36864K) Class: 5024K(5504K)->5024K(5504K)
[2026-07-01T01:44:29.182+0000][80.085s][info][gc             ] GC(256) Pause Full (Allocation Failure) 235M->168M(247M) 232.966ms
[2026-07-01T01:44:29.182+0000][80.085s][info][gc,cpu         ] GC(256) User=0.23s Sys=0.00s Real=0.23s
[2026-07-01T01:44:29.499+0000][80.402s][info][gc,start       ] GC(257) Pause Young (Allocation Failure)
[2026-07-01T01:44:29.499+0000][80.402s][info][gc             ] GC(257) Pause Young (Allocation Failure) 236M->236M(247M) 0.121ms
[2026-07-01T01:44:29.499+0000][80.402s][info][gc,cpu         ] GC(257) User=0.00s Sys=0.00s Real=0.00s
[2026-07-01T01:44:29.499+0000][80.402s][info][gc,start       ] GC(258) Pause Full (Allocation Failure)
[2026-07-01T01:44:29.499+0000][80.402s][info][gc,phases,start] GC(258) Phase 1: Mark live objects
[2026-07-01T01:44:29.622+0000][80.525s][info][gc,phases      ] GC(258) Phase 1: Mark live objects 123.388ms
[2026-07-01T01:44:29.622+0000][80.525s][info][gc,phases,start] GC(258) Phase 2: Compute new object addresses
[2026-07-01T01:44:29.673+0000][80.576s][info][gc,phases      ] GC(258) Phase 2: Compute new object addresses 50.648ms
[2026-07-01T01:44:29.673+0000][80.576s][info][gc,phases,start] GC(258) Phase 3: Adjust pointers
[2026-07-01T01:44:29.730+0000][80.634s][info][gc,phases      ] GC(258) Phase 3: Adjust pointers 57.539ms
[2026-07-01T01:44:29.730+0000][80.634s][info][gc,phases,start] GC(258) Phase 4: Move objects
[2026-07-01T01:44:29.731+0000][80.634s][info][gc,phases      ] GC(258) Phase 4: Move objects 0.433ms
[2026-07-01T01:44:29.731+0000][80.634s][info][gc,heap        ] GC(258) DefNew: 69951K(78656K)->0K(78656K) Eden: 69951K(69952K)->0K(69952K) From: 0K(8704K)->0K(8704K)
[2026-07-01T01:44:29.731+0000][80.634s][info][gc,heap        ] GC(258) Tenured: 172657K(174784K)->173801K(174784K)
[2026-07-01T01:44:29.731+0000][80.634s][info][gc,metaspace   ] GC(258) Metaspace: 41274K(42368K)->41274K(42368K) NonClass: 36249K(36864K)->36249K(36864K) Class: 5024K(5504K)->5024K(5504K)
[2026-07-01T01:44:29.731+0000][80.634s][info][gc             ] GC(258) Pause Full (Allocation Failure) 236M->169M(247M) 232.423ms
[2026-07-01T01:44:29.731+0000][80.634s][info][gc,cpu         ] GC(258) User=0.23s Sys=0.00s Real=0.23s
[2026-07-01T01:44:30.047+0000][80.950s][info][gc,start       ] GC(259) Pause Young (Allocation Failure)
[2026-07-01T01:44:30.047+0000][80.950s][info][gc             ] GC(259) Pause Young (Allocation Failure) 238M->238M(247M) 0.109ms
[2026-07-01T01:44:30.047+0000][80.950s][info][gc,cpu         ] GC(259) User=0.00s Sys=0.00s Real=0.00s
[2026-07-01T01:44:30.047+0000][80.950s][info][gc,start       ] GC(260) Pause Full (Allocation Failure)
[2026-07-01T01:44:30.047+0000][80.950s][info][gc,phases,start] GC(260) Phase 1: Mark live objects
[2026-07-01T01:44:30.169+0000][81.073s][info][gc,phases      ] GC(260) Phase 1: Mark live objects 122.310ms
[2026-07-01T01:44:30.170+0000][81.073s][info][gc,phases,start] GC(260) Phase 2: Compute new object addresses
[2026-07-01T01:44:30.220+0000][81.123s][info][gc,phases      ] GC(260) Phase 2: Compute new object addresses 50.116ms
[2026-07-01T01:44:30.220+0000][81.123s][info][gc,phases,start] GC(260) Phase 3: Adjust pointers
[2026-07-01T01:44:30.282+0000][81.185s][info][gc,phases      ] GC(260) Phase 3: Adjust pointers 62.091ms
[2026-07-01T01:44:30.282+0000][81.185s][info][gc,phases,start] GC(260) Phase 4: Move objects
[2026-07-01T01:44:30.313+0000][81.217s][info][gc,phases      ] GC(260) Phase 4: Move objects 31.626ms
[2026-07-01T01:44:30.314+0000][81.217s][info][gc,heap        ] GC(260) DefNew: 69952K(78656K)->0K(78656K) Eden: 69952K(69952K)->0K(69952K) From: 0K(8704K)->0K(8704K)
[2026-07-01T01:44:30.314+0000][81.217s][info][gc,heap        ] GC(260) Tenured: 173801K(174784K)->171389K(174784K)
[2026-07-01T01:44:30.314+0000][81.217s][info][gc,metaspace   ] GC(260) Metaspace: 41274K(42368K)->41274K(42368K) NonClass: 36249K(36864K)->36249K(36864K) Class: 5024K(5504K)->5024K(5504K)
[2026-07-01T01:44:30.314+0000][81.217s][info][gc             ] GC(260) Pause Full (Allocation Failure) 238M->167M(247M) 266.584ms
[2026-07-01T01:44:30.314+0000][81.217s][info][gc,cpu         ] GC(260) User=0.27s Sys=0.01s Real=0.27s
[2026-07-01T01:44:30.635+0000][81.539s][info][gc,start       ] GC(261) Pause Young (Allocation Failure)
[2026-07-01T01:44:30.636+0000][81.539s][info][gc             ] GC(261) Pause Young (Allocation Failure) 235M->235M(247M) 0.121ms
[2026-07-01T01:44:30.636+0000][81.539s][info][gc,cpu         ] GC(261) User=0.00s Sys=0.00s Real=0.00s
[2026-07-01T01:44:30.636+0000][81.539s][info][gc,start       ] GC(262) Pause Full (Allocation Failure)
[2026-07-01T01:44:30.636+0000][81.539s][info][gc,phases,start] GC(262) Phase 1: Mark live objects
[2026-07-01T01:44:30.757+0000][81.660s][info][gc,phases      ] GC(262) Phase 1: Mark live objects 121.550ms
[2026-07-01T01:44:30.757+0000][81.661s][info][gc,phases,start] GC(262) Phase 2: Compute new object addresses
[2026-07-01T01:44:30.808+0000][81.711s][info][gc,phases      ] GC(262) Phase 2: Compute new object addresses 50.561ms
[2026-07-01T01:44:30.808+0000][81.711s][info][gc,phases,start] GC(262) Phase 3: Adjust pointers
[2026-07-01T01:44:30.866+0000][81.769s][info][gc,phases      ] GC(262) Phase 3: Adjust pointers 58.318ms
[2026-07-01T01:44:30.866+0000][81.769s][info][gc,phases,start] GC(262) Phase 4: Move objects
[2026-07-01T01:44:30.867+0000][81.770s][info][gc,phases      ] GC(262) Phase 4: Move objects 0.487ms
[2026-07-01T01:44:30.867+0000][81.770s][info][gc,heap        ] GC(262) DefNew: 69952K(78656K)->0K(78656K) Eden: 69952K(69952K)->0K(69952K) From: 0K(8704K)->0K(8704K)
[2026-07-01T01:44:30.867+0000][81.770s][info][gc,heap        ] GC(262) Tenured: 171389K(174784K)->172819K(174784K)
[2026-07-01T01:44:30.867+0000][81.770s][info][gc,metaspace   ] GC(262) Metaspace: 41274K(42368K)->41274K(42368K) NonClass: 36249K(36864K)->36249K(36864K) Class: 5024K(5504K)->5024K(5504K)
[2026-07-01T01:44:30.867+0000][81.770s][info][gc             ] GC(262) Pause Full (Allocation Failure) 235M->168M(247M) 231.303ms
[2026-07-01T01:44:30.867+0000][81.770s][info][gc,cpu         ] GC(262) User=0.24s Sys=0.00s Real=0.23s
[2026-07-01T01:44:31.203+0000][82.106s][info][gc,start       ] GC(263) Pause Young (Allocation Failure)
[2026-07-01T01:44:31.203+0000][82.107s][info][gc             ] GC(263) Pause Young (Allocation Failure) 237M->237M(247M) 0.134ms
[2026-07-01T01:44:31.203+0000][82.107s][info][gc,cpu         ] GC(263) User=0.00s Sys=0.00s Real=0.00s
[2026-07-01T01:44:31.203+0000][82.107s][info][gc,start       ] GC(264) Pause Full (Allocation Failure)
[2026-07-01T01:44:31.203+0000][82.107s][info][gc,phases,start] GC(264) Phase 1: Mark live objects
[2026-07-01T01:44:31.333+0000][82.237s][info][gc,phases      ] GC(264) Phase 1: Mark live objects 129.904ms
[2026-07-01T01:44:31.333+0000][82.237s][info][gc,phases,start] GC(264) Phase 2: Compute new object addresses
[2026-07-01T01:44:31.384+0000][82.287s][info][gc,phases      ] GC(264) Phase 2: Compute new object addresses 50.774ms
[2026-07-01T01:44:31.384+0000][82.287s][info][gc,phases,start] GC(264) Phase 3: Adjust pointers
[2026-07-01T01:44:31.442+0000][82.345s][info][gc,phases      ] GC(264) Phase 3: Adjust pointers 57.839ms
[2026-07-01T01:44:31.442+0000][82.345s][info][gc,phases,start] GC(264) Phase 4: Move objects
[2026-07-01T01:44:31.442+0000][82.346s][info][gc,phases      ] GC(264) Phase 4: Move objects 0.399ms
[2026-07-01T01:44:31.443+0000][82.346s][info][gc,heap        ] GC(264) DefNew: 69952K(78656K)->0K(78656K) Eden: 69952K(69952K)->0K(69952K) From: 0K(8704K)->0K(8704K)
[2026-07-01T01:44:31.443+0000][82.346s][info][gc,heap        ] GC(264) Tenured: 172819K(174784K)->173680K(174784K)
[2026-07-01T01:44:31.443+0000][82.346s][info][gc,metaspace   ] GC(264) Metaspace: 41276K(42368K)->41276K(42368K) NonClass: 36251K(36864K)->36251K(36864K) Class: 5024K(5504K)->5024K(5504K)
[2026-07-01T01:44:31.443+0000][82.346s][info][gc             ] GC(264) Pause Full (Allocation Failure) 237M->169M(247M) 239.294ms
[2026-07-01T01:44:31.443+0000][82.346s][info][gc,cpu         ] GC(264) User=0.24s Sys=0.00s Real=0.24s
[2026-07-01T01:44:31.757+0000][82.660s][info][gc,start       ] GC(265) Pause Young (Allocation Failure)
[2026-07-01T01:44:31.757+0000][82.660s][info][gc             ] GC(265) Pause Young (Allocation Failure) 237M->237M(247M) 0.168ms
[2026-07-01T01:44:31.757+0000][82.660s][info][gc,cpu         ] GC(265) User=0.00s Sys=0.00s Real=0.00s
[2026-07-01T01:44:31.757+0000][82.660s][info][gc,start       ] GC(266) Pause Full (Allocation Failure)
[2026-07-01T01:44:31.757+0000][82.660s][info][gc,phases,start] GC(266) Phase 1: Mark live objects
[2026-07-01T01:44:31.878+0000][82.781s][info][gc,phases      ] GC(266) Phase 1: Mark live objects 120.974ms
[2026-07-01T01:44:31.878+0000][82.781s][info][gc,phases,start] GC(266) Phase 2: Compute new object addresses
[2026-07-01T01:44:31.929+0000][82.832s][info][gc,phases      ] GC(266) Phase 2: Compute new object addresses 50.889ms
[2026-07-01T01:44:31.929+0000][82.832s][info][gc,phases,start] GC(266) Phase 3: Adjust pointers
[2026-07-01T01:44:31.987+0000][82.890s][info][gc,phases      ] GC(266) Phase 3: Adjust pointers 57.763ms
[2026-07-01T01:44:31.987+0000][82.890s][info][gc,phases,start] GC(266) Phase 4: Move objects
[2026-07-01T01:44:31.987+0000][82.891s][info][gc,phases      ] GC(266) Phase 4: Move objects 0.445ms
[2026-07-01T01:44:31.988+0000][82.891s][info][gc,heap        ] GC(266) DefNew: 69952K(78656K)->0K(78656K) Eden: 69952K(69952K)->0K(69952K) From: 0K(8704K)->0K(8704K)
[2026-07-01T01:44:31.988+0000][82.891s][info][gc,heap        ] GC(266) Tenured: 173680K(174784K)->174646K(174784K)
[2026-07-01T01:44:31.988+0000][82.891s][info][gc,metaspace   ] GC(266) Metaspace: 41276K(42368K)->41276K(42368K) NonClass: 36251K(36864K)->36251K(36864K) Class: 5024K(5504K)->5024K(5504K)
[2026-07-01T01:44:31.988+0000][82.891s][info][gc             ] GC(266) Pause Full (Allocation Failure) 237M->170M(247M) 230.462ms
[2026-07-01T01:44:31.988+0000][82.891s][info][gc,cpu         ] GC(266) User=0.23s Sys=0.00s Real=0.23s
[2026-07-01T01:44:32.310+0000][83.214s][info][gc,start       ] GC(267) Pause Young (Allocation Failure)
[2026-07-01T01:44:32.311+0000][83.214s][info][gc             ] GC(267) Pause Young (Allocation Failure) 238M->238M(247M) 0.101ms
[2026-07-01T01:44:32.311+0000][83.214s][info][gc,cpu         ] GC(267) User=0.00s Sys=0.00s Real=0.00s
[2026-07-01T01:44:32.311+0000][83.214s][info][gc,start       ] GC(268) Pause Full (Allocation Failure)
[2026-07-01T01:44:32.311+0000][83.214s][info][gc,phases,start] GC(268) Phase 1: Mark live objects
[2026-07-01T01:44:32.434+0000][83.337s][info][gc,phases      ] GC(268) Phase 1: Mark live objects 122.852ms
[2026-07-01T01:44:32.434+0000][83.337s][info][gc,phases,start] GC(268) Phase 2: Compute new object addresses
[2026-07-01T01:44:32.484+0000][83.387s][info][gc,phases      ] GC(268) Phase 2: Compute new object addresses 50.345ms
[2026-07-01T01:44:32.484+0000][83.387s][info][gc,phases,start] GC(268) Phase 3: Adjust pointers
[2026-07-01T01:44:32.546+0000][83.449s][info][gc,phases      ] GC(268) Phase 3: Adjust pointers 62.142ms
[2026-07-01T01:44:32.546+0000][83.449s][info][gc,phases,start] GC(268) Phase 4: Move objects
[2026-07-01T01:44:32.578+0000][83.482s][info][gc,phases      ] GC(268) Phase 4: Move objects 32.120ms
[2026-07-01T01:44:32.578+0000][83.482s][info][gc,heap        ] GC(268) DefNew: 69952K(78656K)->0K(78656K) Eden: 69952K(69952K)->0K(69952K) From: 0K(8704K)->0K(8704K)
[2026-07-01T01:44:32.578+0000][83.482s][info][gc,heap        ] GC(268) Tenured: 174646K(174784K)->172152K(174784K)
[2026-07-01T01:44:32.578+0000][83.482s][info][gc,metaspace   ] GC(268) Metaspace: 41276K(42368K)->41276K(42368K) NonClass: 36251K(36864K)->36251K(36864K) Class: 5024K(5504K)->5024K(5504K)
[2026-07-01T01:44:32.579+0000][83.482s][info][gc             ] GC(268) Pause Full (Allocation Failure) 238M->168M(247M) 267.880ms
[2026-07-01T01:44:32.579+0000][83.482s][info][gc,cpu         ] GC(268) User=0.27s Sys=0.00s Real=0.27s
[2026-07-01T01:44:32.884+0000][83.787s][info][gc,start       ] GC(269) Pause Young (Allocation Failure)
[2026-07-01T01:44:32.884+0000][83.787s][info][gc             ] GC(269) Pause Young (Allocation Failure) 236M->236M(247M) 0.098ms
[2026-07-01T01:44:32.884+0000][83.787s][info][gc,cpu         ] GC(269) User=0.00s Sys=0.00s Real=0.00s
[2026-07-01T01:44:32.884+0000][83.788s][info][gc,start       ] GC(270) Pause Full (Allocation Failure)
[2026-07-01T01:44:32.884+0000][83.788s][info][gc,phases,start] GC(270) Phase 1: Mark live objects
[2026-07-01T01:44:33.007+0000][83.910s][info][gc,phases      ] GC(270) Phase 1: Mark live objects 122.520ms
[2026-07-01T01:44:33.007+0000][83.910s][info][gc,phases,start] GC(270) Phase 2: Compute new object addresses
[2026-07-01T01:44:33.058+0000][83.961s][info][gc,phases      ] GC(270) Phase 2: Compute new object addresses 50.993ms
[2026-07-01T01:44:33.058+0000][83.961s][info][gc,phases,start] GC(270) Phase 3: Adjust pointers
[2026-07-01T01:44:33.116+0000][84.019s][info][gc,phases      ] GC(270) Phase 3: Adjust pointers 57.884ms
[2026-07-01T01:44:33.116+0000][84.019s][info][gc,phases,start] GC(270) Phase 4: Move objects
[2026-07-01T01:44:33.116+0000][84.019s][info][gc,phases      ] GC(270) Phase 4: Move objects 0.364ms
[2026-07-01T01:44:33.116+0000][84.020s][info][gc,heap        ] GC(270) DefNew: 69952K(78656K)->0K(78656K) Eden: 69952K(69952K)->0K(69952K) From: 0K(8704K)->0K(8704K)
[2026-07-01T01:44:33.116+0000][84.020s][info][gc,heap        ] GC(270) Tenured: 172152K(174784K)->172764K(174784K)
[2026-07-01T01:44:33.116+0000][84.020s][info][gc,metaspace   ] GC(270) Metaspace: 41276K(42368K)->41276K(42368K) NonClass: 36251K(36864K)->36251K(36864K) Class: 5024K(5504K)->5024K(5504K)
[2026-07-01T01:44:33.116+0000][84.020s][info][gc             ] GC(270) Pause Full (Allocation Failure) 236M->168M(247M) 232.171ms
[2026-07-01T01:44:33.116+0000][84.020s][info][gc,cpu         ] GC(270) User=0.23s Sys=0.00s Real=0.23s
[2026-07-01T01:44:33.424+0000][84.327s][info][gc,start       ] GC(271) Pause Young (Allocation Failure)
[2026-07-01T01:44:33.424+0000][84.327s][info][gc             ] GC(271) Pause Young (Allocation Failure) 237M->237M(247M) 0.144ms
[2026-07-01T01:44:33.424+0000][84.327s][info][gc,cpu         ] GC(271) User=0.00s Sys=0.00s Real=0.00s
[2026-07-01T01:44:33.424+0000][84.327s][info][gc,start       ] GC(272) Pause Full (Allocation Failure)
[2026-07-01T01:44:33.424+0000][84.327s][info][gc,phases,start] GC(272) Phase 1: Mark live objects
[2026-07-01T01:44:33.547+0000][84.451s][info][gc,phases      ] GC(272) Phase 1: Mark live objects 123.141ms
[2026-07-01T01:44:33.547+0000][84.451s][info][gc,phases,start] GC(272) Phase 2: Compute new object addresses
[2026-07-01T01:44:33.598+0000][84.502s][info][gc,phases      ] GC(272) Phase 2: Compute new object addresses 50.965ms
[2026-07-01T01:44:33.598+0000][84.502s][info][gc,phases,start] GC(272) Phase 3: Adjust pointers
[2026-07-01T01:44:33.657+0000][84.561s][info][gc,phases      ] GC(272) Phase 3: Adjust pointers 59.029ms
[2026-07-01T01:44:33.657+0000][84.561s][info][gc,phases,start] GC(272) Phase 4: Move objects
[2026-07-01T01:44:33.658+0000][84.561s][info][gc,phases      ] GC(272) Phase 4: Move objects 0.484ms
[2026-07-01T01:44:33.658+0000][84.561s][info][gc,heap        ] GC(272) DefNew: 69951K(78656K)->0K(78656K) Eden: 69951K(69952K)->0K(69952K) From: 0K(8704K)->0K(8704K)
[2026-07-01T01:44:33.658+0000][84.561s][info][gc,heap        ] GC(272) Tenured: 172764K(174784K)->174039K(174784K)
[2026-07-01T01:44:33.658+0000][84.561s][info][gc,metaspace   ] GC(272) Metaspace: 41276K(42368K)->41276K(42368K) NonClass: 36251K(36864K)->36251K(36864K) Class: 5024K(5504K)->5024K(5504K)
[2026-07-01T01:44:33.658+0000][84.561s][info][gc             ] GC(272) Pause Full (Allocation Failure) 237M->169M(247M) 234.006ms
[2026-07-01T01:44:33.658+0000][84.561s][info][gc,cpu         ] GC(272) User=0.24s Sys=0.00s Real=0.24s
[2026-07-01T01:44:34.230+0000][85.134s][info][gc,start       ] GC(273) Pause Young (Allocation Failure)
[2026-07-01T01:44:34.230+0000][85.134s][info][gc             ] GC(273) Pause Young (Allocation Failure) 238M->238M(247M) 0.103ms
[2026-07-01T01:44:34.230+0000][85.134s][info][gc,cpu         ] GC(273) User=0.00s Sys=0.00s Real=0.00s
[2026-07-01T01:44:34.230+0000][85.134s][info][gc,start       ] GC(274) Pause Full (Allocation Failure)
[2026-07-01T01:44:34.230+0000][85.134s][info][gc,phases,start] GC(274) Phase 1: Mark live objects
[2026-07-01T01:44:34.429+0000][85.332s][info][gc,phases      ] GC(274) Phase 1: Mark live objects 198.083ms
[2026-07-01T01:44:34.429+0000][85.332s][info][gc,phases,start] GC(274) Phase 2: Compute new object addresses
[2026-07-01T01:44:34.501+0000][85.405s][info][gc,phases      ] GC(274) Phase 2: Compute new object addresses 72.824ms
[2026-07-01T01:44:34.501+0000][85.405s][info][gc,phases,start] GC(274) Phase 3: Adjust pointers
[2026-07-01T01:44:34.586+0000][85.489s][info][gc,phases      ] GC(274) Phase 3: Adjust pointers 84.401ms
[2026-07-01T01:44:34.586+0000][85.489s][info][gc,phases,start] GC(274) Phase 4: Move objects
[2026-07-01T01:44:34.586+0000][85.490s][info][gc,phases      ] GC(274) Phase 4: Move objects 0.485ms
[2026-07-01T01:44:34.587+0000][85.490s][info][gc,heap        ] GC(274) DefNew: 69952K(78656K)->325K(78656K) Eden: 69952K(69952K)->325K(69952K) From: 0K(8704K)->0K(8704K)
[2026-07-01T01:44:34.587+0000][85.490s][info][gc,heap        ] GC(274) Tenured: 174039K(174784K)->174783K(174784K)
[2026-07-01T01:44:34.587+0000][85.490s][info][gc,metaspace   ] GC(274) Metaspace: 41276K(42368K)->41276K(42368K) NonClass: 36251K(36864K)->36251K(36864K) Class: 5024K(5504K)->5024K(5504K)
[2026-07-01T01:44:34.587+0000][85.490s][info][gc             ] GC(274) Pause Full (Allocation Failure) 238M->171M(247M) 356.265ms
[2026-07-01T01:44:34.587+0000][85.490s][info][gc,cpu         ] GC(274) User=0.35s Sys=0.00s Real=0.35s
[2026-07-01T01:44:35.166+0000][86.070s][info][gc,start       ] GC(275) Pause Full (Allocation Failure)
[2026-07-01T01:44:35.167+0000][86.070s][info][gc,phases,start] GC(275) Phase 1: Mark live objects
[2026-07-01T01:44:35.362+0000][86.265s][info][gc,phases      ] GC(275) Phase 1: Mark live objects 195.601ms
[2026-07-01T01:44:35.362+0000][86.265s][info][gc,phases,start] GC(275) Phase 2: Compute new object addresses
[2026-07-01T01:44:35.434+0000][86.337s][info][gc,phases      ] GC(275) Phase 2: Compute new object addresses 71.847ms
[2026-07-01T01:44:35.434+0000][86.337s][info][gc,phases,start] GC(275) Phase 3: Adjust pointers
[2026-07-01T01:44:35.527+0000][86.430s][info][gc,phases      ] GC(275) Phase 3: Adjust pointers 92.425ms
[2026-07-01T01:44:35.527+0000][86.430s][info][gc,phases,start] GC(275) Phase 4: Move objects
[2026-07-01T01:44:35.566+0000][86.469s][info][gc,phases      ] GC(275) Phase 4: Move objects 39.571ms
[2026-07-01T01:44:35.566+0000][86.470s][info][gc,heap        ] GC(275) DefNew: 78655K(78656K)->0K(78656K) Eden: 69952K(69952K)->0K(69952K) From: 8703K(8704K)->0K(8704K)
[2026-07-01T01:44:35.566+0000][86.470s][info][gc,heap        ] GC(275) Tenured: 174783K(174784K)->172874K(174784K)
[2026-07-01T01:44:35.566+0000][86.470s][info][gc,metaspace   ] GC(275) Metaspace: 41276K(42368K)->41276K(42368K) NonClass: 36252K(36864K)->36252K(36864K) Class: 5024K(5504K)->5024K(5504K)
[2026-07-01T01:44:35.566+0000][86.470s][info][gc             ] GC(275) Pause Full (Allocation Failure) 247M->168M(247M) 400.019ms
[2026-07-01T01:44:35.566+0000][86.470s][info][gc,cpu         ] GC(275) User=0.40s Sys=0.00s Real=0.40s
[2026-07-01T01:44:36.034+0000][86.937s][info][gc,start       ] GC(276) Pause Young (Allocation Failure)
[2026-07-01T01:44:36.034+0000][86.938s][info][gc             ] GC(276) Pause Young (Allocation Failure) 237M->237M(247M) 0.094ms
[2026-07-01T01:44:36.034+0000][86.938s][info][gc,cpu         ] GC(276) User=0.00s Sys=0.00s Real=0.00s
[2026-07-01T01:44:36.034+0000][86.938s][info][gc,start       ] GC(277) Pause Full (Allocation Failure)
[2026-07-01T01:44:36.034+0000][86.938s][info][gc,phases,start] GC(277) Phase 1: Mark live objects
[2026-07-01T01:44:36.226+0000][87.129s][info][gc,phases      ] GC(277) Phase 1: Mark live objects 191.213ms
[2026-07-01T01:44:36.226+0000][87.129s][info][gc,phases,start] GC(277) Phase 2: Compute new object addresses
[2026-07-01T01:44:36.296+0000][87.199s][info][gc,phases      ] GC(277) Phase 2: Compute new object addresses 70.138ms
[2026-07-01T01:44:36.296+0000][87.199s][info][gc,phases,start] GC(277) Phase 3: Adjust pointers
[2026-07-01T01:44:36.379+0000][87.282s][info][gc,phases      ] GC(277) Phase 3: Adjust pointers 82.913ms
[2026-07-01T01:44:36.379+0000][87.282s][info][gc,phases,start] GC(277) Phase 4: Move objects
[2026-07-01T01:44:36.379+0000][87.283s][info][gc,phases      ] GC(277) Phase 4: Move objects 0.556ms
[2026-07-01T01:44:36.380+0000][87.283s][info][gc,heap        ] GC(277) DefNew: 69952K(78656K)->0K(78656K) Eden: 69952K(69952K)->0K(69952K) From: 0K(8704K)->0K(8704K)
[2026-07-01T01:44:36.380+0000][87.283s][info][gc,heap        ] GC(277) Tenured: 172874K(174784K)->174238K(174784K)
[2026-07-01T01:44:36.380+0000][87.283s][info][gc,metaspace   ] GC(277) Metaspace: 41280K(42368K)->41280K(42368K) NonClass: 36256K(36864K)->36256K(36864K) Class: 5024K(5504K)->5024K(5504K)
[2026-07-01T01:44:36.380+0000][87.283s][info][gc             ] GC(277) Pause Full (Allocation Failure) 237M->170M(247M) 345.278ms
[2026-07-01T01:44:36.380+0000][87.283s][info][gc,cpu         ] GC(277) User=0.35s Sys=0.00s Real=0.35s
[2026-07-01T01:44:36.739+0000][87.642s][info][gc,start       ] GC(278) Pause Young (Allocation Failure)
[2026-07-01T01:44:36.739+0000][87.642s][info][gc             ] GC(278) Pause Young (Allocation Failure) 238M->238M(247M) 0.116ms
[2026-07-01T01:44:36.739+0000][87.642s][info][gc,cpu         ] GC(278) User=0.00s Sys=0.00s Real=0.00s
[2026-07-01T01:44:36.739+0000][87.642s][info][gc,start       ] GC(279) Pause Full (Allocation Failure)
[2026-07-01T01:44:36.739+0000][87.642s][info][gc,phases,start] GC(279) Phase 1: Mark live objects
[2026-07-01T01:44:36.864+0000][87.767s][info][gc,phases      ] GC(279) Phase 1: Mark live objects 124.958ms
[2026-07-01T01:44:36.864+0000][87.767s][info][gc,phases,start] GC(279) Phase 2: Compute new object addresses
[2026-07-01T01:44:36.915+0000][87.818s][info][gc,phases      ] GC(279) Phase 2: Compute new object addresses 51.176ms
[2026-07-01T01:44:36.915+0000][87.818s][info][gc,phases,start] GC(279) Phase 3: Adjust pointers
[2026-07-01T01:44:36.973+0000][87.877s][info][gc,phases      ] GC(279) Phase 3: Adjust pointers 58.152ms
[2026-07-01T01:44:36.973+0000][87.877s][info][gc,phases,start] GC(279) Phase 4: Move objects
[2026-07-01T01:44:36.974+0000][87.877s][info][gc,phases      ] GC(279) Phase 4: Move objects 0.414ms
[2026-07-01T01:44:36.974+0000][87.877s][info][gc,heap        ] GC(279) DefNew: 69952K(78656K)->245K(78656K) Eden: 69952K(69952K)->245K(69952K) From: 0K(8704K)->0K(8704K)
[2026-07-01T01:44:36.974+0000][87.877s][info][gc,heap        ] GC(279) Tenured: 174238K(174784K)->174783K(174784K)
[2026-07-01T01:44:36.974+0000][87.877s][info][gc,metaspace   ] GC(279) Metaspace: 41280K(42368K)->41280K(42368K) NonClass: 36256K(36864K)->36256K(36864K) Class: 5024K(5504K)->5024K(5504K)
[2026-07-01T01:44:36.974+0000][87.877s][info][gc             ] GC(279) Pause Full (Allocation Failure) 238M->170M(247M) 235.089ms
[2026-07-01T01:44:36.974+0000][87.877s][info][gc,cpu         ] GC(279) User=0.23s Sys=0.00s Real=0.23s
[2026-07-01T01:44:37.370+0000][88.273s][info][gc,start       ] GC(280) Pause Full (Allocation Failure)
[2026-07-01T01:44:37.370+0000][88.273s][info][gc,phases,start] GC(280) Phase 1: Mark live objects
[2026-07-01T01:44:37.495+0000][88.398s][info][gc,phases      ] GC(280) Phase 1: Mark live objects 125.134ms
[2026-07-01T01:44:37.495+0000][88.398s][info][gc,phases,start] GC(280) Phase 2: Compute new object addresses
[2026-07-01T01:44:37.549+0000][88.452s][info][gc,phases      ] GC(280) Phase 2: Compute new object addresses 53.843ms
[2026-07-01T01:44:37.549+0000][88.452s][info][gc,phases,start] GC(280) Phase 3: Adjust pointers
[2026-07-01T01:44:37.608+0000][88.512s][info][gc,phases      ] GC(280) Phase 3: Adjust pointers 59.685ms
[2026-07-01T01:44:37.608+0000][88.512s][info][gc,phases,start] GC(280) Phase 4: Move objects
[2026-07-01T01:44:37.609+0000][88.512s][info][gc,phases      ] GC(280) Phase 4: Move objects 0.552ms
[2026-07-01T01:44:37.609+0000][88.513s][info][gc,heap        ] GC(280) DefNew: 78655K(78656K)->1259K(78656K) Eden: 69952K(69952K)->1259K(69952K) From: 8703K(8704K)->0K(8704K)
[2026-07-01T01:44:37.609+0000][88.513s][info][gc,heap        ] GC(280) Tenured: 174784K(174784K)->174784K(174784K)
[2026-07-01T01:44:37.609+0000][88.513s][info][gc,metaspace   ] GC(280) Metaspace: 41297K(42432K)->41297K(42432K) NonClass: 36273K(36928K)->36273K(36928K) Class: 5024K(5504K)->5024K(5504K)
[2026-07-01T01:44:37.609+0000][88.513s][info][gc             ] GC(280) Pause Full (Allocation Failure) 247M->171M(247M) 239.695ms
[2026-07-01T01:44:37.609+0000][88.513s][info][gc,cpu         ] GC(280) User=0.24s Sys=0.00s Real=0.24s
[2026-07-01T01:44:38.000+0000][88.903s][info][gc,start       ] GC(281) Pause Full (Allocation Failure)
[2026-07-01T01:44:38.000+0000][88.903s][info][gc,phases,start] GC(281) Phase 1: Mark live objects
[2026-07-01T01:44:38.122+0000][89.026s][info][gc,phases      ] GC(281) Phase 1: Mark live objects 122.571ms
[2026-07-01T01:44:38.122+0000][89.026s][info][gc,phases,start] GC(281) Phase 2: Compute new object addresses
[2026-07-01T01:44:38.175+0000][89.078s][info][gc,phases      ] GC(281) Phase 2: Compute new object addresses 52.865ms
[2026-07-01T01:44:38.175+0000][89.078s][info][gc,phases,start] GC(281) Phase 3: Adjust pointers
[2026-07-01T01:44:38.238+0000][89.141s][info][gc,phases      ] GC(281) Phase 3: Adjust pointers 62.854ms
[2026-07-01T01:44:38.238+0000][89.141s][info][gc,phases,start] GC(281) Phase 4: Move objects
[2026-07-01T01:44:38.271+0000][89.174s][info][gc,phases      ] GC(281) Phase 4: Move objects 32.506ms
[2026-07-01T01:44:38.271+0000][89.174s][info][gc,heap        ] GC(281) DefNew: 78655K(78656K)->0K(78656K) Eden: 69952K(69952K)->0K(69952K) From: 8703K(8704K)->0K(8704K)
[2026-07-01T01:44:38.271+0000][89.174s][info][gc,heap        ] GC(281) Tenured: 174784K(174784K)->173665K(174784K)
[2026-07-01T01:44:38.271+0000][89.174s][info][gc,metaspace   ] GC(281) Metaspace: 41298K(42432K)->41298K(42432K) NonClass: 36273K(36928K)->36273K(36928K) Class: 5024K(5504K)->5024K(5504K)
[2026-07-01T01:44:38.271+0000][89.174s][info][gc             ] GC(281) Pause Full (Allocation Failure) 247M->169M(247M) 271.262ms
[2026-07-01T01:44:38.271+0000][89.174s][info][gc,cpu         ] GC(281) User=0.27s Sys=0.00s Real=0.27s
[2026-07-01T01:44:38.579+0000][89.482s][info][gc,start       ] GC(282) Pause Young (Allocation Failure)
[2026-07-01T01:44:38.579+0000][89.482s][info][gc             ] GC(282) Pause Young (Allocation Failure) 237M->237M(247M) 0.082ms
[2026-07-01T01:44:38.579+0000][89.482s][info][gc,cpu         ] GC(282) User=0.00s Sys=0.01s Real=0.00s
[2026-07-01T01:44:38.579+0000][89.482s][info][gc,start       ] GC(283) Pause Full (Allocation Failure)
[2026-07-01T01:44:38.579+0000][89.482s][info][gc,phases,start] GC(283) Phase 1: Mark live objects
[2026-07-01T01:44:38.705+0000][89.609s][info][gc,phases      ] GC(283) Phase 1: Mark live objects 126.247ms
[2026-07-01T01:44:38.705+0000][89.609s][info][gc,phases,start] GC(283) Phase 2: Compute new object addresses
[2026-07-01T01:44:38.757+0000][89.660s][info][gc,phases      ] GC(283) Phase 2: Compute new object addresses 51.395ms
[2026-07-01T01:44:38.757+0000][89.660s][info][gc,phases,start] GC(283) Phase 3: Adjust pointers
[2026-07-01T01:44:38.815+0000][89.719s][info][gc,phases      ] GC(283) Phase 3: Adjust pointers 58.730ms
[2026-07-01T01:44:38.815+0000][89.719s][info][gc,phases,start] GC(283) Phase 4: Move objects
[2026-07-01T01:44:38.816+0000][89.719s][info][gc,phases      ] GC(283) Phase 4: Move objects 0.422ms
[2026-07-01T01:44:38.816+0000][89.719s][info][gc,heap        ] GC(283) DefNew: 69952K(78656K)->0K(78656K) Eden: 69952K(69952K)->0K(69952K) From: 0K(8704K)->0K(8704K)
[2026-07-01T01:44:38.816+0000][89.719s][info][gc,heap        ] GC(283) Tenured: 173665K(174784K)->174591K(174784K)
[2026-07-01T01:44:38.816+0000][89.719s][info][gc,metaspace   ] GC(283) Metaspace: 41298K(42432K)->41298K(42432K) NonClass: 36273K(36928K)->36273K(36928K) Class: 5024K(5504K)->5024K(5504K)
[2026-07-01T01:44:38.816+0000][89.719s][info][gc             ] GC(283) Pause Full (Allocation Failure) 237M->170M(247M) 237.213ms
[2026-07-01T01:44:38.816+0000][89.719s][info][gc,cpu         ] GC(283) User=0.24s Sys=0.00s Real=0.23s
[2026-07-01T01:44:39.129+0000][90.032s][info][gc,start       ] GC(284) Pause Young (Allocation Failure)
[2026-07-01T01:44:39.129+0000][90.033s][info][gc             ] GC(284) Pause Young (Allocation Failure) 238M->238M(247M) 0.072ms
[2026-07-01T01:44:39.129+0000][90.033s][info][gc,cpu         ] GC(284) User=0.00s Sys=0.00s Real=0.00s
[2026-07-01T01:44:39.129+0000][90.033s][info][gc,start       ] GC(285) Pause Full (Allocation Failure)
[2026-07-01T01:44:39.129+0000][90.033s][info][gc,phases,start] GC(285) Phase 1: Mark live objects
[2026-07-01T01:44:39.253+0000][90.157s][info][gc,phases      ] GC(285) Phase 1: Mark live objects 123.942ms
[2026-07-01T01:44:39.253+0000][90.157s][info][gc,phases,start] GC(285) Phase 2: Compute new object addresses
[2026-07-01T01:44:39.305+0000][90.208s][info][gc,phases      ] GC(285) Phase 2: Compute new object addresses 51.394ms
[2026-07-01T01:44:39.305+0000][90.208s][info][gc,phases,start] GC(285) Phase 3: Adjust pointers
[2026-07-01T01:44:39.363+0000][90.267s][info][gc,phases      ] GC(285) Phase 3: Adjust pointers 58.550ms
[2026-07-01T01:44:39.363+0000][90.267s][info][gc,phases,start] GC(285) Phase 4: Move objects
[2026-07-01T01:44:39.364+0000][90.267s][info][gc,phases      ] GC(285) Phase 4: Move objects 0.533ms
[2026-07-01T01:44:39.364+0000][90.267s][info][gc,heap        ] GC(285) DefNew: 69952K(78656K)->1291K(78656K) Eden: 69952K(69952K)->1291K(69952K) From: 0K(8704K)->0K(8704K)
[2026-07-01T01:44:39.364+0000][90.267s][info][gc,heap        ] GC(285) Tenured: 174591K(174784K)->174778K(174784K)
[2026-07-01T01:44:39.364+0000][90.267s][info][gc,metaspace   ] GC(285) Metaspace: 41301K(42432K)->41301K(42432K) NonClass: 36276K(36928K)->36276K(36928K) Class: 5024K(5504K)->5024K(5504K)
[2026-07-01T01:44:39.364+0000][90.267s][info][gc             ] GC(285) Pause Full (Allocation Failure) 238M->171M(247M) 234.816ms
[2026-07-01T01:44:39.364+0000][90.267s][info][gc,cpu         ] GC(285) User=0.23s Sys=0.00s Real=0.23s
[2026-07-01T01:44:39.773+0000][90.676s][info][gc,start       ] GC(286) Pause Full (Allocation Failure)
[2026-07-01T01:44:39.773+0000][90.676s][info][gc,phases,start] GC(286) Phase 1: Mark live objects
[2026-07-01T01:44:39.898+0000][90.801s][info][gc,phases      ] GC(286) Phase 1: Mark live objects 124.710ms
[2026-07-01T01:44:39.898+0000][90.801s][info][gc,phases,start] GC(286) Phase 2: Compute new object addresses
[2026-07-01T01:44:39.951+0000][90.855s][info][gc,phases      ] GC(286) Phase 2: Compute new object addresses 53.558ms
[2026-07-01T01:44:39.951+0000][90.855s][info][gc,phases,start] GC(286) Phase 3: Adjust pointers
[2026-07-01T01:44:40.010+0000][90.913s][info][gc,phases      ] GC(286) Phase 3: Adjust pointers 58.426ms
[2026-07-01T01:44:40.010+0000][90.913s][info][gc,phases,start] GC(286) Phase 4: Move objects
[2026-07-01T01:44:40.010+0000][90.914s][info][gc,phases      ] GC(286) Phase 4: Move objects 0.656ms
[2026-07-01T01:44:40.011+0000][90.914s][info][gc,heap        ] GC(286) DefNew: 78655K(78656K)->1936K(78656K) Eden: 69951K(69952K)->1936K(69952K) From: 8703K(8704K)->0K(8704K)
[2026-07-01T01:44:40.011+0000][90.914s][info][gc,heap        ] GC(286) Tenured: 174784K(174784K)->174784K(174784K)
[2026-07-01T01:44:40.011+0000][90.914s][info][gc,metaspace   ] GC(286) Metaspace: 41301K(42432K)->41301K(42432K) NonClass: 36276K(36928K)->36276K(36928K) Class: 5024K(5504K)->5024K(5504K)
[2026-07-01T01:44:40.011+0000][90.914s][info][gc             ] GC(286) Pause Full (Allocation Failure) 247M->172M(247M) 237.800ms
[2026-07-01T01:44:40.011+0000][90.914s][info][gc,cpu         ] GC(286) User=0.24s Sys=0.01s Real=0.24s
[2026-07-01T01:44:40.402+0000][91.305s][info][gc,start       ] GC(287) Pause Full (Allocation Failure)
[2026-07-01T01:44:40.402+0000][91.305s][info][gc,phases,start] GC(287) Phase 1: Mark live objects
[2026-07-01T01:44:40.528+0000][91.432s][info][gc,phases      ] GC(287) Phase 1: Mark live objects 126.351ms
[2026-07-01T01:44:40.529+0000][91.432s][info][gc,phases,start] GC(287) Phase 2: Compute new object addresses
[2026-07-01T01:44:40.582+0000][91.485s][info][gc,phases      ] GC(287) Phase 2: Compute new object addresses 53.041ms
[2026-07-01T01:44:40.582+0000][91.485s][info][gc,phases,start] GC(287) Phase 3: Adjust pointers
[2026-07-01T01:44:40.646+0000][91.549s][info][gc,phases      ] GC(287) Phase 3: Adjust pointers 64.426ms
[2026-07-01T01:44:40.646+0000][91.549s][info][gc,phases,start] GC(287) Phase 4: Move objects
[2026-07-01T01:44:40.679+0000][91.582s][info][gc,phases      ] GC(287) Phase 4: Move objects 32.912ms
[2026-07-01T01:44:40.679+0000][91.583s][info][gc,heap        ] GC(287) DefNew: 78655K(78656K)->0K(78656K) Eden: 69952K(69952K)->0K(69952K) From: 8703K(8704K)->0K(8704K)
[2026-07-01T01:44:40.679+0000][91.583s][info][gc,heap        ] GC(287) Tenured: 174784K(174784K)->174504K(174784K)
[2026-07-01T01:44:40.679+0000][91.583s][info][gc,metaspace   ] GC(287) Metaspace: 41301K(42432K)->41301K(42432K) NonClass: 36276K(36928K)->36276K(36928K) Class: 5024K(5504K)->5024K(5504K)
[2026-07-01T01:44:40.679+0000][91.583s][info][gc             ] GC(287) Pause Full (Allocation Failure) 247M->170M(247M) 277.246ms
[2026-07-01T01:44:40.679+0000][91.583s][info][gc,cpu         ] GC(287) User=0.27s Sys=0.00s Real=0.28s
[2026-07-01T01:44:40.996+0000][91.899s][info][gc,start       ] GC(288) Pause Young (Allocation Failure)
[2026-07-01T01:44:40.996+0000][91.899s][info][gc             ] GC(288) Pause Young (Allocation Failure) 238M->238M(247M) 0.133ms
[2026-07-01T01:44:40.996+0000][91.899s][info][gc,cpu         ] GC(288) User=0.00s Sys=0.00s Real=0.00s
[2026-07-01T01:44:40.996+0000][91.899s][info][gc,start       ] GC(289) Pause Full (Allocation Failure)
[2026-07-01T01:44:40.996+0000][91.899s][info][gc,phases,start] GC(289) Phase 1: Mark live objects
[2026-07-01T01:44:41.124+0000][92.027s][info][gc,phases      ] GC(289) Phase 1: Mark live objects 127.644ms
[2026-07-01T01:44:41.124+0000][92.027s][info][gc,phases,start] GC(289) Phase 2: Compute new object addresses
[2026-07-01T01:44:41.176+0000][92.079s][info][gc,phases      ] GC(289) Phase 2: Compute new object addresses 51.754ms
[2026-07-01T01:44:41.176+0000][92.079s][info][gc,phases,start] GC(289) Phase 3: Adjust pointers
[2026-07-01T01:44:41.236+0000][92.139s][info][gc,phases      ] GC(289) Phase 3: Adjust pointers 60.205ms
[2026-07-01T01:44:41.236+0000][92.139s][info][gc,phases,start] GC(289) Phase 4: Move objects
[2026-07-01T01:44:41.236+0000][92.140s][info][gc,phases      ] GC(289) Phase 4: Move objects 0.561ms
[2026-07-01T01:44:41.237+0000][92.140s][info][gc,heap        ] GC(289) DefNew: 69952K(78656K)->1058K(78656K) Eden: 69952K(69952K)->1058K(69952K) From: 0K(8704K)->0K(8704K)
[2026-07-01T01:44:41.237+0000][92.140s][info][gc,heap        ] GC(289) Tenured: 174504K(174784K)->174777K(174784K)
[2026-07-01T01:44:41.237+0000][92.140s][info][gc,metaspace   ] GC(289) Metaspace: 41301K(42432K)->41301K(42432K) NonClass: 36276K(36928K)->36276K(36928K) Class: 5024K(5504K)->5024K(5504K)
[2026-07-01T01:44:41.237+0000][92.140s][info][gc             ] GC(289) Pause Full (Allocation Failure) 238M->171M(247M) 240.564ms
[2026-07-01T01:44:41.237+0000][92.140s][info][gc,cpu         ] GC(289) User=0.24s Sys=0.01s Real=0.24s
[2026-07-01T01:44:41.617+0000][92.520s][info][gc,start       ] GC(290) Pause Full (Allocation Failure)
[2026-07-01T01:44:41.617+0000][92.520s][info][gc,phases,start] GC(290) Phase 1: Mark live objects
[2026-07-01T01:44:41.744+0000][92.648s][info][gc,phases      ] GC(290) Phase 1: Mark live objects 127.296ms
[2026-07-01T01:44:41.745+0000][92.648s][info][gc,phases,start] GC(290) Phase 2: Compute new object addresses
[2026-07-01T01:44:41.798+0000][92.702s][info][gc,phases      ] GC(290) Phase 2: Compute new object addresses 53.962ms
[2026-07-01T01:44:41.799+0000][92.702s][info][gc,phases,start] GC(290) Phase 3: Adjust pointers
[2026-07-01T01:44:41.859+0000][92.762s][info][gc,phases      ] GC(290) Phase 3: Adjust pointers 60.120ms
[2026-07-01T01:44:41.859+0000][92.762s][info][gc,phases,start] GC(290) Phase 4: Move objects
[2026-07-01T01:44:41.859+0000][92.763s][info][gc,phases      ] GC(290) Phase 4: Move objects 0.712ms
[2026-07-01T01:44:41.860+0000][92.763s][info][gc,heap        ] GC(290) DefNew: 78656K(78656K)->1845K(78656K) Eden: 69952K(69952K)->1845K(69952K) From: 8704K(8704K)->0K(8704K)
[2026-07-01T01:44:41.860+0000][92.763s][info][gc,heap        ] GC(290) Tenured: 174783K(174784K)->174783K(174784K)
[2026-07-01T01:44:41.860+0000][92.763s][info][gc,metaspace   ] GC(290) Metaspace: 41301K(42432K)->41301K(42432K) NonClass: 36277K(36928K)->36277K(36928K) Class: 5024K(5504K)->5024K(5504K)
[2026-07-01T01:44:41.860+0000][92.763s][info][gc             ] GC(290) Pause Full (Allocation Failure) 247M->172M(247M) 242.554ms
[2026-07-01T01:44:41.860+0000][92.763s][info][gc,cpu         ] GC(290) User=0.24s Sys=0.01s Real=0.25s
[2026-07-01T01:44:42.271+0000][93.174s][info][gc,start       ] GC(291) Pause Full (Allocation Failure)
[2026-07-01T01:44:42.271+0000][93.174s][info][gc,phases,start] GC(291) Phase 1: Mark live objects
[2026-07-01T01:44:42.402+0000][93.306s][info][gc,phases      ] GC(291) Phase 1: Mark live objects 131.252ms
[2026-07-01T01:44:42.402+0000][93.306s][info][gc,phases,start] GC(291) Phase 2: Compute new object addresses
[2026-07-01T01:44:42.456+0000][93.360s][info][gc,phases      ] GC(291) Phase 2: Compute new object addresses 53.821ms
[2026-07-01T01:44:42.456+0000][93.360s][info][gc,phases,start] GC(291) Phase 3: Adjust pointers
[2026-07-01T01:44:42.516+0000][93.420s][info][gc,phases      ] GC(291) Phase 3: Adjust pointers 60.049ms
[2026-07-01T01:44:42.516+0000][93.420s][info][gc,phases,start] GC(291) Phase 4: Move objects
[2026-07-01T01:44:42.517+0000][93.421s][info][gc,phases      ] GC(291) Phase 4: Move objects 0.906ms
[2026-07-01T01:44:42.518+0000][93.421s][info][gc,heap        ] GC(291) DefNew: 78656K(78656K)->2714K(78656K) Eden: 69952K(69952K)->2714K(69952K) From: 8704K(8704K)->0K(8704K)
[2026-07-01T01:44:42.518+0000][93.421s][info][gc,heap        ] GC(291) Tenured: 174783K(174784K)->174783K(174784K)
[2026-07-01T01:44:42.518+0000][93.421s][info][gc,metaspace   ] GC(291) Metaspace: 41301K(42432K)->41301K(42432K) NonClass: 36277K(36928K)->36277K(36928K) Class: 5024K(5504K)->5024K(5504K)
[2026-07-01T01:44:42.518+0000][93.421s][info][gc             ] GC(291) Pause Full (Allocation Failure) 247M->173M(247M) 246.529ms
[2026-07-01T01:44:42.518+0000][93.421s][info][gc,cpu         ] GC(291) User=0.24s Sys=0.00s Real=0.24s
[2026-07-01T01:44:42.901+0000][93.804s][info][gc,start       ] GC(292) Pause Full (Allocation Failure)
[2026-07-01T01:44:42.901+0000][93.804s][info][gc,phases,start] GC(292) Phase 1: Mark live objects
[2026-07-01T01:44:43.030+0000][93.933s][info][gc,phases      ] GC(292) Phase 1: Mark live objects 128.902ms
[2026-07-01T01:44:43.030+0000][93.933s][info][gc,phases,start] GC(292) Phase 2: Compute new object addresses
[2026-07-01T01:44:43.083+0000][93.987s][info][gc,phases      ] GC(292) Phase 2: Compute new object addresses 53.082ms
[2026-07-01T01:44:43.083+0000][93.987s][info][gc,phases,start] GC(292) Phase 3: Adjust pointers
[2026-07-01T01:44:43.148+0000][94.051s][info][gc,phases      ] GC(292) Phase 3: Adjust pointers 64.557ms
[2026-07-01T01:44:43.148+0000][94.051s][info][gc,phases,start] GC(292) Phase 4: Move objects
[2026-07-01T01:44:43.180+0000][94.084s][info][gc,phases      ] GC(292) Phase 4: Move objects 32.505ms
[2026-07-01T01:44:43.181+0000][94.084s][info][gc,heap        ] GC(292) DefNew: 78655K(78656K)->587K(78656K) Eden: 69952K(69952K)->587K(69952K) From: 8703K(8704K)->0K(8704K)
[2026-07-01T01:44:43.181+0000][94.084s][info][gc,heap        ] GC(292) Tenured: 174783K(174784K)->174784K(174784K)
[2026-07-01T01:44:43.181+0000][94.084s][info][gc,metaspace   ] GC(292) Metaspace: 41301K(42432K)->41301K(42432K) NonClass: 36277K(36928K)->36277K(36928K) Class: 5024K(5504K)->5024K(5504K)
[2026-07-01T01:44:43.181+0000][94.084s][info][gc             ] GC(292) Pause Full (Allocation Failure) 247M->171M(247M) 279.554ms
[2026-07-01T01:44:43.181+0000][94.084s][info][gc,cpu         ] GC(292) User=0.28s Sys=0.00s Real=0.28s
