[2026-07-01T01:54:19.545+0000][0.008s][info][gc,init] CardTable entry size: 512
[2026-07-01T01:54:19.545+0000][0.008s][info][gc     ] Using G1
[2026-07-01T01:54:19.546+0000][0.009s][info][gc,init] Version: 21.0.11+10-LTS (release)
[2026-07-01T01:54:19.546+0000][0.009s][info][gc,init] CPUs: 4 total, 2 available
[2026-07-01T01:54:19.546+0000][0.009s][info][gc,init] Memory: 1024M
[2026-07-01T01:54:19.546+0000][0.009s][info][gc,init] Large Page Support: Disabled
[2026-07-01T01:54:19.546+0000][0.009s][info][gc,init] NUMA Support: Disabled
[2026-07-01T01:54:19.546+0000][0.009s][info][gc,init] Compressed Oops: Enabled (32-bit)
[2026-07-01T01:54:19.546+0000][0.009s][info][gc,init] Heap Region Size: 1M
[2026-07-01T01:54:19.546+0000][0.009s][info][gc,init] Heap Min Capacity: 8M
[2026-07-01T01:54:19.546+0000][0.009s][info][gc,init] Heap Initial Capacity: 16M
[2026-07-01T01:54:19.546+0000][0.009s][info][gc,init] Heap Max Capacity: 730M
[2026-07-01T01:54:19.546+0000][0.009s][info][gc,init] Pre-touch: Disabled
[2026-07-01T01:54:19.546+0000][0.009s][info][gc,init] Parallel Workers: 2
[2026-07-01T01:54:19.546+0000][0.009s][info][gc,init] Concurrent Workers: 1
[2026-07-01T01:54:19.546+0000][0.009s][info][gc,init] Concurrent Refinement Workers: 2
[2026-07-01T01:54:19.546+0000][0.009s][info][gc,init] Periodic GC: Enabled
[2026-07-01T01:54:19.546+0000][0.009s][info][gc,init] Periodic GC Interval: 10000ms
[2026-07-01T01:54:19.546+0000][0.009s][info][gc,init] G1 Time-Based Heap Sizing enabled (uncommit-only)
[2026-07-01T01:54:19.546+0000][0.009s][info][gc,init]   evaluation_interval=60000ms, uncommit_delay=300000ms, min_regions_to_uncommit=10
[2026-07-01T01:54:19.553+0000][0.017s][info][gc,metaspace] CDS archive(s) mapped at: [0x000075b3cf000000-0x000075b3cfc9b000-0x000075b3cfc9b000), size 13217792, SharedBaseAddress: 0x000075b3cf000000, ArchiveRelocationMode: 1.
[2026-07-01T01:54:19.553+0000][0.017s][info][gc,metaspace] Compressed class space mapped at: 0x000075b3d0000000-0x000075b410000000, reserved size: 1073741824
[2026-07-01T01:54:19.553+0000][0.017s][info][gc,metaspace] Narrow klass base: 0x000075b3cf000000, Narrow klass shift: 0, Narrow klass range: 0x100000000
[2026-07-01T01:54:19.985+0000][0.449s][info][gc,start    ] GC(0) Pause Young (Normal) (G1 Evacuation Pause)
[2026-07-01T01:54:19.985+0000][0.449s][info][gc,task     ] GC(0) Using 2 workers of 2 for evacuation
[2026-07-01T01:54:19.989+0000][0.452s][info][gc,phases   ] GC(0)   Pre Evacuate Collection Set: 0.06ms
[2026-07-01T01:54:19.989+0000][0.452s][info][gc,phases   ] GC(0)   Merge Heap Roots: 0.05ms
[2026-07-01T01:54:19.989+0000][0.452s][info][gc,phases   ] GC(0)   Evacuate Collection Set: 2.95ms
[2026-07-01T01:54:19.989+0000][0.452s][info][gc,phases   ] GC(0)   Post Evacuate Collection Set: 0.22ms
[2026-07-01T01:54:19.989+0000][0.452s][info][gc,phases   ] GC(0)   Other: 0.19ms
[2026-07-01T01:54:19.989+0000][0.452s][info][gc,heap     ] GC(0) Eden regions: 6->0(8)
[2026-07-01T01:54:19.989+0000][0.452s][info][gc,heap     ] GC(0) Survivor regions: 0->1(1)
[2026-07-01T01:54:19.989+0000][0.452s][info][gc,heap     ] GC(0) Old regions: 2->2
[2026-07-01T01:54:19.989+0000][0.452s][info][gc,heap     ] GC(0) Humongous regions: 0->0
[2026-07-01T01:54:19.989+0000][0.452s][info][gc,metaspace] GC(0) Metaspace: 1696K(1984K)->1696K(1984K) NonClass: 1508K(1664K)->1508K(1664K) Class: 187K(320K)->187K(320K)
[2026-07-01T01:54:19.989+0000][0.452s][info][gc          ] GC(0) Pause Young (Normal) (G1 Evacuation Pause) 7M->1M(18M) 3.669ms
[2026-07-01T01:54:19.989+0000][0.452s][info][gc,cpu      ] GC(0) User=0.01s Sys=0.00s Real=0.01s
[2026-07-01T01:54:20.286+0000][0.750s][info][gc,start    ] GC(1) Pause Young (Normal) (G1 Evacuation Pause)
[2026-07-01T01:54:20.286+0000][0.750s][info][gc,task     ] GC(1) Using 2 workers of 2 for evacuation
[2026-07-01T01:54:20.289+0000][0.753s][info][gc,phases   ] GC(1)   Pre Evacuate Collection Set: 0.09ms
[2026-07-01T01:54:20.289+0000][0.753s][info][gc,phases   ] GC(1)   Merge Heap Roots: 0.04ms
[2026-07-01T01:54:20.289+0000][0.753s][info][gc,phases   ] GC(1)   Evacuate Collection Set: 2.71ms
[2026-07-01T01:54:20.289+0000][0.753s][info][gc,phases   ] GC(1)   Post Evacuate Collection Set: 0.25ms
[2026-07-01T01:54:20.289+0000][0.753s][info][gc,phases   ] GC(1)   Other: 0.04ms
[2026-07-01T01:54:20.289+0000][0.753s][info][gc,heap     ] GC(1) Eden regions: 8->0(7)
[2026-07-01T01:54:20.289+0000][0.753s][info][gc,heap     ] GC(1) Survivor regions: 1->2(2)
[2026-07-01T01:54:20.289+0000][0.753s][info][gc,heap     ] GC(1) Old regions: 2->2
[2026-07-01T01:54:20.289+0000][0.753s][info][gc,heap     ] GC(1) Humongous regions: 0->0
[2026-07-01T01:54:20.289+0000][0.753s][info][gc,metaspace] GC(1) Metaspace: 2937K(3136K)->2937K(3136K) NonClass: 2632K(2752K)->2632K(2752K) Class: 304K(384K)->304K(384K)
[2026-07-01T01:54:20.289+0000][0.753s][info][gc          ] GC(1) Pause Young (Normal) (G1 Evacuation Pause) 9M->2M(18M) 3.257ms
[2026-07-01T01:54:20.289+0000][0.753s][info][gc,cpu      ] GC(1) User=0.00s Sys=0.00s Real=0.01s
[2026-07-01T01:54:20.588+0000][1.051s][info][gc,start    ] GC(2) Pause Young (Normal) (G1 Evacuation Pause)
[2026-07-01T01:54:20.588+0000][1.051s][info][gc,task     ] GC(2) Using 2 workers of 2 for evacuation
[2026-07-01T01:54:20.591+0000][1.054s][info][gc,phases   ] GC(2)   Pre Evacuate Collection Set: 0.07ms
[2026-07-01T01:54:20.591+0000][1.054s][info][gc,phases   ] GC(2)   Merge Heap Roots: 0.04ms
[2026-07-01T01:54:20.591+0000][1.055s][info][gc,phases   ] GC(2)   Evacuate Collection Set: 2.56ms
[2026-07-01T01:54:20.591+0000][1.055s][info][gc,phases   ] GC(2)   Post Evacuate Collection Set: 0.32ms
[2026-07-01T01:54:20.591+0000][1.055s][info][gc,phases   ] GC(2)   Other: 0.04ms
[2026-07-01T01:54:20.591+0000][1.055s][info][gc,heap     ] GC(2) Eden regions: 7->0(7)
[2026-07-01T01:54:20.591+0000][1.055s][info][gc,heap     ] GC(2) Survivor regions: 2->2(2)
[2026-07-01T01:54:20.591+0000][1.055s][info][gc,heap     ] GC(2) Old regions: 2->3
[2026-07-01T01:54:20.591+0000][1.055s][info][gc,heap     ] GC(2) Humongous regions: 0->0
[2026-07-01T01:54:20.591+0000][1.055s][info][gc,metaspace] GC(2) Metaspace: 4334K(4608K)->4334K(4608K) NonClass: 3850K(3968K)->3850K(3968K) Class: 483K(640K)->483K(640K)
[2026-07-01T01:54:20.591+0000][1.055s][info][gc          ] GC(2) Pause Young (Normal) (G1 Evacuation Pause) 9M->2M(18M) 3.193ms
[2026-07-01T01:54:20.591+0000][1.055s][info][gc,cpu      ] GC(2) User=0.01s Sys=0.00s Real=0.01s
[2026-07-01T01:54:20.717+0000][1.181s][info][gc,start    ] GC(3) Pause Young (Normal) (G1 Evacuation Pause)
[2026-07-01T01:54:20.718+0000][1.181s][info][gc,task     ] GC(3) Using 2 workers of 2 for evacuation
[2026-07-01T01:54:20.720+0000][1.183s][info][gc,phases   ] GC(3)   Pre Evacuate Collection Set: 0.09ms
[2026-07-01T01:54:20.720+0000][1.183s][info][gc,phases   ] GC(3)   Merge Heap Roots: 0.04ms
[2026-07-01T01:54:20.720+0000][1.183s][info][gc,phases   ] GC(3)   Evacuate Collection Set: 1.56ms
[2026-07-01T01:54:20.720+0000][1.183s][info][gc,phases   ] GC(3)   Post Evacuate Collection Set: 0.26ms
[2026-07-01T01:54:20.720+0000][1.183s][info][gc,phases   ] GC(3)   Other: 0.03ms
[2026-07-01T01:54:20.720+0000][1.183s][info][gc,heap     ] GC(3) Eden regions: 7->0(7)
[2026-07-01T01:54:20.720+0000][1.183s][info][gc,heap     ] GC(3) Survivor regions: 2->2(2)
[2026-07-01T01:54:20.720+0000][1.183s][info][gc,heap     ] GC(3) Old regions: 3->3
[2026-07-01T01:54:20.720+0000][1.183s][info][gc,heap     ] GC(3) Humongous regions: 0->0
[2026-07-01T01:54:20.720+0000][1.183s][info][gc,metaspace] GC(3) Metaspace: 5998K(6272K)->5998K(6272K) NonClass: 5304K(5440K)->5304K(5440K) Class: 693K(832K)->693K(832K)
[2026-07-01T01:54:20.720+0000][1.183s][info][gc          ] GC(3) Pause Young (Normal) (G1 Evacuation Pause) 9M->3M(18M) 2.094ms
[2026-07-01T01:54:20.720+0000][1.183s][info][gc,cpu      ] GC(3) User=0.01s Sys=0.00s Real=0.01s
[2026-07-01T01:54:20.830+0000][1.293s][info][gc,start    ] GC(4) Pause Young (Normal) (G1 Evacuation Pause)
[2026-07-01T01:54:20.830+0000][1.293s][info][gc,task     ] GC(4) Using 2 workers of 2 for evacuation
[2026-07-01T01:54:20.833+0000][1.296s][info][gc,phases   ] GC(4)   Pre Evacuate Collection Set: 0.09ms
[2026-07-01T01:54:20.833+0000][1.296s][info][gc,phases   ] GC(4)   Merge Heap Roots: 0.04ms
[2026-07-01T01:54:20.833+0000][1.296s][info][gc,phases   ] GC(4)   Evacuate Collection Set: 2.31ms
[2026-07-01T01:54:20.833+0000][1.296s][info][gc,phases   ] GC(4)   Post Evacuate Collection Set: 0.28ms
[2026-07-01T01:54:20.833+0000][1.296s][info][gc,phases   ] GC(4)   Other: 0.04ms
[2026-07-01T01:54:20.833+0000][1.296s][info][gc,heap     ] GC(4) Eden regions: 7->0(7)
[2026-07-01T01:54:20.833+0000][1.296s][info][gc,heap     ] GC(4) Survivor regions: 2->2(2)
[2026-07-01T01:54:20.833+0000][1.296s][info][gc,heap     ] GC(4) Old regions: 3->4
[2026-07-01T01:54:20.833+0000][1.296s][info][gc,heap     ] GC(4) Humongous regions: 0->0
[2026-07-01T01:54:20.833+0000][1.296s][info][gc,metaspace] GC(4) Metaspace: 8021K(8256K)->8021K(8256K) NonClass: 7075K(7232K)->7075K(7232K) Class: 945K(1024K)->945K(1024K)
[2026-07-01T01:54:20.833+0000][1.296s][info][gc          ] GC(4) Pause Young (Normal) (G1 Evacuation Pause) 10M->3M(18M) 2.867ms
[2026-07-01T01:54:20.833+0000][1.296s][info][gc,cpu      ] GC(4) User=0.01s Sys=0.00s Real=0.00s
[2026-07-01T01:54:20.953+0000][1.416s][info][gc,start    ] GC(5) Pause Young (Normal) (G1 Evacuation Pause)
[2026-07-01T01:54:20.953+0000][1.417s][info][gc,task     ] GC(5) Using 2 workers of 2 for evacuation
[2026-07-01T01:54:20.956+0000][1.419s][info][gc,phases   ] GC(5)   Pre Evacuate Collection Set: 0.09ms
[2026-07-01T01:54:20.956+0000][1.419s][info][gc,phases   ] GC(5)   Merge Heap Roots: 0.04ms
[2026-07-01T01:54:20.956+0000][1.419s][info][gc,phases   ] GC(5)   Evacuate Collection Set: 2.39ms
[2026-07-01T01:54:20.956+0000][1.419s][info][gc,phases   ] GC(5)   Post Evacuate Collection Set: 0.33ms
[2026-07-01T01:54:20.956+0000][1.419s][info][gc,phases   ] GC(5)   Other: 0.07ms
[2026-07-01T01:54:20.956+0000][1.419s][info][gc,heap     ] GC(5) Eden regions: 7->0(7)
[2026-07-01T01:54:20.956+0000][1.419s][info][gc,heap     ] GC(5) Survivor regions: 2->2(2)
[2026-07-01T01:54:20.956+0000][1.419s][info][gc,heap     ] GC(5) Old regions: 4->4
[2026-07-01T01:54:20.956+0000][1.419s][info][gc,heap     ] GC(5) Humongous regions: 0->0
[2026-07-01T01:54:20.956+0000][1.420s][info][gc,metaspace] GC(5) Metaspace: 9263K(9664K)->9263K(9664K) NonClass: 8133K(8384K)->8133K(8384K) Class: 1129K(1280K)->1129K(1280K)
[2026-07-01T01:54:20.956+0000][1.420s][info][gc          ] GC(5) Pause Young (Normal) (G1 Evacuation Pause) 10M->4M(18M) 3.078ms
[2026-07-01T01:54:20.956+0000][1.420s][info][gc,cpu      ] GC(5) User=0.00s Sys=0.00s Real=0.00s
[2026-07-01T01:54:21.096+0000][1.560s][info][gc,start    ] GC(6) Pause Young (Normal) (G1 Evacuation Pause)
[2026-07-01T01:54:21.096+0000][1.560s][info][gc,task     ] GC(6) Using 2 workers of 2 for evacuation
[2026-07-01T01:54:21.099+0000][1.563s][info][gc,phases   ] GC(6)   Pre Evacuate Collection Set: 0.08ms
[2026-07-01T01:54:21.099+0000][1.563s][info][gc,phases   ] GC(6)   Merge Heap Roots: 0.04ms
[2026-07-01T01:54:21.099+0000][1.563s][info][gc,phases   ] GC(6)   Evacuate Collection Set: 2.75ms
[2026-07-01T01:54:21.099+0000][1.563s][info][gc,phases   ] GC(6)   Post Evacuate Collection Set: 0.31ms
[2026-07-01T01:54:21.099+0000][1.563s][info][gc,phases   ] GC(6)   Other: 0.04ms
[2026-07-01T01:54:21.099+0000][1.563s][info][gc,heap     ] GC(6) Eden regions: 7->0(12)
[2026-07-01T01:54:21.099+0000][1.563s][info][gc,heap     ] GC(6) Survivor regions: 2->1(2)
[2026-07-01T01:54:21.099+0000][1.563s][info][gc,heap     ] GC(6) Old regions: 4->5
[2026-07-01T01:54:21.099+0000][1.563s][info][gc,heap     ] GC(6) Humongous regions: 0->0
[2026-07-01T01:54:21.099+0000][1.563s][info][gc,metaspace] GC(6) Metaspace: 10327K(10624K)->10327K(10624K) NonClass: 8998K(9152K)->8998K(9152K) Class: 1328K(1472K)->1328K(1472K)
[2026-07-01T01:54:21.099+0000][1.563s][info][gc          ] GC(6) Pause Young (Normal) (G1 Evacuation Pause) 11M->4M(22M) 3.321ms
[2026-07-01T01:54:21.099+0000][1.563s][info][gc,cpu      ] GC(6) User=0.00s Sys=0.00s Real=0.01s
[2026-07-01T01:54:21.209+0000][1.672s][info][gc,start    ] GC(7) Pause Young (Normal) (G1 Evacuation Pause)
[2026-07-01T01:54:21.209+0000][1.672s][info][gc,task     ] GC(7) Using 2 workers of 2 for evacuation
[2026-07-01T01:54:21.212+0000][1.675s][info][gc,phases   ] GC(7)   Pre Evacuate Collection Set: 0.09ms
[2026-07-01T01:54:21.212+0000][1.675s][info][gc,phases   ] GC(7)   Merge Heap Roots: 0.04ms
[2026-07-01T01:54:21.212+0000][1.675s][info][gc,phases   ] GC(7)   Evacuate Collection Set: 2.53ms
[2026-07-01T01:54:21.212+0000][1.675s][info][gc,phases   ] GC(7)   Post Evacuate Collection Set: 0.31ms
[2026-07-01T01:54:21.212+0000][1.675s][info][gc,phases   ] GC(7)   Other: 0.05ms
[2026-07-01T01:54:21.212+0000][1.675s][info][gc,heap     ] GC(7) Eden regions: 12->0(11)
[2026-07-01T01:54:21.212+0000][1.675s][info][gc,heap     ] GC(7) Survivor regions: 1->2(2)
[2026-07-01T01:54:21.212+0000][1.675s][info][gc,heap     ] GC(7) Old regions: 5->5
[2026-07-01T01:54:21.212+0000][1.675s][info][gc,heap     ] GC(7) Humongous regions: 0->0
[2026-07-01T01:54:21.212+0000][1.675s][info][gc,metaspace] GC(7) Metaspace: 13047K(13440K)->13047K(13440K) NonClass: 11418K(11648K)->11418K(11648K) Class: 1629K(1792K)->1629K(1792K)
[2026-07-01T01:54:21.212+0000][1.675s][info][gc          ] GC(7) Pause Young (Normal) (G1 Evacuation Pause) 16M->5M(22M) 3.140ms
[2026-07-01T01:54:21.212+0000][1.675s][info][gc,cpu      ] GC(7) User=0.00s Sys=0.00s Real=0.00s
[2026-07-01T01:54:21.324+0000][1.787s][info][gc,start    ] GC(8) Pause Young (Normal) (G1 Evacuation Pause)
[2026-07-01T01:54:21.324+0000][1.787s][info][gc,task     ] GC(8) Using 2 workers of 2 for evacuation
[2026-07-01T01:54:21.327+0000][1.790s][info][gc,phases   ] GC(8)   Pre Evacuate Collection Set: 0.10ms
[2026-07-01T01:54:21.327+0000][1.790s][info][gc,phases   ] GC(8)   Merge Heap Roots: 0.04ms
[2026-07-01T01:54:21.327+0000][1.790s][info][gc,phases   ] GC(8)   Evacuate Collection Set: 2.73ms
[2026-07-01T01:54:21.327+0000][1.790s][info][gc,phases   ] GC(8)   Post Evacuate Collection Set: 0.33ms
[2026-07-01T01:54:21.327+0000][1.790s][info][gc,phases   ] GC(8)   Other: 0.04ms
[2026-07-01T01:54:21.327+0000][1.790s][info][gc,heap     ] GC(8) Eden regions: 11->0(11)
[2026-07-01T01:54:21.327+0000][1.790s][info][gc,heap     ] GC(8) Survivor regions: 2->2(2)
[2026-07-01T01:54:21.327+0000][1.790s][info][gc,heap     ] GC(8) Old regions: 5->6
[2026-07-01T01:54:21.327+0000][1.790s][info][gc,heap     ] GC(8) Humongous regions: 0->0
[2026-07-01T01:54:21.327+0000][1.790s][info][gc,metaspace] GC(8) Metaspace: 15324K(15808K)->15324K(15808K) NonClass: 13392K(13632K)->13392K(13632K) Class: 1931K(2176K)->1931K(2176K)
[2026-07-01T01:54:21.327+0000][1.790s][info][gc          ] GC(8) Pause Young (Normal) (G1 Evacuation Pause) 16M->6M(22M) 3.345ms
[2026-07-01T01:54:21.327+0000][1.790s][info][gc,cpu      ] GC(8) User=0.01s Sys=0.00s Real=0.00s
[2026-07-01T01:54:21.435+0000][1.899s][info][gc,start    ] GC(9) Pause Young (Normal) (G1 Evacuation Pause)
[2026-07-01T01:54:21.435+0000][1.899s][info][gc,task     ] GC(9) Using 2 workers of 2 for evacuation
[2026-07-01T01:54:21.439+0000][1.903s][info][gc,phases   ] GC(9)   Pre Evacuate Collection Set: 0.24ms
[2026-07-01T01:54:21.439+0000][1.903s][info][gc,phases   ] GC(9)   Merge Heap Roots: 0.04ms
[2026-07-01T01:54:21.439+0000][1.903s][info][gc,phases   ] GC(9)   Evacuate Collection Set: 3.49ms
[2026-07-01T01:54:21.439+0000][1.903s][info][gc,phases   ] GC(9)   Post Evacuate Collection Set: 0.31ms
[2026-07-01T01:54:21.439+0000][1.903s][info][gc,phases   ] GC(9)   Other: 0.05ms
[2026-07-01T01:54:21.439+0000][1.903s][info][gc,heap     ] GC(9) Eden regions: 11->0(10)
[2026-07-01T01:54:21.439+0000][1.903s][info][gc,heap     ] GC(9) Survivor regions: 2->2(2)
[2026-07-01T01:54:21.439+0000][1.903s][info][gc,heap     ] GC(9) Old regions: 6->7
[2026-07-01T01:54:21.439+0000][1.903s][info][gc,heap     ] GC(9) Humongous regions: 0->0
[2026-07-01T01:54:21.439+0000][1.903s][info][gc,metaspace] GC(9) Metaspace: 17620K(18048K)->17620K(18048K) NonClass: 15408K(15616K)->15408K(15616K) Class: 2212K(2432K)->2212K(2432K)
[2026-07-01T01:54:21.439+0000][1.903s][info][gc          ] GC(9) Pause Young (Normal) (G1 Evacuation Pause) 17M->6M(22M) 4.249ms
[2026-07-01T01:54:21.439+0000][1.903s][info][gc,cpu      ] GC(9) User=0.01s Sys=0.00s Real=0.01s
[2026-07-01T01:54:21.590+0000][2.053s][info][gc,start    ] GC(10) Pause Young (Normal) (G1 Evacuation Pause)
[2026-07-01T01:54:21.590+0000][2.053s][info][gc,task     ] GC(10) Using 2 workers of 2 for evacuation
[2026-07-01T01:54:21.594+0000][2.057s][info][gc,phases   ] GC(10)   Pre Evacuate Collection Set: 0.08ms
[2026-07-01T01:54:21.594+0000][2.057s][info][gc,phases   ] GC(10)   Merge Heap Roots: 0.04ms
[2026-07-01T01:54:21.594+0000][2.057s][info][gc,phases   ] GC(10)   Evacuate Collection Set: 3.15ms
[2026-07-01T01:54:21.594+0000][2.057s][info][gc,phases   ] GC(10)   Post Evacuate Collection Set: 0.41ms
[2026-07-01T01:54:21.594+0000][2.057s][info][gc,phases   ] GC(10)   Other: 0.05ms
[2026-07-01T01:54:21.594+0000][2.057s][info][gc,heap     ] GC(10) Eden regions: 10->0(14)
[2026-07-01T01:54:21.594+0000][2.057s][info][gc,heap     ] GC(10) Survivor regions: 2->2(2)
[2026-07-01T01:54:21.594+0000][2.057s][info][gc,heap     ] GC(10) Old regions: 7->7
[2026-07-01T01:54:21.594+0000][2.057s][info][gc,heap     ] GC(10) Humongous regions: 0->0
[2026-07-01T01:54:21.594+0000][2.057s][info][gc,metaspace] GC(10) Metaspace: 19087K(19520K)->19087K(19520K) NonClass: 16704K(16960K)->16704K(16960K) Class: 2382K(2560K)->2382K(2560K)
[2026-07-01T01:54:21.594+0000][2.057s][info][gc          ] GC(10) Pause Young (Normal) (G1 Evacuation Pause) 16M->7M(28M) 3.848ms
[2026-07-01T01:54:21.594+0000][2.057s][info][gc,cpu      ] GC(10) User=0.01s Sys=0.00s Real=0.00s
[2026-07-01T01:54:21.736+0000][2.199s][info][gc,start    ] GC(11) Pause Young (Normal) (G1 Evacuation Pause)
[2026-07-01T01:54:21.736+0000][2.199s][info][gc,task     ] GC(11) Using 2 workers of 2 for evacuation
[2026-07-01T01:54:21.739+0000][2.202s][info][gc,phases   ] GC(11)   Pre Evacuate Collection Set: 0.08ms
[2026-07-01T01:54:21.739+0000][2.202s][info][gc,phases   ] GC(11)   Merge Heap Roots: 0.05ms
[2026-07-01T01:54:21.739+0000][2.202s][info][gc,phases   ] GC(11)   Evacuate Collection Set: 2.59ms
[2026-07-01T01:54:21.739+0000][2.202s][info][gc,phases   ] GC(11)   Post Evacuate Collection Set: 0.29ms
[2026-07-01T01:54:21.739+0000][2.202s][info][gc,phases   ] GC(11)   Other: 0.04ms
[2026-07-01T01:54:21.739+0000][2.202s][info][gc,heap     ] GC(11) Eden regions: 14->0(13)
[2026-07-01T01:54:21.739+0000][2.202s][info][gc,heap     ] GC(11) Survivor regions: 2->2(2)
[2026-07-01T01:54:21.739+0000][2.202s][info][gc,heap     ] GC(11) Old regions: 7->9
[2026-07-01T01:54:21.739+0000][2.202s][info][gc,heap     ] GC(11) Humongous regions: 0->0
[2026-07-01T01:54:21.739+0000][2.202s][info][gc,metaspace] GC(11) Metaspace: 19997K(20544K)->19997K(20544K) NonClass: 17489K(17792K)->17489K(17792K) Class: 2507K(2752K)->2507K(2752K)
[2026-07-01T01:54:21.739+0000][2.202s][info][gc          ] GC(11) Pause Young (Normal) (G1 Evacuation Pause) 21M->8M(28M) 3.168ms
[2026-07-01T01:54:21.739+0000][2.202s][info][gc,cpu      ] GC(11) User=0.01s Sys=0.00s Real=0.01s
[2026-07-01T01:54:21.891+0000][2.355s][info][gc,start    ] GC(12) Pause Young (Normal) (G1 Evacuation Pause)
[2026-07-01T01:54:21.891+0000][2.355s][info][gc,task     ] GC(12) Using 2 workers of 2 for evacuation
[2026-07-01T01:54:21.894+0000][2.357s][info][gc,phases   ] GC(12)   Pre Evacuate Collection Set: 0.07ms
[2026-07-01T01:54:21.894+0000][2.357s][info][gc,phases   ] GC(12)   Merge Heap Roots: 0.04ms
[2026-07-01T01:54:21.894+0000][2.357s][info][gc,phases   ] GC(12)   Evacuate Collection Set: 1.90ms
[2026-07-01T01:54:21.894+0000][2.357s][info][gc,phases   ] GC(12)   Post Evacuate Collection Set: 0.27ms
[2026-07-01T01:54:21.894+0000][2.357s][info][gc,phases   ] GC(12)   Other: 0.04ms
[2026-07-01T01:54:21.894+0000][2.357s][info][gc,heap     ] GC(12) Eden regions: 13->0(13)
[2026-07-01T01:54:21.894+0000][2.357s][info][gc,heap     ] GC(12) Survivor regions: 2->2(2)
[2026-07-01T01:54:21.894+0000][2.357s][info][gc,heap     ] GC(12) Old regions: 9->9
[2026-07-01T01:54:21.894+0000][2.357s][info][gc,heap     ] GC(12) Humongous regions: 0->0
[2026-07-01T01:54:21.894+0000][2.357s][info][gc,metaspace] GC(12) Metaspace: 20755K(21248K)->20755K(21248K) NonClass: 18170K(18432K)->18170K(18432K) Class: 2585K(2816K)->2585K(2816K)
[2026-07-01T01:54:21.894+0000][2.357s][info][gc          ] GC(12) Pause Young (Normal) (G1 Evacuation Pause) 21M->9M(28M) 2.437ms
[2026-07-01T01:54:21.894+0000][2.357s][info][gc,cpu      ] GC(12) User=0.01s Sys=0.00s Real=0.00s
[2026-07-01T01:54:21.914+0000][2.378s][info][gc,start    ] GC(13) Pause Young (Concurrent Start) (Metadata GC Threshold)
[2026-07-01T01:54:21.914+0000][2.378s][info][gc,task     ] GC(13) Using 2 workers of 2 for evacuation
[2026-07-01T01:54:21.917+0000][2.380s][info][gc,phases   ] GC(13)   Pre Evacuate Collection Set: 0.09ms
[2026-07-01T01:54:21.917+0000][2.380s][info][gc,phases   ] GC(13)   Merge Heap Roots: 0.04ms
[2026-07-01T01:54:21.917+0000][2.380s][info][gc,phases   ] GC(13)   Evacuate Collection Set: 2.13ms
[2026-07-01T01:54:21.917+0000][2.380s][info][gc,phases   ] GC(13)   Post Evacuate Collection Set: 0.28ms
[2026-07-01T01:54:21.917+0000][2.380s][info][gc,phases   ] GC(13)   Other: 0.06ms
[2026-07-01T01:54:21.917+0000][2.380s][info][gc,heap     ] GC(13) Eden regions: 3->0(14)
[2026-07-01T01:54:21.917+0000][2.380s][info][gc,heap     ] GC(13) Survivor regions: 2->1(2)
[2026-07-01T01:54:21.917+0000][2.380s][info][gc,heap     ] GC(13) Old regions: 9->10
[2026-07-01T01:54:21.917+0000][2.380s][info][gc,heap     ] GC(13) Humongous regions: 0->0
[2026-07-01T01:54:21.917+0000][2.380s][info][gc,metaspace] GC(13) Metaspace: 21036K(21504K)->21036K(21504K) NonClass: 18414K(18688K)->18414K(18688K) Class: 2621K(2816K)->2621K(2816K)
[2026-07-01T01:54:21.917+0000][2.380s][info][gc          ] GC(13) Pause Young (Concurrent Start) (Metadata GC Threshold) 12M->9M(28M) 2.691ms
[2026-07-01T01:54:21.917+0000][2.380s][info][gc,cpu      ] GC(13) User=0.01s Sys=0.00s Real=0.00s
[2026-07-01T01:54:21.917+0000][2.380s][info][gc          ] GC(14) Concurrent Mark Cycle
[2026-07-01T01:54:21.917+0000][2.380s][info][gc,marking  ] GC(14) Concurrent Scan Root Regions
[2026-07-01T01:54:21.919+0000][2.382s][info][gc,marking  ] GC(14) Concurrent Scan Root Regions 1.744ms
[2026-07-01T01:54:21.919+0000][2.382s][info][gc,marking  ] GC(14) Concurrent Mark
[2026-07-01T01:54:21.919+0000][2.382s][info][gc,marking  ] GC(14) Concurrent Mark From Roots
[2026-07-01T01:54:21.919+0000][2.382s][info][gc,task     ] GC(14) Using 1 workers of 1 for marking
[2026-07-01T01:54:21.934+0000][2.398s][info][gc,marking  ] GC(14) Concurrent Mark From Roots 15.559ms
[2026-07-01T01:54:21.934+0000][2.398s][info][gc,marking  ] GC(14) Concurrent Preclean
[2026-07-01T01:54:21.934+0000][2.398s][info][gc,marking  ] GC(14) Concurrent Preclean 0.034ms
[2026-07-01T01:54:21.935+0000][2.398s][info][gc,start    ] GC(14) Pause Remark
[2026-07-01T01:54:21.937+0000][2.401s][info][gc,heap     ] GC(14) Heap shrink completed: uncommitted 6 regions (6MB), heap size now 22MB
[2026-07-01T01:54:21.937+0000][2.401s][info][gc          ] GC(14) Pause Remark 11M->11M(22M) 2.830ms
[2026-07-01T01:54:21.937+0000][2.401s][info][gc,cpu      ] GC(14) User=0.01s Sys=0.00s Real=0.00s
[2026-07-01T01:54:21.938+0000][2.401s][info][gc,marking  ] GC(14) Concurrent Mark 18.757ms
[2026-07-01T01:54:21.938+0000][2.401s][info][gc,marking  ] GC(14) Concurrent Rebuild Remembered Sets and Scrub Regions
[2026-07-01T01:54:21.943+0000][2.407s][info][gc,marking  ] GC(14) Concurrent Rebuild Remembered Sets and Scrub Regions 5.845ms
[2026-07-01T01:54:21.944+0000][2.407s][info][gc,start    ] GC(14) Pause Cleanup
[2026-07-01T01:54:21.944+0000][2.407s][info][gc          ] GC(14) Pause Cleanup 12M->12M(22M) 0.064ms
[2026-07-01T01:54:21.944+0000][2.407s][info][gc,cpu      ] GC(14) User=0.00s Sys=0.00s Real=0.00s
[2026-07-01T01:54:21.944+0000][2.407s][info][gc,marking  ] GC(14) Concurrent Clear Claimed Marks
[2026-07-01T01:54:21.944+0000][2.407s][info][gc,marking  ] GC(14) Concurrent Clear Claimed Marks 0.027ms
[2026-07-01T01:54:21.944+0000][2.407s][info][gc,marking  ] GC(14) Concurrent Cleanup for Next Mark
[2026-07-01T01:54:21.944+0000][2.407s][info][gc,marking  ] GC(14) Concurrent Cleanup for Next Mark 0.158ms
[2026-07-01T01:54:21.944+0000][2.407s][info][gc          ] GC(14) Concurrent Mark Cycle 26.839ms
[2026-07-01T01:54:22.055+0000][2.518s][info][gc,start    ] GC(15) Pause Young (Prepare Mixed) (G1 Evacuation Pause)
[2026-07-01T01:54:22.055+0000][2.518s][info][gc,task     ] GC(15) Using 2 workers of 2 for evacuation
[2026-07-01T01:54:22.058+0000][2.521s][info][gc,phases   ] GC(15)   Pre Evacuate Collection Set: 0.08ms
[2026-07-01T01:54:22.058+0000][2.521s][info][gc,phases   ] GC(15)   Merge Heap Roots: 0.05ms
[2026-07-01T01:54:22.058+0000][2.521s][info][gc,phases   ] GC(15)   Evacuate Collection Set: 2.40ms
[2026-07-01T01:54:22.058+0000][2.521s][info][gc,phases   ] GC(15)   Post Evacuate Collection Set: 0.29ms
[2026-07-01T01:54:22.058+0000][2.521s][info][gc,phases   ] GC(15)   Other: 0.04ms
[2026-07-01T01:54:22.058+0000][2.521s][info][gc,heap     ] GC(15) Eden regions: 11->0(10)
[2026-07-01T01:54:22.058+0000][2.521s][info][gc,heap     ] GC(15) Survivor regions: 1->2(2)
[2026-07-01T01:54:22.058+0000][2.521s][info][gc,heap     ] GC(15) Old regions: 10->10
[2026-07-01T01:54:22.058+0000][2.521s][info][gc,heap     ] GC(15) Humongous regions: 0->0
[2026-07-01T01:54:22.058+0000][2.521s][info][gc,metaspace] GC(15) Metaspace: 21963K(22464K)->21963K(22464K) NonClass: 19201K(19456K)->19201K(19456K) Class: 2762K(3008K)->2762K(3008K)
[2026-07-01T01:54:22.058+0000][2.521s][info][gc          ] GC(15) Pause Young (Prepare Mixed) (G1 Evacuation Pause) 20M->10M(24M) 2.964ms
[2026-07-01T01:54:22.058+0000][2.521s][info][gc,cpu      ] GC(15) User=0.00s Sys=0.00s Real=0.00s
[2026-07-01T01:54:22.201+0000][2.664s][info][gc,start    ] GC(16) Pause Young (Mixed) (G1 Evacuation Pause)
[2026-07-01T01:54:22.201+0000][2.664s][info][gc,task     ] GC(16) Using 2 workers of 2 for evacuation
[2026-07-01T01:54:22.204+0000][2.667s][info][gc,phases   ] GC(16)   Pre Evacuate Collection Set: 0.08ms
[2026-07-01T01:54:22.204+0000][2.667s][info][gc,phases   ] GC(16)   Merge Heap Roots: 0.04ms
[2026-07-01T01:54:22.204+0000][2.667s][info][gc,phases   ] GC(16)   Evacuate Collection Set: 2.43ms
[2026-07-01T01:54:22.204+0000][2.667s][info][gc,phases   ] GC(16)   Post Evacuate Collection Set: 0.29ms
[2026-07-01T01:54:22.204+0000][2.667s][info][gc,phases   ] GC(16)   Other: 0.04ms
[2026-07-01T01:54:22.204+0000][2.667s][info][gc,heap     ] GC(16) Eden regions: 10->0(15)
[2026-07-01T01:54:22.204+0000][2.667s][info][gc,heap     ] GC(16) Survivor regions: 2->2(2)
[2026-07-01T01:54:22.204+0000][2.667s][info][gc,heap     ] GC(16) Old regions: 10->10
[2026-07-01T01:54:22.204+0000][2.667s][info][gc,heap     ] GC(16) Humongous regions: 0->0
[2026-07-01T01:54:22.204+0000][2.667s][info][gc,metaspace] GC(16) Metaspace: 23024K(23488K)->23024K(23488K) NonClass: 20117K(20352K)->20117K(20352K) Class: 2906K(3136K)->2906K(3136K)
[2026-07-01T01:54:22.204+0000][2.667s][info][gc          ] GC(16) Pause Young (Mixed) (G1 Evacuation Pause) 20M->10M(30M) 2.984ms
[2026-07-01T01:54:22.204+0000][2.667s][info][gc,cpu      ] GC(16) User=0.00s Sys=0.01s Real=0.00s
[2026-07-01T01:54:22.396+0000][2.859s][info][gc,start    ] GC(17) Pause Young (Normal) (G1 Evacuation Pause)
[2026-07-01T01:54:22.396+0000][2.859s][info][gc,task     ] GC(17) Using 2 workers of 2 for evacuation
[2026-07-01T01:54:22.401+0000][2.864s][info][gc,phases   ] GC(17)   Pre Evacuate Collection Set: 0.10ms
[2026-07-01T01:54:22.401+0000][2.864s][info][gc,phases   ] GC(17)   Merge Heap Roots: 0.07ms
[2026-07-01T01:54:22.401+0000][2.864s][info][gc,phases   ] GC(17)   Evacuate Collection Set: 4.21ms
[2026-07-01T01:54:22.401+0000][2.864s][info][gc,phases   ] GC(17)   Post Evacuate Collection Set: 0.37ms
[2026-07-01T01:54:22.401+0000][2.864s][info][gc,phases   ] GC(17)   Other: 0.06ms
[2026-07-01T01:54:22.401+0000][2.864s][info][gc,heap     ] GC(17) Eden regions: 15->0(13)
[2026-07-01T01:54:22.401+0000][2.864s][info][gc,heap     ] GC(17) Survivor regions: 2->3(3)
[2026-07-01T01:54:22.401+0000][2.864s][info][gc,heap     ] GC(17) Old regions: 10->10
[2026-07-01T01:54:22.401+0000][2.864s][info][gc,heap     ] GC(17) Humongous regions: 0->0
[2026-07-01T01:54:22.401+0000][2.864s][info][gc,metaspace] GC(17) Metaspace: 25948K(26496K)->25948K(26496K) NonClass: 22646K(22912K)->22646K(22912K) Class: 3302K(3584K)->3302K(3584K)
[2026-07-01T01:54:22.401+0000][2.864s][info][gc          ] GC(17) Pause Young (Normal) (G1 Evacuation Pause) 25M->12M(30M) 4.981ms
[2026-07-01T01:54:22.401+0000][2.864s][info][gc,cpu      ] GC(17) User=0.01s Sys=0.00s Real=0.01s
[2026-07-01T01:54:22.531+0000][2.994s][info][gc,start    ] GC(18) Pause Young (Normal) (G1 Evacuation Pause)
[2026-07-01T01:54:22.531+0000][2.994s][info][gc,task     ] GC(18) Using 2 workers of 2 for evacuation
[2026-07-01T01:54:22.537+0000][3.000s][info][gc,phases   ] GC(18)   Pre Evacuate Collection Set: 0.10ms
[2026-07-01T01:54:22.537+0000][3.000s][info][gc,phases   ] GC(18)   Merge Heap Roots: 0.05ms
[2026-07-01T01:54:22.537+0000][3.000s][info][gc,phases   ] GC(18)   Evacuate Collection Set: 5.31ms
[2026-07-01T01:54:22.537+0000][3.000s][info][gc,phases   ] GC(18)   Post Evacuate Collection Set: 0.37ms
[2026-07-01T01:54:22.537+0000][3.000s][info][gc,phases   ] GC(18)   Other: 0.05ms
[2026-07-01T01:54:22.537+0000][3.000s][info][gc,heap     ] GC(18) Eden regions: 13->0(13)
[2026-07-01T01:54:22.537+0000][3.000s][info][gc,heap     ] GC(18) Survivor regions: 3->1(2)
[2026-07-01T01:54:22.537+0000][3.000s][info][gc,heap     ] GC(18) Old regions: 10->13
[2026-07-01T01:54:22.537+0000][3.000s][info][gc,heap     ] GC(18) Humongous regions: 0->0
[2026-07-01T01:54:22.537+0000][3.000s][info][gc,metaspace] GC(18) Metaspace: 27820K(28352K)->27820K(28352K) NonClass: 24280K(24576K)->24280K(24576K) Class: 3539K(3776K)->3539K(3776K)
[2026-07-01T01:54:22.537+0000][3.000s][info][gc          ] GC(18) Pause Young (Normal) (G1 Evacuation Pause) 25M->12M(30M) 5.998ms
[2026-07-01T01:54:22.537+0000][3.000s][info][gc,cpu      ] GC(18) User=0.01s Sys=0.00s Real=0.00s
[2026-07-01T01:54:22.704+0000][3.167s][info][gc,start    ] GC(19) Pause Young (Normal) (G1 Evacuation Pause)
[2026-07-01T01:54:22.704+0000][3.167s][info][gc,task     ] GC(19) Using 2 workers of 2 for evacuation
[2026-07-01T01:54:22.708+0000][3.171s][info][gc,phases   ] GC(19)   Pre Evacuate Collection Set: 0.08ms
[2026-07-01T01:54:22.708+0000][3.171s][info][gc,phases   ] GC(19)   Merge Heap Roots: 0.06ms
[2026-07-01T01:54:22.708+0000][3.171s][info][gc,phases   ] GC(19)   Evacuate Collection Set: 3.29ms
[2026-07-01T01:54:22.708+0000][3.171s][info][gc,phases   ] GC(19)   Post Evacuate Collection Set: 0.34ms
[2026-07-01T01:54:22.708+0000][3.171s][info][gc,phases   ] GC(19)   Other: 0.04ms
[2026-07-01T01:54:22.708+0000][3.171s][info][gc,heap     ] GC(19) Eden regions: 13->0(12)
[2026-07-01T01:54:22.708+0000][3.171s][info][gc,heap     ] GC(19) Survivor regions: 1->2(2)
[2026-07-01T01:54:22.708+0000][3.171s][info][gc,heap     ] GC(19) Old regions: 13->13
[2026-07-01T01:54:22.708+0000][3.171s][info][gc,heap     ] GC(19) Humongous regions: 0->0
[2026-07-01T01:54:22.708+0000][3.171s][info][gc,metaspace] GC(19) Metaspace: 29352K(29952K)->29352K(29952K) NonClass: 25581K(25920K)->25581K(25920K) Class: 3771K(4032K)->3771K(4032K)
[2026-07-01T01:54:22.708+0000][3.171s][info][gc          ] GC(19) Pause Young (Normal) (G1 Evacuation Pause) 25M->14M(30M) 3.924ms
[2026-07-01T01:54:22.708+0000][3.171s][info][gc,cpu      ] GC(19) User=0.01s Sys=0.00s Real=0.00s
[2026-07-01T01:54:22.832+0000][3.295s][info][gc,start    ] GC(20) Pause Young (Normal) (G1 Evacuation Pause)
[2026-07-01T01:54:22.832+0000][3.295s][info][gc,task     ] GC(20) Using 2 workers of 2 for evacuation
[2026-07-01T01:54:22.836+0000][3.299s][info][gc,phases   ] GC(20)   Pre Evacuate Collection Set: 0.08ms
[2026-07-01T01:54:22.836+0000][3.299s][info][gc,phases   ] GC(20)   Merge Heap Roots: 0.05ms
[2026-07-01T01:54:22.836+0000][3.300s][info][gc,phases   ] GC(20)   Evacuate Collection Set: 3.52ms
[2026-07-01T01:54:22.836+0000][3.300s][info][gc,phases   ] GC(20)   Post Evacuate Collection Set: 0.42ms
[2026-07-01T01:54:22.836+0000][3.300s][info][gc,phases   ] GC(20)   Other: 0.04ms
[2026-07-01T01:54:22.836+0000][3.300s][info][gc,heap     ] GC(20) Eden regions: 12->0(16)
[2026-07-01T01:54:22.836+0000][3.300s][info][gc,heap     ] GC(20) Survivor regions: 2->1(2)
[2026-07-01T01:54:22.836+0000][3.300s][info][gc,heap     ] GC(20) Old regions: 13->15
[2026-07-01T01:54:22.836+0000][3.300s][info][gc,heap     ] GC(20) Humongous regions: 0->0
[2026-07-01T01:54:22.836+0000][3.300s][info][gc,metaspace] GC(20) Metaspace: 31218K(31808K)->31218K(31808K) NonClass: 27184K(27520K)->27184K(27520K) Class: 4034K(4288K)->4034K(4288K)
[2026-07-01T01:54:22.836+0000][3.300s][info][gc          ] GC(20) Pause Young (Normal) (G1 Evacuation Pause) 26M->15M(37M) 4.239ms
[2026-07-01T01:54:22.836+0000][3.300s][info][gc,cpu      ] GC(20) User=0.01s Sys=0.00s Real=0.00s
[2026-07-01T01:54:23.053+0000][3.517s][info][gc,start    ] GC(21) Pause Young (Normal) (G1 Evacuation Pause)
[2026-07-01T01:54:23.053+0000][3.517s][info][gc,task     ] GC(21) Using 2 workers of 2 for evacuation
[2026-07-01T01:54:23.057+0000][3.521s][info][gc,phases   ] GC(21)   Pre Evacuate Collection Set: 0.09ms
[2026-07-01T01:54:23.057+0000][3.521s][info][gc,phases   ] GC(21)   Merge Heap Roots: 0.06ms
[2026-07-01T01:54:23.057+0000][3.521s][info][gc,phases   ] GC(21)   Evacuate Collection Set: 3.50ms
[2026-07-01T01:54:23.057+0000][3.521s][info][gc,phases   ] GC(21)   Post Evacuate Collection Set: 0.40ms
[2026-07-01T01:54:23.057+0000][3.521s][info][gc,phases   ] GC(21)   Other: 0.05ms
[2026-07-01T01:54:23.057+0000][3.521s][info][gc,heap     ] GC(21) Eden regions: 16->0(15)
[2026-07-01T01:54:23.057+0000][3.521s][info][gc,heap     ] GC(21) Survivor regions: 1->3(3)
[2026-07-01T01:54:23.057+0000][3.521s][info][gc,heap     ] GC(21) Old regions: 15->15
[2026-07-01T01:54:23.057+0000][3.521s][info][gc,heap     ] GC(21) Humongous regions: 0->0
[2026-07-01T01:54:23.057+0000][3.521s][info][gc,metaspace] GC(21) Metaspace: 33823K(34560K)->33823K(34560K) NonClass: 29373K(29760K)->29373K(29760K) Class: 4449K(4800K)->4449K(4800K)
[2026-07-01T01:54:23.057+0000][3.521s][info][gc          ] GC(21) Pause Young (Normal) (G1 Evacuation Pause) 31M->16M(37M) 4.212ms
[2026-07-01T01:54:23.057+0000][3.521s][info][gc,cpu      ] GC(21) User=0.01s Sys=0.00s Real=0.00s
[2026-07-01T01:54:23.212+0000][3.675s][info][gc,start    ] GC(22) Pause Young (Normal) (G1 Evacuation Pause)
[2026-07-01T01:54:23.212+0000][3.675s][info][gc,task     ] GC(22) Using 2 workers of 2 for evacuation
[2026-07-01T01:54:23.223+0000][3.687s][info][gc,phases   ] GC(22)   Pre Evacuate Collection Set: 0.08ms
[2026-07-01T01:54:23.223+0000][3.687s][info][gc,phases   ] GC(22)   Merge Heap Roots: 0.05ms
[2026-07-01T01:54:23.223+0000][3.687s][info][gc,phases   ] GC(22)   Evacuate Collection Set: 10.83ms
[2026-07-01T01:54:23.223+0000][3.687s][info][gc,phases   ] GC(22)   Post Evacuate Collection Set: 0.46ms
[2026-07-01T01:54:23.223+0000][3.687s][info][gc,phases   ] GC(22)   Other: 0.04ms
[2026-07-01T01:54:23.223+0000][3.687s][info][gc,heap     ] GC(22) Eden regions: 15->0(8)
[2026-07-01T01:54:23.223+0000][3.687s][info][gc,heap     ] GC(22) Survivor regions: 3->3(3)
[2026-07-01T01:54:23.223+0000][3.687s][info][gc,heap     ] GC(22) Old regions: 15->23
[2026-07-01T01:54:23.223+0000][3.687s][info][gc,heap     ] GC(22) Humongous regions: 0->0
[2026-07-01T01:54:23.223+0000][3.687s][info][gc,metaspace] GC(22) Metaspace: 35482K(36160K)->35482K(36160K) NonClass: 30850K(31232K)->30850K(31232K) Class: 4632K(4928K)->4632K(4928K)
[2026-07-01T01:54:23.223+0000][3.687s][info][gc          ] GC(22) Pause Young (Normal) (G1 Evacuation Pause) 31M->25M(44M) 11.601ms
[2026-07-01T01:54:23.223+0000][3.687s][info][gc,cpu      ] GC(22) User=0.03s Sys=0.00s Real=0.01s
[2026-07-01T01:54:23.235+0000][3.698s][info][gc,start    ] GC(23) Pause Young (Concurrent Start) (G1 Evacuation Pause)
[2026-07-01T01:54:23.235+0000][3.698s][info][gc,task     ] GC(23) Using 2 workers of 2 for evacuation
[2026-07-01T01:54:23.244+0000][3.708s][info][gc,phases   ] GC(23)   Pre Evacuate Collection Set: 0.10ms
[2026-07-01T01:54:23.244+0000][3.708s][info][gc,phases   ] GC(23)   Merge Heap Roots: 0.11ms
[2026-07-01T01:54:23.244+0000][3.708s][info][gc,phases   ] GC(23)   Evacuate Collection Set: 8.45ms
[2026-07-01T01:54:23.244+0000][3.708s][info][gc,phases   ] GC(23)   Post Evacuate Collection Set: 0.29ms
[2026-07-01T01:54:23.244+0000][3.708s][info][gc,phases   ] GC(23)   Other: 0.07ms
[2026-07-01T01:54:23.244+0000][3.708s][info][gc,heap     ] GC(23) Eden regions: 8->0(3)
[2026-07-01T01:54:23.244+0000][3.708s][info][gc,heap     ] GC(23) Survivor regions: 3->2(2)
[2026-07-01T01:54:23.244+0000][3.708s][info][gc,heap     ] GC(23) Old regions: 23->31
[2026-07-01T01:54:23.244+0000][3.708s][info][gc,heap     ] GC(23) Humongous regions: 0->0
[2026-07-01T01:54:23.244+0000][3.708s][info][gc,metaspace] GC(23) Metaspace: 35485K(36160K)->35485K(36160K) NonClass: 30853K(31232K)->30853K(31232K) Class: 4632K(4928K)->4632K(4928K)
[2026-07-01T01:54:23.244+0000][3.708s][info][gc          ] GC(23) Pause Young (Concurrent Start) (G1 Evacuation Pause) 33M->32M(44M) 9.163ms
[2026-07-01T01:54:23.244+0000][3.708s][info][gc,cpu      ] GC(23) User=0.02s Sys=0.00s Real=0.01s
[2026-07-01T01:54:23.244+0000][3.708s][info][gc          ] GC(24) Concurrent Mark Cycle
[2026-07-01T01:54:23.244+0000][3.708s][info][gc,marking  ] GC(24) Concurrent Scan Root Regions
[2026-07-01T01:54:23.249+0000][3.713s][info][gc,start    ] GC(25) Pause Young (Normal) (G1 Evacuation Pause)
[2026-07-01T01:54:23.249+0000][3.713s][info][gc,task     ] GC(25) Using 2 workers of 2 for evacuation
[2026-07-01T01:54:23.252+0000][3.715s][info][gc,marking  ] GC(24) Concurrent Scan Root Regions 7.365ms
[2026-07-01T01:54:23.252+0000][3.715s][info][gc,marking  ] GC(24) Concurrent Mark
[2026-07-01T01:54:23.252+0000][3.715s][info][gc,marking  ] GC(24) Concurrent Mark From Roots
[2026-07-01T01:54:23.252+0000][3.715s][info][gc,task     ] GC(24) Using 1 workers of 1 for marking
[2026-07-01T01:54:23.254+0000][3.718s][info][gc,phases   ] GC(25)   Pre Evacuate Collection Set: 0.08ms
[2026-07-01T01:54:23.255+0000][3.718s][info][gc,phases   ] GC(25)   Merge Heap Roots: 0.03ms
[2026-07-01T01:54:23.255+0000][3.718s][info][gc,phases   ] GC(25)   Evacuate Collection Set: 2.22ms
[2026-07-01T01:54:23.255+0000][3.718s][info][gc,phases   ] GC(25)   Post Evacuate Collection Set: 0.57ms
[2026-07-01T01:54:23.255+0000][3.718s][info][gc,phases   ] GC(25)   Other: 0.04ms
[2026-07-01T01:54:23.255+0000][3.718s][info][gc,heap     ] GC(25) Eden regions: 3->0(26)
[2026-07-01T01:54:23.255+0000][3.718s][info][gc,heap     ] GC(25) Survivor regions: 2->1(1)
[2026-07-01T01:54:23.255+0000][3.718s][info][gc,heap     ] GC(25) Old regions: 31->35
[2026-07-01T01:54:23.255+0000][3.718s][info][gc,heap     ] GC(25) Humongous regions: 0->0
[2026-07-01T01:54:23.255+0000][3.718s][info][gc,metaspace] GC(25) Metaspace: 35487K(36160K)->35487K(36160K) NonClass: 30855K(31232K)->30855K(31232K) Class: 4632K(4928K)->4632K(4928K)
[2026-07-01T01:54:23.255+0000][3.718s][info][gc          ] GC(25) Pause Young (Normal) (G1 Evacuation Pause) 35M->35M(92M) 5.488ms
[2026-07-01T01:54:23.255+0000][3.718s][info][gc,cpu      ] GC(25) User=0.01s Sys=0.00s Real=0.00s
[2026-07-01T01:54:23.313+0000][3.777s][info][gc,start    ] GC(26) Pause Young (Normal) (G1 Evacuation Pause)
[2026-07-01T01:54:23.313+0000][3.777s][info][gc,task     ] GC(26) Using 2 workers of 2 for evacuation
[2026-07-01T01:54:23.334+0000][3.797s][info][gc,phases   ] GC(26)   Pre Evacuate Collection Set: 0.11ms
[2026-07-01T01:54:23.334+0000][3.797s][info][gc,phases   ] GC(26)   Merge Heap Roots: 0.05ms
[2026-07-01T01:54:23.334+0000][3.797s][info][gc,phases   ] GC(26)   Evacuate Collection Set: 19.93ms
[2026-07-01T01:54:23.334+0000][3.797s][info][gc,phases   ] GC(26)   Post Evacuate Collection Set: 0.28ms
[2026-07-01T01:54:23.334+0000][3.797s][info][gc,phases   ] GC(26)   Other: 0.08ms
[2026-07-01T01:54:23.334+0000][3.797s][info][gc,heap     ] GC(26) Eden regions: 26->0(12)
[2026-07-01T01:54:23.334+0000][3.797s][info][gc,heap     ] GC(26) Survivor regions: 1->4(4)
[2026-07-01T01:54:23.334+0000][3.797s][info][gc,heap     ] GC(26) Old regions: 35->53
[2026-07-01T01:54:23.334+0000][3.797s][info][gc,heap     ] GC(26) Humongous regions: 1->1
[2026-07-01T01:54:23.334+0000][3.797s][info][gc,metaspace] GC(26) Metaspace: 35490K(36160K)->35490K(36160K) NonClass: 30857K(31232K)->30857K(31232K) Class: 4632K(4928K)->4632K(4928K)
[2026-07-01T01:54:23.334+0000][3.797s][info][gc          ] GC(26) Pause Young (Normal) (G1 Evacuation Pause) 62M->57M(92M) 20.595ms
[2026-07-01T01:54:23.334+0000][3.797s][info][gc,cpu      ] GC(26) User=0.04s Sys=0.00s Real=0.02s
[2026-07-01T01:54:23.335+0000][3.799s][info][gc,marking  ] GC(24) Concurrent Mark From Roots 83.482ms
[2026-07-01T01:54:23.335+0000][3.799s][info][gc,marking  ] GC(24) Concurrent Preclean
[2026-07-01T01:54:23.335+0000][3.799s][info][gc,marking  ] GC(24) Concurrent Preclean 0.100ms
[2026-07-01T01:54:23.336+0000][3.799s][info][gc,start    ] GC(24) Pause Remark
[2026-07-01T01:54:23.341+0000][3.805s][info][gc          ] GC(24) Pause Remark 58M->58M(92M) 5.363ms
[2026-07-01T01:54:23.341+0000][3.805s][info][gc,cpu      ] GC(24) User=0.01s Sys=0.00s Real=0.01s
[2026-07-01T01:54:23.342+0000][3.805s][info][gc,marking  ] GC(24) Concurrent Mark 90.299ms
[2026-07-01T01:54:23.342+0000][3.805s][info][gc,marking  ] GC(24) Concurrent Rebuild Remembered Sets and Scrub Regions
[2026-07-01T01:54:23.355+0000][3.819s][info][gc,start    ] GC(27) Pause Young (Normal) (G1 Evacuation Pause)
[2026-07-01T01:54:23.355+0000][3.819s][info][gc,task     ] GC(27) Using 2 workers of 2 for evacuation
[2026-07-01T01:54:23.390+0000][3.854s][info][gc,phases   ] GC(27)   Pre Evacuate Collection Set: 0.09ms
[2026-07-01T01:54:23.390+0000][3.854s][info][gc,phases   ] GC(27)   Merge Heap Roots: 0.06ms
[2026-07-01T01:54:23.390+0000][3.854s][info][gc,phases   ] GC(27)   Evacuate Collection Set: 34.49ms
[2026-07-01T01:54:23.390+0000][3.854s][info][gc,phases   ] GC(27)   Post Evacuate Collection Set: 0.27ms
[2026-07-01T01:54:23.390+0000][3.854s][info][gc,phases   ] GC(27)   Other: 0.05ms
[2026-07-01T01:54:23.390+0000][3.854s][info][gc,heap     ] GC(27) Eden regions: 12->0(7)
[2026-07-01T01:54:23.390+0000][3.854s][info][gc,heap     ] GC(27) Survivor regions: 4->2(2)
[2026-07-01T01:54:23.390+0000][3.854s][info][gc,heap     ] GC(27) Old regions: 53->65
[2026-07-01T01:54:23.390+0000][3.854s][info][gc,heap     ] GC(27) Humongous regions: 3->3
[2026-07-01T01:54:23.390+0000][3.854s][info][gc,metaspace] GC(27) Metaspace: 35491K(36160K)->35491K(36160K) NonClass: 30859K(31232K)->30859K(31232K) Class: 4632K(4928K)->4632K(4928K)
[2026-07-01T01:54:23.390+0000][3.854s][info][gc          ] GC(27) Pause Young (Normal) (G1 Evacuation Pause) 71M->69M(92M) 35.079ms
[2026-07-01T01:54:23.390+0000][3.854s][info][gc,cpu      ] GC(27) User=0.02s Sys=0.00s Real=0.04s
[2026-07-01T01:54:23.396+0000][3.859s][info][gc,start    ] GC(28) Pause Young (Normal) (G1 Evacuation Pause)
[2026-07-01T01:54:23.396+0000][3.859s][info][gc,task     ] GC(28) Using 2 workers of 2 for evacuation
[2026-07-01T01:54:23.401+0000][3.864s][info][gc,phases   ] GC(28)   Pre Evacuate Collection Set: 0.08ms
[2026-07-01T01:54:23.401+0000][3.864s][info][gc,phases   ] GC(28)   Merge Heap Roots: 0.04ms
[2026-07-01T01:54:23.401+0000][3.864s][info][gc,phases   ] GC(28)   Evacuate Collection Set: 4.70ms
[2026-07-01T01:54:23.401+0000][3.864s][info][gc,phases   ] GC(28)   Post Evacuate Collection Set: 0.24ms
[2026-07-01T01:54:23.401+0000][3.864s][info][gc,phases   ] GC(28)   Other: 0.04ms
[2026-07-01T01:54:23.401+0000][3.864s][info][gc,heap     ] GC(28) Eden regions: 7->0(4)
[2026-07-01T01:54:23.401+0000][3.864s][info][gc,heap     ] GC(28) Survivor regions: 2->2(2)
[2026-07-01T01:54:23.401+0000][3.864s][info][gc,heap     ] GC(28) Old regions: 65->72
[2026-07-01T01:54:23.401+0000][3.864s][info][gc,heap     ] GC(28) Humongous regions: 3->3
[2026-07-01T01:54:23.401+0000][3.864s][info][gc,metaspace] GC(28) Metaspace: 35491K(36160K)->35491K(36160K) NonClass: 30859K(31232K)->30859K(31232K) Class: 4632K(4928K)->4632K(4928K)
[2026-07-01T01:54:23.401+0000][3.864s][info][gc          ] GC(28) Pause Young (Normal) (G1 Evacuation Pause) 76M->76M(92M) 5.207ms
[2026-07-01T01:54:23.401+0000][3.864s][info][gc,cpu      ] GC(28) User=0.01s Sys=0.00s Real=0.01s
[2026-07-01T01:54:23.404+0000][3.868s][info][gc,start    ] GC(29) Pause Young (Normal) (G1 Evacuation Pause)
[2026-07-01T01:54:23.404+0000][3.868s][info][gc,task     ] GC(29) Using 2 workers of 2 for evacuation
[2026-07-01T01:54:23.409+0000][3.872s][info][gc,phases   ] GC(29)   Pre Evacuate Collection Set: 0.08ms
[2026-07-01T01:54:23.409+0000][3.872s][info][gc,phases   ] GC(29)   Merge Heap Roots: 0.04ms
[2026-07-01T01:54:23.409+0000][3.872s][info][gc,phases   ] GC(29)   Evacuate Collection Set: 2.59ms
[2026-07-01T01:54:23.409+0000][3.872s][info][gc,phases   ] GC(29)   Post Evacuate Collection Set: 1.42ms
[2026-07-01T01:54:23.409+0000][3.872s][info][gc,phases   ] GC(29)   Other: 0.04ms
[2026-07-01T01:54:23.409+0000][3.872s][info][gc,heap     ] GC(29) Eden regions: 4->0(63)
[2026-07-01T01:54:23.409+0000][3.872s][info][gc,heap     ] GC(29) Survivor regions: 2->1(1)
[2026-07-01T01:54:23.409+0000][3.872s][info][gc,heap     ] GC(29) Old regions: 72->76
[2026-07-01T01:54:23.409+0000][3.872s][info][gc,heap     ] GC(29) Humongous regions: 3->3
[2026-07-01T01:54:23.409+0000][3.872s][info][gc,metaspace] GC(29) Metaspace: 35491K(36160K)->35491K(36160K) NonClass: 30859K(31232K)->30859K(31232K) Class: 4632K(4928K)->4632K(4928K)
[2026-07-01T01:54:23.409+0000][3.872s][info][gc          ] GC(29) Pause Young (Normal) (G1 Evacuation Pause) 80M->79M(276M) 4.258ms
[2026-07-01T01:54:23.409+0000][3.872s][info][gc,cpu      ] GC(29) User=0.01s Sys=0.00s Real=0.01s
[2026-07-01T01:54:23.417+0000][3.881s][info][gc,marking  ] GC(24) Concurrent Rebuild Remembered Sets and Scrub Regions 75.269ms
[2026-07-01T01:54:23.417+0000][3.881s][info][gc,start    ] GC(24) Pause Cleanup
[2026-07-01T01:54:23.417+0000][3.881s][info][gc          ] GC(24) Pause Cleanup 89M->89M(276M) 0.136ms
[2026-07-01T01:54:23.417+0000][3.881s][info][gc,cpu      ] GC(24) User=0.00s Sys=0.00s Real=0.00s
[2026-07-01T01:54:23.417+0000][3.881s][info][gc,marking  ] GC(24) Concurrent Clear Claimed Marks
[2026-07-01T01:54:23.417+0000][3.881s][info][gc,marking  ] GC(24) Concurrent Clear Claimed Marks 0.065ms
[2026-07-01T01:54:23.417+0000][3.881s][info][gc,marking  ] GC(24) Concurrent Cleanup for Next Mark
[2026-07-01T01:54:23.419+0000][3.883s][info][gc,marking  ] GC(24) Concurrent Cleanup for Next Mark 1.592ms
[2026-07-01T01:54:23.419+0000][3.883s][info][gc          ] GC(24) Concurrent Mark Cycle 174.939ms
[2026-07-01T01:54:23.468+0000][3.932s][info][gc,start    ] GC(30) Pause Young (Prepare Mixed) (G1 Evacuation Pause)
[2026-07-01T01:54:23.468+0000][3.932s][info][gc,task     ] GC(30) Using 2 workers of 2 for evacuation
[2026-07-01T01:54:23.503+0000][3.967s][info][gc,phases   ] GC(30)   Pre Evacuate Collection Set: 0.14ms
[2026-07-01T01:54:23.503+0000][3.967s][info][gc,phases   ] GC(30)   Merge Heap Roots: 0.09ms
[2026-07-01T01:54:23.503+0000][3.967s][info][gc,phases   ] GC(30)   Evacuate Collection Set: 34.47ms
[2026-07-01T01:54:23.503+0000][3.967s][info][gc,phases   ] GC(30)   Post Evacuate Collection Set: 0.31ms
[2026-07-01T01:54:23.503+0000][3.967s][info][gc,phases   ] GC(30)   Other: 0.06ms
[2026-07-01T01:54:23.503+0000][3.967s][info][gc,heap     ] GC(30) Eden regions: 63->0(45)
[2026-07-01T01:54:23.503+0000][3.967s][info][gc,heap     ] GC(30) Survivor regions: 1->8(8)
[2026-07-01T01:54:23.503+0000][3.967s][info][gc,heap     ] GC(30) Old regions: 76->121
[2026-07-01T01:54:23.503+0000][3.967s][info][gc,heap     ] GC(30) Humongous regions: 6->6
[2026-07-01T01:54:23.503+0000][3.967s][info][gc,metaspace] GC(30) Metaspace: 35491K(36160K)->35491K(36160K) NonClass: 30859K(31232K)->30859K(31232K) Class: 4632K(4928K)->4632K(4928K)
[2026-07-01T01:54:23.503+0000][3.967s][info][gc          ] GC(30) Pause Young (Prepare Mixed) (G1 Evacuation Pause) 145M->134M(276M) 35.189ms
[2026-07-01T01:54:23.503+0000][3.967s][info][gc,cpu      ] GC(30) User=0.06s Sys=0.01s Real=0.03s
[2026-07-01T01:54:23.770+0000][4.234s][info][gc,start    ] GC(31) Pause Young (Mixed) (G1 Evacuation Pause)
[2026-07-01T01:54:23.770+0000][4.234s][info][gc,task     ] GC(31) Using 2 workers of 2 for evacuation
[2026-07-01T01:54:23.803+0000][4.266s][info][gc,phases   ] GC(31)   Pre Evacuate Collection Set: 0.13ms
[2026-07-01T01:54:23.803+0000][4.266s][info][gc,phases   ] GC(31)   Merge Heap Roots: 0.07ms
[2026-07-01T01:54:23.803+0000][4.266s][info][gc,phases   ] GC(31)   Evacuate Collection Set: 31.99ms
[2026-07-01T01:54:23.803+0000][4.266s][info][gc,phases   ] GC(31)   Post Evacuate Collection Set: 0.46ms
[2026-07-01T01:54:23.803+0000][4.266s][info][gc,phases   ] GC(31)   Other: 0.05ms
[2026-07-01T01:54:23.803+0000][4.266s][info][gc,heap     ] GC(31) Eden regions: 45->0(40)
[2026-07-01T01:54:23.803+0000][4.266s][info][gc,heap     ] GC(31) Survivor regions: 8->7(7)
[2026-07-01T01:54:23.803+0000][4.266s][info][gc,heap     ] GC(31) Old regions: 121->143
[2026-07-01T01:54:23.803+0000][4.266s][info][gc,heap     ] GC(31) Humongous regions: 6->6
[2026-07-01T01:54:23.803+0000][4.266s][info][gc,metaspace] GC(31) Metaspace: 38503K(39360K)->38503K(39360K) NonClass: 33462K(33920K)->33462K(33920K) Class: 5040K(5440K)->5040K(5440K)
[2026-07-01T01:54:23.803+0000][4.266s][info][gc          ] GC(31) Pause Young (Mixed) (G1 Evacuation Pause) 179M->156M(276M) 32.832ms
[2026-07-01T01:54:23.803+0000][4.266s][info][gc,cpu      ] GC(31) User=0.04s Sys=0.01s Real=0.03s
[2026-07-01T01:54:24.847+0000][5.310s][info][gc,start    ] GC(32) Pause Young (Concurrent Start) (G1 Evacuation Pause)
[2026-07-01T01:54:24.847+0000][5.310s][info][gc,task     ] GC(32) Using 2 workers of 2 for evacuation
[2026-07-01T01:54:24.889+0000][5.353s][info][gc,phases   ] GC(32)   Pre Evacuate Collection Set: 0.20ms
[2026-07-01T01:54:24.889+0000][5.353s][info][gc,phases   ] GC(32)   Merge Heap Roots: 0.11ms
[2026-07-01T01:54:24.889+0000][5.353s][info][gc,phases   ] GC(32)   Evacuate Collection Set: 41.86ms
[2026-07-01T01:54:24.889+0000][5.353s][info][gc,phases   ] GC(32)   Post Evacuate Collection Set: 0.47ms
[2026-07-01T01:54:24.889+0000][5.353s][info][gc,phases   ] GC(32)   Other: 0.16ms
[2026-07-01T01:54:24.889+0000][5.353s][info][gc,heap     ] GC(32) Eden regions: 40->0(41)
[2026-07-01T01:54:24.889+0000][5.353s][info][gc,heap     ] GC(32) Survivor regions: 7->6(6)
[2026-07-01T01:54:24.889+0000][5.353s][info][gc,heap     ] GC(32) Old regions: 143->152
[2026-07-01T01:54:24.889+0000][5.353s][info][gc,heap     ] GC(32) Humongous regions: 6->6
[2026-07-01T01:54:24.890+0000][5.353s][info][gc,metaspace] GC(32) Metaspace: 40107K(40960K)->40107K(40960K) NonClass: 34968K(35392K)->34968K(35392K) Class: 5138K(5568K)->5138K(5568K)
[2026-07-01T01:54:24.890+0000][5.353s][info][gc          ] GC(32) Pause Young (Concurrent Start) (G1 Evacuation Pause) 196M->163M(276M) 42.968ms
[2026-07-01T01:54:24.890+0000][5.353s][info][gc          ] GC(33) Concurrent Mark Cycle
[2026-07-01T01:54:24.890+0000][5.353s][info][gc,marking  ] GC(33) Concurrent Scan Root Regions
[2026-07-01T01:54:24.890+0000][5.353s][info][gc,cpu      ] GC(32) User=0.02s Sys=0.00s Real=0.05s
[2026-07-01T01:54:24.896+0000][5.359s][info][gc,marking  ] GC(33) Concurrent Scan Root Regions 6.237ms
[2026-07-01T01:54:24.896+0000][5.359s][info][gc,marking  ] GC(33) Concurrent Mark
[2026-07-01T01:54:24.896+0000][5.359s][info][gc,marking  ] GC(33) Concurrent Mark From Roots
[2026-07-01T01:54:24.896+0000][5.359s][info][gc,task     ] GC(33) Using 1 workers of 1 for marking
[2026-07-01T01:54:26.331+0000][6.795s][info][gc,start    ] GC(34) Pause Young (Normal) (G1 Evacuation Pause)
[2026-07-01T01:54:26.331+0000][6.795s][info][gc,task     ] GC(34) Using 2 workers of 2 for evacuation
[2026-07-01T01:54:26.336+0000][6.799s][info][gc,phases   ] GC(34)   Pre Evacuate Collection Set: 0.18ms
[2026-07-01T01:54:26.336+0000][6.799s][info][gc,phases   ] GC(34)   Merge Heap Roots: 0.09ms
[2026-07-01T01:54:26.336+0000][6.799s][info][gc,phases   ] GC(34)   Evacuate Collection Set: 4.13ms
[2026-07-01T01:54:26.336+0000][6.799s][info][gc,phases   ] GC(34)   Post Evacuate Collection Set: 0.27ms
[2026-07-01T01:54:26.336+0000][6.799s][info][gc,phases   ] GC(34)   Other: 0.06ms
[2026-07-01T01:54:26.336+0000][6.799s][info][gc,heap     ] GC(34) Eden regions: 41->0(46)
[2026-07-01T01:54:26.336+0000][6.799s][info][gc,heap     ] GC(34) Survivor regions: 6->1(6)
[2026-07-01T01:54:26.336+0000][6.799s][info][gc,heap     ] GC(34) Old regions: 152->158
[2026-07-01T01:54:26.336+0000][6.799s][info][gc,heap     ] GC(34) Humongous regions: 6->6
[2026-07-01T01:54:26.336+0000][6.799s][info][gc,metaspace] GC(34) Metaspace: 40290K(41152K)->40290K(41152K) NonClass: 35150K(35584K)->35150K(35584K) Class: 5140K(5568K)->5140K(5568K)
[2026-07-01T01:54:26.336+0000][6.800s][info][gc          ] GC(34) Pause Young (Normal) (G1 Evacuation Pause) 204M->164M(276M) 4.889ms
[2026-07-01T01:54:26.336+0000][6.800s][info][gc,cpu      ] GC(34) User=0.00s Sys=0.00s Real=0.00s
[2026-07-01T01:54:27.614+0000][8.077s][info][gc,marking  ] GC(33) Concurrent Mark From Roots 2717.945ms
[2026-07-01T01:54:27.614+0000][8.077s][info][gc,marking  ] GC(33) Concurrent Preclean
[2026-07-01T01:54:27.614+0000][8.077s][info][gc,marking  ] GC(33) Concurrent Preclean 0.066ms
[2026-07-01T01:54:27.617+0000][8.081s][info][gc,start    ] GC(33) Pause Remark
[2026-07-01T01:54:27.623+0000][8.086s][info][gc          ] GC(33) Pause Remark 201M->198M(276M) 5.266ms
[2026-07-01T01:54:27.623+0000][8.086s][info][gc,cpu      ] GC(33) User=0.01s Sys=0.00s Real=0.01s
[2026-07-01T01:54:27.688+0000][8.151s][info][gc,marking  ] GC(33) Concurrent Mark 2791.759ms
[2026-07-01T01:54:27.688+0000][8.151s][info][gc,marking  ] GC(33) Concurrent Rebuild Remembered Sets and Scrub Regions
[2026-07-01T01:54:27.929+0000][8.393s][info][gc,start    ] GC(35) Pause Young (Normal) (G1 Evacuation Pause)
[2026-07-01T01:54:27.929+0000][8.393s][info][gc,task     ] GC(35) Using 2 workers of 2 for evacuation
[2026-07-01T01:54:27.934+0000][8.397s][info][gc,phases   ] GC(35)   Pre Evacuate Collection Set: 0.13ms
[2026-07-01T01:54:27.934+0000][8.397s][info][gc,phases   ] GC(35)   Merge Heap Roots: 0.11ms
[2026-07-01T01:54:27.934+0000][8.397s][info][gc,phases   ] GC(35)   Evacuate Collection Set: 3.46ms
[2026-07-01T01:54:27.934+0000][8.397s][info][gc,phases   ] GC(35)   Post Evacuate Collection Set: 0.36ms
[2026-07-01T01:54:27.934+0000][8.397s][info][gc,phases   ] GC(35)   Other: 0.07ms
[2026-07-01T01:54:27.934+0000][8.397s][info][gc,heap     ] GC(35) Eden regions: 46->0(52)
[2026-07-01T01:54:27.934+0000][8.397s][info][gc,heap     ] GC(35) Survivor regions: 1->1(6)
[2026-07-01T01:54:27.934+0000][8.397s][info][gc,heap     ] GC(35) Old regions: 158->158
[2026-07-01T01:54:27.934+0000][8.397s][info][gc,heap     ] GC(35) Humongous regions: 3->3
[2026-07-01T01:54:27.934+0000][8.397s][info][gc,metaspace] GC(35) Metaspace: 40546K(41408K)->40546K(41408K) NonClass: 35405K(35840K)->35405K(35840K) Class: 5141K(5568K)->5141K(5568K)
[2026-07-01T01:54:27.934+0000][8.397s][info][gc          ] GC(35) Pause Young (Normal) (G1 Evacuation Pause) 207M->161M(276M) 4.247ms
[2026-07-01T01:54:27.934+0000][8.397s][info][gc,cpu      ] GC(35) User=0.01s Sys=0.00s Real=0.00s
[2026-07-01T01:54:29.409+0000][9.873s][info][gc,marking  ] GC(33) Concurrent Rebuild Remembered Sets and Scrub Regions 1721.357ms
[2026-07-01T01:54:29.412+0000][9.875s][info][gc,start    ] GC(33) Pause Cleanup
[2026-07-01T01:54:29.412+0000][9.876s][info][gc          ] GC(33) Pause Cleanup 208M->208M(276M) 0.203ms
[2026-07-01T01:54:29.412+0000][9.876s][info][gc,cpu      ] GC(33) User=0.00s Sys=0.00s Real=0.00s
[2026-07-01T01:54:29.415+0000][9.878s][info][gc,marking  ] GC(33) Concurrent Clear Claimed Marks
[2026-07-01T01:54:29.415+0000][9.878s][info][gc,marking  ] GC(33) Concurrent Clear Claimed Marks 0.092ms
[2026-07-01T01:54:29.415+0000][9.878s][info][gc,marking  ] GC(33) Concurrent Cleanup for Next Mark
[2026-07-01T01:54:29.419+0000][9.883s][info][gc,marking  ] GC(33) Concurrent Cleanup for Next Mark 4.463ms
[2026-07-01T01:54:29.419+0000][9.883s][info][gc          ] GC(33) Concurrent Mark Cycle 4529.790ms
[2026-07-01T01:54:29.589+0000][10.053s][info][gc,start    ] GC(36) Pause Young (Prepare Mixed) (G1 Evacuation Pause)
[2026-07-01T01:54:29.589+0000][10.053s][info][gc,task     ] GC(36) Using 2 workers of 2 for evacuation
[2026-07-01T01:54:29.593+0000][10.057s][info][gc,phases   ] GC(36)   Pre Evacuate Collection Set: 0.18ms
[2026-07-01T01:54:29.593+0000][10.057s][info][gc,phases   ] GC(36)   Merge Heap Roots: 0.14ms
[2026-07-01T01:54:29.593+0000][10.057s][info][gc,phases   ] GC(36)   Evacuate Collection Set: 3.37ms
[2026-07-01T01:54:29.593+0000][10.057s][info][gc,phases   ] GC(36)   Post Evacuate Collection Set: 0.30ms
[2026-07-01T01:54:29.593+0000][10.057s][info][gc,phases   ] GC(36)   Other: 0.05ms
[2026-07-01T01:54:29.593+0000][10.057s][info][gc,heap     ] GC(36) Eden regions: 52->0(57)
[2026-07-01T01:54:29.593+0000][10.057s][info][gc,heap     ] GC(36) Survivor regions: 1->1(7)
[2026-07-01T01:54:29.593+0000][10.057s][info][gc,heap     ] GC(36) Old regions: 158->158
[2026-07-01T01:54:29.593+0000][10.057s][info][gc,heap     ] GC(36) Humongous regions: 3->3
[2026-07-01T01:54:29.593+0000][10.057s][info][gc,metaspace] GC(36) Metaspace: 40740K(41600K)->40740K(41600K) NonClass: 35599K(36032K)->35599K(36032K) Class: 5141K(5568K)->5141K(5568K)
[2026-07-01T01:54:29.593+0000][10.057s][info][gc          ] GC(36) Pause Young (Prepare Mixed) (G1 Evacuation Pause) 213M->161M(276M) 4.182ms
[2026-07-01T01:54:29.593+0000][10.057s][info][gc,cpu      ] GC(36) User=0.00s Sys=0.00s Real=0.00s
[2026-07-01T01:54:31.121+0000][11.584s][info][gc,start    ] GC(37) Pause Young (Mixed) (G1 Evacuation Pause)
[2026-07-01T01:54:31.121+0000][11.584s][info][gc,task     ] GC(37) Using 2 workers of 2 for evacuation
[2026-07-01T01:54:31.127+0000][11.590s][info][gc,phases   ] GC(37)   Pre Evacuate Collection Set: 0.15ms
[2026-07-01T01:54:31.127+0000][11.590s][info][gc,phases   ] GC(37)   Merge Heap Roots: 0.73ms
[2026-07-01T01:54:31.127+0000][11.590s][info][gc,phases   ] GC(37)   Evacuate Collection Set: 4.47ms
[2026-07-01T01:54:31.127+0000][11.590s][info][gc,phases   ] GC(37)   Post Evacuate Collection Set: 0.30ms
[2026-07-01T01:54:31.127+0000][11.590s][info][gc,phases   ] GC(37)   Other: 0.07ms
[2026-07-01T01:54:31.127+0000][11.590s][info][gc,heap     ] GC(37) Eden regions: 57->0(62)
[2026-07-01T01:54:31.127+0000][11.590s][info][gc,heap     ] GC(37) Survivor regions: 1->2(8)
[2026-07-01T01:54:31.127+0000][11.590s][info][gc,heap     ] GC(37) Old regions: 158->156
[2026-07-01T01:54:31.127+0000][11.590s][info][gc,heap     ] GC(37) Humongous regions: 3->3
[2026-07-01T01:54:31.127+0000][11.590s][info][gc,metaspace] GC(37) Metaspace: 40807K(41664K)->40807K(41664K) NonClass: 35666K(36096K)->35666K(36096K) Class: 5141K(5568K)->5141K(5568K)
[2026-07-01T01:54:31.127+0000][11.590s][info][gc          ] GC(37) Pause Young (Mixed) (G1 Evacuation Pause) 218M->160M(276M) 5.864ms
[2026-07-01T01:54:31.127+0000][11.590s][info][gc,cpu      ] GC(37) User=0.01s Sys=0.00s Real=0.00s
[2026-07-01T01:54:32.621+0000][13.084s][info][gc,start    ] GC(38) Pause Young (Concurrent Start) (G1 Evacuation Pause)
[2026-07-01T01:54:32.621+0000][13.084s][info][gc,task     ] GC(38) Using 2 workers of 2 for evacuation
[2026-07-01T01:54:32.626+0000][13.089s][info][gc,phases   ] GC(38)   Pre Evacuate Collection Set: 0.17ms
[2026-07-01T01:54:32.626+0000][13.089s][info][gc,phases   ] GC(38)   Merge Heap Roots: 0.14ms
[2026-07-01T01:54:32.626+0000][13.089s][info][gc,phases   ] GC(38)   Evacuate Collection Set: 4.20ms
[2026-07-01T01:54:32.626+0000][13.089s][info][gc,phases   ] GC(38)   Post Evacuate Collection Set: 0.36ms
[2026-07-01T01:54:32.626+0000][13.089s][info][gc,phases   ] GC(38)   Other: 0.10ms
[2026-07-01T01:54:32.626+0000][13.089s][info][gc,heap     ] GC(38) Eden regions: 62->0(67)
[2026-07-01T01:54:32.626+0000][13.089s][info][gc,heap     ] GC(38) Survivor regions: 2->3(8)
[2026-07-01T01:54:32.626+0000][13.089s][info][gc,heap     ] GC(38) Old regions: 156->156
[2026-07-01T01:54:32.626+0000][13.089s][info][gc,heap     ] GC(38) Humongous regions: 3->3
[2026-07-01T01:54:32.626+0000][13.089s][info][gc,metaspace] GC(38) Metaspace: 40913K(41728K)->40913K(41728K) NonClass: 35770K(36160K)->35770K(36160K) Class: 5143K(5568K)->5143K(5568K)
[2026-07-01T01:54:32.626+0000][13.089s][info][gc          ] GC(38) Pause Young (Concurrent Start) (G1 Evacuation Pause) 222M->161M(276M) 5.097ms
[2026-07-01T01:54:32.626+0000][13.089s][info][gc          ] GC(39) Concurrent Mark Cycle
[2026-07-01T01:54:32.626+0000][13.089s][info][gc,marking  ] GC(39) Concurrent Scan Root Regions
[2026-07-01T01:54:32.626+0000][13.089s][info][gc,cpu      ] GC(38) User=0.01s Sys=0.00s Real=0.00s
[2026-07-01T01:54:32.639+0000][13.103s][info][gc,marking  ] GC(39) Concurrent Scan Root Regions 13.261ms
[2026-07-01T01:54:32.639+0000][13.103s][info][gc,marking  ] GC(39) Concurrent Mark
[2026-07-01T01:54:32.639+0000][13.103s][info][gc,marking  ] GC(39) Concurrent Mark From Roots
[2026-07-01T01:54:32.639+0000][13.103s][info][gc,task     ] GC(39) Using 1 workers of 1 for marking
[2026-07-01T01:54:33.848+0000][14.312s][info][gc,marking  ] GC(39) Concurrent Mark From Roots 1209.200ms
[2026-07-01T01:54:33.848+0000][14.312s][info][gc,marking  ] GC(39) Concurrent Preclean
[2026-07-01T01:54:33.848+0000][14.312s][info][gc,marking  ] GC(39) Concurrent Preclean 0.062ms
[2026-07-01T01:54:33.849+0000][14.313s][info][gc,start    ] GC(39) Pause Remark
[2026-07-01T01:54:33.890+0000][14.353s][info][gc          ] GC(39) Pause Remark 208M->208M(276M) 40.144ms
[2026-07-01T01:54:33.890+0000][14.353s][info][gc,cpu      ] GC(39) User=0.02s Sys=0.00s Real=0.04s
[2026-07-01T01:54:33.898+0000][14.361s][info][gc,marking  ] GC(39) Concurrent Mark 1258.920ms
[2026-07-01T01:54:33.898+0000][14.362s][info][gc,marking  ] GC(39) Concurrent Rebuild Remembered Sets and Scrub Regions
[2026-07-01T01:54:34.393+0000][14.857s][info][gc,start    ] GC(40) Pause Young (Normal) (G1 Evacuation Pause)
[2026-07-01T01:54:34.393+0000][14.857s][info][gc,task     ] GC(40) Using 2 workers of 2 for evacuation
[2026-07-01T01:54:34.399+0000][14.862s][info][gc,phases   ] GC(40)   Pre Evacuate Collection Set: 0.18ms
[2026-07-01T01:54:34.399+0000][14.863s][info][gc,phases   ] GC(40)   Merge Heap Roots: 0.15ms
[2026-07-01T01:54:34.399+0000][14.863s][info][gc,phases   ] GC(40)   Evacuate Collection Set: 5.13ms
[2026-07-01T01:54:34.399+0000][14.863s][info][gc,phases   ] GC(40)   Post Evacuate Collection Set: 0.34ms
[2026-07-01T01:54:34.399+0000][14.863s][info][gc,phases   ] GC(40)   Other: 0.05ms
[2026-07-01T01:54:34.399+0000][14.863s][info][gc,heap     ] GC(40) Eden regions: 67->0(80)
[2026-07-01T01:54:34.399+0000][14.863s][info][gc,heap     ] GC(40) Survivor regions: 3->4(9)
[2026-07-01T01:54:34.399+0000][14.863s][info][gc,heap     ] GC(40) Old regions: 156->156
[2026-07-01T01:54:34.399+0000][14.863s][info][gc,heap     ] GC(40) Humongous regions: 3->3
[2026-07-01T01:54:34.399+0000][14.863s][info][gc,metaspace] GC(40) Metaspace: 41075K(41984K)->41075K(41984K) NonClass: 35938K(36416K)->35938K(36416K) Class: 5136K(5568K)->5136K(5568K)
[2026-07-01T01:54:34.399+0000][14.863s][info][gc          ] GC(40) Pause Young (Normal) (G1 Evacuation Pause) 228M->162M(276M) 6.014ms
[2026-07-01T01:54:34.399+0000][14.863s][info][gc,cpu      ] GC(40) User=0.01s Sys=0.00s Real=0.01s
[2026-07-01T01:54:34.553+0000][15.017s][info][gc,marking  ] GC(39) Concurrent Rebuild Remembered Sets and Scrub Regions 655.326ms
[2026-07-01T01:54:34.588+0000][15.051s][info][gc,start    ] GC(39) Pause Cleanup
[2026-07-01T01:54:34.588+0000][15.052s][info][gc          ] GC(39) Pause Cleanup 172M->172M(276M) 0.238ms
[2026-07-01T01:54:34.588+0000][15.052s][info][gc,cpu      ] GC(39) User=0.00s Sys=0.00s Real=0.01s
[2026-07-01T01:54:34.589+0000][15.052s][info][gc,marking  ] GC(39) Concurrent Clear Claimed Marks
[2026-07-01T01:54:34.589+0000][15.052s][info][gc,marking  ] GC(39) Concurrent Clear Claimed Marks 0.080ms
[2026-07-01T01:54:34.589+0000][15.052s][info][gc,marking  ] GC(39) Concurrent Cleanup for Next Mark
[2026-07-01T01:54:34.591+0000][15.054s][info][gc,marking  ] GC(39) Concurrent Cleanup for Next Mark 1.826ms
[2026-07-01T01:54:34.591+0000][15.054s][info][gc          ] GC(39) Concurrent Mark Cycle 1964.860ms
[2026-07-01T01:54:35.882+0000][16.346s][info][gc,start    ] GC(41) Pause Young (Prepare Mixed) (G1 Evacuation Pause)
[2026-07-01T01:54:35.882+0000][16.346s][info][gc,task     ] GC(41) Using 2 workers of 2 for evacuation
[2026-07-01T01:54:35.892+0000][16.356s][info][gc,phases   ] GC(41)   Pre Evacuate Collection Set: 0.16ms
[2026-07-01T01:54:35.892+0000][16.356s][info][gc,phases   ] GC(41)   Merge Heap Roots: 0.13ms
[2026-07-01T01:54:35.892+0000][16.356s][info][gc,phases   ] GC(41)   Evacuate Collection Set: 7.58ms
[2026-07-01T01:54:35.892+0000][16.356s][info][gc,phases   ] GC(41)   Post Evacuate Collection Set: 1.95ms
[2026-07-01T01:54:35.892+0000][16.356s][info][gc,phases   ] GC(41)   Other: 0.08ms
[2026-07-01T01:54:35.892+0000][16.356s][info][gc,heap     ] GC(41) Eden regions: 80->0(87)
[2026-07-01T01:54:35.892+0000][16.356s][info][gc,heap     ] GC(41) Survivor regions: 4->4(11)
[2026-07-01T01:54:35.892+0000][16.356s][info][gc,heap     ] GC(41) Old regions: 156->156
[2026-07-01T01:54:35.892+0000][16.356s][info][gc,heap     ] GC(41) Humongous regions: 3->3
[2026-07-01T01:54:35.892+0000][16.356s][info][gc,metaspace] GC(41) Metaspace: 41382K(42240K)->41382K(42240K) NonClass: 36244K(36672K)->36244K(36672K) Class: 5137K(5568K)->5137K(5568K)
[2026-07-01T01:54:35.892+0000][16.356s][info][gc          ] GC(41) Pause Young (Prepare Mixed) (G1 Evacuation Pause) 242M->162M(276M) 10.070ms
[2026-07-01T01:54:35.892+0000][16.356s][info][gc,cpu      ] GC(41) User=0.01s Sys=0.00s Real=0.01s
[2026-07-01T01:54:36.765+0000][17.228s][info][gc,start    ] GC(42) Pause Young (Mixed) (G1 Evacuation Pause)
[2026-07-01T01:54:36.765+0000][17.228s][info][gc,task     ] GC(42) Using 2 workers of 2 for evacuation
[2026-07-01T01:54:36.793+0000][17.257s][info][gc,phases   ] GC(42)   Pre Evacuate Collection Set: 0.21ms
[2026-07-01T01:54:36.793+0000][17.257s][info][gc,phases   ] GC(42)   Merge Heap Roots: 0.19ms
[2026-07-01T01:54:36.793+0000][17.257s][info][gc,phases   ] GC(42)   Evacuate Collection Set: 27.33ms
[2026-07-01T01:54:36.793+0000][17.257s][info][gc,phases   ] GC(42)   Post Evacuate Collection Set: 0.48ms
[2026-07-01T01:54:36.793+0000][17.257s][info][gc,phases   ] GC(42)   Other: 0.08ms
[2026-07-01T01:54:36.793+0000][17.257s][info][gc,heap     ] GC(42) Eden regions: 87->0(91)
[2026-07-01T01:54:36.793+0000][17.257s][info][gc,heap     ] GC(42) Survivor regions: 4->4(12)
[2026-07-01T01:54:36.793+0000][17.257s][info][gc,heap     ] GC(42) Old regions: 156->155
[2026-07-01T01:54:36.793+0000][17.257s][info][gc,heap     ] GC(42) Humongous regions: 3->3
[2026-07-01T01:54:36.793+0000][17.257s][info][gc,metaspace] GC(42) Metaspace: 41473K(42368K)->41473K(42368K) NonClass: 36336K(36800K)->36336K(36800K) Class: 5137K(5568K)->5137K(5568K)
[2026-07-01T01:54:36.793+0000][17.257s][info][gc          ] GC(42) Pause Young (Mixed) (G1 Evacuation Pause) 249M->161M(276M) 28.622ms
[2026-07-01T01:54:36.793+0000][17.257s][info][gc,cpu      ] GC(42) User=0.03s Sys=0.00s Real=0.03s
[2026-07-01T01:54:37.751+0000][18.215s][info][gc,start    ] GC(43) Pause Young (Concurrent Start) (G1 Evacuation Pause)
[2026-07-01T01:54:37.751+0000][18.215s][info][gc,task     ] GC(43) Using 2 workers of 2 for evacuation
[2026-07-01T01:54:37.759+0000][18.222s][info][gc,phases   ] GC(43)   Pre Evacuate Collection Set: 0.19ms
[2026-07-01T01:54:37.759+0000][18.222s][info][gc,phases   ] GC(43)   Merge Heap Roots: 0.17ms
[2026-07-01T01:54:37.759+0000][18.222s][info][gc,phases   ] GC(43)   Evacuate Collection Set: 6.88ms
[2026-07-01T01:54:37.759+0000][18.222s][info][gc,phases   ] GC(43)   Post Evacuate Collection Set: 0.44ms
[2026-07-01T01:54:37.759+0000][18.222s][info][gc,phases   ] GC(43)   Other: 0.08ms
[2026-07-01T01:54:37.759+0000][18.222s][info][gc,heap     ] GC(43) Eden regions: 91->0(96)
[2026-07-01T01:54:37.759+0000][18.222s][info][gc,heap     ] GC(43) Survivor regions: 4->4(12)
[2026-07-01T01:54:37.759+0000][18.222s][info][gc,heap     ] GC(43) Old regions: 155->155
[2026-07-01T01:54:37.759+0000][18.222s][info][gc,heap     ] GC(43) Humongous regions: 3->3
[2026-07-01T01:54:37.759+0000][18.222s][info][gc,metaspace] GC(43) Metaspace: 41474K(42368K)->41474K(42368K) NonClass: 36337K(36800K)->36337K(36800K) Class: 5137K(5568K)->5137K(5568K)
[2026-07-01T01:54:37.759+0000][18.223s][info][gc          ] GC(43) Pause Young (Concurrent Start) (G1 Evacuation Pause) 252M->161M(276M) 7.925ms
[2026-07-01T01:54:37.759+0000][18.223s][info][gc          ] GC(44) Concurrent Mark Cycle
[2026-07-01T01:54:37.759+0000][18.223s][info][gc,marking  ] GC(44) Concurrent Scan Root Regions
[2026-07-01T01:54:37.759+0000][18.223s][info][gc,cpu      ] GC(43) User=0.01s Sys=0.00s Real=0.01s
[2026-07-01T01:54:37.789+0000][18.253s][info][gc,marking  ] GC(44) Concurrent Scan Root Regions 30.116ms
[2026-07-01T01:54:37.789+0000][18.253s][info][gc,marking  ] GC(44) Concurrent Mark
[2026-07-01T01:54:37.789+0000][18.253s][info][gc,marking  ] GC(44) Concurrent Mark From Roots
[2026-07-01T01:54:37.789+0000][18.253s][info][gc,task     ] GC(44) Using 1 workers of 1 for marking
[2026-07-01T01:54:38.712+0000][19.175s][info][gc,marking  ] GC(44) Concurrent Mark From Roots 922.635ms
[2026-07-01T01:54:38.712+0000][19.175s][info][gc,marking  ] GC(44) Concurrent Preclean
[2026-07-01T01:54:38.712+0000][19.176s][info][gc,marking  ] GC(44) Concurrent Preclean 0.118ms
[2026-07-01T01:54:38.712+0000][19.176s][info][gc,start    ] GC(44) Pause Remark
[2026-07-01T01:54:38.720+0000][19.183s][info][gc          ] GC(44) Pause Remark 229M->229M(276M) 7.483ms
[2026-07-01T01:54:38.720+0000][19.183s][info][gc,cpu      ] GC(44) User=0.01s Sys=0.00s Real=0.01s
[2026-07-01T01:54:38.729+0000][19.192s][info][gc,marking  ] GC(44) Concurrent Mark 938.780ms
[2026-07-01T01:54:38.729+0000][19.192s][info][gc,marking  ] GC(44) Concurrent Rebuild Remembered Sets and Scrub Regions
[2026-07-01T01:54:38.930+0000][19.393s][info][gc,marking  ] GC(44) Concurrent Rebuild Remembered Sets and Scrub Regions 200.939ms
[2026-07-01T01:54:38.930+0000][19.393s][info][gc,start    ] GC(44) Pause Cleanup
[2026-07-01T01:54:38.930+0000][19.393s][info][gc          ] GC(44) Pause Cleanup 243M->243M(276M) 0.190ms
[2026-07-01T01:54:38.930+0000][19.393s][info][gc,cpu      ] GC(44) User=0.00s Sys=0.00s Real=0.00s
[2026-07-01T01:54:38.931+0000][19.394s][info][gc,marking  ] GC(44) Concurrent Clear Claimed Marks
[2026-07-01T01:54:38.931+0000][19.394s][info][gc,marking  ] GC(44) Concurrent Clear Claimed Marks 0.112ms
[2026-07-01T01:54:38.931+0000][19.394s][info][gc,marking  ] GC(44) Concurrent Cleanup for Next Mark
[2026-07-01T01:54:38.931+0000][19.395s][info][gc,marking  ] GC(44) Concurrent Cleanup for Next Mark 0.479ms
[2026-07-01T01:54:38.931+0000][19.395s][info][gc          ] GC(44) Concurrent Mark Cycle 1172.200ms
[2026-07-01T01:54:39.106+0000][19.569s][info][gc,start    ] GC(45) Pause Young (Prepare Mixed) (G1 Evacuation Pause)
[2026-07-01T01:54:39.106+0000][19.569s][info][gc,task     ] GC(45) Using 2 workers of 2 for evacuation
[2026-07-01T01:54:39.115+0000][19.578s][info][gc,phases   ] GC(45)   Pre Evacuate Collection Set: 0.21ms
[2026-07-01T01:54:39.115+0000][19.578s][info][gc,phases   ] GC(45)   Merge Heap Roots: 0.26ms
[2026-07-01T01:54:39.115+0000][19.578s][info][gc,phases   ] GC(45)   Evacuate Collection Set: 8.15ms
[2026-07-01T01:54:39.115+0000][19.578s][info][gc,phases   ] GC(45)   Post Evacuate Collection Set: 0.46ms
[2026-07-01T01:54:39.115+0000][19.578s][info][gc,phases   ] GC(45)   Other: 0.07ms
[2026-07-01T01:54:39.115+0000][19.578s][info][gc,heap     ] GC(45) Eden regions: 96->0(97)
[2026-07-01T01:54:39.115+0000][19.578s][info][gc,heap     ] GC(45) Survivor regions: 4->5(13)
[2026-07-01T01:54:39.115+0000][19.578s][info][gc,heap     ] GC(45) Old regions: 155->155
[2026-07-01T01:54:39.115+0000][19.578s][info][gc,heap     ] GC(45) Humongous regions: 3->3
[2026-07-01T01:54:39.115+0000][19.578s][info][gc,metaspace] GC(45) Metaspace: 41507K(42368K)->41507K(42368K) NonClass: 36369K(36800K)->36369K(36800K) Class: 5137K(5568K)->5137K(5568K)
[2026-07-01T01:54:39.115+0000][19.578s][info][gc          ] GC(45) Pause Young (Prepare Mixed) (G1 Evacuation Pause) 257M->161M(276M) 9.297ms
[2026-07-01T01:54:39.115+0000][19.579s][info][gc,cpu      ] GC(45) User=0.02s Sys=0.00s Real=0.01s
[2026-07-01T01:54:40.043+0000][20.506s][info][gc,start    ] GC(46) Pause Young (Mixed) (G1 Evacuation Pause)
[2026-07-01T01:54:40.043+0000][20.506s][info][gc,task     ] GC(46) Using 2 workers of 2 for evacuation
[2026-07-01T01:54:40.054+0000][20.517s][info][gc,phases   ] GC(46)   Pre Evacuate Collection Set: 0.35ms
[2026-07-01T01:54:40.054+0000][20.517s][info][gc,phases   ] GC(46)   Merge Heap Roots: 0.22ms
[2026-07-01T01:54:40.054+0000][20.517s][info][gc,phases   ] GC(46)   Evacuate Collection Set: 9.86ms
[2026-07-01T01:54:40.054+0000][20.517s][info][gc,phases   ] GC(46)   Post Evacuate Collection Set: 0.50ms
[2026-07-01T01:54:40.054+0000][20.517s][info][gc,phases   ] GC(46)   Other: 0.06ms
[2026-07-01T01:54:40.054+0000][20.517s][info][gc,heap     ] GC(46) Eden regions: 97->0(99)
[2026-07-01T01:54:40.054+0000][20.517s][info][gc,heap     ] GC(46) Survivor regions: 5->5(13)
[2026-07-01T01:54:40.054+0000][20.517s][info][gc,heap     ] GC(46) Old regions: 155->154
[2026-07-01T01:54:40.054+0000][20.517s][info][gc,heap     ] GC(46) Humongous regions: 3->3
[2026-07-01T01:54:40.054+0000][20.517s][info][gc,metaspace] GC(46) Metaspace: 41507K(42368K)->41507K(42368K) NonClass: 36369K(36800K)->36369K(36800K) Class: 5137K(5568K)->5137K(5568K)
[2026-07-01T01:54:40.054+0000][20.517s][info][gc          ] GC(46) Pause Young (Mixed) (G1 Evacuation Pause) 258M->161M(276M) 11.168ms
[2026-07-01T01:54:40.054+0000][20.517s][info][gc,cpu      ] GC(46) User=0.03s Sys=0.00s Real=0.01s
[2026-07-01T01:54:40.999+0000][21.463s][info][gc,start    ] GC(47) Pause Young (Concurrent Start) (G1 Evacuation Pause)
[2026-07-01T01:54:40.999+0000][21.463s][info][gc,task     ] GC(47) Using 2 workers of 2 for evacuation
[2026-07-01T01:54:41.016+0000][21.479s][info][gc,phases   ] GC(47)   Pre Evacuate Collection Set: 0.58ms
[2026-07-01T01:54:41.016+0000][21.479s][info][gc,phases   ] GC(47)   Merge Heap Roots: 0.59ms
[2026-07-01T01:54:41.016+0000][21.479s][info][gc,phases   ] GC(47)   Evacuate Collection Set: 14.95ms
[2026-07-01T01:54:41.016+0000][21.480s][info][gc,phases   ] GC(47)   Post Evacuate Collection Set: 0.64ms
[2026-07-01T01:54:41.016+0000][21.480s][info][gc,phases   ] GC(47)   Other: 0.10ms
[2026-07-01T01:54:41.016+0000][21.480s][info][gc,heap     ] GC(47) Eden regions: 99->0(99)
[2026-07-01T01:54:41.016+0000][21.480s][info][gc,heap     ] GC(47) Survivor regions: 5->5(13)
[2026-07-01T01:54:41.016+0000][21.480s][info][gc,heap     ] GC(47) Old regions: 154->154
[2026-07-01T01:54:41.016+0000][21.480s][info][gc,heap     ] GC(47) Humongous regions: 3->3
[2026-07-01T01:54:41.016+0000][21.480s][info][gc,metaspace] GC(47) Metaspace: 41522K(42368K)->41522K(42368K) NonClass: 36384K(36800K)->36384K(36800K) Class: 5137K(5568K)->5137K(5568K)
[2026-07-01T01:54:41.016+0000][21.480s][info][gc          ] GC(47) Pause Young (Concurrent Start) (G1 Evacuation Pause) 260M->161M(276M) 17.049ms
[2026-07-01T01:54:41.016+0000][21.480s][info][gc          ] GC(48) Concurrent Mark Cycle
[2026-07-01T01:54:41.016+0000][21.480s][info][gc,marking  ] GC(48) Concurrent Scan Root Regions
[2026-07-01T01:54:41.016+0000][21.480s][info][gc,cpu      ] GC(47) User=0.03s Sys=0.00s Real=0.01s
[2026-07-01T01:54:41.035+0000][21.498s][info][gc,marking  ] GC(48) Concurrent Scan Root Regions 18.357ms
[2026-07-01T01:54:41.035+0000][21.498s][info][gc,marking  ] GC(48) Concurrent Mark
[2026-07-01T01:54:41.035+0000][21.498s][info][gc,marking  ] GC(48) Concurrent Mark From Roots
[2026-07-01T01:54:41.035+0000][21.498s][info][gc,task     ] GC(48) Using 1 workers of 1 for marking
[2026-07-01T01:54:41.807+0000][22.270s][info][gc,marking  ] GC(48) Concurrent Mark From Roots 772.299ms
[2026-07-01T01:54:41.807+0000][22.270s][info][gc,marking  ] GC(48) Concurrent Preclean
[2026-07-01T01:54:41.807+0000][22.270s][info][gc,marking  ] GC(48) Concurrent Preclean 0.115ms
[2026-07-01T01:54:41.807+0000][22.271s][info][gc,start    ] GC(48) Pause Remark
[2026-07-01T01:54:41.814+0000][22.277s][info][gc          ] GC(48) Pause Remark 224M->224M(276M) 6.586ms
[2026-07-01T01:54:41.814+0000][22.277s][info][gc,cpu      ] GC(48) User=0.02s Sys=0.00s Real=0.01s
[2026-07-01T01:54:41.818+0000][22.281s][info][gc,marking  ] GC(48) Concurrent Mark 783.335ms
[2026-07-01T01:54:41.818+0000][22.281s][info][gc,marking  ] GC(48) Concurrent Rebuild Remembered Sets and Scrub Regions
[2026-07-01T01:54:42.131+0000][22.595s][info][gc,marking  ] GC(48) Concurrent Rebuild Remembered Sets and Scrub Regions 313.264ms
[2026-07-01T01:54:42.132+0000][22.595s][info][gc,start    ] GC(48) Pause Cleanup
[2026-07-01T01:54:42.132+0000][22.596s][info][gc          ] GC(48) Pause Cleanup 250M->250M(276M) 0.181ms
[2026-07-01T01:54:42.132+0000][22.596s][info][gc,cpu      ] GC(48) User=0.00s Sys=0.00s Real=0.00s
[2026-07-01T01:54:42.135+0000][22.598s][info][gc,marking  ] GC(48) Concurrent Clear Claimed Marks
[2026-07-01T01:54:42.135+0000][22.598s][info][gc,marking  ] GC(48) Concurrent Clear Claimed Marks 0.108ms
[2026-07-01T01:54:42.135+0000][22.598s][info][gc,marking  ] GC(48) Concurrent Cleanup for Next Mark
[2026-07-01T01:54:42.136+0000][22.599s][info][gc,marking  ] GC(48) Concurrent Cleanup for Next Mark 0.555ms
[2026-07-01T01:54:42.136+0000][22.599s][info][gc          ] GC(48) Concurrent Mark Cycle 1119.459ms
[2026-07-01T01:54:42.233+0000][22.697s][info][gc,start    ] GC(49) Pause Young (Prepare Mixed) (G1 Evacuation Pause)
[2026-07-01T01:54:42.233+0000][22.697s][info][gc,task     ] GC(49) Using 2 workers of 2 for evacuation
[2026-07-01T01:54:42.245+0000][22.708s][info][gc,phases   ] GC(49)   Pre Evacuate Collection Set: 0.15ms
[2026-07-01T01:54:42.245+0000][22.708s][info][gc,phases   ] GC(49)   Merge Heap Roots: 0.37ms
[2026-07-01T01:54:42.245+0000][22.708s][info][gc,phases   ] GC(49)   Evacuate Collection Set: 10.19ms
[2026-07-01T01:54:42.245+0000][22.708s][info][gc,phases   ] GC(49)   Post Evacuate Collection Set: 0.52ms
[2026-07-01T01:54:42.245+0000][22.708s][info][gc,phases   ] GC(49)   Other: 0.05ms
[2026-07-01T01:54:42.245+0000][22.708s][info][gc,heap     ] GC(49) Eden regions: 99->0(99)
[2026-07-01T01:54:42.245+0000][22.708s][info][gc,heap     ] GC(49) Survivor regions: 5->5(13)
[2026-07-01T01:54:42.245+0000][22.708s][info][gc,heap     ] GC(49) Old regions: 154->154
[2026-07-01T01:54:42.245+0000][22.708s][info][gc,heap     ] GC(49) Humongous regions: 3->3
[2026-07-01T01:54:42.245+0000][22.708s][info][gc,metaspace] GC(49) Metaspace: 41555K(42432K)->41555K(42432K) NonClass: 36417K(36864K)->36417K(36864K) Class: 5137K(5568K)->5137K(5568K)
[2026-07-01T01:54:42.245+0000][22.708s][info][gc          ] GC(49) Pause Young (Prepare Mixed) (G1 Evacuation Pause) 260M->161M(276M) 11.412ms
[2026-07-01T01:54:42.245+0000][22.708s][info][gc,cpu      ] GC(49) User=0.02s Sys=0.00s Real=0.01s
[2026-07-01T01:54:43.135+0000][23.599s][info][gc,start    ] GC(50) Pause Young (Mixed) (G1 Evacuation Pause)
[2026-07-01T01:54:43.135+0000][23.599s][info][gc,task     ] GC(50) Using 2 workers of 2 for evacuation
[2026-07-01T01:54:43.147+0000][23.610s][info][gc,phases   ] GC(50)   Pre Evacuate Collection Set: 0.14ms
[2026-07-01T01:54:43.147+0000][23.610s][info][gc,phases   ] GC(50)   Merge Heap Roots: 0.20ms
[2026-07-01T01:54:43.147+0000][23.610s][info][gc,phases   ] GC(50)   Evacuate Collection Set: 10.50ms
[2026-07-01T01:54:43.147+0000][23.610s][info][gc,phases   ] GC(50)   Post Evacuate Collection Set: 0.48ms
[2026-07-01T01:54:43.147+0000][23.610s][info][gc,phases   ] GC(50)   Other: 0.06ms
[2026-07-01T01:54:43.147+0000][23.610s][info][gc,heap     ] GC(50) Eden regions: 99->0(99)
[2026-07-01T01:54:43.147+0000][23.610s][info][gc,heap     ] GC(50) Survivor regions: 5->6(13)
[2026-07-01T01:54:43.147+0000][23.610s][info][gc,heap     ] GC(50) Old regions: 154->153
[2026-07-01T01:54:43.147+0000][23.610s][info][gc,heap     ] GC(50) Humongous regions: 3->3
[2026-07-01T01:54:43.147+0000][23.610s][info][gc,metaspace] GC(50) Metaspace: 41560K(42432K)->41560K(42432K) NonClass: 36422K(36864K)->36422K(36864K) Class: 5137K(5568K)->5137K(5568K)
[2026-07-01T01:54:43.147+0000][23.610s][info][gc          ] GC(50) Pause Young (Mixed) (G1 Evacuation Pause) 260M->161M(276M) 11.564ms
[2026-07-01T01:54:43.147+0000][23.610s][info][gc,cpu      ] GC(50) User=0.02s Sys=0.00s Real=0.01s
[2026-07-01T01:54:44.132+0000][24.596s][info][gc,start    ] GC(51) Pause Young (Concurrent Start) (G1 Evacuation Pause)
[2026-07-01T01:54:44.132+0000][24.596s][info][gc,task     ] GC(51) Using 2 workers of 2 for evacuation
[2026-07-01T01:54:44.175+0000][24.638s][info][gc,phases   ] GC(51)   Pre Evacuate Collection Set: 0.75ms
[2026-07-01T01:54:44.175+0000][24.639s][info][gc,phases   ] GC(51)   Merge Heap Roots: 0.25ms
[2026-07-01T01:54:44.175+0000][24.639s][info][gc,phases   ] GC(51)   Evacuate Collection Set: 40.64ms
[2026-07-01T01:54:44.175+0000][24.639s][info][gc,phases   ] GC(51)   Post Evacuate Collection Set: 0.86ms
[2026-07-01T01:54:44.175+0000][24.639s][info][gc,phases   ] GC(51)   Other: 0.09ms
[2026-07-01T01:54:44.175+0000][24.639s][info][gc,heap     ] GC(51) Eden regions: 99->0(99)
[2026-07-01T01:54:44.175+0000][24.639s][info][gc,heap     ] GC(51) Survivor regions: 6->6(14)
[2026-07-01T01:54:44.175+0000][24.639s][info][gc,heap     ] GC(51) Old regions: 153->153
[2026-07-01T01:54:44.175+0000][24.639s][info][gc,heap     ] GC(51) Humongous regions: 3->3
[2026-07-01T01:54:44.175+0000][24.639s][info][gc,metaspace] GC(51) Metaspace: 41564K(42432K)->41564K(42432K) NonClass: 36426K(36864K)->36426K(36864K) Class: 5137K(5568K)->5137K(5568K)
[2026-07-01T01:54:44.175+0000][24.639s][info][gc          ] GC(51) Pause Young (Concurrent Start) (G1 Evacuation Pause) 260M->161M(276M) 42.825ms
[2026-07-01T01:54:44.175+0000][24.639s][info][gc          ] GC(52) Concurrent Mark Cycle
[2026-07-01T01:54:44.175+0000][24.639s][info][gc,marking  ] GC(52) Concurrent Scan Root Regions
[2026-07-01T01:54:44.175+0000][24.639s][info][gc,cpu      ] GC(51) User=0.02s Sys=0.00s Real=0.04s
[2026-07-01T01:54:44.197+0000][24.660s][info][gc,marking  ] GC(52) Concurrent Scan Root Regions 21.416ms
[2026-07-01T01:54:44.197+0000][24.660s][info][gc,marking  ] GC(52) Concurrent Mark
[2026-07-01T01:54:44.197+0000][24.660s][info][gc,marking  ] GC(52) Concurrent Mark From Roots
[2026-07-01T01:54:44.197+0000][24.660s][info][gc,task     ] GC(52) Using 1 workers of 1 for marking
[2026-07-01T01:54:45.015+0000][25.479s][info][gc,marking  ] GC(52) Concurrent Mark From Roots 818.586ms
[2026-07-01T01:54:45.015+0000][25.479s][info][gc,marking  ] GC(52) Concurrent Preclean
[2026-07-01T01:54:45.015+0000][25.479s][info][gc,marking  ] GC(52) Concurrent Preclean 0.114ms
[2026-07-01T01:54:45.016+0000][25.479s][info][gc,start    ] GC(52) Pause Remark
[2026-07-01T01:54:45.021+0000][25.485s][info][gc          ] GC(52) Pause Remark 223M->223M(276M) 5.721ms
[2026-07-01T01:54:45.021+0000][25.485s][info][gc,cpu      ] GC(52) User=0.01s Sys=0.00s Real=0.01s
[2026-07-01T01:54:45.032+0000][25.495s][info][gc,marking  ] GC(52) Concurrent Mark 835.120ms
[2026-07-01T01:54:45.032+0000][25.495s][info][gc,marking  ] GC(52) Concurrent Rebuild Remembered Sets and Scrub Regions
[2026-07-01T01:54:45.487+0000][25.950s][info][gc,start    ] GC(53) Pause Young (Normal) (G1 Evacuation Pause)
[2026-07-01T01:54:45.487+0000][25.950s][info][gc,task     ] GC(53) Using 2 workers of 2 for evacuation
[2026-07-01T01:54:45.499+0000][25.962s][info][gc,phases   ] GC(53)   Pre Evacuate Collection Set: 0.14ms
[2026-07-01T01:54:45.499+0000][25.962s][info][gc,phases   ] GC(53)   Merge Heap Roots: 0.41ms
[2026-07-01T01:54:45.499+0000][25.962s][info][gc,phases   ] GC(53)   Evacuate Collection Set: 10.76ms
[2026-07-01T01:54:45.499+0000][25.962s][info][gc,phases   ] GC(53)   Post Evacuate Collection Set: 0.51ms
[2026-07-01T01:54:45.499+0000][25.962s][info][gc,phases   ] GC(53)   Other: 0.06ms
[2026-07-01T01:54:45.499+0000][25.962s][info][gc,heap     ] GC(53) Eden regions: 99->0(99)
[2026-07-01T01:54:45.499+0000][25.962s][info][gc,heap     ] GC(53) Survivor regions: 6->6(14)
[2026-07-01T01:54:45.499+0000][25.962s][info][gc,heap     ] GC(53) Old regions: 153->153
[2026-07-01T01:54:45.499+0000][25.962s][info][gc,heap     ] GC(53) Humongous regions: 3->3
[2026-07-01T01:54:45.499+0000][25.962s][info][gc,metaspace] GC(53) Metaspace: 41584K(42432K)->41584K(42432K) NonClass: 36446K(36864K)->36446K(36864K) Class: 5138K(5568K)->5138K(5568K)
[2026-07-01T01:54:45.499+0000][25.962s][info][gc          ] GC(53) Pause Young (Normal) (G1 Evacuation Pause) 260M->161M(276M) 12.034ms
[2026-07-01T01:54:45.499+0000][25.962s][info][gc,cpu      ] GC(53) User=0.03s Sys=0.00s Real=0.02s
[2026-07-01T01:54:45.502+0000][25.965s][info][gc,marking  ] GC(52) Concurrent Rebuild Remembered Sets and Scrub Regions 470.177ms
[2026-07-01T01:54:45.532+0000][25.995s][info][gc,start    ] GC(52) Pause Cleanup
[2026-07-01T01:54:45.532+0000][25.996s][info][gc          ] GC(52) Pause Cleanup 166M->166M(276M) 0.212ms
[2026-07-01T01:54:45.532+0000][25.996s][info][gc,cpu      ] GC(52) User=0.00s Sys=0.00s Real=0.00s
[2026-07-01T01:54:45.538+0000][26.002s][info][gc,marking  ] GC(52) Concurrent Clear Claimed Marks
[2026-07-01T01:54:45.538+0000][26.002s][info][gc,marking  ] GC(52) Concurrent Clear Claimed Marks 0.097ms
[2026-07-01T01:54:45.538+0000][26.002s][info][gc,marking  ] GC(52) Concurrent Cleanup for Next Mark
[2026-07-01T01:54:45.540+0000][26.003s][info][gc,marking  ] GC(52) Concurrent Cleanup for Next Mark 1.175ms
[2026-07-01T01:54:45.540+0000][26.003s][info][gc          ] GC(52) Concurrent Mark Cycle 1364.537ms
[2026-07-01T01:54:46.346+0000][26.809s][info][gc,start    ] GC(54) Pause Young (Prepare Mixed) (G1 Evacuation Pause)
[2026-07-01T01:54:46.346+0000][26.809s][info][gc,task     ] GC(54) Using 2 workers of 2 for evacuation
[2026-07-01T01:54:46.359+0000][26.822s][info][gc,phases   ] GC(54)   Pre Evacuate Collection Set: 0.14ms
[2026-07-01T01:54:46.359+0000][26.822s][info][gc,phases   ] GC(54)   Merge Heap Roots: 0.24ms
[2026-07-01T01:54:46.359+0000][26.822s][info][gc,phases   ] GC(54)   Evacuate Collection Set: 12.32ms
[2026-07-01T01:54:46.359+0000][26.822s][info][gc,phases   ] GC(54)   Post Evacuate Collection Set: 0.52ms
[2026-07-01T01:54:46.359+0000][26.822s][info][gc,phases   ] GC(54)   Other: 0.05ms
[2026-07-01T01:54:46.359+0000][26.822s][info][gc,heap     ] GC(54) Eden regions: 99->0(97)
[2026-07-01T01:54:46.359+0000][26.822s][info][gc,heap     ] GC(54) Survivor regions: 6->7(14)
[2026-07-01T01:54:46.359+0000][26.822s][info][gc,heap     ] GC(54) Old regions: 153->154
[2026-07-01T01:54:46.359+0000][26.822s][info][gc,heap     ] GC(54) Humongous regions: 3->3
[2026-07-01T01:54:46.359+0000][26.822s][info][gc,metaspace] GC(54) Metaspace: 41585K(42432K)->41585K(42432K) NonClass: 36446K(36864K)->36446K(36864K) Class: 5138K(5568K)->5138K(5568K)
[2026-07-01T01:54:46.359+0000][26.822s][info][gc          ] GC(54) Pause Young (Prepare Mixed) (G1 Evacuation Pause) 260M->162M(276M) 13.467ms
[2026-07-01T01:54:46.359+0000][26.823s][info][gc,cpu      ] GC(54) User=0.04s Sys=0.00s Real=0.02s
[2026-07-01T01:54:47.365+0000][27.829s][info][gc,start    ] GC(55) Pause Young (Mixed) (G1 Evacuation Pause)
[2026-07-01T01:54:47.365+0000][27.829s][info][gc,task     ] GC(55) Using 2 workers of 2 for evacuation
[2026-07-01T01:54:47.397+0000][27.861s][info][gc,phases   ] GC(55)   Pre Evacuate Collection Set: 0.17ms
[2026-07-01T01:54:47.397+0000][27.861s][info][gc,phases   ] GC(55)   Merge Heap Roots: 0.27ms
[2026-07-01T01:54:47.397+0000][27.861s][info][gc,phases   ] GC(55)   Evacuate Collection Set: 31.00ms
[2026-07-01T01:54:47.397+0000][27.861s][info][gc,phases   ] GC(55)   Post Evacuate Collection Set: 0.59ms
[2026-07-01T01:54:47.397+0000][27.861s][info][gc,phases   ] GC(55)   Other: 0.06ms
[2026-07-01T01:54:47.397+0000][27.861s][info][gc,heap     ] GC(55) Eden regions: 97->0(99)
[2026-07-01T01:54:47.397+0000][27.861s][info][gc,heap     ] GC(55) Survivor regions: 7->6(13)
[2026-07-01T01:54:47.397+0000][27.861s][info][gc,heap     ] GC(55) Old regions: 154->153
[2026-07-01T01:54:47.397+0000][27.861s][info][gc,heap     ] GC(55) Humongous regions: 3->3
[2026-07-01T01:54:47.397+0000][27.861s][info][gc,metaspace] GC(55) Metaspace: 41588K(42432K)->41588K(42432K) NonClass: 36450K(36864K)->36450K(36864K) Class: 5138K(5568K)->5138K(5568K)
[2026-07-01T01:54:47.397+0000][27.861s][info][gc          ] GC(55) Pause Young (Mixed) (G1 Evacuation Pause) 259M->161M(276M) 32.293ms
[2026-07-01T01:54:47.397+0000][27.861s][info][gc,cpu      ] GC(55) User=0.03s Sys=0.00s Real=0.03s
[2026-07-01T01:54:48.522+0000][28.985s][info][gc,start    ] GC(56) Pause Young (Concurrent Start) (G1 Evacuation Pause)
[2026-07-01T01:54:48.522+0000][28.985s][info][gc,task     ] GC(56) Using 2 workers of 2 for evacuation
[2026-07-01T01:54:48.533+0000][28.997s][info][gc,phases   ] GC(56)   Pre Evacuate Collection Set: 0.15ms
[2026-07-01T01:54:48.533+0000][28.997s][info][gc,phases   ] GC(56)   Merge Heap Roots: 0.23ms
[2026-07-01T01:54:48.533+0000][28.997s][info][gc,phases   ] GC(56)   Evacuate Collection Set: 10.73ms
[2026-07-01T01:54:48.533+0000][28.997s][info][gc,phases   ] GC(56)   Post Evacuate Collection Set: 0.49ms
[2026-07-01T01:54:48.533+0000][28.997s][info][gc,phases   ] GC(56)   Other: 0.08ms
[2026-07-01T01:54:48.533+0000][28.997s][info][gc,heap     ] GC(56) Eden regions: 99->0(98)
[2026-07-01T01:54:48.533+0000][28.997s][info][gc,heap     ] GC(56) Survivor regions: 6->7(14)
[2026-07-01T01:54:48.533+0000][28.997s][info][gc,heap     ] GC(56) Old regions: 153->153
[2026-07-01T01:54:48.533+0000][28.997s][info][gc,heap     ] GC(56) Humongous regions: 3->3
[2026-07-01T01:54:48.533+0000][28.997s][info][gc,metaspace] GC(56) Metaspace: 41601K(42432K)->41601K(42432K) NonClass: 36463K(36864K)->36463K(36864K) Class: 5138K(5568K)->5138K(5568K)
[2026-07-01T01:54:48.533+0000][28.997s][info][gc          ] GC(56) Pause Young (Concurrent Start) (G1 Evacuation Pause) 260M->162M(276M) 11.823ms
[2026-07-01T01:54:48.533+0000][28.997s][info][gc          ] GC(57) Concurrent Mark Cycle
[2026-07-01T01:54:48.533+0000][28.997s][info][gc,marking  ] GC(57) Concurrent Scan Root Regions
[2026-07-01T01:54:48.533+0000][28.997s][info][gc,cpu      ] GC(56) User=0.03s Sys=0.00s Real=0.01s
[2026-07-01T01:54:48.566+0000][29.030s][info][gc,marking  ] GC(57) Concurrent Scan Root Regions 32.922ms
[2026-07-01T01:54:48.566+0000][29.030s][info][gc,marking  ] GC(57) Concurrent Mark
[2026-07-01T01:54:48.566+0000][29.030s][info][gc,marking  ] GC(57) Concurrent Mark From Roots
[2026-07-01T01:54:48.566+0000][29.030s][info][gc,task     ] GC(57) Using 1 workers of 1 for marking
[2026-07-01T01:54:49.407+0000][29.870s][info][gc,marking  ] GC(57) Concurrent Mark From Roots 840.367ms
[2026-07-01T01:54:49.407+0000][29.870s][info][gc,marking  ] GC(57) Concurrent Preclean
[2026-07-01T01:54:49.407+0000][29.871s][info][gc,marking  ] GC(57) Concurrent Preclean 0.241ms
[2026-07-01T01:54:49.407+0000][29.871s][info][gc,start    ] GC(57) Pause Remark
[2026-07-01T01:54:49.415+0000][29.879s][info][gc          ] GC(57) Pause Remark 244M->244M(276M) 7.855ms
[2026-07-01T01:54:49.415+0000][29.879s][info][gc,cpu      ] GC(57) User=0.01s Sys=0.00s Real=0.01s
[2026-07-01T01:54:49.417+0000][29.880s][info][gc,marking  ] GC(57) Concurrent Mark 850.569ms
[2026-07-01T01:54:49.417+0000][29.880s][info][gc,marking  ] GC(57) Concurrent Rebuild Remembered Sets and Scrub Regions
[2026-07-01T01:54:49.600+0000][30.064s][info][gc,start    ] GC(58) Pause Young (Normal) (G1 Evacuation Pause)
[2026-07-01T01:54:49.600+0000][30.064s][info][gc,task     ] GC(58) Using 2 workers of 2 for evacuation
[2026-07-01T01:54:49.613+0000][30.076s][info][gc,phases   ] GC(58)   Pre Evacuate Collection Set: 0.15ms
[2026-07-01T01:54:49.613+0000][30.076s][info][gc,phases   ] GC(58)   Merge Heap Roots: 0.45ms
[2026-07-01T01:54:49.613+0000][30.076s][info][gc,phases   ] GC(58)   Evacuate Collection Set: 11.23ms
[2026-07-01T01:54:49.613+0000][30.076s][info][gc,phases   ] GC(58)   Post Evacuate Collection Set: 0.45ms
[2026-07-01T01:54:49.613+0000][30.076s][info][gc,phases   ] GC(58)   Other: 0.07ms
[2026-07-01T01:54:49.613+0000][30.076s][info][gc,heap     ] GC(58) Eden regions: 98->0(97)
[2026-07-01T01:54:49.613+0000][30.076s][info][gc,heap     ] GC(58) Survivor regions: 7->7(14)
[2026-07-01T01:54:49.613+0000][30.076s][info][gc,heap     ] GC(58) Old regions: 153->154
[2026-07-01T01:54:49.613+0000][30.076s][info][gc,heap     ] GC(58) Humongous regions: 3->3
[2026-07-01T01:54:49.613+0000][30.076s][info][gc,metaspace] GC(58) Metaspace: 41603K(42432K)->41603K(42432K) NonClass: 36465K(36864K)->36465K(36864K) Class: 5138K(5568K)->5138K(5568K)
[2026-07-01T01:54:49.613+0000][30.076s][info][gc          ] GC(58) Pause Young (Normal) (G1 Evacuation Pause) 260M->162M(276M) 12.499ms
[2026-07-01T01:54:49.613+0000][30.076s][info][gc,cpu      ] GC(58) User=0.02s Sys=0.00s Real=0.01s
[2026-07-01T01:54:49.625+0000][30.088s][info][gc,marking  ] GC(57) Concurrent Rebuild Remembered Sets and Scrub Regions 207.656ms
[2026-07-01T01:54:49.627+0000][30.090s][info][gc,start    ] GC(57) Pause Cleanup
[2026-07-01T01:54:49.627+0000][30.091s][info][gc          ] GC(57) Pause Cleanup 165M->165M(276M) 0.246ms
[2026-07-01T01:54:49.627+0000][30.091s][info][gc,cpu      ] GC(57) User=0.00s Sys=0.00s Real=0.00s
[2026-07-01T01:54:49.631+0000][30.094s][info][gc,marking  ] GC(57) Concurrent Clear Claimed Marks
[2026-07-01T01:54:49.631+0000][30.095s][info][gc,marking  ] GC(57) Concurrent Clear Claimed Marks 0.112ms
[2026-07-01T01:54:49.631+0000][30.095s][info][gc,marking  ] GC(57) Concurrent Cleanup for Next Mark
[2026-07-01T01:54:49.632+0000][30.095s][info][gc,marking  ] GC(57) Concurrent Cleanup for Next Mark 0.638ms
[2026-07-01T01:54:49.632+0000][30.095s][info][gc          ] GC(57) Concurrent Mark Cycle 1098.342ms
[2026-07-01T01:54:50.414+0000][30.878s][info][gc,start    ] GC(59) Pause Young (Prepare Mixed) (G1 Evacuation Pause)
[2026-07-01T01:54:50.415+0000][30.878s][info][gc,task     ] GC(59) Using 2 workers of 2 for evacuation
[2026-07-01T01:54:50.426+0000][30.889s][info][gc,phases   ] GC(59)   Pre Evacuate Collection Set: 0.13ms
[2026-07-01T01:54:50.426+0000][30.889s][info][gc,phases   ] GC(59)   Merge Heap Roots: 0.20ms
[2026-07-01T01:54:50.426+0000][30.890s][info][gc,phases   ] GC(59)   Evacuate Collection Set: 10.71ms
[2026-07-01T01:54:50.426+0000][30.890s][info][gc,phases   ] GC(59)   Post Evacuate Collection Set: 0.37ms
[2026-07-01T01:54:50.426+0000][30.890s][info][gc,phases   ] GC(59)   Other: 0.05ms
[2026-07-01T01:54:50.426+0000][30.890s][info][gc,heap     ] GC(59) Eden regions: 97->0(97)
[2026-07-01T01:54:50.426+0000][30.890s][info][gc,heap     ] GC(59) Survivor regions: 7->7(13)
[2026-07-01T01:54:50.426+0000][30.890s][info][gc,heap     ] GC(59) Old regions: 154->154
[2026-07-01T01:54:50.426+0000][30.890s][info][gc,heap     ] GC(59) Humongous regions: 3->3
[2026-07-01T01:54:50.426+0000][30.890s][info][gc,metaspace] GC(59) Metaspace: 41605K(42432K)->41605K(42432K) NonClass: 36467K(36864K)->36467K(36864K) Class: 5138K(5568K)->5138K(5568K)
[2026-07-01T01:54:50.426+0000][30.890s][info][gc          ] GC(59) Pause Young (Prepare Mixed) (G1 Evacuation Pause) 259M->162M(276M) 11.644ms
[2026-07-01T01:54:50.426+0000][30.890s][info][gc,cpu      ] GC(59) User=0.03s Sys=0.00s Real=0.01s
[2026-07-01T01:54:51.198+0000][31.661s][info][gc,start    ] GC(60) Pause Young (Mixed) (G1 Evacuation Pause)
[2026-07-01T01:54:51.198+0000][31.661s][info][gc,task     ] GC(60) Using 2 workers of 2 for evacuation
[2026-07-01T01:54:51.212+0000][31.675s][info][gc,phases   ] GC(60)   Pre Evacuate Collection Set: 0.16ms
[2026-07-01T01:54:51.212+0000][31.675s][info][gc,phases   ] GC(60)   Merge Heap Roots: 0.22ms
[2026-07-01T01:54:51.212+0000][31.675s][info][gc,phases   ] GC(60)   Evacuate Collection Set: 13.15ms
[2026-07-01T01:54:51.212+0000][31.675s][info][gc,phases   ] GC(60)   Post Evacuate Collection Set: 0.48ms
[2026-07-01T01:54:51.212+0000][31.675s][info][gc,phases   ] GC(60)   Other: 0.05ms
[2026-07-01T01:54:51.212+0000][31.675s][info][gc,heap     ] GC(60) Eden regions: 97->0(97)
[2026-07-01T01:54:51.212+0000][31.675s][info][gc,heap     ] GC(60) Survivor regions: 7->7(13)
[2026-07-01T01:54:51.212+0000][31.675s][info][gc,heap     ] GC(60) Old regions: 154->154
[2026-07-01T01:54:51.212+0000][31.675s][info][gc,heap     ] GC(60) Humongous regions: 3->3
[2026-07-01T01:54:51.212+0000][31.676s][info][gc,metaspace] GC(60) Metaspace: 41610K(42432K)->41610K(42432K) NonClass: 36471K(36864K)->36471K(36864K) Class: 5138K(5568K)->5138K(5568K)
[2026-07-01T01:54:51.212+0000][31.676s][info][gc          ] GC(60) Pause Young (Mixed) (G1 Evacuation Pause) 259M->162M(276M) 14.237ms
[2026-07-01T01:54:51.212+0000][31.676s][info][gc,cpu      ] GC(60) User=0.03s Sys=0.00s Real=0.02s
[2026-07-01T01:54:52.285+0000][32.749s][info][gc,start    ] GC(61) Pause Young (Concurrent Start) (G1 Evacuation Pause)
[2026-07-01T01:54:52.285+0000][32.749s][info][gc,task     ] GC(61) Using 2 workers of 2 for evacuation
[2026-07-01T01:54:52.317+0000][32.781s][info][gc,phases   ] GC(61)   Pre Evacuate Collection Set: 0.17ms
[2026-07-01T01:54:52.317+0000][32.781s][info][gc,phases   ] GC(61)   Merge Heap Roots: 0.27ms
[2026-07-01T01:54:52.317+0000][32.781s][info][gc,phases   ] GC(61)   Evacuate Collection Set: 30.78ms
[2026-07-01T01:54:52.317+0000][32.781s][info][gc,phases   ] GC(61)   Post Evacuate Collection Set: 0.69ms
[2026-07-01T01:54:52.317+0000][32.781s][info][gc,phases   ] GC(61)   Other: 0.07ms
[2026-07-01T01:54:52.317+0000][32.781s][info][gc,heap     ] GC(61) Eden regions: 97->0(97)
[2026-07-01T01:54:52.317+0000][32.781s][info][gc,heap     ] GC(61) Survivor regions: 7->7(13)
[2026-07-01T01:54:52.317+0000][32.781s][info][gc,heap     ] GC(61) Old regions: 154->154
[2026-07-01T01:54:52.317+0000][32.781s][info][gc,heap     ] GC(61) Humongous regions: 3->3
[2026-07-01T01:54:52.317+0000][32.781s][info][gc,metaspace] GC(61) Metaspace: 41610K(42432K)->41610K(42432K) NonClass: 36471K(36864K)->36471K(36864K) Class: 5138K(5568K)->5138K(5568K)
[2026-07-01T01:54:52.317+0000][32.781s][info][gc          ] GC(61) Pause Young (Concurrent Start) (G1 Evacuation Pause) 259M->163M(276M) 32.164ms
[2026-07-01T01:54:52.318+0000][32.781s][info][gc          ] GC(62) Concurrent Mark Cycle
[2026-07-01T01:54:52.318+0000][32.781s][info][gc,cpu      ] GC(61) User=0.04s Sys=0.00s Real=0.03s
[2026-07-01T01:54:52.318+0000][32.781s][info][gc,marking  ] GC(62) Concurrent Scan Root Regions
[2026-07-01T01:54:52.329+0000][32.793s][info][gc,marking  ] GC(62) Concurrent Scan Root Regions 11.574ms
[2026-07-01T01:54:52.329+0000][32.793s][info][gc,marking  ] GC(62) Concurrent Mark
[2026-07-01T01:54:52.329+0000][32.793s][info][gc,marking  ] GC(62) Concurrent Mark From Roots
[2026-07-01T01:54:52.329+0000][32.793s][info][gc,task     ] GC(62) Using 1 workers of 1 for marking
[2026-07-01T01:54:52.726+0000][33.190s][info][gc,marking  ] GC(62) Concurrent Mark From Roots 397.254ms
[2026-07-01T01:54:52.726+0000][33.190s][info][gc,marking  ] GC(62) Concurrent Preclean
[2026-07-01T01:54:52.727+0000][33.190s][info][gc,marking  ] GC(62) Concurrent Preclean 0.064ms
[2026-07-01T01:54:52.727+0000][33.190s][info][gc,start    ] GC(62) Pause Remark
[2026-07-01T01:54:52.756+0000][33.220s][info][gc          ] GC(62) Pause Remark 191M->191M(276M) 29.379ms
[2026-07-01T01:54:52.756+0000][33.220s][info][gc,cpu      ] GC(62) User=0.02s Sys=0.00s Real=0.03s
[2026-07-01T01:54:52.764+0000][33.228s][info][gc,marking  ] GC(62) Concurrent Mark 435.217ms
[2026-07-01T01:54:52.764+0000][33.228s][info][gc,marking  ] GC(62) Concurrent Rebuild Remembered Sets and Scrub Regions
[2026-07-01T01:54:52.890+0000][33.353s][info][gc,marking  ] GC(62) Concurrent Rebuild Remembered Sets and Scrub Regions 125.430ms
[2026-07-01T01:54:52.890+0000][33.353s][info][gc,start    ] GC(62) Pause Cleanup
[2026-07-01T01:54:52.890+0000][33.354s][info][gc          ] GC(62) Pause Cleanup 201M->201M(276M) 0.206ms
[2026-07-01T01:54:52.890+0000][33.354s][info][gc,cpu      ] GC(62) User=0.00s Sys=0.00s Real=0.00s
[2026-07-01T01:54:52.891+0000][33.355s][info][gc,marking  ] GC(62) Concurrent Clear Claimed Marks
[2026-07-01T01:54:52.891+0000][33.355s][info][gc,marking  ] GC(62) Concurrent Clear Claimed Marks 0.098ms
[2026-07-01T01:54:52.891+0000][33.355s][info][gc,marking  ] GC(62) Concurrent Cleanup for Next Mark
[2026-07-01T01:54:52.896+0000][33.359s][info][gc,marking  ] GC(62) Concurrent Cleanup for Next Mark 4.026ms
[2026-07-01T01:54:52.896+0000][33.359s][info][gc          ] GC(62) Concurrent Mark Cycle 578.044ms
[2026-07-01T01:54:53.455+0000][33.918s][info][gc,start    ] GC(63) Pause Young (Prepare Mixed) (G1 Evacuation Pause)
[2026-07-01T01:54:53.455+0000][33.918s][info][gc,task     ] GC(63) Using 2 workers of 2 for evacuation
[2026-07-01T01:54:53.486+0000][33.949s][info][gc,phases   ] GC(63)   Pre Evacuate Collection Set: 1.22ms
[2026-07-01T01:54:53.486+0000][33.949s][info][gc,phases   ] GC(63)   Merge Heap Roots: 0.64ms
[2026-07-01T01:54:53.486+0000][33.949s][info][gc,phases   ] GC(63)   Evacuate Collection Set: 28.34ms
[2026-07-01T01:54:53.486+0000][33.949s][info][gc,phases   ] GC(63)   Post Evacuate Collection Set: 0.43ms
[2026-07-01T01:54:53.486+0000][33.949s][info][gc,phases   ] GC(63)   Other: 0.06ms
[2026-07-01T01:54:53.486+0000][33.949s][info][gc,heap     ] GC(63) Eden regions: 97->0(97)
[2026-07-01T01:54:53.486+0000][33.949s][info][gc,heap     ] GC(63) Survivor regions: 7->7(13)
[2026-07-01T01:54:53.486+0000][33.949s][info][gc,heap     ] GC(63) Old regions: 154->154
[2026-07-01T01:54:53.486+0000][33.949s][info][gc,heap     ] GC(63) Humongous regions: 3->3
[2026-07-01T01:54:53.486+0000][33.949s][info][gc,metaspace] GC(63) Metaspace: 41610K(42496K)->41610K(42496K) NonClass: 36472K(36928K)->36472K(36928K) Class: 5138K(5568K)->5138K(5568K)
[2026-07-01T01:54:53.486+0000][33.949s][info][gc          ] GC(63) Pause Young (Prepare Mixed) (G1 Evacuation Pause) 260M->163M(276M) 30.833ms
[2026-07-01T01:54:53.486+0000][33.949s][info][gc,cpu      ] GC(63) User=0.02s Sys=0.01s Real=0.03s
[2026-07-01T01:54:54.421+0000][34.884s][info][gc,start    ] GC(64) Pause Young (Mixed) (G1 Evacuation Pause)
[2026-07-01T01:54:54.421+0000][34.884s][info][gc,task     ] GC(64) Using 2 workers of 2 for evacuation
[2026-07-01T01:54:54.435+0000][34.899s][info][gc,phases   ] GC(64)   Pre Evacuate Collection Set: 0.20ms
[2026-07-01T01:54:54.435+0000][34.899s][info][gc,phases   ] GC(64)   Merge Heap Roots: 0.40ms
[2026-07-01T01:54:54.435+0000][34.899s][info][gc,phases   ] GC(64)   Evacuate Collection Set: 13.62ms
[2026-07-01T01:54:54.435+0000][34.899s][info][gc,phases   ] GC(64)   Post Evacuate Collection Set: 0.42ms
[2026-07-01T01:54:54.435+0000][34.899s][info][gc,phases   ] GC(64)   Other: 0.08ms
[2026-07-01T01:54:54.435+0000][34.899s][info][gc,heap     ] GC(64) Eden regions: 97->0(97)
[2026-07-01T01:54:54.435+0000][34.899s][info][gc,heap     ] GC(64) Survivor regions: 7->7(13)
[2026-07-01T01:54:54.435+0000][34.899s][info][gc,heap     ] GC(64) Old regions: 154->154
[2026-07-01T01:54:54.435+0000][34.899s][info][gc,heap     ] GC(64) Humongous regions: 3->3
[2026-07-01T01:54:54.435+0000][34.899s][info][gc,metaspace] GC(64) Metaspace: 41610K(42496K)->41610K(42496K) NonClass: 36472K(36928K)->36472K(36928K) Class: 5138K(5568K)->5138K(5568K)
[2026-07-01T01:54:54.435+0000][34.899s][info][gc          ] GC(64) Pause Young (Mixed) (G1 Evacuation Pause) 260M->163M(276M) 14.888ms
[2026-07-01T01:54:54.435+0000][34.899s][info][gc,cpu      ] GC(64) User=0.03s Sys=0.00s Real=0.01s
[2026-07-01T01:54:55.309+0000][35.772s][info][gc,start    ] GC(65) Pause Young (Concurrent Start) (G1 Evacuation Pause)
[2026-07-01T01:54:55.309+0000][35.772s][info][gc,task     ] GC(65) Using 2 workers of 2 for evacuation
[2026-07-01T01:54:55.327+0000][35.790s][info][gc,phases   ] GC(65)   Pre Evacuate Collection Set: 0.20ms
[2026-07-01T01:54:55.327+0000][35.790s][info][gc,phases   ] GC(65)   Merge Heap Roots: 0.32ms
[2026-07-01T01:54:55.327+0000][35.790s][info][gc,phases   ] GC(65)   Evacuate Collection Set: 16.72ms
[2026-07-01T01:54:55.327+0000][35.790s][info][gc,phases   ] GC(65)   Post Evacuate Collection Set: 0.48ms
[2026-07-01T01:54:55.327+0000][35.790s][info][gc,phases   ] GC(65)   Other: 0.10ms
[2026-07-01T01:54:55.327+0000][35.790s][info][gc,heap     ] GC(65) Eden regions: 97->0(96)
[2026-07-01T01:54:55.327+0000][35.790s][info][gc,heap     ] GC(65) Survivor regions: 7->7(13)
[2026-07-01T01:54:55.327+0000][35.790s][info][gc,heap     ] GC(65) Old regions: 154->155
[2026-07-01T01:54:55.327+0000][35.790s][info][gc,heap     ] GC(65) Humongous regions: 3->3
[2026-07-01T01:54:55.327+0000][35.790s][info][gc,metaspace] GC(65) Metaspace: 41610K(42496K)->41610K(42496K) NonClass: 36472K(36928K)->36472K(36928K) Class: 5138K(5568K)->5138K(5568K)
[2026-07-01T01:54:55.327+0000][35.790s][info][gc          ] GC(65) Pause Young (Concurrent Start) (G1 Evacuation Pause) 260M->163M(276M) 18.035ms
[2026-07-01T01:54:55.327+0000][35.790s][info][gc          ] GC(66) Concurrent Mark Cycle
[2026-07-01T01:54:55.327+0000][35.790s][info][gc,marking  ] GC(66) Concurrent Scan Root Regions
[2026-07-01T01:54:55.327+0000][35.790s][info][gc,cpu      ] GC(65) User=0.05s Sys=0.00s Real=0.01s
[2026-07-01T01:54:55.386+0000][35.849s][info][gc,marking  ] GC(66) Concurrent Scan Root Regions 58.877ms
[2026-07-01T01:54:55.386+0000][35.849s][info][gc,marking  ] GC(66) Concurrent Mark
[2026-07-01T01:54:55.386+0000][35.849s][info][gc,marking  ] GC(66) Concurrent Mark From Roots
[2026-07-01T01:54:55.386+0000][35.849s][info][gc,task     ] GC(66) Using 1 workers of 1 for marking
[2026-07-01T01:54:56.066+0000][36.530s][info][gc,marking  ] GC(66) Concurrent Mark From Roots 680.484ms
[2026-07-01T01:54:56.066+0000][36.530s][info][gc,marking  ] GC(66) Concurrent Preclean
[2026-07-01T01:54:56.066+0000][36.530s][info][gc,marking  ] GC(66) Concurrent Preclean 0.096ms
[2026-07-01T01:54:56.086+0000][36.550s][info][gc,start    ] GC(66) Pause Remark
[2026-07-01T01:54:56.092+0000][36.556s][info][gc          ] GC(66) Pause Remark 237M->237M(276M) 5.765ms
[2026-07-01T01:54:56.092+0000][36.556s][info][gc,cpu      ] GC(66) User=0.01s Sys=0.00s Real=0.01s
[2026-07-01T01:54:56.095+0000][36.559s][info][gc,marking  ] GC(66) Concurrent Mark 709.674ms
[2026-07-01T01:54:56.096+0000][36.559s][info][gc,marking  ] GC(66) Concurrent Rebuild Remembered Sets and Scrub Regions
[2026-07-01T01:54:56.260+0000][36.724s][info][gc,start    ] GC(67) Pause Young (Normal) (G1 Evacuation Pause)
[2026-07-01T01:54:56.260+0000][36.724s][info][gc,task     ] GC(67) Using 2 workers of 2 for evacuation
[2026-07-01T01:54:56.295+0000][36.759s][info][gc,phases   ] GC(67)   Pre Evacuate Collection Set: 0.33ms
[2026-07-01T01:54:56.295+0000][36.759s][info][gc,phases   ] GC(67)   Merge Heap Roots: 0.39ms
[2026-07-01T01:54:56.295+0000][36.759s][info][gc,phases   ] GC(67)   Evacuate Collection Set: 33.53ms
[2026-07-01T01:54:56.295+0000][36.759s][info][gc,phases   ] GC(67)   Post Evacuate Collection Set: 0.47ms
[2026-07-01T01:54:56.295+0000][36.759s][info][gc,phases   ] GC(67)   Other: 0.05ms
[2026-07-01T01:54:56.295+0000][36.759s][info][gc,heap     ] GC(67) Eden regions: 96->0(96)
[2026-07-01T01:54:56.295+0000][36.759s][info][gc,heap     ] GC(67) Survivor regions: 7->7(13)
[2026-07-01T01:54:56.295+0000][36.759s][info][gc,heap     ] GC(67) Old regions: 155->155
[2026-07-01T01:54:56.295+0000][36.759s][info][gc,heap     ] GC(67) Humongous regions: 3->3
[2026-07-01T01:54:56.295+0000][36.759s][info][gc,metaspace] GC(67) Metaspace: 41610K(42496K)->41610K(42496K) NonClass: 36472K(36928K)->36472K(36928K) Class: 5138K(5568K)->5138K(5568K)
[2026-07-01T01:54:56.295+0000][36.759s][info][gc          ] GC(67) Pause Young (Normal) (G1 Evacuation Pause) 259M->163M(276M) 34.976ms
[2026-07-01T01:54:56.295+0000][36.759s][info][gc,cpu      ] GC(67) User=0.04s Sys=0.00s Real=0.03s
[2026-07-01T01:54:56.423+0000][36.886s][info][gc,marking  ] GC(66) Concurrent Rebuild Remembered Sets and Scrub Regions 327.357ms
[2026-07-01T01:54:56.438+0000][36.901s][info][gc,start    ] GC(66) Pause Cleanup
[2026-07-01T01:54:56.438+0000][36.902s][info][gc          ] GC(66) Pause Cleanup 177M->177M(276M) 0.216ms
[2026-07-01T01:54:56.438+0000][36.902s][info][gc,cpu      ] GC(66) User=0.00s Sys=0.00s Real=0.01s
[2026-07-01T01:54:56.438+0000][36.902s][info][gc,marking  ] GC(66) Concurrent Clear Claimed Marks
[2026-07-01T01:54:56.438+0000][36.902s][info][gc,marking  ] GC(66) Concurrent Clear Claimed Marks 0.113ms
[2026-07-01T01:54:56.438+0000][36.902s][info][gc,marking  ] GC(66) Concurrent Cleanup for Next Mark
[2026-07-01T01:54:56.439+0000][36.903s][info][gc,marking  ] GC(66) Concurrent Cleanup for Next Mark 0.722ms
[2026-07-01T01:54:56.439+0000][36.903s][info][gc          ] GC(66) Concurrent Mark Cycle 1112.237ms
[2026-07-01T01:54:57.131+0000][37.594s][info][gc,start    ] GC(68) Pause Young (Prepare Mixed) (G1 Evacuation Pause)
[2026-07-01T01:54:57.131+0000][37.594s][info][gc,task     ] GC(68) Using 2 workers of 2 for evacuation
[2026-07-01T01:54:57.149+0000][37.612s][info][gc,phases   ] GC(68)   Pre Evacuate Collection Set: 0.22ms
[2026-07-01T01:54:57.149+0000][37.612s][info][gc,phases   ] GC(68)   Merge Heap Roots: 0.37ms
[2026-07-01T01:54:57.149+0000][37.612s][info][gc,phases   ] GC(68)   Evacuate Collection Set: 16.80ms
[2026-07-01T01:54:57.149+0000][37.612s][info][gc,phases   ] GC(68)   Post Evacuate Collection Set: 0.47ms
[2026-07-01T01:54:57.149+0000][37.612s][info][gc,phases   ] GC(68)   Other: 0.08ms
[2026-07-01T01:54:57.149+0000][37.612s][info][gc,heap     ] GC(68) Eden regions: 96->0(96)
[2026-07-01T01:54:57.149+0000][37.612s][info][gc,heap     ] GC(68) Survivor regions: 7->7(13)
[2026-07-01T01:54:57.149+0000][37.612s][info][gc,heap     ] GC(68) Old regions: 155->155
[2026-07-01T01:54:57.149+0000][37.612s][info][gc,heap     ] GC(68) Humongous regions: 3->3
[2026-07-01T01:54:57.149+0000][37.612s][info][gc,metaspace] GC(68) Metaspace: 41610K(42496K)->41610K(42496K) NonClass: 36472K(36928K)->36472K(36928K) Class: 5138K(5568K)->5138K(5568K)
[2026-07-01T01:54:57.149+0000][37.612s][info][gc          ] GC(68) Pause Young (Prepare Mixed) (G1 Evacuation Pause) 259M->164M(276M) 18.130ms
[2026-07-01T01:54:57.149+0000][37.612s][info][gc,cpu      ] GC(68) User=0.03s Sys=0.00s Real=0.02s
[2026-07-01T01:54:57.934+0000][38.397s][info][gc,start    ] GC(69) Pause Young (Mixed) (G1 Evacuation Pause)
[2026-07-01T01:54:57.934+0000][38.397s][info][gc,task     ] GC(69) Using 2 workers of 2 for evacuation
[2026-07-01T01:54:57.953+0000][38.416s][info][gc,phases   ] GC(69)   Pre Evacuate Collection Set: 0.13ms
[2026-07-01T01:54:57.953+0000][38.416s][info][gc,phases   ] GC(69)   Merge Heap Roots: 0.25ms
[2026-07-01T01:54:57.953+0000][38.416s][info][gc,phases   ] GC(69)   Evacuate Collection Set: 18.11ms
[2026-07-01T01:54:57.953+0000][38.416s][info][gc,phases   ] GC(69)   Post Evacuate Collection Set: 0.47ms
[2026-07-01T01:54:57.953+0000][38.416s][info][gc,phases   ] GC(69)   Other: 0.06ms
[2026-07-01T01:54:57.953+0000][38.416s][info][gc,heap     ] GC(69) Eden regions: 96->0(96)
[2026-07-01T01:54:57.953+0000][38.416s][info][gc,heap     ] GC(69) Survivor regions: 7->7(13)
[2026-07-01T01:54:57.953+0000][38.416s][info][gc,heap     ] GC(69) Old regions: 155->155
[2026-07-01T01:54:57.953+0000][38.416s][info][gc,heap     ] GC(69) Humongous regions: 3->3
[2026-07-01T01:54:57.953+0000][38.416s][info][gc,metaspace] GC(69) Metaspace: 41610K(42496K)->41610K(42496K) NonClass: 36472K(36928K)->36472K(36928K) Class: 5138K(5568K)->5138K(5568K)
[2026-07-01T01:54:57.953+0000][38.416s][info][gc          ] GC(69) Pause Young (Mixed) (G1 Evacuation Pause) 260M->164M(276M) 19.182ms
[2026-07-01T01:54:57.953+0000][38.416s][info][gc,cpu      ] GC(69) User=0.06s Sys=0.00s Real=0.02s
[2026-07-01T01:54:58.925+0000][39.389s][info][gc,start    ] GC(70) Pause Young (Concurrent Start) (G1 Evacuation Pause)
[2026-07-01T01:54:58.926+0000][39.389s][info][gc,task     ] GC(70) Using 2 workers of 2 for evacuation
[2026-07-01T01:54:58.946+0000][39.409s][info][gc,phases   ] GC(70)   Pre Evacuate Collection Set: 0.24ms
[2026-07-01T01:54:58.946+0000][39.409s][info][gc,phases   ] GC(70)   Merge Heap Roots: 0.50ms
[2026-07-01T01:54:58.946+0000][39.409s][info][gc,phases   ] GC(70)   Evacuate Collection Set: 18.73ms
[2026-07-01T01:54:58.946+0000][39.409s][info][gc,phases   ] GC(70)   Post Evacuate Collection Set: 0.49ms
[2026-07-01T01:54:58.946+0000][39.409s][info][gc,phases   ] GC(70)   Other: 0.09ms
[2026-07-01T01:54:58.946+0000][39.409s][info][gc,heap     ] GC(70) Eden regions: 96->0(95)
[2026-07-01T01:54:58.946+0000][39.409s][info][gc,heap     ] GC(70) Survivor regions: 7->7(13)
[2026-07-01T01:54:58.946+0000][39.409s][info][gc,heap     ] GC(70) Old regions: 155->156
[2026-07-01T01:54:58.946+0000][39.409s][info][gc,heap     ] GC(70) Humongous regions: 3->3
[2026-07-01T01:54:58.946+0000][39.409s][info][gc,metaspace] GC(70) Metaspace: 41613K(42496K)->41613K(42496K) NonClass: 36475K(36928K)->36475K(36928K) Class: 5138K(5568K)->5138K(5568K)
[2026-07-01T01:54:58.946+0000][39.409s][info][gc          ] GC(70) Pause Young (Concurrent Start) (G1 Evacuation Pause) 260M->165M(276M) 20.218ms
[2026-07-01T01:54:58.946+0000][39.409s][info][gc          ] GC(71) Concurrent Mark Cycle
[2026-07-01T01:54:58.946+0000][39.409s][info][gc,marking  ] GC(71) Concurrent Scan Root Regions
[2026-07-01T01:54:58.946+0000][39.409s][info][gc,cpu      ] GC(70) User=0.04s Sys=0.00s Real=0.02s
[2026-07-01T01:54:58.969+0000][39.432s][info][gc,marking  ] GC(71) Concurrent Scan Root Regions 22.828ms
[2026-07-01T01:54:58.969+0000][39.432s][info][gc,marking  ] GC(71) Concurrent Mark
[2026-07-01T01:54:58.969+0000][39.432s][info][gc,marking  ] GC(71) Concurrent Mark From Roots
[2026-07-01T01:54:58.969+0000][39.432s][info][gc,task     ] GC(71) Using 1 workers of 1 for marking
[2026-07-01T01:54:59.793+0000][40.257s][info][gc,marking  ] GC(71) Concurrent Mark From Roots 824.776ms
[2026-07-01T01:54:59.793+0000][40.257s][info][gc,marking  ] GC(71) Concurrent Preclean
[2026-07-01T01:54:59.794+0000][40.257s][info][gc,marking  ] GC(71) Concurrent Preclean 0.125ms
[2026-07-01T01:54:59.794+0000][40.257s][info][gc,start    ] GC(71) Pause Remark
[2026-07-01T01:54:59.801+0000][40.265s][info][gc          ] GC(71) Pause Remark 256M->256M(276M) 7.534ms
[2026-07-01T01:54:59.802+0000][40.265s][info][gc,cpu      ] GC(71) User=0.02s Sys=0.01s Real=0.01s
[2026-07-01T01:54:59.806+0000][40.269s][info][gc,marking  ] GC(71) Concurrent Mark 837.221ms
[2026-07-01T01:54:59.806+0000][40.270s][info][gc,marking  ] GC(71) Concurrent Rebuild Remembered Sets and Scrub Regions
[2026-07-01T01:54:59.831+0000][40.294s][info][gc,start    ] GC(72) Pause Young (Normal) (G1 Evacuation Pause)
[2026-07-01T01:54:59.831+0000][40.294s][info][gc,task     ] GC(72) Using 2 workers of 2 for evacuation
[2026-07-01T01:54:59.861+0000][40.325s][info][gc,phases   ] GC(72)   Pre Evacuate Collection Set: 0.18ms
[2026-07-01T01:54:59.861+0000][40.325s][info][gc,phases   ] GC(72)   Merge Heap Roots: 1.14ms
[2026-07-01T01:54:59.861+0000][40.325s][info][gc,phases   ] GC(72)   Evacuate Collection Set: 28.72ms
[2026-07-01T01:54:59.861+0000][40.325s][info][gc,phases   ] GC(72)   Post Evacuate Collection Set: 0.60ms
[2026-07-01T01:54:59.861+0000][40.325s][info][gc,phases   ] GC(72)   Other: 0.08ms
[2026-07-01T01:54:59.862+0000][40.325s][info][gc,heap     ] GC(72) Eden regions: 95->0(95)
[2026-07-01T01:54:59.862+0000][40.325s][info][gc,heap     ] GC(72) Survivor regions: 7->7(13)
[2026-07-01T01:54:59.862+0000][40.325s][info][gc,heap     ] GC(72) Old regions: 156->156
[2026-07-01T01:54:59.862+0000][40.325s][info][gc,heap     ] GC(72) Humongous regions: 3->3
[2026-07-01T01:54:59.862+0000][40.325s][info][gc,metaspace] GC(72) Metaspace: 41616K(42496K)->41616K(42496K) NonClass: 36477K(36928K)->36477K(36928K) Class: 5138K(5568K)->5138K(5568K)
[2026-07-01T01:54:59.862+0000][40.325s][info][gc          ] GC(72) Pause Young (Normal) (G1 Evacuation Pause) 260M->164M(276M) 30.925ms
[2026-07-01T01:54:59.862+0000][40.325s][info][gc,cpu      ] GC(72) User=0.04s Sys=0.00s Real=0.03s
[2026-07-01T01:55:00.051+0000][40.514s][info][gc,marking  ] GC(71) Concurrent Rebuild Remembered Sets and Scrub Regions 244.600ms
[2026-07-01T01:55:00.052+0000][40.516s][info][gc,start    ] GC(71) Pause Cleanup
[2026-07-01T01:55:00.053+0000][40.516s][info][gc          ] GC(71) Pause Cleanup 184M->184M(276M) 0.172ms
[2026-07-01T01:55:00.053+0000][40.516s][info][gc,cpu      ] GC(71) User=0.00s Sys=0.00s Real=0.00s
[2026-07-01T01:55:00.055+0000][40.519s][info][gc,marking  ] GC(71) Concurrent Clear Claimed Marks
[2026-07-01T01:55:00.055+0000][40.519s][info][gc,marking  ] GC(71) Concurrent Clear Claimed Marks 0.113ms
[2026-07-01T01:55:00.055+0000][40.519s][info][gc,marking  ] GC(71) Concurrent Cleanup for Next Mark
[2026-07-01T01:55:00.056+0000][40.519s][info][gc,marking  ] GC(71) Concurrent Cleanup for Next Mark 0.459ms
[2026-07-01T01:55:00.056+0000][40.519s][info][gc          ] GC(71) Concurrent Mark Cycle 1110.227ms
[2026-07-01T01:55:00.729+0000][41.193s][info][gc,start    ] GC(73) Pause Young (Prepare Mixed) (G1 Evacuation Pause)
[2026-07-01T01:55:00.729+0000][41.193s][info][gc,task     ] GC(73) Using 2 workers of 2 for evacuation
[2026-07-01T01:55:00.747+0000][41.211s][info][gc,phases   ] GC(73)   Pre Evacuate Collection Set: 0.21ms
[2026-07-01T01:55:00.747+0000][41.211s][info][gc,phases   ] GC(73)   Merge Heap Roots: 0.71ms
[2026-07-01T01:55:00.747+0000][41.211s][info][gc,phases   ] GC(73)   Evacuate Collection Set: 16.30ms
[2026-07-01T01:55:00.747+0000][41.211s][info][gc,phases   ] GC(73)   Post Evacuate Collection Set: 0.43ms
[2026-07-01T01:55:00.747+0000][41.211s][info][gc,phases   ] GC(73)   Other: 0.06ms
[2026-07-01T01:55:00.747+0000][41.211s][info][gc,heap     ] GC(73) Eden regions: 95->0(95)
[2026-07-01T01:55:00.747+0000][41.211s][info][gc,heap     ] GC(73) Survivor regions: 7->7(13)
[2026-07-01T01:55:00.747+0000][41.211s][info][gc,heap     ] GC(73) Old regions: 156->156
[2026-07-01T01:55:00.747+0000][41.211s][info][gc,heap     ] GC(73) Humongous regions: 3->3
[2026-07-01T01:55:00.747+0000][41.211s][info][gc,metaspace] GC(73) Metaspace: 41621K(42496K)->41621K(42496K) NonClass: 36483K(36928K)->36483K(36928K) Class: 5138K(5568K)->5138K(5568K)
[2026-07-01T01:55:00.747+0000][41.211s][info][gc          ] GC(73) Pause Young (Prepare Mixed) (G1 Evacuation Pause) 259M->165M(276M) 17.878ms
[2026-07-01T01:55:00.747+0000][41.211s][info][gc,cpu      ] GC(73) User=0.04s Sys=0.00s Real=0.01s
[2026-07-01T01:55:01.404+0000][41.867s][info][gc,start    ] GC(74) Pause Young (Mixed) (G1 Evacuation Pause)
[2026-07-01T01:55:01.404+0000][41.868s][info][gc,task     ] GC(74) Using 2 workers of 2 for evacuation
[2026-07-01T01:55:01.421+0000][41.885s][info][gc,phases   ] GC(74)   Pre Evacuate Collection Set: 0.16ms
[2026-07-01T01:55:01.421+0000][41.885s][info][gc,phases   ] GC(74)   Merge Heap Roots: 0.42ms
[2026-07-01T01:55:01.421+0000][41.885s][info][gc,phases   ] GC(74)   Evacuate Collection Set: 16.10ms
[2026-07-01T01:55:01.421+0000][41.885s][info][gc,phases   ] GC(74)   Post Evacuate Collection Set: 0.39ms
[2026-07-01T01:55:01.421+0000][41.885s][info][gc,phases   ] GC(74)   Other: 0.05ms
[2026-07-01T01:55:01.421+0000][41.885s][info][gc,heap     ] GC(74) Eden regions: 95->0(95)
[2026-07-01T01:55:01.421+0000][41.885s][info][gc,heap     ] GC(74) Survivor regions: 7->7(13)
[2026-07-01T01:55:01.421+0000][41.885s][info][gc,heap     ] GC(74) Old regions: 156->156
[2026-07-01T01:55:01.421+0000][41.885s][info][gc,heap     ] GC(74) Humongous regions: 3->3
[2026-07-01T01:55:01.421+0000][41.885s][info][gc,metaspace] GC(74) Metaspace: 41623K(42496K)->41623K(42496K) NonClass: 36484K(36928K)->36484K(36928K) Class: 5138K(5568K)->5138K(5568K)
[2026-07-01T01:55:01.421+0000][41.885s][info][gc          ] GC(74) Pause Young (Mixed) (G1 Evacuation Pause) 260M->165M(276M) 17.281ms
[2026-07-01T01:55:01.421+0000][41.885s][info][gc,cpu      ] GC(74) User=0.03s Sys=0.00s Real=0.02s
[2026-07-01T01:55:02.143+0000][42.606s][info][gc,start    ] GC(75) Pause Young (Concurrent Start) (G1 Evacuation Pause)
[2026-07-01T01:55:02.143+0000][42.606s][info][gc,task     ] GC(75) Using 2 workers of 2 for evacuation
[2026-07-01T01:55:02.167+0000][42.631s][info][gc,phases   ] GC(75)   Pre Evacuate Collection Set: 1.24ms
[2026-07-01T01:55:02.167+0000][42.631s][info][gc,phases   ] GC(75)   Merge Heap Roots: 0.32ms
[2026-07-01T01:55:02.167+0000][42.631s][info][gc,phases   ] GC(75)   Evacuate Collection Set: 21.81ms
[2026-07-01T01:55:02.167+0000][42.631s][info][gc,phases   ] GC(75)   Post Evacuate Collection Set: 0.85ms
[2026-07-01T01:55:02.167+0000][42.631s][info][gc,phases   ] GC(75)   Other: 0.11ms
[2026-07-01T01:55:02.167+0000][42.631s][info][gc,heap     ] GC(75) Eden regions: 95->0(94)
[2026-07-01T01:55:02.167+0000][42.631s][info][gc,heap     ] GC(75) Survivor regions: 7->7(13)
[2026-07-01T01:55:02.167+0000][42.631s][info][gc,heap     ] GC(75) Old regions: 156->157
[2026-07-01T01:55:02.167+0000][42.631s][info][gc,heap     ] GC(75) Humongous regions: 3->3
[2026-07-01T01:55:02.167+0000][42.631s][info][gc,metaspace] GC(75) Metaspace: 41626K(42496K)->41626K(42496K) NonClass: 36487K(36928K)->36487K(36928K) Class: 5138K(5568K)->5138K(5568K)
[2026-07-01T01:55:02.167+0000][42.631s][info][gc          ] GC(75) Pause Young (Concurrent Start) (G1 Evacuation Pause) 260M->165M(276M) 24.534ms
[2026-07-01T01:55:02.167+0000][42.631s][info][gc          ] GC(76) Concurrent Mark Cycle
[2026-07-01T01:55:02.167+0000][42.631s][info][gc,marking  ] GC(76) Concurrent Scan Root Regions
[2026-07-01T01:55:02.167+0000][42.631s][info][gc,cpu      ] GC(75) User=0.04s Sys=0.00s Real=0.02s
[2026-07-01T01:55:02.184+0000][42.647s][info][gc,marking  ] GC(76) Concurrent Scan Root Regions 16.037ms
[2026-07-01T01:55:02.184+0000][42.647s][info][gc,marking  ] GC(76) Concurrent Mark
[2026-07-01T01:55:02.184+0000][42.647s][info][gc,marking  ] GC(76) Concurrent Mark From Roots
[2026-07-01T01:55:02.184+0000][42.647s][info][gc,task     ] GC(76) Using 1 workers of 1 for marking
[2026-07-01T01:55:02.687+0000][43.150s][info][gc,marking  ] GC(76) Concurrent Mark From Roots 503.214ms
[2026-07-01T01:55:02.687+0000][43.150s][info][gc,marking  ] GC(76) Concurrent Preclean
[2026-07-01T01:55:02.687+0000][43.150s][info][gc,marking  ] GC(76) Concurrent Preclean 0.075ms
[2026-07-01T01:55:02.687+0000][43.150s][info][gc,start    ] GC(76) Pause Remark
[2026-07-01T01:55:02.695+0000][43.159s][info][gc          ] GC(76) Pause Remark 207M->207M(276M) 8.105ms
[2026-07-01T01:55:02.695+0000][43.159s][info][gc,cpu      ] GC(76) User=0.02s Sys=0.00s Real=0.01s
[2026-07-01T01:55:02.698+0000][43.161s][info][gc,marking  ] GC(76) Concurrent Mark 514.396ms
[2026-07-01T01:55:02.698+0000][43.161s][info][gc,marking  ] GC(76) Concurrent Rebuild Remembered Sets and Scrub Regions
[2026-07-01T01:55:02.838+0000][43.301s][info][gc,marking  ] GC(76) Concurrent Rebuild Remembered Sets and Scrub Regions 139.554ms
[2026-07-01T01:55:02.838+0000][43.301s][info][gc,start    ] GC(76) Pause Cleanup
[2026-07-01T01:55:02.838+0000][43.301s][info][gc          ] GC(76) Pause Cleanup 218M->218M(276M) 0.149ms
[2026-07-01T01:55:02.838+0000][43.301s][info][gc,cpu      ] GC(76) User=0.00s Sys=0.00s Real=0.00s
[2026-07-01T01:55:02.838+0000][43.301s][info][gc,marking  ] GC(76) Concurrent Clear Claimed Marks
[2026-07-01T01:55:02.838+0000][43.301s][info][gc,marking  ] GC(76) Concurrent Clear Claimed Marks 0.089ms
[2026-07-01T01:55:02.838+0000][43.301s][info][gc,marking  ] GC(76) Concurrent Cleanup for Next Mark
[2026-07-01T01:55:02.841+0000][43.305s][info][gc,marking  ] GC(76) Concurrent Cleanup for Next Mark 3.114ms
[2026-07-01T01:55:02.841+0000][43.305s][info][gc          ] GC(76) Concurrent Mark Cycle 673.658ms
[2026-07-01T01:55:03.147+0000][43.610s][info][gc,start    ] GC(77) Pause Young (Prepare Mixed) (G1 Evacuation Pause)
[2026-07-01T01:55:03.147+0000][43.611s][info][gc,task     ] GC(77) Using 2 workers of 2 for evacuation
[2026-07-01T01:55:03.159+0000][43.622s][info][gc,phases   ] GC(77)   Pre Evacuate Collection Set: 0.15ms
[2026-07-01T01:55:03.159+0000][43.622s][info][gc,phases   ] GC(77)   Merge Heap Roots: 0.32ms
[2026-07-01T01:55:03.159+0000][43.622s][info][gc,phases   ] GC(77)   Evacuate Collection Set: 10.89ms
[2026-07-01T01:55:03.159+0000][43.622s][info][gc,phases   ] GC(77)   Post Evacuate Collection Set: 0.33ms
[2026-07-01T01:55:03.159+0000][43.622s][info][gc,phases   ] GC(77)   Other: 0.08ms
[2026-07-01T01:55:03.159+0000][43.622s][info][gc,heap     ] GC(77) Eden regions: 94->0(94)
[2026-07-01T01:55:03.159+0000][43.622s][info][gc,heap     ] GC(77) Survivor regions: 7->7(13)
[2026-07-01T01:55:03.159+0000][43.622s][info][gc,heap     ] GC(77) Old regions: 157->157
[2026-07-01T01:55:03.159+0000][43.622s][info][gc,heap     ] GC(77) Humongous regions: 3->3
[2026-07-01T01:55:03.159+0000][43.622s][info][gc,metaspace] GC(77) Metaspace: 41627K(42496K)->41627K(42496K) NonClass: 36488K(36928K)->36488K(36928K) Class: 5138K(5568K)->5138K(5568K)
[2026-07-01T01:55:03.159+0000][43.622s][info][gc          ] GC(77) Pause Young (Prepare Mixed) (G1 Evacuation Pause) 259M->166M(276M) 11.902ms
[2026-07-01T01:55:03.159+0000][43.622s][info][gc,cpu      ] GC(77) User=0.02s Sys=0.00s Real=0.02s
[2026-07-01T01:55:03.735+0000][44.199s][info][gc,start    ] GC(78) Pause Young (Mixed) (G1 Evacuation Pause)
[2026-07-01T01:55:03.735+0000][44.199s][info][gc,task     ] GC(78) Using 2 workers of 2 for evacuation
[2026-07-01T01:55:03.752+0000][44.215s][info][gc,phases   ] GC(78)   Pre Evacuate Collection Set: 0.22ms
[2026-07-01T01:55:03.752+0000][44.215s][info][gc,phases   ] GC(78)   Merge Heap Roots: 0.79ms
[2026-07-01T01:55:03.752+0000][44.215s][info][gc,phases   ] GC(78)   Evacuate Collection Set: 14.91ms
[2026-07-01T01:55:03.752+0000][44.215s][info][gc,phases   ] GC(78)   Post Evacuate Collection Set: 0.45ms
[2026-07-01T01:55:03.752+0000][44.215s][info][gc,phases   ] GC(78)   Other: 0.08ms
[2026-07-01T01:55:03.752+0000][44.215s][info][gc,heap     ] GC(78) Eden regions: 94->0(94)
[2026-07-01T01:55:03.752+0000][44.215s][info][gc,heap     ] GC(78) Survivor regions: 7->7(13)
[2026-07-01T01:55:03.752+0000][44.215s][info][gc,heap     ] GC(78) Old regions: 157->157
[2026-07-01T01:55:03.752+0000][44.215s][info][gc,heap     ] GC(78) Humongous regions: 3->3
[2026-07-01T01:55:03.752+0000][44.215s][info][gc,metaspace] GC(78) Metaspace: 41627K(42496K)->41627K(42496K) NonClass: 36488K(36928K)->36488K(36928K) Class: 5138K(5568K)->5138K(5568K)
[2026-07-01T01:55:03.752+0000][44.215s][info][gc          ] GC(78) Pause Young (Mixed) (G1 Evacuation Pause) 260M->166M(276M) 16.639ms
[2026-07-01T01:55:03.752+0000][44.215s][info][gc,cpu      ] GC(78) User=0.03s Sys=0.00s Real=0.02s
[2026-07-01T01:55:04.530+0000][44.994s][info][gc,start    ] GC(79) Pause Young (Concurrent Start) (G1 Evacuation Pause)
[2026-07-01T01:55:04.530+0000][44.994s][info][gc,task     ] GC(79) Using 2 workers of 2 for evacuation
[2026-07-01T01:55:04.548+0000][45.012s][info][gc,phases   ] GC(79)   Pre Evacuate Collection Set: 0.17ms
[2026-07-01T01:55:04.549+0000][45.012s][info][gc,phases   ] GC(79)   Merge Heap Roots: 0.24ms
[2026-07-01T01:55:04.549+0000][45.012s][info][gc,phases   ] GC(79)   Evacuate Collection Set: 17.08ms
[2026-07-01T01:55:04.549+0000][45.012s][info][gc,phases   ] GC(79)   Post Evacuate Collection Set: 0.45ms
[2026-07-01T01:55:04.549+0000][45.012s][info][gc,phases   ] GC(79)   Other: 0.09ms
[2026-07-01T01:55:04.549+0000][45.012s][info][gc,heap     ] GC(79) Eden regions: 94->0(94)
[2026-07-01T01:55:04.549+0000][45.012s][info][gc,heap     ] GC(79) Survivor regions: 7->7(13)
[2026-07-01T01:55:04.549+0000][45.012s][info][gc,heap     ] GC(79) Old regions: 157->157
[2026-07-01T01:55:04.549+0000][45.012s][info][gc,heap     ] GC(79) Humongous regions: 3->3
[2026-07-01T01:55:04.549+0000][45.012s][info][gc,metaspace] GC(79) Metaspace: 41627K(42496K)->41627K(42496K) NonClass: 36488K(36928K)->36488K(36928K) Class: 5138K(5568K)->5138K(5568K)
[2026-07-01T01:55:04.549+0000][45.012s][info][gc          ] GC(79) Pause Young (Concurrent Start) (G1 Evacuation Pause) 260M->166M(276M) 18.230ms
[2026-07-01T01:55:04.549+0000][45.012s][info][gc          ] GC(80) Concurrent Mark Cycle
[2026-07-01T01:55:04.549+0000][45.012s][info][gc,cpu      ] GC(79) User=0.03s Sys=0.00s Real=0.02s
[2026-07-01T01:55:04.549+0000][45.012s][info][gc,marking  ] GC(80) Concurrent Scan Root Regions
[2026-07-01T01:55:04.588+0000][45.051s][info][gc,marking  ] GC(80) Concurrent Scan Root Regions 39.321ms
[2026-07-01T01:55:04.588+0000][45.051s][info][gc,marking  ] GC(80) Concurrent Mark
[2026-07-01T01:55:04.588+0000][45.051s][info][gc,marking  ] GC(80) Concurrent Mark From Roots
[2026-07-01T01:55:04.588+0000][45.051s][info][gc,task     ] GC(80) Using 1 workers of 1 for marking
[2026-07-01T01:55:05.048+0000][45.511s][info][gc,marking  ] GC(80) Concurrent Mark From Roots 459.600ms
[2026-07-01T01:55:05.048+0000][45.511s][info][gc,marking  ] GC(80) Concurrent Preclean
[2026-07-01T01:55:05.048+0000][45.511s][info][gc,marking  ] GC(80) Concurrent Preclean 0.146ms
[2026-07-01T01:55:05.048+0000][45.511s][info][gc,start    ] GC(80) Pause Remark
[2026-07-01T01:55:05.056+0000][45.519s][info][gc          ] GC(80) Pause Remark 200M->200M(276M) 7.667ms
[2026-07-01T01:55:05.056+0000][45.519s][info][gc,cpu      ] GC(80) User=0.02s Sys=0.00s Real=0.01s
[2026-07-01T01:55:05.062+0000][45.525s][info][gc,marking  ] GC(80) Concurrent Mark 473.975ms
[2026-07-01T01:55:05.062+0000][45.525s][info][gc,marking  ] GC(80) Concurrent Rebuild Remembered Sets and Scrub Regions
[2026-07-01T01:55:05.244+0000][45.708s][info][gc,marking  ] GC(80) Concurrent Rebuild Remembered Sets and Scrub Regions 182.064ms
[2026-07-01T01:55:05.244+0000][45.708s][info][gc,start    ] GC(80) Pause Cleanup
[2026-07-01T01:55:05.244+0000][45.708s][info][gc          ] GC(80) Pause Cleanup 212M->212M(276M) 0.214ms
[2026-07-01T01:55:05.244+0000][45.708s][info][gc,cpu      ] GC(80) User=0.00s Sys=0.00s Real=0.00s
[2026-07-01T01:55:05.245+0000][45.708s][info][gc,marking  ] GC(80) Concurrent Clear Claimed Marks
[2026-07-01T01:55:05.245+0000][45.708s][info][gc,marking  ] GC(80) Concurrent Clear Claimed Marks 0.087ms
[2026-07-01T01:55:05.245+0000][45.708s][info][gc,marking  ] GC(80) Concurrent Cleanup for Next Mark
[2026-07-01T01:55:05.245+0000][45.709s][info][gc,marking  ] GC(80) Concurrent Cleanup for Next Mark 0.511ms
[2026-07-01T01:55:05.245+0000][45.709s][info][gc          ] GC(80) Concurrent Mark Cycle 696.517ms
[2026-07-01T01:55:05.628+0000][46.092s][info][gc,start    ] GC(81) Pause Young (Prepare Mixed) (G1 Evacuation Pause)
[2026-07-01T01:55:05.628+0000][46.092s][info][gc,task     ] GC(81) Using 2 workers of 2 for evacuation
[2026-07-01T01:55:05.645+0000][46.109s][info][gc,phases   ] GC(81)   Pre Evacuate Collection Set: 0.17ms
[2026-07-01T01:55:05.646+0000][46.109s][info][gc,phases   ] GC(81)   Merge Heap Roots: 0.40ms
[2026-07-01T01:55:05.646+0000][46.109s][info][gc,phases   ] GC(81)   Evacuate Collection Set: 15.80ms
[2026-07-01T01:55:05.646+0000][46.109s][info][gc,phases   ] GC(81)   Post Evacuate Collection Set: 0.60ms
[2026-07-01T01:55:05.646+0000][46.109s][info][gc,phases   ] GC(81)   Other: 0.08ms
[2026-07-01T01:55:05.646+0000][46.109s][info][gc,heap     ] GC(81) Eden regions: 94->0(93)
[2026-07-01T01:55:05.646+0000][46.109s][info][gc,heap     ] GC(81) Survivor regions: 7->7(13)
[2026-07-01T01:55:05.646+0000][46.109s][info][gc,heap     ] GC(81) Old regions: 157->158
[2026-07-01T01:55:05.646+0000][46.109s][info][gc,heap     ] GC(81) Humongous regions: 3->3
[2026-07-01T01:55:05.646+0000][46.109s][info][gc,metaspace] GC(81) Metaspace: 41630K(42496K)->41630K(42496K) NonClass: 36490K(36928K)->36490K(36928K) Class: 5139K(5568K)->5139K(5568K)
[2026-07-01T01:55:05.646+0000][46.109s][info][gc          ] GC(81) Pause Young (Prepare Mixed) (G1 Evacuation Pause) 260M->166M(276M) 17.193ms
[2026-07-01T01:55:05.646+0000][46.109s][info][gc,cpu      ] GC(81) User=0.03s Sys=0.00s Real=0.01s
[2026-07-01T01:55:06.218+0000][46.681s][info][gc,start    ] GC(82) Pause Young (Mixed) (G1 Evacuation Pause)
[2026-07-01T01:55:06.218+0000][46.681s][info][gc,task     ] GC(82) Using 2 workers of 2 for evacuation
[2026-07-01T01:55:06.234+0000][46.697s][info][gc,phases   ] GC(82)   Pre Evacuate Collection Set: 0.17ms
[2026-07-01T01:55:06.234+0000][46.697s][info][gc,phases   ] GC(82)   Merge Heap Roots: 0.51ms
[2026-07-01T01:55:06.234+0000][46.697s][info][gc,phases   ] GC(82)   Evacuate Collection Set: 14.64ms
[2026-07-01T01:55:06.234+0000][46.697s][info][gc,phases   ] GC(82)   Post Evacuate Collection Set: 0.42ms
[2026-07-01T01:55:06.234+0000][46.697s][info][gc,phases   ] GC(82)   Other: 0.07ms
[2026-07-01T01:55:06.234+0000][46.697s][info][gc,heap     ] GC(82) Eden regions: 93->0(93)
[2026-07-01T01:55:06.234+0000][46.697s][info][gc,heap     ] GC(82) Survivor regions: 7->7(13)
[2026-07-01T01:55:06.234+0000][46.697s][info][gc,heap     ] GC(82) Old regions: 158->158
[2026-07-01T01:55:06.234+0000][46.697s][info][gc,heap     ] GC(82) Humongous regions: 3->3
[2026-07-01T01:55:06.234+0000][46.697s][info][gc,metaspace] GC(82) Metaspace: 41630K(42496K)->41630K(42496K) NonClass: 36490K(36928K)->36490K(36928K) Class: 5139K(5568K)->5139K(5568K)
[2026-07-01T01:55:06.234+0000][46.697s][info][gc          ] GC(82) Pause Young (Mixed) (G1 Evacuation Pause) 259M->166M(276M) 15.963ms
[2026-07-01T01:55:06.234+0000][46.697s][info][gc,cpu      ] GC(82) User=0.03s Sys=0.00s Real=0.02s
[2026-07-01T01:55:06.828+0000][47.291s][info][gc,start    ] GC(83) Pause Young (Concurrent Start) (G1 Evacuation Pause)
[2026-07-01T01:55:06.828+0000][47.291s][info][gc,task     ] GC(83) Using 2 workers of 2 for evacuation
[2026-07-01T01:55:06.843+0000][47.306s][info][gc,phases   ] GC(83)   Pre Evacuate Collection Set: 0.19ms
[2026-07-01T01:55:06.843+0000][47.306s][info][gc,phases   ] GC(83)   Merge Heap Roots: 0.33ms
[2026-07-01T01:55:06.843+0000][47.306s][info][gc,phases   ] GC(83)   Evacuate Collection Set: 14.23ms
[2026-07-01T01:55:06.843+0000][47.306s][info][gc,phases   ] GC(83)   Post Evacuate Collection Set: 0.40ms
[2026-07-01T01:55:06.843+0000][47.306s][info][gc,phases   ] GC(83)   Other: 0.08ms
[2026-07-01T01:55:06.843+0000][47.306s][info][gc,heap     ] GC(83) Eden regions: 93->0(93)
[2026-07-01T01:55:06.843+0000][47.306s][info][gc,heap     ] GC(83) Survivor regions: 7->7(13)
[2026-07-01T01:55:06.843+0000][47.306s][info][gc,heap     ] GC(83) Old regions: 158->158
[2026-07-01T01:55:06.843+0000][47.306s][info][gc,heap     ] GC(83) Humongous regions: 3->3
[2026-07-01T01:55:06.843+0000][47.306s][info][gc,metaspace] GC(83) Metaspace: 41630K(42496K)->41630K(42496K) NonClass: 36490K(36928K)->36490K(36928K) Class: 5139K(5568K)->5139K(5568K)
[2026-07-01T01:55:06.843+0000][47.307s][info][gc          ] GC(83) Pause Young (Concurrent Start) (G1 Evacuation Pause) 259M->167M(276M) 15.423ms
[2026-07-01T01:55:06.843+0000][47.307s][info][gc,cpu      ] GC(83) User=0.04s Sys=0.00s Real=0.02s
[2026-07-01T01:55:06.844+0000][47.307s][info][gc          ] GC(84) Concurrent Mark Cycle
[2026-07-01T01:55:06.844+0000][47.308s][info][gc,marking  ] GC(84) Concurrent Scan Root Regions
[2026-07-01T01:55:06.874+0000][47.338s][info][gc,marking  ] GC(84) Concurrent Scan Root Regions 30.256ms
[2026-07-01T01:55:06.874+0000][47.338s][info][gc,marking  ] GC(84) Concurrent Mark
[2026-07-01T01:55:06.874+0000][47.338s][info][gc,marking  ] GC(84) Concurrent Mark From Roots
[2026-07-01T01:55:06.874+0000][47.338s][info][gc,task     ] GC(84) Using 1 workers of 1 for marking
[2026-07-01T01:55:07.505+0000][47.968s][info][gc,marking  ] GC(84) Concurrent Mark From Roots 630.556ms
[2026-07-01T01:55:07.505+0000][47.968s][info][gc,marking  ] GC(84) Concurrent Preclean
[2026-07-01T01:55:07.505+0000][47.969s][info][gc,marking  ] GC(84) Concurrent Preclean 0.156ms
[2026-07-01T01:55:07.505+0000][47.969s][info][gc,start    ] GC(84) Pause Remark
[2026-07-01T01:55:07.520+0000][47.983s][info][gc          ] GC(84) Pause Remark 240M->240M(276M) 14.334ms
[2026-07-01T01:55:07.520+0000][47.983s][info][gc,cpu      ] GC(84) User=0.02s Sys=0.00s Real=0.02s
[2026-07-01T01:55:07.522+0000][47.985s][info][gc,marking  ] GC(84) Concurrent Mark 647.489ms
[2026-07-01T01:55:07.522+0000][47.985s][info][gc,marking  ] GC(84) Concurrent Rebuild Remembered Sets and Scrub Regions
[2026-07-01T01:55:07.685+0000][48.149s][info][gc,marking  ] GC(84) Concurrent Rebuild Remembered Sets and Scrub Regions 163.220ms
[2026-07-01T01:55:07.685+0000][48.149s][info][gc,start    ] GC(84) Pause Cleanup
[2026-07-01T01:55:07.685+0000][48.149s][info][gc          ] GC(84) Pause Cleanup 251M->251M(276M) 0.170ms
[2026-07-01T01:55:07.685+0000][48.149s][info][gc,cpu      ] GC(84) User=0.00s Sys=0.00s Real=0.00s
[2026-07-01T01:55:07.688+0000][48.151s][info][gc,marking  ] GC(84) Concurrent Clear Claimed Marks
[2026-07-01T01:55:07.688+0000][48.151s][info][gc,marking  ] GC(84) Concurrent Clear Claimed Marks 0.098ms
[2026-07-01T01:55:07.688+0000][48.151s][info][gc,marking  ] GC(84) Concurrent Cleanup for Next Mark
[2026-07-01T01:55:07.688+0000][48.152s][info][gc,marking  ] GC(84) Concurrent Cleanup for Next Mark 0.456ms
[2026-07-01T01:55:07.688+0000][48.152s][info][gc          ] GC(84) Concurrent Mark Cycle 844.231ms
[2026-07-01T01:55:07.759+0000][48.223s][info][gc,start    ] GC(85) Pause Young (Prepare Mixed) (G1 Evacuation Pause)
[2026-07-01T01:55:07.759+0000][48.223s][info][gc,task     ] GC(85) Using 2 workers of 2 for evacuation
[2026-07-01T01:55:07.793+0000][48.257s][info][gc,phases   ] GC(85)   Pre Evacuate Collection Set: 0.18ms
[2026-07-01T01:55:07.793+0000][48.257s][info][gc,phases   ] GC(85)   Merge Heap Roots: 0.84ms
[2026-07-01T01:55:07.793+0000][48.257s][info][gc,phases   ] GC(85)   Evacuate Collection Set: 31.85ms
[2026-07-01T01:55:07.793+0000][48.257s][info][gc,phases   ] GC(85)   Post Evacuate Collection Set: 0.73ms
[2026-07-01T01:55:07.793+0000][48.257s][info][gc,phases   ] GC(85)   Other: 0.07ms
[2026-07-01T01:55:07.793+0000][48.257s][info][gc,heap     ] GC(85) Eden regions: 93->0(92)
[2026-07-01T01:55:07.793+0000][48.257s][info][gc,heap     ] GC(85) Survivor regions: 7->7(13)
[2026-07-01T01:55:07.793+0000][48.257s][info][gc,heap     ] GC(85) Old regions: 158->159
[2026-07-01T01:55:07.793+0000][48.257s][info][gc,heap     ] GC(85) Humongous regions: 3->3
[2026-07-01T01:55:07.793+0000][48.257s][info][gc,metaspace] GC(85) Metaspace: 41630K(42496K)->41630K(42496K) NonClass: 36491K(36928K)->36491K(36928K) Class: 5139K(5568K)->5139K(5568K)
[2026-07-01T01:55:07.793+0000][48.257s][info][gc          ] GC(85) Pause Young (Prepare Mixed) (G1 Evacuation Pause) 260M->167M(276M) 33.861ms
[2026-07-01T01:55:07.793+0000][48.257s][info][gc,cpu      ] GC(85) User=0.03s Sys=0.00s Real=0.03s
[2026-07-01T01:55:08.705+0000][49.169s][info][gc,start    ] GC(86) Pause Young (Mixed) (G1 Evacuation Pause)
[2026-07-01T01:55:08.705+0000][49.169s][info][gc,task     ] GC(86) Using 2 workers of 2 for evacuation
[2026-07-01T01:55:08.741+0000][49.205s][info][gc,phases   ] GC(86)   Pre Evacuate Collection Set: 0.18ms
[2026-07-01T01:55:08.741+0000][49.205s][info][gc,phases   ] GC(86)   Merge Heap Roots: 0.46ms
[2026-07-01T01:55:08.741+0000][49.205s][info][gc,phases   ] GC(86)   Evacuate Collection Set: 34.62ms
[2026-07-01T01:55:08.742+0000][49.205s][info][gc,phases   ] GC(86)   Post Evacuate Collection Set: 0.67ms
[2026-07-01T01:55:08.742+0000][49.205s][info][gc,phases   ] GC(86)   Other: 0.05ms
[2026-07-01T01:55:08.742+0000][49.205s][info][gc,heap     ] GC(86) Eden regions: 92->0(92)
[2026-07-01T01:55:08.742+0000][49.205s][info][gc,heap     ] GC(86) Survivor regions: 7->7(13)
[2026-07-01T01:55:08.742+0000][49.205s][info][gc,heap     ] GC(86) Old regions: 159->159
[2026-07-01T01:55:08.742+0000][49.205s][info][gc,heap     ] GC(86) Humongous regions: 3->3
[2026-07-01T01:55:08.742+0000][49.205s][info][gc,metaspace] GC(86) Metaspace: 41630K(42496K)->41630K(42496K) NonClass: 36491K(36928K)->36491K(36928K) Class: 5139K(5568K)->5139K(5568K)
[2026-07-01T01:55:08.742+0000][49.205s][info][gc          ] GC(86) Pause Young (Mixed) (G1 Evacuation Pause) 259M->167M(276M) 36.185ms
[2026-07-01T01:55:08.742+0000][49.205s][info][gc,cpu      ] GC(86) User=0.04s Sys=0.00s Real=0.04s
[2026-07-01T01:55:09.633+0000][50.097s][info][gc,start    ] GC(87) Pause Young (Concurrent Start) (G1 Evacuation Pause)
[2026-07-01T01:55:09.633+0000][50.097s][info][gc,task     ] GC(87) Using 2 workers of 2 for evacuation
[2026-07-01T01:55:09.650+0000][50.114s][info][gc,phases   ] GC(87)   Pre Evacuate Collection Set: 0.18ms
[2026-07-01T01:55:09.650+0000][50.114s][info][gc,phases   ] GC(87)   Merge Heap Roots: 0.27ms
[2026-07-01T01:55:09.650+0000][50.114s][info][gc,phases   ] GC(87)   Evacuate Collection Set: 15.79ms
[2026-07-01T01:55:09.650+0000][50.114s][info][gc,phases   ] GC(87)   Post Evacuate Collection Set: 0.40ms
[2026-07-01T01:55:09.650+0000][50.114s][info][gc,phases   ] GC(87)   Other: 0.09ms
[2026-07-01T01:55:09.650+0000][50.114s][info][gc,heap     ] GC(87) Eden regions: 92->0(92)
[2026-07-01T01:55:09.650+0000][50.114s][info][gc,heap     ] GC(87) Survivor regions: 7->7(13)
[2026-07-01T01:55:09.650+0000][50.114s][info][gc,heap     ] GC(87) Old regions: 159->159
[2026-07-01T01:55:09.650+0000][50.114s][info][gc,heap     ] GC(87) Humongous regions: 3->3
[2026-07-01T01:55:09.650+0000][50.114s][info][gc,metaspace] GC(87) Metaspace: 41630K(42496K)->41630K(42496K) NonClass: 36491K(36928K)->36491K(36928K) Class: 5139K(5568K)->5139K(5568K)
[2026-07-01T01:55:09.650+0000][50.114s][info][gc          ] GC(87) Pause Young (Concurrent Start) (G1 Evacuation Pause) 259M->168M(276M) 16.897ms
[2026-07-01T01:55:09.650+0000][50.114s][info][gc          ] GC(88) Concurrent Mark Cycle
[2026-07-01T01:55:09.650+0000][50.114s][info][gc,marking  ] GC(88) Concurrent Scan Root Regions
[2026-07-01T01:55:09.650+0000][50.114s][info][gc,cpu      ] GC(87) User=0.03s Sys=0.00s Real=0.02s
[2026-07-01T01:55:09.662+0000][50.126s][info][gc,marking  ] GC(88) Concurrent Scan Root Regions 12.062ms
[2026-07-01T01:55:09.662+0000][50.126s][info][gc,marking  ] GC(88) Concurrent Mark
[2026-07-01T01:55:09.662+0000][50.126s][info][gc,marking  ] GC(88) Concurrent Mark From Roots
[2026-07-01T01:55:09.662+0000][50.126s][info][gc,task     ] GC(88) Using 1 workers of 1 for marking
[2026-07-01T01:55:10.257+0000][50.720s][info][gc,marking  ] GC(88) Concurrent Mark From Roots 594.469ms
[2026-07-01T01:55:10.257+0000][50.720s][info][gc,marking  ] GC(88) Concurrent Preclean
[2026-07-01T01:55:10.257+0000][50.721s][info][gc,marking  ] GC(88) Concurrent Preclean 0.150ms
[2026-07-01T01:55:10.257+0000][50.721s][info][gc,start    ] GC(88) Pause Remark
[2026-07-01T01:55:10.263+0000][50.727s][info][gc          ] GC(88) Pause Remark 237M->237M(276M) 6.080ms
[2026-07-01T01:55:10.263+0000][50.727s][info][gc,cpu      ] GC(88) User=0.01s Sys=0.00s Real=0.01s
[2026-07-01T01:55:10.269+0000][50.732s][info][gc,marking  ] GC(88) Concurrent Mark 606.141ms
[2026-07-01T01:55:10.269+0000][50.732s][info][gc,marking  ] GC(88) Concurrent Rebuild Remembered Sets and Scrub Regions
[2026-07-01T01:55:10.459+0000][50.923s][info][gc,start    ] GC(89) Pause Young (Normal) (G1 Evacuation Pause)
[2026-07-01T01:55:10.459+0000][50.923s][info][gc,task     ] GC(89) Using 2 workers of 2 for evacuation
[2026-07-01T01:55:10.473+0000][50.937s][info][gc,phases   ] GC(89)   Pre Evacuate Collection Set: 0.20ms
[2026-07-01T01:55:10.473+0000][50.937s][info][gc,phases   ] GC(89)   Merge Heap Roots: 0.38ms
[2026-07-01T01:55:10.473+0000][50.937s][info][gc,phases   ] GC(89)   Evacuate Collection Set: 12.37ms
[2026-07-01T01:55:10.473+0000][50.937s][info][gc,phases   ] GC(89)   Post Evacuate Collection Set: 0.70ms
[2026-07-01T01:55:10.473+0000][50.937s][info][gc,phases   ] GC(89)   Other: 0.07ms
[2026-07-01T01:55:10.473+0000][50.937s][info][gc,heap     ] GC(89) Eden regions: 92->0(92)
[2026-07-01T01:55:10.473+0000][50.937s][info][gc,heap     ] GC(89) Survivor regions: 7->7(13)
[2026-07-01T01:55:10.473+0000][50.937s][info][gc,heap     ] GC(89) Old regions: 159->159
[2026-07-01T01:55:10.473+0000][50.937s][info][gc,heap     ] GC(89) Humongous regions: 3->3
[2026-07-01T01:55:10.473+0000][50.937s][info][gc,metaspace] GC(89) Metaspace: 41636K(42496K)->41636K(42496K) NonClass: 36496K(36928K)->36496K(36928K) Class: 5139K(5568K)->5139K(5568K)
[2026-07-01T01:55:10.473+0000][50.937s][info][gc          ] GC(89) Pause Young (Normal) (G1 Evacuation Pause) 260M->168M(276M) 13.868ms
[2026-07-01T01:55:10.473+0000][50.937s][info][gc,cpu      ] GC(89) User=0.03s Sys=0.00s Real=0.01s
[2026-07-01T01:55:10.559+0000][51.023s][info][gc,marking  ] GC(88) Concurrent Rebuild Remembered Sets and Scrub Regions 290.578ms
[2026-07-01T01:55:10.560+0000][51.023s][info][gc,start    ] GC(88) Pause Cleanup
[2026-07-01T01:55:10.560+0000][51.023s][info][gc          ] GC(88) Pause Cleanup 180M->180M(276M) 0.190ms
[2026-07-01T01:55:10.560+0000][51.023s][info][gc,cpu      ] GC(88) User=0.00s Sys=0.00s Real=0.00s
[2026-07-01T01:55:10.561+0000][51.024s][info][gc,marking  ] GC(88) Concurrent Clear Claimed Marks
[2026-07-01T01:55:10.561+0000][51.024s][info][gc,marking  ] GC(88) Concurrent Clear Claimed Marks 0.170ms
[2026-07-01T01:55:10.561+0000][51.024s][info][gc,marking  ] GC(88) Concurrent Cleanup for Next Mark
[2026-07-01T01:55:10.564+0000][51.027s][info][gc,marking  ] GC(88) Concurrent Cleanup for Next Mark 3.062ms
[2026-07-01T01:55:10.564+0000][51.027s][info][gc          ] GC(88) Concurrent Mark Cycle 913.657ms
[2026-07-01T01:55:11.094+0000][51.558s][info][gc,start    ] GC(90) Pause Young (Prepare Mixed) (G1 Evacuation Pause)
[2026-07-01T01:55:11.095+0000][51.558s][info][gc,task     ] GC(90) Using 2 workers of 2 for evacuation
[2026-07-01T01:55:11.108+0000][51.571s][info][gc,phases   ] GC(90)   Pre Evacuate Collection Set: 0.29ms
[2026-07-01T01:55:11.108+0000][51.572s][info][gc,phases   ] GC(90)   Merge Heap Roots: 0.33ms
[2026-07-01T01:55:11.108+0000][51.572s][info][gc,phases   ] GC(90)   Evacuate Collection Set: 12.01ms
[2026-07-01T01:55:11.108+0000][51.572s][info][gc,phases   ] GC(90)   Post Evacuate Collection Set: 0.49ms
[2026-07-01T01:55:11.108+0000][51.572s][info][gc,phases   ] GC(90)   Other: 0.37ms
[2026-07-01T01:55:11.108+0000][51.572s][info][gc,heap     ] GC(90) Eden regions: 92->0(91)
[2026-07-01T01:55:11.108+0000][51.572s][info][gc,heap     ] GC(90) Survivor regions: 7->7(13)
[2026-07-01T01:55:11.108+0000][51.572s][info][gc,heap     ] GC(90) Old regions: 159->160
[2026-07-01T01:55:11.108+0000][51.572s][info][gc,heap     ] GC(90) Humongous regions: 3->3
[2026-07-01T01:55:11.108+0000][51.572s][info][gc,metaspace] GC(90) Metaspace: 41636K(42496K)->41636K(42496K) NonClass: 36497K(36928K)->36497K(36928K) Class: 5139K(5568K)->5139K(5568K)
[2026-07-01T01:55:11.108+0000][51.572s][info][gc          ] GC(90) Pause Young (Prepare Mixed) (G1 Evacuation Pause) 260M->169M(276M) 13.978ms
[2026-07-01T01:55:11.108+0000][51.572s][info][gc,cpu      ] GC(90) User=0.03s Sys=0.00s Real=0.02s
[2026-07-01T01:55:11.668+0000][52.132s][info][gc,start    ] GC(91) Pause Young (Mixed) (G1 Evacuation Pause)
[2026-07-01T01:55:11.668+0000][52.132s][info][gc,task     ] GC(91) Using 2 workers of 2 for evacuation
[2026-07-01T01:55:11.683+0000][52.146s][info][gc,phases   ] GC(91)   Pre Evacuate Collection Set: 0.16ms
[2026-07-01T01:55:11.683+0000][52.146s][info][gc,phases   ] GC(91)   Merge Heap Roots: 0.39ms
[2026-07-01T01:55:11.683+0000][52.146s][info][gc,phases   ] GC(91)   Evacuate Collection Set: 13.67ms
[2026-07-01T01:55:11.683+0000][52.146s][info][gc,phases   ] GC(91)   Post Evacuate Collection Set: 0.44ms
[2026-07-01T01:55:11.683+0000][52.146s][info][gc,phases   ] GC(91)   Other: 0.05ms
[2026-07-01T01:55:11.683+0000][52.146s][info][gc,heap     ] GC(91) Eden regions: 91->0(91)
[2026-07-01T01:55:11.683+0000][52.146s][info][gc,heap     ] GC(91) Survivor regions: 7->7(13)
[2026-07-01T01:55:11.683+0000][52.146s][info][gc,heap     ] GC(91) Old regions: 160->160
[2026-07-01T01:55:11.683+0000][52.146s][info][gc,heap     ] GC(91) Humongous regions: 3->3
[2026-07-01T01:55:11.683+0000][52.146s][info][gc,metaspace] GC(91) Metaspace: 41636K(42496K)->41636K(42496K) NonClass: 36497K(36928K)->36497K(36928K) Class: 5139K(5568K)->5139K(5568K)
[2026-07-01T01:55:11.683+0000][52.146s][info][gc          ] GC(91) Pause Young (Mixed) (G1 Evacuation Pause) 260M->168M(276M) 14.878ms
[2026-07-01T01:55:11.683+0000][52.146s][info][gc,cpu      ] GC(91) User=0.03s Sys=0.00s Real=0.02s
[2026-07-01T01:55:12.215+0000][52.678s][info][gc,start    ] GC(92) Pause Young (Concurrent Start) (G1 Evacuation Pause)
[2026-07-01T01:55:12.215+0000][52.679s][info][gc,task     ] GC(92) Using 2 workers of 2 for evacuation
[2026-07-01T01:55:12.228+0000][52.692s][info][gc,phases   ] GC(92)   Pre Evacuate Collection Set: 0.20ms
[2026-07-01T01:55:12.228+0000][52.692s][info][gc,phases   ] GC(92)   Merge Heap Roots: 0.40ms
[2026-07-01T01:55:12.228+0000][52.692s][info][gc,phases   ] GC(92)   Evacuate Collection Set: 11.91ms
[2026-07-01T01:55:12.228+0000][52.692s][info][gc,phases   ] GC(92)   Post Evacuate Collection Set: 0.45ms
[2026-07-01T01:55:12.228+0000][52.692s][info][gc,phases   ] GC(92)   Other: 0.08ms
[2026-07-01T01:55:12.228+0000][52.692s][info][gc,heap     ] GC(92) Eden regions: 91->0(91)
[2026-07-01T01:55:12.228+0000][52.692s][info][gc,heap     ] GC(92) Survivor regions: 7->7(13)
[2026-07-01T01:55:12.228+0000][52.692s][info][gc,heap     ] GC(92) Old regions: 160->160
[2026-07-01T01:55:12.228+0000][52.692s][info][gc,heap     ] GC(92) Humongous regions: 3->3
[2026-07-01T01:55:12.228+0000][52.692s][info][gc,metaspace] GC(92) Metaspace: 41636K(42496K)->41636K(42496K) NonClass: 36497K(36928K)->36497K(36928K) Class: 5139K(5568K)->5139K(5568K)
[2026-07-01T01:55:12.228+0000][52.692s][info][gc          ] GC(92) Pause Young (Concurrent Start) (G1 Evacuation Pause) 259M->169M(276M) 13.223ms
[2026-07-01T01:55:12.228+0000][52.692s][info][gc          ] GC(93) Concurrent Mark Cycle
[2026-07-01T01:55:12.228+0000][52.692s][info][gc,marking  ] GC(93) Concurrent Scan Root Regions
[2026-07-01T01:55:12.228+0000][52.692s][info][gc,cpu      ] GC(92) User=0.03s Sys=0.00s Real=0.02s
[2026-07-01T01:55:12.253+0000][52.717s][info][gc,marking  ] GC(93) Concurrent Scan Root Regions 24.813ms
[2026-07-01T01:55:12.253+0000][52.717s][info][gc,marking  ] GC(93) Concurrent Mark
[2026-07-01T01:55:12.253+0000][52.717s][info][gc,marking  ] GC(93) Concurrent Mark From Roots
[2026-07-01T01:55:12.253+0000][52.717s][info][gc,task     ] GC(93) Using 1 workers of 1 for marking
[2026-07-01T01:55:12.710+0000][53.173s][info][gc,marking  ] GC(93) Concurrent Mark From Roots 456.605ms
[2026-07-01T01:55:12.710+0000][53.173s][info][gc,marking  ] GC(93) Concurrent Preclean
[2026-07-01T01:55:12.710+0000][53.173s][info][gc,marking  ] GC(93) Concurrent Preclean 0.155ms
[2026-07-01T01:55:12.710+0000][53.173s][info][gc,start    ] GC(93) Pause Remark
[2026-07-01T01:55:12.718+0000][53.182s][info][gc          ] GC(93) Pause Remark 203M->203M(276M) 8.128ms
[2026-07-01T01:55:12.718+0000][53.182s][info][gc,cpu      ] GC(93) User=0.02s Sys=0.00s Real=0.01s
[2026-07-01T01:55:12.720+0000][53.184s][info][gc,marking  ] GC(93) Concurrent Mark 467.019ms
[2026-07-01T01:55:12.720+0000][53.184s][info][gc,marking  ] GC(93) Concurrent Rebuild Remembered Sets and Scrub Regions
[2026-07-01T01:55:12.898+0000][53.362s][info][gc,marking  ] GC(93) Concurrent Rebuild Remembered Sets and Scrub Regions 178.045ms
[2026-07-01T01:55:12.898+0000][53.362s][info][gc,start    ] GC(93) Pause Cleanup
[2026-07-01T01:55:12.899+0000][53.362s][info][gc          ] GC(93) Pause Cleanup 215M->215M(276M) 0.152ms
[2026-07-01T01:55:12.899+0000][53.362s][info][gc,cpu      ] GC(93) User=0.00s Sys=0.00s Real=0.00s
[2026-07-01T01:55:12.899+0000][53.362s][info][gc,marking  ] GC(93) Concurrent Clear Claimed Marks
[2026-07-01T01:55:12.899+0000][53.362s][info][gc,marking  ] GC(93) Concurrent Clear Claimed Marks 0.092ms
[2026-07-01T01:55:12.899+0000][53.362s][info][gc,marking  ] GC(93) Concurrent Cleanup for Next Mark
[2026-07-01T01:55:12.899+0000][53.363s][info][gc,marking  ] GC(93) Concurrent Cleanup for Next Mark 0.480ms
[2026-07-01T01:55:12.899+0000][53.363s][info][gc          ] GC(93) Concurrent Mark Cycle 671.195ms
[2026-07-01T01:55:13.288+0000][53.752s][info][gc,start    ] GC(94) Pause Young (Prepare Mixed) (G1 Evacuation Pause)
[2026-07-01T01:55:13.288+0000][53.752s][info][gc,task     ] GC(94) Using 2 workers of 2 for evacuation
[2026-07-01T01:55:13.310+0000][53.774s][info][gc,phases   ] GC(94)   Pre Evacuate Collection Set: 0.16ms
[2026-07-01T01:55:13.310+0000][53.774s][info][gc,phases   ] GC(94)   Merge Heap Roots: 0.42ms
[2026-07-01T01:55:13.310+0000][53.774s][info][gc,phases   ] GC(94)   Evacuate Collection Set: 19.83ms
[2026-07-01T01:55:13.310+0000][53.774s][info][gc,phases   ] GC(94)   Post Evacuate Collection Set: 1.56ms
[2026-07-01T01:55:13.310+0000][53.774s][info][gc,phases   ] GC(94)   Other: 0.06ms
[2026-07-01T01:55:13.310+0000][53.774s][info][gc,heap     ] GC(94) Eden regions: 91->0(91)
[2026-07-01T01:55:13.310+0000][53.774s][info][gc,heap     ] GC(94) Survivor regions: 7->7(13)
[2026-07-01T01:55:13.310+0000][53.774s][info][gc,heap     ] GC(94) Old regions: 160->160
[2026-07-01T01:55:13.311+0000][53.774s][info][gc,heap     ] GC(94) Humongous regions: 3->3
[2026-07-01T01:55:13.311+0000][53.774s][info][gc,metaspace] GC(94) Metaspace: 41637K(42496K)->41637K(42496K) NonClass: 36498K(36928K)->36498K(36928K) Class: 5139K(5568K)->5139K(5568K)
[2026-07-01T01:55:13.311+0000][53.774s][info][gc          ] GC(94) Pause Young (Prepare Mixed) (G1 Evacuation Pause) 260M->169M(276M) 22.218ms
[2026-07-01T01:55:13.311+0000][53.774s][info][gc,cpu      ] GC(94) User=0.04s Sys=0.00s Real=0.02s
[2026-07-01T01:55:14.195+0000][54.658s][info][gc,start    ] GC(95) Pause Young (Mixed) (G1 Evacuation Pause)
[2026-07-01T01:55:14.195+0000][54.658s][info][gc,task     ] GC(95) Using 2 workers of 2 for evacuation
[2026-07-01T01:55:14.241+0000][54.704s][info][gc,phases   ] GC(95)   Pre Evacuate Collection Set: 0.22ms
[2026-07-01T01:55:14.241+0000][54.704s][info][gc,phases   ] GC(95)   Merge Heap Roots: 0.41ms
[2026-07-01T01:55:14.241+0000][54.704s][info][gc,phases   ] GC(95)   Evacuate Collection Set: 44.36ms
[2026-07-01T01:55:14.241+0000][54.704s][info][gc,phases   ] GC(95)   Post Evacuate Collection Set: 0.97ms
[2026-07-01T01:55:14.241+0000][54.704s][info][gc,phases   ] GC(95)   Other: 0.06ms
[2026-07-01T01:55:14.241+0000][54.704s][info][gc,heap     ] GC(95) Eden regions: 91->0(91)
[2026-07-01T01:55:14.241+0000][54.704s][info][gc,heap     ] GC(95) Survivor regions: 7->7(13)
[2026-07-01T01:55:14.241+0000][54.704s][info][gc,heap     ] GC(95) Old regions: 160->160
[2026-07-01T01:55:14.241+0000][54.704s][info][gc,heap     ] GC(95) Humongous regions: 3->3
[2026-07-01T01:55:14.241+0000][54.704s][info][gc,metaspace] GC(95) Metaspace: 41648K(42496K)->41648K(42496K) NonClass: 36508K(36928K)->36508K(36928K) Class: 5140K(5568K)->5140K(5568K)
[2026-07-01T01:55:14.241+0000][54.704s][info][gc          ] GC(95) Pause Young (Mixed) (G1 Evacuation Pause) 260M->169M(276M) 46.216ms
[2026-07-01T01:55:14.241+0000][54.704s][info][gc,cpu      ] GC(95) User=0.09s Sys=0.01s Real=0.05s
[2026-07-01T01:55:14.994+0000][55.458s][info][gc,start    ] GC(96) Pause Young (Concurrent Start) (G1 Evacuation Pause)
[2026-07-01T01:55:14.994+0000][55.458s][info][gc,task     ] GC(96) Using 2 workers of 2 for evacuation
[2026-07-01T01:55:15.012+0000][55.475s][info][gc,phases   ] GC(96)   Pre Evacuate Collection Set: 0.18ms
[2026-07-01T01:55:15.012+0000][55.475s][info][gc,phases   ] GC(96)   Merge Heap Roots: 0.30ms
[2026-07-01T01:55:15.012+0000][55.475s][info][gc,phases   ] GC(96)   Evacuate Collection Set: 16.60ms
[2026-07-01T01:55:15.012+0000][55.475s][info][gc,phases   ] GC(96)   Post Evacuate Collection Set: 0.50ms
[2026-07-01T01:55:15.012+0000][55.475s][info][gc,phases   ] GC(96)   Other: 0.06ms
[2026-07-01T01:55:15.012+0000][55.475s][info][gc,heap     ] GC(96) Eden regions: 91->0(90)
[2026-07-01T01:55:15.012+0000][55.475s][info][gc,heap     ] GC(96) Survivor regions: 7->7(13)
[2026-07-01T01:55:15.012+0000][55.475s][info][gc,heap     ] GC(96) Old regions: 160->161
[2026-07-01T01:55:15.012+0000][55.475s][info][gc,heap     ] GC(96) Humongous regions: 3->3
[2026-07-01T01:55:15.012+0000][55.475s][info][gc,metaspace] GC(96) Metaspace: 41648K(42496K)->41648K(42496K) NonClass: 36508K(36928K)->36508K(36928K) Class: 5140K(5568K)->5140K(5568K)
[2026-07-01T01:55:15.012+0000][55.476s][info][gc          ] GC(96) Pause Young (Concurrent Start) (G1 Evacuation Pause) 260M->169M(276M) 17.785ms
[2026-07-01T01:55:15.012+0000][55.476s][info][gc          ] GC(97) Concurrent Mark Cycle
[2026-07-01T01:55:15.012+0000][55.476s][info][gc,marking  ] GC(97) Concurrent Scan Root Regions
[2026-07-01T01:55:15.012+0000][55.476s][info][gc,cpu      ] GC(96) User=0.04s Sys=0.00s Real=0.02s
[2026-07-01T01:55:15.031+0000][55.495s][info][gc,marking  ] GC(97) Concurrent Scan Root Regions 19.113ms
[2026-07-01T01:55:15.031+0000][55.495s][info][gc,marking  ] GC(97) Concurrent Mark
[2026-07-01T01:55:15.031+0000][55.495s][info][gc,marking  ] GC(97) Concurrent Mark From Roots
[2026-07-01T01:55:15.031+0000][55.495s][info][gc,task     ] GC(97) Using 1 workers of 1 for marking
[2026-07-01T01:55:15.524+0000][55.987s][info][gc,marking  ] GC(97) Concurrent Mark From Roots 492.606ms
[2026-07-01T01:55:15.524+0000][55.987s][info][gc,marking  ] GC(97) Concurrent Preclean
[2026-07-01T01:55:15.524+0000][55.987s][info][gc,marking  ] GC(97) Concurrent Preclean 0.068ms
[2026-07-01T01:55:15.524+0000][55.988s][info][gc,start    ] GC(97) Pause Remark
[2026-07-01T01:55:15.532+0000][55.995s][info][gc          ] GC(97) Pause Remark 233M->233M(276M) 7.469ms
[2026-07-01T01:55:15.532+0000][55.995s][info][gc,cpu      ] GC(97) User=0.02s Sys=0.00s Real=0.01s
[2026-07-01T01:55:15.535+0000][55.999s][info][gc,marking  ] GC(97) Concurrent Mark 503.867ms
[2026-07-01T01:55:15.535+0000][55.999s][info][gc,marking  ] GC(97) Concurrent Rebuild Remembered Sets and Scrub Regions
[2026-07-01T01:55:15.719+0000][56.183s][info][gc,marking  ] GC(97) Concurrent Rebuild Remembered Sets and Scrub Regions 183.896ms
[2026-07-01T01:55:15.719+0000][56.183s][info][gc,start    ] GC(97) Pause Cleanup
[2026-07-01T01:55:15.720+0000][56.183s][info][gc          ] GC(97) Pause Cleanup 256M->256M(276M) 0.159ms
[2026-07-01T01:55:15.720+0000][56.183s][info][gc,cpu      ] GC(97) User=0.00s Sys=0.00s Real=0.00s
[2026-07-01T01:55:15.720+0000][56.183s][info][gc,marking  ] GC(97) Concurrent Clear Claimed Marks
[2026-07-01T01:55:15.720+0000][56.183s][info][gc,marking  ] GC(97) Concurrent Clear Claimed Marks 0.089ms
[2026-07-01T01:55:15.720+0000][56.183s][info][gc,marking  ] GC(97) Concurrent Cleanup for Next Mark
[2026-07-01T01:55:15.721+0000][56.185s][info][gc,marking  ] GC(97) Concurrent Cleanup for Next Mark 1.458ms
[2026-07-01T01:55:15.721+0000][56.185s][info][gc          ] GC(97) Concurrent Mark Cycle 709.195ms
[2026-07-01T01:55:15.739+0000][56.203s][info][gc,start    ] GC(98) Pause Young (Prepare Mixed) (G1 Evacuation Pause)
[2026-07-01T01:55:15.739+0000][56.203s][info][gc,task     ] GC(98) Using 2 workers of 2 for evacuation
[2026-07-01T01:55:15.756+0000][56.220s][info][gc,phases   ] GC(98)   Pre Evacuate Collection Set: 0.14ms
[2026-07-01T01:55:15.757+0000][56.220s][info][gc,phases   ] GC(98)   Merge Heap Roots: 0.41ms
[2026-07-01T01:55:15.757+0000][56.220s][info][gc,phases   ] GC(98)   Evacuate Collection Set: 16.05ms
[2026-07-01T01:55:15.757+0000][56.220s][info][gc,phases   ] GC(98)   Post Evacuate Collection Set: 0.58ms
[2026-07-01T01:55:15.757+0000][56.220s][info][gc,phases   ] GC(98)   Other: 0.06ms
[2026-07-01T01:55:15.757+0000][56.220s][info][gc,heap     ] GC(98) Eden regions: 90->0(90)
[2026-07-01T01:55:15.757+0000][56.220s][info][gc,heap     ] GC(98) Survivor regions: 7->7(13)
[2026-07-01T01:55:15.757+0000][56.220s][info][gc,heap     ] GC(98) Old regions: 161->161
[2026-07-01T01:55:15.757+0000][56.220s][info][gc,heap     ] GC(98) Humongous regions: 3->3
[2026-07-01T01:55:15.757+0000][56.220s][info][gc,metaspace] GC(98) Metaspace: 41649K(42496K)->41649K(42496K) NonClass: 36508K(36928K)->36508K(36928K) Class: 5140K(5568K)->5140K(5568K)
[2026-07-01T01:55:15.757+0000][56.220s][info][gc          ] GC(98) Pause Young (Prepare Mixed) (G1 Evacuation Pause) 259M->170M(276M) 17.380ms
[2026-07-01T01:55:15.757+0000][56.220s][info][gc,cpu      ] GC(98) User=0.03s Sys=0.00s Real=0.01s
[2026-07-01T01:55:16.210+0000][56.673s][info][gc,start    ] GC(99) Pause Young (Mixed) (G1 Evacuation Pause)
[2026-07-01T01:55:16.210+0000][56.673s][info][gc,task     ] GC(99) Using 2 workers of 2 for evacuation
[2026-07-01T01:55:16.228+0000][56.692s][info][gc,phases   ] GC(99)   Pre Evacuate Collection Set: 0.15ms
[2026-07-01T01:55:16.228+0000][56.692s][info][gc,phases   ] GC(99)   Merge Heap Roots: 0.24ms
[2026-07-01T01:55:16.228+0000][56.692s][info][gc,phases   ] GC(99)   Evacuate Collection Set: 17.45ms
[2026-07-01T01:55:16.228+0000][56.692s][info][gc,phases   ] GC(99)   Post Evacuate Collection Set: 0.49ms
[2026-07-01T01:55:16.228+0000][56.692s][info][gc,phases   ] GC(99)   Other: 0.05ms
[2026-07-01T01:55:16.228+0000][56.692s][info][gc,heap     ] GC(99) Eden regions: 90->0(90)
[2026-07-01T01:55:16.228+0000][56.692s][info][gc,heap     ] GC(99) Survivor regions: 7->7(13)
[2026-07-01T01:55:16.228+0000][56.692s][info][gc,heap     ] GC(99) Old regions: 161->161
[2026-07-01T01:55:16.228+0000][56.692s][info][gc,heap     ] GC(99) Humongous regions: 3->3
[2026-07-01T01:55:16.228+0000][56.692s][info][gc,metaspace] GC(99) Metaspace: 41653K(42496K)->41653K(42496K) NonClass: 36512K(36928K)->36512K(36928K) Class: 5140K(5568K)->5140K(5568K)
[2026-07-01T01:55:16.228+0000][56.692s][info][gc          ] GC(99) Pause Young (Mixed) (G1 Evacuation Pause) 260M->170M(276M) 18.528ms
[2026-07-01T01:55:16.228+0000][56.692s][info][gc,cpu      ] GC(99) User=0.03s Sys=0.00s Real=0.02s
[2026-07-01T01:55:16.646+0000][57.110s][info][gc,start    ] GC(100) Pause Young (Concurrent Start) (G1 Evacuation Pause)
[2026-07-01T01:55:16.646+0000][57.110s][info][gc,task     ] GC(100) Using 2 workers of 2 for evacuation
[2026-07-01T01:55:16.665+0000][57.128s][info][gc,phases   ] GC(100)   Pre Evacuate Collection Set: 0.18ms
[2026-07-01T01:55:16.665+0000][57.128s][info][gc,phases   ] GC(100)   Merge Heap Roots: 0.39ms
[2026-07-01T01:55:16.665+0000][57.128s][info][gc,phases   ] GC(100)   Evacuate Collection Set: 17.07ms
[2026-07-01T01:55:16.665+0000][57.128s][info][gc,phases   ] GC(100)   Post Evacuate Collection Set: 0.62ms
[2026-07-01T01:55:16.665+0000][57.128s][info][gc,phases   ] GC(100)   Other: 0.10ms
[2026-07-01T01:55:16.665+0000][57.128s][info][gc,heap     ] GC(100) Eden regions: 90->0(89)
[2026-07-01T01:55:16.665+0000][57.128s][info][gc,heap     ] GC(100) Survivor regions: 7->7(13)
[2026-07-01T01:55:16.665+0000][57.128s][info][gc,heap     ] GC(100) Old regions: 161->162
[2026-07-01T01:55:16.665+0000][57.128s][info][gc,heap     ] GC(100) Humongous regions: 3->3
[2026-07-01T01:55:16.665+0000][57.128s][info][gc,metaspace] GC(100) Metaspace: 41653K(42496K)->41653K(42496K) NonClass: 36512K(36928K)->36512K(36928K) Class: 5140K(5568K)->5140K(5568K)
[2026-07-01T01:55:16.665+0000][57.128s][info][gc          ] GC(100) Pause Young (Concurrent Start) (G1 Evacuation Pause) 260M->170M(276M) 18.575ms
[2026-07-01T01:55:16.665+0000][57.128s][info][gc,cpu      ] GC(100) User=0.03s Sys=0.00s Real=0.02s
[2026-07-01T01:55:16.667+0000][57.130s][info][gc          ] GC(101) Concurrent Mark Cycle
[2026-07-01T01:55:16.667+0000][57.130s][info][gc,marking  ] GC(101) Concurrent Scan Root Regions
[2026-07-01T01:55:16.689+0000][57.152s][info][gc,marking  ] GC(101) Concurrent Scan Root Regions 21.717ms
[2026-07-01T01:55:16.689+0000][57.152s][info][gc,marking  ] GC(101) Concurrent Mark
[2026-07-01T01:55:16.689+0000][57.152s][info][gc,marking  ] GC(101) Concurrent Mark From Roots
[2026-07-01T01:55:16.689+0000][57.152s][info][gc,task     ] GC(101) Using 1 workers of 1 for marking
[2026-07-01T01:55:17.149+0000][57.612s][info][gc,start    ] GC(102) Pause Young (Normal) (G1 Evacuation Pause)
[2026-07-01T01:55:17.149+0000][57.612s][info][gc,task     ] GC(102) Using 2 workers of 2 for evacuation
[2026-07-01T01:55:17.166+0000][57.629s][info][gc,phases   ] GC(102)   Pre Evacuate Collection Set: 0.19ms
[2026-07-01T01:55:17.166+0000][57.629s][info][gc,phases   ] GC(102)   Merge Heap Roots: 0.23ms
[2026-07-01T01:55:17.166+0000][57.629s][info][gc,phases   ] GC(102)   Evacuate Collection Set: 15.72ms
[2026-07-01T01:55:17.166+0000][57.629s][info][gc,phases   ] GC(102)   Post Evacuate Collection Set: 0.57ms
[2026-07-01T01:55:17.166+0000][57.629s][info][gc,phases   ] GC(102)   Other: 0.06ms
[2026-07-01T01:55:17.166+0000][57.629s][info][gc,heap     ] GC(102) Eden regions: 89->0(89)
[2026-07-01T01:55:17.166+0000][57.629s][info][gc,heap     ] GC(102) Survivor regions: 7->7(12)
[2026-07-01T01:55:17.166+0000][57.629s][info][gc,heap     ] GC(102) Old regions: 162->162
[2026-07-01T01:55:17.166+0000][57.629s][info][gc,heap     ] GC(102) Humongous regions: 3->3
[2026-07-01T01:55:17.166+0000][57.629s][info][gc,metaspace] GC(102) Metaspace: 41655K(42496K)->41655K(42496K) NonClass: 36514K(36928K)->36514K(36928K) Class: 5140K(5568K)->5140K(5568K)
[2026-07-01T01:55:17.166+0000][57.629s][info][gc          ] GC(102) Pause Young (Normal) (G1 Evacuation Pause) 259M->171M(276M) 16.952ms
[2026-07-01T01:55:17.166+0000][57.629s][info][gc,cpu      ] GC(102) User=0.03s Sys=0.00s Real=0.01s
[2026-07-01T01:55:17.230+0000][57.693s][info][gc,marking  ] GC(101) Concurrent Mark From Roots 540.831ms
[2026-07-01T01:55:17.230+0000][57.693s][info][gc,marking  ] GC(101) Concurrent Preclean
[2026-07-01T01:55:17.230+0000][57.693s][info][gc,marking  ] GC(101) Concurrent Preclean 0.051ms
[2026-07-01T01:55:17.230+0000][57.693s][info][gc,start    ] GC(101) Pause Remark
[2026-07-01T01:55:17.237+0000][57.700s][info][gc          ] GC(101) Pause Remark 181M->181M(276M) 7.213ms
[2026-07-01T01:55:17.237+0000][57.701s][info][gc,cpu      ] GC(101) User=0.01s Sys=0.00s Real=0.00s
[2026-07-01T01:55:17.241+0000][57.705s][info][gc,marking  ] GC(101) Concurrent Mark 552.355ms
[2026-07-01T01:55:17.241+0000][57.705s][info][gc,marking  ] GC(101) Concurrent Rebuild Remembered Sets and Scrub Regions
[2026-07-01T01:55:17.385+0000][57.849s][info][gc,marking  ] GC(101) Concurrent Rebuild Remembered Sets and Scrub Regions 144.031ms
[2026-07-01T01:55:17.386+0000][57.849s][info][gc,start    ] GC(101) Pause Cleanup
[2026-07-01T01:55:17.386+0000][57.849s][info][gc          ] GC(101) Pause Cleanup 206M->206M(276M) 0.170ms
[2026-07-01T01:55:17.386+0000][57.849s][info][gc,cpu      ] GC(101) User=0.00s Sys=0.00s Real=0.00s
[2026-07-01T01:55:17.387+0000][57.850s][info][gc,marking  ] GC(101) Concurrent Clear Claimed Marks
[2026-07-01T01:55:17.387+0000][57.851s][info][gc,marking  ] GC(101) Concurrent Clear Claimed Marks 0.679ms
[2026-07-01T01:55:17.387+0000][57.851s][info][gc,marking  ] GC(101) Concurrent Cleanup for Next Mark
[2026-07-01T01:55:17.389+0000][57.853s][info][gc,marking  ] GC(101) Concurrent Cleanup for Next Mark 2.225ms
[2026-07-01T01:55:17.389+0000][57.853s][info][gc          ] GC(101) Concurrent Mark Cycle 722.553ms
[2026-07-01T01:55:17.636+0000][58.100s][info][gc,start    ] GC(103) Pause Young (Prepare Mixed) (G1 Evacuation Pause)
[2026-07-01T01:55:17.636+0000][58.100s][info][gc,task     ] GC(103) Using 2 workers of 2 for evacuation
[2026-07-01T01:55:17.653+0000][58.116s][info][gc,phases   ] GC(103)   Pre Evacuate Collection Set: 0.16ms
[2026-07-01T01:55:17.653+0000][58.116s][info][gc,phases   ] GC(103)   Merge Heap Roots: 0.48ms
[2026-07-01T01:55:17.653+0000][58.116s][info][gc,phases   ] GC(103)   Evacuate Collection Set: 15.38ms
[2026-07-01T01:55:17.653+0000][58.116s][info][gc,phases   ] GC(103)   Post Evacuate Collection Set: 0.52ms
[2026-07-01T01:55:17.653+0000][58.116s][info][gc,phases   ] GC(103)   Other: 0.06ms
[2026-07-01T01:55:17.653+0000][58.116s][info][gc,heap     ] GC(103) Eden regions: 89->0(89)
[2026-07-01T01:55:17.653+0000][58.116s][info][gc,heap     ] GC(103) Survivor regions: 7->7(12)
[2026-07-01T01:55:17.653+0000][58.116s][info][gc,heap     ] GC(103) Old regions: 162->162
[2026-07-01T01:55:17.653+0000][58.116s][info][gc,heap     ] GC(103) Humongous regions: 3->3
[2026-07-01T01:55:17.653+0000][58.116s][info][gc,metaspace] GC(103) Metaspace: 41655K(42496K)->41655K(42496K) NonClass: 36514K(36928K)->36514K(36928K) Class: 5140K(5568K)->5140K(5568K)
[2026-07-01T01:55:17.653+0000][58.116s][info][gc          ] GC(103) Pause Young (Prepare Mixed) (G1 Evacuation Pause) 260M->171M(276M) 16.739ms
[2026-07-01T01:55:17.653+0000][58.116s][info][gc,cpu      ] GC(103) User=0.03s Sys=0.00s Real=0.02s
[2026-07-01T01:55:18.170+0000][58.634s][info][gc,start    ] GC(104) Pause Young (Mixed) (G1 Evacuation Pause)
[2026-07-01T01:55:18.170+0000][58.634s][info][gc,task     ] GC(104) Using 2 workers of 2 for evacuation
[2026-07-01T01:55:18.189+0000][58.652s][info][gc,phases   ] GC(104)   Pre Evacuate Collection Set: 0.16ms
[2026-07-01T01:55:18.189+0000][58.652s][info][gc,phases   ] GC(104)   Merge Heap Roots: 0.24ms
[2026-07-01T01:55:18.189+0000][58.652s][info][gc,phases   ] GC(104)   Evacuate Collection Set: 17.47ms
[2026-07-01T01:55:18.189+0000][58.652s][info][gc,phases   ] GC(104)   Post Evacuate Collection Set: 0.54ms
[2026-07-01T01:55:18.189+0000][58.652s][info][gc,phases   ] GC(104)   Other: 0.06ms
[2026-07-01T01:55:18.189+0000][58.652s][info][gc,heap     ] GC(104) Eden regions: 89->0(89)
[2026-07-01T01:55:18.189+0000][58.652s][info][gc,heap     ] GC(104) Survivor regions: 7->7(12)
[2026-07-01T01:55:18.189+0000][58.652s][info][gc,heap     ] GC(104) Old regions: 162->162
[2026-07-01T01:55:18.189+0000][58.652s][info][gc,heap     ] GC(104) Humongous regions: 3->3
[2026-07-01T01:55:18.189+0000][58.652s][info][gc,metaspace] GC(104) Metaspace: 41655K(42496K)->41655K(42496K) NonClass: 36514K(36928K)->36514K(36928K) Class: 5140K(5568K)->5140K(5568K)
[2026-07-01T01:55:18.189+0000][58.652s][info][gc          ] GC(104) Pause Young (Mixed) (G1 Evacuation Pause) 260M->172M(276M) 18.668ms
[2026-07-01T01:55:18.189+0000][58.652s][info][gc,cpu      ] GC(104) User=0.03s Sys=0.00s Real=0.02s
[2026-07-01T01:55:18.872+0000][59.336s][info][gc,start    ] GC(105) Pause Young (Concurrent Start) (G1 Evacuation Pause)
[2026-07-01T01:55:18.873+0000][59.336s][info][gc,task     ] GC(105) Using 2 workers of 2 for evacuation
[2026-07-01T01:55:18.889+0000][59.352s][info][gc,phases   ] GC(105)   Pre Evacuate Collection Set: 0.15ms
[2026-07-01T01:55:18.889+0000][59.353s][info][gc,phases   ] GC(105)   Merge Heap Roots: 0.22ms
[2026-07-01T01:55:18.889+0000][59.353s][info][gc,phases   ] GC(105)   Evacuate Collection Set: 15.59ms
[2026-07-01T01:55:18.889+0000][59.353s][info][gc,phases   ] GC(105)   Post Evacuate Collection Set: 0.47ms
[2026-07-01T01:55:18.889+0000][59.353s][info][gc,phases   ] GC(105)   Other: 0.08ms
[2026-07-01T01:55:18.889+0000][59.353s][info][gc,heap     ] GC(105) Eden regions: 89->0(88)
[2026-07-01T01:55:18.889+0000][59.353s][info][gc,heap     ] GC(105) Survivor regions: 7->7(12)
[2026-07-01T01:55:18.889+0000][59.353s][info][gc,heap     ] GC(105) Old regions: 162->163
[2026-07-01T01:55:18.889+0000][59.353s][info][gc,heap     ] GC(105) Humongous regions: 3->3
[2026-07-01T01:55:18.889+0000][59.353s][info][gc,metaspace] GC(105) Metaspace: 41655K(42496K)->41655K(42496K) NonClass: 36514K(36928K)->36514K(36928K) Class: 5140K(5568K)->5140K(5568K)
[2026-07-01T01:55:18.889+0000][59.353s][info][gc          ] GC(105) Pause Young (Concurrent Start) (G1 Evacuation Pause) 261M->171M(276M) 16.702ms
[2026-07-01T01:55:18.889+0000][59.353s][info][gc,cpu      ] GC(105) User=0.03s Sys=0.00s Real=0.02s
[2026-07-01T01:55:18.892+0000][59.355s][info][gc          ] GC(106) Concurrent Mark Cycle
[2026-07-01T01:55:18.892+0000][59.355s][info][gc,marking  ] GC(106) Concurrent Scan Root Regions
[2026-07-01T01:55:18.908+0000][59.371s][info][gc,marking  ] GC(106) Concurrent Scan Root Regions 15.868ms
[2026-07-01T01:55:18.908+0000][59.371s][info][gc,marking  ] GC(106) Concurrent Mark
[2026-07-01T01:55:18.908+0000][59.371s][info][gc,marking  ] GC(106) Concurrent Mark From Roots
[2026-07-01T01:55:18.908+0000][59.371s][info][gc,task     ] GC(106) Using 1 workers of 1 for marking
[2026-07-01T01:55:19.285+0000][59.748s][info][gc,marking  ] GC(106) Concurrent Mark From Roots 376.989ms
[2026-07-01T01:55:19.285+0000][59.748s][info][gc,marking  ] GC(106) Concurrent Preclean
[2026-07-01T01:55:19.285+0000][59.749s][info][gc,marking  ] GC(106) Concurrent Preclean 0.531ms
[2026-07-01T01:55:19.285+0000][59.749s][info][gc,start    ] GC(106) Pause Remark
[2026-07-01T01:55:19.292+0000][59.756s][info][gc          ] GC(106) Pause Remark 213M->213M(276M) 6.765ms
[2026-07-01T01:55:19.292+0000][59.756s][info][gc,cpu      ] GC(106) User=0.02s Sys=0.01s Real=0.01s
[2026-07-01T01:55:19.294+0000][59.758s][info][gc,marking  ] GC(106) Concurrent Mark 386.495ms
[2026-07-01T01:55:19.294+0000][59.758s][info][gc,marking  ] GC(106) Concurrent Rebuild Remembered Sets and Scrub Regions
[2026-07-01T01:55:19.410+0000][59.873s][info][gc,marking  ] GC(106) Concurrent Rebuild Remembered Sets and Scrub Regions 115.819ms
[2026-07-01T01:55:19.410+0000][59.874s][info][gc,start    ] GC(106) Pause Cleanup
[2026-07-01T01:55:19.410+0000][59.874s][info][gc          ] GC(106) Pause Cleanup 225M->225M(276M) 0.145ms
[2026-07-01T01:55:19.411+0000][59.874s][info][gc,cpu      ] GC(106) User=0.00s Sys=0.00s Real=0.00s
[2026-07-01T01:55:19.411+0000][59.874s][info][gc,marking  ] GC(106) Concurrent Clear Claimed Marks
[2026-07-01T01:55:19.411+0000][59.874s][info][gc,marking  ] GC(106) Concurrent Clear Claimed Marks 0.108ms
[2026-07-01T01:55:19.411+0000][59.874s][info][gc,marking  ] GC(106) Concurrent Cleanup for Next Mark
[2026-07-01T01:55:19.412+0000][59.875s][info][gc,marking  ] GC(106) Concurrent Cleanup for Next Mark 0.578ms
[2026-07-01T01:55:19.412+0000][59.875s][info][gc          ] GC(106) Concurrent Mark Cycle 519.903ms
[2026-07-01T01:55:19.660+0000][60.124s][info][gc,start    ] GC(107) Pause Young (Prepare Mixed) (G1 Evacuation Pause)
[2026-07-01T01:55:19.660+0000][60.124s][info][gc,task     ] GC(107) Using 2 workers of 2 for evacuation
[2026-07-01T01:55:19.677+0000][60.140s][info][gc,phases   ] GC(107)   Pre Evacuate Collection Set: 0.14ms
[2026-07-01T01:55:19.677+0000][60.140s][info][gc,phases   ] GC(107)   Merge Heap Roots: 0.39ms
[2026-07-01T01:55:19.677+0000][60.140s][info][gc,phases   ] GC(107)   Evacuate Collection Set: 15.53ms
[2026-07-01T01:55:19.677+0000][60.140s][info][gc,phases   ] GC(107)   Post Evacuate Collection Set: 0.49ms
[2026-07-01T01:55:19.677+0000][60.140s][info][gc,phases   ] GC(107)   Other: 0.06ms
[2026-07-01T01:55:19.677+0000][60.140s][info][gc,heap     ] GC(107) Eden regions: 88->0(88)
[2026-07-01T01:55:19.677+0000][60.140s][info][gc,heap     ] GC(107) Survivor regions: 7->7(12)
[2026-07-01T01:55:19.677+0000][60.140s][info][gc,heap     ] GC(107) Old regions: 163->163
[2026-07-01T01:55:19.677+0000][60.140s][info][gc,heap     ] GC(107) Humongous regions: 3->3
[2026-07-01T01:55:19.677+0000][60.140s][info][gc,metaspace] GC(107) Metaspace: 41655K(42496K)->41655K(42496K) NonClass: 36514K(36928K)->36514K(36928K) Class: 5140K(5568K)->5140K(5568K)
[2026-07-01T01:55:19.677+0000][60.140s][info][gc          ] GC(107) Pause Young (Prepare Mixed) (G1 Evacuation Pause) 259M->172M(276M) 16.824ms
[2026-07-01T01:55:19.677+0000][60.140s][info][gc,cpu      ] GC(107) User=0.03s Sys=0.00s Real=0.01s
[2026-07-01T01:55:20.340+0000][60.803s][info][gc,start    ] GC(108) Pause Young (Mixed) (G1 Evacuation Pause)
[2026-07-01T01:55:20.340+0000][60.803s][info][gc,task     ] GC(108) Using 2 workers of 2 for evacuation
[2026-07-01T01:55:20.366+0000][60.829s][info][gc,phases   ] GC(108)   Pre Evacuate Collection Set: 0.16ms
[2026-07-01T01:55:20.366+0000][60.829s][info][gc,phases   ] GC(108)   Merge Heap Roots: 0.27ms
[2026-07-01T01:55:20.366+0000][60.829s][info][gc,phases   ] GC(108)   Evacuate Collection Set: 24.79ms
[2026-07-01T01:55:20.366+0000][60.829s][info][gc,phases   ] GC(108)   Post Evacuate Collection Set: 0.58ms
[2026-07-01T01:55:20.366+0000][60.829s][info][gc,phases   ] GC(108)   Other: 0.08ms
[2026-07-01T01:55:20.366+0000][60.829s][info][gc,heap     ] GC(108) Eden regions: 88->0(88)
[2026-07-01T01:55:20.366+0000][60.829s][info][gc,heap     ] GC(108) Survivor regions: 7->7(12)
[2026-07-01T01:55:20.366+0000][60.829s][info][gc,heap     ] GC(108) Old regions: 163->163
[2026-07-01T01:55:20.366+0000][60.829s][info][gc,heap     ] GC(108) Humongous regions: 3->3
[2026-07-01T01:55:20.366+0000][60.829s][info][gc,metaspace] GC(108) Metaspace: 41655K(42496K)->41655K(42496K) NonClass: 36514K(36928K)->36514K(36928K) Class: 5140K(5568K)->5140K(5568K)
[2026-07-01T01:55:20.366+0000][60.829s][info][gc          ] GC(108) Pause Young (Mixed) (G1 Evacuation Pause) 260M->172M(276M) 26.063ms
[2026-07-01T01:55:20.366+0000][60.830s][info][gc,cpu      ] GC(108) User=0.04s Sys=0.00s Real=0.02s
[2026-07-01T01:55:20.914+0000][61.378s][info][gc,start    ] GC(109) Pause Young (Concurrent Start) (G1 Evacuation Pause)
[2026-07-01T01:55:20.914+0000][61.378s][info][gc,task     ] GC(109) Using 2 workers of 2 for evacuation
[2026-07-01T01:55:20.931+0000][61.395s][info][gc,phases   ] GC(109)   Pre Evacuate Collection Set: 0.15ms
[2026-07-01T01:55:20.931+0000][61.395s][info][gc,phases   ] GC(109)   Merge Heap Roots: 0.22ms
[2026-07-01T01:55:20.931+0000][61.395s][info][gc,phases   ] GC(109)   Evacuate Collection Set: 15.82ms
[2026-07-01T01:55:20.931+0000][61.395s][info][gc,phases   ] GC(109)   Post Evacuate Collection Set: 0.44ms
[2026-07-01T01:55:20.931+0000][61.395s][info][gc,phases   ] GC(109)   Other: 0.09ms
[2026-07-01T01:55:20.931+0000][61.395s][info][gc,heap     ] GC(109) Eden regions: 88->0(87)
[2026-07-01T01:55:20.931+0000][61.395s][info][gc,heap     ] GC(109) Survivor regions: 7->7(12)
[2026-07-01T01:55:20.931+0000][61.395s][info][gc,heap     ] GC(109) Old regions: 163->164
[2026-07-01T01:55:20.931+0000][61.395s][info][gc,heap     ] GC(109) Humongous regions: 3->3
[2026-07-01T01:55:20.931+0000][61.395s][info][gc,metaspace] GC(109) Metaspace: 41655K(42496K)->41655K(42496K) NonClass: 36514K(36928K)->36514K(36928K) Class: 5140K(5568K)->5140K(5568K)
[2026-07-01T01:55:20.931+0000][61.395s][info][gc          ] GC(109) Pause Young (Concurrent Start) (G1 Evacuation Pause) 260M->172M(276M) 16.895ms
[2026-07-01T01:55:20.931+0000][61.395s][info][gc          ] GC(110) Concurrent Mark Cycle
[2026-07-01T01:55:20.931+0000][61.395s][info][gc,marking  ] GC(110) Concurrent Scan Root Regions
[2026-07-01T01:55:20.931+0000][61.395s][info][gc,cpu      ] GC(109) User=0.03s Sys=0.00s Real=0.02s
[2026-07-01T01:55:20.943+0000][61.407s][info][gc,marking  ] GC(110) Concurrent Scan Root Regions 12.060ms
[2026-07-01T01:55:20.943+0000][61.407s][info][gc,marking  ] GC(110) Concurrent Mark
[2026-07-01T01:55:20.943+0000][61.407s][info][gc,marking  ] GC(110) Concurrent Mark From Roots
[2026-07-01T01:55:20.943+0000][61.407s][info][gc,task     ] GC(110) Using 1 workers of 1 for marking
[2026-07-01T01:55:21.349+0000][61.812s][info][gc,marking  ] GC(110) Concurrent Mark From Roots 405.332ms
[2026-07-01T01:55:21.349+0000][61.812s][info][gc,marking  ] GC(110) Concurrent Preclean
[2026-07-01T01:55:21.349+0000][61.812s][info][gc,marking  ] GC(110) Concurrent Preclean 0.066ms
[2026-07-01T01:55:21.349+0000][61.812s][info][gc,start    ] GC(110) Pause Remark
[2026-07-01T01:55:21.355+0000][61.819s][info][gc          ] GC(110) Pause Remark 241M->241M(276M) 6.464ms
[2026-07-01T01:55:21.355+0000][61.819s][info][gc,cpu      ] GC(110) User=0.01s Sys=0.00s Real=0.00s
[2026-07-01T01:55:21.358+0000][61.822s][info][gc,marking  ] GC(110) Concurrent Mark 415.054ms
[2026-07-01T01:55:21.358+0000][61.822s][info][gc,marking  ] GC(110) Concurrent Rebuild Remembered Sets and Scrub Regions
[2026-07-01T01:55:21.469+0000][61.933s][info][gc,start    ] GC(111) Pause Young (Normal) (G1 Evacuation Pause)
[2026-07-01T01:55:21.469+0000][61.933s][info][gc,task     ] GC(111) Using 2 workers of 2 for evacuation
[2026-07-01T01:55:21.487+0000][61.951s][info][gc,phases   ] GC(111)   Pre Evacuate Collection Set: 0.13ms
[2026-07-01T01:55:21.487+0000][61.951s][info][gc,phases   ] GC(111)   Merge Heap Roots: 0.33ms
[2026-07-01T01:55:21.487+0000][61.951s][info][gc,phases   ] GC(111)   Evacuate Collection Set: 17.01ms
[2026-07-01T01:55:21.487+0000][61.951s][info][gc,phases   ] GC(111)   Post Evacuate Collection Set: 0.41ms
[2026-07-01T01:55:21.487+0000][61.951s][info][gc,phases   ] GC(111)   Other: 0.06ms
[2026-07-01T01:55:21.487+0000][61.951s][info][gc,heap     ] GC(111) Eden regions: 87->0(87)
[2026-07-01T01:55:21.487+0000][61.951s][info][gc,heap     ] GC(111) Survivor regions: 7->7(12)
[2026-07-01T01:55:21.487+0000][61.951s][info][gc,heap     ] GC(111) Old regions: 164->164
[2026-07-01T01:55:21.487+0000][61.951s][info][gc,heap     ] GC(111) Humongous regions: 3->3
[2026-07-01T01:55:21.487+0000][61.951s][info][gc,metaspace] GC(111) Metaspace: 41655K(42496K)->41655K(42496K) NonClass: 36514K(36928K)->36514K(36928K) Class: 5140K(5568K)->5140K(5568K)
[2026-07-01T01:55:21.487+0000][61.951s][info][gc          ] GC(111) Pause Young (Normal) (G1 Evacuation Pause) 259M->172M(276M) 18.090ms
[2026-07-01T01:55:21.487+0000][61.951s][info][gc,cpu      ] GC(111) User=0.03s Sys=0.00s Real=0.01s
[2026-07-01T01:55:21.566+0000][62.029s][info][gc,marking  ] GC(110) Concurrent Rebuild Remembered Sets and Scrub Regions 207.109ms
[2026-07-01T01:55:21.566+0000][62.029s][info][gc,start    ] GC(110) Pause Cleanup
[2026-07-01T01:55:21.566+0000][62.029s][info][gc          ] GC(110) Pause Cleanup 186M->186M(276M) 0.148ms
[2026-07-01T01:55:21.566+0000][62.029s][info][gc,cpu      ] GC(110) User=0.00s Sys=0.00s Real=0.00s
[2026-07-01T01:55:21.567+0000][62.030s][info][gc,marking  ] GC(110) Concurrent Clear Claimed Marks
[2026-07-01T01:55:21.567+0000][62.030s][info][gc,marking  ] GC(110) Concurrent Clear Claimed Marks 0.091ms
[2026-07-01T01:55:21.567+0000][62.030s][info][gc,marking  ] GC(110) Concurrent Cleanup for Next Mark
[2026-07-01T01:55:21.568+0000][62.032s][info][gc,marking  ] GC(110) Concurrent Cleanup for Next Mark 1.590ms
[2026-07-01T01:55:21.569+0000][62.032s][info][gc          ] GC(110) Concurrent Mark Cycle 637.325ms
[2026-07-01T01:55:21.907+0000][62.370s][info][gc,start    ] GC(112) Pause Young (Prepare Mixed) (G1 Evacuation Pause)
[2026-07-01T01:55:21.907+0000][62.370s][info][gc,task     ] GC(112) Using 2 workers of 2 for evacuation
[2026-07-01T01:55:21.920+0000][62.384s][info][gc,phases   ] GC(112)   Pre Evacuate Collection Set: 0.16ms
[2026-07-01T01:55:21.920+0000][62.384s][info][gc,phases   ] GC(112)   Merge Heap Roots: 0.36ms
[2026-07-01T01:55:21.920+0000][62.384s][info][gc,phases   ] GC(112)   Evacuate Collection Set: 12.30ms
[2026-07-01T01:55:21.920+0000][62.384s][info][gc,phases   ] GC(112)   Post Evacuate Collection Set: 0.35ms
[2026-07-01T01:55:21.920+0000][62.384s][info][gc,phases   ] GC(112)   Other: 0.05ms
[2026-07-01T01:55:21.920+0000][62.384s][info][gc,heap     ] GC(112) Eden regions: 87->0(87)
[2026-07-01T01:55:21.920+0000][62.384s][info][gc,heap     ] GC(112) Survivor regions: 7->7(12)
[2026-07-01T01:55:21.920+0000][62.384s][info][gc,heap     ] GC(112) Old regions: 164->164
[2026-07-01T01:55:21.920+0000][62.384s][info][gc,heap     ] GC(112) Humongous regions: 3->3
[2026-07-01T01:55:21.920+0000][62.384s][info][gc,metaspace] GC(112) Metaspace: 41656K(42496K)->41656K(42496K) NonClass: 36515K(36928K)->36515K(36928K) Class: 5140K(5568K)->5140K(5568K)
[2026-07-01T01:55:21.920+0000][62.384s][info][gc          ] GC(112) Pause Young (Prepare Mixed) (G1 Evacuation Pause) 259M->173M(276M) 13.385ms
[2026-07-01T01:55:21.920+0000][62.384s][info][gc,cpu      ] GC(112) User=0.03s Sys=0.00s Real=0.02s
[2026-07-01T01:55:22.328+0000][62.791s][info][gc,start    ] GC(113) Pause Young (Mixed) (G1 Evacuation Pause)
[2026-07-01T01:55:22.328+0000][62.792s][info][gc,task     ] GC(113) Using 2 workers of 2 for evacuation
[2026-07-01T01:55:22.341+0000][62.805s][info][gc,phases   ] GC(113)   Pre Evacuate Collection Set: 0.15ms
[2026-07-01T01:55:22.341+0000][62.805s][info][gc,phases   ] GC(113)   Merge Heap Roots: 0.20ms
[2026-07-01T01:55:22.341+0000][62.805s][info][gc,phases   ] GC(113)   Evacuate Collection Set: 12.55ms
[2026-07-01T01:55:22.341+0000][62.805s][info][gc,phases   ] GC(113)   Post Evacuate Collection Set: 0.40ms
[2026-07-01T01:55:22.341+0000][62.805s][info][gc,phases   ] GC(113)   Other: 0.06ms
[2026-07-01T01:55:22.341+0000][62.805s][info][gc,heap     ] GC(113) Eden regions: 87->0(87)
[2026-07-01T01:55:22.342+0000][62.805s][info][gc,heap     ] GC(113) Survivor regions: 7->7(12)
[2026-07-01T01:55:22.342+0000][62.805s][info][gc,heap     ] GC(113) Old regions: 164->164
[2026-07-01T01:55:22.342+0000][62.805s][info][gc,heap     ] GC(113) Humongous regions: 3->3
[2026-07-01T01:55:22.342+0000][62.805s][info][gc,metaspace] GC(113) Metaspace: 41656K(42496K)->41656K(42496K) NonClass: 36515K(36928K)->36515K(36928K) Class: 5140K(5568K)->5140K(5568K)
[2026-07-01T01:55:22.342+0000][62.805s][info][gc          ] GC(113) Pause Young (Mixed) (G1 Evacuation Pause) 260M->173M(276M) 13.548ms
[2026-07-01T01:55:22.342+0000][62.805s][info][gc,cpu      ] GC(113) User=0.02s Sys=0.00s Real=0.02s
[2026-07-01T01:55:22.766+0000][63.229s][info][gc,start    ] GC(114) Pause Young (Concurrent Start) (G1 Evacuation Pause)
[2026-07-01T01:55:22.766+0000][63.229s][info][gc,task     ] GC(114) Using 2 workers of 2 for evacuation
[2026-07-01T01:55:22.783+0000][63.247s][info][gc,phases   ] GC(114)   Pre Evacuate Collection Set: 0.19ms
[2026-07-01T01:55:22.784+0000][63.247s][info][gc,phases   ] GC(114)   Merge Heap Roots: 0.41ms
[2026-07-01T01:55:22.784+0000][63.247s][info][gc,phases   ] GC(114)   Evacuate Collection Set: 16.77ms
[2026-07-01T01:55:22.784+0000][63.247s][info][gc,phases   ] GC(114)   Post Evacuate Collection Set: 0.39ms
[2026-07-01T01:55:22.784+0000][63.247s][info][gc,phases   ] GC(114)   Other: 0.15ms
[2026-07-01T01:55:22.784+0000][63.247s][info][gc,heap     ] GC(114) Eden regions: 87->0(86)
[2026-07-01T01:55:22.784+0000][63.247s][info][gc,heap     ] GC(114) Survivor regions: 7->7(12)
[2026-07-01T01:55:22.784+0000][63.247s][info][gc,heap     ] GC(114) Old regions: 164->165
[2026-07-01T01:55:22.784+0000][63.247s][info][gc,heap     ] GC(114) Humongous regions: 3->3
[2026-07-01T01:55:22.784+0000][63.247s][info][gc,metaspace] GC(114) Metaspace: 41657K(42496K)->41657K(42496K) NonClass: 36515K(36928K)->36515K(36928K) Class: 5141K(5568K)->5141K(5568K)
[2026-07-01T01:55:22.784+0000][63.247s][info][gc          ] GC(114) Pause Young (Concurrent Start) (G1 Evacuation Pause) 260M->173M(276M) 18.075ms
[2026-07-01T01:55:22.784+0000][63.247s][info][gc          ] GC(115) Concurrent Mark Cycle
[2026-07-01T01:55:22.784+0000][63.247s][info][gc,marking  ] GC(115) Concurrent Scan Root Regions
[2026-07-01T01:55:22.784+0000][63.247s][info][gc,cpu      ] GC(114) User=0.03s Sys=0.00s Real=0.02s
[2026-07-01T01:55:22.801+0000][63.265s][info][gc,marking  ] GC(115) Concurrent Scan Root Regions 17.745ms
[2026-07-01T01:55:22.801+0000][63.265s][info][gc,marking  ] GC(115) Concurrent Mark
[2026-07-01T01:55:22.801+0000][63.265s][info][gc,marking  ] GC(115) Concurrent Mark From Roots
[2026-07-01T01:55:22.801+0000][63.265s][info][gc,task     ] GC(115) Using 1 workers of 1 for marking
[2026-07-01T01:55:23.196+0000][63.660s][info][gc,marking  ] GC(115) Concurrent Mark From Roots 394.801ms
[2026-07-01T01:55:23.196+0000][63.660s][info][gc,marking  ] GC(115) Concurrent Preclean
[2026-07-01T01:55:23.197+0000][63.661s][info][gc,marking  ] GC(115) Concurrent Preclean 0.975ms
[2026-07-01T01:55:23.198+0000][63.662s][info][gc,start    ] GC(115) Pause Remark
[2026-07-01T01:55:23.206+0000][63.669s][info][gc          ] GC(115) Pause Remark 242M->242M(276M) 7.442ms
[2026-07-01T01:55:23.206+0000][63.669s][info][gc,cpu      ] GC(115) User=0.01s Sys=0.00s Real=0.00s
[2026-07-01T01:55:23.208+0000][63.672s][info][gc,marking  ] GC(115) Concurrent Mark 407.045ms
[2026-07-01T01:55:23.208+0000][63.672s][info][gc,marking  ] GC(115) Concurrent Rebuild Remembered Sets and Scrub Regions
[2026-07-01T01:55:23.301+0000][63.765s][info][gc,start    ] GC(116) Pause Young (Normal) (G1 Evacuation Pause)
[2026-07-01T01:55:23.301+0000][63.765s][info][gc,task     ] GC(116) Using 2 workers of 2 for evacuation
[2026-07-01T01:55:23.319+0000][63.783s][info][gc,phases   ] GC(116)   Pre Evacuate Collection Set: 0.22ms
[2026-07-01T01:55:23.319+0000][63.783s][info][gc,phases   ] GC(116)   Merge Heap Roots: 0.73ms
[2026-07-01T01:55:23.319+0000][63.783s][info][gc,phases   ] GC(116)   Evacuate Collection Set: 16.44ms
[2026-07-01T01:55:23.319+0000][63.783s][info][gc,phases   ] GC(116)   Post Evacuate Collection Set: 0.48ms
[2026-07-01T01:55:23.319+0000][63.783s][info][gc,phases   ] GC(116)   Other: 0.06ms
[2026-07-01T01:55:23.319+0000][63.783s][info][gc,heap     ] GC(116) Eden regions: 86->0(86)
[2026-07-01T01:55:23.319+0000][63.783s][info][gc,heap     ] GC(116) Survivor regions: 7->7(12)
[2026-07-01T01:55:23.319+0000][63.783s][info][gc,heap     ] GC(116) Old regions: 165->165
[2026-07-01T01:55:23.319+0000][63.783s][info][gc,heap     ] GC(116) Humongous regions: 3->3
[2026-07-01T01:55:23.319+0000][63.783s][info][gc,metaspace] GC(116) Metaspace: 41657K(42496K)->41657K(42496K) NonClass: 36515K(36928K)->36515K(36928K) Class: 5141K(5568K)->5141K(5568K)
[2026-07-01T01:55:23.319+0000][63.783s][info][gc          ] GC(116) Pause Young (Normal) (G1 Evacuation Pause) 259M->174M(276M) 18.093ms
[2026-07-01T01:55:23.319+0000][63.783s][info][gc,cpu      ] GC(116) User=0.04s Sys=0.00s Real=0.02s
[2026-07-01T01:55:23.404+0000][63.867s][info][gc,marking  ] GC(115) Concurrent Rebuild Remembered Sets and Scrub Regions 195.378ms
[2026-07-01T01:55:23.404+0000][63.868s][info][gc,start    ] GC(115) Pause Cleanup
[2026-07-01T01:55:23.404+0000][63.868s][info][gc          ] GC(115) Pause Cleanup 190M->190M(276M) 0.203ms
[2026-07-01T01:55:23.404+0000][63.868s][info][gc,cpu      ] GC(115) User=0.00s Sys=0.00s Real=0.00s
[2026-07-01T01:55:23.405+0000][63.868s][info][gc,marking  ] GC(115) Concurrent Clear Claimed Marks
[2026-07-01T01:55:23.405+0000][63.868s][info][gc,marking  ] GC(115) Concurrent Clear Claimed Marks 0.091ms
[2026-07-01T01:55:23.405+0000][63.868s][info][gc,marking  ] GC(115) Concurrent Cleanup for Next Mark
[2026-07-01T01:55:23.405+0000][63.869s][info][gc,marking  ] GC(115) Concurrent Cleanup for Next Mark 0.508ms
[2026-07-01T01:55:23.405+0000][63.869s][info][gc          ] GC(115) Concurrent Mark Cycle 621.672ms
[2026-07-01T01:55:23.732+0000][64.196s][info][gc,start    ] GC(117) Pause Young (Prepare Mixed) (G1 Evacuation Pause)
[2026-07-01T01:55:23.732+0000][64.196s][info][gc,task     ] GC(117) Using 2 workers of 2 for evacuation
[2026-07-01T01:55:23.745+0000][64.208s][info][gc,phases   ] GC(117)   Pre Evacuate Collection Set: 0.19ms
[2026-07-01T01:55:23.745+0000][64.208s][info][gc,phases   ] GC(117)   Merge Heap Roots: 0.62ms
[2026-07-01T01:55:23.745+0000][64.209s][info][gc,phases   ] GC(117)   Evacuate Collection Set: 11.36ms
[2026-07-01T01:55:23.745+0000][64.209s][info][gc,phases   ] GC(117)   Post Evacuate Collection Set: 0.37ms
[2026-07-01T01:55:23.745+0000][64.209s][info][gc,phases   ] GC(117)   Other: 0.06ms
[2026-07-01T01:55:23.745+0000][64.209s][info][gc,heap     ] GC(117) Eden regions: 86->0(86)
[2026-07-01T01:55:23.745+0000][64.209s][info][gc,heap     ] GC(117) Survivor regions: 7->7(12)
[2026-07-01T01:55:23.745+0000][64.209s][info][gc,heap     ] GC(117) Old regions: 165->165
[2026-07-01T01:55:23.745+0000][64.209s][info][gc,heap     ] GC(117) Humongous regions: 3->3
[2026-07-01T01:55:23.745+0000][64.209s][info][gc,metaspace] GC(117) Metaspace: 41657K(42496K)->41657K(42496K) NonClass: 36515K(36928K)->36515K(36928K) Class: 5141K(5568K)->5141K(5568K)
[2026-07-01T01:55:23.745+0000][64.209s][info][gc          ] GC(117) Pause Young (Prepare Mixed) (G1 Evacuation Pause) 260M->174M(276M) 12.759ms
[2026-07-01T01:55:23.745+0000][64.209s][info][gc,cpu      ] GC(117) User=0.03s Sys=0.00s Real=0.01s
[2026-07-01T01:55:24.139+0000][64.602s][info][gc,start    ] GC(118) Pause Young (Mixed) (G1 Evacuation Pause)
[2026-07-01T01:55:24.139+0000][64.602s][info][gc,task     ] GC(118) Using 2 workers of 2 for evacuation
[2026-07-01T01:55:24.151+0000][64.615s][info][gc,phases   ] GC(118)   Pre Evacuate Collection Set: 0.15ms
[2026-07-01T01:55:24.151+0000][64.615s][info][gc,phases   ] GC(118)   Merge Heap Roots: 0.20ms
[2026-07-01T01:55:24.151+0000][64.615s][info][gc,phases   ] GC(118)   Evacuate Collection Set: 11.86ms
[2026-07-01T01:55:24.151+0000][64.615s][info][gc,phases   ] GC(118)   Post Evacuate Collection Set: 0.37ms
[2026-07-01T01:55:24.151+0000][64.615s][info][gc,phases   ] GC(118)   Other: 0.06ms
[2026-07-01T01:55:24.151+0000][64.615s][info][gc,heap     ] GC(118) Eden regions: 86->0(85)
[2026-07-01T01:55:24.151+0000][64.615s][info][gc,heap     ] GC(118) Survivor regions: 7->7(12)
[2026-07-01T01:55:24.151+0000][64.615s][info][gc,heap     ] GC(118) Old regions: 165->166
[2026-07-01T01:55:24.151+0000][64.615s][info][gc,heap     ] GC(118) Humongous regions: 3->3
[2026-07-01T01:55:24.151+0000][64.615s][info][gc,metaspace] GC(118) Metaspace: 41658K(42496K)->41658K(42496K) NonClass: 36517K(36928K)->36517K(36928K) Class: 5141K(5568K)->5141K(5568K)
[2026-07-01T01:55:24.151+0000][64.615s][info][gc          ] GC(118) Pause Young (Mixed) (G1 Evacuation Pause) 260M->174M(276M) 12.794ms
[2026-07-01T01:55:24.151+0000][64.615s][info][gc,cpu      ] GC(118) User=0.03s Sys=0.00s Real=0.01s
[2026-07-01T01:55:24.557+0000][65.021s][info][gc,start    ] GC(119) Pause Young (Concurrent Start) (G1 Evacuation Pause)
[2026-07-01T01:55:24.557+0000][65.021s][info][gc,task     ] GC(119) Using 2 workers of 2 for evacuation
[2026-07-01T01:55:24.573+0000][65.037s][info][gc,phases   ] GC(119)   Pre Evacuate Collection Set: 0.21ms
[2026-07-01T01:55:24.573+0000][65.037s][info][gc,phases   ] GC(119)   Merge Heap Roots: 0.23ms
[2026-07-01T01:55:24.573+0000][65.037s][info][gc,phases   ] GC(119)   Evacuate Collection Set: 15.02ms
[2026-07-01T01:55:24.573+0000][65.037s][info][gc,phases   ] GC(119)   Post Evacuate Collection Set: 0.48ms
[2026-07-01T01:55:24.573+0000][65.037s][info][gc,phases   ] GC(119)   Other: 0.08ms
[2026-07-01T01:55:24.573+0000][65.037s][info][gc,heap     ] GC(119) Eden regions: 85->0(86)
[2026-07-01T01:55:24.573+0000][65.037s][info][gc,heap     ] GC(119) Survivor regions: 7->6(12)
[2026-07-01T01:55:24.573+0000][65.037s][info][gc,heap     ] GC(119) Old regions: 166->166
[2026-07-01T01:55:24.573+0000][65.037s][info][gc,heap     ] GC(119) Humongous regions: 3->3
[2026-07-01T01:55:24.573+0000][65.037s][info][gc,metaspace] GC(119) Metaspace: 41658K(42496K)->41658K(42496K) NonClass: 36517K(36928K)->36517K(36928K) Class: 5141K(5568K)->5141K(5568K)
[2026-07-01T01:55:24.573+0000][65.037s][info][gc          ] GC(119) Pause Young (Concurrent Start) (G1 Evacuation Pause) 259M->174M(276M) 16.183ms
[2026-07-01T01:55:24.573+0000][65.037s][info][gc          ] GC(120) Concurrent Mark Cycle
[2026-07-01T01:55:24.573+0000][65.037s][info][gc,marking  ] GC(120) Concurrent Scan Root Regions
[2026-07-01T01:55:24.573+0000][65.037s][info][gc,cpu      ] GC(119) User=0.03s Sys=0.00s Real=0.02s
[2026-07-01T01:55:24.593+0000][65.056s][info][gc,marking  ] GC(120) Concurrent Scan Root Regions 19.350ms
[2026-07-01T01:55:24.593+0000][65.056s][info][gc,marking  ] GC(120) Concurrent Mark
[2026-07-01T01:55:24.593+0000][65.056s][info][gc,marking  ] GC(120) Concurrent Mark From Roots
[2026-07-01T01:55:24.593+0000][65.056s][info][gc,task     ] GC(120) Using 1 workers of 1 for marking
[2026-07-01T01:55:25.059+0000][65.522s][info][gc,marking  ] GC(120) Concurrent Mark From Roots 466.219ms
[2026-07-01T01:55:25.059+0000][65.523s][info][gc,marking  ] GC(120) Concurrent Preclean
[2026-07-01T01:55:25.059+0000][65.523s][info][gc,marking  ] GC(120) Concurrent Preclean 0.156ms
[2026-07-01T01:55:25.059+0000][65.523s][info][gc,start    ] GC(120) Pause Remark
[2026-07-01T01:55:25.074+0000][65.537s][info][gc          ] GC(120) Pause Remark 247M->247M(276M) 14.208ms
[2026-07-01T01:55:25.074+0000][65.537s][info][gc,cpu      ] GC(120) User=0.02s Sys=0.00s Real=0.01s
[2026-07-01T01:55:25.079+0000][65.542s][info][gc,marking  ] GC(120) Concurrent Mark 485.918ms
[2026-07-01T01:55:25.079+0000][65.542s][info][gc,marking  ] GC(120) Concurrent Rebuild Remembered Sets and Scrub Regions
[2026-07-01T01:55:25.171+0000][65.634s][info][gc,start    ] GC(121) Pause Young (Normal) (G1 Evacuation Pause)
[2026-07-01T01:55:25.171+0000][65.634s][info][gc,task     ] GC(121) Using 2 workers of 2 for evacuation
[2026-07-01T01:55:25.204+0000][65.667s][info][gc,phases   ] GC(121)   Pre Evacuate Collection Set: 0.15ms
[2026-07-01T01:55:25.204+0000][65.667s][info][gc,phases   ] GC(121)   Merge Heap Roots: 0.60ms
[2026-07-01T01:55:25.204+0000][65.667s][info][gc,phases   ] GC(121)   Evacuate Collection Set: 31.55ms
[2026-07-01T01:55:25.204+0000][65.667s][info][gc,phases   ] GC(121)   Post Evacuate Collection Set: 0.74ms
[2026-07-01T01:55:25.204+0000][65.667s][info][gc,phases   ] GC(121)   Other: 0.06ms
[2026-07-01T01:55:25.204+0000][65.667s][info][gc,heap     ] GC(121) Eden regions: 86->0(86)
[2026-07-01T01:55:25.204+0000][65.667s][info][gc,heap     ] GC(121) Survivor regions: 6->6(12)
[2026-07-01T01:55:25.204+0000][65.667s][info][gc,heap     ] GC(121) Old regions: 166->166
[2026-07-01T01:55:25.204+0000][65.667s][info][gc,heap     ] GC(121) Humongous regions: 3->3
[2026-07-01T01:55:25.204+0000][65.667s][info][gc,metaspace] GC(121) Metaspace: 41658K(42496K)->41658K(42496K) NonClass: 36517K(36928K)->36517K(36928K) Class: 5141K(5568K)->5141K(5568K)
[2026-07-01T01:55:25.204+0000][65.667s][info][gc          ] GC(121) Pause Young (Normal) (G1 Evacuation Pause) 260M->174M(276M) 33.297ms
[2026-07-01T01:55:25.204+0000][65.667s][info][gc,cpu      ] GC(121) User=0.03s Sys=0.01s Real=0.03s
[2026-07-01T01:55:25.291+0000][65.754s][info][gc,marking  ] GC(120) Concurrent Rebuild Remembered Sets and Scrub Regions 212.185ms
[2026-07-01T01:55:25.292+0000][65.755s][info][gc,start    ] GC(120) Pause Cleanup
[2026-07-01T01:55:25.292+0000][65.755s][info][gc          ] GC(120) Pause Cleanup 186M->186M(276M) 0.162ms
[2026-07-01T01:55:25.292+0000][65.755s][info][gc,cpu      ] GC(120) User=0.00s Sys=0.00s Real=0.00s
[2026-07-01T01:55:25.292+0000][65.755s][info][gc,marking  ] GC(120) Concurrent Clear Claimed Marks
[2026-07-01T01:55:25.292+0000][65.756s][info][gc,marking  ] GC(120) Concurrent Clear Claimed Marks 0.105ms
[2026-07-01T01:55:25.292+0000][65.756s][info][gc,marking  ] GC(120) Concurrent Cleanup for Next Mark
[2026-07-01T01:55:25.293+0000][65.756s][info][gc,marking  ] GC(120) Concurrent Cleanup for Next Mark 0.668ms
[2026-07-01T01:55:25.293+0000][65.756s][info][gc          ] GC(120) Concurrent Mark Cycle 719.425ms
[2026-07-01T01:55:25.822+0000][66.286s][info][gc,start    ] GC(122) Pause Young (Prepare Mixed) (G1 Evacuation Pause)
[2026-07-01T01:55:25.822+0000][66.286s][info][gc,task     ] GC(122) Using 2 workers of 2 for evacuation
[2026-07-01T01:55:25.839+0000][66.302s][info][gc,phases   ] GC(122)   Pre Evacuate Collection Set: 0.17ms
[2026-07-01T01:55:25.839+0000][66.302s][info][gc,phases   ] GC(122)   Merge Heap Roots: 0.38ms
[2026-07-01T01:55:25.839+0000][66.302s][info][gc,phases   ] GC(122)   Evacuate Collection Set: 15.47ms
[2026-07-01T01:55:25.839+0000][66.302s][info][gc,phases   ] GC(122)   Post Evacuate Collection Set: 0.45ms
[2026-07-01T01:55:25.839+0000][66.302s][info][gc,phases   ] GC(122)   Other: 0.06ms
[2026-07-01T01:55:25.839+0000][66.302s][info][gc,heap     ] GC(122) Eden regions: 86->0(85)
[2026-07-01T01:55:25.839+0000][66.302s][info][gc,heap     ] GC(122) Survivor regions: 6->6(12)
[2026-07-01T01:55:25.839+0000][66.302s][info][gc,heap     ] GC(122) Old regions: 166->167
[2026-07-01T01:55:25.839+0000][66.302s][info][gc,heap     ] GC(122) Humongous regions: 3->3
[2026-07-01T01:55:25.839+0000][66.302s][info][gc,metaspace] GC(122) Metaspace: 41658K(42496K)->41658K(42496K) NonClass: 36517K(36928K)->36517K(36928K) Class: 5141K(5568K)->5141K(5568K)
[2026-07-01T01:55:25.839+0000][66.302s][info][gc          ] GC(122) Pause Young (Prepare Mixed) (G1 Evacuation Pause) 260M->175M(276M) 16.714ms
[2026-07-01T01:55:25.839+0000][66.302s][info][gc,cpu      ] GC(122) User=0.03s Sys=0.00s Real=0.02s
[2026-07-01T01:55:26.489+0000][66.952s][info][gc,start    ] GC(123) Pause Young (Mixed) (G1 Evacuation Pause)
[2026-07-01T01:55:26.489+0000][66.952s][info][gc,task     ] GC(123) Using 2 workers of 2 for evacuation
[2026-07-01T01:55:26.509+0000][66.972s][info][gc,phases   ] GC(123)   Pre Evacuate Collection Set: 0.22ms
[2026-07-01T01:55:26.509+0000][66.972s][info][gc,phases   ] GC(123)   Merge Heap Roots: 0.32ms
[2026-07-01T01:55:26.509+0000][66.972s][info][gc,phases   ] GC(123)   Evacuate Collection Set: 18.44ms
[2026-07-01T01:55:26.509+0000][66.972s][info][gc,phases   ] GC(123)   Post Evacuate Collection Set: 0.70ms
[2026-07-01T01:55:26.509+0000][66.972s][info][gc,phases   ] GC(123)   Other: 0.08ms
[2026-07-01T01:55:26.509+0000][66.972s][info][gc,heap     ] GC(123) Eden regions: 85->0(84)
[2026-07-01T01:55:26.509+0000][66.972s][info][gc,heap     ] GC(123) Survivor regions: 6->7(12)
[2026-07-01T01:55:26.509+0000][66.972s][info][gc,heap     ] GC(123) Old regions: 167->167
[2026-07-01T01:55:26.509+0000][66.972s][info][gc,heap     ] GC(123) Humongous regions: 3->3
[2026-07-01T01:55:26.509+0000][66.972s][info][gc,metaspace] GC(123) Metaspace: 41658K(42496K)->41658K(42496K) NonClass: 36517K(36928K)->36517K(36928K) Class: 5141K(5568K)->5141K(5568K)
[2026-07-01T01:55:26.509+0000][66.972s][info][gc          ] GC(123) Pause Young (Mixed) (G1 Evacuation Pause) 260M->175M(276M) 19.945ms
[2026-07-01T01:55:26.509+0000][66.972s][info][gc,cpu      ] GC(123) User=0.04s Sys=0.01s Real=0.02s
[2026-07-01T01:55:27.128+0000][67.591s][info][gc,start    ] GC(124) Pause Young (Concurrent Start) (G1 Evacuation Pause)
[2026-07-01T01:55:27.128+0000][67.591s][info][gc,task     ] GC(124) Using 2 workers of 2 for evacuation
[2026-07-01T01:55:27.144+0000][67.607s][info][gc,phases   ] GC(124)   Pre Evacuate Collection Set: 0.19ms
[2026-07-01T01:55:27.144+0000][67.608s][info][gc,phases   ] GC(124)   Merge Heap Roots: 0.30ms
[2026-07-01T01:55:27.144+0000][67.608s][info][gc,phases   ] GC(124)   Evacuate Collection Set: 15.16ms
[2026-07-01T01:55:27.144+0000][67.608s][info][gc,phases   ] GC(124)   Post Evacuate Collection Set: 0.39ms
[2026-07-01T01:55:27.144+0000][67.608s][info][gc,phases   ] GC(124)   Other: 0.07ms
[2026-07-01T01:55:27.144+0000][67.608s][info][gc,heap     ] GC(124) Eden regions: 84->0(85)
[2026-07-01T01:55:27.144+0000][67.608s][info][gc,heap     ] GC(124) Survivor regions: 7->6(12)
[2026-07-01T01:55:27.144+0000][67.608s][info][gc,heap     ] GC(124) Old regions: 167->167
[2026-07-01T01:55:27.144+0000][67.608s][info][gc,heap     ] GC(124) Humongous regions: 3->3
[2026-07-01T01:55:27.144+0000][67.608s][info][gc,metaspace] GC(124) Metaspace: 41661K(42496K)->41661K(42496K) NonClass: 36520K(36928K)->36520K(36928K) Class: 5141K(5568K)->5141K(5568K)
[2026-07-01T01:55:27.144+0000][67.608s][info][gc          ] GC(124) Pause Young (Concurrent Start) (G1 Evacuation Pause) 259M->175M(276M) 16.333ms
[2026-07-01T01:55:27.144+0000][67.608s][info][gc          ] GC(125) Concurrent Mark Cycle
[2026-07-01T01:55:27.144+0000][67.608s][info][gc,marking  ] GC(125) Concurrent Scan Root Regions
[2026-07-01T01:55:27.144+0000][67.608s][info][gc,cpu      ] GC(124) User=0.03s Sys=0.00s Real=0.02s
[2026-07-01T01:55:27.159+0000][67.622s][info][gc,marking  ] GC(125) Concurrent Scan Root Regions 14.607ms
[2026-07-01T01:55:27.159+0000][67.622s][info][gc,marking  ] GC(125) Concurrent Mark
[2026-07-01T01:55:27.159+0000][67.622s][info][gc,marking  ] GC(125) Concurrent Mark From Roots
[2026-07-01T01:55:27.159+0000][67.622s][info][gc,task     ] GC(125) Using 1 workers of 1 for marking
[2026-07-01T01:55:27.500+0000][67.963s][info][gc,marking  ] GC(125) Concurrent Mark From Roots 340.962ms
[2026-07-01T01:55:27.500+0000][67.963s][info][gc,marking  ] GC(125) Concurrent Preclean
[2026-07-01T01:55:27.500+0000][67.964s][info][gc,marking  ] GC(125) Concurrent Preclean 0.213ms
[2026-07-01T01:55:27.500+0000][67.964s][info][gc,start    ] GC(125) Pause Remark
[2026-07-01T01:55:27.507+0000][67.971s][info][gc          ] GC(125) Pause Remark 213M->213M(276M) 6.972ms
[2026-07-01T01:55:27.507+0000][67.971s][info][gc,cpu      ] GC(125) User=0.01s Sys=0.00s Real=0.00s
[2026-07-01T01:55:27.510+0000][67.974s][info][gc,marking  ] GC(125) Concurrent Mark 351.278ms
[2026-07-01T01:55:27.510+0000][67.974s][info][gc,marking  ] GC(125) Concurrent Rebuild Remembered Sets and Scrub Regions
[2026-07-01T01:55:27.705+0000][68.168s][info][gc,marking  ] GC(125) Concurrent Rebuild Remembered Sets and Scrub Regions 194.383ms
[2026-07-01T01:55:27.705+0000][68.168s][info][gc,start    ] GC(125) Pause Cleanup
[2026-07-01T01:55:27.705+0000][68.168s][info][gc          ] GC(125) Pause Cleanup 234M->234M(276M) 0.193ms
[2026-07-01T01:55:27.705+0000][68.168s][info][gc,cpu      ] GC(125) User=0.00s Sys=0.00s Real=0.00s
[2026-07-01T01:55:27.706+0000][68.169s][info][gc,marking  ] GC(125) Concurrent Clear Claimed Marks
[2026-07-01T01:55:27.706+0000][68.169s][info][gc,marking  ] GC(125) Concurrent Clear Claimed Marks 0.092ms
[2026-07-01T01:55:27.706+0000][68.169s][info][gc,marking  ] GC(125) Concurrent Cleanup for Next Mark
[2026-07-01T01:55:27.708+0000][68.171s][info][gc,marking  ] GC(125) Concurrent Cleanup for Next Mark 1.586ms
[2026-07-01T01:55:27.708+0000][68.171s][info][gc          ] GC(125) Concurrent Mark Cycle 563.437ms
[2026-07-01T01:55:27.905+0000][68.369s][info][gc,start    ] GC(126) Pause Young (Prepare Mixed) (G1 Evacuation Pause)
[2026-07-01T01:55:27.905+0000][68.369s][info][gc,task     ] GC(126) Using 2 workers of 2 for evacuation
[2026-07-01T01:55:27.921+0000][68.385s][info][gc,phases   ] GC(126)   Pre Evacuate Collection Set: 0.19ms
[2026-07-01T01:55:27.921+0000][68.385s][info][gc,phases   ] GC(126)   Merge Heap Roots: 0.42ms
[2026-07-01T01:55:27.921+0000][68.385s][info][gc,phases   ] GC(126)   Evacuate Collection Set: 14.84ms
[2026-07-01T01:55:27.921+0000][68.385s][info][gc,phases   ] GC(126)   Post Evacuate Collection Set: 0.45ms
[2026-07-01T01:55:27.921+0000][68.385s][info][gc,phases   ] GC(126)   Other: 0.06ms
[2026-07-01T01:55:27.921+0000][68.385s][info][gc,heap     ] GC(126) Eden regions: 85->0(85)
[2026-07-01T01:55:27.921+0000][68.385s][info][gc,heap     ] GC(126) Survivor regions: 6->6(12)
[2026-07-01T01:55:27.921+0000][68.385s][info][gc,heap     ] GC(126) Old regions: 167->167
[2026-07-01T01:55:27.921+0000][68.385s][info][gc,heap     ] GC(126) Humongous regions: 3->3
[2026-07-01T01:55:27.921+0000][68.385s][info][gc,metaspace] GC(126) Metaspace: 41665K(42496K)->41665K(42496K) NonClass: 36524K(36928K)->36524K(36928K) Class: 5141K(5568K)->5141K(5568K)
[2026-07-01T01:55:27.921+0000][68.385s][info][gc          ] GC(126) Pause Young (Prepare Mixed) (G1 Evacuation Pause) 260M->175M(276M) 16.146ms
[2026-07-01T01:55:27.922+0000][68.385s][info][gc,cpu      ] GC(126) User=0.03s Sys=0.00s Real=0.02s
[2026-07-01T01:55:28.533+0000][68.996s][info][gc,start    ] GC(127) Pause Young (Mixed) (G1 Evacuation Pause)
[2026-07-01T01:55:28.533+0000][68.996s][info][gc,task     ] GC(127) Using 2 workers of 2 for evacuation
[2026-07-01T01:55:28.553+0000][69.016s][info][gc,phases   ] GC(127)   Pre Evacuate Collection Set: 0.20ms
[2026-07-01T01:55:28.553+0000][69.016s][info][gc,phases   ] GC(127)   Merge Heap Roots: 0.48ms
[2026-07-01T01:55:28.553+0000][69.016s][info][gc,phases   ] GC(127)   Evacuate Collection Set: 18.61ms
[2026-07-01T01:55:28.553+0000][69.016s][info][gc,phases   ] GC(127)   Post Evacuate Collection Set: 0.41ms
[2026-07-01T01:55:28.553+0000][69.016s][info][gc,phases   ] GC(127)   Other: 0.07ms
[2026-07-01T01:55:28.553+0000][69.016s][info][gc,heap     ] GC(127) Eden regions: 85->0(84)
[2026-07-01T01:55:28.553+0000][69.016s][info][gc,heap     ] GC(127) Survivor regions: 6->7(12)
[2026-07-01T01:55:28.553+0000][69.016s][info][gc,heap     ] GC(127) Old regions: 167->167
[2026-07-01T01:55:28.553+0000][69.016s][info][gc,heap     ] GC(127) Humongous regions: 3->3
[2026-07-01T01:55:28.553+0000][69.016s][info][gc,metaspace] GC(127) Metaspace: 41668K(42496K)->41668K(42496K) NonClass: 36526K(36928K)->36526K(36928K) Class: 5141K(5568K)->5141K(5568K)
[2026-07-01T01:55:28.553+0000][69.016s][info][gc          ] GC(127) Pause Young (Mixed) (G1 Evacuation Pause) 260M->176M(276M) 19.928ms
[2026-07-01T01:55:28.553+0000][69.016s][info][gc,cpu      ] GC(127) User=0.04s Sys=0.00s Real=0.02s
[2026-07-01T01:55:28.959+0000][69.423s][info][gc,start    ] GC(128) Pause Young (Concurrent Start) (G1 Evacuation Pause)
[2026-07-01T01:55:28.959+0000][69.423s][info][gc,task     ] GC(128) Using 2 workers of 2 for evacuation
[2026-07-01T01:55:28.975+0000][69.438s][info][gc,phases   ] GC(128)   Pre Evacuate Collection Set: 0.16ms
[2026-07-01T01:55:28.975+0000][69.438s][info][gc,phases   ] GC(128)   Merge Heap Roots: 0.24ms
[2026-07-01T01:55:28.975+0000][69.438s][info][gc,phases   ] GC(128)   Evacuate Collection Set: 15.00ms
[2026-07-01T01:55:28.975+0000][69.438s][info][gc,phases   ] GC(128)   Post Evacuate Collection Set: 0.34ms
[2026-07-01T01:55:28.975+0000][69.438s][info][gc,phases   ] GC(128)   Other: 0.06ms
[2026-07-01T01:55:28.975+0000][69.438s][info][gc,heap     ] GC(128) Eden regions: 84->0(83)
[2026-07-01T01:55:28.975+0000][69.438s][info][gc,heap     ] GC(128) Survivor regions: 7->7(12)
[2026-07-01T01:55:28.975+0000][69.438s][info][gc,heap     ] GC(128) Old regions: 167->168
[2026-07-01T01:55:28.975+0000][69.438s][info][gc,heap     ] GC(128) Humongous regions: 3->3
[2026-07-01T01:55:28.975+0000][69.438s][info][gc,metaspace] GC(128) Metaspace: 41668K(42496K)->41668K(42496K) NonClass: 36526K(36928K)->36526K(36928K) Class: 5141K(5568K)->5141K(5568K)
[2026-07-01T01:55:28.975+0000][69.438s][info][gc          ] GC(128) Pause Young (Concurrent Start) (G1 Evacuation Pause) 260M->176M(276M) 15.977ms
[2026-07-01T01:55:28.975+0000][69.439s][info][gc,cpu      ] GC(128) User=0.03s Sys=0.00s Real=0.01s
[2026-07-01T01:55:28.979+0000][69.442s][info][gc          ] GC(129) Concurrent Mark Cycle
[2026-07-01T01:55:28.979+0000][69.442s][info][gc,marking  ] GC(129) Concurrent Scan Root Regions
[2026-07-01T01:55:28.996+0000][69.460s][info][gc,marking  ] GC(129) Concurrent Scan Root Regions 17.430ms
[2026-07-01T01:55:28.997+0000][69.460s][info][gc,marking  ] GC(129) Concurrent Mark
[2026-07-01T01:55:28.997+0000][69.460s][info][gc,marking  ] GC(129) Concurrent Mark From Roots
[2026-07-01T01:55:28.997+0000][69.460s][info][gc,task     ] GC(129) Using 1 workers of 1 for marking
[2026-07-01T01:55:29.421+0000][69.884s][info][gc,start    ] GC(130) Pause Young (Normal) (G1 Evacuation Pause)
[2026-07-01T01:55:29.421+0000][69.884s][info][gc,task     ] GC(130) Using 2 workers of 2 for evacuation
[2026-07-01T01:55:29.432+0000][69.895s][info][gc,phases   ] GC(130)   Pre Evacuate Collection Set: 0.12ms
[2026-07-01T01:55:29.432+0000][69.895s][info][gc,phases   ] GC(130)   Merge Heap Roots: 0.20ms
[2026-07-01T01:55:29.432+0000][69.895s][info][gc,phases   ] GC(130)   Evacuate Collection Set: 10.55ms
[2026-07-01T01:55:29.432+0000][69.895s][info][gc,phases   ] GC(130)   Post Evacuate Collection Set: 0.37ms
[2026-07-01T01:55:29.432+0000][69.895s][info][gc,phases   ] GC(130)   Other: 0.05ms
[2026-07-01T01:55:29.432+0000][69.895s][info][gc,heap     ] GC(130) Eden regions: 83->0(84)
[2026-07-01T01:55:29.432+0000][69.895s][info][gc,heap     ] GC(130) Survivor regions: 7->6(12)
[2026-07-01T01:55:29.432+0000][69.895s][info][gc,heap     ] GC(130) Old regions: 168->168
[2026-07-01T01:55:29.432+0000][69.895s][info][gc,heap     ] GC(130) Humongous regions: 3->3
[2026-07-01T01:55:29.432+0000][69.895s][info][gc,metaspace] GC(130) Metaspace: 41669K(42496K)->41669K(42496K) NonClass: 36528K(36928K)->36528K(36928K) Class: 5141K(5568K)->5141K(5568K)
[2026-07-01T01:55:29.432+0000][69.895s][info][gc          ] GC(130) Pause Young (Normal) (G1 Evacuation Pause) 259M->176M(276M) 11.450ms
[2026-07-01T01:55:29.432+0000][69.895s][info][gc,cpu      ] GC(130) User=0.02s Sys=0.00s Real=0.01s
[2026-07-01T01:55:29.569+0000][70.033s][info][gc,marking  ] GC(129) Concurrent Mark From Roots 572.683ms
[2026-07-01T01:55:29.569+0000][70.033s][info][gc,marking  ] GC(129) Concurrent Preclean
[2026-07-01T01:55:29.569+0000][70.033s][info][gc,marking  ] GC(129) Concurrent Preclean 0.148ms
[2026-07-01T01:55:29.570+0000][70.033s][info][gc,start    ] GC(129) Pause Remark
[2026-07-01T01:55:29.577+0000][70.040s][info][gc          ] GC(129) Pause Remark 201M->201M(276M) 7.192ms
[2026-07-01T01:55:29.577+0000][70.040s][info][gc,cpu      ] GC(129) User=0.02s Sys=0.00s Real=0.00s
[2026-07-01T01:55:29.580+0000][70.043s][info][gc,marking  ] GC(129) Concurrent Mark 583.535ms
[2026-07-01T01:55:29.580+0000][70.044s][info][gc,marking  ] GC(129) Concurrent Rebuild Remembered Sets and Scrub Regions
[2026-07-01T01:55:29.738+0000][70.202s][info][gc,marking  ] GC(129) Concurrent Rebuild Remembered Sets and Scrub Regions 158.365ms
[2026-07-01T01:55:29.739+0000][70.202s][info][gc,start    ] GC(129) Pause Cleanup
[2026-07-01T01:55:29.739+0000][70.202s][info][gc          ] GC(129) Pause Cleanup 228M->228M(276M) 0.215ms
[2026-07-01T01:55:29.739+0000][70.202s][info][gc,cpu      ] GC(129) User=0.00s Sys=0.00s Real=0.00s
[2026-07-01T01:55:29.741+0000][70.204s][info][gc,marking  ] GC(129) Concurrent Clear Claimed Marks
[2026-07-01T01:55:29.741+0000][70.204s][info][gc,marking  ] GC(129) Concurrent Clear Claimed Marks 0.098ms
[2026-07-01T01:55:29.741+0000][70.204s][info][gc,marking  ] GC(129) Concurrent Cleanup for Next Mark
[2026-07-01T01:55:29.746+0000][70.210s][info][gc,marking  ] GC(129) Concurrent Cleanup for Next Mark 5.428ms
[2026-07-01T01:55:29.746+0000][70.210s][info][gc          ] GC(129) Concurrent Mark Cycle 767.224ms
[2026-07-01T01:55:29.890+0000][70.353s][info][gc,start    ] GC(131) Pause Young (Prepare Mixed) (G1 Evacuation Pause)
[2026-07-01T01:55:29.890+0000][70.353s][info][gc,task     ] GC(131) Using 2 workers of 2 for evacuation
[2026-07-01T01:55:29.906+0000][70.369s][info][gc,phases   ] GC(131)   Pre Evacuate Collection Set: 0.17ms
[2026-07-01T01:55:29.906+0000][70.369s][info][gc,phases   ] GC(131)   Merge Heap Roots: 0.66ms
[2026-07-01T01:55:29.906+0000][70.369s][info][gc,phases   ] GC(131)   Evacuate Collection Set: 14.65ms
[2026-07-01T01:55:29.906+0000][70.369s][info][gc,phases   ] GC(131)   Post Evacuate Collection Set: 0.39ms
[2026-07-01T01:55:29.906+0000][70.369s][info][gc,phases   ] GC(131)   Other: 0.05ms
[2026-07-01T01:55:29.906+0000][70.369s][info][gc,heap     ] GC(131) Eden regions: 84->0(83)
[2026-07-01T01:55:29.906+0000][70.369s][info][gc,heap     ] GC(131) Survivor regions: 6->7(12)
[2026-07-01T01:55:29.906+0000][70.369s][info][gc,heap     ] GC(131) Old regions: 168->168
[2026-07-01T01:55:29.906+0000][70.369s][info][gc,heap     ] GC(131) Humongous regions: 3->3
[2026-07-01T01:55:29.906+0000][70.369s][info][gc,metaspace] GC(131) Metaspace: 41669K(42496K)->41669K(42496K) NonClass: 36528K(36928K)->36528K(36928K) Class: 5141K(5568K)->5141K(5568K)
[2026-07-01T01:55:29.906+0000][70.369s][info][gc          ] GC(131) Pause Young (Prepare Mixed) (G1 Evacuation Pause) 260M->177M(276M) 16.083ms
[2026-07-01T01:55:29.906+0000][70.370s][info][gc,cpu      ] GC(131) User=0.03s Sys=0.00s Real=0.01s
[2026-07-01T01:55:30.287+0000][70.751s][info][gc,start    ] GC(132) Pause Young (Mixed) (G1 Evacuation Pause)
[2026-07-01T01:55:30.287+0000][70.751s][info][gc,task     ] GC(132) Using 2 workers of 2 for evacuation
[2026-07-01T01:55:30.306+0000][70.770s][info][gc,phases   ] GC(132)   Pre Evacuate Collection Set: 0.19ms
[2026-07-01T01:55:30.306+0000][70.770s][info][gc,phases   ] GC(132)   Merge Heap Roots: 0.45ms
[2026-07-01T01:55:30.306+0000][70.770s][info][gc,phases   ] GC(132)   Evacuate Collection Set: 17.85ms
[2026-07-01T01:55:30.306+0000][70.770s][info][gc,phases   ] GC(132)   Post Evacuate Collection Set: 0.41ms
[2026-07-01T01:55:30.306+0000][70.770s][info][gc,phases   ] GC(132)   Other: 0.06ms
[2026-07-01T01:55:30.306+0000][70.770s][info][gc,heap     ] GC(132) Eden regions: 83->0(82)
[2026-07-01T01:55:30.306+0000][70.770s][info][gc,heap     ] GC(132) Survivor regions: 7->7(12)
[2026-07-01T01:55:30.306+0000][70.770s][info][gc,heap     ] GC(132) Old regions: 168->169
[2026-07-01T01:55:30.306+0000][70.770s][info][gc,heap     ] GC(132) Humongous regions: 3->3
[2026-07-01T01:55:30.306+0000][70.770s][info][gc,metaspace] GC(132) Metaspace: 41669K(42496K)->41669K(42496K) NonClass: 36528K(36928K)->36528K(36928K) Class: 5141K(5568K)->5141K(5568K)
[2026-07-01T01:55:30.306+0000][70.770s][info][gc          ] GC(132) Pause Young (Mixed) (G1 Evacuation Pause) 260M->177M(276M) 19.126ms
[2026-07-01T01:55:30.306+0000][70.770s][info][gc,cpu      ] GC(132) User=0.03s Sys=0.00s Real=0.02s
[2026-07-01T01:55:30.695+0000][71.159s][info][gc,start    ] GC(133) Pause Young (Concurrent Start) (G1 Evacuation Pause)
[2026-07-01T01:55:30.695+0000][71.159s][info][gc,task     ] GC(133) Using 2 workers of 2 for evacuation
[2026-07-01T01:55:30.711+0000][71.175s][info][gc,phases   ] GC(133)   Pre Evacuate Collection Set: 0.20ms
[2026-07-01T01:55:30.711+0000][71.175s][info][gc,phases   ] GC(133)   Merge Heap Roots: 0.24ms
[2026-07-01T01:55:30.711+0000][71.175s][info][gc,phases   ] GC(133)   Evacuate Collection Set: 14.82ms
[2026-07-01T01:55:30.711+0000][71.175s][info][gc,phases   ] GC(133)   Post Evacuate Collection Set: 0.41ms
[2026-07-01T01:55:30.711+0000][71.175s][info][gc,phases   ] GC(133)   Other: 0.08ms
[2026-07-01T01:55:30.711+0000][71.175s][info][gc,heap     ] GC(133) Eden regions: 82->0(82)
[2026-07-01T01:55:30.711+0000][71.175s][info][gc,heap     ] GC(133) Survivor regions: 7->7(12)
[2026-07-01T01:55:30.711+0000][71.175s][info][gc,heap     ] GC(133) Old regions: 169->169
[2026-07-01T01:55:30.711+0000][71.175s][info][gc,heap     ] GC(133) Humongous regions: 3->3
[2026-07-01T01:55:30.711+0000][71.175s][info][gc,metaspace] GC(133) Metaspace: 41669K(42496K)->41669K(42496K) NonClass: 36528K(36928K)->36528K(36928K) Class: 5141K(5568K)->5141K(5568K)
[2026-07-01T01:55:30.711+0000][71.175s][info][gc          ] GC(133) Pause Young (Concurrent Start) (G1 Evacuation Pause) 259M->178M(276M) 15.915ms
[2026-07-01T01:55:30.711+0000][71.175s][info][gc          ] GC(134) Concurrent Mark Cycle
[2026-07-01T01:55:30.711+0000][71.175s][info][gc,marking  ] GC(134) Concurrent Scan Root Regions
[2026-07-01T01:55:30.711+0000][71.175s][info][gc,cpu      ] GC(133) User=0.03s Sys=0.00s Real=0.02s
[2026-07-01T01:55:30.726+0000][71.190s][info][gc,marking  ] GC(134) Concurrent Scan Root Regions 15.005ms
[2026-07-01T01:55:30.726+0000][71.190s][info][gc,marking  ] GC(134) Concurrent Mark
[2026-07-01T01:55:30.726+0000][71.190s][info][gc,marking  ] GC(134) Concurrent Mark From Roots
[2026-07-01T01:55:30.726+0000][71.190s][info][gc,task     ] GC(134) Using 1 workers of 1 for marking
[2026-07-01T01:55:31.167+0000][71.630s][info][gc,start    ] GC(135) Pause Young (Normal) (G1 Evacuation Pause)
[2026-07-01T01:55:31.167+0000][71.631s][info][gc,task     ] GC(135) Using 2 workers of 2 for evacuation
[2026-07-01T01:55:31.192+0000][71.656s][info][gc,phases   ] GC(135)   Pre Evacuate Collection Set: 0.25ms
[2026-07-01T01:55:31.192+0000][71.656s][info][gc,phases   ] GC(135)   Merge Heap Roots: 0.70ms
[2026-07-01T01:55:31.192+0000][71.656s][info][gc,phases   ] GC(135)   Evacuate Collection Set: 23.56ms
[2026-07-01T01:55:31.192+0000][71.656s][info][gc,phases   ] GC(135)   Post Evacuate Collection Set: 0.39ms
[2026-07-01T01:55:31.192+0000][71.656s][info][gc,phases   ] GC(135)   Other: 0.06ms
[2026-07-01T01:55:31.192+0000][71.656s][info][gc,heap     ] GC(135) Eden regions: 82->0(83)
[2026-07-01T01:55:31.192+0000][71.656s][info][gc,heap     ] GC(135) Survivor regions: 7->6(12)
[2026-07-01T01:55:31.192+0000][71.656s][info][gc,heap     ] GC(135) Old regions: 169->169
[2026-07-01T01:55:31.192+0000][71.656s][info][gc,heap     ] GC(135) Humongous regions: 3->3
[2026-07-01T01:55:31.192+0000][71.656s][info][gc,metaspace] GC(135) Metaspace: 41681K(42496K)->41681K(42496K) NonClass: 36539K(36928K)->36539K(36928K) Class: 5141K(5568K)->5141K(5568K)
[2026-07-01T01:55:31.192+0000][71.656s][info][gc          ] GC(135) Pause Young (Normal) (G1 Evacuation Pause) 260M->177M(276M) 25.196ms
[2026-07-01T01:55:31.192+0000][71.656s][info][gc,cpu      ] GC(135) User=0.03s Sys=0.00s Real=0.03s
[2026-07-01T01:55:31.230+0000][71.693s][info][gc,marking  ] GC(134) Concurrent Mark From Roots 503.538ms
[2026-07-01T01:55:31.230+0000][71.693s][info][gc,marking  ] GC(134) Concurrent Preclean
[2026-07-01T01:55:31.230+0000][71.693s][info][gc,marking  ] GC(134) Concurrent Preclean 0.143ms
[2026-07-01T01:55:31.230+0000][71.694s][info][gc,start    ] GC(134) Pause Remark
[2026-07-01T01:55:31.237+0000][71.701s][info][gc          ] GC(134) Pause Remark 185M->185M(276M) 6.963ms
[2026-07-01T01:55:31.237+0000][71.701s][info][gc,cpu      ] GC(134) User=0.01s Sys=0.00s Real=0.00s
[2026-07-01T01:55:31.241+0000][71.704s][info][gc,marking  ] GC(134) Concurrent Mark 514.652ms
[2026-07-01T01:55:31.241+0000][71.704s][info][gc,marking  ] GC(134) Concurrent Rebuild Remembered Sets and Scrub Regions
[2026-07-01T01:55:31.442+0000][71.905s][info][gc,marking  ] GC(134) Concurrent Rebuild Remembered Sets and Scrub Regions 200.615ms
[2026-07-01T01:55:31.442+0000][71.905s][info][gc,start    ] GC(134) Pause Cleanup
[2026-07-01T01:55:31.442+0000][71.905s][info][gc          ] GC(134) Pause Cleanup 223M->223M(276M) 0.192ms
[2026-07-01T01:55:31.442+0000][71.905s][info][gc,cpu      ] GC(134) User=0.00s Sys=0.00s Real=0.00s
[2026-07-01T01:55:31.442+0000][71.905s][info][gc,marking  ] GC(134) Concurrent Clear Claimed Marks
[2026-07-01T01:55:31.442+0000][71.906s][info][gc,marking  ] GC(134) Concurrent Clear Claimed Marks 0.083ms
[2026-07-01T01:55:31.442+0000][71.906s][info][gc,marking  ] GC(134) Concurrent Cleanup for Next Mark
[2026-07-01T01:55:31.443+0000][71.906s][info][gc,marking  ] GC(134) Concurrent Cleanup for Next Mark 0.555ms
[2026-07-01T01:55:31.443+0000][71.906s][info][gc          ] GC(134) Concurrent Mark Cycle 731.517ms
[2026-07-01T01:55:31.605+0000][72.069s][info][gc,start    ] GC(136) Pause Young (Prepare Mixed) (G1 Evacuation Pause)
[2026-07-01T01:55:31.606+0000][72.069s][info][gc,task     ] GC(136) Using 2 workers of 2 for evacuation
[2026-07-01T01:55:31.619+0000][72.083s][info][gc,phases   ] GC(136)   Pre Evacuate Collection Set: 0.15ms
[2026-07-01T01:55:31.619+0000][72.083s][info][gc,phases   ] GC(136)   Merge Heap Roots: 0.43ms
[2026-07-01T01:55:31.619+0000][72.083s][info][gc,phases   ] GC(136)   Evacuate Collection Set: 12.92ms
[2026-07-01T01:55:31.619+0000][72.083s][info][gc,phases   ] GC(136)   Post Evacuate Collection Set: 0.39ms
[2026-07-01T01:55:31.620+0000][72.083s][info][gc,phases   ] GC(136)   Other: 0.06ms
[2026-07-01T01:55:31.620+0000][72.083s][info][gc,heap     ] GC(136) Eden regions: 83->0(82)
[2026-07-01T01:55:31.620+0000][72.083s][info][gc,heap     ] GC(136) Survivor regions: 6->6(12)
[2026-07-01T01:55:31.620+0000][72.083s][info][gc,heap     ] GC(136) Old regions: 169->170
[2026-07-01T01:55:31.620+0000][72.083s][info][gc,heap     ] GC(136) Humongous regions: 3->3
[2026-07-01T01:55:31.620+0000][72.083s][info][gc,metaspace] GC(136) Metaspace: 41681K(42496K)->41681K(42496K) NonClass: 36539K(36928K)->36539K(36928K) Class: 5141K(5568K)->5141K(5568K)
[2026-07-01T01:55:31.620+0000][72.083s][info][gc          ] GC(136) Pause Young (Prepare Mixed) (G1 Evacuation Pause) 260M->178M(276M) 14.138ms
[2026-07-01T01:55:31.620+0000][72.083s][info][gc,cpu      ] GC(136) User=0.02s Sys=0.00s Real=0.02s
[2026-07-01T01:55:31.974+0000][72.438s][info][gc,start    ] GC(137) Pause Young (Mixed) (G1 Evacuation Pause)
[2026-07-01T01:55:31.974+0000][72.438s][info][gc,task     ] GC(137) Using 2 workers of 2 for evacuation
[2026-07-01T01:55:31.988+0000][72.451s][info][gc,phases   ] GC(137)   Pre Evacuate Collection Set: 0.21ms
[2026-07-01T01:55:31.988+0000][72.451s][info][gc,phases   ] GC(137)   Merge Heap Roots: 0.48ms
[2026-07-01T01:55:31.988+0000][72.451s][info][gc,phases   ] GC(137)   Evacuate Collection Set: 12.19ms
[2026-07-01T01:55:31.988+0000][72.451s][info][gc,phases   ] GC(137)   Post Evacuate Collection Set: 0.37ms
[2026-07-01T01:55:31.988+0000][72.451s][info][gc,phases   ] GC(137)   Other: 0.06ms
[2026-07-01T01:55:31.988+0000][72.451s][info][gc,heap     ] GC(137) Eden regions: 82->0(81)
[2026-07-01T01:55:31.988+0000][72.451s][info][gc,heap     ] GC(137) Survivor regions: 6->7(11)
[2026-07-01T01:55:31.988+0000][72.451s][info][gc,heap     ] GC(137) Old regions: 170->170
[2026-07-01T01:55:31.988+0000][72.451s][info][gc,heap     ] GC(137) Humongous regions: 3->3
[2026-07-01T01:55:31.988+0000][72.451s][info][gc,metaspace] GC(137) Metaspace: 41681K(42496K)->41681K(42496K) NonClass: 36540K(36928K)->36540K(36928K) Class: 5141K(5568K)->5141K(5568K)
[2026-07-01T01:55:31.988+0000][72.451s][info][gc          ] GC(137) Pause Young (Mixed) (G1 Evacuation Pause) 260M->178M(276M) 13.461ms
[2026-07-01T01:55:31.988+0000][72.451s][info][gc,cpu      ] GC(137) User=0.02s Sys=0.00s Real=0.01s
[2026-07-01T01:55:32.349+0000][72.812s][info][gc,start    ] GC(138) Pause Young (Concurrent Start) (G1 Evacuation Pause)
[2026-07-01T01:55:32.349+0000][72.812s][info][gc,task     ] GC(138) Using 2 workers of 2 for evacuation
[2026-07-01T01:55:32.360+0000][72.824s][info][gc,phases   ] GC(138)   Pre Evacuate Collection Set: 0.28ms
[2026-07-01T01:55:32.361+0000][72.824s][info][gc,phases   ] GC(138)   Merge Heap Roots: 0.36ms
[2026-07-01T01:55:32.361+0000][72.824s][info][gc,phases   ] GC(138)   Evacuate Collection Set: 10.54ms
[2026-07-01T01:55:32.361+0000][72.824s][info][gc,phases   ] GC(138)   Post Evacuate Collection Set: 0.35ms
[2026-07-01T01:55:32.361+0000][72.824s][info][gc,phases   ] GC(138)   Other: 0.07ms
[2026-07-01T01:55:32.361+0000][72.824s][info][gc,heap     ] GC(138) Eden regions: 81->0(81)
[2026-07-01T01:55:32.361+0000][72.824s][info][gc,heap     ] GC(138) Survivor regions: 7->7(11)
[2026-07-01T01:55:32.361+0000][72.824s][info][gc,heap     ] GC(138) Old regions: 170->170
[2026-07-01T01:55:32.361+0000][72.824s][info][gc,heap     ] GC(138) Humongous regions: 3->3
[2026-07-01T01:55:32.361+0000][72.824s][info][gc,metaspace] GC(138) Metaspace: 41686K(42496K)->41686K(42496K) NonClass: 36545K(36928K)->36545K(36928K) Class: 5141K(5568K)->5141K(5568K)
[2026-07-01T01:55:32.361+0000][72.824s][info][gc          ] GC(138) Pause Young (Concurrent Start) (G1 Evacuation Pause) 259M->178M(276M) 11.748ms
[2026-07-01T01:55:32.361+0000][72.824s][info][gc          ] GC(139) Concurrent Mark Cycle
[2026-07-01T01:55:32.361+0000][72.824s][info][gc,cpu      ] GC(138) User=0.02s Sys=0.00s Real=0.01s
[2026-07-01T01:55:32.361+0000][72.824s][info][gc,marking  ] GC(139) Concurrent Scan Root Regions
[2026-07-01T01:55:32.386+0000][72.849s][info][gc,marking  ] GC(139) Concurrent Scan Root Regions 25.077ms
[2026-07-01T01:55:32.386+0000][72.849s][info][gc,marking  ] GC(139) Concurrent Mark
[2026-07-01T01:55:32.386+0000][72.849s][info][gc,marking  ] GC(139) Concurrent Mark From Roots
[2026-07-01T01:55:32.386+0000][72.849s][info][gc,task     ] GC(139) Using 1 workers of 1 for marking
[2026-07-01T01:55:32.774+0000][73.237s][info][gc,start    ] GC(140) Pause Young (Normal) (G1 Evacuation Pause)
[2026-07-01T01:55:32.774+0000][73.237s][info][gc,task     ] GC(140) Using 2 workers of 2 for evacuation
[2026-07-01T01:55:32.789+0000][73.252s][info][gc,phases   ] GC(140)   Pre Evacuate Collection Set: 0.16ms
[2026-07-01T01:55:32.789+0000][73.252s][info][gc,phases   ] GC(140)   Merge Heap Roots: 0.21ms
[2026-07-01T01:55:32.789+0000][73.252s][info][gc,phases   ] GC(140)   Evacuate Collection Set: 14.40ms
[2026-07-01T01:55:32.789+0000][73.252s][info][gc,phases   ] GC(140)   Post Evacuate Collection Set: 0.37ms
[2026-07-01T01:55:32.789+0000][73.252s][info][gc,phases   ] GC(140)   Other: 0.05ms
[2026-07-01T01:55:32.789+0000][73.252s][info][gc,heap     ] GC(140) Eden regions: 81->0(82)
[2026-07-01T01:55:32.789+0000][73.252s][info][gc,heap     ] GC(140) Survivor regions: 7->6(11)
[2026-07-01T01:55:32.789+0000][73.252s][info][gc,heap     ] GC(140) Old regions: 170->170
[2026-07-01T01:55:32.789+0000][73.252s][info][gc,heap     ] GC(140) Humongous regions: 3->3
[2026-07-01T01:55:32.789+0000][73.252s][info][gc,metaspace] GC(140) Metaspace: 41686K(42496K)->41686K(42496K) NonClass: 36545K(36928K)->36545K(36928K) Class: 5141K(5568K)->5141K(5568K)
[2026-07-01T01:55:32.789+0000][73.252s][info][gc          ] GC(140) Pause Young (Normal) (G1 Evacuation Pause) 259M->178M(276M) 15.326ms
[2026-07-01T01:55:32.789+0000][73.252s][info][gc,cpu      ] GC(140) User=0.03s Sys=0.00s Real=0.02s
[2026-07-01T01:55:33.085+0000][73.548s][info][gc,marking  ] GC(139) Concurrent Mark From Roots 699.163ms
[2026-07-01T01:55:33.085+0000][73.548s][info][gc,marking  ] GC(139) Concurrent Preclean
[2026-07-01T01:55:33.085+0000][73.549s][info][gc,marking  ] GC(139) Concurrent Preclean 0.087ms
[2026-07-01T01:55:33.086+0000][73.550s][info][gc,start    ] GC(139) Pause Remark
[2026-07-01T01:55:33.094+0000][73.557s][info][gc          ] GC(139) Pause Remark 238M->238M(276M) 7.392ms
[2026-07-01T01:55:33.094+0000][73.557s][info][gc,cpu      ] GC(139) User=0.02s Sys=0.00s Real=0.01s
[2026-07-01T01:55:33.098+0000][73.561s][info][gc,marking  ] GC(139) Concurrent Mark 711.830ms
[2026-07-01T01:55:33.098+0000][73.561s][info][gc,marking  ] GC(139) Concurrent Rebuild Remembered Sets and Scrub Regions
[2026-07-01T01:55:33.211+0000][73.675s][info][gc,start    ] GC(141) Pause Young (Normal) (G1 Evacuation Pause)
[2026-07-01T01:55:33.211+0000][73.675s][info][gc,task     ] GC(141) Using 2 workers of 2 for evacuation
[2026-07-01T01:55:33.227+0000][73.691s][info][gc,phases   ] GC(141)   Pre Evacuate Collection Set: 0.31ms
[2026-07-01T01:55:33.227+0000][73.691s][info][gc,phases   ] GC(141)   Merge Heap Roots: 0.30ms
[2026-07-01T01:55:33.227+0000][73.691s][info][gc,phases   ] GC(141)   Evacuate Collection Set: 15.01ms
[2026-07-01T01:55:33.227+0000][73.691s][info][gc,phases   ] GC(141)   Post Evacuate Collection Set: 0.44ms
[2026-07-01T01:55:33.227+0000][73.691s][info][gc,phases   ] GC(141)   Other: 0.06ms
[2026-07-01T01:55:33.227+0000][73.691s][info][gc,heap     ] GC(141) Eden regions: 82->0(81)
[2026-07-01T01:55:33.227+0000][73.691s][info][gc,heap     ] GC(141) Survivor regions: 6->6(11)
[2026-07-01T01:55:33.227+0000][73.691s][info][gc,heap     ] GC(141) Old regions: 170->171
[2026-07-01T01:55:33.227+0000][73.691s][info][gc,heap     ] GC(141) Humongous regions: 3->3
[2026-07-01T01:55:33.227+0000][73.691s][info][gc,metaspace] GC(141) Metaspace: 41686K(42496K)->41686K(42496K) NonClass: 36545K(36928K)->36545K(36928K) Class: 5141K(5568K)->5141K(5568K)
[2026-07-01T01:55:33.228+0000][73.691s][info][gc          ] GC(141) Pause Young (Normal) (G1 Evacuation Pause) 260M->179M(276M) 16.271ms
[2026-07-01T01:55:33.228+0000][73.691s][info][gc,cpu      ] GC(141) User=0.03s Sys=0.00s Real=0.01s
[2026-07-01T01:55:33.283+0000][73.746s][info][gc,marking  ] GC(139) Concurrent Rebuild Remembered Sets and Scrub Regions 185.398ms
[2026-07-01T01:55:33.284+0000][73.747s][info][gc,start    ] GC(139) Pause Cleanup
[2026-07-01T01:55:33.284+0000][73.748s][info][gc          ] GC(139) Pause Cleanup 191M->191M(276M) 0.157ms
[2026-07-01T01:55:33.284+0000][73.748s][info][gc,cpu      ] GC(139) User=0.00s Sys=0.00s Real=0.00s
[2026-07-01T01:55:33.285+0000][73.748s][info][gc,marking  ] GC(139) Concurrent Clear Claimed Marks
[2026-07-01T01:55:33.286+0000][73.749s][info][gc,marking  ] GC(139) Concurrent Clear Claimed Marks 0.926ms
[2026-07-01T01:55:33.286+0000][73.749s][info][gc,marking  ] GC(139) Concurrent Cleanup for Next Mark
[2026-07-01T01:55:33.287+0000][73.751s][info][gc,marking  ] GC(139) Concurrent Cleanup for Next Mark 1.303ms
[2026-07-01T01:55:33.287+0000][73.751s][info][gc          ] GC(139) Concurrent Mark Cycle 926.652ms
[2026-07-01T01:55:33.675+0000][74.138s][info][gc,start    ] GC(142) Pause Young (Prepare Mixed) (G1 Evacuation Pause)
[2026-07-01T01:55:33.675+0000][74.139s][info][gc,task     ] GC(142) Using 2 workers of 2 for evacuation
[2026-07-01T01:55:33.691+0000][74.154s][info][gc,phases   ] GC(142)   Pre Evacuate Collection Set: 0.18ms
[2026-07-01T01:55:33.691+0000][74.154s][info][gc,phases   ] GC(142)   Merge Heap Roots: 0.29ms
[2026-07-01T01:55:33.691+0000][74.154s][info][gc,phases   ] GC(142)   Evacuate Collection Set: 14.69ms
[2026-07-01T01:55:33.691+0000][74.154s][info][gc,phases   ] GC(142)   Post Evacuate Collection Set: 0.38ms
[2026-07-01T01:55:33.691+0000][74.154s][info][gc,phases   ] GC(142)   Other: 0.08ms
[2026-07-01T01:55:33.691+0000][74.154s][info][gc,heap     ] GC(142) Eden regions: 81->0(81)
[2026-07-01T01:55:33.691+0000][74.154s][info][gc,heap     ] GC(142) Survivor regions: 6->6(11)
[2026-07-01T01:55:33.691+0000][74.154s][info][gc,heap     ] GC(142) Old regions: 171->171
[2026-07-01T01:55:33.691+0000][74.154s][info][gc,heap     ] GC(142) Humongous regions: 3->3
[2026-07-01T01:55:33.691+0000][74.154s][info][gc,metaspace] GC(142) Metaspace: 41686K(42496K)->41686K(42496K) NonClass: 36545K(36928K)->36545K(36928K) Class: 5141K(5568K)->5141K(5568K)
[2026-07-01T01:55:33.691+0000][74.154s][info][gc          ] GC(142) Pause Young (Prepare Mixed) (G1 Evacuation Pause) 260M->179M(276M) 15.809ms
[2026-07-01T01:55:33.691+0000][74.154s][info][gc,cpu      ] GC(142) User=0.02s Sys=0.00s Real=0.02s
[2026-07-01T01:55:34.220+0000][74.684s][info][gc,start    ] GC(143) Pause Young (Mixed) (G1 Evacuation Pause)
[2026-07-01T01:55:34.220+0000][74.684s][info][gc,task     ] GC(143) Using 2 workers of 2 for evacuation
[2026-07-01T01:55:34.255+0000][74.718s][info][gc,phases   ] GC(143)   Pre Evacuate Collection Set: 0.17ms
[2026-07-01T01:55:34.255+0000][74.718s][info][gc,phases   ] GC(143)   Merge Heap Roots: 0.51ms
[2026-07-01T01:55:34.255+0000][74.718s][info][gc,phases   ] GC(143)   Evacuate Collection Set: 33.11ms
[2026-07-01T01:55:34.255+0000][74.718s][info][gc,phases   ] GC(143)   Post Evacuate Collection Set: 0.40ms
[2026-07-01T01:55:34.255+0000][74.718s][info][gc,phases   ] GC(143)   Other: 0.07ms
[2026-07-01T01:55:34.255+0000][74.718s][info][gc,heap     ] GC(143) Eden regions: 81->0(81)
[2026-07-01T01:55:34.255+0000][74.718s][info][gc,heap     ] GC(143) Survivor regions: 6->6(11)
[2026-07-01T01:55:34.255+0000][74.718s][info][gc,heap     ] GC(143) Old regions: 171->171
[2026-07-01T01:55:34.255+0000][74.718s][info][gc,heap     ] GC(143) Humongous regions: 3->3
[2026-07-01T01:55:34.255+0000][74.718s][info][gc,metaspace] GC(143) Metaspace: 41686K(42496K)->41686K(42496K) NonClass: 36545K(36928K)->36545K(36928K) Class: 5141K(5568K)->5141K(5568K)
[2026-07-01T01:55:34.255+0000][74.718s][info][gc          ] GC(143) Pause Young (Mixed) (G1 Evacuation Pause) 260M->179M(276M) 34.454ms
[2026-07-01T01:55:34.255+0000][74.718s][info][gc,cpu      ] GC(143) User=0.04s Sys=0.00s Real=0.03s
[2026-07-01T01:55:34.818+0000][75.281s][info][gc,start    ] GC(144) Pause Young (Concurrent Start) (G1 Evacuation Pause)
[2026-07-01T01:55:34.818+0000][75.282s][info][gc,task     ] GC(144) Using 2 workers of 2 for evacuation
[2026-07-01T01:55:34.834+0000][75.297s][info][gc,phases   ] GC(144)   Pre Evacuate Collection Set: 0.15ms
[2026-07-01T01:55:34.834+0000][75.297s][info][gc,phases   ] GC(144)   Merge Heap Roots: 0.21ms
[2026-07-01T01:55:34.834+0000][75.297s][info][gc,phases   ] GC(144)   Evacuate Collection Set: 14.70ms
[2026-07-01T01:55:34.834+0000][75.297s][info][gc,phases   ] GC(144)   Post Evacuate Collection Set: 0.37ms
[2026-07-01T01:55:34.834+0000][75.297s][info][gc,phases   ] GC(144)   Other: 0.08ms
[2026-07-01T01:55:34.834+0000][75.297s][info][gc,heap     ] GC(144) Eden regions: 81->0(81)
[2026-07-01T01:55:34.834+0000][75.297s][info][gc,heap     ] GC(144) Survivor regions: 6->6(11)
[2026-07-01T01:55:34.834+0000][75.297s][info][gc,heap     ] GC(144) Old regions: 171->171
[2026-07-01T01:55:34.834+0000][75.297s][info][gc,heap     ] GC(144) Humongous regions: 3->3
[2026-07-01T01:55:34.834+0000][75.297s][info][gc,metaspace] GC(144) Metaspace: 41686K(42496K)->41686K(42496K) NonClass: 36545K(36928K)->36545K(36928K) Class: 5141K(5568K)->5141K(5568K)
[2026-07-01T01:55:34.834+0000][75.297s][info][gc          ] GC(144) Pause Young (Concurrent Start) (G1 Evacuation Pause) 260M->179M(276M) 15.727ms
[2026-07-01T01:55:34.834+0000][75.297s][info][gc,cpu      ] GC(144) User=0.03s Sys=0.00s Real=0.02s
[2026-07-01T01:55:34.834+0000][75.297s][info][gc          ] GC(145) Concurrent Mark Cycle
[2026-07-01T01:55:34.834+0000][75.297s][info][gc,marking  ] GC(145) Concurrent Scan Root Regions
[2026-07-01T01:55:34.850+0000][75.313s][info][gc,marking  ] GC(145) Concurrent Scan Root Regions 16.197ms
[2026-07-01T01:55:34.850+0000][75.313s][info][gc,marking  ] GC(145) Concurrent Mark
[2026-07-01T01:55:34.850+0000][75.313s][info][gc,marking  ] GC(145) Concurrent Mark From Roots
[2026-07-01T01:55:34.850+0000][75.313s][info][gc,task     ] GC(145) Using 1 workers of 1 for marking
[2026-07-01T01:55:35.221+0000][75.685s][info][gc,marking  ] GC(145) Concurrent Mark From Roots 371.140ms
[2026-07-01T01:55:35.221+0000][75.685s][info][gc,marking  ] GC(145) Concurrent Preclean
[2026-07-01T01:55:35.221+0000][75.685s][info][gc,marking  ] GC(145) Concurrent Preclean 0.153ms
[2026-07-01T01:55:35.221+0000][75.685s][info][gc,start    ] GC(145) Pause Remark
[2026-07-01T01:55:35.236+0000][75.699s][info][gc          ] GC(145) Pause Remark 219M->219M(276M) 14.332ms
[2026-07-01T01:55:35.236+0000][75.699s][info][gc,cpu      ] GC(145) User=0.02s Sys=0.00s Real=0.01s
[2026-07-01T01:55:35.236+0000][75.700s][info][gc,marking  ] GC(145) Concurrent Mark 386.279ms
[2026-07-01T01:55:35.236+0000][75.700s][info][gc,marking  ] GC(145) Concurrent Rebuild Remembered Sets and Scrub Regions
[2026-07-01T01:55:35.350+0000][75.813s][info][gc,marking  ] GC(145) Concurrent Rebuild Remembered Sets and Scrub Regions 113.253ms
[2026-07-01T01:55:35.350+0000][75.813s][info][gc,start    ] GC(145) Pause Cleanup
[2026-07-01T01:55:35.350+0000][75.813s][info][gc          ] GC(145) Pause Cleanup 231M->231M(276M) 0.163ms
[2026-07-01T01:55:35.350+0000][75.813s][info][gc,cpu      ] GC(145) User=0.00s Sys=0.00s Real=0.00s
[2026-07-01T01:55:35.350+0000][75.813s][info][gc,marking  ] GC(145) Concurrent Clear Claimed Marks
[2026-07-01T01:55:35.350+0000][75.814s][info][gc,marking  ] GC(145) Concurrent Clear Claimed Marks 0.099ms
[2026-07-01T01:55:35.350+0000][75.814s][info][gc,marking  ] GC(145) Concurrent Cleanup for Next Mark
[2026-07-01T01:55:35.351+0000][75.814s][info][gc,marking  ] GC(145) Concurrent Cleanup for Next Mark 0.649ms
[2026-07-01T01:55:35.351+0000][75.814s][info][gc          ] GC(145) Concurrent Mark Cycle 517.025ms
[2026-07-01T01:55:35.573+0000][76.036s][info][gc,start    ] GC(146) Pause Young (Prepare Mixed) (G1 Evacuation Pause)
[2026-07-01T01:55:35.573+0000][76.036s][info][gc,task     ] GC(146) Using 2 workers of 2 for evacuation
[2026-07-01T01:55:35.613+0000][76.077s][info][gc,phases   ] GC(146)   Pre Evacuate Collection Set: 0.16ms
[2026-07-01T01:55:35.613+0000][76.077s][info][gc,phases   ] GC(146)   Merge Heap Roots: 0.76ms
[2026-07-01T01:55:35.613+0000][76.077s][info][gc,phases   ] GC(146)   Evacuate Collection Set: 38.74ms
[2026-07-01T01:55:35.613+0000][76.077s][info][gc,phases   ] GC(146)   Post Evacuate Collection Set: 0.76ms
[2026-07-01T01:55:35.613+0000][76.077s][info][gc,phases   ] GC(146)   Other: 0.06ms
[2026-07-01T01:55:35.613+0000][76.077s][info][gc,heap     ] GC(146) Eden regions: 81->0(80)
[2026-07-01T01:55:35.613+0000][76.077s][info][gc,heap     ] GC(146) Survivor regions: 6->6(11)
[2026-07-01T01:55:35.613+0000][76.077s][info][gc,heap     ] GC(146) Old regions: 171->172
[2026-07-01T01:55:35.613+0000][76.077s][info][gc,heap     ] GC(146) Humongous regions: 3->3
[2026-07-01T01:55:35.613+0000][76.077s][info][gc,metaspace] GC(146) Metaspace: 41686K(42496K)->41686K(42496K) NonClass: 36545K(36928K)->36545K(36928K) Class: 5141K(5568K)->5141K(5568K)
[2026-07-01T01:55:35.613+0000][76.077s][info][gc          ] GC(146) Pause Young (Prepare Mixed) (G1 Evacuation Pause) 260M->180M(276M) 40.688ms
[2026-07-01T01:55:35.613+0000][76.077s][info][gc,cpu      ] GC(146) User=0.03s Sys=0.00s Real=0.04s
[2026-07-01T01:55:36.151+0000][76.615s][info][gc,start    ] GC(147) Pause Young (Mixed) (G1 Evacuation Pause)
[2026-07-01T01:55:36.151+0000][76.615s][info][gc,task     ] GC(147) Using 2 workers of 2 for evacuation
[2026-07-01T01:55:36.186+0000][76.650s][info][gc,phases   ] GC(147)   Pre Evacuate Collection Set: 0.17ms
[2026-07-01T01:55:36.186+0000][76.650s][info][gc,phases   ] GC(147)   Merge Heap Roots: 0.41ms
[2026-07-01T01:55:36.186+0000][76.650s][info][gc,phases   ] GC(147)   Evacuate Collection Set: 33.78ms
[2026-07-01T01:55:36.186+0000][76.650s][info][gc,phases   ] GC(147)   Post Evacuate Collection Set: 0.67ms
[2026-07-01T01:55:36.186+0000][76.650s][info][gc,phases   ] GC(147)   Other: 0.06ms
[2026-07-01T01:55:36.186+0000][76.650s][info][gc,heap     ] GC(147) Eden regions: 80->0(80)
[2026-07-01T01:55:36.186+0000][76.650s][info][gc,heap     ] GC(147) Survivor regions: 6->6(11)
[2026-07-01T01:55:36.186+0000][76.650s][info][gc,heap     ] GC(147) Old regions: 172->172
[2026-07-01T01:55:36.186+0000][76.650s][info][gc,heap     ] GC(147) Humongous regions: 3->3
[2026-07-01T01:55:36.186+0000][76.650s][info][gc,metaspace] GC(147) Metaspace: 41687K(42496K)->41687K(42496K) NonClass: 36545K(36928K)->36545K(36928K) Class: 5141K(5568K)->5141K(5568K)
[2026-07-01T01:55:36.186+0000][76.650s][info][gc          ] GC(147) Pause Young (Mixed) (G1 Evacuation Pause) 260M->180M(276M) 35.288ms
[2026-07-01T01:55:36.186+0000][76.650s][info][gc,cpu      ] GC(147) User=0.03s Sys=0.00s Real=0.03s
[2026-07-01T01:55:36.754+0000][77.218s][info][gc,start    ] GC(148) Pause Young (Concurrent Start) (G1 Evacuation Pause)
[2026-07-01T01:55:36.754+0000][77.218s][info][gc,task     ] GC(148) Using 2 workers of 2 for evacuation
[2026-07-01T01:55:36.787+0000][77.250s][info][gc,phases   ] GC(148)   Pre Evacuate Collection Set: 0.24ms
[2026-07-01T01:55:36.787+0000][77.250s][info][gc,phases   ] GC(148)   Merge Heap Roots: 0.52ms
[2026-07-01T01:55:36.787+0000][77.250s][info][gc,phases   ] GC(148)   Evacuate Collection Set: 31.37ms
[2026-07-01T01:55:36.787+0000][77.250s][info][gc,phases   ] GC(148)   Post Evacuate Collection Set: 0.58ms
[2026-07-01T01:55:36.787+0000][77.250s][info][gc,phases   ] GC(148)   Other: 0.08ms
[2026-07-01T01:55:36.787+0000][77.250s][info][gc,heap     ] GC(148) Eden regions: 80->0(80)
[2026-07-01T01:55:36.787+0000][77.250s][info][gc,heap     ] GC(148) Survivor regions: 6->6(11)
[2026-07-01T01:55:36.787+0000][77.250s][info][gc,heap     ] GC(148) Old regions: 172->172
[2026-07-01T01:55:36.787+0000][77.250s][info][gc,heap     ] GC(148) Humongous regions: 3->3
[2026-07-01T01:55:36.787+0000][77.250s][info][gc,metaspace] GC(148) Metaspace: 41687K(42496K)->41687K(42496K) NonClass: 36545K(36928K)->36545K(36928K) Class: 5141K(5568K)->5141K(5568K)
[2026-07-01T01:55:36.787+0000][77.251s][info][gc          ] GC(148) Pause Young (Concurrent Start) (G1 Evacuation Pause) 260M->180M(276M) 32.993ms
[2026-07-01T01:55:36.787+0000][77.251s][info][gc          ] GC(149) Concurrent Mark Cycle
[2026-07-01T01:55:36.787+0000][77.251s][info][gc,cpu      ] GC(148) User=0.03s Sys=0.00s Real=0.03s
[2026-07-01T01:55:36.787+0000][77.251s][info][gc,marking  ] GC(149) Concurrent Scan Root Regions
[2026-07-01T01:55:36.812+0000][77.275s][info][gc,marking  ] GC(149) Concurrent Scan Root Regions 24.427ms
[2026-07-01T01:55:36.812+0000][77.275s][info][gc,marking  ] GC(149) Concurrent Mark
[2026-07-01T01:55:36.812+0000][77.275s][info][gc,marking  ] GC(149) Concurrent Mark From Roots
[2026-07-01T01:55:36.812+0000][77.275s][info][gc,task     ] GC(149) Using 1 workers of 1 for marking
[2026-07-01T01:55:37.187+0000][77.651s][info][gc,marking  ] GC(149) Concurrent Mark From Roots 375.666ms
[2026-07-01T01:55:37.187+0000][77.651s][info][gc,marking  ] GC(149) Concurrent Preclean
[2026-07-01T01:55:37.187+0000][77.651s][info][gc,marking  ] GC(149) Concurrent Preclean 0.075ms
[2026-07-01T01:55:37.187+0000][77.651s][info][gc,start    ] GC(149) Pause Remark
[2026-07-01T01:55:37.195+0000][77.658s][info][gc          ] GC(149) Pause Remark 222M->222M(276M) 7.456ms
[2026-07-01T01:55:37.195+0000][77.658s][info][gc,cpu      ] GC(149) User=0.02s Sys=0.00s Real=0.01s
[2026-07-01T01:55:37.196+0000][77.660s][info][gc,marking  ] GC(149) Concurrent Mark 384.595ms
[2026-07-01T01:55:37.196+0000][77.660s][info][gc,marking  ] GC(149) Concurrent Rebuild Remembered Sets and Scrub Regions
[2026-07-01T01:55:37.322+0000][77.785s][info][gc,marking  ] GC(149) Concurrent Rebuild Remembered Sets and Scrub Regions 125.350ms
[2026-07-01T01:55:37.322+0000][77.785s][info][gc,start    ] GC(149) Pause Cleanup
[2026-07-01T01:55:37.322+0000][77.785s][info][gc          ] GC(149) Pause Cleanup 235M->235M(276M) 0.163ms
[2026-07-01T01:55:37.322+0000][77.785s][info][gc,cpu      ] GC(149) User=0.00s Sys=0.00s Real=0.00s
[2026-07-01T01:55:37.322+0000][77.786s][info][gc,marking  ] GC(149) Concurrent Clear Claimed Marks
[2026-07-01T01:55:37.322+0000][77.786s][info][gc,marking  ] GC(149) Concurrent Clear Claimed Marks 0.098ms
[2026-07-01T01:55:37.322+0000][77.786s][info][gc,marking  ] GC(149) Concurrent Cleanup for Next Mark
[2026-07-01T01:55:37.323+0000][77.786s][info][gc,marking  ] GC(149) Concurrent Cleanup for Next Mark 0.516ms
[2026-07-01T01:55:37.323+0000][77.786s][info][gc          ] GC(149) Concurrent Mark Cycle 535.854ms
[2026-07-01T01:55:37.510+0000][77.974s][info][gc,start    ] GC(150) Pause Young (Prepare Mixed) (G1 Evacuation Pause)
[2026-07-01T01:55:37.510+0000][77.974s][info][gc,task     ] GC(150) Using 2 workers of 2 for evacuation
[2026-07-01T01:55:37.539+0000][78.003s][info][gc,phases   ] GC(150)   Pre Evacuate Collection Set: 0.15ms
[2026-07-01T01:55:37.540+0000][78.003s][info][gc,phases   ] GC(150)   Merge Heap Roots: 0.72ms
[2026-07-01T01:55:37.540+0000][78.003s][info][gc,phases   ] GC(150)   Evacuate Collection Set: 27.57ms
[2026-07-01T01:55:37.540+0000][78.003s][info][gc,phases   ] GC(150)   Post Evacuate Collection Set: 0.70ms
[2026-07-01T01:55:37.540+0000][78.003s][info][gc,phases   ] GC(150)   Other: 0.08ms
[2026-07-01T01:55:37.540+0000][78.003s][info][gc,heap     ] GC(150) Eden regions: 80->0(80)
[2026-07-01T01:55:37.540+0000][78.003s][info][gc,heap     ] GC(150) Survivor regions: 6->6(11)
[2026-07-01T01:55:37.540+0000][78.003s][info][gc,heap     ] GC(150) Old regions: 172->172
[2026-07-01T01:55:37.540+0000][78.003s][info][gc,heap     ] GC(150) Humongous regions: 3->3
[2026-07-01T01:55:37.540+0000][78.003s][info][gc,metaspace] GC(150) Metaspace: 41687K(42496K)->41687K(42496K) NonClass: 36545K(36928K)->36545K(36928K) Class: 5141K(5568K)->5141K(5568K)
[2026-07-01T01:55:37.540+0000][78.003s][info][gc          ] GC(150) Pause Young (Prepare Mixed) (G1 Evacuation Pause) 260M->180M(276M) 29.396ms
[2026-07-01T01:55:37.540+0000][78.003s][info][gc,cpu      ] GC(150) User=0.03s Sys=0.00s Real=0.03s
[2026-07-01T01:55:38.096+0000][78.560s][info][gc,start    ] GC(151) Pause Young (Mixed) (G1 Evacuation Pause)
[2026-07-01T01:55:38.096+0000][78.560s][info][gc,task     ] GC(151) Using 2 workers of 2 for evacuation
[2026-07-01T01:55:38.131+0000][78.594s][info][gc,phases   ] GC(151)   Pre Evacuate Collection Set: 0.16ms
[2026-07-01T01:55:38.131+0000][78.594s][info][gc,phases   ] GC(151)   Merge Heap Roots: 0.40ms
[2026-07-01T01:55:38.131+0000][78.594s][info][gc,phases   ] GC(151)   Evacuate Collection Set: 33.00ms
[2026-07-01T01:55:38.131+0000][78.594s][info][gc,phases   ] GC(151)   Post Evacuate Collection Set: 0.97ms
[2026-07-01T01:55:38.131+0000][78.594s][info][gc,phases   ] GC(151)   Other: 0.06ms
[2026-07-01T01:55:38.131+0000][78.594s][info][gc,heap     ] GC(151) Eden regions: 80->0(131)
[2026-07-01T01:55:38.131+0000][78.594s][info][gc,heap     ] GC(151) Survivor regions: 6->6(11)
[2026-07-01T01:55:38.131+0000][78.594s][info][gc,heap     ] GC(151) Old regions: 172->172
[2026-07-01T01:55:38.131+0000][78.594s][info][gc,heap     ] GC(151) Humongous regions: 3->3
[2026-07-01T01:55:38.131+0000][78.594s][info][gc,metaspace] GC(151) Metaspace: 41687K(42496K)->41687K(42496K) NonClass: 36545K(36928K)->36545K(36928K) Class: 5141K(5568K)->5141K(5568K)
[2026-07-01T01:55:38.131+0000][78.594s][info][gc          ] GC(151) Pause Young (Mixed) (G1 Evacuation Pause) 260M->180M(329M) 34.797ms
[2026-07-01T01:55:38.131+0000][78.594s][info][gc,cpu      ] GC(151) User=0.04s Sys=0.00s Real=0.04s
[2026-07-01T01:55:38.942+0000][79.406s][info][gc,start    ] GC(152) Pause Young (Concurrent Start) (G1 Evacuation Pause)
[2026-07-01T01:55:38.942+0000][79.406s][info][gc,task     ] GC(152) Using 2 workers of 2 for evacuation
[2026-07-01T01:55:38.954+0000][79.418s][info][gc,phases   ] GC(152)   Pre Evacuate Collection Set: 0.24ms
[2026-07-01T01:55:38.954+0000][79.418s][info][gc,phases   ] GC(152)   Merge Heap Roots: 0.47ms
[2026-07-01T01:55:38.954+0000][79.418s][info][gc,phases   ] GC(152)   Evacuate Collection Set: 10.82ms
[2026-07-01T01:55:38.954+0000][79.418s][info][gc,phases   ] GC(152)   Post Evacuate Collection Set: 0.35ms
[2026-07-01T01:55:38.954+0000][79.418s][info][gc,phases   ] GC(152)   Other: 0.14ms
[2026-07-01T01:55:38.954+0000][79.418s][info][gc,heap     ] GC(152) Eden regions: 131->0(129)
[2026-07-01T01:55:38.954+0000][79.418s][info][gc,heap     ] GC(152) Survivor regions: 6->7(18)
[2026-07-01T01:55:38.954+0000][79.418s][info][gc,heap     ] GC(152) Old regions: 172->173
[2026-07-01T01:55:38.954+0000][79.418s][info][gc,heap     ] GC(152) Humongous regions: 3->3
[2026-07-01T01:55:38.954+0000][79.418s][info][gc,metaspace] GC(152) Metaspace: 41687K(42496K)->41687K(42496K) NonClass: 36545K(36928K)->36545K(36928K) Class: 5141K(5568K)->5141K(5568K)
[2026-07-01T01:55:38.954+0000][79.418s][info][gc          ] GC(152) Pause Young (Concurrent Start) (G1 Evacuation Pause) 311M->181M(329M) 12.195ms
[2026-07-01T01:55:38.954+0000][79.418s][info][gc          ] GC(153) Concurrent Mark Cycle
[2026-07-01T01:55:38.954+0000][79.418s][info][gc,marking  ] GC(153) Concurrent Scan Root Regions
[2026-07-01T01:55:38.954+0000][79.418s][info][gc,cpu      ] GC(152) User=0.02s Sys=0.00s Real=0.01s
[2026-07-01T01:55:38.971+0000][79.434s][info][gc,marking  ] GC(153) Concurrent Scan Root Regions 16.747ms
[2026-07-01T01:55:38.971+0000][79.435s][info][gc,marking  ] GC(153) Concurrent Mark
[2026-07-01T01:55:38.971+0000][79.435s][info][gc,marking  ] GC(153) Concurrent Mark From Roots
[2026-07-01T01:55:38.971+0000][79.435s][info][gc,task     ] GC(153) Using 1 workers of 1 for marking
[2026-07-01T01:55:39.479+0000][79.942s][info][gc,marking  ] GC(153) Concurrent Mark From Roots 507.505ms
[2026-07-01T01:55:39.479+0000][79.942s][info][gc,marking  ] GC(153) Concurrent Preclean
[2026-07-01T01:55:39.479+0000][79.942s][info][gc,marking  ] GC(153) Concurrent Preclean 0.180ms
[2026-07-01T01:55:39.479+0000][79.942s][info][gc,start    ] GC(153) Pause Remark
[2026-07-01T01:55:39.487+0000][79.951s][info][gc          ] GC(153) Pause Remark 272M->272M(329M) 8.213ms
[2026-07-01T01:55:39.487+0000][79.951s][info][gc,cpu      ] GC(153) User=0.01s Sys=0.00s Real=0.00s
[2026-07-01T01:55:39.490+0000][79.953s][info][gc,marking  ] GC(153) Concurrent Mark 518.656ms
[2026-07-01T01:55:39.490+0000][79.953s][info][gc,marking  ] GC(153) Concurrent Rebuild Remembered Sets and Scrub Regions
[2026-07-01T01:55:39.625+0000][80.088s][info][gc,marking  ] GC(153) Concurrent Rebuild Remembered Sets and Scrub Regions 135.074ms
[2026-07-01T01:55:39.625+0000][80.089s][info][gc,start    ] GC(153) Pause Cleanup
[2026-07-01T01:55:39.625+0000][80.089s][info][gc          ] GC(153) Pause Cleanup 296M->296M(329M) 0.179ms
[2026-07-01T01:55:39.625+0000][80.089s][info][gc,cpu      ] GC(153) User=0.00s Sys=0.00s Real=0.00s
[2026-07-01T01:55:39.626+0000][80.089s][info][gc,marking  ] GC(153) Concurrent Clear Claimed Marks
[2026-07-01T01:55:39.626+0000][80.089s][info][gc,marking  ] GC(153) Concurrent Clear Claimed Marks 0.124ms
[2026-07-01T01:55:39.626+0000][80.089s][info][gc,marking  ] GC(153) Concurrent Cleanup for Next Mark
[2026-07-01T01:55:39.627+0000][80.090s][info][gc,marking  ] GC(153) Concurrent Cleanup for Next Mark 1.045ms
[2026-07-01T01:55:39.627+0000][80.090s][info][gc          ] GC(153) Concurrent Mark Cycle 672.605ms
[2026-07-01T01:55:39.696+0000][80.160s][info][gc,start    ] GC(154) Pause Young (Prepare Mixed) (G1 Evacuation Pause)
[2026-07-01T01:55:39.696+0000][80.160s][info][gc,task     ] GC(154) Using 2 workers of 2 for evacuation
[2026-07-01T01:55:39.708+0000][80.171s][info][gc,phases   ] GC(154)   Pre Evacuate Collection Set: 0.15ms
[2026-07-01T01:55:39.708+0000][80.172s][info][gc,phases   ] GC(154)   Merge Heap Roots: 0.33ms
[2026-07-01T01:55:39.708+0000][80.172s][info][gc,phases   ] GC(154)   Evacuate Collection Set: 10.70ms
[2026-07-01T01:55:39.708+0000][80.172s][info][gc,phases   ] GC(154)   Post Evacuate Collection Set: 0.39ms
[2026-07-01T01:55:39.708+0000][80.172s][info][gc,phases   ] GC(154)   Other: 0.08ms
[2026-07-01T01:55:39.708+0000][80.172s][info][gc,heap     ] GC(154) Eden regions: 129->0(129)
[2026-07-01T01:55:39.708+0000][80.172s][info][gc,heap     ] GC(154) Survivor regions: 7->7(17)
[2026-07-01T01:55:39.708+0000][80.172s][info][gc,heap     ] GC(154) Old regions: 173->173
[2026-07-01T01:55:39.708+0000][80.172s][info][gc,heap     ] GC(154) Humongous regions: 3->3
[2026-07-01T01:55:39.708+0000][80.172s][info][gc,metaspace] GC(154) Metaspace: 41687K(42496K)->41687K(42496K) NonClass: 36545K(36928K)->36545K(36928K) Class: 5141K(5568K)->5141K(5568K)
[2026-07-01T01:55:39.708+0000][80.172s][info][gc          ] GC(154) Pause Young (Prepare Mixed) (G1 Evacuation Pause) 310M->182M(329M) 11.828ms
[2026-07-01T01:55:39.708+0000][80.172s][info][gc,cpu      ] GC(154) User=0.02s Sys=0.01s Real=0.02s
[2026-07-01T01:55:40.298+0000][80.762s][info][gc,start    ] GC(155) Pause Young (Mixed) (G1 Evacuation Pause)
[2026-07-01T01:55:40.298+0000][80.762s][info][gc,task     ] GC(155) Using 2 workers of 2 for evacuation
[2026-07-01T01:55:40.312+0000][80.776s][info][gc,phases   ] GC(155)   Pre Evacuate Collection Set: 0.18ms
[2026-07-01T01:55:40.312+0000][80.776s][info][gc,phases   ] GC(155)   Merge Heap Roots: 0.29ms
[2026-07-01T01:55:40.312+0000][80.776s][info][gc,phases   ] GC(155)   Evacuate Collection Set: 13.16ms
[2026-07-01T01:55:40.312+0000][80.776s][info][gc,phases   ] GC(155)   Post Evacuate Collection Set: 0.38ms
[2026-07-01T01:55:40.312+0000][80.776s][info][gc,phases   ] GC(155)   Other: 0.05ms
[2026-07-01T01:55:40.312+0000][80.776s][info][gc,heap     ] GC(155) Eden regions: 129->0(129)
[2026-07-01T01:55:40.312+0000][80.776s][info][gc,heap     ] GC(155) Survivor regions: 7->7(17)
[2026-07-01T01:55:40.312+0000][80.776s][info][gc,heap     ] GC(155) Old regions: 173->173
[2026-07-01T01:55:40.312+0000][80.776s][info][gc,heap     ] GC(155) Humongous regions: 3->3
[2026-07-01T01:55:40.312+0000][80.776s][info][gc,metaspace] GC(155) Metaspace: 41687K(42496K)->41687K(42496K) NonClass: 36545K(36928K)->36545K(36928K) Class: 5141K(5568K)->5141K(5568K)
[2026-07-01T01:55:40.312+0000][80.776s][info][gc          ] GC(155) Pause Young (Mixed) (G1 Evacuation Pause) 311M->182M(329M) 14.207ms
[2026-07-01T01:55:40.312+0000][80.776s][info][gc,cpu      ] GC(155) User=0.03s Sys=0.00s Real=0.01s
[2026-07-01T01:55:40.899+0000][81.362s][info][gc,start    ] GC(156) Pause Young (Concurrent Start) (G1 Evacuation Pause)
[2026-07-01T01:55:40.899+0000][81.362s][info][gc,task     ] GC(156) Using 2 workers of 2 for evacuation
[2026-07-01T01:55:40.916+0000][81.380s][info][gc,phases   ] GC(156)   Pre Evacuate Collection Set: 0.24ms
[2026-07-01T01:55:40.916+0000][81.380s][info][gc,phases   ] GC(156)   Merge Heap Roots: 0.56ms
[2026-07-01T01:55:40.916+0000][81.380s][info][gc,phases   ] GC(156)   Evacuate Collection Set: 16.19ms
[2026-07-01T01:55:40.916+0000][81.380s][info][gc,phases   ] GC(156)   Post Evacuate Collection Set: 0.44ms
[2026-07-01T01:55:40.916+0000][81.380s][info][gc,phases   ] GC(156)   Other: 0.10ms
[2026-07-01T01:55:40.916+0000][81.380s][info][gc,heap     ] GC(156) Eden regions: 129->0(129)
[2026-07-01T01:55:40.916+0000][81.380s][info][gc,heap     ] GC(156) Survivor regions: 7->7(17)
[2026-07-01T01:55:40.916+0000][81.380s][info][gc,heap     ] GC(156) Old regions: 173->173
[2026-07-01T01:55:40.916+0000][81.380s][info][gc,heap     ] GC(156) Humongous regions: 3->3
[2026-07-01T01:55:40.916+0000][81.380s][info][gc,metaspace] GC(156) Metaspace: 41687K(42496K)->41687K(42496K) NonClass: 36545K(36928K)->36545K(36928K) Class: 5141K(5568K)->5141K(5568K)
[2026-07-01T01:55:40.916+0000][81.380s][info][gc          ] GC(156) Pause Young (Concurrent Start) (G1 Evacuation Pause) 311M->182M(329M) 17.716ms
[2026-07-01T01:55:40.916+0000][81.380s][info][gc,cpu      ] GC(156) User=0.03s Sys=0.00s Real=0.01s
[2026-07-01T01:55:40.917+0000][81.381s][info][gc          ] GC(157) Concurrent Mark Cycle
[2026-07-01T01:55:40.917+0000][81.381s][info][gc,marking  ] GC(157) Concurrent Scan Root Regions
[2026-07-01T01:55:40.935+0000][81.398s][info][gc,marking  ] GC(157) Concurrent Scan Root Regions 17.738ms
[2026-07-01T01:55:40.935+0000][81.399s][info][gc,marking  ] GC(157) Concurrent Mark
[2026-07-01T01:55:40.935+0000][81.399s][info][gc,marking  ] GC(157) Concurrent Mark From Roots
[2026-07-01T01:55:40.935+0000][81.399s][info][gc,task     ] GC(157) Using 1 workers of 1 for marking
[2026-07-01T01:55:41.567+0000][82.030s][info][gc,marking  ] GC(157) Concurrent Mark From Roots 631.502ms
[2026-07-01T01:55:41.567+0000][82.030s][info][gc,marking  ] GC(157) Concurrent Preclean
[2026-07-01T01:55:41.567+0000][82.030s][info][gc,marking  ] GC(157) Concurrent Preclean 0.315ms
[2026-07-01T01:55:41.567+0000][82.031s][info][gc,start    ] GC(157) Pause Remark
[2026-07-01T01:55:41.575+0000][82.039s][info][gc          ] GC(157) Pause Remark 306M->306M(329M) 7.776ms
[2026-07-01T01:55:41.575+0000][82.039s][info][gc,cpu      ] GC(157) User=0.01s Sys=0.00s Real=0.01s
[2026-07-01T01:55:41.587+0000][82.050s][info][gc,marking  ] GC(157) Concurrent Mark 651.743ms
[2026-07-01T01:55:41.587+0000][82.050s][info][gc,marking  ] GC(157) Concurrent Rebuild Remembered Sets and Scrub Regions
[2026-07-01T01:55:41.611+0000][82.074s][info][gc,start    ] GC(158) Pause Young (Normal) (G1 Evacuation Pause)
[2026-07-01T01:55:41.611+0000][82.074s][info][gc,task     ] GC(158) Using 2 workers of 2 for evacuation
[2026-07-01T01:55:41.625+0000][82.089s][info][gc,phases   ] GC(158)   Pre Evacuate Collection Set: 0.19ms
[2026-07-01T01:55:41.625+0000][82.089s][info][gc,phases   ] GC(158)   Merge Heap Roots: 0.38ms
[2026-07-01T01:55:41.625+0000][82.089s][info][gc,phases   ] GC(158)   Evacuate Collection Set: 13.64ms
[2026-07-01T01:55:41.625+0000][82.089s][info][gc,phases   ] GC(158)   Post Evacuate Collection Set: 0.42ms
[2026-07-01T01:55:41.625+0000][82.089s][info][gc,phases   ] GC(158)   Other: 0.06ms
[2026-07-01T01:55:41.625+0000][82.089s][info][gc,heap     ] GC(158) Eden regions: 129->0(128)
[2026-07-01T01:55:41.625+0000][82.089s][info][gc,heap     ] GC(158) Survivor regions: 7->7(17)
[2026-07-01T01:55:41.625+0000][82.089s][info][gc,heap     ] GC(158) Old regions: 173->174
[2026-07-01T01:55:41.625+0000][82.089s][info][gc,heap     ] GC(158) Humongous regions: 3->3
[2026-07-01T01:55:41.625+0000][82.089s][info][gc,metaspace] GC(158) Metaspace: 41687K(42496K)->41687K(42496K) NonClass: 36545K(36928K)->36545K(36928K) Class: 5141K(5568K)->5141K(5568K)
[2026-07-01T01:55:41.625+0000][82.089s][info][gc          ] GC(158) Pause Young (Normal) (G1 Evacuation Pause) 311M->182M(329M) 14.851ms
[2026-07-01T01:55:41.625+0000][82.089s][info][gc,cpu      ] GC(158) User=0.02s Sys=0.00s Real=0.01s
[2026-07-01T01:55:41.788+0000][82.251s][info][gc,marking  ] GC(157) Concurrent Rebuild Remembered Sets and Scrub Regions 200.714ms
[2026-07-01T01:55:41.788+0000][82.251s][info][gc,start    ] GC(157) Pause Cleanup
[2026-07-01T01:55:41.788+0000][82.251s][info][gc          ] GC(157) Pause Cleanup 214M->214M(329M) 0.153ms
[2026-07-01T01:55:41.788+0000][82.251s][info][gc,cpu      ] GC(157) User=0.00s Sys=0.00s Real=0.00s
[2026-07-01T01:55:41.788+0000][82.251s][info][gc,marking  ] GC(157) Concurrent Clear Claimed Marks
[2026-07-01T01:55:41.788+0000][82.251s][info][gc,marking  ] GC(157) Concurrent Clear Claimed Marks 0.092ms
[2026-07-01T01:55:41.788+0000][82.251s][info][gc,marking  ] GC(157) Concurrent Cleanup for Next Mark
[2026-07-01T01:55:41.789+0000][82.252s][info][gc,marking  ] GC(157) Concurrent Cleanup for Next Mark 0.711ms
[2026-07-01T01:55:41.789+0000][82.252s][info][gc          ] GC(157) Concurrent Mark Cycle 871.501ms
[2026-07-01T01:55:42.254+0000][82.717s][info][gc,start    ] GC(159) Pause Young (Prepare Mixed) (G1 Evacuation Pause)
[2026-07-01T01:55:42.254+0000][82.717s][info][gc,task     ] GC(159) Using 2 workers of 2 for evacuation
[2026-07-01T01:55:42.267+0000][82.730s][info][gc,phases   ] GC(159)   Pre Evacuate Collection Set: 0.21ms
[2026-07-01T01:55:42.267+0000][82.730s][info][gc,phases   ] GC(159)   Merge Heap Roots: 0.40ms
[2026-07-01T01:55:42.267+0000][82.730s][info][gc,phases   ] GC(159)   Evacuate Collection Set: 11.92ms
[2026-07-01T01:55:42.267+0000][82.730s][info][gc,phases   ] GC(159)   Post Evacuate Collection Set: 0.38ms
[2026-07-01T01:55:42.267+0000][82.730s][info][gc,phases   ] GC(159)   Other: 0.06ms
[2026-07-01T01:55:42.267+0000][82.730s][info][gc,heap     ] GC(159) Eden regions: 128->0(128)
[2026-07-01T01:55:42.267+0000][82.730s][info][gc,heap     ] GC(159) Survivor regions: 7->7(17)
[2026-07-01T01:55:42.267+0000][82.730s][info][gc,heap     ] GC(159) Old regions: 174->174
[2026-07-01T01:55:42.267+0000][82.730s][info][gc,heap     ] GC(159) Humongous regions: 3->3
[2026-07-01T01:55:42.267+0000][82.730s][info][gc,metaspace] GC(159) Metaspace: 41687K(42496K)->41687K(42496K) NonClass: 36545K(36928K)->36545K(36928K) Class: 5141K(5568K)->5141K(5568K)
[2026-07-01T01:55:42.267+0000][82.730s][info][gc          ] GC(159) Pause Young (Prepare Mixed) (G1 Evacuation Pause) 310M->183M(329M) 13.130ms
[2026-07-01T01:55:42.267+0000][82.730s][info][gc,cpu      ] GC(159) User=0.02s Sys=0.00s Real=0.01s
[2026-07-01T01:55:42.858+0000][83.321s][info][gc,start    ] GC(160) Pause Young (Mixed) (G1 Evacuation Pause)
[2026-07-01T01:55:42.858+0000][83.321s][info][gc,task     ] GC(160) Using 2 workers of 2 for evacuation
[2026-07-01T01:55:42.874+0000][83.337s][info][gc,phases   ] GC(160)   Pre Evacuate Collection Set: 0.21ms
[2026-07-01T01:55:42.874+0000][83.337s][info][gc,phases   ] GC(160)   Merge Heap Roots: 0.38ms
[2026-07-01T01:55:42.874+0000][83.337s][info][gc,phases   ] GC(160)   Evacuate Collection Set: 15.05ms
[2026-07-01T01:55:42.874+0000][83.337s][info][gc,phases   ] GC(160)   Post Evacuate Collection Set: 0.43ms
[2026-07-01T01:55:42.874+0000][83.337s][info][gc,phases   ] GC(160)   Other: 0.06ms
[2026-07-01T01:55:42.874+0000][83.337s][info][gc,heap     ] GC(160) Eden regions: 128->0(128)
[2026-07-01T01:55:42.874+0000][83.337s][info][gc,heap     ] GC(160) Survivor regions: 7->7(17)
[2026-07-01T01:55:42.874+0000][83.337s][info][gc,heap     ] GC(160) Old regions: 174->174
[2026-07-01T01:55:42.874+0000][83.337s][info][gc,heap     ] GC(160) Humongous regions: 3->3
[2026-07-01T01:55:42.874+0000][83.337s][info][gc,metaspace] GC(160) Metaspace: 41688K(42496K)->41688K(42496K) NonClass: 36546K(36928K)->36546K(36928K) Class: 5141K(5568K)->5141K(5568K)
[2026-07-01T01:55:42.874+0000][83.338s][info][gc          ] GC(160) Pause Young (Mixed) (G1 Evacuation Pause) 311M->183M(329M) 16.287ms
[2026-07-01T01:55:42.874+0000][83.338s][info][gc,cpu      ] GC(160) User=0.03s Sys=0.00s Real=0.02s
[2026-07-01T01:55:43.451+0000][83.915s][info][gc,start    ] GC(161) Pause Young (Concurrent Start) (G1 Evacuation Pause)
[2026-07-01T01:55:43.452+0000][83.915s][info][gc,task     ] GC(161) Using 2 workers of 2 for evacuation
[2026-07-01T01:55:43.470+0000][83.934s][info][gc,phases   ] GC(161)   Pre Evacuate Collection Set: 0.19ms
[2026-07-01T01:55:43.470+0000][83.934s][info][gc,phases   ] GC(161)   Merge Heap Roots: 0.41ms
[2026-07-01T01:55:43.470+0000][83.934s][info][gc,phases   ] GC(161)   Evacuate Collection Set: 17.60ms
[2026-07-01T01:55:43.470+0000][83.934s][info][gc,phases   ] GC(161)   Post Evacuate Collection Set: 0.47ms
[2026-07-01T01:55:43.470+0000][83.934s][info][gc,phases   ] GC(161)   Other: 0.11ms
[2026-07-01T01:55:43.470+0000][83.934s][info][gc,heap     ] GC(161) Eden regions: 128->0(127)
[2026-07-01T01:55:43.470+0000][83.934s][info][gc,heap     ] GC(161) Survivor regions: 7->7(17)
[2026-07-01T01:55:43.470+0000][83.934s][info][gc,heap     ] GC(161) Old regions: 174->175
[2026-07-01T01:55:43.470+0000][83.934s][info][gc,heap     ] GC(161) Humongous regions: 3->3
[2026-07-01T01:55:43.470+0000][83.934s][info][gc,metaspace] GC(161) Metaspace: 41688K(42496K)->41688K(42496K) NonClass: 36546K(36928K)->36546K(36928K) Class: 5141K(5568K)->5141K(5568K)
[2026-07-01T01:55:43.470+0000][83.934s][info][gc          ] GC(161) Pause Young (Concurrent Start) (G1 Evacuation Pause) 311M->184M(329M) 18.922ms
[2026-07-01T01:55:43.470+0000][83.934s][info][gc          ] GC(162) Concurrent Mark Cycle
[2026-07-01T01:55:43.470+0000][83.934s][info][gc,marking  ] GC(162) Concurrent Scan Root Regions
[2026-07-01T01:55:43.470+0000][83.934s][info][gc,cpu      ] GC(161) User=0.03s Sys=0.00s Real=0.02s
[2026-07-01T01:55:43.482+0000][83.946s][info][gc,marking  ] GC(162) Concurrent Scan Root Regions 11.805ms
[2026-07-01T01:55:43.482+0000][83.946s][info][gc,marking  ] GC(162) Concurrent Mark
[2026-07-01T01:55:43.482+0000][83.946s][info][gc,marking  ] GC(162) Concurrent Mark From Roots
[2026-07-01T01:55:43.482+0000][83.946s][info][gc,task     ] GC(162) Using 1 workers of 1 for marking
[2026-07-01T01:55:44.165+0000][84.628s][info][gc,start    ] GC(163) Pause Young (Normal) (G1 Evacuation Pause)
[2026-07-01T01:55:44.165+0000][84.628s][info][gc,task     ] GC(163) Using 2 workers of 2 for evacuation
[2026-07-01T01:55:44.184+0000][84.648s][info][gc,phases   ] GC(163)   Pre Evacuate Collection Set: 0.19ms
[2026-07-01T01:55:44.184+0000][84.648s][info][gc,phases   ] GC(163)   Merge Heap Roots: 0.47ms
[2026-07-01T01:55:44.184+0000][84.648s][info][gc,phases   ] GC(163)   Evacuate Collection Set: 18.16ms
[2026-07-01T01:55:44.184+0000][84.648s][info][gc,phases   ] GC(163)   Post Evacuate Collection Set: 0.39ms
[2026-07-01T01:55:44.184+0000][84.648s][info][gc,phases   ] GC(163)   Other: 0.07ms
[2026-07-01T01:55:44.184+0000][84.648s][info][gc,heap     ] GC(163) Eden regions: 127->0(126)
[2026-07-01T01:55:44.184+0000][84.648s][info][gc,heap     ] GC(163) Survivor regions: 7->8(17)
[2026-07-01T01:55:44.184+0000][84.648s][info][gc,heap     ] GC(163) Old regions: 175->175
[2026-07-01T01:55:44.184+0000][84.648s][info][gc,heap     ] GC(163) Humongous regions: 3->3
[2026-07-01T01:55:44.184+0000][84.648s][info][gc,metaspace] GC(163) Metaspace: 41688K(42496K)->41688K(42496K) NonClass: 36546K(36928K)->36546K(36928K) Class: 5141K(5568K)->5141K(5568K)
[2026-07-01T01:55:44.184+0000][84.648s][info][gc          ] GC(163) Pause Young (Normal) (G1 Evacuation Pause) 311M->184M(329M) 19.422ms
[2026-07-01T01:55:44.184+0000][84.648s][info][gc,cpu      ] GC(163) User=0.04s Sys=0.01s Real=0.02s
[2026-07-01T01:55:44.208+0000][84.671s][info][gc,marking  ] GC(162) Concurrent Mark From Roots 725.458ms
[2026-07-01T01:55:44.208+0000][84.671s][info][gc,marking  ] GC(162) Concurrent Preclean
[2026-07-01T01:55:44.208+0000][84.671s][info][gc,marking  ] GC(162) Concurrent Preclean 0.145ms
[2026-07-01T01:55:44.210+0000][84.673s][info][gc,start    ] GC(162) Pause Remark
[2026-07-01T01:55:44.216+0000][84.679s][info][gc          ] GC(162) Pause Remark 190M->190M(329M) 6.320ms
[2026-07-01T01:55:44.216+0000][84.679s][info][gc,cpu      ] GC(162) User=0.01s Sys=0.00s Real=0.00s
[2026-07-01T01:55:44.219+0000][84.682s][info][gc,marking  ] GC(162) Concurrent Mark 736.476ms
[2026-07-01T01:55:44.219+0000][84.682s][info][gc,marking  ] GC(162) Concurrent Rebuild Remembered Sets and Scrub Regions
[2026-07-01T01:55:44.513+0000][84.977s][info][gc,marking  ] GC(162) Concurrent Rebuild Remembered Sets and Scrub Regions 294.226ms
[2026-07-01T01:55:44.513+0000][84.977s][info][gc,start    ] GC(162) Pause Cleanup
[2026-07-01T01:55:44.513+0000][84.977s][info][gc          ] GC(162) Pause Cleanup 249M->249M(329M) 0.135ms
[2026-07-01T01:55:44.513+0000][84.977s][info][gc,cpu      ] GC(162) User=0.00s Sys=0.00s Real=0.00s
[2026-07-01T01:55:44.514+0000][84.977s][info][gc,marking  ] GC(162) Concurrent Clear Claimed Marks
[2026-07-01T01:55:44.514+0000][84.977s][info][gc,marking  ] GC(162) Concurrent Clear Claimed Marks 0.101ms
[2026-07-01T01:55:44.514+0000][84.977s][info][gc,marking  ] GC(162) Concurrent Cleanup for Next Mark
[2026-07-01T01:55:44.515+0000][84.979s][info][gc,marking  ] GC(162) Concurrent Cleanup for Next Mark 1.534ms
[2026-07-01T01:55:44.516+0000][84.979s][info][gc          ] GC(162) Concurrent Mark Cycle 1045.158ms
[2026-07-01T01:55:44.796+0000][85.260s][info][gc,start    ] GC(164) Pause Young (Prepare Mixed) (G1 Evacuation Pause)
[2026-07-01T01:55:44.796+0000][85.260s][info][gc,task     ] GC(164) Using 2 workers of 2 for evacuation
[2026-07-01T01:55:44.816+0000][85.280s][info][gc,phases   ] GC(164)   Pre Evacuate Collection Set: 0.18ms
[2026-07-01T01:55:44.816+0000][85.280s][info][gc,phases   ] GC(164)   Merge Heap Roots: 0.53ms
[2026-07-01T01:55:44.816+0000][85.280s][info][gc,phases   ] GC(164)   Evacuate Collection Set: 18.64ms
[2026-07-01T01:55:44.816+0000][85.280s][info][gc,phases   ] GC(164)   Post Evacuate Collection Set: 0.52ms
[2026-07-01T01:55:44.816+0000][85.280s][info][gc,phases   ] GC(164)   Other: 0.06ms
[2026-07-01T01:55:44.816+0000][85.280s][info][gc,heap     ] GC(164) Eden regions: 126->0(126)
[2026-07-01T01:55:44.816+0000][85.280s][info][gc,heap     ] GC(164) Survivor regions: 8->8(17)
[2026-07-01T01:55:44.816+0000][85.280s][info][gc,heap     ] GC(164) Old regions: 175->175
[2026-07-01T01:55:44.816+0000][85.280s][info][gc,heap     ] GC(164) Humongous regions: 3->3
[2026-07-01T01:55:44.816+0000][85.280s][info][gc,metaspace] GC(164) Metaspace: 41689K(42496K)->41689K(42496K) NonClass: 36547K(36928K)->36547K(36928K) Class: 5141K(5568K)->5141K(5568K)
[2026-07-01T01:55:44.816+0000][85.280s][info][gc          ] GC(164) Pause Young (Prepare Mixed) (G1 Evacuation Pause) 310M->185M(329M) 20.091ms
[2026-07-01T01:55:44.816+0000][85.280s][info][gc,cpu      ] GC(164) User=0.04s Sys=0.00s Real=0.02s
[2026-07-01T01:55:45.389+0000][85.852s][info][gc,start    ] GC(165) Pause Young (Mixed) (G1 Evacuation Pause)
[2026-07-01T01:55:45.389+0000][85.853s][info][gc,task     ] GC(165) Using 2 workers of 2 for evacuation
[2026-07-01T01:55:45.410+0000][85.874s][info][gc,phases   ] GC(165)   Pre Evacuate Collection Set: 0.14ms
[2026-07-01T01:55:45.410+0000][85.874s][info][gc,phases   ] GC(165)   Merge Heap Roots: 0.49ms
[2026-07-01T01:55:45.410+0000][85.874s][info][gc,phases   ] GC(165)   Evacuate Collection Set: 20.27ms
[2026-07-01T01:55:45.410+0000][85.874s][info][gc,phases   ] GC(165)   Post Evacuate Collection Set: 0.41ms
[2026-07-01T01:55:45.410+0000][85.874s][info][gc,phases   ] GC(165)   Other: 0.06ms
[2026-07-01T01:55:45.410+0000][85.874s][info][gc,heap     ] GC(165) Eden regions: 126->0(126)
[2026-07-01T01:55:45.410+0000][85.874s][info][gc,heap     ] GC(165) Survivor regions: 8->8(17)
[2026-07-01T01:55:45.410+0000][85.874s][info][gc,heap     ] GC(165) Old regions: 175->175
[2026-07-01T01:55:45.410+0000][85.874s][info][gc,heap     ] GC(165) Humongous regions: 3->3
[2026-07-01T01:55:45.410+0000][85.874s][info][gc,metaspace] GC(165) Metaspace: 41689K(42496K)->41689K(42496K) NonClass: 36547K(36928K)->36547K(36928K) Class: 5141K(5568K)->5141K(5568K)
[2026-07-01T01:55:45.411+0000][85.874s][info][gc          ] GC(165) Pause Young (Mixed) (G1 Evacuation Pause) 311M->185M(329M) 21.540ms
[2026-07-01T01:55:45.411+0000][85.874s][info][gc,cpu      ] GC(165) User=0.04s Sys=0.00s Real=0.02s
[2026-07-01T01:55:46.177+0000][86.641s][info][gc,start    ] GC(166) Pause Young (Concurrent Start) (G1 Evacuation Pause)
[2026-07-01T01:55:46.177+0000][86.641s][info][gc,task     ] GC(166) Using 2 workers of 2 for evacuation
[2026-07-01T01:55:46.199+0000][86.663s][info][gc,phases   ] GC(166)   Pre Evacuate Collection Set: 0.22ms
[2026-07-01T01:55:46.199+0000][86.663s][info][gc,phases   ] GC(166)   Merge Heap Roots: 0.33ms
[2026-07-01T01:55:46.199+0000][86.663s][info][gc,phases   ] GC(166)   Evacuate Collection Set: 20.89ms
[2026-07-01T01:55:46.199+0000][86.663s][info][gc,phases   ] GC(166)   Post Evacuate Collection Set: 0.46ms
[2026-07-01T01:55:46.199+0000][86.663s][info][gc,phases   ] GC(166)   Other: 0.09ms
[2026-07-01T01:55:46.199+0000][86.663s][info][gc,heap     ] GC(166) Eden regions: 126->0(125)
[2026-07-01T01:55:46.199+0000][86.663s][info][gc,heap     ] GC(166) Survivor regions: 8->8(17)
[2026-07-01T01:55:46.199+0000][86.663s][info][gc,heap     ] GC(166) Old regions: 175->176
[2026-07-01T01:55:46.199+0000][86.663s][info][gc,heap     ] GC(166) Humongous regions: 3->3
[2026-07-01T01:55:46.199+0000][86.663s][info][gc,metaspace] GC(166) Metaspace: 41689K(42496K)->41689K(42496K) NonClass: 36547K(36928K)->36547K(36928K) Class: 5141K(5568K)->5141K(5568K)
[2026-07-01T01:55:46.199+0000][86.663s][info][gc          ] GC(166) Pause Young (Concurrent Start) (G1 Evacuation Pause) 311M->186M(329M) 22.174ms
[2026-07-01T01:55:46.199+0000][86.663s][info][gc,cpu      ] GC(166) User=0.04s Sys=0.00s Real=0.03s
[2026-07-01T01:55:46.201+0000][86.665s][info][gc          ] GC(167) Concurrent Mark Cycle
[2026-07-01T01:55:46.201+0000][86.665s][info][gc,marking  ] GC(167) Concurrent Scan Root Regions
[2026-07-01T01:55:46.217+0000][86.681s][info][gc,marking  ] GC(167) Concurrent Scan Root Regions 16.237ms
[2026-07-01T01:55:46.217+0000][86.681s][info][gc,marking  ] GC(167) Concurrent Mark
[2026-07-01T01:55:46.217+0000][86.681s][info][gc,marking  ] GC(167) Concurrent Mark From Roots
[2026-07-01T01:55:46.217+0000][86.681s][info][gc,task     ] GC(167) Using 1 workers of 1 for marking
[2026-07-01T01:55:46.604+0000][87.067s][info][gc,marking  ] GC(167) Concurrent Mark From Roots 386.087ms
[2026-07-01T01:55:46.604+0000][87.067s][info][gc,marking  ] GC(167) Concurrent Preclean
[2026-07-01T01:55:46.604+0000][87.067s][info][gc,marking  ] GC(167) Concurrent Preclean 0.182ms
[2026-07-01T01:55:46.604+0000][87.067s][info][gc,start    ] GC(167) Pause Remark
[2026-07-01T01:55:46.617+0000][87.080s][info][gc          ] GC(167) Pause Remark 226M->226M(329M) 12.542ms
[2026-07-01T01:55:46.617+0000][87.080s][info][gc,cpu      ] GC(167) User=0.01s Sys=0.00s Real=0.01s
[2026-07-01T01:55:46.618+0000][87.082s][info][gc,marking  ] GC(167) Concurrent Mark 400.705ms
[2026-07-01T01:55:46.618+0000][87.082s][info][gc,marking  ] GC(167) Concurrent Rebuild Remembered Sets and Scrub Regions
[2026-07-01T01:55:46.738+0000][87.202s][info][gc,marking  ] GC(167) Concurrent Rebuild Remembered Sets and Scrub Regions 119.954ms
[2026-07-01T01:55:46.738+0000][87.202s][info][gc,start    ] GC(167) Pause Cleanup
[2026-07-01T01:55:46.738+0000][87.202s][info][gc          ] GC(167) Pause Cleanup 238M->238M(329M) 0.118ms
[2026-07-01T01:55:46.738+0000][87.202s][info][gc,cpu      ] GC(167) User=0.00s Sys=0.00s Real=0.00s
[2026-07-01T01:55:46.738+0000][87.202s][info][gc,marking  ] GC(167) Concurrent Clear Claimed Marks
[2026-07-01T01:55:46.739+0000][87.202s][info][gc,marking  ] GC(167) Concurrent Clear Claimed Marks 0.072ms
[2026-07-01T01:55:46.739+0000][87.202s][info][gc,marking  ] GC(167) Concurrent Cleanup for Next Mark
[2026-07-01T01:55:46.739+0000][87.203s][info][gc,marking  ] GC(167) Concurrent Cleanup for Next Mark 0.564ms
[2026-07-01T01:55:46.739+0000][87.203s][info][gc          ] GC(167) Concurrent Mark Cycle 537.974ms
[2026-07-01T01:55:47.316+0000][87.779s][info][gc,start    ] GC(168) Pause Young (Prepare Mixed) (G1 Evacuation Pause)
[2026-07-01T01:55:47.316+0000][87.779s][info][gc,task     ] GC(168) Using 2 workers of 2 for evacuation
[2026-07-01T01:55:47.364+0000][87.827s][info][gc,phases   ] GC(168)   Pre Evacuate Collection Set: 0.25ms
[2026-07-01T01:55:47.364+0000][87.827s][info][gc,phases   ] GC(168)   Merge Heap Roots: 0.89ms
[2026-07-01T01:55:47.364+0000][87.827s][info][gc,phases   ] GC(168)   Evacuate Collection Set: 46.16ms
[2026-07-01T01:55:47.364+0000][87.827s][info][gc,phases   ] GC(168)   Post Evacuate Collection Set: 0.79ms
[2026-07-01T01:55:47.364+0000][87.827s][info][gc,phases   ] GC(168)   Other: 0.07ms
[2026-07-01T01:55:47.364+0000][87.827s][info][gc,heap     ] GC(168) Eden regions: 125->0(125)
[2026-07-01T01:55:47.364+0000][87.827s][info][gc,heap     ] GC(168) Survivor regions: 8->8(17)
[2026-07-01T01:55:47.364+0000][87.827s][info][gc,heap     ] GC(168) Old regions: 176->176
[2026-07-01T01:55:47.364+0000][87.827s][info][gc,heap     ] GC(168) Humongous regions: 3->3
[2026-07-01T01:55:47.364+0000][87.827s][info][gc,metaspace] GC(168) Metaspace: 41689K(42496K)->41689K(42496K) NonClass: 36548K(36928K)->36548K(36928K) Class: 5141K(5568K)->5141K(5568K)
[2026-07-01T01:55:47.364+0000][87.827s][info][gc          ] GC(168) Pause Young (Prepare Mixed) (G1 Evacuation Pause) 311M->186M(329M) 48.357ms
[2026-07-01T01:55:47.364+0000][87.827s][info][gc,cpu      ] GC(168) User=0.04s Sys=0.00s Real=0.05s
[2026-07-01T01:55:48.249+0000][88.713s][info][gc,start    ] GC(169) Pause Young (Mixed) (G1 Evacuation Pause)
[2026-07-01T01:55:48.249+0000][88.713s][info][gc,task     ] GC(169) Using 2 workers of 2 for evacuation
[2026-07-01T01:55:48.294+0000][88.758s][info][gc,phases   ] GC(169)   Pre Evacuate Collection Set: 0.21ms
[2026-07-01T01:55:48.294+0000][88.758s][info][gc,phases   ] GC(169)   Merge Heap Roots: 0.53ms
[2026-07-01T01:55:48.294+0000][88.758s][info][gc,phases   ] GC(169)   Evacuate Collection Set: 43.24ms
[2026-07-01T01:55:48.294+0000][88.758s][info][gc,phases   ] GC(169)   Post Evacuate Collection Set: 0.76ms
[2026-07-01T01:55:48.294+0000][88.758s][info][gc,phases   ] GC(169)   Other: 0.07ms
[2026-07-01T01:55:48.294+0000][88.758s][info][gc,heap     ] GC(169) Eden regions: 125->0(125)
[2026-07-01T01:55:48.294+0000][88.758s][info][gc,heap     ] GC(169) Survivor regions: 8->8(17)
[2026-07-01T01:55:48.294+0000][88.758s][info][gc,heap     ] GC(169) Old regions: 176->176
[2026-07-01T01:55:48.294+0000][88.758s][info][gc,heap     ] GC(169) Humongous regions: 3->3
[2026-07-01T01:55:48.294+0000][88.758s][info][gc,metaspace] GC(169) Metaspace: 41689K(42496K)->41689K(42496K) NonClass: 36548K(36928K)->36548K(36928K) Class: 5141K(5568K)->5141K(5568K)
[2026-07-01T01:55:48.294+0000][88.758s][info][gc          ] GC(169) Pause Young (Mixed) (G1 Evacuation Pause) 311M->186M(329M) 45.057ms
[2026-07-01T01:55:48.294+0000][88.758s][info][gc,cpu      ] GC(169) User=0.05s Sys=0.00s Real=0.04s
[2026-07-01T01:55:49.208+0000][89.671s][info][gc,start    ] GC(170) Pause Young (Concurrent Start) (G1 Evacuation Pause)
[2026-07-01T01:55:49.208+0000][89.671s][info][gc,task     ] GC(170) Using 2 workers of 2 for evacuation
[2026-07-01T01:55:49.233+0000][89.697s][info][gc,phases   ] GC(170)   Pre Evacuate Collection Set: 0.25ms
[2026-07-01T01:55:49.233+0000][89.697s][info][gc,phases   ] GC(170)   Merge Heap Roots: 0.57ms
[2026-07-01T01:55:49.233+0000][89.697s][info][gc,phases   ] GC(170)   Evacuate Collection Set: 23.97ms
[2026-07-01T01:55:49.233+0000][89.697s][info][gc,phases   ] GC(170)   Post Evacuate Collection Set: 0.48ms
[2026-07-01T01:55:49.233+0000][89.697s][info][gc,phases   ] GC(170)   Other: 0.10ms
[2026-07-01T01:55:49.233+0000][89.697s][info][gc,heap     ] GC(170) Eden regions: 125->0(125)
[2026-07-01T01:55:49.233+0000][89.697s][info][gc,heap     ] GC(170) Survivor regions: 8->8(17)
[2026-07-01T01:55:49.233+0000][89.697s][info][gc,heap     ] GC(170) Old regions: 176->176
[2026-07-01T01:55:49.233+0000][89.697s][info][gc,heap     ] GC(170) Humongous regions: 3->3
[2026-07-01T01:55:49.233+0000][89.697s][info][gc,metaspace] GC(170) Metaspace: 41691K(42496K)->41691K(42496K) NonClass: 36549K(36928K)->36549K(36928K) Class: 5141K(5568K)->5141K(5568K)
[2026-07-01T01:55:49.233+0000][89.697s][info][gc          ] GC(170) Pause Young (Concurrent Start) (G1 Evacuation Pause) 311M->186M(329M) 25.587ms
[2026-07-01T01:55:49.233+0000][89.697s][info][gc          ] GC(171) Concurrent Mark Cycle
[2026-07-01T01:55:49.233+0000][89.697s][info][gc,cpu      ] GC(170) User=0.05s Sys=0.00s Real=0.03s
[2026-07-01T01:55:49.233+0000][89.697s][info][gc,marking  ] GC(171) Concurrent Scan Root Regions
[2026-07-01T01:55:49.256+0000][89.719s][info][gc,marking  ] GC(171) Concurrent Scan Root Regions 22.246ms
[2026-07-01T01:55:49.256+0000][89.719s][info][gc,marking  ] GC(171) Concurrent Mark
[2026-07-01T01:55:49.256+0000][89.719s][info][gc,marking  ] GC(171) Concurrent Mark From Roots
[2026-07-01T01:55:49.256+0000][89.719s][info][gc,task     ] GC(171) Using 1 workers of 1 for marking
[2026-07-01T01:55:49.628+0000][90.091s][info][gc,marking  ] GC(171) Concurrent Mark From Roots 372.217ms
[2026-07-01T01:55:49.628+0000][90.091s][info][gc,marking  ] GC(171) Concurrent Preclean
[2026-07-01T01:55:49.628+0000][90.092s][info][gc,marking  ] GC(171) Concurrent Preclean 0.239ms
[2026-07-01T01:55:49.628+0000][90.092s][info][gc,start    ] GC(171) Pause Remark
[2026-07-01T01:55:49.635+0000][90.099s][info][gc          ] GC(171) Pause Remark 229M->229M(329M) 6.973ms
[2026-07-01T01:55:49.635+0000][90.099s][info][gc,cpu      ] GC(171) User=0.01s Sys=0.00s Real=0.00s
[2026-07-01T01:55:49.638+0000][90.101s][info][gc,marking  ] GC(171) Concurrent Mark 382.188ms
[2026-07-01T01:55:49.638+0000][90.101s][info][gc,marking  ] GC(171) Concurrent Rebuild Remembered Sets and Scrub Regions
[2026-07-01T01:55:49.766+0000][90.229s][info][gc,marking  ] GC(171) Concurrent Rebuild Remembered Sets and Scrub Regions 127.829ms
[2026-07-01T01:55:49.766+0000][90.229s][info][gc,start    ] GC(171) Pause Cleanup
[2026-07-01T01:55:49.766+0000][90.230s][info][gc          ] GC(171) Pause Cleanup 242M->242M(329M) 0.161ms
[2026-07-01T01:55:49.766+0000][90.230s][info][gc,cpu      ] GC(171) User=0.00s Sys=0.00s Real=0.00s
[2026-07-01T01:55:49.766+0000][90.230s][info][gc,marking  ] GC(171) Concurrent Clear Claimed Marks
[2026-07-01T01:55:49.766+0000][90.230s][info][gc,marking  ] GC(171) Concurrent Clear Claimed Marks 0.089ms
[2026-07-01T01:55:49.766+0000][90.230s][info][gc,marking  ] GC(171) Concurrent Cleanup for Next Mark
[2026-07-01T01:55:49.767+0000][90.230s][info][gc,marking  ] GC(171) Concurrent Cleanup for Next Mark 0.519ms
[2026-07-01T01:55:49.767+0000][90.230s][info][gc          ] GC(171) Concurrent Mark Cycle 533.630ms
[2026-07-01T01:55:50.304+0000][90.767s][info][gc,start    ] GC(172) Pause Young (Prepare Mixed) (G1 Evacuation Pause)
[2026-07-01T01:55:50.304+0000][90.767s][info][gc,task     ] GC(172) Using 2 workers of 2 for evacuation
[2026-07-01T01:55:50.345+0000][90.809s][info][gc,phases   ] GC(172)   Pre Evacuate Collection Set: 0.26ms
[2026-07-01T01:55:50.345+0000][90.809s][info][gc,phases   ] GC(172)   Merge Heap Roots: 0.99ms
[2026-07-01T01:55:50.345+0000][90.809s][info][gc,phases   ] GC(172)   Evacuate Collection Set: 39.69ms
[2026-07-01T01:55:50.345+0000][90.809s][info][gc,phases   ] GC(172)   Post Evacuate Collection Set: 0.85ms
[2026-07-01T01:55:50.345+0000][90.809s][info][gc,phases   ] GC(172)   Other: 0.07ms
[2026-07-01T01:55:50.346+0000][90.809s][info][gc,heap     ] GC(172) Eden regions: 125->0(124)
[2026-07-01T01:55:50.346+0000][90.809s][info][gc,heap     ] GC(172) Survivor regions: 8->8(17)
[2026-07-01T01:55:50.346+0000][90.809s][info][gc,heap     ] GC(172) Old regions: 176->177
[2026-07-01T01:55:50.346+0000][90.809s][info][gc,heap     ] GC(172) Humongous regions: 3->3
[2026-07-01T01:55:50.346+0000][90.809s][info][gc,metaspace] GC(172) Metaspace: 41691K(42496K)->41691K(42496K) NonClass: 36549K(36928K)->36549K(36928K) Class: 5141K(5568K)->5141K(5568K)
[2026-07-01T01:55:50.346+0000][90.809s][info][gc          ] GC(172) Pause Young (Prepare Mixed) (G1 Evacuation Pause) 311M->187M(329M) 42.054ms
[2026-07-01T01:55:50.346+0000][90.809s][info][gc,cpu      ] GC(172) User=0.05s Sys=0.00s Real=0.04s
[2026-07-01T01:55:51.323+0000][91.786s][info][gc,start    ] GC(173) Pause Young (Mixed) (G1 Evacuation Pause)
[2026-07-01T01:55:51.323+0000][91.786s][info][gc,task     ] GC(173) Using 2 workers of 2 for evacuation
[2026-07-01T01:55:51.380+0000][91.844s][info][gc,phases   ] GC(173)   Pre Evacuate Collection Set: 0.21ms
[2026-07-01T01:55:51.380+0000][91.844s][info][gc,phases   ] GC(173)   Merge Heap Roots: 0.64ms
[2026-07-01T01:55:51.380+0000][91.844s][info][gc,phases   ] GC(173)   Evacuate Collection Set: 56.28ms
[2026-07-01T01:55:51.380+0000][91.844s][info][gc,phases   ] GC(173)   Post Evacuate Collection Set: 0.54ms
[2026-07-01T01:55:51.380+0000][91.844s][info][gc,phases   ] GC(173)   Other: 0.08ms
[2026-07-01T01:55:51.380+0000][91.844s][info][gc,heap     ] GC(173) Eden regions: 124->0(124)
[2026-07-01T01:55:51.380+0000][91.844s][info][gc,heap     ] GC(173) Survivor regions: 8->8(17)
[2026-07-01T01:55:51.380+0000][91.844s][info][gc,heap     ] GC(173) Old regions: 177->177
[2026-07-01T01:55:51.380+0000][91.844s][info][gc,heap     ] GC(173) Humongous regions: 3->3
[2026-07-01T01:55:51.380+0000][91.844s][info][gc,metaspace] GC(173) Metaspace: 41691K(42496K)->41691K(42496K) NonClass: 36549K(36928K)->36549K(36928K) Class: 5141K(5568K)->5141K(5568K)
[2026-07-01T01:55:51.381+0000][91.844s][info][gc          ] GC(173) Pause Young (Mixed) (G1 Evacuation Pause) 311M->187M(329M) 57.925ms
[2026-07-01T01:55:51.381+0000][91.844s][info][gc,cpu      ] GC(173) User=0.05s Sys=0.00s Real=0.06s
[2026-07-01T01:55:52.225+0000][92.689s][info][gc,start    ] GC(174) Pause Young (Concurrent Start) (G1 Evacuation Pause)
[2026-07-01T01:55:52.225+0000][92.689s][info][gc,task     ] GC(174) Using 2 workers of 2 for evacuation
[2026-07-01T01:55:52.244+0000][92.707s][info][gc,phases   ] GC(174)   Pre Evacuate Collection Set: 0.21ms
[2026-07-01T01:55:52.244+0000][92.707s][info][gc,phases   ] GC(174)   Merge Heap Roots: 0.37ms
[2026-07-01T01:55:52.244+0000][92.707s][info][gc,phases   ] GC(174)   Evacuate Collection Set: 17.26ms
[2026-07-01T01:55:52.244+0000][92.707s][info][gc,phases   ] GC(174)   Post Evacuate Collection Set: 0.42ms
[2026-07-01T01:55:52.244+0000][92.707s][info][gc,phases   ] GC(174)   Other: 0.10ms
[2026-07-01T01:55:52.244+0000][92.707s][info][gc,heap     ] GC(174) Eden regions: 124->0(124)
[2026-07-01T01:55:52.244+0000][92.707s][info][gc,heap     ] GC(174) Survivor regions: 8->8(17)
[2026-07-01T01:55:52.244+0000][92.707s][info][gc,heap     ] GC(174) Old regions: 177->177
[2026-07-01T01:55:52.244+0000][92.707s][info][gc,heap     ] GC(174) Humongous regions: 3->3
[2026-07-01T01:55:52.244+0000][92.707s][info][gc,metaspace] GC(174) Metaspace: 41691K(42496K)->41691K(42496K) NonClass: 36549K(36928K)->36549K(36928K) Class: 5141K(5568K)->5141K(5568K)
[2026-07-01T01:55:52.244+0000][92.707s][info][gc          ] GC(174) Pause Young (Concurrent Start) (G1 Evacuation Pause) 311M->188M(329M) 18.526ms
[2026-07-01T01:55:52.244+0000][92.707s][info][gc          ] GC(175) Concurrent Mark Cycle
[2026-07-01T01:55:52.244+0000][92.707s][info][gc,cpu      ] GC(174) User=0.04s Sys=0.00s Real=0.02s
[2026-07-01T01:55:52.244+0000][92.707s][info][gc,marking  ] GC(175) Concurrent Scan Root Regions
[2026-07-01T01:55:52.260+0000][92.723s][info][gc,marking  ] GC(175) Concurrent Scan Root Regions 16.228ms
[2026-07-01T01:55:52.260+0000][92.723s][info][gc,marking  ] GC(175) Concurrent Mark
[2026-07-01T01:55:52.260+0000][92.723s][info][gc,marking  ] GC(175) Concurrent Mark From Roots
[2026-07-01T01:55:52.260+0000][92.723s][info][gc,task     ] GC(175) Using 1 workers of 1 for marking
[2026-07-01T01:55:52.742+0000][93.205s][info][gc,marking  ] GC(175) Concurrent Mark From Roots 481.732ms
[2026-07-01T01:55:52.742+0000][93.205s][info][gc,marking  ] GC(175) Concurrent Preclean
[2026-07-01T01:55:52.742+0000][93.205s][info][gc,marking  ] GC(175) Concurrent Preclean 0.153ms
[2026-07-01T01:55:52.743+0000][93.206s][info][gc,start    ] GC(175) Pause Remark
[2026-07-01T01:55:52.749+0000][93.213s][info][gc          ] GC(175) Pause Remark 268M->268M(329M) 6.854ms
[2026-07-01T01:55:52.749+0000][93.213s][info][gc,cpu      ] GC(175) User=0.01s Sys=0.00s Real=0.01s
[2026-07-01T01:55:52.752+0000][93.216s][info][gc,marking  ] GC(175) Concurrent Mark 492.309ms
[2026-07-01T01:55:52.752+0000][93.216s][info][gc,marking  ] GC(175) Concurrent Rebuild Remembered Sets and Scrub Regions
[2026-07-01T01:55:52.953+0000][93.417s][info][gc,start    ] GC(176) Pause Young (Normal) (G1 Evacuation Pause)
[2026-07-01T01:55:52.953+0000][93.417s][info][gc,task     ] GC(176) Using 2 workers of 2 for evacuation
[2026-07-01T01:55:52.970+0000][93.434s][info][gc,phases   ] GC(176)   Pre Evacuate Collection Set: 0.19ms
[2026-07-01T01:55:52.970+0000][93.434s][info][gc,phases   ] GC(176)   Merge Heap Roots: 0.43ms
[2026-07-01T01:55:52.970+0000][93.434s][info][gc,phases   ] GC(176)   Evacuate Collection Set: 15.78ms
[2026-07-01T01:55:52.970+0000][93.434s][info][gc,phases   ] GC(176)   Post Evacuate Collection Set: 0.42ms
[2026-07-01T01:55:52.970+0000][93.434s][info][gc,phases   ] GC(176)   Other: 0.08ms
[2026-07-01T01:55:52.970+0000][93.434s][info][gc,heap     ] GC(176) Eden regions: 124->0(123)
[2026-07-01T01:55:52.970+0000][93.434s][info][gc,heap     ] GC(176) Survivor regions: 8->8(17)
[2026-07-01T01:55:52.970+0000][93.434s][info][gc,heap     ] GC(176) Old regions: 177->178
[2026-07-01T01:55:52.970+0000][93.434s][info][gc,heap     ] GC(176) Humongous regions: 3->3
[2026-07-01T01:55:52.970+0000][93.434s][info][gc,metaspace] GC(176) Metaspace: 41695K(42496K)->41695K(42496K) NonClass: 36554K(36928K)->36554K(36928K) Class: 5141K(5568K)->5141K(5568K)
[2026-07-01T01:55:52.970+0000][93.434s][info][gc          ] GC(176) Pause Young (Normal) (G1 Evacuation Pause) 312M->188M(329M) 17.091ms
[2026-07-01T01:55:52.970+0000][93.434s][info][gc,cpu      ] GC(176) User=0.03s Sys=0.00s Real=0.02s
[2026-07-01T01:55:53.087+0000][93.551s][info][gc,marking  ] GC(175) Concurrent Rebuild Remembered Sets and Scrub Regions 334.944ms
[2026-07-01T01:55:53.088+0000][93.551s][info][gc,start    ] GC(175) Pause Cleanup
[2026-07-01T01:55:53.088+0000][93.552s][info][gc          ] GC(175) Pause Cleanup 210M->210M(329M) 0.210ms
[2026-07-01T01:55:53.088+0000][93.552s][info][gc,cpu      ] GC(175) User=0.00s Sys=0.00s Real=0.01s
[2026-07-01T01:55:53.090+0000][93.554s][info][gc,marking  ] GC(175) Concurrent Clear Claimed Marks
[2026-07-01T01:55:53.091+0000][93.554s][info][gc,marking  ] GC(175) Concurrent Clear Claimed Marks 0.704ms
[2026-07-01T01:55:53.091+0000][93.554s][info][gc,marking  ] GC(175) Concurrent Cleanup for Next Mark
[2026-07-01T01:55:53.092+0000][93.555s][info][gc,marking  ] GC(175) Concurrent Cleanup for Next Mark 0.718ms
[2026-07-01T01:55:53.092+0000][93.555s][info][gc          ] GC(175) Concurrent Mark Cycle 848.042ms
[2026-07-01T01:55:53.546+0000][94.009s][info][gc,start    ] GC(177) Pause Young (Prepare Mixed) (G1 Evacuation Pause)
[2026-07-01T01:55:53.546+0000][94.009s][info][gc,task     ] GC(177) Using 2 workers of 2 for evacuation
[2026-07-01T01:55:53.561+0000][94.024s][info][gc,phases   ] GC(177)   Pre Evacuate Collection Set: 0.19ms
[2026-07-01T01:55:53.561+0000][94.025s][info][gc,phases   ] GC(177)   Merge Heap Roots: 0.46ms
[2026-07-01T01:55:53.561+0000][94.025s][info][gc,phases   ] GC(177)   Evacuate Collection Set: 13.84ms
[2026-07-01T01:55:53.561+0000][94.025s][info][gc,phases   ] GC(177)   Post Evacuate Collection Set: 0.42ms
[2026-07-01T01:55:53.561+0000][94.025s][info][gc,phases   ] GC(177)   Other: 0.07ms
[2026-07-01T01:55:53.561+0000][94.025s][info][gc,heap     ] GC(177) Eden regions: 123->0(123)
[2026-07-01T01:55:53.561+0000][94.025s][info][gc,heap     ] GC(177) Survivor regions: 8->8(17)
[2026-07-01T01:55:53.561+0000][94.025s][info][gc,heap     ] GC(177) Old regions: 178->178
[2026-07-01T01:55:53.561+0000][94.025s][info][gc,heap     ] GC(177) Humongous regions: 3->3
[2026-07-01T01:55:53.561+0000][94.025s][info][gc,metaspace] GC(177) Metaspace: 41695K(42496K)->41695K(42496K) NonClass: 36554K(36928K)->36554K(36928K) Class: 5141K(5568K)->5141K(5568K)
[2026-07-01T01:55:53.561+0000][94.025s][info][gc          ] GC(177) Pause Young (Prepare Mixed) (G1 Evacuation Pause) 311M->188M(329M) 15.181ms
[2026-07-01T01:55:53.561+0000][94.025s][info][gc,cpu      ] GC(177) User=0.03s Sys=0.00s Real=0.02s
