[2026-07-01T02:28:23.238+0000][0.008s][info][gc,init] CardTable entry size: 512
[2026-07-01T02:28:23.238+0000][0.008s][info][gc     ] Using G1
[2026-07-01T02:28:23.239+0000][0.010s][info][gc,init] Version: 21.0.11+10-LTS (release)
[2026-07-01T02:28:23.239+0000][0.010s][info][gc,init] CPUs: 4 total, 2 available
[2026-07-01T02:28:23.239+0000][0.010s][info][gc,init] Memory: 2048M
[2026-07-01T02:28:23.239+0000][0.010s][info][gc,init] Large Page Support: Disabled
[2026-07-01T02:28:23.239+0000][0.010s][info][gc,init] NUMA Support: Disabled
[2026-07-01T02:28:23.239+0000][0.010s][info][gc,init] Compressed Oops: Enabled (32-bit)
[2026-07-01T02:28:23.239+0000][0.010s][info][gc,init] Heap Region Size: 1M
[2026-07-01T02:28:23.239+0000][0.010s][info][gc,init] Heap Min Capacity: 8M
[2026-07-01T02:28:23.239+0000][0.010s][info][gc,init] Heap Initial Capacity: 32M
[2026-07-01T02:28:23.239+0000][0.010s][info][gc,init] Heap Max Capacity: 1470M
[2026-07-01T02:28:23.239+0000][0.010s][info][gc,init] Pre-touch: Disabled
[2026-07-01T02:28:23.239+0000][0.010s][info][gc,init] Parallel Workers: 2
[2026-07-01T02:28:23.239+0000][0.010s][info][gc,init] Concurrent Workers: 1
[2026-07-01T02:28:23.239+0000][0.010s][info][gc,init] Concurrent Refinement Workers: 2
[2026-07-01T02:28:23.239+0000][0.010s][info][gc,init] Periodic GC: Enabled
[2026-07-01T02:28:23.239+0000][0.010s][info][gc,init] Periodic GC Interval: 10000ms
[2026-07-01T02:28:23.239+0000][0.010s][info][gc,init] G1 Time-Based Heap Sizing enabled (uncommit-only)
[2026-07-01T02:28:23.239+0000][0.010s][info][gc,init]   evaluation_interval=60000ms, uncommit_delay=300000ms, min_regions_to_uncommit=10
[2026-07-01T02:28:23.247+0000][0.017s][info][gc,metaspace] CDS archive(s) mapped at: [0x00007f0eaf000000-0x00007f0eafc9b000-0x00007f0eafc9b000), size 13217792, SharedBaseAddress: 0x00007f0eaf000000, ArchiveRelocationMode: 1.
[2026-07-01T02:28:23.247+0000][0.017s][info][gc,metaspace] Compressed class space mapped at: 0x00007f0eb0000000-0x00007f0ef0000000, reserved size: 1073741824
[2026-07-01T02:28:23.247+0000][0.017s][info][gc,metaspace] Narrow klass base: 0x00007f0eaf000000, Narrow klass shift: 0, Narrow klass range: 0x100000000
[2026-07-01T02:28:23.746+0000][0.517s][info][gc,start    ] GC(0) Pause Young (Normal) (G1 Evacuation Pause)
[2026-07-01T02:28:23.746+0000][0.517s][info][gc,task     ] GC(0) Using 2 workers of 2 for evacuation
[2026-07-01T02:28:23.748+0000][0.519s][info][gc,phases   ] GC(0)   Pre Evacuate Collection Set: 0.06ms
[2026-07-01T02:28:23.748+0000][0.519s][info][gc,phases   ] GC(0)   Merge Heap Roots: 0.06ms
[2026-07-01T02:28:23.748+0000][0.519s][info][gc,phases   ] GC(0)   Evacuate Collection Set: 1.63ms
[2026-07-01T02:28:23.748+0000][0.519s][info][gc,phases   ] GC(0)   Post Evacuate Collection Set: 0.21ms
[2026-07-01T02:28:23.748+0000][0.519s][info][gc,phases   ] GC(0)   Other: 0.17ms
[2026-07-01T02:28:23.748+0000][0.519s][info][gc,heap     ] GC(0) Eden regions: 6->0(10)
[2026-07-01T02:28:23.748+0000][0.519s][info][gc,heap     ] GC(0) Survivor regions: 0->1(1)
[2026-07-01T02:28:23.748+0000][0.519s][info][gc,heap     ] GC(0) Old regions: 2->2
[2026-07-01T02:28:23.748+0000][0.519s][info][gc,heap     ] GC(0) Humongous regions: 0->0
[2026-07-01T02:28:23.748+0000][0.519s][info][gc,metaspace] GC(0) Metaspace: 1714K(1984K)->1714K(1984K) NonClass: 1526K(1664K)->1526K(1664K) Class: 187K(320K)->187K(320K)
[2026-07-01T02:28:23.748+0000][0.519s][info][gc          ] GC(0) Pause Young (Normal) (G1 Evacuation Pause) 7M->1M(34M) 2.298ms
[2026-07-01T02:28:23.748+0000][0.519s][info][gc,cpu      ] GC(0) User=0.01s Sys=0.00s Real=0.01s
[2026-07-01T02:28:24.152+0000][0.923s][info][gc,start    ] GC(1) Pause Young (Normal) (G1 Evacuation Pause)
[2026-07-01T02:28:24.152+0000][0.923s][info][gc,task     ] GC(1) Using 2 workers of 2 for evacuation
[2026-07-01T02:28:24.155+0000][0.926s][info][gc,phases   ] GC(1)   Pre Evacuate Collection Set: 0.11ms
[2026-07-01T02:28:24.156+0000][0.926s][info][gc,phases   ] GC(1)   Merge Heap Roots: 0.05ms
[2026-07-01T02:28:24.156+0000][0.926s][info][gc,phases   ] GC(1)   Evacuate Collection Set: 2.57ms
[2026-07-01T02:28:24.156+0000][0.926s][info][gc,phases   ] GC(1)   Post Evacuate Collection Set: 0.28ms
[2026-07-01T02:28:24.156+0000][0.926s][info][gc,phases   ] GC(1)   Other: 0.07ms
[2026-07-01T02:28:24.156+0000][0.926s][info][gc,heap     ] GC(1) Eden regions: 10->0(17)
[2026-07-01T02:28:24.156+0000][0.926s][info][gc,heap     ] GC(1) Survivor regions: 1->2(2)
[2026-07-01T02:28:24.156+0000][0.926s][info][gc,heap     ] GC(1) Old regions: 2->2
[2026-07-01T02:28:24.156+0000][0.926s][info][gc,heap     ] GC(1) Humongous regions: 0->0
[2026-07-01T02:28:24.156+0000][0.926s][info][gc,metaspace] GC(1) Metaspace: 3432K(3712K)->3432K(3712K) NonClass: 3065K(3200K)->3065K(3200K) Class: 367K(512K)->367K(512K)
[2026-07-01T02:28:24.156+0000][0.926s][info][gc          ] GC(1) Pause Young (Normal) (G1 Evacuation Pause) 11M->2M(34M) 3.247ms
[2026-07-01T02:28:24.156+0000][0.926s][info][gc,cpu      ] GC(1) User=0.01s Sys=0.00s Real=0.00s
[2026-07-01T02:28:24.514+0000][1.284s][info][gc,start    ] GC(2) Pause Young (Normal) (G1 Evacuation Pause)
[2026-07-01T02:28:24.514+0000][1.284s][info][gc,task     ] GC(2) Using 2 workers of 2 for evacuation
[2026-07-01T02:28:24.535+0000][1.306s][info][gc,phases   ] GC(2)   Pre Evacuate Collection Set: 0.08ms
[2026-07-01T02:28:24.535+0000][1.306s][info][gc,phases   ] GC(2)   Merge Heap Roots: 0.04ms
[2026-07-01T02:28:24.535+0000][1.306s][info][gc,phases   ] GC(2)   Evacuate Collection Set: 21.11ms
[2026-07-01T02:28:24.535+0000][1.306s][info][gc,phases   ] GC(2)   Post Evacuate Collection Set: 0.43ms
[2026-07-01T02:28:24.535+0000][1.306s][info][gc,phases   ] GC(2)   Other: 0.04ms
[2026-07-01T02:28:24.535+0000][1.306s][info][gc,heap     ] GC(2) Eden regions: 17->0(16)
[2026-07-01T02:28:24.535+0000][1.306s][info][gc,heap     ] GC(2) Survivor regions: 2->3(3)
[2026-07-01T02:28:24.535+0000][1.306s][info][gc,heap     ] GC(2) Old regions: 2->2
[2026-07-01T02:28:24.535+0000][1.306s][info][gc,heap     ] GC(2) Humongous regions: 0->0
[2026-07-01T02:28:24.535+0000][1.306s][info][gc,metaspace] GC(2) Metaspace: 7275K(7616K)->7275K(7616K) NonClass: 6420K(6592K)->6420K(6592K) Class: 855K(1024K)->855K(1024K)
[2026-07-01T02:28:24.535+0000][1.306s][info][gc          ] GC(2) Pause Young (Normal) (G1 Evacuation Pause) 19M->3M(34M) 21.847ms
[2026-07-01T02:28:24.536+0000][1.306s][info][gc,cpu      ] GC(2) User=0.01s Sys=0.00s Real=0.02s
[2026-07-01T02:28:24.845+0000][1.615s][info][gc,start    ] GC(3) Pause Young (Normal) (G1 Evacuation Pause)
[2026-07-01T02:28:24.845+0000][1.615s][info][gc,task     ] GC(3) Using 2 workers of 2 for evacuation
[2026-07-01T02:28:24.850+0000][1.620s][info][gc,phases   ] GC(3)   Pre Evacuate Collection Set: 0.09ms
[2026-07-01T02:28:24.850+0000][1.620s][info][gc,phases   ] GC(3)   Merge Heap Roots: 0.04ms
[2026-07-01T02:28:24.850+0000][1.620s][info][gc,phases   ] GC(3)   Evacuate Collection Set: 4.75ms
[2026-07-01T02:28:24.850+0000][1.620s][info][gc,phases   ] GC(3)   Post Evacuate Collection Set: 0.39ms
[2026-07-01T02:28:24.850+0000][1.620s][info][gc,phases   ] GC(3)   Other: 0.03ms
[2026-07-01T02:28:24.850+0000][1.620s][info][gc,heap     ] GC(3) Eden regions: 16->0(16)
[2026-07-01T02:28:24.850+0000][1.620s][info][gc,heap     ] GC(3) Survivor regions: 3->3(3)
[2026-07-01T02:28:24.850+0000][1.620s][info][gc,heap     ] GC(3) Old regions: 2->4
[2026-07-01T02:28:24.850+0000][1.620s][info][gc,heap     ] GC(3) Humongous regions: 0->0
[2026-07-01T02:28:24.850+0000][1.620s][info][gc,metaspace] GC(3) Metaspace: 10303K(10624K)->10303K(10624K) NonClass: 8975K(9152K)->8975K(9152K) Class: 1327K(1472K)->1327K(1472K)
[2026-07-01T02:28:24.850+0000][1.620s][info][gc          ] GC(3) Pause Young (Normal) (G1 Evacuation Pause) 19M->4M(34M) 5.409ms
[2026-07-01T02:28:24.850+0000][1.620s][info][gc,cpu      ] GC(3) User=0.00s Sys=0.01s Real=0.01s
[2026-07-01T02:28:25.036+0000][1.807s][info][gc,start    ] GC(4) Pause Young (Normal) (G1 Evacuation Pause)
[2026-07-01T02:28:25.036+0000][1.807s][info][gc,task     ] GC(4) Using 2 workers of 2 for evacuation
[2026-07-01T02:28:25.042+0000][1.812s][info][gc,phases   ] GC(4)   Pre Evacuate Collection Set: 0.09ms
[2026-07-01T02:28:25.042+0000][1.812s][info][gc,phases   ] GC(4)   Merge Heap Roots: 0.05ms
[2026-07-01T02:28:25.042+0000][1.812s][info][gc,phases   ] GC(4)   Evacuate Collection Set: 4.76ms
[2026-07-01T02:28:25.042+0000][1.812s][info][gc,phases   ] GC(4)   Post Evacuate Collection Set: 0.37ms
[2026-07-01T02:28:25.042+0000][1.812s][info][gc,phases   ] GC(4)   Other: 0.05ms
[2026-07-01T02:28:25.042+0000][1.812s][info][gc,heap     ] GC(4) Eden regions: 16->0(16)
[2026-07-01T02:28:25.042+0000][1.812s][info][gc,heap     ] GC(4) Survivor regions: 3->3(3)
[2026-07-01T02:28:25.042+0000][1.812s][info][gc,heap     ] GC(4) Old regions: 4->5
[2026-07-01T02:28:25.042+0000][1.812s][info][gc,heap     ] GC(4) Humongous regions: 0->0
[2026-07-01T02:28:25.042+0000][1.812s][info][gc,metaspace] GC(4) Metaspace: 13745K(14144K)->13745K(14144K) NonClass: 12021K(12288K)->12021K(12288K) Class: 1723K(1856K)->1723K(1856K)
[2026-07-01T02:28:25.042+0000][1.812s][info][gc          ] GC(4) Pause Young (Normal) (G1 Evacuation Pause) 20M->5M(34M) 5.471ms
[2026-07-01T02:28:25.042+0000][1.812s][info][gc,cpu      ] GC(4) User=0.01s Sys=0.00s Real=0.01s
[2026-07-01T02:28:25.169+0000][1.939s][info][gc,start    ] GC(5) Pause Young (Normal) (G1 Evacuation Pause)
[2026-07-01T02:28:25.169+0000][1.939s][info][gc,task     ] GC(5) Using 2 workers of 2 for evacuation
[2026-07-01T02:28:25.174+0000][1.944s][info][gc,phases   ] GC(5)   Pre Evacuate Collection Set: 0.09ms
[2026-07-01T02:28:25.174+0000][1.944s][info][gc,phases   ] GC(5)   Merge Heap Roots: 0.04ms
[2026-07-01T02:28:25.174+0000][1.944s][info][gc,phases   ] GC(5)   Evacuate Collection Set: 4.13ms
[2026-07-01T02:28:25.174+0000][1.944s][info][gc,phases   ] GC(5)   Post Evacuate Collection Set: 0.35ms
[2026-07-01T02:28:25.174+0000][1.944s][info][gc,phases   ] GC(5)   Other: 0.05ms
[2026-07-01T02:28:25.174+0000][1.944s][info][gc,heap     ] GC(5) Eden regions: 16->0(17)
[2026-07-01T02:28:25.174+0000][1.944s][info][gc,heap     ] GC(5) Survivor regions: 3->2(3)
[2026-07-01T02:28:25.174+0000][1.944s][info][gc,heap     ] GC(5) Old regions: 5->6
[2026-07-01T02:28:25.174+0000][1.944s][info][gc,heap     ] GC(5) Humongous regions: 0->0
[2026-07-01T02:28:25.174+0000][1.944s][info][gc,metaspace] GC(5) Metaspace: 17049K(17536K)->17049K(17536K) NonClass: 14894K(15168K)->14894K(15168K) Class: 2154K(2368K)->2154K(2368K)
[2026-07-01T02:28:25.174+0000][1.944s][info][gc          ] GC(5) Pause Young (Normal) (G1 Evacuation Pause) 21M->6M(34M) 4.802ms
[2026-07-01T02:28:25.174+0000][1.944s][info][gc,cpu      ] GC(5) User=0.01s Sys=0.00s Real=0.00s
[2026-07-01T02:28:25.378+0000][2.149s][info][gc,start    ] GC(6) Pause Young (Normal) (G1 Evacuation Pause)
[2026-07-01T02:28:25.378+0000][2.149s][info][gc,task     ] GC(6) Using 2 workers of 2 for evacuation
[2026-07-01T02:28:25.383+0000][2.154s][info][gc,phases   ] GC(6)   Pre Evacuate Collection Set: 0.19ms
[2026-07-01T02:28:25.383+0000][2.154s][info][gc,phases   ] GC(6)   Merge Heap Roots: 0.05ms
[2026-07-01T02:28:25.383+0000][2.154s][info][gc,phases   ] GC(6)   Evacuate Collection Set: 4.38ms
[2026-07-01T02:28:25.383+0000][2.154s][info][gc,phases   ] GC(6)   Post Evacuate Collection Set: 0.47ms
[2026-07-01T02:28:25.383+0000][2.154s][info][gc,phases   ] GC(6)   Other: 0.04ms
[2026-07-01T02:28:25.383+0000][2.154s][info][gc,heap     ] GC(6) Eden regions: 17->0(24)
[2026-07-01T02:28:25.383+0000][2.154s][info][gc,heap     ] GC(6) Survivor regions: 2->3(3)
[2026-07-01T02:28:25.383+0000][2.154s][info][gc,heap     ] GC(6) Old regions: 6->7
[2026-07-01T02:28:25.383+0000][2.154s][info][gc,heap     ] GC(6) Humongous regions: 0->0
[2026-07-01T02:28:25.383+0000][2.154s][info][gc,metaspace] GC(6) Metaspace: 19395K(19776K)->19395K(19776K) NonClass: 16968K(17216K)->16968K(17216K) Class: 2427K(2560K)->2427K(2560K)
[2026-07-01T02:28:25.383+0000][2.154s][info][gc          ] GC(6) Pause Young (Normal) (G1 Evacuation Pause) 23M->8M(45M) 5.231ms
[2026-07-01T02:28:25.383+0000][2.154s][info][gc,cpu      ] GC(6) User=0.01s Sys=0.00s Real=0.00s
[2026-07-01T02:28:25.657+0000][2.427s][info][gc,start    ] GC(7) Pause Young (Normal) (G1 Evacuation Pause)
[2026-07-01T02:28:25.657+0000][2.427s][info][gc,task     ] GC(7) Using 2 workers of 2 for evacuation
[2026-07-01T02:28:25.662+0000][2.432s][info][gc,phases   ] GC(7)   Pre Evacuate Collection Set: 0.06ms
[2026-07-01T02:28:25.662+0000][2.432s][info][gc,phases   ] GC(7)   Merge Heap Roots: 0.03ms
[2026-07-01T02:28:25.662+0000][2.432s][info][gc,phases   ] GC(7)   Evacuate Collection Set: 4.37ms
[2026-07-01T02:28:25.662+0000][2.432s][info][gc,phases   ] GC(7)   Post Evacuate Collection Set: 0.38ms
[2026-07-01T02:28:25.662+0000][2.432s][info][gc,phases   ] GC(7)   Other: 0.05ms
[2026-07-01T02:28:25.662+0000][2.432s][info][gc,heap     ] GC(7) Eden regions: 24->0(24)
[2026-07-01T02:28:25.662+0000][2.432s][info][gc,heap     ] GC(7) Survivor regions: 3->3(4)
[2026-07-01T02:28:25.662+0000][2.432s][info][gc,heap     ] GC(7) Old regions: 7->8
[2026-07-01T02:28:25.662+0000][2.432s][info][gc,heap     ] GC(7) Humongous regions: 0->0
[2026-07-01T02:28:25.662+0000][2.432s][info][gc,metaspace] GC(7) Metaspace: 20919K(21376K)->20919K(21376K) NonClass: 18314K(18560K)->18314K(18560K) Class: 2604K(2816K)->2604K(2816K)
[2026-07-01T02:28:25.662+0000][2.432s][info][gc          ] GC(7) Pause Young (Normal) (G1 Evacuation Pause) 32M->9M(45M) 5.014ms
[2026-07-01T02:28:25.662+0000][2.432s][info][gc,cpu      ] GC(7) User=0.02s Sys=0.00s Real=0.01s
[2026-07-01T02:28:25.671+0000][2.442s][info][gc,start    ] GC(8) Pause Young (Concurrent Start) (Metadata GC Threshold)
[2026-07-01T02:28:25.671+0000][2.442s][info][gc,task     ] GC(8) Using 2 workers of 2 for evacuation
[2026-07-01T02:28:25.674+0000][2.445s][info][gc,phases   ] GC(8)   Pre Evacuate Collection Set: 0.11ms
[2026-07-01T02:28:25.674+0000][2.445s][info][gc,phases   ] GC(8)   Merge Heap Roots: 0.05ms
[2026-07-01T02:28:25.674+0000][2.445s][info][gc,phases   ] GC(8)   Evacuate Collection Set: 2.66ms
[2026-07-01T02:28:25.674+0000][2.445s][info][gc,phases   ] GC(8)   Post Evacuate Collection Set: 0.21ms
[2026-07-01T02:28:25.674+0000][2.445s][info][gc,phases   ] GC(8)   Other: 0.06ms
[2026-07-01T02:28:25.674+0000][2.445s][info][gc,heap     ] GC(8) Eden regions: 2->0(25)
[2026-07-01T02:28:25.674+0000][2.445s][info][gc,heap     ] GC(8) Survivor regions: 3->2(4)
[2026-07-01T02:28:25.674+0000][2.445s][info][gc,heap     ] GC(8) Old regions: 8->9
[2026-07-01T02:28:25.674+0000][2.445s][info][gc,heap     ] GC(8) Humongous regions: 0->0
[2026-07-01T02:28:25.674+0000][2.445s][info][gc,metaspace] GC(8) Metaspace: 21067K(21504K)->21067K(21504K) NonClass: 18445K(18688K)->18445K(18688K) Class: 2622K(2816K)->2622K(2816K)
[2026-07-01T02:28:25.674+0000][2.445s][info][gc          ] GC(8) Pause Young (Concurrent Start) (Metadata GC Threshold) 10M->9M(45M) 3.178ms
[2026-07-01T02:28:25.674+0000][2.445s][info][gc,cpu      ] GC(8) User=0.01s Sys=0.00s Real=0.00s
[2026-07-01T02:28:25.674+0000][2.445s][info][gc          ] GC(9) Concurrent Mark Cycle
[2026-07-01T02:28:25.674+0000][2.445s][info][gc,marking  ] GC(9) Concurrent Scan Root Regions
[2026-07-01T02:28:25.676+0000][2.447s][info][gc,marking  ] GC(9) Concurrent Scan Root Regions 1.673ms
[2026-07-01T02:28:25.676+0000][2.447s][info][gc,marking  ] GC(9) Concurrent Mark
[2026-07-01T02:28:25.676+0000][2.447s][info][gc,marking  ] GC(9) Concurrent Mark From Roots
[2026-07-01T02:28:25.676+0000][2.447s][info][gc,task     ] GC(9) Using 1 workers of 1 for marking
[2026-07-01T02:28:25.684+0000][2.455s][info][gc,marking  ] GC(9) Concurrent Mark From Roots 8.043ms
[2026-07-01T02:28:25.684+0000][2.455s][info][gc,marking  ] GC(9) Concurrent Preclean
[2026-07-01T02:28:25.684+0000][2.455s][info][gc,marking  ] GC(9) Concurrent Preclean 0.030ms
[2026-07-01T02:28:25.684+0000][2.455s][info][gc,start    ] GC(9) Pause Remark
[2026-07-01T02:28:25.687+0000][2.458s][info][gc,heap     ] GC(9) Heap shrink completed: uncommitted 23 regions (23MB), heap size now 22MB
[2026-07-01T02:28:25.687+0000][2.458s][info][gc          ] GC(9) Pause Remark 10M->10M(22M) 3.064ms
[2026-07-01T02:28:25.687+0000][2.458s][info][gc,cpu      ] GC(9) User=0.00s Sys=0.00s Real=0.00s
[2026-07-01T02:28:25.688+0000][2.458s][info][gc,marking  ] GC(9) Concurrent Mark 11.880ms
[2026-07-01T02:28:25.688+0000][2.459s][info][gc,marking  ] GC(9) Concurrent Rebuild Remembered Sets and Scrub Regions
[2026-07-01T02:28:25.694+0000][2.464s][info][gc,marking  ] GC(9) Concurrent Rebuild Remembered Sets and Scrub Regions 5.558ms
[2026-07-01T02:28:25.694+0000][2.464s][info][gc,start    ] GC(9) Pause Cleanup
[2026-07-01T02:28:25.694+0000][2.464s][info][gc          ] GC(9) Pause Cleanup 11M->11M(22M) 0.059ms
[2026-07-01T02:28:25.694+0000][2.464s][info][gc,cpu      ] GC(9) User=0.00s Sys=0.00s Real=0.00s
[2026-07-01T02:28:25.694+0000][2.464s][info][gc,marking  ] GC(9) Concurrent Clear Claimed Marks
[2026-07-01T02:28:25.694+0000][2.464s][info][gc,marking  ] GC(9) Concurrent Clear Claimed Marks 0.023ms
[2026-07-01T02:28:25.694+0000][2.464s][info][gc,marking  ] GC(9) Concurrent Cleanup for Next Mark
[2026-07-01T02:28:25.694+0000][2.464s][info][gc,marking  ] GC(9) Concurrent Cleanup for Next Mark 0.184ms
[2026-07-01T02:28:25.694+0000][2.465s][info][gc          ] GC(9) Concurrent Mark Cycle 19.630ms
[2026-07-01T02:28:25.846+0000][2.617s][info][gc,start    ] GC(10) Pause Young (Prepare Mixed) (G1 Evacuation Pause)
[2026-07-01T02:28:25.846+0000][2.617s][info][gc,task     ] GC(10) Using 2 workers of 2 for evacuation
[2026-07-01T02:28:25.850+0000][2.621s][info][gc,phases   ] GC(10)   Pre Evacuate Collection Set: 0.10ms
[2026-07-01T02:28:25.850+0000][2.621s][info][gc,phases   ] GC(10)   Merge Heap Roots: 0.06ms
[2026-07-01T02:28:25.850+0000][2.621s][info][gc,phases   ] GC(10)   Evacuate Collection Set: 3.54ms
[2026-07-01T02:28:25.850+0000][2.621s][info][gc,phases   ] GC(10)   Post Evacuate Collection Set: 0.39ms
[2026-07-01T02:28:25.850+0000][2.621s][info][gc,phases   ] GC(10)   Other: 0.05ms
[2026-07-01T02:28:25.850+0000][2.621s][info][gc,heap     ] GC(10) Eden regions: 11->0(11)
[2026-07-01T02:28:25.850+0000][2.621s][info][gc,heap     ] GC(10) Survivor regions: 2->1(2)
[2026-07-01T02:28:25.850+0000][2.621s][info][gc,heap     ] GC(10) Old regions: 9->11
[2026-07-01T02:28:25.850+0000][2.621s][info][gc,heap     ] GC(10) Humongous regions: 0->0
[2026-07-01T02:28:25.850+0000][2.621s][info][gc,metaspace] GC(10) Metaspace: 22004K(22528K)->22004K(22528K) NonClass: 19244K(19520K)->19244K(19520K) Class: 2760K(3008K)->2760K(3008K)
[2026-07-01T02:28:25.851+0000][2.621s][info][gc          ] GC(10) Pause Young (Prepare Mixed) (G1 Evacuation Pause) 20M->10M(25M) 4.290ms
[2026-07-01T02:28:25.851+0000][2.621s][info][gc,cpu      ] GC(10) User=0.01s Sys=0.00s Real=0.01s
[2026-07-01T02:28:26.010+0000][2.781s][info][gc,start    ] GC(11) Pause Young (Mixed) (G1 Evacuation Pause)
[2026-07-01T02:28:26.010+0000][2.781s][info][gc,task     ] GC(11) Using 2 workers of 2 for evacuation
[2026-07-01T02:28:26.036+0000][2.807s][info][gc,phases   ] GC(11)   Pre Evacuate Collection Set: 0.08ms
[2026-07-01T02:28:26.036+0000][2.807s][info][gc,phases   ] GC(11)   Merge Heap Roots: 0.05ms
[2026-07-01T02:28:26.036+0000][2.807s][info][gc,phases   ] GC(11)   Evacuate Collection Set: 25.53ms
[2026-07-01T02:28:26.036+0000][2.807s][info][gc,phases   ] GC(11)   Post Evacuate Collection Set: 0.42ms
[2026-07-01T02:28:26.036+0000][2.807s][info][gc,phases   ] GC(11)   Other: 0.05ms
[2026-07-01T02:28:26.036+0000][2.807s][info][gc,heap     ] GC(11) Eden regions: 11->0(10)
[2026-07-01T02:28:26.036+0000][2.807s][info][gc,heap     ] GC(11) Survivor regions: 1->2(2)
[2026-07-01T02:28:26.036+0000][2.807s][info][gc,heap     ] GC(11) Old regions: 11->10
[2026-07-01T02:28:26.036+0000][2.807s][info][gc,heap     ] GC(11) Humongous regions: 0->0
[2026-07-01T02:28:26.037+0000][2.807s][info][gc,metaspace] GC(11) Metaspace: 23249K(23680K)->23249K(23680K) NonClass: 20317K(20544K)->20317K(20544K) Class: 2931K(3136K)->2931K(3136K)
[2026-07-01T02:28:26.037+0000][2.807s][info][gc          ] GC(11) Pause Young (Mixed) (G1 Evacuation Pause) 21M->11M(25M) 26.271ms
[2026-07-01T02:28:26.037+0000][2.807s][info][gc,cpu      ] GC(11) User=0.01s Sys=0.00s Real=0.02s
[2026-07-01T02:28:26.158+0000][2.929s][info][gc,start    ] GC(12) Pause Young (Normal) (G1 Evacuation Pause)
[2026-07-01T02:28:26.158+0000][2.929s][info][gc,task     ] GC(12) Using 2 workers of 2 for evacuation
[2026-07-01T02:28:26.163+0000][2.933s][info][gc,phases   ] GC(12)   Pre Evacuate Collection Set: 0.09ms
[2026-07-01T02:28:26.163+0000][2.933s][info][gc,phases   ] GC(12)   Merge Heap Roots: 0.05ms
[2026-07-01T02:28:26.163+0000][2.933s][info][gc,phases   ] GC(12)   Evacuate Collection Set: 3.76ms
[2026-07-01T02:28:26.163+0000][2.933s][info][gc,phases   ] GC(12)   Post Evacuate Collection Set: 0.46ms
[2026-07-01T02:28:26.163+0000][2.933s][info][gc,phases   ] GC(12)   Other: 0.04ms
[2026-07-01T02:28:26.163+0000][2.933s][info][gc,heap     ] GC(12) Eden regions: 10->0(21)
[2026-07-01T02:28:26.163+0000][2.933s][info][gc,heap     ] GC(12) Survivor regions: 2->2(2)
[2026-07-01T02:28:26.163+0000][2.933s][info][gc,heap     ] GC(12) Old regions: 10->11
[2026-07-01T02:28:26.163+0000][2.933s][info][gc,heap     ] GC(12) Humongous regions: 0->0
[2026-07-01T02:28:26.163+0000][2.933s][info][gc,metaspace] GC(12) Metaspace: 25067K(25536K)->25067K(25536K) NonClass: 21854K(22144K)->21854K(22144K) Class: 3213K(3392K)->3213K(3392K)
[2026-07-01T02:28:26.163+0000][2.933s][info][gc          ] GC(12) Pause Young (Normal) (G1 Evacuation Pause) 21M->12M(39M) 4.518ms
[2026-07-01T02:28:26.163+0000][2.933s][info][gc,cpu      ] GC(12) User=0.01s Sys=0.00s Real=0.00s
[2026-07-01T02:28:26.380+0000][3.151s][info][gc,start    ] GC(13) Pause Young (Normal) (G1 Evacuation Pause)
[2026-07-01T02:28:26.380+0000][3.151s][info][gc,task     ] GC(13) Using 2 workers of 2 for evacuation
[2026-07-01T02:28:26.386+0000][3.156s][info][gc,phases   ] GC(13)   Pre Evacuate Collection Set: 0.10ms
[2026-07-01T02:28:26.386+0000][3.156s][info][gc,phases   ] GC(13)   Merge Heap Roots: 0.06ms
[2026-07-01T02:28:26.386+0000][3.156s][info][gc,phases   ] GC(13)   Evacuate Collection Set: 4.97ms
[2026-07-01T02:28:26.386+0000][3.156s][info][gc,phases   ] GC(13)   Post Evacuate Collection Set: 0.39ms
[2026-07-01T02:28:26.386+0000][3.156s][info][gc,phases   ] GC(13)   Other: 0.05ms
[2026-07-01T02:28:26.386+0000][3.156s][info][gc,heap     ] GC(13) Eden regions: 21->0(19)
[2026-07-01T02:28:26.386+0000][3.156s][info][gc,heap     ] GC(13) Survivor regions: 2->3(3)
[2026-07-01T02:28:26.386+0000][3.156s][info][gc,heap     ] GC(13) Old regions: 11->12
[2026-07-01T02:28:26.386+0000][3.156s][info][gc,heap     ] GC(13) Humongous regions: 0->0
[2026-07-01T02:28:26.386+0000][3.156s][info][gc,metaspace] GC(13) Metaspace: 28208K(28800K)->28208K(28800K) NonClass: 24603K(24960K)->24603K(24960K) Class: 3605K(3840K)->3605K(3840K)
[2026-07-01T02:28:26.386+0000][3.156s][info][gc          ] GC(13) Pause Young (Normal) (G1 Evacuation Pause) 33M->14M(39M) 5.733ms
[2026-07-01T02:28:26.386+0000][3.156s][info][gc,cpu      ] GC(13) User=0.02s Sys=0.00s Real=0.00s
[2026-07-01T02:28:26.635+0000][3.405s][info][gc,start    ] GC(14) Pause Young (Normal) (G1 Evacuation Pause)
[2026-07-01T02:28:26.635+0000][3.405s][info][gc,task     ] GC(14) Using 2 workers of 2 for evacuation
[2026-07-01T02:28:26.641+0000][3.412s][info][gc,phases   ] GC(14)   Pre Evacuate Collection Set: 0.11ms
[2026-07-01T02:28:26.641+0000][3.412s][info][gc,phases   ] GC(14)   Merge Heap Roots: 0.06ms
[2026-07-01T02:28:26.642+0000][3.412s][info][gc,phases   ] GC(14)   Evacuate Collection Set: 5.89ms
[2026-07-01T02:28:26.642+0000][3.412s][info][gc,phases   ] GC(14)   Post Evacuate Collection Set: 0.45ms
[2026-07-01T02:28:26.642+0000][3.412s][info][gc,phases   ] GC(14)   Other: 0.04ms
[2026-07-01T02:28:26.642+0000][3.412s][info][gc,heap     ] GC(14) Eden regions: 19->0(18)
[2026-07-01T02:28:26.642+0000][3.412s][info][gc,heap     ] GC(14) Survivor regions: 3->3(3)
[2026-07-01T02:28:26.642+0000][3.412s][info][gc,heap     ] GC(14) Old regions: 12->13
[2026-07-01T02:28:26.642+0000][3.412s][info][gc,heap     ] GC(14) Humongous regions: 0->0
[2026-07-01T02:28:26.642+0000][3.412s][info][gc,metaspace] GC(14) Metaspace: 31035K(31616K)->31035K(31616K) NonClass: 27033K(27392K)->27033K(27392K) Class: 4002K(4224K)->4002K(4224K)
[2026-07-01T02:28:26.642+0000][3.412s][info][gc          ] GC(14) Pause Young (Normal) (G1 Evacuation Pause) 33M->15M(39M) 6.661ms
[2026-07-01T02:28:26.642+0000][3.412s][info][gc,cpu      ] GC(14) User=0.01s Sys=0.00s Real=0.02s
[2026-07-01T02:28:26.915+0000][3.685s][info][gc,start    ] GC(15) Pause Young (Normal) (G1 Evacuation Pause)
[2026-07-01T02:28:26.915+0000][3.685s][info][gc,task     ] GC(15) Using 2 workers of 2 for evacuation
[2026-07-01T02:28:26.941+0000][3.711s][info][gc,phases   ] GC(15)   Pre Evacuate Collection Set: 0.10ms
[2026-07-01T02:28:26.941+0000][3.711s][info][gc,phases   ] GC(15)   Merge Heap Roots: 0.06ms
[2026-07-01T02:28:26.941+0000][3.711s][info][gc,phases   ] GC(15)   Evacuate Collection Set: 25.34ms
[2026-07-01T02:28:26.941+0000][3.711s][info][gc,phases   ] GC(15)   Post Evacuate Collection Set: 0.52ms
[2026-07-01T02:28:26.941+0000][3.711s][info][gc,phases   ] GC(15)   Other: 0.04ms
[2026-07-01T02:28:26.941+0000][3.711s][info][gc,heap     ] GC(15) Eden regions: 18->0(17)
[2026-07-01T02:28:26.941+0000][3.711s][info][gc,heap     ] GC(15) Survivor regions: 3->2(3)
[2026-07-01T02:28:26.941+0000][3.711s][info][gc,heap     ] GC(15) Old regions: 13->16
[2026-07-01T02:28:26.941+0000][3.711s][info][gc,heap     ] GC(15) Humongous regions: 0->0
[2026-07-01T02:28:26.941+0000][3.711s][info][gc,metaspace] GC(15) Metaspace: 34148K(34880K)->34148K(34880K) NonClass: 29672K(30080K)->29672K(30080K) Class: 4476K(4800K)->4476K(4800K)
[2026-07-01T02:28:26.941+0000][3.711s][info][gc          ] GC(15) Pause Young (Normal) (G1 Evacuation Pause) 33M->17M(39M) 26.158ms
[2026-07-01T02:28:26.941+0000][3.711s][info][gc,cpu      ] GC(15) User=0.02s Sys=0.00s Real=0.03s
[2026-07-01T02:28:27.057+0000][3.828s][info][gc,start    ] GC(16) Pause Young (Normal) (G1 Evacuation Pause)
[2026-07-01T02:28:27.057+0000][3.828s][info][gc,task     ] GC(16) Using 2 workers of 2 for evacuation
[2026-07-01T02:28:27.073+0000][3.844s][info][gc,phases   ] GC(16)   Pre Evacuate Collection Set: 0.08ms
[2026-07-01T02:28:27.073+0000][3.844s][info][gc,phases   ] GC(16)   Merge Heap Roots: 0.06ms
[2026-07-01T02:28:27.073+0000][3.844s][info][gc,phases   ] GC(16)   Evacuate Collection Set: 14.96ms
[2026-07-01T02:28:27.073+0000][3.844s][info][gc,phases   ] GC(16)   Post Evacuate Collection Set: 0.69ms
[2026-07-01T02:28:27.073+0000][3.844s][info][gc,phases   ] GC(16)   Other: 0.04ms
[2026-07-01T02:28:27.073+0000][3.844s][info][gc,heap     ] GC(16) Eden regions: 17->0(23)
[2026-07-01T02:28:27.073+0000][3.844s][info][gc,heap     ] GC(16) Survivor regions: 2->3(3)
[2026-07-01T02:28:27.073+0000][3.844s][info][gc,heap     ] GC(16) Old regions: 16->24
[2026-07-01T02:28:27.073+0000][3.844s][info][gc,heap     ] GC(16) Humongous regions: 0->0
[2026-07-01T02:28:27.073+0000][3.844s][info][gc,metaspace] GC(16) Metaspace: 35521K(36224K)->35521K(36224K) NonClass: 30888K(31296K)->30888K(31296K) Class: 4632K(4928K)->4632K(4928K)
[2026-07-01T02:28:27.073+0000][3.844s][info][gc          ] GC(16) Pause Young (Normal) (G1 Evacuation Pause) 34M->26M(66M) 15.958ms
[2026-07-01T02:28:27.073+0000][3.844s][info][gc,cpu      ] GC(16) User=0.03s Sys=0.00s Real=0.02s
[2026-07-01T02:28:27.102+0000][3.872s][info][gc,start    ] GC(17) Pause Young (Normal) (G1 Evacuation Pause)
[2026-07-01T02:28:27.102+0000][3.873s][info][gc,task     ] GC(17) Using 2 workers of 2 for evacuation
[2026-07-01T02:28:27.118+0000][3.889s][info][gc,phases   ] GC(17)   Pre Evacuate Collection Set: 0.09ms
[2026-07-01T02:28:27.118+0000][3.889s][info][gc,phases   ] GC(17)   Merge Heap Roots: 0.11ms
[2026-07-01T02:28:27.118+0000][3.889s][info][gc,phases   ] GC(17)   Evacuate Collection Set: 15.46ms
[2026-07-01T02:28:27.118+0000][3.889s][info][gc,phases   ] GC(17)   Post Evacuate Collection Set: 0.49ms
[2026-07-01T02:28:27.118+0000][3.889s][info][gc,phases   ] GC(17)   Other: 0.05ms
[2026-07-01T02:28:27.118+0000][3.889s][info][gc,heap     ] GC(17) Eden regions: 23->0(10)
[2026-07-01T02:28:27.118+0000][3.889s][info][gc,heap     ] GC(17) Survivor regions: 3->4(4)
[2026-07-01T02:28:27.118+0000][3.889s][info][gc,heap     ] GC(17) Old regions: 24->42
[2026-07-01T02:28:27.118+0000][3.889s][info][gc,heap     ] GC(17) Humongous regions: 1->1
[2026-07-01T02:28:27.118+0000][3.889s][info][gc,metaspace] GC(17) Metaspace: 35524K(36224K)->35524K(36224K) NonClass: 30891K(31296K)->30891K(31296K) Class: 4632K(4928K)->4632K(4928K)
[2026-07-01T02:28:27.118+0000][3.889s][info][gc          ] GC(17) Pause Young (Normal) (G1 Evacuation Pause) 50M->46M(73M) 16.339ms
[2026-07-01T02:28:27.118+0000][3.889s][info][gc,cpu      ] GC(17) User=0.03s Sys=0.00s Real=0.02s
[2026-07-01T02:28:27.129+0000][3.900s][info][gc,start    ] GC(18) Pause Young (Concurrent Start) (G1 Evacuation Pause)
[2026-07-01T02:28:27.129+0000][3.900s][info][gc,task     ] GC(18) Using 2 workers of 2 for evacuation
[2026-07-01T02:28:27.148+0000][3.918s][info][gc,phases   ] GC(18)   Pre Evacuate Collection Set: 0.11ms
[2026-07-01T02:28:27.148+0000][3.918s][info][gc,phases   ] GC(18)   Merge Heap Roots: 0.27ms
[2026-07-01T02:28:27.148+0000][3.918s][info][gc,phases   ] GC(18)   Evacuate Collection Set: 17.84ms
[2026-07-01T02:28:27.148+0000][3.918s][info][gc,phases   ] GC(18)   Post Evacuate Collection Set: 0.28ms
[2026-07-01T02:28:27.148+0000][3.918s][info][gc,phases   ] GC(18)   Other: 0.08ms
[2026-07-01T02:28:27.148+0000][3.919s][info][gc,heap     ] GC(18) Eden regions: 10->0(5)
[2026-07-01T02:28:27.148+0000][3.919s][info][gc,heap     ] GC(18) Survivor regions: 4->2(2)
[2026-07-01T02:28:27.148+0000][3.919s][info][gc,heap     ] GC(18) Old regions: 42->53
[2026-07-01T02:28:27.148+0000][3.919s][info][gc,heap     ] GC(18) Humongous regions: 1->1
[2026-07-01T02:28:27.148+0000][3.919s][info][gc,metaspace] GC(18) Metaspace: 35526K(36224K)->35526K(36224K) NonClass: 30893K(31296K)->30893K(31296K) Class: 4632K(4928K)->4632K(4928K)
[2026-07-01T02:28:27.148+0000][3.919s][info][gc          ] GC(18) Pause Young (Concurrent Start) (G1 Evacuation Pause) 56M->55M(73M) 18.705ms
[2026-07-01T02:28:27.148+0000][3.919s][info][gc,cpu      ] GC(18) User=0.03s Sys=0.00s Real=0.02s
[2026-07-01T02:28:27.148+0000][3.919s][info][gc          ] GC(19) Concurrent Mark Cycle
[2026-07-01T02:28:27.148+0000][3.919s][info][gc,marking  ] GC(19) Concurrent Scan Root Regions
[2026-07-01T02:28:27.154+0000][3.924s][info][gc,marking  ] GC(19) Concurrent Scan Root Regions 5.705ms
[2026-07-01T02:28:27.154+0000][3.924s][info][gc,marking  ] GC(19) Concurrent Mark
[2026-07-01T02:28:27.154+0000][3.924s][info][gc,marking  ] GC(19) Concurrent Mark From Roots
[2026-07-01T02:28:27.154+0000][3.924s][info][gc,task     ] GC(19) Using 1 workers of 1 for marking
[2026-07-01T02:28:27.157+0000][3.927s][info][gc,start    ] GC(20) Pause Young (Normal) (G1 Evacuation Pause)
[2026-07-01T02:28:27.157+0000][3.927s][info][gc,task     ] GC(20) Using 2 workers of 2 for evacuation
[2026-07-01T02:28:27.160+0000][3.930s][info][gc,phases   ] GC(20)   Pre Evacuate Collection Set: 0.09ms
[2026-07-01T02:28:27.160+0000][3.930s][info][gc,phases   ] GC(20)   Merge Heap Roots: 0.04ms
[2026-07-01T02:28:27.160+0000][3.930s][info][gc,phases   ] GC(20)   Evacuate Collection Set: 3.03ms
[2026-07-01T02:28:27.160+0000][3.930s][info][gc,phases   ] GC(20)   Post Evacuate Collection Set: 0.22ms
[2026-07-01T02:28:27.160+0000][3.930s][info][gc,phases   ] GC(20)   Other: 0.04ms
[2026-07-01T02:28:27.160+0000][3.930s][info][gc,heap     ] GC(20) Eden regions: 5->0(4)
[2026-07-01T02:28:27.160+0000][3.930s][info][gc,heap     ] GC(20) Survivor regions: 2->1(1)
[2026-07-01T02:28:27.160+0000][3.930s][info][gc,heap     ] GC(20) Old regions: 53->58
[2026-07-01T02:28:27.160+0000][3.930s][info][gc,heap     ] GC(20) Humongous regions: 1->1
[2026-07-01T02:28:27.160+0000][3.930s][info][gc,metaspace] GC(20) Metaspace: 35528K(36224K)->35528K(36224K) NonClass: 30895K(31296K)->30895K(31296K) Class: 4633K(4928K)->4633K(4928K)
[2026-07-01T02:28:27.160+0000][3.930s][info][gc          ] GC(20) Pause Young (Normal) (G1 Evacuation Pause) 60M->59M(73M) 3.527ms
[2026-07-01T02:28:27.160+0000][3.930s][info][gc,cpu      ] GC(20) User=0.01s Sys=0.00s Real=0.01s
[2026-07-01T02:28:27.174+0000][3.945s][info][gc,start    ] GC(21) Pause Young (Normal) (G1 Evacuation Pause)
[2026-07-01T02:28:27.175+0000][3.945s][info][gc,task     ] GC(21) Using 2 workers of 2 for evacuation
[2026-07-01T02:28:27.179+0000][3.950s][info][gc,phases   ] GC(21)   Pre Evacuate Collection Set: 0.09ms
[2026-07-01T02:28:27.179+0000][3.950s][info][gc,phases   ] GC(21)   Merge Heap Roots: 0.05ms
[2026-07-01T02:28:27.179+0000][3.950s][info][gc,phases   ] GC(21)   Evacuate Collection Set: 3.30ms
[2026-07-01T02:28:27.179+0000][3.950s][info][gc,phases   ] GC(21)   Post Evacuate Collection Set: 1.31ms
[2026-07-01T02:28:27.179+0000][3.950s][info][gc,phases   ] GC(21)   Other: 0.04ms
[2026-07-01T02:28:27.179+0000][3.950s][info][gc,heap     ] GC(21) Eden regions: 4->0(66)
[2026-07-01T02:28:27.179+0000][3.950s][info][gc,heap     ] GC(21) Survivor regions: 1->1(1)
[2026-07-01T02:28:27.179+0000][3.950s][info][gc,heap     ] GC(21) Old regions: 58->62
[2026-07-01T02:28:27.179+0000][3.950s][info][gc,heap     ] GC(21) Humongous regions: 3->3
[2026-07-01T02:28:27.179+0000][3.950s][info][gc,metaspace] GC(21) Metaspace: 35529K(36224K)->35529K(36224K) NonClass: 30896K(31296K)->30896K(31296K) Class: 4633K(4928K)->4633K(4928K)
[2026-07-01T02:28:27.179+0000][3.950s][info][gc          ] GC(21) Pause Young (Normal) (G1 Evacuation Pause) 65M->65M(219M) 4.898ms
[2026-07-01T02:28:27.179+0000][3.950s][info][gc,cpu      ] GC(21) User=0.01s Sys=0.00s Real=0.01s
[2026-07-01T02:28:27.211+0000][3.981s][info][gc,marking  ] GC(19) Concurrent Mark From Roots 56.770ms
[2026-07-01T02:28:27.211+0000][3.981s][info][gc,marking  ] GC(19) Concurrent Preclean
[2026-07-01T02:28:27.211+0000][3.981s][info][gc,marking  ] GC(19) Concurrent Preclean 0.037ms
[2026-07-01T02:28:27.211+0000][3.981s][info][gc,start    ] GC(19) Pause Remark
[2026-07-01T02:28:27.238+0000][4.008s][info][gc,heap     ] GC(19) Heap shrink completed: uncommitted 87 regions (87MB), heap size now 132MB
[2026-07-01T02:28:27.238+0000][4.008s][info][gc          ] GC(19) Pause Remark 101M->101M(132M) 26.684ms
[2026-07-01T02:28:27.238+0000][4.008s][info][gc,cpu      ] GC(19) User=0.01s Sys=0.00s Real=0.02s
[2026-07-01T02:28:27.238+0000][4.009s][info][gc,marking  ] GC(19) Concurrent Mark 84.351ms
[2026-07-01T02:28:27.238+0000][4.009s][info][gc,marking  ] GC(19) Concurrent Rebuild Remembered Sets and Scrub Regions
[2026-07-01T02:28:27.282+0000][4.052s][info][gc,marking  ] GC(19) Concurrent Rebuild Remembered Sets and Scrub Regions 43.351ms
[2026-07-01T02:28:27.282+0000][4.052s][info][gc,start    ] GC(19) Pause Cleanup
[2026-07-01T02:28:27.282+0000][4.052s][info][gc          ] GC(19) Pause Cleanup 129M->129M(132M) 0.102ms
[2026-07-01T02:28:27.282+0000][4.052s][info][gc,cpu      ] GC(19) User=0.00s Sys=0.00s Real=0.00s
[2026-07-01T02:28:27.282+0000][4.052s][info][gc,marking  ] GC(19) Concurrent Clear Claimed Marks
[2026-07-01T02:28:27.282+0000][4.052s][info][gc,marking  ] GC(19) Concurrent Clear Claimed Marks 0.070ms
[2026-07-01T02:28:27.282+0000][4.052s][info][gc,marking  ] GC(19) Concurrent Cleanup for Next Mark
[2026-07-01T02:28:27.283+0000][4.053s][info][gc,marking  ] GC(19) Concurrent Cleanup for Next Mark 0.784ms
[2026-07-01T02:28:27.283+0000][4.053s][info][gc          ] GC(19) Concurrent Mark Cycle 134.676ms
[2026-07-01T02:28:27.283+0000][4.054s][info][gc,start    ] GC(22) Pause Young (Prepare Mixed) (G1 Evacuation Pause)
[2026-07-01T02:28:27.283+0000][4.054s][info][gc,task     ] GC(22) Using 2 workers of 2 for evacuation
[2026-07-01T02:28:27.365+0000][4.136s][info][gc,phases   ] GC(22)   Pre Evacuate Collection Set: 0.09ms
[2026-07-01T02:28:27.365+0000][4.136s][info][gc,phases   ] GC(22)   Merge Heap Roots: 0.07ms
[2026-07-01T02:28:27.365+0000][4.136s][info][gc,phases   ] GC(22)   Evacuate Collection Set: 80.99ms
[2026-07-01T02:28:27.365+0000][4.136s][info][gc,phases   ] GC(22)   Post Evacuate Collection Set: 0.48ms
[2026-07-01T02:28:27.365+0000][4.136s][info][gc,phases   ] GC(22)   Other: 0.07ms
[2026-07-01T02:28:27.365+0000][4.136s][info][gc,heap     ] GC(22) Eden regions: 63->0(23)
[2026-07-01T02:28:27.365+0000][4.136s][info][gc,heap     ] GC(22) Survivor regions: 1->9(9)
[2026-07-01T02:28:27.365+0000][4.136s][info][gc,heap     ] GC(22) Old regions: 62->104
[2026-07-01T02:28:27.365+0000][4.136s][info][gc,heap     ] GC(22) Humongous regions: 6->6
[2026-07-01T02:28:27.365+0000][4.136s][info][gc,metaspace] GC(22) Metaspace: 36301K(37056K)->36301K(37056K) NonClass: 31571K(32000K)->31571K(32000K) Class: 4730K(5056K)->4730K(5056K)
[2026-07-01T02:28:27.365+0000][4.136s][info][gc          ] GC(22) Pause Young (Prepare Mixed) (G1 Evacuation Pause) 131M->117M(183M) 81.815ms
[2026-07-01T02:28:27.365+0000][4.136s][info][gc,cpu      ] GC(22) User=0.06s Sys=0.01s Real=0.08s
[2026-07-01T02:28:27.385+0000][4.156s][info][gc,start    ] GC(23) Pause Young (Mixed) (G1 Evacuation Pause)
[2026-07-01T02:28:27.385+0000][4.156s][info][gc,task     ] GC(23) Using 2 workers of 2 for evacuation
[2026-07-01T02:28:27.410+0000][4.180s][info][gc,phases   ] GC(23)   Pre Evacuate Collection Set: 0.12ms
[2026-07-01T02:28:27.410+0000][4.180s][info][gc,phases   ] GC(23)   Merge Heap Roots: 0.08ms
[2026-07-01T02:28:27.410+0000][4.180s][info][gc,phases   ] GC(23)   Evacuate Collection Set: 23.94ms
[2026-07-01T02:28:27.410+0000][4.180s][info][gc,phases   ] GC(23)   Post Evacuate Collection Set: 0.36ms
[2026-07-01T02:28:27.410+0000][4.180s][info][gc,phases   ] GC(23)   Other: 0.06ms
[2026-07-01T02:28:27.410+0000][4.180s][info][gc,heap     ] GC(23) Eden regions: 23->0(16)
[2026-07-01T02:28:27.410+0000][4.180s][info][gc,heap     ] GC(23) Survivor regions: 9->4(4)
[2026-07-01T02:28:27.410+0000][4.180s][info][gc,heap     ] GC(23) Old regions: 104->126
[2026-07-01T02:28:27.410+0000][4.180s][info][gc,heap     ] GC(23) Humongous regions: 6->6
[2026-07-01T02:28:27.410+0000][4.180s][info][gc,metaspace] GC(23) Metaspace: 36518K(37184K)->36518K(37184K) NonClass: 31758K(32128K)->31758K(32128K) Class: 4759K(5056K)->4759K(5056K)
[2026-07-01T02:28:27.410+0000][4.181s][info][gc          ] GC(23) Pause Young (Mixed) (G1 Evacuation Pause) 140M->134M(183M) 24.673ms
[2026-07-01T02:28:27.410+0000][4.181s][info][gc,cpu      ] GC(23) User=0.04s Sys=0.00s Real=0.03s
[2026-07-01T02:28:27.436+0000][4.207s][info][gc,start    ] GC(24) Pause Young (Concurrent Start) (G1 Evacuation Pause)
[2026-07-01T02:28:27.436+0000][4.207s][info][gc,task     ] GC(24) Using 2 workers of 2 for evacuation
[2026-07-01T02:28:27.446+0000][4.216s][info][gc,phases   ] GC(24)   Pre Evacuate Collection Set: 0.12ms
[2026-07-01T02:28:27.446+0000][4.216s][info][gc,phases   ] GC(24)   Merge Heap Roots: 0.05ms
[2026-07-01T02:28:27.446+0000][4.216s][info][gc,phases   ] GC(24)   Evacuate Collection Set: 8.73ms
[2026-07-01T02:28:27.446+0000][4.216s][info][gc,phases   ] GC(24)   Post Evacuate Collection Set: 0.35ms
[2026-07-01T02:28:27.446+0000][4.216s][info][gc,phases   ] GC(24)   Other: 0.07ms
[2026-07-01T02:28:27.446+0000][4.216s][info][gc,heap     ] GC(24) Eden regions: 16->0(11)
[2026-07-01T02:28:27.446+0000][4.216s][info][gc,heap     ] GC(24) Survivor regions: 4->3(3)
[2026-07-01T02:28:27.446+0000][4.216s][info][gc,heap     ] GC(24) Old regions: 126->139
[2026-07-01T02:28:27.446+0000][4.216s][info][gc,heap     ] GC(24) Humongous regions: 6->6
[2026-07-01T02:28:27.446+0000][4.216s][info][gc,metaspace] GC(24) Metaspace: 36670K(37312K)->36670K(37312K) NonClass: 31890K(32256K)->31890K(32256K) Class: 4780K(5056K)->4780K(5056K)
[2026-07-01T02:28:27.446+0000][4.216s][info][gc          ] GC(24) Pause Young (Concurrent Start) (G1 Evacuation Pause) 150M->147M(183M) 9.431ms
[2026-07-01T02:28:27.446+0000][4.216s][info][gc,cpu      ] GC(24) User=0.02s Sys=0.00s Real=0.01s
[2026-07-01T02:28:27.446+0000][4.216s][info][gc          ] GC(25) Concurrent Mark Cycle
[2026-07-01T02:28:27.446+0000][4.216s][info][gc,marking  ] GC(25) Concurrent Scan Root Regions
[2026-07-01T02:28:27.459+0000][4.230s][info][gc,marking  ] GC(25) Concurrent Scan Root Regions 13.387ms
[2026-07-01T02:28:27.459+0000][4.230s][info][gc,marking  ] GC(25) Concurrent Mark
[2026-07-01T02:28:27.459+0000][4.230s][info][gc,marking  ] GC(25) Concurrent Mark From Roots
[2026-07-01T02:28:27.459+0000][4.230s][info][gc,task     ] GC(25) Using 1 workers of 1 for marking
[2026-07-01T02:28:27.640+0000][4.410s][info][gc,start    ] GC(26) Pause Young (Normal) (G1 Evacuation Pause)
[2026-07-01T02:28:27.640+0000][4.410s][info][gc,task     ] GC(26) Using 2 workers of 2 for evacuation
[2026-07-01T02:28:27.645+0000][4.415s][info][gc,phases   ] GC(26)   Pre Evacuate Collection Set: 0.08ms
[2026-07-01T02:28:27.645+0000][4.415s][info][gc,phases   ] GC(26)   Merge Heap Roots: 0.04ms
[2026-07-01T02:28:27.645+0000][4.415s][info][gc,phases   ] GC(26)   Evacuate Collection Set: 4.60ms
[2026-07-01T02:28:27.645+0000][4.415s][info][gc,phases   ] GC(26)   Post Evacuate Collection Set: 0.29ms
[2026-07-01T02:28:27.645+0000][4.415s][info][gc,phases   ] GC(26)   Other: 0.05ms
[2026-07-01T02:28:27.645+0000][4.415s][info][gc,heap     ] GC(26) Eden regions: 11->0(11)
[2026-07-01T02:28:27.645+0000][4.415s][info][gc,heap     ] GC(26) Survivor regions: 3->2(2)
[2026-07-01T02:28:27.645+0000][4.415s][info][gc,heap     ] GC(26) Old regions: 139->144
[2026-07-01T02:28:27.645+0000][4.415s][info][gc,heap     ] GC(26) Humongous regions: 6->6
[2026-07-01T02:28:27.645+0000][4.415s][info][gc,metaspace] GC(26) Metaspace: 38190K(38976K)->38190K(38976K) NonClass: 33188K(33600K)->33188K(33600K) Class: 5002K(5376K)->5002K(5376K)
[2026-07-01T02:28:27.645+0000][4.415s][info][gc          ] GC(26) Pause Young (Normal) (G1 Evacuation Pause) 158M->150M(183M) 5.175ms
[2026-07-01T02:28:27.645+0000][4.415s][info][gc,cpu      ] GC(26) User=0.01s Sys=0.00s Real=0.00s
[2026-07-01T02:28:27.781+0000][4.552s][info][gc,start    ] GC(27) Pause Young (Normal) (G1 Evacuation Pause)
[2026-07-01T02:28:27.781+0000][4.552s][info][gc,task     ] GC(27) Using 2 workers of 2 for evacuation
[2026-07-01T02:28:27.788+0000][4.559s][info][gc,phases   ] GC(27)   Pre Evacuate Collection Set: 0.12ms
[2026-07-01T02:28:27.788+0000][4.559s][info][gc,phases   ] GC(27)   Merge Heap Roots: 0.06ms
[2026-07-01T02:28:27.788+0000][4.559s][info][gc,phases   ] GC(27)   Evacuate Collection Set: 4.01ms
[2026-07-01T02:28:27.788+0000][4.559s][info][gc,phases   ] GC(27)   Post Evacuate Collection Set: 2.74ms
[2026-07-01T02:28:27.788+0000][4.559s][info][gc,phases   ] GC(27)   Other: 0.04ms
[2026-07-01T02:28:27.788+0000][4.559s][info][gc,heap     ] GC(27) Eden regions: 11->0(125)
[2026-07-01T02:28:27.788+0000][4.559s][info][gc,heap     ] GC(27) Survivor regions: 2->2(2)
[2026-07-01T02:28:27.788+0000][4.559s][info][gc,heap     ] GC(27) Old regions: 144->150
[2026-07-01T02:28:27.788+0000][4.559s][info][gc,heap     ] GC(27) Humongous regions: 6->6
[2026-07-01T02:28:27.788+0000][4.559s][info][gc,metaspace] GC(27) Metaspace: 38884K(39680K)->38884K(39680K) NonClass: 33798K(34240K)->33798K(34240K) Class: 5086K(5440K)->5086K(5440K)
[2026-07-01T02:28:27.788+0000][4.559s][info][gc          ] GC(27) Pause Young (Normal) (G1 Evacuation Pause) 161M->157M(549M) 7.092ms
[2026-07-01T02:28:27.788+0000][4.559s][info][gc,cpu      ] GC(27) User=0.02s Sys=0.00s Real=0.01s
[2026-07-01T02:28:28.142+0000][4.912s][info][gc,marking  ] GC(25) Concurrent Mark From Roots 682.680ms
[2026-07-01T02:28:28.142+0000][4.912s][info][gc,marking  ] GC(25) Concurrent Preclean
[2026-07-01T02:28:28.142+0000][4.912s][info][gc,marking  ] GC(25) Concurrent Preclean 0.099ms
[2026-07-01T02:28:28.143+0000][4.913s][info][gc,start    ] GC(25) Pause Remark
[2026-07-01T02:28:28.148+0000][4.918s][info][gc,heap     ] GC(25) Heap shrink completed: uncommitted 239 regions (239MB), heap size now 310MB
[2026-07-01T02:28:28.148+0000][4.918s][info][gc          ] GC(25) Pause Remark 171M->168M(310M) 5.210ms
[2026-07-01T02:28:28.148+0000][4.918s][info][gc,cpu      ] GC(25) User=0.02s Sys=0.00s Real=0.01s
[2026-07-01T02:28:28.162+0000][4.933s][info][gc,marking  ] GC(25) Concurrent Mark 702.934ms
[2026-07-01T02:28:28.162+0000][4.933s][info][gc,marking  ] GC(25) Concurrent Rebuild Remembered Sets and Scrub Regions
[2026-07-01T02:28:30.748+0000][7.519s][info][gc,marking  ] GC(25) Concurrent Rebuild Remembered Sets and Scrub Regions 2586.028ms
[2026-07-01T02:28:30.780+0000][7.551s][info][gc,start    ] GC(25) Pause Cleanup
[2026-07-01T02:28:30.780+0000][7.551s][info][gc          ] GC(25) Pause Cleanup 246M->246M(310M) 0.175ms
[2026-07-01T02:28:30.780+0000][7.551s][info][gc,cpu      ] GC(25) User=0.00s Sys=0.00s Real=0.00s
[2026-07-01T02:28:30.785+0000][7.556s][info][gc,marking  ] GC(25) Concurrent Clear Claimed Marks
[2026-07-01T02:28:30.785+0000][7.556s][info][gc,marking  ] GC(25) Concurrent Clear Claimed Marks 0.093ms
[2026-07-01T02:28:30.785+0000][7.556s][info][gc,marking  ] GC(25) Concurrent Cleanup for Next Mark
[2026-07-01T02:28:30.799+0000][7.569s][info][gc,marking  ] GC(25) Concurrent Cleanup for Next Mark 13.608ms
[2026-07-01T02:28:30.799+0000][7.569s][info][gc          ] GC(25) Concurrent Mark Cycle 3353.113ms
[2026-07-01T02:28:31.689+0000][8.459s][info][gc,start    ] GC(28) Pause Young (Prepare Mixed) (G1 Evacuation Pause)
[2026-07-01T02:28:31.689+0000][8.459s][info][gc,task     ] GC(28) Using 2 workers of 2 for evacuation
[2026-07-01T02:28:31.739+0000][8.509s][info][gc,phases   ] GC(28)   Pre Evacuate Collection Set: 0.21ms
[2026-07-01T02:28:31.739+0000][8.509s][info][gc,phases   ] GC(28)   Merge Heap Roots: 0.18ms
[2026-07-01T02:28:31.739+0000][8.509s][info][gc,phases   ] GC(28)   Evacuate Collection Set: 49.08ms
[2026-07-01T02:28:31.739+0000][8.509s][info][gc,phases   ] GC(28)   Post Evacuate Collection Set: 0.55ms
[2026-07-01T02:28:31.739+0000][8.509s][info][gc,phases   ] GC(28)   Other: 0.06ms
[2026-07-01T02:28:31.739+0000][8.509s][info][gc,heap     ] GC(28) Eden regions: 125->0(56)
[2026-07-01T02:28:31.739+0000][8.509s][info][gc,heap     ] GC(28) Survivor regions: 2->8(16)
[2026-07-01T02:28:31.739+0000][8.509s][info][gc,heap     ] GC(28) Old regions: 150->150
[2026-07-01T02:28:31.739+0000][8.509s][info][gc,heap     ] GC(28) Humongous regions: 3->3
[2026-07-01T02:28:31.739+0000][8.509s][info][gc,metaspace] GC(28) Metaspace: 40658K(41536K)->40658K(41536K) NonClass: 35516K(35968K)->35516K(35968K) Class: 5141K(5568K)->5141K(5568K)
[2026-07-01T02:28:31.739+0000][8.509s][info][gc          ] GC(28) Pause Young (Prepare Mixed) (G1 Evacuation Pause) 279M->159M(310M) 50.262ms
[2026-07-01T02:28:31.739+0000][8.509s][info][gc,cpu      ] GC(28) User=0.02s Sys=0.00s Real=0.05s
[2026-07-01T02:28:33.042+0000][9.812s][info][gc,start    ] GC(29) Pause Young (Mixed) (G1 Evacuation Pause)
[2026-07-01T02:28:33.042+0000][9.812s][info][gc,task     ] GC(29) Using 2 workers of 2 for evacuation
[2026-07-01T02:28:33.048+0000][9.818s][info][gc,phases   ] GC(29)   Pre Evacuate Collection Set: 0.20ms
[2026-07-01T02:28:33.048+0000][9.818s][info][gc,phases   ] GC(29)   Merge Heap Roots: 0.19ms
[2026-07-01T02:28:33.048+0000][9.818s][info][gc,phases   ] GC(29)   Evacuate Collection Set: 4.99ms
[2026-07-01T02:28:33.048+0000][9.818s][info][gc,phases   ] GC(29)   Post Evacuate Collection Set: 0.47ms
[2026-07-01T02:28:33.048+0000][9.818s][info][gc,phases   ] GC(29)   Other: 0.04ms
[2026-07-01T02:28:33.048+0000][9.818s][info][gc,heap     ] GC(29) Eden regions: 56->0(69)
[2026-07-01T02:28:33.048+0000][9.818s][info][gc,heap     ] GC(29) Survivor regions: 8->1(8)
[2026-07-01T02:28:33.048+0000][9.818s][info][gc,heap     ] GC(29) Old regions: 150->157
[2026-07-01T02:28:33.048+0000][9.818s][info][gc,heap     ] GC(29) Humongous regions: 3->3
[2026-07-01T02:28:33.048+0000][9.818s][info][gc,metaspace] GC(29) Metaspace: 40961K(41856K)->40961K(41856K) NonClass: 35818K(36288K)->35818K(36288K) Class: 5143K(5568K)->5143K(5568K)
[2026-07-01T02:28:33.048+0000][9.818s][info][gc          ] GC(29) Pause Young (Mixed) (G1 Evacuation Pause) 215M->160M(310M) 6.034ms
[2026-07-01T02:28:33.048+0000][9.818s][info][gc,cpu      ] GC(29) User=0.01s Sys=0.00s Real=0.00s
[2026-07-01T02:28:34.341+0000][11.111s][info][gc,start    ] GC(30) Pause Young (Concurrent Start) (G1 Evacuation Pause)
[2026-07-01T02:28:34.341+0000][11.111s][info][gc,task     ] GC(30) Using 2 workers of 2 for evacuation
[2026-07-01T02:28:34.346+0000][11.116s][info][gc,phases   ] GC(30)   Pre Evacuate Collection Set: 0.20ms
[2026-07-01T02:28:34.346+0000][11.116s][info][gc,phases   ] GC(30)   Merge Heap Roots: 0.12ms
[2026-07-01T02:28:34.346+0000][11.116s][info][gc,phases   ] GC(30)   Evacuate Collection Set: 3.87ms
[2026-07-01T02:28:34.346+0000][11.116s][info][gc,phases   ] GC(30)   Post Evacuate Collection Set: 0.37ms
[2026-07-01T02:28:34.346+0000][11.116s][info][gc,phases   ] GC(30)   Other: 0.09ms
[2026-07-01T02:28:34.346+0000][11.116s][info][gc,heap     ] GC(30) Eden regions: 69->0(84)
[2026-07-01T02:28:34.346+0000][11.116s][info][gc,heap     ] GC(30) Survivor regions: 1->3(9)
[2026-07-01T02:28:34.346+0000][11.116s][info][gc,heap     ] GC(30) Old regions: 157->157
[2026-07-01T02:28:34.346+0000][11.116s][info][gc,heap     ] GC(30) Humongous regions: 3->3
[2026-07-01T02:28:34.346+0000][11.116s][info][gc,metaspace] GC(30) Metaspace: 41066K(41920K)->41066K(41920K) NonClass: 35922K(36352K)->35922K(36352K) Class: 5144K(5568K)->5144K(5568K)
[2026-07-01T02:28:34.346+0000][11.116s][info][gc          ] GC(30) Pause Young (Concurrent Start) (G1 Evacuation Pause) 229M->161M(310M) 4.818ms
[2026-07-01T02:28:34.346+0000][11.116s][info][gc          ] GC(31) Concurrent Mark Cycle
[2026-07-01T02:28:34.346+0000][11.116s][info][gc,marking  ] GC(31) Concurrent Scan Root Regions
[2026-07-01T02:28:34.346+0000][11.116s][info][gc,cpu      ] GC(30) User=0.01s Sys=0.00s Real=0.00s
[2026-07-01T02:28:34.437+0000][11.207s][info][gc,marking  ] GC(31) Concurrent Scan Root Regions 90.948ms
[2026-07-01T02:28:34.437+0000][11.207s][info][gc,marking  ] GC(31) Concurrent Mark
[2026-07-01T02:28:34.437+0000][11.207s][info][gc,marking  ] GC(31) Concurrent Mark From Roots
[2026-07-01T02:28:34.437+0000][11.207s][info][gc,task     ] GC(31) Using 1 workers of 1 for marking
[2026-07-01T02:28:36.089+0000][12.860s][info][gc,start    ] GC(32) Pause Young (Normal) (G1 Evacuation Pause)
[2026-07-01T02:28:36.090+0000][12.860s][info][gc,task     ] GC(32) Using 2 workers of 2 for evacuation
[2026-07-01T02:28:36.095+0000][12.866s][info][gc,phases   ] GC(32)   Pre Evacuate Collection Set: 0.16ms
[2026-07-01T02:28:36.095+0000][12.866s][info][gc,phases   ] GC(32)   Merge Heap Roots: 0.13ms
[2026-07-01T02:28:36.095+0000][12.866s][info][gc,phases   ] GC(32)   Evacuate Collection Set: 5.10ms
[2026-07-01T02:28:36.095+0000][12.866s][info][gc,phases   ] GC(32)   Post Evacuate Collection Set: 0.42ms
[2026-07-01T02:28:36.095+0000][12.866s][info][gc,phases   ] GC(32)   Other: 0.06ms
[2026-07-01T02:28:36.095+0000][12.866s][info][gc,heap     ] GC(32) Eden regions: 84->0(97)
[2026-07-01T02:28:36.095+0000][12.866s][info][gc,heap     ] GC(32) Survivor regions: 3->3(11)
[2026-07-01T02:28:36.095+0000][12.866s][info][gc,heap     ] GC(32) Old regions: 157->157
[2026-07-01T02:28:36.095+0000][12.866s][info][gc,heap     ] GC(32) Humongous regions: 3->3
[2026-07-01T02:28:36.095+0000][12.866s][info][gc,metaspace] GC(32) Metaspace: 41233K(42112K)->41233K(42112K) NonClass: 36089K(36544K)->36089K(36544K) Class: 5144K(5568K)->5144K(5568K)
[2026-07-01T02:28:36.095+0000][12.866s][info][gc          ] GC(32) Pause Young (Normal) (G1 Evacuation Pause) 245M->162M(310M) 6.030ms
[2026-07-01T02:28:36.095+0000][12.866s][info][gc,cpu      ] GC(32) User=0.02s Sys=0.00s Real=0.00s
[2026-07-01T02:28:36.401+0000][13.172s][info][gc,marking  ] GC(31) Concurrent Mark From Roots 1964.578ms
[2026-07-01T02:28:36.401+0000][13.172s][info][gc,marking  ] GC(31) Concurrent Preclean
[2026-07-01T02:28:36.402+0000][13.172s][info][gc,marking  ] GC(31) Concurrent Preclean 0.178ms
[2026-07-01T02:28:36.405+0000][13.175s][info][gc,start    ] GC(31) Pause Remark
[2026-07-01T02:28:36.442+0000][13.212s][info][gc          ] GC(31) Pause Remark 182M->182M(310M) 37.144ms
[2026-07-01T02:28:36.442+0000][13.212s][info][gc,cpu      ] GC(31) User=0.02s Sys=0.00s Real=0.04s
[2026-07-01T02:28:36.452+0000][13.223s][info][gc,marking  ] GC(31) Concurrent Mark 2015.672ms
[2026-07-01T02:28:36.452+0000][13.223s][info][gc,marking  ] GC(31) Concurrent Rebuild Remembered Sets and Scrub Regions
[2026-07-01T02:28:36.758+0000][13.529s][info][gc,marking  ] GC(31) Concurrent Rebuild Remembered Sets and Scrub Regions 305.597ms
[2026-07-01T02:28:36.759+0000][13.529s][info][gc,start    ] GC(31) Pause Cleanup
[2026-07-01T02:28:36.759+0000][13.529s][info][gc          ] GC(31) Pause Cleanup 203M->203M(310M) 0.174ms
[2026-07-01T02:28:36.759+0000][13.529s][info][gc,cpu      ] GC(31) User=0.00s Sys=0.00s Real=0.00s
[2026-07-01T02:28:36.764+0000][13.534s][info][gc,marking  ] GC(31) Concurrent Clear Claimed Marks
[2026-07-01T02:28:36.764+0000][13.534s][info][gc,marking  ] GC(31) Concurrent Clear Claimed Marks 0.094ms
[2026-07-01T02:28:36.764+0000][13.534s][info][gc,marking  ] GC(31) Concurrent Cleanup for Next Mark
[2026-07-01T02:28:36.765+0000][13.535s][info][gc,marking  ] GC(31) Concurrent Cleanup for Next Mark 0.828ms
[2026-07-01T02:28:36.765+0000][13.535s][info][gc          ] GC(31) Concurrent Mark Cycle 2419.002ms
[2026-07-01T02:28:37.487+0000][14.257s][info][gc,start    ] GC(33) Pause Young (Prepare Mixed) (G1 Evacuation Pause)
[2026-07-01T02:28:37.487+0000][14.257s][info][gc,task     ] GC(33) Using 2 workers of 2 for evacuation
[2026-07-01T02:28:37.495+0000][14.266s][info][gc,phases   ] GC(33)   Pre Evacuate Collection Set: 0.34ms
[2026-07-01T02:28:37.495+0000][14.266s][info][gc,phases   ] GC(33)   Merge Heap Roots: 1.46ms
[2026-07-01T02:28:37.495+0000][14.266s][info][gc,phases   ] GC(33)   Evacuate Collection Set: 5.93ms
[2026-07-01T02:28:37.495+0000][14.266s][info][gc,phases   ] GC(33)   Post Evacuate Collection Set: 0.53ms
[2026-07-01T02:28:37.495+0000][14.266s][info][gc,phases   ] GC(33)   Other: 0.08ms
[2026-07-01T02:28:37.495+0000][14.266s][info][gc,heap     ] GC(33) Eden regions: 97->0(107)
[2026-07-01T02:28:37.495+0000][14.266s][info][gc,heap     ] GC(33) Survivor regions: 3->3(13)
[2026-07-01T02:28:37.495+0000][14.266s][info][gc,heap     ] GC(33) Old regions: 157->157
[2026-07-01T02:28:37.495+0000][14.266s][info][gc,heap     ] GC(33) Humongous regions: 3->3
[2026-07-01T02:28:37.495+0000][14.266s][info][gc,metaspace] GC(33) Metaspace: 41451K(42304K)->41451K(42304K) NonClass: 36313K(36736K)->36313K(36736K) Class: 5137K(5568K)->5137K(5568K)
[2026-07-01T02:28:37.495+0000][14.266s][info][gc          ] GC(33) Pause Young (Prepare Mixed) (G1 Evacuation Pause) 259M->162M(310M) 8.495ms
[2026-07-01T02:28:37.495+0000][14.266s][info][gc,cpu      ] GC(33) User=0.02s Sys=0.00s Real=0.01s
[2026-07-01T02:28:38.665+0000][15.436s][info][gc,start    ] GC(34) Pause Young (Mixed) (G1 Evacuation Pause)
[2026-07-01T02:28:38.665+0000][15.436s][info][gc,task     ] GC(34) Using 2 workers of 2 for evacuation
[2026-07-01T02:28:38.674+0000][15.445s][info][gc,phases   ] GC(34)   Pre Evacuate Collection Set: 0.15ms
[2026-07-01T02:28:38.674+0000][15.445s][info][gc,phases   ] GC(34)   Merge Heap Roots: 0.13ms
[2026-07-01T02:28:38.674+0000][15.445s][info][gc,phases   ] GC(34)   Evacuate Collection Set: 8.13ms
[2026-07-01T02:28:38.674+0000][15.445s][info][gc,phases   ] GC(34)   Post Evacuate Collection Set: 0.50ms
[2026-07-01T02:28:38.674+0000][15.445s][info][gc,phases   ] GC(34)   Other: 0.06ms
[2026-07-01T02:28:38.674+0000][15.445s][info][gc,heap     ] GC(34) Eden regions: 107->0(113)
[2026-07-01T02:28:38.674+0000][15.445s][info][gc,heap     ] GC(34) Survivor regions: 3->4(14)
[2026-07-01T02:28:38.674+0000][15.445s][info][gc,heap     ] GC(34) Old regions: 157->156
[2026-07-01T02:28:38.674+0000][15.445s][info][gc,heap     ] GC(34) Humongous regions: 3->3
[2026-07-01T02:28:38.674+0000][15.445s][info][gc,metaspace] GC(34) Metaspace: 41489K(42368K)->41489K(42368K) NonClass: 36351K(36800K)->36351K(36800K) Class: 5137K(5568K)->5137K(5568K)
[2026-07-01T02:28:38.674+0000][15.445s][info][gc          ] GC(34) Pause Young (Mixed) (G1 Evacuation Pause) 269M->161M(310M) 9.166ms
[2026-07-01T02:28:38.674+0000][15.445s][info][gc,cpu      ] GC(34) User=0.03s Sys=0.00s Real=0.01s
[2026-07-01T02:28:39.866+0000][16.637s][info][gc,start    ] GC(35) Pause Young (Concurrent Start) (G1 Evacuation Pause)
[2026-07-01T02:28:39.867+0000][16.637s][info][gc,task     ] GC(35) Using 2 workers of 2 for evacuation
[2026-07-01T02:28:39.876+0000][16.647s][info][gc,phases   ] GC(35)   Pre Evacuate Collection Set: 0.31ms
[2026-07-01T02:28:39.876+0000][16.647s][info][gc,phases   ] GC(35)   Merge Heap Roots: 0.23ms
[2026-07-01T02:28:39.876+0000][16.647s][info][gc,phases   ] GC(35)   Evacuate Collection Set: 8.41ms
[2026-07-01T02:28:39.876+0000][16.647s][info][gc,phases   ] GC(35)   Post Evacuate Collection Set: 0.45ms
[2026-07-01T02:28:39.876+0000][16.647s][info][gc,phases   ] GC(35)   Other: 0.17ms
[2026-07-01T02:28:39.876+0000][16.647s][info][gc,heap     ] GC(35) Eden regions: 113->0(118)
[2026-07-01T02:28:39.876+0000][16.647s][info][gc,heap     ] GC(35) Survivor regions: 4->4(15)
[2026-07-01T02:28:39.876+0000][16.647s][info][gc,heap     ] GC(35) Old regions: 156->156
[2026-07-01T02:28:39.876+0000][16.647s][info][gc,heap     ] GC(35) Humongous regions: 3->3
[2026-07-01T02:28:39.876+0000][16.647s][info][gc,metaspace] GC(35) Metaspace: 41507K(42368K)->41507K(42368K) NonClass: 36369K(36800K)->36369K(36800K) Class: 5137K(5568K)->5137K(5568K)
[2026-07-01T02:28:39.876+0000][16.647s][info][gc          ] GC(35) Pause Young (Concurrent Start) (G1 Evacuation Pause) 274M->162M(310M) 9.726ms
[2026-07-01T02:28:39.876+0000][16.647s][info][gc          ] GC(36) Concurrent Mark Cycle
[2026-07-01T02:28:39.876+0000][16.647s][info][gc,marking  ] GC(36) Concurrent Scan Root Regions
[2026-07-01T02:28:39.876+0000][16.647s][info][gc,cpu      ] GC(35) User=0.02s Sys=0.00s Real=0.01s
[2026-07-01T02:28:39.905+0000][16.676s][info][gc,marking  ] GC(36) Concurrent Scan Root Regions 28.862ms
[2026-07-01T02:28:39.905+0000][16.676s][info][gc,marking  ] GC(36) Concurrent Mark
[2026-07-01T02:28:39.905+0000][16.676s][info][gc,marking  ] GC(36) Concurrent Mark From Roots
[2026-07-01T02:28:39.905+0000][16.676s][info][gc,task     ] GC(36) Using 1 workers of 1 for marking
[2026-07-01T02:28:41.145+0000][17.916s][info][gc,marking  ] GC(36) Concurrent Mark From Roots 1240.344ms
[2026-07-01T02:28:41.146+0000][17.916s][info][gc,marking  ] GC(36) Concurrent Preclean
[2026-07-01T02:28:41.146+0000][17.916s][info][gc,marking  ] GC(36) Concurrent Preclean 0.119ms
[2026-07-01T02:28:41.159+0000][17.930s][info][gc,start    ] GC(36) Pause Remark
[2026-07-01T02:28:41.167+0000][17.938s][info][gc          ] GC(36) Pause Remark 274M->274M(310M) 7.781ms
[2026-07-01T02:28:41.167+0000][17.938s][info][gc,cpu      ] GC(36) User=0.02s Sys=0.00s Real=0.00s
[2026-07-01T02:28:41.167+0000][17.938s][info][gc,marking  ] GC(36) Concurrent Mark 1262.241ms
[2026-07-01T02:28:41.167+0000][17.938s][info][gc,marking  ] GC(36) Concurrent Rebuild Remembered Sets and Scrub Regions
[2026-07-01T02:28:41.247+0000][18.017s][info][gc,start    ] GC(37) Pause Young (Normal) (G1 Evacuation Pause)
[2026-07-01T02:28:41.247+0000][18.017s][info][gc,task     ] GC(37) Using 2 workers of 2 for evacuation
[2026-07-01T02:28:41.259+0000][18.029s][info][gc,phases   ] GC(37)   Pre Evacuate Collection Set: 2.50ms
[2026-07-01T02:28:41.259+0000][18.029s][info][gc,phases   ] GC(37)   Merge Heap Roots: 0.20ms
[2026-07-01T02:28:41.259+0000][18.029s][info][gc,phases   ] GC(37)   Evacuate Collection Set: 8.88ms
[2026-07-01T02:28:41.259+0000][18.029s][info][gc,phases   ] GC(37)   Post Evacuate Collection Set: 0.59ms
[2026-07-01T02:28:41.259+0000][18.029s][info][gc,phases   ] GC(37)   Other: 0.08ms
[2026-07-01T02:28:41.259+0000][18.029s][info][gc,heap     ] GC(37) Eden regions: 118->0(120)
[2026-07-01T02:28:41.259+0000][18.029s][info][gc,heap     ] GC(37) Survivor regions: 4->5(16)
[2026-07-01T02:28:41.259+0000][18.029s][info][gc,heap     ] GC(37) Old regions: 156->156
[2026-07-01T02:28:41.259+0000][18.029s][info][gc,heap     ] GC(37) Humongous regions: 3->3
[2026-07-01T02:28:41.259+0000][18.029s][info][gc,metaspace] GC(37) Metaspace: 41543K(42368K)->41543K(42368K) NonClass: 36405K(36800K)->36405K(36800K) Class: 5137K(5568K)->5137K(5568K)
[2026-07-01T02:28:41.259+0000][18.029s][info][gc          ] GC(37) Pause Young (Normal) (G1 Evacuation Pause) 280M->162M(310M) 12.450ms
[2026-07-01T02:28:41.259+0000][18.029s][info][gc,cpu      ] GC(37) User=0.03s Sys=0.00s Real=0.02s
[2026-07-01T02:28:41.585+0000][18.355s][info][gc,marking  ] GC(36) Concurrent Rebuild Remembered Sets and Scrub Regions 417.244ms
[2026-07-01T02:28:41.590+0000][18.360s][info][gc,start    ] GC(36) Pause Cleanup
[2026-07-01T02:28:41.590+0000][18.360s][info][gc          ] GC(36) Pause Cleanup 188M->188M(310M) 0.186ms
[2026-07-01T02:28:41.590+0000][18.360s][info][gc,cpu      ] GC(36) User=0.00s Sys=0.00s Real=0.00s
[2026-07-01T02:28:41.595+0000][18.366s][info][gc,marking  ] GC(36) Concurrent Clear Claimed Marks
[2026-07-01T02:28:41.595+0000][18.366s][info][gc,marking  ] GC(36) Concurrent Clear Claimed Marks 0.100ms
[2026-07-01T02:28:41.595+0000][18.366s][info][gc,marking  ] GC(36) Concurrent Cleanup for Next Mark
[2026-07-01T02:28:41.598+0000][18.368s][info][gc,marking  ] GC(36) Concurrent Cleanup for Next Mark 2.472ms
[2026-07-01T02:28:41.598+0000][18.368s][info][gc          ] GC(36) Concurrent Mark Cycle 1721.611ms
[2026-07-01T02:28:42.517+0000][19.287s][info][gc,start    ] GC(38) Pause Young (Prepare Mixed) (G1 Evacuation Pause)
[2026-07-01T02:28:42.517+0000][19.287s][info][gc,task     ] GC(38) Using 2 workers of 2 for evacuation
[2026-07-01T02:28:42.543+0000][19.313s][info][gc,phases   ] GC(38)   Pre Evacuate Collection Set: 0.12ms
[2026-07-01T02:28:42.543+0000][19.313s][info][gc,phases   ] GC(38)   Merge Heap Roots: 0.29ms
[2026-07-01T02:28:42.543+0000][19.313s][info][gc,phases   ] GC(38)   Evacuate Collection Set: 25.18ms
[2026-07-01T02:28:42.543+0000][19.313s][info][gc,phases   ] GC(38)   Post Evacuate Collection Set: 0.48ms
[2026-07-01T02:28:42.543+0000][19.313s][info][gc,phases   ] GC(38)   Other: 0.04ms
[2026-07-01T02:28:42.543+0000][19.313s][info][gc,heap     ] GC(38) Eden regions: 120->0(123)
[2026-07-01T02:28:42.543+0000][19.313s][info][gc,heap     ] GC(38) Survivor regions: 5->5(16)
[2026-07-01T02:28:42.543+0000][19.313s][info][gc,heap     ] GC(38) Old regions: 156->156
[2026-07-01T02:28:42.543+0000][19.313s][info][gc,heap     ] GC(38) Humongous regions: 3->3
[2026-07-01T02:28:42.543+0000][19.313s][info][gc,metaspace] GC(38) Metaspace: 41550K(42368K)->41550K(42368K) NonClass: 36412K(36800K)->36412K(36800K) Class: 5137K(5568K)->5137K(5568K)
[2026-07-01T02:28:42.543+0000][19.313s][info][gc          ] GC(38) Pause Young (Prepare Mixed) (G1 Evacuation Pause) 282M->163M(310M) 26.246ms
[2026-07-01T02:28:42.543+0000][19.313s][info][gc,cpu      ] GC(38) User=0.03s Sys=0.00s Real=0.03s
[2026-07-01T02:28:43.773+0000][20.544s][info][gc,start    ] GC(39) Pause Young (Mixed) (G1 Evacuation Pause)
[2026-07-01T02:28:43.773+0000][20.544s][info][gc,task     ] GC(39) Using 2 workers of 2 for evacuation
[2026-07-01T02:28:43.801+0000][20.571s][info][gc,phases   ] GC(39)   Pre Evacuate Collection Set: 0.18ms
[2026-07-01T02:28:43.801+0000][20.571s][info][gc,phases   ] GC(39)   Merge Heap Roots: 0.24ms
[2026-07-01T02:28:43.801+0000][20.571s][info][gc,phases   ] GC(39)   Evacuate Collection Set: 26.02ms
[2026-07-01T02:28:43.801+0000][20.571s][info][gc,phases   ] GC(39)   Post Evacuate Collection Set: 0.83ms
[2026-07-01T02:28:43.801+0000][20.571s][info][gc,phases   ] GC(39)   Other: 0.07ms
[2026-07-01T02:28:43.801+0000][20.571s][info][gc,heap     ] GC(39) Eden regions: 123->0(127)
[2026-07-01T02:28:43.801+0000][20.571s][info][gc,heap     ] GC(39) Survivor regions: 5->5(16)
[2026-07-01T02:28:43.801+0000][20.571s][info][gc,heap     ] GC(39) Old regions: 156->154
[2026-07-01T02:28:43.801+0000][20.571s][info][gc,heap     ] GC(39) Humongous regions: 3->3
[2026-07-01T02:28:43.801+0000][20.571s][info][gc,metaspace] GC(39) Metaspace: 41561K(42368K)->41561K(42368K) NonClass: 36423K(36800K)->36423K(36800K) Class: 5137K(5568K)->5137K(5568K)
[2026-07-01T02:28:43.801+0000][20.571s][info][gc          ] GC(39) Pause Young (Mixed) (G1 Evacuation Pause) 286M->161M(310M) 27.532ms
[2026-07-01T02:28:43.801+0000][20.571s][info][gc,cpu      ] GC(39) User=0.03s Sys=0.00s Real=0.03s
[2026-07-01T02:28:44.994+0000][21.764s][info][gc,start    ] GC(40) Pause Young (Concurrent Start) (G1 Evacuation Pause)
[2026-07-01T02:28:44.994+0000][21.764s][info][gc,task     ] GC(40) Using 2 workers of 2 for evacuation
[2026-07-01T02:28:45.007+0000][21.777s][info][gc,phases   ] GC(40)   Pre Evacuate Collection Set: 0.51ms
[2026-07-01T02:28:45.007+0000][21.777s][info][gc,phases   ] GC(40)   Merge Heap Roots: 0.20ms
[2026-07-01T02:28:45.007+0000][21.777s][info][gc,phases   ] GC(40)   Evacuate Collection Set: 11.83ms
[2026-07-01T02:28:45.007+0000][21.777s][info][gc,phases   ] GC(40)   Post Evacuate Collection Set: 0.60ms
[2026-07-01T02:28:45.007+0000][21.777s][info][gc,phases   ] GC(40)   Other: 0.14ms
[2026-07-01T02:28:45.007+0000][21.777s][info][gc,heap     ] GC(40) Eden regions: 127->0(131)
[2026-07-01T02:28:45.007+0000][21.777s][info][gc,heap     ] GC(40) Survivor regions: 5->5(17)
[2026-07-01T02:28:45.007+0000][21.777s][info][gc,heap     ] GC(40) Old regions: 154->154
[2026-07-01T02:28:45.007+0000][21.777s][info][gc,heap     ] GC(40) Humongous regions: 3->3
[2026-07-01T02:28:45.007+0000][21.777s][info][gc,metaspace] GC(40) Metaspace: 41598K(42496K)->41598K(42496K) NonClass: 36461K(36928K)->36461K(36928K) Class: 5137K(5568K)->5137K(5568K)
[2026-07-01T02:28:45.007+0000][21.777s][info][gc          ] GC(40) Pause Young (Concurrent Start) (G1 Evacuation Pause) 288M->161M(310M) 13.458ms
[2026-07-01T02:28:45.007+0000][21.777s][info][gc          ] GC(41) Concurrent Mark Cycle
[2026-07-01T02:28:45.007+0000][21.777s][info][gc,cpu      ] GC(40) User=0.04s Sys=0.00s Real=0.01s
[2026-07-01T02:28:45.007+0000][21.777s][info][gc,marking  ] GC(41) Concurrent Scan Root Regions
[2026-07-01T02:28:45.044+0000][21.814s][info][gc,marking  ] GC(41) Concurrent Scan Root Regions 36.755ms
[2026-07-01T02:28:45.044+0000][21.814s][info][gc,marking  ] GC(41) Concurrent Mark
[2026-07-01T02:28:45.044+0000][21.814s][info][gc,marking  ] GC(41) Concurrent Mark From Roots
[2026-07-01T02:28:45.044+0000][21.814s][info][gc,task     ] GC(41) Using 1 workers of 1 for marking
[2026-07-01T02:28:45.950+0000][22.720s][info][gc,marking  ] GC(41) Concurrent Mark From Roots 906.032ms
[2026-07-01T02:28:45.950+0000][22.720s][info][gc,marking  ] GC(41) Concurrent Preclean
[2026-07-01T02:28:45.950+0000][22.720s][info][gc,marking  ] GC(41) Concurrent Preclean 0.066ms
[2026-07-01T02:28:45.950+0000][22.721s][info][gc,start    ] GC(41) Pause Remark
[2026-07-01T02:28:45.957+0000][22.728s][info][gc          ] GC(41) Pause Remark 243M->243M(310M) 7.247ms
[2026-07-01T02:28:45.957+0000][22.728s][info][gc,cpu      ] GC(41) User=0.01s Sys=0.00s Real=0.00s
[2026-07-01T02:28:45.961+0000][22.731s][info][gc,marking  ] GC(41) Concurrent Mark 916.997ms
[2026-07-01T02:28:45.961+0000][22.731s][info][gc,marking  ] GC(41) Concurrent Rebuild Remembered Sets and Scrub Regions
[2026-07-01T02:28:46.337+0000][23.107s][info][gc,marking  ] GC(41) Concurrent Rebuild Remembered Sets and Scrub Regions 376.083ms
[2026-07-01T02:28:46.337+0000][23.108s][info][gc,start    ] GC(41) Pause Cleanup
[2026-07-01T02:28:46.338+0000][23.108s][info][gc          ] GC(41) Pause Cleanup 278M->278M(310M) 0.193ms
[2026-07-01T02:28:46.338+0000][23.108s][info][gc,cpu      ] GC(41) User=0.00s Sys=0.00s Real=0.00s
[2026-07-01T02:28:46.341+0000][23.112s][info][gc,marking  ] GC(41) Concurrent Clear Claimed Marks
[2026-07-01T02:28:46.342+0000][23.112s][info][gc,marking  ] GC(41) Concurrent Clear Claimed Marks 0.089ms
[2026-07-01T02:28:46.342+0000][23.112s][info][gc,marking  ] GC(41) Concurrent Cleanup for Next Mark
[2026-07-01T02:28:46.344+0000][23.114s][info][gc,marking  ] GC(41) Concurrent Cleanup for Next Mark 2.115ms
[2026-07-01T02:28:46.344+0000][23.114s][info][gc          ] GC(41) Concurrent Mark Cycle 1336.681ms
[2026-07-01T02:28:46.497+0000][23.267s][info][gc,start    ] GC(42) Pause Young (Prepare Mixed) (G1 Evacuation Pause)
[2026-07-01T02:28:46.497+0000][23.267s][info][gc,task     ] GC(42) Using 2 workers of 2 for evacuation
[2026-07-01T02:28:46.519+0000][23.290s][info][gc,phases   ] GC(42)   Pre Evacuate Collection Set: 0.29ms
[2026-07-01T02:28:46.519+0000][23.290s][info][gc,phases   ] GC(42)   Merge Heap Roots: 0.53ms
[2026-07-01T02:28:46.519+0000][23.290s][info][gc,phases   ] GC(42)   Evacuate Collection Set: 18.30ms
[2026-07-01T02:28:46.519+0000][23.290s][info][gc,phases   ] GC(42)   Post Evacuate Collection Set: 3.26ms
[2026-07-01T02:28:46.519+0000][23.290s][info][gc,phases   ] GC(42)   Other: 0.07ms
[2026-07-01T02:28:46.519+0000][23.290s][info][gc,heap     ] GC(42) Eden regions: 131->0(131)
[2026-07-01T02:28:46.519+0000][23.290s][info][gc,heap     ] GC(42) Survivor regions: 5->6(17)
[2026-07-01T02:28:46.519+0000][23.290s][info][gc,heap     ] GC(42) Old regions: 154->154
[2026-07-01T02:28:46.519+0000][23.290s][info][gc,heap     ] GC(42) Humongous regions: 3->3
[2026-07-01T02:28:46.519+0000][23.290s][info][gc,metaspace] GC(42) Metaspace: 41608K(42496K)->41608K(42496K) NonClass: 36470K(36928K)->36470K(36928K) Class: 5137K(5568K)->5137K(5568K)
[2026-07-01T02:28:46.520+0000][23.290s][info][gc          ] GC(42) Pause Young (Prepare Mixed) (G1 Evacuation Pause) 292M->162M(310M) 22.659ms
[2026-07-01T02:28:46.520+0000][23.290s][info][gc,cpu      ] GC(42) User=0.04s Sys=0.01s Real=0.03s
[2026-07-01T02:28:47.709+0000][24.480s][info][gc,start    ] GC(43) Pause Young (Mixed) (G1 Evacuation Pause)
[2026-07-01T02:28:47.710+0000][24.480s][info][gc,task     ] GC(43) Using 2 workers of 2 for evacuation
[2026-07-01T02:28:47.728+0000][24.498s][info][gc,phases   ] GC(43)   Pre Evacuate Collection Set: 0.17ms
[2026-07-01T02:28:47.728+0000][24.498s][info][gc,phases   ] GC(43)   Merge Heap Roots: 0.22ms
[2026-07-01T02:28:47.728+0000][24.498s][info][gc,phases   ] GC(43)   Evacuate Collection Set: 17.45ms
[2026-07-01T02:28:47.728+0000][24.498s][info][gc,phases   ] GC(43)   Post Evacuate Collection Set: 0.58ms
[2026-07-01T02:28:47.728+0000][24.498s][info][gc,phases   ] GC(43)   Other: 0.07ms
[2026-07-01T02:28:47.728+0000][24.498s][info][gc,heap     ] GC(43) Eden regions: 131->0(131)
[2026-07-01T02:28:47.728+0000][24.498s][info][gc,heap     ] GC(43) Survivor regions: 6->6(18)
[2026-07-01T02:28:47.728+0000][24.498s][info][gc,heap     ] GC(43) Old regions: 154->154
[2026-07-01T02:28:47.728+0000][24.498s][info][gc,heap     ] GC(43) Humongous regions: 3->3
[2026-07-01T02:28:47.728+0000][24.498s][info][gc,metaspace] GC(43) Metaspace: 41623K(42496K)->41623K(42496K) NonClass: 36484K(36928K)->36484K(36928K) Class: 5138K(5568K)->5138K(5568K)
[2026-07-01T02:28:47.728+0000][24.499s][info][gc          ] GC(43) Pause Young (Mixed) (G1 Evacuation Pause) 293M->162M(310M) 18.656ms
[2026-07-01T02:28:47.728+0000][24.499s][info][gc,cpu      ] GC(43) User=0.03s Sys=0.00s Real=0.02s
[2026-07-01T02:28:48.991+0000][25.762s][info][gc,start    ] GC(44) Pause Young (Concurrent Start) (G1 Evacuation Pause)
[2026-07-01T02:28:48.991+0000][25.762s][info][gc,task     ] GC(44) Using 2 workers of 2 for evacuation
[2026-07-01T02:28:49.009+0000][25.779s][info][gc,phases   ] GC(44)   Pre Evacuate Collection Set: 0.20ms
[2026-07-01T02:28:49.009+0000][25.779s][info][gc,phases   ] GC(44)   Merge Heap Roots: 0.23ms
[2026-07-01T02:28:49.009+0000][25.779s][info][gc,phases   ] GC(44)   Evacuate Collection Set: 16.24ms
[2026-07-01T02:28:49.009+0000][25.779s][info][gc,phases   ] GC(44)   Post Evacuate Collection Set: 0.51ms
[2026-07-01T02:28:49.009+0000][25.779s][info][gc,phases   ] GC(44)   Other: 0.11ms
[2026-07-01T02:28:49.009+0000][25.779s][info][gc,heap     ] GC(44) Eden regions: 131->0(130)
[2026-07-01T02:28:49.009+0000][25.779s][info][gc,heap     ] GC(44) Survivor regions: 6->7(18)
[2026-07-01T02:28:49.009+0000][25.779s][info][gc,heap     ] GC(44) Old regions: 154->154
[2026-07-01T02:28:49.009+0000][25.779s][info][gc,heap     ] GC(44) Humongous regions: 3->3
[2026-07-01T02:28:49.009+0000][25.779s][info][gc,metaspace] GC(44) Metaspace: 41623K(42496K)->41623K(42496K) NonClass: 36484K(36928K)->36484K(36928K) Class: 5138K(5568K)->5138K(5568K)
[2026-07-01T02:28:49.009+0000][25.779s][info][gc          ] GC(44) Pause Young (Concurrent Start) (G1 Evacuation Pause) 293M->162M(310M) 17.453ms
[2026-07-01T02:28:49.009+0000][25.779s][info][gc          ] GC(45) Concurrent Mark Cycle
[2026-07-01T02:28:49.009+0000][25.779s][info][gc,marking  ] GC(45) Concurrent Scan Root Regions
[2026-07-01T02:28:49.009+0000][25.779s][info][gc,cpu      ] GC(44) User=0.03s Sys=0.00s Real=0.02s
[2026-07-01T02:28:49.037+0000][25.808s][info][gc,marking  ] GC(45) Concurrent Scan Root Regions 28.508ms
[2026-07-01T02:28:49.037+0000][25.808s][info][gc,marking  ] GC(45) Concurrent Mark
[2026-07-01T02:28:49.037+0000][25.808s][info][gc,marking  ] GC(45) Concurrent Mark From Roots
[2026-07-01T02:28:49.037+0000][25.808s][info][gc,task     ] GC(45) Using 1 workers of 1 for marking
[2026-07-01T02:28:49.939+0000][26.710s][info][gc,marking  ] GC(45) Concurrent Mark From Roots 901.912ms
[2026-07-01T02:28:49.939+0000][26.710s][info][gc,marking  ] GC(45) Concurrent Preclean
[2026-07-01T02:28:49.939+0000][26.710s][info][gc,marking  ] GC(45) Concurrent Preclean 0.079ms
[2026-07-01T02:28:49.940+0000][26.710s][info][gc,start    ] GC(45) Pause Remark
[2026-07-01T02:28:49.948+0000][26.719s][info][gc          ] GC(45) Pause Remark 242M->242M(310M) 8.503ms
[2026-07-01T02:28:49.948+0000][26.719s][info][gc,cpu      ] GC(45) User=0.01s Sys=0.00s Real=0.01s
[2026-07-01T02:28:49.955+0000][26.725s][info][gc,marking  ] GC(45) Concurrent Mark 917.262ms
[2026-07-01T02:28:49.955+0000][26.725s][info][gc,marking  ] GC(45) Concurrent Rebuild Remembered Sets and Scrub Regions
[2026-07-01T02:28:50.284+0000][27.054s][info][gc,marking  ] GC(45) Concurrent Rebuild Remembered Sets and Scrub Regions 328.981ms
[2026-07-01T02:28:50.284+0000][27.055s][info][gc,start    ] GC(45) Pause Cleanup
[2026-07-01T02:28:50.285+0000][27.055s][info][gc          ] GC(45) Pause Cleanup 274M->274M(310M) 0.289ms
[2026-07-01T02:28:50.285+0000][27.055s][info][gc,cpu      ] GC(45) User=0.00s Sys=0.00s Real=0.00s
[2026-07-01T02:28:50.294+0000][27.064s][info][gc,marking  ] GC(45) Concurrent Clear Claimed Marks
[2026-07-01T02:28:50.294+0000][27.064s][info][gc,marking  ] GC(45) Concurrent Clear Claimed Marks 0.173ms
[2026-07-01T02:28:50.294+0000][27.064s][info][gc,marking  ] GC(45) Concurrent Cleanup for Next Mark
[2026-07-01T02:28:50.306+0000][27.076s][info][gc,marking  ] GC(45) Concurrent Cleanup for Next Mark 11.692ms
[2026-07-01T02:28:50.306+0000][27.076s][info][gc          ] GC(45) Concurrent Mark Cycle 1296.869ms
[2026-07-01T02:28:50.455+0000][27.225s][info][gc,start    ] GC(46) Pause Young (Prepare Mixed) (G1 Evacuation Pause)
[2026-07-01T02:28:50.455+0000][27.226s][info][gc,task     ] GC(46) Using 2 workers of 2 for evacuation
[2026-07-01T02:28:50.473+0000][27.243s][info][gc,phases   ] GC(46)   Pre Evacuate Collection Set: 0.15ms
[2026-07-01T02:28:50.473+0000][27.243s][info][gc,phases   ] GC(46)   Merge Heap Roots: 0.50ms
[2026-07-01T02:28:50.473+0000][27.243s][info][gc,phases   ] GC(46)   Evacuate Collection Set: 16.48ms
[2026-07-01T02:28:50.473+0000][27.243s][info][gc,phases   ] GC(46)   Post Evacuate Collection Set: 0.67ms
[2026-07-01T02:28:50.473+0000][27.243s][info][gc,phases   ] GC(46)   Other: 0.06ms
[2026-07-01T02:28:50.473+0000][27.243s][info][gc,heap     ] GC(46) Eden regions: 130->0(130)
[2026-07-01T02:28:50.473+0000][27.243s][info][gc,heap     ] GC(46) Survivor regions: 7->7(18)
[2026-07-01T02:28:50.473+0000][27.243s][info][gc,heap     ] GC(46) Old regions: 154->154
[2026-07-01T02:28:50.473+0000][27.243s][info][gc,heap     ] GC(46) Humongous regions: 3->3
[2026-07-01T02:28:50.473+0000][27.243s][info][gc,metaspace] GC(46) Metaspace: 41623K(42496K)->41623K(42496K) NonClass: 36485K(36928K)->36485K(36928K) Class: 5138K(5568K)->5138K(5568K)
[2026-07-01T02:28:50.473+0000][27.243s][info][gc          ] GC(46) Pause Young (Prepare Mixed) (G1 Evacuation Pause) 292M->163M(310M) 18.024ms
[2026-07-01T02:28:50.473+0000][27.244s][info][gc,cpu      ] GC(46) User=0.05s Sys=0.00s Real=0.02s
[2026-07-01T02:28:51.809+0000][28.580s][info][gc,start    ] GC(47) Pause Young (Mixed) (G1 Evacuation Pause)
[2026-07-01T02:28:51.809+0000][28.580s][info][gc,task     ] GC(47) Using 2 workers of 2 for evacuation
[2026-07-01T02:28:51.868+0000][28.638s][info][gc,phases   ] GC(47)   Pre Evacuate Collection Set: 0.22ms
[2026-07-01T02:28:51.868+0000][28.638s][info][gc,phases   ] GC(47)   Merge Heap Roots: 0.48ms
[2026-07-01T02:28:51.868+0000][28.638s][info][gc,phases   ] GC(47)   Evacuate Collection Set: 56.65ms
[2026-07-01T02:28:51.868+0000][28.638s][info][gc,phases   ] GC(47)   Post Evacuate Collection Set: 1.00ms
[2026-07-01T02:28:51.868+0000][28.638s][info][gc,phases   ] GC(47)   Other: 0.06ms
[2026-07-01T02:28:51.868+0000][28.638s][info][gc,heap     ] GC(47) Eden regions: 130->0(131)
[2026-07-01T02:28:51.868+0000][28.638s][info][gc,heap     ] GC(47) Survivor regions: 7->7(18)
[2026-07-01T02:28:51.868+0000][28.638s][info][gc,heap     ] GC(47) Old regions: 154->153
[2026-07-01T02:28:51.868+0000][28.638s][info][gc,heap     ] GC(47) Humongous regions: 3->3
[2026-07-01T02:28:51.868+0000][28.638s][info][gc,metaspace] GC(47) Metaspace: 41623K(42496K)->41623K(42496K) NonClass: 36485K(36928K)->36485K(36928K) Class: 5138K(5568K)->5138K(5568K)
[2026-07-01T02:28:51.868+0000][28.638s][info][gc          ] GC(47) Pause Young (Mixed) (G1 Evacuation Pause) 293M->162M(310M) 58.627ms
[2026-07-01T02:28:51.868+0000][28.638s][info][gc,cpu      ] GC(47) User=0.07s Sys=0.00s Real=0.05s
[2026-07-01T02:28:53.160+0000][29.930s][info][gc,start    ] GC(48) Pause Young (Concurrent Start) (G1 Evacuation Pause)
[2026-07-01T02:28:53.160+0000][29.930s][info][gc,task     ] GC(48) Using 2 workers of 2 for evacuation
[2026-07-01T02:28:53.173+0000][29.944s][info][gc,phases   ] GC(48)   Pre Evacuate Collection Set: 0.15ms
[2026-07-01T02:28:53.173+0000][29.944s][info][gc,phases   ] GC(48)   Merge Heap Roots: 0.27ms
[2026-07-01T02:28:53.173+0000][29.944s][info][gc,phases   ] GC(48)   Evacuate Collection Set: 12.66ms
[2026-07-01T02:28:53.173+0000][29.944s][info][gc,phases   ] GC(48)   Post Evacuate Collection Set: 0.40ms
[2026-07-01T02:28:53.173+0000][29.944s][info][gc,phases   ] GC(48)   Other: 0.08ms
[2026-07-01T02:28:53.173+0000][29.944s][info][gc,heap     ] GC(48) Eden regions: 131->0(129)
[2026-07-01T02:28:53.173+0000][29.944s][info][gc,heap     ] GC(48) Survivor regions: 7->8(18)
[2026-07-01T02:28:53.173+0000][29.944s][info][gc,heap     ] GC(48) Old regions: 153->154
[2026-07-01T02:28:53.173+0000][29.944s][info][gc,heap     ] GC(48) Humongous regions: 3->3
[2026-07-01T02:28:53.173+0000][29.944s][info][gc,metaspace] GC(48) Metaspace: 41628K(42496K)->41628K(42496K) NonClass: 36490K(36928K)->36490K(36928K) Class: 5138K(5568K)->5138K(5568K)
[2026-07-01T02:28:53.173+0000][29.944s][info][gc          ] GC(48) Pause Young (Concurrent Start) (G1 Evacuation Pause) 293M->163M(310M) 13.712ms
[2026-07-01T02:28:53.173+0000][29.944s][info][gc          ] GC(49) Concurrent Mark Cycle
[2026-07-01T02:28:53.173+0000][29.944s][info][gc,marking  ] GC(49) Concurrent Scan Root Regions
[2026-07-01T02:28:53.173+0000][29.944s][info][gc,cpu      ] GC(48) User=0.02s Sys=0.00s Real=0.01s
[2026-07-01T02:28:53.201+0000][29.971s][info][gc,marking  ] GC(49) Concurrent Scan Root Regions 27.564ms
[2026-07-01T02:28:53.201+0000][29.972s][info][gc,marking  ] GC(49) Concurrent Mark
[2026-07-01T02:28:53.201+0000][29.972s][info][gc,marking  ] GC(49) Concurrent Mark From Roots
[2026-07-01T02:28:53.201+0000][29.972s][info][gc,task     ] GC(49) Using 1 workers of 1 for marking
[2026-07-01T02:28:54.066+0000][30.837s][info][gc,marking  ] GC(49) Concurrent Mark From Roots 865.129ms
[2026-07-01T02:28:54.066+0000][30.837s][info][gc,marking  ] GC(49) Concurrent Preclean
[2026-07-01T02:28:54.066+0000][30.837s][info][gc,marking  ] GC(49) Concurrent Preclean 0.072ms
[2026-07-01T02:28:54.067+0000][30.838s][info][gc,start    ] GC(49) Pause Remark
[2026-07-01T02:28:54.073+0000][30.843s][info][gc          ] GC(49) Pause Remark 250M->250M(310M) 5.682ms
[2026-07-01T02:28:54.073+0000][30.844s][info][gc,cpu      ] GC(49) User=0.01s Sys=0.00s Real=0.01s
[2026-07-01T02:28:54.079+0000][30.849s][info][gc,marking  ] GC(49) Concurrent Mark 877.922ms
[2026-07-01T02:28:54.079+0000][30.849s][info][gc,marking  ] GC(49) Concurrent Rebuild Remembered Sets and Scrub Regions
[2026-07-01T02:28:54.396+0000][31.167s][info][gc,marking  ] GC(49) Concurrent Rebuild Remembered Sets and Scrub Regions 317.418ms
[2026-07-01T02:28:54.402+0000][31.172s][info][gc,start    ] GC(49) Pause Cleanup
[2026-07-01T02:28:54.402+0000][31.172s][info][gc          ] GC(49) Pause Cleanup 285M->285M(310M) 0.171ms
[2026-07-01T02:28:54.402+0000][31.172s][info][gc,cpu      ] GC(49) User=0.00s Sys=0.00s Real=0.00s
[2026-07-01T02:28:54.402+0000][31.172s][info][gc,marking  ] GC(49) Concurrent Clear Claimed Marks
[2026-07-01T02:28:54.402+0000][31.172s][info][gc,marking  ] GC(49) Concurrent Clear Claimed Marks 0.081ms
[2026-07-01T02:28:54.402+0000][31.172s][info][gc,marking  ] GC(49) Concurrent Cleanup for Next Mark
[2026-07-01T02:28:54.405+0000][31.175s][info][gc,marking  ] GC(49) Concurrent Cleanup for Next Mark 2.918ms
[2026-07-01T02:28:54.405+0000][31.175s][info][gc          ] GC(49) Concurrent Mark Cycle 1231.369ms
[2026-07-01T02:28:54.477+0000][31.248s][info][gc,start    ] GC(50) Pause Young (Prepare Mixed) (G1 Evacuation Pause)
[2026-07-01T02:28:54.477+0000][31.248s][info][gc,task     ] GC(50) Using 2 workers of 2 for evacuation
[2026-07-01T02:28:54.491+0000][31.262s][info][gc,phases   ] GC(50)   Pre Evacuate Collection Set: 0.25ms
[2026-07-01T02:28:54.491+0000][31.262s][info][gc,phases   ] GC(50)   Merge Heap Roots: 0.40ms
[2026-07-01T02:28:54.491+0000][31.262s][info][gc,phases   ] GC(50)   Evacuate Collection Set: 12.63ms
[2026-07-01T02:28:54.491+0000][31.262s][info][gc,phases   ] GC(50)   Post Evacuate Collection Set: 0.54ms
[2026-07-01T02:28:54.491+0000][31.262s][info][gc,phases   ] GC(50)   Other: 0.06ms
[2026-07-01T02:28:54.491+0000][31.262s][info][gc,heap     ] GC(50) Eden regions: 129->0(129)
[2026-07-01T02:28:54.491+0000][31.262s][info][gc,heap     ] GC(50) Survivor regions: 8->8(18)
[2026-07-01T02:28:54.491+0000][31.262s][info][gc,heap     ] GC(50) Old regions: 154->154
[2026-07-01T02:28:54.491+0000][31.262s][info][gc,heap     ] GC(50) Humongous regions: 3->3
[2026-07-01T02:28:54.491+0000][31.262s][info][gc,metaspace] GC(50) Metaspace: 41631K(42496K)->41631K(42496K) NonClass: 36493K(36928K)->36493K(36928K) Class: 5138K(5568K)->5138K(5568K)
[2026-07-01T02:28:54.491+0000][31.262s][info][gc          ] GC(50) Pause Young (Prepare Mixed) (G1 Evacuation Pause) 292M->163M(310M) 14.030ms
[2026-07-01T02:28:54.491+0000][31.262s][info][gc,cpu      ] GC(50) User=0.03s Sys=0.00s Real=0.02s
[2026-07-01T02:28:55.599+0000][32.370s][info][gc,start    ] GC(51) Pause Young (Mixed) (G1 Evacuation Pause)
[2026-07-01T02:28:55.599+0000][32.370s][info][gc,task     ] GC(51) Using 2 workers of 2 for evacuation
[2026-07-01T02:28:55.614+0000][32.384s][info][gc,phases   ] GC(51)   Pre Evacuate Collection Set: 0.12ms
[2026-07-01T02:28:55.614+0000][32.385s][info][gc,phases   ] GC(51)   Merge Heap Roots: 0.24ms
[2026-07-01T02:28:55.614+0000][32.385s][info][gc,phases   ] GC(51)   Evacuate Collection Set: 12.77ms
[2026-07-01T02:28:55.614+0000][32.385s][info][gc,phases   ] GC(51)   Post Evacuate Collection Set: 1.40ms
[2026-07-01T02:28:55.614+0000][32.385s][info][gc,phases   ] GC(51)   Other: 0.08ms
[2026-07-01T02:28:55.614+0000][32.385s][info][gc,heap     ] GC(51) Eden regions: 129->0(307)
[2026-07-01T02:28:55.614+0000][32.385s][info][gc,heap     ] GC(51) Survivor regions: 8->8(18)
[2026-07-01T02:28:55.614+0000][32.385s][info][gc,heap     ] GC(51) Old regions: 154->154
[2026-07-01T02:28:55.614+0000][32.385s][info][gc,heap     ] GC(51) Humongous regions: 3->3
[2026-07-01T02:28:55.614+0000][32.385s][info][gc,metaspace] GC(51) Metaspace: 41631K(42496K)->41631K(42496K) NonClass: 36493K(36928K)->36493K(36928K) Class: 5138K(5568K)->5138K(5568K)
[2026-07-01T02:28:55.614+0000][32.385s][info][gc          ] GC(51) Pause Young (Mixed) (G1 Evacuation Pause) 292M->164M(525M) 14.746ms
[2026-07-01T02:28:55.614+0000][32.385s][info][gc,cpu      ] GC(51) User=0.03s Sys=0.00s Real=0.01s
[2026-07-01T02:28:58.750+0000][35.521s][info][gc,start    ] GC(52) Pause Young (Concurrent Start) (G1 Evacuation Pause)
[2026-07-01T02:28:58.750+0000][35.521s][info][gc,task     ] GC(52) Using 2 workers of 2 for evacuation
[2026-07-01T02:28:58.772+0000][35.542s][info][gc,phases   ] GC(52)   Pre Evacuate Collection Set: 0.31ms
[2026-07-01T02:28:58.772+0000][35.542s][info][gc,phases   ] GC(52)   Merge Heap Roots: 0.56ms
[2026-07-01T02:28:58.772+0000][35.542s][info][gc,phases   ] GC(52)   Evacuate Collection Set: 20.07ms
[2026-07-01T02:28:58.772+0000][35.542s][info][gc,phases   ] GC(52)   Post Evacuate Collection Set: 0.47ms
[2026-07-01T02:28:58.772+0000][35.542s][info][gc,phases   ] GC(52)   Other: 0.14ms
[2026-07-01T02:28:58.772+0000][35.542s][info][gc,heap     ] GC(52) Eden regions: 307->0(307)
[2026-07-01T02:28:58.772+0000][35.542s][info][gc,heap     ] GC(52) Survivor regions: 8->8(40)
[2026-07-01T02:28:58.772+0000][35.542s][info][gc,heap     ] GC(52) Old regions: 154->154
[2026-07-01T02:28:58.772+0000][35.542s][info][gc,heap     ] GC(52) Humongous regions: 3->3
[2026-07-01T02:28:58.772+0000][35.542s][info][gc,metaspace] GC(52) Metaspace: 41634K(42496K)->41634K(42496K) NonClass: 36496K(36928K)->36496K(36928K) Class: 5138K(5568K)->5138K(5568K)
[2026-07-01T02:28:58.772+0000][35.542s][info][gc          ] GC(52) Pause Young (Concurrent Start) (G1 Evacuation Pause) 471M->164M(525M) 21.719ms
[2026-07-01T02:28:58.772+0000][35.542s][info][gc,cpu      ] GC(52) User=0.04s Sys=0.00s Real=0.02s
[2026-07-01T02:28:58.776+0000][35.546s][info][gc          ] GC(53) Concurrent Mark Cycle
[2026-07-01T02:28:58.776+0000][35.546s][info][gc,marking  ] GC(53) Concurrent Scan Root Regions
[2026-07-01T02:28:58.835+0000][35.605s][info][gc,marking  ] GC(53) Concurrent Scan Root Regions 59.279ms
[2026-07-01T02:28:58.835+0000][35.605s][info][gc,marking  ] GC(53) Concurrent Mark
[2026-07-01T02:28:58.835+0000][35.605s][info][gc,marking  ] GC(53) Concurrent Mark From Roots
[2026-07-01T02:28:58.835+0000][35.605s][info][gc,task     ] GC(53) Using 1 workers of 1 for marking
[2026-07-01T02:28:59.403+0000][36.173s][info][gc,marking  ] GC(53) Concurrent Mark From Roots 567.977ms
[2026-07-01T02:28:59.403+0000][36.173s][info][gc,marking  ] GC(53) Concurrent Preclean
[2026-07-01T02:28:59.403+0000][36.174s][info][gc,marking  ] GC(53) Concurrent Preclean 0.192ms
[2026-07-01T02:28:59.404+0000][36.175s][info][gc,start    ] GC(53) Pause Remark
[2026-07-01T02:28:59.412+0000][36.182s][info][gc,heap     ] GC(53) Heap shrink completed: uncommitted 195 regions (195MB), heap size now 330MB
[2026-07-01T02:28:59.412+0000][36.182s][info][gc          ] GC(53) Pause Remark 224M->224M(330M) 7.463ms
[2026-07-01T02:28:59.412+0000][36.182s][info][gc,cpu      ] GC(53) User=0.02s Sys=0.00s Real=0.01s
[2026-07-01T02:28:59.440+0000][36.210s][info][gc,marking  ] GC(53) Concurrent Mark 604.881ms
[2026-07-01T02:28:59.440+0000][36.210s][info][gc,marking  ] GC(53) Concurrent Rebuild Remembered Sets and Scrub Regions
[2026-07-01T02:28:59.669+0000][36.440s][info][gc,marking  ] GC(53) Concurrent Rebuild Remembered Sets and Scrub Regions 229.283ms
[2026-07-01T02:28:59.669+0000][36.440s][info][gc,start    ] GC(53) Pause Cleanup
[2026-07-01T02:28:59.670+0000][36.440s][info][gc          ] GC(53) Pause Cleanup 245M->245M(330M) 0.173ms
[2026-07-01T02:28:59.670+0000][36.440s][info][gc,cpu      ] GC(53) User=0.00s Sys=0.00s Real=0.00s
[2026-07-01T02:28:59.673+0000][36.444s][info][gc,marking  ] GC(53) Concurrent Clear Claimed Marks
[2026-07-01T02:28:59.673+0000][36.444s][info][gc,marking  ] GC(53) Concurrent Clear Claimed Marks 0.120ms
[2026-07-01T02:28:59.673+0000][36.444s][info][gc,marking  ] GC(53) Concurrent Cleanup for Next Mark
[2026-07-01T02:28:59.676+0000][36.446s][info][gc,marking  ] GC(53) Concurrent Cleanup for Next Mark 2.333ms
[2026-07-01T02:28:59.676+0000][36.446s][info][gc          ] GC(53) Concurrent Mark Cycle 900.090ms
[2026-07-01T02:29:00.393+0000][37.163s][info][gc,start    ] GC(54) Pause Young (Prepare Mixed) (G1 Evacuation Pause)
[2026-07-01T02:29:00.393+0000][37.163s][info][gc,task     ] GC(54) Using 2 workers of 2 for evacuation
[2026-07-01T02:29:00.437+0000][37.207s][info][gc,phases   ] GC(54)   Pre Evacuate Collection Set: 0.17ms
[2026-07-01T02:29:00.437+0000][37.207s][info][gc,phases   ] GC(54)   Merge Heap Roots: 0.50ms
[2026-07-01T02:29:00.437+0000][37.207s][info][gc,phases   ] GC(54)   Evacuate Collection Set: 42.48ms
[2026-07-01T02:29:00.437+0000][37.207s][info][gc,phases   ] GC(54)   Post Evacuate Collection Set: 0.75ms
[2026-07-01T02:29:00.437+0000][37.207s][info][gc,phases   ] GC(54)   Other: 0.06ms
[2026-07-01T02:29:00.437+0000][37.207s][info][gc,heap     ] GC(54) Eden regions: 165->0(156)
[2026-07-01T02:29:00.437+0000][37.207s][info][gc,heap     ] GC(54) Survivor regions: 8->9(25)
[2026-07-01T02:29:00.437+0000][37.207s][info][gc,heap     ] GC(54) Old regions: 154->155
[2026-07-01T02:29:00.437+0000][37.207s][info][gc,heap     ] GC(54) Humongous regions: 3->3
[2026-07-01T02:29:00.437+0000][37.207s][info][gc,metaspace] GC(54) Metaspace: 41636K(42496K)->41636K(42496K) NonClass: 36497K(36928K)->36497K(36928K) Class: 5138K(5568K)->5138K(5568K)
[2026-07-01T02:29:00.437+0000][37.208s][info][gc          ] GC(54) Pause Young (Prepare Mixed) (G1 Evacuation Pause) 329M->165M(340M) 44.205ms
[2026-07-01T02:29:00.437+0000][37.208s][info][gc,cpu      ] GC(54) User=0.07s Sys=0.00s Real=0.04s
[2026-07-01T02:29:01.700+0000][38.470s][info][gc,start    ] GC(55) Pause Young (Mixed) (G1 Evacuation Pause)
[2026-07-01T02:29:01.700+0000][38.470s][info][gc,task     ] GC(55) Using 2 workers of 2 for evacuation
[2026-07-01T02:29:01.716+0000][38.486s][info][gc,phases   ] GC(55)   Pre Evacuate Collection Set: 0.36ms
[2026-07-01T02:29:01.716+0000][38.486s][info][gc,phases   ] GC(55)   Merge Heap Roots: 0.27ms
[2026-07-01T02:29:01.716+0000][38.486s][info][gc,phases   ] GC(55)   Evacuate Collection Set: 15.16ms
[2026-07-01T02:29:01.716+0000][38.486s][info][gc,phases   ] GC(55)   Post Evacuate Collection Set: 0.45ms
[2026-07-01T02:29:01.716+0000][38.486s][info][gc,phases   ] GC(55)   Other: 0.04ms
[2026-07-01T02:29:01.716+0000][38.486s][info][gc,heap     ] GC(55) Eden regions: 156->0(157)
[2026-07-01T02:29:01.716+0000][38.486s][info][gc,heap     ] GC(55) Survivor regions: 9->9(21)
[2026-07-01T02:29:01.716+0000][38.486s][info][gc,heap     ] GC(55) Old regions: 155->154
[2026-07-01T02:29:01.716+0000][38.486s][info][gc,heap     ] GC(55) Humongous regions: 3->3
[2026-07-01T02:29:01.716+0000][38.487s][info][gc,metaspace] GC(55) Metaspace: 41636K(42496K)->41636K(42496K) NonClass: 36497K(36928K)->36497K(36928K) Class: 5138K(5568K)->5138K(5568K)
[2026-07-01T02:29:01.716+0000][38.487s][info][gc          ] GC(55) Pause Young (Mixed) (G1 Evacuation Pause) 321M->165M(340M) 16.451ms
[2026-07-01T02:29:01.716+0000][38.487s][info][gc,cpu      ] GC(55) User=0.04s Sys=0.01s Real=0.01s
[2026-07-01T02:29:02.982+0000][39.752s][info][gc,start    ] GC(56) Pause Young (Concurrent Start) (G1 Evacuation Pause)
[2026-07-01T02:29:02.982+0000][39.752s][info][gc,task     ] GC(56) Using 2 workers of 2 for evacuation
[2026-07-01T02:29:02.998+0000][39.768s][info][gc,phases   ] GC(56)   Pre Evacuate Collection Set: 0.23ms
[2026-07-01T02:29:02.998+0000][39.768s][info][gc,phases   ] GC(56)   Merge Heap Roots: 0.29ms
[2026-07-01T02:29:02.998+0000][39.768s][info][gc,phases   ] GC(56)   Evacuate Collection Set: 14.70ms
[2026-07-01T02:29:02.998+0000][39.768s][info][gc,phases   ] GC(56)   Post Evacuate Collection Set: 0.47ms
[2026-07-01T02:29:02.998+0000][39.768s][info][gc,phases   ] GC(56)   Other: 0.10ms
[2026-07-01T02:29:02.998+0000][39.768s][info][gc,heap     ] GC(56) Eden regions: 157->0(156)
[2026-07-01T02:29:02.998+0000][39.768s][info][gc,heap     ] GC(56) Survivor regions: 9->9(21)
[2026-07-01T02:29:02.998+0000][39.768s][info][gc,heap     ] GC(56) Old regions: 154->155
[2026-07-01T02:29:02.998+0000][39.768s][info][gc,heap     ] GC(56) Humongous regions: 3->3
[2026-07-01T02:29:02.998+0000][39.768s][info][gc,metaspace] GC(56) Metaspace: 41637K(42496K)->41637K(42496K) NonClass: 36498K(36928K)->36498K(36928K) Class: 5138K(5568K)->5138K(5568K)
[2026-07-01T02:29:02.998+0000][39.768s][info][gc          ] GC(56) Pause Young (Concurrent Start) (G1 Evacuation Pause) 322M->165M(340M) 15.928ms
[2026-07-01T02:29:02.998+0000][39.768s][info][gc,cpu      ] GC(56) User=0.04s Sys=0.00s Real=0.01s
[2026-07-01T02:29:02.998+0000][39.768s][info][gc          ] GC(57) Concurrent Mark Cycle
[2026-07-01T02:29:02.998+0000][39.768s][info][gc,marking  ] GC(57) Concurrent Scan Root Regions
[2026-07-01T02:29:03.037+0000][39.808s][info][gc,marking  ] GC(57) Concurrent Scan Root Regions 39.534ms
[2026-07-01T02:29:03.037+0000][39.808s][info][gc,marking  ] GC(57) Concurrent Mark
[2026-07-01T02:29:03.037+0000][39.808s][info][gc,marking  ] GC(57) Concurrent Mark From Roots
[2026-07-01T02:29:03.037+0000][39.808s][info][gc,task     ] GC(57) Using 1 workers of 1 for marking
[2026-07-01T02:29:03.556+0000][40.326s][info][gc,marking  ] GC(57) Concurrent Mark From Roots 518.095ms
[2026-07-01T02:29:03.556+0000][40.326s][info][gc,marking  ] GC(57) Concurrent Preclean
[2026-07-01T02:29:03.556+0000][40.326s][info][gc,marking  ] GC(57) Concurrent Preclean 0.224ms
[2026-07-01T02:29:03.556+0000][40.327s][info][gc,start    ] GC(57) Pause Remark
[2026-07-01T02:29:03.566+0000][40.336s][info][gc,heap     ] GC(57) Heap shrink completed: uncommitted 6 regions (6MB), heap size now 334MB
[2026-07-01T02:29:03.566+0000][40.336s][info][gc          ] GC(57) Pause Remark 213M->213M(334M) 9.731ms
[2026-07-01T02:29:03.566+0000][40.336s][info][gc,cpu      ] GC(57) User=0.03s Sys=0.00s Real=0.01s
[2026-07-01T02:29:03.569+0000][40.339s][info][gc,marking  ] GC(57) Concurrent Mark 531.227ms
[2026-07-01T02:29:03.569+0000][40.339s][info][gc,marking  ] GC(57) Concurrent Rebuild Remembered Sets and Scrub Regions
[2026-07-01T02:29:03.739+0000][40.509s][info][gc,marking  ] GC(57) Concurrent Rebuild Remembered Sets and Scrub Regions 169.863ms
[2026-07-01T02:29:03.739+0000][40.509s][info][gc,start    ] GC(57) Pause Cleanup
[2026-07-01T02:29:03.739+0000][40.510s][info][gc          ] GC(57) Pause Cleanup 221M->221M(334M) 0.348ms
[2026-07-01T02:29:03.739+0000][40.510s][info][gc,cpu      ] GC(57) User=0.01s Sys=0.00s Real=0.00s
[2026-07-01T02:29:03.739+0000][40.510s][info][gc,marking  ] GC(57) Concurrent Clear Claimed Marks
[2026-07-01T02:29:03.739+0000][40.510s][info][gc,marking  ] GC(57) Concurrent Clear Claimed Marks 0.097ms
[2026-07-01T02:29:03.739+0000][40.510s][info][gc,marking  ] GC(57) Concurrent Cleanup for Next Mark
[2026-07-01T02:29:03.741+0000][40.511s][info][gc,marking  ] GC(57) Concurrent Cleanup for Next Mark 1.245ms
[2026-07-01T02:29:03.741+0000][40.511s][info][gc          ] GC(57) Concurrent Mark Cycle 742.777ms
[2026-07-01T02:29:04.471+0000][41.241s][info][gc,start    ] GC(58) Pause Young (Prepare Mixed) (G1 Evacuation Pause)
[2026-07-01T02:29:04.471+0000][41.241s][info][gc,task     ] GC(58) Using 2 workers of 2 for evacuation
[2026-07-01T02:29:04.492+0000][41.263s][info][gc,phases   ] GC(58)   Pre Evacuate Collection Set: 0.22ms
[2026-07-01T02:29:04.493+0000][41.263s][info][gc,phases   ] GC(58)   Merge Heap Roots: 0.67ms
[2026-07-01T02:29:04.493+0000][41.263s][info][gc,phases   ] GC(58)   Evacuate Collection Set: 20.13ms
[2026-07-01T02:29:04.493+0000][41.263s][info][gc,phases   ] GC(58)   Post Evacuate Collection Set: 0.50ms
[2026-07-01T02:29:04.493+0000][41.263s][info][gc,phases   ] GC(58)   Other: 0.07ms
[2026-07-01T02:29:04.493+0000][41.263s][info][gc,heap     ] GC(58) Eden regions: 155->0(147)
[2026-07-01T02:29:04.493+0000][41.263s][info][gc,heap     ] GC(58) Survivor regions: 9->10(21)
[2026-07-01T02:29:04.493+0000][41.263s][info][gc,heap     ] GC(58) Old regions: 155->156
[2026-07-01T02:29:04.493+0000][41.263s][info][gc,heap     ] GC(58) Humongous regions: 3->3
[2026-07-01T02:29:04.493+0000][41.263s][info][gc,metaspace] GC(58) Metaspace: 41638K(42496K)->41638K(42496K) NonClass: 36499K(36928K)->36499K(36928K) Class: 5138K(5568K)->5138K(5568K)
[2026-07-01T02:29:04.493+0000][41.263s][info][gc          ] GC(58) Pause Young (Prepare Mixed) (G1 Evacuation Pause) 320M->167M(334M) 21.763ms
[2026-07-01T02:29:04.493+0000][41.263s][info][gc,cpu      ] GC(58) User=0.04s Sys=0.00s Real=0.02s
[2026-07-01T02:29:05.989+0000][42.760s][info][gc,start    ] GC(59) Pause Young (Mixed) (G1 Evacuation Pause)
[2026-07-01T02:29:05.989+0000][42.760s][info][gc,task     ] GC(59) Using 2 workers of 2 for evacuation
[2026-07-01T02:29:06.007+0000][42.777s][info][gc,phases   ] GC(59)   Pre Evacuate Collection Set: 0.18ms
[2026-07-01T02:29:06.007+0000][42.777s][info][gc,phases   ] GC(59)   Merge Heap Roots: 0.50ms
[2026-07-01T02:29:06.007+0000][42.777s][info][gc,phases   ] GC(59)   Evacuate Collection Set: 16.30ms
[2026-07-01T02:29:06.007+0000][42.777s][info][gc,phases   ] GC(59)   Post Evacuate Collection Set: 0.46ms
[2026-07-01T02:29:06.007+0000][42.777s][info][gc,phases   ] GC(59)   Other: 0.07ms
[2026-07-01T02:29:06.007+0000][42.777s][info][gc,heap     ] GC(59) Eden regions: 147->0(148)
[2026-07-01T02:29:06.007+0000][42.777s][info][gc,heap     ] GC(59) Survivor regions: 10->10(20)
[2026-07-01T02:29:06.007+0000][42.777s][info][gc,heap     ] GC(59) Old regions: 156->155
[2026-07-01T02:29:06.007+0000][42.777s][info][gc,heap     ] GC(59) Humongous regions: 3->3
[2026-07-01T02:29:06.007+0000][42.777s][info][gc,metaspace] GC(59) Metaspace: 41638K(42496K)->41638K(42496K) NonClass: 36499K(36928K)->36499K(36928K) Class: 5138K(5568K)->5138K(5568K)
[2026-07-01T02:29:06.007+0000][42.777s][info][gc          ] GC(59) Pause Young (Mixed) (G1 Evacuation Pause) 314M->167M(334M) 17.678ms
[2026-07-01T02:29:06.007+0000][42.777s][info][gc,cpu      ] GC(59) User=0.04s Sys=0.00s Real=0.01s
[2026-07-01T02:29:07.011+0000][43.781s][info][gc,start    ] GC(60) Pause Young (Concurrent Start) (G1 Evacuation Pause)
[2026-07-01T02:29:07.011+0000][43.781s][info][gc,task     ] GC(60) Using 2 workers of 2 for evacuation
[2026-07-01T02:29:07.028+0000][43.798s][info][gc,phases   ] GC(60)   Pre Evacuate Collection Set: 0.26ms
[2026-07-01T02:29:07.028+0000][43.798s][info][gc,phases   ] GC(60)   Merge Heap Roots: 0.63ms
[2026-07-01T02:29:07.028+0000][43.798s][info][gc,phases   ] GC(60)   Evacuate Collection Set: 15.26ms
[2026-07-01T02:29:07.028+0000][43.798s][info][gc,phases   ] GC(60)   Post Evacuate Collection Set: 0.40ms
[2026-07-01T02:29:07.028+0000][43.798s][info][gc,phases   ] GC(60)   Other: 0.10ms
[2026-07-01T02:29:07.028+0000][43.798s][info][gc,heap     ] GC(60) Eden regions: 148->0(148)
[2026-07-01T02:29:07.028+0000][43.798s][info][gc,heap     ] GC(60) Survivor regions: 10->9(20)
[2026-07-01T02:29:07.028+0000][43.798s][info][gc,heap     ] GC(60) Old regions: 155->156
[2026-07-01T02:29:07.028+0000][43.798s][info][gc,heap     ] GC(60) Humongous regions: 3->3
[2026-07-01T02:29:07.028+0000][43.798s][info][gc,metaspace] GC(60) Metaspace: 41638K(42496K)->41638K(42496K) NonClass: 36500K(36928K)->36500K(36928K) Class: 5138K(5568K)->5138K(5568K)
[2026-07-01T02:29:07.028+0000][43.798s][info][gc          ] GC(60) Pause Young (Concurrent Start) (G1 Evacuation Pause) 315M->167M(334M) 16.823ms
[2026-07-01T02:29:07.028+0000][43.798s][info][gc          ] GC(61) Concurrent Mark Cycle
[2026-07-01T02:29:07.028+0000][43.798s][info][gc,marking  ] GC(61) Concurrent Scan Root Regions
[2026-07-01T02:29:07.028+0000][43.798s][info][gc,cpu      ] GC(60) User=0.04s Sys=0.00s Real=0.01s
[2026-07-01T02:29:07.083+0000][43.854s][info][gc,marking  ] GC(61) Concurrent Scan Root Regions 55.716ms
[2026-07-01T02:29:07.084+0000][43.854s][info][gc,marking  ] GC(61) Concurrent Mark
[2026-07-01T02:29:07.084+0000][43.854s][info][gc,marking  ] GC(61) Concurrent Mark From Roots
[2026-07-01T02:29:07.084+0000][43.854s][info][gc,task     ] GC(61) Using 1 workers of 1 for marking
[2026-07-01T02:29:07.701+0000][44.471s][info][gc,marking  ] GC(61) Concurrent Mark From Roots 617.083ms
[2026-07-01T02:29:07.701+0000][44.471s][info][gc,marking  ] GC(61) Concurrent Preclean
[2026-07-01T02:29:07.701+0000][44.471s][info][gc,marking  ] GC(61) Concurrent Preclean 0.132ms
[2026-07-01T02:29:07.701+0000][44.471s][info][gc,start    ] GC(61) Pause Remark
[2026-07-01T02:29:07.710+0000][44.480s][info][gc          ] GC(61) Pause Remark 227M->227M(334M) 8.513ms
[2026-07-01T02:29:07.710+0000][44.480s][info][gc,cpu      ] GC(61) User=0.02s Sys=0.00s Real=0.01s
[2026-07-01T02:29:07.712+0000][44.482s][info][gc,marking  ] GC(61) Concurrent Mark 628.241ms
[2026-07-01T02:29:07.712+0000][44.482s][info][gc,marking  ] GC(61) Concurrent Rebuild Remembered Sets and Scrub Regions
[2026-07-01T02:29:07.892+0000][44.663s][info][gc,marking  ] GC(61) Concurrent Rebuild Remembered Sets and Scrub Regions 180.356ms
[2026-07-01T02:29:07.892+0000][44.663s][info][gc,start    ] GC(61) Pause Cleanup
[2026-07-01T02:29:07.893+0000][44.663s][info][gc          ] GC(61) Pause Cleanup 240M->240M(334M) 0.181ms
[2026-07-01T02:29:07.893+0000][44.663s][info][gc,cpu      ] GC(61) User=0.00s Sys=0.00s Real=0.00s
[2026-07-01T02:29:07.893+0000][44.664s][info][gc,marking  ] GC(61) Concurrent Clear Claimed Marks
[2026-07-01T02:29:07.893+0000][44.664s][info][gc,marking  ] GC(61) Concurrent Clear Claimed Marks 0.092ms
[2026-07-01T02:29:07.893+0000][44.664s][info][gc,marking  ] GC(61) Concurrent Cleanup for Next Mark
[2026-07-01T02:29:07.894+0000][44.664s][info][gc,marking  ] GC(61) Concurrent Cleanup for Next Mark 0.756ms
[2026-07-01T02:29:07.894+0000][44.664s][info][gc          ] GC(61) Concurrent Mark Cycle 866.278ms
[2026-07-01T02:29:08.671+0000][45.442s][info][gc,start    ] GC(62) Pause Young (Prepare Mixed) (G1 Evacuation Pause)
[2026-07-01T02:29:08.672+0000][45.442s][info][gc,task     ] GC(62) Using 2 workers of 2 for evacuation
[2026-07-01T02:29:08.688+0000][45.458s][info][gc,phases   ] GC(62)   Pre Evacuate Collection Set: 0.19ms
[2026-07-01T02:29:08.688+0000][45.459s][info][gc,phases   ] GC(62)   Merge Heap Roots: 0.91ms
[2026-07-01T02:29:08.688+0000][45.459s][info][gc,phases   ] GC(62)   Evacuate Collection Set: 14.77ms
[2026-07-01T02:29:08.688+0000][45.459s][info][gc,phases   ] GC(62)   Post Evacuate Collection Set: 0.61ms
[2026-07-01T02:29:08.688+0000][45.459s][info][gc,phases   ] GC(62)   Other: 0.06ms
[2026-07-01T02:29:08.688+0000][45.459s][info][gc,heap     ] GC(62) Eden regions: 148->0(148)
[2026-07-01T02:29:08.688+0000][45.459s][info][gc,heap     ] GC(62) Survivor regions: 9->9(20)
[2026-07-01T02:29:08.688+0000][45.459s][info][gc,heap     ] GC(62) Old regions: 156->156
[2026-07-01T02:29:08.688+0000][45.459s][info][gc,heap     ] GC(62) Humongous regions: 3->3
[2026-07-01T02:29:08.688+0000][45.459s][info][gc,metaspace] GC(62) Metaspace: 41640K(42496K)->41640K(42496K) NonClass: 36501K(36928K)->36501K(36928K) Class: 5139K(5568K)->5139K(5568K)
[2026-07-01T02:29:08.688+0000][45.459s][info][gc          ] GC(62) Pause Young (Prepare Mixed) (G1 Evacuation Pause) 315M->167M(334M) 16.681ms
[2026-07-01T02:29:08.688+0000][45.459s][info][gc,cpu      ] GC(62) User=0.03s Sys=0.00s Real=0.02s
[2026-07-01T02:29:09.621+0000][46.391s][info][gc,start    ] GC(63) Pause Young (Mixed) (G1 Evacuation Pause)
[2026-07-01T02:29:09.621+0000][46.391s][info][gc,task     ] GC(63) Using 2 workers of 2 for evacuation
[2026-07-01T02:29:09.644+0000][46.414s][info][gc,phases   ] GC(63)   Pre Evacuate Collection Set: 1.17ms
[2026-07-01T02:29:09.644+0000][46.414s][info][gc,phases   ] GC(63)   Merge Heap Roots: 0.31ms
[2026-07-01T02:29:09.644+0000][46.414s][info][gc,phases   ] GC(63)   Evacuate Collection Set: 20.66ms
[2026-07-01T02:29:09.644+0000][46.414s][info][gc,phases   ] GC(63)   Post Evacuate Collection Set: 0.58ms
[2026-07-01T02:29:09.644+0000][46.414s][info][gc,phases   ] GC(63)   Other: 0.05ms
[2026-07-01T02:29:09.644+0000][46.414s][info][gc,heap     ] GC(63) Eden regions: 148->0(147)
[2026-07-01T02:29:09.644+0000][46.414s][info][gc,heap     ] GC(63) Survivor regions: 9->10(20)
[2026-07-01T02:29:09.644+0000][46.414s][info][gc,heap     ] GC(63) Old regions: 156->156
[2026-07-01T02:29:09.644+0000][46.414s][info][gc,heap     ] GC(63) Humongous regions: 3->3
[2026-07-01T02:29:09.644+0000][46.414s][info][gc,metaspace] GC(63) Metaspace: 41640K(42496K)->41640K(42496K) NonClass: 36501K(36928K)->36501K(36928K) Class: 5139K(5568K)->5139K(5568K)
[2026-07-01T02:29:09.644+0000][46.414s][info][gc          ] GC(63) Pause Young (Mixed) (G1 Evacuation Pause) 315M->168M(334M) 22.933ms
[2026-07-01T02:29:09.644+0000][46.414s][info][gc,cpu      ] GC(63) User=0.04s Sys=0.00s Real=0.02s
[2026-07-01T02:29:10.833+0000][47.603s][info][gc,start    ] GC(64) Pause Young (Concurrent Start) (G1 Evacuation Pause)
[2026-07-01T02:29:10.833+0000][47.603s][info][gc,task     ] GC(64) Using 2 workers of 2 for evacuation
[2026-07-01T02:29:10.861+0000][47.631s][info][gc,phases   ] GC(64)   Pre Evacuate Collection Set: 0.22ms
[2026-07-01T02:29:10.861+0000][47.631s][info][gc,phases   ] GC(64)   Merge Heap Roots: 0.37ms
[2026-07-01T02:29:10.861+0000][47.631s][info][gc,phases   ] GC(64)   Evacuate Collection Set: 26.48ms
[2026-07-01T02:29:10.861+0000][47.631s][info][gc,phases   ] GC(64)   Post Evacuate Collection Set: 0.65ms
[2026-07-01T02:29:10.861+0000][47.631s][info][gc,phases   ] GC(64)   Other: 0.09ms
[2026-07-01T02:29:10.861+0000][47.631s][info][gc,heap     ] GC(64) Eden regions: 147->0(146)
[2026-07-01T02:29:10.861+0000][47.631s][info][gc,heap     ] GC(64) Survivor regions: 10->10(20)
[2026-07-01T02:29:10.861+0000][47.631s][info][gc,heap     ] GC(64) Old regions: 156->157
[2026-07-01T02:29:10.861+0000][47.631s][info][gc,heap     ] GC(64) Humongous regions: 3->3
[2026-07-01T02:29:10.861+0000][47.631s][info][gc,metaspace] GC(64) Metaspace: 41641K(42496K)->41641K(42496K) NonClass: 36502K(36928K)->36502K(36928K) Class: 5139K(5568K)->5139K(5568K)
[2026-07-01T02:29:10.861+0000][47.631s][info][gc          ] GC(64) Pause Young (Concurrent Start) (G1 Evacuation Pause) 315M->168M(334M) 28.005ms
[2026-07-01T02:29:10.861+0000][47.631s][info][gc          ] GC(65) Concurrent Mark Cycle
[2026-07-01T02:29:10.861+0000][47.631s][info][gc,marking  ] GC(65) Concurrent Scan Root Regions
[2026-07-01T02:29:10.861+0000][47.631s][info][gc,cpu      ] GC(64) User=0.06s Sys=0.00s Real=0.03s
[2026-07-01T02:29:10.888+0000][47.658s][info][gc,marking  ] GC(65) Concurrent Scan Root Regions 26.785ms
[2026-07-01T02:29:10.888+0000][47.658s][info][gc,marking  ] GC(65) Concurrent Mark
[2026-07-01T02:29:10.888+0000][47.658s][info][gc,marking  ] GC(65) Concurrent Mark From Roots
[2026-07-01T02:29:10.888+0000][47.658s][info][gc,task     ] GC(65) Using 1 workers of 1 for marking
[2026-07-01T02:29:11.398+0000][48.168s][info][gc,marking  ] GC(65) Concurrent Mark From Roots 509.903ms
[2026-07-01T02:29:11.398+0000][48.168s][info][gc,marking  ] GC(65) Concurrent Preclean
[2026-07-01T02:29:11.398+0000][48.168s][info][gc,marking  ] GC(65) Concurrent Preclean 0.220ms
[2026-07-01T02:29:11.398+0000][48.169s][info][gc,start    ] GC(65) Pause Remark
[2026-07-01T02:29:11.407+0000][48.177s][info][gc          ] GC(65) Pause Remark 215M->215M(334M) 8.809ms
[2026-07-01T02:29:11.407+0000][48.178s][info][gc,cpu      ] GC(65) User=0.02s Sys=0.00s Real=0.00s
[2026-07-01T02:29:11.414+0000][48.185s][info][gc,marking  ] GC(65) Concurrent Mark 526.602ms
[2026-07-01T02:29:11.414+0000][48.185s][info][gc,marking  ] GC(65) Concurrent Rebuild Remembered Sets and Scrub Regions
[2026-07-01T02:29:11.579+0000][48.350s][info][gc,marking  ] GC(65) Concurrent Rebuild Remembered Sets and Scrub Regions 164.629ms
[2026-07-01T02:29:11.580+0000][48.350s][info][gc,start    ] GC(65) Pause Cleanup
[2026-07-01T02:29:11.580+0000][48.350s][info][gc          ] GC(65) Pause Cleanup 227M->227M(334M) 0.161ms
[2026-07-01T02:29:11.580+0000][48.350s][info][gc,cpu      ] GC(65) User=0.00s Sys=0.00s Real=0.00s
[2026-07-01T02:29:11.584+0000][48.354s][info][gc,marking  ] GC(65) Concurrent Clear Claimed Marks
[2026-07-01T02:29:11.584+0000][48.354s][info][gc,marking  ] GC(65) Concurrent Clear Claimed Marks 0.107ms
[2026-07-01T02:29:11.584+0000][48.354s][info][gc,marking  ] GC(65) Concurrent Cleanup for Next Mark
[2026-07-01T02:29:11.587+0000][48.357s][info][gc,marking  ] GC(65) Concurrent Cleanup for Next Mark 3.412ms
[2026-07-01T02:29:11.587+0000][48.358s][info][gc          ] GC(65) Concurrent Mark Cycle 726.158ms
[2026-07-01T02:29:12.226+0000][48.996s][info][gc,start    ] GC(66) Pause Young (Prepare Mixed) (G1 Evacuation Pause)
[2026-07-01T02:29:12.226+0000][48.996s][info][gc,task     ] GC(66) Using 2 workers of 2 for evacuation
[2026-07-01T02:29:12.250+0000][49.020s][info][gc,phases   ] GC(66)   Pre Evacuate Collection Set: 0.20ms
[2026-07-01T02:29:12.250+0000][49.020s][info][gc,phases   ] GC(66)   Merge Heap Roots: 0.58ms
[2026-07-01T02:29:12.250+0000][49.020s][info][gc,phases   ] GC(66)   Evacuate Collection Set: 22.40ms
[2026-07-01T02:29:12.250+0000][49.020s][info][gc,phases   ] GC(66)   Post Evacuate Collection Set: 0.49ms
[2026-07-01T02:29:12.250+0000][49.020s][info][gc,phases   ] GC(66)   Other: 0.06ms
[2026-07-01T02:29:12.250+0000][49.020s][info][gc,heap     ] GC(66) Eden regions: 146->0(146)
[2026-07-01T02:29:12.250+0000][49.020s][info][gc,heap     ] GC(66) Survivor regions: 10->10(20)
[2026-07-01T02:29:12.250+0000][49.020s][info][gc,heap     ] GC(66) Old regions: 157->157
[2026-07-01T02:29:12.250+0000][49.020s][info][gc,heap     ] GC(66) Humongous regions: 3->3
[2026-07-01T02:29:12.250+0000][49.020s][info][gc,metaspace] GC(66) Metaspace: 41644K(42496K)->41644K(42496K) NonClass: 36504K(36928K)->36504K(36928K) Class: 5139K(5568K)->5139K(5568K)
[2026-07-01T02:29:12.250+0000][49.020s][info][gc          ] GC(66) Pause Young (Prepare Mixed) (G1 Evacuation Pause) 314M->169M(334M) 23.891ms
[2026-07-01T02:29:12.250+0000][49.020s][info][gc,cpu      ] GC(66) User=0.04s Sys=0.00s Real=0.03s
[2026-07-01T02:29:13.205+0000][49.975s][info][gc,start    ] GC(67) Pause Young (Mixed) (G1 Evacuation Pause)
[2026-07-01T02:29:13.205+0000][49.975s][info][gc,task     ] GC(67) Using 2 workers of 2 for evacuation
[2026-07-01T02:29:13.221+0000][49.992s][info][gc,phases   ] GC(67)   Pre Evacuate Collection Set: 0.15ms
[2026-07-01T02:29:13.221+0000][49.992s][info][gc,phases   ] GC(67)   Merge Heap Roots: 0.32ms
[2026-07-01T02:29:13.221+0000][49.992s][info][gc,phases   ] GC(67)   Evacuate Collection Set: 15.46ms
[2026-07-01T02:29:13.221+0000][49.992s][info][gc,phases   ] GC(67)   Post Evacuate Collection Set: 0.46ms
[2026-07-01T02:29:13.221+0000][49.992s][info][gc,phases   ] GC(67)   Other: 0.05ms
[2026-07-01T02:29:13.221+0000][49.992s][info][gc,heap     ] GC(67) Eden regions: 146->0(145)
[2026-07-01T02:29:13.221+0000][49.992s][info][gc,heap     ] GC(67) Survivor regions: 10->10(20)
[2026-07-01T02:29:13.221+0000][49.992s][info][gc,heap     ] GC(67) Old regions: 157->158
[2026-07-01T02:29:13.221+0000][49.992s][info][gc,heap     ] GC(67) Humongous regions: 3->3
[2026-07-01T02:29:13.221+0000][49.992s][info][gc,metaspace] GC(67) Metaspace: 41646K(42560K)->41646K(42560K) NonClass: 36506K(36992K)->36506K(36992K) Class: 5139K(5568K)->5139K(5568K)
[2026-07-01T02:29:13.221+0000][49.992s][info][gc          ] GC(67) Pause Young (Mixed) (G1 Evacuation Pause) 315M->169M(334M) 16.606ms
[2026-07-01T02:29:13.221+0000][49.992s][info][gc,cpu      ] GC(67) User=0.03s Sys=0.00s Real=0.02s
[2026-07-01T02:29:14.137+0000][50.908s][info][gc,start    ] GC(68) Pause Young (Concurrent Start) (G1 Evacuation Pause)
[2026-07-01T02:29:14.137+0000][50.908s][info][gc,task     ] GC(68) Using 2 workers of 2 for evacuation
[2026-07-01T02:29:14.159+0000][50.930s][info][gc,phases   ] GC(68)   Pre Evacuate Collection Set: 0.22ms
[2026-07-01T02:29:14.159+0000][50.930s][info][gc,phases   ] GC(68)   Merge Heap Roots: 0.50ms
[2026-07-01T02:29:14.159+0000][50.930s][info][gc,phases   ] GC(68)   Evacuate Collection Set: 20.75ms
[2026-07-01T02:29:14.159+0000][50.930s][info][gc,phases   ] GC(68)   Post Evacuate Collection Set: 0.46ms
[2026-07-01T02:29:14.159+0000][50.930s][info][gc,phases   ] GC(68)   Other: 0.09ms
[2026-07-01T02:29:14.159+0000][50.930s][info][gc,heap     ] GC(68) Eden regions: 145->0(145)
[2026-07-01T02:29:14.159+0000][50.930s][info][gc,heap     ] GC(68) Survivor regions: 10->10(20)
[2026-07-01T02:29:14.159+0000][50.930s][info][gc,heap     ] GC(68) Old regions: 158->158
[2026-07-01T02:29:14.159+0000][50.930s][info][gc,heap     ] GC(68) Humongous regions: 3->3
[2026-07-01T02:29:14.159+0000][50.930s][info][gc,metaspace] GC(68) Metaspace: 41650K(42560K)->41650K(42560K) NonClass: 36510K(36992K)->36510K(36992K) Class: 5139K(5568K)->5139K(5568K)
[2026-07-01T02:29:14.159+0000][50.930s][info][gc          ] GC(68) Pause Young (Concurrent Start) (G1 Evacuation Pause) 314M->170M(334M) 22.178ms
[2026-07-01T02:29:14.159+0000][50.930s][info][gc          ] GC(69) Concurrent Mark Cycle
[2026-07-01T02:29:14.159+0000][50.930s][info][gc,cpu      ] GC(68) User=0.04s Sys=0.00s Real=0.03s
[2026-07-01T02:29:14.159+0000][50.930s][info][gc,marking  ] GC(69) Concurrent Scan Root Regions
[2026-07-01T02:29:14.197+0000][50.967s][info][gc,marking  ] GC(69) Concurrent Scan Root Regions 37.322ms
[2026-07-01T02:29:14.197+0000][50.967s][info][gc,marking  ] GC(69) Concurrent Mark
[2026-07-01T02:29:14.197+0000][50.967s][info][gc,marking  ] GC(69) Concurrent Mark From Roots
[2026-07-01T02:29:14.197+0000][50.967s][info][gc,task     ] GC(69) Using 1 workers of 1 for marking
[2026-07-01T02:29:14.753+0000][51.523s][info][gc,marking  ] GC(69) Concurrent Mark From Roots 556.070ms
[2026-07-01T02:29:14.753+0000][51.523s][info][gc,marking  ] GC(69) Concurrent Preclean
[2026-07-01T02:29:14.753+0000][51.524s][info][gc,marking  ] GC(69) Concurrent Preclean 0.163ms
[2026-07-01T02:29:14.754+0000][51.525s][info][gc,start    ] GC(69) Pause Remark
[2026-07-01T02:29:14.763+0000][51.533s][info][gc          ] GC(69) Pause Remark 216M->216M(334M) 8.378ms
[2026-07-01T02:29:14.763+0000][51.533s][info][gc,cpu      ] GC(69) User=0.03s Sys=0.00s Real=0.01s
[2026-07-01T02:29:14.763+0000][51.533s][info][gc,marking  ] GC(69) Concurrent Mark 565.906ms
[2026-07-01T02:29:14.763+0000][51.533s][info][gc,marking  ] GC(69) Concurrent Rebuild Remembered Sets and Scrub Regions
[2026-07-01T02:29:14.911+0000][51.681s][info][gc,marking  ] GC(69) Concurrent Rebuild Remembered Sets and Scrub Regions 147.844ms
[2026-07-01T02:29:14.911+0000][51.681s][info][gc,start    ] GC(69) Pause Cleanup
[2026-07-01T02:29:14.911+0000][51.681s][info][gc          ] GC(69) Pause Cleanup 222M->222M(334M) 0.254ms
[2026-07-01T02:29:14.911+0000][51.681s][info][gc,cpu      ] GC(69) User=0.00s Sys=0.00s Real=0.00s
[2026-07-01T02:29:14.912+0000][51.682s][info][gc,marking  ] GC(69) Concurrent Clear Claimed Marks
[2026-07-01T02:29:14.912+0000][51.683s][info][gc,marking  ] GC(69) Concurrent Clear Claimed Marks 0.095ms
[2026-07-01T02:29:14.912+0000][51.683s][info][gc,marking  ] GC(69) Concurrent Cleanup for Next Mark
[2026-07-01T02:29:14.913+0000][51.683s][info][gc,marking  ] GC(69) Concurrent Cleanup for Next Mark 0.531ms
[2026-07-01T02:29:14.913+0000][51.683s][info][gc          ] GC(69) Concurrent Mark Cycle 753.284ms
[2026-07-01T02:29:15.861+0000][52.631s][info][gc,start    ] GC(70) Pause Young (Prepare Mixed) (G1 Evacuation Pause)
[2026-07-01T02:29:15.861+0000][52.631s][info][gc,task     ] GC(70) Using 2 workers of 2 for evacuation
[2026-07-01T02:29:15.887+0000][52.657s][info][gc,phases   ] GC(70)   Pre Evacuate Collection Set: 0.17ms
[2026-07-01T02:29:15.887+0000][52.657s][info][gc,phases   ] GC(70)   Merge Heap Roots: 1.31ms
[2026-07-01T02:29:15.887+0000][52.657s][info][gc,phases   ] GC(70)   Evacuate Collection Set: 23.34ms
[2026-07-01T02:29:15.887+0000][52.657s][info][gc,phases   ] GC(70)   Post Evacuate Collection Set: 0.87ms
[2026-07-01T02:29:15.887+0000][52.657s][info][gc,phases   ] GC(70)   Other: 0.06ms
[2026-07-01T02:29:15.887+0000][52.657s][info][gc,heap     ] GC(70) Eden regions: 145->0(144)
[2026-07-01T02:29:15.887+0000][52.657s][info][gc,heap     ] GC(70) Survivor regions: 10->10(20)
[2026-07-01T02:29:15.887+0000][52.657s][info][gc,heap     ] GC(70) Old regions: 158->159
[2026-07-01T02:29:15.887+0000][52.657s][info][gc,heap     ] GC(70) Humongous regions: 3->3
[2026-07-01T02:29:15.887+0000][52.657s][info][gc,metaspace] GC(70) Metaspace: 41650K(42560K)->41650K(42560K) NonClass: 36510K(36992K)->36510K(36992K) Class: 5139K(5568K)->5139K(5568K)
[2026-07-01T02:29:15.887+0000][52.657s][info][gc          ] GC(70) Pause Young (Prepare Mixed) (G1 Evacuation Pause) 315M->171M(334M) 25.951ms
[2026-07-01T02:29:15.887+0000][52.657s][info][gc,cpu      ] GC(70) User=0.05s Sys=0.00s Real=0.02s
[2026-07-01T02:29:17.053+0000][53.824s][info][gc,start    ] GC(71) Pause Young (Mixed) (G1 Evacuation Pause)
[2026-07-01T02:29:17.053+0000][53.824s][info][gc,task     ] GC(71) Using 2 workers of 2 for evacuation
[2026-07-01T02:29:17.072+0000][53.842s][info][gc,phases   ] GC(71)   Pre Evacuate Collection Set: 0.19ms
[2026-07-01T02:29:17.072+0000][53.842s][info][gc,phases   ] GC(71)   Merge Heap Roots: 0.62ms
[2026-07-01T02:29:17.072+0000][53.842s][info][gc,phases   ] GC(71)   Evacuate Collection Set: 17.17ms
[2026-07-01T02:29:17.072+0000][53.842s][info][gc,phases   ] GC(71)   Post Evacuate Collection Set: 0.42ms
[2026-07-01T02:29:17.072+0000][53.842s][info][gc,phases   ] GC(71)   Other: 0.07ms
[2026-07-01T02:29:17.072+0000][53.842s][info][gc,heap     ] GC(71) Eden regions: 144->0(144)
[2026-07-01T02:29:17.072+0000][53.842s][info][gc,heap     ] GC(71) Survivor regions: 10->10(20)
[2026-07-01T02:29:17.072+0000][53.842s][info][gc,heap     ] GC(71) Old regions: 159->159
[2026-07-01T02:29:17.072+0000][53.842s][info][gc,heap     ] GC(71) Humongous regions: 3->3
[2026-07-01T02:29:17.072+0000][53.842s][info][gc,metaspace] GC(71) Metaspace: 41650K(42560K)->41650K(42560K) NonClass: 36510K(36992K)->36510K(36992K) Class: 5139K(5568K)->5139K(5568K)
[2026-07-01T02:29:17.072+0000][53.842s][info][gc          ] GC(71) Pause Young (Mixed) (G1 Evacuation Pause) 315M->170M(334M) 18.630ms
[2026-07-01T02:29:17.072+0000][53.842s][info][gc,cpu      ] GC(71) User=0.04s Sys=0.00s Real=0.02s
[2026-07-01T02:29:17.971+0000][54.742s][info][gc,start    ] GC(72) Pause Young (Concurrent Start) (G1 Evacuation Pause)
[2026-07-01T02:29:17.971+0000][54.742s][info][gc,task     ] GC(72) Using 2 workers of 2 for evacuation
[2026-07-01T02:29:17.989+0000][54.759s][info][gc,phases   ] GC(72)   Pre Evacuate Collection Set: 0.18ms
[2026-07-01T02:29:17.989+0000][54.759s][info][gc,phases   ] GC(72)   Merge Heap Roots: 0.27ms
[2026-07-01T02:29:17.989+0000][54.759s][info][gc,phases   ] GC(72)   Evacuate Collection Set: 16.29ms
[2026-07-01T02:29:17.989+0000][54.759s][info][gc,phases   ] GC(72)   Post Evacuate Collection Set: 0.45ms
[2026-07-01T02:29:17.989+0000][54.759s][info][gc,phases   ] GC(72)   Other: 0.08ms
[2026-07-01T02:29:17.989+0000][54.759s][info][gc,heap     ] GC(72) Eden regions: 144->0(144)
[2026-07-01T02:29:17.989+0000][54.759s][info][gc,heap     ] GC(72) Survivor regions: 10->9(20)
[2026-07-01T02:29:17.989+0000][54.759s][info][gc,heap     ] GC(72) Old regions: 159->160
[2026-07-01T02:29:17.989+0000][54.759s][info][gc,heap     ] GC(72) Humongous regions: 3->3
[2026-07-01T02:29:17.989+0000][54.759s][info][gc,metaspace] GC(72) Metaspace: 41650K(42560K)->41650K(42560K) NonClass: 36510K(36992K)->36510K(36992K) Class: 5139K(5568K)->5139K(5568K)
[2026-07-01T02:29:17.989+0000][54.759s][info][gc          ] GC(72) Pause Young (Concurrent Start) (G1 Evacuation Pause) 314M->171M(334M) 17.429ms
[2026-07-01T02:29:17.989+0000][54.759s][info][gc,cpu      ] GC(72) User=0.03s Sys=0.00s Real=0.02s
[2026-07-01T02:29:17.990+0000][54.760s][info][gc          ] GC(73) Concurrent Mark Cycle
[2026-07-01T02:29:17.990+0000][54.761s][info][gc,marking  ] GC(73) Concurrent Scan Root Regions
[2026-07-01T02:29:18.020+0000][54.791s][info][gc,marking  ] GC(73) Concurrent Scan Root Regions 30.366ms
[2026-07-01T02:29:18.021+0000][54.791s][info][gc,marking  ] GC(73) Concurrent Mark
[2026-07-01T02:29:18.021+0000][54.791s][info][gc,marking  ] GC(73) Concurrent Mark From Roots
[2026-07-01T02:29:18.021+0000][54.791s][info][gc,task     ] GC(73) Using 1 workers of 1 for marking
[2026-07-01T02:29:18.640+0000][55.410s][info][gc,marking  ] GC(73) Concurrent Mark From Roots 619.021ms
[2026-07-01T02:29:18.640+0000][55.410s][info][gc,marking  ] GC(73) Concurrent Preclean
[2026-07-01T02:29:18.640+0000][55.410s][info][gc,marking  ] GC(73) Concurrent Preclean 0.205ms
[2026-07-01T02:29:18.640+0000][55.410s][info][gc,start    ] GC(73) Pause Remark
[2026-07-01T02:29:18.647+0000][55.417s][info][gc          ] GC(73) Pause Remark 251M->251M(334M) 6.472ms
[2026-07-01T02:29:18.647+0000][55.417s][info][gc,cpu      ] GC(73) User=0.01s Sys=0.01s Real=0.00s
[2026-07-01T02:29:18.653+0000][55.424s][info][gc,marking  ] GC(73) Concurrent Mark 632.807ms
[2026-07-01T02:29:18.653+0000][55.424s][info][gc,marking  ] GC(73) Concurrent Rebuild Remembered Sets and Scrub Regions
[2026-07-01T02:29:18.841+0000][55.611s][info][gc,marking  ] GC(73) Concurrent Rebuild Remembered Sets and Scrub Regions 187.712ms
[2026-07-01T02:29:18.841+0000][55.612s][info][gc,start    ] GC(73) Pause Cleanup
[2026-07-01T02:29:18.841+0000][55.612s][info][gc          ] GC(73) Pause Cleanup 275M->275M(334M) 0.181ms
[2026-07-01T02:29:18.841+0000][55.612s][info][gc,cpu      ] GC(73) User=0.00s Sys=0.00s Real=0.00s
[2026-07-01T02:29:18.841+0000][55.612s][info][gc,marking  ] GC(73) Concurrent Clear Claimed Marks
[2026-07-01T02:29:18.842+0000][55.612s][info][gc,marking  ] GC(73) Concurrent Clear Claimed Marks 0.080ms
[2026-07-01T02:29:18.842+0000][55.612s][info][gc,marking  ] GC(73) Concurrent Cleanup for Next Mark
[2026-07-01T02:29:18.848+0000][55.618s][info][gc,marking  ] GC(73) Concurrent Cleanup for Next Mark 5.986ms
[2026-07-01T02:29:18.848+0000][55.618s][info][gc          ] GC(73) Concurrent Mark Cycle 857.520ms
[2026-07-01T02:29:19.110+0000][55.881s][info][gc,start    ] GC(74) Pause Young (Prepare Mixed) (G1 Evacuation Pause)
[2026-07-01T02:29:19.110+0000][55.881s][info][gc,task     ] GC(74) Using 2 workers of 2 for evacuation
[2026-07-01T02:29:19.127+0000][55.897s][info][gc,phases   ] GC(74)   Pre Evacuate Collection Set: 0.28ms
[2026-07-01T02:29:19.127+0000][55.897s][info][gc,phases   ] GC(74)   Merge Heap Roots: 0.59ms
[2026-07-01T02:29:19.127+0000][55.897s][info][gc,phases   ] GC(74)   Evacuate Collection Set: 15.05ms
[2026-07-01T02:29:19.127+0000][55.897s][info][gc,phases   ] GC(74)   Post Evacuate Collection Set: 0.52ms
[2026-07-01T02:29:19.127+0000][55.897s][info][gc,phases   ] GC(74)   Other: 0.06ms
[2026-07-01T02:29:19.127+0000][55.897s][info][gc,heap     ] GC(74) Eden regions: 144->0(143)
[2026-07-01T02:29:19.127+0000][55.897s][info][gc,heap     ] GC(74) Survivor regions: 9->10(20)
[2026-07-01T02:29:19.127+0000][55.897s][info][gc,heap     ] GC(74) Old regions: 160->160
[2026-07-01T02:29:19.127+0000][55.897s][info][gc,heap     ] GC(74) Humongous regions: 3->3
[2026-07-01T02:29:19.127+0000][55.897s][info][gc,metaspace] GC(74) Metaspace: 41665K(42560K)->41665K(42560K) NonClass: 36524K(36992K)->36524K(36992K) Class: 5140K(5568K)->5140K(5568K)
[2026-07-01T02:29:19.127+0000][55.897s][info][gc          ] GC(74) Pause Young (Prepare Mixed) (G1 Evacuation Pause) 315M->172M(334M) 16.651ms
[2026-07-01T02:29:19.127+0000][55.897s][info][gc,cpu      ] GC(74) User=0.03s Sys=0.00s Real=0.01s
[2026-07-01T02:29:20.186+0000][56.957s][info][gc,start    ] GC(75) Pause Young (Mixed) (G1 Evacuation Pause)
[2026-07-01T02:29:20.186+0000][56.957s][info][gc,task     ] GC(75) Using 2 workers of 2 for evacuation
[2026-07-01T02:29:20.214+0000][56.985s][info][gc,phases   ] GC(75)   Pre Evacuate Collection Set: 0.17ms
[2026-07-01T02:29:20.214+0000][56.985s][info][gc,phases   ] GC(75)   Merge Heap Roots: 0.39ms
[2026-07-01T02:29:20.214+0000][56.985s][info][gc,phases   ] GC(75)   Evacuate Collection Set: 23.64ms
[2026-07-01T02:29:20.214+0000][56.985s][info][gc,phases   ] GC(75)   Post Evacuate Collection Set: 3.61ms
[2026-07-01T02:29:20.214+0000][56.985s][info][gc,phases   ] GC(75)   Other: 0.06ms
[2026-07-01T02:29:20.214+0000][56.985s][info][gc,heap     ] GC(75) Eden regions: 143->0(143)
[2026-07-01T02:29:20.214+0000][56.985s][info][gc,heap     ] GC(75) Survivor regions: 10->9(20)
[2026-07-01T02:29:20.214+0000][56.985s][info][gc,heap     ] GC(75) Old regions: 160->161
[2026-07-01T02:29:20.214+0000][56.985s][info][gc,heap     ] GC(75) Humongous regions: 3->3
[2026-07-01T02:29:20.214+0000][56.985s][info][gc,metaspace] GC(75) Metaspace: 41667K(42560K)->41667K(42560K) NonClass: 36526K(36992K)->36526K(36992K) Class: 5140K(5568K)->5140K(5568K)
[2026-07-01T02:29:20.214+0000][56.985s][info][gc          ] GC(75) Pause Young (Mixed) (G1 Evacuation Pause) 315M->172M(334M) 28.062ms
[2026-07-01T02:29:20.214+0000][56.985s][info][gc,cpu      ] GC(75) User=0.05s Sys=0.00s Real=0.03s
[2026-07-01T02:29:21.396+0000][58.167s][info][gc,start    ] GC(76) Pause Young (Concurrent Start) (G1 Evacuation Pause)
[2026-07-01T02:29:21.397+0000][58.167s][info][gc,task     ] GC(76) Using 2 workers of 2 for evacuation
[2026-07-01T02:29:21.453+0000][58.223s][info][gc,phases   ] GC(76)   Pre Evacuate Collection Set: 0.21ms
[2026-07-01T02:29:21.453+0000][58.223s][info][gc,phases   ] GC(76)   Merge Heap Roots: 0.55ms
[2026-07-01T02:29:21.453+0000][58.223s][info][gc,phases   ] GC(76)   Evacuate Collection Set: 54.82ms
[2026-07-01T02:29:21.453+0000][58.223s][info][gc,phases   ] GC(76)   Post Evacuate Collection Set: 0.48ms
[2026-07-01T02:29:21.453+0000][58.223s][info][gc,phases   ] GC(76)   Other: 0.09ms
[2026-07-01T02:29:21.453+0000][58.223s][info][gc,heap     ] GC(76) Eden regions: 143->0(143)
[2026-07-01T02:29:21.453+0000][58.223s][info][gc,heap     ] GC(76) Survivor regions: 9->9(19)
[2026-07-01T02:29:21.453+0000][58.223s][info][gc,heap     ] GC(76) Old regions: 161->161
[2026-07-01T02:29:21.453+0000][58.223s][info][gc,heap     ] GC(76) Humongous regions: 3->3
[2026-07-01T02:29:21.453+0000][58.223s][info][gc,metaspace] GC(76) Metaspace: 41667K(42560K)->41667K(42560K) NonClass: 36526K(36992K)->36526K(36992K) Class: 5140K(5568K)->5140K(5568K)
[2026-07-01T02:29:21.453+0000][58.223s][info][gc          ] GC(76) Pause Young (Concurrent Start) (G1 Evacuation Pause) 315M->172M(334M) 56.362ms
[2026-07-01T02:29:21.453+0000][58.223s][info][gc          ] GC(77) Concurrent Mark Cycle
[2026-07-01T02:29:21.453+0000][58.223s][info][gc,cpu      ] GC(76) User=0.05s Sys=0.00s Real=0.06s
[2026-07-01T02:29:21.453+0000][58.223s][info][gc,marking  ] GC(77) Concurrent Scan Root Regions
[2026-07-01T02:29:21.470+0000][58.241s][info][gc,marking  ] GC(77) Concurrent Scan Root Regions 17.481ms
[2026-07-01T02:29:21.470+0000][58.241s][info][gc,marking  ] GC(77) Concurrent Mark
[2026-07-01T02:29:21.470+0000][58.241s][info][gc,marking  ] GC(77) Concurrent Mark From Roots
[2026-07-01T02:29:21.470+0000][58.241s][info][gc,task     ] GC(77) Using 1 workers of 1 for marking
[2026-07-01T02:29:21.783+0000][58.553s][info][gc,marking  ] GC(77) Concurrent Mark From Roots 312.446ms
[2026-07-01T02:29:21.783+0000][58.553s][info][gc,marking  ] GC(77) Concurrent Preclean
[2026-07-01T02:29:21.783+0000][58.554s][info][gc,marking  ] GC(77) Concurrent Preclean 0.197ms
[2026-07-01T02:29:21.783+0000][58.554s][info][gc,start    ] GC(77) Pause Remark
[2026-07-01T02:29:21.794+0000][58.564s][info][gc          ] GC(77) Pause Remark 211M->211M(334M) 10.680ms
[2026-07-01T02:29:21.794+0000][58.564s][info][gc,cpu      ] GC(77) User=0.01s Sys=0.00s Real=0.01s
[2026-07-01T02:29:21.795+0000][58.565s][info][gc,marking  ] GC(77) Concurrent Mark 324.164ms
[2026-07-01T02:29:21.795+0000][58.565s][info][gc,marking  ] GC(77) Concurrent Rebuild Remembered Sets and Scrub Regions
[2026-07-01T02:29:22.059+0000][58.829s][info][gc,marking  ] GC(77) Concurrent Rebuild Remembered Sets and Scrub Regions 264.359ms
[2026-07-01T02:29:22.059+0000][58.830s][info][gc,start    ] GC(77) Pause Cleanup
[2026-07-01T02:29:22.059+0000][58.830s][info][gc          ] GC(77) Pause Cleanup 243M->243M(334M) 0.243ms
[2026-07-01T02:29:22.059+0000][58.830s][info][gc,cpu      ] GC(77) User=0.00s Sys=0.00s Real=0.00s
[2026-07-01T02:29:22.060+0000][58.830s][info][gc,marking  ] GC(77) Concurrent Clear Claimed Marks
[2026-07-01T02:29:22.060+0000][58.830s][info][gc,marking  ] GC(77) Concurrent Clear Claimed Marks 0.115ms
[2026-07-01T02:29:22.060+0000][58.830s][info][gc,marking  ] GC(77) Concurrent Cleanup for Next Mark
[2026-07-01T02:29:22.061+0000][58.832s][info][gc,marking  ] GC(77) Concurrent Cleanup for Next Mark 1.547ms
[2026-07-01T02:29:22.061+0000][58.832s][info][gc          ] GC(77) Concurrent Mark Cycle 608.493ms
[2026-07-01T02:29:22.482+0000][59.253s][info][gc,start    ] GC(78) Pause Young (Prepare Mixed) (G1 Evacuation Pause)
[2026-07-01T02:29:22.482+0000][59.253s][info][gc,task     ] GC(78) Using 2 workers of 2 for evacuation
[2026-07-01T02:29:22.504+0000][59.275s][info][gc,phases   ] GC(78)   Pre Evacuate Collection Set: 0.22ms
[2026-07-01T02:29:22.504+0000][59.275s][info][gc,phases   ] GC(78)   Merge Heap Roots: 0.94ms
[2026-07-01T02:29:22.504+0000][59.275s][info][gc,phases   ] GC(78)   Evacuate Collection Set: 20.21ms
[2026-07-01T02:29:22.504+0000][59.275s][info][gc,phases   ] GC(78)   Post Evacuate Collection Set: 0.46ms
[2026-07-01T02:29:22.504+0000][59.275s][info][gc,phases   ] GC(78)   Other: 0.05ms
[2026-07-01T02:29:22.504+0000][59.275s][info][gc,heap     ] GC(78) Eden regions: 143->0(142)
[2026-07-01T02:29:22.504+0000][59.275s][info][gc,heap     ] GC(78) Survivor regions: 9->9(19)
[2026-07-01T02:29:22.504+0000][59.275s][info][gc,heap     ] GC(78) Old regions: 161->162
[2026-07-01T02:29:22.504+0000][59.275s][info][gc,heap     ] GC(78) Humongous regions: 3->3
[2026-07-01T02:29:22.504+0000][59.275s][info][gc,metaspace] GC(78) Metaspace: 41667K(42560K)->41667K(42560K) NonClass: 36526K(36992K)->36526K(36992K) Class: 5140K(5568K)->5140K(5568K)
[2026-07-01T02:29:22.504+0000][59.275s][info][gc          ] GC(78) Pause Young (Prepare Mixed) (G1 Evacuation Pause) 315M->173M(334M) 22.059ms
[2026-07-01T02:29:22.504+0000][59.275s][info][gc,cpu      ] GC(78) User=0.04s Sys=0.00s Real=0.02s
[2026-07-01T02:29:23.188+0000][59.958s][info][gc,start    ] GC(79) Pause Young (Mixed) (G1 Evacuation Pause)
[2026-07-01T02:29:23.188+0000][59.958s][info][gc,task     ] GC(79) Using 2 workers of 2 for evacuation
[2026-07-01T02:29:23.206+0000][59.976s][info][gc,phases   ] GC(79)   Pre Evacuate Collection Set: 0.26ms
[2026-07-01T02:29:23.206+0000][59.976s][info][gc,phases   ] GC(79)   Merge Heap Roots: 0.41ms
[2026-07-01T02:29:23.206+0000][59.976s][info][gc,phases   ] GC(79)   Evacuate Collection Set: 16.85ms
[2026-07-01T02:29:23.206+0000][59.976s][info][gc,phases   ] GC(79)   Post Evacuate Collection Set: 0.40ms
[2026-07-01T02:29:23.206+0000][59.976s][info][gc,phases   ] GC(79)   Other: 0.06ms
[2026-07-01T02:29:23.206+0000][59.976s][info][gc,heap     ] GC(79) Eden regions: 142->0(142)
[2026-07-01T02:29:23.206+0000][59.976s][info][gc,heap     ] GC(79) Survivor regions: 9->9(19)
[2026-07-01T02:29:23.206+0000][59.976s][info][gc,heap     ] GC(79) Old regions: 162->162
[2026-07-01T02:29:23.206+0000][59.976s][info][gc,heap     ] GC(79) Humongous regions: 3->3
[2026-07-01T02:29:23.206+0000][59.976s][info][gc,metaspace] GC(79) Metaspace: 41672K(42560K)->41672K(42560K) NonClass: 36531K(36992K)->36531K(36992K) Class: 5140K(5568K)->5140K(5568K)
[2026-07-01T02:29:23.206+0000][59.976s][info][gc          ] GC(79) Pause Young (Mixed) (G1 Evacuation Pause) 315M->173M(334M) 18.490ms
[2026-07-01T02:29:23.206+0000][59.976s][info][gc,cpu      ] GC(79) User=0.04s Sys=0.00s Real=0.02s
[2026-07-01T02:29:23.882+0000][60.652s][info][gc,start    ] GC(80) Pause Young (Concurrent Start) (G1 Evacuation Pause)
[2026-07-01T02:29:23.882+0000][60.652s][info][gc,task     ] GC(80) Using 2 workers of 2 for evacuation
[2026-07-01T02:29:23.899+0000][60.669s][info][gc,phases   ] GC(80)   Pre Evacuate Collection Set: 0.20ms
[2026-07-01T02:29:23.899+0000][60.669s][info][gc,phases   ] GC(80)   Merge Heap Roots: 0.42ms
[2026-07-01T02:29:23.899+0000][60.669s][info][gc,phases   ] GC(80)   Evacuate Collection Set: 16.06ms
[2026-07-01T02:29:23.899+0000][60.669s][info][gc,phases   ] GC(80)   Post Evacuate Collection Set: 0.43ms
[2026-07-01T02:29:23.899+0000][60.669s][info][gc,phases   ] GC(80)   Other: 0.10ms
[2026-07-01T02:29:23.899+0000][60.669s][info][gc,heap     ] GC(80) Eden regions: 142->0(141)
[2026-07-01T02:29:23.899+0000][60.669s][info][gc,heap     ] GC(80) Survivor regions: 9->9(19)
[2026-07-01T02:29:23.899+0000][60.669s][info][gc,heap     ] GC(80) Old regions: 162->163
[2026-07-01T02:29:23.899+0000][60.669s][info][gc,heap     ] GC(80) Humongous regions: 3->3
[2026-07-01T02:29:23.899+0000][60.669s][info][gc,metaspace] GC(80) Metaspace: 41672K(42560K)->41672K(42560K) NonClass: 36531K(36992K)->36531K(36992K) Class: 5140K(5568K)->5140K(5568K)
[2026-07-01T02:29:23.899+0000][60.669s][info][gc          ] GC(80) Pause Young (Concurrent Start) (G1 Evacuation Pause) 315M->174M(334M) 17.363ms
[2026-07-01T02:29:23.899+0000][60.669s][info][gc          ] GC(81) Concurrent Mark Cycle
[2026-07-01T02:29:23.899+0000][60.669s][info][gc,cpu      ] GC(80) User=0.04s Sys=0.00s Real=0.02s
[2026-07-01T02:29:23.899+0000][60.669s][info][gc,marking  ] GC(81) Concurrent Scan Root Regions
[2026-07-01T02:29:23.921+0000][60.691s][info][gc,marking  ] GC(81) Concurrent Scan Root Regions 22.067ms
[2026-07-01T02:29:23.921+0000][60.692s][info][gc,marking  ] GC(81) Concurrent Mark
[2026-07-01T02:29:23.921+0000][60.692s][info][gc,marking  ] GC(81) Concurrent Mark From Roots
[2026-07-01T02:29:23.921+0000][60.692s][info][gc,task     ] GC(81) Using 1 workers of 1 for marking
[2026-07-01T02:29:24.450+0000][61.220s][info][gc,marking  ] GC(81) Concurrent Mark From Roots 528.459ms
[2026-07-01T02:29:24.450+0000][61.220s][info][gc,marking  ] GC(81) Concurrent Preclean
[2026-07-01T02:29:24.450+0000][61.220s][info][gc,marking  ] GC(81) Concurrent Preclean 0.135ms
[2026-07-01T02:29:24.450+0000][61.221s][info][gc,start    ] GC(81) Pause Remark
[2026-07-01T02:29:24.458+0000][61.228s][info][gc          ] GC(81) Pause Remark 267M->267M(334M) 7.464ms
[2026-07-01T02:29:24.458+0000][61.228s][info][gc,cpu      ] GC(81) User=0.01s Sys=0.00s Real=0.00s
[2026-07-01T02:29:24.463+0000][61.233s][info][gc,marking  ] GC(81) Concurrent Mark 541.862ms
[2026-07-01T02:29:24.463+0000][61.233s][info][gc,marking  ] GC(81) Concurrent Rebuild Remembered Sets and Scrub Regions
[2026-07-01T02:29:24.586+0000][61.357s][info][gc,marking  ] GC(81) Concurrent Rebuild Remembered Sets and Scrub Regions 123.416ms
[2026-07-01T02:29:24.587+0000][61.357s][info][gc,start    ] GC(81) Pause Cleanup
[2026-07-01T02:29:24.587+0000][61.357s][info][gc          ] GC(81) Pause Cleanup 289M->289M(334M) 0.191ms
[2026-07-01T02:29:24.587+0000][61.357s][info][gc,cpu      ] GC(81) User=0.00s Sys=0.00s Real=0.00s
[2026-07-01T02:29:24.587+0000][61.358s][info][gc,marking  ] GC(81) Concurrent Clear Claimed Marks
[2026-07-01T02:29:24.588+0000][61.358s][info][gc,marking  ] GC(81) Concurrent Clear Claimed Marks 0.262ms
[2026-07-01T02:29:24.588+0000][61.358s][info][gc,marking  ] GC(81) Concurrent Cleanup for Next Mark
[2026-07-01T02:29:24.589+0000][61.359s][info][gc,marking  ] GC(81) Concurrent Cleanup for Next Mark 0.853ms
[2026-07-01T02:29:24.589+0000][61.359s][info][gc          ] GC(81) Concurrent Mark Cycle 689.606ms
[2026-07-01T02:29:24.708+0000][61.478s][info][gc,start    ] GC(82) Pause Young (Prepare Mixed) (G1 Evacuation Pause)
[2026-07-01T02:29:24.708+0000][61.478s][info][gc,task     ] GC(82) Using 2 workers of 2 for evacuation
[2026-07-01T02:29:24.730+0000][61.500s][info][gc,phases   ] GC(82)   Pre Evacuate Collection Set: 0.20ms
[2026-07-01T02:29:24.730+0000][61.500s][info][gc,phases   ] GC(82)   Merge Heap Roots: 1.11ms
[2026-07-01T02:29:24.730+0000][61.500s][info][gc,phases   ] GC(82)   Evacuate Collection Set: 20.10ms
[2026-07-01T02:29:24.730+0000][61.500s][info][gc,phases   ] GC(82)   Post Evacuate Collection Set: 0.48ms
[2026-07-01T02:29:24.730+0000][61.500s][info][gc,phases   ] GC(82)   Other: 0.07ms
[2026-07-01T02:29:24.730+0000][61.500s][info][gc,heap     ] GC(82) Eden regions: 141->0(141)
[2026-07-01T02:29:24.730+0000][61.500s][info][gc,heap     ] GC(82) Survivor regions: 9->9(19)
[2026-07-01T02:29:24.730+0000][61.500s][info][gc,heap     ] GC(82) Old regions: 163->163
[2026-07-01T02:29:24.730+0000][61.500s][info][gc,heap     ] GC(82) Humongous regions: 3->3
[2026-07-01T02:29:24.730+0000][61.500s][info][gc,metaspace] GC(82) Metaspace: 41678K(42560K)->41678K(42560K) NonClass: 36537K(36992K)->36537K(36992K) Class: 5140K(5568K)->5140K(5568K)
[2026-07-01T02:29:24.730+0000][61.500s][info][gc          ] GC(82) Pause Young (Prepare Mixed) (G1 Evacuation Pause) 315M->174M(334M) 22.163ms
[2026-07-01T02:29:24.730+0000][61.501s][info][gc,cpu      ] GC(82) User=0.04s Sys=0.00s Real=0.03s
[2026-07-01T02:29:25.400+0000][62.170s][info][gc,start    ] GC(83) Pause Young (Mixed) (G1 Evacuation Pause)
[2026-07-01T02:29:25.400+0000][62.170s][info][gc,task     ] GC(83) Using 2 workers of 2 for evacuation
[2026-07-01T02:29:25.417+0000][62.187s][info][gc,phases   ] GC(83)   Pre Evacuate Collection Set: 0.13ms
[2026-07-01T02:29:25.417+0000][62.187s][info][gc,phases   ] GC(83)   Merge Heap Roots: 0.27ms
[2026-07-01T02:29:25.417+0000][62.187s][info][gc,phases   ] GC(83)   Evacuate Collection Set: 15.73ms
[2026-07-01T02:29:25.417+0000][62.187s][info][gc,phases   ] GC(83)   Post Evacuate Collection Set: 0.46ms
[2026-07-01T02:29:25.417+0000][62.187s][info][gc,phases   ] GC(83)   Other: 0.06ms
[2026-07-01T02:29:25.417+0000][62.187s][info][gc,heap     ] GC(83) Eden regions: 141->0(141)
[2026-07-01T02:29:25.417+0000][62.187s][info][gc,heap     ] GC(83) Survivor regions: 9->9(19)
[2026-07-01T02:29:25.417+0000][62.187s][info][gc,heap     ] GC(83) Old regions: 163->163
[2026-07-01T02:29:25.417+0000][62.187s][info][gc,heap     ] GC(83) Humongous regions: 3->3
[2026-07-01T02:29:25.417+0000][62.187s][info][gc,metaspace] GC(83) Metaspace: 41678K(42560K)->41678K(42560K) NonClass: 36537K(36992K)->36537K(36992K) Class: 5140K(5568K)->5140K(5568K)
[2026-07-01T02:29:25.417+0000][62.187s][info][gc          ] GC(83) Pause Young (Mixed) (G1 Evacuation Pause) 315M->174M(334M) 16.807ms
[2026-07-01T02:29:25.417+0000][62.187s][info][gc,cpu      ] GC(83) User=0.04s Sys=0.00s Real=0.01s
[2026-07-01T02:29:26.310+0000][63.080s][info][gc,start    ] GC(84) Pause Young (Concurrent Start) (G1 Evacuation Pause)
[2026-07-01T02:29:26.310+0000][63.080s][info][gc,task     ] GC(84) Using 2 workers of 2 for evacuation
[2026-07-01T02:29:26.333+0000][63.103s][info][gc,phases   ] GC(84)   Pre Evacuate Collection Set: 0.24ms
[2026-07-01T02:29:26.333+0000][63.103s][info][gc,phases   ] GC(84)   Merge Heap Roots: 0.39ms
[2026-07-01T02:29:26.333+0000][63.103s][info][gc,phases   ] GC(84)   Evacuate Collection Set: 21.95ms
[2026-07-01T02:29:26.333+0000][63.103s][info][gc,phases   ] GC(84)   Post Evacuate Collection Set: 0.51ms
[2026-07-01T02:29:26.333+0000][63.103s][info][gc,phases   ] GC(84)   Other: 0.10ms
[2026-07-01T02:29:26.333+0000][63.103s][info][gc,heap     ] GC(84) Eden regions: 141->0(140)
[2026-07-01T02:29:26.333+0000][63.103s][info][gc,heap     ] GC(84) Survivor regions: 9->9(19)
[2026-07-01T02:29:26.333+0000][63.103s][info][gc,heap     ] GC(84) Old regions: 163->164
[2026-07-01T02:29:26.333+0000][63.103s][info][gc,heap     ] GC(84) Humongous regions: 3->3
[2026-07-01T02:29:26.333+0000][63.103s][info][gc,metaspace] GC(84) Metaspace: 41690K(42560K)->41690K(42560K) NonClass: 36549K(36992K)->36549K(36992K) Class: 5140K(5568K)->5140K(5568K)
[2026-07-01T02:29:26.333+0000][63.103s][info][gc          ] GC(84) Pause Young (Concurrent Start) (G1 Evacuation Pause) 315M->175M(334M) 23.373ms
[2026-07-01T02:29:26.333+0000][63.103s][info][gc          ] GC(85) Concurrent Mark Cycle
[2026-07-01T02:29:26.333+0000][63.103s][info][gc,marking  ] GC(85) Concurrent Scan Root Regions
[2026-07-01T02:29:26.333+0000][63.104s][info][gc,cpu      ] GC(84) User=0.04s Sys=0.00s Real=0.02s
[2026-07-01T02:29:26.392+0000][63.162s][info][gc,marking  ] GC(85) Concurrent Scan Root Regions 59.003ms
[2026-07-01T02:29:26.392+0000][63.163s][info][gc,marking  ] GC(85) Concurrent Mark
[2026-07-01T02:29:26.392+0000][63.163s][info][gc,marking  ] GC(85) Concurrent Mark From Roots
[2026-07-01T02:29:26.392+0000][63.163s][info][gc,task     ] GC(85) Using 1 workers of 1 for marking
[2026-07-01T02:29:26.748+0000][63.519s][info][gc,marking  ] GC(85) Concurrent Mark From Roots 356.075ms
[2026-07-01T02:29:26.748+0000][63.519s][info][gc,marking  ] GC(85) Concurrent Preclean
[2026-07-01T02:29:26.748+0000][63.519s][info][gc,marking  ] GC(85) Concurrent Preclean 0.069ms
[2026-07-01T02:29:26.748+0000][63.519s][info][gc,start    ] GC(85) Pause Remark
[2026-07-01T02:29:26.756+0000][63.527s][info][gc          ] GC(85) Pause Remark 218M->218M(334M) 7.857ms
[2026-07-01T02:29:26.756+0000][63.527s][info][gc,cpu      ] GC(85) User=0.01s Sys=0.00s Real=0.00s
[2026-07-01T02:29:26.760+0000][63.530s][info][gc,marking  ] GC(85) Concurrent Mark 367.413ms
[2026-07-01T02:29:26.760+0000][63.530s][info][gc,marking  ] GC(85) Concurrent Rebuild Remembered Sets and Scrub Regions
[2026-07-01T02:29:26.874+0000][63.644s][info][gc,marking  ] GC(85) Concurrent Rebuild Remembered Sets and Scrub Regions 114.216ms
[2026-07-01T02:29:26.874+0000][63.644s][info][gc,start    ] GC(85) Pause Cleanup
[2026-07-01T02:29:26.874+0000][63.645s][info][gc          ] GC(85) Pause Cleanup 229M->229M(334M) 0.226ms
[2026-07-01T02:29:26.874+0000][63.645s][info][gc,cpu      ] GC(85) User=0.00s Sys=0.00s Real=0.00s
[2026-07-01T02:29:26.874+0000][63.645s][info][gc,marking  ] GC(85) Concurrent Clear Claimed Marks
[2026-07-01T02:29:26.874+0000][63.645s][info][gc,marking  ] GC(85) Concurrent Clear Claimed Marks 0.086ms
[2026-07-01T02:29:26.874+0000][63.645s][info][gc,marking  ] GC(85) Concurrent Cleanup for Next Mark
[2026-07-01T02:29:26.875+0000][63.646s][info][gc,marking  ] GC(85) Concurrent Cleanup for Next Mark 0.702ms
[2026-07-01T02:29:26.875+0000][63.646s][info][gc          ] GC(85) Concurrent Mark Cycle 542.088ms
[2026-07-01T02:29:27.522+0000][64.293s][info][gc,start    ] GC(86) Pause Young (Prepare Mixed) (G1 Evacuation Pause)
[2026-07-01T02:29:27.522+0000][64.293s][info][gc,task     ] GC(86) Using 2 workers of 2 for evacuation
[2026-07-01T02:29:27.546+0000][64.317s][info][gc,phases   ] GC(86)   Pre Evacuate Collection Set: 0.18ms
[2026-07-01T02:29:27.546+0000][64.317s][info][gc,phases   ] GC(86)   Merge Heap Roots: 1.59ms
[2026-07-01T02:29:27.546+0000][64.317s][info][gc,phases   ] GC(86)   Evacuate Collection Set: 21.34ms
[2026-07-01T02:29:27.546+0000][64.317s][info][gc,phases   ] GC(86)   Post Evacuate Collection Set: 0.82ms
[2026-07-01T02:29:27.546+0000][64.317s][info][gc,phases   ] GC(86)   Other: 0.10ms
[2026-07-01T02:29:27.546+0000][64.317s][info][gc,heap     ] GC(86) Eden regions: 140->0(139)
[2026-07-01T02:29:27.546+0000][64.317s][info][gc,heap     ] GC(86) Survivor regions: 9->9(19)
[2026-07-01T02:29:27.546+0000][64.317s][info][gc,heap     ] GC(86) Old regions: 164->165
[2026-07-01T02:29:27.546+0000][64.317s][info][gc,heap     ] GC(86) Humongous regions: 3->3
[2026-07-01T02:29:27.546+0000][64.317s][info][gc,metaspace] GC(86) Metaspace: 41692K(42560K)->41692K(42560K) NonClass: 36550K(36992K)->36550K(36992K) Class: 5141K(5568K)->5141K(5568K)
[2026-07-01T02:29:27.546+0000][64.317s][info][gc          ] GC(86) Pause Young (Prepare Mixed) (G1 Evacuation Pause) 315M->176M(334M) 24.218ms
[2026-07-01T02:29:27.546+0000][64.317s][info][gc,cpu      ] GC(86) User=0.04s Sys=0.00s Real=0.02s
[2026-07-01T02:29:28.624+0000][65.394s][info][gc,start    ] GC(87) Pause Young (Mixed) (G1 Evacuation Pause)
[2026-07-01T02:29:28.624+0000][65.395s][info][gc,task     ] GC(87) Using 2 workers of 2 for evacuation
[2026-07-01T02:29:28.671+0000][65.442s][info][gc,phases   ] GC(87)   Pre Evacuate Collection Set: 0.16ms
[2026-07-01T02:29:28.671+0000][65.442s][info][gc,phases   ] GC(87)   Merge Heap Roots: 0.30ms
[2026-07-01T02:29:28.671+0000][65.442s][info][gc,phases   ] GC(87)   Evacuate Collection Set: 45.25ms
[2026-07-01T02:29:28.671+0000][65.442s][info][gc,phases   ] GC(87)   Post Evacuate Collection Set: 1.49ms
[2026-07-01T02:29:28.671+0000][65.442s][info][gc,phases   ] GC(87)   Other: 0.07ms
[2026-07-01T02:29:28.672+0000][65.442s][info][gc,heap     ] GC(87) Eden regions: 139->0(250)
[2026-07-01T02:29:28.672+0000][65.442s][info][gc,heap     ] GC(87) Survivor regions: 9->9(19)
[2026-07-01T02:29:28.672+0000][65.442s][info][gc,heap     ] GC(87) Old regions: 165->165
[2026-07-01T02:29:28.672+0000][65.442s][info][gc,heap     ] GC(87) Humongous regions: 3->3
[2026-07-01T02:29:28.672+0000][65.442s][info][gc,metaspace] GC(87) Metaspace: 41692K(42560K)->41692K(42560K) NonClass: 36551K(36992K)->36551K(36992K) Class: 5141K(5568K)->5141K(5568K)
[2026-07-01T02:29:28.672+0000][65.442s][info][gc          ] GC(87) Pause Young (Mixed) (G1 Evacuation Pause) 315M->175M(450M) 47.477ms
[2026-07-01T02:29:28.672+0000][65.442s][info][gc,cpu      ] GC(87) User=0.05s Sys=0.00s Real=0.05s
[2026-07-01T02:29:30.047+0000][66.818s][info][gc,start    ] GC(88) Pause Young (Concurrent Start) (G1 Evacuation Pause)
[2026-07-01T02:29:30.047+0000][66.818s][info][gc,task     ] GC(88) Using 2 workers of 2 for evacuation
[2026-07-01T02:29:30.072+0000][66.843s][info][gc,phases   ] GC(88)   Pre Evacuate Collection Set: 0.28ms
[2026-07-01T02:29:30.072+0000][66.843s][info][gc,phases   ] GC(88)   Merge Heap Roots: 0.60ms
[2026-07-01T02:29:30.072+0000][66.843s][info][gc,phases   ] GC(88)   Evacuate Collection Set: 23.31ms
[2026-07-01T02:29:30.072+0000][66.843s][info][gc,phases   ] GC(88)   Post Evacuate Collection Set: 0.57ms
[2026-07-01T02:29:30.072+0000][66.843s][info][gc,phases   ] GC(88)   Other: 0.09ms
[2026-07-01T02:29:30.072+0000][66.843s][info][gc,heap     ] GC(88) Eden regions: 250->0(249)
[2026-07-01T02:29:30.072+0000][66.843s][info][gc,heap     ] GC(88) Survivor regions: 9->10(33)
[2026-07-01T02:29:30.072+0000][66.843s][info][gc,heap     ] GC(88) Old regions: 165->165
[2026-07-01T02:29:30.072+0000][66.843s][info][gc,heap     ] GC(88) Humongous regions: 3->3
[2026-07-01T02:29:30.072+0000][66.843s][info][gc,metaspace] GC(88) Metaspace: 41698K(42560K)->41698K(42560K) NonClass: 36556K(36992K)->36556K(36992K) Class: 5141K(5568K)->5141K(5568K)
[2026-07-01T02:29:30.072+0000][66.843s][info][gc          ] GC(88) Pause Young (Concurrent Start) (G1 Evacuation Pause) 425M->177M(450M) 25.021ms
[2026-07-01T02:29:30.072+0000][66.843s][info][gc          ] GC(89) Concurrent Mark Cycle
[2026-07-01T02:29:30.073+0000][66.843s][info][gc,marking  ] GC(89) Concurrent Scan Root Regions
[2026-07-01T02:29:30.072+0000][66.843s][info][gc,cpu      ] GC(88) User=0.05s Sys=0.00s Real=0.03s
[2026-07-01T02:29:30.111+0000][66.882s][info][gc,marking  ] GC(89) Concurrent Scan Root Regions 38.884ms
[2026-07-01T02:29:30.111+0000][66.882s][info][gc,marking  ] GC(89) Concurrent Mark
[2026-07-01T02:29:30.111+0000][66.882s][info][gc,marking  ] GC(89) Concurrent Mark From Roots
[2026-07-01T02:29:30.111+0000][66.882s][info][gc,task     ] GC(89) Using 1 workers of 1 for marking
[2026-07-01T02:29:30.787+0000][67.557s][info][gc,marking  ] GC(89) Concurrent Mark From Roots 675.285ms
[2026-07-01T02:29:30.787+0000][67.557s][info][gc,marking  ] GC(89) Concurrent Preclean
[2026-07-01T02:29:30.787+0000][67.557s][info][gc,marking  ] GC(89) Concurrent Preclean 0.142ms
[2026-07-01T02:29:30.787+0000][67.557s][info][gc,start    ] GC(89) Pause Remark
[2026-07-01T02:29:30.794+0000][67.565s][info][gc,heap     ] GC(89) Heap shrink completed: uncommitted 94 regions (94MB), heap size now 356MB
[2026-07-01T02:29:30.794+0000][67.565s][info][gc          ] GC(89) Pause Remark 309M->309M(356M) 7.423ms
[2026-07-01T02:29:30.794+0000][67.565s][info][gc,cpu      ] GC(89) User=0.02s Sys=0.00s Real=0.01s
[2026-07-01T02:29:30.798+0000][67.569s][info][gc,marking  ] GC(89) Concurrent Mark 686.873ms
[2026-07-01T02:29:30.798+0000][67.569s][info][gc,marking  ] GC(89) Concurrent Rebuild Remembered Sets and Scrub Regions
[2026-07-01T02:29:30.984+0000][67.755s][info][gc,marking  ] GC(89) Concurrent Rebuild Remembered Sets and Scrub Regions 185.863ms
[2026-07-01T02:29:30.984+0000][67.755s][info][gc,start    ] GC(89) Pause Cleanup
[2026-07-01T02:29:30.985+0000][67.755s][info][gc          ] GC(89) Pause Cleanup 343M->343M(356M) 0.163ms
[2026-07-01T02:29:30.985+0000][67.755s][info][gc,cpu      ] GC(89) User=0.00s Sys=0.00s Real=0.00s
[2026-07-01T02:29:30.985+0000][67.755s][info][gc,marking  ] GC(89) Concurrent Clear Claimed Marks
[2026-07-01T02:29:30.985+0000][67.755s][info][gc,marking  ] GC(89) Concurrent Clear Claimed Marks 0.211ms
[2026-07-01T02:29:30.985+0000][67.755s][info][gc,marking  ] GC(89) Concurrent Cleanup for Next Mark
[2026-07-01T02:29:30.986+0000][67.756s][info][gc,marking  ] GC(89) Concurrent Cleanup for Next Mark 1.026ms
[2026-07-01T02:29:30.986+0000][67.756s][info][gc          ] GC(89) Concurrent Mark Cycle 913.596ms
[2026-07-01T02:29:31.044+0000][67.815s][info][gc,start    ] GC(90) Pause Young (Prepare Mixed) (G1 Evacuation Pause)
[2026-07-01T02:29:31.044+0000][67.815s][info][gc,task     ] GC(90) Using 2 workers of 2 for evacuation
[2026-07-01T02:29:31.064+0000][67.834s][info][gc,phases   ] GC(90)   Pre Evacuate Collection Set: 0.17ms
[2026-07-01T02:29:31.064+0000][67.834s][info][gc,phases   ] GC(90)   Merge Heap Roots: 0.64ms
[2026-07-01T02:29:31.064+0000][67.834s][info][gc,phases   ] GC(90)   Evacuate Collection Set: 17.76ms
[2026-07-01T02:29:31.064+0000][67.834s][info][gc,phases   ] GC(90)   Post Evacuate Collection Set: 0.63ms
[2026-07-01T02:29:31.064+0000][67.834s][info][gc,phases   ] GC(90)   Other: 0.05ms
[2026-07-01T02:29:31.064+0000][67.834s][info][gc,heap     ] GC(90) Eden regions: 178->0(169)
[2026-07-01T02:29:31.064+0000][67.834s][info][gc,heap     ] GC(90) Survivor regions: 10->10(27)
[2026-07-01T02:29:31.064+0000][67.834s][info][gc,heap     ] GC(90) Old regions: 165->166
[2026-07-01T02:29:31.064+0000][67.834s][info][gc,heap     ] GC(90) Humongous regions: 3->3
[2026-07-01T02:29:31.064+0000][67.834s][info][gc,metaspace] GC(90) Metaspace: 41698K(42560K)->41698K(42560K) NonClass: 36556K(36992K)->36556K(36992K) Class: 5141K(5568K)->5141K(5568K)
[2026-07-01T02:29:31.064+0000][67.834s][info][gc          ] GC(90) Pause Young (Prepare Mixed) (G1 Evacuation Pause) 355M->177M(367M) 19.427ms
[2026-07-01T02:29:31.064+0000][67.834s][info][gc,cpu      ] GC(90) User=0.04s Sys=0.00s Real=0.02s
[2026-07-01T02:29:31.868+0000][68.639s][info][gc,start    ] GC(91) Pause Young (Mixed) (G1 Evacuation Pause)
[2026-07-01T02:29:31.868+0000][68.639s][info][gc,task     ] GC(91) Using 2 workers of 2 for evacuation
[2026-07-01T02:29:31.896+0000][68.667s][info][gc,phases   ] GC(91)   Pre Evacuate Collection Set: 0.22ms
[2026-07-01T02:29:31.896+0000][68.667s][info][gc,phases   ] GC(91)   Merge Heap Roots: 0.44ms
[2026-07-01T02:29:31.896+0000][68.667s][info][gc,phases   ] GC(91)   Evacuate Collection Set: 26.74ms
[2026-07-01T02:29:31.896+0000][68.667s][info][gc,phases   ] GC(91)   Post Evacuate Collection Set: 0.63ms
[2026-07-01T02:29:31.896+0000][68.667s][info][gc,phases   ] GC(91)   Other: 0.07ms
[2026-07-01T02:29:31.896+0000][68.667s][info][gc,heap     ] GC(91) Eden regions: 169->0(169)
[2026-07-01T02:29:31.896+0000][68.667s][info][gc,heap     ] GC(91) Survivor regions: 10->10(23)
[2026-07-01T02:29:31.896+0000][68.667s][info][gc,heap     ] GC(91) Old regions: 166->166
[2026-07-01T02:29:31.896+0000][68.667s][info][gc,heap     ] GC(91) Humongous regions: 3->3
[2026-07-01T02:29:31.896+0000][68.667s][info][gc,metaspace] GC(91) Metaspace: 41698K(42560K)->41698K(42560K) NonClass: 36556K(36992K)->36556K(36992K) Class: 5141K(5568K)->5141K(5568K)
[2026-07-01T02:29:31.896+0000][68.667s][info][gc          ] GC(91) Pause Young (Mixed) (G1 Evacuation Pause) 346M->178M(367M) 28.262ms
[2026-07-01T02:29:31.896+0000][68.667s][info][gc,cpu      ] GC(91) User=0.06s Sys=0.00s Real=0.02s
[2026-07-01T02:29:32.700+0000][69.470s][info][gc,start    ] GC(92) Pause Young (Concurrent Start) (G1 Evacuation Pause)
[2026-07-01T02:29:32.700+0000][69.470s][info][gc,task     ] GC(92) Using 2 workers of 2 for evacuation
[2026-07-01T02:29:32.717+0000][69.487s][info][gc,phases   ] GC(92)   Pre Evacuate Collection Set: 0.20ms
[2026-07-01T02:29:32.717+0000][69.487s][info][gc,phases   ] GC(92)   Merge Heap Roots: 0.76ms
[2026-07-01T02:29:32.717+0000][69.487s][info][gc,phases   ] GC(92)   Evacuate Collection Set: 15.53ms
[2026-07-01T02:29:32.717+0000][69.487s][info][gc,phases   ] GC(92)   Post Evacuate Collection Set: 0.40ms
[2026-07-01T02:29:32.717+0000][69.487s][info][gc,phases   ] GC(92)   Other: 0.09ms
[2026-07-01T02:29:32.717+0000][69.488s][info][gc,heap     ] GC(92) Eden regions: 169->0(168)
[2026-07-01T02:29:32.717+0000][69.488s][info][gc,heap     ] GC(92) Survivor regions: 10->10(23)
[2026-07-01T02:29:32.717+0000][69.488s][info][gc,heap     ] GC(92) Old regions: 166->167
[2026-07-01T02:29:32.717+0000][69.488s][info][gc,heap     ] GC(92) Humongous regions: 3->3
[2026-07-01T02:29:32.717+0000][69.488s][info][gc,metaspace] GC(92) Metaspace: 41698K(42560K)->41698K(42560K) NonClass: 36556K(36992K)->36556K(36992K) Class: 5141K(5568K)->5141K(5568K)
[2026-07-01T02:29:32.717+0000][69.488s][info][gc          ] GC(92) Pause Young (Concurrent Start) (G1 Evacuation Pause) 347M->178M(367M) 17.156ms
[2026-07-01T02:29:32.717+0000][69.488s][info][gc,cpu      ] GC(92) User=0.03s Sys=0.00s Real=0.01s
[2026-07-01T02:29:32.720+0000][69.490s][info][gc          ] GC(93) Concurrent Mark Cycle
[2026-07-01T02:29:32.720+0000][69.490s][info][gc,marking  ] GC(93) Concurrent Scan Root Regions
[2026-07-01T02:29:32.733+0000][69.504s][info][gc,marking  ] GC(93) Concurrent Scan Root Regions 13.717ms
[2026-07-01T02:29:32.734+0000][69.504s][info][gc,marking  ] GC(93) Concurrent Mark
[2026-07-01T02:29:32.734+0000][69.504s][info][gc,marking  ] GC(93) Concurrent Mark From Roots
[2026-07-01T02:29:32.734+0000][69.504s][info][gc,task     ] GC(93) Using 1 workers of 1 for marking
[2026-07-01T02:29:33.314+0000][70.085s][info][gc,marking  ] GC(93) Concurrent Mark From Roots 580.669ms
[2026-07-01T02:29:33.314+0000][70.085s][info][gc,marking  ] GC(93) Concurrent Preclean
[2026-07-01T02:29:33.314+0000][70.085s][info][gc,marking  ] GC(93) Concurrent Preclean 0.078ms
[2026-07-01T02:29:33.316+0000][70.087s][info][gc,start    ] GC(93) Pause Remark
[2026-07-01T02:29:33.322+0000][70.092s][info][gc,heap     ] GC(93) Heap shrink completed: uncommitted 7 regions (7MB), heap size now 360MB
[2026-07-01T02:29:33.322+0000][70.093s][info][gc          ] GC(93) Pause Remark 285M->285M(360M) 5.819ms
[2026-07-01T02:29:33.322+0000][70.093s][info][gc,cpu      ] GC(93) User=0.01s Sys=0.00s Real=0.01s
[2026-07-01T02:29:33.326+0000][70.097s][info][gc,marking  ] GC(93) Concurrent Mark 592.572ms
[2026-07-01T02:29:33.326+0000][70.097s][info][gc,marking  ] GC(93) Concurrent Rebuild Remembered Sets and Scrub Regions
[2026-07-01T02:29:33.547+0000][70.317s][info][gc,marking  ] GC(93) Concurrent Rebuild Remembered Sets and Scrub Regions 220.772ms
[2026-07-01T02:29:33.547+0000][70.318s][info][gc,start    ] GC(93) Pause Cleanup
[2026-07-01T02:29:33.547+0000][70.318s][info][gc          ] GC(93) Pause Cleanup 327M->327M(360M) 0.203ms
[2026-07-01T02:29:33.547+0000][70.318s][info][gc,cpu      ] GC(93) User=0.00s Sys=0.00s Real=0.00s
[2026-07-01T02:29:33.548+0000][70.319s][info][gc,marking  ] GC(93) Concurrent Clear Claimed Marks
[2026-07-01T02:29:33.549+0000][70.319s][info][gc,marking  ] GC(93) Concurrent Clear Claimed Marks 0.118ms
[2026-07-01T02:29:33.549+0000][70.319s][info][gc,marking  ] GC(93) Concurrent Cleanup for Next Mark
[2026-07-01T02:29:33.549+0000][70.320s][info][gc,marking  ] GC(93) Concurrent Cleanup for Next Mark 0.881ms
[2026-07-01T02:29:33.549+0000][70.320s][info][gc          ] GC(93) Concurrent Mark Cycle 829.724ms
[2026-07-01T02:29:33.647+0000][70.418s][info][gc,start    ] GC(94) Pause Young (Prepare Mixed) (G1 Evacuation Pause)
[2026-07-01T02:29:33.647+0000][70.418s][info][gc,task     ] GC(94) Using 2 workers of 2 for evacuation
[2026-07-01T02:29:33.665+0000][70.435s][info][gc,phases   ] GC(94)   Pre Evacuate Collection Set: 0.29ms
[2026-07-01T02:29:33.665+0000][70.435s][info][gc,phases   ] GC(94)   Merge Heap Roots: 0.69ms
[2026-07-01T02:29:33.665+0000][70.435s][info][gc,phases   ] GC(94)   Evacuate Collection Set: 16.06ms
[2026-07-01T02:29:33.665+0000][70.435s][info][gc,phases   ] GC(94)   Post Evacuate Collection Set: 0.48ms
[2026-07-01T02:29:33.665+0000][70.435s][info][gc,phases   ] GC(94)   Other: 0.06ms
[2026-07-01T02:29:33.665+0000][70.435s][info][gc,heap     ] GC(94) Eden regions: 169->0(161)
[2026-07-01T02:29:33.665+0000][70.435s][info][gc,heap     ] GC(94) Survivor regions: 10->10(23)
[2026-07-01T02:29:33.665+0000][70.435s][info][gc,heap     ] GC(94) Old regions: 167->168
[2026-07-01T02:29:33.665+0000][70.435s][info][gc,heap     ] GC(94) Humongous regions: 3->3
[2026-07-01T02:29:33.665+0000][70.435s][info][gc,metaspace] GC(94) Metaspace: 41704K(42560K)->41704K(42560K) NonClass: 36563K(36992K)->36563K(36992K) Class: 5141K(5568K)->5141K(5568K)
[2026-07-01T02:29:33.665+0000][70.435s][info][gc          ] GC(94) Pause Young (Prepare Mixed) (G1 Evacuation Pause) 347M->179M(360M) 17.748ms
[2026-07-01T02:29:33.665+0000][70.435s][info][gc,cpu      ] GC(94) User=0.03s Sys=0.00s Real=0.02s
[2026-07-01T02:29:34.940+0000][71.710s][info][gc,start    ] GC(95) Pause Young (Mixed) (G1 Evacuation Pause)
[2026-07-01T02:29:34.940+0000][71.710s][info][gc,task     ] GC(95) Using 2 workers of 2 for evacuation
[2026-07-01T02:29:34.965+0000][71.735s][info][gc,phases   ] GC(95)   Pre Evacuate Collection Set: 0.16ms
[2026-07-01T02:29:34.965+0000][71.735s][info][gc,phases   ] GC(95)   Merge Heap Roots: 0.32ms
[2026-07-01T02:29:34.965+0000][71.735s][info][gc,phases   ] GC(95)   Evacuate Collection Set: 23.54ms
[2026-07-01T02:29:34.965+0000][71.735s][info][gc,phases   ] GC(95)   Post Evacuate Collection Set: 0.50ms
[2026-07-01T02:29:34.965+0000][71.735s][info][gc,phases   ] GC(95)   Other: 0.07ms
[2026-07-01T02:29:34.965+0000][71.735s][info][gc,heap     ] GC(95) Eden regions: 161->0(161)
[2026-07-01T02:29:34.965+0000][71.735s][info][gc,heap     ] GC(95) Survivor regions: 10->10(22)
[2026-07-01T02:29:34.965+0000][71.735s][info][gc,heap     ] GC(95) Old regions: 168->168
[2026-07-01T02:29:34.965+0000][71.735s][info][gc,heap     ] GC(95) Humongous regions: 3->3
[2026-07-01T02:29:34.965+0000][71.735s][info][gc,metaspace] GC(95) Metaspace: 41704K(42560K)->41704K(42560K) NonClass: 36563K(36992K)->36563K(36992K) Class: 5141K(5568K)->5141K(5568K)
[2026-07-01T02:29:34.965+0000][71.735s][info][gc          ] GC(95) Pause Young (Mixed) (G1 Evacuation Pause) 340M->179M(360M) 24.781ms
[2026-07-01T02:29:34.965+0000][71.735s][info][gc,cpu      ] GC(95) User=0.05s Sys=0.00s Real=0.02s
[2026-07-01T02:29:36.210+0000][72.980s][info][gc,start    ] GC(96) Pause Young (Concurrent Start) (G1 Evacuation Pause)
[2026-07-01T02:29:36.210+0000][72.980s][info][gc,task     ] GC(96) Using 2 workers of 2 for evacuation
[2026-07-01T02:29:36.268+0000][73.038s][info][gc,phases   ] GC(96)   Pre Evacuate Collection Set: 0.23ms
[2026-07-01T02:29:36.268+0000][73.038s][info][gc,phases   ] GC(96)   Merge Heap Roots: 0.54ms
[2026-07-01T02:29:36.268+0000][73.038s][info][gc,phases   ] GC(96)   Evacuate Collection Set: 56.34ms
[2026-07-01T02:29:36.268+0000][73.038s][info][gc,phases   ] GC(96)   Post Evacuate Collection Set: 0.66ms
[2026-07-01T02:29:36.268+0000][73.038s][info][gc,phases   ] GC(96)   Other: 0.09ms
[2026-07-01T02:29:36.268+0000][73.038s][info][gc,heap     ] GC(96) Eden regions: 161->0(161)
[2026-07-01T02:29:36.268+0000][73.038s][info][gc,heap     ] GC(96) Survivor regions: 10->10(22)
[2026-07-01T02:29:36.268+0000][73.038s][info][gc,heap     ] GC(96) Old regions: 168->168
[2026-07-01T02:29:36.268+0000][73.038s][info][gc,heap     ] GC(96) Humongous regions: 3->3
[2026-07-01T02:29:36.268+0000][73.038s][info][gc,metaspace] GC(96) Metaspace: 41704K(42560K)->41704K(42560K) NonClass: 36563K(36992K)->36563K(36992K) Class: 5141K(5568K)->5141K(5568K)
[2026-07-01T02:29:36.268+0000][73.038s][info][gc          ] GC(96) Pause Young (Concurrent Start) (G1 Evacuation Pause) 340M->179M(360M) 58.053ms
[2026-07-01T02:29:36.268+0000][73.038s][info][gc          ] GC(97) Concurrent Mark Cycle
[2026-07-01T02:29:36.268+0000][73.038s][info][gc,cpu      ] GC(96) User=0.04s Sys=0.00s Real=0.05s
[2026-07-01T02:29:36.268+0000][73.038s][info][gc,marking  ] GC(97) Concurrent Scan Root Regions
[2026-07-01T02:29:36.283+0000][73.054s][info][gc,marking  ] GC(97) Concurrent Scan Root Regions 15.318ms
[2026-07-01T02:29:36.283+0000][73.054s][info][gc,marking  ] GC(97) Concurrent Mark
[2026-07-01T02:29:36.283+0000][73.054s][info][gc,marking  ] GC(97) Concurrent Mark From Roots
[2026-07-01T02:29:36.283+0000][73.054s][info][gc,task     ] GC(97) Using 1 workers of 1 for marking
[2026-07-01T02:29:36.660+0000][73.430s][info][gc,marking  ] GC(97) Concurrent Mark From Roots 376.633ms
[2026-07-01T02:29:36.660+0000][73.430s][info][gc,marking  ] GC(97) Concurrent Preclean
[2026-07-01T02:29:36.660+0000][73.431s][info][gc,marking  ] GC(97) Concurrent Preclean 0.255ms
[2026-07-01T02:29:36.662+0000][73.433s][info][gc,start    ] GC(97) Pause Remark
[2026-07-01T02:29:36.670+0000][73.440s][info][gc          ] GC(97) Pause Remark 223M->223M(360M) 7.385ms
[2026-07-01T02:29:36.670+0000][73.440s][info][gc,cpu      ] GC(97) User=0.01s Sys=0.00s Real=0.01s
[2026-07-01T02:29:36.673+0000][73.443s][info][gc,marking  ] GC(97) Concurrent Mark 389.470ms
[2026-07-01T02:29:36.673+0000][73.443s][info][gc,marking  ] GC(97) Concurrent Rebuild Remembered Sets and Scrub Regions
[2026-07-01T02:29:36.793+0000][73.563s][info][gc,marking  ] GC(97) Concurrent Rebuild Remembered Sets and Scrub Regions 119.918ms
[2026-07-01T02:29:36.793+0000][73.563s][info][gc,start    ] GC(97) Pause Cleanup
[2026-07-01T02:29:36.793+0000][73.564s][info][gc          ] GC(97) Pause Cleanup 233M->233M(360M) 0.206ms
[2026-07-01T02:29:36.793+0000][73.564s][info][gc,cpu      ] GC(97) User=0.00s Sys=0.00s Real=0.00s
[2026-07-01T02:29:36.793+0000][73.564s][info][gc,marking  ] GC(97) Concurrent Clear Claimed Marks
[2026-07-01T02:29:36.794+0000][73.564s][info][gc,marking  ] GC(97) Concurrent Clear Claimed Marks 0.088ms
[2026-07-01T02:29:36.794+0000][73.564s][info][gc,marking  ] GC(97) Concurrent Cleanup for Next Mark
[2026-07-01T02:29:36.795+0000][73.565s][info][gc,marking  ] GC(97) Concurrent Cleanup for Next Mark 1.042ms
[2026-07-01T02:29:36.795+0000][73.565s][info][gc          ] GC(97) Concurrent Mark Cycle 526.698ms
[2026-07-01T02:29:37.604+0000][74.375s][info][gc,start    ] GC(98) Pause Young (Prepare Mixed) (G1 Evacuation Pause)
[2026-07-01T02:29:37.604+0000][74.375s][info][gc,task     ] GC(98) Using 2 workers of 2 for evacuation
[2026-07-01T02:29:37.630+0000][74.400s][info][gc,phases   ] GC(98)   Pre Evacuate Collection Set: 0.17ms
[2026-07-01T02:29:37.630+0000][74.400s][info][gc,phases   ] GC(98)   Merge Heap Roots: 0.60ms
[2026-07-01T02:29:37.630+0000][74.400s][info][gc,phases   ] GC(98)   Evacuate Collection Set: 23.80ms
[2026-07-01T02:29:37.630+0000][74.400s][info][gc,phases   ] GC(98)   Post Evacuate Collection Set: 0.61ms
[2026-07-01T02:29:37.630+0000][74.400s][info][gc,phases   ] GC(98)   Other: 0.09ms
[2026-07-01T02:29:37.630+0000][74.400s][info][gc,heap     ] GC(98) Eden regions: 161->0(161)
[2026-07-01T02:29:37.630+0000][74.400s][info][gc,heap     ] GC(98) Survivor regions: 10->10(22)
[2026-07-01T02:29:37.630+0000][74.400s][info][gc,heap     ] GC(98) Old regions: 168->168
[2026-07-01T02:29:37.630+0000][74.400s][info][gc,heap     ] GC(98) Humongous regions: 3->3
[2026-07-01T02:29:37.630+0000][74.400s][info][gc,metaspace] GC(98) Metaspace: 41704K(42560K)->41704K(42560K) NonClass: 36563K(36992K)->36563K(36992K) Class: 5141K(5568K)->5141K(5568K)
[2026-07-01T02:29:37.630+0000][74.400s][info][gc          ] GC(98) Pause Young (Prepare Mixed) (G1 Evacuation Pause) 340M->180M(360M) 25.462ms
[2026-07-01T02:29:37.630+0000][74.400s][info][gc,cpu      ] GC(98) User=0.04s Sys=0.00s Real=0.03s
[2026-07-01T02:29:38.465+0000][75.235s][info][gc,start    ] GC(99) Pause Young (Mixed) (G1 Evacuation Pause)
[2026-07-01T02:29:38.465+0000][75.235s][info][gc,task     ] GC(99) Using 2 workers of 2 for evacuation
[2026-07-01T02:29:38.491+0000][75.261s][info][gc,phases   ] GC(99)   Pre Evacuate Collection Set: 0.18ms
[2026-07-01T02:29:38.491+0000][75.261s][info][gc,phases   ] GC(99)   Merge Heap Roots: 0.48ms
[2026-07-01T02:29:38.491+0000][75.261s][info][gc,phases   ] GC(99)   Evacuate Collection Set: 24.39ms
[2026-07-01T02:29:38.491+0000][75.261s][info][gc,phases   ] GC(99)   Post Evacuate Collection Set: 0.56ms
[2026-07-01T02:29:38.491+0000][75.261s][info][gc,phases   ] GC(99)   Other: 0.08ms
[2026-07-01T02:29:38.491+0000][75.261s][info][gc,heap     ] GC(99) Eden regions: 161->0(160)
[2026-07-01T02:29:38.491+0000][75.261s][info][gc,heap     ] GC(99) Survivor regions: 10->10(22)
[2026-07-01T02:29:38.491+0000][75.261s][info][gc,heap     ] GC(99) Old regions: 168->169
[2026-07-01T02:29:38.491+0000][75.261s][info][gc,heap     ] GC(99) Humongous regions: 3->3
[2026-07-01T02:29:38.491+0000][75.261s][info][gc,metaspace] GC(99) Metaspace: 41704K(42560K)->41704K(42560K) NonClass: 36563K(36992K)->36563K(36992K) Class: 5141K(5568K)->5141K(5568K)
[2026-07-01T02:29:38.491+0000][75.261s][info][gc          ] GC(99) Pause Young (Mixed) (G1 Evacuation Pause) 341M->180M(360M) 25.843ms
[2026-07-01T02:29:38.491+0000][75.261s][info][gc,cpu      ] GC(99) User=0.05s Sys=0.00s Real=0.03s
[2026-07-01T02:29:39.235+0000][76.005s][info][gc,start    ] GC(100) Pause Young (Concurrent Start) (G1 Evacuation Pause)
[2026-07-01T02:29:39.235+0000][76.005s][info][gc,task     ] GC(100) Using 2 workers of 2 for evacuation
[2026-07-01T02:29:39.258+0000][76.028s][info][gc,phases   ] GC(100)   Pre Evacuate Collection Set: 0.17ms
[2026-07-01T02:29:39.258+0000][76.028s][info][gc,phases   ] GC(100)   Merge Heap Roots: 0.37ms
[2026-07-01T02:29:39.258+0000][76.028s][info][gc,phases   ] GC(100)   Evacuate Collection Set: 22.21ms
[2026-07-01T02:29:39.258+0000][76.028s][info][gc,phases   ] GC(100)   Post Evacuate Collection Set: 0.47ms
[2026-07-01T02:29:39.258+0000][76.028s][info][gc,phases   ] GC(100)   Other: 0.08ms
[2026-07-01T02:29:39.258+0000][76.028s][info][gc,heap     ] GC(100) Eden regions: 160->0(160)
[2026-07-01T02:29:39.258+0000][76.028s][info][gc,heap     ] GC(100) Survivor regions: 10->10(22)
[2026-07-01T02:29:39.258+0000][76.028s][info][gc,heap     ] GC(100) Old regions: 169->169
[2026-07-01T02:29:39.258+0000][76.028s][info][gc,heap     ] GC(100) Humongous regions: 3->3
[2026-07-01T02:29:39.258+0000][76.028s][info][gc,metaspace] GC(100) Metaspace: 41704K(42560K)->41704K(42560K) NonClass: 36563K(36992K)->36563K(36992K) Class: 5141K(5568K)->5141K(5568K)
[2026-07-01T02:29:39.258+0000][76.028s][info][gc          ] GC(100) Pause Young (Concurrent Start) (G1 Evacuation Pause) 340M->181M(360M) 23.453ms
[2026-07-01T02:29:39.258+0000][76.028s][info][gc          ] GC(101) Concurrent Mark Cycle
[2026-07-01T02:29:39.258+0000][76.028s][info][gc,marking  ] GC(101) Concurrent Scan Root Regions
[2026-07-01T02:29:39.258+0000][76.028s][info][gc,cpu      ] GC(100) User=0.05s Sys=0.00s Real=0.02s
[2026-07-01T02:29:39.285+0000][76.055s][info][gc,marking  ] GC(101) Concurrent Scan Root Regions 26.954ms
[2026-07-01T02:29:39.285+0000][76.055s][info][gc,marking  ] GC(101) Concurrent Mark
[2026-07-01T02:29:39.285+0000][76.055s][info][gc,marking  ] GC(101) Concurrent Mark From Roots
[2026-07-01T02:29:39.285+0000][76.055s][info][gc,task     ] GC(101) Using 1 workers of 1 for marking
[2026-07-01T02:29:39.836+0000][76.606s][info][gc,marking  ] GC(101) Concurrent Mark From Roots 550.941ms
[2026-07-01T02:29:39.836+0000][76.606s][info][gc,marking  ] GC(101) Concurrent Preclean
[2026-07-01T02:29:39.837+0000][76.608s][info][gc,marking  ] GC(101) Concurrent Preclean 1.324ms
[2026-07-01T02:29:39.837+0000][76.608s][info][gc,start    ] GC(101) Pause Remark
[2026-07-01T02:29:39.844+0000][76.614s][info][gc          ] GC(101) Pause Remark 285M->285M(360M) 6.123ms
[2026-07-01T02:29:39.844+0000][76.614s][info][gc,cpu      ] GC(101) User=0.01s Sys=0.00s Real=0.01s
[2026-07-01T02:29:39.847+0000][76.617s][info][gc,marking  ] GC(101) Concurrent Mark 561.551ms
[2026-07-01T02:29:39.847+0000][76.617s][info][gc,marking  ] GC(101) Concurrent Rebuild Remembered Sets and Scrub Regions
[2026-07-01T02:29:40.140+0000][76.910s][info][gc,start    ] GC(102) Pause Young (Normal) (G1 Evacuation Pause)
[2026-07-01T02:29:40.140+0000][76.910s][info][gc,task     ] GC(102) Using 2 workers of 2 for evacuation
[2026-07-01T02:29:40.158+0000][76.928s][info][gc,phases   ] GC(102)   Pre Evacuate Collection Set: 0.26ms
[2026-07-01T02:29:40.158+0000][76.928s][info][gc,phases   ] GC(102)   Merge Heap Roots: 0.67ms
[2026-07-01T02:29:40.158+0000][76.928s][info][gc,phases   ] GC(102)   Evacuate Collection Set: 16.71ms
[2026-07-01T02:29:40.158+0000][76.928s][info][gc,phases   ] GC(102)   Post Evacuate Collection Set: 0.54ms
[2026-07-01T02:29:40.158+0000][76.928s][info][gc,phases   ] GC(102)   Other: 0.07ms
[2026-07-01T02:29:40.158+0000][76.928s][info][gc,heap     ] GC(102) Eden regions: 160->0(159)
[2026-07-01T02:29:40.158+0000][76.928s][info][gc,heap     ] GC(102) Survivor regions: 10->10(22)
[2026-07-01T02:29:40.158+0000][76.928s][info][gc,heap     ] GC(102) Old regions: 169->170
[2026-07-01T02:29:40.158+0000][76.928s][info][gc,heap     ] GC(102) Humongous regions: 3->3
[2026-07-01T02:29:40.158+0000][76.928s][info][gc,metaspace] GC(102) Metaspace: 41704K(42560K)->41704K(42560K) NonClass: 36563K(36992K)->36563K(36992K) Class: 5141K(5568K)->5141K(5568K)
[2026-07-01T02:29:40.158+0000][76.928s][info][gc          ] GC(102) Pause Young (Normal) (G1 Evacuation Pause) 341M->181M(360M) 18.418ms
[2026-07-01T02:29:40.158+0000][76.928s][info][gc,cpu      ] GC(102) User=0.03s Sys=0.00s Real=0.01s
[2026-07-01T02:29:40.175+0000][76.946s][info][gc,marking  ] GC(101) Concurrent Rebuild Remembered Sets and Scrub Regions 328.712ms
[2026-07-01T02:29:40.175+0000][76.946s][info][gc,start    ] GC(101) Pause Cleanup
[2026-07-01T02:29:40.176+0000][76.946s][info][gc          ] GC(101) Pause Cleanup 186M->186M(360M) 0.205ms
[2026-07-01T02:29:40.176+0000][76.946s][info][gc,cpu      ] GC(101) User=0.00s Sys=0.00s Real=0.00s
[2026-07-01T02:29:40.176+0000][76.947s][info][gc,marking  ] GC(101) Concurrent Clear Claimed Marks
[2026-07-01T02:29:40.177+0000][76.947s][info][gc,marking  ] GC(101) Concurrent Clear Claimed Marks 0.097ms
[2026-07-01T02:29:40.177+0000][76.947s][info][gc,marking  ] GC(101) Concurrent Cleanup for Next Mark
[2026-07-01T02:29:40.180+0000][76.950s][info][gc,marking  ] GC(101) Concurrent Cleanup for Next Mark 3.387ms
[2026-07-01T02:29:40.180+0000][76.950s][info][gc          ] GC(101) Concurrent Mark Cycle 922.031ms
[2026-07-01T02:29:40.894+0000][77.665s][info][gc,start    ] GC(103) Pause Young (Prepare Mixed) (G1 Evacuation Pause)
[2026-07-01T02:29:40.894+0000][77.665s][info][gc,task     ] GC(103) Using 2 workers of 2 for evacuation
[2026-07-01T02:29:40.918+0000][77.689s][info][gc,phases   ] GC(103)   Pre Evacuate Collection Set: 0.23ms
[2026-07-01T02:29:40.918+0000][77.689s][info][gc,phases   ] GC(103)   Merge Heap Roots: 0.42ms
[2026-07-01T02:29:40.918+0000][77.689s][info][gc,phases   ] GC(103)   Evacuate Collection Set: 22.80ms
[2026-07-01T02:29:40.918+0000][77.689s][info][gc,phases   ] GC(103)   Post Evacuate Collection Set: 0.58ms
[2026-07-01T02:29:40.918+0000][77.689s][info][gc,phases   ] GC(103)   Other: 0.06ms
[2026-07-01T02:29:40.918+0000][77.689s][info][gc,heap     ] GC(103) Eden regions: 159->0(159)
[2026-07-01T02:29:40.918+0000][77.689s][info][gc,heap     ] GC(103) Survivor regions: 10->10(22)
[2026-07-01T02:29:40.918+0000][77.689s][info][gc,heap     ] GC(103) Old regions: 170->170
[2026-07-01T02:29:40.918+0000][77.689s][info][gc,heap     ] GC(103) Humongous regions: 3->3
[2026-07-01T02:29:40.918+0000][77.689s][info][gc,metaspace] GC(103) Metaspace: 41704K(42560K)->41704K(42560K) NonClass: 36563K(36992K)->36563K(36992K) Class: 5141K(5568K)->5141K(5568K)
[2026-07-01T02:29:40.918+0000][77.689s][info][gc          ] GC(103) Pause Young (Prepare Mixed) (G1 Evacuation Pause) 340M->182M(360M) 24.288ms
[2026-07-01T02:29:40.918+0000][77.689s][info][gc,cpu      ] GC(103) User=0.04s Sys=0.01s Real=0.03s
[2026-07-01T02:29:41.644+0000][78.414s][info][gc,start    ] GC(104) Pause Young (Mixed) (G1 Evacuation Pause)
[2026-07-01T02:29:41.644+0000][78.414s][info][gc,task     ] GC(104) Using 2 workers of 2 for evacuation
[2026-07-01T02:29:41.668+0000][78.438s][info][gc,phases   ] GC(104)   Pre Evacuate Collection Set: 0.15ms
[2026-07-01T02:29:41.668+0000][78.438s][info][gc,phases   ] GC(104)   Merge Heap Roots: 0.38ms
[2026-07-01T02:29:41.668+0000][78.438s][info][gc,phases   ] GC(104)   Evacuate Collection Set: 22.51ms
[2026-07-01T02:29:41.668+0000][78.438s][info][gc,phases   ] GC(104)   Post Evacuate Collection Set: 0.48ms
[2026-07-01T02:29:41.668+0000][78.438s][info][gc,phases   ] GC(104)   Other: 0.08ms
[2026-07-01T02:29:41.668+0000][78.438s][info][gc,heap     ] GC(104) Eden regions: 159->0(158)
[2026-07-01T02:29:41.668+0000][78.438s][info][gc,heap     ] GC(104) Survivor regions: 10->10(22)
[2026-07-01T02:29:41.668+0000][78.438s][info][gc,heap     ] GC(104) Old regions: 170->171
[2026-07-01T02:29:41.668+0000][78.438s][info][gc,heap     ] GC(104) Humongous regions: 3->3
[2026-07-01T02:29:41.668+0000][78.438s][info][gc,metaspace] GC(104) Metaspace: 41705K(42560K)->41705K(42560K) NonClass: 36564K(36992K)->36564K(36992K) Class: 5141K(5568K)->5141K(5568K)
[2026-07-01T02:29:41.668+0000][78.438s][info][gc          ] GC(104) Pause Young (Mixed) (G1 Evacuation Pause) 341M->183M(360M) 23.762ms
[2026-07-01T02:29:41.668+0000][78.438s][info][gc,cpu      ] GC(104) User=0.05s Sys=0.00s Real=0.02s
[2026-07-01T02:29:42.402+0000][79.172s][info][gc,start    ] GC(105) Pause Young (Concurrent Start) (G1 Evacuation Pause)
[2026-07-01T02:29:42.402+0000][79.172s][info][gc,task     ] GC(105) Using 2 workers of 2 for evacuation
[2026-07-01T02:29:42.427+0000][79.197s][info][gc,phases   ] GC(105)   Pre Evacuate Collection Set: 0.24ms
[2026-07-01T02:29:42.427+0000][79.197s][info][gc,phases   ] GC(105)   Merge Heap Roots: 0.68ms
[2026-07-01T02:29:42.427+0000][79.197s][info][gc,phases   ] GC(105)   Evacuate Collection Set: 23.55ms
[2026-07-01T02:29:42.427+0000][79.197s][info][gc,phases   ] GC(105)   Post Evacuate Collection Set: 0.44ms
[2026-07-01T02:29:42.427+0000][79.197s][info][gc,phases   ] GC(105)   Other: 0.10ms
[2026-07-01T02:29:42.427+0000][79.197s][info][gc,heap     ] GC(105) Eden regions: 158->0(158)
[2026-07-01T02:29:42.427+0000][79.197s][info][gc,heap     ] GC(105) Survivor regions: 10->10(21)
[2026-07-01T02:29:42.427+0000][79.197s][info][gc,heap     ] GC(105) Old regions: 171->171
[2026-07-01T02:29:42.427+0000][79.197s][info][gc,heap     ] GC(105) Humongous regions: 3->3
[2026-07-01T02:29:42.427+0000][79.197s][info][gc,metaspace] GC(105) Metaspace: 41707K(42560K)->41707K(42560K) NonClass: 36565K(36992K)->36565K(36992K) Class: 5141K(5568K)->5141K(5568K)
[2026-07-01T02:29:42.427+0000][79.197s][info][gc          ] GC(105) Pause Young (Concurrent Start) (G1 Evacuation Pause) 341M->183M(360M) 25.165ms
[2026-07-01T02:29:42.427+0000][79.197s][info][gc          ] GC(106) Concurrent Mark Cycle
[2026-07-01T02:29:42.427+0000][79.197s][info][gc,cpu      ] GC(105) User=0.05s Sys=0.00s Real=0.02s
[2026-07-01T02:29:42.427+0000][79.197s][info][gc,marking  ] GC(106) Concurrent Scan Root Regions
[2026-07-01T02:29:42.455+0000][79.225s][info][gc,marking  ] GC(106) Concurrent Scan Root Regions 27.921ms
[2026-07-01T02:29:42.455+0000][79.226s][info][gc,marking  ] GC(106) Concurrent Mark
[2026-07-01T02:29:42.455+0000][79.226s][info][gc,marking  ] GC(106) Concurrent Mark From Roots
[2026-07-01T02:29:42.455+0000][79.226s][info][gc,task     ] GC(106) Using 1 workers of 1 for marking
[2026-07-01T02:29:42.963+0000][79.734s][info][gc,marking  ] GC(106) Concurrent Mark From Roots 507.913ms
[2026-07-01T02:29:42.963+0000][79.734s][info][gc,marking  ] GC(106) Concurrent Preclean
[2026-07-01T02:29:42.963+0000][79.734s][info][gc,marking  ] GC(106) Concurrent Preclean 0.203ms
[2026-07-01T02:29:42.964+0000][79.734s][info][gc,start    ] GC(106) Pause Remark
[2026-07-01T02:29:42.970+0000][79.740s][info][gc          ] GC(106) Pause Remark 272M->272M(360M) 6.343ms
[2026-07-01T02:29:42.970+0000][79.740s][info][gc,cpu      ] GC(106) User=0.01s Sys=0.00s Real=0.01s
[2026-07-01T02:29:42.973+0000][79.744s][info][gc,marking  ] GC(106) Concurrent Mark 518.126ms
[2026-07-01T02:29:42.973+0000][79.744s][info][gc,marking  ] GC(106) Concurrent Rebuild Remembered Sets and Scrub Regions
[2026-07-01T02:29:43.156+0000][79.927s][info][gc,marking  ] GC(106) Concurrent Rebuild Remembered Sets and Scrub Regions 183.064ms
[2026-07-01T02:29:43.157+0000][79.927s][info][gc,start    ] GC(106) Pause Cleanup
[2026-07-01T02:29:43.157+0000][79.927s][info][gc          ] GC(106) Pause Cleanup 304M->304M(360M) 0.168ms
[2026-07-01T02:29:43.157+0000][79.927s][info][gc,cpu      ] GC(106) User=0.00s Sys=0.00s Real=0.00s
[2026-07-01T02:29:43.162+0000][79.932s][info][gc,marking  ] GC(106) Concurrent Clear Claimed Marks
[2026-07-01T02:29:43.162+0000][79.932s][info][gc,marking  ] GC(106) Concurrent Clear Claimed Marks 0.110ms
[2026-07-01T02:29:43.162+0000][79.932s][info][gc,marking  ] GC(106) Concurrent Cleanup for Next Mark
[2026-07-01T02:29:43.162+0000][79.933s][info][gc,marking  ] GC(106) Concurrent Cleanup for Next Mark 0.610ms
[2026-07-01T02:29:43.162+0000][79.933s][info][gc          ] GC(106) Concurrent Mark Cycle 735.362ms
[2026-07-01T02:29:43.335+0000][80.106s][info][gc,start    ] GC(107) Pause Young (Prepare Mixed) (G1 Evacuation Pause)
[2026-07-01T02:29:43.335+0000][80.106s][info][gc,task     ] GC(107) Using 2 workers of 2 for evacuation
[2026-07-01T02:29:43.360+0000][80.131s][info][gc,phases   ] GC(107)   Pre Evacuate Collection Set: 0.19ms
[2026-07-01T02:29:43.360+0000][80.131s][info][gc,phases   ] GC(107)   Merge Heap Roots: 1.37ms
[2026-07-01T02:29:43.361+0000][80.131s][info][gc,phases   ] GC(107)   Evacuate Collection Set: 22.84ms
[2026-07-01T02:29:43.361+0000][80.131s][info][gc,phases   ] GC(107)   Post Evacuate Collection Set: 0.53ms
[2026-07-01T02:29:43.361+0000][80.131s][info][gc,phases   ] GC(107)   Other: 0.06ms
[2026-07-01T02:29:43.361+0000][80.131s][info][gc,heap     ] GC(107) Eden regions: 158->0(157)
[2026-07-01T02:29:43.361+0000][80.131s][info][gc,heap     ] GC(107) Survivor regions: 10->10(21)
[2026-07-01T02:29:43.361+0000][80.131s][info][gc,heap     ] GC(107) Old regions: 171->172
[2026-07-01T02:29:43.361+0000][80.131s][info][gc,heap     ] GC(107) Humongous regions: 3->3
[2026-07-01T02:29:43.361+0000][80.131s][info][gc,metaspace] GC(107) Metaspace: 41707K(42560K)->41707K(42560K) NonClass: 36566K(36992K)->36566K(36992K) Class: 5141K(5568K)->5141K(5568K)
[2026-07-01T02:29:43.361+0000][80.131s][info][gc          ] GC(107) Pause Young (Prepare Mixed) (G1 Evacuation Pause) 341M->184M(360M) 25.165ms
[2026-07-01T02:29:43.361+0000][80.131s][info][gc,cpu      ] GC(107) User=0.05s Sys=0.00s Real=0.03s
[2026-07-01T02:29:44.126+0000][80.897s][info][gc,start    ] GC(108) Pause Young (Mixed) (G1 Evacuation Pause)
[2026-07-01T02:29:44.126+0000][80.897s][info][gc,task     ] GC(108) Using 2 workers of 2 for evacuation
[2026-07-01T02:29:44.162+0000][80.932s][info][gc,phases   ] GC(108)   Pre Evacuate Collection Set: 0.19ms
[2026-07-01T02:29:44.162+0000][80.932s][info][gc,phases   ] GC(108)   Merge Heap Roots: 0.59ms
[2026-07-01T02:29:44.162+0000][80.932s][info][gc,phases   ] GC(108)   Evacuate Collection Set: 34.29ms
[2026-07-01T02:29:44.162+0000][80.932s][info][gc,phases   ] GC(108)   Post Evacuate Collection Set: 0.50ms
[2026-07-01T02:29:44.162+0000][80.932s][info][gc,phases   ] GC(108)   Other: 0.08ms
[2026-07-01T02:29:44.162+0000][80.932s][info][gc,heap     ] GC(108) Eden regions: 157->0(157)
[2026-07-01T02:29:44.162+0000][80.932s][info][gc,heap     ] GC(108) Survivor regions: 10->10(21)
[2026-07-01T02:29:44.162+0000][80.932s][info][gc,heap     ] GC(108) Old regions: 172->172
[2026-07-01T02:29:44.162+0000][80.932s][info][gc,heap     ] GC(108) Humongous regions: 3->3
[2026-07-01T02:29:44.162+0000][80.932s][info][gc,metaspace] GC(108) Metaspace: 41707K(42560K)->41707K(42560K) NonClass: 36566K(36992K)->36566K(36992K) Class: 5141K(5568K)->5141K(5568K)
[2026-07-01T02:29:44.162+0000][80.932s][info][gc          ] GC(108) Pause Young (Mixed) (G1 Evacuation Pause) 341M->184M(360M) 35.836ms
[2026-07-01T02:29:44.162+0000][80.932s][info][gc,cpu      ] GC(108) User=0.05s Sys=0.00s Real=0.04s
[2026-07-01T02:29:45.332+0000][82.102s][info][gc,start    ] GC(109) Pause Young (Concurrent Start) (G1 Evacuation Pause)
[2026-07-01T02:29:45.332+0000][82.102s][info][gc,task     ] GC(109) Using 2 workers of 2 for evacuation
[2026-07-01T02:29:45.357+0000][82.127s][info][gc,phases   ] GC(109)   Pre Evacuate Collection Set: 0.19ms
[2026-07-01T02:29:45.357+0000][82.127s][info][gc,phases   ] GC(109)   Merge Heap Roots: 0.35ms
[2026-07-01T02:29:45.357+0000][82.127s][info][gc,phases   ] GC(109)   Evacuate Collection Set: 24.01ms
[2026-07-01T02:29:45.357+0000][82.127s][info][gc,phases   ] GC(109)   Post Evacuate Collection Set: 0.55ms
[2026-07-01T02:29:45.357+0000][82.127s][info][gc,phases   ] GC(109)   Other: 0.08ms
[2026-07-01T02:29:45.357+0000][82.127s][info][gc,heap     ] GC(109) Eden regions: 157->0(156)
[2026-07-01T02:29:45.357+0000][82.127s][info][gc,heap     ] GC(109) Survivor regions: 10->10(21)
[2026-07-01T02:29:45.357+0000][82.127s][info][gc,heap     ] GC(109) Old regions: 172->173
[2026-07-01T02:29:45.357+0000][82.127s][info][gc,heap     ] GC(109) Humongous regions: 3->3
[2026-07-01T02:29:45.357+0000][82.127s][info][gc,metaspace] GC(109) Metaspace: 41707K(42560K)->41707K(42560K) NonClass: 36566K(36992K)->36566K(36992K) Class: 5141K(5568K)->5141K(5568K)
[2026-07-01T02:29:45.357+0000][82.128s][info][gc          ] GC(109) Pause Young (Concurrent Start) (G1 Evacuation Pause) 341M->184M(360M) 25.383ms
[2026-07-01T02:29:45.357+0000][82.128s][info][gc,cpu      ] GC(109) User=0.04s Sys=0.00s Real=0.02s
[2026-07-01T02:29:45.360+0000][82.131s][info][gc          ] GC(110) Concurrent Mark Cycle
[2026-07-01T02:29:45.360+0000][82.131s][info][gc,marking  ] GC(110) Concurrent Scan Root Regions
[2026-07-01T02:29:45.391+0000][82.161s][info][gc,marking  ] GC(110) Concurrent Scan Root Regions 30.435ms
[2026-07-01T02:29:45.391+0000][82.161s][info][gc,marking  ] GC(110) Concurrent Mark
[2026-07-01T02:29:45.391+0000][82.161s][info][gc,marking  ] GC(110) Concurrent Mark From Roots
[2026-07-01T02:29:45.391+0000][82.161s][info][gc,task     ] GC(110) Using 1 workers of 1 for marking
[2026-07-01T02:29:45.757+0000][82.527s][info][gc,marking  ] GC(110) Concurrent Mark From Roots 365.964ms
[2026-07-01T02:29:45.757+0000][82.527s][info][gc,marking  ] GC(110) Concurrent Preclean
[2026-07-01T02:29:45.757+0000][82.528s][info][gc,marking  ] GC(110) Concurrent Preclean 0.171ms
[2026-07-01T02:29:45.757+0000][82.528s][info][gc,start    ] GC(110) Pause Remark
[2026-07-01T02:29:45.764+0000][82.535s][info][gc          ] GC(110) Pause Remark 229M->229M(360M) 6.874ms
[2026-07-01T02:29:45.764+0000][82.535s][info][gc,cpu      ] GC(110) User=0.02s Sys=0.00s Real=0.01s
[2026-07-01T02:29:45.767+0000][82.538s][info][gc,marking  ] GC(110) Concurrent Mark 376.133ms
[2026-07-01T02:29:45.767+0000][82.538s][info][gc,marking  ] GC(110) Concurrent Rebuild Remembered Sets and Scrub Regions
[2026-07-01T02:29:45.917+0000][82.688s][info][gc,marking  ] GC(110) Concurrent Rebuild Remembered Sets and Scrub Regions 150.155ms
[2026-07-01T02:29:45.917+0000][82.688s][info][gc,start    ] GC(110) Pause Cleanup
[2026-07-01T02:29:45.917+0000][82.688s][info][gc          ] GC(110) Pause Cleanup 244M->244M(360M) 0.139ms
[2026-07-01T02:29:45.918+0000][82.688s][info][gc,cpu      ] GC(110) User=0.00s Sys=0.00s Real=0.00s
[2026-07-01T02:29:45.918+0000][82.688s][info][gc,marking  ] GC(110) Concurrent Clear Claimed Marks
[2026-07-01T02:29:45.918+0000][82.688s][info][gc,marking  ] GC(110) Concurrent Clear Claimed Marks 0.072ms
[2026-07-01T02:29:45.918+0000][82.688s][info][gc,marking  ] GC(110) Concurrent Cleanup for Next Mark
[2026-07-01T02:29:45.918+0000][82.689s][info][gc,marking  ] GC(110) Concurrent Cleanup for Next Mark 0.830ms
[2026-07-01T02:29:45.918+0000][82.689s][info][gc          ] GC(110) Concurrent Mark Cycle 558.021ms
[2026-07-01T02:29:46.663+0000][83.434s][info][gc,start    ] GC(111) Pause Young (Prepare Mixed) (G1 Evacuation Pause)
[2026-07-01T02:29:46.663+0000][83.434s][info][gc,task     ] GC(111) Using 2 workers of 2 for evacuation
[2026-07-01T02:29:46.713+0000][83.484s][info][gc,phases   ] GC(111)   Pre Evacuate Collection Set: 0.18ms
[2026-07-01T02:29:46.713+0000][83.484s][info][gc,phases   ] GC(111)   Merge Heap Roots: 0.60ms
[2026-07-01T02:29:46.713+0000][83.484s][info][gc,phases   ] GC(111)   Evacuate Collection Set: 47.88ms
[2026-07-01T02:29:46.713+0000][83.484s][info][gc,phases   ] GC(111)   Post Evacuate Collection Set: 0.98ms
[2026-07-01T02:29:46.713+0000][83.484s][info][gc,phases   ] GC(111)   Other: 0.06ms
[2026-07-01T02:29:46.713+0000][83.484s][info][gc,heap     ] GC(111) Eden regions: 156->0(155)
[2026-07-01T02:29:46.713+0000][83.484s][info][gc,heap     ] GC(111) Survivor regions: 10->10(21)
[2026-07-01T02:29:46.713+0000][83.484s][info][gc,heap     ] GC(111) Old regions: 173->174
[2026-07-01T02:29:46.713+0000][83.484s][info][gc,heap     ] GC(111) Humongous regions: 3->3
[2026-07-01T02:29:46.713+0000][83.484s][info][gc,metaspace] GC(111) Metaspace: 41712K(42560K)->41712K(42560K) NonClass: 36570K(36992K)->36570K(36992K) Class: 5141K(5568K)->5141K(5568K)
[2026-07-01T02:29:46.713+0000][83.484s][info][gc          ] GC(111) Pause Young (Prepare Mixed) (G1 Evacuation Pause) 340M->185M(360M) 49.881ms
[2026-07-01T02:29:46.713+0000][83.484s][info][gc,cpu      ] GC(111) User=0.05s Sys=0.00s Real=0.05s
[2026-07-01T02:29:47.834+0000][84.605s][info][gc,start    ] GC(112) Pause Young (Mixed) (G1 Evacuation Pause)
[2026-07-01T02:29:47.834+0000][84.605s][info][gc,task     ] GC(112) Using 2 workers of 2 for evacuation
[2026-07-01T02:29:47.865+0000][84.635s][info][gc,phases   ] GC(112)   Pre Evacuate Collection Set: 0.25ms
[2026-07-01T02:29:47.865+0000][84.635s][info][gc,phases   ] GC(112)   Merge Heap Roots: 0.73ms
[2026-07-01T02:29:47.865+0000][84.635s][info][gc,phases   ] GC(112)   Evacuate Collection Set: 28.44ms
[2026-07-01T02:29:47.865+0000][84.635s][info][gc,phases   ] GC(112)   Post Evacuate Collection Set: 0.55ms
[2026-07-01T02:29:47.865+0000][84.635s][info][gc,phases   ] GC(112)   Other: 0.06ms
[2026-07-01T02:29:47.865+0000][84.635s][info][gc,heap     ] GC(112) Eden regions: 155->0(156)
[2026-07-01T02:29:47.865+0000][84.635s][info][gc,heap     ] GC(112) Survivor regions: 10->9(21)
[2026-07-01T02:29:47.865+0000][84.635s][info][gc,heap     ] GC(112) Old regions: 174->174
[2026-07-01T02:29:47.865+0000][84.635s][info][gc,heap     ] GC(112) Humongous regions: 3->3
[2026-07-01T02:29:47.865+0000][84.635s][info][gc,metaspace] GC(112) Metaspace: 41712K(42560K)->41712K(42560K) NonClass: 36570K(36992K)->36570K(36992K) Class: 5141K(5568K)->5141K(5568K)
[2026-07-01T02:29:47.865+0000][84.635s][info][gc          ] GC(112) Pause Young (Mixed) (G1 Evacuation Pause) 340M->185M(360M) 30.234ms
[2026-07-01T02:29:47.865+0000][84.635s][info][gc,cpu      ] GC(112) User=0.05s Sys=0.01s Real=0.03s
[2026-07-01T02:29:49.021+0000][85.792s][info][gc,start    ] GC(113) Pause Young (Concurrent Start) (G1 Evacuation Pause)
[2026-07-01T02:29:49.021+0000][85.792s][info][gc,task     ] GC(113) Using 2 workers of 2 for evacuation
[2026-07-01T02:29:49.047+0000][85.817s][info][gc,phases   ] GC(113)   Pre Evacuate Collection Set: 0.20ms
[2026-07-01T02:29:49.047+0000][85.817s][info][gc,phases   ] GC(113)   Merge Heap Roots: 0.43ms
[2026-07-01T02:29:49.047+0000][85.817s][info][gc,phases   ] GC(113)   Evacuate Collection Set: 23.85ms
[2026-07-01T02:29:49.047+0000][85.817s][info][gc,phases   ] GC(113)   Post Evacuate Collection Set: 0.56ms
[2026-07-01T02:29:49.047+0000][85.817s][info][gc,phases   ] GC(113)   Other: 0.10ms
[2026-07-01T02:29:49.047+0000][85.817s][info][gc,heap     ] GC(113) Eden regions: 156->0(155)
[2026-07-01T02:29:49.047+0000][85.817s][info][gc,heap     ] GC(113) Survivor regions: 9->9(21)
[2026-07-01T02:29:49.047+0000][85.817s][info][gc,heap     ] GC(113) Old regions: 174->175
[2026-07-01T02:29:49.047+0000][85.817s][info][gc,heap     ] GC(113) Humongous regions: 3->3
[2026-07-01T02:29:49.047+0000][85.817s][info][gc,metaspace] GC(113) Metaspace: 41712K(42560K)->41712K(42560K) NonClass: 36570K(36992K)->36570K(36992K) Class: 5141K(5568K)->5141K(5568K)
[2026-07-01T02:29:49.047+0000][85.817s][info][gc          ] GC(113) Pause Young (Concurrent Start) (G1 Evacuation Pause) 341M->186M(360M) 25.325ms
[2026-07-01T02:29:49.047+0000][85.817s][info][gc          ] GC(114) Concurrent Mark Cycle
[2026-07-01T02:29:49.047+0000][85.817s][info][gc,marking  ] GC(114) Concurrent Scan Root Regions
[2026-07-01T02:29:49.047+0000][85.817s][info][gc,cpu      ] GC(113) User=0.05s Sys=0.00s Real=0.02s
[2026-07-01T02:29:49.071+0000][85.841s][info][gc,marking  ] GC(114) Concurrent Scan Root Regions 23.964ms
[2026-07-01T02:29:49.071+0000][85.841s][info][gc,marking  ] GC(114) Concurrent Mark
[2026-07-01T02:29:49.071+0000][85.841s][info][gc,marking  ] GC(114) Concurrent Mark From Roots
[2026-07-01T02:29:49.071+0000][85.841s][info][gc,task     ] GC(114) Using 1 workers of 1 for marking
[2026-07-01T02:29:49.439+0000][86.209s][info][gc,marking  ] GC(114) Concurrent Mark From Roots 368.075ms
[2026-07-01T02:29:49.439+0000][86.209s][info][gc,marking  ] GC(114) Concurrent Preclean
[2026-07-01T02:29:49.439+0000][86.210s][info][gc,marking  ] GC(114) Concurrent Preclean 0.248ms
[2026-07-01T02:29:49.440+0000][86.210s][info][gc,start    ] GC(114) Pause Remark
[2026-07-01T02:29:49.450+0000][86.220s][info][gc          ] GC(114) Pause Remark 228M->228M(360M) 10.153ms
[2026-07-01T02:29:49.450+0000][86.220s][info][gc,cpu      ] GC(114) User=0.01s Sys=0.00s Real=0.01s
[2026-07-01T02:29:49.452+0000][86.222s][info][gc,marking  ] GC(114) Concurrent Mark 381.242ms
[2026-07-01T02:29:49.452+0000][86.222s][info][gc,marking  ] GC(114) Concurrent Rebuild Remembered Sets and Scrub Regions
[2026-07-01T02:29:49.613+0000][86.383s][info][gc,marking  ] GC(114) Concurrent Rebuild Remembered Sets and Scrub Regions 160.742ms
[2026-07-01T02:29:49.613+0000][86.383s][info][gc,start    ] GC(114) Pause Cleanup
[2026-07-01T02:29:49.613+0000][86.383s][info][gc          ] GC(114) Pause Cleanup 245M->245M(360M) 0.165ms
[2026-07-01T02:29:49.613+0000][86.383s][info][gc,cpu      ] GC(114) User=0.00s Sys=0.00s Real=0.00s
[2026-07-01T02:29:49.613+0000][86.384s][info][gc,marking  ] GC(114) Concurrent Clear Claimed Marks
[2026-07-01T02:29:49.613+0000][86.384s][info][gc,marking  ] GC(114) Concurrent Clear Claimed Marks 0.083ms
[2026-07-01T02:29:49.613+0000][86.384s][info][gc,marking  ] GC(114) Concurrent Cleanup for Next Mark
[2026-07-01T02:29:49.614+0000][86.384s][info][gc,marking  ] GC(114) Concurrent Cleanup for Next Mark 0.578ms
[2026-07-01T02:29:49.614+0000][86.384s][info][gc          ] GC(114) Concurrent Mark Cycle 567.151ms
[2026-07-01T02:29:50.196+0000][86.967s][info][gc,start    ] GC(115) Pause Young (Prepare Mixed) (G1 Evacuation Pause)
[2026-07-01T02:29:50.196+0000][86.967s][info][gc,task     ] GC(115) Using 2 workers of 2 for evacuation
[2026-07-01T02:29:50.220+0000][86.991s][info][gc,phases   ] GC(115)   Pre Evacuate Collection Set: 0.20ms
[2026-07-01T02:29:50.220+0000][86.991s][info][gc,phases   ] GC(115)   Merge Heap Roots: 1.13ms
[2026-07-01T02:29:50.220+0000][86.991s][info][gc,phases   ] GC(115)   Evacuate Collection Set: 21.75ms
[2026-07-01T02:29:50.220+0000][86.991s][info][gc,phases   ] GC(115)   Post Evacuate Collection Set: 0.45ms
[2026-07-01T02:29:50.220+0000][86.991s][info][gc,phases   ] GC(115)   Other: 0.10ms
[2026-07-01T02:29:50.220+0000][86.991s][info][gc,heap     ] GC(115) Eden regions: 155->0(155)
[2026-07-01T02:29:50.220+0000][86.991s][info][gc,heap     ] GC(115) Survivor regions: 9->9(21)
[2026-07-01T02:29:50.220+0000][86.991s][info][gc,heap     ] GC(115) Old regions: 175->175
[2026-07-01T02:29:50.220+0000][86.991s][info][gc,heap     ] GC(115) Humongous regions: 3->3
[2026-07-01T02:29:50.220+0000][86.991s][info][gc,metaspace] GC(115) Metaspace: 41712K(42560K)->41712K(42560K) NonClass: 36570K(36992K)->36570K(36992K) Class: 5141K(5568K)->5141K(5568K)
[2026-07-01T02:29:50.220+0000][86.991s][info][gc          ] GC(115) Pause Young (Prepare Mixed) (G1 Evacuation Pause) 341M->186M(360M) 23.790ms
[2026-07-01T02:29:50.220+0000][86.991s][info][gc,cpu      ] GC(115) User=0.04s Sys=0.00s Real=0.03s
[2026-07-01T02:29:50.977+0000][87.747s][info][gc,start    ] GC(116) Pause Young (Mixed) (G1 Evacuation Pause)
[2026-07-01T02:29:50.977+0000][87.747s][info][gc,task     ] GC(116) Using 2 workers of 2 for evacuation
[2026-07-01T02:29:51.003+0000][87.774s][info][gc,phases   ] GC(116)   Pre Evacuate Collection Set: 0.16ms
[2026-07-01T02:29:51.003+0000][87.774s][info][gc,phases   ] GC(116)   Merge Heap Roots: 0.45ms
[2026-07-01T02:29:51.003+0000][87.774s][info][gc,phases   ] GC(116)   Evacuate Collection Set: 24.68ms
[2026-07-01T02:29:51.003+0000][87.774s][info][gc,phases   ] GC(116)   Post Evacuate Collection Set: 0.96ms
[2026-07-01T02:29:51.003+0000][87.774s][info][gc,phases   ] GC(116)   Other: 0.06ms
[2026-07-01T02:29:51.003+0000][87.774s][info][gc,heap     ] GC(116) Eden regions: 155->0(235)
[2026-07-01T02:29:51.003+0000][87.774s][info][gc,heap     ] GC(116) Survivor regions: 9->9(21)
[2026-07-01T02:29:51.003+0000][87.774s][info][gc,heap     ] GC(116) Old regions: 175->175
[2026-07-01T02:29:51.003+0000][87.774s][info][gc,heap     ] GC(116) Humongous regions: 3->3
[2026-07-01T02:29:51.003+0000][87.774s][info][gc,metaspace] GC(116) Metaspace: 41712K(42560K)->41712K(42560K) NonClass: 36570K(36992K)->36570K(36992K) Class: 5141K(5568K)->5141K(5568K)
[2026-07-01T02:29:51.003+0000][87.774s][info][gc          ] GC(116) Pause Young (Mixed) (G1 Evacuation Pause) 341M->186M(445M) 26.485ms
[2026-07-01T02:29:51.004+0000][87.774s][info][gc,cpu      ] GC(116) User=0.05s Sys=0.00s Real=0.03s
[2026-07-01T02:29:52.118+0000][88.889s][info][gc,start    ] GC(117) Pause Young (Concurrent Start) (G1 Evacuation Pause)
[2026-07-01T02:29:52.118+0000][88.889s][info][gc,task     ] GC(117) Using 2 workers of 2 for evacuation
[2026-07-01T02:29:52.136+0000][88.907s][info][gc,phases   ] GC(117)   Pre Evacuate Collection Set: 0.20ms
[2026-07-01T02:29:52.136+0000][88.907s][info][gc,phases   ] GC(117)   Merge Heap Roots: 0.30ms
[2026-07-01T02:29:52.136+0000][88.907s][info][gc,phases   ] GC(117)   Evacuate Collection Set: 16.52ms
[2026-07-01T02:29:52.136+0000][88.907s][info][gc,phases   ] GC(117)   Post Evacuate Collection Set: 0.52ms
[2026-07-01T02:29:52.136+0000][88.907s][info][gc,phases   ] GC(117)   Other: 0.10ms
[2026-07-01T02:29:52.136+0000][88.907s][info][gc,heap     ] GC(117) Eden regions: 235->0(233)
[2026-07-01T02:29:52.136+0000][88.907s][info][gc,heap     ] GC(117) Survivor regions: 9->10(31)
[2026-07-01T02:29:52.136+0000][88.907s][info][gc,heap     ] GC(117) Old regions: 175->176
[2026-07-01T02:29:52.136+0000][88.907s][info][gc,heap     ] GC(117) Humongous regions: 3->3
[2026-07-01T02:29:52.136+0000][88.907s][info][gc,metaspace] GC(117) Metaspace: 41712K(42560K)->41712K(42560K) NonClass: 36570K(36992K)->36570K(36992K) Class: 5141K(5568K)->5141K(5568K)
[2026-07-01T02:29:52.136+0000][88.907s][info][gc          ] GC(117) Pause Young (Concurrent Start) (G1 Evacuation Pause) 421M->188M(445M) 17.855ms
[2026-07-01T02:29:52.136+0000][88.907s][info][gc,cpu      ] GC(117) User=0.04s Sys=0.00s Real=0.01s
[2026-07-01T02:29:52.137+0000][88.908s][info][gc          ] GC(118) Concurrent Mark Cycle
[2026-07-01T02:29:52.138+0000][88.908s][info][gc,marking  ] GC(118) Concurrent Scan Root Regions
[2026-07-01T02:29:52.170+0000][88.940s][info][gc,marking  ] GC(118) Concurrent Scan Root Regions 32.016ms
[2026-07-01T02:29:52.170+0000][88.940s][info][gc,marking  ] GC(118) Concurrent Mark
[2026-07-01T02:29:52.170+0000][88.940s][info][gc,marking  ] GC(118) Concurrent Mark From Roots
[2026-07-01T02:29:52.170+0000][88.940s][info][gc,task     ] GC(118) Using 1 workers of 1 for marking
[2026-07-01T02:29:52.673+0000][89.444s][info][gc,marking  ] GC(118) Concurrent Mark From Roots 503.477ms
[2026-07-01T02:29:52.673+0000][89.444s][info][gc,marking  ] GC(118) Concurrent Preclean
[2026-07-01T02:29:52.674+0000][89.444s][info][gc,marking  ] GC(118) Concurrent Preclean 0.173ms
[2026-07-01T02:29:52.674+0000][89.444s][info][gc,start    ] GC(118) Pause Remark
[2026-07-01T02:29:52.680+0000][89.450s][info][gc,heap     ] GC(118) Heap shrink completed: uncommitted 67 regions (67MB), heap size now 378MB
[2026-07-01T02:29:52.680+0000][89.450s][info][gc          ] GC(118) Pause Remark 281M->281M(378M) 5.840ms
[2026-07-01T02:29:52.680+0000][89.450s][info][gc,cpu      ] GC(118) User=0.02s Sys=0.00s Real=0.01s
[2026-07-01T02:29:52.684+0000][89.455s][info][gc,marking  ] GC(118) Concurrent Mark 514.219ms
[2026-07-01T02:29:52.684+0000][89.455s][info][gc,marking  ] GC(118) Concurrent Rebuild Remembered Sets and Scrub Regions
[2026-07-01T02:29:52.876+0000][89.646s][info][gc,marking  ] GC(118) Concurrent Rebuild Remembered Sets and Scrub Regions 191.516ms
[2026-07-01T02:29:52.876+0000][89.647s][info][gc,start    ] GC(118) Pause Cleanup
[2026-07-01T02:29:52.876+0000][89.647s][info][gc          ] GC(118) Pause Cleanup 315M->315M(378M) 0.231ms
[2026-07-01T02:29:52.876+0000][89.647s][info][gc,cpu      ] GC(118) User=0.00s Sys=0.00s Real=0.00s
[2026-07-01T02:29:52.877+0000][89.647s][info][gc,marking  ] GC(118) Concurrent Clear Claimed Marks
[2026-07-01T02:29:52.877+0000][89.648s][info][gc,marking  ] GC(118) Concurrent Clear Claimed Marks 0.113ms
[2026-07-01T02:29:52.877+0000][89.648s][info][gc,marking  ] GC(118) Concurrent Cleanup for Next Mark
[2026-07-01T02:29:52.878+0000][89.649s][info][gc,marking  ] GC(118) Concurrent Cleanup for Next Mark 1.029ms
[2026-07-01T02:29:52.878+0000][89.649s][info][gc          ] GC(118) Concurrent Mark Cycle 741.088ms
[2026-07-01T02:29:53.174+0000][89.944s][info][gc,start    ] GC(119) Pause Young (Prepare Mixed) (G1 Evacuation Pause)
[2026-07-01T02:29:53.174+0000][89.945s][info][gc,task     ] GC(119) Using 2 workers of 2 for evacuation
[2026-07-01T02:29:53.199+0000][89.970s][info][gc,phases   ] GC(119)   Pre Evacuate Collection Set: 0.20ms
[2026-07-01T02:29:53.199+0000][89.970s][info][gc,phases   ] GC(119)   Merge Heap Roots: 1.20ms
[2026-07-01T02:29:53.199+0000][89.970s][info][gc,phases   ] GC(119)   Evacuate Collection Set: 22.97ms
[2026-07-01T02:29:53.199+0000][89.970s][info][gc,phases   ] GC(119)   Post Evacuate Collection Set: 0.58ms
[2026-07-01T02:29:53.199+0000][89.970s][info][gc,phases   ] GC(119)   Other: 0.06ms
[2026-07-01T02:29:53.199+0000][89.970s][info][gc,heap     ] GC(119) Eden regions: 189->0(179)
[2026-07-01T02:29:53.199+0000][89.970s][info][gc,heap     ] GC(119) Survivor regions: 10->10(29)
[2026-07-01T02:29:53.199+0000][89.970s][info][gc,heap     ] GC(119) Old regions: 176->177
[2026-07-01T02:29:53.199+0000][89.970s][info][gc,heap     ] GC(119) Humongous regions: 3->3
[2026-07-01T02:29:53.199+0000][89.970s][info][gc,metaspace] GC(119) Metaspace: 41719K(42560K)->41719K(42560K) NonClass: 36578K(36992K)->36578K(36992K) Class: 5141K(5568K)->5141K(5568K)
[2026-07-01T02:29:53.199+0000][89.970s][info][gc          ] GC(119) Pause Young (Prepare Mixed) (G1 Evacuation Pause) 377M->188M(389M) 25.161ms
[2026-07-01T02:29:53.199+0000][89.970s][info][gc,cpu      ] GC(119) User=0.04s Sys=0.01s Real=0.03s
[2026-07-01T02:29:54.043+0000][90.813s][info][gc,start    ] GC(120) Pause Young (Mixed) (G1 Evacuation Pause)
[2026-07-01T02:29:54.043+0000][90.813s][info][gc,task     ] GC(120) Using 2 workers of 2 for evacuation
[2026-07-01T02:29:54.067+0000][90.838s][info][gc,phases   ] GC(120)   Pre Evacuate Collection Set: 0.37ms
[2026-07-01T02:29:54.067+0000][90.838s][info][gc,phases   ] GC(120)   Merge Heap Roots: 0.37ms
[2026-07-01T02:29:54.067+0000][90.838s][info][gc,phases   ] GC(120)   Evacuate Collection Set: 23.10ms
[2026-07-01T02:29:54.067+0000][90.838s][info][gc,phases   ] GC(120)   Post Evacuate Collection Set: 0.56ms
[2026-07-01T02:29:54.067+0000][90.838s][info][gc,phases   ] GC(120)   Other: 0.07ms
[2026-07-01T02:29:54.067+0000][90.838s][info][gc,heap     ] GC(120) Eden regions: 179->0(179)
[2026-07-01T02:29:54.067+0000][90.838s][info][gc,heap     ] GC(120) Survivor regions: 10->10(24)
[2026-07-01T02:29:54.067+0000][90.838s][info][gc,heap     ] GC(120) Old regions: 177->177
[2026-07-01T02:29:54.067+0000][90.838s][info][gc,heap     ] GC(120) Humongous regions: 3->3
[2026-07-01T02:29:54.067+0000][90.838s][info][gc,metaspace] GC(120) Metaspace: 41720K(42560K)->41720K(42560K) NonClass: 36578K(36992K)->36578K(36992K) Class: 5141K(5568K)->5141K(5568K)
[2026-07-01T02:29:54.067+0000][90.838s][info][gc          ] GC(120) Pause Young (Mixed) (G1 Evacuation Pause) 367M->189M(389M) 24.641ms
[2026-07-01T02:29:54.067+0000][90.838s][info][gc,cpu      ] GC(120) User=0.05s Sys=0.00s Real=0.02s
[2026-07-01T02:29:54.900+0000][91.670s][info][gc,start    ] GC(121) Pause Young (Concurrent Start) (G1 Evacuation Pause)
[2026-07-01T02:29:54.900+0000][91.670s][info][gc,task     ] GC(121) Using 2 workers of 2 for evacuation
[2026-07-01T02:29:54.924+0000][91.694s][info][gc,phases   ] GC(121)   Pre Evacuate Collection Set: 0.24ms
[2026-07-01T02:29:54.924+0000][91.694s][info][gc,phases   ] GC(121)   Merge Heap Roots: 0.59ms
[2026-07-01T02:29:54.924+0000][91.694s][info][gc,phases   ] GC(121)   Evacuate Collection Set: 22.46ms
[2026-07-01T02:29:54.924+0000][91.694s][info][gc,phases   ] GC(121)   Post Evacuate Collection Set: 0.43ms
[2026-07-01T02:29:54.924+0000][91.694s][info][gc,phases   ] GC(121)   Other: 0.08ms
[2026-07-01T02:29:54.924+0000][91.694s][info][gc,heap     ] GC(121) Eden regions: 179->0(179)
[2026-07-01T02:29:54.924+0000][91.694s][info][gc,heap     ] GC(121) Survivor regions: 10->10(24)
[2026-07-01T02:29:54.924+0000][91.694s][info][gc,heap     ] GC(121) Old regions: 177->177
[2026-07-01T02:29:54.924+0000][91.694s][info][gc,heap     ] GC(121) Humongous regions: 3->3
[2026-07-01T02:29:54.924+0000][91.694s][info][gc,metaspace] GC(121) Metaspace: 41720K(42560K)->41720K(42560K) NonClass: 36578K(36992K)->36578K(36992K) Class: 5141K(5568K)->5141K(5568K)
[2026-07-01T02:29:54.924+0000][91.694s][info][gc          ] GC(121) Pause Young (Concurrent Start) (G1 Evacuation Pause) 368M->189M(389M) 23.945ms
[2026-07-01T02:29:54.924+0000][91.694s][info][gc          ] GC(122) Concurrent Mark Cycle
[2026-07-01T02:29:54.924+0000][91.694s][info][gc,marking  ] GC(122) Concurrent Scan Root Regions
[2026-07-01T02:29:54.924+0000][91.694s][info][gc,cpu      ] GC(121) User=0.05s Sys=0.00s Real=0.02s
[2026-07-01T02:29:54.952+0000][91.722s][info][gc,marking  ] GC(122) Concurrent Scan Root Regions 28.062ms
[2026-07-01T02:29:54.952+0000][91.722s][info][gc,marking  ] GC(122) Concurrent Mark
[2026-07-01T02:29:54.952+0000][91.722s][info][gc,marking  ] GC(122) Concurrent Mark From Roots
[2026-07-01T02:29:54.952+0000][91.722s][info][gc,task     ] GC(122) Using 1 workers of 1 for marking
[2026-07-01T02:29:55.581+0000][92.352s][info][gc,marking  ] GC(122) Concurrent Mark From Roots 629.495ms
[2026-07-01T02:29:55.581+0000][92.352s][info][gc,marking  ] GC(122) Concurrent Preclean
[2026-07-01T02:29:55.582+0000][92.352s][info][gc,marking  ] GC(122) Concurrent Preclean 0.175ms
[2026-07-01T02:29:55.582+0000][92.353s][info][gc,start    ] GC(122) Pause Remark
[2026-07-01T02:29:55.589+0000][92.359s][info][gc,heap     ] GC(122) Heap shrink completed: uncommitted 9 regions (9MB), heap size now 380MB
[2026-07-01T02:29:55.589+0000][92.359s][info][gc          ] GC(122) Pause Remark 308M->308M(380M) 6.597ms
[2026-07-01T02:29:55.589+0000][92.359s][info][gc,cpu      ] GC(122) User=0.01s Sys=0.00s Real=0.01s
[2026-07-01T02:29:55.592+0000][92.363s][info][gc,marking  ] GC(122) Concurrent Mark 640.450ms
[2026-07-01T02:29:55.592+0000][92.363s][info][gc,marking  ] GC(122) Concurrent Rebuild Remembered Sets and Scrub Regions
[2026-07-01T02:29:55.828+0000][92.598s][info][gc,marking  ] GC(122) Concurrent Rebuild Remembered Sets and Scrub Regions 235.545ms
[2026-07-01T02:29:55.828+0000][92.599s][info][gc,start    ] GC(122) Pause Cleanup
[2026-07-01T02:29:55.828+0000][92.599s][info][gc          ] GC(122) Pause Cleanup 353M->353M(380M) 0.221ms
[2026-07-01T02:29:55.828+0000][92.599s][info][gc,cpu      ] GC(122) User=0.00s Sys=0.00s Real=0.00s
[2026-07-01T02:29:55.829+0000][92.599s][info][gc,marking  ] GC(122) Concurrent Clear Claimed Marks
[2026-07-01T02:29:55.829+0000][92.599s][info][gc,marking  ] GC(122) Concurrent Clear Claimed Marks 0.338ms
[2026-07-01T02:29:55.829+0000][92.600s][info][gc,marking  ] GC(122) Concurrent Cleanup for Next Mark
[2026-07-01T02:29:55.830+0000][92.601s][info][gc,marking  ] GC(122) Concurrent Cleanup for Next Mark 1.365ms
[2026-07-01T02:29:55.831+0000][92.601s][info][gc          ] GC(122) Concurrent Mark Cycle 906.727ms
[2026-07-01T02:29:55.901+0000][92.671s][info][gc,start    ] GC(123) Pause Young (Prepare Mixed) (G1 Evacuation Pause)
[2026-07-01T02:29:55.901+0000][92.671s][info][gc,task     ] GC(123) Using 2 workers of 2 for evacuation
[2026-07-01T02:29:55.926+0000][92.697s][info][gc,phases   ] GC(123)   Pre Evacuate Collection Set: 0.28ms
[2026-07-01T02:29:55.926+0000][92.697s][info][gc,phases   ] GC(123)   Merge Heap Roots: 1.29ms
[2026-07-01T02:29:55.926+0000][92.697s][info][gc,phases   ] GC(123)   Evacuate Collection Set: 23.39ms
[2026-07-01T02:29:55.926+0000][92.697s][info][gc,phases   ] GC(123)   Post Evacuate Collection Set: 0.54ms
[2026-07-01T02:29:55.926+0000][92.697s][info][gc,phases   ] GC(123)   Other: 0.06ms
[2026-07-01T02:29:55.926+0000][92.697s][info][gc,heap     ] GC(123) Eden regions: 180->0(170)
[2026-07-01T02:29:55.926+0000][92.697s][info][gc,heap     ] GC(123) Survivor regions: 10->10(24)
[2026-07-01T02:29:55.926+0000][92.697s][info][gc,heap     ] GC(123) Old regions: 177->178
[2026-07-01T02:29:55.926+0000][92.697s][info][gc,heap     ] GC(123) Humongous regions: 3->3
[2026-07-01T02:29:55.926+0000][92.697s][info][gc,metaspace] GC(123) Metaspace: 41720K(42560K)->41720K(42560K) NonClass: 36578K(36992K)->36578K(36992K) Class: 5141K(5568K)->5141K(5568K)
[2026-07-01T02:29:55.926+0000][92.697s][info][gc          ] GC(123) Pause Young (Prepare Mixed) (G1 Evacuation Pause) 369M->189M(381M) 25.725ms
[2026-07-01T02:29:55.926+0000][92.697s][info][gc,cpu      ] GC(123) User=0.05s Sys=0.00s Real=0.02s
[2026-07-01T02:29:56.717+0000][93.488s][info][gc,start    ] GC(124) Pause Young (Mixed) (G1 Evacuation Pause)
[2026-07-01T02:29:56.717+0000][93.488s][info][gc,task     ] GC(124) Using 2 workers of 2 for evacuation
[2026-07-01T02:29:56.736+0000][93.507s][info][gc,phases   ] GC(124)   Pre Evacuate Collection Set: 0.19ms
[2026-07-01T02:29:56.736+0000][93.507s][info][gc,phases   ] GC(124)   Merge Heap Roots: 0.30ms
[2026-07-01T02:29:56.736+0000][93.507s][info][gc,phases   ] GC(124)   Evacuate Collection Set: 17.92ms
[2026-07-01T02:29:56.736+0000][93.507s][info][gc,phases   ] GC(124)   Post Evacuate Collection Set: 0.49ms
[2026-07-01T02:29:56.736+0000][93.507s][info][gc,phases   ] GC(124)   Other: 0.06ms
[2026-07-01T02:29:56.736+0000][93.507s][info][gc,heap     ] GC(124) Eden regions: 170->0(170)
[2026-07-01T02:29:56.736+0000][93.507s][info][gc,heap     ] GC(124) Survivor regions: 10->10(23)
[2026-07-01T02:29:56.736+0000][93.507s][info][gc,heap     ] GC(124) Old regions: 178->178
[2026-07-01T02:29:56.736+0000][93.507s][info][gc,heap     ] GC(124) Humongous regions: 3->3
[2026-07-01T02:29:56.736+0000][93.507s][info][gc,metaspace] GC(124) Metaspace: 41720K(42560K)->41720K(42560K) NonClass: 36578K(36992K)->36578K(36992K) Class: 5141K(5568K)->5141K(5568K)
[2026-07-01T02:29:56.736+0000][93.507s][info][gc          ] GC(124) Pause Young (Mixed) (G1 Evacuation Pause) 359M->190M(381M) 19.130ms
[2026-07-01T02:29:56.736+0000][93.507s][info][gc,cpu      ] GC(124) User=0.03s Sys=0.00s Real=0.02s
[2026-07-01T02:29:57.513+0000][94.283s][info][gc,start    ] GC(125) Pause Young (Concurrent Start) (G1 Evacuation Pause)
[2026-07-01T02:29:57.513+0000][94.283s][info][gc,task     ] GC(125) Using 2 workers of 2 for evacuation
[2026-07-01T02:29:57.537+0000][94.307s][info][gc,phases   ] GC(125)   Pre Evacuate Collection Set: 0.25ms
[2026-07-01T02:29:57.537+0000][94.307s][info][gc,phases   ] GC(125)   Merge Heap Roots: 0.59ms
[2026-07-01T02:29:57.537+0000][94.307s][info][gc,phases   ] GC(125)   Evacuate Collection Set: 22.57ms
[2026-07-01T02:29:57.537+0000][94.307s][info][gc,phases   ] GC(125)   Post Evacuate Collection Set: 0.50ms
[2026-07-01T02:29:57.537+0000][94.307s][info][gc,phases   ] GC(125)   Other: 0.08ms
[2026-07-01T02:29:57.537+0000][94.307s][info][gc,heap     ] GC(125) Eden regions: 170->0(169)
[2026-07-01T02:29:57.537+0000][94.307s][info][gc,heap     ] GC(125) Survivor regions: 10->10(23)
[2026-07-01T02:29:57.537+0000][94.307s][info][gc,heap     ] GC(125) Old regions: 178->179
[2026-07-01T02:29:57.537+0000][94.307s][info][gc,heap     ] GC(125) Humongous regions: 3->3
[2026-07-01T02:29:57.537+0000][94.307s][info][gc,metaspace] GC(125) Metaspace: 41720K(42560K)->41720K(42560K) NonClass: 36578K(36992K)->36578K(36992K) Class: 5141K(5568K)->5141K(5568K)
[2026-07-01T02:29:57.537+0000][94.307s][info][gc          ] GC(125) Pause Young (Concurrent Start) (G1 Evacuation Pause) 360M->191M(381M) 24.146ms
[2026-07-01T02:29:57.537+0000][94.307s][info][gc,cpu      ] GC(125) User=0.04s Sys=0.00s Real=0.02s
[2026-07-01T02:29:57.540+0000][94.311s][info][gc          ] GC(126) Concurrent Mark Cycle
[2026-07-01T02:29:57.540+0000][94.311s][info][gc,marking  ] GC(126) Concurrent Scan Root Regions
[2026-07-01T02:29:57.572+0000][94.342s][info][gc,marking  ] GC(126) Concurrent Scan Root Regions 31.541ms
[2026-07-01T02:29:57.572+0000][94.342s][info][gc,marking  ] GC(126) Concurrent Mark
[2026-07-01T02:29:57.572+0000][94.342s][info][gc,marking  ] GC(126) Concurrent Mark From Roots
[2026-07-01T02:29:57.572+0000][94.342s][info][gc,task     ] GC(126) Using 1 workers of 1 for marking
[2026-07-01T02:29:57.965+0000][94.735s][info][gc,marking  ] GC(126) Concurrent Mark From Roots 392.703ms
[2026-07-01T02:29:57.965+0000][94.735s][info][gc,marking  ] GC(126) Concurrent Preclean
[2026-07-01T02:29:57.965+0000][94.735s][info][gc,marking  ] GC(126) Concurrent Preclean 0.186ms
[2026-07-01T02:29:57.965+0000][94.735s][info][gc,start    ] GC(126) Pause Remark
[2026-07-01T02:29:57.971+0000][94.742s][info][gc          ] GC(126) Pause Remark 250M->250M(381M) 6.158ms
[2026-07-01T02:29:57.971+0000][94.742s][info][gc,cpu      ] GC(126) User=0.01s Sys=0.00s Real=0.01s
[2026-07-01T02:29:57.971+0000][94.742s][info][gc,marking  ] GC(126) Concurrent Mark 399.299ms
[2026-07-01T02:29:57.971+0000][94.742s][info][gc,marking  ] GC(126) Concurrent Rebuild Remembered Sets and Scrub Regions
[2026-07-01T02:29:58.050+0000][94.821s][info][gc,marking  ] GC(126) Concurrent Rebuild Remembered Sets and Scrub Regions 78.975ms
[2026-07-01T02:29:58.050+0000][94.821s][info][gc,start    ] GC(126) Pause Cleanup
[2026-07-01T02:29:58.051+0000][94.821s][info][gc          ] GC(126) Pause Cleanup 250M->250M(381M) 0.163ms
[2026-07-01T02:29:58.051+0000][94.821s][info][gc,cpu      ] GC(126) User=0.00s Sys=0.00s Real=0.00s
[2026-07-01T02:29:58.051+0000][94.821s][info][gc,marking  ] GC(126) Concurrent Clear Claimed Marks
[2026-07-01T02:29:58.051+0000][94.821s][info][gc,marking  ] GC(126) Concurrent Clear Claimed Marks 0.079ms
[2026-07-01T02:29:58.051+0000][94.821s][info][gc,marking  ] GC(126) Concurrent Cleanup for Next Mark
[2026-07-01T02:29:58.053+0000][94.823s][info][gc,marking  ] GC(126) Concurrent Cleanup for Next Mark 2.177ms
[2026-07-01T02:29:58.053+0000][94.823s][info][gc          ] GC(126) Concurrent Mark Cycle 512.540ms
