[2026-07-01T02:22:00.680+0000][0.007s][info][gc,init] CardTable entry size: 512
[2026-07-01T02:22:00.680+0000][0.007s][info][gc     ] Using G1
[2026-07-01T02:22:00.681+0000][0.008s][info][gc,init] Version: 21.0.11+10-LTS (release)
[2026-07-01T02:22:00.681+0000][0.008s][info][gc,init] CPUs: 4 total, 2 available
[2026-07-01T02:22:00.681+0000][0.008s][info][gc,init] Memory: 2048M
[2026-07-01T02:22:00.681+0000][0.008s][info][gc,init] Large Page Support: Disabled
[2026-07-01T02:22:00.681+0000][0.008s][info][gc,init] NUMA Support: Disabled
[2026-07-01T02:22:00.681+0000][0.008s][info][gc,init] Compressed Oops: Enabled (32-bit)
[2026-07-01T02:22:00.681+0000][0.008s][info][gc,init] Heap Region Size: 1M
[2026-07-01T02:22:00.681+0000][0.008s][info][gc,init] Heap Min Capacity: 8M
[2026-07-01T02:22:00.681+0000][0.008s][info][gc,init] Heap Initial Capacity: 32M
[2026-07-01T02:22:00.681+0000][0.008s][info][gc,init] Heap Max Capacity: 1468M
[2026-07-01T02:22:00.681+0000][0.008s][info][gc,init] Pre-touch: Disabled
[2026-07-01T02:22:00.681+0000][0.008s][info][gc,init] Parallel Workers: 2
[2026-07-01T02:22:00.681+0000][0.008s][info][gc,init] Concurrent Workers: 1
[2026-07-01T02:22:00.681+0000][0.008s][info][gc,init] Concurrent Refinement Workers: 2
[2026-07-01T02:22:00.681+0000][0.008s][info][gc,init] Periodic GC: Enabled
[2026-07-01T02:22:00.681+0000][0.008s][info][gc,init] Periodic GC Interval: 10000ms
[2026-07-01T02:22:00.681+0000][0.008s][info][gc,init] G1 Time-Based Heap Sizing enabled (uncommit-only)
[2026-07-01T02:22:00.681+0000][0.008s][info][gc,init]   evaluation_interval=60000ms, uncommit_delay=300000ms, min_regions_to_uncommit=10
[2026-07-01T02:22:00.690+0000][0.017s][info][gc,metaspace] CDS archive(s) mapped at: [0x000074bf87000000-0x000074bf87c9b000-0x000074bf87c9b000), size 13217792, SharedBaseAddress: 0x000074bf87000000, ArchiveRelocationMode: 1.
[2026-07-01T02:22:00.690+0000][0.017s][info][gc,metaspace] Compressed class space mapped at: 0x000074bf88000000-0x000074bfc8000000, reserved size: 1073741824
[2026-07-01T02:22:00.690+0000][0.017s][info][gc,metaspace] Narrow klass base: 0x000074bf87000000, Narrow klass shift: 0, Narrow klass range: 0x100000000
[2026-07-01T02:22:01.230+0000][0.557s][info][gc,start    ] GC(0) Pause Young (Normal) (G1 Evacuation Pause)
[2026-07-01T02:22:01.230+0000][0.557s][info][gc,task     ] GC(0) Using 2 workers of 2 for evacuation
[2026-07-01T02:22:01.232+0000][0.559s][info][gc,phases   ] GC(0)   Pre Evacuate Collection Set: 0.06ms
[2026-07-01T02:22:01.232+0000][0.559s][info][gc,phases   ] GC(0)   Merge Heap Roots: 0.09ms
[2026-07-01T02:22:01.232+0000][0.559s][info][gc,phases   ] GC(0)   Evacuate Collection Set: 1.97ms
[2026-07-01T02:22:01.232+0000][0.559s][info][gc,phases   ] GC(0)   Post Evacuate Collection Set: 0.24ms
[2026-07-01T02:22:01.232+0000][0.559s][info][gc,phases   ] GC(0)   Other: 0.18ms
[2026-07-01T02:22:01.232+0000][0.559s][info][gc,heap     ] GC(0) Eden regions: 6->0(11)
[2026-07-01T02:22:01.232+0000][0.559s][info][gc,heap     ] GC(0) Survivor regions: 0->1(1)
[2026-07-01T02:22:01.232+0000][0.559s][info][gc,heap     ] GC(0) Old regions: 2->2
[2026-07-01T02:22:01.232+0000][0.559s][info][gc,heap     ] GC(0) Humongous regions: 0->0
[2026-07-01T02:22:01.232+0000][0.559s][info][gc,metaspace] GC(0) Metaspace: 1691K(1920K)->1691K(1920K) NonClass: 1503K(1600K)->1503K(1600K) Class: 187K(320K)->187K(320K)
[2026-07-01T02:22:01.232+0000][0.560s][info][gc          ] GC(0) Pause Young (Normal) (G1 Evacuation Pause) 7M->1M(34M) 2.710ms
[2026-07-01T02:22:01.232+0000][0.560s][info][gc,cpu      ] GC(0) User=0.00s Sys=0.00s Real=0.00s
[2026-07-01T02:22:01.661+0000][0.988s][info][gc,start    ] GC(1) Pause Young (Normal) (G1 Evacuation Pause)
[2026-07-01T02:22:01.661+0000][0.988s][info][gc,task     ] GC(1) Using 2 workers of 2 for evacuation
[2026-07-01T02:22:01.709+0000][1.036s][info][gc,phases   ] GC(1)   Pre Evacuate Collection Set: 45.90ms
[2026-07-01T02:22:01.709+0000][1.036s][info][gc,phases   ] GC(1)   Merge Heap Roots: 0.03ms
[2026-07-01T02:22:01.709+0000][1.036s][info][gc,phases   ] GC(1)   Evacuate Collection Set: 2.22ms
[2026-07-01T02:22:01.709+0000][1.036s][info][gc,phases   ] GC(1)   Post Evacuate Collection Set: 0.36ms
[2026-07-01T02:22:01.709+0000][1.036s][info][gc,phases   ] GC(1)   Other: 0.05ms
[2026-07-01T02:22:01.709+0000][1.036s][info][gc,heap     ] GC(1) Eden regions: 11->0(17)
[2026-07-01T02:22:01.709+0000][1.036s][info][gc,heap     ] GC(1) Survivor regions: 1->2(2)
[2026-07-01T02:22:01.709+0000][1.036s][info][gc,heap     ] GC(1) Old regions: 2->2
[2026-07-01T02:22:01.709+0000][1.036s][info][gc,heap     ] GC(1) Humongous regions: 0->0
[2026-07-01T02:22:01.709+0000][1.036s][info][gc,metaspace] GC(1) Metaspace: 3630K(3904K)->3630K(3904K) NonClass: 3242K(3392K)->3242K(3392K) Class: 387K(512K)->387K(512K)
[2026-07-01T02:22:01.709+0000][1.036s][info][gc          ] GC(1) Pause Young (Normal) (G1 Evacuation Pause) 12M->2M(34M) 48.713ms
[2026-07-01T02:22:01.709+0000][1.036s][info][gc,cpu      ] GC(1) User=0.01s Sys=0.00s Real=0.05s
[2026-07-01T02:22:01.949+0000][1.276s][info][gc,start    ] GC(2) Pause Young (Normal) (G1 Evacuation Pause)
[2026-07-01T02:22:01.949+0000][1.276s][info][gc,task     ] GC(2) Using 2 workers of 2 for evacuation
[2026-07-01T02:22:01.953+0000][1.281s][info][gc,phases   ] GC(2)   Pre Evacuate Collection Set: 0.10ms
[2026-07-01T02:22:01.953+0000][1.281s][info][gc,phases   ] GC(2)   Merge Heap Roots: 0.04ms
[2026-07-01T02:22:01.953+0000][1.281s][info][gc,phases   ] GC(2)   Evacuate Collection Set: 3.46ms
[2026-07-01T02:22:01.954+0000][1.281s][info][gc,phases   ] GC(2)   Post Evacuate Collection Set: 0.47ms
[2026-07-01T02:22:01.954+0000][1.281s][info][gc,phases   ] GC(2)   Other: 0.06ms
[2026-07-01T02:22:01.954+0000][1.281s][info][gc,heap     ] GC(2) Eden regions: 17->0(16)
[2026-07-01T02:22:01.954+0000][1.281s][info][gc,heap     ] GC(2) Survivor regions: 2->3(3)
[2026-07-01T02:22:01.954+0000][1.281s][info][gc,heap     ] GC(2) Old regions: 2->2
[2026-07-01T02:22:01.954+0000][1.281s][info][gc,heap     ] GC(2) Humongous regions: 0->0
[2026-07-01T02:22:01.954+0000][1.281s][info][gc,metaspace] GC(2) Metaspace: 7565K(7872K)->7565K(7872K) NonClass: 6676K(6848K)->6676K(6848K) Class: 889K(1024K)->889K(1024K)
[2026-07-01T02:22:01.954+0000][1.281s][info][gc          ] GC(2) Pause Young (Normal) (G1 Evacuation Pause) 19M->3M(34M) 4.287ms
[2026-07-01T02:22:01.954+0000][1.281s][info][gc,cpu      ] GC(2) User=0.01s Sys=0.00s Real=0.00s
[2026-07-01T02:22:02.230+0000][1.557s][info][gc,start    ] GC(3) Pause Young (Normal) (G1 Evacuation Pause)
[2026-07-01T02:22:02.230+0000][1.557s][info][gc,task     ] GC(3) Using 2 workers of 2 for evacuation
[2026-07-01T02:22:02.236+0000][1.563s][info][gc,phases   ] GC(3)   Pre Evacuate Collection Set: 0.09ms
[2026-07-01T02:22:02.236+0000][1.563s][info][gc,phases   ] GC(3)   Merge Heap Roots: 0.05ms
[2026-07-01T02:22:02.236+0000][1.563s][info][gc,phases   ] GC(3)   Evacuate Collection Set: 4.86ms
[2026-07-01T02:22:02.236+0000][1.563s][info][gc,phases   ] GC(3)   Post Evacuate Collection Set: 0.39ms
[2026-07-01T02:22:02.236+0000][1.563s][info][gc,phases   ] GC(3)   Other: 0.04ms
[2026-07-01T02:22:02.236+0000][1.563s][info][gc,heap     ] GC(3) Eden regions: 16->0(16)
[2026-07-01T02:22:02.236+0000][1.563s][info][gc,heap     ] GC(3) Survivor regions: 3->3(3)
[2026-07-01T02:22:02.236+0000][1.563s][info][gc,heap     ] GC(3) Old regions: 2->4
[2026-07-01T02:22:02.236+0000][1.563s][info][gc,heap     ] GC(3) Humongous regions: 0->0
[2026-07-01T02:22:02.236+0000][1.563s][info][gc,metaspace] GC(3) Metaspace: 10552K(10944K)->10552K(10944K) NonClass: 9199K(9408K)->9199K(9408K) Class: 1353K(1536K)->1353K(1536K)
[2026-07-01T02:22:02.236+0000][1.563s][info][gc          ] GC(3) Pause Young (Normal) (G1 Evacuation Pause) 19M->4M(34M) 5.564ms
[2026-07-01T02:22:02.236+0000][1.563s][info][gc,cpu      ] GC(3) User=0.01s Sys=0.00s Real=0.00s
[2026-07-01T02:22:02.413+0000][1.740s][info][gc,start    ] GC(4) Pause Young (Normal) (G1 Evacuation Pause)
[2026-07-01T02:22:02.413+0000][1.740s][info][gc,task     ] GC(4) Using 2 workers of 2 for evacuation
[2026-07-01T02:22:02.418+0000][1.745s][info][gc,phases   ] GC(4)   Pre Evacuate Collection Set: 0.53ms
[2026-07-01T02:22:02.418+0000][1.745s][info][gc,phases   ] GC(4)   Merge Heap Roots: 0.05ms
[2026-07-01T02:22:02.418+0000][1.745s][info][gc,phases   ] GC(4)   Evacuate Collection Set: 4.14ms
[2026-07-01T02:22:02.418+0000][1.745s][info][gc,phases   ] GC(4)   Post Evacuate Collection Set: 0.62ms
[2026-07-01T02:22:02.418+0000][1.745s][info][gc,phases   ] GC(4)   Other: 0.04ms
[2026-07-01T02:22:02.418+0000][1.745s][info][gc,heap     ] GC(4) Eden regions: 16->0(16)
[2026-07-01T02:22:02.418+0000][1.745s][info][gc,heap     ] GC(4) Survivor regions: 3->3(3)
[2026-07-01T02:22:02.418+0000][1.745s][info][gc,heap     ] GC(4) Old regions: 4->5
[2026-07-01T02:22:02.418+0000][1.745s][info][gc,heap     ] GC(4) Humongous regions: 0->0
[2026-07-01T02:22:02.418+0000][1.745s][info][gc,metaspace] GC(4) Metaspace: 14243K(14592K)->14243K(14592K) NonClass: 12480K(12672K)->12480K(12672K) Class: 1763K(1920K)->1763K(1920K)
[2026-07-01T02:22:02.418+0000][1.745s][info][gc          ] GC(4) Pause Young (Normal) (G1 Evacuation Pause) 20M->5M(34M) 5.507ms
[2026-07-01T02:22:02.418+0000][1.745s][info][gc,cpu      ] GC(4) User=0.01s Sys=0.00s Real=0.00s
[2026-07-01T02:22:02.558+0000][1.885s][info][gc,start    ] GC(5) Pause Young (Normal) (G1 Evacuation Pause)
[2026-07-01T02:22:02.558+0000][1.886s][info][gc,task     ] GC(5) Using 2 workers of 2 for evacuation
[2026-07-01T02:22:02.563+0000][1.890s][info][gc,phases   ] GC(5)   Pre Evacuate Collection Set: 0.09ms
[2026-07-01T02:22:02.563+0000][1.890s][info][gc,phases   ] GC(5)   Merge Heap Roots: 0.05ms
[2026-07-01T02:22:02.563+0000][1.890s][info][gc,phases   ] GC(5)   Evacuate Collection Set: 4.22ms
[2026-07-01T02:22:02.563+0000][1.890s][info][gc,phases   ] GC(5)   Post Evacuate Collection Set: 0.43ms
[2026-07-01T02:22:02.563+0000][1.890s][info][gc,phases   ] GC(5)   Other: 0.05ms
[2026-07-01T02:22:02.563+0000][1.890s][info][gc,heap     ] GC(5) Eden regions: 16->0(26)
[2026-07-01T02:22:02.563+0000][1.890s][info][gc,heap     ] GC(5) Survivor regions: 3->3(3)
[2026-07-01T02:22:02.563+0000][1.890s][info][gc,heap     ] GC(5) Old regions: 5->6
[2026-07-01T02:22:02.563+0000][1.890s][info][gc,heap     ] GC(5) Humongous regions: 0->0
[2026-07-01T02:22:02.563+0000][1.890s][info][gc,metaspace] GC(5) Metaspace: 17474K(17920K)->17474K(17920K) NonClass: 15278K(15552K)->15278K(15552K) Class: 2195K(2368K)->2195K(2368K)
[2026-07-01T02:22:02.563+0000][1.890s][info][gc          ] GC(5) Pause Young (Normal) (G1 Evacuation Pause) 21M->6M(49M) 4.979ms
[2026-07-01T02:22:02.563+0000][1.890s][info][gc,cpu      ] GC(5) User=0.01s Sys=0.00s Real=0.00s
[2026-07-01T02:22:02.907+0000][2.234s][info][gc,start    ] GC(6) Pause Young (Normal) (G1 Evacuation Pause)
[2026-07-01T02:22:02.907+0000][2.234s][info][gc,task     ] GC(6) Using 2 workers of 2 for evacuation
[2026-07-01T02:22:02.912+0000][2.239s][info][gc,phases   ] GC(6)   Pre Evacuate Collection Set: 0.11ms
[2026-07-01T02:22:02.912+0000][2.239s][info][gc,phases   ] GC(6)   Merge Heap Roots: 0.05ms
[2026-07-01T02:22:02.912+0000][2.239s][info][gc,phases   ] GC(6)   Evacuate Collection Set: 3.83ms
[2026-07-01T02:22:02.912+0000][2.239s][info][gc,phases   ] GC(6)   Post Evacuate Collection Set: 0.35ms
[2026-07-01T02:22:02.912+0000][2.239s][info][gc,phases   ] GC(6)   Other: 0.05ms
[2026-07-01T02:22:02.912+0000][2.239s][info][gc,heap     ] GC(6) Eden regions: 26->0(26)
[2026-07-01T02:22:02.912+0000][2.239s][info][gc,heap     ] GC(6) Survivor regions: 3->3(4)
[2026-07-01T02:22:02.912+0000][2.239s][info][gc,heap     ] GC(6) Old regions: 6->7
[2026-07-01T02:22:02.912+0000][2.239s][info][gc,heap     ] GC(6) Humongous regions: 0->0
[2026-07-01T02:22:02.912+0000][2.239s][info][gc,metaspace] GC(6) Metaspace: 20021K(20480K)->20021K(20480K) NonClass: 17515K(17792K)->17515K(17792K) Class: 2505K(2688K)->2505K(2688K)
[2026-07-01T02:22:02.912+0000][2.239s][info][gc          ] GC(6) Pause Young (Normal) (G1 Evacuation Pause) 32M->8M(49M) 4.506ms
[2026-07-01T02:22:02.912+0000][2.239s][info][gc,cpu      ] GC(6) User=0.01s Sys=0.00s Real=0.01s
[2026-07-01T02:22:03.107+0000][2.435s][info][gc,start    ] GC(7) Pause Young (Concurrent Start) (Metadata GC Threshold)
[2026-07-01T02:22:03.107+0000][2.435s][info][gc,task     ] GC(7) Using 2 workers of 2 for evacuation
[2026-07-01T02:22:03.113+0000][2.440s][info][gc,phases   ] GC(7)   Pre Evacuate Collection Set: 0.12ms
[2026-07-01T02:22:03.113+0000][2.440s][info][gc,phases   ] GC(7)   Merge Heap Roots: 0.05ms
[2026-07-01T02:22:03.113+0000][2.440s][info][gc,phases   ] GC(7)   Evacuate Collection Set: 4.68ms
[2026-07-01T02:22:03.113+0000][2.440s][info][gc,phases   ] GC(7)   Post Evacuate Collection Set: 0.37ms
[2026-07-01T02:22:03.113+0000][2.440s][info][gc,phases   ] GC(7)   Other: 0.08ms
[2026-07-01T02:22:03.113+0000][2.440s][info][gc,heap     ] GC(7) Eden regions: 16->0(26)
[2026-07-01T02:22:03.113+0000][2.440s][info][gc,heap     ] GC(7) Survivor regions: 3->3(4)
[2026-07-01T02:22:03.113+0000][2.440s][info][gc,heap     ] GC(7) Old regions: 7->8
[2026-07-01T02:22:03.113+0000][2.440s][info][gc,heap     ] GC(7) Humongous regions: 0->0
[2026-07-01T02:22:03.113+0000][2.440s][info][gc,metaspace] GC(7) Metaspace: 21099K(21504K)->21099K(21504K) NonClass: 18475K(18688K)->18475K(18688K) Class: 2624K(2816K)->2624K(2816K)
[2026-07-01T02:22:03.113+0000][2.440s][info][gc          ] GC(7) Pause Young (Concurrent Start) (Metadata GC Threshold) 24M->9M(49M) 5.450ms
[2026-07-01T02:22:03.113+0000][2.440s][info][gc,cpu      ] GC(7) User=0.01s Sys=0.00s Real=0.01s
[2026-07-01T02:22:03.113+0000][2.440s][info][gc          ] GC(8) Concurrent Mark Cycle
[2026-07-01T02:22:03.113+0000][2.440s][info][gc,marking  ] GC(8) Concurrent Scan Root Regions
[2026-07-01T02:22:03.116+0000][2.443s][info][gc,marking  ] GC(8) Concurrent Scan Root Regions 3.058ms
[2026-07-01T02:22:03.116+0000][2.443s][info][gc,marking  ] GC(8) Concurrent Mark
[2026-07-01T02:22:03.116+0000][2.443s][info][gc,marking  ] GC(8) Concurrent Mark From Roots
[2026-07-01T02:22:03.116+0000][2.443s][info][gc,task     ] GC(8) Using 1 workers of 1 for marking
[2026-07-01T02:22:03.123+0000][2.450s][info][gc,marking  ] GC(8) Concurrent Mark From Roots 6.698ms
[2026-07-01T02:22:03.123+0000][2.450s][info][gc,marking  ] GC(8) Concurrent Preclean
[2026-07-01T02:22:03.123+0000][2.450s][info][gc,marking  ] GC(8) Concurrent Preclean 0.029ms
[2026-07-01T02:22:03.123+0000][2.450s][info][gc,start    ] GC(8) Pause Remark
[2026-07-01T02:22:03.126+0000][2.453s][info][gc,heap     ] GC(8) Heap shrink completed: uncommitted 27 regions (27MB), heap size now 22MB
[2026-07-01T02:22:03.126+0000][2.453s][info][gc          ] GC(8) Pause Remark 10M->10M(22M) 2.946ms
[2026-07-01T02:22:03.126+0000][2.453s][info][gc,cpu      ] GC(8) User=0.00s Sys=0.00s Real=0.00s
[2026-07-01T02:22:03.126+0000][2.453s][info][gc,marking  ] GC(8) Concurrent Mark 9.843ms
[2026-07-01T02:22:03.126+0000][2.453s][info][gc,marking  ] GC(8) Concurrent Rebuild Remembered Sets and Scrub Regions
[2026-07-01T02:22:03.129+0000][2.456s][info][gc,marking  ] GC(8) Concurrent Rebuild Remembered Sets and Scrub Regions 3.544ms
[2026-07-01T02:22:03.130+0000][2.457s][info][gc,start    ] GC(8) Pause Cleanup
[2026-07-01T02:22:03.130+0000][2.457s][info][gc          ] GC(8) Pause Cleanup 10M->10M(22M) 0.063ms
[2026-07-01T02:22:03.130+0000][2.457s][info][gc,cpu      ] GC(8) User=0.00s Sys=0.00s Real=0.00s
[2026-07-01T02:22:03.130+0000][2.457s][info][gc,marking  ] GC(8) Concurrent Clear Claimed Marks
[2026-07-01T02:22:03.130+0000][2.457s][info][gc,marking  ] GC(8) Concurrent Clear Claimed Marks 0.025ms
[2026-07-01T02:22:03.130+0000][2.457s][info][gc,marking  ] GC(8) Concurrent Cleanup for Next Mark
[2026-07-01T02:22:03.130+0000][2.457s][info][gc,marking  ] GC(8) Concurrent Cleanup for Next Mark 0.172ms
[2026-07-01T02:22:03.130+0000][2.457s][info][gc          ] GC(8) Concurrent Mark Cycle 17.059ms
[2026-07-01T02:22:03.239+0000][2.566s][info][gc,start    ] GC(9) Pause Young (Prepare Mixed) (G1 Evacuation Pause)
[2026-07-01T02:22:03.239+0000][2.566s][info][gc,task     ] GC(9) Using 2 workers of 2 for evacuation
[2026-07-01T02:22:03.243+0000][2.570s][info][gc,phases   ] GC(9)   Pre Evacuate Collection Set: 0.09ms
[2026-07-01T02:22:03.243+0000][2.570s][info][gc,phases   ] GC(9)   Merge Heap Roots: 0.06ms
[2026-07-01T02:22:03.243+0000][2.570s][info][gc,phases   ] GC(9)   Evacuate Collection Set: 3.49ms
[2026-07-01T02:22:03.243+0000][2.570s][info][gc,phases   ] GC(9)   Post Evacuate Collection Set: 0.32ms
[2026-07-01T02:22:03.243+0000][2.570s][info][gc,phases   ] GC(9)   Other: 0.05ms
[2026-07-01T02:22:03.243+0000][2.570s][info][gc,heap     ] GC(9) Eden regions: 10->0(10)
[2026-07-01T02:22:03.243+0000][2.570s][info][gc,heap     ] GC(9) Survivor regions: 3->2(2)
[2026-07-01T02:22:03.243+0000][2.570s][info][gc,heap     ] GC(9) Old regions: 8->10
[2026-07-01T02:22:03.243+0000][2.570s][info][gc,heap     ] GC(9) Humongous regions: 0->0
[2026-07-01T02:22:03.243+0000][2.570s][info][gc,metaspace] GC(9) Metaspace: 21946K(22400K)->21946K(22400K) NonClass: 19195K(19456K)->19195K(19456K) Class: 2750K(2944K)->2750K(2944K)
[2026-07-01T02:22:03.243+0000][2.570s][info][gc          ] GC(9) Pause Young (Prepare Mixed) (G1 Evacuation Pause) 19M->10M(25M) 4.141ms
[2026-07-01T02:22:03.243+0000][2.570s][info][gc,cpu      ] GC(9) User=0.01s Sys=0.01s Real=0.00s
[2026-07-01T02:22:03.357+0000][2.684s][info][gc,start    ] GC(10) Pause Young (Mixed) (G1 Evacuation Pause)
[2026-07-01T02:22:03.357+0000][2.684s][info][gc,task     ] GC(10) Using 2 workers of 2 for evacuation
[2026-07-01T02:22:03.361+0000][2.688s][info][gc,phases   ] GC(10)   Pre Evacuate Collection Set: 0.05ms
[2026-07-01T02:22:03.361+0000][2.688s][info][gc,phases   ] GC(10)   Merge Heap Roots: 0.03ms
[2026-07-01T02:22:03.361+0000][2.688s][info][gc,phases   ] GC(10)   Evacuate Collection Set: 3.30ms
[2026-07-01T02:22:03.361+0000][2.688s][info][gc,phases   ] GC(10)   Post Evacuate Collection Set: 0.32ms
[2026-07-01T02:22:03.361+0000][2.688s][info][gc,phases   ] GC(10)   Other: 0.06ms
[2026-07-01T02:22:03.361+0000][2.688s][info][gc,heap     ] GC(10) Eden regions: 10->0(15)
[2026-07-01T02:22:03.361+0000][2.688s][info][gc,heap     ] GC(10) Survivor regions: 2->2(2)
[2026-07-01T02:22:03.361+0000][2.688s][info][gc,heap     ] GC(10) Old regions: 10->10
[2026-07-01T02:22:03.361+0000][2.688s][info][gc,heap     ] GC(10) Humongous regions: 0->0
[2026-07-01T02:22:03.361+0000][2.688s][info][gc,metaspace] GC(10) Metaspace: 22956K(23360K)->22956K(23360K) NonClass: 20069K(20288K)->20069K(20288K) Class: 2887K(3072K)->2887K(3072K)
[2026-07-01T02:22:03.361+0000][2.688s][info][gc          ] GC(10) Pause Young (Mixed) (G1 Evacuation Pause) 20M->10M(30M) 3.874ms
[2026-07-01T02:22:03.361+0000][2.688s][info][gc,cpu      ] GC(10) User=0.01s Sys=0.00s Real=0.01s
[2026-07-01T02:22:03.550+0000][2.877s][info][gc,start    ] GC(11) Pause Young (Normal) (G1 Evacuation Pause)
[2026-07-01T02:22:03.550+0000][2.877s][info][gc,task     ] GC(11) Using 2 workers of 2 for evacuation
[2026-07-01T02:22:03.555+0000][2.882s][info][gc,phases   ] GC(11)   Pre Evacuate Collection Set: 0.10ms
[2026-07-01T02:22:03.555+0000][2.882s][info][gc,phases   ] GC(11)   Merge Heap Roots: 0.06ms
[2026-07-01T02:22:03.555+0000][2.882s][info][gc,phases   ] GC(11)   Evacuate Collection Set: 3.99ms
[2026-07-01T02:22:03.555+0000][2.882s][info][gc,phases   ] GC(11)   Post Evacuate Collection Set: 0.44ms
[2026-07-01T02:22:03.555+0000][2.882s][info][gc,phases   ] GC(11)   Other: 0.06ms
[2026-07-01T02:22:03.555+0000][2.882s][info][gc,heap     ] GC(11) Eden regions: 15->0(14)
[2026-07-01T02:22:03.555+0000][2.882s][info][gc,heap     ] GC(11) Survivor regions: 2->3(3)
[2026-07-01T02:22:03.555+0000][2.882s][info][gc,heap     ] GC(11) Old regions: 10->10
[2026-07-01T02:22:03.555+0000][2.882s][info][gc,heap     ] GC(11) Humongous regions: 0->0
[2026-07-01T02:22:03.555+0000][2.882s][info][gc,metaspace] GC(11) Metaspace: 25750K(26240K)->25750K(26240K) NonClass: 22474K(22720K)->22474K(22720K) Class: 3276K(3520K)->3276K(3520K)
[2026-07-01T02:22:03.555+0000][2.882s][info][gc          ] GC(11) Pause Young (Normal) (G1 Evacuation Pause) 25M->12M(30M) 4.793ms
[2026-07-01T02:22:03.555+0000][2.882s][info][gc,cpu      ] GC(11) User=0.01s Sys=0.00s Real=0.00s
[2026-07-01T02:22:03.716+0000][3.043s][info][gc,start    ] GC(12) Pause Young (Normal) (G1 Evacuation Pause)
[2026-07-01T02:22:03.716+0000][3.043s][info][gc,task     ] GC(12) Using 2 workers of 2 for evacuation
[2026-07-01T02:22:03.720+0000][3.048s][info][gc,phases   ] GC(12)   Pre Evacuate Collection Set: 0.07ms
[2026-07-01T02:22:03.720+0000][3.048s][info][gc,phases   ] GC(12)   Merge Heap Roots: 0.05ms
[2026-07-01T02:22:03.720+0000][3.048s][info][gc,phases   ] GC(12)   Evacuate Collection Set: 3.61ms
[2026-07-01T02:22:03.720+0000][3.048s][info][gc,phases   ] GC(12)   Post Evacuate Collection Set: 0.33ms
[2026-07-01T02:22:03.720+0000][3.048s][info][gc,phases   ] GC(12)   Other: 0.05ms
[2026-07-01T02:22:03.720+0000][3.048s][info][gc,heap     ] GC(12) Eden regions: 14->0(14)
[2026-07-01T02:22:03.720+0000][3.048s][info][gc,heap     ] GC(12) Survivor regions: 3->1(3)
[2026-07-01T02:22:03.720+0000][3.048s][info][gc,heap     ] GC(12) Old regions: 10->13
[2026-07-01T02:22:03.720+0000][3.048s][info][gc,heap     ] GC(12) Humongous regions: 0->0
[2026-07-01T02:22:03.720+0000][3.048s][info][gc,metaspace] GC(12) Metaspace: 27876K(28416K)->27876K(28416K) NonClass: 24331K(24640K)->24331K(24640K) Class: 3545K(3776K)->3545K(3776K)
[2026-07-01T02:22:03.720+0000][3.048s][info][gc          ] GC(12) Pause Young (Normal) (G1 Evacuation Pause) 26M->12M(31M) 4.230ms
[2026-07-01T02:22:03.720+0000][3.048s][info][gc,cpu      ] GC(12) User=0.01s Sys=0.00s Real=0.01s
[2026-07-01T02:22:03.883+0000][3.210s][info][gc,start    ] GC(13) Pause Young (Normal) (G1 Evacuation Pause)
[2026-07-01T02:22:03.883+0000][3.210s][info][gc,task     ] GC(13) Using 2 workers of 2 for evacuation
[2026-07-01T02:22:03.886+0000][3.213s][info][gc,phases   ] GC(13)   Pre Evacuate Collection Set: 0.08ms
[2026-07-01T02:22:03.886+0000][3.213s][info][gc,phases   ] GC(13)   Merge Heap Roots: 0.05ms
[2026-07-01T02:22:03.886+0000][3.213s][info][gc,phases   ] GC(13)   Evacuate Collection Set: 3.13ms
[2026-07-01T02:22:03.886+0000][3.213s][info][gc,phases   ] GC(13)   Post Evacuate Collection Set: 0.34ms
[2026-07-01T02:22:03.886+0000][3.213s][info][gc,phases   ] GC(13)   Other: 0.04ms
[2026-07-01T02:22:03.886+0000][3.213s][info][gc,heap     ] GC(13) Eden regions: 14->0(12)
[2026-07-01T02:22:03.886+0000][3.213s][info][gc,heap     ] GC(13) Survivor regions: 1->2(2)
[2026-07-01T02:22:03.886+0000][3.213s][info][gc,heap     ] GC(13) Old regions: 13->13
[2026-07-01T02:22:03.886+0000][3.213s][info][gc,heap     ] GC(13) Humongous regions: 0->0
[2026-07-01T02:22:03.886+0000][3.213s][info][gc,metaspace] GC(13) Metaspace: 29655K(30272K)->29655K(30272K) NonClass: 25843K(26176K)->25843K(26176K) Class: 3812K(4096K)->3812K(4096K)
[2026-07-01T02:22:03.886+0000][3.213s][info][gc          ] GC(13) Pause Young (Normal) (G1 Evacuation Pause) 26M->14M(31M) 3.759ms
[2026-07-01T02:22:03.886+0000][3.213s][info][gc,cpu      ] GC(13) User=0.01s Sys=0.00s Real=0.00s
[2026-07-01T02:22:04.032+0000][3.359s][info][gc,start    ] GC(14) Pause Young (Normal) (G1 Evacuation Pause)
[2026-07-01T02:22:04.032+0000][3.359s][info][gc,task     ] GC(14) Using 2 workers of 2 for evacuation
[2026-07-01T02:22:04.037+0000][3.364s][info][gc,phases   ] GC(14)   Pre Evacuate Collection Set: 0.07ms
[2026-07-01T02:22:04.037+0000][3.364s][info][gc,phases   ] GC(14)   Merge Heap Roots: 0.04ms
[2026-07-01T02:22:04.037+0000][3.364s][info][gc,phases   ] GC(14)   Evacuate Collection Set: 4.20ms
[2026-07-01T02:22:04.037+0000][3.364s][info][gc,phases   ] GC(14)   Post Evacuate Collection Set: 0.48ms
[2026-07-01T02:22:04.037+0000][3.364s][info][gc,phases   ] GC(14)   Other: 0.04ms
[2026-07-01T02:22:04.037+0000][3.364s][info][gc,heap     ] GC(14) Eden regions: 12->0(17)
[2026-07-01T02:22:04.037+0000][3.364s][info][gc,heap     ] GC(14) Survivor regions: 2->1(2)
[2026-07-01T02:22:04.037+0000][3.364s][info][gc,heap     ] GC(14) Old regions: 13->15
[2026-07-01T02:22:04.037+0000][3.364s][info][gc,heap     ] GC(14) Humongous regions: 0->0
[2026-07-01T02:22:04.037+0000][3.364s][info][gc,metaspace] GC(14) Metaspace: 31382K(32000K)->31382K(32000K) NonClass: 27332K(27648K)->27332K(27648K) Class: 4049K(4352K)->4049K(4352K)
[2026-07-01T02:22:04.037+0000][3.364s][info][gc          ] GC(14) Pause Young (Normal) (G1 Evacuation Pause) 26M->15M(38M) 4.940ms
[2026-07-01T02:22:04.037+0000][3.364s][info][gc,cpu      ] GC(14) User=0.01s Sys=0.00s Real=0.00s
[2026-07-01T02:22:04.335+0000][3.662s][info][gc,start    ] GC(15) Pause Young (Normal) (G1 Evacuation Pause)
[2026-07-01T02:22:04.335+0000][3.662s][info][gc,task     ] GC(15) Using 2 workers of 2 for evacuation
[2026-07-01T02:22:04.339+0000][3.666s][info][gc,phases   ] GC(15)   Pre Evacuate Collection Set: 0.09ms
[2026-07-01T02:22:04.339+0000][3.666s][info][gc,phases   ] GC(15)   Merge Heap Roots: 0.07ms
[2026-07-01T02:22:04.339+0000][3.666s][info][gc,phases   ] GC(15)   Evacuate Collection Set: 3.87ms
[2026-07-01T02:22:04.339+0000][3.666s][info][gc,phases   ] GC(15)   Post Evacuate Collection Set: 0.41ms
[2026-07-01T02:22:04.339+0000][3.666s][info][gc,phases   ] GC(15)   Other: 0.05ms
[2026-07-01T02:22:04.339+0000][3.666s][info][gc,heap     ] GC(15) Eden regions: 17->0(15)
[2026-07-01T02:22:04.339+0000][3.666s][info][gc,heap     ] GC(15) Survivor regions: 1->3(3)
[2026-07-01T02:22:04.339+0000][3.666s][info][gc,heap     ] GC(15) Old regions: 15->15
[2026-07-01T02:22:04.339+0000][3.666s][info][gc,heap     ] GC(15) Humongous regions: 0->0
[2026-07-01T02:22:04.339+0000][3.666s][info][gc,metaspace] GC(15) Metaspace: 35025K(35776K)->35025K(35776K) NonClass: 30467K(30912K)->30467K(30912K) Class: 4557K(4864K)->4557K(4864K)
[2026-07-01T02:22:04.339+0000][3.666s][info][gc          ] GC(15) Pause Young (Normal) (G1 Evacuation Pause) 32M->17M(38M) 4.609ms
[2026-07-01T02:22:04.339+0000][3.666s][info][gc,cpu      ] GC(15) User=0.01s Sys=0.00s Real=0.01s
[2026-07-01T02:22:04.414+0000][3.741s][info][gc,start    ] GC(16) Pause Young (Concurrent Start) (Metadata GC Threshold)
[2026-07-01T02:22:04.414+0000][3.741s][info][gc,task     ] GC(16) Using 2 workers of 2 for evacuation
[2026-07-01T02:22:04.422+0000][3.749s][info][gc,phases   ] GC(16)   Pre Evacuate Collection Set: 0.11ms
[2026-07-01T02:22:04.422+0000][3.749s][info][gc,phases   ] GC(16)   Merge Heap Roots: 0.05ms
[2026-07-01T02:22:04.422+0000][3.749s][info][gc,phases   ] GC(16)   Evacuate Collection Set: 7.57ms
[2026-07-01T02:22:04.422+0000][3.749s][info][gc,phases   ] GC(16)   Post Evacuate Collection Set: 0.47ms
[2026-07-01T02:22:04.422+0000][3.749s][info][gc,phases   ] GC(16)   Other: 0.07ms
[2026-07-01T02:22:04.422+0000][3.749s][info][gc,heap     ] GC(16) Eden regions: 10->0(7)
[2026-07-01T02:22:04.422+0000][3.749s][info][gc,heap     ] GC(16) Survivor regions: 3->3(3)
[2026-07-01T02:22:04.422+0000][3.749s][info][gc,heap     ] GC(16) Old regions: 15->20
[2026-07-01T02:22:04.422+0000][3.749s][info][gc,heap     ] GC(16) Humongous regions: 0->0
[2026-07-01T02:22:04.422+0000][3.749s][info][gc,metaspace] GC(16) Metaspace: 35485K(36160K)->35485K(36160K) NonClass: 30867K(31232K)->30867K(31232K) Class: 4618K(4928K)->4618K(4928K)
[2026-07-01T02:22:04.422+0000][3.749s][info][gc          ] GC(16) Pause Young (Concurrent Start) (Metadata GC Threshold) 26M->22M(38M) 8.420ms
[2026-07-01T02:22:04.422+0000][3.749s][info][gc,cpu      ] GC(16) User=0.03s Sys=0.00s Real=0.01s
[2026-07-01T02:22:04.422+0000][3.749s][info][gc          ] GC(17) Concurrent Mark Cycle
[2026-07-01T02:22:04.422+0000][3.749s][info][gc,marking  ] GC(17) Concurrent Scan Root Regions
[2026-07-01T02:22:04.431+0000][3.758s][info][gc,marking  ] GC(17) Concurrent Scan Root Regions 9.237ms
[2026-07-01T02:22:04.431+0000][3.759s][info][gc,marking  ] GC(17) Concurrent Mark
[2026-07-01T02:22:04.431+0000][3.759s][info][gc,marking  ] GC(17) Concurrent Mark From Roots
[2026-07-01T02:22:04.431+0000][3.759s][info][gc,task     ] GC(17) Using 1 workers of 1 for marking
[2026-07-01T02:22:04.447+0000][3.774s][info][gc,start    ] GC(18) Pause Young (Normal) (G1 Evacuation Pause)
[2026-07-01T02:22:04.447+0000][3.774s][info][gc,task     ] GC(18) Using 2 workers of 2 for evacuation
[2026-07-01T02:22:04.459+0000][3.786s][info][gc,phases   ] GC(18)   Pre Evacuate Collection Set: 0.10ms
[2026-07-01T02:22:04.459+0000][3.786s][info][gc,phases   ] GC(18)   Merge Heap Roots: 0.09ms
[2026-07-01T02:22:04.459+0000][3.786s][info][gc,phases   ] GC(18)   Evacuate Collection Set: 11.17ms
[2026-07-01T02:22:04.459+0000][3.786s][info][gc,phases   ] GC(18)   Post Evacuate Collection Set: 0.34ms
[2026-07-01T02:22:04.459+0000][3.786s][info][gc,phases   ] GC(18)   Other: 0.05ms
[2026-07-01T02:22:04.459+0000][3.786s][info][gc,heap     ] GC(18) Eden regions: 7->0(3)
[2026-07-01T02:22:04.459+0000][3.786s][info][gc,heap     ] GC(18) Survivor regions: 3->2(2)
[2026-07-01T02:22:04.459+0000][3.786s][info][gc,heap     ] GC(18) Old regions: 20->27
[2026-07-01T02:22:04.459+0000][3.786s][info][gc,heap     ] GC(18) Humongous regions: 0->0
[2026-07-01T02:22:04.459+0000][3.786s][info][gc,metaspace] GC(18) Metaspace: 35488K(36224K)->35488K(36224K) NonClass: 30870K(31296K)->30870K(31296K) Class: 4618K(4928K)->4618K(4928K)
[2026-07-01T02:22:04.459+0000][3.786s][info][gc          ] GC(18) Pause Young (Normal) (G1 Evacuation Pause) 29M->28M(39M) 11.916ms
[2026-07-01T02:22:04.459+0000][3.786s][info][gc,cpu      ] GC(18) User=0.03s Sys=0.00s Real=0.02s
[2026-07-01T02:22:04.470+0000][3.797s][info][gc,start    ] GC(19) Pause Young (Normal) (G1 Evacuation Pause)
[2026-07-01T02:22:04.470+0000][3.797s][info][gc,task     ] GC(19) Using 2 workers of 2 for evacuation
[2026-07-01T02:22:04.475+0000][3.802s][info][gc,phases   ] GC(19)   Pre Evacuate Collection Set: 0.10ms
[2026-07-01T02:22:04.475+0000][3.802s][info][gc,phases   ] GC(19)   Merge Heap Roots: 0.04ms
[2026-07-01T02:22:04.475+0000][3.802s][info][gc,phases   ] GC(19)   Evacuate Collection Set: 4.24ms
[2026-07-01T02:22:04.475+0000][3.802s][info][gc,phases   ] GC(19)   Post Evacuate Collection Set: 0.53ms
[2026-07-01T02:22:04.475+0000][3.802s][info][gc,phases   ] GC(19)   Other: 0.05ms
[2026-07-01T02:22:04.475+0000][3.802s][info][gc,heap     ] GC(19) Eden regions: 3->0(30)
[2026-07-01T02:22:04.475+0000][3.802s][info][gc,heap     ] GC(19) Survivor regions: 2->1(1)
[2026-07-01T02:22:04.475+0000][3.802s][info][gc,heap     ] GC(19) Old regions: 27->31
[2026-07-01T02:22:04.475+0000][3.802s][info][gc,heap     ] GC(19) Humongous regions: 0->0
[2026-07-01T02:22:04.475+0000][3.802s][info][gc,metaspace] GC(19) Metaspace: 35490K(36224K)->35490K(36224K) NonClass: 30872K(31296K)->30872K(31296K) Class: 4618K(4928K)->4618K(4928K)
[2026-07-01T02:22:04.475+0000][3.802s][info][gc          ] GC(19) Pause Young (Normal) (G1 Evacuation Pause) 31M->31M(78M) 5.118ms
[2026-07-01T02:22:04.475+0000][3.802s][info][gc,cpu      ] GC(19) User=0.01s Sys=0.00s Real=0.00s
[2026-07-01T02:22:04.506+0000][3.834s][info][gc,marking  ] GC(17) Concurrent Mark From Roots 75.011ms
[2026-07-01T02:22:04.506+0000][3.834s][info][gc,marking  ] GC(17) Concurrent Preclean
[2026-07-01T02:22:04.507+0000][3.834s][info][gc,marking  ] GC(17) Concurrent Preclean 0.118ms
[2026-07-01T02:22:04.507+0000][3.834s][info][gc,start    ] GC(17) Pause Remark
[2026-07-01T02:22:04.511+0000][3.838s][info][gc,heap     ] GC(17) Heap shrink completed: uncommitted 14 regions (14MB), heap size now 64MB
[2026-07-01T02:22:04.511+0000][3.838s][info][gc          ] GC(17) Pause Remark 31M->31M(64M) 4.540ms
[2026-07-01T02:22:04.511+0000][3.838s][info][gc,cpu      ] GC(17) User=0.00s Sys=0.01s Real=0.01s
[2026-07-01T02:22:04.511+0000][3.839s][info][gc,marking  ] GC(17) Concurrent Mark 80.001ms
[2026-07-01T02:22:04.511+0000][3.839s][info][gc,marking  ] GC(17) Concurrent Rebuild Remembered Sets and Scrub Regions
[2026-07-01T02:22:04.532+0000][3.859s][info][gc,marking  ] GC(17) Concurrent Rebuild Remembered Sets and Scrub Regions 20.350ms
[2026-07-01T02:22:04.532+0000][3.859s][info][gc,start    ] GC(17) Pause Cleanup
[2026-07-01T02:22:04.532+0000][3.859s][info][gc          ] GC(17) Pause Cleanup 41M->41M(64M) 0.123ms
[2026-07-01T02:22:04.532+0000][3.859s][info][gc,cpu      ] GC(17) User=0.00s Sys=0.00s Real=0.00s
[2026-07-01T02:22:04.532+0000][3.859s][info][gc,marking  ] GC(17) Concurrent Clear Claimed Marks
[2026-07-01T02:22:04.532+0000][3.859s][info][gc,marking  ] GC(17) Concurrent Clear Claimed Marks 0.063ms
[2026-07-01T02:22:04.532+0000][3.859s][info][gc,marking  ] GC(17) Concurrent Cleanup for Next Mark
[2026-07-01T02:22:04.533+0000][3.860s][info][gc,marking  ] GC(17) Concurrent Cleanup for Next Mark 0.337ms
[2026-07-01T02:22:04.533+0000][3.860s][info][gc          ] GC(17) Concurrent Mark Cycle 110.391ms
[2026-07-01T02:22:04.549+0000][3.877s][info][gc,start    ] GC(20) Pause Young (Prepare Mixed) (G1 Evacuation Pause)
[2026-07-01T02:22:04.549+0000][3.877s][info][gc,task     ] GC(20) Using 2 workers of 2 for evacuation
[2026-07-01T02:22:04.568+0000][3.895s][info][gc,phases   ] GC(20)   Pre Evacuate Collection Set: 0.11ms
[2026-07-01T02:22:04.568+0000][3.895s][info][gc,phases   ] GC(20)   Merge Heap Roots: 0.06ms
[2026-07-01T02:22:04.568+0000][3.895s][info][gc,phases   ] GC(20)   Evacuate Collection Set: 17.70ms
[2026-07-01T02:22:04.568+0000][3.895s][info][gc,phases   ] GC(20)   Post Evacuate Collection Set: 0.27ms
[2026-07-01T02:22:04.568+0000][3.895s][info][gc,phases   ] GC(20)   Other: 0.04ms
[2026-07-01T02:22:04.568+0000][3.895s][info][gc,heap     ] GC(20) Eden regions: 30->0(12)
[2026-07-01T02:22:04.568+0000][3.895s][info][gc,heap     ] GC(20) Survivor regions: 1->4(4)
[2026-07-01T02:22:04.568+0000][3.895s][info][gc,heap     ] GC(20) Old regions: 31->53
[2026-07-01T02:22:04.568+0000][3.895s][info][gc,heap     ] GC(20) Humongous regions: 1->1
[2026-07-01T02:22:04.568+0000][3.895s][info][gc,metaspace] GC(20) Metaspace: 35493K(36224K)->35493K(36224K) NonClass: 30874K(31296K)->30874K(31296K) Class: 4618K(4928K)->4618K(4928K)
[2026-07-01T02:22:04.568+0000][3.895s][info][gc          ] GC(20) Pause Young (Prepare Mixed) (G1 Evacuation Pause) 62M->57M(89M) 18.286ms
[2026-07-01T02:22:04.568+0000][3.895s][info][gc,cpu      ] GC(20) User=0.03s Sys=0.01s Real=0.01s
[2026-07-01T02:22:04.582+0000][3.910s][info][gc,start    ] GC(21) Pause Young (Mixed) (G1 Evacuation Pause)
[2026-07-01T02:22:04.582+0000][3.910s][info][gc,task     ] GC(21) Using 2 workers of 2 for evacuation
[2026-07-01T02:22:04.613+0000][3.940s][info][gc,phases   ] GC(21)   Pre Evacuate Collection Set: 0.11ms
[2026-07-01T02:22:04.613+0000][3.940s][info][gc,phases   ] GC(21)   Merge Heap Roots: 0.07ms
[2026-07-01T02:22:04.613+0000][3.940s][info][gc,phases   ] GC(21)   Evacuate Collection Set: 29.94ms
[2026-07-01T02:22:04.613+0000][3.940s][info][gc,phases   ] GC(21)   Post Evacuate Collection Set: 0.31ms
[2026-07-01T02:22:04.613+0000][3.940s][info][gc,phases   ] GC(21)   Other: 0.04ms
[2026-07-01T02:22:04.613+0000][3.940s][info][gc,heap     ] GC(21) Eden regions: 12->0(6)
[2026-07-01T02:22:04.613+0000][3.940s][info][gc,heap     ] GC(21) Survivor regions: 4->2(2)
[2026-07-01T02:22:04.613+0000][3.940s][info][gc,heap     ] GC(21) Old regions: 53->65
[2026-07-01T02:22:04.613+0000][3.940s][info][gc,heap     ] GC(21) Humongous regions: 3->3
[2026-07-01T02:22:04.613+0000][3.940s][info][gc,metaspace] GC(21) Metaspace: 35493K(36224K)->35493K(36224K) NonClass: 30874K(31296K)->30874K(31296K) Class: 4618K(4928K)->4618K(4928K)
[2026-07-01T02:22:04.613+0000][3.940s][info][gc          ] GC(21) Pause Young (Mixed) (G1 Evacuation Pause) 71M->69M(89M) 30.626ms
[2026-07-01T02:22:04.613+0000][3.940s][info][gc,cpu      ] GC(21) User=0.03s Sys=0.00s Real=0.03s
[2026-07-01T02:22:04.617+0000][3.944s][info][gc,start    ] GC(22) Pause Young (Concurrent Start) (G1 Evacuation Pause)
[2026-07-01T02:22:04.617+0000][3.944s][info][gc,task     ] GC(22) Using 2 workers of 2 for evacuation
[2026-07-01T02:22:04.625+0000][3.952s][info][gc,phases   ] GC(22)   Pre Evacuate Collection Set: 0.11ms
[2026-07-01T02:22:04.625+0000][3.952s][info][gc,phases   ] GC(22)   Merge Heap Roots: 0.04ms
[2026-07-01T02:22:04.625+0000][3.952s][info][gc,phases   ] GC(22)   Evacuate Collection Set: 7.37ms
[2026-07-01T02:22:04.625+0000][3.952s][info][gc,phases   ] GC(22)   Post Evacuate Collection Set: 0.24ms
[2026-07-01T02:22:04.625+0000][3.952s][info][gc,phases   ] GC(22)   Other: 0.06ms
[2026-07-01T02:22:04.625+0000][3.952s][info][gc,heap     ] GC(22) Eden regions: 6->0(4)
[2026-07-01T02:22:04.625+0000][3.952s][info][gc,heap     ] GC(22) Survivor regions: 2->1(1)
[2026-07-01T02:22:04.625+0000][3.952s][info][gc,heap     ] GC(22) Old regions: 65->71
[2026-07-01T02:22:04.625+0000][3.952s][info][gc,heap     ] GC(22) Humongous regions: 3->3
[2026-07-01T02:22:04.625+0000][3.952s][info][gc,metaspace] GC(22) Metaspace: 35493K(36224K)->35493K(36224K) NonClass: 30874K(31296K)->30874K(31296K) Class: 4618K(4928K)->4618K(4928K)
[2026-07-01T02:22:04.625+0000][3.952s][info][gc          ] GC(22) Pause Young (Concurrent Start) (G1 Evacuation Pause) 75M->74M(89M) 7.946ms
[2026-07-01T02:22:04.625+0000][3.952s][info][gc,cpu      ] GC(22) User=0.02s Sys=0.00s Real=0.01s
[2026-07-01T02:22:04.625+0000][3.952s][info][gc          ] GC(23) Concurrent Mark Cycle
[2026-07-01T02:22:04.625+0000][3.952s][info][gc,marking  ] GC(23) Concurrent Scan Root Regions
[2026-07-01T02:22:04.631+0000][3.958s][info][gc,marking  ] GC(23) Concurrent Scan Root Regions 5.706ms
[2026-07-01T02:22:04.631+0000][3.958s][info][gc,marking  ] GC(23) Concurrent Mark
[2026-07-01T02:22:04.631+0000][3.958s][info][gc,marking  ] GC(23) Concurrent Mark From Roots
[2026-07-01T02:22:04.631+0000][3.958s][info][gc,task     ] GC(23) Using 1 workers of 1 for marking
[2026-07-01T02:22:04.632+0000][3.959s][info][gc,start    ] GC(24) Pause Young (Normal) (G1 Evacuation Pause)
[2026-07-01T02:22:04.632+0000][3.959s][info][gc,task     ] GC(24) Using 2 workers of 2 for evacuation
[2026-07-01T02:22:04.637+0000][3.964s][info][gc,phases   ] GC(24)   Pre Evacuate Collection Set: 0.10ms
[2026-07-01T02:22:04.637+0000][3.964s][info][gc,phases   ] GC(24)   Merge Heap Roots: 0.04ms
[2026-07-01T02:22:04.637+0000][3.964s][info][gc,phases   ] GC(24)   Evacuate Collection Set: 4.06ms
[2026-07-01T02:22:04.637+0000][3.964s][info][gc,phases   ] GC(24)   Post Evacuate Collection Set: 0.27ms
[2026-07-01T02:22:04.637+0000][3.964s][info][gc,phases   ] GC(24)   Other: 0.04ms
[2026-07-01T02:22:04.637+0000][3.964s][info][gc,heap     ] GC(24) Eden regions: 4->0(3)
[2026-07-01T02:22:04.637+0000][3.964s][info][gc,heap     ] GC(24) Survivor regions: 1->1(1)
[2026-07-01T02:22:04.637+0000][3.964s][info][gc,heap     ] GC(24) Old regions: 71->75
[2026-07-01T02:22:04.637+0000][3.964s][info][gc,heap     ] GC(24) Humongous regions: 3->3
[2026-07-01T02:22:04.637+0000][3.964s][info][gc,metaspace] GC(24) Metaspace: 35493K(36224K)->35493K(36224K) NonClass: 30874K(31296K)->30874K(31296K) Class: 4618K(4928K)->4618K(4928K)
[2026-07-01T02:22:04.637+0000][3.964s][info][gc          ] GC(24) Pause Young (Normal) (G1 Evacuation Pause) 78M->78M(89M) 4.617ms
[2026-07-01T02:22:04.637+0000][3.964s][info][gc,cpu      ] GC(24) User=0.01s Sys=0.00s Real=0.00s
[2026-07-01T02:22:04.640+0000][3.967s][info][gc,start    ] GC(25) Pause Young (Normal) (G1 Evacuation Pause)
[2026-07-01T02:22:04.640+0000][3.967s][info][gc,task     ] GC(25) Using 2 workers of 2 for evacuation
[2026-07-01T02:22:04.644+0000][3.972s][info][gc,phases   ] GC(25)   Pre Evacuate Collection Set: 0.10ms
[2026-07-01T02:22:04.644+0000][3.972s][info][gc,phases   ] GC(25)   Merge Heap Roots: 0.04ms
[2026-07-01T02:22:04.644+0000][3.972s][info][gc,phases   ] GC(25)   Evacuate Collection Set: 3.27ms
[2026-07-01T02:22:04.644+0000][3.972s][info][gc,phases   ] GC(25)   Post Evacuate Collection Set: 1.42ms
[2026-07-01T02:22:04.644+0000][3.972s][info][gc,phases   ] GC(25)   Other: 0.04ms
[2026-07-01T02:22:04.644+0000][3.972s][info][gc,heap     ] GC(25) Eden regions: 3->0(62)
[2026-07-01T02:22:04.644+0000][3.972s][info][gc,heap     ] GC(25) Survivor regions: 1->1(1)
[2026-07-01T02:22:04.645+0000][3.972s][info][gc,heap     ] GC(25) Old regions: 75->77
[2026-07-01T02:22:04.645+0000][3.972s][info][gc,heap     ] GC(25) Humongous regions: 3->3
[2026-07-01T02:22:04.645+0000][3.972s][info][gc,metaspace] GC(25) Metaspace: 35495K(36224K)->35495K(36224K) NonClass: 30876K(31296K)->30876K(31296K) Class: 4618K(4928K)->4618K(4928K)
[2026-07-01T02:22:04.645+0000][3.972s][info][gc          ] GC(25) Pause Young (Normal) (G1 Evacuation Pause) 81M->80M(267M) 4.967ms
[2026-07-01T02:22:04.645+0000][3.972s][info][gc,cpu      ] GC(25) User=0.01s Sys=0.00s Real=0.00s
[2026-07-01T02:22:04.749+0000][4.076s][info][gc,marking  ] GC(23) Concurrent Mark From Roots 117.691ms
[2026-07-01T02:22:04.749+0000][4.076s][info][gc,marking  ] GC(23) Concurrent Preclean
[2026-07-01T02:22:04.749+0000][4.076s][info][gc,marking  ] GC(23) Concurrent Preclean 0.070ms
[2026-07-01T02:22:04.749+0000][4.076s][info][gc,start    ] GC(23) Pause Remark
[2026-07-01T02:22:04.753+0000][4.080s][info][gc,heap     ] GC(23) Heap shrink completed: uncommitted 101 regions (101MB), heap size now 166MB
[2026-07-01T02:22:04.753+0000][4.080s][info][gc          ] GC(23) Pause Remark 141M->140M(166M) 3.951ms
[2026-07-01T02:22:04.753+0000][4.080s][info][gc,cpu      ] GC(23) User=0.01s Sys=0.00s Real=0.00s
[2026-07-01T02:22:04.753+0000][4.080s][info][gc,marking  ] GC(23) Concurrent Mark 122.143ms
[2026-07-01T02:22:04.753+0000][4.080s][info][gc,marking  ] GC(23) Concurrent Rebuild Remembered Sets and Scrub Regions
[2026-07-01T02:22:04.758+0000][4.085s][info][gc,start    ] GC(26) Pause Young (Normal) (G1 Evacuation Pause)
[2026-07-01T02:22:04.758+0000][4.085s][info][gc,task     ] GC(26) Using 2 workers of 2 for evacuation
[2026-07-01T02:22:04.845+0000][4.172s][info][gc,phases   ] GC(26)   Pre Evacuate Collection Set: 0.13ms
[2026-07-01T02:22:04.845+0000][4.172s][info][gc,phases   ] GC(26)   Merge Heap Roots: 0.09ms
[2026-07-01T02:22:04.845+0000][4.172s][info][gc,phases   ] GC(26)   Evacuate Collection Set: 85.63ms
[2026-07-01T02:22:04.845+0000][4.172s][info][gc,phases   ] GC(26)   Post Evacuate Collection Set: 0.63ms
[2026-07-01T02:22:04.845+0000][4.172s][info][gc,phases   ] GC(26)   Other: 0.07ms
[2026-07-01T02:22:04.845+0000][4.172s][info][gc,heap     ] GC(26) Eden regions: 62->0(22)
[2026-07-01T02:22:04.845+0000][4.172s][info][gc,heap     ] GC(26) Survivor regions: 1->8(8)
[2026-07-01T02:22:04.845+0000][4.172s][info][gc,heap     ] GC(26) Old regions: 77->118
[2026-07-01T02:22:04.845+0000][4.172s][info][gc,heap     ] GC(26) Humongous regions: 5->5
[2026-07-01T02:22:04.845+0000][4.172s][info][gc,metaspace] GC(26) Metaspace: 36356K(36992K)->36356K(36992K) NonClass: 31633K(32000K)->31633K(32000K) Class: 4722K(4992K)->4722K(4992K)
[2026-07-01T02:22:04.845+0000][4.172s][info][gc          ] GC(26) Pause Young (Normal) (G1 Evacuation Pause) 144M->130M(194M) 86.678ms
[2026-07-01T02:22:04.845+0000][4.172s][info][gc,cpu      ] GC(26) User=0.07s Sys=0.02s Real=0.09s
[2026-07-01T02:22:04.866+0000][4.193s][info][gc,start    ] GC(27) Pause Young (Normal) (G1 Evacuation Pause)
[2026-07-01T02:22:04.866+0000][4.193s][info][gc,task     ] GC(27) Using 2 workers of 2 for evacuation
[2026-07-01T02:22:04.911+0000][4.238s][info][gc,phases   ] GC(27)   Pre Evacuate Collection Set: 0.10ms
[2026-07-01T02:22:04.911+0000][4.238s][info][gc,phases   ] GC(27)   Merge Heap Roots: 0.24ms
[2026-07-01T02:22:04.911+0000][4.238s][info][gc,phases   ] GC(27)   Evacuate Collection Set: 43.79ms
[2026-07-01T02:22:04.911+0000][4.238s][info][gc,phases   ] GC(27)   Post Evacuate Collection Set: 0.50ms
[2026-07-01T02:22:04.911+0000][4.238s][info][gc,phases   ] GC(27)   Other: 0.04ms
[2026-07-01T02:22:04.911+0000][4.238s][info][gc,heap     ] GC(27) Eden regions: 22->0(15)
[2026-07-01T02:22:04.911+0000][4.238s][info][gc,heap     ] GC(27) Survivor regions: 8->4(4)
[2026-07-01T02:22:04.911+0000][4.238s][info][gc,heap     ] GC(27) Old regions: 118->140
[2026-07-01T02:22:04.911+0000][4.238s][info][gc,heap     ] GC(27) Humongous regions: 5->5
[2026-07-01T02:22:04.911+0000][4.238s][info][gc,metaspace] GC(27) Metaspace: 36478K(37184K)->36478K(37184K) NonClass: 31736K(32128K)->31736K(32128K) Class: 4741K(5056K)->4741K(5056K)
[2026-07-01T02:22:04.911+0000][4.238s][info][gc          ] GC(27) Pause Young (Normal) (G1 Evacuation Pause) 152M->148M(194M) 44.847ms
[2026-07-01T02:22:04.911+0000][4.238s][info][gc,cpu      ] GC(27) User=0.05s Sys=0.00s Real=0.05s
[2026-07-01T02:22:04.967+0000][4.294s][info][gc,marking  ] GC(23) Concurrent Rebuild Remembered Sets and Scrub Regions 214.010ms
[2026-07-01T02:22:04.967+0000][4.294s][info][gc,start    ] GC(23) Pause Cleanup
[2026-07-01T02:22:04.967+0000][4.295s][info][gc          ] GC(23) Pause Cleanup 154M->154M(194M) 0.168ms
[2026-07-01T02:22:04.967+0000][4.295s][info][gc,cpu      ] GC(23) User=0.00s Sys=0.00s Real=0.00s
[2026-07-01T02:22:04.968+0000][4.295s][info][gc,marking  ] GC(23) Concurrent Clear Claimed Marks
[2026-07-01T02:22:04.968+0000][4.295s][info][gc,marking  ] GC(23) Concurrent Clear Claimed Marks 0.073ms
[2026-07-01T02:22:04.968+0000][4.295s][info][gc,marking  ] GC(23) Concurrent Cleanup for Next Mark
[2026-07-01T02:22:04.969+0000][4.296s][info][gc,marking  ] GC(23) Concurrent Cleanup for Next Mark 1.047ms
[2026-07-01T02:22:04.969+0000][4.296s][info][gc          ] GC(23) Concurrent Mark Cycle 343.880ms
[2026-07-01T02:22:05.096+0000][4.423s][info][gc,start    ] GC(28) Pause Young (Prepare Mixed) (G1 Evacuation Pause)
[2026-07-01T02:22:05.096+0000][4.423s][info][gc,task     ] GC(28) Using 2 workers of 2 for evacuation
[2026-07-01T02:22:05.120+0000][4.447s][info][gc,phases   ] GC(28)   Pre Evacuate Collection Set: 0.13ms
[2026-07-01T02:22:05.120+0000][4.447s][info][gc,phases   ] GC(28)   Merge Heap Roots: 0.50ms
[2026-07-01T02:22:05.120+0000][4.447s][info][gc,phases   ] GC(28)   Evacuate Collection Set: 22.63ms
[2026-07-01T02:22:05.120+0000][4.447s][info][gc,phases   ] GC(28)   Post Evacuate Collection Set: 0.38ms
[2026-07-01T02:22:05.120+0000][4.447s][info][gc,phases   ] GC(28)   Other: 0.05ms
[2026-07-01T02:22:05.120+0000][4.447s][info][gc,heap     ] GC(28) Eden regions: 15->0(14)
[2026-07-01T02:22:05.120+0000][4.447s][info][gc,heap     ] GC(28) Survivor regions: 4->3(3)
[2026-07-01T02:22:05.120+0000][4.447s][info][gc,heap     ] GC(28) Old regions: 140->146
[2026-07-01T02:22:05.120+0000][4.447s][info][gc,heap     ] GC(28) Humongous regions: 5->5
[2026-07-01T02:22:05.120+0000][4.447s][info][gc,metaspace] GC(28) Metaspace: 38246K(39040K)->38246K(39040K) NonClass: 33250K(33664K)->33250K(33664K) Class: 4996K(5376K)->4996K(5376K)
[2026-07-01T02:22:05.120+0000][4.447s][info][gc          ] GC(28) Pause Young (Prepare Mixed) (G1 Evacuation Pause) 163M->153M(194M) 23.814ms
[2026-07-01T02:22:05.120+0000][4.447s][info][gc,cpu      ] GC(28) User=0.05s Sys=0.00s Real=0.03s
[2026-07-01T02:22:05.315+0000][4.642s][info][gc,start    ] GC(29) Pause Young (Mixed) (G1 Evacuation Pause)
[2026-07-01T02:22:05.315+0000][4.643s][info][gc,task     ] GC(29) Using 2 workers of 2 for evacuation
[2026-07-01T02:22:05.320+0000][4.647s][info][gc,phases   ] GC(29)   Pre Evacuate Collection Set: 0.15ms
[2026-07-01T02:22:05.320+0000][4.647s][info][gc,phases   ] GC(29)   Merge Heap Roots: 0.06ms
[2026-07-01T02:22:05.320+0000][4.647s][info][gc,phases   ] GC(29)   Evacuate Collection Set: 3.97ms
[2026-07-01T02:22:05.320+0000][4.647s][info][gc,phases   ] GC(29)   Post Evacuate Collection Set: 0.33ms
[2026-07-01T02:22:05.320+0000][4.647s][info][gc,phases   ] GC(29)   Other: 0.04ms
[2026-07-01T02:22:05.320+0000][4.647s][info][gc,heap     ] GC(29) Eden regions: 14->0(12)
[2026-07-01T02:22:05.320+0000][4.647s][info][gc,heap     ] GC(29) Survivor regions: 3->3(3)
[2026-07-01T02:22:05.320+0000][4.647s][info][gc,heap     ] GC(29) Old regions: 146->153
[2026-07-01T02:22:05.320+0000][4.647s][info][gc,heap     ] GC(29) Humongous regions: 5->5
[2026-07-01T02:22:05.320+0000][4.647s][info][gc,metaspace] GC(29) Metaspace: 38862K(39616K)->38862K(39616K) NonClass: 33799K(34176K)->33799K(34176K) Class: 5063K(5440K)->5063K(5440K)
[2026-07-01T02:22:05.320+0000][4.647s][info][gc          ] GC(29) Pause Young (Mixed) (G1 Evacuation Pause) 167M->160M(194M) 4.670ms
[2026-07-01T02:22:05.320+0000][4.647s][info][gc,cpu      ] GC(29) User=0.01s Sys=0.00s Real=0.01s
[2026-07-01T02:22:05.717+0000][5.044s][info][gc,start    ] GC(30) Pause Young (Concurrent Start) (G1 Evacuation Pause)
[2026-07-01T02:22:05.717+0000][5.044s][info][gc,task     ] GC(30) Using 2 workers of 2 for evacuation
[2026-07-01T02:22:05.725+0000][5.052s][info][gc,phases   ] GC(30)   Pre Evacuate Collection Set: 0.20ms
[2026-07-01T02:22:05.725+0000][5.052s][info][gc,phases   ] GC(30)   Merge Heap Roots: 0.10ms
[2026-07-01T02:22:05.725+0000][5.052s][info][gc,phases   ] GC(30)   Evacuate Collection Set: 4.91ms
[2026-07-01T02:22:05.725+0000][5.052s][info][gc,phases   ] GC(30)   Post Evacuate Collection Set: 2.77ms
[2026-07-01T02:22:05.725+0000][5.052s][info][gc,phases   ] GC(30)   Other: 0.08ms
[2026-07-01T02:22:05.725+0000][5.052s][info][gc,heap     ] GC(30) Eden regions: 12->0(158)
[2026-07-01T02:22:05.725+0000][5.052s][info][gc,heap     ] GC(30) Survivor regions: 3->2(2)
[2026-07-01T02:22:05.725+0000][5.052s][info][gc,heap     ] GC(30) Old regions: 153->156
[2026-07-01T02:22:05.725+0000][5.052s][info][gc,heap     ] GC(30) Humongous regions: 5->5
[2026-07-01T02:22:05.725+0000][5.052s][info][gc,metaspace] GC(30) Metaspace: 39695K(40512K)->39695K(40512K) NonClass: 34570K(35008K)->34570K(35008K) Class: 5124K(5504K)->5124K(5504K)
[2026-07-01T02:22:05.725+0000][5.052s][info][gc          ] GC(30) Pause Young (Concurrent Start) (G1 Evacuation Pause) 172M->162M(582M) 8.196ms
[2026-07-01T02:22:05.725+0000][5.052s][info][gc,cpu      ] GC(30) User=0.01s Sys=0.01s Real=0.01s
[2026-07-01T02:22:05.726+0000][5.053s][info][gc          ] GC(31) Concurrent Mark Cycle
[2026-07-01T02:22:05.726+0000][5.053s][info][gc,marking  ] GC(31) Concurrent Scan Root Regions
[2026-07-01T02:22:05.740+0000][5.067s][info][gc,marking  ] GC(31) Concurrent Scan Root Regions 13.646ms
[2026-07-01T02:22:05.740+0000][5.067s][info][gc,marking  ] GC(31) Concurrent Mark
[2026-07-01T02:22:05.740+0000][5.067s][info][gc,marking  ] GC(31) Concurrent Mark From Roots
[2026-07-01T02:22:05.740+0000][5.067s][info][gc,task     ] GC(31) Using 1 workers of 1 for marking
[2026-07-01T02:22:08.719+0000][8.046s][info][gc,marking  ] GC(31) Concurrent Mark From Roots 2979.290ms
[2026-07-01T02:22:08.719+0000][8.046s][info][gc,marking  ] GC(31) Concurrent Preclean
[2026-07-01T02:22:08.719+0000][8.046s][info][gc,marking  ] GC(31) Concurrent Preclean 0.075ms
[2026-07-01T02:22:08.720+0000][8.047s][info][gc,start    ] GC(31) Pause Remark
[2026-07-01T02:22:08.728+0000][8.055s][info][gc,heap     ] GC(31) Heap shrink completed: uncommitted 260 regions (260MB), heap size now 322MB
[2026-07-01T02:22:08.728+0000][8.055s][info][gc          ] GC(31) Pause Remark 254M->252M(322M) 8.202ms
[2026-07-01T02:22:08.728+0000][8.055s][info][gc,cpu      ] GC(31) User=0.03s Sys=0.00s Real=0.01s
[2026-07-01T02:22:08.739+0000][8.066s][info][gc,marking  ] GC(31) Concurrent Mark 2999.385ms
[2026-07-01T02:22:08.739+0000][8.066s][info][gc,marking  ] GC(31) Concurrent Rebuild Remembered Sets and Scrub Regions
[2026-07-01T02:22:09.625+0000][8.952s][info][gc,marking  ] GC(31) Concurrent Rebuild Remembered Sets and Scrub Regions 885.672ms
[2026-07-01T02:22:09.625+0000][8.952s][info][gc,start    ] GC(31) Pause Cleanup
[2026-07-01T02:22:09.626+0000][8.953s][info][gc          ] GC(31) Pause Cleanup 287M->287M(322M) 0.401ms
[2026-07-01T02:22:09.626+0000][8.953s][info][gc,cpu      ] GC(31) User=0.00s Sys=0.00s Real=0.00s
[2026-07-01T02:22:09.642+0000][8.969s][info][gc,marking  ] GC(31) Concurrent Clear Claimed Marks
[2026-07-01T02:22:09.642+0000][8.969s][info][gc,marking  ] GC(31) Concurrent Clear Claimed Marks 0.104ms
[2026-07-01T02:22:09.642+0000][8.969s][info][gc,marking  ] GC(31) Concurrent Cleanup for Next Mark
[2026-07-01T02:22:09.647+0000][8.974s][info][gc,marking  ] GC(31) Concurrent Cleanup for Next Mark 4.976ms
[2026-07-01T02:22:09.647+0000][8.974s][info][gc          ] GC(31) Concurrent Mark Cycle 3920.625ms
[2026-07-01T02:22:10.365+0000][9.692s][info][gc,start    ] GC(32) Pause Young (Prepare Mixed) (G1 Evacuation Pause)
[2026-07-01T02:22:10.365+0000][9.692s][info][gc,task     ] GC(32) Using 2 workers of 2 for evacuation
[2026-07-01T02:22:10.370+0000][9.697s][info][gc,phases   ] GC(32)   Pre Evacuate Collection Set: 0.16ms
[2026-07-01T02:22:10.370+0000][9.697s][info][gc,phases   ] GC(32)   Merge Heap Roots: 0.18ms
[2026-07-01T02:22:10.370+0000][9.697s][info][gc,phases   ] GC(32)   Evacuate Collection Set: 3.49ms
[2026-07-01T02:22:10.370+0000][9.697s][info][gc,phases   ] GC(32)   Post Evacuate Collection Set: 0.41ms
[2026-07-01T02:22:10.370+0000][9.697s][info][gc,phases   ] GC(32)   Other: 0.11ms
[2026-07-01T02:22:10.370+0000][9.697s][info][gc,heap     ] GC(32) Eden regions: 158->0(91)
[2026-07-01T02:22:10.370+0000][9.697s][info][gc,heap     ] GC(32) Survivor regions: 2->2(20)
[2026-07-01T02:22:10.370+0000][9.697s][info][gc,heap     ] GC(32) Old regions: 156->156
[2026-07-01T02:22:10.370+0000][9.697s][info][gc,heap     ] GC(32) Humongous regions: 3->3
[2026-07-01T02:22:10.370+0000][9.697s][info][gc,metaspace] GC(32) Metaspace: 40947K(41728K)->40947K(41728K) NonClass: 35819K(36224K)->35819K(36224K) Class: 5127K(5504K)->5127K(5504K)
[2026-07-01T02:22:10.370+0000][9.697s][info][gc          ] GC(32) Pause Young (Prepare Mixed) (G1 Evacuation Pause) 318M->160M(322M) 4.507ms
[2026-07-01T02:22:10.370+0000][9.697s][info][gc,cpu      ] GC(32) User=0.01s Sys=0.00s Real=0.01s
[2026-07-01T02:22:12.028+0000][11.355s][info][gc,start    ] GC(33) Pause Young (Mixed) (G1 Evacuation Pause)
[2026-07-01T02:22:12.028+0000][11.355s][info][gc,task     ] GC(33) Using 2 workers of 2 for evacuation
[2026-07-01T02:22:12.035+0000][11.362s][info][gc,phases   ] GC(33)   Pre Evacuate Collection Set: 0.16ms
[2026-07-01T02:22:12.035+0000][11.362s][info][gc,phases   ] GC(33)   Merge Heap Roots: 0.13ms
[2026-07-01T02:22:12.035+0000][11.362s][info][gc,phases   ] GC(33)   Evacuate Collection Set: 5.96ms
[2026-07-01T02:22:12.035+0000][11.362s][info][gc,phases   ] GC(33)   Post Evacuate Collection Set: 0.42ms
[2026-07-01T02:22:12.035+0000][11.362s][info][gc,phases   ] GC(33)   Other: 0.06ms
[2026-07-01T02:22:12.035+0000][11.362s][info][gc,heap     ] GC(33) Eden regions: 91->0(103)
[2026-07-01T02:22:12.035+0000][11.362s][info][gc,heap     ] GC(33) Survivor regions: 2->4(12)
[2026-07-01T02:22:12.035+0000][11.362s][info][gc,heap     ] GC(33) Old regions: 156->155
[2026-07-01T02:22:12.035+0000][11.362s][info][gc,heap     ] GC(33) Humongous regions: 3->3
[2026-07-01T02:22:12.035+0000][11.362s][info][gc,metaspace] GC(33) Metaspace: 41154K(41984K)->41154K(41984K) NonClass: 36026K(36480K)->36026K(36480K) Class: 5127K(5504K)->5127K(5504K)
[2026-07-01T02:22:12.035+0000][11.362s][info][gc          ] GC(33) Pause Young (Mixed) (G1 Evacuation Pause) 251M->161M(322M) 6.865ms
[2026-07-01T02:22:12.035+0000][11.362s][info][gc,cpu      ] GC(33) User=0.02s Sys=0.00s Real=0.01s
[2026-07-01T02:22:13.514+0000][12.842s][info][gc,start    ] GC(34) Pause Young (Concurrent Start) (G1 Evacuation Pause)
[2026-07-01T02:22:13.515+0000][12.842s][info][gc,task     ] GC(34) Using 2 workers of 2 for evacuation
[2026-07-01T02:22:13.521+0000][12.849s][info][gc,phases   ] GC(34)   Pre Evacuate Collection Set: 0.23ms
[2026-07-01T02:22:13.521+0000][12.849s][info][gc,phases   ] GC(34)   Merge Heap Roots: 0.17ms
[2026-07-01T02:22:13.521+0000][12.849s][info][gc,phases   ] GC(34)   Evacuate Collection Set: 5.93ms
[2026-07-01T02:22:13.521+0000][12.849s][info][gc,phases   ] GC(34)   Post Evacuate Collection Set: 0.44ms
[2026-07-01T02:22:13.521+0000][12.849s][info][gc,phases   ] GC(34)   Other: 0.09ms
[2026-07-01T02:22:13.521+0000][12.849s][info][gc,heap     ] GC(34) Eden regions: 103->0(114)
[2026-07-01T02:22:13.521+0000][12.849s][info][gc,heap     ] GC(34) Survivor regions: 4->5(14)
[2026-07-01T02:22:13.521+0000][12.849s][info][gc,heap     ] GC(34) Old regions: 155->155
[2026-07-01T02:22:13.521+0000][12.849s][info][gc,heap     ] GC(34) Humongous regions: 3->3
[2026-07-01T02:22:13.521+0000][12.849s][info][gc,metaspace] GC(34) Metaspace: 41483K(42240K)->41483K(42240K) NonClass: 36354K(36736K)->36354K(36736K) Class: 5128K(5504K)->5128K(5504K)
[2026-07-01T02:22:13.521+0000][12.849s][info][gc          ] GC(34) Pause Young (Concurrent Start) (G1 Evacuation Pause) 264M->162M(322M) 6.998ms
[2026-07-01T02:22:13.522+0000][12.849s][info][gc          ] GC(35) Concurrent Mark Cycle
[2026-07-01T02:22:13.522+0000][12.849s][info][gc,marking  ] GC(35) Concurrent Scan Root Regions
[2026-07-01T02:22:13.522+0000][12.849s][info][gc,cpu      ] GC(34) User=0.03s Sys=0.00s Real=0.01s
[2026-07-01T02:22:13.531+0000][12.858s][info][gc,marking  ] GC(35) Concurrent Scan Root Regions 9.269ms
[2026-07-01T02:22:13.531+0000][12.858s][info][gc,marking  ] GC(35) Concurrent Mark
[2026-07-01T02:22:13.531+0000][12.858s][info][gc,marking  ] GC(35) Concurrent Mark From Roots
[2026-07-01T02:22:13.531+0000][12.858s][info][gc,task     ] GC(35) Using 1 workers of 1 for marking
[2026-07-01T02:22:14.330+0000][13.657s][info][gc,marking  ] GC(35) Concurrent Mark From Roots 799.284ms
[2026-07-01T02:22:14.330+0000][13.657s][info][gc,marking  ] GC(35) Concurrent Preclean
[2026-07-01T02:22:14.330+0000][13.657s][info][gc,marking  ] GC(35) Concurrent Preclean 0.137ms
[2026-07-01T02:22:14.331+0000][13.658s][info][gc,start    ] GC(35) Pause Remark
[2026-07-01T02:22:14.339+0000][13.666s][info][gc          ] GC(35) Pause Remark 227M->227M(322M) 8.035ms
[2026-07-01T02:22:14.339+0000][13.666s][info][gc,cpu      ] GC(35) User=0.01s Sys=0.00s Real=0.01s
[2026-07-01T02:22:14.341+0000][13.668s][info][gc,marking  ] GC(35) Concurrent Mark 810.391ms
[2026-07-01T02:22:14.341+0000][13.668s][info][gc,marking  ] GC(35) Concurrent Rebuild Remembered Sets and Scrub Regions
[2026-07-01T02:22:14.867+0000][14.194s][info][gc,start    ] GC(36) Pause Young (Normal) (G1 Evacuation Pause)
[2026-07-01T02:22:14.867+0000][14.194s][info][gc,task     ] GC(36) Using 2 workers of 2 for evacuation
[2026-07-01T02:22:14.878+0000][14.205s][info][gc,phases   ] GC(36)   Pre Evacuate Collection Set: 2.63ms
[2026-07-01T02:22:14.878+0000][14.205s][info][gc,phases   ] GC(36)   Merge Heap Roots: 0.24ms
[2026-07-01T02:22:14.878+0000][14.205s][info][gc,phases   ] GC(36)   Evacuate Collection Set: 7.74ms
[2026-07-01T02:22:14.878+0000][14.205s][info][gc,phases   ] GC(36)   Post Evacuate Collection Set: 0.61ms
[2026-07-01T02:22:14.878+0000][14.205s][info][gc,phases   ] GC(36)   Other: 0.07ms
[2026-07-01T02:22:14.878+0000][14.205s][info][gc,heap     ] GC(36) Eden regions: 114->0(123)
[2026-07-01T02:22:14.878+0000][14.205s][info][gc,heap     ] GC(36) Survivor regions: 5->5(15)
[2026-07-01T02:22:14.878+0000][14.205s][info][gc,heap     ] GC(36) Old regions: 155->155
[2026-07-01T02:22:14.878+0000][14.205s][info][gc,heap     ] GC(36) Humongous regions: 3->3
[2026-07-01T02:22:14.878+0000][14.205s][info][gc,metaspace] GC(36) Metaspace: 41512K(42304K)->41512K(42304K) NonClass: 36382K(36800K)->36382K(36800K) Class: 5129K(5504K)->5129K(5504K)
[2026-07-01T02:22:14.878+0000][14.205s][info][gc          ] GC(36) Pause Young (Normal) (G1 Evacuation Pause) 276M->162M(322M) 11.422ms
[2026-07-01T02:22:14.878+0000][14.205s][info][gc,cpu      ] GC(36) User=0.02s Sys=0.00s Real=0.02s
[2026-07-01T02:22:15.052+0000][14.379s][info][gc,marking  ] GC(35) Concurrent Rebuild Remembered Sets and Scrub Regions 710.444ms
[2026-07-01T02:22:15.052+0000][14.379s][info][gc,start    ] GC(35) Pause Cleanup
[2026-07-01T02:22:15.052+0000][14.379s][info][gc          ] GC(35) Pause Cleanup 177M->177M(322M) 0.195ms
[2026-07-01T02:22:15.052+0000][14.379s][info][gc,cpu      ] GC(35) User=0.00s Sys=0.00s Real=0.00s
[2026-07-01T02:22:15.052+0000][14.379s][info][gc,marking  ] GC(35) Concurrent Clear Claimed Marks
[2026-07-01T02:22:15.052+0000][14.380s][info][gc,marking  ] GC(35) Concurrent Clear Claimed Marks 0.091ms
[2026-07-01T02:22:15.052+0000][14.380s][info][gc,marking  ] GC(35) Concurrent Cleanup for Next Mark
[2026-07-01T02:22:15.054+0000][14.381s][info][gc,marking  ] GC(35) Concurrent Cleanup for Next Mark 1.140ms
[2026-07-01T02:22:15.054+0000][14.381s][info][gc          ] GC(35) Concurrent Mark Cycle 1532.058ms
[2026-07-01T02:22:16.228+0000][15.555s][info][gc,start    ] GC(37) Pause Young (Prepare Mixed) (G1 Evacuation Pause)
[2026-07-01T02:22:16.228+0000][15.555s][info][gc,task     ] GC(37) Using 2 workers of 2 for evacuation
[2026-07-01T02:22:16.239+0000][15.566s][info][gc,phases   ] GC(37)   Pre Evacuate Collection Set: 0.17ms
[2026-07-01T02:22:16.239+0000][15.566s][info][gc,phases   ] GC(37)   Merge Heap Roots: 0.22ms
[2026-07-01T02:22:16.239+0000][15.566s][info][gc,phases   ] GC(37)   Evacuate Collection Set: 9.46ms
[2026-07-01T02:22:16.239+0000][15.566s][info][gc,phases   ] GC(37)   Post Evacuate Collection Set: 0.56ms
[2026-07-01T02:22:16.239+0000][15.566s][info][gc,phases   ] GC(37)   Other: 0.05ms
[2026-07-01T02:22:16.239+0000][15.566s][info][gc,heap     ] GC(37) Eden regions: 123->0(129)
[2026-07-01T02:22:16.239+0000][15.566s][info][gc,heap     ] GC(37) Survivor regions: 5->5(16)
[2026-07-01T02:22:16.239+0000][15.566s][info][gc,heap     ] GC(37) Old regions: 155->155
[2026-07-01T02:22:16.239+0000][15.566s][info][gc,heap     ] GC(37) Humongous regions: 3->3
[2026-07-01T02:22:16.239+0000][15.566s][info][gc,metaspace] GC(37) Metaspace: 41522K(42304K)->41522K(42304K) NonClass: 36392K(36800K)->36392K(36800K) Class: 5129K(5504K)->5129K(5504K)
[2026-07-01T02:22:16.239+0000][15.566s][info][gc          ] GC(37) Pause Young (Prepare Mixed) (G1 Evacuation Pause) 285M->163M(322M) 10.615ms
[2026-07-01T02:22:16.239+0000][15.566s][info][gc,cpu      ] GC(37) User=0.03s Sys=0.00s Real=0.01s
[2026-07-01T02:22:17.550+0000][16.877s][info][gc,start    ] GC(38) Pause Young (Mixed) (G1 Evacuation Pause)
[2026-07-01T02:22:17.550+0000][16.878s][info][gc,task     ] GC(38) Using 2 workers of 2 for evacuation
[2026-07-01T02:22:17.560+0000][16.887s][info][gc,phases   ] GC(38)   Pre Evacuate Collection Set: 0.16ms
[2026-07-01T02:22:17.560+0000][16.887s][info][gc,phases   ] GC(38)   Merge Heap Roots: 0.18ms
[2026-07-01T02:22:17.560+0000][16.887s][info][gc,phases   ] GC(38)   Evacuate Collection Set: 8.92ms
[2026-07-01T02:22:17.560+0000][16.887s][info][gc,phases   ] GC(38)   Post Evacuate Collection Set: 0.53ms
[2026-07-01T02:22:17.560+0000][16.887s][info][gc,phases   ] GC(38)   Other: 0.08ms
[2026-07-01T02:22:17.560+0000][16.887s][info][gc,heap     ] GC(38) Eden regions: 129->0(134)
[2026-07-01T02:22:17.560+0000][16.887s][info][gc,heap     ] GC(38) Survivor regions: 5->6(17)
[2026-07-01T02:22:17.560+0000][16.888s][info][gc,heap     ] GC(38) Old regions: 155->154
[2026-07-01T02:22:17.560+0000][16.888s][info][gc,heap     ] GC(38) Humongous regions: 3->3
[2026-07-01T02:22:17.560+0000][16.888s][info][gc,metaspace] GC(38) Metaspace: 41558K(42304K)->41558K(42304K) NonClass: 36427K(36800K)->36427K(36800K) Class: 5130K(5504K)->5130K(5504K)
[2026-07-01T02:22:17.560+0000][16.888s][info][gc          ] GC(38) Pause Young (Mixed) (G1 Evacuation Pause) 292M->161M(322M) 10.055ms
[2026-07-01T02:22:17.560+0000][16.888s][info][gc,cpu      ] GC(38) User=0.03s Sys=0.00s Real=0.01s
[2026-07-01T02:22:18.840+0000][18.168s][info][gc,start    ] GC(39) Pause Young (Concurrent Start) (G1 Evacuation Pause)
[2026-07-01T02:22:18.841+0000][18.168s][info][gc,task     ] GC(39) Using 2 workers of 2 for evacuation
[2026-07-01T02:22:18.854+0000][18.181s][info][gc,phases   ] GC(39)   Pre Evacuate Collection Set: 0.20ms
[2026-07-01T02:22:18.854+0000][18.181s][info][gc,phases   ] GC(39)   Merge Heap Roots: 0.54ms
[2026-07-01T02:22:18.854+0000][18.181s][info][gc,phases   ] GC(39)   Evacuate Collection Set: 11.74ms
[2026-07-01T02:22:18.854+0000][18.181s][info][gc,phases   ] GC(39)   Post Evacuate Collection Set: 0.50ms
[2026-07-01T02:22:18.854+0000][18.181s][info][gc,phases   ] GC(39)   Other: 0.10ms
[2026-07-01T02:22:18.854+0000][18.181s][info][gc,heap     ] GC(39) Eden regions: 134->0(138)
[2026-07-01T02:22:18.854+0000][18.181s][info][gc,heap     ] GC(39) Survivor regions: 6->6(18)
[2026-07-01T02:22:18.854+0000][18.181s][info][gc,heap     ] GC(39) Old regions: 154->154
[2026-07-01T02:22:18.854+0000][18.181s][info][gc,heap     ] GC(39) Humongous regions: 3->3
[2026-07-01T02:22:18.854+0000][18.181s][info][gc,metaspace] GC(39) Metaspace: 41560K(42304K)->41560K(42304K) NonClass: 36430K(36800K)->36430K(36800K) Class: 5130K(5504K)->5130K(5504K)
[2026-07-01T02:22:18.854+0000][18.181s][info][gc          ] GC(39) Pause Young (Concurrent Start) (G1 Evacuation Pause) 295M->162M(322M) 13.223ms
[2026-07-01T02:22:18.854+0000][18.181s][info][gc          ] GC(40) Concurrent Mark Cycle
[2026-07-01T02:22:18.854+0000][18.181s][info][gc,marking  ] GC(40) Concurrent Scan Root Regions
[2026-07-01T02:22:18.854+0000][18.181s][info][gc,cpu      ] GC(39) User=0.03s Sys=0.01s Real=0.01s
[2026-07-01T02:22:18.907+0000][18.234s][info][gc,marking  ] GC(40) Concurrent Scan Root Regions 53.482ms
[2026-07-01T02:22:18.907+0000][18.234s][info][gc,marking  ] GC(40) Concurrent Mark
[2026-07-01T02:22:18.907+0000][18.234s][info][gc,marking  ] GC(40) Concurrent Mark From Roots
[2026-07-01T02:22:18.907+0000][18.234s][info][gc,task     ] GC(40) Using 1 workers of 1 for marking
[2026-07-01T02:22:19.444+0000][18.771s][info][gc,marking  ] GC(40) Concurrent Mark From Roots 537.071ms
[2026-07-01T02:22:19.444+0000][18.771s][info][gc,marking  ] GC(40) Concurrent Preclean
[2026-07-01T02:22:19.445+0000][18.772s][info][gc,marking  ] GC(40) Concurrent Preclean 0.150ms
[2026-07-01T02:22:19.445+0000][18.772s][info][gc,start    ] GC(40) Pause Remark
[2026-07-01T02:22:19.452+0000][18.779s][info][gc          ] GC(40) Pause Remark 207M->207M(322M) 7.345ms
[2026-07-01T02:22:19.452+0000][18.779s][info][gc,cpu      ] GC(40) User=0.01s Sys=0.00s Real=0.01s
[2026-07-01T02:22:19.459+0000][18.786s][info][gc,marking  ] GC(40) Concurrent Mark 551.998ms
[2026-07-01T02:22:19.459+0000][18.786s][info][gc,marking  ] GC(40) Concurrent Rebuild Remembered Sets and Scrub Regions
[2026-07-01T02:22:19.806+0000][19.133s][info][gc,marking  ] GC(40) Concurrent Rebuild Remembered Sets and Scrub Regions 347.103ms
[2026-07-01T02:22:19.807+0000][19.134s][info][gc,start    ] GC(40) Pause Cleanup
[2026-07-01T02:22:19.807+0000][19.134s][info][gc          ] GC(40) Pause Cleanup 232M->232M(322M) 0.166ms
[2026-07-01T02:22:19.807+0000][19.134s][info][gc,cpu      ] GC(40) User=0.00s Sys=0.00s Real=0.00s
[2026-07-01T02:22:19.815+0000][19.142s][info][gc,marking  ] GC(40) Concurrent Clear Claimed Marks
[2026-07-01T02:22:19.815+0000][19.142s][info][gc,marking  ] GC(40) Concurrent Clear Claimed Marks 0.100ms
[2026-07-01T02:22:19.815+0000][19.142s][info][gc,marking  ] GC(40) Concurrent Cleanup for Next Mark
[2026-07-01T02:22:19.817+0000][19.144s][info][gc,marking  ] GC(40) Concurrent Cleanup for Next Mark 1.522ms
[2026-07-01T02:22:19.817+0000][19.144s][info][gc          ] GC(40) Concurrent Mark Cycle 963.225ms
[2026-07-01T02:22:20.450+0000][19.777s][info][gc,start    ] GC(41) Pause Young (Prepare Mixed) (G1 Evacuation Pause)
[2026-07-01T02:22:20.450+0000][19.777s][info][gc,task     ] GC(41) Using 2 workers of 2 for evacuation
[2026-07-01T02:22:20.463+0000][19.790s][info][gc,phases   ] GC(41)   Pre Evacuate Collection Set: 0.22ms
[2026-07-01T02:22:20.463+0000][19.790s][info][gc,phases   ] GC(41)   Merge Heap Roots: 0.35ms
[2026-07-01T02:22:20.463+0000][19.790s][info][gc,phases   ] GC(41)   Evacuate Collection Set: 12.29ms
[2026-07-01T02:22:20.463+0000][19.790s][info][gc,phases   ] GC(41)   Post Evacuate Collection Set: 0.63ms
[2026-07-01T02:22:20.463+0000][19.790s][info][gc,phases   ] GC(41)   Other: 0.08ms
[2026-07-01T02:22:20.463+0000][19.790s][info][gc,heap     ] GC(41) Eden regions: 138->0(141)
[2026-07-01T02:22:20.463+0000][19.790s][info][gc,heap     ] GC(41) Survivor regions: 6->6(18)
[2026-07-01T02:22:20.463+0000][19.790s][info][gc,heap     ] GC(41) Old regions: 154->154
[2026-07-01T02:22:20.463+0000][19.790s][info][gc,heap     ] GC(41) Humongous regions: 3->3
[2026-07-01T02:22:20.463+0000][19.790s][info][gc,metaspace] GC(41) Metaspace: 41572K(42368K)->41572K(42368K) NonClass: 36442K(36864K)->36442K(36864K) Class: 5130K(5504K)->5130K(5504K)
[2026-07-01T02:22:20.463+0000][19.790s][info][gc          ] GC(41) Pause Young (Prepare Mixed) (G1 Evacuation Pause) 300M->162M(322M) 13.723ms
[2026-07-01T02:22:20.463+0000][19.790s][info][gc,cpu      ] GC(41) User=0.03s Sys=0.00s Real=0.01s
[2026-07-01T02:22:21.765+0000][21.092s][info][gc,start    ] GC(42) Pause Young (Mixed) (G1 Evacuation Pause)
[2026-07-01T02:22:21.765+0000][21.092s][info][gc,task     ] GC(42) Using 2 workers of 2 for evacuation
[2026-07-01T02:22:21.780+0000][21.107s][info][gc,phases   ] GC(42)   Pre Evacuate Collection Set: 0.19ms
[2026-07-01T02:22:21.780+0000][21.108s][info][gc,phases   ] GC(42)   Merge Heap Roots: 0.29ms
[2026-07-01T02:22:21.780+0000][21.108s][info][gc,phases   ] GC(42)   Evacuate Collection Set: 14.25ms
[2026-07-01T02:22:21.780+0000][21.108s][info][gc,phases   ] GC(42)   Post Evacuate Collection Set: 0.65ms
[2026-07-01T02:22:21.780+0000][21.108s][info][gc,phases   ] GC(42)   Other: 0.09ms
[2026-07-01T02:22:21.780+0000][21.108s][info][gc,heap     ] GC(42) Eden regions: 141->0(142)
[2026-07-01T02:22:21.780+0000][21.108s][info][gc,heap     ] GC(42) Survivor regions: 6->7(19)
[2026-07-01T02:22:21.780+0000][21.108s][info][gc,heap     ] GC(42) Old regions: 154->153
[2026-07-01T02:22:21.780+0000][21.108s][info][gc,heap     ] GC(42) Humongous regions: 3->3
[2026-07-01T02:22:21.780+0000][21.108s][info][gc,metaspace] GC(42) Metaspace: 41623K(42432K)->41623K(42432K) NonClass: 36492K(36928K)->36492K(36928K) Class: 5130K(5504K)->5130K(5504K)
[2026-07-01T02:22:21.781+0000][21.108s][info][gc          ] GC(42) Pause Young (Mixed) (G1 Evacuation Pause) 303M->162M(322M) 15.663ms
[2026-07-01T02:22:21.781+0000][21.108s][info][gc,cpu      ] GC(42) User=0.03s Sys=0.00s Real=0.02s
[2026-07-01T02:22:23.233+0000][22.560s][info][gc,start    ] GC(43) Pause Young (Concurrent Start) (G1 Evacuation Pause)
[2026-07-01T02:22:23.233+0000][22.560s][info][gc,task     ] GC(43) Using 2 workers of 2 for evacuation
[2026-07-01T02:22:23.250+0000][22.577s][info][gc,phases   ] GC(43)   Pre Evacuate Collection Set: 0.42ms
[2026-07-01T02:22:23.250+0000][22.577s][info][gc,phases   ] GC(43)   Merge Heap Roots: 0.66ms
[2026-07-01T02:22:23.250+0000][22.577s][info][gc,phases   ] GC(43)   Evacuate Collection Set: 15.17ms
[2026-07-01T02:22:23.250+0000][22.577s][info][gc,phases   ] GC(43)   Post Evacuate Collection Set: 0.69ms
[2026-07-01T02:22:23.250+0000][22.577s][info][gc,phases   ] GC(43)   Other: 0.14ms
[2026-07-01T02:22:23.250+0000][22.577s][info][gc,heap     ] GC(43) Eden regions: 142->0(142)
[2026-07-01T02:22:23.250+0000][22.577s][info][gc,heap     ] GC(43) Survivor regions: 7->7(19)
[2026-07-01T02:22:23.250+0000][22.577s][info][gc,heap     ] GC(43) Old regions: 153->153
[2026-07-01T02:22:23.250+0000][22.577s][info][gc,heap     ] GC(43) Humongous regions: 3->3
[2026-07-01T02:22:23.250+0000][22.577s][info][gc,metaspace] GC(43) Metaspace: 41634K(42432K)->41634K(42432K) NonClass: 36503K(36928K)->36503K(36928K) Class: 5130K(5504K)->5130K(5504K)
[2026-07-01T02:22:23.250+0000][22.578s][info][gc          ] GC(43) Pause Young (Concurrent Start) (G1 Evacuation Pause) 304M->162M(322M) 17.243ms
[2026-07-01T02:22:23.250+0000][22.578s][info][gc          ] GC(44) Concurrent Mark Cycle
[2026-07-01T02:22:23.250+0000][22.578s][info][gc,cpu      ] GC(43) User=0.03s Sys=0.00s Real=0.02s
[2026-07-01T02:22:23.250+0000][22.578s][info][gc,marking  ] GC(44) Concurrent Scan Root Regions
[2026-07-01T02:22:23.265+0000][22.592s][info][gc,marking  ] GC(44) Concurrent Scan Root Regions 14.608ms
[2026-07-01T02:22:23.265+0000][22.592s][info][gc,marking  ] GC(44) Concurrent Mark
[2026-07-01T02:22:23.265+0000][22.592s][info][gc,marking  ] GC(44) Concurrent Mark From Roots
[2026-07-01T02:22:23.265+0000][22.592s][info][gc,task     ] GC(44) Using 1 workers of 1 for marking
[2026-07-01T02:22:23.771+0000][23.098s][info][gc,marking  ] GC(44) Concurrent Mark From Roots 505.936ms
[2026-07-01T02:22:23.771+0000][23.098s][info][gc,marking  ] GC(44) Concurrent Preclean
[2026-07-01T02:22:23.771+0000][23.098s][info][gc,marking  ] GC(44) Concurrent Preclean 0.054ms
[2026-07-01T02:22:23.771+0000][23.098s][info][gc,start    ] GC(44) Pause Remark
[2026-07-01T02:22:23.779+0000][23.106s][info][gc          ] GC(44) Pause Remark 205M->205M(322M) 7.234ms
[2026-07-01T02:22:23.779+0000][23.106s][info][gc,cpu      ] GC(44) User=0.01s Sys=0.00s Real=0.01s
[2026-07-01T02:22:23.819+0000][23.146s][info][gc,marking  ] GC(44) Concurrent Mark 554.030ms
[2026-07-01T02:22:23.819+0000][23.146s][info][gc,marking  ] GC(44) Concurrent Rebuild Remembered Sets and Scrub Regions
[2026-07-01T02:22:24.130+0000][23.457s][info][gc,marking  ] GC(44) Concurrent Rebuild Remembered Sets and Scrub Regions 310.613ms
[2026-07-01T02:22:24.130+0000][23.457s][info][gc,start    ] GC(44) Pause Cleanup
[2026-07-01T02:22:24.130+0000][23.457s][info][gc          ] GC(44) Pause Cleanup 233M->233M(322M) 0.187ms
[2026-07-01T02:22:24.130+0000][23.457s][info][gc,cpu      ] GC(44) User=0.00s Sys=0.00s Real=0.00s
[2026-07-01T02:22:24.131+0000][23.458s][info][gc,marking  ] GC(44) Concurrent Clear Claimed Marks
[2026-07-01T02:22:24.131+0000][23.458s][info][gc,marking  ] GC(44) Concurrent Clear Claimed Marks 0.090ms
[2026-07-01T02:22:24.131+0000][23.458s][info][gc,marking  ] GC(44) Concurrent Cleanup for Next Mark
[2026-07-01T02:22:24.133+0000][23.460s][info][gc,marking  ] GC(44) Concurrent Cleanup for Next Mark 2.301ms
[2026-07-01T02:22:24.133+0000][23.460s][info][gc          ] GC(44) Concurrent Mark Cycle 882.691ms
[2026-07-01T02:22:24.763+0000][24.091s][info][gc,start    ] GC(45) Pause Young (Prepare Mixed) (G1 Evacuation Pause)
[2026-07-01T02:22:24.763+0000][24.091s][info][gc,task     ] GC(45) Using 2 workers of 2 for evacuation
[2026-07-01T02:22:24.779+0000][24.106s][info][gc,phases   ] GC(45)   Pre Evacuate Collection Set: 0.19ms
[2026-07-01T02:22:24.779+0000][24.106s][info][gc,phases   ] GC(45)   Merge Heap Roots: 0.42ms
[2026-07-01T02:22:24.779+0000][24.106s][info][gc,phases   ] GC(45)   Evacuate Collection Set: 14.15ms
[2026-07-01T02:22:24.779+0000][24.106s][info][gc,phases   ] GC(45)   Post Evacuate Collection Set: 0.55ms
[2026-07-01T02:22:24.779+0000][24.106s][info][gc,phases   ] GC(45)   Other: 0.05ms
[2026-07-01T02:22:24.779+0000][24.106s][info][gc,heap     ] GC(45) Eden regions: 142->0(141)
[2026-07-01T02:22:24.779+0000][24.106s][info][gc,heap     ] GC(45) Survivor regions: 7->8(19)
[2026-07-01T02:22:24.779+0000][24.106s][info][gc,heap     ] GC(45) Old regions: 153->153
[2026-07-01T02:22:24.779+0000][24.106s][info][gc,heap     ] GC(45) Humongous regions: 3->3
[2026-07-01T02:22:24.779+0000][24.106s][info][gc,metaspace] GC(45) Metaspace: 41634K(42432K)->41634K(42432K) NonClass: 36503K(36928K)->36503K(36928K) Class: 5130K(5504K)->5130K(5504K)
[2026-07-01T02:22:24.779+0000][24.106s][info][gc          ] GC(45) Pause Young (Prepare Mixed) (G1 Evacuation Pause) 304M->163M(322M) 15.502ms
[2026-07-01T02:22:24.779+0000][24.106s][info][gc,cpu      ] GC(45) User=0.03s Sys=0.00s Real=0.02s
[2026-07-01T02:22:26.190+0000][25.517s][info][gc,start    ] GC(46) Pause Young (Mixed) (G1 Evacuation Pause)
[2026-07-01T02:22:26.190+0000][25.517s][info][gc,task     ] GC(46) Using 2 workers of 2 for evacuation
[2026-07-01T02:22:26.221+0000][25.548s][info][gc,phases   ] GC(46)   Pre Evacuate Collection Set: 0.18ms
[2026-07-01T02:22:26.221+0000][25.549s][info][gc,phases   ] GC(46)   Merge Heap Roots: 0.34ms
[2026-07-01T02:22:26.221+0000][25.549s][info][gc,phases   ] GC(46)   Evacuate Collection Set: 29.75ms
[2026-07-01T02:22:26.221+0000][25.549s][info][gc,phases   ] GC(46)   Post Evacuate Collection Set: 0.65ms
[2026-07-01T02:22:26.221+0000][25.549s][info][gc,phases   ] GC(46)   Other: 0.07ms
[2026-07-01T02:22:26.221+0000][25.549s][info][gc,heap     ] GC(46) Eden regions: 141->0(141)
[2026-07-01T02:22:26.221+0000][25.549s][info][gc,heap     ] GC(46) Survivor regions: 8->8(19)
[2026-07-01T02:22:26.221+0000][25.549s][info][gc,heap     ] GC(46) Old regions: 153->153
[2026-07-01T02:22:26.221+0000][25.549s][info][gc,heap     ] GC(46) Humongous regions: 3->3
[2026-07-01T02:22:26.221+0000][25.549s][info][gc,metaspace] GC(46) Metaspace: 41635K(42432K)->41635K(42432K) NonClass: 36504K(36928K)->36504K(36928K) Class: 5130K(5504K)->5130K(5504K)
[2026-07-01T02:22:26.221+0000][25.549s][info][gc          ] GC(46) Pause Young (Mixed) (G1 Evacuation Pause) 304M->162M(322M) 31.184ms
[2026-07-01T02:22:26.222+0000][25.549s][info][gc,cpu      ] GC(46) User=0.05s Sys=0.00s Real=0.03s
[2026-07-01T02:22:27.575+0000][26.902s][info][gc,start    ] GC(47) Pause Young (Concurrent Start) (G1 Evacuation Pause)
[2026-07-01T02:22:27.575+0000][26.902s][info][gc,task     ] GC(47) Using 2 workers of 2 for evacuation
[2026-07-01T02:22:27.590+0000][26.917s][info][gc,phases   ] GC(47)   Pre Evacuate Collection Set: 0.25ms
[2026-07-01T02:22:27.590+0000][26.917s][info][gc,phases   ] GC(47)   Merge Heap Roots: 0.35ms
[2026-07-01T02:22:27.590+0000][26.917s][info][gc,phases   ] GC(47)   Evacuate Collection Set: 13.55ms
[2026-07-01T02:22:27.590+0000][26.917s][info][gc,phases   ] GC(47)   Post Evacuate Collection Set: 0.50ms
[2026-07-01T02:22:27.590+0000][26.917s][info][gc,phases   ] GC(47)   Other: 0.08ms
[2026-07-01T02:22:27.590+0000][26.917s][info][gc,heap     ] GC(47) Eden regions: 141->0(140)
[2026-07-01T02:22:27.590+0000][26.917s][info][gc,heap     ] GC(47) Survivor regions: 8->9(19)
[2026-07-01T02:22:27.590+0000][26.917s][info][gc,heap     ] GC(47) Old regions: 153->153
[2026-07-01T02:22:27.590+0000][26.917s][info][gc,heap     ] GC(47) Humongous regions: 3->3
[2026-07-01T02:22:27.590+0000][26.917s][info][gc,metaspace] GC(47) Metaspace: 41635K(42432K)->41635K(42432K) NonClass: 36504K(36928K)->36504K(36928K) Class: 5130K(5504K)->5130K(5504K)
[2026-07-01T02:22:27.590+0000][26.917s][info][gc          ] GC(47) Pause Young (Concurrent Start) (G1 Evacuation Pause) 303M->163M(322M) 14.901ms
[2026-07-01T02:22:27.590+0000][26.917s][info][gc          ] GC(48) Concurrent Mark Cycle
[2026-07-01T02:22:27.590+0000][26.917s][info][gc,marking  ] GC(48) Concurrent Scan Root Regions
[2026-07-01T02:22:27.590+0000][26.917s][info][gc,cpu      ] GC(47) User=0.02s Sys=0.00s Real=0.02s
[2026-07-01T02:22:27.632+0000][26.960s][info][gc,marking  ] GC(48) Concurrent Scan Root Regions 42.400ms
[2026-07-01T02:22:27.632+0000][26.960s][info][gc,marking  ] GC(48) Concurrent Mark
[2026-07-01T02:22:27.632+0000][26.960s][info][gc,marking  ] GC(48) Concurrent Mark From Roots
[2026-07-01T02:22:27.632+0000][26.960s][info][gc,task     ] GC(48) Using 1 workers of 1 for marking
[2026-07-01T02:22:28.257+0000][27.584s][info][gc,marking  ] GC(48) Concurrent Mark From Roots 624.166ms
[2026-07-01T02:22:28.257+0000][27.584s][info][gc,marking  ] GC(48) Concurrent Preclean
[2026-07-01T02:22:28.257+0000][27.584s][info][gc,marking  ] GC(48) Concurrent Preclean 0.097ms
[2026-07-01T02:22:28.257+0000][27.584s][info][gc,start    ] GC(48) Pause Remark
[2026-07-01T02:22:28.265+0000][27.592s][info][gc          ] GC(48) Pause Remark 225M->225M(322M) 8.093ms
[2026-07-01T02:22:28.265+0000][27.592s][info][gc,cpu      ] GC(48) User=0.01s Sys=0.00s Real=0.01s
[2026-07-01T02:22:28.273+0000][27.600s][info][gc,marking  ] GC(48) Concurrent Mark 640.191ms
[2026-07-01T02:22:28.273+0000][27.600s][info][gc,marking  ] GC(48) Concurrent Rebuild Remembered Sets and Scrub Regions
[2026-07-01T02:22:28.736+0000][28.063s][info][gc,marking  ] GC(48) Concurrent Rebuild Remembered Sets and Scrub Regions 463.086ms
[2026-07-01T02:22:28.737+0000][28.064s][info][gc,start    ] GC(48) Pause Cleanup
[2026-07-01T02:22:28.739+0000][28.066s][info][gc          ] GC(48) Pause Cleanup 271M->271M(322M) 1.705ms
[2026-07-01T02:22:28.739+0000][28.066s][info][gc,cpu      ] GC(48) User=0.00s Sys=0.00s Real=0.01s
[2026-07-01T02:22:28.741+0000][28.068s][info][gc,marking  ] GC(48) Concurrent Clear Claimed Marks
[2026-07-01T02:22:28.741+0000][28.068s][info][gc,marking  ] GC(48) Concurrent Clear Claimed Marks 0.093ms
[2026-07-01T02:22:28.741+0000][28.068s][info][gc,marking  ] GC(48) Concurrent Cleanup for Next Mark
[2026-07-01T02:22:28.746+0000][28.073s][info][gc,marking  ] GC(48) Concurrent Cleanup for Next Mark 4.469ms
[2026-07-01T02:22:28.746+0000][28.073s][info][gc          ] GC(48) Concurrent Mark Cycle 1155.666ms
[2026-07-01T02:22:28.979+0000][28.306s][info][gc,start    ] GC(49) Pause Young (Prepare Mixed) (G1 Evacuation Pause)
[2026-07-01T02:22:28.979+0000][28.306s][info][gc,task     ] GC(49) Using 2 workers of 2 for evacuation
[2026-07-01T02:22:29.007+0000][28.334s][info][gc,phases   ] GC(49)   Pre Evacuate Collection Set: 0.42ms
[2026-07-01T02:22:29.007+0000][28.334s][info][gc,phases   ] GC(49)   Merge Heap Roots: 0.59ms
[2026-07-01T02:22:29.007+0000][28.334s][info][gc,phases   ] GC(49)   Evacuate Collection Set: 26.29ms
[2026-07-01T02:22:29.007+0000][28.334s][info][gc,phases   ] GC(49)   Post Evacuate Collection Set: 0.61ms
[2026-07-01T02:22:29.007+0000][28.334s][info][gc,phases   ] GC(49)   Other: 0.05ms
[2026-07-01T02:22:29.007+0000][28.334s][info][gc,heap     ] GC(49) Eden regions: 140->0(140)
[2026-07-01T02:22:29.007+0000][28.334s][info][gc,heap     ] GC(49) Survivor regions: 9->9(19)
[2026-07-01T02:22:29.007+0000][28.334s][info][gc,heap     ] GC(49) Old regions: 153->153
[2026-07-01T02:22:29.007+0000][28.334s][info][gc,heap     ] GC(49) Humongous regions: 3->3
[2026-07-01T02:22:29.007+0000][28.334s][info][gc,metaspace] GC(49) Metaspace: 41637K(42432K)->41637K(42432K) NonClass: 36506K(36928K)->36506K(36928K) Class: 5130K(5504K)->5130K(5504K)
[2026-07-01T02:22:29.007+0000][28.334s][info][gc          ] GC(49) Pause Young (Prepare Mixed) (G1 Evacuation Pause) 303M->163M(322M) 28.112ms
[2026-07-01T02:22:29.007+0000][28.334s][info][gc,cpu      ] GC(49) User=0.03s Sys=0.00s Real=0.02s
[2026-07-01T02:22:30.136+0000][29.463s][info][gc,start    ] GC(50) Pause Young (Mixed) (G1 Evacuation Pause)
[2026-07-01T02:22:30.136+0000][29.463s][info][gc,task     ] GC(50) Using 2 workers of 2 for evacuation
[2026-07-01T02:22:30.151+0000][29.478s][info][gc,phases   ] GC(50)   Pre Evacuate Collection Set: 0.15ms
[2026-07-01T02:22:30.151+0000][29.478s][info][gc,phases   ] GC(50)   Merge Heap Roots: 0.22ms
[2026-07-01T02:22:30.151+0000][29.478s][info][gc,phases   ] GC(50)   Evacuate Collection Set: 13.74ms
[2026-07-01T02:22:30.151+0000][29.478s][info][gc,phases   ] GC(50)   Post Evacuate Collection Set: 0.55ms
[2026-07-01T02:22:30.151+0000][29.478s][info][gc,phases   ] GC(50)   Other: 0.05ms
[2026-07-01T02:22:30.151+0000][29.478s][info][gc,heap     ] GC(50) Eden regions: 140->0(141)
[2026-07-01T02:22:30.151+0000][29.478s][info][gc,heap     ] GC(50) Survivor regions: 9->8(19)
[2026-07-01T02:22:30.151+0000][29.478s][info][gc,heap     ] GC(50) Old regions: 153->153
[2026-07-01T02:22:30.151+0000][29.478s][info][gc,heap     ] GC(50) Humongous regions: 3->3
[2026-07-01T02:22:30.151+0000][29.478s][info][gc,metaspace] GC(50) Metaspace: 41638K(42432K)->41638K(42432K) NonClass: 36507K(36928K)->36507K(36928K) Class: 5130K(5504K)->5130K(5504K)
[2026-07-01T02:22:30.151+0000][29.478s][info][gc          ] GC(50) Pause Young (Mixed) (G1 Evacuation Pause) 303M->163M(322M) 14.848ms
[2026-07-01T02:22:30.151+0000][29.478s][info][gc,cpu      ] GC(50) User=0.03s Sys=0.00s Real=0.02s
[2026-07-01T02:22:31.481+0000][30.808s][info][gc,start    ] GC(51) Pause Young (Concurrent Start) (G1 Evacuation Pause)
[2026-07-01T02:22:31.481+0000][30.808s][info][gc,task     ] GC(51) Using 2 workers of 2 for evacuation
[2026-07-01T02:22:31.523+0000][30.850s][info][gc,phases   ] GC(51)   Pre Evacuate Collection Set: 0.25ms
[2026-07-01T02:22:31.523+0000][30.850s][info][gc,phases   ] GC(51)   Merge Heap Roots: 0.48ms
[2026-07-01T02:22:31.523+0000][30.850s][info][gc,phases   ] GC(51)   Evacuate Collection Set: 40.03ms
[2026-07-01T02:22:31.523+0000][30.850s][info][gc,phases   ] GC(51)   Post Evacuate Collection Set: 0.92ms
[2026-07-01T02:22:31.523+0000][30.850s][info][gc,phases   ] GC(51)   Other: 0.11ms
[2026-07-01T02:22:31.523+0000][30.850s][info][gc,heap     ] GC(51) Eden regions: 141->0(140)
[2026-07-01T02:22:31.523+0000][30.850s][info][gc,heap     ] GC(51) Survivor regions: 8->8(19)
[2026-07-01T02:22:31.523+0000][30.850s][info][gc,heap     ] GC(51) Old regions: 153->154
[2026-07-01T02:22:31.523+0000][30.850s][info][gc,heap     ] GC(51) Humongous regions: 3->3
[2026-07-01T02:22:31.523+0000][30.850s][info][gc,metaspace] GC(51) Metaspace: 41644K(42432K)->41644K(42432K) NonClass: 36513K(36928K)->36513K(36928K) Class: 5130K(5504K)->5130K(5504K)
[2026-07-01T02:22:31.523+0000][30.850s][info][gc          ] GC(51) Pause Young (Concurrent Start) (G1 Evacuation Pause) 304M->164M(322M) 41.980ms
[2026-07-01T02:22:31.523+0000][30.850s][info][gc          ] GC(52) Concurrent Mark Cycle
[2026-07-01T02:22:31.523+0000][30.850s][info][gc,cpu      ] GC(51) User=0.04s Sys=0.00s Real=0.04s
[2026-07-01T02:22:31.523+0000][30.850s][info][gc,marking  ] GC(52) Concurrent Scan Root Regions
[2026-07-01T02:22:31.542+0000][30.869s][info][gc,marking  ] GC(52) Concurrent Scan Root Regions 19.221ms
[2026-07-01T02:22:31.542+0000][30.869s][info][gc,marking  ] GC(52) Concurrent Mark
[2026-07-01T02:22:31.542+0000][30.869s][info][gc,marking  ] GC(52) Concurrent Mark From Roots
[2026-07-01T02:22:31.542+0000][30.869s][info][gc,task     ] GC(52) Using 1 workers of 1 for marking
[2026-07-01T02:22:32.011+0000][31.338s][info][gc,marking  ] GC(52) Concurrent Mark From Roots 468.548ms
[2026-07-01T02:22:32.011+0000][31.338s][info][gc,marking  ] GC(52) Concurrent Preclean
[2026-07-01T02:22:32.011+0000][31.338s][info][gc,marking  ] GC(52) Concurrent Preclean 0.143ms
[2026-07-01T02:22:32.011+0000][31.338s][info][gc,start    ] GC(52) Pause Remark
[2026-07-01T02:22:32.033+0000][31.360s][info][gc          ] GC(52) Pause Remark 196M->196M(322M) 21.925ms
[2026-07-01T02:22:32.033+0000][31.360s][info][gc,cpu      ] GC(52) User=0.03s Sys=0.00s Real=0.02s
[2026-07-01T02:22:32.035+0000][31.362s][info][gc,marking  ] GC(52) Concurrent Mark 493.123ms
[2026-07-01T02:22:32.035+0000][31.362s][info][gc,marking  ] GC(52) Concurrent Rebuild Remembered Sets and Scrub Regions
[2026-07-01T02:22:32.263+0000][31.590s][info][gc,marking  ] GC(52) Concurrent Rebuild Remembered Sets and Scrub Regions 227.475ms
[2026-07-01T02:22:32.263+0000][31.590s][info][gc,start    ] GC(52) Pause Cleanup
[2026-07-01T02:22:32.263+0000][31.590s][info][gc          ] GC(52) Pause Cleanup 212M->212M(322M) 0.183ms
[2026-07-01T02:22:32.263+0000][31.590s][info][gc,cpu      ] GC(52) User=0.00s Sys=0.00s Real=0.00s
[2026-07-01T02:22:32.263+0000][31.590s][info][gc,marking  ] GC(52) Concurrent Clear Claimed Marks
[2026-07-01T02:22:32.263+0000][31.590s][info][gc,marking  ] GC(52) Concurrent Clear Claimed Marks 0.079ms
[2026-07-01T02:22:32.263+0000][31.590s][info][gc,marking  ] GC(52) Concurrent Cleanup for Next Mark
[2026-07-01T02:22:32.268+0000][31.595s][info][gc,marking  ] GC(52) Concurrent Cleanup for Next Mark 4.987ms
[2026-07-01T02:22:32.268+0000][31.595s][info][gc          ] GC(52) Concurrent Mark Cycle 745.385ms
[2026-07-01T02:22:33.022+0000][32.349s][info][gc,start    ] GC(53) Pause Young (Prepare Mixed) (G1 Evacuation Pause)
[2026-07-01T02:22:33.022+0000][32.349s][info][gc,task     ] GC(53) Using 2 workers of 2 for evacuation
[2026-07-01T02:22:33.037+0000][32.364s][info][gc,phases   ] GC(53)   Pre Evacuate Collection Set: 0.19ms
[2026-07-01T02:22:33.037+0000][32.364s][info][gc,phases   ] GC(53)   Merge Heap Roots: 0.67ms
[2026-07-01T02:22:33.037+0000][32.364s][info][gc,phases   ] GC(53)   Evacuate Collection Set: 12.96ms
[2026-07-01T02:22:33.037+0000][32.364s][info][gc,phases   ] GC(53)   Post Evacuate Collection Set: 0.41ms
[2026-07-01T02:22:33.037+0000][32.364s][info][gc,phases   ] GC(53)   Other: 0.08ms
[2026-07-01T02:22:33.037+0000][32.364s][info][gc,heap     ] GC(53) Eden regions: 140->0(140)
[2026-07-01T02:22:33.037+0000][32.364s][info][gc,heap     ] GC(53) Survivor regions: 8->8(19)
[2026-07-01T02:22:33.037+0000][32.364s][info][gc,heap     ] GC(53) Old regions: 154->154
[2026-07-01T02:22:33.037+0000][32.364s][info][gc,heap     ] GC(53) Humongous regions: 3->3
[2026-07-01T02:22:33.037+0000][32.364s][info][gc,metaspace] GC(53) Metaspace: 41644K(42432K)->41644K(42432K) NonClass: 36514K(36928K)->36514K(36928K) Class: 5129K(5504K)->5129K(5504K)
[2026-07-01T02:22:33.037+0000][32.364s][info][gc          ] GC(53) Pause Young (Prepare Mixed) (G1 Evacuation Pause) 304M->164M(322M) 14.473ms
[2026-07-01T02:22:33.037+0000][32.364s][info][gc,cpu      ] GC(53) User=0.03s Sys=0.00s Real=0.01s
[2026-07-01T02:22:34.159+0000][33.487s][info][gc,start    ] GC(54) Pause Young (Mixed) (G1 Evacuation Pause)
[2026-07-01T02:22:34.160+0000][33.487s][info][gc,task     ] GC(54) Using 2 workers of 2 for evacuation
[2026-07-01T02:22:34.179+0000][33.506s][info][gc,phases   ] GC(54)   Pre Evacuate Collection Set: 0.28ms
[2026-07-01T02:22:34.179+0000][33.506s][info][gc,phases   ] GC(54)   Merge Heap Roots: 0.56ms
[2026-07-01T02:22:34.179+0000][33.506s][info][gc,phases   ] GC(54)   Evacuate Collection Set: 17.66ms
[2026-07-01T02:22:34.179+0000][33.506s][info][gc,phases   ] GC(54)   Post Evacuate Collection Set: 0.44ms
[2026-07-01T02:22:34.179+0000][33.506s][info][gc,phases   ] GC(54)   Other: 0.07ms
[2026-07-01T02:22:34.179+0000][33.506s][info][gc,heap     ] GC(54) Eden regions: 140->0(140)
[2026-07-01T02:22:34.179+0000][33.506s][info][gc,heap     ] GC(54) Survivor regions: 8->8(19)
[2026-07-01T02:22:34.179+0000][33.506s][info][gc,heap     ] GC(54) Old regions: 154->154
[2026-07-01T02:22:34.179+0000][33.506s][info][gc,heap     ] GC(54) Humongous regions: 3->3
[2026-07-01T02:22:34.179+0000][33.506s][info][gc,metaspace] GC(54) Metaspace: 41644K(42432K)->41644K(42432K) NonClass: 36514K(36928K)->36514K(36928K) Class: 5129K(5504K)->5129K(5504K)
[2026-07-01T02:22:34.179+0000][33.506s][info][gc          ] GC(54) Pause Young (Mixed) (G1 Evacuation Pause) 304M->164M(322M) 19.191ms
[2026-07-01T02:22:34.179+0000][33.506s][info][gc,cpu      ] GC(54) User=0.05s Sys=0.00s Real=0.02s
[2026-07-01T02:22:35.410+0000][34.737s][info][gc,start    ] GC(55) Pause Young (Concurrent Start) (G1 Evacuation Pause)
[2026-07-01T02:22:35.410+0000][34.737s][info][gc,task     ] GC(55) Using 2 workers of 2 for evacuation
[2026-07-01T02:22:35.426+0000][34.753s][info][gc,phases   ] GC(55)   Pre Evacuate Collection Set: 1.56ms
[2026-07-01T02:22:35.426+0000][34.753s][info][gc,phases   ] GC(55)   Merge Heap Roots: 0.31ms
[2026-07-01T02:22:35.426+0000][34.753s][info][gc,phases   ] GC(55)   Evacuate Collection Set: 13.38ms
[2026-07-01T02:22:35.426+0000][34.753s][info][gc,phases   ] GC(55)   Post Evacuate Collection Set: 0.39ms
[2026-07-01T02:22:35.426+0000][34.753s][info][gc,phases   ] GC(55)   Other: 0.07ms
[2026-07-01T02:22:35.426+0000][34.753s][info][gc,heap     ] GC(55) Eden regions: 140->0(139)
[2026-07-01T02:22:35.426+0000][34.753s][info][gc,heap     ] GC(55) Survivor regions: 8->9(19)
[2026-07-01T02:22:35.426+0000][34.753s][info][gc,heap     ] GC(55) Old regions: 154->154
[2026-07-01T02:22:35.426+0000][34.753s][info][gc,heap     ] GC(55) Humongous regions: 3->3
[2026-07-01T02:22:35.426+0000][34.753s][info][gc,metaspace] GC(55) Metaspace: 41644K(42432K)->41644K(42432K) NonClass: 36514K(36928K)->36514K(36928K) Class: 5129K(5504K)->5129K(5504K)
[2026-07-01T02:22:35.426+0000][34.753s][info][gc          ] GC(55) Pause Young (Concurrent Start) (G1 Evacuation Pause) 304M->165M(322M) 15.868ms
[2026-07-01T02:22:35.426+0000][34.753s][info][gc          ] GC(56) Concurrent Mark Cycle
[2026-07-01T02:22:35.426+0000][34.753s][info][gc,marking  ] GC(56) Concurrent Scan Root Regions
[2026-07-01T02:22:35.426+0000][34.753s][info][gc,cpu      ] GC(55) User=0.02s Sys=0.00s Real=0.01s
[2026-07-01T02:22:35.457+0000][34.784s][info][gc,marking  ] GC(56) Concurrent Scan Root Regions 31.311ms
[2026-07-01T02:22:35.457+0000][34.784s][info][gc,marking  ] GC(56) Concurrent Mark
[2026-07-01T02:22:35.457+0000][34.784s][info][gc,marking  ] GC(56) Concurrent Mark From Roots
[2026-07-01T02:22:35.457+0000][34.784s][info][gc,task     ] GC(56) Using 1 workers of 1 for marking
[2026-07-01T02:22:36.132+0000][35.460s][info][gc,marking  ] GC(56) Concurrent Mark From Roots 675.127ms
[2026-07-01T02:22:36.133+0000][35.460s][info][gc,marking  ] GC(56) Concurrent Preclean
[2026-07-01T02:22:36.133+0000][35.460s][info][gc,marking  ] GC(56) Concurrent Preclean 0.129ms
[2026-07-01T02:22:36.133+0000][35.460s][info][gc,start    ] GC(56) Pause Remark
[2026-07-01T02:22:36.139+0000][35.466s][info][gc          ] GC(56) Pause Remark 237M->237M(322M) 6.387ms
[2026-07-01T02:22:36.139+0000][35.466s][info][gc,cpu      ] GC(56) User=0.02s Sys=0.00s Real=0.01s
[2026-07-01T02:22:36.144+0000][35.471s][info][gc,marking  ] GC(56) Concurrent Mark 686.844ms
[2026-07-01T02:22:36.144+0000][35.471s][info][gc,marking  ] GC(56) Concurrent Rebuild Remembered Sets and Scrub Regions
[2026-07-01T02:22:36.438+0000][35.765s][info][gc,marking  ] GC(56) Concurrent Rebuild Remembered Sets and Scrub Regions 293.261ms
[2026-07-01T02:22:36.441+0000][35.768s][info][gc,start    ] GC(56) Pause Cleanup
[2026-07-01T02:22:36.441+0000][35.768s][info][gc          ] GC(56) Pause Cleanup 259M->259M(322M) 0.148ms
[2026-07-01T02:22:36.441+0000][35.768s][info][gc,cpu      ] GC(56) User=0.00s Sys=0.00s Real=0.00s
[2026-07-01T02:22:36.443+0000][35.770s][info][gc,marking  ] GC(56) Concurrent Clear Claimed Marks
[2026-07-01T02:22:36.443+0000][35.770s][info][gc,marking  ] GC(56) Concurrent Clear Claimed Marks 0.093ms
[2026-07-01T02:22:36.443+0000][35.770s][info][gc,marking  ] GC(56) Concurrent Cleanup for Next Mark
[2026-07-01T02:22:36.444+0000][35.771s][info][gc,marking  ] GC(56) Concurrent Cleanup for Next Mark 1.265ms
[2026-07-01T02:22:36.444+0000][35.771s][info][gc          ] GC(56) Concurrent Mark Cycle 1018.097ms
[2026-07-01T02:22:36.828+0000][36.155s][info][gc,start    ] GC(57) Pause Young (Prepare Mixed) (G1 Evacuation Pause)
[2026-07-01T02:22:36.828+0000][36.155s][info][gc,task     ] GC(57) Using 2 workers of 2 for evacuation
[2026-07-01T02:22:36.843+0000][36.170s][info][gc,phases   ] GC(57)   Pre Evacuate Collection Set: 0.17ms
[2026-07-01T02:22:36.843+0000][36.170s][info][gc,phases   ] GC(57)   Merge Heap Roots: 0.53ms
[2026-07-01T02:22:36.843+0000][36.170s][info][gc,phases   ] GC(57)   Evacuate Collection Set: 13.77ms
[2026-07-01T02:22:36.843+0000][36.170s][info][gc,phases   ] GC(57)   Post Evacuate Collection Set: 0.47ms
[2026-07-01T02:22:36.843+0000][36.170s][info][gc,phases   ] GC(57)   Other: 0.08ms
[2026-07-01T02:22:36.843+0000][36.170s][info][gc,heap     ] GC(57) Eden regions: 139->0(138)
[2026-07-01T02:22:36.843+0000][36.170s][info][gc,heap     ] GC(57) Survivor regions: 9->9(19)
[2026-07-01T02:22:36.843+0000][36.170s][info][gc,heap     ] GC(57) Old regions: 154->155
[2026-07-01T02:22:36.843+0000][36.170s][info][gc,heap     ] GC(57) Humongous regions: 3->3
[2026-07-01T02:22:36.843+0000][36.170s][info][gc,metaspace] GC(57) Metaspace: 41645K(42432K)->41645K(42432K) NonClass: 36515K(36928K)->36515K(36928K) Class: 5129K(5504K)->5129K(5504K)
[2026-07-01T02:22:36.843+0000][36.170s][info][gc          ] GC(57) Pause Young (Prepare Mixed) (G1 Evacuation Pause) 304M->165M(322M) 15.185ms
[2026-07-01T02:22:36.843+0000][36.170s][info][gc,cpu      ] GC(57) User=0.03s Sys=0.00s Real=0.02s
[2026-07-01T02:22:37.870+0000][37.198s][info][gc,start    ] GC(58) Pause Young (Mixed) (G1 Evacuation Pause)
[2026-07-01T02:22:37.870+0000][37.198s][info][gc,task     ] GC(58) Using 2 workers of 2 for evacuation
[2026-07-01T02:22:37.894+0000][37.222s][info][gc,phases   ] GC(58)   Pre Evacuate Collection Set: 0.18ms
[2026-07-01T02:22:37.894+0000][37.222s][info][gc,phases   ] GC(58)   Merge Heap Roots: 0.38ms
[2026-07-01T02:22:37.894+0000][37.222s][info][gc,phases   ] GC(58)   Evacuate Collection Set: 22.72ms
[2026-07-01T02:22:37.894+0000][37.222s][info][gc,phases   ] GC(58)   Post Evacuate Collection Set: 0.59ms
[2026-07-01T02:22:37.894+0000][37.222s][info][gc,phases   ] GC(58)   Other: 0.07ms
[2026-07-01T02:22:37.894+0000][37.222s][info][gc,heap     ] GC(58) Eden regions: 138->0(138)
[2026-07-01T02:22:37.894+0000][37.222s][info][gc,heap     ] GC(58) Survivor regions: 9->9(19)
[2026-07-01T02:22:37.894+0000][37.222s][info][gc,heap     ] GC(58) Old regions: 155->155
[2026-07-01T02:22:37.894+0000][37.222s][info][gc,heap     ] GC(58) Humongous regions: 3->3
[2026-07-01T02:22:37.894+0000][37.222s][info][gc,metaspace] GC(58) Metaspace: 41645K(42432K)->41645K(42432K) NonClass: 36515K(36928K)->36515K(36928K) Class: 5129K(5504K)->5129K(5504K)
[2026-07-01T02:22:37.895+0000][37.222s][info][gc          ] GC(58) Pause Young (Mixed) (G1 Evacuation Pause) 303M->165M(322M) 24.127ms
[2026-07-01T02:22:37.895+0000][37.222s][info][gc,cpu      ] GC(58) User=0.06s Sys=0.00s Real=0.02s
[2026-07-01T02:22:38.915+0000][38.243s][info][gc,start    ] GC(59) Pause Young (Concurrent Start) (G1 Evacuation Pause)
[2026-07-01T02:22:38.916+0000][38.243s][info][gc,task     ] GC(59) Using 2 workers of 2 for evacuation
[2026-07-01T02:22:38.938+0000][38.265s][info][gc,phases   ] GC(59)   Pre Evacuate Collection Set: 0.21ms
[2026-07-01T02:22:38.938+0000][38.265s][info][gc,phases   ] GC(59)   Merge Heap Roots: 0.31ms
[2026-07-01T02:22:38.938+0000][38.265s][info][gc,phases   ] GC(59)   Evacuate Collection Set: 21.09ms
[2026-07-01T02:22:38.938+0000][38.265s][info][gc,phases   ] GC(59)   Post Evacuate Collection Set: 0.51ms
[2026-07-01T02:22:38.938+0000][38.265s][info][gc,phases   ] GC(59)   Other: 0.08ms
[2026-07-01T02:22:38.938+0000][38.265s][info][gc,heap     ] GC(59) Eden regions: 138->0(138)
[2026-07-01T02:22:38.938+0000][38.265s][info][gc,heap     ] GC(59) Survivor regions: 9->9(19)
[2026-07-01T02:22:38.938+0000][38.265s][info][gc,heap     ] GC(59) Old regions: 155->155
[2026-07-01T02:22:38.938+0000][38.265s][info][gc,heap     ] GC(59) Humongous regions: 3->3
[2026-07-01T02:22:38.938+0000][38.265s][info][gc,metaspace] GC(59) Metaspace: 41645K(42432K)->41645K(42432K) NonClass: 36515K(36928K)->36515K(36928K) Class: 5129K(5504K)->5129K(5504K)
[2026-07-01T02:22:38.938+0000][38.265s][info][gc          ] GC(59) Pause Young (Concurrent Start) (G1 Evacuation Pause) 303M->166M(322M) 22.403ms
[2026-07-01T02:22:38.938+0000][38.265s][info][gc,cpu      ] GC(59) User=0.06s Sys=0.00s Real=0.02s
[2026-07-01T02:22:39.027+0000][38.354s][info][gc          ] GC(60) Concurrent Mark Cycle
[2026-07-01T02:22:39.027+0000][38.354s][info][gc,marking  ] GC(60) Concurrent Scan Root Regions
[2026-07-01T02:22:39.045+0000][38.372s][info][gc,marking  ] GC(60) Concurrent Scan Root Regions 18.220ms
[2026-07-01T02:22:39.045+0000][38.372s][info][gc,marking  ] GC(60) Concurrent Mark
[2026-07-01T02:22:39.045+0000][38.372s][info][gc,marking  ] GC(60) Concurrent Mark From Roots
[2026-07-01T02:22:39.045+0000][38.372s][info][gc,task     ] GC(60) Using 1 workers of 1 for marking
[2026-07-01T02:22:39.606+0000][38.933s][info][gc,marking  ] GC(60) Concurrent Mark From Roots 561.015ms
[2026-07-01T02:22:39.606+0000][38.934s][info][gc,marking  ] GC(60) Concurrent Preclean
[2026-07-01T02:22:39.607+0000][38.934s][info][gc,marking  ] GC(60) Concurrent Preclean 0.140ms
[2026-07-01T02:22:39.607+0000][38.934s][info][gc,start    ] GC(60) Pause Remark
[2026-07-01T02:22:39.613+0000][38.941s][info][gc          ] GC(60) Pause Remark 230M->230M(322M) 6.138ms
[2026-07-01T02:22:39.613+0000][38.941s][info][gc,cpu      ] GC(60) User=0.01s Sys=0.00s Real=0.01s
[2026-07-01T02:22:39.620+0000][38.947s][info][gc,marking  ] GC(60) Concurrent Mark 574.500ms
[2026-07-01T02:22:39.620+0000][38.947s][info][gc,marking  ] GC(60) Concurrent Rebuild Remembered Sets and Scrub Regions
[2026-07-01T02:22:40.037+0000][39.364s][info][gc,marking  ] GC(60) Concurrent Rebuild Remembered Sets and Scrub Regions 416.626ms
[2026-07-01T02:22:40.037+0000][39.364s][info][gc,start    ] GC(60) Pause Cleanup
[2026-07-01T02:22:40.037+0000][39.364s][info][gc          ] GC(60) Pause Cleanup 274M->274M(322M) 0.223ms
[2026-07-01T02:22:40.037+0000][39.364s][info][gc,cpu      ] GC(60) User=0.00s Sys=0.00s Real=0.00s
[2026-07-01T02:22:40.037+0000][39.364s][info][gc,marking  ] GC(60) Concurrent Clear Claimed Marks
[2026-07-01T02:22:40.037+0000][39.364s][info][gc,marking  ] GC(60) Concurrent Clear Claimed Marks 0.092ms
[2026-07-01T02:22:40.037+0000][39.364s][info][gc,marking  ] GC(60) Concurrent Cleanup for Next Mark
[2026-07-01T02:22:40.038+0000][39.365s][info][gc,marking  ] GC(60) Concurrent Cleanup for Next Mark 0.573ms
[2026-07-01T02:22:40.038+0000][39.365s][info][gc          ] GC(60) Concurrent Mark Cycle 1010.738ms
[2026-07-01T02:22:40.278+0000][39.605s][info][gc,start    ] GC(61) Pause Young (Prepare Mixed) (G1 Evacuation Pause)
[2026-07-01T02:22:40.278+0000][39.605s][info][gc,task     ] GC(61) Using 2 workers of 2 for evacuation
[2026-07-01T02:22:40.294+0000][39.621s][info][gc,phases   ] GC(61)   Pre Evacuate Collection Set: 0.20ms
[2026-07-01T02:22:40.294+0000][39.621s][info][gc,phases   ] GC(61)   Merge Heap Roots: 0.55ms
[2026-07-01T02:22:40.294+0000][39.621s][info][gc,phases   ] GC(61)   Evacuate Collection Set: 15.36ms
[2026-07-01T02:22:40.294+0000][39.621s][info][gc,phases   ] GC(61)   Post Evacuate Collection Set: 0.48ms
[2026-07-01T02:22:40.294+0000][39.621s][info][gc,phases   ] GC(61)   Other: 0.06ms
[2026-07-01T02:22:40.294+0000][39.622s][info][gc,heap     ] GC(61) Eden regions: 138->0(137)
[2026-07-01T02:22:40.294+0000][39.622s][info][gc,heap     ] GC(61) Survivor regions: 9->9(19)
[2026-07-01T02:22:40.294+0000][39.622s][info][gc,heap     ] GC(61) Old regions: 155->156
[2026-07-01T02:22:40.294+0000][39.622s][info][gc,heap     ] GC(61) Humongous regions: 3->3
[2026-07-01T02:22:40.294+0000][39.622s][info][gc,metaspace] GC(61) Metaspace: 41646K(42432K)->41646K(42432K) NonClass: 36516K(36928K)->36516K(36928K) Class: 5129K(5504K)->5129K(5504K)
[2026-07-01T02:22:40.294+0000][39.622s][info][gc          ] GC(61) Pause Young (Prepare Mixed) (G1 Evacuation Pause) 304M->166M(322M) 16.820ms
[2026-07-01T02:22:40.294+0000][39.622s][info][gc,cpu      ] GC(61) User=0.03s Sys=0.00s Real=0.02s
[2026-07-01T02:22:41.495+0000][40.822s][info][gc,start    ] GC(62) Pause Young (Mixed) (G1 Evacuation Pause)
[2026-07-01T02:22:41.495+0000][40.822s][info][gc,task     ] GC(62) Using 2 workers of 2 for evacuation
[2026-07-01T02:22:41.518+0000][40.845s][info][gc,phases   ] GC(62)   Pre Evacuate Collection Set: 0.18ms
[2026-07-01T02:22:41.518+0000][40.845s][info][gc,phases   ] GC(62)   Merge Heap Roots: 0.35ms
[2026-07-01T02:22:41.518+0000][40.845s][info][gc,phases   ] GC(62)   Evacuate Collection Set: 21.72ms
[2026-07-01T02:22:41.518+0000][40.845s][info][gc,phases   ] GC(62)   Post Evacuate Collection Set: 0.53ms
[2026-07-01T02:22:41.518+0000][40.845s][info][gc,phases   ] GC(62)   Other: 0.06ms
[2026-07-01T02:22:41.518+0000][40.845s][info][gc,heap     ] GC(62) Eden regions: 137->0(137)
[2026-07-01T02:22:41.518+0000][40.845s][info][gc,heap     ] GC(62) Survivor regions: 9->9(19)
[2026-07-01T02:22:41.518+0000][40.845s][info][gc,heap     ] GC(62) Old regions: 156->156
[2026-07-01T02:22:41.518+0000][40.845s][info][gc,heap     ] GC(62) Humongous regions: 3->3
[2026-07-01T02:22:41.518+0000][40.845s][info][gc,metaspace] GC(62) Metaspace: 41646K(42432K)->41646K(42432K) NonClass: 36516K(36928K)->36516K(36928K) Class: 5129K(5504K)->5129K(5504K)
[2026-07-01T02:22:41.518+0000][40.845s][info][gc          ] GC(62) Pause Young (Mixed) (G1 Evacuation Pause) 303M->166M(322M) 23.032ms
[2026-07-01T02:22:41.518+0000][40.845s][info][gc,cpu      ] GC(62) User=0.05s Sys=0.00s Real=0.02s
[2026-07-01T02:22:42.514+0000][41.841s][info][gc,start    ] GC(63) Pause Young (Concurrent Start) (G1 Evacuation Pause)
[2026-07-01T02:22:42.514+0000][41.841s][info][gc,task     ] GC(63) Using 2 workers of 2 for evacuation
[2026-07-01T02:22:42.565+0000][41.892s][info][gc,phases   ] GC(63)   Pre Evacuate Collection Set: 0.20ms
[2026-07-01T02:22:42.565+0000][41.892s][info][gc,phases   ] GC(63)   Merge Heap Roots: 0.57ms
[2026-07-01T02:22:42.565+0000][41.892s][info][gc,phases   ] GC(63)   Evacuate Collection Set: 48.98ms
[2026-07-01T02:22:42.565+0000][41.892s][info][gc,phases   ] GC(63)   Post Evacuate Collection Set: 0.46ms
[2026-07-01T02:22:42.565+0000][41.892s][info][gc,phases   ] GC(63)   Other: 0.09ms
[2026-07-01T02:22:42.565+0000][41.892s][info][gc,heap     ] GC(63) Eden regions: 137->0(137)
[2026-07-01T02:22:42.565+0000][41.892s][info][gc,heap     ] GC(63) Survivor regions: 9->9(19)
[2026-07-01T02:22:42.565+0000][41.892s][info][gc,heap     ] GC(63) Old regions: 156->156
[2026-07-01T02:22:42.565+0000][41.892s][info][gc,heap     ] GC(63) Humongous regions: 3->3
[2026-07-01T02:22:42.565+0000][41.892s][info][gc,metaspace] GC(63) Metaspace: 41647K(42432K)->41647K(42432K) NonClass: 36517K(36928K)->36517K(36928K) Class: 5129K(5504K)->5129K(5504K)
[2026-07-01T02:22:42.565+0000][41.892s][info][gc          ] GC(63) Pause Young (Concurrent Start) (G1 Evacuation Pause) 303M->167M(322M) 50.490ms
[2026-07-01T02:22:42.565+0000][41.892s][info][gc          ] GC(64) Concurrent Mark Cycle
[2026-07-01T02:22:42.565+0000][41.892s][info][gc,marking  ] GC(64) Concurrent Scan Root Regions
[2026-07-01T02:22:42.565+0000][41.892s][info][gc,cpu      ] GC(63) User=0.05s Sys=0.00s Real=0.05s
[2026-07-01T02:22:42.613+0000][41.940s][info][gc,marking  ] GC(64) Concurrent Scan Root Regions 48.452ms
[2026-07-01T02:22:42.613+0000][41.940s][info][gc,marking  ] GC(64) Concurrent Mark
[2026-07-01T02:22:42.613+0000][41.940s][info][gc,marking  ] GC(64) Concurrent Mark From Roots
[2026-07-01T02:22:42.613+0000][41.940s][info][gc,task     ] GC(64) Using 1 workers of 1 for marking
[2026-07-01T02:22:42.963+0000][42.290s][info][gc,marking  ] GC(64) Concurrent Mark From Roots 349.883ms
[2026-07-01T02:22:42.963+0000][42.290s][info][gc,marking  ] GC(64) Concurrent Preclean
[2026-07-01T02:22:42.963+0000][42.290s][info][gc,marking  ] GC(64) Concurrent Preclean 0.132ms
[2026-07-01T02:22:42.964+0000][42.291s][info][gc,start    ] GC(64) Pause Remark
[2026-07-01T02:22:42.971+0000][42.298s][info][gc          ] GC(64) Pause Remark 193M->193M(322M) 7.176ms
[2026-07-01T02:22:42.971+0000][42.298s][info][gc,cpu      ] GC(64) User=0.01s Sys=0.00s Real=0.01s
[2026-07-01T02:22:42.973+0000][42.300s][info][gc,marking  ] GC(64) Concurrent Mark 359.865ms
[2026-07-01T02:22:42.973+0000][42.300s][info][gc,marking  ] GC(64) Concurrent Rebuild Remembered Sets and Scrub Regions
[2026-07-01T02:22:43.324+0000][42.651s][info][gc,marking  ] GC(64) Concurrent Rebuild Remembered Sets and Scrub Regions 350.579ms
[2026-07-01T02:22:43.324+0000][42.651s][info][gc,start    ] GC(64) Pause Cleanup
[2026-07-01T02:22:43.324+0000][42.651s][info][gc          ] GC(64) Pause Cleanup 230M->230M(322M) 0.160ms
[2026-07-01T02:22:43.324+0000][42.651s][info][gc,cpu      ] GC(64) User=0.00s Sys=0.00s Real=0.00s
[2026-07-01T02:22:43.325+0000][42.653s][info][gc,marking  ] GC(64) Concurrent Clear Claimed Marks
[2026-07-01T02:22:43.326+0000][42.653s][info][gc,marking  ] GC(64) Concurrent Clear Claimed Marks 0.191ms
[2026-07-01T02:22:43.326+0000][42.653s][info][gc,marking  ] GC(64) Concurrent Cleanup for Next Mark
[2026-07-01T02:22:43.330+0000][42.658s][info][gc,marking  ] GC(64) Concurrent Cleanup for Next Mark 4.760ms
[2026-07-01T02:22:43.330+0000][42.658s][info][gc          ] GC(64) Concurrent Mark Cycle 765.624ms
[2026-07-01T02:22:43.791+0000][43.118s][info][gc,start    ] GC(65) Pause Young (Prepare Mixed) (G1 Evacuation Pause)
[2026-07-01T02:22:43.791+0000][43.118s][info][gc,task     ] GC(65) Using 2 workers of 2 for evacuation
[2026-07-01T02:22:43.811+0000][43.139s][info][gc,phases   ] GC(65)   Pre Evacuate Collection Set: 0.18ms
[2026-07-01T02:22:43.812+0000][43.139s][info][gc,phases   ] GC(65)   Merge Heap Roots: 0.61ms
[2026-07-01T02:22:43.812+0000][43.139s][info][gc,phases   ] GC(65)   Evacuate Collection Set: 19.52ms
[2026-07-01T02:22:43.812+0000][43.139s][info][gc,phases   ] GC(65)   Post Evacuate Collection Set: 0.51ms
[2026-07-01T02:22:43.812+0000][43.139s][info][gc,phases   ] GC(65)   Other: 0.06ms
[2026-07-01T02:22:43.812+0000][43.139s][info][gc,heap     ] GC(65) Eden regions: 137->0(136)
[2026-07-01T02:22:43.812+0000][43.139s][info][gc,heap     ] GC(65) Survivor regions: 9->9(19)
[2026-07-01T02:22:43.812+0000][43.139s][info][gc,heap     ] GC(65) Old regions: 156->157
[2026-07-01T02:22:43.812+0000][43.139s][info][gc,heap     ] GC(65) Humongous regions: 3->3
[2026-07-01T02:22:43.812+0000][43.139s][info][gc,metaspace] GC(65) Metaspace: 41650K(42496K)->41650K(42496K) NonClass: 36519K(36992K)->36519K(36992K) Class: 5130K(5504K)->5130K(5504K)
[2026-07-01T02:22:43.812+0000][43.139s][info][gc          ] GC(65) Pause Young (Prepare Mixed) (G1 Evacuation Pause) 304M->167M(322M) 21.026ms
[2026-07-01T02:22:43.812+0000][43.139s][info][gc,cpu      ] GC(65) User=0.04s Sys=0.00s Real=0.02s
[2026-07-01T02:22:44.846+0000][44.173s][info][gc,start    ] GC(66) Pause Young (Mixed) (G1 Evacuation Pause)
[2026-07-01T02:22:44.846+0000][44.173s][info][gc,task     ] GC(66) Using 2 workers of 2 for evacuation
[2026-07-01T02:22:44.898+0000][44.225s][info][gc,phases   ] GC(66)   Pre Evacuate Collection Set: 0.15ms
[2026-07-01T02:22:44.898+0000][44.225s][info][gc,phases   ] GC(66)   Merge Heap Roots: 0.43ms
[2026-07-01T02:22:44.898+0000][44.225s][info][gc,phases   ] GC(66)   Evacuate Collection Set: 51.38ms
[2026-07-01T02:22:44.898+0000][44.225s][info][gc,phases   ] GC(66)   Post Evacuate Collection Set: 0.56ms
[2026-07-01T02:22:44.898+0000][44.225s][info][gc,phases   ] GC(66)   Other: 0.06ms
[2026-07-01T02:22:44.898+0000][44.225s][info][gc,heap     ] GC(66) Eden regions: 136->0(136)
[2026-07-01T02:22:44.898+0000][44.225s][info][gc,heap     ] GC(66) Survivor regions: 9->9(19)
[2026-07-01T02:22:44.898+0000][44.225s][info][gc,heap     ] GC(66) Old regions: 157->157
[2026-07-01T02:22:44.898+0000][44.225s][info][gc,heap     ] GC(66) Humongous regions: 3->3
[2026-07-01T02:22:44.898+0000][44.225s][info][gc,metaspace] GC(66) Metaspace: 41651K(42496K)->41651K(42496K) NonClass: 36520K(36992K)->36520K(36992K) Class: 5130K(5504K)->5130K(5504K)
[2026-07-01T02:22:44.898+0000][44.226s][info][gc          ] GC(66) Pause Young (Mixed) (G1 Evacuation Pause) 303M->167M(322M) 52.786ms
[2026-07-01T02:22:44.898+0000][44.226s][info][gc,cpu      ] GC(66) User=0.08s Sys=0.00s Real=0.06s
[2026-07-01T02:22:46.029+0000][45.356s][info][gc,start    ] GC(67) Pause Young (Concurrent Start) (G1 Evacuation Pause)
[2026-07-01T02:22:46.029+0000][45.356s][info][gc,task     ] GC(67) Using 2 workers of 2 for evacuation
[2026-07-01T02:22:46.045+0000][45.372s][info][gc,phases   ] GC(67)   Pre Evacuate Collection Set: 0.24ms
[2026-07-01T02:22:46.045+0000][45.372s][info][gc,phases   ] GC(67)   Merge Heap Roots: 0.38ms
[2026-07-01T02:22:46.045+0000][45.372s][info][gc,phases   ] GC(67)   Evacuate Collection Set: 14.95ms
[2026-07-01T02:22:46.045+0000][45.372s][info][gc,phases   ] GC(67)   Post Evacuate Collection Set: 0.39ms
[2026-07-01T02:22:46.045+0000][45.372s][info][gc,phases   ] GC(67)   Other: 0.07ms
[2026-07-01T02:22:46.045+0000][45.372s][info][gc,heap     ] GC(67) Eden regions: 136->0(136)
[2026-07-01T02:22:46.045+0000][45.372s][info][gc,heap     ] GC(67) Survivor regions: 9->9(19)
[2026-07-01T02:22:46.045+0000][45.372s][info][gc,heap     ] GC(67) Old regions: 157->157
[2026-07-01T02:22:46.045+0000][45.372s][info][gc,heap     ] GC(67) Humongous regions: 3->3
[2026-07-01T02:22:46.045+0000][45.372s][info][gc,metaspace] GC(67) Metaspace: 41652K(42496K)->41652K(42496K) NonClass: 36522K(36992K)->36522K(36992K) Class: 5130K(5504K)->5130K(5504K)
[2026-07-01T02:22:46.045+0000][45.372s][info][gc          ] GC(67) Pause Young (Concurrent Start) (G1 Evacuation Pause) 303M->168M(322M) 16.195ms
[2026-07-01T02:22:46.045+0000][45.372s][info][gc          ] GC(68) Concurrent Mark Cycle
[2026-07-01T02:22:46.045+0000][45.372s][info][gc,cpu      ] GC(67) User=0.04s Sys=0.00s Real=0.01s
[2026-07-01T02:22:46.045+0000][45.372s][info][gc,marking  ] GC(68) Concurrent Scan Root Regions
[2026-07-01T02:22:46.064+0000][45.391s][info][gc,marking  ] GC(68) Concurrent Scan Root Regions 18.592ms
[2026-07-01T02:22:46.064+0000][45.391s][info][gc,marking  ] GC(68) Concurrent Mark
[2026-07-01T02:22:46.064+0000][45.391s][info][gc,marking  ] GC(68) Concurrent Mark From Roots
[2026-07-01T02:22:46.064+0000][45.391s][info][gc,task     ] GC(68) Using 1 workers of 1 for marking
[2026-07-01T02:22:46.907+0000][46.234s][info][gc,marking  ] GC(68) Concurrent Mark From Roots 843.187ms
[2026-07-01T02:22:46.907+0000][46.234s][info][gc,marking  ] GC(68) Concurrent Preclean
[2026-07-01T02:22:46.907+0000][46.234s][info][gc,marking  ] GC(68) Concurrent Preclean 0.079ms
[2026-07-01T02:22:46.907+0000][46.234s][info][gc,start    ] GC(68) Pause Remark
[2026-07-01T02:22:46.914+0000][46.242s][info][gc          ] GC(68) Pause Remark 270M->270M(322M) 7.327ms
[2026-07-01T02:22:46.915+0000][46.242s][info][gc,cpu      ] GC(68) User=0.01s Sys=0.00s Real=0.01s
[2026-07-01T02:22:46.921+0000][46.248s][info][gc,marking  ] GC(68) Concurrent Mark 856.970ms
[2026-07-01T02:22:46.921+0000][46.248s][info][gc,marking  ] GC(68) Concurrent Rebuild Remembered Sets and Scrub Regions
[2026-07-01T02:22:47.178+0000][46.505s][info][gc,start    ] GC(69) Pause Young (Normal) (G1 Evacuation Pause)
[2026-07-01T02:22:47.178+0000][46.505s][info][gc,task     ] GC(69) Using 2 workers of 2 for evacuation
[2026-07-01T02:22:47.211+0000][46.538s][info][gc,phases   ] GC(69)   Pre Evacuate Collection Set: 0.17ms
[2026-07-01T02:22:47.211+0000][46.538s][info][gc,phases   ] GC(69)   Merge Heap Roots: 0.53ms
[2026-07-01T02:22:47.211+0000][46.538s][info][gc,phases   ] GC(69)   Evacuate Collection Set: 31.48ms
[2026-07-01T02:22:47.211+0000][46.538s][info][gc,phases   ] GC(69)   Post Evacuate Collection Set: 0.74ms
[2026-07-01T02:22:47.211+0000][46.538s][info][gc,phases   ] GC(69)   Other: 0.06ms
[2026-07-01T02:22:47.211+0000][46.538s][info][gc,heap     ] GC(69) Eden regions: 136->0(135)
[2026-07-01T02:22:47.211+0000][46.538s][info][gc,heap     ] GC(69) Survivor regions: 9->9(19)
[2026-07-01T02:22:47.211+0000][46.538s][info][gc,heap     ] GC(69) Old regions: 157->158
[2026-07-01T02:22:47.211+0000][46.538s][info][gc,heap     ] GC(69) Humongous regions: 3->3
[2026-07-01T02:22:47.211+0000][46.538s][info][gc,metaspace] GC(69) Metaspace: 41655K(42496K)->41655K(42496K) NonClass: 36524K(36992K)->36524K(36992K) Class: 5130K(5504K)->5130K(5504K)
[2026-07-01T02:22:47.211+0000][46.538s][info][gc          ] GC(69) Pause Young (Normal) (G1 Evacuation Pause) 304M->168M(322M) 33.149ms
[2026-07-01T02:22:47.211+0000][46.538s][info][gc,cpu      ] GC(69) User=0.03s Sys=0.00s Real=0.03s
[2026-07-01T02:22:47.354+0000][46.682s][info][gc,marking  ] GC(68) Concurrent Rebuild Remembered Sets and Scrub Regions 433.827ms
[2026-07-01T02:22:47.355+0000][46.682s][info][gc,start    ] GC(68) Pause Cleanup
[2026-07-01T02:22:47.355+0000][46.682s][info][gc          ] GC(68) Pause Cleanup 192M->192M(322M) 0.167ms
[2026-07-01T02:22:47.355+0000][46.682s][info][gc,cpu      ] GC(68) User=0.00s Sys=0.00s Real=0.00s
[2026-07-01T02:22:47.355+0000][46.683s][info][gc,marking  ] GC(68) Concurrent Clear Claimed Marks
[2026-07-01T02:22:47.356+0000][46.683s][info][gc,marking  ] GC(68) Concurrent Clear Claimed Marks 0.093ms
[2026-07-01T02:22:47.356+0000][46.683s][info][gc,marking  ] GC(68) Concurrent Cleanup for Next Mark
[2026-07-01T02:22:47.356+0000][46.683s][info][gc,marking  ] GC(68) Concurrent Cleanup for Next Mark 0.503ms
[2026-07-01T02:22:47.356+0000][46.683s][info][gc          ] GC(68) Concurrent Mark Cycle 1311.195ms
[2026-07-01T02:22:48.609+0000][47.936s][info][gc,start    ] GC(70) Pause Young (Prepare Mixed) (G1 Evacuation Pause)
[2026-07-01T02:22:48.609+0000][47.936s][info][gc,task     ] GC(70) Using 2 workers of 2 for evacuation
[2026-07-01T02:22:48.633+0000][47.960s][info][gc,phases   ] GC(70)   Pre Evacuate Collection Set: 0.15ms
[2026-07-01T02:22:48.633+0000][47.960s][info][gc,phases   ] GC(70)   Merge Heap Roots: 0.48ms
[2026-07-01T02:22:48.633+0000][47.960s][info][gc,phases   ] GC(70)   Evacuate Collection Set: 22.12ms
[2026-07-01T02:22:48.633+0000][47.960s][info][gc,phases   ] GC(70)   Post Evacuate Collection Set: 0.85ms
[2026-07-01T02:22:48.633+0000][47.960s][info][gc,phases   ] GC(70)   Other: 0.07ms
[2026-07-01T02:22:48.633+0000][47.960s][info][gc,heap     ] GC(70) Eden regions: 135->0(135)
[2026-07-01T02:22:48.633+0000][47.960s][info][gc,heap     ] GC(70) Survivor regions: 9->9(18)
[2026-07-01T02:22:48.633+0000][47.960s][info][gc,heap     ] GC(70) Old regions: 158->158
[2026-07-01T02:22:48.633+0000][47.960s][info][gc,heap     ] GC(70) Humongous regions: 3->3
[2026-07-01T02:22:48.633+0000][47.960s][info][gc,metaspace] GC(70) Metaspace: 41655K(42496K)->41655K(42496K) NonClass: 36524K(36992K)->36524K(36992K) Class: 5130K(5504K)->5130K(5504K)
[2026-07-01T02:22:48.633+0000][47.960s][info][gc          ] GC(70) Pause Young (Prepare Mixed) (G1 Evacuation Pause) 303M->169M(322M) 23.887ms
[2026-07-01T02:22:48.633+0000][47.960s][info][gc,cpu      ] GC(70) User=0.05s Sys=0.00s Real=0.02s
[2026-07-01T02:22:49.863+0000][49.190s][info][gc,start    ] GC(71) Pause Young (Mixed) (G1 Evacuation Pause)
[2026-07-01T02:22:49.863+0000][49.190s][info][gc,task     ] GC(71) Using 2 workers of 2 for evacuation
[2026-07-01T02:22:49.888+0000][49.215s][info][gc,phases   ] GC(71)   Pre Evacuate Collection Set: 0.28ms
[2026-07-01T02:22:49.888+0000][49.215s][info][gc,phases   ] GC(71)   Merge Heap Roots: 0.66ms
[2026-07-01T02:22:49.888+0000][49.215s][info][gc,phases   ] GC(71)   Evacuate Collection Set: 23.42ms
[2026-07-01T02:22:49.888+0000][49.215s][info][gc,phases   ] GC(71)   Post Evacuate Collection Set: 0.46ms
[2026-07-01T02:22:49.888+0000][49.215s][info][gc,phases   ] GC(71)   Other: 0.08ms
[2026-07-01T02:22:49.888+0000][49.215s][info][gc,heap     ] GC(71) Eden regions: 135->0(135)
[2026-07-01T02:22:49.888+0000][49.215s][info][gc,heap     ] GC(71) Survivor regions: 9->9(18)
[2026-07-01T02:22:49.888+0000][49.215s][info][gc,heap     ] GC(71) Old regions: 158->158
[2026-07-01T02:22:49.888+0000][49.215s][info][gc,heap     ] GC(71) Humongous regions: 3->3
[2026-07-01T02:22:49.888+0000][49.215s][info][gc,metaspace] GC(71) Metaspace: 41655K(42496K)->41655K(42496K) NonClass: 36524K(36992K)->36524K(36992K) Class: 5130K(5504K)->5130K(5504K)
[2026-07-01T02:22:49.888+0000][49.215s][info][gc          ] GC(71) Pause Young (Mixed) (G1 Evacuation Pause) 304M->169M(322M) 25.104ms
[2026-07-01T02:22:49.888+0000][49.215s][info][gc,cpu      ] GC(71) User=0.05s Sys=0.00s Real=0.02s
[2026-07-01T02:22:50.689+0000][50.016s][info][gc,start    ] GC(72) Pause Young (Concurrent Start) (G1 Evacuation Pause)
[2026-07-01T02:22:50.689+0000][50.016s][info][gc,task     ] GC(72) Using 2 workers of 2 for evacuation
[2026-07-01T02:22:50.707+0000][50.034s][info][gc,phases   ] GC(72)   Pre Evacuate Collection Set: 0.18ms
[2026-07-01T02:22:50.707+0000][50.034s][info][gc,phases   ] GC(72)   Merge Heap Roots: 0.35ms
[2026-07-01T02:22:50.707+0000][50.034s][info][gc,phases   ] GC(72)   Evacuate Collection Set: 16.96ms
[2026-07-01T02:22:50.707+0000][50.034s][info][gc,phases   ] GC(72)   Post Evacuate Collection Set: 0.46ms
[2026-07-01T02:22:50.707+0000][50.034s][info][gc,phases   ] GC(72)   Other: 0.10ms
[2026-07-01T02:22:50.707+0000][50.034s][info][gc,heap     ] GC(72) Eden regions: 135->0(134)
[2026-07-01T02:22:50.707+0000][50.034s][info][gc,heap     ] GC(72) Survivor regions: 9->9(18)
[2026-07-01T02:22:50.707+0000][50.034s][info][gc,heap     ] GC(72) Old regions: 158->159
[2026-07-01T02:22:50.707+0000][50.034s][info][gc,heap     ] GC(72) Humongous regions: 3->3
[2026-07-01T02:22:50.707+0000][50.034s][info][gc,metaspace] GC(72) Metaspace: 41655K(42496K)->41655K(42496K) NonClass: 36524K(36992K)->36524K(36992K) Class: 5130K(5504K)->5130K(5504K)
[2026-07-01T02:22:50.707+0000][50.034s][info][gc          ] GC(72) Pause Young (Concurrent Start) (G1 Evacuation Pause) 304M->170M(322M) 18.216ms
[2026-07-01T02:22:50.707+0000][50.034s][info][gc          ] GC(73) Concurrent Mark Cycle
[2026-07-01T02:22:50.707+0000][50.034s][info][gc,cpu      ] GC(72) User=0.03s Sys=0.00s Real=0.01s
[2026-07-01T02:22:50.707+0000][50.034s][info][gc,marking  ] GC(73) Concurrent Scan Root Regions
[2026-07-01T02:22:50.728+0000][50.056s][info][gc,marking  ] GC(73) Concurrent Scan Root Regions 21.205ms
[2026-07-01T02:22:50.728+0000][50.056s][info][gc,marking  ] GC(73) Concurrent Mark
[2026-07-01T02:22:50.728+0000][50.056s][info][gc,marking  ] GC(73) Concurrent Mark From Roots
[2026-07-01T02:22:50.728+0000][50.056s][info][gc,task     ] GC(73) Using 1 workers of 1 for marking
[2026-07-01T02:22:51.313+0000][50.640s][info][gc,marking  ] GC(73) Concurrent Mark From Roots 584.672ms
[2026-07-01T02:22:51.313+0000][50.640s][info][gc,marking  ] GC(73) Concurrent Preclean
[2026-07-01T02:22:51.313+0000][50.640s][info][gc,marking  ] GC(73) Concurrent Preclean 0.174ms
[2026-07-01T02:22:51.314+0000][50.641s][info][gc,start    ] GC(73) Pause Remark
[2026-07-01T02:22:51.322+0000][50.649s][info][gc          ] GC(73) Pause Remark 249M->249M(322M) 7.986ms
[2026-07-01T02:22:51.322+0000][50.649s][info][gc,cpu      ] GC(73) User=0.02s Sys=0.00s Real=0.01s
[2026-07-01T02:22:51.328+0000][50.655s][info][gc,marking  ] GC(73) Concurrent Mark 599.744ms
[2026-07-01T02:22:51.328+0000][50.655s][info][gc,marking  ] GC(73) Concurrent Rebuild Remembered Sets and Scrub Regions
[2026-07-01T02:22:51.622+0000][50.949s][info][gc,marking  ] GC(73) Concurrent Rebuild Remembered Sets and Scrub Regions 294.024ms
[2026-07-01T02:22:51.624+0000][50.951s][info][gc,start    ] GC(73) Pause Cleanup
[2026-07-01T02:22:51.624+0000][50.951s][info][gc          ] GC(73) Pause Cleanup 303M->303M(322M) 0.165ms
[2026-07-01T02:22:51.624+0000][50.951s][info][gc,cpu      ] GC(73) User=0.00s Sys=0.00s Real=0.00s
[2026-07-01T02:22:51.624+0000][50.951s][info][gc,marking  ] GC(73) Concurrent Clear Claimed Marks
[2026-07-01T02:22:51.624+0000][50.951s][info][gc,marking  ] GC(73) Concurrent Clear Claimed Marks 0.074ms
[2026-07-01T02:22:51.624+0000][50.951s][info][gc,marking  ] GC(73) Concurrent Cleanup for Next Mark
[2026-07-01T02:22:51.624+0000][50.952s][info][gc,marking  ] GC(73) Concurrent Cleanup for Next Mark 0.606ms
[2026-07-01T02:22:51.624+0000][50.952s][info][gc          ] GC(73) Concurrent Mark Cycle 917.242ms
[2026-07-01T02:22:51.628+0000][50.955s][info][gc,start    ] GC(74) Pause Young (Prepare Mixed) (G1 Evacuation Pause)
[2026-07-01T02:22:51.628+0000][50.955s][info][gc,task     ] GC(74) Using 2 workers of 2 for evacuation
[2026-07-01T02:22:51.645+0000][50.972s][info][gc,phases   ] GC(74)   Pre Evacuate Collection Set: 0.35ms
[2026-07-01T02:22:51.645+0000][50.972s][info][gc,phases   ] GC(74)   Merge Heap Roots: 0.67ms
[2026-07-01T02:22:51.645+0000][50.972s][info][gc,phases   ] GC(74)   Evacuate Collection Set: 14.92ms
[2026-07-01T02:22:51.645+0000][50.972s][info][gc,phases   ] GC(74)   Post Evacuate Collection Set: 0.56ms
[2026-07-01T02:22:51.645+0000][50.972s][info][gc,phases   ] GC(74)   Other: 0.18ms
[2026-07-01T02:22:51.645+0000][50.972s][info][gc,heap     ] GC(74) Eden regions: 134->0(134)
[2026-07-01T02:22:51.645+0000][50.972s][info][gc,heap     ] GC(74) Survivor regions: 9->9(18)
[2026-07-01T02:22:51.645+0000][50.972s][info][gc,heap     ] GC(74) Old regions: 159->159
[2026-07-01T02:22:51.645+0000][50.972s][info][gc,heap     ] GC(74) Humongous regions: 3->3
[2026-07-01T02:22:51.645+0000][50.972s][info][gc,metaspace] GC(74) Metaspace: 41668K(42496K)->41668K(42496K) NonClass: 36536K(36992K)->36536K(36992K) Class: 5132K(5504K)->5132K(5504K)
[2026-07-01T02:22:51.645+0000][50.972s][info][gc          ] GC(74) Pause Young (Prepare Mixed) (G1 Evacuation Pause) 304M->170M(322M) 16.804ms
[2026-07-01T02:22:51.645+0000][50.972s][info][gc,cpu      ] GC(74) User=0.03s Sys=0.00s Real=0.02s
[2026-07-01T02:22:52.663+0000][51.990s][info][gc,start    ] GC(75) Pause Young (Mixed) (G1 Evacuation Pause)
[2026-07-01T02:22:52.663+0000][51.990s][info][gc,task     ] GC(75) Using 2 workers of 2 for evacuation
[2026-07-01T02:22:52.686+0000][52.013s][info][gc,phases   ] GC(75)   Pre Evacuate Collection Set: 0.16ms
[2026-07-01T02:22:52.686+0000][52.013s][info][gc,phases   ] GC(75)   Merge Heap Roots: 0.42ms
[2026-07-01T02:22:52.686+0000][52.013s][info][gc,phases   ] GC(75)   Evacuate Collection Set: 21.72ms
[2026-07-01T02:22:52.686+0000][52.013s][info][gc,phases   ] GC(75)   Post Evacuate Collection Set: 0.51ms
[2026-07-01T02:22:52.686+0000][52.013s][info][gc,phases   ] GC(75)   Other: 0.06ms
[2026-07-01T02:22:52.686+0000][52.013s][info][gc,heap     ] GC(75) Eden regions: 134->0(133)
[2026-07-01T02:22:52.686+0000][52.013s][info][gc,heap     ] GC(75) Survivor regions: 9->9(18)
[2026-07-01T02:22:52.686+0000][52.013s][info][gc,heap     ] GC(75) Old regions: 159->160
[2026-07-01T02:22:52.686+0000][52.013s][info][gc,heap     ] GC(75) Humongous regions: 3->3
[2026-07-01T02:22:52.686+0000][52.013s][info][gc,metaspace] GC(75) Metaspace: 41668K(42496K)->41668K(42496K) NonClass: 36536K(36992K)->36536K(36992K) Class: 5132K(5504K)->5132K(5504K)
[2026-07-01T02:22:52.686+0000][52.013s][info][gc          ] GC(75) Pause Young (Mixed) (G1 Evacuation Pause) 304M->170M(322M) 23.065ms
[2026-07-01T02:22:52.686+0000][52.013s][info][gc,cpu      ] GC(75) User=0.04s Sys=0.00s Real=0.02s
[2026-07-01T02:22:53.733+0000][53.060s][info][gc,start    ] GC(76) Pause Young (Concurrent Start) (G1 Evacuation Pause)
[2026-07-01T02:22:53.733+0000][53.060s][info][gc,task     ] GC(76) Using 2 workers of 2 for evacuation
[2026-07-01T02:22:53.757+0000][53.085s][info][gc,phases   ] GC(76)   Pre Evacuate Collection Set: 0.23ms
[2026-07-01T02:22:53.757+0000][53.085s][info][gc,phases   ] GC(76)   Merge Heap Roots: 0.63ms
[2026-07-01T02:22:53.757+0000][53.085s][info][gc,phases   ] GC(76)   Evacuate Collection Set: 22.70ms
[2026-07-01T02:22:53.757+0000][53.085s][info][gc,phases   ] GC(76)   Post Evacuate Collection Set: 0.52ms
[2026-07-01T02:22:53.757+0000][53.085s][info][gc,phases   ] GC(76)   Other: 0.10ms
[2026-07-01T02:22:53.758+0000][53.085s][info][gc,heap     ] GC(76) Eden regions: 133->0(133)
[2026-07-01T02:22:53.758+0000][53.085s][info][gc,heap     ] GC(76) Survivor regions: 9->9(18)
[2026-07-01T02:22:53.758+0000][53.085s][info][gc,heap     ] GC(76) Old regions: 160->160
[2026-07-01T02:22:53.758+0000][53.085s][info][gc,heap     ] GC(76) Humongous regions: 3->3
[2026-07-01T02:22:53.758+0000][53.085s][info][gc,metaspace] GC(76) Metaspace: 41668K(42496K)->41668K(42496K) NonClass: 36536K(36992K)->36536K(36992K) Class: 5132K(5504K)->5132K(5504K)
[2026-07-01T02:22:53.758+0000][53.085s][info][gc          ] GC(76) Pause Young (Concurrent Start) (G1 Evacuation Pause) 303M->171M(322M) 24.354ms
[2026-07-01T02:22:53.758+0000][53.085s][info][gc          ] GC(77) Concurrent Mark Cycle
[2026-07-01T02:22:53.758+0000][53.085s][info][gc,marking  ] GC(77) Concurrent Scan Root Regions
[2026-07-01T02:22:53.758+0000][53.085s][info][gc,cpu      ] GC(76) User=0.05s Sys=0.00s Real=0.02s
[2026-07-01T02:22:53.788+0000][53.115s][info][gc,marking  ] GC(77) Concurrent Scan Root Regions 30.555ms
[2026-07-01T02:22:53.788+0000][53.115s][info][gc,marking  ] GC(77) Concurrent Mark
[2026-07-01T02:22:53.788+0000][53.115s][info][gc,marking  ] GC(77) Concurrent Mark From Roots
[2026-07-01T02:22:53.788+0000][53.115s][info][gc,task     ] GC(77) Using 1 workers of 1 for marking
[2026-07-01T02:22:54.144+0000][53.471s][info][gc,marking  ] GC(77) Concurrent Mark From Roots 355.745ms
[2026-07-01T02:22:54.144+0000][53.471s][info][gc,marking  ] GC(77) Concurrent Preclean
[2026-07-01T02:22:54.144+0000][53.471s][info][gc,marking  ] GC(77) Concurrent Preclean 0.250ms
[2026-07-01T02:22:54.144+0000][53.471s][info][gc,start    ] GC(77) Pause Remark
[2026-07-01T02:22:54.152+0000][53.479s][info][gc          ] GC(77) Pause Remark 233M->233M(322M) 7.884ms
[2026-07-01T02:22:54.152+0000][53.479s][info][gc,cpu      ] GC(77) User=0.02s Sys=0.00s Real=0.01s
[2026-07-01T02:22:54.156+0000][53.483s][info][gc,marking  ] GC(77) Concurrent Mark 367.957ms
[2026-07-01T02:22:54.156+0000][53.483s][info][gc,marking  ] GC(77) Concurrent Rebuild Remembered Sets and Scrub Regions
[2026-07-01T02:22:54.346+0000][53.673s][info][gc,marking  ] GC(77) Concurrent Rebuild Remembered Sets and Scrub Regions 189.825ms
[2026-07-01T02:22:54.347+0000][53.674s][info][gc,start    ] GC(77) Pause Cleanup
[2026-07-01T02:22:54.347+0000][53.674s][info][gc          ] GC(77) Pause Cleanup 266M->266M(322M) 0.182ms
[2026-07-01T02:22:54.347+0000][53.674s][info][gc,cpu      ] GC(77) User=0.00s Sys=0.00s Real=0.00s
[2026-07-01T02:22:54.347+0000][53.674s][info][gc,marking  ] GC(77) Concurrent Clear Claimed Marks
[2026-07-01T02:22:54.347+0000][53.674s][info][gc,marking  ] GC(77) Concurrent Clear Claimed Marks 0.356ms
[2026-07-01T02:22:54.347+0000][53.674s][info][gc,marking  ] GC(77) Concurrent Cleanup for Next Mark
[2026-07-01T02:22:54.348+0000][53.675s][info][gc,marking  ] GC(77) Concurrent Cleanup for Next Mark 1.086ms
[2026-07-01T02:22:54.348+0000][53.675s][info][gc          ] GC(77) Concurrent Mark Cycle 590.781ms
[2026-07-01T02:22:54.529+0000][53.856s][info][gc,start    ] GC(78) Pause Young (Prepare Mixed) (G1 Evacuation Pause)
[2026-07-01T02:22:54.529+0000][53.856s][info][gc,task     ] GC(78) Using 2 workers of 2 for evacuation
[2026-07-01T02:22:54.551+0000][53.878s][info][gc,phases   ] GC(78)   Pre Evacuate Collection Set: 0.17ms
[2026-07-01T02:22:54.551+0000][53.878s][info][gc,phases   ] GC(78)   Merge Heap Roots: 0.88ms
[2026-07-01T02:22:54.551+0000][53.878s][info][gc,phases   ] GC(78)   Evacuate Collection Set: 20.46ms
[2026-07-01T02:22:54.551+0000][53.878s][info][gc,phases   ] GC(78)   Post Evacuate Collection Set: 0.48ms
[2026-07-01T02:22:54.551+0000][53.878s][info][gc,phases   ] GC(78)   Other: 0.05ms
[2026-07-01T02:22:54.551+0000][53.878s][info][gc,heap     ] GC(78) Eden regions: 133->0(132)
[2026-07-01T02:22:54.551+0000][53.878s][info][gc,heap     ] GC(78) Survivor regions: 9->9(18)
[2026-07-01T02:22:54.551+0000][53.878s][info][gc,heap     ] GC(78) Old regions: 160->161
[2026-07-01T02:22:54.551+0000][53.878s][info][gc,heap     ] GC(78) Humongous regions: 3->3
[2026-07-01T02:22:54.551+0000][53.878s][info][gc,metaspace] GC(78) Metaspace: 41668K(42496K)->41668K(42496K) NonClass: 36536K(36992K)->36536K(36992K) Class: 5132K(5504K)->5132K(5504K)
[2026-07-01T02:22:54.551+0000][53.878s][info][gc          ] GC(78) Pause Young (Prepare Mixed) (G1 Evacuation Pause) 304M->172M(322M) 22.223ms
[2026-07-01T02:22:54.551+0000][53.878s][info][gc,cpu      ] GC(78) User=0.04s Sys=0.00s Real=0.02s
[2026-07-01T02:22:55.139+0000][54.466s][info][gc,start    ] GC(79) Pause Young (Mixed) (G1 Evacuation Pause)
[2026-07-01T02:22:55.139+0000][54.466s][info][gc,task     ] GC(79) Using 2 workers of 2 for evacuation
[2026-07-01T02:22:55.155+0000][54.482s][info][gc,phases   ] GC(79)   Pre Evacuate Collection Set: 0.16ms
[2026-07-01T02:22:55.155+0000][54.482s][info][gc,phases   ] GC(79)   Merge Heap Roots: 0.34ms
[2026-07-01T02:22:55.155+0000][54.482s][info][gc,phases   ] GC(79)   Evacuate Collection Set: 14.72ms
[2026-07-01T02:22:55.155+0000][54.482s][info][gc,phases   ] GC(79)   Post Evacuate Collection Set: 0.68ms
[2026-07-01T02:22:55.155+0000][54.482s][info][gc,phases   ] GC(79)   Other: 0.06ms
[2026-07-01T02:22:55.155+0000][54.482s][info][gc,heap     ] GC(79) Eden regions: 132->0(176)
[2026-07-01T02:22:55.155+0000][54.482s][info][gc,heap     ] GC(79) Survivor regions: 9->9(18)
[2026-07-01T02:22:55.155+0000][54.482s][info][gc,heap     ] GC(79) Old regions: 161->161
[2026-07-01T02:22:55.155+0000][54.482s][info][gc,heap     ] GC(79) Humongous regions: 3->3
[2026-07-01T02:22:55.155+0000][54.482s][info][gc,metaspace] GC(79) Metaspace: 41668K(42496K)->41668K(42496K) NonClass: 36536K(36992K)->36536K(36992K) Class: 5132K(5504K)->5132K(5504K)
[2026-07-01T02:22:55.155+0000][54.482s][info][gc          ] GC(79) Pause Young (Mixed) (G1 Evacuation Pause) 304M->172M(368M) 16.110ms
[2026-07-01T02:22:55.155+0000][54.482s][info][gc,cpu      ] GC(79) User=0.03s Sys=0.01s Real=0.01s
[2026-07-01T02:22:55.970+0000][55.298s][info][gc,start    ] GC(80) Pause Young (Concurrent Start) (G1 Evacuation Pause)
[2026-07-01T02:22:55.971+0000][55.298s][info][gc,task     ] GC(80) Using 2 workers of 2 for evacuation
[2026-07-01T02:22:55.988+0000][55.315s][info][gc,phases   ] GC(80)   Pre Evacuate Collection Set: 0.21ms
[2026-07-01T02:22:55.988+0000][55.315s][info][gc,phases   ] GC(80)   Merge Heap Roots: 0.39ms
[2026-07-01T02:22:55.988+0000][55.315s][info][gc,phases   ] GC(80)   Evacuate Collection Set: 15.99ms
[2026-07-01T02:22:55.988+0000][55.315s][info][gc,phases   ] GC(80)   Post Evacuate Collection Set: 0.41ms
[2026-07-01T02:22:55.988+0000][55.315s][info][gc,phases   ] GC(80)   Other: 0.12ms
[2026-07-01T02:22:55.988+0000][55.315s][info][gc,heap     ] GC(80) Eden regions: 176->0(175)
[2026-07-01T02:22:55.988+0000][55.315s][info][gc,heap     ] GC(80) Survivor regions: 9->9(24)
[2026-07-01T02:22:55.988+0000][55.315s][info][gc,heap     ] GC(80) Old regions: 161->162
[2026-07-01T02:22:55.988+0000][55.315s][info][gc,heap     ] GC(80) Humongous regions: 3->3
[2026-07-01T02:22:55.988+0000][55.315s][info][gc,metaspace] GC(80) Metaspace: 41668K(42496K)->41668K(42496K) NonClass: 36536K(36992K)->36536K(36992K) Class: 5132K(5504K)->5132K(5504K)
[2026-07-01T02:22:55.988+0000][55.315s][info][gc          ] GC(80) Pause Young (Concurrent Start) (G1 Evacuation Pause) 348M->172M(368M) 17.295ms
[2026-07-01T02:22:55.988+0000][55.315s][info][gc          ] GC(81) Concurrent Mark Cycle
[2026-07-01T02:22:55.988+0000][55.315s][info][gc,marking  ] GC(81) Concurrent Scan Root Regions
[2026-07-01T02:22:55.988+0000][55.315s][info][gc,cpu      ] GC(80) User=0.04s Sys=0.00s Real=0.01s
[2026-07-01T02:22:56.014+0000][55.341s][info][gc,marking  ] GC(81) Concurrent Scan Root Regions 25.896ms
[2026-07-01T02:22:56.014+0000][55.341s][info][gc,marking  ] GC(81) Concurrent Mark
[2026-07-01T02:22:56.014+0000][55.341s][info][gc,marking  ] GC(81) Concurrent Mark From Roots
[2026-07-01T02:22:56.014+0000][55.341s][info][gc,task     ] GC(81) Using 1 workers of 1 for marking
[2026-07-01T02:22:56.451+0000][55.778s][info][gc,marking  ] GC(81) Concurrent Mark From Roots 437.652ms
[2026-07-01T02:22:56.451+0000][55.779s][info][gc,marking  ] GC(81) Concurrent Preclean
[2026-07-01T02:22:56.452+0000][55.779s][info][gc,marking  ] GC(81) Concurrent Preclean 0.250ms
[2026-07-01T02:22:56.452+0000][55.779s][info][gc,start    ] GC(81) Pause Remark
[2026-07-01T02:22:56.459+0000][55.786s][info][gc,heap     ] GC(81) Heap shrink completed: uncommitted 20 regions (20MB), heap size now 348MB
[2026-07-01T02:22:56.459+0000][55.786s][info][gc          ] GC(81) Pause Remark 230M->230M(348M) 7.406ms
[2026-07-01T02:22:56.459+0000][55.786s][info][gc,cpu      ] GC(81) User=0.01s Sys=0.00s Real=0.01s
[2026-07-01T02:22:56.461+0000][55.788s][info][gc,marking  ] GC(81) Concurrent Mark 447.255ms
[2026-07-01T02:22:56.461+0000][55.788s][info][gc,marking  ] GC(81) Concurrent Rebuild Remembered Sets and Scrub Regions
[2026-07-01T02:22:56.628+0000][55.955s][info][gc,marking  ] GC(81) Concurrent Rebuild Remembered Sets and Scrub Regions 167.131ms
[2026-07-01T02:22:56.628+0000][55.955s][info][gc,start    ] GC(81) Pause Cleanup
[2026-07-01T02:22:56.628+0000][55.955s][info][gc          ] GC(81) Pause Cleanup 247M->247M(348M) 0.164ms
[2026-07-01T02:22:56.628+0000][55.956s][info][gc,cpu      ] GC(81) User=0.00s Sys=0.00s Real=0.00s
[2026-07-01T02:22:56.629+0000][55.956s][info][gc,marking  ] GC(81) Concurrent Clear Claimed Marks
[2026-07-01T02:22:56.629+0000][55.956s][info][gc,marking  ] GC(81) Concurrent Clear Claimed Marks 0.096ms
[2026-07-01T02:22:56.629+0000][55.956s][info][gc,marking  ] GC(81) Concurrent Cleanup for Next Mark
[2026-07-01T02:22:56.630+0000][55.957s][info][gc,marking  ] GC(81) Concurrent Cleanup for Next Mark 1.223ms
[2026-07-01T02:22:56.630+0000][55.957s][info][gc          ] GC(81) Concurrent Mark Cycle 642.337ms
[2026-07-01T02:22:57.413+0000][56.740s][info][gc,start    ] GC(82) Pause Young (Prepare Mixed) (G1 Evacuation Pause)
[2026-07-01T02:22:57.413+0000][56.740s][info][gc,task     ] GC(82) Using 2 workers of 2 for evacuation
[2026-07-01T02:22:57.439+0000][56.766s][info][gc,phases   ] GC(82)   Pre Evacuate Collection Set: 0.20ms
[2026-07-01T02:22:57.439+0000][56.766s][info][gc,phases   ] GC(82)   Merge Heap Roots: 0.61ms
[2026-07-01T02:22:57.439+0000][56.766s][info][gc,phases   ] GC(82)   Evacuate Collection Set: 24.00ms
[2026-07-01T02:22:57.439+0000][56.766s][info][gc,phases   ] GC(82)   Post Evacuate Collection Set: 0.81ms
[2026-07-01T02:22:57.439+0000][56.766s][info][gc,phases   ] GC(82)   Other: 0.05ms
[2026-07-01T02:22:57.439+0000][56.766s][info][gc,heap     ] GC(82) Eden regions: 174->0(164)
[2026-07-01T02:22:57.439+0000][56.766s][info][gc,heap     ] GC(82) Survivor regions: 9->9(24)
[2026-07-01T02:22:57.439+0000][56.766s][info][gc,heap     ] GC(82) Old regions: 162->163
[2026-07-01T02:22:57.439+0000][56.766s][info][gc,heap     ] GC(82) Humongous regions: 3->3
[2026-07-01T02:22:57.439+0000][56.766s][info][gc,metaspace] GC(82) Metaspace: 41676K(42496K)->41676K(42496K) NonClass: 36544K(36992K)->36544K(36992K) Class: 5132K(5504K)->5132K(5504K)
[2026-07-01T02:22:57.439+0000][56.766s][info][gc          ] GC(82) Pause Young (Prepare Mixed) (G1 Evacuation Pause) 346M->173M(358M) 25.851ms
[2026-07-01T02:22:57.439+0000][56.766s][info][gc,cpu      ] GC(82) User=0.05s Sys=0.00s Real=0.03s
[2026-07-01T02:22:58.668+0000][57.995s][info][gc,start    ] GC(83) Pause Young (Mixed) (G1 Evacuation Pause)
[2026-07-01T02:22:58.668+0000][57.995s][info][gc,task     ] GC(83) Using 2 workers of 2 for evacuation
[2026-07-01T02:22:58.697+0000][58.024s][info][gc,phases   ] GC(83)   Pre Evacuate Collection Set: 0.25ms
[2026-07-01T02:22:58.697+0000][58.024s][info][gc,phases   ] GC(83)   Merge Heap Roots: 0.69ms
[2026-07-01T02:22:58.697+0000][58.024s][info][gc,phases   ] GC(83)   Evacuate Collection Set: 27.42ms
[2026-07-01T02:22:58.697+0000][58.024s][info][gc,phases   ] GC(83)   Post Evacuate Collection Set: 0.49ms
[2026-07-01T02:22:58.697+0000][58.024s][info][gc,phases   ] GC(83)   Other: 0.07ms
[2026-07-01T02:22:58.697+0000][58.024s][info][gc,heap     ] GC(83) Eden regions: 164->0(165)
[2026-07-01T02:22:58.697+0000][58.024s][info][gc,heap     ] GC(83) Survivor regions: 9->9(22)
[2026-07-01T02:22:58.697+0000][58.024s][info][gc,heap     ] GC(83) Old regions: 163->162
[2026-07-01T02:22:58.697+0000][58.024s][info][gc,heap     ] GC(83) Humongous regions: 3->3
[2026-07-01T02:22:58.697+0000][58.024s][info][gc,metaspace] GC(83) Metaspace: 41677K(42496K)->41677K(42496K) NonClass: 36545K(36992K)->36545K(36992K) Class: 5132K(5504K)->5132K(5504K)
[2026-07-01T02:22:58.697+0000][58.024s][info][gc          ] GC(83) Pause Young (Mixed) (G1 Evacuation Pause) 337M->173M(358M) 29.082ms
[2026-07-01T02:22:58.697+0000][58.024s][info][gc,cpu      ] GC(83) User=0.05s Sys=0.00s Real=0.03s
[2026-07-01T02:22:59.454+0000][58.781s][info][gc,start    ] GC(84) Pause Young (Concurrent Start) (G1 Evacuation Pause)
[2026-07-01T02:22:59.454+0000][58.781s][info][gc,task     ] GC(84) Using 2 workers of 2 for evacuation
[2026-07-01T02:22:59.477+0000][58.804s][info][gc,phases   ] GC(84)   Pre Evacuate Collection Set: 0.19ms
[2026-07-01T02:22:59.477+0000][58.804s][info][gc,phases   ] GC(84)   Merge Heap Roots: 0.30ms
[2026-07-01T02:22:59.477+0000][58.804s][info][gc,phases   ] GC(84)   Evacuate Collection Set: 21.93ms
[2026-07-01T02:22:59.477+0000][58.804s][info][gc,phases   ] GC(84)   Post Evacuate Collection Set: 0.44ms
[2026-07-01T02:22:59.477+0000][58.804s][info][gc,phases   ] GC(84)   Other: 0.10ms
[2026-07-01T02:22:59.477+0000][58.804s][info][gc,heap     ] GC(84) Eden regions: 165->0(164)
[2026-07-01T02:22:59.477+0000][58.804s][info][gc,heap     ] GC(84) Survivor regions: 9->9(22)
[2026-07-01T02:22:59.477+0000][58.804s][info][gc,heap     ] GC(84) Old regions: 162->163
[2026-07-01T02:22:59.477+0000][58.804s][info][gc,heap     ] GC(84) Humongous regions: 3->3
[2026-07-01T02:22:59.477+0000][58.804s][info][gc,metaspace] GC(84) Metaspace: 41678K(42496K)->41678K(42496K) NonClass: 36546K(36992K)->36546K(36992K) Class: 5132K(5504K)->5132K(5504K)
[2026-07-01T02:22:59.477+0000][58.804s][info][gc          ] GC(84) Pause Young (Concurrent Start) (G1 Evacuation Pause) 338M->174M(358M) 23.184ms
[2026-07-01T02:22:59.477+0000][58.804s][info][gc          ] GC(85) Concurrent Mark Cycle
[2026-07-01T02:22:59.477+0000][58.804s][info][gc,marking  ] GC(85) Concurrent Scan Root Regions
[2026-07-01T02:22:59.477+0000][58.804s][info][gc,cpu      ] GC(84) User=0.04s Sys=0.00s Real=0.02s
[2026-07-01T02:22:59.492+0000][58.819s][info][gc,marking  ] GC(85) Concurrent Scan Root Regions 14.618ms
[2026-07-01T02:22:59.492+0000][58.819s][info][gc,marking  ] GC(85) Concurrent Mark
[2026-07-01T02:22:59.492+0000][58.819s][info][gc,marking  ] GC(85) Concurrent Mark From Roots
[2026-07-01T02:22:59.493+0000][58.820s][info][gc,task     ] GC(85) Using 1 workers of 1 for marking
[2026-07-01T02:23:00.066+0000][59.393s][info][gc,marking  ] GC(85) Concurrent Mark From Roots 574.483ms
[2026-07-01T02:23:00.066+0000][59.393s][info][gc,marking  ] GC(85) Concurrent Preclean
[2026-07-01T02:23:00.067+0000][59.394s][info][gc,marking  ] GC(85) Concurrent Preclean 0.136ms
[2026-07-01T02:23:00.067+0000][59.394s][info][gc,start    ] GC(85) Pause Remark
[2026-07-01T02:23:00.073+0000][59.400s][info][gc,heap     ] GC(85) Heap shrink completed: uncommitted 8 regions (8MB), heap size now 350MB
[2026-07-01T02:23:00.073+0000][59.400s][info][gc          ] GC(85) Pause Remark 280M->280M(350M) 6.564ms
[2026-07-01T02:23:00.073+0000][59.400s][info][gc,cpu      ] GC(85) User=0.01s Sys=0.00s Real=0.01s
[2026-07-01T02:23:00.077+0000][59.404s][info][gc,marking  ] GC(85) Concurrent Mark 584.767ms
[2026-07-01T02:23:00.077+0000][59.404s][info][gc,marking  ] GC(85) Concurrent Rebuild Remembered Sets and Scrub Regions
[2026-07-01T02:23:00.384+0000][59.711s][info][gc,marking  ] GC(85) Concurrent Rebuild Remembered Sets and Scrub Regions 306.992ms
[2026-07-01T02:23:00.384+0000][59.711s][info][gc,start    ] GC(85) Pause Cleanup
[2026-07-01T02:23:00.384+0000][59.711s][info][gc          ] GC(85) Pause Cleanup 333M->333M(350M) 0.180ms
[2026-07-01T02:23:00.384+0000][59.711s][info][gc,cpu      ] GC(85) User=0.00s Sys=0.00s Real=0.00s
[2026-07-01T02:23:00.385+0000][59.712s][info][gc,marking  ] GC(85) Concurrent Clear Claimed Marks
[2026-07-01T02:23:00.385+0000][59.712s][info][gc,marking  ] GC(85) Concurrent Clear Claimed Marks 0.117ms
[2026-07-01T02:23:00.385+0000][59.712s][info][gc,marking  ] GC(85) Concurrent Cleanup for Next Mark
[2026-07-01T02:23:00.386+0000][59.713s][info][gc,marking  ] GC(85) Concurrent Cleanup for Next Mark 1.270ms
[2026-07-01T02:23:00.386+0000][59.713s][info][gc          ] GC(85) Concurrent Mark Cycle 908.916ms
[2026-07-01T02:23:00.412+0000][59.739s][info][gc,start    ] GC(86) Pause Young (Prepare Mixed) (G1 Evacuation Pause)
[2026-07-01T02:23:00.412+0000][59.740s][info][gc,task     ] GC(86) Using 2 workers of 2 for evacuation
[2026-07-01T02:23:00.430+0000][59.757s][info][gc,phases   ] GC(86)   Pre Evacuate Collection Set: 0.44ms
[2026-07-01T02:23:00.430+0000][59.757s][info][gc,phases   ] GC(86)   Merge Heap Roots: 0.62ms
[2026-07-01T02:23:00.430+0000][59.757s][info][gc,phases   ] GC(86)   Evacuate Collection Set: 15.93ms
[2026-07-01T02:23:00.430+0000][59.757s][info][gc,phases   ] GC(86)   Post Evacuate Collection Set: 0.47ms
[2026-07-01T02:23:00.430+0000][59.757s][info][gc,phases   ] GC(86)   Other: 0.06ms
[2026-07-01T02:23:00.430+0000][59.757s][info][gc,heap     ] GC(86) Eden regions: 165->0(156)
[2026-07-01T02:23:00.430+0000][59.757s][info][gc,heap     ] GC(86) Survivor regions: 9->9(22)
[2026-07-01T02:23:00.430+0000][59.757s][info][gc,heap     ] GC(86) Old regions: 163->164
[2026-07-01T02:23:00.430+0000][59.757s][info][gc,heap     ] GC(86) Humongous regions: 3->3
[2026-07-01T02:23:00.430+0000][59.757s][info][gc,metaspace] GC(86) Metaspace: 41679K(42496K)->41679K(42496K) NonClass: 36547K(36992K)->36547K(36992K) Class: 5132K(5504K)->5132K(5504K)
[2026-07-01T02:23:00.430+0000][59.757s][info][gc          ] GC(86) Pause Young (Prepare Mixed) (G1 Evacuation Pause) 339M->174M(350M) 17.699ms
[2026-07-01T02:23:00.430+0000][59.757s][info][gc,cpu      ] GC(86) User=0.04s Sys=0.00s Real=0.02s
[2026-07-01T02:23:01.143+0000][60.470s][info][gc,start    ] GC(87) Pause Young (Mixed) (G1 Evacuation Pause)
[2026-07-01T02:23:01.143+0000][60.470s][info][gc,task     ] GC(87) Using 2 workers of 2 for evacuation
[2026-07-01T02:23:01.168+0000][60.495s][info][gc,phases   ] GC(87)   Pre Evacuate Collection Set: 0.19ms
[2026-07-01T02:23:01.168+0000][60.495s][info][gc,phases   ] GC(87)   Merge Heap Roots: 0.68ms
[2026-07-01T02:23:01.168+0000][60.495s][info][gc,phases   ] GC(87)   Evacuate Collection Set: 23.51ms
[2026-07-01T02:23:01.168+0000][60.495s][info][gc,phases   ] GC(87)   Post Evacuate Collection Set: 0.45ms
[2026-07-01T02:23:01.168+0000][60.495s][info][gc,phases   ] GC(87)   Other: 0.09ms
[2026-07-01T02:23:01.168+0000][60.495s][info][gc,heap     ] GC(87) Eden regions: 156->0(157)
[2026-07-01T02:23:01.168+0000][60.495s][info][gc,heap     ] GC(87) Survivor regions: 9->9(21)
[2026-07-01T02:23:01.168+0000][60.495s][info][gc,heap     ] GC(87) Old regions: 164->163
[2026-07-01T02:23:01.168+0000][60.495s][info][gc,heap     ] GC(87) Humongous regions: 3->3
[2026-07-01T02:23:01.168+0000][60.495s][info][gc,metaspace] GC(87) Metaspace: 41679K(42496K)->41679K(42496K) NonClass: 36547K(36992K)->36547K(36992K) Class: 5132K(5504K)->5132K(5504K)
[2026-07-01T02:23:01.168+0000][60.495s][info][gc          ] GC(87) Pause Young (Mixed) (G1 Evacuation Pause) 330M->174M(350M) 25.084ms
[2026-07-01T02:23:01.168+0000][60.495s][info][gc,cpu      ] GC(87) User=0.05s Sys=0.00s Real=0.02s
[2026-07-01T02:23:01.893+0000][61.220s][info][gc,start    ] GC(88) Pause Young (Concurrent Start) (G1 Evacuation Pause)
[2026-07-01T02:23:01.893+0000][61.220s][info][gc,task     ] GC(88) Using 2 workers of 2 for evacuation
[2026-07-01T02:23:01.909+0000][61.236s][info][gc,phases   ] GC(88)   Pre Evacuate Collection Set: 0.23ms
[2026-07-01T02:23:01.909+0000][61.236s][info][gc,phases   ] GC(88)   Merge Heap Roots: 0.28ms
[2026-07-01T02:23:01.909+0000][61.236s][info][gc,phases   ] GC(88)   Evacuate Collection Set: 15.01ms
[2026-07-01T02:23:01.909+0000][61.236s][info][gc,phases   ] GC(88)   Post Evacuate Collection Set: 0.40ms
[2026-07-01T02:23:01.909+0000][61.236s][info][gc,phases   ] GC(88)   Other: 0.08ms
[2026-07-01T02:23:01.909+0000][61.236s][info][gc,heap     ] GC(88) Eden regions: 157->0(156)
[2026-07-01T02:23:01.909+0000][61.236s][info][gc,heap     ] GC(88) Survivor regions: 9->9(21)
[2026-07-01T02:23:01.909+0000][61.236s][info][gc,heap     ] GC(88) Old regions: 163->164
[2026-07-01T02:23:01.909+0000][61.236s][info][gc,heap     ] GC(88) Humongous regions: 3->3
[2026-07-01T02:23:01.909+0000][61.236s][info][gc,metaspace] GC(88) Metaspace: 41679K(42496K)->41679K(42496K) NonClass: 36547K(36992K)->36547K(36992K) Class: 5132K(5504K)->5132K(5504K)
[2026-07-01T02:23:01.909+0000][61.236s][info][gc          ] GC(88) Pause Young (Concurrent Start) (G1 Evacuation Pause) 331M->175M(350M) 16.175ms
[2026-07-01T02:23:01.909+0000][61.236s][info][gc          ] GC(89) Concurrent Mark Cycle
[2026-07-01T02:23:01.909+0000][61.236s][info][gc,marking  ] GC(89) Concurrent Scan Root Regions
[2026-07-01T02:23:01.909+0000][61.236s][info][gc,cpu      ] GC(88) User=0.03s Sys=0.00s Real=0.02s
[2026-07-01T02:23:01.925+0000][61.252s][info][gc,marking  ] GC(89) Concurrent Scan Root Regions 15.454ms
[2026-07-01T02:23:01.925+0000][61.252s][info][gc,marking  ] GC(89) Concurrent Mark
[2026-07-01T02:23:01.925+0000][61.252s][info][gc,marking  ] GC(89) Concurrent Mark From Roots
[2026-07-01T02:23:01.925+0000][61.252s][info][gc,task     ] GC(89) Using 1 workers of 1 for marking
[2026-07-01T02:23:02.465+0000][61.792s][info][gc,marking  ] GC(89) Concurrent Mark From Roots 540.360ms
[2026-07-01T02:23:02.465+0000][61.792s][info][gc,marking  ] GC(89) Concurrent Preclean
[2026-07-01T02:23:02.465+0000][61.792s][info][gc,marking  ] GC(89) Concurrent Preclean 0.156ms
[2026-07-01T02:23:02.466+0000][61.793s][info][gc,start    ] GC(89) Pause Remark
[2026-07-01T02:23:02.479+0000][61.806s][info][gc          ] GC(89) Pause Remark 255M->255M(350M) 13.585ms
[2026-07-01T02:23:02.479+0000][61.806s][info][gc,cpu      ] GC(89) User=0.02s Sys=0.00s Real=0.02s
[2026-07-01T02:23:02.480+0000][61.808s][info][gc,marking  ] GC(89) Concurrent Mark 555.645ms
[2026-07-01T02:23:02.480+0000][61.808s][info][gc,marking  ] GC(89) Concurrent Rebuild Remembered Sets and Scrub Regions
[2026-07-01T02:23:02.646+0000][61.973s][info][gc,marking  ] GC(89) Concurrent Rebuild Remembered Sets and Scrub Regions 165.189ms
[2026-07-01T02:23:02.646+0000][61.973s][info][gc,start    ] GC(89) Pause Cleanup
[2026-07-01T02:23:02.646+0000][61.973s][info][gc          ] GC(89) Pause Cleanup 273M->273M(350M) 0.197ms
[2026-07-01T02:23:02.646+0000][61.973s][info][gc,cpu      ] GC(89) User=0.00s Sys=0.00s Real=0.00s
[2026-07-01T02:23:02.646+0000][61.973s][info][gc,marking  ] GC(89) Concurrent Clear Claimed Marks
[2026-07-01T02:23:02.646+0000][61.973s][info][gc,marking  ] GC(89) Concurrent Clear Claimed Marks 0.089ms
[2026-07-01T02:23:02.646+0000][61.973s][info][gc,marking  ] GC(89) Concurrent Cleanup for Next Mark
[2026-07-01T02:23:02.647+0000][61.974s][info][gc,marking  ] GC(89) Concurrent Cleanup for Next Mark 0.627ms
[2026-07-01T02:23:02.647+0000][61.974s][info][gc          ] GC(89) Concurrent Mark Cycle 737.609ms
[2026-07-01T02:23:03.104+0000][62.431s][info][gc,start    ] GC(90) Pause Young (Prepare Mixed) (G1 Evacuation Pause)
[2026-07-01T02:23:03.104+0000][62.431s][info][gc,task     ] GC(90) Using 2 workers of 2 for evacuation
[2026-07-01T02:23:03.130+0000][62.457s][info][gc,phases   ] GC(90)   Pre Evacuate Collection Set: 0.23ms
[2026-07-01T02:23:03.130+0000][62.457s][info][gc,phases   ] GC(90)   Merge Heap Roots: 1.04ms
[2026-07-01T02:23:03.130+0000][62.457s][info][gc,phases   ] GC(90)   Evacuate Collection Set: 23.62ms
[2026-07-01T02:23:03.130+0000][62.457s][info][gc,phases   ] GC(90)   Post Evacuate Collection Set: 0.85ms
[2026-07-01T02:23:03.130+0000][62.457s][info][gc,phases   ] GC(90)   Other: 0.08ms
[2026-07-01T02:23:03.130+0000][62.457s][info][gc,heap     ] GC(90) Eden regions: 156->0(155)
[2026-07-01T02:23:03.130+0000][62.457s][info][gc,heap     ] GC(90) Survivor regions: 9->10(21)
[2026-07-01T02:23:03.130+0000][62.457s][info][gc,heap     ] GC(90) Old regions: 164->164
[2026-07-01T02:23:03.130+0000][62.457s][info][gc,heap     ] GC(90) Humongous regions: 3->3
[2026-07-01T02:23:03.130+0000][62.457s][info][gc,metaspace] GC(90) Metaspace: 41679K(42496K)->41679K(42496K) NonClass: 36547K(36992K)->36547K(36992K) Class: 5132K(5504K)->5132K(5504K)
[2026-07-01T02:23:03.130+0000][62.457s][info][gc          ] GC(90) Pause Young (Prepare Mixed) (G1 Evacuation Pause) 331M->176M(350M) 26.046ms
[2026-07-01T02:23:03.130+0000][62.457s][info][gc,cpu      ] GC(90) User=0.04s Sys=0.00s Real=0.03s
[2026-07-01T02:23:04.338+0000][63.665s][info][gc,start    ] GC(91) Pause Young (Mixed) (G1 Evacuation Pause)
[2026-07-01T02:23:04.338+0000][63.665s][info][gc,task     ] GC(91) Using 2 workers of 2 for evacuation
[2026-07-01T02:23:04.366+0000][63.693s][info][gc,phases   ] GC(91)   Pre Evacuate Collection Set: 0.18ms
[2026-07-01T02:23:04.366+0000][63.693s][info][gc,phases   ] GC(91)   Merge Heap Roots: 0.40ms
[2026-07-01T02:23:04.366+0000][63.693s][info][gc,phases   ] GC(91)   Evacuate Collection Set: 26.58ms
[2026-07-01T02:23:04.366+0000][63.693s][info][gc,phases   ] GC(91)   Post Evacuate Collection Set: 0.76ms
[2026-07-01T02:23:04.366+0000][63.693s][info][gc,phases   ] GC(91)   Other: 0.08ms
[2026-07-01T02:23:04.366+0000][63.693s][info][gc,heap     ] GC(91) Eden regions: 155->0(154)
[2026-07-01T02:23:04.366+0000][63.693s][info][gc,heap     ] GC(91) Survivor regions: 10->10(21)
[2026-07-01T02:23:04.366+0000][63.693s][info][gc,heap     ] GC(91) Old regions: 164->165
[2026-07-01T02:23:04.366+0000][63.693s][info][gc,heap     ] GC(91) Humongous regions: 3->3
[2026-07-01T02:23:04.366+0000][63.693s][info][gc,metaspace] GC(91) Metaspace: 41684K(42496K)->41684K(42496K) NonClass: 36551K(36992K)->36551K(36992K) Class: 5132K(5504K)->5132K(5504K)
[2026-07-01T02:23:04.366+0000][63.693s][info][gc          ] GC(91) Pause Young (Mixed) (G1 Evacuation Pause) 331M->176M(350M) 28.227ms
[2026-07-01T02:23:04.366+0000][63.693s][info][gc,cpu      ] GC(91) User=0.05s Sys=0.00s Real=0.03s
[2026-07-01T02:23:05.526+0000][64.854s][info][gc,start    ] GC(92) Pause Young (Concurrent Start) (G1 Evacuation Pause)
[2026-07-01T02:23:05.526+0000][64.854s][info][gc,task     ] GC(92) Using 2 workers of 2 for evacuation
[2026-07-01T02:23:05.548+0000][64.875s][info][gc,phases   ] GC(92)   Pre Evacuate Collection Set: 0.21ms
[2026-07-01T02:23:05.548+0000][64.875s][info][gc,phases   ] GC(92)   Merge Heap Roots: 0.40ms
[2026-07-01T02:23:05.548+0000][64.875s][info][gc,phases   ] GC(92)   Evacuate Collection Set: 20.51ms
[2026-07-01T02:23:05.548+0000][64.875s][info][gc,phases   ] GC(92)   Post Evacuate Collection Set: 0.48ms
[2026-07-01T02:23:05.548+0000][64.875s][info][gc,phases   ] GC(92)   Other: 0.07ms
[2026-07-01T02:23:05.548+0000][64.875s][info][gc,heap     ] GC(92) Eden regions: 154->0(154)
[2026-07-01T02:23:05.548+0000][64.875s][info][gc,heap     ] GC(92) Survivor regions: 10->10(21)
[2026-07-01T02:23:05.548+0000][64.875s][info][gc,heap     ] GC(92) Old regions: 165->165
[2026-07-01T02:23:05.548+0000][64.875s][info][gc,heap     ] GC(92) Humongous regions: 3->3
[2026-07-01T02:23:05.548+0000][64.875s][info][gc,metaspace] GC(92) Metaspace: 41686K(42496K)->41686K(42496K) NonClass: 36553K(36992K)->36553K(36992K) Class: 5132K(5504K)->5132K(5504K)
[2026-07-01T02:23:05.548+0000][64.875s][info][gc          ] GC(92) Pause Young (Concurrent Start) (G1 Evacuation Pause) 330M->177M(350M) 21.857ms
[2026-07-01T02:23:05.548+0000][64.875s][info][gc          ] GC(93) Concurrent Mark Cycle
[2026-07-01T02:23:05.548+0000][64.875s][info][gc,marking  ] GC(93) Concurrent Scan Root Regions
[2026-07-01T02:23:05.548+0000][64.875s][info][gc,cpu      ] GC(92) User=0.04s Sys=0.00s Real=0.03s
[2026-07-01T02:23:05.577+0000][64.904s][info][gc,marking  ] GC(93) Concurrent Scan Root Regions 28.238ms
[2026-07-01T02:23:05.577+0000][64.904s][info][gc,marking  ] GC(93) Concurrent Mark
[2026-07-01T02:23:05.577+0000][64.904s][info][gc,marking  ] GC(93) Concurrent Mark From Roots
[2026-07-01T02:23:05.577+0000][64.904s][info][gc,task     ] GC(93) Using 1 workers of 1 for marking
[2026-07-01T02:23:06.012+0000][65.339s][info][gc,marking  ] GC(93) Concurrent Mark From Roots 435.449ms
[2026-07-01T02:23:06.012+0000][65.339s][info][gc,marking  ] GC(93) Concurrent Preclean
[2026-07-01T02:23:06.012+0000][65.339s][info][gc,marking  ] GC(93) Concurrent Preclean 0.073ms
[2026-07-01T02:23:06.013+0000][65.340s][info][gc,start    ] GC(93) Pause Remark
[2026-07-01T02:23:06.019+0000][65.346s][info][gc          ] GC(93) Pause Remark 244M->244M(350M) 6.184ms
[2026-07-01T02:23:06.019+0000][65.346s][info][gc,cpu      ] GC(93) User=0.01s Sys=0.00s Real=0.01s
[2026-07-01T02:23:06.021+0000][65.348s][info][gc,marking  ] GC(93) Concurrent Mark 444.587ms
[2026-07-01T02:23:06.021+0000][65.348s][info][gc,marking  ] GC(93) Concurrent Rebuild Remembered Sets and Scrub Regions
[2026-07-01T02:23:06.310+0000][65.637s][info][gc,marking  ] GC(93) Concurrent Rebuild Remembered Sets and Scrub Regions 289.059ms
[2026-07-01T02:23:06.310+0000][65.638s][info][gc,start    ] GC(93) Pause Cleanup
[2026-07-01T02:23:06.311+0000][65.638s][info][gc          ] GC(93) Pause Cleanup 298M->298M(350M) 0.714ms
[2026-07-01T02:23:06.311+0000][65.638s][info][gc,cpu      ] GC(93) User=0.00s Sys=0.00s Real=0.00s
[2026-07-01T02:23:06.312+0000][65.639s][info][gc,marking  ] GC(93) Concurrent Clear Claimed Marks
[2026-07-01T02:23:06.312+0000][65.639s][info][gc,marking  ] GC(93) Concurrent Clear Claimed Marks 0.092ms
[2026-07-01T02:23:06.312+0000][65.639s][info][gc,marking  ] GC(93) Concurrent Cleanup for Next Mark
[2026-07-01T02:23:06.313+0000][65.640s][info][gc,marking  ] GC(93) Concurrent Cleanup for Next Mark 0.780ms
[2026-07-01T02:23:06.313+0000][65.640s][info][gc          ] GC(93) Concurrent Mark Cycle 764.683ms
[2026-07-01T02:23:06.459+0000][65.786s][info][gc,start    ] GC(94) Pause Young (Prepare Mixed) (G1 Evacuation Pause)
[2026-07-01T02:23:06.459+0000][65.786s][info][gc,task     ] GC(94) Using 2 workers of 2 for evacuation
[2026-07-01T02:23:06.476+0000][65.804s][info][gc,phases   ] GC(94)   Pre Evacuate Collection Set: 0.17ms
[2026-07-01T02:23:06.476+0000][65.804s][info][gc,phases   ] GC(94)   Merge Heap Roots: 0.59ms
[2026-07-01T02:23:06.476+0000][65.804s][info][gc,phases   ] GC(94)   Evacuate Collection Set: 15.97ms
[2026-07-01T02:23:06.476+0000][65.804s][info][gc,phases   ] GC(94)   Post Evacuate Collection Set: 0.50ms
[2026-07-01T02:23:06.476+0000][65.804s][info][gc,phases   ] GC(94)   Other: 0.06ms
[2026-07-01T02:23:06.476+0000][65.804s][info][gc,heap     ] GC(94) Eden regions: 154->0(153)
[2026-07-01T02:23:06.476+0000][65.804s][info][gc,heap     ] GC(94) Survivor regions: 10->10(21)
[2026-07-01T02:23:06.476+0000][65.804s][info][gc,heap     ] GC(94) Old regions: 165->166
[2026-07-01T02:23:06.476+0000][65.804s][info][gc,heap     ] GC(94) Humongous regions: 3->3
[2026-07-01T02:23:06.476+0000][65.804s][info][gc,metaspace] GC(94) Metaspace: 41700K(42496K)->41700K(42496K) NonClass: 36567K(36992K)->36567K(36992K) Class: 5132K(5504K)->5132K(5504K)
[2026-07-01T02:23:06.476+0000][65.804s][info][gc          ] GC(94) Pause Young (Prepare Mixed) (G1 Evacuation Pause) 331M->177M(350M) 17.446ms
[2026-07-01T02:23:06.477+0000][65.804s][info][gc,cpu      ] GC(94) User=0.03s Sys=0.01s Real=0.01s
[2026-07-01T02:23:07.166+0000][66.493s][info][gc,start    ] GC(95) Pause Young (Mixed) (G1 Evacuation Pause)
[2026-07-01T02:23:07.166+0000][66.493s][info][gc,task     ] GC(95) Using 2 workers of 2 for evacuation
[2026-07-01T02:23:07.185+0000][66.512s][info][gc,phases   ] GC(95)   Pre Evacuate Collection Set: 0.20ms
[2026-07-01T02:23:07.185+0000][66.512s][info][gc,phases   ] GC(95)   Merge Heap Roots: 0.44ms
[2026-07-01T02:23:07.185+0000][66.512s][info][gc,phases   ] GC(95)   Evacuate Collection Set: 17.56ms
[2026-07-01T02:23:07.185+0000][66.512s][info][gc,phases   ] GC(95)   Post Evacuate Collection Set: 0.46ms
[2026-07-01T02:23:07.185+0000][66.512s][info][gc,phases   ] GC(95)   Other: 0.09ms
[2026-07-01T02:23:07.185+0000][66.512s][info][gc,heap     ] GC(95) Eden regions: 153->0(153)
[2026-07-01T02:23:07.185+0000][66.512s][info][gc,heap     ] GC(95) Survivor regions: 10->10(21)
[2026-07-01T02:23:07.185+0000][66.512s][info][gc,heap     ] GC(95) Old regions: 166->166
[2026-07-01T02:23:07.185+0000][66.512s][info][gc,heap     ] GC(95) Humongous regions: 3->3
[2026-07-01T02:23:07.185+0000][66.512s][info][gc,metaspace] GC(95) Metaspace: 41705K(42496K)->41705K(42496K) NonClass: 36572K(36992K)->36572K(36992K) Class: 5132K(5504K)->5132K(5504K)
[2026-07-01T02:23:07.185+0000][66.512s][info][gc          ] GC(95) Pause Young (Mixed) (G1 Evacuation Pause) 330M->177M(350M) 18.992ms
[2026-07-01T02:23:07.185+0000][66.512s][info][gc,cpu      ] GC(95) User=0.04s Sys=0.00s Real=0.02s
[2026-07-01T02:23:07.882+0000][67.209s][info][gc,start    ] GC(96) Pause Young (Concurrent Start) (G1 Evacuation Pause)
[2026-07-01T02:23:07.882+0000][67.209s][info][gc,task     ] GC(96) Using 2 workers of 2 for evacuation
[2026-07-01T02:23:07.900+0000][67.227s][info][gc,phases   ] GC(96)   Pre Evacuate Collection Set: 0.28ms
[2026-07-01T02:23:07.900+0000][67.227s][info][gc,phases   ] GC(96)   Merge Heap Roots: 0.37ms
[2026-07-01T02:23:07.900+0000][67.227s][info][gc,phases   ] GC(96)   Evacuate Collection Set: 16.56ms
[2026-07-01T02:23:07.900+0000][67.227s][info][gc,phases   ] GC(96)   Post Evacuate Collection Set: 0.44ms
[2026-07-01T02:23:07.900+0000][67.227s][info][gc,phases   ] GC(96)   Other: 0.08ms
[2026-07-01T02:23:07.900+0000][67.227s][info][gc,heap     ] GC(96) Eden regions: 153->0(153)
[2026-07-01T02:23:07.900+0000][67.227s][info][gc,heap     ] GC(96) Survivor regions: 10->10(21)
[2026-07-01T02:23:07.900+0000][67.227s][info][gc,heap     ] GC(96) Old regions: 166->166
[2026-07-01T02:23:07.900+0000][67.227s][info][gc,heap     ] GC(96) Humongous regions: 3->3
[2026-07-01T02:23:07.900+0000][67.227s][info][gc,metaspace] GC(96) Metaspace: 41705K(42496K)->41705K(42496K) NonClass: 36573K(36992K)->36573K(36992K) Class: 5132K(5504K)->5132K(5504K)
[2026-07-01T02:23:07.900+0000][67.227s][info][gc          ] GC(96) Pause Young (Concurrent Start) (G1 Evacuation Pause) 330M->178M(350M) 17.900ms
[2026-07-01T02:23:07.900+0000][67.227s][info][gc          ] GC(97) Concurrent Mark Cycle
[2026-07-01T02:23:07.900+0000][67.227s][info][gc,marking  ] GC(97) Concurrent Scan Root Regions
[2026-07-01T02:23:07.900+0000][67.227s][info][gc,cpu      ] GC(96) User=0.04s Sys=0.01s Real=0.02s
[2026-07-01T02:23:07.916+0000][67.243s][info][gc,marking  ] GC(97) Concurrent Scan Root Regions 15.477ms
[2026-07-01T02:23:07.916+0000][67.243s][info][gc,marking  ] GC(97) Concurrent Mark
[2026-07-01T02:23:07.916+0000][67.243s][info][gc,marking  ] GC(97) Concurrent Mark From Roots
[2026-07-01T02:23:07.916+0000][67.243s][info][gc,task     ] GC(97) Using 1 workers of 1 for marking
[2026-07-01T02:23:08.564+0000][67.891s][info][gc,marking  ] GC(97) Concurrent Mark From Roots 647.998ms
[2026-07-01T02:23:08.564+0000][67.891s][info][gc,marking  ] GC(97) Concurrent Preclean
[2026-07-01T02:23:08.564+0000][67.891s][info][gc,marking  ] GC(97) Concurrent Preclean 0.135ms
[2026-07-01T02:23:08.564+0000][67.891s][info][gc,start    ] GC(97) Pause Remark
[2026-07-01T02:23:08.570+0000][67.897s][info][gc          ] GC(97) Pause Remark 299M->299M(350M) 5.861ms
[2026-07-01T02:23:08.570+0000][67.897s][info][gc,cpu      ] GC(97) User=0.01s Sys=0.00s Real=0.01s
[2026-07-01T02:23:08.573+0000][67.900s][info][gc,marking  ] GC(97) Concurrent Mark 656.978ms
[2026-07-01T02:23:08.573+0000][67.900s][info][gc,marking  ] GC(97) Concurrent Rebuild Remembered Sets and Scrub Regions
[2026-07-01T02:23:08.742+0000][68.069s][info][gc,start    ] GC(98) Pause Young (Normal) (G1 Evacuation Pause)
[2026-07-01T02:23:08.742+0000][68.069s][info][gc,task     ] GC(98) Using 2 workers of 2 for evacuation
[2026-07-01T02:23:08.760+0000][68.087s][info][gc,phases   ] GC(98)   Pre Evacuate Collection Set: 0.16ms
[2026-07-01T02:23:08.760+0000][68.087s][info][gc,phases   ] GC(98)   Merge Heap Roots: 0.41ms
[2026-07-01T02:23:08.760+0000][68.087s][info][gc,phases   ] GC(98)   Evacuate Collection Set: 16.47ms
[2026-07-01T02:23:08.760+0000][68.087s][info][gc,phases   ] GC(98)   Post Evacuate Collection Set: 0.58ms
[2026-07-01T02:23:08.760+0000][68.087s][info][gc,phases   ] GC(98)   Other: 0.06ms
[2026-07-01T02:23:08.760+0000][68.087s][info][gc,heap     ] GC(98) Eden regions: 153->0(152)
[2026-07-01T02:23:08.760+0000][68.087s][info][gc,heap     ] GC(98) Survivor regions: 10->10(21)
[2026-07-01T02:23:08.760+0000][68.087s][info][gc,heap     ] GC(98) Old regions: 166->167
[2026-07-01T02:23:08.760+0000][68.087s][info][gc,heap     ] GC(98) Humongous regions: 3->3
[2026-07-01T02:23:08.760+0000][68.087s][info][gc,metaspace] GC(98) Metaspace: 41705K(42496K)->41705K(42496K) NonClass: 36573K(36992K)->36573K(36992K) Class: 5132K(5504K)->5132K(5504K)
[2026-07-01T02:23:08.760+0000][68.087s][info][gc          ] GC(98) Pause Young (Normal) (G1 Evacuation Pause) 331M->179M(350M) 17.841ms
[2026-07-01T02:23:08.760+0000][68.087s][info][gc,cpu      ] GC(98) User=0.04s Sys=0.00s Real=0.02s
[2026-07-01T02:23:08.875+0000][68.202s][info][gc,marking  ] GC(97) Concurrent Rebuild Remembered Sets and Scrub Regions 302.065ms
[2026-07-01T02:23:08.875+0000][68.202s][info][gc,start    ] GC(97) Pause Cleanup
[2026-07-01T02:23:08.875+0000][68.202s][info][gc          ] GC(97) Pause Cleanup 201M->201M(350M) 0.197ms
[2026-07-01T02:23:08.875+0000][68.202s][info][gc,cpu      ] GC(97) User=0.00s Sys=0.00s Real=0.00s
[2026-07-01T02:23:08.877+0000][68.204s][info][gc,marking  ] GC(97) Concurrent Clear Claimed Marks
[2026-07-01T02:23:08.877+0000][68.204s][info][gc,marking  ] GC(97) Concurrent Clear Claimed Marks 0.161ms
[2026-07-01T02:23:08.877+0000][68.204s][info][gc,marking  ] GC(97) Concurrent Cleanup for Next Mark
[2026-07-01T02:23:08.878+0000][68.205s][info][gc,marking  ] GC(97) Concurrent Cleanup for Next Mark 0.863ms
[2026-07-01T02:23:08.878+0000][68.205s][info][gc          ] GC(97) Concurrent Mark Cycle 977.911ms
[2026-07-01T02:23:09.480+0000][68.807s][info][gc,start    ] GC(99) Pause Young (Prepare Mixed) (G1 Evacuation Pause)
[2026-07-01T02:23:09.480+0000][68.807s][info][gc,task     ] GC(99) Using 2 workers of 2 for evacuation
[2026-07-01T02:23:09.499+0000][68.826s][info][gc,phases   ] GC(99)   Pre Evacuate Collection Set: 0.18ms
[2026-07-01T02:23:09.499+0000][68.826s][info][gc,phases   ] GC(99)   Merge Heap Roots: 0.66ms
[2026-07-01T02:23:09.499+0000][68.826s][info][gc,phases   ] GC(99)   Evacuate Collection Set: 17.36ms
[2026-07-01T02:23:09.499+0000][68.826s][info][gc,phases   ] GC(99)   Post Evacuate Collection Set: 0.42ms
[2026-07-01T02:23:09.499+0000][68.826s][info][gc,phases   ] GC(99)   Other: 0.06ms
[2026-07-01T02:23:09.499+0000][68.826s][info][gc,heap     ] GC(99) Eden regions: 152->0(152)
[2026-07-01T02:23:09.499+0000][68.826s][info][gc,heap     ] GC(99) Survivor regions: 10->10(21)
[2026-07-01T02:23:09.499+0000][68.826s][info][gc,heap     ] GC(99) Old regions: 167->167
[2026-07-01T02:23:09.499+0000][68.826s][info][gc,heap     ] GC(99) Humongous regions: 3->3
[2026-07-01T02:23:09.499+0000][68.826s][info][gc,metaspace] GC(99) Metaspace: 41705K(42496K)->41705K(42496K) NonClass: 36573K(36992K)->36573K(36992K) Class: 5132K(5504K)->5132K(5504K)
[2026-07-01T02:23:09.499+0000][68.826s][info][gc          ] GC(99) Pause Young (Prepare Mixed) (G1 Evacuation Pause) 331M->179M(350M) 18.874ms
[2026-07-01T02:23:09.499+0000][68.826s][info][gc,cpu      ] GC(99) User=0.04s Sys=0.00s Real=0.02s
[2026-07-01T02:23:10.298+0000][69.626s][info][gc,start    ] GC(100) Pause Young (Mixed) (G1 Evacuation Pause)
[2026-07-01T02:23:10.299+0000][69.626s][info][gc,task     ] GC(100) Using 2 workers of 2 for evacuation
[2026-07-01T02:23:10.326+0000][69.653s][info][gc,phases   ] GC(100)   Pre Evacuate Collection Set: 0.17ms
[2026-07-01T02:23:10.326+0000][69.653s][info][gc,phases   ] GC(100)   Merge Heap Roots: 0.44ms
[2026-07-01T02:23:10.326+0000][69.653s][info][gc,phases   ] GC(100)   Evacuate Collection Set: 25.72ms
[2026-07-01T02:23:10.326+0000][69.653s][info][gc,phases   ] GC(100)   Post Evacuate Collection Set: 0.60ms
[2026-07-01T02:23:10.326+0000][69.653s][info][gc,phases   ] GC(100)   Other: 0.06ms
[2026-07-01T02:23:10.326+0000][69.653s][info][gc,heap     ] GC(100) Eden regions: 152->0(151)
[2026-07-01T02:23:10.326+0000][69.653s][info][gc,heap     ] GC(100) Survivor regions: 10->10(21)
[2026-07-01T02:23:10.326+0000][69.653s][info][gc,heap     ] GC(100) Old regions: 167->168
[2026-07-01T02:23:10.326+0000][69.653s][info][gc,heap     ] GC(100) Humongous regions: 3->3
[2026-07-01T02:23:10.326+0000][69.653s][info][gc,metaspace] GC(100) Metaspace: 41707K(42496K)->41707K(42496K) NonClass: 36574K(36992K)->36574K(36992K) Class: 5132K(5504K)->5132K(5504K)
[2026-07-01T02:23:10.326+0000][69.653s][info][gc          ] GC(100) Pause Young (Mixed) (G1 Evacuation Pause) 331M->179M(350M) 27.204ms
[2026-07-01T02:23:10.326+0000][69.653s][info][gc,cpu      ] GC(100) User=0.05s Sys=0.00s Real=0.02s
[2026-07-01T02:23:11.552+0000][70.879s][info][gc,start    ] GC(101) Pause Young (Concurrent Start) (G1 Evacuation Pause)
[2026-07-01T02:23:11.552+0000][70.879s][info][gc,task     ] GC(101) Using 2 workers of 2 for evacuation
[2026-07-01T02:23:11.577+0000][70.904s][info][gc,phases   ] GC(101)   Pre Evacuate Collection Set: 0.27ms
[2026-07-01T02:23:11.577+0000][70.904s][info][gc,phases   ] GC(101)   Merge Heap Roots: 0.41ms
[2026-07-01T02:23:11.577+0000][70.904s][info][gc,phases   ] GC(101)   Evacuate Collection Set: 23.23ms
[2026-07-01T02:23:11.577+0000][70.904s][info][gc,phases   ] GC(101)   Post Evacuate Collection Set: 0.53ms
[2026-07-01T02:23:11.577+0000][70.904s][info][gc,phases   ] GC(101)   Other: 0.10ms
[2026-07-01T02:23:11.577+0000][70.904s][info][gc,heap     ] GC(101) Eden regions: 151->0(151)
[2026-07-01T02:23:11.577+0000][70.904s][info][gc,heap     ] GC(101) Survivor regions: 10->10(21)
[2026-07-01T02:23:11.577+0000][70.904s][info][gc,heap     ] GC(101) Old regions: 168->168
[2026-07-01T02:23:11.577+0000][70.904s][info][gc,heap     ] GC(101) Humongous regions: 3->3
[2026-07-01T02:23:11.577+0000][70.904s][info][gc,metaspace] GC(101) Metaspace: 41707K(42496K)->41707K(42496K) NonClass: 36574K(36992K)->36574K(36992K) Class: 5132K(5504K)->5132K(5504K)
[2026-07-01T02:23:11.577+0000][70.904s][info][gc          ] GC(101) Pause Young (Concurrent Start) (G1 Evacuation Pause) 330M->180M(350M) 24.728ms
[2026-07-01T02:23:11.577+0000][70.904s][info][gc          ] GC(102) Concurrent Mark Cycle
[2026-07-01T02:23:11.577+0000][70.904s][info][gc,cpu      ] GC(101) User=0.04s Sys=0.00s Real=0.02s
[2026-07-01T02:23:11.577+0000][70.904s][info][gc,marking  ] GC(102) Concurrent Scan Root Regions
[2026-07-01T02:23:11.611+0000][70.938s][info][gc,marking  ] GC(102) Concurrent Scan Root Regions 34.354ms
[2026-07-01T02:23:11.611+0000][70.938s][info][gc,marking  ] GC(102) Concurrent Mark
[2026-07-01T02:23:11.611+0000][70.938s][info][gc,marking  ] GC(102) Concurrent Mark From Roots
[2026-07-01T02:23:11.611+0000][70.938s][info][gc,task     ] GC(102) Using 1 workers of 1 for marking
[2026-07-01T02:23:12.015+0000][71.342s][info][gc,marking  ] GC(102) Concurrent Mark From Roots 403.266ms
[2026-07-01T02:23:12.015+0000][71.342s][info][gc,marking  ] GC(102) Concurrent Preclean
[2026-07-01T02:23:12.015+0000][71.342s][info][gc,marking  ] GC(102) Concurrent Preclean 0.101ms
[2026-07-01T02:23:12.015+0000][71.342s][info][gc,start    ] GC(102) Pause Remark
[2026-07-01T02:23:12.022+0000][71.349s][info][gc          ] GC(102) Pause Remark 227M->227M(350M) 7.018ms
[2026-07-01T02:23:12.022+0000][71.349s][info][gc,cpu      ] GC(102) User=0.01s Sys=0.01s Real=0.01s
[2026-07-01T02:23:12.025+0000][71.352s][info][gc,marking  ] GC(102) Concurrent Mark 414.079ms
[2026-07-01T02:23:12.025+0000][71.353s][info][gc,marking  ] GC(102) Concurrent Rebuild Remembered Sets and Scrub Regions
[2026-07-01T02:23:12.202+0000][71.529s][info][gc,marking  ] GC(102) Concurrent Rebuild Remembered Sets and Scrub Regions 176.713ms
[2026-07-01T02:23:12.202+0000][71.529s][info][gc,start    ] GC(102) Pause Cleanup
[2026-07-01T02:23:12.203+0000][71.530s][info][gc          ] GC(102) Pause Cleanup 244M->244M(350M) 0.173ms
[2026-07-01T02:23:12.203+0000][71.530s][info][gc,cpu      ] GC(102) User=0.00s Sys=0.00s Real=0.00s
[2026-07-01T02:23:12.203+0000][71.530s][info][gc,marking  ] GC(102) Concurrent Clear Claimed Marks
[2026-07-01T02:23:12.203+0000][71.530s][info][gc,marking  ] GC(102) Concurrent Clear Claimed Marks 0.085ms
[2026-07-01T02:23:12.203+0000][71.530s][info][gc,marking  ] GC(102) Concurrent Cleanup for Next Mark
[2026-07-01T02:23:12.204+0000][71.531s][info][gc,marking  ] GC(102) Concurrent Cleanup for Next Mark 1.260ms
[2026-07-01T02:23:12.204+0000][71.531s][info][gc          ] GC(102) Concurrent Mark Cycle 627.280ms
[2026-07-01T02:23:12.891+0000][72.218s][info][gc,start    ] GC(103) Pause Young (Prepare Mixed) (G1 Evacuation Pause)
[2026-07-01T02:23:12.891+0000][72.218s][info][gc,task     ] GC(103) Using 2 workers of 2 for evacuation
[2026-07-01T02:23:12.918+0000][72.245s][info][gc,phases   ] GC(103)   Pre Evacuate Collection Set: 0.17ms
[2026-07-01T02:23:12.918+0000][72.245s][info][gc,phases   ] GC(103)   Merge Heap Roots: 0.63ms
[2026-07-01T02:23:12.918+0000][72.245s][info][gc,phases   ] GC(103)   Evacuate Collection Set: 23.48ms
[2026-07-01T02:23:12.918+0000][72.245s][info][gc,phases   ] GC(103)   Post Evacuate Collection Set: 1.92ms
[2026-07-01T02:23:12.918+0000][72.245s][info][gc,phases   ] GC(103)   Other: 0.06ms
[2026-07-01T02:23:12.918+0000][72.245s][info][gc,heap     ] GC(103) Eden regions: 151->0(151)
[2026-07-01T02:23:12.918+0000][72.245s][info][gc,heap     ] GC(103) Survivor regions: 10->9(21)
[2026-07-01T02:23:12.918+0000][72.245s][info][gc,heap     ] GC(103) Old regions: 168->169
[2026-07-01T02:23:12.918+0000][72.245s][info][gc,heap     ] GC(103) Humongous regions: 3->3
[2026-07-01T02:23:12.918+0000][72.245s][info][gc,metaspace] GC(103) Metaspace: 41707K(42496K)->41707K(42496K) NonClass: 36575K(36992K)->36575K(36992K) Class: 5132K(5504K)->5132K(5504K)
[2026-07-01T02:23:12.918+0000][72.245s][info][gc          ] GC(103) Pause Young (Prepare Mixed) (G1 Evacuation Pause) 331M->180M(350M) 26.451ms
[2026-07-01T02:23:12.918+0000][72.245s][info][gc,cpu      ] GC(103) User=0.05s Sys=0.00s Real=0.02s
[2026-07-01T02:23:14.021+0000][73.348s][info][gc,start    ] GC(104) Pause Young (Mixed) (G1 Evacuation Pause)
[2026-07-01T02:23:14.021+0000][73.348s][info][gc,task     ] GC(104) Using 2 workers of 2 for evacuation
[2026-07-01T02:23:14.047+0000][73.374s][info][gc,phases   ] GC(104)   Pre Evacuate Collection Set: 0.15ms
[2026-07-01T02:23:14.047+0000][73.374s][info][gc,phases   ] GC(104)   Merge Heap Roots: 0.39ms
[2026-07-01T02:23:14.047+0000][73.374s][info][gc,phases   ] GC(104)   Evacuate Collection Set: 24.95ms
[2026-07-01T02:23:14.047+0000][73.374s][info][gc,phases   ] GC(104)   Post Evacuate Collection Set: 0.48ms
[2026-07-01T02:23:14.047+0000][73.374s][info][gc,phases   ] GC(104)   Other: 0.06ms
[2026-07-01T02:23:14.047+0000][73.374s][info][gc,heap     ] GC(104) Eden regions: 151->0(150)
[2026-07-01T02:23:14.047+0000][73.374s][info][gc,heap     ] GC(104) Survivor regions: 9->10(20)
[2026-07-01T02:23:14.047+0000][73.374s][info][gc,heap     ] GC(104) Old regions: 169->169
[2026-07-01T02:23:14.047+0000][73.374s][info][gc,heap     ] GC(104) Humongous regions: 3->3
[2026-07-01T02:23:14.047+0000][73.374s][info][gc,metaspace] GC(104) Metaspace: 41707K(42496K)->41707K(42496K) NonClass: 36575K(36992K)->36575K(36992K) Class: 5132K(5504K)->5132K(5504K)
[2026-07-01T02:23:14.047+0000][73.374s][info][gc          ] GC(104) Pause Young (Mixed) (G1 Evacuation Pause) 331M->181M(350M) 26.233ms
[2026-07-01T02:23:14.047+0000][73.374s][info][gc,cpu      ] GC(104) User=0.05s Sys=0.00s Real=0.02s
[2026-07-01T02:23:14.876+0000][74.203s][info][gc,start    ] GC(105) Pause Young (Concurrent Start) (G1 Evacuation Pause)
[2026-07-01T02:23:14.876+0000][74.203s][info][gc,task     ] GC(105) Using 2 workers of 2 for evacuation
[2026-07-01T02:23:14.894+0000][74.221s][info][gc,phases   ] GC(105)   Pre Evacuate Collection Set: 0.23ms
[2026-07-01T02:23:14.894+0000][74.221s][info][gc,phases   ] GC(105)   Merge Heap Roots: 0.56ms
[2026-07-01T02:23:14.894+0000][74.221s][info][gc,phases   ] GC(105)   Evacuate Collection Set: 16.68ms
[2026-07-01T02:23:14.894+0000][74.221s][info][gc,phases   ] GC(105)   Post Evacuate Collection Set: 0.40ms
[2026-07-01T02:23:14.894+0000][74.221s][info][gc,phases   ] GC(105)   Other: 0.11ms
[2026-07-01T02:23:14.894+0000][74.221s][info][gc,heap     ] GC(105) Eden regions: 150->0(150)
[2026-07-01T02:23:14.894+0000][74.221s][info][gc,heap     ] GC(105) Survivor regions: 10->9(20)
[2026-07-01T02:23:14.894+0000][74.221s][info][gc,heap     ] GC(105) Old regions: 169->170
[2026-07-01T02:23:14.894+0000][74.221s][info][gc,heap     ] GC(105) Humongous regions: 3->3
[2026-07-01T02:23:14.894+0000][74.221s][info][gc,metaspace] GC(105) Metaspace: 41707K(42496K)->41707K(42496K) NonClass: 36575K(36992K)->36575K(36992K) Class: 5132K(5504K)->5132K(5504K)
[2026-07-01T02:23:14.894+0000][74.221s][info][gc          ] GC(105) Pause Young (Concurrent Start) (G1 Evacuation Pause) 331M->181M(350M) 18.151ms
[2026-07-01T02:23:14.894+0000][74.221s][info][gc          ] GC(106) Concurrent Mark Cycle
[2026-07-01T02:23:14.894+0000][74.221s][info][gc,cpu      ] GC(105) User=0.03s Sys=0.00s Real=0.02s
[2026-07-01T02:23:14.894+0000][74.221s][info][gc,marking  ] GC(106) Concurrent Scan Root Regions
[2026-07-01T02:23:14.913+0000][74.240s][info][gc,marking  ] GC(106) Concurrent Scan Root Regions 18.982ms
[2026-07-01T02:23:14.913+0000][74.240s][info][gc,marking  ] GC(106) Concurrent Mark
[2026-07-01T02:23:14.913+0000][74.240s][info][gc,marking  ] GC(106) Concurrent Mark From Roots
[2026-07-01T02:23:14.913+0000][74.240s][info][gc,task     ] GC(106) Using 1 workers of 1 for marking
[2026-07-01T02:23:15.363+0000][74.690s][info][gc,marking  ] GC(106) Concurrent Mark From Roots 449.687ms
[2026-07-01T02:23:15.363+0000][74.690s][info][gc,marking  ] GC(106) Concurrent Preclean
[2026-07-01T02:23:15.363+0000][74.690s][info][gc,marking  ] GC(106) Concurrent Preclean 0.169ms
[2026-07-01T02:23:15.363+0000][74.690s][info][gc,start    ] GC(106) Pause Remark
[2026-07-01T02:23:15.370+0000][74.697s][info][gc          ] GC(106) Pause Remark 261M->261M(350M) 6.733ms
[2026-07-01T02:23:15.370+0000][74.697s][info][gc,cpu      ] GC(106) User=0.01s Sys=0.00s Real=0.01s
[2026-07-01T02:23:15.372+0000][74.699s][info][gc,marking  ] GC(106) Concurrent Mark 458.369ms
[2026-07-01T02:23:15.372+0000][74.699s][info][gc,marking  ] GC(106) Concurrent Rebuild Remembered Sets and Scrub Regions
[2026-07-01T02:23:15.668+0000][74.995s][info][gc,marking  ] GC(106) Concurrent Rebuild Remembered Sets and Scrub Regions 296.123ms
[2026-07-01T02:23:15.668+0000][74.995s][info][gc,start    ] GC(106) Pause Cleanup
[2026-07-01T02:23:15.668+0000][74.995s][info][gc          ] GC(106) Pause Cleanup 315M->315M(350M) 0.233ms
[2026-07-01T02:23:15.668+0000][74.995s][info][gc,cpu      ] GC(106) User=0.00s Sys=0.00s Real=0.01s
[2026-07-01T02:23:15.669+0000][74.996s][info][gc,marking  ] GC(106) Concurrent Clear Claimed Marks
[2026-07-01T02:23:15.669+0000][74.996s][info][gc,marking  ] GC(106) Concurrent Clear Claimed Marks 0.094ms
[2026-07-01T02:23:15.669+0000][74.996s][info][gc,marking  ] GC(106) Concurrent Cleanup for Next Mark
[2026-07-01T02:23:15.670+0000][74.997s][info][gc,marking  ] GC(106) Concurrent Cleanup for Next Mark 1.037ms
[2026-07-01T02:23:15.670+0000][74.997s][info][gc          ] GC(106) Concurrent Mark Cycle 775.542ms
[2026-07-01T02:23:15.745+0000][75.072s][info][gc,start    ] GC(107) Pause Young (Prepare Mixed) (G1 Evacuation Pause)
[2026-07-01T02:23:15.745+0000][75.073s][info][gc,task     ] GC(107) Using 2 workers of 2 for evacuation
[2026-07-01T02:23:15.762+0000][75.089s][info][gc,phases   ] GC(107)   Pre Evacuate Collection Set: 0.12ms
[2026-07-01T02:23:15.762+0000][75.089s][info][gc,phases   ] GC(107)   Merge Heap Roots: 0.46ms
[2026-07-01T02:23:15.762+0000][75.089s][info][gc,phases   ] GC(107)   Evacuate Collection Set: 15.57ms
[2026-07-01T02:23:15.762+0000][75.089s][info][gc,phases   ] GC(107)   Post Evacuate Collection Set: 0.50ms
[2026-07-01T02:23:15.762+0000][75.089s][info][gc,phases   ] GC(107)   Other: 0.05ms
[2026-07-01T02:23:15.762+0000][75.089s][info][gc,heap     ] GC(107) Eden regions: 150->0(148)
[2026-07-01T02:23:15.762+0000][75.089s][info][gc,heap     ] GC(107) Survivor regions: 9->10(20)
[2026-07-01T02:23:15.762+0000][75.089s][info][gc,heap     ] GC(107) Old regions: 170->171
[2026-07-01T02:23:15.762+0000][75.089s][info][gc,heap     ] GC(107) Humongous regions: 3->3
[2026-07-01T02:23:15.762+0000][75.089s][info][gc,metaspace] GC(107) Metaspace: 41708K(42496K)->41708K(42496K) NonClass: 36575K(36992K)->36575K(36992K) Class: 5132K(5504K)->5132K(5504K)
[2026-07-01T02:23:15.762+0000][75.089s][info][gc          ] GC(107) Pause Young (Prepare Mixed) (G1 Evacuation Pause) 331M->182M(350M) 16.870ms
[2026-07-01T02:23:15.762+0000][75.089s][info][gc,cpu      ] GC(107) User=0.03s Sys=0.00s Real=0.02s
[2026-07-01T02:23:16.421+0000][75.748s][info][gc,start    ] GC(108) Pause Young (Mixed) (G1 Evacuation Pause)
[2026-07-01T02:23:16.421+0000][75.748s][info][gc,task     ] GC(108) Using 2 workers of 2 for evacuation
[2026-07-01T02:23:16.446+0000][75.773s][info][gc,phases   ] GC(108)   Pre Evacuate Collection Set: 0.21ms
[2026-07-01T02:23:16.446+0000][75.773s][info][gc,phases   ] GC(108)   Merge Heap Roots: 0.75ms
[2026-07-01T02:23:16.446+0000][75.773s][info][gc,phases   ] GC(108)   Evacuate Collection Set: 23.74ms
[2026-07-01T02:23:16.446+0000][75.773s][info][gc,phases   ] GC(108)   Post Evacuate Collection Set: 0.45ms
[2026-07-01T02:23:16.446+0000][75.773s][info][gc,phases   ] GC(108)   Other: 0.06ms
[2026-07-01T02:23:16.446+0000][75.773s][info][gc,heap     ] GC(108) Eden regions: 148->0(148)
[2026-07-01T02:23:16.446+0000][75.773s][info][gc,heap     ] GC(108) Survivor regions: 10->10(20)
[2026-07-01T02:23:16.446+0000][75.773s][info][gc,heap     ] GC(108) Old regions: 171->171
[2026-07-01T02:23:16.446+0000][75.773s][info][gc,heap     ] GC(108) Humongous regions: 3->3
[2026-07-01T02:23:16.446+0000][75.773s][info][gc,metaspace] GC(108) Metaspace: 41708K(42496K)->41708K(42496K) NonClass: 36575K(36992K)->36575K(36992K) Class: 5132K(5504K)->5132K(5504K)
[2026-07-01T02:23:16.446+0000][75.773s][info][gc          ] GC(108) Pause Young (Mixed) (G1 Evacuation Pause) 330M->182M(350M) 25.357ms
[2026-07-01T02:23:16.446+0000][75.773s][info][gc,cpu      ] GC(108) User=0.05s Sys=0.00s Real=0.02s
[2026-07-01T02:23:17.102+0000][76.429s][info][gc,start    ] GC(109) Pause Young (Concurrent Start) (G1 Evacuation Pause)
[2026-07-01T02:23:17.102+0000][76.430s][info][gc,task     ] GC(109) Using 2 workers of 2 for evacuation
[2026-07-01T02:23:17.126+0000][76.453s][info][gc,phases   ] GC(109)   Pre Evacuate Collection Set: 0.22ms
[2026-07-01T02:23:17.126+0000][76.453s][info][gc,phases   ] GC(109)   Merge Heap Roots: 0.59ms
[2026-07-01T02:23:17.126+0000][76.453s][info][gc,phases   ] GC(109)   Evacuate Collection Set: 22.24ms
[2026-07-01T02:23:17.126+0000][76.453s][info][gc,phases   ] GC(109)   Post Evacuate Collection Set: 0.42ms
[2026-07-01T02:23:17.126+0000][76.453s][info][gc,phases   ] GC(109)   Other: 0.07ms
[2026-07-01T02:23:17.126+0000][76.453s][info][gc,heap     ] GC(109) Eden regions: 148->0(149)
[2026-07-01T02:23:17.126+0000][76.453s][info][gc,heap     ] GC(109) Survivor regions: 10->9(20)
[2026-07-01T02:23:17.126+0000][76.453s][info][gc,heap     ] GC(109) Old regions: 171->171
[2026-07-01T02:23:17.126+0000][76.453s][info][gc,heap     ] GC(109) Humongous regions: 3->3
[2026-07-01T02:23:17.126+0000][76.453s][info][gc,metaspace] GC(109) Metaspace: 41708K(42496K)->41708K(42496K) NonClass: 36575K(36992K)->36575K(36992K) Class: 5132K(5504K)->5132K(5504K)
[2026-07-01T02:23:17.126+0000][76.453s][info][gc          ] GC(109) Pause Young (Concurrent Start) (G1 Evacuation Pause) 330M->183M(350M) 23.719ms
[2026-07-01T02:23:17.126+0000][76.453s][info][gc          ] GC(110) Concurrent Mark Cycle
[2026-07-01T02:23:17.126+0000][76.453s][info][gc,marking  ] GC(110) Concurrent Scan Root Regions
[2026-07-01T02:23:17.126+0000][76.453s][info][gc,cpu      ] GC(109) User=0.04s Sys=0.00s Real=0.02s
[2026-07-01T02:23:17.146+0000][76.473s][info][gc,marking  ] GC(110) Concurrent Scan Root Regions 20.253ms
[2026-07-01T02:23:17.146+0000][76.474s][info][gc,marking  ] GC(110) Concurrent Mark
[2026-07-01T02:23:17.146+0000][76.474s][info][gc,marking  ] GC(110) Concurrent Mark From Roots
[2026-07-01T02:23:17.146+0000][76.474s][info][gc,task     ] GC(110) Using 1 workers of 1 for marking
[2026-07-01T02:23:17.703+0000][77.031s][info][gc,marking  ] GC(110) Concurrent Mark From Roots 556.973ms
[2026-07-01T02:23:17.703+0000][77.031s][info][gc,marking  ] GC(110) Concurrent Preclean
[2026-07-01T02:23:17.704+0000][77.031s][info][gc,marking  ] GC(110) Concurrent Preclean 0.133ms
[2026-07-01T02:23:17.704+0000][77.032s][info][gc,start    ] GC(110) Pause Remark
[2026-07-01T02:23:17.711+0000][77.038s][info][gc          ] GC(110) Pause Remark 287M->287M(350M) 6.190ms
[2026-07-01T02:23:17.711+0000][77.038s][info][gc,cpu      ] GC(110) User=0.01s Sys=0.00s Real=0.01s
[2026-07-01T02:23:17.713+0000][77.040s][info][gc,marking  ] GC(110) Concurrent Mark 566.697ms
[2026-07-01T02:23:17.713+0000][77.040s][info][gc,marking  ] GC(110) Concurrent Rebuild Remembered Sets and Scrub Regions
[2026-07-01T02:23:17.928+0000][77.255s][info][gc,marking  ] GC(110) Concurrent Rebuild Remembered Sets and Scrub Regions 214.674ms
[2026-07-01T02:23:17.928+0000][77.255s][info][gc,start    ] GC(110) Pause Cleanup
[2026-07-01T02:23:17.928+0000][77.255s][info][gc          ] GC(110) Pause Cleanup 325M->325M(350M) 0.205ms
[2026-07-01T02:23:17.928+0000][77.255s][info][gc,cpu      ] GC(110) User=0.00s Sys=0.00s Real=0.00s
[2026-07-01T02:23:17.929+0000][77.256s][info][gc,marking  ] GC(110) Concurrent Clear Claimed Marks
[2026-07-01T02:23:17.929+0000][77.256s][info][gc,marking  ] GC(110) Concurrent Clear Claimed Marks 0.094ms
[2026-07-01T02:23:17.929+0000][77.256s][info][gc,marking  ] GC(110) Concurrent Cleanup for Next Mark
[2026-07-01T02:23:17.931+0000][77.259s][info][gc,marking  ] GC(110) Concurrent Cleanup for Next Mark 2.054ms
[2026-07-01T02:23:17.931+0000][77.259s][info][gc          ] GC(110) Concurrent Mark Cycle 805.326ms
[2026-07-01T02:23:17.959+0000][77.287s][info][gc,start    ] GC(111) Pause Young (Prepare Mixed) (G1 Evacuation Pause)
[2026-07-01T02:23:17.960+0000][77.287s][info][gc,task     ] GC(111) Using 2 workers of 2 for evacuation
[2026-07-01T02:23:17.977+0000][77.304s][info][gc,phases   ] GC(111)   Pre Evacuate Collection Set: 0.82ms
[2026-07-01T02:23:17.977+0000][77.304s][info][gc,phases   ] GC(111)   Merge Heap Roots: 0.47ms
[2026-07-01T02:23:17.977+0000][77.304s][info][gc,phases   ] GC(111)   Evacuate Collection Set: 15.74ms
[2026-07-01T02:23:17.977+0000][77.304s][info][gc,phases   ] GC(111)   Post Evacuate Collection Set: 0.56ms
[2026-07-01T02:23:17.977+0000][77.304s][info][gc,phases   ] GC(111)   Other: 0.06ms
[2026-07-01T02:23:17.977+0000][77.304s][info][gc,heap     ] GC(111) Eden regions: 149->0(147)
[2026-07-01T02:23:17.977+0000][77.304s][info][gc,heap     ] GC(111) Survivor regions: 9->10(20)
[2026-07-01T02:23:17.977+0000][77.304s][info][gc,heap     ] GC(111) Old regions: 171->172
[2026-07-01T02:23:17.977+0000][77.304s][info][gc,heap     ] GC(111) Humongous regions: 3->3
[2026-07-01T02:23:17.977+0000][77.304s][info][gc,metaspace] GC(111) Metaspace: 41708K(42496K)->41708K(42496K) NonClass: 36575K(36992K)->36575K(36992K) Class: 5132K(5504K)->5132K(5504K)
[2026-07-01T02:23:17.977+0000][77.304s][info][gc          ] GC(111) Pause Young (Prepare Mixed) (G1 Evacuation Pause) 332M->183M(350M) 17.806ms
[2026-07-01T02:23:17.977+0000][77.304s][info][gc,cpu      ] GC(111) User=0.03s Sys=0.00s Real=0.01s
[2026-07-01T02:23:18.655+0000][77.982s][info][gc,start    ] GC(112) Pause Young (Mixed) (G1 Evacuation Pause)
[2026-07-01T02:23:18.655+0000][77.982s][info][gc,task     ] GC(112) Using 2 workers of 2 for evacuation
[2026-07-01T02:23:18.680+0000][78.007s][info][gc,phases   ] GC(112)   Pre Evacuate Collection Set: 0.24ms
[2026-07-01T02:23:18.680+0000][78.007s][info][gc,phases   ] GC(112)   Merge Heap Roots: 0.36ms
[2026-07-01T02:23:18.680+0000][78.007s][info][gc,phases   ] GC(112)   Evacuate Collection Set: 22.62ms
[2026-07-01T02:23:18.680+0000][78.007s][info][gc,phases   ] GC(112)   Post Evacuate Collection Set: 1.44ms
[2026-07-01T02:23:18.680+0000][78.007s][info][gc,phases   ] GC(112)   Other: 0.06ms
[2026-07-01T02:23:18.680+0000][78.007s][info][gc,heap     ] GC(112) Eden regions: 147->0(335)
[2026-07-01T02:23:18.680+0000][78.007s][info][gc,heap     ] GC(112) Survivor regions: 10->10(20)
[2026-07-01T02:23:18.680+0000][78.007s][info][gc,heap     ] GC(112) Old regions: 172->172
[2026-07-01T02:23:18.680+0000][78.007s][info][gc,heap     ] GC(112) Humongous regions: 3->3
[2026-07-01T02:23:18.680+0000][78.007s][info][gc,metaspace] GC(112) Metaspace: 41708K(42496K)->41708K(42496K) NonClass: 36575K(36992K)->36575K(36992K) Class: 5132K(5504K)->5132K(5504K)
[2026-07-01T02:23:18.680+0000][78.007s][info][gc          ] GC(112) Pause Young (Mixed) (G1 Evacuation Pause) 330M->184M(575M) 24.935ms
[2026-07-01T02:23:18.680+0000][78.007s][info][gc,cpu      ] GC(112) User=0.05s Sys=0.00s Real=0.03s
[2026-07-01T02:23:20.207+0000][79.535s][info][gc,start    ] GC(113) Pause Young (Concurrent Start) (G1 Evacuation Pause)
[2026-07-01T02:23:20.208+0000][79.535s][info][gc,task     ] GC(113) Using 2 workers of 2 for evacuation
[2026-07-01T02:23:20.226+0000][79.553s][info][gc,phases   ] GC(113)   Pre Evacuate Collection Set: 0.29ms
[2026-07-01T02:23:20.226+0000][79.553s][info][gc,phases   ] GC(113)   Merge Heap Roots: 0.50ms
[2026-07-01T02:23:20.226+0000][79.553s][info][gc,phases   ] GC(113)   Evacuate Collection Set: 17.03ms
[2026-07-01T02:23:20.226+0000][79.553s][info][gc,phases   ] GC(113)   Post Evacuate Collection Set: 0.50ms
[2026-07-01T02:23:20.226+0000][79.553s][info][gc,phases   ] GC(113)   Other: 0.18ms
[2026-07-01T02:23:20.226+0000][79.553s][info][gc,heap     ] GC(113) Eden regions: 335->0(335)
[2026-07-01T02:23:20.226+0000][79.553s][info][gc,heap     ] GC(113) Survivor regions: 10->10(44)
[2026-07-01T02:23:20.226+0000][79.553s][info][gc,heap     ] GC(113) Old regions: 172->173
[2026-07-01T02:23:20.226+0000][79.553s][info][gc,heap     ] GC(113) Humongous regions: 3->3
[2026-07-01T02:23:20.226+0000][79.553s][info][gc,metaspace] GC(113) Metaspace: 41708K(42496K)->41708K(42496K) NonClass: 36575K(36992K)->36575K(36992K) Class: 5132K(5504K)->5132K(5504K)
[2026-07-01T02:23:20.226+0000][79.553s][info][gc          ] GC(113) Pause Young (Concurrent Start) (G1 Evacuation Pause) 519M->185M(575M) 18.676ms
[2026-07-01T02:23:20.226+0000][79.553s][info][gc          ] GC(114) Concurrent Mark Cycle
[2026-07-01T02:23:20.226+0000][79.553s][info][gc,marking  ] GC(114) Concurrent Scan Root Regions
[2026-07-01T02:23:20.226+0000][79.553s][info][gc,cpu      ] GC(113) User=0.04s Sys=0.00s Real=0.02s
[2026-07-01T02:23:20.240+0000][79.567s][info][gc,marking  ] GC(114) Concurrent Scan Root Regions 13.896ms
[2026-07-01T02:23:20.240+0000][79.567s][info][gc,marking  ] GC(114) Concurrent Mark
[2026-07-01T02:23:20.240+0000][79.567s][info][gc,marking  ] GC(114) Concurrent Mark From Roots
[2026-07-01T02:23:20.240+0000][79.567s][info][gc,task     ] GC(114) Using 1 workers of 1 for marking
[2026-07-01T02:23:20.742+0000][80.069s][info][gc,marking  ] GC(114) Concurrent Mark From Roots 502.096ms
[2026-07-01T02:23:20.742+0000][80.069s][info][gc,marking  ] GC(114) Concurrent Preclean
[2026-07-01T02:23:20.742+0000][80.070s][info][gc,marking  ] GC(114) Concurrent Preclean 0.198ms
[2026-07-01T02:23:20.743+0000][80.070s][info][gc,start    ] GC(114) Pause Remark
[2026-07-01T02:23:20.749+0000][80.076s][info][gc,heap     ] GC(114) Heap shrink completed: uncommitted 203 regions (203MB), heap size now 372MB
[2026-07-01T02:23:20.749+0000][80.076s][info][gc          ] GC(114) Pause Remark 278M->278M(372M) 6.630ms
[2026-07-01T02:23:20.749+0000][80.076s][info][gc,cpu      ] GC(114) User=0.01s Sys=0.00s Real=0.01s
[2026-07-01T02:23:20.754+0000][80.081s][info][gc,marking  ] GC(114) Concurrent Mark 513.694ms
[2026-07-01T02:23:20.754+0000][80.081s][info][gc,marking  ] GC(114) Concurrent Rebuild Remembered Sets and Scrub Regions
[2026-07-01T02:23:20.971+0000][80.298s][info][gc,marking  ] GC(114) Concurrent Rebuild Remembered Sets and Scrub Regions 217.376ms
[2026-07-01T02:23:20.972+0000][80.299s][info][gc,start    ] GC(114) Pause Cleanup
[2026-07-01T02:23:20.972+0000][80.299s][info][gc          ] GC(114) Pause Cleanup 304M->304M(372M) 0.190ms
[2026-07-01T02:23:20.972+0000][80.299s][info][gc,cpu      ] GC(114) User=0.00s Sys=0.00s Real=0.00s
[2026-07-01T02:23:20.972+0000][80.300s][info][gc,marking  ] GC(114) Concurrent Clear Claimed Marks
[2026-07-01T02:23:20.973+0000][80.300s][info][gc,marking  ] GC(114) Concurrent Clear Claimed Marks 0.102ms
[2026-07-01T02:23:20.973+0000][80.300s][info][gc,marking  ] GC(114) Concurrent Cleanup for Next Mark
[2026-07-01T02:23:20.975+0000][80.302s][info][gc,marking  ] GC(114) Concurrent Cleanup for Next Mark 2.265ms
[2026-07-01T02:23:20.975+0000][80.302s][info][gc          ] GC(114) Concurrent Mark Cycle 748.632ms
[2026-07-01T02:23:21.484+0000][80.811s][info][gc,start    ] GC(115) Pause Young (Prepare Mixed) (G1 Evacuation Pause)
[2026-07-01T02:23:21.484+0000][80.811s][info][gc,task     ] GC(115) Using 2 workers of 2 for evacuation
[2026-07-01T02:23:21.557+0000][80.884s][info][gc,phases   ] GC(115)   Pre Evacuate Collection Set: 0.19ms
[2026-07-01T02:23:21.557+0000][80.884s][info][gc,phases   ] GC(115)   Merge Heap Roots: 0.70ms
[2026-07-01T02:23:21.557+0000][80.884s][info][gc,phases   ] GC(115)   Evacuate Collection Set: 69.41ms
[2026-07-01T02:23:21.557+0000][80.884s][info][gc,phases   ] GC(115)   Post Evacuate Collection Set: 2.42ms
[2026-07-01T02:23:21.557+0000][80.884s][info][gc,phases   ] GC(115)   Other: 0.06ms
[2026-07-01T02:23:21.557+0000][80.884s][info][gc,heap     ] GC(115) Eden regions: 186->0(176)
[2026-07-01T02:23:21.557+0000][80.884s][info][gc,heap     ] GC(115) Survivor regions: 10->10(28)
[2026-07-01T02:23:21.557+0000][80.884s][info][gc,heap     ] GC(115) Old regions: 173->174
[2026-07-01T02:23:21.557+0000][80.884s][info][gc,heap     ] GC(115) Humongous regions: 3->3
[2026-07-01T02:23:21.557+0000][80.884s][info][gc,metaspace] GC(115) Metaspace: 41708K(42496K)->41708K(42496K) NonClass: 36575K(36992K)->36575K(36992K) Class: 5132K(5504K)->5132K(5504K)
[2026-07-01T02:23:21.557+0000][80.884s][info][gc          ] GC(115) Pause Young (Prepare Mixed) (G1 Evacuation Pause) 371M->185M(383M) 72.995ms
[2026-07-01T02:23:21.557+0000][80.884s][info][gc,cpu      ] GC(115) User=0.05s Sys=0.01s Real=0.07s
[2026-07-01T02:23:22.850+0000][82.178s][info][gc,start    ] GC(116) Pause Young (Mixed) (G1 Evacuation Pause)
[2026-07-01T02:23:22.850+0000][82.178s][info][gc,task     ] GC(116) Using 2 workers of 2 for evacuation
[2026-07-01T02:23:22.878+0000][82.205s][info][gc,phases   ] GC(116)   Pre Evacuate Collection Set: 0.17ms
[2026-07-01T02:23:22.878+0000][82.205s][info][gc,phases   ] GC(116)   Merge Heap Roots: 0.43ms
[2026-07-01T02:23:22.878+0000][82.205s][info][gc,phases   ] GC(116)   Evacuate Collection Set: 25.72ms
[2026-07-01T02:23:22.878+0000][82.205s][info][gc,phases   ] GC(116)   Post Evacuate Collection Set: 0.70ms
[2026-07-01T02:23:22.878+0000][82.205s][info][gc,phases   ] GC(116)   Other: 0.07ms
[2026-07-01T02:23:22.878+0000][82.205s][info][gc,heap     ] GC(116) Eden regions: 176->0(176)
[2026-07-01T02:23:22.878+0000][82.205s][info][gc,heap     ] GC(116) Survivor regions: 10->10(24)
[2026-07-01T02:23:22.878+0000][82.205s][info][gc,heap     ] GC(116) Old regions: 174->174
[2026-07-01T02:23:22.878+0000][82.205s][info][gc,heap     ] GC(116) Humongous regions: 3->3
[2026-07-01T02:23:22.878+0000][82.205s][info][gc,metaspace] GC(116) Metaspace: 41708K(42496K)->41708K(42496K) NonClass: 36575K(36992K)->36575K(36992K) Class: 5132K(5504K)->5132K(5504K)
[2026-07-01T02:23:22.878+0000][82.205s][info][gc          ] GC(116) Pause Young (Mixed) (G1 Evacuation Pause) 361M->185M(383M) 27.278ms
[2026-07-01T02:23:22.878+0000][82.205s][info][gc,cpu      ] GC(116) User=0.05s Sys=0.00s Real=0.02s
[2026-07-01T02:23:24.199+0000][83.526s][info][gc,start    ] GC(117) Pause Young (Concurrent Start) (G1 Evacuation Pause)
[2026-07-01T02:23:24.199+0000][83.526s][info][gc,task     ] GC(117) Using 2 workers of 2 for evacuation
[2026-07-01T02:23:24.241+0000][83.568s][info][gc,phases   ] GC(117)   Pre Evacuate Collection Set: 0.23ms
[2026-07-01T02:23:24.241+0000][83.568s][info][gc,phases   ] GC(117)   Merge Heap Roots: 0.57ms
[2026-07-01T02:23:24.241+0000][83.568s][info][gc,phases   ] GC(117)   Evacuate Collection Set: 40.87ms
[2026-07-01T02:23:24.241+0000][83.568s][info][gc,phases   ] GC(117)   Post Evacuate Collection Set: 0.53ms
[2026-07-01T02:23:24.241+0000][83.568s][info][gc,phases   ] GC(117)   Other: 0.10ms
[2026-07-01T02:23:24.241+0000][83.568s][info][gc,heap     ] GC(117) Eden regions: 176->0(176)
[2026-07-01T02:23:24.241+0000][83.568s][info][gc,heap     ] GC(117) Survivor regions: 10->10(24)
[2026-07-01T02:23:24.241+0000][83.568s][info][gc,heap     ] GC(117) Old regions: 174->174
[2026-07-01T02:23:24.241+0000][83.568s][info][gc,heap     ] GC(117) Humongous regions: 3->3
[2026-07-01T02:23:24.241+0000][83.568s][info][gc,metaspace] GC(117) Metaspace: 41708K(42496K)->41708K(42496K) NonClass: 36575K(36992K)->36575K(36992K) Class: 5132K(5504K)->5132K(5504K)
[2026-07-01T02:23:24.241+0000][83.568s][info][gc          ] GC(117) Pause Young (Concurrent Start) (G1 Evacuation Pause) 361M->186M(383M) 42.495ms
[2026-07-01T02:23:24.241+0000][83.568s][info][gc          ] GC(118) Concurrent Mark Cycle
[2026-07-01T02:23:24.241+0000][83.568s][info][gc,marking  ] GC(118) Concurrent Scan Root Regions
[2026-07-01T02:23:24.241+0000][83.568s][info][gc,cpu      ] GC(117) User=0.05s Sys=0.00s Real=0.04s
[2026-07-01T02:23:24.262+0000][83.589s][info][gc,marking  ] GC(118) Concurrent Scan Root Regions 20.371ms
[2026-07-01T02:23:24.262+0000][83.589s][info][gc,marking  ] GC(118) Concurrent Mark
[2026-07-01T02:23:24.262+0000][83.589s][info][gc,marking  ] GC(118) Concurrent Mark From Roots
[2026-07-01T02:23:24.262+0000][83.589s][info][gc,task     ] GC(118) Using 1 workers of 1 for marking
[2026-07-01T02:23:24.624+0000][83.951s][info][gc,marking  ] GC(118) Concurrent Mark From Roots 361.977ms
[2026-07-01T02:23:24.624+0000][83.951s][info][gc,marking  ] GC(118) Concurrent Preclean
[2026-07-01T02:23:24.624+0000][83.951s][info][gc,marking  ] GC(118) Concurrent Preclean 0.136ms
[2026-07-01T02:23:24.624+0000][83.951s][info][gc,start    ] GC(118) Pause Remark
[2026-07-01T02:23:24.631+0000][83.958s][info][gc,heap     ] GC(118) Heap shrink completed: uncommitted 9 regions (9MB), heap size now 374MB
[2026-07-01T02:23:24.631+0000][83.958s][info][gc          ] GC(118) Pause Remark 228M->228M(374M) 6.703ms
[2026-07-01T02:23:24.631+0000][83.958s][info][gc,cpu      ] GC(118) User=0.02s Sys=0.00s Real=0.01s
[2026-07-01T02:23:24.633+0000][83.960s][info][gc,marking  ] GC(118) Concurrent Mark 371.338ms
[2026-07-01T02:23:24.633+0000][83.960s][info][gc,marking  ] GC(118) Concurrent Rebuild Remembered Sets and Scrub Regions
[2026-07-01T02:23:24.826+0000][84.153s][info][gc,marking  ] GC(118) Concurrent Rebuild Remembered Sets and Scrub Regions 192.786ms
[2026-07-01T02:23:24.826+0000][84.153s][info][gc,start    ] GC(118) Pause Cleanup
[2026-07-01T02:23:24.826+0000][84.153s][info][gc          ] GC(118) Pause Cleanup 248M->248M(374M) 0.200ms
[2026-07-01T02:23:24.826+0000][84.153s][info][gc,cpu      ] GC(118) User=0.00s Sys=0.00s Real=0.00s
[2026-07-01T02:23:24.828+0000][84.155s][info][gc,marking  ] GC(118) Concurrent Clear Claimed Marks
[2026-07-01T02:23:24.828+0000][84.155s][info][gc,marking  ] GC(118) Concurrent Clear Claimed Marks 0.092ms
[2026-07-01T02:23:24.828+0000][84.155s][info][gc,marking  ] GC(118) Concurrent Cleanup for Next Mark
[2026-07-01T02:23:24.830+0000][84.157s][info][gc,marking  ] GC(118) Concurrent Cleanup for Next Mark 1.720ms
[2026-07-01T02:23:24.830+0000][84.157s][info][gc          ] GC(118) Concurrent Mark Cycle 588.294ms
[2026-07-01T02:23:25.729+0000][85.056s][info][gc,start    ] GC(119) Pause Young (Prepare Mixed) (G1 Evacuation Pause)
[2026-07-01T02:23:25.729+0000][85.056s][info][gc,task     ] GC(119) Using 2 workers of 2 for evacuation
[2026-07-01T02:23:25.781+0000][85.108s][info][gc,phases   ] GC(119)   Pre Evacuate Collection Set: 0.21ms
[2026-07-01T02:23:25.781+0000][85.108s][info][gc,phases   ] GC(119)   Merge Heap Roots: 1.04ms
[2026-07-01T02:23:25.781+0000][85.108s][info][gc,phases   ] GC(119)   Evacuate Collection Set: 49.52ms
[2026-07-01T02:23:25.781+0000][85.108s][info][gc,phases   ] GC(119)   Post Evacuate Collection Set: 0.92ms
[2026-07-01T02:23:25.781+0000][85.108s][info][gc,phases   ] GC(119)   Other: 0.06ms
[2026-07-01T02:23:25.781+0000][85.108s][info][gc,heap     ] GC(119) Eden regions: 176->0(166)
[2026-07-01T02:23:25.781+0000][85.108s][info][gc,heap     ] GC(119) Survivor regions: 10->10(24)
[2026-07-01T02:23:25.781+0000][85.108s][info][gc,heap     ] GC(119) Old regions: 174->175
[2026-07-01T02:23:25.781+0000][85.108s][info][gc,heap     ] GC(119) Humongous regions: 3->3
[2026-07-01T02:23:25.781+0000][85.108s][info][gc,metaspace] GC(119) Metaspace: 41720K(42496K)->41720K(42496K) NonClass: 36587K(36992K)->36587K(36992K) Class: 5133K(5504K)->5133K(5504K)
[2026-07-01T02:23:25.781+0000][85.108s][info][gc          ] GC(119) Pause Young (Prepare Mixed) (G1 Evacuation Pause) 362M->187M(374M) 51.974ms
[2026-07-01T02:23:25.781+0000][85.108s][info][gc,cpu      ] GC(119) User=0.05s Sys=0.00s Real=0.05s
[2026-07-01T02:23:26.889+0000][86.216s][info][gc,start    ] GC(120) Pause Young (Mixed) (G1 Evacuation Pause)
[2026-07-01T02:23:26.889+0000][86.216s][info][gc,task     ] GC(120) Using 2 workers of 2 for evacuation
[2026-07-01T02:23:26.918+0000][86.245s][info][gc,phases   ] GC(120)   Pre Evacuate Collection Set: 0.19ms
[2026-07-01T02:23:26.918+0000][86.245s][info][gc,phases   ] GC(120)   Merge Heap Roots: 0.77ms
[2026-07-01T02:23:26.918+0000][86.245s][info][gc,phases   ] GC(120)   Evacuate Collection Set: 26.73ms
[2026-07-01T02:23:26.918+0000][86.245s][info][gc,phases   ] GC(120)   Post Evacuate Collection Set: 0.52ms
[2026-07-01T02:23:26.918+0000][86.245s][info][gc,phases   ] GC(120)   Other: 0.06ms
[2026-07-01T02:23:26.918+0000][86.245s][info][gc,heap     ] GC(120) Eden regions: 166->0(166)
[2026-07-01T02:23:26.918+0000][86.245s][info][gc,heap     ] GC(120) Survivor regions: 10->10(22)
[2026-07-01T02:23:26.918+0000][86.245s][info][gc,heap     ] GC(120) Old regions: 175->175
[2026-07-01T02:23:26.918+0000][86.245s][info][gc,heap     ] GC(120) Humongous regions: 3->3
[2026-07-01T02:23:26.918+0000][86.245s][info][gc,metaspace] GC(120) Metaspace: 41720K(42496K)->41720K(42496K) NonClass: 36587K(36992K)->36587K(36992K) Class: 5133K(5504K)->5133K(5504K)
[2026-07-01T02:23:26.918+0000][86.245s][info][gc          ] GC(120) Pause Young (Mixed) (G1 Evacuation Pause) 353M->187M(374M) 28.424ms
[2026-07-01T02:23:26.918+0000][86.245s][info][gc,cpu      ] GC(120) User=0.06s Sys=0.00s Real=0.02s
[2026-07-01T02:23:27.673+0000][87.000s][info][gc,start    ] GC(121) Pause Young (Concurrent Start) (G1 Evacuation Pause)
[2026-07-01T02:23:27.673+0000][87.000s][info][gc,task     ] GC(121) Using 2 workers of 2 for evacuation
[2026-07-01T02:23:27.698+0000][87.025s][info][gc,phases   ] GC(121)   Pre Evacuate Collection Set: 0.19ms
[2026-07-01T02:23:27.698+0000][87.025s][info][gc,phases   ] GC(121)   Merge Heap Roots: 0.35ms
[2026-07-01T02:23:27.698+0000][87.025s][info][gc,phases   ] GC(121)   Evacuate Collection Set: 23.28ms
[2026-07-01T02:23:27.698+0000][87.025s][info][gc,phases   ] GC(121)   Post Evacuate Collection Set: 0.49ms
[2026-07-01T02:23:27.698+0000][87.025s][info][gc,phases   ] GC(121)   Other: 0.07ms
[2026-07-01T02:23:27.698+0000][87.025s][info][gc,heap     ] GC(121) Eden regions: 166->0(165)
[2026-07-01T02:23:27.698+0000][87.025s][info][gc,heap     ] GC(121) Survivor regions: 10->10(22)
[2026-07-01T02:23:27.698+0000][87.025s][info][gc,heap     ] GC(121) Old regions: 175->176
[2026-07-01T02:23:27.698+0000][87.025s][info][gc,heap     ] GC(121) Humongous regions: 3->3
[2026-07-01T02:23:27.698+0000][87.025s][info][gc,metaspace] GC(121) Metaspace: 41720K(42496K)->41720K(42496K) NonClass: 36587K(36992K)->36587K(36992K) Class: 5133K(5504K)->5133K(5504K)
[2026-07-01T02:23:27.698+0000][87.025s][info][gc          ] GC(121) Pause Young (Concurrent Start) (G1 Evacuation Pause) 353M->188M(374M) 24.549ms
[2026-07-01T02:23:27.698+0000][87.025s][info][gc          ] GC(122) Concurrent Mark Cycle
[2026-07-01T02:23:27.698+0000][87.025s][info][gc,marking  ] GC(122) Concurrent Scan Root Regions
[2026-07-01T02:23:27.698+0000][87.025s][info][gc,cpu      ] GC(121) User=0.05s Sys=0.00s Real=0.02s
[2026-07-01T02:23:27.719+0000][87.046s][info][gc,marking  ] GC(122) Concurrent Scan Root Regions 20.901ms
[2026-07-01T02:23:27.719+0000][87.046s][info][gc,marking  ] GC(122) Concurrent Mark
[2026-07-01T02:23:27.719+0000][87.046s][info][gc,marking  ] GC(122) Concurrent Mark From Roots
[2026-07-01T02:23:27.719+0000][87.046s][info][gc,task     ] GC(122) Using 1 workers of 1 for marking
[2026-07-01T02:23:28.187+0000][87.514s][info][gc,marking  ] GC(122) Concurrent Mark From Roots 468.386ms
[2026-07-01T02:23:28.187+0000][87.514s][info][gc,marking  ] GC(122) Concurrent Preclean
[2026-07-01T02:23:28.187+0000][87.514s][info][gc,marking  ] GC(122) Concurrent Preclean 0.062ms
[2026-07-01T02:23:28.187+0000][87.515s][info][gc,start    ] GC(122) Pause Remark
[2026-07-01T02:23:28.194+0000][87.521s][info][gc          ] GC(122) Pause Remark 267M->267M(374M) 6.485ms
[2026-07-01T02:23:28.194+0000][87.521s][info][gc,cpu      ] GC(122) User=0.01s Sys=0.00s Real=0.01s
[2026-07-01T02:23:28.196+0000][87.524s][info][gc,marking  ] GC(122) Concurrent Mark 477.633ms
[2026-07-01T02:23:28.196+0000][87.524s][info][gc,marking  ] GC(122) Concurrent Rebuild Remembered Sets and Scrub Regions
[2026-07-01T02:23:28.382+0000][87.709s][info][gc,marking  ] GC(122) Concurrent Rebuild Remembered Sets and Scrub Regions 185.272ms
[2026-07-01T02:23:28.382+0000][87.709s][info][gc,start    ] GC(122) Pause Cleanup
[2026-07-01T02:23:28.382+0000][87.709s][info][gc          ] GC(122) Pause Cleanup 297M->297M(374M) 0.175ms
[2026-07-01T02:23:28.382+0000][87.709s][info][gc,cpu      ] GC(122) User=0.00s Sys=0.00s Real=0.00s
[2026-07-01T02:23:28.386+0000][87.713s][info][gc,marking  ] GC(122) Concurrent Clear Claimed Marks
[2026-07-01T02:23:28.386+0000][87.713s][info][gc,marking  ] GC(122) Concurrent Clear Claimed Marks 0.097ms
[2026-07-01T02:23:28.386+0000][87.713s][info][gc,marking  ] GC(122) Concurrent Cleanup for Next Mark
[2026-07-01T02:23:28.388+0000][87.715s][info][gc,marking  ] GC(122) Concurrent Cleanup for Next Mark 1.825ms
[2026-07-01T02:23:28.388+0000][87.715s][info][gc          ] GC(122) Concurrent Mark Cycle 690.014ms
[2026-07-01T02:23:28.649+0000][87.976s][info][gc,start    ] GC(123) Pause Young (Prepare Mixed) (G1 Evacuation Pause)
[2026-07-01T02:23:28.649+0000][87.976s][info][gc,task     ] GC(123) Using 2 workers of 2 for evacuation
[2026-07-01T02:23:28.674+0000][88.001s][info][gc,phases   ] GC(123)   Pre Evacuate Collection Set: 0.21ms
[2026-07-01T02:23:28.674+0000][88.001s][info][gc,phases   ] GC(123)   Merge Heap Roots: 0.65ms
[2026-07-01T02:23:28.674+0000][88.001s][info][gc,phases   ] GC(123)   Evacuate Collection Set: 23.87ms
[2026-07-01T02:23:28.674+0000][88.001s][info][gc,phases   ] GC(123)   Post Evacuate Collection Set: 0.52ms
[2026-07-01T02:23:28.674+0000][88.001s][info][gc,phases   ] GC(123)   Other: 0.05ms
[2026-07-01T02:23:28.674+0000][88.001s][info][gc,heap     ] GC(123) Eden regions: 165->0(164)
[2026-07-01T02:23:28.674+0000][88.001s][info][gc,heap     ] GC(123) Survivor regions: 10->11(22)
[2026-07-01T02:23:28.674+0000][88.001s][info][gc,heap     ] GC(123) Old regions: 176->176
[2026-07-01T02:23:28.674+0000][88.001s][info][gc,heap     ] GC(123) Humongous regions: 3->3
[2026-07-01T02:23:28.674+0000][88.001s][info][gc,metaspace] GC(123) Metaspace: 41721K(42496K)->41721K(42496K) NonClass: 36587K(36992K)->36587K(36992K) Class: 5133K(5504K)->5133K(5504K)
[2026-07-01T02:23:28.674+0000][88.001s][info][gc          ] GC(123) Pause Young (Prepare Mixed) (G1 Evacuation Pause) 353M->189M(374M) 25.464ms
[2026-07-01T02:23:28.674+0000][88.001s][info][gc,cpu      ] GC(123) User=0.05s Sys=0.00s Real=0.02s
[2026-07-01T02:23:29.425+0000][88.752s][info][gc,start    ] GC(124) Pause Young (Mixed) (G1 Evacuation Pause)
[2026-07-01T02:23:29.425+0000][88.752s][info][gc,task     ] GC(124) Using 2 workers of 2 for evacuation
[2026-07-01T02:23:29.445+0000][88.772s][info][gc,phases   ] GC(124)   Pre Evacuate Collection Set: 0.22ms
[2026-07-01T02:23:29.445+0000][88.772s][info][gc,phases   ] GC(124)   Merge Heap Roots: 0.45ms
[2026-07-01T02:23:29.445+0000][88.772s][info][gc,phases   ] GC(124)   Evacuate Collection Set: 18.36ms
[2026-07-01T02:23:29.445+0000][88.772s][info][gc,phases   ] GC(124)   Post Evacuate Collection Set: 0.43ms
[2026-07-01T02:23:29.445+0000][88.772s][info][gc,phases   ] GC(124)   Other: 0.07ms
[2026-07-01T02:23:29.445+0000][88.772s][info][gc,heap     ] GC(124) Eden regions: 164->0(163)
[2026-07-01T02:23:29.445+0000][88.772s][info][gc,heap     ] GC(124) Survivor regions: 11->11(22)
[2026-07-01T02:23:29.445+0000][88.772s][info][gc,heap     ] GC(124) Old regions: 176->177
[2026-07-01T02:23:29.445+0000][88.772s][info][gc,heap     ] GC(124) Humongous regions: 3->3
[2026-07-01T02:23:29.445+0000][88.772s][info][gc,metaspace] GC(124) Metaspace: 41721K(42496K)->41721K(42496K) NonClass: 36587K(36992K)->36587K(36992K) Class: 5133K(5504K)->5133K(5504K)
[2026-07-01T02:23:29.445+0000][88.772s][info][gc          ] GC(124) Pause Young (Mixed) (G1 Evacuation Pause) 353M->189M(374M) 19.706ms
[2026-07-01T02:23:29.445+0000][88.772s][info][gc,cpu      ] GC(124) User=0.04s Sys=0.00s Real=0.02s
[2026-07-01T02:23:30.193+0000][89.520s][info][gc,start    ] GC(125) Pause Young (Concurrent Start) (G1 Evacuation Pause)
[2026-07-01T02:23:30.193+0000][89.520s][info][gc,task     ] GC(125) Using 2 workers of 2 for evacuation
[2026-07-01T02:23:30.211+0000][89.538s][info][gc,phases   ] GC(125)   Pre Evacuate Collection Set: 0.20ms
[2026-07-01T02:23:30.211+0000][89.538s][info][gc,phases   ] GC(125)   Merge Heap Roots: 0.32ms
[2026-07-01T02:23:30.211+0000][89.538s][info][gc,phases   ] GC(125)   Evacuate Collection Set: 16.90ms
[2026-07-01T02:23:30.211+0000][89.538s][info][gc,phases   ] GC(125)   Post Evacuate Collection Set: 0.46ms
[2026-07-01T02:23:30.211+0000][89.538s][info][gc,phases   ] GC(125)   Other: 0.07ms
[2026-07-01T02:23:30.211+0000][89.538s][info][gc,heap     ] GC(125) Eden regions: 163->0(164)
[2026-07-01T02:23:30.211+0000][89.538s][info][gc,heap     ] GC(125) Survivor regions: 11->10(22)
[2026-07-01T02:23:30.211+0000][89.538s][info][gc,heap     ] GC(125) Old regions: 177->177
[2026-07-01T02:23:30.211+0000][89.538s][info][gc,heap     ] GC(125) Humongous regions: 3->3
[2026-07-01T02:23:30.211+0000][89.538s][info][gc,metaspace] GC(125) Metaspace: 41721K(42496K)->41721K(42496K) NonClass: 36587K(36992K)->36587K(36992K) Class: 5133K(5504K)->5133K(5504K)
[2026-07-01T02:23:30.211+0000][89.538s][info][gc          ] GC(125) Pause Young (Concurrent Start) (G1 Evacuation Pause) 352M->189M(374M) 18.091ms
[2026-07-01T02:23:30.211+0000][89.538s][info][gc          ] GC(126) Concurrent Mark Cycle
[2026-07-01T02:23:30.211+0000][89.538s][info][gc,marking  ] GC(126) Concurrent Scan Root Regions
[2026-07-01T02:23:30.211+0000][89.538s][info][gc,cpu      ] GC(125) User=0.04s Sys=0.00s Real=0.02s
[2026-07-01T02:23:30.233+0000][89.561s][info][gc,marking  ] GC(126) Concurrent Scan Root Regions 22.663ms
[2026-07-01T02:23:30.233+0000][89.561s][info][gc,marking  ] GC(126) Concurrent Mark
[2026-07-01T02:23:30.233+0000][89.561s][info][gc,marking  ] GC(126) Concurrent Mark From Roots
[2026-07-01T02:23:30.234+0000][89.561s][info][gc,task     ] GC(126) Using 1 workers of 1 for marking
[2026-07-01T02:23:30.869+0000][90.196s][info][gc,marking  ] GC(126) Concurrent Mark From Roots 635.148ms
[2026-07-01T02:23:30.869+0000][90.196s][info][gc,marking  ] GC(126) Concurrent Preclean
[2026-07-01T02:23:30.869+0000][90.196s][info][gc,marking  ] GC(126) Concurrent Preclean 0.063ms
[2026-07-01T02:23:30.869+0000][90.196s][info][gc,start    ] GC(126) Pause Remark
[2026-07-01T02:23:30.878+0000][90.205s][info][gc          ] GC(126) Pause Remark 310M->310M(374M) 8.458ms
[2026-07-01T02:23:30.878+0000][90.205s][info][gc,cpu      ] GC(126) User=0.01s Sys=0.00s Real=0.00s
[2026-07-01T02:23:30.879+0000][90.206s][info][gc,marking  ] GC(126) Concurrent Mark 645.100ms
[2026-07-01T02:23:30.879+0000][90.206s][info][gc,marking  ] GC(126) Concurrent Rebuild Remembered Sets and Scrub Regions
[2026-07-01T02:23:31.113+0000][90.440s][info][gc,start    ] GC(127) Pause Young (Normal) (G1 Evacuation Pause)
[2026-07-01T02:23:31.113+0000][90.440s][info][gc,task     ] GC(127) Using 2 workers of 2 for evacuation
[2026-07-01T02:23:31.138+0000][90.466s][info][gc,phases   ] GC(127)   Pre Evacuate Collection Set: 0.37ms
[2026-07-01T02:23:31.139+0000][90.466s][info][gc,phases   ] GC(127)   Merge Heap Roots: 0.58ms
[2026-07-01T02:23:31.139+0000][90.466s][info][gc,phases   ] GC(127)   Evacuate Collection Set: 24.14ms
[2026-07-01T02:23:31.139+0000][90.466s][info][gc,phases   ] GC(127)   Post Evacuate Collection Set: 0.64ms
[2026-07-01T02:23:31.139+0000][90.466s][info][gc,phases   ] GC(127)   Other: 0.06ms
[2026-07-01T02:23:31.139+0000][90.466s][info][gc,heap     ] GC(127) Eden regions: 164->0(162)
[2026-07-01T02:23:31.139+0000][90.466s][info][gc,heap     ] GC(127) Survivor regions: 10->11(22)
[2026-07-01T02:23:31.139+0000][90.466s][info][gc,heap     ] GC(127) Old regions: 177->178
[2026-07-01T02:23:31.139+0000][90.466s][info][gc,heap     ] GC(127) Humongous regions: 3->3
[2026-07-01T02:23:31.139+0000][90.466s][info][gc,metaspace] GC(127) Metaspace: 41721K(42496K)->41721K(42496K) NonClass: 36587K(36992K)->36587K(36992K) Class: 5133K(5504K)->5133K(5504K)
[2026-07-01T02:23:31.139+0000][90.466s][info][gc          ] GC(127) Pause Young (Normal) (G1 Evacuation Pause) 353M->190M(374M) 25.951ms
[2026-07-01T02:23:31.139+0000][90.466s][info][gc,cpu      ] GC(127) User=0.05s Sys=0.00s Real=0.03s
[2026-07-01T02:23:31.233+0000][90.560s][info][gc,marking  ] GC(126) Concurrent Rebuild Remembered Sets and Scrub Regions 354.351ms
[2026-07-01T02:23:31.233+0000][90.560s][info][gc,start    ] GC(126) Pause Cleanup
[2026-07-01T02:23:31.234+0000][90.561s][info][gc          ] GC(126) Pause Cleanup 209M->209M(374M) 0.531ms
[2026-07-01T02:23:31.234+0000][90.561s][info][gc,cpu      ] GC(126) User=0.00s Sys=0.00s Real=0.00s
[2026-07-01T02:23:31.235+0000][90.562s][info][gc,marking  ] GC(126) Concurrent Clear Claimed Marks
[2026-07-01T02:23:31.236+0000][90.563s][info][gc,marking  ] GC(126) Concurrent Clear Claimed Marks 1.208ms
[2026-07-01T02:23:31.236+0000][90.563s][info][gc,marking  ] GC(126) Concurrent Cleanup for Next Mark
[2026-07-01T02:23:31.241+0000][90.568s][info][gc,marking  ] GC(126) Concurrent Cleanup for Next Mark 4.536ms
[2026-07-01T02:23:31.242+0000][90.569s][info][gc          ] GC(126) Concurrent Mark Cycle 1030.892ms
[2026-07-01T02:23:31.901+0000][91.228s][info][gc,start    ] GC(128) Pause Young (Prepare Mixed) (G1 Evacuation Pause)
[2026-07-01T02:23:31.901+0000][91.229s][info][gc,task     ] GC(128) Using 2 workers of 2 for evacuation
[2026-07-01T02:23:31.926+0000][91.253s][info][gc,phases   ] GC(128)   Pre Evacuate Collection Set: 0.17ms
[2026-07-01T02:23:31.926+0000][91.253s][info][gc,phases   ] GC(128)   Merge Heap Roots: 0.62ms
[2026-07-01T02:23:31.926+0000][91.253s][info][gc,phases   ] GC(128)   Evacuate Collection Set: 22.85ms
[2026-07-01T02:23:31.926+0000][91.253s][info][gc,phases   ] GC(128)   Post Evacuate Collection Set: 0.50ms
[2026-07-01T02:23:31.926+0000][91.253s][info][gc,phases   ] GC(128)   Other: 0.05ms
[2026-07-01T02:23:31.926+0000][91.253s][info][gc,heap     ] GC(128) Eden regions: 162->0(162)
[2026-07-01T02:23:31.926+0000][91.253s][info][gc,heap     ] GC(128) Survivor regions: 11->11(22)
[2026-07-01T02:23:31.926+0000][91.253s][info][gc,heap     ] GC(128) Old regions: 178->178
[2026-07-01T02:23:31.926+0000][91.253s][info][gc,heap     ] GC(128) Humongous regions: 3->3
[2026-07-01T02:23:31.926+0000][91.253s][info][gc,metaspace] GC(128) Metaspace: 41721K(42496K)->41721K(42496K) NonClass: 36587K(36992K)->36587K(36992K) Class: 5133K(5504K)->5133K(5504K)
[2026-07-01T02:23:31.926+0000][91.253s][info][gc          ] GC(128) Pause Young (Prepare Mixed) (G1 Evacuation Pause) 352M->191M(374M) 24.349ms
[2026-07-01T02:23:31.926+0000][91.253s][info][gc,cpu      ] GC(128) User=0.05s Sys=0.00s Real=0.02s
[2026-07-01T02:23:32.651+0000][91.979s][info][gc,start    ] GC(129) Pause Young (Mixed) (G1 Evacuation Pause)
[2026-07-01T02:23:32.652+0000][91.979s][info][gc,task     ] GC(129) Using 2 workers of 2 for evacuation
[2026-07-01T02:23:32.677+0000][92.004s][info][gc,phases   ] GC(129)   Pre Evacuate Collection Set: 0.31ms
[2026-07-01T02:23:32.677+0000][92.004s][info][gc,phases   ] GC(129)   Merge Heap Roots: 0.46ms
[2026-07-01T02:23:32.677+0000][92.004s][info][gc,phases   ] GC(129)   Evacuate Collection Set: 23.74ms
[2026-07-01T02:23:32.677+0000][92.004s][info][gc,phases   ] GC(129)   Post Evacuate Collection Set: 0.44ms
[2026-07-01T02:23:32.677+0000][92.004s][info][gc,phases   ] GC(129)   Other: 0.06ms
[2026-07-01T02:23:32.677+0000][92.004s][info][gc,heap     ] GC(129) Eden regions: 162->0(161)
[2026-07-01T02:23:32.677+0000][92.004s][info][gc,heap     ] GC(129) Survivor regions: 11->11(22)
[2026-07-01T02:23:32.677+0000][92.004s][info][gc,heap     ] GC(129) Old regions: 178->179
[2026-07-01T02:23:32.677+0000][92.004s][info][gc,heap     ] GC(129) Humongous regions: 3->3
[2026-07-01T02:23:32.677+0000][92.004s][info][gc,metaspace] GC(129) Metaspace: 41721K(42496K)->41721K(42496K) NonClass: 36588K(36992K)->36588K(36992K) Class: 5133K(5504K)->5133K(5504K)
[2026-07-01T02:23:32.677+0000][92.004s][info][gc          ] GC(129) Pause Young (Mixed) (G1 Evacuation Pause) 353M->191M(374M) 25.184ms
[2026-07-01T02:23:32.677+0000][92.004s][info][gc,cpu      ] GC(129) User=0.04s Sys=0.00s Real=0.02s
[2026-07-01T02:23:33.401+0000][92.728s][info][gc,start    ] GC(130) Pause Young (Concurrent Start) (G1 Evacuation Pause)
[2026-07-01T02:23:33.401+0000][92.728s][info][gc,task     ] GC(130) Using 2 workers of 2 for evacuation
[2026-07-01T02:23:33.425+0000][92.752s][info][gc,phases   ] GC(130)   Pre Evacuate Collection Set: 0.24ms
[2026-07-01T02:23:33.425+0000][92.752s][info][gc,phases   ] GC(130)   Merge Heap Roots: 0.62ms
[2026-07-01T02:23:33.425+0000][92.752s][info][gc,phases   ] GC(130)   Evacuate Collection Set: 22.34ms
[2026-07-01T02:23:33.425+0000][92.752s][info][gc,phases   ] GC(130)   Post Evacuate Collection Set: 0.47ms
[2026-07-01T02:23:33.425+0000][92.752s][info][gc,phases   ] GC(130)   Other: 0.12ms
[2026-07-01T02:23:33.425+0000][92.752s][info][gc,heap     ] GC(130) Eden regions: 161->0(162)
[2026-07-01T02:23:33.425+0000][92.752s][info][gc,heap     ] GC(130) Survivor regions: 11->10(22)
[2026-07-01T02:23:33.425+0000][92.752s][info][gc,heap     ] GC(130) Old regions: 179->179
[2026-07-01T02:23:33.425+0000][92.752s][info][gc,heap     ] GC(130) Humongous regions: 3->3
[2026-07-01T02:23:33.425+0000][92.752s][info][gc,metaspace] GC(130) Metaspace: 41721K(42496K)->41721K(42496K) NonClass: 36588K(36992K)->36588K(36992K) Class: 5133K(5504K)->5133K(5504K)
[2026-07-01T02:23:33.425+0000][92.752s][info][gc          ] GC(130) Pause Young (Concurrent Start) (G1 Evacuation Pause) 352M->191M(374M) 23.963ms
[2026-07-01T02:23:33.425+0000][92.752s][info][gc          ] GC(131) Concurrent Mark Cycle
[2026-07-01T02:23:33.425+0000][92.752s][info][gc,marking  ] GC(131) Concurrent Scan Root Regions
[2026-07-01T02:23:33.425+0000][92.752s][info][gc,cpu      ] GC(130) User=0.04s Sys=0.00s Real=0.02s
[2026-07-01T02:23:33.446+0000][92.773s][info][gc,marking  ] GC(131) Concurrent Scan Root Regions 21.134ms
[2026-07-01T02:23:33.446+0000][92.773s][info][gc,marking  ] GC(131) Concurrent Mark
[2026-07-01T02:23:33.446+0000][92.773s][info][gc,marking  ] GC(131) Concurrent Mark From Roots
[2026-07-01T02:23:33.446+0000][92.773s][info][gc,task     ] GC(131) Using 1 workers of 1 for marking
[2026-07-01T02:23:34.135+0000][93.462s][info][gc,marking  ] GC(131) Concurrent Mark From Roots 688.859ms
[2026-07-01T02:23:34.135+0000][93.462s][info][gc,marking  ] GC(131) Concurrent Preclean
[2026-07-01T02:23:34.135+0000][93.462s][info][gc,marking  ] GC(131) Concurrent Preclean 0.163ms
[2026-07-01T02:23:34.135+0000][93.462s][info][gc,start    ] GC(131) Pause Remark
[2026-07-01T02:23:34.142+0000][93.469s][info][gc          ] GC(131) Pause Remark 327M->327M(374M) 6.824ms
[2026-07-01T02:23:34.142+0000][93.469s][info][gc,cpu      ] GC(131) User=0.01s Sys=0.00s Real=0.01s
[2026-07-01T02:23:34.145+0000][93.473s][info][gc,marking  ] GC(131) Concurrent Mark 699.385ms
[2026-07-01T02:23:34.145+0000][93.473s][info][gc,marking  ] GC(131) Concurrent Rebuild Remembered Sets and Scrub Regions
[2026-07-01T02:23:34.289+0000][93.616s][info][gc,start    ] GC(132) Pause Young (Normal) (G1 Evacuation Pause)
[2026-07-01T02:23:34.289+0000][93.616s][info][gc,task     ] GC(132) Using 2 workers of 2 for evacuation
[2026-07-01T02:23:34.309+0000][93.637s][info][gc,phases   ] GC(132)   Pre Evacuate Collection Set: 0.18ms
[2026-07-01T02:23:34.310+0000][93.637s][info][gc,phases   ] GC(132)   Merge Heap Roots: 0.58ms
[2026-07-01T02:23:34.310+0000][93.637s][info][gc,phases   ] GC(132)   Evacuate Collection Set: 18.88ms
[2026-07-01T02:23:34.310+0000][93.637s][info][gc,phases   ] GC(132)   Post Evacuate Collection Set: 0.64ms
[2026-07-01T02:23:34.310+0000][93.637s][info][gc,phases   ] GC(132)   Other: 0.07ms
[2026-07-01T02:23:34.310+0000][93.637s][info][gc,heap     ] GC(132) Eden regions: 162->0(160)
[2026-07-01T02:23:34.310+0000][93.637s][info][gc,heap     ] GC(132) Survivor regions: 10->11(22)
[2026-07-01T02:23:34.310+0000][93.637s][info][gc,heap     ] GC(132) Old regions: 179->180
[2026-07-01T02:23:34.310+0000][93.637s][info][gc,heap     ] GC(132) Humongous regions: 3->3
[2026-07-01T02:23:34.310+0000][93.637s][info][gc,metaspace] GC(132) Metaspace: 41721K(42496K)->41721K(42496K) NonClass: 36588K(36992K)->36588K(36992K) Class: 5133K(5504K)->5133K(5504K)
[2026-07-01T02:23:34.310+0000][93.637s][info][gc          ] GC(132) Pause Young (Normal) (G1 Evacuation Pause) 353M->192M(374M) 20.525ms
[2026-07-01T02:23:34.310+0000][93.637s][info][gc,cpu      ] GC(132) User=0.04s Sys=0.00s Real=0.02s
[2026-07-01T02:23:34.412+0000][93.739s][info][gc,marking  ] GC(131) Concurrent Rebuild Remembered Sets and Scrub Regions 265.919ms
[2026-07-01T02:23:34.412+0000][93.739s][info][gc,start    ] GC(131) Pause Cleanup
[2026-07-01T02:23:34.412+0000][93.739s][info][gc          ] GC(131) Pause Cleanup 211M->211M(374M) 0.166ms
[2026-07-01T02:23:34.412+0000][93.739s][info][gc,cpu      ] GC(131) User=0.00s Sys=0.00s Real=0.00s
[2026-07-01T02:23:34.415+0000][93.742s][info][gc,marking  ] GC(131) Concurrent Clear Claimed Marks
[2026-07-01T02:23:34.415+0000][93.742s][info][gc,marking  ] GC(131) Concurrent Clear Claimed Marks 0.097ms
[2026-07-01T02:23:34.415+0000][93.742s][info][gc,marking  ] GC(131) Concurrent Cleanup for Next Mark
[2026-07-01T02:23:34.416+0000][93.743s][info][gc,marking  ] GC(131) Concurrent Cleanup for Next Mark 1.021ms
[2026-07-01T02:23:34.416+0000][93.743s][info][gc          ] GC(131) Concurrent Mark Cycle 991.132ms
[2026-07-01T02:23:35.051+0000][94.378s][info][gc,start    ] GC(133) Pause Young (Prepare Mixed) (G1 Evacuation Pause)
[2026-07-01T02:23:35.051+0000][94.378s][info][gc,task     ] GC(133) Using 2 workers of 2 for evacuation
[2026-07-01T02:23:35.076+0000][94.403s][info][gc,phases   ] GC(133)   Pre Evacuate Collection Set: 0.19ms
[2026-07-01T02:23:35.076+0000][94.403s][info][gc,phases   ] GC(133)   Merge Heap Roots: 0.66ms
[2026-07-01T02:23:35.076+0000][94.403s][info][gc,phases   ] GC(133)   Evacuate Collection Set: 23.71ms
[2026-07-01T02:23:35.076+0000][94.403s][info][gc,phases   ] GC(133)   Post Evacuate Collection Set: 0.51ms
[2026-07-01T02:23:35.076+0000][94.403s][info][gc,phases   ] GC(133)   Other: 0.07ms
[2026-07-01T02:23:35.076+0000][94.403s][info][gc,heap     ] GC(133) Eden regions: 160->0(160)
[2026-07-01T02:23:35.076+0000][94.403s][info][gc,heap     ] GC(133) Survivor regions: 11->10(22)
[2026-07-01T02:23:35.076+0000][94.403s][info][gc,heap     ] GC(133) Old regions: 180->181
[2026-07-01T02:23:35.076+0000][94.403s][info][gc,heap     ] GC(133) Humongous regions: 3->3
[2026-07-01T02:23:35.076+0000][94.403s][info][gc,metaspace] GC(133) Metaspace: 41721K(42496K)->41721K(42496K) NonClass: 36588K(36992K)->36588K(36992K) Class: 5133K(5504K)->5133K(5504K)
[2026-07-01T02:23:35.076+0000][94.403s][info][gc          ] GC(133) Pause Young (Prepare Mixed) (G1 Evacuation Pause) 352M->193M(374M) 25.325ms
[2026-07-01T02:23:35.076+0000][94.403s][info][gc,cpu      ] GC(133) User=0.05s Sys=0.00s Real=0.02s
