[2026-07-01T02:20:24.825+0000][0.023s][info][gc,init] CardTable entry size: 512
[2026-07-01T02:20:24.825+0000][0.023s][info][gc     ] Using G1
[2026-07-01T02:20:24.826+0000][0.023s][info][gc,init] Version: 21.0.11+10-LTS (release)
[2026-07-01T02:20:24.826+0000][0.023s][info][gc,init] CPUs: 4 total, 2 available
[2026-07-01T02:20:24.826+0000][0.023s][info][gc,init] Memory: 2048M
[2026-07-01T02:20:24.826+0000][0.023s][info][gc,init] Large Page Support: Disabled
[2026-07-01T02:20:24.826+0000][0.023s][info][gc,init] NUMA Support: Disabled
[2026-07-01T02:20:24.826+0000][0.023s][info][gc,init] Compressed Oops: Enabled (32-bit)
[2026-07-01T02:20:24.826+0000][0.023s][info][gc,init] Heap Region Size: 1M
[2026-07-01T02:20:24.826+0000][0.023s][info][gc,init] Heap Min Capacity: 8M
[2026-07-01T02:20:24.826+0000][0.023s][info][gc,init] Heap Initial Capacity: 32M
[2026-07-01T02:20:24.826+0000][0.024s][info][gc,init] Heap Max Capacity: 512M
[2026-07-01T02:20:24.826+0000][0.024s][info][gc,init] Pre-touch: Disabled
[2026-07-01T02:20:24.826+0000][0.024s][info][gc,init] Parallel Workers: 2
[2026-07-01T02:20:24.826+0000][0.024s][info][gc,init] Concurrent Workers: 1
[2026-07-01T02:20:24.826+0000][0.024s][info][gc,init] Concurrent Refinement Workers: 2
[2026-07-01T02:20:24.826+0000][0.024s][info][gc,init] Periodic GC: Disabled
[2026-07-01T02:20:24.832+0000][0.030s][info][gc,metaspace] CDS archive(s) mapped at: [0x0000752a1b000000-0x0000752a1bc9b000-0x0000752a1bc9b000), size 13217792, SharedBaseAddress: 0x0000752a1b000000, ArchiveRelocationMode: 1.
[2026-07-01T02:20:24.832+0000][0.030s][info][gc,metaspace] Compressed class space mapped at: 0x0000752a1c000000-0x0000752a5c000000, reserved size: 1073741824
[2026-07-01T02:20:24.832+0000][0.030s][info][gc,metaspace] Narrow klass base: 0x0000752a1b000000, Narrow klass shift: 0, Narrow klass range: 0x100000000
[2026-07-01T02:20:24.973+0000][0.171s][info][gc,start    ] GC(0) Pause Young (Normal) (G1 Evacuation Pause)
[2026-07-01T02:20:24.973+0000][0.171s][info][gc,task     ] GC(0) Using 2 workers of 2 for evacuation
[2026-07-01T02:20:24.975+0000][0.173s][info][gc,phases   ] GC(0)   Pre Evacuate Collection Set: 0.07ms
[2026-07-01T02:20:24.975+0000][0.173s][info][gc,phases   ] GC(0)   Merge Heap Roots: 0.04ms
[2026-07-01T02:20:24.975+0000][0.173s][info][gc,phases   ] GC(0)   Evacuate Collection Set: 1.11ms
[2026-07-01T02:20:24.975+0000][0.173s][info][gc,phases   ] GC(0)   Post Evacuate Collection Set: 0.22ms
[2026-07-01T02:20:24.975+0000][0.173s][info][gc,phases   ] GC(0)   Other: 0.14ms
[2026-07-01T02:20:24.975+0000][0.173s][info][gc,heap     ] GC(0) Eden regions: 6->0(11)
[2026-07-01T02:20:24.975+0000][0.173s][info][gc,heap     ] GC(0) Survivor regions: 0->1(1)
[2026-07-01T02:20:24.975+0000][0.173s][info][gc,heap     ] GC(0) Old regions: 2->2
[2026-07-01T02:20:24.975+0000][0.173s][info][gc,heap     ] GC(0) Humongous regions: 0->0
[2026-07-01T02:20:24.975+0000][0.173s][info][gc,metaspace] GC(0) Metaspace: 1707K(1984K)->1707K(1984K) NonClass: 1519K(1664K)->1519K(1664K) Class: 187K(320K)->187K(320K)
[2026-07-01T02:20:24.975+0000][0.173s][info][gc          ] GC(0) Pause Young (Normal) (G1 Evacuation Pause) 7M->1M(34M) 1.721ms
[2026-07-01T02:20:24.975+0000][0.173s][info][gc,cpu      ] GC(0) User=0.00s Sys=0.00s Real=0.00s
[2026-07-01T02:20:25.144+0000][0.342s][info][gc,start    ] GC(1) Pause Young (Normal) (G1 Evacuation Pause)
[2026-07-01T02:20:25.144+0000][0.342s][info][gc,task     ] GC(1) Using 2 workers of 2 for evacuation
[2026-07-01T02:20:25.146+0000][0.344s][info][gc,phases   ] GC(1)   Pre Evacuate Collection Set: 0.07ms
[2026-07-01T02:20:25.146+0000][0.344s][info][gc,phases   ] GC(1)   Merge Heap Roots: 0.03ms
[2026-07-01T02:20:25.146+0000][0.344s][info][gc,phases   ] GC(1)   Evacuate Collection Set: 1.52ms
[2026-07-01T02:20:25.146+0000][0.344s][info][gc,phases   ] GC(1)   Post Evacuate Collection Set: 0.24ms
[2026-07-01T02:20:25.146+0000][0.344s][info][gc,phases   ] GC(1)   Other: 0.04ms
[2026-07-01T02:20:25.146+0000][0.344s][info][gc,heap     ] GC(1) Eden regions: 11->0(17)
[2026-07-01T02:20:25.146+0000][0.344s][info][gc,heap     ] GC(1) Survivor regions: 1->2(2)
[2026-07-01T02:20:25.146+0000][0.344s][info][gc,heap     ] GC(1) Old regions: 2->2
[2026-07-01T02:20:25.146+0000][0.344s][info][gc,heap     ] GC(1) Humongous regions: 0->0
[2026-07-01T02:20:25.146+0000][0.344s][info][gc,metaspace] GC(1) Metaspace: 3538K(3840K)->3538K(3840K) NonClass: 3153K(3328K)->3153K(3328K) Class: 385K(512K)->385K(512K)
[2026-07-01T02:20:25.146+0000][0.344s][info][gc          ] GC(1) Pause Young (Normal) (G1 Evacuation Pause) 12M->2M(34M) 2.022ms
[2026-07-01T02:20:25.146+0000][0.344s][info][gc,cpu      ] GC(1) User=0.00s Sys=0.00s Real=0.00s
[2026-07-01T02:20:25.431+0000][0.629s][info][gc,start    ] GC(2) Pause Young (Normal) (G1 Evacuation Pause)
[2026-07-01T02:20:25.431+0000][0.629s][info][gc,task     ] GC(2) Using 2 workers of 2 for evacuation
[2026-07-01T02:20:25.435+0000][0.632s][info][gc,phases   ] GC(2)   Pre Evacuate Collection Set: 0.08ms
[2026-07-01T02:20:25.435+0000][0.632s][info][gc,phases   ] GC(2)   Merge Heap Roots: 0.04ms
[2026-07-01T02:20:25.435+0000][0.632s][info][gc,phases   ] GC(2)   Evacuate Collection Set: 3.33ms
[2026-07-01T02:20:25.435+0000][0.633s][info][gc,phases   ] GC(2)   Post Evacuate Collection Set: 0.34ms
[2026-07-01T02:20:25.435+0000][0.633s][info][gc,phases   ] GC(2)   Other: 0.03ms
[2026-07-01T02:20:25.435+0000][0.633s][info][gc,heap     ] GC(2) Eden regions: 17->0(16)
[2026-07-01T02:20:25.435+0000][0.633s][info][gc,heap     ] GC(2) Survivor regions: 2->3(3)
[2026-07-01T02:20:25.435+0000][0.633s][info][gc,heap     ] GC(2) Old regions: 2->2
[2026-07-01T02:20:25.435+0000][0.633s][info][gc,heap     ] GC(2) Humongous regions: 0->0
[2026-07-01T02:20:25.435+0000][0.633s][info][gc,metaspace] GC(2) Metaspace: 7532K(7808K)->7532K(7808K) NonClass: 6648K(6784K)->6648K(6784K) Class: 884K(1024K)->884K(1024K)
[2026-07-01T02:20:25.435+0000][0.633s][info][gc          ] GC(2) Pause Young (Normal) (G1 Evacuation Pause) 19M->3M(34M) 3.918ms
[2026-07-01T02:20:25.435+0000][0.633s][info][gc,cpu      ] GC(2) User=0.01s Sys=0.00s Real=0.00s
[2026-07-01T02:20:25.705+0000][0.903s][info][gc,start    ] GC(3) Pause Young (Normal) (G1 Evacuation Pause)
[2026-07-01T02:20:25.705+0000][0.903s][info][gc,task     ] GC(3) Using 2 workers of 2 for evacuation
[2026-07-01T02:20:25.709+0000][0.907s][info][gc,phases   ] GC(3)   Pre Evacuate Collection Set: 0.07ms
[2026-07-01T02:20:25.709+0000][0.907s][info][gc,phases   ] GC(3)   Merge Heap Roots: 0.04ms
[2026-07-01T02:20:25.709+0000][0.907s][info][gc,phases   ] GC(3)   Evacuate Collection Set: 3.25ms
[2026-07-01T02:20:25.709+0000][0.907s][info][gc,phases   ] GC(3)   Post Evacuate Collection Set: 0.29ms
[2026-07-01T02:20:25.709+0000][0.907s][info][gc,phases   ] GC(3)   Other: 0.03ms
[2026-07-01T02:20:25.709+0000][0.907s][info][gc,heap     ] GC(3) Eden regions: 16->0(16)
[2026-07-01T02:20:25.709+0000][0.907s][info][gc,heap     ] GC(3) Survivor regions: 3->3(3)
[2026-07-01T02:20:25.709+0000][0.907s][info][gc,heap     ] GC(3) Old regions: 2->4
[2026-07-01T02:20:25.709+0000][0.907s][info][gc,heap     ] GC(3) Humongous regions: 0->0
[2026-07-01T02:20:25.709+0000][0.907s][info][gc,metaspace] GC(3) Metaspace: 10486K(10880K)->10486K(10880K) NonClass: 9141K(9344K)->9141K(9344K) Class: 1344K(1536K)->1344K(1536K)
[2026-07-01T02:20:25.709+0000][0.907s][info][gc          ] GC(3) Pause Young (Normal) (G1 Evacuation Pause) 19M->4M(34M) 3.793ms
[2026-07-01T02:20:25.709+0000][0.907s][info][gc,cpu      ] GC(3) User=0.00s Sys=0.00s Real=0.01s
[2026-07-01T02:20:25.843+0000][1.040s][info][gc,start    ] GC(4) Pause Young (Normal) (G1 Evacuation Pause)
[2026-07-01T02:20:25.843+0000][1.040s][info][gc,task     ] GC(4) Using 2 workers of 2 for evacuation
[2026-07-01T02:20:25.847+0000][1.045s][info][gc,phases   ] GC(4)   Pre Evacuate Collection Set: 0.09ms
[2026-07-01T02:20:25.848+0000][1.045s][info][gc,phases   ] GC(4)   Merge Heap Roots: 0.04ms
[2026-07-01T02:20:25.848+0000][1.045s][info][gc,phases   ] GC(4)   Evacuate Collection Set: 4.41ms
[2026-07-01T02:20:25.848+0000][1.045s][info][gc,phases   ] GC(4)   Post Evacuate Collection Set: 0.32ms
[2026-07-01T02:20:25.848+0000][1.045s][info][gc,phases   ] GC(4)   Other: 0.04ms
[2026-07-01T02:20:25.848+0000][1.045s][info][gc,heap     ] GC(4) Eden regions: 16->0(16)
[2026-07-01T02:20:25.848+0000][1.045s][info][gc,heap     ] GC(4) Survivor regions: 3->3(3)
[2026-07-01T02:20:25.848+0000][1.045s][info][gc,heap     ] GC(4) Old regions: 4->5
[2026-07-01T02:20:25.848+0000][1.045s][info][gc,heap     ] GC(4) Humongous regions: 0->0
[2026-07-01T02:20:25.848+0000][1.045s][info][gc,metaspace] GC(4) Metaspace: 14161K(14528K)->14161K(14528K) NonClass: 12400K(12608K)->12400K(12608K) Class: 1760K(1920K)->1760K(1920K)
[2026-07-01T02:20:25.848+0000][1.045s][info][gc          ] GC(4) Pause Young (Normal) (G1 Evacuation Pause) 20M->5M(34M) 4.998ms
[2026-07-01T02:20:25.848+0000][1.045s][info][gc,cpu      ] GC(4) User=0.01s Sys=0.00s Real=0.00s
[2026-07-01T02:20:26.030+0000][1.228s][info][gc,start    ] GC(5) Pause Young (Normal) (G1 Evacuation Pause)
[2026-07-01T02:20:26.030+0000][1.228s][info][gc,task     ] GC(5) Using 2 workers of 2 for evacuation
[2026-07-01T02:20:26.034+0000][1.232s][info][gc,phases   ] GC(5)   Pre Evacuate Collection Set: 0.09ms
[2026-07-01T02:20:26.034+0000][1.232s][info][gc,phases   ] GC(5)   Merge Heap Roots: 0.04ms
[2026-07-01T02:20:26.034+0000][1.232s][info][gc,phases   ] GC(5)   Evacuate Collection Set: 3.20ms
[2026-07-01T02:20:26.034+0000][1.232s][info][gc,phases   ] GC(5)   Post Evacuate Collection Set: 0.42ms
[2026-07-01T02:20:26.034+0000][1.232s][info][gc,phases   ] GC(5)   Other: 0.04ms
[2026-07-01T02:20:26.034+0000][1.232s][info][gc,heap     ] GC(5) Eden regions: 16->0(22)
[2026-07-01T02:20:26.034+0000][1.232s][info][gc,heap     ] GC(5) Survivor regions: 3->2(3)
[2026-07-01T02:20:26.034+0000][1.232s][info][gc,heap     ] GC(5) Old regions: 5->6
[2026-07-01T02:20:26.034+0000][1.232s][info][gc,heap     ] GC(5) Humongous regions: 0->0
[2026-07-01T02:20:26.034+0000][1.232s][info][gc,metaspace] GC(5) Metaspace: 17352K(17728K)->17352K(17728K) NonClass: 15166K(15360K)->15166K(15360K) Class: 2186K(2368K)->2186K(2368K)
[2026-07-01T02:20:26.034+0000][1.232s][info][gc          ] GC(5) Pause Young (Normal) (G1 Evacuation Pause) 21M->6M(41M) 3.895ms
[2026-07-01T02:20:26.034+0000][1.232s][info][gc,cpu      ] GC(5) User=0.01s Sys=0.00s Real=0.00s
[2026-07-01T02:20:26.338+0000][1.536s][info][gc,start    ] GC(6) Pause Young (Normal) (G1 Evacuation Pause)
[2026-07-01T02:20:26.338+0000][1.536s][info][gc,task     ] GC(6) Using 2 workers of 2 for evacuation
[2026-07-01T02:20:26.342+0000][1.540s][info][gc,phases   ] GC(6)   Pre Evacuate Collection Set: 0.09ms
[2026-07-01T02:20:26.342+0000][1.540s][info][gc,phases   ] GC(6)   Merge Heap Roots: 0.04ms
[2026-07-01T02:20:26.342+0000][1.540s][info][gc,phases   ] GC(6)   Evacuate Collection Set: 3.19ms
[2026-07-01T02:20:26.342+0000][1.540s][info][gc,phases   ] GC(6)   Post Evacuate Collection Set: 0.35ms
[2026-07-01T02:20:26.342+0000][1.540s][info][gc,phases   ] GC(6)   Other: 0.04ms
[2026-07-01T02:20:26.342+0000][1.540s][info][gc,heap     ] GC(6) Eden regions: 22->0(21)
[2026-07-01T02:20:26.342+0000][1.540s][info][gc,heap     ] GC(6) Survivor regions: 2->3(3)
[2026-07-01T02:20:26.342+0000][1.540s][info][gc,heap     ] GC(6) Old regions: 6->7
[2026-07-01T02:20:26.342+0000][1.540s][info][gc,heap     ] GC(6) Humongous regions: 0->0
[2026-07-01T02:20:26.342+0000][1.540s][info][gc,metaspace] GC(6) Metaspace: 19845K(20288K)->19845K(20288K) NonClass: 17357K(17600K)->17357K(17600K) Class: 2487K(2688K)->2487K(2688K)
[2026-07-01T02:20:26.342+0000][1.540s][info][gc          ] GC(6) Pause Young (Normal) (G1 Evacuation Pause) 28M->8M(41M) 3.820ms
[2026-07-01T02:20:26.342+0000][1.540s][info][gc,cpu      ] GC(6) User=0.01s Sys=0.00s Real=0.00s
[2026-07-01T02:20:26.553+0000][1.751s][info][gc,start    ] GC(7) Pause Young (Concurrent Start) (Metadata GC Threshold)
[2026-07-01T02:20:26.553+0000][1.751s][info][gc,task     ] GC(7) Using 2 workers of 2 for evacuation
[2026-07-01T02:20:26.557+0000][1.755s][info][gc,phases   ] GC(7)   Pre Evacuate Collection Set: 0.09ms
[2026-07-01T02:20:26.557+0000][1.755s][info][gc,phases   ] GC(7)   Merge Heap Roots: 0.04ms
[2026-07-01T02:20:26.557+0000][1.755s][info][gc,phases   ] GC(7)   Evacuate Collection Set: 3.48ms
[2026-07-01T02:20:26.557+0000][1.755s][info][gc,phases   ] GC(7)   Post Evacuate Collection Set: 0.32ms
[2026-07-01T02:20:26.557+0000][1.755s][info][gc,phases   ] GC(7)   Other: 0.07ms
[2026-07-01T02:20:26.557+0000][1.755s][info][gc,heap     ] GC(7) Eden regions: 19->0(22)
[2026-07-01T02:20:26.557+0000][1.755s][info][gc,heap     ] GC(7) Survivor regions: 3->2(3)
[2026-07-01T02:20:26.557+0000][1.755s][info][gc,heap     ] GC(7) Old regions: 7->10
[2026-07-01T02:20:26.557+0000][1.755s][info][gc,heap     ] GC(7) Humongous regions: 0->0
[2026-07-01T02:20:26.557+0000][1.755s][info][gc,metaspace] GC(7) Metaspace: 21053K(21504K)->21053K(21504K) NonClass: 18435K(18688K)->18435K(18688K) Class: 2618K(2816K)->2618K(2816K)
[2026-07-01T02:20:26.557+0000][1.755s][info][gc          ] GC(7) Pause Young (Concurrent Start) (Metadata GC Threshold) 27M->9M(41M) 4.126ms
[2026-07-01T02:20:26.557+0000][1.755s][info][gc,cpu      ] GC(7) User=0.01s Sys=0.00s Real=0.00s
[2026-07-01T02:20:26.557+0000][1.755s][info][gc          ] GC(8) Concurrent Mark Cycle
[2026-07-01T02:20:26.557+0000][1.755s][info][gc,marking  ] GC(8) Concurrent Scan Root Regions
[2026-07-01T02:20:26.560+0000][1.758s][info][gc,marking  ] GC(8) Concurrent Scan Root Regions 3.016ms
[2026-07-01T02:20:26.560+0000][1.758s][info][gc,marking  ] GC(8) Concurrent Mark
[2026-07-01T02:20:26.560+0000][1.758s][info][gc,marking  ] GC(8) Concurrent Mark From Roots
[2026-07-01T02:20:26.560+0000][1.758s][info][gc,task     ] GC(8) Using 1 workers of 1 for marking
[2026-07-01T02:20:26.597+0000][1.795s][info][gc,marking  ] GC(8) Concurrent Mark From Roots 37.159ms
[2026-07-01T02:20:26.597+0000][1.795s][info][gc,marking  ] GC(8) Concurrent Preclean
[2026-07-01T02:20:26.597+0000][1.795s][info][gc,marking  ] GC(8) Concurrent Preclean 0.076ms
[2026-07-01T02:20:26.597+0000][1.795s][info][gc,start    ] GC(8) Pause Remark
[2026-07-01T02:20:26.600+0000][1.798s][info][gc,heap     ] GC(8) Heap shrink completed: uncommitted 1 regions (1MB), heap size now 40MB
[2026-07-01T02:20:26.600+0000][1.798s][info][gc          ] GC(8) Pause Remark 11M->11M(40M) 2.646ms
[2026-07-01T02:20:26.600+0000][1.798s][info][gc,cpu      ] GC(8) User=0.01s Sys=0.00s Real=0.01s
[2026-07-01T02:20:26.600+0000][1.798s][info][gc,marking  ] GC(8) Concurrent Mark 40.221ms
[2026-07-01T02:20:26.600+0000][1.798s][info][gc,marking  ] GC(8) Concurrent Rebuild Remembered Sets and Scrub Regions
[2026-07-01T02:20:26.606+0000][1.804s][info][gc,marking  ] GC(8) Concurrent Rebuild Remembered Sets and Scrub Regions 6.245ms
[2026-07-01T02:20:26.607+0000][1.804s][info][gc,start    ] GC(8) Pause Cleanup
[2026-07-01T02:20:26.607+0000][1.804s][info][gc          ] GC(8) Pause Cleanup 11M->11M(40M) 0.066ms
[2026-07-01T02:20:26.607+0000][1.804s][info][gc,cpu      ] GC(8) User=0.00s Sys=0.00s Real=0.00s
[2026-07-01T02:20:26.607+0000][1.804s][info][gc,marking  ] GC(8) Concurrent Clear Claimed Marks
[2026-07-01T02:20:26.607+0000][1.805s][info][gc,marking  ] GC(8) Concurrent Clear Claimed Marks 0.022ms
[2026-07-01T02:20:26.607+0000][1.805s][info][gc,marking  ] GC(8) Concurrent Cleanup for Next Mark
[2026-07-01T02:20:26.607+0000][1.805s][info][gc,marking  ] GC(8) Concurrent Cleanup for Next Mark 0.322ms
[2026-07-01T02:20:26.607+0000][1.805s][info][gc          ] GC(8) Concurrent Mark Cycle 50.134ms
[2026-07-01T02:20:26.847+0000][2.045s][info][gc,start    ] GC(9) Pause Young (Prepare Mixed) (G1 Evacuation Pause)
[2026-07-01T02:20:26.847+0000][2.045s][info][gc,task     ] GC(9) Using 2 workers of 2 for evacuation
[2026-07-01T02:20:26.850+0000][2.048s][info][gc,phases   ] GC(9)   Pre Evacuate Collection Set: 0.07ms
[2026-07-01T02:20:26.850+0000][2.048s][info][gc,phases   ] GC(9)   Merge Heap Roots: 0.06ms
[2026-07-01T02:20:26.850+0000][2.048s][info][gc,phases   ] GC(9)   Evacuate Collection Set: 2.81ms
[2026-07-01T02:20:26.850+0000][2.048s][info][gc,phases   ] GC(9)   Post Evacuate Collection Set: 0.35ms
[2026-07-01T02:20:26.850+0000][2.048s][info][gc,phases   ] GC(9)   Other: 0.05ms
[2026-07-01T02:20:26.850+0000][2.048s][info][gc,heap     ] GC(9) Eden regions: 22->0(21)
[2026-07-01T02:20:26.850+0000][2.048s][info][gc,heap     ] GC(9) Survivor regions: 2->3(3)
[2026-07-01T02:20:26.850+0000][2.048s][info][gc,heap     ] GC(9) Old regions: 10->10
[2026-07-01T02:20:26.850+0000][2.048s][info][gc,heap     ] GC(9) Humongous regions: 0->0
[2026-07-01T02:20:26.850+0000][2.048s][info][gc,metaspace] GC(9) Metaspace: 23200K(23680K)->23200K(23680K) NonClass: 20274K(20544K)->20274K(20544K) Class: 2926K(3136K)->2926K(3136K)
[2026-07-01T02:20:26.851+0000][2.048s][info][gc          ] GC(9) Pause Young (Prepare Mixed) (G1 Evacuation Pause) 31M->10M(40M) 3.478ms
[2026-07-01T02:20:26.851+0000][2.048s][info][gc,cpu      ] GC(9) User=0.00s Sys=0.01s Real=0.01s
[2026-07-01T02:20:27.111+0000][2.309s][info][gc,start    ] GC(10) Pause Young (Mixed) (G1 Evacuation Pause)
[2026-07-01T02:20:27.111+0000][2.309s][info][gc,task     ] GC(10) Using 2 workers of 2 for evacuation
[2026-07-01T02:20:27.117+0000][2.315s][info][gc,phases   ] GC(10)   Pre Evacuate Collection Set: 0.07ms
[2026-07-01T02:20:27.117+0000][2.315s][info][gc,phases   ] GC(10)   Merge Heap Roots: 0.04ms
[2026-07-01T02:20:27.117+0000][2.315s][info][gc,phases   ] GC(10)   Evacuate Collection Set: 5.53ms
[2026-07-01T02:20:27.117+0000][2.315s][info][gc,phases   ] GC(10)   Post Evacuate Collection Set: 0.37ms
[2026-07-01T02:20:27.117+0000][2.315s][info][gc,phases   ] GC(10)   Other: 0.05ms
[2026-07-01T02:20:27.117+0000][2.315s][info][gc,heap     ] GC(10) Eden regions: 21->0(21)
[2026-07-01T02:20:27.117+0000][2.315s][info][gc,heap     ] GC(10) Survivor regions: 3->3(3)
[2026-07-01T02:20:27.117+0000][2.315s][info][gc,heap     ] GC(10) Old regions: 10->11
[2026-07-01T02:20:27.117+0000][2.315s][info][gc,heap     ] GC(10) Humongous regions: 0->0
[2026-07-01T02:20:27.117+0000][2.315s][info][gc,metaspace] GC(10) Metaspace: 27170K(27776K)->27170K(27776K) NonClass: 23724K(24064K)->23724K(24064K) Class: 3445K(3712K)->3445K(3712K)
[2026-07-01T02:20:27.117+0000][2.315s][info][gc          ] GC(10) Pause Young (Mixed) (G1 Evacuation Pause) 31M->12M(40M) 6.189ms
[2026-07-01T02:20:27.117+0000][2.315s][info][gc,cpu      ] GC(10) User=0.01s Sys=0.01s Real=0.00s
[2026-07-01T02:20:27.361+0000][2.559s][info][gc,start    ] GC(11) Pause Young (Normal) (G1 Evacuation Pause)
[2026-07-01T02:20:27.361+0000][2.559s][info][gc,task     ] GC(11) Using 2 workers of 2 for evacuation
[2026-07-01T02:20:27.368+0000][2.566s][info][gc,phases   ] GC(11)   Pre Evacuate Collection Set: 0.09ms
[2026-07-01T02:20:27.368+0000][2.566s][info][gc,phases   ] GC(11)   Merge Heap Roots: 0.05ms
[2026-07-01T02:20:27.369+0000][2.566s][info][gc,phases   ] GC(11)   Evacuate Collection Set: 6.66ms
[2026-07-01T02:20:27.369+0000][2.566s][info][gc,phases   ] GC(11)   Post Evacuate Collection Set: 0.45ms
[2026-07-01T02:20:27.369+0000][2.566s][info][gc,phases   ] GC(11)   Other: 0.04ms
[2026-07-01T02:20:27.369+0000][2.566s][info][gc,heap     ] GC(11) Eden regions: 21->0(19)
[2026-07-01T02:20:27.369+0000][2.566s][info][gc,heap     ] GC(11) Survivor regions: 3->2(3)
[2026-07-01T02:20:27.369+0000][2.566s][info][gc,heap     ] GC(11) Old regions: 11->14
[2026-07-01T02:20:27.369+0000][2.566s][info][gc,heap     ] GC(11) Humongous regions: 0->0
[2026-07-01T02:20:27.369+0000][2.566s][info][gc,metaspace] GC(11) Metaspace: 29844K(30464K)->29844K(30464K) NonClass: 25998K(26368K)->25998K(26368K) Class: 3846K(4096K)->3846K(4096K)
[2026-07-01T02:20:27.369+0000][2.566s][info][gc          ] GC(11) Pause Young (Normal) (G1 Evacuation Pause) 33M->14M(40M) 7.380ms
[2026-07-01T02:20:27.369+0000][2.566s][info][gc,cpu      ] GC(11) User=0.01s Sys=0.00s Real=0.01s
[2026-07-01T02:20:27.621+0000][2.819s][info][gc,start    ] GC(12) Pause Young (Normal) (G1 Evacuation Pause)
[2026-07-01T02:20:27.621+0000][2.819s][info][gc,task     ] GC(12) Using 2 workers of 2 for evacuation
[2026-07-01T02:20:27.626+0000][2.824s][info][gc,phases   ] GC(12)   Pre Evacuate Collection Set: 0.09ms
[2026-07-01T02:20:27.626+0000][2.824s][info][gc,phases   ] GC(12)   Merge Heap Roots: 0.05ms
[2026-07-01T02:20:27.626+0000][2.824s][info][gc,phases   ] GC(12)   Evacuate Collection Set: 4.18ms
[2026-07-01T02:20:27.626+0000][2.824s][info][gc,phases   ] GC(12)   Post Evacuate Collection Set: 0.55ms
[2026-07-01T02:20:27.626+0000][2.824s][info][gc,phases   ] GC(12)   Other: 0.04ms
[2026-07-01T02:20:27.626+0000][2.824s][info][gc,heap     ] GC(12) Eden regions: 19->0(24)
[2026-07-01T02:20:27.626+0000][2.824s][info][gc,heap     ] GC(12) Survivor regions: 2->2(3)
[2026-07-01T02:20:27.626+0000][2.824s][info][gc,heap     ] GC(12) Old regions: 14->16
[2026-07-01T02:20:27.626+0000][2.824s][info][gc,heap     ] GC(12) Humongous regions: 0->0
[2026-07-01T02:20:27.626+0000][2.824s][info][gc,metaspace] GC(12) Metaspace: 32718K(33344K)->32718K(33344K) NonClass: 28455K(28800K)->28455K(28800K) Class: 4262K(4544K)->4262K(4544K)
[2026-07-01T02:20:27.626+0000][2.824s][info][gc          ] GC(12) Pause Young (Normal) (G1 Evacuation Pause) 33M->16M(48M) 5.038ms
[2026-07-01T02:20:27.626+0000][2.824s][info][gc,cpu      ] GC(12) User=0.01s Sys=0.00s Real=0.00s
[2026-07-01T02:20:27.844+0000][3.042s][info][gc,start    ] GC(13) Pause Young (Concurrent Start) (Metadata GC Threshold)
[2026-07-01T02:20:27.844+0000][3.042s][info][gc,task     ] GC(13) Using 2 workers of 2 for evacuation
[2026-07-01T02:20:27.849+0000][3.047s][info][gc,phases   ] GC(13)   Pre Evacuate Collection Set: 0.09ms
[2026-07-01T02:20:27.849+0000][3.047s][info][gc,phases   ] GC(13)   Merge Heap Roots: 0.05ms
[2026-07-01T02:20:27.849+0000][3.047s][info][gc,phases   ] GC(13)   Evacuate Collection Set: 4.71ms
[2026-07-01T02:20:27.849+0000][3.047s][info][gc,phases   ] GC(13)   Post Evacuate Collection Set: 0.46ms
[2026-07-01T02:20:27.849+0000][3.047s][info][gc,phases   ] GC(13)   Other: 0.07ms
[2026-07-01T02:20:27.849+0000][3.047s][info][gc,heap     ] GC(13) Eden regions: 16->0(20)
[2026-07-01T02:20:27.849+0000][3.047s][info][gc,heap     ] GC(13) Survivor regions: 2->4(4)
[2026-07-01T02:20:27.849+0000][3.047s][info][gc,heap     ] GC(13) Old regions: 16->17
[2026-07-01T02:20:27.849+0000][3.047s][info][gc,heap     ] GC(13) Humongous regions: 0->0
[2026-07-01T02:20:27.849+0000][3.047s][info][gc,metaspace] GC(13) Metaspace: 35796K(36416K)->35796K(36416K) NonClass: 31145K(31488K)->31145K(31488K) Class: 4650K(4928K)->4650K(4928K)
[2026-07-01T02:20:27.849+0000][3.047s][info][gc          ] GC(13) Pause Young (Concurrent Start) (Metadata GC Threshold) 31M->19M(48M) 5.498ms
[2026-07-01T02:20:27.849+0000][3.047s][info][gc,cpu      ] GC(13) User=0.01s Sys=0.00s Real=0.01s
[2026-07-01T02:20:27.849+0000][3.047s][info][gc          ] GC(14) Concurrent Mark Cycle
[2026-07-01T02:20:27.849+0000][3.047s][info][gc,marking  ] GC(14) Concurrent Scan Root Regions
[2026-07-01T02:20:27.854+0000][3.052s][info][gc,marking  ] GC(14) Concurrent Scan Root Regions 4.715ms
[2026-07-01T02:20:27.854+0000][3.052s][info][gc,marking  ] GC(14) Concurrent Mark
[2026-07-01T02:20:27.854+0000][3.052s][info][gc,marking  ] GC(14) Concurrent Mark From Roots
[2026-07-01T02:20:27.854+0000][3.052s][info][gc,task     ] GC(14) Using 1 workers of 1 for marking
[2026-07-01T02:20:27.917+0000][3.115s][info][gc,marking  ] GC(14) Concurrent Mark From Roots 62.780ms
[2026-07-01T02:20:27.917+0000][3.115s][info][gc,marking  ] GC(14) Concurrent Preclean
[2026-07-01T02:20:27.917+0000][3.115s][info][gc,marking  ] GC(14) Concurrent Preclean 0.141ms
[2026-07-01T02:20:27.917+0000][3.115s][info][gc,start    ] GC(14) Pause Remark
[2026-07-01T02:20:27.922+0000][3.120s][info][gc          ] GC(14) Pause Remark 35M->35M(48M) 4.481ms
[2026-07-01T02:20:27.922+0000][3.120s][info][gc,cpu      ] GC(14) User=0.01s Sys=0.00s Real=0.01s
[2026-07-01T02:20:27.923+0000][3.121s][info][gc,marking  ] GC(14) Concurrent Mark 68.889ms
[2026-07-01T02:20:27.923+0000][3.121s][info][gc,marking  ] GC(14) Concurrent Rebuild Remembered Sets and Scrub Regions
[2026-07-01T02:20:27.928+0000][3.126s][info][gc,start    ] GC(15) Pause Young (Normal) (G1 Evacuation Pause)
[2026-07-01T02:20:27.928+0000][3.126s][info][gc,task     ] GC(15) Using 2 workers of 2 for evacuation
[2026-07-01T02:20:27.945+0000][3.143s][info][gc,phases   ] GC(15)   Pre Evacuate Collection Set: 0.08ms
[2026-07-01T02:20:27.945+0000][3.143s][info][gc,phases   ] GC(15)   Merge Heap Roots: 0.08ms
[2026-07-01T02:20:27.945+0000][3.143s][info][gc,phases   ] GC(15)   Evacuate Collection Set: 16.19ms
[2026-07-01T02:20:27.945+0000][3.143s][info][gc,phases   ] GC(15)   Post Evacuate Collection Set: 0.44ms
[2026-07-01T02:20:27.945+0000][3.143s][info][gc,phases   ] GC(15)   Other: 0.06ms
[2026-07-01T02:20:27.945+0000][3.143s][info][gc,heap     ] GC(15) Eden regions: 20->0(11)
[2026-07-01T02:20:27.945+0000][3.143s][info][gc,heap     ] GC(15) Survivor regions: 4->3(3)
[2026-07-01T02:20:27.945+0000][3.143s][info][gc,heap     ] GC(15) Old regions: 17->32
[2026-07-01T02:20:27.945+0000][3.143s][info][gc,heap     ] GC(15) Humongous regions: 0->0
[2026-07-01T02:20:27.945+0000][3.143s][info][gc,metaspace] GC(15) Metaspace: 36246K(36928K)->36246K(36928K) NonClass: 31533K(31936K)->31533K(31936K) Class: 4713K(4992K)->4713K(4992K)
[2026-07-01T02:20:27.945+0000][3.143s][info][gc          ] GC(15) Pause Young (Normal) (G1 Evacuation Pause) 39M->34M(59M) 16.946ms
[2026-07-01T02:20:27.945+0000][3.143s][info][gc,cpu      ] GC(15) User=0.04s Sys=0.01s Real=0.02s
[2026-07-01T02:20:27.999+0000][3.197s][info][gc,marking  ] GC(14) Concurrent Rebuild Remembered Sets and Scrub Regions 75.962ms
[2026-07-01T02:20:27.999+0000][3.197s][info][gc,start    ] GC(14) Pause Cleanup
[2026-07-01T02:20:27.999+0000][3.197s][info][gc          ] GC(14) Pause Cleanup 41M->41M(59M) 0.081ms
[2026-07-01T02:20:27.999+0000][3.197s][info][gc,cpu      ] GC(14) User=0.00s Sys=0.00s Real=0.00s
[2026-07-01T02:20:28.000+0000][3.197s][info][gc,marking  ] GC(14) Concurrent Clear Claimed Marks
[2026-07-01T02:20:28.000+0000][3.198s][info][gc,marking  ] GC(14) Concurrent Clear Claimed Marks 0.072ms
[2026-07-01T02:20:28.000+0000][3.198s][info][gc,marking  ] GC(14) Concurrent Cleanup for Next Mark
[2026-07-01T02:20:28.001+0000][3.199s][info][gc,marking  ] GC(14) Concurrent Cleanup for Next Mark 1.673ms
[2026-07-01T02:20:28.001+0000][3.199s][info][gc          ] GC(14) Concurrent Mark Cycle 151.949ms
[2026-07-01T02:20:28.003+0000][3.201s][info][gc,start    ] GC(16) Pause Young (Prepare Mixed) (G1 Evacuation Pause)
[2026-07-01T02:20:28.003+0000][3.201s][info][gc,task     ] GC(16) Using 2 workers of 2 for evacuation
[2026-07-01T02:20:28.013+0000][3.211s][info][gc,phases   ] GC(16)   Pre Evacuate Collection Set: 0.08ms
[2026-07-01T02:20:28.013+0000][3.211s][info][gc,phases   ] GC(16)   Merge Heap Roots: 0.17ms
[2026-07-01T02:20:28.013+0000][3.211s][info][gc,phases   ] GC(16)   Evacuate Collection Set: 9.08ms
[2026-07-01T02:20:28.013+0000][3.211s][info][gc,phases   ] GC(16)   Post Evacuate Collection Set: 0.33ms
[2026-07-01T02:20:28.013+0000][3.211s][info][gc,phases   ] GC(16)   Other: 0.04ms
[2026-07-01T02:20:28.013+0000][3.211s][info][gc,heap     ] GC(16) Eden regions: 11->0(5)
[2026-07-01T02:20:28.013+0000][3.211s][info][gc,heap     ] GC(16) Survivor regions: 3->2(2)
[2026-07-01T02:20:28.013+0000][3.211s][info][gc,heap     ] GC(16) Old regions: 32->42
[2026-07-01T02:20:28.013+0000][3.211s][info][gc,heap     ] GC(16) Humongous regions: 1->1
[2026-07-01T02:20:28.013+0000][3.211s][info][gc,metaspace] GC(16) Metaspace: 36399K(37120K)->36399K(37120K) NonClass: 31665K(32064K)->31665K(32064K) Class: 4733K(5056K)->4733K(5056K)
[2026-07-01T02:20:28.013+0000][3.211s][info][gc          ] GC(16) Pause Young (Prepare Mixed) (G1 Evacuation Pause) 46M->43M(59M) 9.817ms
[2026-07-01T02:20:28.013+0000][3.211s][info][gc,cpu      ] GC(16) User=0.02s Sys=0.00s Real=0.01s
[2026-07-01T02:20:28.017+0000][3.215s][info][gc,start    ] GC(17) Pause Young (Mixed) (G1 Evacuation Pause)
[2026-07-01T02:20:28.017+0000][3.215s][info][gc,task     ] GC(17) Using 2 workers of 2 for evacuation
[2026-07-01T02:20:28.021+0000][3.219s][info][gc,phases   ] GC(17)   Pre Evacuate Collection Set: 0.07ms
[2026-07-01T02:20:28.021+0000][3.219s][info][gc,phases   ] GC(17)   Merge Heap Roots: 0.05ms
[2026-07-01T02:20:28.021+0000][3.219s][info][gc,phases   ] GC(17)   Evacuate Collection Set: 3.81ms
[2026-07-01T02:20:28.021+0000][3.219s][info][gc,phases   ] GC(17)   Post Evacuate Collection Set: 0.27ms
[2026-07-01T02:20:28.021+0000][3.219s][info][gc,phases   ] GC(17)   Other: 0.03ms
[2026-07-01T02:20:28.021+0000][3.219s][info][gc,heap     ] GC(17) Eden regions: 5->0(3)
[2026-07-01T02:20:28.021+0000][3.219s][info][gc,heap     ] GC(17) Survivor regions: 2->1(1)
[2026-07-01T02:20:28.021+0000][3.219s][info][gc,heap     ] GC(17) Old regions: 42->46
[2026-07-01T02:20:28.021+0000][3.219s][info][gc,heap     ] GC(17) Humongous regions: 1->1
[2026-07-01T02:20:28.021+0000][3.219s][info][gc,metaspace] GC(17) Metaspace: 36424K(37120K)->36424K(37120K) NonClass: 31684K(32064K)->31684K(32064K) Class: 4739K(5056K)->4739K(5056K)
[2026-07-01T02:20:28.021+0000][3.219s][info][gc          ] GC(17) Pause Young (Mixed) (G1 Evacuation Pause) 48M->47M(59M) 4.345ms
[2026-07-01T02:20:28.021+0000][3.219s][info][gc,cpu      ] GC(17) User=0.00s Sys=0.00s Real=0.01s
[2026-07-01T02:20:28.025+0000][3.223s][info][gc,start    ] GC(18) Pause Young (Concurrent Start) (G1 Evacuation Pause)
[2026-07-01T02:20:28.025+0000][3.223s][info][gc,task     ] GC(18) Using 2 workers of 2 for evacuation
[2026-07-01T02:20:28.028+0000][3.226s][info][gc,phases   ] GC(18)   Pre Evacuate Collection Set: 0.10ms
[2026-07-01T02:20:28.028+0000][3.226s][info][gc,phases   ] GC(18)   Merge Heap Roots: 0.03ms
[2026-07-01T02:20:28.028+0000][3.226s][info][gc,phases   ] GC(18)   Evacuate Collection Set: 2.01ms
[2026-07-01T02:20:28.028+0000][3.226s][info][gc,phases   ] GC(18)   Post Evacuate Collection Set: 0.88ms
[2026-07-01T02:20:28.028+0000][3.226s][info][gc,phases   ] GC(18)   Other: 0.06ms
[2026-07-01T02:20:28.028+0000][3.226s][info][gc,heap     ] GC(18) Eden regions: 3->0(53)
[2026-07-01T02:20:28.028+0000][3.226s][info][gc,heap     ] GC(18) Survivor regions: 1->1(1)
[2026-07-01T02:20:28.028+0000][3.226s][info][gc,heap     ] GC(18) Old regions: 46->48
[2026-07-01T02:20:28.028+0000][3.226s][info][gc,heap     ] GC(18) Humongous regions: 1->1
[2026-07-01T02:20:28.028+0000][3.226s][info][gc,metaspace] GC(18) Metaspace: 36451K(37120K)->36451K(37120K) NonClass: 31708K(32064K)->31708K(32064K) Class: 4742K(5056K)->4742K(5056K)
[2026-07-01T02:20:28.028+0000][3.226s][info][gc          ] GC(18) Pause Young (Concurrent Start) (G1 Evacuation Pause) 50M->50M(177M) 3.166ms
[2026-07-01T02:20:28.028+0000][3.226s][info][gc,cpu      ] GC(18) User=0.01s Sys=0.00s Real=0.01s
[2026-07-01T02:20:28.028+0000][3.226s][info][gc          ] GC(19) Concurrent Mark Cycle
[2026-07-01T02:20:28.028+0000][3.226s][info][gc,marking  ] GC(19) Concurrent Scan Root Regions
[2026-07-01T02:20:28.031+0000][3.229s][info][gc,marking  ] GC(19) Concurrent Scan Root Regions 2.955ms
[2026-07-01T02:20:28.031+0000][3.229s][info][gc,marking  ] GC(19) Concurrent Mark
[2026-07-01T02:20:28.031+0000][3.229s][info][gc,marking  ] GC(19) Concurrent Mark From Roots
[2026-07-01T02:20:28.031+0000][3.229s][info][gc,task     ] GC(19) Using 1 workers of 1 for marking
[2026-07-01T02:20:28.131+0000][3.329s][info][gc,start    ] GC(20) Pause Young (Normal) (G1 Evacuation Pause)
[2026-07-01T02:20:28.131+0000][3.329s][info][gc,task     ] GC(20) Using 2 workers of 2 for evacuation
[2026-07-01T02:20:28.196+0000][3.394s][info][gc,phases   ] GC(20)   Pre Evacuate Collection Set: 0.07ms
[2026-07-01T02:20:28.196+0000][3.394s][info][gc,phases   ] GC(20)   Merge Heap Roots: 0.05ms
[2026-07-01T02:20:28.196+0000][3.394s][info][gc,phases   ] GC(20)   Evacuate Collection Set: 65.01ms
[2026-07-01T02:20:28.196+0000][3.394s][info][gc,phases   ] GC(20)   Post Evacuate Collection Set: 0.39ms
[2026-07-01T02:20:28.196+0000][3.394s][info][gc,phases   ] GC(20)   Other: 0.06ms
[2026-07-01T02:20:28.196+0000][3.394s][info][gc,heap     ] GC(20) Eden regions: 53->0(29)
[2026-07-01T02:20:28.196+0000][3.394s][info][gc,heap     ] GC(20) Survivor regions: 1->7(7)
[2026-07-01T02:20:28.196+0000][3.394s][info][gc,heap     ] GC(20) Old regions: 48->82
[2026-07-01T02:20:28.196+0000][3.394s][info][gc,heap     ] GC(20) Humongous regions: 3->3
[2026-07-01T02:20:28.196+0000][3.394s][info][gc,metaspace] GC(20) Metaspace: 37158K(37888K)->37158K(37888K) NonClass: 32302K(32704K)->32302K(32704K) Class: 4855K(5184K)->4855K(5184K)
[2026-07-01T02:20:28.197+0000][3.394s][info][gc          ] GC(20) Pause Young (Normal) (G1 Evacuation Pause) 105M->91M(177M) 65.730ms
[2026-07-01T02:20:28.197+0000][3.394s][info][gc,cpu      ] GC(20) User=0.05s Sys=0.01s Real=0.06s
[2026-07-01T02:20:28.213+0000][3.411s][info][gc,marking  ] GC(19) Concurrent Mark From Roots 182.181ms
[2026-07-01T02:20:28.213+0000][3.411s][info][gc,marking  ] GC(19) Concurrent Preclean
[2026-07-01T02:20:28.213+0000][3.411s][info][gc,marking  ] GC(19) Concurrent Preclean 0.069ms
[2026-07-01T02:20:28.214+0000][3.411s][info][gc,start    ] GC(19) Pause Remark
[2026-07-01T02:20:28.218+0000][3.416s][info][gc          ] GC(19) Pause Remark 104M->104M(177M) 4.387ms
[2026-07-01T02:20:28.218+0000][3.416s][info][gc,cpu      ] GC(19) User=0.01s Sys=0.00s Real=0.00s
[2026-07-01T02:20:28.219+0000][3.417s][info][gc,marking  ] GC(19) Concurrent Mark 187.932ms
[2026-07-01T02:20:28.219+0000][3.417s][info][gc,marking  ] GC(19) Concurrent Rebuild Remembered Sets and Scrub Regions
[2026-07-01T02:20:28.297+0000][3.495s][info][gc,start    ] GC(21) Pause Young (Normal) (G1 Evacuation Pause)
[2026-07-01T02:20:28.297+0000][3.495s][info][gc,task     ] GC(21) Using 2 workers of 2 for evacuation
[2026-07-01T02:20:28.320+0000][3.518s][info][gc,phases   ] GC(21)   Pre Evacuate Collection Set: 0.07ms
[2026-07-01T02:20:28.320+0000][3.518s][info][gc,phases   ] GC(21)   Merge Heap Roots: 0.11ms
[2026-07-01T02:20:28.320+0000][3.518s][info][gc,phases   ] GC(21)   Evacuate Collection Set: 22.43ms
[2026-07-01T02:20:28.320+0000][3.518s][info][gc,phases   ] GC(21)   Post Evacuate Collection Set: 0.47ms
[2026-07-01T02:20:28.320+0000][3.518s][info][gc,phases   ] GC(21)   Other: 0.04ms
[2026-07-01T02:20:28.320+0000][3.518s][info][gc,heap     ] GC(21) Eden regions: 29->0(21)
[2026-07-01T02:20:28.320+0000][3.518s][info][gc,heap     ] GC(21) Survivor regions: 7->5(5)
[2026-07-01T02:20:28.320+0000][3.518s][info][gc,heap     ] GC(21) Old regions: 82->106
[2026-07-01T02:20:28.320+0000][3.518s][info][gc,heap     ] GC(21) Humongous regions: 6->6
[2026-07-01T02:20:28.320+0000][3.518s][info][gc,metaspace] GC(21) Metaspace: 37807K(38528K)->37807K(38528K) NonClass: 32862K(33280K)->32862K(33280K) Class: 4945K(5248K)->4945K(5248K)
[2026-07-01T02:20:28.320+0000][3.518s][info][gc          ] GC(21) Pause Young (Normal) (G1 Evacuation Pause) 123M->117M(177M) 23.254ms
[2026-07-01T02:20:28.320+0000][3.518s][info][gc,cpu      ] GC(21) User=0.05s Sys=0.01s Real=0.03s
[2026-07-01T02:20:28.341+0000][3.539s][info][gc,start    ] GC(22) Pause Young (Normal) (G1 Evacuation Pause)
[2026-07-01T02:20:28.341+0000][3.539s][info][gc,task     ] GC(22) Using 2 workers of 2 for evacuation
[2026-07-01T02:20:28.360+0000][3.558s][info][gc,phases   ] GC(22)   Pre Evacuate Collection Set: 0.09ms
[2026-07-01T02:20:28.360+0000][3.558s][info][gc,phases   ] GC(22)   Merge Heap Roots: 0.24ms
[2026-07-01T02:20:28.360+0000][3.558s][info][gc,phases   ] GC(22)   Evacuate Collection Set: 17.78ms
[2026-07-01T02:20:28.360+0000][3.558s][info][gc,phases   ] GC(22)   Post Evacuate Collection Set: 0.50ms
[2026-07-01T02:20:28.360+0000][3.558s][info][gc,phases   ] GC(22)   Other: 0.04ms
[2026-07-01T02:20:28.360+0000][3.558s][info][gc,heap     ] GC(22) Eden regions: 21->0(14)
[2026-07-01T02:20:28.360+0000][3.558s][info][gc,heap     ] GC(22) Survivor regions: 5->4(4)
[2026-07-01T02:20:28.360+0000][3.558s][info][gc,heap     ] GC(22) Old regions: 106->124
[2026-07-01T02:20:28.360+0000][3.558s][info][gc,heap     ] GC(22) Humongous regions: 6->6
[2026-07-01T02:20:28.360+0000][3.558s][info][gc,metaspace] GC(22) Metaspace: 38040K(38720K)->38040K(38720K) NonClass: 33060K(33472K)->33060K(33472K) Class: 4980K(5248K)->4980K(5248K)
[2026-07-01T02:20:28.360+0000][3.558s][info][gc          ] GC(22) Pause Young (Normal) (G1 Evacuation Pause) 138M->133M(177M) 18.797ms
[2026-07-01T02:20:28.360+0000][3.558s][info][gc,cpu      ] GC(22) User=0.04s Sys=0.00s Real=0.02s
[2026-07-01T02:20:28.394+0000][3.591s][info][gc,marking  ] GC(19) Concurrent Rebuild Remembered Sets and Scrub Regions 174.402ms
[2026-07-01T02:20:28.394+0000][3.592s][info][gc,start    ] GC(19) Pause Cleanup
[2026-07-01T02:20:28.394+0000][3.592s][info][gc          ] GC(19) Pause Cleanup 135M->135M(177M) 0.134ms
[2026-07-01T02:20:28.394+0000][3.592s][info][gc,cpu      ] GC(19) User=0.00s Sys=0.00s Real=0.00s
[2026-07-01T02:20:28.394+0000][3.592s][info][gc,marking  ] GC(19) Concurrent Clear Claimed Marks
[2026-07-01T02:20:28.394+0000][3.592s][info][gc,marking  ] GC(19) Concurrent Clear Claimed Marks 0.081ms
[2026-07-01T02:20:28.394+0000][3.592s][info][gc,marking  ] GC(19) Concurrent Cleanup for Next Mark
[2026-07-01T02:20:28.396+0000][3.593s][info][gc,marking  ] GC(19) Concurrent Cleanup for Next Mark 1.095ms
[2026-07-01T02:20:28.396+0000][3.593s][info][gc          ] GC(19) Concurrent Mark Cycle 367.370ms
[2026-07-01T02:20:28.405+0000][3.602s][info][gc,start    ] GC(23) Pause Young (Prepare Mixed) (G1 Evacuation Pause)
[2026-07-01T02:20:28.405+0000][3.602s][info][gc,task     ] GC(23) Using 2 workers of 2 for evacuation
[2026-07-01T02:20:28.421+0000][3.619s][info][gc,phases   ] GC(23)   Pre Evacuate Collection Set: 0.13ms
[2026-07-01T02:20:28.421+0000][3.619s][info][gc,phases   ] GC(23)   Merge Heap Roots: 0.32ms
[2026-07-01T02:20:28.421+0000][3.619s][info][gc,phases   ] GC(23)   Evacuate Collection Set: 15.37ms
[2026-07-01T02:20:28.421+0000][3.619s][info][gc,phases   ] GC(23)   Post Evacuate Collection Set: 0.37ms
[2026-07-01T02:20:28.421+0000][3.619s][info][gc,phases   ] GC(23)   Other: 0.04ms
[2026-07-01T02:20:28.421+0000][3.619s][info][gc,heap     ] GC(23) Eden regions: 14->0(10)
[2026-07-01T02:20:28.421+0000][3.619s][info][gc,heap     ] GC(23) Survivor regions: 4->3(3)
[2026-07-01T02:20:28.421+0000][3.619s][info][gc,heap     ] GC(23) Old regions: 124->136
[2026-07-01T02:20:28.421+0000][3.619s][info][gc,heap     ] GC(23) Humongous regions: 6->6
[2026-07-01T02:20:28.421+0000][3.619s][info][gc,metaspace] GC(23) Metaspace: 38122K(38848K)->38122K(38848K) NonClass: 33133K(33536K)->33133K(33536K) Class: 4989K(5312K)->4989K(5312K)
[2026-07-01T02:20:28.421+0000][3.619s][info][gc          ] GC(23) Pause Young (Prepare Mixed) (G1 Evacuation Pause) 147M->145M(177M) 16.357ms
[2026-07-01T02:20:28.421+0000][3.619s][info][gc,cpu      ] GC(23) User=0.03s Sys=0.00s Real=0.02s
[2026-07-01T02:20:29.462+0000][4.660s][info][gc,start    ] GC(24) Pause Young (Mixed) (G1 Evacuation Pause)
[2026-07-01T02:20:29.462+0000][4.660s][info][gc,task     ] GC(24) Using 2 workers of 2 for evacuation
[2026-07-01T02:20:29.470+0000][4.668s][info][gc,phases   ] GC(24)   Pre Evacuate Collection Set: 0.11ms
[2026-07-01T02:20:29.470+0000][4.668s][info][gc,phases   ] GC(24)   Merge Heap Roots: 0.05ms
[2026-07-01T02:20:29.470+0000][4.668s][info][gc,phases   ] GC(24)   Evacuate Collection Set: 6.61ms
[2026-07-01T02:20:29.470+0000][4.668s][info][gc,phases   ] GC(24)   Post Evacuate Collection Set: 1.01ms
[2026-07-01T02:20:29.470+0000][4.668s][info][gc,phases   ] GC(24)   Other: 0.04ms
[2026-07-01T02:20:29.470+0000][4.668s][info][gc,heap     ] GC(24) Eden regions: 10->0(51)
[2026-07-01T02:20:29.470+0000][4.668s][info][gc,heap     ] GC(24) Survivor regions: 3->2(2)
[2026-07-01T02:20:29.470+0000][4.668s][info][gc,heap     ] GC(24) Old regions: 136->145
[2026-07-01T02:20:29.470+0000][4.668s][info][gc,heap     ] GC(24) Humongous regions: 6->6
[2026-07-01T02:20:29.470+0000][4.668s][info][gc,metaspace] GC(24) Metaspace: 38186K(38976K)->38186K(38976K) NonClass: 33191K(33600K)->33191K(33600K) Class: 4994K(5376K)->4994K(5376K)
[2026-07-01T02:20:29.470+0000][4.668s][info][gc          ] GC(24) Pause Young (Mixed) (G1 Evacuation Pause) 154M->152M(311M) 7.969ms
[2026-07-01T02:20:29.470+0000][4.668s][info][gc,cpu      ] GC(24) User=0.01s Sys=0.00s Real=0.01s
[2026-07-01T02:20:30.832+0000][6.030s][info][gc,start    ] GC(25) Pause Young (Concurrent Start) (G1 Evacuation Pause)
[2026-07-01T02:20:30.832+0000][6.030s][info][gc,task     ] GC(25) Using 2 workers of 2 for evacuation
[2026-07-01T02:20:30.839+0000][6.037s][info][gc,phases   ] GC(25)   Pre Evacuate Collection Set: 0.17ms
[2026-07-01T02:20:30.839+0000][6.037s][info][gc,phases   ] GC(25)   Merge Heap Roots: 0.08ms
[2026-07-01T02:20:30.840+0000][6.037s][info][gc,phases   ] GC(25)   Evacuate Collection Set: 6.75ms
[2026-07-01T02:20:30.840+0000][6.037s][info][gc,phases   ] GC(25)   Post Evacuate Collection Set: 0.39ms
[2026-07-01T02:20:30.840+0000][6.037s][info][gc,phases   ] GC(25)   Other: 0.10ms
[2026-07-01T02:20:30.840+0000][6.037s][info][gc,heap     ] GC(25) Eden regions: 51->0(53)
[2026-07-01T02:20:30.840+0000][6.037s][info][gc,heap     ] GC(25) Survivor regions: 2->7(7)
[2026-07-01T02:20:30.840+0000][6.037s][info][gc,heap     ] GC(25) Old regions: 145->149
[2026-07-01T02:20:30.840+0000][6.037s][info][gc,heap     ] GC(25) Humongous regions: 6->6
[2026-07-01T02:20:30.840+0000][6.037s][info][gc,metaspace] GC(25) Metaspace: 39676K(40512K)->39676K(40512K) NonClass: 34542K(35008K)->34542K(35008K) Class: 5134K(5504K)->5134K(5504K)
[2026-07-01T02:20:30.840+0000][6.037s][info][gc          ] GC(25) Pause Young (Concurrent Start) (G1 Evacuation Pause) 203M->162M(311M) 7.670ms
[2026-07-01T02:20:30.840+0000][6.037s][info][gc          ] GC(26) Concurrent Mark Cycle
[2026-07-01T02:20:30.840+0000][6.037s][info][gc,marking  ] GC(26) Concurrent Scan Root Regions
[2026-07-01T02:20:30.840+0000][6.037s][info][gc,cpu      ] GC(25) User=0.02s Sys=0.00s Real=0.01s
[2026-07-01T02:20:30.852+0000][6.050s][info][gc,marking  ] GC(26) Concurrent Scan Root Regions 12.263ms
[2026-07-01T02:20:30.852+0000][6.050s][info][gc,marking  ] GC(26) Concurrent Mark
[2026-07-01T02:20:30.852+0000][6.050s][info][gc,marking  ] GC(26) Concurrent Mark From Roots
[2026-07-01T02:20:30.852+0000][6.050s][info][gc,task     ] GC(26) Using 1 workers of 1 for marking
[2026-07-01T02:20:32.636+0000][7.834s][info][gc,start    ] GC(27) Pause Young (Normal) (G1 Evacuation Pause)
[2026-07-01T02:20:32.636+0000][7.834s][info][gc,task     ] GC(27) Using 2 workers of 2 for evacuation
[2026-07-01T02:20:32.642+0000][7.840s][info][gc,phases   ] GC(27)   Pre Evacuate Collection Set: 0.16ms
[2026-07-01T02:20:32.642+0000][7.840s][info][gc,phases   ] GC(27)   Merge Heap Roots: 0.09ms
[2026-07-01T02:20:32.642+0000][7.840s][info][gc,phases   ] GC(27)   Evacuate Collection Set: 4.82ms
[2026-07-01T02:20:32.642+0000][7.840s][info][gc,phases   ] GC(27)   Post Evacuate Collection Set: 0.84ms
[2026-07-01T02:20:32.642+0000][7.840s][info][gc,phases   ] GC(27)   Other: 0.05ms
[2026-07-01T02:20:32.642+0000][7.840s][info][gc,heap     ] GC(27) Eden regions: 53->0(65)
[2026-07-01T02:20:32.642+0000][7.840s][info][gc,heap     ] GC(27) Survivor regions: 7->1(8)
[2026-07-01T02:20:32.642+0000][7.840s][info][gc,heap     ] GC(27) Old regions: 149->157
[2026-07-01T02:20:32.642+0000][7.840s][info][gc,heap     ] GC(27) Humongous regions: 6->6
[2026-07-01T02:20:32.642+0000][7.840s][info][gc,metaspace] GC(27) Metaspace: 40422K(41280K)->40422K(41280K) NonClass: 35287K(35776K)->35287K(35776K) Class: 5134K(5504K)->5134K(5504K)
[2026-07-01T02:20:32.642+0000][7.840s][info][gc          ] GC(27) Pause Young (Normal) (G1 Evacuation Pause) 215M->163M(311M) 6.138ms
[2026-07-01T02:20:32.642+0000][7.840s][info][gc,cpu      ] GC(27) User=0.01s Sys=0.00s Real=0.01s
[2026-07-01T02:20:34.399+0000][9.597s][info][gc,marking  ] GC(26) Concurrent Mark From Roots 3547.139ms
[2026-07-01T02:20:34.399+0000][9.597s][info][gc,marking  ] GC(26) Concurrent Preclean
[2026-07-01T02:20:34.399+0000][9.597s][info][gc,marking  ] GC(26) Concurrent Preclean 0.088ms
[2026-07-01T02:20:34.413+0000][9.610s][info][gc,start    ] GC(26) Pause Remark
[2026-07-01T02:20:34.417+0000][9.615s][info][gc          ] GC(26) Pause Remark 228M->225M(311M) 4.922ms
[2026-07-01T02:20:34.417+0000][9.615s][info][gc,cpu      ] GC(26) User=0.01s Sys=0.00s Real=0.00s
[2026-07-01T02:20:34.432+0000][9.630s][info][gc,marking  ] GC(26) Concurrent Mark 3579.858ms
[2026-07-01T02:20:34.432+0000][9.630s][info][gc,marking  ] GC(26) Concurrent Rebuild Remembered Sets and Scrub Regions
[2026-07-01T02:20:34.433+0000][9.631s][info][gc,start    ] GC(28) Pause Young (Normal) (G1 Evacuation Pause)
[2026-07-01T02:20:34.433+0000][9.631s][info][gc,task     ] GC(28) Using 2 workers of 2 for evacuation
[2026-07-01T02:20:34.438+0000][9.636s][info][gc,phases   ] GC(28)   Pre Evacuate Collection Set: 0.15ms
[2026-07-01T02:20:34.438+0000][9.636s][info][gc,phases   ] GC(28)   Merge Heap Roots: 0.11ms
[2026-07-01T02:20:34.438+0000][9.636s][info][gc,phases   ] GC(28)   Evacuate Collection Set: 3.88ms
[2026-07-01T02:20:34.438+0000][9.636s][info][gc,phases   ] GC(28)   Post Evacuate Collection Set: 0.42ms
[2026-07-01T02:20:34.438+0000][9.636s][info][gc,phases   ] GC(28)   Other: 0.04ms
[2026-07-01T02:20:34.438+0000][9.636s][info][gc,heap     ] GC(28) Eden regions: 65->0(96)
[2026-07-01T02:20:34.438+0000][9.636s][info][gc,heap     ] GC(28) Survivor regions: 1->1(9)
[2026-07-01T02:20:34.438+0000][9.636s][info][gc,heap     ] GC(28) Old regions: 157->157
[2026-07-01T02:20:34.438+0000][9.636s][info][gc,heap     ] GC(28) Humongous regions: 3->3
[2026-07-01T02:20:34.438+0000][9.636s][info][gc,metaspace] GC(28) Metaspace: 40711K(41536K)->40711K(41536K) NonClass: 35575K(36032K)->35575K(36032K) Class: 5135K(5504K)->5135K(5504K)
[2026-07-01T02:20:34.438+0000][9.636s][info][gc          ] GC(28) Pause Young (Normal) (G1 Evacuation Pause) 225M->160M(311M) 4.717ms
[2026-07-01T02:20:34.438+0000][9.636s][info][gc,cpu      ] GC(28) User=0.01s Sys=0.00s Real=0.00s
[2026-07-01T02:20:35.426+0000][10.624s][info][gc,marking  ] GC(26) Concurrent Rebuild Remembered Sets and Scrub Regions 994.576ms
[2026-07-01T02:20:35.427+0000][10.625s][info][gc,start    ] GC(26) Pause Cleanup
[2026-07-01T02:20:35.427+0000][10.625s][info][gc          ] GC(26) Pause Cleanup 199M->199M(311M) 0.145ms
[2026-07-01T02:20:35.427+0000][10.625s][info][gc,cpu      ] GC(26) User=0.00s Sys=0.00s Real=0.00s
[2026-07-01T02:20:35.430+0000][10.628s][info][gc,marking  ] GC(26) Concurrent Clear Claimed Marks
[2026-07-01T02:20:35.430+0000][10.628s][info][gc,marking  ] GC(26) Concurrent Clear Claimed Marks 0.087ms
[2026-07-01T02:20:35.430+0000][10.628s][info][gc,marking  ] GC(26) Concurrent Cleanup for Next Mark
[2026-07-01T02:20:35.443+0000][10.641s][info][gc,marking  ] GC(26) Concurrent Cleanup for Next Mark 12.812ms
[2026-07-01T02:20:35.443+0000][10.641s][info][gc          ] GC(26) Concurrent Mark Cycle 4603.404ms
[2026-07-01T02:20:36.556+0000][11.754s][info][gc,start    ] GC(29) Pause Young (Prepare Mixed) (G1 Evacuation Pause)
[2026-07-01T02:20:36.556+0000][11.754s][info][gc,task     ] GC(29) Using 2 workers of 2 for evacuation
[2026-07-01T02:20:36.561+0000][11.759s][info][gc,phases   ] GC(29)   Pre Evacuate Collection Set: 0.11ms
[2026-07-01T02:20:36.561+0000][11.759s][info][gc,phases   ] GC(29)   Merge Heap Roots: 0.12ms
[2026-07-01T02:20:36.561+0000][11.759s][info][gc,phases   ] GC(29)   Evacuate Collection Set: 4.07ms
[2026-07-01T02:20:36.561+0000][11.759s][info][gc,phases   ] GC(29)   Post Evacuate Collection Set: 0.37ms
[2026-07-01T02:20:36.561+0000][11.759s][info][gc,phases   ] GC(29)   Other: 0.07ms
[2026-07-01T02:20:36.561+0000][11.759s][info][gc,heap     ] GC(29) Eden regions: 96->0(104)
[2026-07-01T02:20:36.561+0000][11.759s][info][gc,heap     ] GC(29) Survivor regions: 1->3(13)
[2026-07-01T02:20:36.561+0000][11.759s][info][gc,heap     ] GC(29) Old regions: 157->157
[2026-07-01T02:20:36.561+0000][11.759s][info][gc,heap     ] GC(29) Humongous regions: 3->3
[2026-07-01T02:20:36.561+0000][11.759s][info][gc,metaspace] GC(29) Metaspace: 41118K(41920K)->41118K(41920K) NonClass: 35980K(36416K)->35980K(36416K) Class: 5137K(5504K)->5137K(5504K)
[2026-07-01T02:20:36.561+0000][11.759s][info][gc          ] GC(29) Pause Young (Prepare Mixed) (G1 Evacuation Pause) 256M->162M(311M) 4.906ms
[2026-07-01T02:20:36.561+0000][11.759s][info][gc,cpu      ] GC(29) User=0.01s Sys=0.00s Real=0.01s
[2026-07-01T02:20:38.057+0000][13.255s][info][gc,start    ] GC(30) Pause Young (Mixed) (G1 Evacuation Pause)
[2026-07-01T02:20:38.057+0000][13.255s][info][gc,task     ] GC(30) Using 2 workers of 2 for evacuation
[2026-07-01T02:20:38.065+0000][13.263s][info][gc,phases   ] GC(30)   Pre Evacuate Collection Set: 0.14ms
[2026-07-01T02:20:38.065+0000][13.263s][info][gc,phases   ] GC(30)   Merge Heap Roots: 1.13ms
[2026-07-01T02:20:38.065+0000][13.263s][info][gc,phases   ] GC(30)   Evacuate Collection Set: 6.27ms
[2026-07-01T02:20:38.065+0000][13.263s][info][gc,phases   ] GC(30)   Post Evacuate Collection Set: 0.44ms
[2026-07-01T02:20:38.065+0000][13.263s][info][gc,phases   ] GC(30)   Other: 0.08ms
[2026-07-01T02:20:38.065+0000][13.263s][info][gc,heap     ] GC(30) Eden regions: 104->0(113)
[2026-07-01T02:20:38.065+0000][13.263s][info][gc,heap     ] GC(30) Survivor regions: 3->4(14)
[2026-07-01T02:20:38.065+0000][13.263s][info][gc,heap     ] GC(30) Old regions: 157->156
[2026-07-01T02:20:38.065+0000][13.263s][info][gc,heap     ] GC(30) Humongous regions: 3->3
[2026-07-01T02:20:38.065+0000][13.263s][info][gc,metaspace] GC(30) Metaspace: 41378K(42176K)->41378K(42176K) NonClass: 36238K(36672K)->36238K(36672K) Class: 5139K(5504K)->5139K(5504K)
[2026-07-01T02:20:38.065+0000][13.263s][info][gc          ] GC(30) Pause Young (Mixed) (G1 Evacuation Pause) 266M->161M(311M) 8.245ms
[2026-07-01T02:20:38.065+0000][13.263s][info][gc,cpu      ] GC(30) User=0.02s Sys=0.00s Real=0.01s
[2026-07-01T02:20:39.431+0000][14.629s][info][gc,start    ] GC(31) Pause Young (Concurrent Start) (G1 Evacuation Pause)
[2026-07-01T02:20:39.432+0000][14.629s][info][gc,task     ] GC(31) Using 2 workers of 2 for evacuation
[2026-07-01T02:20:39.438+0000][14.636s][info][gc,phases   ] GC(31)   Pre Evacuate Collection Set: 0.13ms
[2026-07-01T02:20:39.438+0000][14.636s][info][gc,phases   ] GC(31)   Merge Heap Roots: 0.14ms
[2026-07-01T02:20:39.438+0000][14.636s][info][gc,phases   ] GC(31)   Evacuate Collection Set: 5.75ms
[2026-07-01T02:20:39.438+0000][14.636s][info][gc,phases   ] GC(31)   Post Evacuate Collection Set: 0.35ms
[2026-07-01T02:20:39.438+0000][14.636s][info][gc,phases   ] GC(31)   Other: 0.07ms
[2026-07-01T02:20:39.438+0000][14.636s][info][gc,heap     ] GC(31) Eden regions: 113->0(119)
[2026-07-01T02:20:39.438+0000][14.636s][info][gc,heap     ] GC(31) Survivor regions: 4->4(15)
[2026-07-01T02:20:39.438+0000][14.636s][info][gc,heap     ] GC(31) Old regions: 156->156
[2026-07-01T02:20:39.438+0000][14.636s][info][gc,heap     ] GC(31) Humongous regions: 3->3
[2026-07-01T02:20:39.438+0000][14.636s][info][gc,metaspace] GC(31) Metaspace: 41485K(42304K)->41485K(42304K) NonClass: 36346K(36800K)->36346K(36800K) Class: 5139K(5504K)->5139K(5504K)
[2026-07-01T02:20:39.438+0000][14.636s][info][gc          ] GC(31) Pause Young (Concurrent Start) (G1 Evacuation Pause) 274M->161M(311M) 6.599ms
[2026-07-01T02:20:39.438+0000][14.636s][info][gc          ] GC(32) Concurrent Mark Cycle
[2026-07-01T02:20:39.438+0000][14.636s][info][gc,cpu      ] GC(31) User=0.01s Sys=0.00s Real=0.01s
[2026-07-01T02:20:39.438+0000][14.636s][info][gc,marking  ] GC(32) Concurrent Scan Root Regions
[2026-07-01T02:20:39.451+0000][14.649s][info][gc,marking  ] GC(32) Concurrent Scan Root Regions 13.092ms
[2026-07-01T02:20:39.451+0000][14.649s][info][gc,marking  ] GC(32) Concurrent Mark
[2026-07-01T02:20:39.451+0000][14.649s][info][gc,marking  ] GC(32) Concurrent Mark From Roots
[2026-07-01T02:20:39.451+0000][14.649s][info][gc,task     ] GC(32) Using 1 workers of 1 for marking
[2026-07-01T02:20:40.519+0000][15.716s][info][gc,marking  ] GC(32) Concurrent Mark From Roots 1067.297ms
[2026-07-01T02:20:40.519+0000][15.716s][info][gc,marking  ] GC(32) Concurrent Preclean
[2026-07-01T02:20:40.519+0000][15.717s][info][gc,marking  ] GC(32) Concurrent Preclean 0.116ms
[2026-07-01T02:20:40.519+0000][15.717s][info][gc,start    ] GC(32) Pause Remark
[2026-07-01T02:20:40.530+0000][15.727s][info][gc          ] GC(32) Pause Remark 243M->243M(311M) 10.818ms
[2026-07-01T02:20:40.530+0000][15.728s][info][gc,cpu      ] GC(32) User=0.03s Sys=0.00s Real=0.01s
[2026-07-01T02:20:40.540+0000][15.737s][info][gc,marking  ] GC(32) Concurrent Mark 1088.357ms
[2026-07-01T02:20:40.540+0000][15.738s][info][gc,marking  ] GC(32) Concurrent Rebuild Remembered Sets and Scrub Regions
[2026-07-01T02:20:40.961+0000][16.159s][info][gc,start    ] GC(33) Pause Young (Normal) (G1 Evacuation Pause)
[2026-07-01T02:20:40.961+0000][16.159s][info][gc,task     ] GC(33) Using 2 workers of 2 for evacuation
[2026-07-01T02:20:40.969+0000][16.167s][info][gc,phases   ] GC(33)   Pre Evacuate Collection Set: 0.23ms
[2026-07-01T02:20:40.969+0000][16.167s][info][gc,phases   ] GC(33)   Merge Heap Roots: 0.21ms
[2026-07-01T02:20:40.969+0000][16.167s][info][gc,phases   ] GC(33)   Evacuate Collection Set: 7.31ms
[2026-07-01T02:20:40.969+0000][16.167s][info][gc,phases   ] GC(33)   Post Evacuate Collection Set: 0.50ms
[2026-07-01T02:20:40.969+0000][16.167s][info][gc,phases   ] GC(33)   Other: 0.08ms
[2026-07-01T02:20:40.969+0000][16.167s][info][gc,heap     ] GC(33) Eden regions: 119->0(124)
[2026-07-01T02:20:40.969+0000][16.167s][info][gc,heap     ] GC(33) Survivor regions: 4->4(16)
[2026-07-01T02:20:40.969+0000][16.167s][info][gc,heap     ] GC(33) Old regions: 156->156
[2026-07-01T02:20:40.969+0000][16.167s][info][gc,heap     ] GC(33) Humongous regions: 3->3
[2026-07-01T02:20:40.969+0000][16.167s][info][gc,metaspace] GC(33) Metaspace: 41466K(42304K)->41466K(42304K) NonClass: 36337K(36800K)->36337K(36800K) Class: 5129K(5504K)->5129K(5504K)
[2026-07-01T02:20:40.969+0000][16.167s][info][gc          ] GC(33) Pause Young (Normal) (G1 Evacuation Pause) 280M->162M(311M) 8.478ms
[2026-07-01T02:20:40.969+0000][16.167s][info][gc,cpu      ] GC(33) User=0.02s Sys=0.00s Real=0.01s
[2026-07-01T02:20:41.219+0000][16.417s][info][gc,marking  ] GC(32) Concurrent Rebuild Remembered Sets and Scrub Regions 679.036ms
[2026-07-01T02:20:41.226+0000][16.424s][info][gc,start    ] GC(32) Pause Cleanup
[2026-07-01T02:20:41.226+0000][16.424s][info][gc          ] GC(32) Pause Cleanup 187M->187M(311M) 0.221ms
[2026-07-01T02:20:41.226+0000][16.424s][info][gc,cpu      ] GC(32) User=0.00s Sys=0.00s Real=0.00s
[2026-07-01T02:20:41.226+0000][16.424s][info][gc,marking  ] GC(32) Concurrent Clear Claimed Marks
[2026-07-01T02:20:41.226+0000][16.424s][info][gc,marking  ] GC(32) Concurrent Clear Claimed Marks 0.088ms
[2026-07-01T02:20:41.226+0000][16.424s][info][gc,marking  ] GC(32) Concurrent Cleanup for Next Mark
[2026-07-01T02:20:41.227+0000][16.425s][info][gc,marking  ] GC(32) Concurrent Cleanup for Next Mark 0.526ms
[2026-07-01T02:20:41.227+0000][16.425s][info][gc          ] GC(32) Concurrent Mark Cycle 1788.817ms
[2026-07-01T02:20:42.312+0000][17.510s][info][gc,start    ] GC(34) Pause Young (Prepare Mixed) (G1 Evacuation Pause)
[2026-07-01T02:20:42.312+0000][17.510s][info][gc,task     ] GC(34) Using 2 workers of 2 for evacuation
[2026-07-01T02:20:42.322+0000][17.520s][info][gc,phases   ] GC(34)   Pre Evacuate Collection Set: 0.58ms
[2026-07-01T02:20:42.322+0000][17.520s][info][gc,phases   ] GC(34)   Merge Heap Roots: 0.47ms
[2026-07-01T02:20:42.322+0000][17.520s][info][gc,phases   ] GC(34)   Evacuate Collection Set: 8.44ms
[2026-07-01T02:20:42.322+0000][17.520s][info][gc,phases   ] GC(34)   Post Evacuate Collection Set: 0.51ms
[2026-07-01T02:20:42.322+0000][17.520s][info][gc,phases   ] GC(34)   Other: 0.06ms
[2026-07-01T02:20:42.322+0000][17.520s][info][gc,heap     ] GC(34) Eden regions: 124->0(126)
[2026-07-01T02:20:42.322+0000][17.520s][info][gc,heap     ] GC(34) Survivor regions: 4->5(16)
[2026-07-01T02:20:42.322+0000][17.520s][info][gc,heap     ] GC(34) Old regions: 156->156
[2026-07-01T02:20:42.322+0000][17.520s][info][gc,heap     ] GC(34) Humongous regions: 3->3
[2026-07-01T02:20:42.322+0000][17.520s][info][gc,metaspace] GC(34) Metaspace: 41528K(42368K)->41528K(42368K) NonClass: 36398K(36864K)->36398K(36864K) Class: 5129K(5504K)->5129K(5504K)
[2026-07-01T02:20:42.322+0000][17.520s][info][gc          ] GC(34) Pause Young (Prepare Mixed) (G1 Evacuation Pause) 286M->162M(311M) 10.277ms
[2026-07-01T02:20:42.322+0000][17.520s][info][gc,cpu      ] GC(34) User=0.03s Sys=0.00s Real=0.01s
[2026-07-01T02:20:43.567+0000][18.765s][info][gc,start    ] GC(35) Pause Young (Mixed) (G1 Evacuation Pause)
[2026-07-01T02:20:43.567+0000][18.765s][info][gc,task     ] GC(35) Using 2 workers of 2 for evacuation
[2026-07-01T02:20:43.576+0000][18.774s][info][gc,phases   ] GC(35)   Pre Evacuate Collection Set: 0.18ms
[2026-07-01T02:20:43.576+0000][18.774s][info][gc,phases   ] GC(35)   Merge Heap Roots: 0.22ms
[2026-07-01T02:20:43.576+0000][18.774s][info][gc,phases   ] GC(35)   Evacuate Collection Set: 8.59ms
[2026-07-01T02:20:43.576+0000][18.774s][info][gc,phases   ] GC(35)   Post Evacuate Collection Set: 0.46ms
[2026-07-01T02:20:43.576+0000][18.774s][info][gc,phases   ] GC(35)   Other: 0.08ms
[2026-07-01T02:20:43.576+0000][18.774s][info][gc,heap     ] GC(35) Eden regions: 126->0(132)
[2026-07-01T02:20:43.576+0000][18.774s][info][gc,heap     ] GC(35) Survivor regions: 5->5(17)
[2026-07-01T02:20:43.576+0000][18.774s][info][gc,heap     ] GC(35) Old regions: 156->154
[2026-07-01T02:20:43.576+0000][18.774s][info][gc,heap     ] GC(35) Humongous regions: 3->3
[2026-07-01T02:20:43.576+0000][18.774s][info][gc,metaspace] GC(35) Metaspace: 41528K(42368K)->41528K(42368K) NonClass: 36398K(36864K)->36398K(36864K) Class: 5129K(5504K)->5129K(5504K)
[2026-07-01T02:20:43.576+0000][18.774s][info][gc          ] GC(35) Pause Young (Mixed) (G1 Evacuation Pause) 288M->161M(311M) 9.667ms
[2026-07-01T02:20:43.576+0000][18.774s][info][gc,cpu      ] GC(35) User=0.02s Sys=0.00s Real=0.01s
[2026-07-01T02:20:45.124+0000][20.321s][info][gc,start    ] GC(36) Pause Young (Concurrent Start) (G1 Evacuation Pause)
[2026-07-01T02:20:45.124+0000][20.321s][info][gc,task     ] GC(36) Using 2 workers of 2 for evacuation
[2026-07-01T02:20:45.134+0000][20.332s][info][gc,phases   ] GC(36)   Pre Evacuate Collection Set: 0.19ms
[2026-07-01T02:20:45.134+0000][20.332s][info][gc,phases   ] GC(36)   Merge Heap Roots: 0.21ms
[2026-07-01T02:20:45.134+0000][20.332s][info][gc,phases   ] GC(36)   Evacuate Collection Set: 9.66ms
[2026-07-01T02:20:45.134+0000][20.332s][info][gc,phases   ] GC(36)   Post Evacuate Collection Set: 0.46ms
[2026-07-01T02:20:45.134+0000][20.332s][info][gc,phases   ] GC(36)   Other: 0.13ms
[2026-07-01T02:20:45.134+0000][20.332s][info][gc,heap     ] GC(36) Eden regions: 132->0(132)
[2026-07-01T02:20:45.134+0000][20.332s][info][gc,heap     ] GC(36) Survivor regions: 5->5(18)
[2026-07-01T02:20:45.134+0000][20.332s][info][gc,heap     ] GC(36) Old regions: 154->154
[2026-07-01T02:20:45.134+0000][20.332s][info][gc,heap     ] GC(36) Humongous regions: 3->3
[2026-07-01T02:20:45.134+0000][20.332s][info][gc,metaspace] GC(36) Metaspace: 41543K(42368K)->41543K(42368K) NonClass: 36413K(36864K)->36413K(36864K) Class: 5129K(5504K)->5129K(5504K)
[2026-07-01T02:20:45.134+0000][20.332s][info][gc          ] GC(36) Pause Young (Concurrent Start) (G1 Evacuation Pause) 293M->161M(311M) 10.785ms
[2026-07-01T02:20:45.134+0000][20.332s][info][gc          ] GC(37) Concurrent Mark Cycle
[2026-07-01T02:20:45.134+0000][20.332s][info][gc,cpu      ] GC(36) User=0.04s Sys=0.00s Real=0.01s
[2026-07-01T02:20:45.134+0000][20.332s][info][gc,marking  ] GC(37) Concurrent Scan Root Regions
[2026-07-01T02:20:45.156+0000][20.354s][info][gc,marking  ] GC(37) Concurrent Scan Root Regions 21.516ms
[2026-07-01T02:20:45.156+0000][20.354s][info][gc,marking  ] GC(37) Concurrent Mark
[2026-07-01T02:20:45.156+0000][20.354s][info][gc,marking  ] GC(37) Concurrent Mark From Roots
[2026-07-01T02:20:45.156+0000][20.354s][info][gc,task     ] GC(37) Using 1 workers of 1 for marking
[2026-07-01T02:20:46.043+0000][21.241s][info][gc,marking  ] GC(37) Concurrent Mark From Roots 887.353ms
[2026-07-01T02:20:46.043+0000][21.241s][info][gc,marking  ] GC(37) Concurrent Preclean
[2026-07-01T02:20:46.043+0000][21.241s][info][gc,marking  ] GC(37) Concurrent Preclean 0.109ms
[2026-07-01T02:20:46.044+0000][21.242s][info][gc,start    ] GC(37) Pause Remark
[2026-07-01T02:20:46.053+0000][21.251s][info][gc          ] GC(37) Pause Remark 241M->241M(311M) 9.158ms
[2026-07-01T02:20:46.053+0000][21.251s][info][gc,cpu      ] GC(37) User=0.01s Sys=0.00s Real=0.01s
[2026-07-01T02:20:46.055+0000][21.253s][info][gc,marking  ] GC(37) Concurrent Mark 899.446ms
[2026-07-01T02:20:46.055+0000][21.253s][info][gc,marking  ] GC(37) Concurrent Rebuild Remembered Sets and Scrub Regions
[2026-07-01T02:20:46.538+0000][21.736s][info][gc,marking  ] GC(37) Concurrent Rebuild Remembered Sets and Scrub Regions 482.209ms
[2026-07-01T02:20:46.538+0000][21.736s][info][gc,start    ] GC(37) Pause Cleanup
[2026-07-01T02:20:46.538+0000][21.736s][info][gc          ] GC(37) Pause Cleanup 287M->287M(311M) 0.144ms
[2026-07-01T02:20:46.538+0000][21.736s][info][gc,cpu      ] GC(37) User=0.00s Sys=0.00s Real=0.00s
[2026-07-01T02:20:46.545+0000][21.743s][info][gc,marking  ] GC(37) Concurrent Clear Claimed Marks
[2026-07-01T02:20:46.545+0000][21.743s][info][gc,marking  ] GC(37) Concurrent Clear Claimed Marks 0.096ms
[2026-07-01T02:20:46.545+0000][21.743s][info][gc,marking  ] GC(37) Concurrent Cleanup for Next Mark
[2026-07-01T02:20:46.547+0000][21.745s][info][gc,marking  ] GC(37) Concurrent Cleanup for Next Mark 1.822ms
[2026-07-01T02:20:46.547+0000][21.745s][info][gc          ] GC(37) Concurrent Mark Cycle 1412.680ms
[2026-07-01T02:20:46.606+0000][21.804s][info][gc,start    ] GC(38) Pause Young (Prepare Mixed) (G1 Evacuation Pause)
[2026-07-01T02:20:46.606+0000][21.804s][info][gc,task     ] GC(38) Using 2 workers of 2 for evacuation
[2026-07-01T02:20:46.616+0000][21.814s][info][gc,phases   ] GC(38)   Pre Evacuate Collection Set: 0.16ms
[2026-07-01T02:20:46.616+0000][21.814s][info][gc,phases   ] GC(38)   Merge Heap Roots: 0.28ms
[2026-07-01T02:20:46.616+0000][21.814s][info][gc,phases   ] GC(38)   Evacuate Collection Set: 8.85ms
[2026-07-01T02:20:46.616+0000][21.814s][info][gc,phases   ] GC(38)   Post Evacuate Collection Set: 0.51ms
[2026-07-01T02:20:46.616+0000][21.814s][info][gc,phases   ] GC(38)   Other: 0.04ms
[2026-07-01T02:20:46.616+0000][21.814s][info][gc,heap     ] GC(38) Eden regions: 132->0(131)
[2026-07-01T02:20:46.616+0000][21.814s][info][gc,heap     ] GC(38) Survivor regions: 5->6(18)
[2026-07-01T02:20:46.616+0000][21.814s][info][gc,heap     ] GC(38) Old regions: 154->154
[2026-07-01T02:20:46.616+0000][21.814s][info][gc,heap     ] GC(38) Humongous regions: 3->3
[2026-07-01T02:20:46.616+0000][21.814s][info][gc,metaspace] GC(38) Metaspace: 41565K(42368K)->41565K(42368K) NonClass: 36436K(36864K)->36436K(36864K) Class: 5129K(5504K)->5129K(5504K)
[2026-07-01T02:20:46.616+0000][21.814s][info][gc          ] GC(38) Pause Young (Prepare Mixed) (G1 Evacuation Pause) 293M->161M(311M) 10.023ms
[2026-07-01T02:20:46.616+0000][21.814s][info][gc,cpu      ] GC(38) User=0.01s Sys=0.00s Real=0.01s
[2026-07-01T02:20:48.062+0000][23.259s][info][gc,start    ] GC(39) Pause Young (Mixed) (G1 Evacuation Pause)
[2026-07-01T02:20:48.062+0000][23.259s][info][gc,task     ] GC(39) Using 2 workers of 2 for evacuation
[2026-07-01T02:20:48.077+0000][23.275s][info][gc,phases   ] GC(39)   Pre Evacuate Collection Set: 0.14ms
[2026-07-01T02:20:48.077+0000][23.275s][info][gc,phases   ] GC(39)   Merge Heap Roots: 0.18ms
[2026-07-01T02:20:48.077+0000][23.275s][info][gc,phases   ] GC(39)   Evacuate Collection Set: 14.38ms
[2026-07-01T02:20:48.077+0000][23.275s][info][gc,phases   ] GC(39)   Post Evacuate Collection Set: 0.54ms
[2026-07-01T02:20:48.077+0000][23.275s][info][gc,phases   ] GC(39)   Other: 0.04ms
[2026-07-01T02:20:48.077+0000][23.275s][info][gc,heap     ] GC(39) Eden regions: 131->0(132)
[2026-07-01T02:20:48.077+0000][23.275s][info][gc,heap     ] GC(39) Survivor regions: 6->6(18)
[2026-07-01T02:20:48.077+0000][23.275s][info][gc,heap     ] GC(39) Old regions: 154->153
[2026-07-01T02:20:48.077+0000][23.275s][info][gc,heap     ] GC(39) Humongous regions: 3->3
[2026-07-01T02:20:48.077+0000][23.275s][info][gc,metaspace] GC(39) Metaspace: 41571K(42368K)->41571K(42368K) NonClass: 36442K(36864K)->36442K(36864K) Class: 5129K(5504K)->5129K(5504K)
[2026-07-01T02:20:48.077+0000][23.275s][info][gc          ] GC(39) Pause Young (Mixed) (G1 Evacuation Pause) 292M->161M(311M) 15.422ms
[2026-07-01T02:20:48.077+0000][23.275s][info][gc,cpu      ] GC(39) User=0.04s Sys=0.00s Real=0.01s
[2026-07-01T02:20:49.177+0000][24.375s][info][gc,start    ] GC(40) Pause Young (Concurrent Start) (G1 Evacuation Pause)
[2026-07-01T02:20:49.178+0000][24.375s][info][gc,task     ] GC(40) Using 2 workers of 2 for evacuation
[2026-07-01T02:20:49.196+0000][24.394s][info][gc,phases   ] GC(40)   Pre Evacuate Collection Set: 0.20ms
[2026-07-01T02:20:49.196+0000][24.394s][info][gc,phases   ] GC(40)   Merge Heap Roots: 0.32ms
[2026-07-01T02:20:49.196+0000][24.394s][info][gc,phases   ] GC(40)   Evacuate Collection Set: 17.61ms
[2026-07-01T02:20:49.196+0000][24.394s][info][gc,phases   ] GC(40)   Post Evacuate Collection Set: 0.48ms
[2026-07-01T02:20:49.196+0000][24.394s][info][gc,phases   ] GC(40)   Other: 0.08ms
[2026-07-01T02:20:49.196+0000][24.394s][info][gc,heap     ] GC(40) Eden regions: 132->0(132)
[2026-07-01T02:20:49.196+0000][24.394s][info][gc,heap     ] GC(40) Survivor regions: 6->6(18)
[2026-07-01T02:20:49.196+0000][24.394s][info][gc,heap     ] GC(40) Old regions: 153->153
[2026-07-01T02:20:49.196+0000][24.394s][info][gc,heap     ] GC(40) Humongous regions: 3->3
[2026-07-01T02:20:49.196+0000][24.394s][info][gc,metaspace] GC(40) Metaspace: 41576K(42368K)->41576K(42368K) NonClass: 36446K(36864K)->36446K(36864K) Class: 5129K(5504K)->5129K(5504K)
[2026-07-01T02:20:49.196+0000][24.394s][info][gc          ] GC(40) Pause Young (Concurrent Start) (G1 Evacuation Pause) 293M->161M(311M) 18.840ms
[2026-07-01T02:20:49.196+0000][24.394s][info][gc          ] GC(41) Concurrent Mark Cycle
[2026-07-01T02:20:49.196+0000][24.394s][info][gc,marking  ] GC(41) Concurrent Scan Root Regions
[2026-07-01T02:20:49.196+0000][24.394s][info][gc,cpu      ] GC(40) User=0.03s Sys=0.00s Real=0.02s
[2026-07-01T02:20:49.213+0000][24.411s][info][gc,marking  ] GC(41) Concurrent Scan Root Regions 16.664ms
[2026-07-01T02:20:49.213+0000][24.411s][info][gc,marking  ] GC(41) Concurrent Mark
[2026-07-01T02:20:49.213+0000][24.411s][info][gc,marking  ] GC(41) Concurrent Mark From Roots
[2026-07-01T02:20:49.213+0000][24.411s][info][gc,task     ] GC(41) Using 1 workers of 1 for marking
[2026-07-01T02:20:49.750+0000][24.948s][info][gc,marking  ] GC(41) Concurrent Mark From Roots 537.188ms
[2026-07-01T02:20:49.750+0000][24.948s][info][gc,marking  ] GC(41) Concurrent Preclean
[2026-07-01T02:20:49.751+0000][24.949s][info][gc,marking  ] GC(41) Concurrent Preclean 0.486ms
[2026-07-01T02:20:49.751+0000][24.949s][info][gc,start    ] GC(41) Pause Remark
[2026-07-01T02:20:49.757+0000][24.955s][info][gc          ] GC(41) Pause Remark 212M->212M(311M) 6.192ms
[2026-07-01T02:20:49.757+0000][24.955s][info][gc,cpu      ] GC(41) User=0.01s Sys=0.00s Real=0.00s
[2026-07-01T02:20:49.759+0000][24.957s][info][gc,marking  ] GC(41) Concurrent Mark 546.066ms
[2026-07-01T02:20:49.759+0000][24.957s][info][gc,marking  ] GC(41) Concurrent Rebuild Remembered Sets and Scrub Regions
[2026-07-01T02:20:50.068+0000][25.266s][info][gc,marking  ] GC(41) Concurrent Rebuild Remembered Sets and Scrub Regions 309.183ms
[2026-07-01T02:20:50.068+0000][25.266s][info][gc,start    ] GC(41) Pause Cleanup
[2026-07-01T02:20:50.069+0000][25.266s][info][gc          ] GC(41) Pause Cleanup 237M->237M(311M) 0.144ms
[2026-07-01T02:20:50.069+0000][25.266s][info][gc,cpu      ] GC(41) User=0.00s Sys=0.00s Real=0.00s
[2026-07-01T02:20:50.069+0000][25.267s][info][gc,marking  ] GC(41) Concurrent Clear Claimed Marks
[2026-07-01T02:20:50.069+0000][25.267s][info][gc,marking  ] GC(41) Concurrent Clear Claimed Marks 0.078ms
[2026-07-01T02:20:50.069+0000][25.267s][info][gc,marking  ] GC(41) Concurrent Cleanup for Next Mark
[2026-07-01T02:20:50.069+0000][25.267s][info][gc,marking  ] GC(41) Concurrent Cleanup for Next Mark 0.580ms
[2026-07-01T02:20:50.069+0000][25.267s][info][gc          ] GC(41) Concurrent Mark Cycle 873.056ms
[2026-07-01T02:20:50.574+0000][25.772s][info][gc,start    ] GC(42) Pause Young (Prepare Mixed) (G1 Evacuation Pause)
[2026-07-01T02:20:50.574+0000][25.772s][info][gc,task     ] GC(42) Using 2 workers of 2 for evacuation
[2026-07-01T02:20:50.592+0000][25.790s][info][gc,phases   ] GC(42)   Pre Evacuate Collection Set: 0.35ms
[2026-07-01T02:20:50.592+0000][25.790s][info][gc,phases   ] GC(42)   Merge Heap Roots: 0.64ms
[2026-07-01T02:20:50.592+0000][25.790s][info][gc,phases   ] GC(42)   Evacuate Collection Set: 16.34ms
[2026-07-01T02:20:50.592+0000][25.790s][info][gc,phases   ] GC(42)   Post Evacuate Collection Set: 0.58ms
[2026-07-01T02:20:50.592+0000][25.790s][info][gc,phases   ] GC(42)   Other: 0.06ms
[2026-07-01T02:20:50.592+0000][25.790s][info][gc,heap     ] GC(42) Eden regions: 132->0(131)
[2026-07-01T02:20:50.592+0000][25.790s][info][gc,heap     ] GC(42) Survivor regions: 6->7(18)
[2026-07-01T02:20:50.592+0000][25.790s][info][gc,heap     ] GC(42) Old regions: 153->153
[2026-07-01T02:20:50.592+0000][25.790s][info][gc,heap     ] GC(42) Humongous regions: 3->3
[2026-07-01T02:20:50.592+0000][25.790s][info][gc,metaspace] GC(42) Metaspace: 41576K(42368K)->41576K(42368K) NonClass: 36446K(36864K)->36446K(36864K) Class: 5129K(5504K)->5129K(5504K)
[2026-07-01T02:20:50.592+0000][25.790s][info][gc          ] GC(42) Pause Young (Prepare Mixed) (G1 Evacuation Pause) 293M->162M(311M) 18.331ms
[2026-07-01T02:20:50.592+0000][25.790s][info][gc,cpu      ] GC(42) User=0.03s Sys=0.00s Real=0.02s
[2026-07-01T02:20:52.074+0000][27.272s][info][gc,start    ] GC(43) Pause Young (Mixed) (G1 Evacuation Pause)
[2026-07-01T02:20:52.075+0000][27.272s][info][gc,task     ] GC(43) Using 2 workers of 2 for evacuation
[2026-07-01T02:20:52.103+0000][27.301s][info][gc,phases   ] GC(43)   Pre Evacuate Collection Set: 0.18ms
[2026-07-01T02:20:52.103+0000][27.301s][info][gc,phases   ] GC(43)   Merge Heap Roots: 0.33ms
[2026-07-01T02:20:52.103+0000][27.301s][info][gc,phases   ] GC(43)   Evacuate Collection Set: 27.25ms
[2026-07-01T02:20:52.103+0000][27.301s][info][gc,phases   ] GC(43)   Post Evacuate Collection Set: 0.48ms
[2026-07-01T02:20:52.103+0000][27.301s][info][gc,phases   ] GC(43)   Other: 0.06ms
[2026-07-01T02:20:52.103+0000][27.301s][info][gc,heap     ] GC(43) Eden regions: 131->0(132)
[2026-07-01T02:20:52.103+0000][27.301s][info][gc,heap     ] GC(43) Survivor regions: 7->7(18)
[2026-07-01T02:20:52.103+0000][27.301s][info][gc,heap     ] GC(43) Old regions: 153->152
[2026-07-01T02:20:52.103+0000][27.301s][info][gc,heap     ] GC(43) Humongous regions: 3->3
[2026-07-01T02:20:52.103+0000][27.301s][info][gc,metaspace] GC(43) Metaspace: 41581K(42368K)->41581K(42368K) NonClass: 36451K(36864K)->36451K(36864K) Class: 5129K(5504K)->5129K(5504K)
[2026-07-01T02:20:52.103+0000][27.301s][info][gc          ] GC(43) Pause Young (Mixed) (G1 Evacuation Pause) 293M->161M(311M) 28.485ms
[2026-07-01T02:20:52.103+0000][27.301s][info][gc,cpu      ] GC(43) User=0.03s Sys=0.00s Real=0.03s
[2026-07-01T02:20:53.121+0000][28.319s][info][gc,start    ] GC(44) Pause Young (Concurrent Start) (G1 Evacuation Pause)
[2026-07-01T02:20:53.121+0000][28.319s][info][gc,task     ] GC(44) Using 2 workers of 2 for evacuation
[2026-07-01T02:20:53.135+0000][28.333s][info][gc,phases   ] GC(44)   Pre Evacuate Collection Set: 0.39ms
[2026-07-01T02:20:53.135+0000][28.333s][info][gc,phases   ] GC(44)   Merge Heap Roots: 0.31ms
[2026-07-01T02:20:53.135+0000][28.333s][info][gc,phases   ] GC(44)   Evacuate Collection Set: 12.89ms
[2026-07-01T02:20:53.135+0000][28.333s][info][gc,phases   ] GC(44)   Post Evacuate Collection Set: 0.46ms
[2026-07-01T02:20:53.135+0000][28.333s][info][gc,phases   ] GC(44)   Other: 0.07ms
[2026-07-01T02:20:53.135+0000][28.333s][info][gc,heap     ] GC(44) Eden regions: 132->0(131)
[2026-07-01T02:20:53.135+0000][28.333s][info][gc,heap     ] GC(44) Survivor regions: 7->8(18)
[2026-07-01T02:20:53.135+0000][28.333s][info][gc,heap     ] GC(44) Old regions: 152->152
[2026-07-01T02:20:53.135+0000][28.333s][info][gc,heap     ] GC(44) Humongous regions: 3->3
[2026-07-01T02:20:53.135+0000][28.333s][info][gc,metaspace] GC(44) Metaspace: 41584K(42368K)->41584K(42368K) NonClass: 36454K(36864K)->36454K(36864K) Class: 5129K(5504K)->5129K(5504K)
[2026-07-01T02:20:53.135+0000][28.333s][info][gc          ] GC(44) Pause Young (Concurrent Start) (G1 Evacuation Pause) 293M->162M(311M) 14.282ms
[2026-07-01T02:20:53.135+0000][28.333s][info][gc,cpu      ] GC(44) User=0.03s Sys=0.00s Real=0.01s
[2026-07-01T02:20:53.135+0000][28.333s][info][gc          ] GC(45) Concurrent Mark Cycle
[2026-07-01T02:20:53.138+0000][28.335s][info][gc,marking  ] GC(45) Concurrent Scan Root Regions
[2026-07-01T02:20:53.162+0000][28.360s][info][gc,marking  ] GC(45) Concurrent Scan Root Regions 24.020ms
[2026-07-01T02:20:53.162+0000][28.360s][info][gc,marking  ] GC(45) Concurrent Mark
[2026-07-01T02:20:53.162+0000][28.360s][info][gc,marking  ] GC(45) Concurrent Mark From Roots
[2026-07-01T02:20:53.162+0000][28.360s][info][gc,task     ] GC(45) Using 1 workers of 1 for marking
[2026-07-01T02:20:54.104+0000][29.302s][info][gc,marking  ] GC(45) Concurrent Mark From Roots 942.028ms
[2026-07-01T02:20:54.104+0000][29.302s][info][gc,marking  ] GC(45) Concurrent Preclean
[2026-07-01T02:20:54.104+0000][29.302s][info][gc,marking  ] GC(45) Concurrent Preclean 0.116ms
[2026-07-01T02:20:54.105+0000][29.303s][info][gc,start    ] GC(45) Pause Remark
[2026-07-01T02:20:54.112+0000][29.310s][info][gc          ] GC(45) Pause Remark 263M->263M(311M) 7.009ms
[2026-07-01T02:20:54.112+0000][29.310s][info][gc,cpu      ] GC(45) User=0.02s Sys=0.00s Real=0.01s
[2026-07-01T02:20:54.120+0000][29.318s][info][gc,marking  ] GC(45) Concurrent Mark 958.097ms
[2026-07-01T02:20:54.120+0000][29.318s][info][gc,marking  ] GC(45) Concurrent Rebuild Remembered Sets and Scrub Regions
[2026-07-01T02:20:54.394+0000][29.592s][info][gc,start    ] GC(46) Pause Young (Normal) (G1 Evacuation Pause)
[2026-07-01T02:20:54.394+0000][29.592s][info][gc,task     ] GC(46) Using 2 workers of 2 for evacuation
[2026-07-01T02:20:54.408+0000][29.606s][info][gc,phases   ] GC(46)   Pre Evacuate Collection Set: 0.10ms
[2026-07-01T02:20:54.408+0000][29.606s][info][gc,phases   ] GC(46)   Merge Heap Roots: 0.27ms
[2026-07-01T02:20:54.408+0000][29.606s][info][gc,phases   ] GC(46)   Evacuate Collection Set: 12.96ms
[2026-07-01T02:20:54.408+0000][29.606s][info][gc,phases   ] GC(46)   Post Evacuate Collection Set: 0.58ms
[2026-07-01T02:20:54.408+0000][29.606s][info][gc,phases   ] GC(46)   Other: 0.05ms
[2026-07-01T02:20:54.408+0000][29.606s][info][gc,heap     ] GC(46) Eden regions: 131->0(130)
[2026-07-01T02:20:54.408+0000][29.606s][info][gc,heap     ] GC(46) Survivor regions: 8->8(18)
[2026-07-01T02:20:54.408+0000][29.606s][info][gc,heap     ] GC(46) Old regions: 152->153
[2026-07-01T02:20:54.408+0000][29.606s][info][gc,heap     ] GC(46) Humongous regions: 3->3
[2026-07-01T02:20:54.408+0000][29.606s][info][gc,metaspace] GC(46) Metaspace: 41585K(42368K)->41585K(42368K) NonClass: 36455K(36864K)->36455K(36864K) Class: 5129K(5504K)->5129K(5504K)
[2026-07-01T02:20:54.408+0000][29.606s][info][gc          ] GC(46) Pause Young (Normal) (G1 Evacuation Pause) 293M->162M(311M) 14.106ms
[2026-07-01T02:20:54.408+0000][29.606s][info][gc,cpu      ] GC(46) User=0.03s Sys=0.00s Real=0.02s
[2026-07-01T02:20:54.546+0000][29.744s][info][gc,marking  ] GC(45) Concurrent Rebuild Remembered Sets and Scrub Regions 426.113ms
[2026-07-01T02:20:54.546+0000][29.744s][info][gc,start    ] GC(45) Pause Cleanup
[2026-07-01T02:20:54.547+0000][29.744s][info][gc          ] GC(45) Pause Cleanup 178M->178M(311M) 0.154ms
[2026-07-01T02:20:54.547+0000][29.744s][info][gc,cpu      ] GC(45) User=0.00s Sys=0.00s Real=0.00s
[2026-07-01T02:20:54.551+0000][29.749s][info][gc,marking  ] GC(45) Concurrent Clear Claimed Marks
[2026-07-01T02:20:54.551+0000][29.749s][info][gc,marking  ] GC(45) Concurrent Clear Claimed Marks 0.090ms
[2026-07-01T02:20:54.551+0000][29.749s][info][gc,marking  ] GC(45) Concurrent Cleanup for Next Mark
[2026-07-01T02:20:54.552+0000][29.750s][info][gc,marking  ] GC(45) Concurrent Cleanup for Next Mark 0.467ms
[2026-07-01T02:20:54.552+0000][29.750s][info][gc          ] GC(45) Concurrent Mark Cycle 1416.987ms
[2026-07-01T02:20:55.555+0000][30.753s][info][gc,start    ] GC(47) Pause Young (Prepare Mixed) (G1 Evacuation Pause)
[2026-07-01T02:20:55.555+0000][30.753s][info][gc,task     ] GC(47) Using 2 workers of 2 for evacuation
[2026-07-01T02:20:55.576+0000][30.774s][info][gc,phases   ] GC(47)   Pre Evacuate Collection Set: 0.15ms
[2026-07-01T02:20:55.576+0000][30.774s][info][gc,phases   ] GC(47)   Merge Heap Roots: 0.59ms
[2026-07-01T02:20:55.576+0000][30.774s][info][gc,phases   ] GC(47)   Evacuate Collection Set: 19.61ms
[2026-07-01T02:20:55.576+0000][30.774s][info][gc,phases   ] GC(47)   Post Evacuate Collection Set: 0.53ms
[2026-07-01T02:20:55.577+0000][30.774s][info][gc,phases   ] GC(47)   Other: 0.09ms
[2026-07-01T02:20:55.577+0000][30.774s][info][gc,heap     ] GC(47) Eden regions: 130->0(130)
[2026-07-01T02:20:55.577+0000][30.774s][info][gc,heap     ] GC(47) Survivor regions: 8->8(18)
[2026-07-01T02:20:55.577+0000][30.774s][info][gc,heap     ] GC(47) Old regions: 153->153
[2026-07-01T02:20:55.577+0000][30.774s][info][gc,heap     ] GC(47) Humongous regions: 3->3
[2026-07-01T02:20:55.577+0000][30.774s][info][gc,metaspace] GC(47) Metaspace: 41586K(42368K)->41586K(42368K) NonClass: 36457K(36864K)->36457K(36864K) Class: 5129K(5504K)->5129K(5504K)
[2026-07-01T02:20:55.577+0000][30.774s][info][gc          ] GC(47) Pause Young (Prepare Mixed) (G1 Evacuation Pause) 292M->163M(311M) 21.199ms
[2026-07-01T02:20:55.577+0000][30.774s][info][gc,cpu      ] GC(47) User=0.06s Sys=0.00s Real=0.02s
[2026-07-01T02:20:57.019+0000][32.216s][info][gc,start    ] GC(48) Pause Young (Mixed) (G1 Evacuation Pause)
[2026-07-01T02:20:57.019+0000][32.217s][info][gc,task     ] GC(48) Using 2 workers of 2 for evacuation
[2026-07-01T02:20:57.046+0000][32.244s][info][gc,phases   ] GC(48)   Pre Evacuate Collection Set: 0.15ms
[2026-07-01T02:20:57.046+0000][32.244s][info][gc,phases   ] GC(48)   Merge Heap Roots: 0.32ms
[2026-07-01T02:20:57.046+0000][32.244s][info][gc,phases   ] GC(48)   Evacuate Collection Set: 25.98ms
[2026-07-01T02:20:57.046+0000][32.244s][info][gc,phases   ] GC(48)   Post Evacuate Collection Set: 0.63ms
[2026-07-01T02:20:57.046+0000][32.244s][info][gc,phases   ] GC(48)   Other: 0.06ms
[2026-07-01T02:20:57.046+0000][32.244s][info][gc,heap     ] GC(48) Eden regions: 130->0(130)
[2026-07-01T02:20:57.046+0000][32.244s][info][gc,heap     ] GC(48) Survivor regions: 8->8(18)
[2026-07-01T02:20:57.046+0000][32.244s][info][gc,heap     ] GC(48) Old regions: 153->153
[2026-07-01T02:20:57.046+0000][32.244s][info][gc,heap     ] GC(48) Humongous regions: 3->3
[2026-07-01T02:20:57.046+0000][32.244s][info][gc,metaspace] GC(48) Metaspace: 41586K(42368K)->41586K(42368K) NonClass: 36457K(36864K)->36457K(36864K) Class: 5129K(5504K)->5129K(5504K)
[2026-07-01T02:20:57.046+0000][32.244s][info][gc          ] GC(48) Pause Young (Mixed) (G1 Evacuation Pause) 293M->163M(311M) 27.321ms
[2026-07-01T02:20:57.046+0000][32.244s][info][gc,cpu      ] GC(48) User=0.04s Sys=0.00s Real=0.02s
[2026-07-01T02:20:58.214+0000][33.412s][info][gc,start    ] GC(49) Pause Young (Concurrent Start) (G1 Evacuation Pause)
[2026-07-01T02:20:58.215+0000][33.413s][info][gc,task     ] GC(49) Using 2 workers of 2 for evacuation
[2026-07-01T02:20:58.230+0000][33.428s][info][gc,phases   ] GC(49)   Pre Evacuate Collection Set: 0.15ms
[2026-07-01T02:20:58.230+0000][33.428s][info][gc,phases   ] GC(49)   Merge Heap Roots: 0.30ms
[2026-07-01T02:20:58.230+0000][33.428s][info][gc,phases   ] GC(49)   Evacuate Collection Set: 13.98ms
[2026-07-01T02:20:58.230+0000][33.428s][info][gc,phases   ] GC(49)   Post Evacuate Collection Set: 0.47ms
[2026-07-01T02:20:58.230+0000][33.428s][info][gc,phases   ] GC(49)   Other: 0.10ms
[2026-07-01T02:20:58.230+0000][33.428s][info][gc,heap     ] GC(49) Eden regions: 130->0(130)
[2026-07-01T02:20:58.230+0000][33.428s][info][gc,heap     ] GC(49) Survivor regions: 8->8(18)
[2026-07-01T02:20:58.230+0000][33.428s][info][gc,heap     ] GC(49) Old regions: 153->153
[2026-07-01T02:20:58.230+0000][33.428s][info][gc,heap     ] GC(49) Humongous regions: 3->3
[2026-07-01T02:20:58.230+0000][33.428s][info][gc,metaspace] GC(49) Metaspace: 41588K(42368K)->41588K(42368K) NonClass: 36457K(36864K)->36457K(36864K) Class: 5130K(5504K)->5130K(5504K)
[2026-07-01T02:20:58.230+0000][33.428s][info][gc          ] GC(49) Pause Young (Concurrent Start) (G1 Evacuation Pause) 293M->163M(311M) 15.441ms
[2026-07-01T02:20:58.230+0000][33.428s][info][gc          ] GC(50) Concurrent Mark Cycle
[2026-07-01T02:20:58.230+0000][33.428s][info][gc,cpu      ] GC(49) User=0.03s Sys=0.00s Real=0.02s
[2026-07-01T02:20:58.230+0000][33.428s][info][gc,marking  ] GC(50) Concurrent Scan Root Regions
[2026-07-01T02:20:58.261+0000][33.459s][info][gc,marking  ] GC(50) Concurrent Scan Root Regions 31.600ms
[2026-07-01T02:20:58.262+0000][33.459s][info][gc,marking  ] GC(50) Concurrent Mark
[2026-07-01T02:20:58.262+0000][33.459s][info][gc,marking  ] GC(50) Concurrent Mark From Roots
[2026-07-01T02:20:58.262+0000][33.459s][info][gc,task     ] GC(50) Using 1 workers of 1 for marking
[2026-07-01T02:20:59.002+0000][34.199s][info][gc,marking  ] GC(50) Concurrent Mark From Roots 740.129ms
[2026-07-01T02:20:59.002+0000][34.200s][info][gc,marking  ] GC(50) Concurrent Preclean
[2026-07-01T02:20:59.002+0000][34.200s][info][gc,marking  ] GC(50) Concurrent Preclean 0.113ms
[2026-07-01T02:20:59.002+0000][34.200s][info][gc,start    ] GC(50) Pause Remark
[2026-07-01T02:20:59.009+0000][34.207s][info][gc          ] GC(50) Pause Remark 254M->254M(311M) 7.068ms
[2026-07-01T02:20:59.009+0000][34.207s][info][gc,cpu      ] GC(50) User=0.02s Sys=0.00s Real=0.01s
[2026-07-01T02:20:59.012+0000][34.210s][info][gc,marking  ] GC(50) Concurrent Mark 750.353ms
[2026-07-01T02:20:59.012+0000][34.210s][info][gc,marking  ] GC(50) Concurrent Rebuild Remembered Sets and Scrub Regions
[2026-07-01T02:20:59.302+0000][34.500s][info][gc,marking  ] GC(50) Concurrent Rebuild Remembered Sets and Scrub Regions 289.882ms
[2026-07-01T02:20:59.302+0000][34.500s][info][gc,start    ] GC(50) Pause Cleanup
[2026-07-01T02:20:59.302+0000][34.500s][info][gc          ] GC(50) Pause Cleanup 282M->282M(311M) 0.174ms
[2026-07-01T02:20:59.302+0000][34.500s][info][gc,cpu      ] GC(50) User=0.00s Sys=0.00s Real=0.00s
[2026-07-01T02:20:59.312+0000][34.510s][info][gc,marking  ] GC(50) Concurrent Clear Claimed Marks
[2026-07-01T02:20:59.312+0000][34.510s][info][gc,marking  ] GC(50) Concurrent Clear Claimed Marks 0.105ms
[2026-07-01T02:20:59.312+0000][34.510s][info][gc,marking  ] GC(50) Concurrent Cleanup for Next Mark
[2026-07-01T02:20:59.314+0000][34.512s][info][gc,marking  ] GC(50) Concurrent Cleanup for Next Mark 1.835ms
[2026-07-01T02:20:59.314+0000][34.512s][info][gc          ] GC(50) Concurrent Mark Cycle 1084.353ms
[2026-07-01T02:20:59.398+0000][34.596s][info][gc,start    ] GC(51) Pause Young (Prepare Mixed) (G1 Evacuation Pause)
[2026-07-01T02:20:59.398+0000][34.596s][info][gc,task     ] GC(51) Using 2 workers of 2 for evacuation
[2026-07-01T02:20:59.412+0000][34.610s][info][gc,phases   ] GC(51)   Pre Evacuate Collection Set: 0.13ms
[2026-07-01T02:20:59.412+0000][34.610s][info][gc,phases   ] GC(51)   Merge Heap Roots: 0.38ms
[2026-07-01T02:20:59.412+0000][34.610s][info][gc,phases   ] GC(51)   Evacuate Collection Set: 13.02ms
[2026-07-01T02:20:59.412+0000][34.610s][info][gc,phases   ] GC(51)   Post Evacuate Collection Set: 0.42ms
[2026-07-01T02:20:59.412+0000][34.610s][info][gc,phases   ] GC(51)   Other: 0.05ms
[2026-07-01T02:20:59.412+0000][34.610s][info][gc,heap     ] GC(51) Eden regions: 130->0(129)
[2026-07-01T02:20:59.412+0000][34.610s][info][gc,heap     ] GC(51) Survivor regions: 8->8(18)
[2026-07-01T02:20:59.412+0000][34.610s][info][gc,heap     ] GC(51) Old regions: 153->154
[2026-07-01T02:20:59.412+0000][34.610s][info][gc,heap     ] GC(51) Humongous regions: 3->3
[2026-07-01T02:20:59.412+0000][34.610s][info][gc,metaspace] GC(51) Metaspace: 41590K(42368K)->41590K(42368K) NonClass: 36459K(36864K)->36459K(36864K) Class: 5130K(5504K)->5130K(5504K)
[2026-07-01T02:20:59.412+0000][34.610s][info][gc          ] GC(51) Pause Young (Prepare Mixed) (G1 Evacuation Pause) 293M->164M(311M) 14.150ms
[2026-07-01T02:20:59.412+0000][34.610s][info][gc,cpu      ] GC(51) User=0.02s Sys=0.00s Real=0.01s
[2026-07-01T02:21:00.548+0000][35.746s][info][gc,start    ] GC(52) Pause Young (Mixed) (G1 Evacuation Pause)
[2026-07-01T02:21:00.548+0000][35.746s][info][gc,task     ] GC(52) Using 2 workers of 2 for evacuation
[2026-07-01T02:21:00.562+0000][35.760s][info][gc,phases   ] GC(52)   Pre Evacuate Collection Set: 0.18ms
[2026-07-01T02:21:00.562+0000][35.760s][info][gc,phases   ] GC(52)   Merge Heap Roots: 0.25ms
[2026-07-01T02:21:00.562+0000][35.760s][info][gc,phases   ] GC(52)   Evacuate Collection Set: 13.36ms
[2026-07-01T02:21:00.562+0000][35.760s][info][gc,phases   ] GC(52)   Post Evacuate Collection Set: 0.41ms
[2026-07-01T02:21:00.562+0000][35.760s][info][gc,phases   ] GC(52)   Other: 0.06ms
[2026-07-01T02:21:00.562+0000][35.760s][info][gc,heap     ] GC(52) Eden regions: 129->0(128)
[2026-07-01T02:21:00.562+0000][35.760s][info][gc,heap     ] GC(52) Survivor regions: 8->9(18)
[2026-07-01T02:21:00.562+0000][35.760s][info][gc,heap     ] GC(52) Old regions: 154->154
[2026-07-01T02:21:00.562+0000][35.760s][info][gc,heap     ] GC(52) Humongous regions: 3->3
[2026-07-01T02:21:00.562+0000][35.760s][info][gc,metaspace] GC(52) Metaspace: 41590K(42368K)->41590K(42368K) NonClass: 36459K(36864K)->36459K(36864K) Class: 5130K(5504K)->5130K(5504K)
[2026-07-01T02:21:00.562+0000][35.760s][info][gc          ] GC(52) Pause Young (Mixed) (G1 Evacuation Pause) 293M->164M(311M) 14.457ms
[2026-07-01T02:21:00.562+0000][35.760s][info][gc,cpu      ] GC(52) User=0.03s Sys=0.00s Real=0.02s
[2026-07-01T02:21:01.521+0000][36.719s][info][gc,start    ] GC(53) Pause Young (Concurrent Start) (G1 Evacuation Pause)
[2026-07-01T02:21:01.521+0000][36.719s][info][gc,task     ] GC(53) Using 2 workers of 2 for evacuation
[2026-07-01T02:21:01.547+0000][36.744s][info][gc,phases   ] GC(53)   Pre Evacuate Collection Set: 0.16ms
[2026-07-01T02:21:01.547+0000][36.744s][info][gc,phases   ] GC(53)   Merge Heap Roots: 0.43ms
[2026-07-01T02:21:01.547+0000][36.744s][info][gc,phases   ] GC(53)   Evacuate Collection Set: 24.08ms
[2026-07-01T02:21:01.547+0000][36.744s][info][gc,phases   ] GC(53)   Post Evacuate Collection Set: 0.49ms
[2026-07-01T02:21:01.547+0000][36.744s][info][gc,phases   ] GC(53)   Other: 0.07ms
[2026-07-01T02:21:01.547+0000][36.744s][info][gc,heap     ] GC(53) Eden regions: 128->0(129)
[2026-07-01T02:21:01.547+0000][36.744s][info][gc,heap     ] GC(53) Survivor regions: 9->8(18)
[2026-07-01T02:21:01.547+0000][36.745s][info][gc,heap     ] GC(53) Old regions: 154->154
[2026-07-01T02:21:01.547+0000][36.745s][info][gc,heap     ] GC(53) Humongous regions: 3->3
[2026-07-01T02:21:01.547+0000][36.745s][info][gc,metaspace] GC(53) Metaspace: 41590K(42368K)->41590K(42368K) NonClass: 36459K(36864K)->36459K(36864K) Class: 5130K(5504K)->5130K(5504K)
[2026-07-01T02:21:01.547+0000][36.745s][info][gc          ] GC(53) Pause Young (Concurrent Start) (G1 Evacuation Pause) 292M->164M(311M) 25.422ms
[2026-07-01T02:21:01.547+0000][36.745s][info][gc          ] GC(54) Concurrent Mark Cycle
[2026-07-01T02:21:01.547+0000][36.745s][info][gc,marking  ] GC(54) Concurrent Scan Root Regions
[2026-07-01T02:21:01.547+0000][36.745s][info][gc,cpu      ] GC(53) User=0.06s Sys=0.00s Real=0.02s
[2026-07-01T02:21:01.578+0000][36.776s][info][gc,marking  ] GC(54) Concurrent Scan Root Regions 31.721ms
[2026-07-01T02:21:01.579+0000][36.776s][info][gc,marking  ] GC(54) Concurrent Mark
[2026-07-01T02:21:01.579+0000][36.776s][info][gc,marking  ] GC(54) Concurrent Mark From Roots
[2026-07-01T02:21:01.579+0000][36.776s][info][gc,task     ] GC(54) Using 1 workers of 1 for marking
[2026-07-01T02:21:02.230+0000][37.428s][info][gc,marking  ] GC(54) Concurrent Mark From Roots 651.324ms
[2026-07-01T02:21:02.230+0000][37.428s][info][gc,marking  ] GC(54) Concurrent Preclean
[2026-07-01T02:21:02.230+0000][37.428s][info][gc,marking  ] GC(54) Concurrent Preclean 0.176ms
[2026-07-01T02:21:02.232+0000][37.429s][info][gc,start    ] GC(54) Pause Remark
[2026-07-01T02:21:02.239+0000][37.436s][info][gc          ] GC(54) Pause Remark 232M->232M(311M) 6.874ms
[2026-07-01T02:21:02.239+0000][37.436s][info][gc,cpu      ] GC(54) User=0.02s Sys=0.00s Real=0.01s
[2026-07-01T02:21:02.244+0000][37.442s][info][gc,marking  ] GC(54) Concurrent Mark 665.402ms
[2026-07-01T02:21:02.244+0000][37.442s][info][gc,marking  ] GC(54) Concurrent Rebuild Remembered Sets and Scrub Regions
[2026-07-01T02:21:02.524+0000][37.722s][info][gc,marking  ] GC(54) Concurrent Rebuild Remembered Sets and Scrub Regions 280.472ms
[2026-07-01T02:21:02.525+0000][37.723s][info][gc,start    ] GC(54) Pause Cleanup
[2026-07-01T02:21:02.525+0000][37.723s][info][gc          ] GC(54) Pause Cleanup 255M->255M(311M) 0.161ms
[2026-07-01T02:21:02.525+0000][37.723s][info][gc,cpu      ] GC(54) User=0.00s Sys=0.00s Real=0.00s
[2026-07-01T02:21:02.525+0000][37.723s][info][gc,marking  ] GC(54) Concurrent Clear Claimed Marks
[2026-07-01T02:21:02.526+0000][37.723s][info][gc,marking  ] GC(54) Concurrent Clear Claimed Marks 0.238ms
[2026-07-01T02:21:02.526+0000][37.723s][info][gc,marking  ] GC(54) Concurrent Cleanup for Next Mark
[2026-07-01T02:21:02.527+0000][37.725s][info][gc,marking  ] GC(54) Concurrent Cleanup for Next Mark 1.392ms
[2026-07-01T02:21:02.527+0000][37.725s][info][gc          ] GC(54) Concurrent Mark Cycle 980.302ms
[2026-07-01T02:21:02.805+0000][38.003s][info][gc,start    ] GC(55) Pause Young (Prepare Mixed) (G1 Evacuation Pause)
[2026-07-01T02:21:02.805+0000][38.003s][info][gc,task     ] GC(55) Using 2 workers of 2 for evacuation
[2026-07-01T02:21:02.819+0000][38.017s][info][gc,phases   ] GC(55)   Pre Evacuate Collection Set: 0.15ms
[2026-07-01T02:21:02.820+0000][38.017s][info][gc,phases   ] GC(55)   Merge Heap Roots: 0.43ms
[2026-07-01T02:21:02.820+0000][38.017s][info][gc,phases   ] GC(55)   Evacuate Collection Set: 12.96ms
[2026-07-01T02:21:02.820+0000][38.017s][info][gc,phases   ] GC(55)   Post Evacuate Collection Set: 0.49ms
[2026-07-01T02:21:02.820+0000][38.017s][info][gc,phases   ] GC(55)   Other: 0.05ms
[2026-07-01T02:21:02.820+0000][38.017s][info][gc,heap     ] GC(55) Eden regions: 129->0(128)
[2026-07-01T02:21:02.820+0000][38.017s][info][gc,heap     ] GC(55) Survivor regions: 8->8(18)
[2026-07-01T02:21:02.820+0000][38.017s][info][gc,heap     ] GC(55) Old regions: 154->155
[2026-07-01T02:21:02.820+0000][38.017s][info][gc,heap     ] GC(55) Humongous regions: 3->3
[2026-07-01T02:21:02.820+0000][38.017s][info][gc,metaspace] GC(55) Metaspace: 41591K(42368K)->41591K(42368K) NonClass: 36461K(36864K)->36461K(36864K) Class: 5130K(5504K)->5130K(5504K)
[2026-07-01T02:21:02.820+0000][38.017s][info][gc          ] GC(55) Pause Young (Prepare Mixed) (G1 Evacuation Pause) 293M->165M(311M) 14.217ms
[2026-07-01T02:21:02.820+0000][38.017s][info][gc,cpu      ] GC(55) User=0.02s Sys=0.00s Real=0.02s
[2026-07-01T02:21:03.806+0000][39.004s][info][gc,start    ] GC(56) Pause Young (Mixed) (G1 Evacuation Pause)
[2026-07-01T02:21:03.806+0000][39.004s][info][gc,task     ] GC(56) Using 2 workers of 2 for evacuation
[2026-07-01T02:21:03.824+0000][39.022s][info][gc,phases   ] GC(56)   Pre Evacuate Collection Set: 1.35ms
[2026-07-01T02:21:03.824+0000][39.022s][info][gc,phases   ] GC(56)   Merge Heap Roots: 0.50ms
[2026-07-01T02:21:03.824+0000][39.022s][info][gc,phases   ] GC(56)   Evacuate Collection Set: 15.26ms
[2026-07-01T02:21:03.824+0000][39.022s][info][gc,phases   ] GC(56)   Post Evacuate Collection Set: 0.49ms
[2026-07-01T02:21:03.824+0000][39.022s][info][gc,phases   ] GC(56)   Other: 0.07ms
[2026-07-01T02:21:03.824+0000][39.022s][info][gc,heap     ] GC(56) Eden regions: 128->0(127)
[2026-07-01T02:21:03.824+0000][39.022s][info][gc,heap     ] GC(56) Survivor regions: 8->9(17)
[2026-07-01T02:21:03.824+0000][39.022s][info][gc,heap     ] GC(56) Old regions: 155->155
[2026-07-01T02:21:03.824+0000][39.022s][info][gc,heap     ] GC(56) Humongous regions: 3->3
[2026-07-01T02:21:03.824+0000][39.022s][info][gc,metaspace] GC(56) Metaspace: 41593K(42368K)->41593K(42368K) NonClass: 36462K(36864K)->36462K(36864K) Class: 5130K(5504K)->5130K(5504K)
[2026-07-01T02:21:03.824+0000][39.022s][info][gc          ] GC(56) Pause Young (Mixed) (G1 Evacuation Pause) 293M->165M(311M) 17.826ms
[2026-07-01T02:21:03.824+0000][39.022s][info][gc,cpu      ] GC(56) User=0.05s Sys=0.00s Real=0.02s
[2026-07-01T02:21:04.914+0000][40.111s][info][gc,start    ] GC(57) Pause Young (Concurrent Start) (G1 Evacuation Pause)
[2026-07-01T02:21:04.914+0000][40.111s][info][gc,task     ] GC(57) Using 2 workers of 2 for evacuation
[2026-07-01T02:21:04.935+0000][40.133s][info][gc,phases   ] GC(57)   Pre Evacuate Collection Set: 0.20ms
[2026-07-01T02:21:04.935+0000][40.133s][info][gc,phases   ] GC(57)   Merge Heap Roots: 0.54ms
[2026-07-01T02:21:04.935+0000][40.133s][info][gc,phases   ] GC(57)   Evacuate Collection Set: 20.16ms
[2026-07-01T02:21:04.935+0000][40.133s][info][gc,phases   ] GC(57)   Post Evacuate Collection Set: 0.51ms
[2026-07-01T02:21:04.935+0000][40.133s][info][gc,phases   ] GC(57)   Other: 0.10ms
[2026-07-01T02:21:04.935+0000][40.133s][info][gc,heap     ] GC(57) Eden regions: 127->0(128)
[2026-07-01T02:21:04.935+0000][40.133s][info][gc,heap     ] GC(57) Survivor regions: 9->8(17)
[2026-07-01T02:21:04.935+0000][40.133s][info][gc,heap     ] GC(57) Old regions: 155->155
[2026-07-01T02:21:04.935+0000][40.133s][info][gc,heap     ] GC(57) Humongous regions: 3->3
[2026-07-01T02:21:04.935+0000][40.133s][info][gc,metaspace] GC(57) Metaspace: 41593K(42368K)->41593K(42368K) NonClass: 36462K(36864K)->36462K(36864K) Class: 5130K(5504K)->5130K(5504K)
[2026-07-01T02:21:04.935+0000][40.133s][info][gc          ] GC(57) Pause Young (Concurrent Start) (G1 Evacuation Pause) 292M->165M(311M) 21.707ms
[2026-07-01T02:21:04.935+0000][40.133s][info][gc,cpu      ] GC(57) User=0.05s Sys=0.01s Real=0.02s
[2026-07-01T02:21:04.935+0000][40.133s][info][gc          ] GC(58) Concurrent Mark Cycle
[2026-07-01T02:21:04.935+0000][40.133s][info][gc,marking  ] GC(58) Concurrent Scan Root Regions
[2026-07-01T02:21:04.965+0000][40.163s][info][gc,marking  ] GC(58) Concurrent Scan Root Regions 29.646ms
[2026-07-01T02:21:04.965+0000][40.163s][info][gc,marking  ] GC(58) Concurrent Mark
[2026-07-01T02:21:04.965+0000][40.163s][info][gc,marking  ] GC(58) Concurrent Mark From Roots
[2026-07-01T02:21:04.965+0000][40.163s][info][gc,task     ] GC(58) Using 1 workers of 1 for marking
[2026-07-01T02:21:05.758+0000][40.956s][info][gc,marking  ] GC(58) Concurrent Mark From Roots 792.791ms
[2026-07-01T02:21:05.758+0000][40.956s][info][gc,marking  ] GC(58) Concurrent Preclean
[2026-07-01T02:21:05.758+0000][40.956s][info][gc,marking  ] GC(58) Concurrent Preclean 0.084ms
[2026-07-01T02:21:05.759+0000][40.956s][info][gc,start    ] GC(58) Pause Remark
[2026-07-01T02:21:05.766+0000][40.964s][info][gc          ] GC(58) Pause Remark 271M->271M(311M) 7.495ms
[2026-07-01T02:21:05.766+0000][40.964s][info][gc,cpu      ] GC(58) User=0.02s Sys=0.01s Real=0.00s
[2026-07-01T02:21:05.769+0000][40.966s][info][gc,marking  ] GC(58) Concurrent Mark 803.532ms
[2026-07-01T02:21:05.769+0000][40.967s][info][gc,marking  ] GC(58) Concurrent Rebuild Remembered Sets and Scrub Regions
[2026-07-01T02:21:05.967+0000][41.165s][info][gc,start    ] GC(59) Pause Young (Normal) (G1 Evacuation Pause)
[2026-07-01T02:21:05.967+0000][41.165s][info][gc,task     ] GC(59) Using 2 workers of 2 for evacuation
[2026-07-01T02:21:06.003+0000][41.201s][info][gc,phases   ] GC(59)   Pre Evacuate Collection Set: 0.20ms
[2026-07-01T02:21:06.003+0000][41.201s][info][gc,phases   ] GC(59)   Merge Heap Roots: 0.75ms
[2026-07-01T02:21:06.003+0000][41.201s][info][gc,phases   ] GC(59)   Evacuate Collection Set: 34.60ms
[2026-07-01T02:21:06.003+0000][41.201s][info][gc,phases   ] GC(59)   Post Evacuate Collection Set: 0.49ms
[2026-07-01T02:21:06.003+0000][41.201s][info][gc,phases   ] GC(59)   Other: 0.06ms
[2026-07-01T02:21:06.003+0000][41.201s][info][gc,heap     ] GC(59) Eden regions: 128->0(127)
[2026-07-01T02:21:06.003+0000][41.201s][info][gc,heap     ] GC(59) Survivor regions: 8->8(17)
[2026-07-01T02:21:06.003+0000][41.201s][info][gc,heap     ] GC(59) Old regions: 155->156
[2026-07-01T02:21:06.003+0000][41.201s][info][gc,heap     ] GC(59) Humongous regions: 3->3
[2026-07-01T02:21:06.003+0000][41.201s][info][gc,metaspace] GC(59) Metaspace: 41593K(42368K)->41593K(42368K) NonClass: 36462K(36864K)->36462K(36864K) Class: 5130K(5504K)->5130K(5504K)
[2026-07-01T02:21:06.003+0000][41.201s][info][gc          ] GC(59) Pause Young (Normal) (G1 Evacuation Pause) 293M->166M(311M) 36.346ms
[2026-07-01T02:21:06.003+0000][41.201s][info][gc,cpu      ] GC(59) User=0.04s Sys=0.00s Real=0.04s
[2026-07-01T02:21:06.147+0000][41.344s][info][gc,marking  ] GC(58) Concurrent Rebuild Remembered Sets and Scrub Regions 377.890ms
[2026-07-01T02:21:06.147+0000][41.345s][info][gc,start    ] GC(58) Pause Cleanup
[2026-07-01T02:21:06.147+0000][41.345s][info][gc          ] GC(58) Pause Cleanup 183M->183M(311M) 0.183ms
[2026-07-01T02:21:06.147+0000][41.345s][info][gc,cpu      ] GC(58) User=0.00s Sys=0.00s Real=0.00s
[2026-07-01T02:21:06.147+0000][41.345s][info][gc,marking  ] GC(58) Concurrent Clear Claimed Marks
[2026-07-01T02:21:06.147+0000][41.345s][info][gc,marking  ] GC(58) Concurrent Clear Claimed Marks 0.099ms
[2026-07-01T02:21:06.147+0000][41.345s][info][gc,marking  ] GC(58) Concurrent Cleanup for Next Mark
[2026-07-01T02:21:06.148+0000][41.346s][info][gc,marking  ] GC(58) Concurrent Cleanup for Next Mark 0.564ms
[2026-07-01T02:21:06.148+0000][41.346s][info][gc          ] GC(58) Concurrent Mark Cycle 1212.293ms
[2026-07-01T02:21:07.165+0000][42.363s][info][gc,start    ] GC(60) Pause Young (Prepare Mixed) (G1 Evacuation Pause)
[2026-07-01T02:21:07.165+0000][42.363s][info][gc,task     ] GC(60) Using 2 workers of 2 for evacuation
[2026-07-01T02:21:07.209+0000][42.406s][info][gc,phases   ] GC(60)   Pre Evacuate Collection Set: 0.17ms
[2026-07-01T02:21:07.209+0000][42.406s][info][gc,phases   ] GC(60)   Merge Heap Roots: 0.95ms
[2026-07-01T02:21:07.209+0000][42.406s][info][gc,phases   ] GC(60)   Evacuate Collection Set: 41.30ms
[2026-07-01T02:21:07.209+0000][42.406s][info][gc,phases   ] GC(60)   Post Evacuate Collection Set: 0.76ms
[2026-07-01T02:21:07.209+0000][42.406s][info][gc,phases   ] GC(60)   Other: 0.06ms
[2026-07-01T02:21:07.209+0000][42.406s][info][gc,heap     ] GC(60) Eden regions: 127->0(127)
[2026-07-01T02:21:07.209+0000][42.406s][info][gc,heap     ] GC(60) Survivor regions: 8->8(17)
[2026-07-01T02:21:07.209+0000][42.406s][info][gc,heap     ] GC(60) Old regions: 156->156
[2026-07-01T02:21:07.209+0000][42.406s][info][gc,heap     ] GC(60) Humongous regions: 3->3
[2026-07-01T02:21:07.209+0000][42.406s][info][gc,metaspace] GC(60) Metaspace: 41599K(42368K)->41599K(42368K) NonClass: 36468K(36864K)->36468K(36864K) Class: 5130K(5504K)->5130K(5504K)
[2026-07-01T02:21:07.209+0000][42.407s][info][gc          ] GC(60) Pause Young (Prepare Mixed) (G1 Evacuation Pause) 293M->166M(311M) 43.439ms
[2026-07-01T02:21:07.209+0000][42.407s][info][gc,cpu      ] GC(60) User=0.04s Sys=0.00s Real=0.05s
[2026-07-01T02:21:08.060+0000][43.258s][info][gc,start    ] GC(61) Pause Young (Mixed) (G1 Evacuation Pause)
[2026-07-01T02:21:08.060+0000][43.258s][info][gc,task     ] GC(61) Using 2 workers of 2 for evacuation
[2026-07-01T02:21:08.082+0000][43.280s][info][gc,phases   ] GC(61)   Pre Evacuate Collection Set: 0.22ms
[2026-07-01T02:21:08.082+0000][43.280s][info][gc,phases   ] GC(61)   Merge Heap Roots: 0.61ms
[2026-07-01T02:21:08.082+0000][43.280s][info][gc,phases   ] GC(61)   Evacuate Collection Set: 20.96ms
[2026-07-01T02:21:08.082+0000][43.280s][info][gc,phases   ] GC(61)   Post Evacuate Collection Set: 0.51ms
[2026-07-01T02:21:08.082+0000][43.280s][info][gc,phases   ] GC(61)   Other: 0.06ms
[2026-07-01T02:21:08.082+0000][43.280s][info][gc,heap     ] GC(61) Eden regions: 127->0(127)
[2026-07-01T02:21:08.082+0000][43.280s][info][gc,heap     ] GC(61) Survivor regions: 8->8(17)
[2026-07-01T02:21:08.082+0000][43.280s][info][gc,heap     ] GC(61) Old regions: 156->156
[2026-07-01T02:21:08.082+0000][43.280s][info][gc,heap     ] GC(61) Humongous regions: 3->3
[2026-07-01T02:21:08.082+0000][43.280s][info][gc,metaspace] GC(61) Metaspace: 41600K(42368K)->41600K(42368K) NonClass: 36470K(36864K)->36470K(36864K) Class: 5130K(5504K)->5130K(5504K)
[2026-07-01T02:21:08.082+0000][43.280s][info][gc          ] GC(61) Pause Young (Mixed) (G1 Evacuation Pause) 293M->166M(311M) 22.544ms
[2026-07-01T02:21:08.082+0000][43.280s][info][gc,cpu      ] GC(61) User=0.04s Sys=0.00s Real=0.02s
[2026-07-01T02:21:09.001+0000][44.199s][info][gc,start    ] GC(62) Pause Young (Concurrent Start) (G1 Evacuation Pause)
[2026-07-01T02:21:09.001+0000][44.199s][info][gc,task     ] GC(62) Using 2 workers of 2 for evacuation
[2026-07-01T02:21:09.040+0000][44.237s][info][gc,phases   ] GC(62)   Pre Evacuate Collection Set: 0.25ms
[2026-07-01T02:21:09.040+0000][44.238s][info][gc,phases   ] GC(62)   Merge Heap Roots: 0.36ms
[2026-07-01T02:21:09.040+0000][44.238s][info][gc,phases   ] GC(62)   Evacuate Collection Set: 37.50ms
[2026-07-01T02:21:09.040+0000][44.238s][info][gc,phases   ] GC(62)   Post Evacuate Collection Set: 0.47ms
[2026-07-01T02:21:09.040+0000][44.238s][info][gc,phases   ] GC(62)   Other: 0.09ms
[2026-07-01T02:21:09.040+0000][44.238s][info][gc,heap     ] GC(62) Eden regions: 127->0(126)
[2026-07-01T02:21:09.040+0000][44.238s][info][gc,heap     ] GC(62) Survivor regions: 8->8(17)
[2026-07-01T02:21:09.040+0000][44.238s][info][gc,heap     ] GC(62) Old regions: 156->157
[2026-07-01T02:21:09.040+0000][44.238s][info][gc,heap     ] GC(62) Humongous regions: 3->3
[2026-07-01T02:21:09.040+0000][44.238s][info][gc,metaspace] GC(62) Metaspace: 41600K(42368K)->41600K(42368K) NonClass: 36470K(36864K)->36470K(36864K) Class: 5130K(5504K)->5130K(5504K)
[2026-07-01T02:21:09.040+0000][44.238s][info][gc          ] GC(62) Pause Young (Concurrent Start) (G1 Evacuation Pause) 293M->167M(311M) 38.911ms
[2026-07-01T02:21:09.040+0000][44.238s][info][gc,cpu      ] GC(62) User=0.06s Sys=0.00s Real=0.04s
[2026-07-01T02:21:09.044+0000][44.242s][info][gc          ] GC(63) Concurrent Mark Cycle
[2026-07-01T02:21:09.044+0000][44.242s][info][gc,marking  ] GC(63) Concurrent Scan Root Regions
[2026-07-01T02:21:09.074+0000][44.272s][info][gc,marking  ] GC(63) Concurrent Scan Root Regions 29.367ms
[2026-07-01T02:21:09.074+0000][44.272s][info][gc,marking  ] GC(63) Concurrent Mark
[2026-07-01T02:21:09.074+0000][44.272s][info][gc,marking  ] GC(63) Concurrent Mark From Roots
[2026-07-01T02:21:09.074+0000][44.272s][info][gc,task     ] GC(63) Using 1 workers of 1 for marking
[2026-07-01T02:21:09.472+0000][44.670s][info][gc,marking  ] GC(63) Concurrent Mark From Roots 398.437ms
[2026-07-01T02:21:09.472+0000][44.670s][info][gc,marking  ] GC(63) Concurrent Preclean
[2026-07-01T02:21:09.472+0000][44.670s][info][gc,marking  ] GC(63) Concurrent Preclean 0.152ms
[2026-07-01T02:21:09.475+0000][44.673s][info][gc,start    ] GC(63) Pause Remark
[2026-07-01T02:21:09.498+0000][44.696s][info][gc          ] GC(63) Pause Remark 203M->203M(311M) 22.892ms
[2026-07-01T02:21:09.498+0000][44.696s][info][gc,cpu      ] GC(63) User=0.03s Sys=0.00s Real=0.02s
[2026-07-01T02:21:09.502+0000][44.700s][info][gc,marking  ] GC(63) Concurrent Mark 428.248ms
[2026-07-01T02:21:09.502+0000][44.700s][info][gc,marking  ] GC(63) Concurrent Rebuild Remembered Sets and Scrub Regions
[2026-07-01T02:21:09.707+0000][44.905s][info][gc,marking  ] GC(63) Concurrent Rebuild Remembered Sets and Scrub Regions 205.301ms
[2026-07-01T02:21:09.708+0000][44.905s][info][gc,start    ] GC(63) Pause Cleanup
[2026-07-01T02:21:09.708+0000][44.906s][info][gc          ] GC(63) Pause Cleanup 221M->221M(311M) 0.162ms
[2026-07-01T02:21:09.708+0000][44.906s][info][gc,cpu      ] GC(63) User=0.00s Sys=0.00s Real=0.00s
[2026-07-01T02:21:09.709+0000][44.907s][info][gc,marking  ] GC(63) Concurrent Clear Claimed Marks
[2026-07-01T02:21:09.709+0000][44.907s][info][gc,marking  ] GC(63) Concurrent Clear Claimed Marks 0.393ms
[2026-07-01T02:21:09.709+0000][44.907s][info][gc,marking  ] GC(63) Concurrent Cleanup for Next Mark
[2026-07-01T02:21:09.710+0000][44.908s][info][gc,marking  ] GC(63) Concurrent Cleanup for Next Mark 0.909ms
[2026-07-01T02:21:09.710+0000][44.908s][info][gc          ] GC(63) Concurrent Mark Cycle 665.677ms
[2026-07-01T02:21:10.245+0000][45.443s][info][gc,start    ] GC(64) Pause Young (Prepare Mixed) (G1 Evacuation Pause)
[2026-07-01T02:21:10.245+0000][45.443s][info][gc,task     ] GC(64) Using 2 workers of 2 for evacuation
[2026-07-01T02:21:10.261+0000][45.459s][info][gc,phases   ] GC(64)   Pre Evacuate Collection Set: 0.45ms
[2026-07-01T02:21:10.261+0000][45.459s][info][gc,phases   ] GC(64)   Merge Heap Roots: 0.49ms
[2026-07-01T02:21:10.261+0000][45.459s][info][gc,phases   ] GC(64)   Evacuate Collection Set: 13.88ms
[2026-07-01T02:21:10.261+0000][45.459s][info][gc,phases   ] GC(64)   Post Evacuate Collection Set: 0.41ms
[2026-07-01T02:21:10.261+0000][45.459s][info][gc,phases   ] GC(64)   Other: 0.05ms
[2026-07-01T02:21:10.261+0000][45.459s][info][gc,heap     ] GC(64) Eden regions: 126->0(126)
[2026-07-01T02:21:10.261+0000][45.459s][info][gc,heap     ] GC(64) Survivor regions: 8->8(17)
[2026-07-01T02:21:10.261+0000][45.459s][info][gc,heap     ] GC(64) Old regions: 157->157
[2026-07-01T02:21:10.261+0000][45.459s][info][gc,heap     ] GC(64) Humongous regions: 3->3
[2026-07-01T02:21:10.261+0000][45.459s][info][gc,metaspace] GC(64) Metaspace: 41604K(42368K)->41604K(42368K) NonClass: 36474K(36864K)->36474K(36864K) Class: 5130K(5504K)->5130K(5504K)
[2026-07-01T02:21:10.261+0000][45.459s][info][gc          ] GC(64) Pause Young (Prepare Mixed) (G1 Evacuation Pause) 293M->167M(311M) 15.452ms
[2026-07-01T02:21:10.261+0000][45.459s][info][gc,cpu      ] GC(64) User=0.03s Sys=0.00s Real=0.02s
[2026-07-01T02:21:11.073+0000][46.271s][info][gc,start    ] GC(65) Pause Young (Mixed) (G1 Evacuation Pause)
[2026-07-01T02:21:11.073+0000][46.271s][info][gc,task     ] GC(65) Using 2 workers of 2 for evacuation
[2026-07-01T02:21:11.089+0000][46.287s][info][gc,phases   ] GC(65)   Pre Evacuate Collection Set: 0.20ms
[2026-07-01T02:21:11.089+0000][46.287s][info][gc,phases   ] GC(65)   Merge Heap Roots: 0.60ms
[2026-07-01T02:21:11.089+0000][46.287s][info][gc,phases   ] GC(65)   Evacuate Collection Set: 15.23ms
[2026-07-01T02:21:11.089+0000][46.287s][info][gc,phases   ] GC(65)   Post Evacuate Collection Set: 0.50ms
[2026-07-01T02:21:11.089+0000][46.287s][info][gc,phases   ] GC(65)   Other: 0.06ms
[2026-07-01T02:21:11.089+0000][46.287s][info][gc,heap     ] GC(65) Eden regions: 126->0(125)
[2026-07-01T02:21:11.089+0000][46.287s][info][gc,heap     ] GC(65) Survivor regions: 8->9(17)
[2026-07-01T02:21:11.089+0000][46.287s][info][gc,heap     ] GC(65) Old regions: 157->157
[2026-07-01T02:21:11.089+0000][46.287s][info][gc,heap     ] GC(65) Humongous regions: 3->3
[2026-07-01T02:21:11.089+0000][46.287s][info][gc,metaspace] GC(65) Metaspace: 41625K(42368K)->41625K(42368K) NonClass: 36494K(36864K)->36494K(36864K) Class: 5131K(5504K)->5131K(5504K)
[2026-07-01T02:21:11.090+0000][46.287s][info][gc          ] GC(65) Pause Young (Mixed) (G1 Evacuation Pause) 293M->168M(311M) 16.745ms
[2026-07-01T02:21:11.090+0000][46.287s][info][gc,cpu      ] GC(65) User=0.03s Sys=0.00s Real=0.02s
[2026-07-01T02:21:11.784+0000][46.982s][info][gc,start    ] GC(66) Pause Young (Concurrent Start) (G1 Evacuation Pause)
[2026-07-01T02:21:11.784+0000][46.982s][info][gc,task     ] GC(66) Using 2 workers of 2 for evacuation
[2026-07-01T02:21:11.813+0000][47.011s][info][gc,phases   ] GC(66)   Pre Evacuate Collection Set: 0.32ms
[2026-07-01T02:21:11.813+0000][47.011s][info][gc,phases   ] GC(66)   Merge Heap Roots: 0.43ms
[2026-07-01T02:21:11.813+0000][47.011s][info][gc,phases   ] GC(66)   Evacuate Collection Set: 27.29ms
[2026-07-01T02:21:11.813+0000][47.011s][info][gc,phases   ] GC(66)   Post Evacuate Collection Set: 0.45ms
[2026-07-01T02:21:11.813+0000][47.011s][info][gc,phases   ] GC(66)   Other: 0.07ms
[2026-07-01T02:21:11.813+0000][47.011s][info][gc,heap     ] GC(66) Eden regions: 125->0(125)
[2026-07-01T02:21:11.813+0000][47.011s][info][gc,heap     ] GC(66) Survivor regions: 9->8(17)
[2026-07-01T02:21:11.813+0000][47.011s][info][gc,heap     ] GC(66) Old regions: 157->158
[2026-07-01T02:21:11.813+0000][47.011s][info][gc,heap     ] GC(66) Humongous regions: 3->3
[2026-07-01T02:21:11.813+0000][47.011s][info][gc,metaspace] GC(66) Metaspace: 41628K(42432K)->41628K(42432K) NonClass: 36496K(36928K)->36496K(36928K) Class: 5131K(5504K)->5131K(5504K)
[2026-07-01T02:21:11.813+0000][47.011s][info][gc          ] GC(66) Pause Young (Concurrent Start) (G1 Evacuation Pause) 293M->168M(311M) 28.714ms
[2026-07-01T02:21:11.813+0000][47.011s][info][gc          ] GC(67) Concurrent Mark Cycle
[2026-07-01T02:21:11.813+0000][47.011s][info][gc,marking  ] GC(67) Concurrent Scan Root Regions
[2026-07-01T02:21:11.813+0000][47.011s][info][gc,cpu      ] GC(66) User=0.05s Sys=0.01s Real=0.03s
[2026-07-01T02:21:11.845+0000][47.043s][info][gc,marking  ] GC(67) Concurrent Scan Root Regions 32.388ms
[2026-07-01T02:21:11.846+0000][47.043s][info][gc,marking  ] GC(67) Concurrent Mark
[2026-07-01T02:21:11.846+0000][47.043s][info][gc,marking  ] GC(67) Concurrent Mark From Roots
[2026-07-01T02:21:11.846+0000][47.043s][info][gc,task     ] GC(67) Using 1 workers of 1 for marking
[2026-07-01T02:21:12.330+0000][47.527s][info][gc,marking  ] GC(67) Concurrent Mark From Roots 484.110ms
[2026-07-01T02:21:12.330+0000][47.528s][info][gc,marking  ] GC(67) Concurrent Preclean
[2026-07-01T02:21:12.330+0000][47.528s][info][gc,marking  ] GC(67) Concurrent Preclean 0.056ms
[2026-07-01T02:21:12.330+0000][47.528s][info][gc,start    ] GC(67) Pause Remark
[2026-07-01T02:21:12.338+0000][47.536s][info][gc          ] GC(67) Pause Remark 213M->213M(311M) 8.471ms
[2026-07-01T02:21:12.338+0000][47.536s][info][gc,cpu      ] GC(67) User=0.02s Sys=0.00s Real=0.01s
[2026-07-01T02:21:12.339+0000][47.537s][info][gc,marking  ] GC(67) Concurrent Mark 493.539ms
[2026-07-01T02:21:12.339+0000][47.537s][info][gc,marking  ] GC(67) Concurrent Rebuild Remembered Sets and Scrub Regions
[2026-07-01T02:21:12.551+0000][47.749s][info][gc,marking  ] GC(67) Concurrent Rebuild Remembered Sets and Scrub Regions 211.683ms
[2026-07-01T02:21:12.551+0000][47.749s][info][gc,start    ] GC(67) Pause Cleanup
[2026-07-01T02:21:12.551+0000][47.749s][info][gc          ] GC(67) Pause Cleanup 230M->230M(311M) 0.256ms
[2026-07-01T02:21:12.551+0000][47.749s][info][gc,cpu      ] GC(67) User=0.00s Sys=0.00s Real=0.00s
[2026-07-01T02:21:12.551+0000][47.749s][info][gc,marking  ] GC(67) Concurrent Clear Claimed Marks
[2026-07-01T02:21:12.552+0000][47.749s][info][gc,marking  ] GC(67) Concurrent Clear Claimed Marks 0.081ms
[2026-07-01T02:21:12.552+0000][47.749s][info][gc,marking  ] GC(67) Concurrent Cleanup for Next Mark
[2026-07-01T02:21:12.552+0000][47.750s][info][gc,marking  ] GC(67) Concurrent Cleanup for Next Mark 0.576ms
[2026-07-01T02:21:12.552+0000][47.750s][info][gc          ] GC(67) Concurrent Mark Cycle 739.063ms
[2026-07-01T02:21:13.096+0000][48.294s][info][gc,start    ] GC(68) Pause Young (Prepare Mixed) (G1 Evacuation Pause)
[2026-07-01T02:21:13.096+0000][48.294s][info][gc,task     ] GC(68) Using 2 workers of 2 for evacuation
[2026-07-01T02:21:13.125+0000][48.323s][info][gc,phases   ] GC(68)   Pre Evacuate Collection Set: 0.17ms
[2026-07-01T02:21:13.125+0000][48.323s][info][gc,phases   ] GC(68)   Merge Heap Roots: 0.67ms
[2026-07-01T02:21:13.125+0000][48.323s][info][gc,phases   ] GC(68)   Evacuate Collection Set: 27.04ms
[2026-07-01T02:21:13.125+0000][48.323s][info][gc,phases   ] GC(68)   Post Evacuate Collection Set: 1.01ms
[2026-07-01T02:21:13.125+0000][48.323s][info][gc,phases   ] GC(68)   Other: 0.05ms
[2026-07-01T02:21:13.125+0000][48.323s][info][gc,heap     ] GC(68) Eden regions: 125->0(125)
[2026-07-01T02:21:13.125+0000][48.323s][info][gc,heap     ] GC(68) Survivor regions: 8->8(17)
[2026-07-01T02:21:13.125+0000][48.323s][info][gc,heap     ] GC(68) Old regions: 158->158
[2026-07-01T02:21:13.125+0000][48.323s][info][gc,heap     ] GC(68) Humongous regions: 3->3
[2026-07-01T02:21:13.125+0000][48.323s][info][gc,metaspace] GC(68) Metaspace: 41628K(42432K)->41628K(42432K) NonClass: 36496K(36928K)->36496K(36928K) Class: 5131K(5504K)->5131K(5504K)
[2026-07-01T02:21:13.125+0000][48.323s][info][gc          ] GC(68) Pause Young (Prepare Mixed) (G1 Evacuation Pause) 293M->168M(311M) 29.128ms
[2026-07-01T02:21:13.125+0000][48.323s][info][gc,cpu      ] GC(68) User=0.06s Sys=0.01s Real=0.03s
[2026-07-01T02:21:14.110+0000][49.308s][info][gc,start    ] GC(69) Pause Young (Mixed) (G1 Evacuation Pause)
[2026-07-01T02:21:14.110+0000][49.308s][info][gc,task     ] GC(69) Using 2 workers of 2 for evacuation
[2026-07-01T02:21:14.135+0000][49.332s][info][gc,phases   ] GC(69)   Pre Evacuate Collection Set: 0.22ms
[2026-07-01T02:21:14.135+0000][49.332s][info][gc,phases   ] GC(69)   Merge Heap Roots: 0.54ms
[2026-07-01T02:21:14.135+0000][49.332s][info][gc,phases   ] GC(69)   Evacuate Collection Set: 22.91ms
[2026-07-01T02:21:14.135+0000][49.333s][info][gc,phases   ] GC(69)   Post Evacuate Collection Set: 0.53ms
[2026-07-01T02:21:14.135+0000][49.333s][info][gc,phases   ] GC(69)   Other: 0.08ms
[2026-07-01T02:21:14.135+0000][49.333s][info][gc,heap     ] GC(69) Eden regions: 125->0(125)
[2026-07-01T02:21:14.135+0000][49.333s][info][gc,heap     ] GC(69) Survivor regions: 8->8(17)
[2026-07-01T02:21:14.135+0000][49.333s][info][gc,heap     ] GC(69) Old regions: 158->158
[2026-07-01T02:21:14.135+0000][49.333s][info][gc,heap     ] GC(69) Humongous regions: 3->3
[2026-07-01T02:21:14.135+0000][49.333s][info][gc,metaspace] GC(69) Metaspace: 41628K(42432K)->41628K(42432K) NonClass: 36496K(36928K)->36496K(36928K) Class: 5131K(5504K)->5131K(5504K)
[2026-07-01T02:21:14.135+0000][49.333s][info][gc          ] GC(69) Pause Young (Mixed) (G1 Evacuation Pause) 293M->168M(311M) 24.455ms
[2026-07-01T02:21:14.135+0000][49.333s][info][gc,cpu      ] GC(69) User=0.05s Sys=0.00s Real=0.02s
[2026-07-01T02:21:14.771+0000][49.969s][info][gc,start    ] GC(70) Pause Young (Concurrent Start) (G1 Evacuation Pause)
[2026-07-01T02:21:14.772+0000][49.969s][info][gc,task     ] GC(70) Using 2 workers of 2 for evacuation
[2026-07-01T02:21:14.792+0000][49.990s][info][gc,phases   ] GC(70)   Pre Evacuate Collection Set: 0.56ms
[2026-07-01T02:21:14.792+0000][49.990s][info][gc,phases   ] GC(70)   Merge Heap Roots: 0.28ms
[2026-07-01T02:21:14.792+0000][49.990s][info][gc,phases   ] GC(70)   Evacuate Collection Set: 19.35ms
[2026-07-01T02:21:14.792+0000][49.990s][info][gc,phases   ] GC(70)   Post Evacuate Collection Set: 0.47ms
[2026-07-01T02:21:14.792+0000][49.990s][info][gc,phases   ] GC(70)   Other: 0.11ms
[2026-07-01T02:21:14.792+0000][49.990s][info][gc,heap     ] GC(70) Eden regions: 125->0(124)
[2026-07-01T02:21:14.792+0000][49.990s][info][gc,heap     ] GC(70) Survivor regions: 8->8(17)
[2026-07-01T02:21:14.792+0000][49.990s][info][gc,heap     ] GC(70) Old regions: 158->159
[2026-07-01T02:21:14.792+0000][49.990s][info][gc,heap     ] GC(70) Humongous regions: 3->3
[2026-07-01T02:21:14.792+0000][49.990s][info][gc,metaspace] GC(70) Metaspace: 41641K(42496K)->41641K(42496K) NonClass: 36509K(36992K)->36509K(36992K) Class: 5132K(5504K)->5132K(5504K)
[2026-07-01T02:21:14.792+0000][49.990s][info][gc          ] GC(70) Pause Young (Concurrent Start) (G1 Evacuation Pause) 293M->169M(311M) 20.928ms
[2026-07-01T02:21:14.792+0000][49.990s][info][gc          ] GC(71) Concurrent Mark Cycle
[2026-07-01T02:21:14.792+0000][49.990s][info][gc,marking  ] GC(71) Concurrent Scan Root Regions
[2026-07-01T02:21:14.792+0000][49.990s][info][gc,cpu      ] GC(70) User=0.04s Sys=0.01s Real=0.02s
[2026-07-01T02:21:14.817+0000][50.015s][info][gc,marking  ] GC(71) Concurrent Scan Root Regions 24.689ms
[2026-07-01T02:21:14.817+0000][50.015s][info][gc,marking  ] GC(71) Concurrent Mark
[2026-07-01T02:21:14.817+0000][50.015s][info][gc,marking  ] GC(71) Concurrent Mark From Roots
[2026-07-01T02:21:14.817+0000][50.015s][info][gc,task     ] GC(71) Using 1 workers of 1 for marking
[2026-07-01T02:21:15.468+0000][50.666s][info][gc,marking  ] GC(71) Concurrent Mark From Roots 650.946ms
[2026-07-01T02:21:15.468+0000][50.666s][info][gc,marking  ] GC(71) Concurrent Preclean
[2026-07-01T02:21:15.468+0000][50.666s][info][gc,marking  ] GC(71) Concurrent Preclean 0.101ms
[2026-07-01T02:21:15.468+0000][50.666s][info][gc,start    ] GC(71) Pause Remark
[2026-07-01T02:21:15.475+0000][50.673s][info][gc          ] GC(71) Pause Remark 280M->280M(311M) 6.398ms
[2026-07-01T02:21:15.475+0000][50.673s][info][gc,cpu      ] GC(71) User=0.01s Sys=0.00s Real=0.00s
[2026-07-01T02:21:15.478+0000][50.675s][info][gc,marking  ] GC(71) Concurrent Mark 660.484ms
[2026-07-01T02:21:15.478+0000][50.675s][info][gc,marking  ] GC(71) Concurrent Rebuild Remembered Sets and Scrub Regions
[2026-07-01T02:21:15.543+0000][50.741s][info][gc,start    ] GC(72) Pause Young (Normal) (G1 Evacuation Pause)
[2026-07-01T02:21:15.543+0000][50.741s][info][gc,task     ] GC(72) Using 2 workers of 2 for evacuation
[2026-07-01T02:21:15.566+0000][50.764s][info][gc,phases   ] GC(72)   Pre Evacuate Collection Set: 0.26ms
[2026-07-01T02:21:15.566+0000][50.764s][info][gc,phases   ] GC(72)   Merge Heap Roots: 0.35ms
[2026-07-01T02:21:15.566+0000][50.764s][info][gc,phases   ] GC(72)   Evacuate Collection Set: 21.34ms
[2026-07-01T02:21:15.566+0000][50.764s][info][gc,phases   ] GC(72)   Post Evacuate Collection Set: 0.57ms
[2026-07-01T02:21:15.566+0000][50.764s][info][gc,phases   ] GC(72)   Other: 0.06ms
[2026-07-01T02:21:15.566+0000][50.764s][info][gc,heap     ] GC(72) Eden regions: 124->0(124)
[2026-07-01T02:21:15.566+0000][50.764s][info][gc,heap     ] GC(72) Survivor regions: 8->8(17)
[2026-07-01T02:21:15.566+0000][50.764s][info][gc,heap     ] GC(72) Old regions: 159->159
[2026-07-01T02:21:15.566+0000][50.764s][info][gc,heap     ] GC(72) Humongous regions: 3->3
[2026-07-01T02:21:15.566+0000][50.764s][info][gc,metaspace] GC(72) Metaspace: 41645K(42496K)->41645K(42496K) NonClass: 36512K(36992K)->36512K(36992K) Class: 5132K(5504K)->5132K(5504K)
[2026-07-01T02:21:15.566+0000][50.764s][info][gc          ] GC(72) Pause Young (Normal) (G1 Evacuation Pause) 293M->169M(311M) 22.729ms
[2026-07-01T02:21:15.566+0000][50.764s][info][gc,cpu      ] GC(72) User=0.04s Sys=0.00s Real=0.02s
[2026-07-01T02:21:15.891+0000][51.089s][info][gc,marking  ] GC(71) Concurrent Rebuild Remembered Sets and Scrub Regions 413.806ms
[2026-07-01T02:21:15.892+0000][51.090s][info][gc,start    ] GC(71) Pause Cleanup
[2026-07-01T02:21:15.893+0000][51.091s][info][gc          ] GC(71) Pause Cleanup 236M->236M(311M) 0.680ms
[2026-07-01T02:21:15.893+0000][51.091s][info][gc,cpu      ] GC(71) User=0.00s Sys=0.00s Real=0.00s
[2026-07-01T02:21:15.895+0000][51.093s][info][gc,marking  ] GC(71) Concurrent Clear Claimed Marks
[2026-07-01T02:21:15.895+0000][51.093s][info][gc,marking  ] GC(71) Concurrent Clear Claimed Marks 0.091ms
[2026-07-01T02:21:15.895+0000][51.093s][info][gc,marking  ] GC(71) Concurrent Cleanup for Next Mark
[2026-07-01T02:21:15.896+0000][51.094s][info][gc,marking  ] GC(71) Concurrent Cleanup for Next Mark 0.504ms
[2026-07-01T02:21:15.896+0000][51.094s][info][gc          ] GC(71) Concurrent Mark Cycle 1103.330ms
[2026-07-01T02:21:16.162+0000][51.360s][info][gc,start    ] GC(73) Pause Young (Prepare Mixed) (G1 Evacuation Pause)
[2026-07-01T02:21:16.162+0000][51.360s][info][gc,task     ] GC(73) Using 2 workers of 2 for evacuation
[2026-07-01T02:21:16.178+0000][51.376s][info][gc,phases   ] GC(73)   Pre Evacuate Collection Set: 0.24ms
[2026-07-01T02:21:16.178+0000][51.376s][info][gc,phases   ] GC(73)   Merge Heap Roots: 0.87ms
[2026-07-01T02:21:16.178+0000][51.376s][info][gc,phases   ] GC(73)   Evacuate Collection Set: 14.00ms
[2026-07-01T02:21:16.178+0000][51.376s][info][gc,phases   ] GC(73)   Post Evacuate Collection Set: 0.44ms
[2026-07-01T02:21:16.178+0000][51.376s][info][gc,phases   ] GC(73)   Other: 0.09ms
[2026-07-01T02:21:16.178+0000][51.376s][info][gc,heap     ] GC(73) Eden regions: 124->0(123)
[2026-07-01T02:21:16.178+0000][51.376s][info][gc,heap     ] GC(73) Survivor regions: 8->8(17)
[2026-07-01T02:21:16.178+0000][51.376s][info][gc,heap     ] GC(73) Old regions: 159->160
[2026-07-01T02:21:16.178+0000][51.376s][info][gc,heap     ] GC(73) Humongous regions: 3->3
[2026-07-01T02:21:16.178+0000][51.376s][info][gc,metaspace] GC(73) Metaspace: 41645K(42496K)->41645K(42496K) NonClass: 36512K(36992K)->36512K(36992K) Class: 5132K(5504K)->5132K(5504K)
[2026-07-01T02:21:16.178+0000][51.376s][info][gc          ] GC(73) Pause Young (Prepare Mixed) (G1 Evacuation Pause) 293M->170M(311M) 15.825ms
[2026-07-01T02:21:16.178+0000][51.376s][info][gc,cpu      ] GC(73) User=0.03s Sys=0.00s Real=0.02s
[2026-07-01T02:21:17.117+0000][52.314s][info][gc,start    ] GC(74) Pause Young (Mixed) (G1 Evacuation Pause)
[2026-07-01T02:21:17.117+0000][52.314s][info][gc,task     ] GC(74) Using 2 workers of 2 for evacuation
[2026-07-01T02:21:17.139+0000][52.336s][info][gc,phases   ] GC(74)   Pre Evacuate Collection Set: 0.19ms
[2026-07-01T02:21:17.139+0000][52.337s][info][gc,phases   ] GC(74)   Merge Heap Roots: 0.35ms
[2026-07-01T02:21:17.139+0000][52.337s][info][gc,phases   ] GC(74)   Evacuate Collection Set: 20.77ms
[2026-07-01T02:21:17.139+0000][52.337s][info][gc,phases   ] GC(74)   Post Evacuate Collection Set: 0.62ms
[2026-07-01T02:21:17.139+0000][52.337s][info][gc,phases   ] GC(74)   Other: 0.07ms
[2026-07-01T02:21:17.139+0000][52.337s][info][gc,heap     ] GC(74) Eden regions: 123->0(123)
[2026-07-01T02:21:17.139+0000][52.337s][info][gc,heap     ] GC(74) Survivor regions: 8->8(17)
[2026-07-01T02:21:17.139+0000][52.337s][info][gc,heap     ] GC(74) Old regions: 160->160
[2026-07-01T02:21:17.139+0000][52.337s][info][gc,heap     ] GC(74) Humongous regions: 3->3
[2026-07-01T02:21:17.139+0000][52.337s][info][gc,metaspace] GC(74) Metaspace: 41645K(42496K)->41645K(42496K) NonClass: 36512K(36992K)->36512K(36992K) Class: 5132K(5504K)->5132K(5504K)
[2026-07-01T02:21:17.139+0000][52.337s][info][gc          ] GC(74) Pause Young (Mixed) (G1 Evacuation Pause) 293M->170M(311M) 22.200ms
[2026-07-01T02:21:17.139+0000][52.337s][info][gc,cpu      ] GC(74) User=0.05s Sys=0.00s Real=0.03s
[2026-07-01T02:21:18.112+0000][53.310s][info][gc,start    ] GC(75) Pause Young (Concurrent Start) (G1 Evacuation Pause)
[2026-07-01T02:21:18.112+0000][53.310s][info][gc,task     ] GC(75) Using 2 workers of 2 for evacuation
[2026-07-01T02:21:18.131+0000][53.329s][info][gc,phases   ] GC(75)   Pre Evacuate Collection Set: 0.46ms
[2026-07-01T02:21:18.131+0000][53.329s][info][gc,phases   ] GC(75)   Merge Heap Roots: 0.37ms
[2026-07-01T02:21:18.131+0000][53.329s][info][gc,phases   ] GC(75)   Evacuate Collection Set: 17.35ms
[2026-07-01T02:21:18.131+0000][53.329s][info][gc,phases   ] GC(75)   Post Evacuate Collection Set: 0.51ms
[2026-07-01T02:21:18.131+0000][53.329s][info][gc,phases   ] GC(75)   Other: 0.09ms
[2026-07-01T02:21:18.131+0000][53.329s][info][gc,heap     ] GC(75) Eden regions: 123->0(123)
[2026-07-01T02:21:18.131+0000][53.329s][info][gc,heap     ] GC(75) Survivor regions: 8->8(17)
[2026-07-01T02:21:18.131+0000][53.329s][info][gc,heap     ] GC(75) Old regions: 160->160
[2026-07-01T02:21:18.131+0000][53.329s][info][gc,heap     ] GC(75) Humongous regions: 3->3
[2026-07-01T02:21:18.131+0000][53.329s][info][gc,metaspace] GC(75) Metaspace: 41645K(42496K)->41645K(42496K) NonClass: 36512K(36992K)->36512K(36992K) Class: 5132K(5504K)->5132K(5504K)
[2026-07-01T02:21:18.131+0000][53.329s][info][gc          ] GC(75) Pause Young (Concurrent Start) (G1 Evacuation Pause) 293M->170M(311M) 18.964ms
[2026-07-01T02:21:18.131+0000][53.329s][info][gc          ] GC(76) Concurrent Mark Cycle
[2026-07-01T02:21:18.131+0000][53.329s][info][gc,marking  ] GC(76) Concurrent Scan Root Regions
[2026-07-01T02:21:18.131+0000][53.329s][info][gc,cpu      ] GC(75) User=0.03s Sys=0.00s Real=0.02s
[2026-07-01T02:21:18.147+0000][53.345s][info][gc,marking  ] GC(76) Concurrent Scan Root Regions 15.676ms
[2026-07-01T02:21:18.147+0000][53.345s][info][gc,marking  ] GC(76) Concurrent Mark
[2026-07-01T02:21:18.147+0000][53.345s][info][gc,marking  ] GC(76) Concurrent Mark From Roots
[2026-07-01T02:21:18.147+0000][53.345s][info][gc,task     ] GC(76) Using 1 workers of 1 for marking
[2026-07-01T02:21:18.582+0000][53.780s][info][gc,marking  ] GC(76) Concurrent Mark From Roots 435.337ms
[2026-07-01T02:21:18.582+0000][53.780s][info][gc,marking  ] GC(76) Concurrent Preclean
[2026-07-01T02:21:18.582+0000][53.780s][info][gc,marking  ] GC(76) Concurrent Preclean 0.057ms
[2026-07-01T02:21:18.583+0000][53.780s][info][gc,start    ] GC(76) Pause Remark
[2026-07-01T02:21:18.590+0000][53.787s][info][gc          ] GC(76) Pause Remark 241M->241M(311M) 6.989ms
[2026-07-01T02:21:18.590+0000][53.787s][info][gc,cpu      ] GC(76) User=0.01s Sys=0.00s Real=0.01s
[2026-07-01T02:21:18.593+0000][53.791s][info][gc,marking  ] GC(76) Concurrent Mark 446.264ms
[2026-07-01T02:21:18.593+0000][53.791s][info][gc,marking  ] GC(76) Concurrent Rebuild Remembered Sets and Scrub Regions
[2026-07-01T02:21:18.759+0000][53.957s][info][gc,marking  ] GC(76) Concurrent Rebuild Remembered Sets and Scrub Regions 166.079ms
[2026-07-01T02:21:18.760+0000][53.958s][info][gc,start    ] GC(76) Pause Cleanup
[2026-07-01T02:21:18.760+0000][53.958s][info][gc          ] GC(76) Pause Cleanup 266M->266M(311M) 0.169ms
[2026-07-01T02:21:18.760+0000][53.958s][info][gc,cpu      ] GC(76) User=0.00s Sys=0.00s Real=0.00s
[2026-07-01T02:21:18.761+0000][53.958s][info][gc,marking  ] GC(76) Concurrent Clear Claimed Marks
[2026-07-01T02:21:18.761+0000][53.959s][info][gc,marking  ] GC(76) Concurrent Clear Claimed Marks 0.169ms
[2026-07-01T02:21:18.761+0000][53.959s][info][gc,marking  ] GC(76) Concurrent Cleanup for Next Mark
[2026-07-01T02:21:18.763+0000][53.961s][info][gc,marking  ] GC(76) Concurrent Cleanup for Next Mark 2.475ms
[2026-07-01T02:21:18.763+0000][53.961s][info][gc          ] GC(76) Concurrent Mark Cycle 632.042ms
[2026-07-01T02:21:18.904+0000][54.101s][info][gc,start    ] GC(77) Pause Young (Prepare Mixed) (G1 Evacuation Pause)
[2026-07-01T02:21:18.904+0000][54.101s][info][gc,task     ] GC(77) Using 2 workers of 2 for evacuation
[2026-07-01T02:21:18.919+0000][54.117s][info][gc,phases   ] GC(77)   Pre Evacuate Collection Set: 0.32ms
[2026-07-01T02:21:18.919+0000][54.117s][info][gc,phases   ] GC(77)   Merge Heap Roots: 0.54ms
[2026-07-01T02:21:18.919+0000][54.117s][info][gc,phases   ] GC(77)   Evacuate Collection Set: 13.75ms
[2026-07-01T02:21:18.919+0000][54.117s][info][gc,phases   ] GC(77)   Post Evacuate Collection Set: 0.50ms
[2026-07-01T02:21:18.919+0000][54.117s][info][gc,phases   ] GC(77)   Other: 0.06ms
[2026-07-01T02:21:18.919+0000][54.117s][info][gc,heap     ] GC(77) Eden regions: 123->0(122)
[2026-07-01T02:21:18.919+0000][54.117s][info][gc,heap     ] GC(77) Survivor regions: 8->8(17)
[2026-07-01T02:21:18.919+0000][54.117s][info][gc,heap     ] GC(77) Old regions: 160->161
[2026-07-01T02:21:18.919+0000][54.117s][info][gc,heap     ] GC(77) Humongous regions: 3->3
[2026-07-01T02:21:18.919+0000][54.117s][info][gc,metaspace] GC(77) Metaspace: 41645K(42496K)->41645K(42496K) NonClass: 36512K(36992K)->36512K(36992K) Class: 5132K(5504K)->5132K(5504K)
[2026-07-01T02:21:18.919+0000][54.117s][info][gc          ] GC(77) Pause Young (Prepare Mixed) (G1 Evacuation Pause) 293M->171M(311M) 15.325ms
[2026-07-01T02:21:18.919+0000][54.117s][info][gc,cpu      ] GC(77) User=0.03s Sys=0.00s Real=0.02s
[2026-07-01T02:21:19.508+0000][54.706s][info][gc,start    ] GC(78) Pause Young (Mixed) (G1 Evacuation Pause)
[2026-07-01T02:21:19.508+0000][54.706s][info][gc,task     ] GC(78) Using 2 workers of 2 for evacuation
[2026-07-01T02:21:19.531+0000][54.728s][info][gc,phases   ] GC(78)   Pre Evacuate Collection Set: 0.20ms
[2026-07-01T02:21:19.531+0000][54.728s][info][gc,phases   ] GC(78)   Merge Heap Roots: 0.58ms
[2026-07-01T02:21:19.531+0000][54.728s][info][gc,phases   ] GC(78)   Evacuate Collection Set: 21.43ms
[2026-07-01T02:21:19.531+0000][54.728s][info][gc,phases   ] GC(78)   Post Evacuate Collection Set: 0.49ms
[2026-07-01T02:21:19.531+0000][54.728s][info][gc,phases   ] GC(78)   Other: 0.05ms
[2026-07-01T02:21:19.531+0000][54.728s][info][gc,heap     ] GC(78) Eden regions: 122->0(122)
[2026-07-01T02:21:19.531+0000][54.728s][info][gc,heap     ] GC(78) Survivor regions: 8->8(17)
[2026-07-01T02:21:19.531+0000][54.728s][info][gc,heap     ] GC(78) Old regions: 161->161
[2026-07-01T02:21:19.531+0000][54.728s][info][gc,heap     ] GC(78) Humongous regions: 3->3
[2026-07-01T02:21:19.531+0000][54.728s][info][gc,metaspace] GC(78) Metaspace: 41651K(42496K)->41651K(42496K) NonClass: 36519K(36992K)->36519K(36992K) Class: 5132K(5504K)->5132K(5504K)
[2026-07-01T02:21:19.531+0000][54.728s][info][gc          ] GC(78) Pause Young (Mixed) (G1 Evacuation Pause) 293M->171M(311M) 22.921ms
[2026-07-01T02:21:19.531+0000][54.729s][info][gc,cpu      ] GC(78) User=0.04s Sys=0.00s Real=0.03s
[2026-07-01T02:21:20.096+0000][55.294s][info][gc,start    ] GC(79) Pause Young (Concurrent Start) (G1 Evacuation Pause)
[2026-07-01T02:21:20.096+0000][55.294s][info][gc,task     ] GC(79) Using 2 workers of 2 for evacuation
[2026-07-01T02:21:20.111+0000][55.309s][info][gc,phases   ] GC(79)   Pre Evacuate Collection Set: 0.19ms
[2026-07-01T02:21:20.111+0000][55.309s][info][gc,phases   ] GC(79)   Merge Heap Roots: 0.35ms
[2026-07-01T02:21:20.111+0000][55.309s][info][gc,phases   ] GC(79)   Evacuate Collection Set: 13.82ms
[2026-07-01T02:21:20.111+0000][55.309s][info][gc,phases   ] GC(79)   Post Evacuate Collection Set: 0.43ms
[2026-07-01T02:21:20.111+0000][55.309s][info][gc,phases   ] GC(79)   Other: 0.09ms
[2026-07-01T02:21:20.111+0000][55.309s][info][gc,heap     ] GC(79) Eden regions: 122->0(122)
[2026-07-01T02:21:20.111+0000][55.309s][info][gc,heap     ] GC(79) Survivor regions: 8->8(17)
[2026-07-01T02:21:20.111+0000][55.309s][info][gc,heap     ] GC(79) Old regions: 161->161
[2026-07-01T02:21:20.111+0000][55.309s][info][gc,heap     ] GC(79) Humongous regions: 3->3
[2026-07-01T02:21:20.111+0000][55.309s][info][gc,metaspace] GC(79) Metaspace: 41652K(42496K)->41652K(42496K) NonClass: 36519K(36992K)->36519K(36992K) Class: 5132K(5504K)->5132K(5504K)
[2026-07-01T02:21:20.111+0000][55.309s][info][gc          ] GC(79) Pause Young (Concurrent Start) (G1 Evacuation Pause) 293M->172M(311M) 15.053ms
[2026-07-01T02:21:20.111+0000][55.309s][info][gc          ] GC(80) Concurrent Mark Cycle
[2026-07-01T02:21:20.111+0000][55.309s][info][gc,marking  ] GC(80) Concurrent Scan Root Regions
[2026-07-01T02:21:20.111+0000][55.309s][info][gc,cpu      ] GC(79) User=0.03s Sys=0.00s Real=0.02s
[2026-07-01T02:21:20.133+0000][55.331s][info][gc,marking  ] GC(80) Concurrent Scan Root Regions 22.023ms
[2026-07-01T02:21:20.133+0000][55.331s][info][gc,marking  ] GC(80) Concurrent Mark
[2026-07-01T02:21:20.133+0000][55.331s][info][gc,marking  ] GC(80) Concurrent Mark From Roots
[2026-07-01T02:21:20.133+0000][55.331s][info][gc,task     ] GC(80) Using 1 workers of 1 for marking
[2026-07-01T02:21:20.773+0000][55.970s][info][gc,start    ] GC(81) Pause Young (Normal) (G1 Evacuation Pause)
[2026-07-01T02:21:20.773+0000][55.971s][info][gc,task     ] GC(81) Using 2 workers of 2 for evacuation
[2026-07-01T02:21:20.800+0000][55.997s][info][gc,phases   ] GC(81)   Pre Evacuate Collection Set: 0.29ms
[2026-07-01T02:21:20.800+0000][55.997s][info][gc,phases   ] GC(81)   Merge Heap Roots: 0.39ms
[2026-07-01T02:21:20.800+0000][55.997s][info][gc,phases   ] GC(81)   Evacuate Collection Set: 25.59ms
[2026-07-01T02:21:20.800+0000][55.997s][info][gc,phases   ] GC(81)   Post Evacuate Collection Set: 0.56ms
[2026-07-01T02:21:20.800+0000][55.997s][info][gc,phases   ] GC(81)   Other: 0.05ms
[2026-07-01T02:21:20.800+0000][55.997s][info][gc,heap     ] GC(81) Eden regions: 122->0(121)
[2026-07-01T02:21:20.800+0000][55.997s][info][gc,heap     ] GC(81) Survivor regions: 8->8(17)
[2026-07-01T02:21:20.800+0000][55.997s][info][gc,heap     ] GC(81) Old regions: 161->162
[2026-07-01T02:21:20.800+0000][55.997s][info][gc,heap     ] GC(81) Humongous regions: 3->3
[2026-07-01T02:21:20.800+0000][55.997s][info][gc,metaspace] GC(81) Metaspace: 41652K(42496K)->41652K(42496K) NonClass: 36520K(36992K)->36520K(36992K) Class: 5132K(5504K)->5132K(5504K)
[2026-07-01T02:21:20.800+0000][55.998s][info][gc          ] GC(81) Pause Young (Normal) (G1 Evacuation Pause) 294M->172M(311M) 27.042ms
[2026-07-01T02:21:20.800+0000][55.998s][info][gc,cpu      ] GC(81) User=0.04s Sys=0.00s Real=0.03s
[2026-07-01T02:21:20.830+0000][56.028s][info][gc,marking  ] GC(80) Concurrent Mark From Roots 697.371ms
[2026-07-01T02:21:20.830+0000][56.028s][info][gc,marking  ] GC(80) Concurrent Preclean
[2026-07-01T02:21:20.831+0000][56.028s][info][gc,marking  ] GC(80) Concurrent Preclean 0.137ms
[2026-07-01T02:21:20.831+0000][56.029s][info][gc,start    ] GC(80) Pause Remark
[2026-07-01T02:21:20.839+0000][56.037s][info][gc          ] GC(80) Pause Remark 179M->179M(311M) 8.138ms
[2026-07-01T02:21:20.839+0000][56.037s][info][gc,cpu      ] GC(80) User=0.02s Sys=0.00s Real=0.01s
[2026-07-01T02:21:20.841+0000][56.039s][info][gc,marking  ] GC(80) Concurrent Mark 707.795ms
[2026-07-01T02:21:20.841+0000][56.039s][info][gc,marking  ] GC(80) Concurrent Rebuild Remembered Sets and Scrub Regions
[2026-07-01T02:21:21.093+0000][56.291s][info][gc,marking  ] GC(80) Concurrent Rebuild Remembered Sets and Scrub Regions 252.553ms
[2026-07-01T02:21:21.094+0000][56.291s][info][gc,start    ] GC(80) Pause Cleanup
[2026-07-01T02:21:21.094+0000][56.292s][info][gc          ] GC(80) Pause Cleanup 226M->226M(311M) 0.134ms
[2026-07-01T02:21:21.094+0000][56.292s][info][gc,cpu      ] GC(80) User=0.00s Sys=0.00s Real=0.00s
[2026-07-01T02:21:21.094+0000][56.292s][info][gc,marking  ] GC(80) Concurrent Clear Claimed Marks
[2026-07-01T02:21:21.094+0000][56.292s][info][gc,marking  ] GC(80) Concurrent Clear Claimed Marks 0.096ms
[2026-07-01T02:21:21.094+0000][56.292s][info][gc,marking  ] GC(80) Concurrent Cleanup for Next Mark
[2026-07-01T02:21:21.095+0000][56.293s][info][gc,marking  ] GC(80) Concurrent Cleanup for Next Mark 0.679ms
[2026-07-01T02:21:21.095+0000][56.293s][info][gc          ] GC(80) Concurrent Mark Cycle 984.311ms
[2026-07-01T02:21:21.495+0000][56.693s][info][gc,start    ] GC(82) Pause Young (Prepare Mixed) (G1 Evacuation Pause)
[2026-07-01T02:21:21.495+0000][56.693s][info][gc,task     ] GC(82) Using 2 workers of 2 for evacuation
[2026-07-01T02:21:21.515+0000][56.713s][info][gc,phases   ] GC(82)   Pre Evacuate Collection Set: 0.15ms
[2026-07-01T02:21:21.515+0000][56.713s][info][gc,phases   ] GC(82)   Merge Heap Roots: 0.49ms
[2026-07-01T02:21:21.515+0000][56.713s][info][gc,phases   ] GC(82)   Evacuate Collection Set: 18.78ms
[2026-07-01T02:21:21.515+0000][56.713s][info][gc,phases   ] GC(82)   Post Evacuate Collection Set: 0.55ms
[2026-07-01T02:21:21.515+0000][56.713s][info][gc,phases   ] GC(82)   Other: 0.06ms
[2026-07-01T02:21:21.515+0000][56.713s][info][gc,heap     ] GC(82) Eden regions: 121->0(121)
[2026-07-01T02:21:21.515+0000][56.713s][info][gc,heap     ] GC(82) Survivor regions: 8->8(17)
[2026-07-01T02:21:21.515+0000][56.713s][info][gc,heap     ] GC(82) Old regions: 162->162
[2026-07-01T02:21:21.515+0000][56.713s][info][gc,heap     ] GC(82) Humongous regions: 3->3
[2026-07-01T02:21:21.515+0000][56.713s][info][gc,metaspace] GC(82) Metaspace: 41652K(42496K)->41652K(42496K) NonClass: 36520K(36992K)->36520K(36992K) Class: 5132K(5504K)->5132K(5504K)
[2026-07-01T02:21:21.515+0000][56.713s][info][gc          ] GC(82) Pause Young (Prepare Mixed) (G1 Evacuation Pause) 293M->172M(311M) 20.219ms
[2026-07-01T02:21:21.515+0000][56.713s][info][gc,cpu      ] GC(82) User=0.04s Sys=0.00s Real=0.02s
[2026-07-01T02:21:22.413+0000][57.611s][info][gc,start    ] GC(83) Pause Young (Mixed) (G1 Evacuation Pause)
[2026-07-01T02:21:22.413+0000][57.611s][info][gc,task     ] GC(83) Using 2 workers of 2 for evacuation
[2026-07-01T02:21:22.465+0000][57.662s][info][gc,phases   ] GC(83)   Pre Evacuate Collection Set: 0.23ms
[2026-07-01T02:21:22.465+0000][57.663s][info][gc,phases   ] GC(83)   Merge Heap Roots: 0.66ms
[2026-07-01T02:21:22.465+0000][57.663s][info][gc,phases   ] GC(83)   Evacuate Collection Set: 49.45ms
[2026-07-01T02:21:22.465+0000][57.663s][info][gc,phases   ] GC(83)   Post Evacuate Collection Set: 0.85ms
[2026-07-01T02:21:22.465+0000][57.663s][info][gc,phases   ] GC(83)   Other: 0.07ms
[2026-07-01T02:21:22.465+0000][57.663s][info][gc,heap     ] GC(83) Eden regions: 121->0(120)
[2026-07-01T02:21:22.465+0000][57.663s][info][gc,heap     ] GC(83) Survivor regions: 8->8(17)
[2026-07-01T02:21:22.465+0000][57.663s][info][gc,heap     ] GC(83) Old regions: 162->163
[2026-07-01T02:21:22.465+0000][57.663s][info][gc,heap     ] GC(83) Humongous regions: 3->3
[2026-07-01T02:21:22.465+0000][57.663s][info][gc,metaspace] GC(83) Metaspace: 41656K(42496K)->41656K(42496K) NonClass: 36523K(36992K)->36523K(36992K) Class: 5132K(5504K)->5132K(5504K)
[2026-07-01T02:21:22.465+0000][57.663s][info][gc          ] GC(83) Pause Young (Mixed) (G1 Evacuation Pause) 293M->173M(311M) 51.464ms
[2026-07-01T02:21:22.465+0000][57.663s][info][gc,cpu      ] GC(83) User=0.05s Sys=0.00s Real=0.05s
[2026-07-01T02:21:23.323+0000][58.521s][info][gc,start    ] GC(84) Pause Young (Concurrent Start) (G1 Evacuation Pause)
[2026-07-01T02:21:23.323+0000][58.521s][info][gc,task     ] GC(84) Using 2 workers of 2 for evacuation
[2026-07-01T02:21:23.365+0000][58.563s][info][gc,phases   ] GC(84)   Pre Evacuate Collection Set: 0.24ms
[2026-07-01T02:21:23.365+0000][58.563s][info][gc,phases   ] GC(84)   Merge Heap Roots: 0.55ms
[2026-07-01T02:21:23.365+0000][58.563s][info][gc,phases   ] GC(84)   Evacuate Collection Set: 39.76ms
[2026-07-01T02:21:23.365+0000][58.563s][info][gc,phases   ] GC(84)   Post Evacuate Collection Set: 0.81ms
[2026-07-01T02:21:23.365+0000][58.563s][info][gc,phases   ] GC(84)   Other: 0.10ms
[2026-07-01T02:21:23.365+0000][58.563s][info][gc,heap     ] GC(84) Eden regions: 120->0(120)
[2026-07-01T02:21:23.365+0000][58.563s][info][gc,heap     ] GC(84) Survivor regions: 8->8(16)
[2026-07-01T02:21:23.365+0000][58.563s][info][gc,heap     ] GC(84) Old regions: 163->163
[2026-07-01T02:21:23.365+0000][58.563s][info][gc,heap     ] GC(84) Humongous regions: 3->3
[2026-07-01T02:21:23.365+0000][58.563s][info][gc,metaspace] GC(84) Metaspace: 41656K(42496K)->41656K(42496K) NonClass: 36523K(36992K)->36523K(36992K) Class: 5132K(5504K)->5132K(5504K)
[2026-07-01T02:21:23.365+0000][58.563s][info][gc          ] GC(84) Pause Young (Concurrent Start) (G1 Evacuation Pause) 293M->173M(311M) 41.669ms
[2026-07-01T02:21:23.365+0000][58.563s][info][gc          ] GC(85) Concurrent Mark Cycle
[2026-07-01T02:21:23.365+0000][58.563s][info][gc,cpu      ] GC(84) User=0.04s Sys=0.00s Real=0.04s
[2026-07-01T02:21:23.365+0000][58.563s][info][gc,marking  ] GC(85) Concurrent Scan Root Regions
[2026-07-01T02:21:23.387+0000][58.585s][info][gc,marking  ] GC(85) Concurrent Scan Root Regions 21.946ms
[2026-07-01T02:21:23.387+0000][58.585s][info][gc,marking  ] GC(85) Concurrent Mark
[2026-07-01T02:21:23.387+0000][58.585s][info][gc,marking  ] GC(85) Concurrent Mark From Roots
[2026-07-01T02:21:23.387+0000][58.585s][info][gc,task     ] GC(85) Using 1 workers of 1 for marking
[2026-07-01T02:21:23.711+0000][58.909s][info][gc,marking  ] GC(85) Concurrent Mark From Roots 324.110ms
[2026-07-01T02:21:23.711+0000][58.909s][info][gc,marking  ] GC(85) Concurrent Preclean
[2026-07-01T02:21:23.711+0000][58.909s][info][gc,marking  ] GC(85) Concurrent Preclean 0.123ms
[2026-07-01T02:21:23.712+0000][58.909s][info][gc,start    ] GC(85) Pause Remark
[2026-07-01T02:21:23.723+0000][58.921s][info][gc          ] GC(85) Pause Remark 212M->212M(311M) 11.842ms
[2026-07-01T02:21:23.723+0000][58.921s][info][gc,cpu      ] GC(85) User=0.01s Sys=0.00s Real=0.01s
[2026-07-01T02:21:23.728+0000][58.926s][info][gc,marking  ] GC(85) Concurrent Mark 341.119ms
[2026-07-01T02:21:23.728+0000][58.926s][info][gc,marking  ] GC(85) Concurrent Rebuild Remembered Sets and Scrub Regions
[2026-07-01T02:21:23.931+0000][59.129s][info][gc,marking  ] GC(85) Concurrent Rebuild Remembered Sets and Scrub Regions 203.308ms
[2026-07-01T02:21:23.932+0000][59.129s][info][gc,start    ] GC(85) Pause Cleanup
[2026-07-01T02:21:23.932+0000][59.130s][info][gc          ] GC(85) Pause Cleanup 233M->233M(311M) 0.156ms
[2026-07-01T02:21:23.932+0000][59.130s][info][gc,cpu      ] GC(85) User=0.00s Sys=0.00s Real=0.00s
[2026-07-01T02:21:23.932+0000][59.130s][info][gc,marking  ] GC(85) Concurrent Clear Claimed Marks
[2026-07-01T02:21:23.932+0000][59.130s][info][gc,marking  ] GC(85) Concurrent Clear Claimed Marks 0.101ms
[2026-07-01T02:21:23.932+0000][59.130s][info][gc,marking  ] GC(85) Concurrent Cleanup for Next Mark
[2026-07-01T02:21:23.933+0000][59.131s][info][gc,marking  ] GC(85) Concurrent Cleanup for Next Mark 0.871ms
[2026-07-01T02:21:23.933+0000][59.131s][info][gc          ] GC(85) Concurrent Mark Cycle 567.856ms
[2026-07-01T02:21:24.305+0000][59.503s][info][gc,start    ] GC(86) Pause Young (Prepare Mixed) (G1 Evacuation Pause)
[2026-07-01T02:21:24.305+0000][59.503s][info][gc,task     ] GC(86) Using 2 workers of 2 for evacuation
[2026-07-01T02:21:24.327+0000][59.525s][info][gc,phases   ] GC(86)   Pre Evacuate Collection Set: 0.24ms
[2026-07-01T02:21:24.327+0000][59.525s][info][gc,phases   ] GC(86)   Merge Heap Roots: 0.88ms
[2026-07-01T02:21:24.327+0000][59.525s][info][gc,phases   ] GC(86)   Evacuate Collection Set: 19.93ms
[2026-07-01T02:21:24.327+0000][59.525s][info][gc,phases   ] GC(86)   Post Evacuate Collection Set: 0.74ms
[2026-07-01T02:21:24.327+0000][59.525s][info][gc,phases   ] GC(86)   Other: 0.07ms
[2026-07-01T02:21:24.327+0000][59.525s][info][gc,heap     ] GC(86) Eden regions: 120->0(120)
[2026-07-01T02:21:24.327+0000][59.525s][info][gc,heap     ] GC(86) Survivor regions: 8->8(16)
[2026-07-01T02:21:24.327+0000][59.525s][info][gc,heap     ] GC(86) Old regions: 163->163
[2026-07-01T02:21:24.327+0000][59.525s][info][gc,heap     ] GC(86) Humongous regions: 3->3
[2026-07-01T02:21:24.327+0000][59.525s][info][gc,metaspace] GC(86) Metaspace: 41656K(42496K)->41656K(42496K) NonClass: 36523K(36992K)->36523K(36992K) Class: 5132K(5504K)->5132K(5504K)
[2026-07-01T02:21:24.327+0000][59.525s][info][gc          ] GC(86) Pause Young (Prepare Mixed) (G1 Evacuation Pause) 293M->173M(311M) 22.016ms
[2026-07-01T02:21:24.327+0000][59.525s][info][gc,cpu      ] GC(86) User=0.04s Sys=0.00s Real=0.02s
[2026-07-01T02:21:24.885+0000][60.083s][info][gc,start    ] GC(87) Pause Young (Mixed) (G1 Evacuation Pause)
[2026-07-01T02:21:24.885+0000][60.083s][info][gc,task     ] GC(87) Using 2 workers of 2 for evacuation
[2026-07-01T02:21:24.909+0000][60.107s][info][gc,phases   ] GC(87)   Pre Evacuate Collection Set: 0.25ms
[2026-07-01T02:21:24.909+0000][60.107s][info][gc,phases   ] GC(87)   Merge Heap Roots: 0.57ms
[2026-07-01T02:21:24.909+0000][60.107s][info][gc,phases   ] GC(87)   Evacuate Collection Set: 22.23ms
[2026-07-01T02:21:24.909+0000][60.107s][info][gc,phases   ] GC(87)   Post Evacuate Collection Set: 0.52ms
[2026-07-01T02:21:24.909+0000][60.107s][info][gc,phases   ] GC(87)   Other: 0.07ms
[2026-07-01T02:21:24.909+0000][60.107s][info][gc,heap     ] GC(87) Eden regions: 120->0(119)
[2026-07-01T02:21:24.909+0000][60.107s][info][gc,heap     ] GC(87) Survivor regions: 8->8(16)
[2026-07-01T02:21:24.909+0000][60.107s][info][gc,heap     ] GC(87) Old regions: 163->164
[2026-07-01T02:21:24.909+0000][60.107s][info][gc,heap     ] GC(87) Humongous regions: 3->3
[2026-07-01T02:21:24.909+0000][60.107s][info][gc,metaspace] GC(87) Metaspace: 41656K(42496K)->41656K(42496K) NonClass: 36523K(36992K)->36523K(36992K) Class: 5132K(5504K)->5132K(5504K)
[2026-07-01T02:21:24.909+0000][60.107s][info][gc          ] GC(87) Pause Young (Mixed) (G1 Evacuation Pause) 293M->174M(311M) 23.814ms
[2026-07-01T02:21:24.909+0000][60.107s][info][gc,cpu      ] GC(87) User=0.04s Sys=0.00s Real=0.03s
[2026-07-01T02:21:25.461+0000][60.659s][info][gc,start    ] GC(88) Pause Young (Concurrent Start) (G1 Evacuation Pause)
[2026-07-01T02:21:25.461+0000][60.659s][info][gc,task     ] GC(88) Using 2 workers of 2 for evacuation
[2026-07-01T02:21:25.480+0000][60.678s][info][gc,phases   ] GC(88)   Pre Evacuate Collection Set: 0.19ms
[2026-07-01T02:21:25.480+0000][60.678s][info][gc,phases   ] GC(88)   Merge Heap Roots: 0.29ms
[2026-07-01T02:21:25.480+0000][60.678s][info][gc,phases   ] GC(88)   Evacuate Collection Set: 17.84ms
[2026-07-01T02:21:25.480+0000][60.678s][info][gc,phases   ] GC(88)   Post Evacuate Collection Set: 0.41ms
[2026-07-01T02:21:25.480+0000][60.678s][info][gc,phases   ] GC(88)   Other: 0.07ms
[2026-07-01T02:21:25.480+0000][60.678s][info][gc,heap     ] GC(88) Eden regions: 119->0(119)
[2026-07-01T02:21:25.480+0000][60.678s][info][gc,heap     ] GC(88) Survivor regions: 8->8(16)
[2026-07-01T02:21:25.480+0000][60.678s][info][gc,heap     ] GC(88) Old regions: 164->164
[2026-07-01T02:21:25.480+0000][60.678s][info][gc,heap     ] GC(88) Humongous regions: 3->3
[2026-07-01T02:21:25.480+0000][60.678s][info][gc,metaspace] GC(88) Metaspace: 41657K(42496K)->41657K(42496K) NonClass: 36524K(36992K)->36524K(36992K) Class: 5132K(5504K)->5132K(5504K)
[2026-07-01T02:21:25.480+0000][60.678s][info][gc          ] GC(88) Pause Young (Concurrent Start) (G1 Evacuation Pause) 293M->174M(311M) 18.972ms
[2026-07-01T02:21:25.480+0000][60.678s][info][gc          ] GC(89) Concurrent Mark Cycle
[2026-07-01T02:21:25.480+0000][60.678s][info][gc,marking  ] GC(89) Concurrent Scan Root Regions
[2026-07-01T02:21:25.480+0000][60.678s][info][gc,cpu      ] GC(88) User=0.03s Sys=0.01s Real=0.02s
[2026-07-01T02:21:25.500+0000][60.698s][info][gc,marking  ] GC(89) Concurrent Scan Root Regions 19.785ms
[2026-07-01T02:21:25.500+0000][60.698s][info][gc,marking  ] GC(89) Concurrent Mark
[2026-07-01T02:21:25.500+0000][60.698s][info][gc,marking  ] GC(89) Concurrent Mark From Roots
[2026-07-01T02:21:25.500+0000][60.698s][info][gc,task     ] GC(89) Using 1 workers of 1 for marking
[2026-07-01T02:21:25.872+0000][61.070s][info][gc,marking  ] GC(89) Concurrent Mark From Roots 371.856ms
[2026-07-01T02:21:25.872+0000][61.070s][info][gc,marking  ] GC(89) Concurrent Preclean
[2026-07-01T02:21:25.872+0000][61.070s][info][gc,marking  ] GC(89) Concurrent Preclean 0.140ms
[2026-07-01T02:21:25.873+0000][61.070s][info][gc,start    ] GC(89) Pause Remark
[2026-07-01T02:21:25.878+0000][61.076s][info][gc          ] GC(89) Pause Remark 236M->236M(311M) 5.876ms
[2026-07-01T02:21:25.878+0000][61.076s][info][gc,cpu      ] GC(89) User=0.01s Sys=0.00s Real=0.01s
[2026-07-01T02:21:25.879+0000][61.077s][info][gc,marking  ] GC(89) Concurrent Mark 379.135ms
[2026-07-01T02:21:25.879+0000][61.077s][info][gc,marking  ] GC(89) Concurrent Rebuild Remembered Sets and Scrub Regions
[2026-07-01T02:21:26.095+0000][61.293s][info][gc,marking  ] GC(89) Concurrent Rebuild Remembered Sets and Scrub Regions 215.999ms
[2026-07-01T02:21:26.096+0000][61.293s][info][gc,start    ] GC(89) Pause Cleanup
[2026-07-01T02:21:26.096+0000][61.294s][info][gc          ] GC(89) Pause Cleanup 273M->273M(311M) 0.158ms
[2026-07-01T02:21:26.096+0000][61.294s][info][gc,cpu      ] GC(89) User=0.00s Sys=0.00s Real=0.00s
[2026-07-01T02:21:26.096+0000][61.294s][info][gc,marking  ] GC(89) Concurrent Clear Claimed Marks
[2026-07-01T02:21:26.096+0000][61.294s][info][gc,marking  ] GC(89) Concurrent Clear Claimed Marks 0.095ms
[2026-07-01T02:21:26.096+0000][61.294s][info][gc,marking  ] GC(89) Concurrent Cleanup for Next Mark
[2026-07-01T02:21:26.097+0000][61.295s][info][gc,marking  ] GC(89) Concurrent Cleanup for Next Mark 0.536ms
[2026-07-01T02:21:26.097+0000][61.295s][info][gc          ] GC(89) Concurrent Mark Cycle 616.541ms
[2026-07-01T02:21:26.188+0000][61.385s][info][gc,start    ] GC(90) Pause Young (Prepare Mixed) (G1 Evacuation Pause)
[2026-07-01T02:21:26.188+0000][61.385s][info][gc,task     ] GC(90) Using 2 workers of 2 for evacuation
[2026-07-01T02:21:26.202+0000][61.400s][info][gc,phases   ] GC(90)   Pre Evacuate Collection Set: 0.22ms
[2026-07-01T02:21:26.202+0000][61.400s][info][gc,phases   ] GC(90)   Merge Heap Roots: 0.45ms
[2026-07-01T02:21:26.202+0000][61.400s][info][gc,phases   ] GC(90)   Evacuate Collection Set: 13.62ms
[2026-07-01T02:21:26.202+0000][61.400s][info][gc,phases   ] GC(90)   Post Evacuate Collection Set: 0.44ms
[2026-07-01T02:21:26.202+0000][61.400s][info][gc,phases   ] GC(90)   Other: 0.06ms
[2026-07-01T02:21:26.202+0000][61.400s][info][gc,heap     ] GC(90) Eden regions: 119->0(118)
[2026-07-01T02:21:26.202+0000][61.400s][info][gc,heap     ] GC(90) Survivor regions: 8->8(16)
[2026-07-01T02:21:26.202+0000][61.400s][info][gc,heap     ] GC(90) Old regions: 164->165
[2026-07-01T02:21:26.202+0000][61.400s][info][gc,heap     ] GC(90) Humongous regions: 3->3
[2026-07-01T02:21:26.202+0000][61.400s][info][gc,metaspace] GC(90) Metaspace: 41660K(42496K)->41660K(42496K) NonClass: 36527K(36992K)->36527K(36992K) Class: 5132K(5504K)->5132K(5504K)
[2026-07-01T02:21:26.203+0000][61.400s][info][gc          ] GC(90) Pause Young (Prepare Mixed) (G1 Evacuation Pause) 293M->175M(311M) 14.956ms
[2026-07-01T02:21:26.203+0000][61.400s][info][gc,cpu      ] GC(90) User=0.03s Sys=0.00s Real=0.02s
[2026-07-01T02:21:26.754+0000][61.952s][info][gc,start    ] GC(91) Pause Young (Mixed) (G1 Evacuation Pause)
[2026-07-01T02:21:26.755+0000][61.952s][info][gc,task     ] GC(91) Using 2 workers of 2 for evacuation
[2026-07-01T02:21:26.771+0000][61.969s][info][gc,phases   ] GC(91)   Pre Evacuate Collection Set: 0.17ms
[2026-07-01T02:21:26.771+0000][61.969s][info][gc,phases   ] GC(91)   Merge Heap Roots: 0.40ms
[2026-07-01T02:21:26.771+0000][61.969s][info][gc,phases   ] GC(91)   Evacuate Collection Set: 15.60ms
[2026-07-01T02:21:26.771+0000][61.969s][info][gc,phases   ] GC(91)   Post Evacuate Collection Set: 0.39ms
[2026-07-01T02:21:26.771+0000][61.969s][info][gc,phases   ] GC(91)   Other: 0.08ms
[2026-07-01T02:21:26.771+0000][61.969s][info][gc,heap     ] GC(91) Eden regions: 118->0(118)
[2026-07-01T02:21:26.771+0000][61.969s][info][gc,heap     ] GC(91) Survivor regions: 8->8(16)
[2026-07-01T02:21:26.771+0000][61.969s][info][gc,heap     ] GC(91) Old regions: 165->165
[2026-07-01T02:21:26.771+0000][61.969s][info][gc,heap     ] GC(91) Humongous regions: 3->3
[2026-07-01T02:21:26.771+0000][61.969s][info][gc,metaspace] GC(91) Metaspace: 41660K(42496K)->41660K(42496K) NonClass: 36528K(36992K)->36528K(36992K) Class: 5132K(5504K)->5132K(5504K)
[2026-07-01T02:21:26.771+0000][61.969s][info][gc          ] GC(91) Pause Young (Mixed) (G1 Evacuation Pause) 293M->174M(311M) 16.802ms
[2026-07-01T02:21:26.771+0000][61.969s][info][gc,cpu      ] GC(91) User=0.03s Sys=0.00s Real=0.02s
[2026-07-01T02:21:27.295+0000][62.493s][info][gc,start    ] GC(92) Pause Young (Concurrent Start) (G1 Evacuation Pause)
[2026-07-01T02:21:27.295+0000][62.493s][info][gc,task     ] GC(92) Using 2 workers of 2 for evacuation
[2026-07-01T02:21:27.310+0000][62.508s][info][gc,phases   ] GC(92)   Pre Evacuate Collection Set: 0.13ms
[2026-07-01T02:21:27.310+0000][62.508s][info][gc,phases   ] GC(92)   Merge Heap Roots: 0.33ms
[2026-07-01T02:21:27.310+0000][62.508s][info][gc,phases   ] GC(92)   Evacuate Collection Set: 14.24ms
[2026-07-01T02:21:27.310+0000][62.508s][info][gc,phases   ] GC(92)   Post Evacuate Collection Set: 0.39ms
[2026-07-01T02:21:27.310+0000][62.508s][info][gc,phases   ] GC(92)   Other: 0.09ms
[2026-07-01T02:21:27.310+0000][62.508s][info][gc,heap     ] GC(92) Eden regions: 118->0(118)
[2026-07-01T02:21:27.310+0000][62.508s][info][gc,heap     ] GC(92) Survivor regions: 8->8(16)
[2026-07-01T02:21:27.310+0000][62.508s][info][gc,heap     ] GC(92) Old regions: 165->165
[2026-07-01T02:21:27.310+0000][62.508s][info][gc,heap     ] GC(92) Humongous regions: 3->3
[2026-07-01T02:21:27.310+0000][62.508s][info][gc,metaspace] GC(92) Metaspace: 41661K(42496K)->41661K(42496K) NonClass: 36529K(36992K)->36529K(36992K) Class: 5132K(5504K)->5132K(5504K)
[2026-07-01T02:21:27.310+0000][62.508s][info][gc          ] GC(92) Pause Young (Concurrent Start) (G1 Evacuation Pause) 292M->175M(311M) 15.315ms
[2026-07-01T02:21:27.310+0000][62.508s][info][gc          ] GC(93) Concurrent Mark Cycle
[2026-07-01T02:21:27.310+0000][62.508s][info][gc,marking  ] GC(93) Concurrent Scan Root Regions
[2026-07-01T02:21:27.310+0000][62.508s][info][gc,cpu      ] GC(92) User=0.03s Sys=0.00s Real=0.02s
[2026-07-01T02:21:27.330+0000][62.527s][info][gc,marking  ] GC(93) Concurrent Scan Root Regions 19.481ms
[2026-07-01T02:21:27.330+0000][62.527s][info][gc,marking  ] GC(93) Concurrent Mark
[2026-07-01T02:21:27.330+0000][62.527s][info][gc,marking  ] GC(93) Concurrent Mark From Roots
[2026-07-01T02:21:27.330+0000][62.527s][info][gc,task     ] GC(93) Using 1 workers of 1 for marking
[2026-07-01T02:21:27.929+0000][63.127s][info][gc,start    ] GC(94) Pause Young (Normal) (G1 Evacuation Pause)
[2026-07-01T02:21:27.929+0000][63.127s][info][gc,task     ] GC(94) Using 2 workers of 2 for evacuation
[2026-07-01T02:21:27.944+0000][63.142s][info][gc,phases   ] GC(94)   Pre Evacuate Collection Set: 0.12ms
[2026-07-01T02:21:27.944+0000][63.142s][info][gc,phases   ] GC(94)   Merge Heap Roots: 0.29ms
[2026-07-01T02:21:27.944+0000][63.142s][info][gc,phases   ] GC(94)   Evacuate Collection Set: 13.54ms
[2026-07-01T02:21:27.944+0000][63.142s][info][gc,phases   ] GC(94)   Post Evacuate Collection Set: 0.39ms
[2026-07-01T02:21:27.944+0000][63.142s][info][gc,phases   ] GC(94)   Other: 0.04ms
[2026-07-01T02:21:27.944+0000][63.142s][info][gc,heap     ] GC(94) Eden regions: 118->0(117)
[2026-07-01T02:21:27.944+0000][63.142s][info][gc,heap     ] GC(94) Survivor regions: 8->8(16)
[2026-07-01T02:21:27.944+0000][63.142s][info][gc,heap     ] GC(94) Old regions: 165->166
[2026-07-01T02:21:27.944+0000][63.142s][info][gc,heap     ] GC(94) Humongous regions: 3->3
[2026-07-01T02:21:27.944+0000][63.142s][info][gc,metaspace] GC(94) Metaspace: 41661K(42496K)->41661K(42496K) NonClass: 36529K(36992K)->36529K(36992K) Class: 5132K(5504K)->5132K(5504K)
[2026-07-01T02:21:27.944+0000][63.142s][info][gc          ] GC(94) Pause Young (Normal) (G1 Evacuation Pause) 293M->175M(311M) 14.542ms
[2026-07-01T02:21:27.944+0000][63.142s][info][gc,cpu      ] GC(94) User=0.03s Sys=0.00s Real=0.01s
[2026-07-01T02:21:27.970+0000][63.168s][info][gc,marking  ] GC(93) Concurrent Mark From Roots 640.922ms
[2026-07-01T02:21:27.971+0000][63.168s][info][gc,marking  ] GC(93) Concurrent Preclean
[2026-07-01T02:21:27.971+0000][63.168s][info][gc,marking  ] GC(93) Concurrent Preclean 0.110ms
[2026-07-01T02:21:27.971+0000][63.169s][info][gc,start    ] GC(93) Pause Remark
[2026-07-01T02:21:27.977+0000][63.175s][info][gc          ] GC(93) Pause Remark 182M->182M(311M) 6.547ms
[2026-07-01T02:21:27.977+0000][63.175s][info][gc,cpu      ] GC(93) User=0.01s Sys=0.00s Real=0.00s
[2026-07-01T02:21:27.980+0000][63.178s][info][gc,marking  ] GC(93) Concurrent Mark 650.158ms
[2026-07-01T02:21:27.980+0000][63.178s][info][gc,marking  ] GC(93) Concurrent Rebuild Remembered Sets and Scrub Regions
[2026-07-01T02:21:28.280+0000][63.477s][info][gc,marking  ] GC(93) Concurrent Rebuild Remembered Sets and Scrub Regions 299.772ms
[2026-07-01T02:21:28.280+0000][63.478s][info][gc,start    ] GC(93) Pause Cleanup
[2026-07-01T02:21:28.280+0000][63.478s][info][gc          ] GC(93) Pause Cleanup 240M->240M(311M) 0.166ms
[2026-07-01T02:21:28.280+0000][63.478s][info][gc,cpu      ] GC(93) User=0.00s Sys=0.00s Real=0.00s
[2026-07-01T02:21:28.280+0000][63.478s][info][gc,marking  ] GC(93) Concurrent Clear Claimed Marks
[2026-07-01T02:21:28.280+0000][63.478s][info][gc,marking  ] GC(93) Concurrent Clear Claimed Marks 0.105ms
[2026-07-01T02:21:28.280+0000][63.478s][info][gc,marking  ] GC(93) Concurrent Cleanup for Next Mark
[2026-07-01T02:21:28.284+0000][63.482s][info][gc,marking  ] GC(93) Concurrent Cleanup for Next Mark 3.746ms
[2026-07-01T02:21:28.284+0000][63.482s][info][gc          ] GC(93) Concurrent Mark Cycle 973.887ms
[2026-07-01T02:21:28.584+0000][63.781s][info][gc,start    ] GC(95) Pause Young (Prepare Mixed) (G1 Evacuation Pause)
[2026-07-01T02:21:28.584+0000][63.782s][info][gc,task     ] GC(95) Using 2 workers of 2 for evacuation
[2026-07-01T02:21:28.603+0000][63.801s][info][gc,phases   ] GC(95)   Pre Evacuate Collection Set: 0.14ms
[2026-07-01T02:21:28.603+0000][63.801s][info][gc,phases   ] GC(95)   Merge Heap Roots: 0.50ms
[2026-07-01T02:21:28.603+0000][63.801s][info][gc,phases   ] GC(95)   Evacuate Collection Set: 18.47ms
[2026-07-01T02:21:28.603+0000][63.801s][info][gc,phases   ] GC(95)   Post Evacuate Collection Set: 0.47ms
[2026-07-01T02:21:28.603+0000][63.801s][info][gc,phases   ] GC(95)   Other: 0.07ms
[2026-07-01T02:21:28.603+0000][63.801s][info][gc,heap     ] GC(95) Eden regions: 117->0(117)
[2026-07-01T02:21:28.603+0000][63.801s][info][gc,heap     ] GC(95) Survivor regions: 8->8(16)
[2026-07-01T02:21:28.603+0000][63.801s][info][gc,heap     ] GC(95) Old regions: 166->166
[2026-07-01T02:21:28.603+0000][63.801s][info][gc,heap     ] GC(95) Humongous regions: 3->3
[2026-07-01T02:21:28.603+0000][63.801s][info][gc,metaspace] GC(95) Metaspace: 41661K(42496K)->41661K(42496K) NonClass: 36529K(36992K)->36529K(36992K) Class: 5132K(5504K)->5132K(5504K)
[2026-07-01T02:21:28.603+0000][63.801s][info][gc          ] GC(95) Pause Young (Prepare Mixed) (G1 Evacuation Pause) 292M->176M(311M) 19.822ms
[2026-07-01T02:21:28.603+0000][63.801s][info][gc,cpu      ] GC(95) User=0.04s Sys=0.00s Real=0.02s
[2026-07-01T02:21:29.473+0000][64.671s][info][gc,start    ] GC(96) Pause Young (Mixed) (G1 Evacuation Pause)
[2026-07-01T02:21:29.473+0000][64.671s][info][gc,task     ] GC(96) Using 2 workers of 2 for evacuation
[2026-07-01T02:21:29.497+0000][64.695s][info][gc,phases   ] GC(96)   Pre Evacuate Collection Set: 0.13ms
[2026-07-01T02:21:29.497+0000][64.695s][info][gc,phases   ] GC(96)   Merge Heap Roots: 0.32ms
[2026-07-01T02:21:29.497+0000][64.695s][info][gc,phases   ] GC(96)   Evacuate Collection Set: 22.64ms
[2026-07-01T02:21:29.497+0000][64.695s][info][gc,phases   ] GC(96)   Post Evacuate Collection Set: 0.44ms
[2026-07-01T02:21:29.497+0000][64.695s][info][gc,phases   ] GC(96)   Other: 0.05ms
[2026-07-01T02:21:29.497+0000][64.695s][info][gc,heap     ] GC(96) Eden regions: 117->0(117)
[2026-07-01T02:21:29.497+0000][64.695s][info][gc,heap     ] GC(96) Survivor regions: 8->8(16)
[2026-07-01T02:21:29.497+0000][64.695s][info][gc,heap     ] GC(96) Old regions: 166->166
[2026-07-01T02:21:29.497+0000][64.695s][info][gc,heap     ] GC(96) Humongous regions: 3->3
[2026-07-01T02:21:29.497+0000][64.695s][info][gc,metaspace] GC(96) Metaspace: 41661K(42496K)->41661K(42496K) NonClass: 36529K(36992K)->36529K(36992K) Class: 5132K(5504K)->5132K(5504K)
[2026-07-01T02:21:29.497+0000][64.695s][info][gc          ] GC(96) Pause Young (Mixed) (G1 Evacuation Pause) 293M->176M(311M) 23.802ms
[2026-07-01T02:21:29.497+0000][64.695s][info][gc,cpu      ] GC(96) User=0.04s Sys=0.00s Real=0.02s
[2026-07-01T02:21:30.365+0000][65.563s][info][gc,start    ] GC(97) Pause Young (Concurrent Start) (G1 Evacuation Pause)
[2026-07-01T02:21:30.365+0000][65.563s][info][gc,task     ] GC(97) Using 2 workers of 2 for evacuation
[2026-07-01T02:21:30.385+0000][65.583s][info][gc,phases   ] GC(97)   Pre Evacuate Collection Set: 0.15ms
[2026-07-01T02:21:30.385+0000][65.583s][info][gc,phases   ] GC(97)   Merge Heap Roots: 0.27ms
[2026-07-01T02:21:30.385+0000][65.583s][info][gc,phases   ] GC(97)   Evacuate Collection Set: 18.75ms
[2026-07-01T02:21:30.385+0000][65.583s][info][gc,phases   ] GC(97)   Post Evacuate Collection Set: 0.42ms
[2026-07-01T02:21:30.385+0000][65.583s][info][gc,phases   ] GC(97)   Other: 0.08ms
[2026-07-01T02:21:30.385+0000][65.583s][info][gc,heap     ] GC(97) Eden regions: 117->0(116)
[2026-07-01T02:21:30.385+0000][65.583s][info][gc,heap     ] GC(97) Survivor regions: 8->8(16)
[2026-07-01T02:21:30.385+0000][65.583s][info][gc,heap     ] GC(97) Old regions: 166->167
[2026-07-01T02:21:30.385+0000][65.583s][info][gc,heap     ] GC(97) Humongous regions: 3->3
[2026-07-01T02:21:30.385+0000][65.583s][info][gc,metaspace] GC(97) Metaspace: 41661K(42496K)->41661K(42496K) NonClass: 36529K(36992K)->36529K(36992K) Class: 5132K(5504K)->5132K(5504K)
[2026-07-01T02:21:30.385+0000][65.583s][info][gc          ] GC(97) Pause Young (Concurrent Start) (G1 Evacuation Pause) 293M->177M(311M) 19.862ms
[2026-07-01T02:21:30.385+0000][65.583s][info][gc          ] GC(98) Concurrent Mark Cycle
[2026-07-01T02:21:30.385+0000][65.583s][info][gc,cpu      ] GC(97) User=0.04s Sys=0.01s Real=0.02s
[2026-07-01T02:21:30.385+0000][65.583s][info][gc,marking  ] GC(98) Concurrent Scan Root Regions
[2026-07-01T02:21:30.406+0000][65.604s][info][gc,marking  ] GC(98) Concurrent Scan Root Regions 20.878ms
[2026-07-01T02:21:30.406+0000][65.604s][info][gc,marking  ] GC(98) Concurrent Mark
[2026-07-01T02:21:30.406+0000][65.604s][info][gc,marking  ] GC(98) Concurrent Mark From Roots
[2026-07-01T02:21:30.406+0000][65.604s][info][gc,task     ] GC(98) Using 1 workers of 1 for marking
[2026-07-01T02:21:30.785+0000][65.983s][info][gc,marking  ] GC(98) Concurrent Mark From Roots 378.955ms
[2026-07-01T02:21:30.785+0000][65.983s][info][gc,marking  ] GC(98) Concurrent Preclean
[2026-07-01T02:21:30.785+0000][65.983s][info][gc,marking  ] GC(98) Concurrent Preclean 0.145ms
[2026-07-01T02:21:30.785+0000][65.983s][info][gc,start    ] GC(98) Pause Remark
[2026-07-01T02:21:30.792+0000][65.989s][info][gc          ] GC(98) Pause Remark 217M->217M(311M) 6.254ms
[2026-07-01T02:21:30.792+0000][65.990s][info][gc,cpu      ] GC(98) User=0.01s Sys=0.00s Real=0.01s
[2026-07-01T02:21:30.795+0000][65.993s][info][gc,marking  ] GC(98) Concurrent Mark 389.405ms
[2026-07-01T02:21:30.796+0000][65.993s][info][gc,marking  ] GC(98) Concurrent Rebuild Remembered Sets and Scrub Regions
[2026-07-01T02:21:30.972+0000][66.170s][info][gc,marking  ] GC(98) Concurrent Rebuild Remembered Sets and Scrub Regions 176.395ms
[2026-07-01T02:21:30.972+0000][66.170s][info][gc,start    ] GC(98) Pause Cleanup
[2026-07-01T02:21:30.972+0000][66.170s][info][gc          ] GC(98) Pause Cleanup 235M->235M(311M) 0.176ms
[2026-07-01T02:21:30.972+0000][66.170s][info][gc,cpu      ] GC(98) User=0.00s Sys=0.00s Real=0.00s
[2026-07-01T02:21:30.973+0000][66.170s][info][gc,marking  ] GC(98) Concurrent Clear Claimed Marks
[2026-07-01T02:21:30.973+0000][66.170s][info][gc,marking  ] GC(98) Concurrent Clear Claimed Marks 0.085ms
[2026-07-01T02:21:30.973+0000][66.170s][info][gc,marking  ] GC(98) Concurrent Cleanup for Next Mark
[2026-07-01T02:21:30.975+0000][66.172s][info][gc,marking  ] GC(98) Concurrent Cleanup for Next Mark 1.882ms
[2026-07-01T02:21:30.975+0000][66.172s][info][gc          ] GC(98) Concurrent Mark Cycle 589.456ms
[2026-07-01T02:21:31.449+0000][66.647s][info][gc,start    ] GC(99) Pause Young (Prepare Mixed) (G1 Evacuation Pause)
[2026-07-01T02:21:31.449+0000][66.647s][info][gc,task     ] GC(99) Using 2 workers of 2 for evacuation
[2026-07-01T02:21:31.470+0000][66.668s][info][gc,phases   ] GC(99)   Pre Evacuate Collection Set: 0.23ms
[2026-07-01T02:21:31.470+0000][66.668s][info][gc,phases   ] GC(99)   Merge Heap Roots: 0.55ms
[2026-07-01T02:21:31.470+0000][66.668s][info][gc,phases   ] GC(99)   Evacuate Collection Set: 19.17ms
[2026-07-01T02:21:31.470+0000][66.668s][info][gc,phases   ] GC(99)   Post Evacuate Collection Set: 0.76ms
[2026-07-01T02:21:31.470+0000][66.668s][info][gc,phases   ] GC(99)   Other: 0.07ms
[2026-07-01T02:21:31.470+0000][66.668s][info][gc,heap     ] GC(99) Eden regions: 116->0(116)
[2026-07-01T02:21:31.470+0000][66.668s][info][gc,heap     ] GC(99) Survivor regions: 8->8(16)
[2026-07-01T02:21:31.470+0000][66.668s][info][gc,heap     ] GC(99) Old regions: 167->167
[2026-07-01T02:21:31.470+0000][66.668s][info][gc,heap     ] GC(99) Humongous regions: 3->3
[2026-07-01T02:21:31.470+0000][66.668s][info][gc,metaspace] GC(99) Metaspace: 41662K(42496K)->41662K(42496K) NonClass: 36529K(36992K)->36529K(36992K) Class: 5132K(5504K)->5132K(5504K)
[2026-07-01T02:21:31.470+0000][66.668s][info][gc          ] GC(99) Pause Young (Prepare Mixed) (G1 Evacuation Pause) 293M->177M(311M) 20.985ms
[2026-07-01T02:21:31.470+0000][66.668s][info][gc,cpu      ] GC(99) User=0.04s Sys=0.00s Real=0.02s
[2026-07-01T02:21:32.312+0000][67.510s][info][gc,start    ] GC(100) Pause Young (Mixed) (G1 Evacuation Pause)
[2026-07-01T02:21:32.312+0000][67.510s][info][gc,task     ] GC(100) Using 2 workers of 2 for evacuation
[2026-07-01T02:21:32.332+0000][67.530s][info][gc,phases   ] GC(100)   Pre Evacuate Collection Set: 0.21ms
[2026-07-01T02:21:32.332+0000][67.530s][info][gc,phases   ] GC(100)   Merge Heap Roots: 0.62ms
[2026-07-01T02:21:32.332+0000][67.530s][info][gc,phases   ] GC(100)   Evacuate Collection Set: 18.38ms
[2026-07-01T02:21:32.332+0000][67.530s][info][gc,phases   ] GC(100)   Post Evacuate Collection Set: 0.41ms
[2026-07-01T02:21:32.332+0000][67.530s][info][gc,phases   ] GC(100)   Other: 0.06ms
[2026-07-01T02:21:32.332+0000][67.530s][info][gc,heap     ] GC(100) Eden regions: 116->0(116)
[2026-07-01T02:21:32.332+0000][67.530s][info][gc,heap     ] GC(100) Survivor regions: 8->8(16)
[2026-07-01T02:21:32.332+0000][67.530s][info][gc,heap     ] GC(100) Old regions: 167->167
[2026-07-01T02:21:32.332+0000][67.530s][info][gc,heap     ] GC(100) Humongous regions: 3->3
[2026-07-01T02:21:32.332+0000][67.530s][info][gc,metaspace] GC(100) Metaspace: 41662K(42496K)->41662K(42496K) NonClass: 36529K(36992K)->36529K(36992K) Class: 5132K(5504K)->5132K(5504K)
[2026-07-01T02:21:32.332+0000][67.530s][info][gc          ] GC(100) Pause Young (Mixed) (G1 Evacuation Pause) 293M->177M(311M) 19.890ms
[2026-07-01T02:21:32.332+0000][67.530s][info][gc,cpu      ] GC(100) User=0.03s Sys=0.00s Real=0.02s
[2026-07-01T02:21:32.906+0000][68.103s][info][gc,start    ] GC(101) Pause Young (Concurrent Start) (G1 Evacuation Pause)
[2026-07-01T02:21:32.906+0000][68.104s][info][gc,task     ] GC(101) Using 2 workers of 2 for evacuation
[2026-07-01T02:21:32.926+0000][68.124s][info][gc,phases   ] GC(101)   Pre Evacuate Collection Set: 0.23ms
[2026-07-01T02:21:32.926+0000][68.124s][info][gc,phases   ] GC(101)   Merge Heap Roots: 0.60ms
[2026-07-01T02:21:32.926+0000][68.124s][info][gc,phases   ] GC(101)   Evacuate Collection Set: 19.16ms
[2026-07-01T02:21:32.926+0000][68.124s][info][gc,phases   ] GC(101)   Post Evacuate Collection Set: 0.44ms
[2026-07-01T02:21:32.926+0000][68.124s][info][gc,phases   ] GC(101)   Other: 0.08ms
[2026-07-01T02:21:32.926+0000][68.124s][info][gc,heap     ] GC(101) Eden regions: 116->0(115)
[2026-07-01T02:21:32.926+0000][68.124s][info][gc,heap     ] GC(101) Survivor regions: 8->8(16)
[2026-07-01T02:21:32.926+0000][68.124s][info][gc,heap     ] GC(101) Old regions: 167->168
[2026-07-01T02:21:32.926+0000][68.124s][info][gc,heap     ] GC(101) Humongous regions: 3->3
[2026-07-01T02:21:32.926+0000][68.124s][info][gc,metaspace] GC(101) Metaspace: 41663K(42496K)->41663K(42496K) NonClass: 36530K(36992K)->36530K(36992K) Class: 5132K(5504K)->5132K(5504K)
[2026-07-01T02:21:32.926+0000][68.124s][info][gc          ] GC(101) Pause Young (Concurrent Start) (G1 Evacuation Pause) 293M->178M(311M) 20.674ms
[2026-07-01T02:21:32.926+0000][68.124s][info][gc          ] GC(102) Concurrent Mark Cycle
[2026-07-01T02:21:32.926+0000][68.124s][info][gc,marking  ] GC(102) Concurrent Scan Root Regions
[2026-07-01T02:21:32.926+0000][68.124s][info][gc,cpu      ] GC(101) User=0.04s Sys=0.00s Real=0.02s
[2026-07-01T02:21:32.948+0000][68.146s][info][gc,marking  ] GC(102) Concurrent Scan Root Regions 21.450ms
[2026-07-01T02:21:32.948+0000][68.146s][info][gc,marking  ] GC(102) Concurrent Mark
[2026-07-01T02:21:32.948+0000][68.146s][info][gc,marking  ] GC(102) Concurrent Mark From Roots
[2026-07-01T02:21:32.948+0000][68.146s][info][gc,task     ] GC(102) Using 1 workers of 1 for marking
[2026-07-01T02:21:33.567+0000][68.765s][info][gc,start    ] GC(103) Pause Young (Normal) (G1 Evacuation Pause)
[2026-07-01T02:21:33.568+0000][68.765s][info][gc,task     ] GC(103) Using 2 workers of 2 for evacuation
[2026-07-01T02:21:33.588+0000][68.786s][info][gc,phases   ] GC(103)   Pre Evacuate Collection Set: 0.14ms
[2026-07-01T02:21:33.588+0000][68.786s][info][gc,phases   ] GC(103)   Merge Heap Roots: 0.49ms
[2026-07-01T02:21:33.588+0000][68.786s][info][gc,phases   ] GC(103)   Evacuate Collection Set: 19.09ms
[2026-07-01T02:21:33.588+0000][68.786s][info][gc,phases   ] GC(103)   Post Evacuate Collection Set: 0.40ms
[2026-07-01T02:21:33.588+0000][68.786s][info][gc,phases   ] GC(103)   Other: 0.06ms
[2026-07-01T02:21:33.588+0000][68.786s][info][gc,heap     ] GC(103) Eden regions: 115->0(115)
[2026-07-01T02:21:33.588+0000][68.786s][info][gc,heap     ] GC(103) Survivor regions: 8->8(16)
[2026-07-01T02:21:33.588+0000][68.786s][info][gc,heap     ] GC(103) Old regions: 168->168
[2026-07-01T02:21:33.588+0000][68.786s][info][gc,heap     ] GC(103) Humongous regions: 3->3
[2026-07-01T02:21:33.588+0000][68.786s][info][gc,metaspace] GC(103) Metaspace: 41663K(42496K)->41663K(42496K) NonClass: 36530K(36992K)->36530K(36992K) Class: 5132K(5504K)->5132K(5504K)
[2026-07-01T02:21:33.588+0000][68.786s][info][gc          ] GC(103) Pause Young (Normal) (G1 Evacuation Pause) 293M->178M(311M) 20.335ms
[2026-07-01T02:21:33.588+0000][68.786s][info][gc,cpu      ] GC(103) User=0.03s Sys=0.00s Real=0.02s
[2026-07-01T02:21:33.616+0000][68.814s][info][gc,marking  ] GC(102) Concurrent Mark From Roots 668.328ms
[2026-07-01T02:21:33.616+0000][68.814s][info][gc,marking  ] GC(102) Concurrent Preclean
[2026-07-01T02:21:33.616+0000][68.814s][info][gc,marking  ] GC(102) Concurrent Preclean 0.143ms
[2026-07-01T02:21:33.617+0000][68.814s][info][gc,start    ] GC(102) Pause Remark
[2026-07-01T02:21:33.625+0000][68.822s][info][gc          ] GC(102) Pause Remark 184M->184M(311M) 8.062ms
[2026-07-01T02:21:33.625+0000][68.822s][info][gc,cpu      ] GC(102) User=0.01s Sys=0.00s Real=0.01s
[2026-07-01T02:21:33.628+0000][68.825s][info][gc,marking  ] GC(102) Concurrent Mark 679.850ms
[2026-07-01T02:21:33.628+0000][68.826s][info][gc,marking  ] GC(102) Concurrent Rebuild Remembered Sets and Scrub Regions
[2026-07-01T02:21:34.035+0000][69.233s][info][gc,marking  ] GC(102) Concurrent Rebuild Remembered Sets and Scrub Regions 407.265ms
[2026-07-01T02:21:34.035+0000][69.233s][info][gc,start    ] GC(102) Pause Cleanup
[2026-07-01T02:21:34.035+0000][69.233s][info][gc          ] GC(102) Pause Cleanup 267M->267M(311M) 0.190ms
[2026-07-01T02:21:34.035+0000][69.233s][info][gc,cpu      ] GC(102) User=0.00s Sys=0.00s Real=0.00s
[2026-07-01T02:21:34.036+0000][69.234s][info][gc,marking  ] GC(102) Concurrent Clear Claimed Marks
[2026-07-01T02:21:34.036+0000][69.234s][info][gc,marking  ] GC(102) Concurrent Clear Claimed Marks 0.087ms
[2026-07-01T02:21:34.036+0000][69.234s][info][gc,marking  ] GC(102) Concurrent Cleanup for Next Mark
[2026-07-01T02:21:34.037+0000][69.235s][info][gc,marking  ] GC(102) Concurrent Cleanup for Next Mark 0.894ms
[2026-07-01T02:21:34.037+0000][69.235s][info][gc          ] GC(102) Concurrent Mark Cycle 1110.883ms
[2026-07-01T02:21:34.160+0000][69.357s][info][gc,start    ] GC(104) Pause Young (Prepare Mixed) (G1 Evacuation Pause)
[2026-07-01T02:21:34.160+0000][69.358s][info][gc,task     ] GC(104) Using 2 workers of 2 for evacuation
[2026-07-01T02:21:34.174+0000][69.372s][info][gc,phases   ] GC(104)   Pre Evacuate Collection Set: 0.17ms
[2026-07-01T02:21:34.174+0000][69.372s][info][gc,phases   ] GC(104)   Merge Heap Roots: 0.82ms
[2026-07-01T02:21:34.174+0000][69.372s][info][gc,phases   ] GC(104)   Evacuate Collection Set: 12.89ms
[2026-07-01T02:21:34.174+0000][69.372s][info][gc,phases   ] GC(104)   Post Evacuate Collection Set: 0.37ms
[2026-07-01T02:21:34.174+0000][69.372s][info][gc,phases   ] GC(104)   Other: 0.06ms
[2026-07-01T02:21:34.174+0000][69.372s][info][gc,heap     ] GC(104) Eden regions: 115->0(114)
[2026-07-01T02:21:34.174+0000][69.372s][info][gc,heap     ] GC(104) Survivor regions: 8->8(16)
[2026-07-01T02:21:34.174+0000][69.372s][info][gc,heap     ] GC(104) Old regions: 168->169
[2026-07-01T02:21:34.174+0000][69.372s][info][gc,heap     ] GC(104) Humongous regions: 3->3
[2026-07-01T02:21:34.174+0000][69.372s][info][gc,metaspace] GC(104) Metaspace: 41665K(42496K)->41665K(42496K) NonClass: 36532K(36992K)->36532K(36992K) Class: 5132K(5504K)->5132K(5504K)
[2026-07-01T02:21:34.174+0000][69.372s][info][gc          ] GC(104) Pause Young (Prepare Mixed) (G1 Evacuation Pause) 293M->178M(311M) 14.509ms
[2026-07-01T02:21:34.174+0000][69.372s][info][gc,cpu      ] GC(104) User=0.02s Sys=0.00s Real=0.01s
[2026-07-01T02:21:34.703+0000][69.901s][info][gc,start    ] GC(105) Pause Young (Mixed) (G1 Evacuation Pause)
[2026-07-01T02:21:34.703+0000][69.901s][info][gc,task     ] GC(105) Using 2 workers of 2 for evacuation
[2026-07-01T02:21:34.720+0000][69.918s][info][gc,phases   ] GC(105)   Pre Evacuate Collection Set: 0.18ms
[2026-07-01T02:21:34.720+0000][69.918s][info][gc,phases   ] GC(105)   Merge Heap Roots: 0.33ms
[2026-07-01T02:21:34.720+0000][69.918s][info][gc,phases   ] GC(105)   Evacuate Collection Set: 16.25ms
[2026-07-01T02:21:34.720+0000][69.918s][info][gc,phases   ] GC(105)   Post Evacuate Collection Set: 0.44ms
[2026-07-01T02:21:34.720+0000][69.918s][info][gc,phases   ] GC(105)   Other: 0.08ms
[2026-07-01T02:21:34.720+0000][69.918s][info][gc,heap     ] GC(105) Eden regions: 114->0(114)
[2026-07-01T02:21:34.720+0000][69.918s][info][gc,heap     ] GC(105) Survivor regions: 8->8(16)
[2026-07-01T02:21:34.720+0000][69.918s][info][gc,heap     ] GC(105) Old regions: 169->169
[2026-07-01T02:21:34.720+0000][69.918s][info][gc,heap     ] GC(105) Humongous regions: 3->3
[2026-07-01T02:21:34.720+0000][69.918s][info][gc,metaspace] GC(105) Metaspace: 41665K(42496K)->41665K(42496K) NonClass: 36532K(36992K)->36532K(36992K) Class: 5132K(5504K)->5132K(5504K)
[2026-07-01T02:21:34.720+0000][69.918s][info][gc          ] GC(105) Pause Young (Mixed) (G1 Evacuation Pause) 292M->178M(311M) 17.426ms
[2026-07-01T02:21:34.720+0000][69.918s][info][gc,cpu      ] GC(105) User=0.04s Sys=0.00s Real=0.02s
[2026-07-01T02:21:35.233+0000][70.431s][info][gc,start    ] GC(106) Pause Young (Concurrent Start) (G1 Evacuation Pause)
[2026-07-01T02:21:35.233+0000][70.431s][info][gc,task     ] GC(106) Using 2 workers of 2 for evacuation
[2026-07-01T02:21:35.248+0000][70.446s][info][gc,phases   ] GC(106)   Pre Evacuate Collection Set: 0.14ms
[2026-07-01T02:21:35.248+0000][70.446s][info][gc,phases   ] GC(106)   Merge Heap Roots: 0.23ms
[2026-07-01T02:21:35.248+0000][70.446s][info][gc,phases   ] GC(106)   Evacuate Collection Set: 13.69ms
[2026-07-01T02:21:35.248+0000][70.446s][info][gc,phases   ] GC(106)   Post Evacuate Collection Set: 0.41ms
[2026-07-01T02:21:35.248+0000][70.446s][info][gc,phases   ] GC(106)   Other: 0.07ms
[2026-07-01T02:21:35.248+0000][70.446s][info][gc,heap     ] GC(106) Eden regions: 114->0(114)
[2026-07-01T02:21:35.248+0000][70.446s][info][gc,heap     ] GC(106) Survivor regions: 8->8(16)
[2026-07-01T02:21:35.248+0000][70.446s][info][gc,heap     ] GC(106) Old regions: 169->169
[2026-07-01T02:21:35.248+0000][70.446s][info][gc,heap     ] GC(106) Humongous regions: 3->3
[2026-07-01T02:21:35.248+0000][70.446s][info][gc,metaspace] GC(106) Metaspace: 41665K(42496K)->41665K(42496K) NonClass: 36532K(36992K)->36532K(36992K) Class: 5132K(5504K)->5132K(5504K)
[2026-07-01T02:21:35.248+0000][70.446s][info][gc          ] GC(106) Pause Young (Concurrent Start) (G1 Evacuation Pause) 292M->179M(311M) 14.705ms
[2026-07-01T02:21:35.248+0000][70.446s][info][gc,cpu      ] GC(106) User=0.03s Sys=0.00s Real=0.01s
[2026-07-01T02:21:35.248+0000][70.446s][info][gc          ] GC(107) Concurrent Mark Cycle
[2026-07-01T02:21:35.251+0000][70.449s][info][gc,marking  ] GC(107) Concurrent Scan Root Regions
[2026-07-01T02:21:35.273+0000][70.471s][info][gc,marking  ] GC(107) Concurrent Scan Root Regions 21.572ms
[2026-07-01T02:21:35.273+0000][70.471s][info][gc,marking  ] GC(107) Concurrent Mark
[2026-07-01T02:21:35.273+0000][70.471s][info][gc,marking  ] GC(107) Concurrent Mark From Roots
[2026-07-01T02:21:35.273+0000][70.471s][info][gc,task     ] GC(107) Using 1 workers of 1 for marking
[2026-07-01T02:21:35.866+0000][71.064s][info][gc,start    ] GC(108) Pause Young (Normal) (G1 Evacuation Pause)
[2026-07-01T02:21:35.866+0000][71.064s][info][gc,task     ] GC(108) Using 2 workers of 2 for evacuation
[2026-07-01T02:21:35.880+0000][71.077s][info][gc,phases   ] GC(108)   Pre Evacuate Collection Set: 0.14ms
[2026-07-01T02:21:35.880+0000][71.077s][info][gc,phases   ] GC(108)   Merge Heap Roots: 0.25ms
[2026-07-01T02:21:35.880+0000][71.077s][info][gc,phases   ] GC(108)   Evacuate Collection Set: 12.84ms
[2026-07-01T02:21:35.880+0000][71.077s][info][gc,phases   ] GC(108)   Post Evacuate Collection Set: 0.39ms
[2026-07-01T02:21:35.880+0000][71.077s][info][gc,phases   ] GC(108)   Other: 0.06ms
[2026-07-01T02:21:35.880+0000][71.077s][info][gc,heap     ] GC(108) Eden regions: 114->0(113)
[2026-07-01T02:21:35.880+0000][71.077s][info][gc,heap     ] GC(108) Survivor regions: 8->8(16)
[2026-07-01T02:21:35.880+0000][71.077s][info][gc,heap     ] GC(108) Old regions: 169->170
[2026-07-01T02:21:35.880+0000][71.077s][info][gc,heap     ] GC(108) Humongous regions: 3->3
[2026-07-01T02:21:35.880+0000][71.077s][info][gc,metaspace] GC(108) Metaspace: 41665K(42496K)->41665K(42496K) NonClass: 36532K(36992K)->36532K(36992K) Class: 5132K(5504K)->5132K(5504K)
[2026-07-01T02:21:35.880+0000][71.077s][info][gc          ] GC(108) Pause Young (Normal) (G1 Evacuation Pause) 293M->179M(311M) 13.867ms
[2026-07-01T02:21:35.880+0000][71.077s][info][gc,cpu      ] GC(108) User=0.03s Sys=0.00s Real=0.02s
[2026-07-01T02:21:35.922+0000][71.120s][info][gc,marking  ] GC(107) Concurrent Mark From Roots 649.566ms
[2026-07-01T02:21:35.922+0000][71.120s][info][gc,marking  ] GC(107) Concurrent Preclean
[2026-07-01T02:21:35.923+0000][71.120s][info][gc,marking  ] GC(107) Concurrent Preclean 0.131ms
[2026-07-01T02:21:35.923+0000][71.121s][info][gc,start    ] GC(107) Pause Remark
[2026-07-01T02:21:35.928+0000][71.126s][info][gc          ] GC(107) Pause Remark 187M->187M(311M) 5.462ms
[2026-07-01T02:21:35.928+0000][71.126s][info][gc,cpu      ] GC(107) User=0.01s Sys=0.00s Real=0.01s
[2026-07-01T02:21:35.933+0000][71.131s][info][gc,marking  ] GC(107) Concurrent Mark 659.820ms
[2026-07-01T02:21:35.933+0000][71.131s][info][gc,marking  ] GC(107) Concurrent Rebuild Remembered Sets and Scrub Regions
[2026-07-01T02:21:36.241+0000][71.439s][info][gc,marking  ] GC(107) Concurrent Rebuild Remembered Sets and Scrub Regions 308.715ms
[2026-07-01T02:21:36.242+0000][71.439s][info][gc,start    ] GC(107) Pause Cleanup
[2026-07-01T02:21:36.242+0000][71.440s][info][gc          ] GC(107) Pause Cleanup 248M->248M(311M) 0.184ms
[2026-07-01T02:21:36.242+0000][71.440s][info][gc,cpu      ] GC(107) User=0.00s Sys=0.00s Real=0.00s
[2026-07-01T02:21:36.243+0000][71.441s][info][gc,marking  ] GC(107) Concurrent Clear Claimed Marks
[2026-07-01T02:21:36.243+0000][71.441s][info][gc,marking  ] GC(107) Concurrent Clear Claimed Marks 0.100ms
[2026-07-01T02:21:36.243+0000][71.441s][info][gc,marking  ] GC(107) Concurrent Cleanup for Next Mark
[2026-07-01T02:21:36.244+0000][71.442s][info][gc,marking  ] GC(107) Concurrent Cleanup for Next Mark 1.096ms
[2026-07-01T02:21:36.244+0000][71.442s][info][gc          ] GC(107) Concurrent Mark Cycle 995.882ms
[2026-07-01T02:21:36.456+0000][71.654s][info][gc,start    ] GC(109) Pause Young (Prepare Mixed) (G1 Evacuation Pause)
[2026-07-01T02:21:36.456+0000][71.654s][info][gc,task     ] GC(109) Using 2 workers of 2 for evacuation
[2026-07-01T02:21:36.470+0000][71.668s][info][gc,phases   ] GC(109)   Pre Evacuate Collection Set: 0.14ms
[2026-07-01T02:21:36.470+0000][71.668s][info][gc,phases   ] GC(109)   Merge Heap Roots: 0.41ms
[2026-07-01T02:21:36.470+0000][71.668s][info][gc,phases   ] GC(109)   Evacuate Collection Set: 12.87ms
[2026-07-01T02:21:36.470+0000][71.668s][info][gc,phases   ] GC(109)   Post Evacuate Collection Set: 0.41ms
[2026-07-01T02:21:36.470+0000][71.668s][info][gc,phases   ] GC(109)   Other: 0.07ms
[2026-07-01T02:21:36.470+0000][71.668s][info][gc,heap     ] GC(109) Eden regions: 113->0(113)
[2026-07-01T02:21:36.470+0000][71.668s][info][gc,heap     ] GC(109) Survivor regions: 8->8(16)
[2026-07-01T02:21:36.470+0000][71.668s][info][gc,heap     ] GC(109) Old regions: 170->170
[2026-07-01T02:21:36.470+0000][71.668s][info][gc,heap     ] GC(109) Humongous regions: 3->3
[2026-07-01T02:21:36.470+0000][71.668s][info][gc,metaspace] GC(109) Metaspace: 41665K(42496K)->41665K(42496K) NonClass: 36532K(36992K)->36532K(36992K) Class: 5132K(5504K)->5132K(5504K)
[2026-07-01T02:21:36.470+0000][71.668s][info][gc          ] GC(109) Pause Young (Prepare Mixed) (G1 Evacuation Pause) 292M->180M(311M) 14.052ms
[2026-07-01T02:21:36.470+0000][71.668s][info][gc,cpu      ] GC(109) User=0.03s Sys=0.00s Real=0.02s
[2026-07-01T02:21:36.993+0000][72.191s][info][gc,start    ] GC(110) Pause Young (Mixed) (G1 Evacuation Pause)
[2026-07-01T02:21:36.993+0000][72.191s][info][gc,task     ] GC(110) Using 2 workers of 2 for evacuation
[2026-07-01T02:21:37.010+0000][72.208s][info][gc,phases   ] GC(110)   Pre Evacuate Collection Set: 0.14ms
[2026-07-01T02:21:37.010+0000][72.208s][info][gc,phases   ] GC(110)   Merge Heap Roots: 0.44ms
[2026-07-01T02:21:37.010+0000][72.208s][info][gc,phases   ] GC(110)   Evacuate Collection Set: 15.44ms
[2026-07-01T02:21:37.010+0000][72.208s][info][gc,phases   ] GC(110)   Post Evacuate Collection Set: 0.36ms
[2026-07-01T02:21:37.010+0000][72.208s][info][gc,phases   ] GC(110)   Other: 0.05ms
[2026-07-01T02:21:37.010+0000][72.208s][info][gc,heap     ] GC(110) Eden regions: 113->0(113)
[2026-07-01T02:21:37.010+0000][72.208s][info][gc,heap     ] GC(110) Survivor regions: 8->8(16)
[2026-07-01T02:21:37.010+0000][72.208s][info][gc,heap     ] GC(110) Old regions: 170->170
[2026-07-01T02:21:37.010+0000][72.208s][info][gc,heap     ] GC(110) Humongous regions: 3->3
[2026-07-01T02:21:37.010+0000][72.208s][info][gc,metaspace] GC(110) Metaspace: 41665K(42496K)->41665K(42496K) NonClass: 36532K(36992K)->36532K(36992K) Class: 5132K(5504K)->5132K(5504K)
[2026-07-01T02:21:37.010+0000][72.208s][info][gc          ] GC(110) Pause Young (Mixed) (G1 Evacuation Pause) 293M->180M(311M) 16.618ms
[2026-07-01T02:21:37.010+0000][72.208s][info][gc,cpu      ] GC(110) User=0.03s Sys=0.00s Real=0.02s
[2026-07-01T02:21:37.691+0000][72.889s][info][gc,start    ] GC(111) Pause Young (Concurrent Start) (G1 Evacuation Pause)
[2026-07-01T02:21:37.691+0000][72.889s][info][gc,task     ] GC(111) Using 2 workers of 2 for evacuation
[2026-07-01T02:21:37.738+0000][72.936s][info][gc,phases   ] GC(111)   Pre Evacuate Collection Set: 0.22ms
[2026-07-01T02:21:37.738+0000][72.936s][info][gc,phases   ] GC(111)   Merge Heap Roots: 0.44ms
[2026-07-01T02:21:37.738+0000][72.936s][info][gc,phases   ] GC(111)   Evacuate Collection Set: 45.52ms
[2026-07-01T02:21:37.738+0000][72.936s][info][gc,phases   ] GC(111)   Post Evacuate Collection Set: 0.70ms
[2026-07-01T02:21:37.738+0000][72.936s][info][gc,phases   ] GC(111)   Other: 0.07ms
[2026-07-01T02:21:37.738+0000][72.936s][info][gc,heap     ] GC(111) Eden regions: 113->0(112)
[2026-07-01T02:21:37.738+0000][72.936s][info][gc,heap     ] GC(111) Survivor regions: 8->8(16)
[2026-07-01T02:21:37.738+0000][72.936s][info][gc,heap     ] GC(111) Old regions: 170->171
[2026-07-01T02:21:37.738+0000][72.936s][info][gc,heap     ] GC(111) Humongous regions: 3->3
[2026-07-01T02:21:37.738+0000][72.936s][info][gc,metaspace] GC(111) Metaspace: 41665K(42496K)->41665K(42496K) NonClass: 36532K(36992K)->36532K(36992K) Class: 5132K(5504K)->5132K(5504K)
[2026-07-01T02:21:37.738+0000][72.936s][info][gc          ] GC(111) Pause Young (Concurrent Start) (G1 Evacuation Pause) 293M->180M(311M) 47.170ms
[2026-07-01T02:21:37.738+0000][72.936s][info][gc          ] GC(112) Concurrent Mark Cycle
[2026-07-01T02:21:37.738+0000][72.936s][info][gc,cpu      ] GC(111) User=0.04s Sys=0.00s Real=0.04s
[2026-07-01T02:21:37.738+0000][72.936s][info][gc,marking  ] GC(112) Concurrent Scan Root Regions
[2026-07-01T02:21:37.756+0000][72.953s][info][gc,marking  ] GC(112) Concurrent Scan Root Regions 17.442ms
[2026-07-01T02:21:37.756+0000][72.953s][info][gc,marking  ] GC(112) Concurrent Mark
[2026-07-01T02:21:37.756+0000][72.953s][info][gc,marking  ] GC(112) Concurrent Mark From Roots
[2026-07-01T02:21:37.756+0000][72.953s][info][gc,task     ] GC(112) Using 1 workers of 1 for marking
[2026-07-01T02:21:38.087+0000][73.285s][info][gc,marking  ] GC(112) Concurrent Mark From Roots 331.633ms
[2026-07-01T02:21:38.087+0000][73.285s][info][gc,marking  ] GC(112) Concurrent Preclean
[2026-07-01T02:21:38.087+0000][73.285s][info][gc,marking  ] GC(112) Concurrent Preclean 0.260ms
[2026-07-01T02:21:38.088+0000][73.285s][info][gc,start    ] GC(112) Pause Remark
[2026-07-01T02:21:38.102+0000][73.299s][info][gc          ] GC(112) Pause Remark 220M->220M(311M) 13.997ms
[2026-07-01T02:21:38.102+0000][73.300s][info][gc,cpu      ] GC(112) User=0.01s Sys=0.00s Real=0.02s
[2026-07-01T02:21:38.105+0000][73.302s][info][gc,marking  ] GC(112) Concurrent Mark 349.096ms
[2026-07-01T02:21:38.105+0000][73.303s][info][gc,marking  ] GC(112) Concurrent Rebuild Remembered Sets and Scrub Regions
[2026-07-01T02:21:38.262+0000][73.459s][info][gc,marking  ] GC(112) Concurrent Rebuild Remembered Sets and Scrub Regions 156.917ms
[2026-07-01T02:21:38.262+0000][73.460s][info][gc,start    ] GC(112) Pause Cleanup
[2026-07-01T02:21:38.262+0000][73.460s][info][gc          ] GC(112) Pause Cleanup 236M->236M(311M) 0.207ms
[2026-07-01T02:21:38.262+0000][73.460s][info][gc,cpu      ] GC(112) User=0.00s Sys=0.00s Real=0.00s
[2026-07-01T02:21:38.262+0000][73.460s][info][gc,marking  ] GC(112) Concurrent Clear Claimed Marks
[2026-07-01T02:21:38.263+0000][73.461s][info][gc,marking  ] GC(112) Concurrent Clear Claimed Marks 0.577ms
[2026-07-01T02:21:38.263+0000][73.461s][info][gc,marking  ] GC(112) Concurrent Cleanup for Next Mark
[2026-07-01T02:21:38.264+0000][73.462s][info][gc,marking  ] GC(112) Concurrent Cleanup for Next Mark 0.831ms
[2026-07-01T02:21:38.264+0000][73.462s][info][gc          ] GC(112) Concurrent Mark Cycle 525.802ms
[2026-07-01T02:21:38.735+0000][73.933s][info][gc,start    ] GC(113) Pause Young (Prepare Mixed) (G1 Evacuation Pause)
[2026-07-01T02:21:38.735+0000][73.933s][info][gc,task     ] GC(113) Using 2 workers of 2 for evacuation
[2026-07-01T02:21:38.766+0000][73.963s][info][gc,phases   ] GC(113)   Pre Evacuate Collection Set: 0.19ms
[2026-07-01T02:21:38.766+0000][73.963s][info][gc,phases   ] GC(113)   Merge Heap Roots: 0.87ms
[2026-07-01T02:21:38.766+0000][73.964s][info][gc,phases   ] GC(113)   Evacuate Collection Set: 28.60ms
[2026-07-01T02:21:38.766+0000][73.964s][info][gc,phases   ] GC(113)   Post Evacuate Collection Set: 0.46ms
[2026-07-01T02:21:38.766+0000][73.964s][info][gc,phases   ] GC(113)   Other: 0.06ms
[2026-07-01T02:21:38.766+0000][73.964s][info][gc,heap     ] GC(113) Eden regions: 112->0(113)
[2026-07-01T02:21:38.766+0000][73.964s][info][gc,heap     ] GC(113) Survivor regions: 8->7(15)
[2026-07-01T02:21:38.766+0000][73.964s][info][gc,heap     ] GC(113) Old regions: 171->171
[2026-07-01T02:21:38.766+0000][73.964s][info][gc,heap     ] GC(113) Humongous regions: 3->3
[2026-07-01T02:21:38.766+0000][73.964s][info][gc,metaspace] GC(113) Metaspace: 41665K(42496K)->41665K(42496K) NonClass: 36532K(36992K)->36532K(36992K) Class: 5132K(5504K)->5132K(5504K)
[2026-07-01T02:21:38.766+0000][73.964s][info][gc          ] GC(113) Pause Young (Prepare Mixed) (G1 Evacuation Pause) 292M->180M(311M) 30.377ms
[2026-07-01T02:21:38.766+0000][73.964s][info][gc,cpu      ] GC(113) User=0.04s Sys=0.00s Real=0.03s
[2026-07-01T02:21:39.570+0000][74.768s][info][gc,start    ] GC(114) Pause Young (Mixed) (G1 Evacuation Pause)
[2026-07-01T02:21:39.570+0000][74.768s][info][gc,task     ] GC(114) Using 2 workers of 2 for evacuation
[2026-07-01T02:21:39.610+0000][74.808s][info][gc,phases   ] GC(114)   Pre Evacuate Collection Set: 0.16ms
[2026-07-01T02:21:39.610+0000][74.808s][info][gc,phases   ] GC(114)   Merge Heap Roots: 0.28ms
[2026-07-01T02:21:39.610+0000][74.808s][info][gc,phases   ] GC(114)   Evacuate Collection Set: 38.83ms
[2026-07-01T02:21:39.610+0000][74.808s][info][gc,phases   ] GC(114)   Post Evacuate Collection Set: 0.51ms
[2026-07-01T02:21:39.610+0000][74.808s][info][gc,phases   ] GC(114)   Other: 0.07ms
[2026-07-01T02:21:39.610+0000][74.808s][info][gc,heap     ] GC(114) Eden regions: 113->0(112)
[2026-07-01T02:21:39.610+0000][74.808s][info][gc,heap     ] GC(114) Survivor regions: 7->8(15)
[2026-07-01T02:21:39.610+0000][74.808s][info][gc,heap     ] GC(114) Old regions: 171->171
[2026-07-01T02:21:39.610+0000][74.808s][info][gc,heap     ] GC(114) Humongous regions: 3->3
[2026-07-01T02:21:39.610+0000][74.808s][info][gc,metaspace] GC(114) Metaspace: 41665K(42496K)->41665K(42496K) NonClass: 36532K(36992K)->36532K(36992K) Class: 5132K(5504K)->5132K(5504K)
[2026-07-01T02:21:39.610+0000][74.808s][info][gc          ] GC(114) Pause Young (Mixed) (G1 Evacuation Pause) 293M->181M(311M) 40.045ms
[2026-07-01T02:21:39.610+0000][74.808s][info][gc,cpu      ] GC(114) User=0.04s Sys=0.00s Real=0.04s
[2026-07-01T02:21:40.434+0000][75.632s][info][gc,start    ] GC(115) Pause Young (Concurrent Start) (G1 Evacuation Pause)
[2026-07-01T02:21:40.434+0000][75.632s][info][gc,task     ] GC(115) Using 2 workers of 2 for evacuation
[2026-07-01T02:21:40.479+0000][75.677s][info][gc,phases   ] GC(115)   Pre Evacuate Collection Set: 0.18ms
[2026-07-01T02:21:40.479+0000][75.677s][info][gc,phases   ] GC(115)   Merge Heap Roots: 0.25ms
[2026-07-01T02:21:40.479+0000][75.677s][info][gc,phases   ] GC(115)   Evacuate Collection Set: 43.52ms
[2026-07-01T02:21:40.479+0000][75.677s][info][gc,phases   ] GC(115)   Post Evacuate Collection Set: 0.73ms
[2026-07-01T02:21:40.479+0000][75.677s][info][gc,phases   ] GC(115)   Other: 0.08ms
[2026-07-01T02:21:40.479+0000][75.677s][info][gc,heap     ] GC(115) Eden regions: 112->0(111)
[2026-07-01T02:21:40.479+0000][75.677s][info][gc,heap     ] GC(115) Survivor regions: 8->8(15)
[2026-07-01T02:21:40.479+0000][75.677s][info][gc,heap     ] GC(115) Old regions: 171->172
[2026-07-01T02:21:40.479+0000][75.677s][info][gc,heap     ] GC(115) Humongous regions: 3->3
[2026-07-01T02:21:40.479+0000][75.677s][info][gc,metaspace] GC(115) Metaspace: 41665K(42496K)->41665K(42496K) NonClass: 36532K(36992K)->36532K(36992K) Class: 5132K(5504K)->5132K(5504K)
[2026-07-01T02:21:40.479+0000][75.677s][info][gc          ] GC(115) Pause Young (Concurrent Start) (G1 Evacuation Pause) 293M->181M(311M) 44.977ms
[2026-07-01T02:21:40.479+0000][75.677s][info][gc          ] GC(116) Concurrent Mark Cycle
[2026-07-01T02:21:40.479+0000][75.677s][info][gc,marking  ] GC(116) Concurrent Scan Root Regions
[2026-07-01T02:21:40.479+0000][75.677s][info][gc,cpu      ] GC(115) User=0.04s Sys=0.00s Real=0.05s
[2026-07-01T02:21:40.493+0000][75.691s][info][gc,marking  ] GC(116) Concurrent Scan Root Regions 13.795ms
[2026-07-01T02:21:40.493+0000][75.691s][info][gc,marking  ] GC(116) Concurrent Mark
[2026-07-01T02:21:40.493+0000][75.691s][info][gc,marking  ] GC(116) Concurrent Mark From Roots
[2026-07-01T02:21:40.493+0000][75.691s][info][gc,task     ] GC(116) Using 1 workers of 1 for marking
[2026-07-01T02:21:40.858+0000][76.056s][info][gc,marking  ] GC(116) Concurrent Mark From Roots 365.496ms
[2026-07-01T02:21:40.858+0000][76.056s][info][gc,marking  ] GC(116) Concurrent Preclean
[2026-07-01T02:21:40.859+0000][76.056s][info][gc,marking  ] GC(116) Concurrent Preclean 0.136ms
[2026-07-01T02:21:40.859+0000][76.056s][info][gc,start    ] GC(116) Pause Remark
[2026-07-01T02:21:40.871+0000][76.069s][info][gc          ] GC(116) Pause Remark 225M->225M(311M) 12.148ms
[2026-07-01T02:21:40.871+0000][76.069s][info][gc,cpu      ] GC(116) User=0.01s Sys=0.00s Real=0.01s
[2026-07-01T02:21:40.873+0000][76.071s][info][gc,marking  ] GC(116) Concurrent Mark 380.453ms
[2026-07-01T02:21:40.873+0000][76.071s][info][gc,marking  ] GC(116) Concurrent Rebuild Remembered Sets and Scrub Regions
[2026-07-01T02:21:41.158+0000][76.355s][info][gc,marking  ] GC(116) Concurrent Rebuild Remembered Sets and Scrub Regions 284.237ms
[2026-07-01T02:21:41.158+0000][76.356s][info][gc,start    ] GC(116) Pause Cleanup
[2026-07-01T02:21:41.158+0000][76.356s][info][gc          ] GC(116) Pause Cleanup 255M->255M(311M) 0.202ms
[2026-07-01T02:21:41.158+0000][76.356s][info][gc,cpu      ] GC(116) User=0.00s Sys=0.00s Real=0.00s
[2026-07-01T02:21:41.160+0000][76.357s][info][gc,marking  ] GC(116) Concurrent Clear Claimed Marks
[2026-07-01T02:21:41.160+0000][76.358s][info][gc,marking  ] GC(116) Concurrent Clear Claimed Marks 0.090ms
[2026-07-01T02:21:41.160+0000][76.358s][info][gc,marking  ] GC(116) Concurrent Cleanup for Next Mark
[2026-07-01T02:21:41.160+0000][76.358s][info][gc,marking  ] GC(116) Concurrent Cleanup for Next Mark 0.565ms
[2026-07-01T02:21:41.160+0000][76.358s][info][gc          ] GC(116) Concurrent Mark Cycle 681.273ms
[2026-07-01T02:21:41.443+0000][76.641s][info][gc,start    ] GC(117) Pause Young (Prepare Mixed) (G1 Evacuation Pause)
[2026-07-01T02:21:41.443+0000][76.641s][info][gc,task     ] GC(117) Using 2 workers of 2 for evacuation
[2026-07-01T02:21:41.478+0000][76.675s][info][gc,phases   ] GC(117)   Pre Evacuate Collection Set: 0.20ms
[2026-07-01T02:21:41.478+0000][76.675s][info][gc,phases   ] GC(117)   Merge Heap Roots: 0.80ms
[2026-07-01T02:21:41.478+0000][76.675s][info][gc,phases   ] GC(117)   Evacuate Collection Set: 33.14ms
[2026-07-01T02:21:41.478+0000][76.676s][info][gc,phases   ] GC(117)   Post Evacuate Collection Set: 0.48ms
[2026-07-01T02:21:41.478+0000][76.676s][info][gc,phases   ] GC(117)   Other: 0.07ms
[2026-07-01T02:21:41.478+0000][76.676s][info][gc,heap     ] GC(117) Eden regions: 111->0(111)
[2026-07-01T02:21:41.478+0000][76.676s][info][gc,heap     ] GC(117) Survivor regions: 8->8(15)
[2026-07-01T02:21:41.478+0000][76.676s][info][gc,heap     ] GC(117) Old regions: 172->172
[2026-07-01T02:21:41.478+0000][76.676s][info][gc,heap     ] GC(117) Humongous regions: 3->3
[2026-07-01T02:21:41.478+0000][76.676s][info][gc,metaspace] GC(117) Metaspace: 41677K(42496K)->41677K(42496K) NonClass: 36544K(36992K)->36544K(36992K) Class: 5133K(5504K)->5133K(5504K)
[2026-07-01T02:21:41.478+0000][76.676s][info][gc          ] GC(117) Pause Young (Prepare Mixed) (G1 Evacuation Pause) 292M->182M(311M) 34.868ms
[2026-07-01T02:21:41.478+0000][76.676s][info][gc,cpu      ] GC(117) User=0.04s Sys=0.00s Real=0.03s
[2026-07-01T02:21:42.302+0000][77.500s][info][gc,start    ] GC(118) Pause Young (Mixed) (G1 Evacuation Pause)
[2026-07-01T02:21:42.302+0000][77.500s][info][gc,task     ] GC(118) Using 2 workers of 2 for evacuation
[2026-07-01T02:21:42.324+0000][77.522s][info][gc,phases   ] GC(118)   Pre Evacuate Collection Set: 0.17ms
[2026-07-01T02:21:42.324+0000][77.522s][info][gc,phases   ] GC(118)   Merge Heap Roots: 0.31ms
[2026-07-01T02:21:42.324+0000][77.522s][info][gc,phases   ] GC(118)   Evacuate Collection Set: 21.21ms
[2026-07-01T02:21:42.324+0000][77.522s][info][gc,phases   ] GC(118)   Post Evacuate Collection Set: 0.51ms
[2026-07-01T02:21:42.324+0000][77.522s][info][gc,phases   ] GC(118)   Other: 0.06ms
[2026-07-01T02:21:42.324+0000][77.522s][info][gc,heap     ] GC(118) Eden regions: 111->0(112)
[2026-07-01T02:21:42.324+0000][77.522s][info][gc,heap     ] GC(118) Survivor regions: 8->7(15)
[2026-07-01T02:21:42.324+0000][77.522s][info][gc,heap     ] GC(118) Old regions: 172->172
[2026-07-01T02:21:42.324+0000][77.522s][info][gc,heap     ] GC(118) Humongous regions: 3->3
[2026-07-01T02:21:42.324+0000][77.522s][info][gc,metaspace] GC(118) Metaspace: 41679K(42496K)->41679K(42496K) NonClass: 36545K(36992K)->36545K(36992K) Class: 5133K(5504K)->5133K(5504K)
[2026-07-01T02:21:42.324+0000][77.522s][info][gc          ] GC(118) Pause Young (Mixed) (G1 Evacuation Pause) 293M->181M(311M) 22.484ms
[2026-07-01T02:21:42.324+0000][77.522s][info][gc,cpu      ] GC(118) User=0.04s Sys=0.00s Real=0.02s
[2026-07-01T02:21:42.873+0000][78.071s][info][gc,start    ] GC(119) Pause Young (Concurrent Start) (G1 Evacuation Pause)
[2026-07-01T02:21:42.873+0000][78.071s][info][gc,task     ] GC(119) Using 2 workers of 2 for evacuation
[2026-07-01T02:21:42.893+0000][78.091s][info][gc,phases   ] GC(119)   Pre Evacuate Collection Set: 0.19ms
[2026-07-01T02:21:42.893+0000][78.091s][info][gc,phases   ] GC(119)   Merge Heap Roots: 0.28ms
[2026-07-01T02:21:42.893+0000][78.091s][info][gc,phases   ] GC(119)   Evacuate Collection Set: 18.48ms
[2026-07-01T02:21:42.893+0000][78.091s][info][gc,phases   ] GC(119)   Post Evacuate Collection Set: 0.44ms
[2026-07-01T02:21:42.893+0000][78.091s][info][gc,phases   ] GC(119)   Other: 0.08ms
[2026-07-01T02:21:42.893+0000][78.091s][info][gc,heap     ] GC(119) Eden regions: 112->0(110)
[2026-07-01T02:21:42.893+0000][78.091s][info][gc,heap     ] GC(119) Survivor regions: 7->8(15)
[2026-07-01T02:21:42.893+0000][78.091s][info][gc,heap     ] GC(119) Old regions: 172->173
[2026-07-01T02:21:42.893+0000][78.091s][info][gc,heap     ] GC(119) Humongous regions: 3->3
[2026-07-01T02:21:42.893+0000][78.091s][info][gc,metaspace] GC(119) Metaspace: 41679K(42496K)->41679K(42496K) NonClass: 36545K(36992K)->36545K(36992K) Class: 5133K(5504K)->5133K(5504K)
[2026-07-01T02:21:42.893+0000][78.091s][info][gc          ] GC(119) Pause Young (Concurrent Start) (G1 Evacuation Pause) 293M->182M(311M) 19.626ms
[2026-07-01T02:21:42.893+0000][78.091s][info][gc          ] GC(120) Concurrent Mark Cycle
[2026-07-01T02:21:42.893+0000][78.091s][info][gc,marking  ] GC(120) Concurrent Scan Root Regions
[2026-07-01T02:21:42.893+0000][78.091s][info][gc,cpu      ] GC(119) User=0.04s Sys=0.00s Real=0.02s
[2026-07-01T02:21:42.927+0000][78.125s][info][gc,marking  ] GC(120) Concurrent Scan Root Regions 34.139ms
[2026-07-01T02:21:42.927+0000][78.125s][info][gc,marking  ] GC(120) Concurrent Mark
[2026-07-01T02:21:42.927+0000][78.125s][info][gc,marking  ] GC(120) Concurrent Mark From Roots
[2026-07-01T02:21:42.927+0000][78.125s][info][gc,task     ] GC(120) Using 1 workers of 1 for marking
[2026-07-01T02:21:43.407+0000][78.605s][info][gc,marking  ] GC(120) Concurrent Mark From Roots 479.486ms
[2026-07-01T02:21:43.407+0000][78.605s][info][gc,marking  ] GC(120) Concurrent Preclean
[2026-07-01T02:21:43.407+0000][78.605s][info][gc,marking  ] GC(120) Concurrent Preclean 0.137ms
[2026-07-01T02:21:43.408+0000][78.605s][info][gc,start    ] GC(120) Pause Remark
[2026-07-01T02:21:43.414+0000][78.612s][info][gc          ] GC(120) Pause Remark 268M->268M(311M) 6.612ms
[2026-07-01T02:21:43.414+0000][78.612s][info][gc,cpu      ] GC(120) User=0.01s Sys=0.00s Real=0.01s
[2026-07-01T02:21:43.418+0000][78.615s][info][gc,marking  ] GC(120) Concurrent Mark 490.339ms
[2026-07-01T02:21:43.418+0000][78.615s][info][gc,marking  ] GC(120) Concurrent Rebuild Remembered Sets and Scrub Regions
[2026-07-01T02:21:43.549+0000][78.747s][info][gc,start    ] GC(121) Pause Young (Normal) (G1 Evacuation Pause)
[2026-07-01T02:21:43.549+0000][78.747s][info][gc,task     ] GC(121) Using 2 workers of 2 for evacuation
[2026-07-01T02:21:43.570+0000][78.768s][info][gc,phases   ] GC(121)   Pre Evacuate Collection Set: 0.16ms
[2026-07-01T02:21:43.570+0000][78.768s][info][gc,phases   ] GC(121)   Merge Heap Roots: 0.35ms
[2026-07-01T02:21:43.570+0000][78.768s][info][gc,phases   ] GC(121)   Evacuate Collection Set: 19.91ms
[2026-07-01T02:21:43.570+0000][78.768s][info][gc,phases   ] GC(121)   Post Evacuate Collection Set: 0.60ms
[2026-07-01T02:21:43.570+0000][78.768s][info][gc,phases   ] GC(121)   Other: 0.05ms
[2026-07-01T02:21:43.570+0000][78.768s][info][gc,heap     ] GC(121) Eden regions: 110->0(110)
[2026-07-01T02:21:43.570+0000][78.768s][info][gc,heap     ] GC(121) Survivor regions: 8->8(15)
[2026-07-01T02:21:43.570+0000][78.768s][info][gc,heap     ] GC(121) Old regions: 173->173
[2026-07-01T02:21:43.570+0000][78.768s][info][gc,heap     ] GC(121) Humongous regions: 3->3
[2026-07-01T02:21:43.570+0000][78.768s][info][gc,metaspace] GC(121) Metaspace: 41679K(42496K)->41679K(42496K) NonClass: 36545K(36992K)->36545K(36992K) Class: 5133K(5504K)->5133K(5504K)
[2026-07-01T02:21:43.570+0000][78.768s][info][gc          ] GC(121) Pause Young (Normal) (G1 Evacuation Pause) 292M->183M(311M) 21.224ms
[2026-07-01T02:21:43.570+0000][78.768s][info][gc,cpu      ] GC(121) User=0.04s Sys=0.00s Real=0.02s
[2026-07-01T02:21:43.698+0000][78.896s][info][gc,marking  ] GC(120) Concurrent Rebuild Remembered Sets and Scrub Regions 280.605ms
[2026-07-01T02:21:43.698+0000][78.896s][info][gc,start    ] GC(120) Pause Cleanup
[2026-07-01T02:21:43.699+0000][78.897s][info][gc          ] GC(120) Pause Cleanup 208M->208M(311M) 0.317ms
[2026-07-01T02:21:43.699+0000][78.897s][info][gc,cpu      ] GC(120) User=0.00s Sys=0.00s Real=0.00s
[2026-07-01T02:21:43.699+0000][78.897s][info][gc,marking  ] GC(120) Concurrent Clear Claimed Marks
[2026-07-01T02:21:43.699+0000][78.897s][info][gc,marking  ] GC(120) Concurrent Clear Claimed Marks 0.090ms
[2026-07-01T02:21:43.699+0000][78.897s][info][gc,marking  ] GC(120) Concurrent Cleanup for Next Mark
[2026-07-01T02:21:43.702+0000][78.899s][info][gc,marking  ] GC(120) Concurrent Cleanup for Next Mark 2.304ms
[2026-07-01T02:21:43.702+0000][78.899s][info][gc          ] GC(120) Concurrent Mark Cycle 808.573ms
[2026-07-01T02:21:44.085+0000][79.283s][info][gc,start    ] GC(122) Pause Young (Prepare Mixed) (G1 Evacuation Pause)
[2026-07-01T02:21:44.085+0000][79.283s][info][gc,task     ] GC(122) Using 2 workers of 2 for evacuation
[2026-07-01T02:21:44.101+0000][79.299s][info][gc,phases   ] GC(122)   Pre Evacuate Collection Set: 0.23ms
[2026-07-01T02:21:44.101+0000][79.299s][info][gc,phases   ] GC(122)   Merge Heap Roots: 0.70ms
[2026-07-01T02:21:44.101+0000][79.299s][info][gc,phases   ] GC(122)   Evacuate Collection Set: 15.10ms
[2026-07-01T02:21:44.101+0000][79.299s][info][gc,phases   ] GC(122)   Post Evacuate Collection Set: 0.47ms
[2026-07-01T02:21:44.101+0000][79.299s][info][gc,phases   ] GC(122)   Other: 0.06ms
[2026-07-01T02:21:44.101+0000][79.299s][info][gc,heap     ] GC(122) Eden regions: 110->0(111)
[2026-07-01T02:21:44.101+0000][79.299s][info][gc,heap     ] GC(122) Survivor regions: 8->7(15)
[2026-07-01T02:21:44.101+0000][79.299s][info][gc,heap     ] GC(122) Old regions: 173->173
[2026-07-01T02:21:44.101+0000][79.299s][info][gc,heap     ] GC(122) Humongous regions: 3->3
[2026-07-01T02:21:44.101+0000][79.299s][info][gc,metaspace] GC(122) Metaspace: 41679K(42496K)->41679K(42496K) NonClass: 36545K(36992K)->36545K(36992K) Class: 5133K(5504K)->5133K(5504K)
[2026-07-01T02:21:44.101+0000][79.299s][info][gc          ] GC(122) Pause Young (Prepare Mixed) (G1 Evacuation Pause) 293M->182M(311M) 16.712ms
[2026-07-01T02:21:44.101+0000][79.299s][info][gc,cpu      ] GC(122) User=0.03s Sys=0.00s Real=0.02s
[2026-07-01T02:21:44.615+0000][79.813s][info][gc,start    ] GC(123) Pause Young (Mixed) (G1 Evacuation Pause)
[2026-07-01T02:21:44.615+0000][79.813s][info][gc,task     ] GC(123) Using 2 workers of 2 for evacuation
[2026-07-01T02:21:44.637+0000][79.834s][info][gc,phases   ] GC(123)   Pre Evacuate Collection Set: 0.20ms
[2026-07-01T02:21:44.637+0000][79.834s][info][gc,phases   ] GC(123)   Merge Heap Roots: 0.33ms
[2026-07-01T02:21:44.637+0000][79.834s][info][gc,phases   ] GC(123)   Evacuate Collection Set: 20.55ms
[2026-07-01T02:21:44.637+0000][79.834s][info][gc,phases   ] GC(123)   Post Evacuate Collection Set: 0.49ms
[2026-07-01T02:21:44.637+0000][79.834s][info][gc,phases   ] GC(123)   Other: 0.05ms
[2026-07-01T02:21:44.637+0000][79.834s][info][gc,heap     ] GC(123) Eden regions: 111->0(109)
[2026-07-01T02:21:44.637+0000][79.834s][info][gc,heap     ] GC(123) Survivor regions: 7->8(15)
[2026-07-01T02:21:44.637+0000][79.834s][info][gc,heap     ] GC(123) Old regions: 173->174
[2026-07-01T02:21:44.637+0000][79.834s][info][gc,heap     ] GC(123) Humongous regions: 3->3
[2026-07-01T02:21:44.637+0000][79.834s][info][gc,metaspace] GC(123) Metaspace: 41679K(42496K)->41679K(42496K) NonClass: 36545K(36992K)->36545K(36992K) Class: 5133K(5504K)->5133K(5504K)
[2026-07-01T02:21:44.637+0000][79.834s][info][gc          ] GC(123) Pause Young (Mixed) (G1 Evacuation Pause) 293M->183M(311M) 21.794ms
[2026-07-01T02:21:44.637+0000][79.834s][info][gc,cpu      ] GC(123) User=0.03s Sys=0.01s Real=0.02s
[2026-07-01T02:21:45.127+0000][80.325s][info][gc,start    ] GC(124) Pause Young (Concurrent Start) (G1 Evacuation Pause)
[2026-07-01T02:21:45.127+0000][80.325s][info][gc,task     ] GC(124) Using 2 workers of 2 for evacuation
[2026-07-01T02:21:45.147+0000][80.345s][info][gc,phases   ] GC(124)   Pre Evacuate Collection Set: 0.25ms
[2026-07-01T02:21:45.147+0000][80.345s][info][gc,phases   ] GC(124)   Merge Heap Roots: 0.54ms
[2026-07-01T02:21:45.147+0000][80.345s][info][gc,phases   ] GC(124)   Evacuate Collection Set: 18.53ms
[2026-07-01T02:21:45.147+0000][80.345s][info][gc,phases   ] GC(124)   Post Evacuate Collection Set: 0.45ms
[2026-07-01T02:21:45.147+0000][80.345s][info][gc,phases   ] GC(124)   Other: 0.08ms
[2026-07-01T02:21:45.147+0000][80.345s][info][gc,heap     ] GC(124) Eden regions: 109->0(109)
[2026-07-01T02:21:45.147+0000][80.345s][info][gc,heap     ] GC(124) Survivor regions: 8->8(15)
[2026-07-01T02:21:45.147+0000][80.345s][info][gc,heap     ] GC(124) Old regions: 174->174
[2026-07-01T02:21:45.147+0000][80.345s][info][gc,heap     ] GC(124) Humongous regions: 3->3
[2026-07-01T02:21:45.147+0000][80.345s][info][gc,metaspace] GC(124) Metaspace: 41679K(42496K)->41679K(42496K) NonClass: 36545K(36992K)->36545K(36992K) Class: 5133K(5504K)->5133K(5504K)
[2026-07-01T02:21:45.147+0000][80.345s][info][gc          ] GC(124) Pause Young (Concurrent Start) (G1 Evacuation Pause) 292M->183M(311M) 20.016ms
[2026-07-01T02:21:45.147+0000][80.345s][info][gc          ] GC(125) Concurrent Mark Cycle
[2026-07-01T02:21:45.147+0000][80.345s][info][gc,marking  ] GC(125) Concurrent Scan Root Regions
[2026-07-01T02:21:45.147+0000][80.345s][info][gc,cpu      ] GC(124) User=0.04s Sys=0.00s Real=0.02s
[2026-07-01T02:21:45.185+0000][80.383s][info][gc,marking  ] GC(125) Concurrent Scan Root Regions 37.478ms
[2026-07-01T02:21:45.185+0000][80.383s][info][gc,marking  ] GC(125) Concurrent Mark
[2026-07-01T02:21:45.185+0000][80.383s][info][gc,marking  ] GC(125) Concurrent Mark From Roots
[2026-07-01T02:21:45.185+0000][80.383s][info][gc,task     ] GC(125) Using 1 workers of 1 for marking
[2026-07-01T02:21:45.741+0000][80.939s][info][gc,marking  ] GC(125) Concurrent Mark From Roots 556.078ms
[2026-07-01T02:21:45.741+0000][80.939s][info][gc,marking  ] GC(125) Concurrent Preclean
[2026-07-01T02:21:45.742+0000][80.939s][info][gc,marking  ] GC(125) Concurrent Preclean 0.207ms
[2026-07-01T02:21:45.742+0000][80.940s][info][gc,start    ] GC(125) Pause Remark
[2026-07-01T02:21:45.749+0000][80.947s][info][gc          ] GC(125) Pause Remark 288M->288M(311M) 7.085ms
[2026-07-01T02:21:45.749+0000][80.947s][info][gc,cpu      ] GC(125) User=0.01s Sys=0.00s Real=0.01s
[2026-07-01T02:21:45.751+0000][80.949s][info][gc,marking  ] GC(125) Concurrent Mark 565.933ms
[2026-07-01T02:21:45.751+0000][80.949s][info][gc,marking  ] GC(125) Concurrent Rebuild Remembered Sets and Scrub Regions
[2026-07-01T02:21:45.778+0000][80.976s][info][gc,start    ] GC(126) Pause Young (Normal) (G1 Evacuation Pause)
[2026-07-01T02:21:45.779+0000][80.977s][info][gc,task     ] GC(126) Using 2 workers of 2 for evacuation
[2026-07-01T02:21:45.808+0000][81.006s][info][gc,phases   ] GC(126)   Pre Evacuate Collection Set: 0.20ms
[2026-07-01T02:21:45.808+0000][81.006s][info][gc,phases   ] GC(126)   Merge Heap Roots: 0.94ms
[2026-07-01T02:21:45.808+0000][81.006s][info][gc,phases   ] GC(126)   Evacuate Collection Set: 27.38ms
[2026-07-01T02:21:45.808+0000][81.006s][info][gc,phases   ] GC(126)   Post Evacuate Collection Set: 0.48ms
[2026-07-01T02:21:45.808+0000][81.006s][info][gc,phases   ] GC(126)   Other: 0.21ms
[2026-07-01T02:21:45.808+0000][81.006s][info][gc,heap     ] GC(126) Eden regions: 109->0(110)
[2026-07-01T02:21:45.808+0000][81.006s][info][gc,heap     ] GC(126) Survivor regions: 8->7(15)
[2026-07-01T02:21:45.808+0000][81.006s][info][gc,heap     ] GC(126) Old regions: 174->174
[2026-07-01T02:21:45.808+0000][81.006s][info][gc,heap     ] GC(126) Humongous regions: 3->3
[2026-07-01T02:21:45.808+0000][81.006s][info][gc,metaspace] GC(126) Metaspace: 41679K(42496K)->41679K(42496K) NonClass: 36545K(36992K)->36545K(36992K) Class: 5133K(5504K)->5133K(5504K)
[2026-07-01T02:21:45.808+0000][81.006s][info][gc          ] GC(126) Pause Young (Normal) (G1 Evacuation Pause) 292M->183M(311M) 29.364ms
[2026-07-01T02:21:45.808+0000][81.006s][info][gc,cpu      ] GC(126) User=0.04s Sys=0.00s Real=0.02s
[2026-07-01T02:21:46.259+0000][81.457s][info][gc,marking  ] GC(125) Concurrent Rebuild Remembered Sets and Scrub Regions 508.207ms
[2026-07-01T02:21:46.259+0000][81.457s][info][gc,start    ] GC(125) Pause Cleanup
[2026-07-01T02:21:46.259+0000][81.457s][info][gc          ] GC(125) Pause Cleanup 274M->274M(311M) 0.200ms
[2026-07-01T02:21:46.259+0000][81.457s][info][gc,cpu      ] GC(125) User=0.00s Sys=0.00s Real=0.00s
[2026-07-01T02:21:46.260+0000][81.458s][info][gc,marking  ] GC(125) Concurrent Clear Claimed Marks
[2026-07-01T02:21:46.260+0000][81.458s][info][gc,marking  ] GC(125) Concurrent Clear Claimed Marks 0.100ms
[2026-07-01T02:21:46.260+0000][81.458s][info][gc,marking  ] GC(125) Concurrent Cleanup for Next Mark
[2026-07-01T02:21:46.261+0000][81.459s][info][gc,marking  ] GC(125) Concurrent Cleanup for Next Mark 0.914ms
[2026-07-01T02:21:46.261+0000][81.459s][info][gc          ] GC(125) Concurrent Mark Cycle 1113.766ms
[2026-07-01T02:21:46.351+0000][81.549s][info][gc,start    ] GC(127) Pause Young (Prepare Mixed) (G1 Evacuation Pause)
[2026-07-01T02:21:46.351+0000][81.549s][info][gc,task     ] GC(127) Using 2 workers of 2 for evacuation
[2026-07-01T02:21:46.366+0000][81.564s][info][gc,phases   ] GC(127)   Pre Evacuate Collection Set: 0.17ms
[2026-07-01T02:21:46.366+0000][81.564s][info][gc,phases   ] GC(127)   Merge Heap Roots: 0.61ms
[2026-07-01T02:21:46.366+0000][81.564s][info][gc,phases   ] GC(127)   Evacuate Collection Set: 13.97ms
[2026-07-01T02:21:46.366+0000][81.564s][info][gc,phases   ] GC(127)   Post Evacuate Collection Set: 0.42ms
[2026-07-01T02:21:46.366+0000][81.564s][info][gc,phases   ] GC(127)   Other: 0.05ms
[2026-07-01T02:21:46.366+0000][81.564s][info][gc,heap     ] GC(127) Eden regions: 110->0(108)
[2026-07-01T02:21:46.366+0000][81.564s][info][gc,heap     ] GC(127) Survivor regions: 7->8(15)
[2026-07-01T02:21:46.366+0000][81.564s][info][gc,heap     ] GC(127) Old regions: 174->175
[2026-07-01T02:21:46.366+0000][81.564s][info][gc,heap     ] GC(127) Humongous regions: 3->3
[2026-07-01T02:21:46.366+0000][81.564s][info][gc,metaspace] GC(127) Metaspace: 41679K(42496K)->41679K(42496K) NonClass: 36546K(36992K)->36546K(36992K) Class: 5133K(5504K)->5133K(5504K)
[2026-07-01T02:21:46.366+0000][81.564s][info][gc          ] GC(127) Pause Young (Prepare Mixed) (G1 Evacuation Pause) 293M->184M(311M) 15.384ms
[2026-07-01T02:21:46.366+0000][81.564s][info][gc,cpu      ] GC(127) User=0.03s Sys=0.00s Real=0.01s
[2026-07-01T02:21:46.868+0000][82.066s][info][gc,start    ] GC(128) Pause Young (Mixed) (G1 Evacuation Pause)
[2026-07-01T02:21:46.868+0000][82.066s][info][gc,task     ] GC(128) Using 2 workers of 2 for evacuation
[2026-07-01T02:21:46.885+0000][82.082s][info][gc,phases   ] GC(128)   Pre Evacuate Collection Set: 0.18ms
[2026-07-01T02:21:46.885+0000][82.082s][info][gc,phases   ] GC(128)   Merge Heap Roots: 0.51ms
[2026-07-01T02:21:46.885+0000][82.082s][info][gc,phases   ] GC(128)   Evacuate Collection Set: 15.01ms
[2026-07-01T02:21:46.885+0000][82.082s][info][gc,phases   ] GC(128)   Post Evacuate Collection Set: 0.39ms
[2026-07-01T02:21:46.885+0000][82.082s][info][gc,phases   ] GC(128)   Other: 0.05ms
[2026-07-01T02:21:46.885+0000][82.082s][info][gc,heap     ] GC(128) Eden regions: 108->0(108)
[2026-07-01T02:21:46.885+0000][82.082s][info][gc,heap     ] GC(128) Survivor regions: 8->8(15)
[2026-07-01T02:21:46.885+0000][82.082s][info][gc,heap     ] GC(128) Old regions: 175->175
[2026-07-01T02:21:46.885+0000][82.082s][info][gc,heap     ] GC(128) Humongous regions: 3->3
[2026-07-01T02:21:46.885+0000][82.082s][info][gc,metaspace] GC(128) Metaspace: 41679K(42496K)->41679K(42496K) NonClass: 36546K(36992K)->36546K(36992K) Class: 5133K(5504K)->5133K(5504K)
[2026-07-01T02:21:46.885+0000][82.083s][info][gc          ] GC(128) Pause Young (Mixed) (G1 Evacuation Pause) 292M->184M(311M) 16.310ms
[2026-07-01T02:21:46.885+0000][82.083s][info][gc,cpu      ] GC(128) User=0.03s Sys=0.00s Real=0.01s
[2026-07-01T02:21:47.387+0000][82.585s][info][gc,start    ] GC(129) Pause Young (Concurrent Start) (G1 Evacuation Pause)
[2026-07-01T02:21:47.387+0000][82.585s][info][gc,task     ] GC(129) Using 2 workers of 2 for evacuation
[2026-07-01T02:21:47.402+0000][82.600s][info][gc,phases   ] GC(129)   Pre Evacuate Collection Set: 0.23ms
[2026-07-01T02:21:47.403+0000][82.600s][info][gc,phases   ] GC(129)   Merge Heap Roots: 0.62ms
[2026-07-01T02:21:47.403+0000][82.600s][info][gc,phases   ] GC(129)   Evacuate Collection Set: 14.01ms
[2026-07-01T02:21:47.403+0000][82.600s][info][gc,phases   ] GC(129)   Post Evacuate Collection Set: 0.36ms
[2026-07-01T02:21:47.403+0000][82.600s][info][gc,phases   ] GC(129)   Other: 0.11ms
[2026-07-01T02:21:47.403+0000][82.600s][info][gc,heap     ] GC(129) Eden regions: 108->0(109)
[2026-07-01T02:21:47.403+0000][82.600s][info][gc,heap     ] GC(129) Survivor regions: 8->7(15)
[2026-07-01T02:21:47.403+0000][82.600s][info][gc,heap     ] GC(129) Old regions: 175->175
[2026-07-01T02:21:47.403+0000][82.600s][info][gc,heap     ] GC(129) Humongous regions: 3->3
[2026-07-01T02:21:47.403+0000][82.600s][info][gc,metaspace] GC(129) Metaspace: 41684K(42496K)->41684K(42496K) NonClass: 36550K(36992K)->36550K(36992K) Class: 5133K(5504K)->5133K(5504K)
[2026-07-01T02:21:47.403+0000][82.600s][info][gc          ] GC(129) Pause Young (Concurrent Start) (G1 Evacuation Pause) 292M->184M(311M) 15.479ms
[2026-07-01T02:21:47.403+0000][82.600s][info][gc          ] GC(130) Concurrent Mark Cycle
[2026-07-01T02:21:47.403+0000][82.600s][info][gc,marking  ] GC(130) Concurrent Scan Root Regions
[2026-07-01T02:21:47.403+0000][82.600s][info][gc,cpu      ] GC(129) User=0.03s Sys=0.00s Real=0.02s
[2026-07-01T02:21:47.419+0000][82.617s][info][gc,marking  ] GC(130) Concurrent Scan Root Regions 16.510ms
[2026-07-01T02:21:47.419+0000][82.617s][info][gc,marking  ] GC(130) Concurrent Mark
[2026-07-01T02:21:47.419+0000][82.617s][info][gc,marking  ] GC(130) Concurrent Mark From Roots
[2026-07-01T02:21:47.419+0000][82.617s][info][gc,task     ] GC(130) Using 1 workers of 1 for marking
[2026-07-01T02:21:47.958+0000][83.156s][info][gc,marking  ] GC(130) Concurrent Mark From Roots 538.872ms
[2026-07-01T02:21:47.958+0000][83.156s][info][gc,marking  ] GC(130) Concurrent Preclean
[2026-07-01T02:21:47.958+0000][83.156s][info][gc,marking  ] GC(130) Concurrent Preclean 0.127ms
[2026-07-01T02:21:47.959+0000][83.156s][info][gc,start    ] GC(130) Pause Remark
[2026-07-01T02:21:47.965+0000][83.163s][info][gc          ] GC(130) Pause Remark 280M->280M(311M) 6.465ms
[2026-07-01T02:21:47.965+0000][83.163s][info][gc,cpu      ] GC(130) User=0.01s Sys=0.00s Real=0.00s
[2026-07-01T02:21:47.967+0000][83.165s][info][gc,marking  ] GC(130) Concurrent Mark 548.306ms
[2026-07-01T02:21:47.968+0000][83.165s][info][gc,marking  ] GC(130) Concurrent Rebuild Remembered Sets and Scrub Regions
[2026-07-01T02:21:48.035+0000][83.233s][info][gc,start    ] GC(131) Pause Young (Normal) (G1 Evacuation Pause)
[2026-07-01T02:21:48.035+0000][83.233s][info][gc,task     ] GC(131) Using 2 workers of 2 for evacuation
[2026-07-01T02:21:48.050+0000][83.248s][info][gc,phases   ] GC(131)   Pre Evacuate Collection Set: 0.10ms
[2026-07-01T02:21:48.050+0000][83.248s][info][gc,phases   ] GC(131)   Merge Heap Roots: 0.25ms
[2026-07-01T02:21:48.050+0000][83.248s][info][gc,phases   ] GC(131)   Evacuate Collection Set: 13.78ms
[2026-07-01T02:21:48.050+0000][83.248s][info][gc,phases   ] GC(131)   Post Evacuate Collection Set: 0.39ms
[2026-07-01T02:21:48.050+0000][83.248s][info][gc,phases   ] GC(131)   Other: 0.05ms
[2026-07-01T02:21:48.050+0000][83.248s][info][gc,heap     ] GC(131) Eden regions: 109->0(108)
[2026-07-01T02:21:48.050+0000][83.248s][info][gc,heap     ] GC(131) Survivor regions: 7->7(15)
[2026-07-01T02:21:48.050+0000][83.248s][info][gc,heap     ] GC(131) Old regions: 175->176
[2026-07-01T02:21:48.050+0000][83.248s][info][gc,heap     ] GC(131) Humongous regions: 3->3
[2026-07-01T02:21:48.050+0000][83.248s][info][gc,metaspace] GC(131) Metaspace: 41701K(42496K)->41701K(42496K) NonClass: 36568K(36992K)->36568K(36992K) Class: 5133K(5504K)->5133K(5504K)
[2026-07-01T02:21:48.050+0000][83.248s][info][gc          ] GC(131) Pause Young (Normal) (G1 Evacuation Pause) 293M->185M(311M) 14.740ms
[2026-07-01T02:21:48.050+0000][83.248s][info][gc,cpu      ] GC(131) User=0.03s Sys=0.00s Real=0.02s
[2026-07-01T02:21:48.270+0000][83.467s][info][gc,marking  ] GC(130) Concurrent Rebuild Remembered Sets and Scrub Regions 302.083ms
[2026-07-01T02:21:48.270+0000][83.468s][info][gc,start    ] GC(130) Pause Cleanup
[2026-07-01T02:21:48.270+0000][83.468s][info][gc          ] GC(130) Pause Cleanup 227M->227M(311M) 0.174ms
[2026-07-01T02:21:48.270+0000][83.468s][info][gc,cpu      ] GC(130) User=0.00s Sys=0.00s Real=0.00s
[2026-07-01T02:21:48.270+0000][83.468s][info][gc,marking  ] GC(130) Concurrent Clear Claimed Marks
[2026-07-01T02:21:48.270+0000][83.468s][info][gc,marking  ] GC(130) Concurrent Clear Claimed Marks 0.398ms
[2026-07-01T02:21:48.270+0000][83.468s][info][gc,marking  ] GC(130) Concurrent Cleanup for Next Mark
[2026-07-01T02:21:48.271+0000][83.469s][info][gc,marking  ] GC(130) Concurrent Cleanup for Next Mark 0.576ms
[2026-07-01T02:21:48.271+0000][83.469s][info][gc          ] GC(130) Concurrent Mark Cycle 868.407ms
[2026-07-01T02:21:48.572+0000][83.769s][info][gc,start    ] GC(132) Pause Young (Prepare Mixed) (G1 Evacuation Pause)
[2026-07-01T02:21:48.572+0000][83.769s][info][gc,task     ] GC(132) Using 2 workers of 2 for evacuation
[2026-07-01T02:21:48.586+0000][83.784s][info][gc,phases   ] GC(132)   Pre Evacuate Collection Set: 0.27ms
[2026-07-01T02:21:48.586+0000][83.784s][info][gc,phases   ] GC(132)   Merge Heap Roots: 0.80ms
[2026-07-01T02:21:48.586+0000][83.784s][info][gc,phases   ] GC(132)   Evacuate Collection Set: 13.16ms
[2026-07-01T02:21:48.586+0000][83.784s][info][gc,phases   ] GC(132)   Post Evacuate Collection Set: 0.37ms
[2026-07-01T02:21:48.586+0000][83.784s][info][gc,phases   ] GC(132)   Other: 0.05ms
[2026-07-01T02:21:48.586+0000][83.784s][info][gc,heap     ] GC(132) Eden regions: 108->0(107)
[2026-07-01T02:21:48.586+0000][83.784s][info][gc,heap     ] GC(132) Survivor regions: 7->8(15)
[2026-07-01T02:21:48.586+0000][83.784s][info][gc,heap     ] GC(132) Old regions: 176->176
[2026-07-01T02:21:48.586+0000][83.784s][info][gc,heap     ] GC(132) Humongous regions: 3->3
[2026-07-01T02:21:48.586+0000][83.784s][info][gc,metaspace] GC(132) Metaspace: 41701K(42496K)->41701K(42496K) NonClass: 36568K(36992K)->36568K(36992K) Class: 5133K(5504K)->5133K(5504K)
[2026-07-01T02:21:48.586+0000][83.784s][info][gc          ] GC(132) Pause Young (Prepare Mixed) (G1 Evacuation Pause) 293M->186M(311M) 14.820ms
[2026-07-01T02:21:48.586+0000][83.784s][info][gc,cpu      ] GC(132) User=0.03s Sys=0.00s Real=0.01s
[2026-07-01T02:21:49.068+0000][84.265s][info][gc,start    ] GC(133) Pause Young (Mixed) (G1 Evacuation Pause)
[2026-07-01T02:21:49.068+0000][84.265s][info][gc,task     ] GC(133) Using 2 workers of 2 for evacuation
[2026-07-01T02:21:49.083+0000][84.280s][info][gc,phases   ] GC(133)   Pre Evacuate Collection Set: 0.20ms
[2026-07-01T02:21:49.083+0000][84.280s][info][gc,phases   ] GC(133)   Merge Heap Roots: 0.42ms
[2026-07-01T02:21:49.083+0000][84.280s][info][gc,phases   ] GC(133)   Evacuate Collection Set: 13.98ms
[2026-07-01T02:21:49.083+0000][84.280s][info][gc,phases   ] GC(133)   Post Evacuate Collection Set: 0.33ms
[2026-07-01T02:21:49.083+0000][84.280s][info][gc,phases   ] GC(133)   Other: 0.05ms
[2026-07-01T02:21:49.083+0000][84.280s][info][gc,heap     ] GC(133) Eden regions: 107->0(107)
[2026-07-01T02:21:49.083+0000][84.280s][info][gc,heap     ] GC(133) Survivor regions: 8->8(15)
[2026-07-01T02:21:49.083+0000][84.280s][info][gc,heap     ] GC(133) Old regions: 176->176
[2026-07-01T02:21:49.083+0000][84.280s][info][gc,heap     ] GC(133) Humongous regions: 3->3
[2026-07-01T02:21:49.083+0000][84.280s][info][gc,metaspace] GC(133) Metaspace: 41701K(42496K)->41701K(42496K) NonClass: 36568K(36992K)->36568K(36992K) Class: 5133K(5504K)->5133K(5504K)
[2026-07-01T02:21:49.083+0000][84.281s][info][gc          ] GC(133) Pause Young (Mixed) (G1 Evacuation Pause) 293M->186M(311M) 15.129ms
[2026-07-01T02:21:49.083+0000][84.281s][info][gc,cpu      ] GC(133) User=0.03s Sys=0.00s Real=0.02s
[2026-07-01T02:21:49.571+0000][84.769s][info][gc,start    ] GC(134) Pause Young (Concurrent Start) (G1 Evacuation Pause)
[2026-07-01T02:21:49.571+0000][84.769s][info][gc,task     ] GC(134) Using 2 workers of 2 for evacuation
[2026-07-01T02:21:49.590+0000][84.788s][info][gc,phases   ] GC(134)   Pre Evacuate Collection Set: 0.45ms
[2026-07-01T02:21:49.590+0000][84.788s][info][gc,phases   ] GC(134)   Merge Heap Roots: 0.31ms
[2026-07-01T02:21:49.590+0000][84.788s][info][gc,phases   ] GC(134)   Evacuate Collection Set: 17.65ms
[2026-07-01T02:21:49.590+0000][84.788s][info][gc,phases   ] GC(134)   Post Evacuate Collection Set: 0.39ms
[2026-07-01T02:21:49.590+0000][84.788s][info][gc,phases   ] GC(134)   Other: 0.08ms
[2026-07-01T02:21:49.590+0000][84.788s][info][gc,heap     ] GC(134) Eden regions: 107->0(107)
[2026-07-01T02:21:49.590+0000][84.788s][info][gc,heap     ] GC(134) Survivor regions: 8->7(15)
[2026-07-01T02:21:49.590+0000][84.788s][info][gc,heap     ] GC(134) Old regions: 176->177
[2026-07-01T02:21:49.590+0000][84.788s][info][gc,heap     ] GC(134) Humongous regions: 3->3
[2026-07-01T02:21:49.590+0000][84.788s][info][gc,metaspace] GC(134) Metaspace: 41701K(42496K)->41701K(42496K) NonClass: 36568K(36992K)->36568K(36992K) Class: 5133K(5504K)->5133K(5504K)
[2026-07-01T02:21:49.590+0000][84.788s][info][gc          ] GC(134) Pause Young (Concurrent Start) (G1 Evacuation Pause) 293M->186M(311M) 19.135ms
[2026-07-01T02:21:49.590+0000][84.788s][info][gc          ] GC(135) Concurrent Mark Cycle
[2026-07-01T02:21:49.590+0000][84.788s][info][gc,cpu      ] GC(134) User=0.03s Sys=0.00s Real=0.02s
[2026-07-01T02:21:49.590+0000][84.788s][info][gc,marking  ] GC(135) Concurrent Scan Root Regions
[2026-07-01T02:21:49.608+0000][84.806s][info][gc,marking  ] GC(135) Concurrent Scan Root Regions 17.564ms
[2026-07-01T02:21:49.608+0000][84.806s][info][gc,marking  ] GC(135) Concurrent Mark
[2026-07-01T02:21:49.608+0000][84.806s][info][gc,marking  ] GC(135) Concurrent Mark From Roots
[2026-07-01T02:21:49.608+0000][84.806s][info][gc,task     ] GC(135) Using 1 workers of 1 for marking
[2026-07-01T02:21:50.167+0000][85.365s][info][gc,marking  ] GC(135) Concurrent Mark From Roots 559.676ms
[2026-07-01T02:21:50.167+0000][85.365s][info][gc,marking  ] GC(135) Concurrent Preclean
[2026-07-01T02:21:50.168+0000][85.365s][info][gc,marking  ] GC(135) Concurrent Preclean 0.131ms
[2026-07-01T02:21:50.168+0000][85.366s][info][gc,start    ] GC(135) Pause Remark
[2026-07-01T02:21:50.176+0000][85.374s][info][gc          ] GC(135) Pause Remark 259M->259M(312M) 8.534ms
[2026-07-01T02:21:50.176+0000][85.374s][info][gc,cpu      ] GC(135) User=0.01s Sys=0.00s Real=0.01s
[2026-07-01T02:21:50.179+0000][85.377s][info][gc,marking  ] GC(135) Concurrent Mark 571.393ms
[2026-07-01T02:21:50.179+0000][85.377s][info][gc,marking  ] GC(135) Concurrent Rebuild Remembered Sets and Scrub Regions
[2026-07-01T02:21:50.464+0000][85.662s][info][gc,marking  ] GC(135) Concurrent Rebuild Remembered Sets and Scrub Regions 285.257ms
[2026-07-01T02:21:50.465+0000][85.663s][info][gc,start    ] GC(135) Pause Cleanup
[2026-07-01T02:21:50.465+0000][85.663s][info][gc          ] GC(135) Pause Cleanup 292M->292M(312M) 0.151ms
[2026-07-01T02:21:50.465+0000][85.663s][info][gc,cpu      ] GC(135) User=0.00s Sys=0.00s Real=0.00s
[2026-07-01T02:21:50.465+0000][85.663s][info][gc,marking  ] GC(135) Concurrent Clear Claimed Marks
[2026-07-01T02:21:50.465+0000][85.663s][info][gc,marking  ] GC(135) Concurrent Clear Claimed Marks 0.096ms
[2026-07-01T02:21:50.465+0000][85.663s][info][gc,marking  ] GC(135) Concurrent Cleanup for Next Mark
[2026-07-01T02:21:50.466+0000][85.664s][info][gc,marking  ] GC(135) Concurrent Cleanup for Next Mark 0.892ms
[2026-07-01T02:21:50.466+0000][85.664s][info][gc          ] GC(135) Concurrent Mark Cycle 876.320ms
[2026-07-01T02:21:50.475+0000][85.673s][info][gc,start    ] GC(136) Pause Young (Prepare Mixed) (G1 Evacuation Pause)
[2026-07-01T02:21:50.475+0000][85.673s][info][gc,task     ] GC(136) Using 2 workers of 2 for evacuation
[2026-07-01T02:21:50.518+0000][85.716s][info][gc,phases   ] GC(136)   Pre Evacuate Collection Set: 0.31ms
[2026-07-01T02:21:50.518+0000][85.716s][info][gc,phases   ] GC(136)   Merge Heap Roots: 0.49ms
[2026-07-01T02:21:50.518+0000][85.716s][info][gc,phases   ] GC(136)   Evacuate Collection Set: 41.58ms
[2026-07-01T02:21:50.518+0000][85.716s][info][gc,phases   ] GC(136)   Post Evacuate Collection Set: 0.51ms
[2026-07-01T02:21:50.518+0000][85.716s][info][gc,phases   ] GC(136)   Other: 0.06ms
[2026-07-01T02:21:50.518+0000][85.716s][info][gc,heap     ] GC(136) Eden regions: 107->0(108)
[2026-07-01T02:21:50.518+0000][85.716s][info][gc,heap     ] GC(136) Survivor regions: 7->7(15)
[2026-07-01T02:21:50.518+0000][85.716s][info][gc,heap     ] GC(136) Old regions: 177->177
[2026-07-01T02:21:50.518+0000][85.716s][info][gc,heap     ] GC(136) Humongous regions: 3->3
[2026-07-01T02:21:50.518+0000][85.716s][info][gc,metaspace] GC(136) Metaspace: 41701K(42496K)->41701K(42496K) NonClass: 36568K(36992K)->36568K(36992K) Class: 5133K(5504K)->5133K(5504K)
[2026-07-01T02:21:50.518+0000][85.716s][info][gc          ] GC(136) Pause Young (Prepare Mixed) (G1 Evacuation Pause) 293M->186M(312M) 43.114ms
[2026-07-01T02:21:50.518+0000][85.716s][info][gc,cpu      ] GC(136) User=0.04s Sys=0.01s Real=0.04s
[2026-07-01T02:21:51.278+0000][86.476s][info][gc,start    ] GC(137) Pause Young (Mixed) (G1 Evacuation Pause)
[2026-07-01T02:21:51.278+0000][86.476s][info][gc,task     ] GC(137) Using 2 workers of 2 for evacuation
[2026-07-01T02:21:51.312+0000][86.510s][info][gc,phases   ] GC(137)   Pre Evacuate Collection Set: 0.15ms
[2026-07-01T02:21:51.312+0000][86.510s][info][gc,phases   ] GC(137)   Merge Heap Roots: 0.33ms
[2026-07-01T02:21:51.312+0000][86.510s][info][gc,phases   ] GC(137)   Evacuate Collection Set: 33.43ms
[2026-07-01T02:21:51.312+0000][86.510s][info][gc,phases   ] GC(137)   Post Evacuate Collection Set: 0.65ms
[2026-07-01T02:21:51.312+0000][86.510s][info][gc,phases   ] GC(137)   Other: 0.07ms
[2026-07-01T02:21:51.312+0000][86.510s][info][gc,heap     ] GC(137) Eden regions: 108->0(108)
[2026-07-01T02:21:51.312+0000][86.510s][info][gc,heap     ] GC(137) Survivor regions: 7->7(15)
[2026-07-01T02:21:51.312+0000][86.510s][info][gc,heap     ] GC(137) Old regions: 177->177
[2026-07-01T02:21:51.312+0000][86.510s][info][gc,heap     ] GC(137) Humongous regions: 3->3
[2026-07-01T02:21:51.313+0000][86.510s][info][gc,metaspace] GC(137) Metaspace: 41701K(42496K)->41701K(42496K) NonClass: 36568K(36992K)->36568K(36992K) Class: 5133K(5504K)->5133K(5504K)
[2026-07-01T02:21:51.313+0000][86.510s][info][gc          ] GC(137) Pause Young (Mixed) (G1 Evacuation Pause) 294M->186M(312M) 34.857ms
[2026-07-01T02:21:51.313+0000][86.510s][info][gc,cpu      ] GC(137) User=0.04s Sys=0.00s Real=0.04s
[2026-07-01T02:21:52.062+0000][87.260s][info][gc,start    ] GC(138) Pause Young (Concurrent Start) (G1 Evacuation Pause)
[2026-07-01T02:21:52.062+0000][87.260s][info][gc,task     ] GC(138) Using 2 workers of 2 for evacuation
[2026-07-01T02:21:52.084+0000][87.281s][info][gc,phases   ] GC(138)   Pre Evacuate Collection Set: 0.19ms
[2026-07-01T02:21:52.084+0000][87.281s][info][gc,phases   ] GC(138)   Merge Heap Roots: 0.29ms
[2026-07-01T02:21:52.084+0000][87.281s][info][gc,phases   ] GC(138)   Evacuate Collection Set: 20.56ms
[2026-07-01T02:21:52.084+0000][87.281s][info][gc,phases   ] GC(138)   Post Evacuate Collection Set: 0.45ms
[2026-07-01T02:21:52.084+0000][87.281s][info][gc,phases   ] GC(138)   Other: 0.09ms
[2026-07-01T02:21:52.084+0000][87.281s][info][gc,heap     ] GC(138) Eden regions: 108->0(108)
[2026-07-01T02:21:52.084+0000][87.281s][info][gc,heap     ] GC(138) Survivor regions: 7->7(15)
[2026-07-01T02:21:52.084+0000][87.281s][info][gc,heap     ] GC(138) Old regions: 177->177
[2026-07-01T02:21:52.084+0000][87.282s][info][gc,heap     ] GC(138) Humongous regions: 3->3
[2026-07-01T02:21:52.084+0000][87.282s][info][gc,metaspace] GC(138) Metaspace: 41701K(42496K)->41701K(42496K) NonClass: 36568K(36992K)->36568K(36992K) Class: 5133K(5504K)->5133K(5504K)
[2026-07-01T02:21:52.084+0000][87.282s][info][gc          ] GC(138) Pause Young (Concurrent Start) (G1 Evacuation Pause) 294M->186M(312M) 21.766ms
[2026-07-01T02:21:52.084+0000][87.282s][info][gc          ] GC(139) Concurrent Mark Cycle
[2026-07-01T02:21:52.084+0000][87.282s][info][gc,marking  ] GC(139) Concurrent Scan Root Regions
[2026-07-01T02:21:52.084+0000][87.282s][info][gc,cpu      ] GC(138) User=0.04s Sys=0.00s Real=0.02s
[2026-07-01T02:21:52.112+0000][87.310s][info][gc,marking  ] GC(139) Concurrent Scan Root Regions 28.331ms
[2026-07-01T02:21:52.112+0000][87.310s][info][gc,marking  ] GC(139) Concurrent Mark
[2026-07-01T02:21:52.112+0000][87.310s][info][gc,marking  ] GC(139) Concurrent Mark From Roots
[2026-07-01T02:21:52.112+0000][87.310s][info][gc,task     ] GC(139) Using 1 workers of 1 for marking
[2026-07-01T02:21:52.498+0000][87.696s][info][gc,marking  ] GC(139) Concurrent Mark From Roots 385.832ms
[2026-07-01T02:21:52.498+0000][87.696s][info][gc,marking  ] GC(139) Concurrent Preclean
[2026-07-01T02:21:52.498+0000][87.696s][info][gc,marking  ] GC(139) Concurrent Preclean 0.074ms
[2026-07-01T02:21:52.498+0000][87.696s][info][gc,start    ] GC(139) Pause Remark
[2026-07-01T02:21:52.505+0000][87.703s][info][gc          ] GC(139) Pause Remark 229M->229M(312M) 6.598ms
[2026-07-01T02:21:52.505+0000][87.703s][info][gc,cpu      ] GC(139) User=0.01s Sys=0.00s Real=0.00s
[2026-07-01T02:21:52.506+0000][87.704s][info][gc,marking  ] GC(139) Concurrent Mark 393.753ms
[2026-07-01T02:21:52.506+0000][87.704s][info][gc,marking  ] GC(139) Concurrent Rebuild Remembered Sets and Scrub Regions
[2026-07-01T02:21:52.722+0000][87.920s][info][gc,marking  ] GC(139) Concurrent Rebuild Remembered Sets and Scrub Regions 216.348ms
[2026-07-01T02:21:52.722+0000][87.920s][info][gc,start    ] GC(139) Pause Cleanup
[2026-07-01T02:21:52.723+0000][87.920s][info][gc          ] GC(139) Pause Cleanup 251M->251M(312M) 0.183ms
[2026-07-01T02:21:52.723+0000][87.920s][info][gc,cpu      ] GC(139) User=0.00s Sys=0.00s Real=0.00s
[2026-07-01T02:21:52.723+0000][87.921s][info][gc,marking  ] GC(139) Concurrent Clear Claimed Marks
[2026-07-01T02:21:52.723+0000][87.921s][info][gc,marking  ] GC(139) Concurrent Clear Claimed Marks 0.095ms
[2026-07-01T02:21:52.723+0000][87.921s][info][gc,marking  ] GC(139) Concurrent Cleanup for Next Mark
[2026-07-01T02:21:52.724+0000][87.922s][info][gc,marking  ] GC(139) Concurrent Cleanup for Next Mark 0.536ms
[2026-07-01T02:21:52.724+0000][87.922s][info][gc          ] GC(139) Concurrent Mark Cycle 640.020ms
[2026-07-01T02:21:53.052+0000][88.250s][info][gc,start    ] GC(140) Pause Young (Prepare Mixed) (G1 Evacuation Pause)
[2026-07-01T02:21:53.052+0000][88.250s][info][gc,task     ] GC(140) Using 2 workers of 2 for evacuation
[2026-07-01T02:21:53.089+0000][88.287s][info][gc,phases   ] GC(140)   Pre Evacuate Collection Set: 0.15ms
[2026-07-01T02:21:53.089+0000][88.287s][info][gc,phases   ] GC(140)   Merge Heap Roots: 0.42ms
[2026-07-01T02:21:53.089+0000][88.287s][info][gc,phases   ] GC(140)   Evacuate Collection Set: 35.45ms
[2026-07-01T02:21:53.089+0000][88.287s][info][gc,phases   ] GC(140)   Post Evacuate Collection Set: 0.80ms
[2026-07-01T02:21:53.089+0000][88.287s][info][gc,phases   ] GC(140)   Other: 0.06ms
[2026-07-01T02:21:53.089+0000][88.287s][info][gc,heap     ] GC(140) Eden regions: 108->0(107)
[2026-07-01T02:21:53.089+0000][88.287s][info][gc,heap     ] GC(140) Survivor regions: 7->7(15)
[2026-07-01T02:21:53.089+0000][88.287s][info][gc,heap     ] GC(140) Old regions: 177->178
[2026-07-01T02:21:53.089+0000][88.287s][info][gc,heap     ] GC(140) Humongous regions: 3->3
[2026-07-01T02:21:53.089+0000][88.287s][info][gc,metaspace] GC(140) Metaspace: 41703K(42496K)->41703K(42496K) NonClass: 36569K(36992K)->36569K(36992K) Class: 5133K(5504K)->5133K(5504K)
[2026-07-01T02:21:53.089+0000][88.287s][info][gc          ] GC(140) Pause Young (Prepare Mixed) (G1 Evacuation Pause) 294M->187M(312M) 37.080ms
[2026-07-01T02:21:53.089+0000][88.287s][info][gc,cpu      ] GC(140) User=0.03s Sys=0.00s Real=0.04s
[2026-07-01T02:21:53.883+0000][89.081s][info][gc,start    ] GC(141) Pause Young (Mixed) (G1 Evacuation Pause)
[2026-07-01T02:21:53.883+0000][89.081s][info][gc,task     ] GC(141) Using 2 workers of 2 for evacuation
[2026-07-01T02:21:53.930+0000][89.128s][info][gc,phases   ] GC(141)   Pre Evacuate Collection Set: 0.21ms
[2026-07-01T02:21:53.930+0000][89.128s][info][gc,phases   ] GC(141)   Merge Heap Roots: 0.34ms
[2026-07-01T02:21:53.930+0000][89.128s][info][gc,phases   ] GC(141)   Evacuate Collection Set: 45.28ms
[2026-07-01T02:21:53.930+0000][89.128s][info][gc,phases   ] GC(141)   Post Evacuate Collection Set: 0.75ms
[2026-07-01T02:21:53.930+0000][89.128s][info][gc,phases   ] GC(141)   Other: 0.06ms
[2026-07-01T02:21:53.930+0000][89.128s][info][gc,heap     ] GC(141) Eden regions: 107->0(107)
[2026-07-01T02:21:53.930+0000][89.128s][info][gc,heap     ] GC(141) Survivor regions: 7->7(15)
[2026-07-01T02:21:53.930+0000][89.128s][info][gc,heap     ] GC(141) Old regions: 178->178
[2026-07-01T02:21:53.930+0000][89.128s][info][gc,heap     ] GC(141) Humongous regions: 3->3
[2026-07-01T02:21:53.930+0000][89.128s][info][gc,metaspace] GC(141) Metaspace: 41703K(42496K)->41703K(42496K) NonClass: 36569K(36992K)->36569K(36992K) Class: 5133K(5504K)->5133K(5504K)
[2026-07-01T02:21:53.930+0000][89.128s][info][gc          ] GC(141) Pause Young (Mixed) (G1 Evacuation Pause) 294M->187M(312M) 46.844ms
[2026-07-01T02:21:53.930+0000][89.128s][info][gc,cpu      ] GC(141) User=0.05s Sys=0.00s Real=0.05s
[2026-07-01T02:21:54.765+0000][89.963s][info][gc,start    ] GC(142) Pause Young (Concurrent Start) (G1 Evacuation Pause)
[2026-07-01T02:21:54.765+0000][89.963s][info][gc,task     ] GC(142) Using 2 workers of 2 for evacuation
[2026-07-01T02:21:54.804+0000][90.002s][info][gc,phases   ] GC(142)   Pre Evacuate Collection Set: 0.22ms
[2026-07-01T02:21:54.804+0000][90.002s][info][gc,phases   ] GC(142)   Merge Heap Roots: 0.46ms
[2026-07-01T02:21:54.804+0000][90.002s][info][gc,phases   ] GC(142)   Evacuate Collection Set: 37.55ms
[2026-07-01T02:21:54.804+0000][90.002s][info][gc,phases   ] GC(142)   Post Evacuate Collection Set: 0.47ms
[2026-07-01T02:21:54.804+0000][90.002s][info][gc,phases   ] GC(142)   Other: 0.09ms
[2026-07-01T02:21:54.804+0000][90.002s][info][gc,heap     ] GC(142) Eden regions: 107->0(107)
[2026-07-01T02:21:54.804+0000][90.002s][info][gc,heap     ] GC(142) Survivor regions: 7->7(15)
[2026-07-01T02:21:54.804+0000][90.002s][info][gc,heap     ] GC(142) Old regions: 178->178
[2026-07-01T02:21:54.804+0000][90.002s][info][gc,heap     ] GC(142) Humongous regions: 3->3
[2026-07-01T02:21:54.804+0000][90.002s][info][gc,metaspace] GC(142) Metaspace: 41703K(42496K)->41703K(42496K) NonClass: 36569K(36992K)->36569K(36992K) Class: 5133K(5504K)->5133K(5504K)
[2026-07-01T02:21:54.804+0000][90.002s][info][gc          ] GC(142) Pause Young (Concurrent Start) (G1 Evacuation Pause) 294M->187M(312M) 38.996ms
[2026-07-01T02:21:54.804+0000][90.002s][info][gc          ] GC(143) Concurrent Mark Cycle
[2026-07-01T02:21:54.804+0000][90.002s][info][gc,marking  ] GC(143) Concurrent Scan Root Regions
[2026-07-01T02:21:54.804+0000][90.002s][info][gc,cpu      ] GC(142) User=0.03s Sys=0.00s Real=0.04s
[2026-07-01T02:21:54.825+0000][90.023s][info][gc,marking  ] GC(143) Concurrent Scan Root Regions 21.076ms
[2026-07-01T02:21:54.825+0000][90.023s][info][gc,marking  ] GC(143) Concurrent Mark
[2026-07-01T02:21:54.825+0000][90.023s][info][gc,marking  ] GC(143) Concurrent Mark From Roots
[2026-07-01T02:21:54.825+0000][90.023s][info][gc,task     ] GC(143) Using 1 workers of 1 for marking
[2026-07-01T02:21:55.190+0000][90.388s][info][gc,marking  ] GC(143) Concurrent Mark From Roots 364.929ms
[2026-07-01T02:21:55.190+0000][90.388s][info][gc,marking  ] GC(143) Concurrent Preclean
[2026-07-01T02:21:55.191+0000][90.389s][info][gc,marking  ] GC(143) Concurrent Preclean 0.448ms
[2026-07-01T02:21:55.191+0000][90.389s][info][gc,start    ] GC(143) Pause Remark
[2026-07-01T02:21:55.198+0000][90.396s][info][gc          ] GC(143) Pause Remark 232M->232M(314M) 6.832ms
[2026-07-01T02:21:55.198+0000][90.396s][info][gc,cpu      ] GC(143) User=0.01s Sys=0.00s Real=0.00s
[2026-07-01T02:21:55.202+0000][90.400s][info][gc,marking  ] GC(143) Concurrent Mark 376.671ms
[2026-07-01T02:21:55.202+0000][90.400s][info][gc,marking  ] GC(143) Concurrent Rebuild Remembered Sets and Scrub Regions
[2026-07-01T02:21:55.383+0000][90.581s][info][gc,marking  ] GC(143) Concurrent Rebuild Remembered Sets and Scrub Regions 180.652ms
[2026-07-01T02:21:55.383+0000][90.581s][info][gc,start    ] GC(143) Pause Cleanup
[2026-07-01T02:21:55.383+0000][90.581s][info][gc          ] GC(143) Pause Cleanup 251M->251M(314M) 0.164ms
[2026-07-01T02:21:55.383+0000][90.581s][info][gc,cpu      ] GC(143) User=0.00s Sys=0.00s Real=0.00s
[2026-07-01T02:21:55.384+0000][90.581s][info][gc,marking  ] GC(143) Concurrent Clear Claimed Marks
[2026-07-01T02:21:55.384+0000][90.581s][info][gc,marking  ] GC(143) Concurrent Clear Claimed Marks 0.088ms
[2026-07-01T02:21:55.384+0000][90.582s][info][gc,marking  ] GC(143) Concurrent Cleanup for Next Mark
[2026-07-01T02:21:55.384+0000][90.582s][info][gc,marking  ] GC(143) Concurrent Cleanup for Next Mark 0.734ms
[2026-07-01T02:21:55.384+0000][90.582s][info][gc          ] GC(143) Concurrent Mark Cycle 580.167ms
[2026-07-01T02:21:55.713+0000][90.911s][info][gc,start    ] GC(144) Pause Young (Prepare Mixed) (G1 Evacuation Pause)
[2026-07-01T02:21:55.713+0000][90.911s][info][gc,task     ] GC(144) Using 2 workers of 2 for evacuation
[2026-07-01T02:21:55.732+0000][90.929s][info][gc,phases   ] GC(144)   Pre Evacuate Collection Set: 0.15ms
[2026-07-01T02:21:55.732+0000][90.929s][info][gc,phases   ] GC(144)   Merge Heap Roots: 0.45ms
[2026-07-01T02:21:55.732+0000][90.929s][info][gc,phases   ] GC(144)   Evacuate Collection Set: 17.58ms
[2026-07-01T02:21:55.732+0000][90.929s][info][gc,phases   ] GC(144)   Post Evacuate Collection Set: 0.51ms
[2026-07-01T02:21:55.732+0000][90.929s][info][gc,phases   ] GC(144)   Other: 0.07ms
[2026-07-01T02:21:55.732+0000][90.929s][info][gc,heap     ] GC(144) Eden regions: 107->0(108)
[2026-07-01T02:21:55.732+0000][90.929s][info][gc,heap     ] GC(144) Survivor regions: 7->7(15)
[2026-07-01T02:21:55.732+0000][90.929s][info][gc,heap     ] GC(144) Old regions: 178->179
[2026-07-01T02:21:55.732+0000][90.929s][info][gc,heap     ] GC(144) Humongous regions: 3->3
[2026-07-01T02:21:55.732+0000][90.929s][info][gc,metaspace] GC(144) Metaspace: 41703K(42496K)->41703K(42496K) NonClass: 36569K(36992K)->36569K(36992K) Class: 5133K(5504K)->5133K(5504K)
[2026-07-01T02:21:55.732+0000][90.930s][info][gc          ] GC(144) Pause Young (Prepare Mixed) (G1 Evacuation Pause) 294M->188M(314M) 18.960ms
[2026-07-01T02:21:55.732+0000][90.930s][info][gc,cpu      ] GC(144) User=0.03s Sys=0.00s Real=0.02s
[2026-07-01T02:21:56.434+0000][91.631s][info][gc,start    ] GC(145) Pause Young (Mixed) (G1 Evacuation Pause)
[2026-07-01T02:21:56.434+0000][91.631s][info][gc,task     ] GC(145) Using 2 workers of 2 for evacuation
[2026-07-01T02:21:56.451+0000][91.649s][info][gc,phases   ] GC(145)   Pre Evacuate Collection Set: 0.15ms
[2026-07-01T02:21:56.451+0000][91.649s][info][gc,phases   ] GC(145)   Merge Heap Roots: 0.35ms
[2026-07-01T02:21:56.451+0000][91.649s][info][gc,phases   ] GC(145)   Evacuate Collection Set: 16.53ms
[2026-07-01T02:21:56.451+0000][91.649s][info][gc,phases   ] GC(145)   Post Evacuate Collection Set: 0.40ms
[2026-07-01T02:21:56.451+0000][91.649s][info][gc,phases   ] GC(145)   Other: 0.06ms
[2026-07-01T02:21:56.451+0000][91.649s][info][gc,heap     ] GC(145) Eden regions: 108->0(108)
[2026-07-01T02:21:56.451+0000][91.649s][info][gc,heap     ] GC(145) Survivor regions: 7->7(15)
[2026-07-01T02:21:56.451+0000][91.649s][info][gc,heap     ] GC(145) Old regions: 179->179
[2026-07-01T02:21:56.451+0000][91.649s][info][gc,heap     ] GC(145) Humongous regions: 3->3
[2026-07-01T02:21:56.451+0000][91.649s][info][gc,metaspace] GC(145) Metaspace: 41703K(42496K)->41703K(42496K) NonClass: 36569K(36992K)->36569K(36992K) Class: 5133K(5504K)->5133K(5504K)
[2026-07-01T02:21:56.451+0000][91.649s][info][gc          ] GC(145) Pause Young (Mixed) (G1 Evacuation Pause) 296M->188M(314M) 17.672ms
[2026-07-01T02:21:56.451+0000][91.649s][info][gc,cpu      ] GC(145) User=0.04s Sys=0.00s Real=0.02s
[2026-07-01T02:21:56.970+0000][92.168s][info][gc,start    ] GC(146) Pause Young (Concurrent Start) (G1 Evacuation Pause)
[2026-07-01T02:21:56.970+0000][92.168s][info][gc,task     ] GC(146) Using 2 workers of 2 for evacuation
[2026-07-01T02:21:56.984+0000][92.181s][info][gc,phases   ] GC(146)   Pre Evacuate Collection Set: 0.23ms
[2026-07-01T02:21:56.984+0000][92.182s][info][gc,phases   ] GC(146)   Merge Heap Roots: 0.32ms
[2026-07-01T02:21:56.984+0000][92.182s][info][gc,phases   ] GC(146)   Evacuate Collection Set: 12.52ms
[2026-07-01T02:21:56.984+0000][92.182s][info][gc,phases   ] GC(146)   Post Evacuate Collection Set: 0.38ms
[2026-07-01T02:21:56.984+0000][92.182s][info][gc,phases   ] GC(146)   Other: 0.07ms
[2026-07-01T02:21:56.984+0000][92.182s][info][gc,heap     ] GC(146) Eden regions: 108->0(108)
[2026-07-01T02:21:56.984+0000][92.182s][info][gc,heap     ] GC(146) Survivor regions: 7->7(15)
[2026-07-01T02:21:56.984+0000][92.182s][info][gc,heap     ] GC(146) Old regions: 179->179
[2026-07-01T02:21:56.984+0000][92.182s][info][gc,heap     ] GC(146) Humongous regions: 3->3
[2026-07-01T02:21:56.984+0000][92.182s][info][gc,metaspace] GC(146) Metaspace: 41703K(42496K)->41703K(42496K) NonClass: 36569K(36992K)->36569K(36992K) Class: 5133K(5504K)->5133K(5504K)
[2026-07-01T02:21:56.984+0000][92.182s][info][gc          ] GC(146) Pause Young (Concurrent Start) (G1 Evacuation Pause) 296M->188M(314M) 13.728ms
[2026-07-01T02:21:56.984+0000][92.182s][info][gc          ] GC(147) Concurrent Mark Cycle
[2026-07-01T02:21:56.984+0000][92.182s][info][gc,marking  ] GC(147) Concurrent Scan Root Regions
[2026-07-01T02:21:56.984+0000][92.182s][info][gc,cpu      ] GC(146) User=0.02s Sys=0.00s Real=0.01s
[2026-07-01T02:21:57.003+0000][92.201s][info][gc,marking  ] GC(147) Concurrent Scan Root Regions 19.451ms
[2026-07-01T02:21:57.003+0000][92.201s][info][gc,marking  ] GC(147) Concurrent Mark
[2026-07-01T02:21:57.003+0000][92.201s][info][gc,marking  ] GC(147) Concurrent Mark From Roots
[2026-07-01T02:21:57.003+0000][92.201s][info][gc,task     ] GC(147) Using 1 workers of 1 for marking
[2026-07-01T02:21:57.565+0000][92.763s][info][gc,start    ] GC(148) Pause Young (Normal) (G1 Evacuation Pause)
[2026-07-01T02:21:57.565+0000][92.763s][info][gc,task     ] GC(148) Using 2 workers of 2 for evacuation
[2026-07-01T02:21:57.580+0000][92.778s][info][gc,phases   ] GC(148)   Pre Evacuate Collection Set: 0.15ms
[2026-07-01T02:21:57.580+0000][92.778s][info][gc,phases   ] GC(148)   Merge Heap Roots: 0.37ms
[2026-07-01T02:21:57.580+0000][92.778s][info][gc,phases   ] GC(148)   Evacuate Collection Set: 13.67ms
[2026-07-01T02:21:57.580+0000][92.778s][info][gc,phases   ] GC(148)   Post Evacuate Collection Set: 0.38ms
[2026-07-01T02:21:57.580+0000][92.778s][info][gc,phases   ] GC(148)   Other: 0.05ms
[2026-07-01T02:21:57.580+0000][92.778s][info][gc,heap     ] GC(148) Eden regions: 108->0(107)
[2026-07-01T02:21:57.580+0000][92.778s][info][gc,heap     ] GC(148) Survivor regions: 7->7(15)
[2026-07-01T02:21:57.580+0000][92.778s][info][gc,heap     ] GC(148) Old regions: 179->180
[2026-07-01T02:21:57.580+0000][92.778s][info][gc,heap     ] GC(148) Humongous regions: 3->3
[2026-07-01T02:21:57.580+0000][92.778s][info][gc,metaspace] GC(148) Metaspace: 41703K(42496K)->41703K(42496K) NonClass: 36570K(36992K)->36570K(36992K) Class: 5133K(5504K)->5133K(5504K)
[2026-07-01T02:21:57.580+0000][92.778s][info][gc          ] GC(148) Pause Young (Normal) (G1 Evacuation Pause) 296M->188M(314M) 14.780ms
[2026-07-01T02:21:57.580+0000][92.778s][info][gc,cpu      ] GC(148) User=0.03s Sys=0.00s Real=0.02s
[2026-07-01T02:21:57.676+0000][92.874s][info][gc,marking  ] GC(147) Concurrent Mark From Roots 672.445ms
[2026-07-01T02:21:57.676+0000][92.874s][info][gc,marking  ] GC(147) Concurrent Preclean
[2026-07-01T02:21:57.680+0000][92.878s][info][gc,marking  ] GC(147) Concurrent Preclean 4.464ms
[2026-07-01T02:21:57.681+0000][92.879s][info][gc,start    ] GC(147) Pause Remark
[2026-07-01T02:21:57.686+0000][92.884s][info][gc          ] GC(147) Pause Remark 206M->206M(317M) 5.755ms
[2026-07-01T02:21:57.687+0000][92.884s][info][gc,cpu      ] GC(147) User=0.01s Sys=0.00s Real=0.00s
[2026-07-01T02:21:57.688+0000][92.886s][info][gc,marking  ] GC(147) Concurrent Mark 684.516ms
[2026-07-01T02:21:57.688+0000][92.886s][info][gc,marking  ] GC(147) Concurrent Rebuild Remembered Sets and Scrub Regions
[2026-07-01T02:21:58.018+0000][93.216s][info][gc,marking  ] GC(147) Concurrent Rebuild Remembered Sets and Scrub Regions 330.530ms
[2026-07-01T02:21:58.019+0000][93.216s][info][gc,start    ] GC(147) Pause Cleanup
[2026-07-01T02:21:58.019+0000][93.217s][info][gc          ] GC(147) Pause Cleanup 270M->270M(317M) 0.177ms
[2026-07-01T02:21:58.019+0000][93.217s][info][gc,cpu      ] GC(147) User=0.00s Sys=0.00s Real=0.00s
[2026-07-01T02:21:58.020+0000][93.217s][info][gc,marking  ] GC(147) Concurrent Clear Claimed Marks
[2026-07-01T02:21:58.020+0000][93.217s][info][gc,marking  ] GC(147) Concurrent Clear Claimed Marks 0.091ms
[2026-07-01T02:21:58.020+0000][93.217s][info][gc,marking  ] GC(147) Concurrent Cleanup for Next Mark
[2026-07-01T02:21:58.021+0000][93.218s][info][gc,marking  ] GC(147) Concurrent Cleanup for Next Mark 0.876ms
[2026-07-01T02:21:58.021+0000][93.218s][info][gc          ] GC(147) Concurrent Mark Cycle 1036.754ms
[2026-07-01T02:21:58.132+0000][93.330s][info][gc,start    ] GC(149) Pause Young (Prepare Mixed) (G1 Evacuation Pause)
[2026-07-01T02:21:58.132+0000][93.330s][info][gc,task     ] GC(149) Using 2 workers of 2 for evacuation
[2026-07-01T02:21:58.147+0000][93.345s][info][gc,phases   ] GC(149)   Pre Evacuate Collection Set: 0.21ms
[2026-07-01T02:21:58.147+0000][93.345s][info][gc,phases   ] GC(149)   Merge Heap Roots: 0.40ms
[2026-07-01T02:21:58.147+0000][93.345s][info][gc,phases   ] GC(149)   Evacuate Collection Set: 13.33ms
[2026-07-01T02:21:58.147+0000][93.345s][info][gc,phases   ] GC(149)   Post Evacuate Collection Set: 0.58ms
[2026-07-01T02:21:58.147+0000][93.345s][info][gc,phases   ] GC(149)   Other: 0.06ms
[2026-07-01T02:21:58.147+0000][93.345s][info][gc,heap     ] GC(149) Eden regions: 107->0(110)
[2026-07-01T02:21:58.147+0000][93.345s][info][gc,heap     ] GC(149) Survivor regions: 7->7(15)
[2026-07-01T02:21:58.147+0000][93.345s][info][gc,heap     ] GC(149) Old regions: 180->180
[2026-07-01T02:21:58.147+0000][93.345s][info][gc,heap     ] GC(149) Humongous regions: 3->3
[2026-07-01T02:21:58.147+0000][93.345s][info][gc,metaspace] GC(149) Metaspace: 41705K(42496K)->41705K(42496K) NonClass: 36571K(36992K)->36571K(36992K) Class: 5133K(5504K)->5133K(5504K)
[2026-07-01T02:21:58.147+0000][93.345s][info][gc          ] GC(149) Pause Young (Prepare Mixed) (G1 Evacuation Pause) 295M->189M(317M) 14.809ms
[2026-07-01T02:21:58.147+0000][93.345s][info][gc,cpu      ] GC(149) User=0.03s Sys=0.00s Real=0.01s
[2026-07-01T02:21:58.638+0000][93.835s][info][gc,start    ] GC(150) Pause Young (Mixed) (G1 Evacuation Pause)
[2026-07-01T02:21:58.638+0000][93.836s][info][gc,task     ] GC(150) Using 2 workers of 2 for evacuation
[2026-07-01T02:21:58.654+0000][93.851s][info][gc,phases   ] GC(150)   Pre Evacuate Collection Set: 0.18ms
[2026-07-01T02:21:58.654+0000][93.852s][info][gc,phases   ] GC(150)   Merge Heap Roots: 0.51ms
[2026-07-01T02:21:58.654+0000][93.852s][info][gc,phases   ] GC(150)   Evacuate Collection Set: 14.75ms
[2026-07-01T02:21:58.654+0000][93.852s][info][gc,phases   ] GC(150)   Post Evacuate Collection Set: 0.42ms
[2026-07-01T02:21:58.654+0000][93.852s][info][gc,phases   ] GC(150)   Other: 0.06ms
[2026-07-01T02:21:58.654+0000][93.852s][info][gc,heap     ] GC(150) Eden regions: 110->0(110)
[2026-07-01T02:21:58.654+0000][93.852s][info][gc,heap     ] GC(150) Survivor regions: 7->7(15)
[2026-07-01T02:21:58.654+0000][93.852s][info][gc,heap     ] GC(150) Old regions: 180->180
[2026-07-01T02:21:58.654+0000][93.852s][info][gc,heap     ] GC(150) Humongous regions: 3->3
[2026-07-01T02:21:58.654+0000][93.852s][info][gc,metaspace] GC(150) Metaspace: 41705K(42496K)->41705K(42496K) NonClass: 36571K(36992K)->36571K(36992K) Class: 5133K(5504K)->5133K(5504K)
[2026-07-01T02:21:58.654+0000][93.852s][info][gc          ] GC(150) Pause Young (Mixed) (G1 Evacuation Pause) 299M->189M(317M) 16.077ms
[2026-07-01T02:21:58.654+0000][93.852s][info][gc,cpu      ] GC(150) User=0.03s Sys=0.00s Real=0.02s
[2026-07-01T02:21:59.148+0000][94.346s][info][gc,start    ] GC(151) Pause Young (Concurrent Start) (G1 Evacuation Pause)
[2026-07-01T02:21:59.149+0000][94.346s][info][gc,task     ] GC(151) Using 2 workers of 2 for evacuation
[2026-07-01T02:21:59.167+0000][94.364s][info][gc,phases   ] GC(151)   Pre Evacuate Collection Set: 0.20ms
[2026-07-01T02:21:59.167+0000][94.364s][info][gc,phases   ] GC(151)   Merge Heap Roots: 0.27ms
[2026-07-01T02:21:59.167+0000][94.364s][info][gc,phases   ] GC(151)   Evacuate Collection Set: 17.06ms
[2026-07-01T02:21:59.167+0000][94.364s][info][gc,phases   ] GC(151)   Post Evacuate Collection Set: 0.45ms
[2026-07-01T02:21:59.167+0000][94.364s][info][gc,phases   ] GC(151)   Other: 0.11ms
[2026-07-01T02:21:59.167+0000][94.365s][info][gc,heap     ] GC(151) Eden regions: 110->0(109)
[2026-07-01T02:21:59.167+0000][94.365s][info][gc,heap     ] GC(151) Survivor regions: 7->7(15)
[2026-07-01T02:21:59.167+0000][94.365s][info][gc,heap     ] GC(151) Old regions: 180->181
[2026-07-01T02:21:59.167+0000][94.365s][info][gc,heap     ] GC(151) Humongous regions: 3->3
[2026-07-01T02:21:59.167+0000][94.365s][info][gc,metaspace] GC(151) Metaspace: 41705K(42496K)->41705K(42496K) NonClass: 36571K(36992K)->36571K(36992K) Class: 5133K(5504K)->5133K(5504K)
[2026-07-01T02:21:59.167+0000][94.365s][info][gc          ] GC(151) Pause Young (Concurrent Start) (G1 Evacuation Pause) 299M->190M(317M) 18.271ms
[2026-07-01T02:21:59.167+0000][94.365s][info][gc          ] GC(152) Concurrent Mark Cycle
[2026-07-01T02:21:59.167+0000][94.365s][info][gc,marking  ] GC(152) Concurrent Scan Root Regions
[2026-07-01T02:21:59.167+0000][94.365s][info][gc,cpu      ] GC(151) User=0.04s Sys=0.00s Real=0.01s
[2026-07-01T02:21:59.176+0000][94.373s][info][gc,marking  ] GC(152) Concurrent Scan Root Regions 8.772ms
[2026-07-01T02:21:59.176+0000][94.373s][info][gc,marking  ] GC(152) Concurrent Mark
[2026-07-01T02:21:59.176+0000][94.373s][info][gc,marking  ] GC(152) Concurrent Mark From Roots
[2026-07-01T02:21:59.176+0000][94.373s][info][gc,task     ] GC(152) Using 1 workers of 1 for marking
[2026-07-01T02:21:59.632+0000][94.830s][info][gc,marking  ] GC(152) Concurrent Mark From Roots 456.289ms
[2026-07-01T02:21:59.632+0000][94.830s][info][gc,marking  ] GC(152) Concurrent Preclean
[2026-07-01T02:21:59.632+0000][94.830s][info][gc,marking  ] GC(152) Concurrent Preclean 0.137ms
[2026-07-01T02:21:59.632+0000][94.830s][info][gc,start    ] GC(152) Pause Remark
[2026-07-01T02:21:59.640+0000][94.837s][info][gc          ] GC(152) Pause Remark 257M->257M(319M) 7.397ms
[2026-07-01T02:21:59.640+0000][94.837s][info][gc,cpu      ] GC(152) User=0.01s Sys=0.00s Real=0.01s
[2026-07-01T02:21:59.640+0000][94.837s][info][gc,marking  ] GC(152) Concurrent Mark 464.065ms
[2026-07-01T02:21:59.640+0000][94.838s][info][gc,marking  ] GC(152) Concurrent Rebuild Remembered Sets and Scrub Regions
[2026-07-01T02:21:59.751+0000][94.949s][info][gc,marking  ] GC(152) Concurrent Rebuild Remembered Sets and Scrub Regions 111.357ms
[2026-07-01T02:21:59.751+0000][94.949s][info][gc,start    ] GC(152) Pause Cleanup
[2026-07-01T02:21:59.751+0000][94.949s][info][gc          ] GC(152) Pause Cleanup 257M->257M(319M) 0.159ms
[2026-07-01T02:21:59.751+0000][94.949s][info][gc,cpu      ] GC(152) User=0.00s Sys=0.00s Real=0.00s
[2026-07-01T02:21:59.751+0000][94.949s][info][gc,marking  ] GC(152) Concurrent Clear Claimed Marks
[2026-07-01T02:21:59.751+0000][94.949s][info][gc,marking  ] GC(152) Concurrent Clear Claimed Marks 0.080ms
[2026-07-01T02:21:59.751+0000][94.949s][info][gc,marking  ] GC(152) Concurrent Cleanup for Next Mark
[2026-07-01T02:21:59.752+0000][94.950s][info][gc,marking  ] GC(152) Concurrent Cleanup for Next Mark 0.540ms
[2026-07-01T02:21:59.752+0000][94.950s][info][gc          ] GC(152) Concurrent Mark Cycle 585.296ms
