[2026-07-01T02:18:49.108+0000][0.023s][info][gc,init] CardTable entry size: 512
[2026-07-01T02:18:49.108+0000][0.023s][info][gc     ] Using G1
[2026-07-01T02:18:49.108+0000][0.024s][info][gc,init] Version: 21.0.11+10-LTS (release)
[2026-07-01T02:18:49.108+0000][0.024s][info][gc,init] CPUs: 4 total, 2 available
[2026-07-01T02:18:49.108+0000][0.024s][info][gc,init] Memory: 2048M
[2026-07-01T02:18:49.108+0000][0.024s][info][gc,init] Large Page Support: Disabled
[2026-07-01T02:18:49.108+0000][0.024s][info][gc,init] NUMA Support: Disabled
[2026-07-01T02:18:49.108+0000][0.024s][info][gc,init] Compressed Oops: Enabled (32-bit)
[2026-07-01T02:18:49.108+0000][0.024s][info][gc,init] Heap Region Size: 1M
[2026-07-01T02:18:49.108+0000][0.024s][info][gc,init] Heap Min Capacity: 8M
[2026-07-01T02:18:49.108+0000][0.024s][info][gc,init] Heap Initial Capacity: 32M
[2026-07-01T02:18:49.108+0000][0.024s][info][gc,init] Heap Max Capacity: 512M
[2026-07-01T02:18:49.108+0000][0.024s][info][gc,init] Pre-touch: Disabled
[2026-07-01T02:18:49.108+0000][0.024s][info][gc,init] Parallel Workers: 2
[2026-07-01T02:18:49.108+0000][0.024s][info][gc,init] Concurrent Workers: 1
[2026-07-01T02:18:49.109+0000][0.024s][info][gc,init] Concurrent Refinement Workers: 2
[2026-07-01T02:18:49.109+0000][0.024s][info][gc,init] Periodic GC: Disabled
[2026-07-01T02:18:49.115+0000][0.030s][info][gc,metaspace] CDS archive(s) mapped at: [0x00007b6653000000-0x00007b6653c9b000-0x00007b6653c9b000), size 13217792, SharedBaseAddress: 0x00007b6653000000, ArchiveRelocationMode: 1.
[2026-07-01T02:18:49.115+0000][0.030s][info][gc,metaspace] Compressed class space mapped at: 0x00007b6654000000-0x00007b6694000000, reserved size: 1073741824
[2026-07-01T02:18:49.115+0000][0.030s][info][gc,metaspace] Narrow klass base: 0x00007b6653000000, Narrow klass shift: 0, Narrow klass range: 0x100000000
[2026-07-01T02:18:49.284+0000][0.200s][info][gc,start    ] GC(0) Pause Young (Normal) (G1 Evacuation Pause)
[2026-07-01T02:18:49.285+0000][0.200s][info][gc,task     ] GC(0) Using 2 workers of 2 for evacuation
[2026-07-01T02:18:49.286+0000][0.202s][info][gc,phases   ] GC(0)   Pre Evacuate Collection Set: 0.07ms
[2026-07-01T02:18:49.286+0000][0.202s][info][gc,phases   ] GC(0)   Merge Heap Roots: 0.04ms
[2026-07-01T02:18:49.286+0000][0.202s][info][gc,phases   ] GC(0)   Evacuate Collection Set: 1.29ms
[2026-07-01T02:18:49.286+0000][0.202s][info][gc,phases   ] GC(0)   Post Evacuate Collection Set: 0.25ms
[2026-07-01T02:18:49.286+0000][0.202s][info][gc,phases   ] GC(0)   Other: 0.17ms
[2026-07-01T02:18:49.286+0000][0.202s][info][gc,heap     ] GC(0) Eden regions: 6->0(10)
[2026-07-01T02:18:49.286+0000][0.202s][info][gc,heap     ] GC(0) Survivor regions: 0->1(1)
[2026-07-01T02:18:49.286+0000][0.202s][info][gc,heap     ] GC(0) Old regions: 2->2
[2026-07-01T02:18:49.286+0000][0.202s][info][gc,heap     ] GC(0) Humongous regions: 0->0
[2026-07-01T02:18:49.286+0000][0.202s][info][gc,metaspace] GC(0) Metaspace: 1748K(1984K)->1748K(1984K) NonClass: 1560K(1664K)->1560K(1664K) Class: 187K(320K)->187K(320K)
[2026-07-01T02:18:49.286+0000][0.202s][info][gc          ] GC(0) Pause Young (Normal) (G1 Evacuation Pause) 7M->1M(34M) 1.960ms
[2026-07-01T02:18:49.286+0000][0.202s][info][gc,cpu      ] GC(0) User=0.01s Sys=0.00s Real=0.00s
[2026-07-01T02:18:49.482+0000][0.398s][info][gc,start    ] GC(1) Pause Young (Normal) (G1 Evacuation Pause)
[2026-07-01T02:18:49.482+0000][0.398s][info][gc,task     ] GC(1) Using 2 workers of 2 for evacuation
[2026-07-01T02:18:49.484+0000][0.400s][info][gc,phases   ] GC(1)   Pre Evacuate Collection Set: 0.09ms
[2026-07-01T02:18:49.484+0000][0.400s][info][gc,phases   ] GC(1)   Merge Heap Roots: 0.05ms
[2026-07-01T02:18:49.484+0000][0.400s][info][gc,phases   ] GC(1)   Evacuate Collection Set: 1.84ms
[2026-07-01T02:18:49.484+0000][0.400s][info][gc,phases   ] GC(1)   Post Evacuate Collection Set: 0.28ms
[2026-07-01T02:18:49.484+0000][0.400s][info][gc,phases   ] GC(1)   Other: 0.04ms
[2026-07-01T02:18:49.484+0000][0.400s][info][gc,heap     ] GC(1) Eden regions: 10->0(17)
[2026-07-01T02:18:49.484+0000][0.400s][info][gc,heap     ] GC(1) Survivor regions: 1->2(2)
[2026-07-01T02:18:49.484+0000][0.400s][info][gc,heap     ] GC(1) Old regions: 2->2
[2026-07-01T02:18:49.484+0000][0.400s][info][gc,heap     ] GC(1) Humongous regions: 0->0
[2026-07-01T02:18:49.484+0000][0.400s][info][gc,metaspace] GC(1) Metaspace: 3498K(3776K)->3498K(3776K) NonClass: 3128K(3264K)->3128K(3264K) Class: 370K(512K)->370K(512K)
[2026-07-01T02:18:49.484+0000][0.400s][info][gc          ] GC(1) Pause Young (Normal) (G1 Evacuation Pause) 11M->2M(34M) 2.415ms
[2026-07-01T02:18:49.484+0000][0.400s][info][gc,cpu      ] GC(1) User=0.00s Sys=0.00s Real=0.00s
[2026-07-01T02:18:49.775+0000][0.691s][info][gc,start    ] GC(2) Pause Young (Normal) (G1 Evacuation Pause)
[2026-07-01T02:18:49.775+0000][0.691s][info][gc,task     ] GC(2) Using 2 workers of 2 for evacuation
[2026-07-01T02:18:49.779+0000][0.695s][info][gc,phases   ] GC(2)   Pre Evacuate Collection Set: 0.09ms
[2026-07-01T02:18:49.779+0000][0.695s][info][gc,phases   ] GC(2)   Merge Heap Roots: 0.04ms
[2026-07-01T02:18:49.779+0000][0.695s][info][gc,phases   ] GC(2)   Evacuate Collection Set: 3.33ms
[2026-07-01T02:18:49.779+0000][0.695s][info][gc,phases   ] GC(2)   Post Evacuate Collection Set: 0.37ms
[2026-07-01T02:18:49.779+0000][0.695s][info][gc,phases   ] GC(2)   Other: 0.04ms
[2026-07-01T02:18:49.779+0000][0.695s][info][gc,heap     ] GC(2) Eden regions: 17->0(16)
[2026-07-01T02:18:49.779+0000][0.695s][info][gc,heap     ] GC(2) Survivor regions: 2->3(3)
[2026-07-01T02:18:49.779+0000][0.695s][info][gc,heap     ] GC(2) Old regions: 2->2
[2026-07-01T02:18:49.779+0000][0.695s][info][gc,heap     ] GC(2) Humongous regions: 0->0
[2026-07-01T02:18:49.779+0000][0.695s][info][gc,metaspace] GC(2) Metaspace: 7351K(7616K)->7351K(7616K) NonClass: 6488K(6592K)->6488K(6592K) Class: 863K(1024K)->863K(1024K)
[2026-07-01T02:18:49.779+0000][0.695s][info][gc          ] GC(2) Pause Young (Normal) (G1 Evacuation Pause) 19M->3M(34M) 3.989ms
[2026-07-01T02:18:49.779+0000][0.695s][info][gc,cpu      ] GC(2) User=0.01s Sys=0.01s Real=0.01s
[2026-07-01T02:18:50.066+0000][0.982s][info][gc,start    ] GC(3) Pause Young (Normal) (G1 Evacuation Pause)
[2026-07-01T02:18:50.066+0000][0.982s][info][gc,task     ] GC(3) Using 2 workers of 2 for evacuation
[2026-07-01T02:18:50.072+0000][0.987s][info][gc,phases   ] GC(3)   Pre Evacuate Collection Set: 0.09ms
[2026-07-01T02:18:50.072+0000][0.987s][info][gc,phases   ] GC(3)   Merge Heap Roots: 0.04ms
[2026-07-01T02:18:50.072+0000][0.987s][info][gc,phases   ] GC(3)   Evacuate Collection Set: 4.82ms
[2026-07-01T02:18:50.072+0000][0.987s][info][gc,phases   ] GC(3)   Post Evacuate Collection Set: 0.36ms
[2026-07-01T02:18:50.072+0000][0.987s][info][gc,phases   ] GC(3)   Other: 0.04ms
[2026-07-01T02:18:50.072+0000][0.987s][info][gc,heap     ] GC(3) Eden regions: 16->0(16)
[2026-07-01T02:18:50.072+0000][0.987s][info][gc,heap     ] GC(3) Survivor regions: 3->3(3)
[2026-07-01T02:18:50.072+0000][0.987s][info][gc,heap     ] GC(3) Old regions: 2->4
[2026-07-01T02:18:50.072+0000][0.987s][info][gc,heap     ] GC(3) Humongous regions: 0->0
[2026-07-01T02:18:50.072+0000][0.987s][info][gc,metaspace] GC(3) Metaspace: 10343K(10688K)->10343K(10688K) NonClass: 9014K(9216K)->9014K(9216K) Class: 1328K(1472K)->1328K(1472K)
[2026-07-01T02:18:50.072+0000][0.987s][info][gc          ] GC(3) Pause Young (Normal) (G1 Evacuation Pause) 19M->4M(34M) 5.481ms
[2026-07-01T02:18:50.072+0000][0.987s][info][gc,cpu      ] GC(3) User=0.01s Sys=0.00s Real=0.01s
[2026-07-01T02:18:50.237+0000][1.153s][info][gc,start    ] GC(4) Pause Young (Normal) (G1 Evacuation Pause)
[2026-07-01T02:18:50.237+0000][1.153s][info][gc,task     ] GC(4) Using 2 workers of 2 for evacuation
[2026-07-01T02:18:50.240+0000][1.156s][info][gc,phases   ] GC(4)   Pre Evacuate Collection Set: 0.08ms
[2026-07-01T02:18:50.240+0000][1.156s][info][gc,phases   ] GC(4)   Merge Heap Roots: 0.04ms
[2026-07-01T02:18:50.240+0000][1.156s][info][gc,phases   ] GC(4)   Evacuate Collection Set: 3.00ms
[2026-07-01T02:18:50.240+0000][1.156s][info][gc,phases   ] GC(4)   Post Evacuate Collection Set: 0.33ms
[2026-07-01T02:18:50.240+0000][1.156s][info][gc,phases   ] GC(4)   Other: 0.04ms
[2026-07-01T02:18:50.240+0000][1.156s][info][gc,heap     ] GC(4) Eden regions: 16->0(16)
[2026-07-01T02:18:50.240+0000][1.156s][info][gc,heap     ] GC(4) Survivor regions: 3->3(3)
[2026-07-01T02:18:50.240+0000][1.156s][info][gc,heap     ] GC(4) Old regions: 4->5
[2026-07-01T02:18:50.240+0000][1.156s][info][gc,heap     ] GC(4) Humongous regions: 0->0
[2026-07-01T02:18:50.240+0000][1.156s][info][gc,metaspace] GC(4) Metaspace: 14092K(14464K)->14092K(14464K) NonClass: 12348K(12544K)->12348K(12544K) Class: 1744K(1920K)->1744K(1920K)
[2026-07-01T02:18:50.241+0000][1.156s][info][gc          ] GC(4) Pause Young (Normal) (G1 Evacuation Pause) 20M->5M(34M) 3.598ms
[2026-07-01T02:18:50.241+0000][1.156s][info][gc,cpu      ] GC(4) User=0.00s Sys=0.01s Real=0.01s
[2026-07-01T02:18:50.424+0000][1.340s][info][gc,start    ] GC(5) Pause Young (Normal) (G1 Evacuation Pause)
[2026-07-01T02:18:50.424+0000][1.340s][info][gc,task     ] GC(5) Using 2 workers of 2 for evacuation
[2026-07-01T02:18:50.429+0000][1.345s][info][gc,phases   ] GC(5)   Pre Evacuate Collection Set: 0.10ms
[2026-07-01T02:18:50.429+0000][1.345s][info][gc,phases   ] GC(5)   Merge Heap Roots: 0.04ms
[2026-07-01T02:18:50.429+0000][1.345s][info][gc,phases   ] GC(5)   Evacuate Collection Set: 4.11ms
[2026-07-01T02:18:50.429+0000][1.345s][info][gc,phases   ] GC(5)   Post Evacuate Collection Set: 0.41ms
[2026-07-01T02:18:50.429+0000][1.345s][info][gc,phases   ] GC(5)   Other: 0.05ms
[2026-07-01T02:18:50.429+0000][1.345s][info][gc,heap     ] GC(5) Eden regions: 16->0(21)
[2026-07-01T02:18:50.429+0000][1.345s][info][gc,heap     ] GC(5) Survivor regions: 3->3(3)
[2026-07-01T02:18:50.429+0000][1.345s][info][gc,heap     ] GC(5) Old regions: 5->6
[2026-07-01T02:18:50.429+0000][1.345s][info][gc,heap     ] GC(5) Humongous regions: 0->0
[2026-07-01T02:18:50.429+0000][1.345s][info][gc,metaspace] GC(5) Metaspace: 17401K(17856K)->17401K(17856K) NonClass: 15219K(15488K)->15219K(15488K) Class: 2182K(2368K)->2182K(2368K)
[2026-07-01T02:18:50.429+0000][1.345s][info][gc          ] GC(5) Pause Young (Normal) (G1 Evacuation Pause) 21M->6M(41M) 4.872ms
[2026-07-01T02:18:50.429+0000][1.345s][info][gc,cpu      ] GC(5) User=0.01s Sys=0.00s Real=0.01s
[2026-07-01T02:18:50.663+0000][1.578s][info][gc,start    ] GC(6) Pause Young (Normal) (G1 Evacuation Pause)
[2026-07-01T02:18:50.663+0000][1.579s][info][gc,task     ] GC(6) Using 2 workers of 2 for evacuation
[2026-07-01T02:18:50.666+0000][1.582s][info][gc,phases   ] GC(6)   Pre Evacuate Collection Set: 0.09ms
[2026-07-01T02:18:50.666+0000][1.582s][info][gc,phases   ] GC(6)   Merge Heap Roots: 0.04ms
[2026-07-01T02:18:50.666+0000][1.582s][info][gc,phases   ] GC(6)   Evacuate Collection Set: 3.12ms
[2026-07-01T02:18:50.666+0000][1.582s][info][gc,phases   ] GC(6)   Post Evacuate Collection Set: 0.33ms
[2026-07-01T02:18:50.666+0000][1.582s][info][gc,phases   ] GC(6)   Other: 0.04ms
[2026-07-01T02:18:50.666+0000][1.582s][info][gc,heap     ] GC(6) Eden regions: 21->0(21)
[2026-07-01T02:18:50.666+0000][1.582s][info][gc,heap     ] GC(6) Survivor regions: 3->3(3)
[2026-07-01T02:18:50.666+0000][1.582s][info][gc,heap     ] GC(6) Old regions: 6->7
[2026-07-01T02:18:50.666+0000][1.582s][info][gc,heap     ] GC(6) Humongous regions: 0->0
[2026-07-01T02:18:50.666+0000][1.582s][info][gc,metaspace] GC(6) Metaspace: 19664K(20160K)->19664K(20160K) NonClass: 17204K(17472K)->17204K(17472K) Class: 2459K(2688K)->2459K(2688K)
[2026-07-01T02:18:50.666+0000][1.582s][info][gc          ] GC(6) Pause Young (Normal) (G1 Evacuation Pause) 27M->8M(41M) 3.724ms
[2026-07-01T02:18:50.666+0000][1.582s][info][gc,cpu      ] GC(6) User=0.00s Sys=0.01s Real=0.00s
[2026-07-01T02:18:50.881+0000][1.797s][info][gc,start    ] GC(7) Pause Young (Concurrent Start) (Metadata GC Threshold)
[2026-07-01T02:18:50.881+0000][1.797s][info][gc,task     ] GC(7) Using 2 workers of 2 for evacuation
[2026-07-01T02:18:50.885+0000][1.801s][info][gc,phases   ] GC(7)   Pre Evacuate Collection Set: 0.07ms
[2026-07-01T02:18:50.885+0000][1.801s][info][gc,phases   ] GC(7)   Merge Heap Roots: 0.05ms
[2026-07-01T02:18:50.885+0000][1.801s][info][gc,phases   ] GC(7)   Evacuate Collection Set: 3.48ms
[2026-07-01T02:18:50.885+0000][1.801s][info][gc,phases   ] GC(7)   Post Evacuate Collection Set: 0.32ms
[2026-07-01T02:18:50.885+0000][1.801s][info][gc,phases   ] GC(7)   Other: 0.06ms
[2026-07-01T02:18:50.885+0000][1.801s][info][gc,heap     ] GC(7) Eden regions: 21->0(22)
[2026-07-01T02:18:50.885+0000][1.801s][info][gc,heap     ] GC(7) Survivor regions: 3->2(3)
[2026-07-01T02:18:50.885+0000][1.801s][info][gc,heap     ] GC(7) Old regions: 7->9
[2026-07-01T02:18:50.885+0000][1.801s][info][gc,heap     ] GC(7) Humongous regions: 0->0
[2026-07-01T02:18:50.885+0000][1.801s][info][gc,metaspace] GC(7) Metaspace: 21047K(21504K)->21047K(21504K) NonClass: 18424K(18688K)->18424K(18688K) Class: 2622K(2816K)->2622K(2816K)
[2026-07-01T02:18:50.885+0000][1.801s][info][gc          ] GC(7) Pause Young (Concurrent Start) (Metadata GC Threshold) 29M->9M(41M) 4.138ms
[2026-07-01T02:18:50.885+0000][1.801s][info][gc,cpu      ] GC(7) User=0.00s Sys=0.01s Real=0.00s
[2026-07-01T02:18:50.885+0000][1.801s][info][gc          ] GC(8) Concurrent Mark Cycle
[2026-07-01T02:18:50.885+0000][1.801s][info][gc,marking  ] GC(8) Concurrent Scan Root Regions
[2026-07-01T02:18:50.911+0000][1.827s][info][gc,marking  ] GC(8) Concurrent Scan Root Regions 26.236ms
[2026-07-01T02:18:50.911+0000][1.827s][info][gc,marking  ] GC(8) Concurrent Mark
[2026-07-01T02:18:50.911+0000][1.827s][info][gc,marking  ] GC(8) Concurrent Mark From Roots
[2026-07-01T02:18:50.911+0000][1.827s][info][gc,task     ] GC(8) Using 1 workers of 1 for marking
[2026-07-01T02:18:50.919+0000][1.834s][info][gc,marking  ] GC(8) Concurrent Mark From Roots 7.212ms
[2026-07-01T02:18:50.919+0000][1.834s][info][gc,marking  ] GC(8) Concurrent Preclean
[2026-07-01T02:18:50.919+0000][1.834s][info][gc,marking  ] GC(8) Concurrent Preclean 0.027ms
[2026-07-01T02:18:50.919+0000][1.835s][info][gc,start    ] GC(8) Pause Remark
[2026-07-01T02:18:50.922+0000][1.837s][info][gc,heap     ] GC(8) Heap shrink completed: uncommitted 4 regions (4MB), heap size now 37MB
[2026-07-01T02:18:50.922+0000][1.837s][info][gc          ] GC(8) Pause Remark 11M->11M(37M) 2.463ms
[2026-07-01T02:18:50.922+0000][1.837s][info][gc,cpu      ] GC(8) User=0.00s Sys=0.00s Real=0.00s
[2026-07-01T02:18:50.922+0000][1.837s][info][gc,marking  ] GC(8) Concurrent Mark 10.226ms
[2026-07-01T02:18:50.922+0000][1.837s][info][gc,marking  ] GC(8) Concurrent Rebuild Remembered Sets and Scrub Regions
[2026-07-01T02:18:50.928+0000][1.843s][info][gc,marking  ] GC(8) Concurrent Rebuild Remembered Sets and Scrub Regions 5.979ms
[2026-07-01T02:18:50.928+0000][1.844s][info][gc,start    ] GC(8) Pause Cleanup
[2026-07-01T02:18:50.928+0000][1.844s][info][gc          ] GC(8) Pause Cleanup 11M->11M(37M) 0.052ms
[2026-07-01T02:18:50.928+0000][1.844s][info][gc,cpu      ] GC(8) User=0.00s Sys=0.00s Real=0.00s
[2026-07-01T02:18:50.928+0000][1.844s][info][gc,marking  ] GC(8) Concurrent Clear Claimed Marks
[2026-07-01T02:18:50.928+0000][1.844s][info][gc,marking  ] GC(8) Concurrent Clear Claimed Marks 0.020ms
[2026-07-01T02:18:50.928+0000][1.844s][info][gc,marking  ] GC(8) Concurrent Cleanup for Next Mark
[2026-07-01T02:18:50.928+0000][1.844s][info][gc,marking  ] GC(8) Concurrent Cleanup for Next Mark 0.284ms
[2026-07-01T02:18:50.928+0000][1.844s][info][gc          ] GC(8) Concurrent Mark Cycle 43.046ms
[2026-07-01T02:18:51.166+0000][2.082s][info][gc,start    ] GC(9) Pause Young (Prepare Mixed) (G1 Evacuation Pause)
[2026-07-01T02:18:51.166+0000][2.082s][info][gc,task     ] GC(9) Using 2 workers of 2 for evacuation
[2026-07-01T02:18:51.170+0000][2.086s][info][gc,phases   ] GC(9)   Pre Evacuate Collection Set: 0.09ms
[2026-07-01T02:18:51.170+0000][2.086s][info][gc,phases   ] GC(9)   Merge Heap Roots: 0.04ms
[2026-07-01T02:18:51.170+0000][2.086s][info][gc,phases   ] GC(9)   Evacuate Collection Set: 2.97ms
[2026-07-01T02:18:51.170+0000][2.086s][info][gc,phases   ] GC(9)   Post Evacuate Collection Set: 0.30ms
[2026-07-01T02:18:51.170+0000][2.086s][info][gc,phases   ] GC(9)   Other: 0.04ms
[2026-07-01T02:18:51.170+0000][2.086s][info][gc,heap     ] GC(9) Eden regions: 20->0(19)
[2026-07-01T02:18:51.170+0000][2.086s][info][gc,heap     ] GC(9) Survivor regions: 2->3(3)
[2026-07-01T02:18:51.170+0000][2.086s][info][gc,heap     ] GC(9) Old regions: 9->9
[2026-07-01T02:18:51.170+0000][2.086s][info][gc,heap     ] GC(9) Humongous regions: 0->0
[2026-07-01T02:18:51.170+0000][2.086s][info][gc,metaspace] GC(9) Metaspace: 22924K(23424K)->22924K(23424K) NonClass: 20041K(20288K)->20041K(20288K) Class: 2882K(3136K)->2882K(3136K)
[2026-07-01T02:18:51.170+0000][2.086s][info][gc          ] GC(9) Pause Young (Prepare Mixed) (G1 Evacuation Pause) 29M->10M(37M) 3.551ms
[2026-07-01T02:18:51.170+0000][2.086s][info][gc,cpu      ] GC(9) User=0.01s Sys=0.00s Real=0.01s
[2026-07-01T02:18:51.411+0000][2.327s][info][gc,start    ] GC(10) Pause Young (Mixed) (G1 Evacuation Pause)
[2026-07-01T02:18:51.411+0000][2.327s][info][gc,task     ] GC(10) Using 2 workers of 2 for evacuation
[2026-07-01T02:18:51.417+0000][2.332s][info][gc,phases   ] GC(10)   Pre Evacuate Collection Set: 0.08ms
[2026-07-01T02:18:51.417+0000][2.332s][info][gc,phases   ] GC(10)   Merge Heap Roots: 0.05ms
[2026-07-01T02:18:51.417+0000][2.332s][info][gc,phases   ] GC(10)   Evacuate Collection Set: 4.73ms
[2026-07-01T02:18:51.417+0000][2.332s][info][gc,phases   ] GC(10)   Post Evacuate Collection Set: 0.36ms
[2026-07-01T02:18:51.417+0000][2.332s][info][gc,phases   ] GC(10)   Other: 0.04ms
[2026-07-01T02:18:51.417+0000][2.332s][info][gc,heap     ] GC(10) Eden regions: 19->0(19)
[2026-07-01T02:18:51.417+0000][2.332s][info][gc,heap     ] GC(10) Survivor regions: 3->3(3)
[2026-07-01T02:18:51.417+0000][2.332s][info][gc,heap     ] GC(10) Old regions: 9->10
[2026-07-01T02:18:51.417+0000][2.332s][info][gc,heap     ] GC(10) Humongous regions: 0->0
[2026-07-01T02:18:51.417+0000][2.332s][info][gc,metaspace] GC(10) Metaspace: 26797K(27328K)->26797K(27328K) NonClass: 23407K(23680K)->23407K(23680K) Class: 3389K(3648K)->3389K(3648K)
[2026-07-01T02:18:51.417+0000][2.332s][info][gc          ] GC(10) Pause Young (Mixed) (G1 Evacuation Pause) 29M->12M(37M) 5.392ms
[2026-07-01T02:18:51.417+0000][2.332s][info][gc,cpu      ] GC(10) User=0.01s Sys=0.00s Real=0.00s
[2026-07-01T02:18:51.614+0000][2.530s][info][gc,start    ] GC(11) Pause Young (Normal) (G1 Evacuation Pause)
[2026-07-01T02:18:51.614+0000][2.530s][info][gc,task     ] GC(11) Using 2 workers of 2 for evacuation
[2026-07-01T02:18:51.619+0000][2.535s][info][gc,phases   ] GC(11)   Pre Evacuate Collection Set: 0.10ms
[2026-07-01T02:18:51.619+0000][2.535s][info][gc,phases   ] GC(11)   Merge Heap Roots: 0.05ms
[2026-07-01T02:18:51.619+0000][2.535s][info][gc,phases   ] GC(11)   Evacuate Collection Set: 4.26ms
[2026-07-01T02:18:51.619+0000][2.535s][info][gc,phases   ] GC(11)   Post Evacuate Collection Set: 0.44ms
[2026-07-01T02:18:51.619+0000][2.535s][info][gc,phases   ] GC(11)   Other: 0.04ms
[2026-07-01T02:18:51.619+0000][2.535s][info][gc,heap     ] GC(11) Eden regions: 19->0(24)
[2026-07-01T02:18:51.619+0000][2.535s][info][gc,heap     ] GC(11) Survivor regions: 3->2(3)
[2026-07-01T02:18:51.619+0000][2.535s][info][gc,heap     ] GC(11) Old regions: 10->13
[2026-07-01T02:18:51.619+0000][2.535s][info][gc,heap     ] GC(11) Humongous regions: 0->0
[2026-07-01T02:18:51.619+0000][2.535s][info][gc,metaspace] GC(11) Metaspace: 28926K(29504K)->28926K(29504K) NonClass: 25212K(25536K)->25212K(25536K) Class: 3714K(3968K)->3714K(3968K)
[2026-07-01T02:18:51.619+0000][2.535s][info][gc          ] GC(11) Pause Young (Normal) (G1 Evacuation Pause) 31M->13M(45M) 4.998ms
[2026-07-01T02:18:51.619+0000][2.535s][info][gc,cpu      ] GC(11) User=0.01s Sys=0.00s Real=0.01s
[2026-07-01T02:18:51.939+0000][2.855s][info][gc,start    ] GC(12) Pause Young (Normal) (G1 Evacuation Pause)
[2026-07-01T02:18:51.939+0000][2.855s][info][gc,task     ] GC(12) Using 2 workers of 2 for evacuation
[2026-07-01T02:18:51.945+0000][2.861s][info][gc,phases   ] GC(12)   Pre Evacuate Collection Set: 0.09ms
[2026-07-01T02:18:51.945+0000][2.861s][info][gc,phases   ] GC(12)   Merge Heap Roots: 0.06ms
[2026-07-01T02:18:51.945+0000][2.861s][info][gc,phases   ] GC(12)   Evacuate Collection Set: 5.15ms
[2026-07-01T02:18:51.945+0000][2.861s][info][gc,phases   ] GC(12)   Post Evacuate Collection Set: 0.47ms
[2026-07-01T02:18:51.945+0000][2.861s][info][gc,phases   ] GC(12)   Other: 0.05ms
[2026-07-01T02:18:51.945+0000][2.861s][info][gc,heap     ] GC(12) Eden regions: 24->0(22)
[2026-07-01T02:18:51.945+0000][2.861s][info][gc,heap     ] GC(12) Survivor regions: 2->4(4)
[2026-07-01T02:18:51.945+0000][2.861s][info][gc,heap     ] GC(12) Old regions: 13->13
[2026-07-01T02:18:51.945+0000][2.861s][info][gc,heap     ] GC(12) Humongous regions: 0->0
[2026-07-01T02:18:51.945+0000][2.861s][info][gc,metaspace] GC(12) Metaspace: 32384K(32960K)->32384K(32960K) NonClass: 28162K(28480K)->28162K(28480K) Class: 4222K(4480K)->4222K(4480K)
[2026-07-01T02:18:51.945+0000][2.861s][info][gc          ] GC(12) Pause Young (Normal) (G1 Evacuation Pause) 37M->15M(45M) 5.956ms
[2026-07-01T02:18:51.945+0000][2.861s][info][gc,cpu      ] GC(12) User=0.01s Sys=0.00s Real=0.00s
[2026-07-01T02:18:52.131+0000][3.046s][info][gc,start    ] GC(13) Pause Young (Concurrent Start) (Metadata GC Threshold)
[2026-07-01T02:18:52.131+0000][3.046s][info][gc,task     ] GC(13) Using 2 workers of 2 for evacuation
[2026-07-01T02:18:52.136+0000][3.052s][info][gc,phases   ] GC(13)   Pre Evacuate Collection Set: 0.09ms
[2026-07-01T02:18:52.136+0000][3.052s][info][gc,phases   ] GC(13)   Merge Heap Roots: 0.06ms
[2026-07-01T02:18:52.136+0000][3.052s][info][gc,phases   ] GC(13)   Evacuate Collection Set: 4.68ms
[2026-07-01T02:18:52.136+0000][3.052s][info][gc,phases   ] GC(13)   Post Evacuate Collection Set: 0.41ms
[2026-07-01T02:18:52.136+0000][3.052s][info][gc,phases   ] GC(13)   Other: 0.06ms
[2026-07-01T02:18:52.136+0000][3.052s][info][gc,heap     ] GC(13) Eden regions: 13->0(21)
[2026-07-01T02:18:52.136+0000][3.052s][info][gc,heap     ] GC(13) Survivor regions: 4->4(4)
[2026-07-01T02:18:52.136+0000][3.052s][info][gc,heap     ] GC(13) Old regions: 13->14
[2026-07-01T02:18:52.136+0000][3.052s][info][gc,heap     ] GC(13) Humongous regions: 0->0
[2026-07-01T02:18:52.136+0000][3.052s][info][gc,metaspace] GC(13) Metaspace: 35642K(36288K)->35642K(36288K) NonClass: 31008K(31360K)->31008K(31360K) Class: 4634K(4928K)->4634K(4928K)
[2026-07-01T02:18:52.136+0000][3.052s][info][gc          ] GC(13) Pause Young (Concurrent Start) (Metadata GC Threshold) 27M->16M(45M) 5.409ms
[2026-07-01T02:18:52.136+0000][3.052s][info][gc          ] GC(14) Concurrent Mark Cycle
[2026-07-01T02:18:52.136+0000][3.052s][info][gc,marking  ] GC(14) Concurrent Scan Root Regions
[2026-07-01T02:18:52.136+0000][3.052s][info][gc,cpu      ] GC(13) User=0.01s Sys=0.00s Real=0.00s
[2026-07-01T02:18:52.142+0000][3.057s][info][gc,marking  ] GC(14) Concurrent Scan Root Regions 5.638ms
[2026-07-01T02:18:52.142+0000][3.057s][info][gc,marking  ] GC(14) Concurrent Mark
[2026-07-01T02:18:52.142+0000][3.057s][info][gc,marking  ] GC(14) Concurrent Mark From Roots
[2026-07-01T02:18:52.142+0000][3.057s][info][gc,task     ] GC(14) Using 1 workers of 1 for marking
[2026-07-01T02:18:52.222+0000][3.138s][info][gc,marking  ] GC(14) Concurrent Mark From Roots 80.344ms
[2026-07-01T02:18:52.222+0000][3.138s][info][gc,marking  ] GC(14) Concurrent Preclean
[2026-07-01T02:18:52.222+0000][3.138s][info][gc,marking  ] GC(14) Concurrent Preclean 0.069ms
[2026-07-01T02:18:52.222+0000][3.138s][info][gc,start    ] GC(14) Pause Remark
[2026-07-01T02:18:52.227+0000][3.143s][info][gc          ] GC(14) Pause Remark 21M->21M(45M) 4.657ms
[2026-07-01T02:18:52.227+0000][3.143s][info][gc,cpu      ] GC(14) User=0.01s Sys=0.01s Real=0.00s
[2026-07-01T02:18:52.229+0000][3.145s][info][gc,marking  ] GC(14) Concurrent Mark 87.506ms
[2026-07-01T02:18:52.229+0000][3.145s][info][gc,marking  ] GC(14) Concurrent Rebuild Remembered Sets and Scrub Regions
[2026-07-01T02:18:52.241+0000][3.157s][info][gc,marking  ] GC(14) Concurrent Rebuild Remembered Sets and Scrub Regions 11.582ms
[2026-07-01T02:18:52.241+0000][3.157s][info][gc,start    ] GC(14) Pause Cleanup
[2026-07-01T02:18:52.241+0000][3.157s][info][gc          ] GC(14) Pause Cleanup 25M->25M(45M) 0.072ms
[2026-07-01T02:18:52.241+0000][3.157s][info][gc,cpu      ] GC(14) User=0.00s Sys=0.00s Real=0.00s
[2026-07-01T02:18:52.242+0000][3.158s][info][gc,marking  ] GC(14) Concurrent Clear Claimed Marks
[2026-07-01T02:18:52.242+0000][3.158s][info][gc,marking  ] GC(14) Concurrent Clear Claimed Marks 0.070ms
[2026-07-01T02:18:52.242+0000][3.158s][info][gc,marking  ] GC(14) Concurrent Cleanup for Next Mark
[2026-07-01T02:18:52.243+0000][3.158s][info][gc,marking  ] GC(14) Concurrent Cleanup for Next Mark 0.144ms
[2026-07-01T02:18:52.243+0000][3.158s][info][gc          ] GC(14) Concurrent Mark Cycle 106.596ms
[2026-07-01T02:18:52.317+0000][3.233s][info][gc,start    ] GC(15) Pause Young (Prepare Mixed) (G1 Evacuation Pause)
[2026-07-01T02:18:52.317+0000][3.233s][info][gc,task     ] GC(15) Using 2 workers of 2 for evacuation
[2026-07-01T02:18:52.333+0000][3.248s][info][gc,phases   ] GC(15)   Pre Evacuate Collection Set: 0.10ms
[2026-07-01T02:18:52.333+0000][3.248s][info][gc,phases   ] GC(15)   Merge Heap Roots: 0.07ms
[2026-07-01T02:18:52.333+0000][3.248s][info][gc,phases   ] GC(15)   Evacuate Collection Set: 14.60ms
[2026-07-01T02:18:52.333+0000][3.248s][info][gc,phases   ] GC(15)   Post Evacuate Collection Set: 0.52ms
[2026-07-01T02:18:52.333+0000][3.248s][info][gc,phases   ] GC(15)   Other: 0.05ms
[2026-07-01T02:18:52.333+0000][3.248s][info][gc,heap     ] GC(15) Eden regions: 21->0(12)
[2026-07-01T02:18:52.333+0000][3.248s][info][gc,heap     ] GC(15) Survivor regions: 4->4(4)
[2026-07-01T02:18:52.333+0000][3.248s][info][gc,heap     ] GC(15) Old regions: 14->24
[2026-07-01T02:18:52.333+0000][3.248s][info][gc,heap     ] GC(15) Humongous regions: 0->0
[2026-07-01T02:18:52.333+0000][3.248s][info][gc,metaspace] GC(15) Metaspace: 36773K(37504K)->36773K(37504K) NonClass: 31980K(32384K)->31980K(32384K) Class: 4792K(5120K)->4792K(5120K)
[2026-07-01T02:18:52.333+0000][3.248s][info][gc          ] GC(15) Pause Young (Prepare Mixed) (G1 Evacuation Pause) 37M->27M(53M) 15.479ms
[2026-07-01T02:18:52.333+0000][3.248s][info][gc,cpu      ] GC(15) User=0.04s Sys=0.01s Real=0.02s
[2026-07-01T02:18:52.361+0000][3.276s][info][gc,start    ] GC(16) Pause Young (Mixed) (G1 Evacuation Pause)
[2026-07-01T02:18:52.361+0000][3.276s][info][gc,task     ] GC(16) Using 2 workers of 2 for evacuation
[2026-07-01T02:18:52.411+0000][3.327s][info][gc,phases   ] GC(16)   Pre Evacuate Collection Set: 0.10ms
[2026-07-01T02:18:52.411+0000][3.327s][info][gc,phases   ] GC(16)   Merge Heap Roots: 0.12ms
[2026-07-01T02:18:52.411+0000][3.327s][info][gc,phases   ] GC(16)   Evacuate Collection Set: 50.00ms
[2026-07-01T02:18:52.411+0000][3.327s][info][gc,phases   ] GC(16)   Post Evacuate Collection Set: 0.44ms
[2026-07-01T02:18:52.411+0000][3.327s][info][gc,phases   ] GC(16)   Other: 0.05ms
[2026-07-01T02:18:52.411+0000][3.327s][info][gc,heap     ] GC(16) Eden regions: 12->0(7)
[2026-07-01T02:18:52.411+0000][3.327s][info][gc,heap     ] GC(16) Survivor regions: 4->2(2)
[2026-07-01T02:18:52.411+0000][3.327s][info][gc,heap     ] GC(16) Old regions: 24->34
[2026-07-01T02:18:52.411+0000][3.327s][info][gc,heap     ] GC(16) Humongous regions: 0->0
[2026-07-01T02:18:52.411+0000][3.327s][info][gc,metaspace] GC(16) Metaspace: 37141K(37888K)->37141K(37888K) NonClass: 32286K(32704K)->32286K(32704K) Class: 4854K(5184K)->4854K(5184K)
[2026-07-01T02:18:52.411+0000][3.327s][info][gc          ] GC(16) Pause Young (Mixed) (G1 Evacuation Pause) 39M->36M(53M) 50.850ms
[2026-07-01T02:18:52.411+0000][3.327s][info][gc,cpu      ] GC(16) User=0.05s Sys=0.00s Real=0.05s
[2026-07-01T02:18:52.416+0000][3.332s][info][gc,start    ] GC(17) Pause Young (Concurrent Start) (G1 Humongous Allocation)
[2026-07-01T02:18:52.416+0000][3.332s][info][gc,task     ] GC(17) Using 2 workers of 2 for evacuation
[2026-07-01T02:18:52.419+0000][3.335s][info][gc,phases   ] GC(17)   Pre Evacuate Collection Set: 0.10ms
[2026-07-01T02:18:52.419+0000][3.335s][info][gc,phases   ] GC(17)   Merge Heap Roots: 0.03ms
[2026-07-01T02:18:52.419+0000][3.335s][info][gc,phases   ] GC(17)   Evacuate Collection Set: 2.21ms
[2026-07-01T02:18:52.419+0000][3.335s][info][gc,phases   ] GC(17)   Post Evacuate Collection Set: 0.71ms
[2026-07-01T02:18:52.419+0000][3.335s][info][gc,phases   ] GC(17)   Other: 0.06ms
[2026-07-01T02:18:52.419+0000][3.335s][info][gc,heap     ] GC(17) Eden regions: 3->0(46)
[2026-07-01T02:18:52.419+0000][3.335s][info][gc,heap     ] GC(17) Survivor regions: 2->2(2)
[2026-07-01T02:18:52.419+0000][3.335s][info][gc,heap     ] GC(17) Old regions: 34->37
[2026-07-01T02:18:52.419+0000][3.335s][info][gc,heap     ] GC(17) Humongous regions: 0->0
[2026-07-01T02:18:52.419+0000][3.335s][info][gc,metaspace] GC(17) Metaspace: 37179K(37952K)->37179K(37952K) NonClass: 32318K(32768K)->32318K(32768K) Class: 4861K(5184K)->4861K(5184K)
[2026-07-01T02:18:52.419+0000][3.335s][info][gc          ] GC(17) Pause Young (Concurrent Start) (G1 Humongous Allocation) 38M->38M(135M) 3.239ms
[2026-07-01T02:18:52.419+0000][3.335s][info][gc,cpu      ] GC(17) User=0.01s Sys=0.00s Real=0.01s
[2026-07-01T02:18:52.419+0000][3.335s][info][gc          ] GC(18) Concurrent Undo Cycle
[2026-07-01T02:18:52.419+0000][3.335s][info][gc,marking  ] GC(18) Concurrent Clear Claimed Marks
[2026-07-01T02:18:52.420+0000][3.335s][info][gc,marking  ] GC(18) Concurrent Clear Claimed Marks 0.057ms
[2026-07-01T02:18:52.420+0000][3.335s][info][gc,marking  ] GC(18) Concurrent Cleanup for Next Mark
[2026-07-01T02:18:52.420+0000][3.335s][info][gc,marking  ] GC(18) Concurrent Cleanup for Next Mark 0.074ms
[2026-07-01T02:18:52.420+0000][3.335s][info][gc          ] GC(18) Concurrent Undo Cycle 0.166ms
[2026-07-01T02:18:52.527+0000][3.443s][info][gc,start    ] GC(19) Pause Young (Normal) (G1 Evacuation Pause)
[2026-07-01T02:18:52.527+0000][3.443s][info][gc,task     ] GC(19) Using 2 workers of 2 for evacuation
[2026-07-01T02:18:52.551+0000][3.467s][info][gc,phases   ] GC(19)   Pre Evacuate Collection Set: 0.10ms
[2026-07-01T02:18:52.551+0000][3.467s][info][gc,phases   ] GC(19)   Merge Heap Roots: 0.06ms
[2026-07-01T02:18:52.551+0000][3.467s][info][gc,phases   ] GC(19)   Evacuate Collection Set: 23.29ms
[2026-07-01T02:18:52.551+0000][3.467s][info][gc,phases   ] GC(19)   Post Evacuate Collection Set: 0.40ms
[2026-07-01T02:18:52.551+0000][3.467s][info][gc,phases   ] GC(19)   Other: 0.06ms
[2026-07-01T02:18:52.551+0000][3.467s][info][gc,heap     ] GC(19) Eden regions: 46->0(23)
[2026-07-01T02:18:52.551+0000][3.467s][info][gc,heap     ] GC(19) Survivor regions: 2->6(6)
[2026-07-01T02:18:52.551+0000][3.467s][info][gc,heap     ] GC(19) Old regions: 37->67
[2026-07-01T02:18:52.551+0000][3.467s][info][gc,heap     ] GC(19) Humongous regions: 3->3
[2026-07-01T02:18:52.551+0000][3.467s][info][gc,metaspace] GC(19) Metaspace: 38152K(38976K)->38152K(38976K) NonClass: 33155K(33600K)->33155K(33600K) Class: 4996K(5376K)->4996K(5376K)
[2026-07-01T02:18:52.551+0000][3.467s][info][gc          ] GC(19) Pause Young (Normal) (G1 Evacuation Pause) 87M->76M(135M) 24.038ms
[2026-07-01T02:18:52.552+0000][3.467s][info][gc,cpu      ] GC(19) User=0.04s Sys=0.01s Real=0.03s
[2026-07-01T02:18:52.566+0000][3.482s][info][gc,start    ] GC(20) Pause Young (Concurrent Start) (G1 Evacuation Pause)
[2026-07-01T02:18:52.566+0000][3.482s][info][gc,task     ] GC(20) Using 2 workers of 2 for evacuation
[2026-07-01T02:18:52.582+0000][3.498s][info][gc,phases   ] GC(20)   Pre Evacuate Collection Set: 0.13ms
[2026-07-01T02:18:52.582+0000][3.498s][info][gc,phases   ] GC(20)   Merge Heap Roots: 0.05ms
[2026-07-01T02:18:52.582+0000][3.498s][info][gc,phases   ] GC(20)   Evacuate Collection Set: 15.32ms
[2026-07-01T02:18:52.582+0000][3.498s][info][gc,phases   ] GC(20)   Post Evacuate Collection Set: 0.36ms
[2026-07-01T02:18:52.582+0000][3.498s][info][gc,phases   ] GC(20)   Other: 0.08ms
[2026-07-01T02:18:52.582+0000][3.498s][info][gc,heap     ] GC(20) Eden regions: 23->0(14)
[2026-07-01T02:18:52.582+0000][3.498s][info][gc,heap     ] GC(20) Survivor regions: 6->4(4)
[2026-07-01T02:18:52.582+0000][3.498s][info][gc,heap     ] GC(20) Old regions: 67->88
[2026-07-01T02:18:52.582+0000][3.498s][info][gc,heap     ] GC(20) Humongous regions: 3->3
[2026-07-01T02:18:52.582+0000][3.498s][info][gc,metaspace] GC(20) Metaspace: 38159K(38976K)->38159K(38976K) NonClass: 33162K(33600K)->33162K(33600K) Class: 4996K(5376K)->4996K(5376K)
[2026-07-01T02:18:52.582+0000][3.498s][info][gc          ] GC(20) Pause Young (Concurrent Start) (G1 Evacuation Pause) 99M->95M(135M) 16.071ms
[2026-07-01T02:18:52.582+0000][3.498s][info][gc,cpu      ] GC(20) User=0.03s Sys=0.00s Real=0.02s
[2026-07-01T02:18:52.582+0000][3.498s][info][gc          ] GC(21) Concurrent Mark Cycle
[2026-07-01T02:18:52.582+0000][3.498s][info][gc,marking  ] GC(21) Concurrent Scan Root Regions
[2026-07-01T02:18:52.611+0000][3.527s][info][gc,marking  ] GC(21) Concurrent Scan Root Regions 28.655ms
[2026-07-01T02:18:52.611+0000][3.527s][info][gc,marking  ] GC(21) Concurrent Mark
[2026-07-01T02:18:52.611+0000][3.527s][info][gc,marking  ] GC(21) Concurrent Mark From Roots
[2026-07-01T02:18:52.611+0000][3.527s][info][gc,task     ] GC(21) Using 1 workers of 1 for marking
[2026-07-01T02:18:52.637+0000][3.553s][info][gc,start    ] GC(22) Pause Young (Normal) (G1 Evacuation Pause)
[2026-07-01T02:18:52.637+0000][3.553s][info][gc,task     ] GC(22) Using 2 workers of 2 for evacuation
[2026-07-01T02:18:52.648+0000][3.563s][info][gc,phases   ] GC(22)   Pre Evacuate Collection Set: 0.09ms
[2026-07-01T02:18:52.648+0000][3.563s][info][gc,phases   ] GC(22)   Merge Heap Roots: 0.06ms
[2026-07-01T02:18:52.648+0000][3.563s][info][gc,phases   ] GC(22)   Evacuate Collection Set: 10.43ms
[2026-07-01T02:18:52.648+0000][3.563s][info][gc,phases   ] GC(22)   Post Evacuate Collection Set: 0.25ms
[2026-07-01T02:18:52.648+0000][3.563s][info][gc,phases   ] GC(22)   Other: 0.04ms
[2026-07-01T02:18:52.648+0000][3.564s][info][gc,heap     ] GC(22) Eden regions: 14->0(8)
[2026-07-01T02:18:52.648+0000][3.564s][info][gc,heap     ] GC(22) Survivor regions: 4->3(3)
[2026-07-01T02:18:52.648+0000][3.564s][info][gc,heap     ] GC(22) Old regions: 88->101
[2026-07-01T02:18:52.648+0000][3.564s][info][gc,heap     ] GC(22) Humongous regions: 6->6
[2026-07-01T02:18:52.648+0000][3.564s][info][gc,metaspace] GC(22) Metaspace: 38161K(38976K)->38161K(38976K) NonClass: 33164K(33600K)->33164K(33600K) Class: 4996K(5376K)->4996K(5376K)
[2026-07-01T02:18:52.648+0000][3.564s][info][gc          ] GC(22) Pause Young (Normal) (G1 Evacuation Pause) 112M->109M(135M) 11.006ms
[2026-07-01T02:18:52.648+0000][3.564s][info][gc,cpu      ] GC(22) User=0.02s Sys=0.00s Real=0.01s
[2026-07-01T02:18:52.656+0000][3.572s][info][gc,start    ] GC(23) Pause Young (Normal) (G1 Evacuation Pause)
[2026-07-01T02:18:52.656+0000][3.572s][info][gc,task     ] GC(23) Using 2 workers of 2 for evacuation
[2026-07-01T02:18:52.666+0000][3.582s][info][gc,phases   ] GC(23)   Pre Evacuate Collection Set: 0.08ms
[2026-07-01T02:18:52.666+0000][3.582s][info][gc,phases   ] GC(23)   Merge Heap Roots: 0.04ms
[2026-07-01T02:18:52.666+0000][3.582s][info][gc,phases   ] GC(23)   Evacuate Collection Set: 8.87ms
[2026-07-01T02:18:52.666+0000][3.582s][info][gc,phases   ] GC(23)   Post Evacuate Collection Set: 1.02ms
[2026-07-01T02:18:52.666+0000][3.582s][info][gc,phases   ] GC(23)   Other: 0.04ms
[2026-07-01T02:18:52.666+0000][3.582s][info][gc,heap     ] GC(23) Eden regions: 8->0(56)
[2026-07-01T02:18:52.666+0000][3.582s][info][gc,heap     ] GC(23) Survivor regions: 3->2(2)
[2026-07-01T02:18:52.666+0000][3.582s][info][gc,heap     ] GC(23) Old regions: 101->109
[2026-07-01T02:18:52.666+0000][3.582s][info][gc,heap     ] GC(23) Humongous regions: 6->6
[2026-07-01T02:18:52.666+0000][3.582s][info][gc,metaspace] GC(23) Metaspace: 38169K(38976K)->38169K(38976K) NonClass: 33172K(33600K)->33172K(33600K) Class: 4996K(5376K)->4996K(5376K)
[2026-07-01T02:18:52.666+0000][3.582s][info][gc          ] GC(23) Pause Young (Normal) (G1 Evacuation Pause) 117M->116M(286M) 10.169ms
[2026-07-01T02:18:52.666+0000][3.582s][info][gc,cpu      ] GC(23) User=0.02s Sys=0.00s Real=0.01s
[2026-07-01T02:18:52.772+0000][3.688s][info][gc,marking  ] GC(21) Concurrent Mark From Roots 161.243ms
[2026-07-01T02:18:52.772+0000][3.688s][info][gc,marking  ] GC(21) Concurrent Preclean
[2026-07-01T02:18:52.773+0000][3.688s][info][gc,marking  ] GC(21) Concurrent Preclean 0.040ms
[2026-07-01T02:18:52.773+0000][3.688s][info][gc,start    ] GC(21) Pause Remark
[2026-07-01T02:18:52.777+0000][3.693s][info][gc          ] GC(21) Pause Remark 157M->157M(286M) 4.378ms
[2026-07-01T02:18:52.777+0000][3.693s][info][gc,cpu      ] GC(21) User=0.01s Sys=0.00s Real=0.00s
[2026-07-01T02:18:52.777+0000][3.693s][info][gc,marking  ] GC(21) Concurrent Mark 165.849ms
[2026-07-01T02:18:52.777+0000][3.693s][info][gc,marking  ] GC(21) Concurrent Rebuild Remembered Sets and Scrub Regions
[2026-07-01T02:18:52.856+0000][3.772s][info][gc,marking  ] GC(21) Concurrent Rebuild Remembered Sets and Scrub Regions 78.699ms
[2026-07-01T02:18:52.856+0000][3.772s][info][gc,start    ] GC(21) Pause Cleanup
[2026-07-01T02:18:52.856+0000][3.772s][info][gc          ] GC(21) Pause Cleanup 157M->157M(286M) 0.170ms
[2026-07-01T02:18:52.856+0000][3.772s][info][gc,cpu      ] GC(21) User=0.00s Sys=0.00s Real=0.00s
[2026-07-01T02:18:52.856+0000][3.772s][info][gc,marking  ] GC(21) Concurrent Clear Claimed Marks
[2026-07-01T02:18:52.856+0000][3.772s][info][gc,marking  ] GC(21) Concurrent Clear Claimed Marks 0.077ms
[2026-07-01T02:18:52.856+0000][3.772s][info][gc,marking  ] GC(21) Concurrent Cleanup for Next Mark
[2026-07-01T02:18:52.857+0000][3.773s][info][gc,marking  ] GC(21) Concurrent Cleanup for Next Mark 1.242ms
[2026-07-01T02:18:52.857+0000][3.773s][info][gc          ] GC(21) Concurrent Mark Cycle 275.003ms
[2026-07-01T02:18:53.634+0000][4.549s][info][gc,start    ] GC(24) Pause Young (Prepare Mixed) (G1 Evacuation Pause)
[2026-07-01T02:18:53.634+0000][4.549s][info][gc,task     ] GC(24) Using 2 workers of 2 for evacuation
[2026-07-01T02:18:53.657+0000][4.573s][info][gc,phases   ] GC(24)   Pre Evacuate Collection Set: 0.12ms
[2026-07-01T02:18:53.657+0000][4.573s][info][gc,phases   ] GC(24)   Merge Heap Roots: 0.05ms
[2026-07-01T02:18:53.657+0000][4.573s][info][gc,phases   ] GC(24)   Evacuate Collection Set: 23.18ms
[2026-07-01T02:18:53.657+0000][4.573s][info][gc,phases   ] GC(24)   Post Evacuate Collection Set: 0.37ms
[2026-07-01T02:18:53.657+0000][4.573s][info][gc,phases   ] GC(24)   Other: 0.05ms
[2026-07-01T02:18:53.658+0000][4.573s][info][gc,heap     ] GC(24) Eden regions: 56->0(44)
[2026-07-01T02:18:53.658+0000][4.573s][info][gc,heap     ] GC(24) Survivor regions: 2->8(8)
[2026-07-01T02:18:53.658+0000][4.573s][info][gc,heap     ] GC(24) Old regions: 109->142
[2026-07-01T02:18:53.658+0000][4.573s][info][gc,heap     ] GC(24) Humongous regions: 6->6
[2026-07-01T02:18:53.658+0000][4.573s][info][gc,metaspace] GC(24) Metaspace: 38607K(39424K)->38607K(39424K) NonClass: 33559K(33984K)->33559K(33984K) Class: 5048K(5440K)->5048K(5440K)
[2026-07-01T02:18:53.658+0000][4.573s][info][gc          ] GC(24) Pause Young (Prepare Mixed) (G1 Evacuation Pause) 172M->155M(286M) 23.918ms
[2026-07-01T02:18:53.658+0000][4.573s][info][gc,cpu      ] GC(24) User=0.04s Sys=0.00s Real=0.02s
[2026-07-01T02:18:54.863+0000][5.779s][info][gc,start    ] GC(25) Pause Young (Mixed) (G1 Evacuation Pause)
[2026-07-01T02:18:54.863+0000][5.779s][info][gc,task     ] GC(25) Using 2 workers of 2 for evacuation
[2026-07-01T02:18:54.871+0000][5.787s][info][gc,phases   ] GC(25)   Pre Evacuate Collection Set: 0.14ms
[2026-07-01T02:18:54.872+0000][5.787s][info][gc,phases   ] GC(25)   Merge Heap Roots: 0.07ms
[2026-07-01T02:18:54.872+0000][5.787s][info][gc,phases   ] GC(25)   Evacuate Collection Set: 7.39ms
[2026-07-01T02:18:54.872+0000][5.787s][info][gc,phases   ] GC(25)   Post Evacuate Collection Set: 0.35ms
[2026-07-01T02:18:54.872+0000][5.787s][info][gc,phases   ] GC(25)   Other: 0.05ms
[2026-07-01T02:18:54.872+0000][5.787s][info][gc,heap     ] GC(25) Eden regions: 44->0(47)
[2026-07-01T02:18:54.872+0000][5.787s][info][gc,heap     ] GC(25) Survivor regions: 8->7(7)
[2026-07-01T02:18:54.872+0000][5.787s][info][gc,heap     ] GC(25) Old regions: 142->149
[2026-07-01T02:18:54.872+0000][5.787s][info][gc,heap     ] GC(25) Humongous regions: 6->6
[2026-07-01T02:18:54.872+0000][5.787s][info][gc,metaspace] GC(25) Metaspace: 39673K(40512K)->39673K(40512K) NonClass: 34534K(35008K)->34534K(35008K) Class: 5138K(5504K)->5138K(5504K)
[2026-07-01T02:18:54.872+0000][5.787s][info][gc          ] GC(25) Pause Young (Mixed) (G1 Evacuation Pause) 199M->162M(286M) 8.125ms
[2026-07-01T02:18:54.872+0000][5.787s][info][gc,cpu      ] GC(25) User=0.01s Sys=0.00s Real=0.01s
[2026-07-01T02:18:56.311+0000][7.227s][info][gc,start    ] GC(26) Pause Young (Concurrent Start) (G1 Evacuation Pause)
[2026-07-01T02:18:56.311+0000][7.227s][info][gc,task     ] GC(26) Using 2 workers of 2 for evacuation
[2026-07-01T02:18:56.316+0000][7.232s][info][gc,phases   ] GC(26)   Pre Evacuate Collection Set: 0.16ms
[2026-07-01T02:18:56.316+0000][7.232s][info][gc,phases   ] GC(26)   Merge Heap Roots: 0.10ms
[2026-07-01T02:18:56.316+0000][7.232s][info][gc,phases   ] GC(26)   Evacuate Collection Set: 4.16ms
[2026-07-01T02:18:56.316+0000][7.232s][info][gc,phases   ] GC(26)   Post Evacuate Collection Set: 0.37ms
[2026-07-01T02:18:56.316+0000][7.232s][info][gc,phases   ] GC(26)   Other: 0.08ms
[2026-07-01T02:18:56.316+0000][7.232s][info][gc,heap     ] GC(26) Eden regions: 47->0(52)
[2026-07-01T02:18:56.316+0000][7.232s][info][gc,heap     ] GC(26) Survivor regions: 7->1(7)
[2026-07-01T02:18:56.316+0000][7.232s][info][gc,heap     ] GC(26) Old regions: 149->156
[2026-07-01T02:18:56.316+0000][7.232s][info][gc,heap     ] GC(26) Humongous regions: 6->6
[2026-07-01T02:18:56.316+0000][7.232s][info][gc,metaspace] GC(26) Metaspace: 40454K(41280K)->40454K(41280K) NonClass: 35315K(35776K)->35315K(35776K) Class: 5139K(5504K)->5139K(5504K)
[2026-07-01T02:18:56.316+0000][7.232s][info][gc          ] GC(26) Pause Young (Concurrent Start) (G1 Evacuation Pause) 209M->163M(286M) 4.994ms
[2026-07-01T02:18:56.316+0000][7.232s][info][gc          ] GC(27) Concurrent Mark Cycle
[2026-07-01T02:18:56.316+0000][7.232s][info][gc,marking  ] GC(27) Concurrent Scan Root Regions
[2026-07-01T02:18:56.316+0000][7.232s][info][gc,cpu      ] GC(26) User=0.01s Sys=0.00s Real=0.00s
[2026-07-01T02:18:56.343+0000][7.258s][info][gc,marking  ] GC(27) Concurrent Scan Root Regions 26.333ms
[2026-07-01T02:18:56.343+0000][7.258s][info][gc,marking  ] GC(27) Concurrent Mark
[2026-07-01T02:18:56.343+0000][7.258s][info][gc,marking  ] GC(27) Concurrent Mark From Roots
[2026-07-01T02:18:56.343+0000][7.258s][info][gc,task     ] GC(27) Using 1 workers of 1 for marking
[2026-07-01T02:18:57.847+0000][8.763s][info][gc,start    ] GC(28) Pause Young (Normal) (G1 Evacuation Pause)
[2026-07-01T02:18:57.847+0000][8.763s][info][gc,task     ] GC(28) Using 2 workers of 2 for evacuation
[2026-07-01T02:18:57.850+0000][8.766s][info][gc,phases   ] GC(28)   Pre Evacuate Collection Set: 0.13ms
[2026-07-01T02:18:57.850+0000][8.766s][info][gc,phases   ] GC(28)   Merge Heap Roots: 0.11ms
[2026-07-01T02:18:57.850+0000][8.766s][info][gc,phases   ] GC(28)   Evacuate Collection Set: 2.62ms
[2026-07-01T02:18:57.850+0000][8.766s][info][gc,phases   ] GC(28)   Post Evacuate Collection Set: 0.35ms
[2026-07-01T02:18:57.850+0000][8.766s][info][gc,phases   ] GC(28)   Other: 0.06ms
[2026-07-01T02:18:57.850+0000][8.766s][info][gc,heap     ] GC(28) Eden regions: 52->0(57)
[2026-07-01T02:18:57.850+0000][8.766s][info][gc,heap     ] GC(28) Survivor regions: 1->1(7)
[2026-07-01T02:18:57.850+0000][8.766s][info][gc,heap     ] GC(28) Old regions: 156->156
[2026-07-01T02:18:57.850+0000][8.766s][info][gc,heap     ] GC(28) Humongous regions: 6->6
[2026-07-01T02:18:57.850+0000][8.766s][info][gc,metaspace] GC(28) Metaspace: 40716K(41536K)->40716K(41536K) NonClass: 35576K(36032K)->35576K(36032K) Class: 5140K(5504K)->5140K(5504K)
[2026-07-01T02:18:57.850+0000][8.766s][info][gc          ] GC(28) Pause Young (Normal) (G1 Evacuation Pause) 215M->162M(286M) 3.378ms
[2026-07-01T02:18:57.850+0000][8.766s][info][gc,cpu      ] GC(28) User=0.01s Sys=0.00s Real=0.01s
[2026-07-01T02:18:59.115+0000][10.030s][info][gc,marking  ] GC(27) Concurrent Mark From Roots 2771.800ms
[2026-07-01T02:18:59.115+0000][10.030s][info][gc,marking  ] GC(27) Concurrent Preclean
[2026-07-01T02:18:59.115+0000][10.030s][info][gc,marking  ] GC(27) Concurrent Preclean 0.056ms
[2026-07-01T02:18:59.115+0000][10.031s][info][gc,start    ] GC(27) Pause Remark
[2026-07-01T02:18:59.124+0000][10.040s][info][gc          ] GC(27) Pause Remark 210M->207M(286M) 8.730ms
[2026-07-01T02:18:59.124+0000][10.040s][info][gc,cpu      ] GC(27) User=0.02s Sys=0.00s Real=0.01s
[2026-07-01T02:18:59.133+0000][10.049s][info][gc,marking  ] GC(27) Concurrent Mark 2790.672ms
[2026-07-01T02:18:59.133+0000][10.049s][info][gc,marking  ] GC(27) Concurrent Rebuild Remembered Sets and Scrub Regions
[2026-07-01T02:18:59.344+0000][10.259s][info][gc,start    ] GC(29) Pause Young (Normal) (G1 Evacuation Pause)
[2026-07-01T02:18:59.344+0000][10.259s][info][gc,task     ] GC(29) Using 2 workers of 2 for evacuation
[2026-07-01T02:18:59.348+0000][10.264s][info][gc,phases   ] GC(29)   Pre Evacuate Collection Set: 0.12ms
[2026-07-01T02:18:59.348+0000][10.264s][info][gc,phases   ] GC(29)   Merge Heap Roots: 0.12ms
[2026-07-01T02:18:59.348+0000][10.264s][info][gc,phases   ] GC(29)   Evacuate Collection Set: 3.88ms
[2026-07-01T02:18:59.348+0000][10.264s][info][gc,phases   ] GC(29)   Post Evacuate Collection Set: 0.42ms
[2026-07-01T02:18:59.348+0000][10.264s][info][gc,phases   ] GC(29)   Other: 0.06ms
[2026-07-01T02:18:59.348+0000][10.264s][info][gc,heap     ] GC(29) Eden regions: 57->0(79)
[2026-07-01T02:18:59.348+0000][10.264s][info][gc,heap     ] GC(29) Survivor regions: 1->1(8)
[2026-07-01T02:18:59.348+0000][10.264s][info][gc,heap     ] GC(29) Old regions: 156->156
[2026-07-01T02:18:59.348+0000][10.264s][info][gc,heap     ] GC(29) Humongous regions: 3->3
[2026-07-01T02:18:59.348+0000][10.264s][info][gc,metaspace] GC(29) Metaspace: 41050K(41856K)->41050K(41856K) NonClass: 35908K(36352K)->35908K(36352K) Class: 5142K(5504K)->5142K(5504K)
[2026-07-01T02:18:59.348+0000][10.264s][info][gc          ] GC(29) Pause Young (Normal) (G1 Evacuation Pause) 216M->159M(286M) 4.769ms
[2026-07-01T02:18:59.348+0000][10.264s][info][gc,cpu      ] GC(29) User=0.01s Sys=0.00s Real=0.01s
[2026-07-01T02:18:59.789+0000][10.705s][info][gc,marking  ] GC(27) Concurrent Rebuild Remembered Sets and Scrub Regions 655.440ms
[2026-07-01T02:18:59.817+0000][10.733s][info][gc,start    ] GC(27) Pause Cleanup
[2026-07-01T02:18:59.817+0000][10.733s][info][gc          ] GC(27) Pause Cleanup 180M->180M(286M) 0.278ms
[2026-07-01T02:18:59.817+0000][10.733s][info][gc,cpu      ] GC(27) User=0.00s Sys=0.00s Real=0.00s
[2026-07-01T02:18:59.819+0000][10.735s][info][gc,marking  ] GC(27) Concurrent Clear Claimed Marks
[2026-07-01T02:18:59.819+0000][10.735s][info][gc,marking  ] GC(27) Concurrent Clear Claimed Marks 0.115ms
[2026-07-01T02:18:59.819+0000][10.735s][info][gc,marking  ] GC(27) Concurrent Cleanup for Next Mark
[2026-07-01T02:18:59.820+0000][10.736s][info][gc,marking  ] GC(27) Concurrent Cleanup for Next Mark 0.557ms
[2026-07-01T02:18:59.820+0000][10.736s][info][gc          ] GC(27) Concurrent Mark Cycle 3503.503ms
[2026-07-01T02:19:00.787+0000][11.703s][info][gc,start    ] GC(30) Pause Young (Prepare Mixed) (G1 Evacuation Pause)
[2026-07-01T02:19:00.787+0000][11.703s][info][gc,task     ] GC(30) Using 2 workers of 2 for evacuation
[2026-07-01T02:19:00.799+0000][11.715s][info][gc,phases   ] GC(30)   Pre Evacuate Collection Set: 0.19ms
[2026-07-01T02:19:00.799+0000][11.715s][info][gc,phases   ] GC(30)   Merge Heap Roots: 0.26ms
[2026-07-01T02:19:00.799+0000][11.715s][info][gc,phases   ] GC(30)   Evacuate Collection Set: 10.33ms
[2026-07-01T02:19:00.799+0000][11.715s][info][gc,phases   ] GC(30)   Post Evacuate Collection Set: 1.58ms
[2026-07-01T02:19:00.799+0000][11.715s][info][gc,phases   ] GC(30)   Other: 0.07ms
[2026-07-01T02:19:00.799+0000][11.715s][info][gc,heap     ] GC(30) Eden regions: 79->0(85)
[2026-07-01T02:19:00.799+0000][11.715s][info][gc,heap     ] GC(30) Survivor regions: 1->3(10)
[2026-07-01T02:19:00.799+0000][11.715s][info][gc,heap     ] GC(30) Old regions: 156->156
[2026-07-01T02:19:00.799+0000][11.715s][info][gc,heap     ] GC(30) Humongous regions: 3->3
[2026-07-01T02:19:00.799+0000][11.715s][info][gc,metaspace] GC(30) Metaspace: 41247K(42048K)->41247K(42048K) NonClass: 36105K(36544K)->36105K(36544K) Class: 5142K(5504K)->5142K(5504K)
[2026-07-01T02:19:00.799+0000][11.715s][info][gc          ] GC(30) Pause Young (Prepare Mixed) (G1 Evacuation Pause) 238M->161M(286M) 12.636ms
[2026-07-01T02:19:00.799+0000][11.715s][info][gc,cpu      ] GC(30) User=0.02s Sys=0.00s Real=0.02s
[2026-07-01T02:19:01.944+0000][12.859s][info][gc,start    ] GC(31) Pause Young (Mixed) (G1 Evacuation Pause)
[2026-07-01T02:19:01.944+0000][12.859s][info][gc,task     ] GC(31) Using 2 workers of 2 for evacuation
[2026-07-01T02:19:01.951+0000][12.867s][info][gc,phases   ] GC(31)   Pre Evacuate Collection Set: 0.22ms
[2026-07-01T02:19:01.951+0000][12.867s][info][gc,phases   ] GC(31)   Merge Heap Roots: 0.11ms
[2026-07-01T02:19:01.951+0000][12.867s][info][gc,phases   ] GC(31)   Evacuate Collection Set: 6.62ms
[2026-07-01T02:19:01.951+0000][12.867s][info][gc,phases   ] GC(31)   Post Evacuate Collection Set: 0.48ms
[2026-07-01T02:19:01.951+0000][12.867s][info][gc,phases   ] GC(31)   Other: 0.05ms
[2026-07-01T02:19:01.951+0000][12.867s][info][gc,heap     ] GC(31) Eden regions: 85->0(93)
[2026-07-01T02:19:01.951+0000][12.867s][info][gc,heap     ] GC(31) Survivor regions: 3->4(11)
[2026-07-01T02:19:01.951+0000][12.867s][info][gc,heap     ] GC(31) Old regions: 156->155
[2026-07-01T02:19:01.951+0000][12.867s][info][gc,heap     ] GC(31) Humongous regions: 3->3
[2026-07-01T02:19:01.951+0000][12.867s][info][gc,metaspace] GC(31) Metaspace: 41496K(42304K)->41496K(42304K) NonClass: 36352K(36800K)->36352K(36800K) Class: 5144K(5504K)->5144K(5504K)
[2026-07-01T02:19:01.951+0000][12.867s][info][gc          ] GC(31) Pause Young (Mixed) (G1 Evacuation Pause) 246M->160M(286M) 7.639ms
[2026-07-01T02:19:01.951+0000][12.867s][info][gc,cpu      ] GC(31) User=0.01s Sys=0.00s Real=0.01s
[2026-07-01T02:19:02.864+0000][13.779s][info][gc,start    ] GC(32) Pause Young (Concurrent Start) (G1 Evacuation Pause)
[2026-07-01T02:19:02.864+0000][13.780s][info][gc,task     ] GC(32) Using 2 workers of 2 for evacuation
[2026-07-01T02:19:02.878+0000][13.794s][info][gc,phases   ] GC(32)   Pre Evacuate Collection Set: 0.19ms
[2026-07-01T02:19:02.878+0000][13.794s][info][gc,phases   ] GC(32)   Merge Heap Roots: 0.18ms
[2026-07-01T02:19:02.878+0000][13.794s][info][gc,phases   ] GC(32)   Evacuate Collection Set: 12.72ms
[2026-07-01T02:19:02.878+0000][13.794s][info][gc,phases   ] GC(32)   Post Evacuate Collection Set: 0.91ms
[2026-07-01T02:19:02.878+0000][13.794s][info][gc,phases   ] GC(32)   Other: 0.09ms
[2026-07-01T02:19:02.878+0000][13.794s][info][gc,heap     ] GC(32) Eden regions: 93->0(99)
[2026-07-01T02:19:02.878+0000][13.794s][info][gc,heap     ] GC(32) Survivor regions: 4->4(13)
[2026-07-01T02:19:02.878+0000][13.794s][info][gc,heap     ] GC(32) Old regions: 155->155
[2026-07-01T02:19:02.878+0000][13.794s][info][gc,heap     ] GC(32) Humongous regions: 3->3
[2026-07-01T02:19:02.878+0000][13.794s][info][gc,metaspace] GC(32) Metaspace: 41527K(42304K)->41527K(42304K) NonClass: 36383K(36800K)->36383K(36800K) Class: 5144K(5504K)->5144K(5504K)
[2026-07-01T02:19:02.878+0000][13.794s][info][gc          ] GC(32) Pause Young (Concurrent Start) (G1 Evacuation Pause) 253M->161M(286M) 14.265ms
[2026-07-01T02:19:02.878+0000][13.794s][info][gc          ] GC(33) Concurrent Mark Cycle
[2026-07-01T02:19:02.878+0000][13.794s][info][gc,marking  ] GC(33) Concurrent Scan Root Regions
[2026-07-01T02:19:02.878+0000][13.794s][info][gc,cpu      ] GC(32) User=0.02s Sys=0.00s Real=0.02s
[2026-07-01T02:19:02.893+0000][13.808s][info][gc,marking  ] GC(33) Concurrent Scan Root Regions 14.476ms
[2026-07-01T02:19:02.893+0000][13.808s][info][gc,marking  ] GC(33) Concurrent Mark
[2026-07-01T02:19:02.893+0000][13.808s][info][gc,marking  ] GC(33) Concurrent Mark From Roots
[2026-07-01T02:19:02.893+0000][13.808s][info][gc,task     ] GC(33) Using 1 workers of 1 for marking
[2026-07-01T02:19:03.652+0000][14.568s][info][gc,marking  ] GC(33) Concurrent Mark From Roots 759.558ms
[2026-07-01T02:19:03.652+0000][14.568s][info][gc,marking  ] GC(33) Concurrent Preclean
[2026-07-01T02:19:03.653+0000][14.569s][info][gc,marking  ] GC(33) Concurrent Preclean 0.446ms
[2026-07-01T02:19:03.658+0000][14.574s][info][gc,start    ] GC(33) Pause Remark
[2026-07-01T02:19:03.669+0000][14.585s][info][gc          ] GC(33) Pause Remark 224M->224M(286M) 11.342ms
[2026-07-01T02:19:03.669+0000][14.585s][info][gc,cpu      ] GC(33) User=0.03s Sys=0.00s Real=0.02s
[2026-07-01T02:19:03.676+0000][14.592s][info][gc,marking  ] GC(33) Concurrent Mark 783.669ms
[2026-07-01T02:19:03.676+0000][14.592s][info][gc,marking  ] GC(33) Concurrent Rebuild Remembered Sets and Scrub Regions
[2026-07-01T02:19:04.060+0000][14.976s][info][gc,start    ] GC(34) Pause Young (Normal) (G1 Evacuation Pause)
[2026-07-01T02:19:04.060+0000][14.976s][info][gc,task     ] GC(34) Using 2 workers of 2 for evacuation
[2026-07-01T02:19:04.070+0000][14.985s][info][gc,phases   ] GC(34)   Pre Evacuate Collection Set: 0.43ms
[2026-07-01T02:19:04.070+0000][14.985s][info][gc,phases   ] GC(34)   Merge Heap Roots: 0.23ms
[2026-07-01T02:19:04.070+0000][14.985s][info][gc,phases   ] GC(34)   Evacuate Collection Set: 8.14ms
[2026-07-01T02:19:04.070+0000][14.985s][info][gc,phases   ] GC(34)   Post Evacuate Collection Set: 0.52ms
[2026-07-01T02:19:04.070+0000][14.985s][info][gc,phases   ] GC(34)   Other: 0.05ms
[2026-07-01T02:19:04.070+0000][14.985s][info][gc,heap     ] GC(34) Eden regions: 99->0(102)
[2026-07-01T02:19:04.070+0000][14.985s][info][gc,heap     ] GC(34) Survivor regions: 4->4(13)
[2026-07-01T02:19:04.070+0000][14.985s][info][gc,heap     ] GC(34) Old regions: 155->155
[2026-07-01T02:19:04.070+0000][14.985s][info][gc,heap     ] GC(34) Humongous regions: 3->3
[2026-07-01T02:19:04.070+0000][14.985s][info][gc,metaspace] GC(34) Metaspace: 41506K(42304K)->41506K(42304K) NonClass: 36371K(36800K)->36371K(36800K) Class: 5135K(5504K)->5135K(5504K)
[2026-07-01T02:19:04.070+0000][14.985s][info][gc          ] GC(34) Pause Young (Normal) (G1 Evacuation Pause) 260M->161M(286M) 9.485ms
[2026-07-01T02:19:04.070+0000][14.985s][info][gc,cpu      ] GC(34) User=0.02s Sys=0.00s Real=0.01s
[2026-07-01T02:19:04.152+0000][15.067s][info][gc,marking  ] GC(33) Concurrent Rebuild Remembered Sets and Scrub Regions 475.365ms
[2026-07-01T02:19:04.155+0000][15.071s][info][gc,start    ] GC(33) Pause Cleanup
[2026-07-01T02:19:04.155+0000][15.071s][info][gc          ] GC(33) Pause Cleanup 166M->166M(286M) 0.213ms
[2026-07-01T02:19:04.155+0000][15.071s][info][gc,cpu      ] GC(33) User=0.00s Sys=0.00s Real=0.00s
[2026-07-01T02:19:04.161+0000][15.077s][info][gc,marking  ] GC(33) Concurrent Clear Claimed Marks
[2026-07-01T02:19:04.161+0000][15.077s][info][gc,marking  ] GC(33) Concurrent Clear Claimed Marks 0.101ms
[2026-07-01T02:19:04.161+0000][15.077s][info][gc,marking  ] GC(33) Concurrent Cleanup for Next Mark
[2026-07-01T02:19:04.162+0000][15.078s][info][gc,marking  ] GC(33) Concurrent Cleanup for Next Mark 0.567ms
[2026-07-01T02:19:04.162+0000][15.078s][info][gc          ] GC(33) Concurrent Mark Cycle 1283.751ms
[2026-07-01T02:19:05.260+0000][16.176s][info][gc,start    ] GC(35) Pause Young (Prepare Mixed) (G1 Evacuation Pause)
[2026-07-01T02:19:05.260+0000][16.176s][info][gc,task     ] GC(35) Using 2 workers of 2 for evacuation
[2026-07-01T02:19:05.270+0000][16.186s][info][gc,phases   ] GC(35)   Pre Evacuate Collection Set: 0.16ms
[2026-07-01T02:19:05.270+0000][16.186s][info][gc,phases   ] GC(35)   Merge Heap Roots: 0.22ms
[2026-07-01T02:19:05.270+0000][16.186s][info][gc,phases   ] GC(35)   Evacuate Collection Set: 8.78ms
[2026-07-01T02:19:05.270+0000][16.186s][info][gc,phases   ] GC(35)   Post Evacuate Collection Set: 0.49ms
[2026-07-01T02:19:05.270+0000][16.186s][info][gc,phases   ] GC(35)   Other: 0.05ms
[2026-07-01T02:19:05.270+0000][16.186s][info][gc,heap     ] GC(35) Eden regions: 102->0(106)
[2026-07-01T02:19:05.270+0000][16.186s][info][gc,heap     ] GC(35) Survivor regions: 4->4(14)
[2026-07-01T02:19:05.270+0000][16.186s][info][gc,heap     ] GC(35) Old regions: 155->155
[2026-07-01T02:19:05.270+0000][16.186s][info][gc,heap     ] GC(35) Humongous regions: 3->3
[2026-07-01T02:19:05.270+0000][16.186s][info][gc,metaspace] GC(35) Metaspace: 41534K(42368K)->41534K(42368K) NonClass: 36397K(36864K)->36397K(36864K) Class: 5136K(5504K)->5136K(5504K)
[2026-07-01T02:19:05.270+0000][16.186s][info][gc          ] GC(35) Pause Young (Prepare Mixed) (G1 Evacuation Pause) 263M->161M(286M) 9.847ms
[2026-07-01T02:19:05.270+0000][16.186s][info][gc,cpu      ] GC(35) User=0.02s Sys=0.00s Real=0.01s
[2026-07-01T02:19:06.326+0000][17.242s][info][gc,start    ] GC(36) Pause Young (Mixed) (G1 Evacuation Pause)
[2026-07-01T02:19:06.326+0000][17.242s][info][gc,task     ] GC(36) Using 2 workers of 2 for evacuation
[2026-07-01T02:19:06.338+0000][17.254s][info][gc,phases   ] GC(36)   Pre Evacuate Collection Set: 0.20ms
[2026-07-01T02:19:06.338+0000][17.254s][info][gc,phases   ] GC(36)   Merge Heap Roots: 0.30ms
[2026-07-01T02:19:06.338+0000][17.254s][info][gc,phases   ] GC(36)   Evacuate Collection Set: 10.54ms
[2026-07-01T02:19:06.338+0000][17.254s][info][gc,phases   ] GC(36)   Post Evacuate Collection Set: 0.50ms
[2026-07-01T02:19:06.338+0000][17.254s][info][gc,phases   ] GC(36)   Other: 0.07ms
[2026-07-01T02:19:06.338+0000][17.254s][info][gc,heap     ] GC(36) Eden regions: 106->0(109)
[2026-07-01T02:19:06.338+0000][17.254s][info][gc,heap     ] GC(36) Survivor regions: 4->5(14)
[2026-07-01T02:19:06.338+0000][17.254s][info][gc,heap     ] GC(36) Old regions: 155->153
[2026-07-01T02:19:06.338+0000][17.254s][info][gc,heap     ] GC(36) Humongous regions: 3->3
[2026-07-01T02:19:06.338+0000][17.254s][info][gc,metaspace] GC(36) Metaspace: 41549K(42368K)->41549K(42368K) NonClass: 36412K(36864K)->36412K(36864K) Class: 5136K(5504K)->5136K(5504K)
[2026-07-01T02:19:06.338+0000][17.254s][info][gc          ] GC(36) Pause Young (Mixed) (G1 Evacuation Pause) 267M->160M(286M) 11.808ms
[2026-07-01T02:19:06.338+0000][17.254s][info][gc,cpu      ] GC(36) User=0.02s Sys=0.00s Real=0.01s
[2026-07-01T02:19:07.437+0000][18.352s][info][gc,start    ] GC(37) Pause Young (Concurrent Start) (G1 Evacuation Pause)
[2026-07-01T02:19:07.437+0000][18.352s][info][gc,task     ] GC(37) Using 2 workers of 2 for evacuation
[2026-07-01T02:19:07.448+0000][18.364s][info][gc,phases   ] GC(37)   Pre Evacuate Collection Set: 0.13ms
[2026-07-01T02:19:07.448+0000][18.364s][info][gc,phases   ] GC(37)   Merge Heap Roots: 0.31ms
[2026-07-01T02:19:07.448+0000][18.364s][info][gc,phases   ] GC(37)   Evacuate Collection Set: 10.15ms
[2026-07-01T02:19:07.448+0000][18.364s][info][gc,phases   ] GC(37)   Post Evacuate Collection Set: 0.44ms
[2026-07-01T02:19:07.448+0000][18.364s][info][gc,phases   ] GC(37)   Other: 0.07ms
[2026-07-01T02:19:07.448+0000][18.364s][info][gc,heap     ] GC(37) Eden regions: 109->0(110)
[2026-07-01T02:19:07.448+0000][18.364s][info][gc,heap     ] GC(37) Survivor regions: 5->5(15)
[2026-07-01T02:19:07.448+0000][18.364s][info][gc,heap     ] GC(37) Old regions: 153->153
[2026-07-01T02:19:07.448+0000][18.364s][info][gc,heap     ] GC(37) Humongous regions: 3->3
[2026-07-01T02:19:07.448+0000][18.364s][info][gc,metaspace] GC(37) Metaspace: 41551K(42368K)->41551K(42368K) NonClass: 36414K(36864K)->36414K(36864K) Class: 5136K(5504K)->5136K(5504K)
[2026-07-01T02:19:07.448+0000][18.364s][info][gc          ] GC(37) Pause Young (Concurrent Start) (G1 Evacuation Pause) 269M->160M(286M) 11.248ms
[2026-07-01T02:19:07.448+0000][18.364s][info][gc          ] GC(38) Concurrent Mark Cycle
[2026-07-01T02:19:07.448+0000][18.364s][info][gc,marking  ] GC(38) Concurrent Scan Root Regions
[2026-07-01T02:19:07.448+0000][18.364s][info][gc,cpu      ] GC(37) User=0.02s Sys=0.00s Real=0.01s
[2026-07-01T02:19:07.455+0000][18.371s][info][gc,marking  ] GC(38) Concurrent Scan Root Regions 7.082ms
[2026-07-01T02:19:07.455+0000][18.371s][info][gc,marking  ] GC(38) Concurrent Mark
[2026-07-01T02:19:07.455+0000][18.371s][info][gc,marking  ] GC(38) Concurrent Mark From Roots
[2026-07-01T02:19:07.455+0000][18.371s][info][gc,task     ] GC(38) Using 1 workers of 1 for marking
[2026-07-01T02:19:07.973+0000][18.888s][info][gc,marking  ] GC(38) Concurrent Mark From Roots 517.432ms
[2026-07-01T02:19:07.973+0000][18.888s][info][gc,marking  ] GC(38) Concurrent Preclean
[2026-07-01T02:19:07.973+0000][18.888s][info][gc,marking  ] GC(38) Concurrent Preclean 0.070ms
[2026-07-01T02:19:07.974+0000][18.890s][info][gc,start    ] GC(38) Pause Remark
[2026-07-01T02:19:07.981+0000][18.896s][info][gc          ] GC(38) Pause Remark 203M->203M(286M) 6.747ms
[2026-07-01T02:19:07.981+0000][18.896s][info][gc,cpu      ] GC(38) User=0.02s Sys=0.00s Real=0.01s
[2026-07-01T02:19:08.019+0000][18.935s][info][gc,marking  ] GC(38) Concurrent Mark 564.122ms
[2026-07-01T02:19:08.019+0000][18.935s][info][gc,marking  ] GC(38) Concurrent Rebuild Remembered Sets and Scrub Regions
[2026-07-01T02:19:08.332+0000][19.247s][info][gc,marking  ] GC(38) Concurrent Rebuild Remembered Sets and Scrub Regions 312.319ms
[2026-07-01T02:19:08.332+0000][19.248s][info][gc,start    ] GC(38) Pause Cleanup
[2026-07-01T02:19:08.332+0000][19.248s][info][gc          ] GC(38) Pause Cleanup 230M->230M(286M) 0.192ms
[2026-07-01T02:19:08.332+0000][19.248s][info][gc,cpu      ] GC(38) User=0.00s Sys=0.00s Real=0.00s
[2026-07-01T02:19:08.333+0000][19.249s][info][gc,marking  ] GC(38) Concurrent Clear Claimed Marks
[2026-07-01T02:19:08.333+0000][19.249s][info][gc,marking  ] GC(38) Concurrent Clear Claimed Marks 0.111ms
[2026-07-01T02:19:08.333+0000][19.249s][info][gc,marking  ] GC(38) Concurrent Cleanup for Next Mark
[2026-07-01T02:19:08.335+0000][19.251s][info][gc,marking  ] GC(38) Concurrent Cleanup for Next Mark 1.798ms
[2026-07-01T02:19:08.335+0000][19.251s][info][gc          ] GC(38) Concurrent Mark Cycle 887.270ms
[2026-07-01T02:19:08.754+0000][19.670s][info][gc,start    ] GC(39) Pause Young (Prepare Mixed) (G1 Evacuation Pause)
[2026-07-01T02:19:08.754+0000][19.670s][info][gc,task     ] GC(39) Using 2 workers of 2 for evacuation
[2026-07-01T02:19:08.765+0000][19.681s][info][gc,phases   ] GC(39)   Pre Evacuate Collection Set: 0.19ms
[2026-07-01T02:19:08.765+0000][19.681s][info][gc,phases   ] GC(39)   Merge Heap Roots: 0.33ms
[2026-07-01T02:19:08.765+0000][19.681s][info][gc,phases   ] GC(39)   Evacuate Collection Set: 9.85ms
[2026-07-01T02:19:08.765+0000][19.681s][info][gc,phases   ] GC(39)   Post Evacuate Collection Set: 0.47ms
[2026-07-01T02:19:08.765+0000][19.681s][info][gc,phases   ] GC(39)   Other: 0.05ms
[2026-07-01T02:19:08.765+0000][19.681s][info][gc,heap     ] GC(39) Eden regions: 110->0(110)
[2026-07-01T02:19:08.765+0000][19.681s][info][gc,heap     ] GC(39) Survivor regions: 5->5(15)
[2026-07-01T02:19:08.765+0000][19.681s][info][gc,heap     ] GC(39) Old regions: 153->153
[2026-07-01T02:19:08.765+0000][19.681s][info][gc,heap     ] GC(39) Humongous regions: 3->3
[2026-07-01T02:19:08.765+0000][19.681s][info][gc,metaspace] GC(39) Metaspace: 41563K(42368K)->41563K(42368K) NonClass: 36426K(36864K)->36426K(36864K) Class: 5136K(5504K)->5136K(5504K)
[2026-07-01T02:19:08.765+0000][19.681s][info][gc          ] GC(39) Pause Young (Prepare Mixed) (G1 Evacuation Pause) 270M->160M(286M) 11.076ms
[2026-07-01T02:19:08.765+0000][19.681s][info][gc,cpu      ] GC(39) User=0.03s Sys=0.00s Real=0.01s
[2026-07-01T02:19:09.986+0000][20.902s][info][gc,start    ] GC(40) Pause Young (Mixed) (G1 Evacuation Pause)
[2026-07-01T02:19:09.987+0000][20.903s][info][gc,task     ] GC(40) Using 2 workers of 2 for evacuation
[2026-07-01T02:19:10.018+0000][20.933s][info][gc,phases   ] GC(40)   Pre Evacuate Collection Set: 0.19ms
[2026-07-01T02:19:10.018+0000][20.933s][info][gc,phases   ] GC(40)   Merge Heap Roots: 0.56ms
[2026-07-01T02:19:10.018+0000][20.933s][info][gc,phases   ] GC(40)   Evacuate Collection Set: 29.12ms
[2026-07-01T02:19:10.018+0000][20.933s][info][gc,phases   ] GC(40)   Post Evacuate Collection Set: 0.47ms
[2026-07-01T02:19:10.018+0000][20.933s][info][gc,phases   ] GC(40)   Other: 0.06ms
[2026-07-01T02:19:10.018+0000][20.933s][info][gc,heap     ] GC(40) Eden regions: 110->0(109)
[2026-07-01T02:19:10.018+0000][20.933s][info][gc,heap     ] GC(40) Survivor regions: 5->6(15)
[2026-07-01T02:19:10.018+0000][20.933s][info][gc,heap     ] GC(40) Old regions: 153->153
[2026-07-01T02:19:10.018+0000][20.933s][info][gc,heap     ] GC(40) Humongous regions: 3->3
[2026-07-01T02:19:10.018+0000][20.933s][info][gc,metaspace] GC(40) Metaspace: 41589K(42368K)->41589K(42368K) NonClass: 36452K(36864K)->36452K(36864K) Class: 5136K(5504K)->5136K(5504K)
[2026-07-01T02:19:10.018+0000][20.933s][info][gc          ] GC(40) Pause Young (Mixed) (G1 Evacuation Pause) 270M->161M(286M) 31.706ms
[2026-07-01T02:19:10.018+0000][20.933s][info][gc,cpu      ] GC(40) User=0.04s Sys=0.00s Real=0.03s
[2026-07-01T02:19:11.020+0000][21.936s][info][gc,start    ] GC(41) Pause Young (Concurrent Start) (G1 Evacuation Pause)
[2026-07-01T02:19:11.020+0000][21.936s][info][gc,task     ] GC(41) Using 2 workers of 2 for evacuation
[2026-07-01T02:19:11.030+0000][21.946s][info][gc,phases   ] GC(41)   Pre Evacuate Collection Set: 0.14ms
[2026-07-01T02:19:11.030+0000][21.946s][info][gc,phases   ] GC(41)   Merge Heap Roots: 0.18ms
[2026-07-01T02:19:11.030+0000][21.946s][info][gc,phases   ] GC(41)   Evacuate Collection Set: 9.37ms
[2026-07-01T02:19:11.030+0000][21.946s][info][gc,phases   ] GC(41)   Post Evacuate Collection Set: 0.43ms
[2026-07-01T02:19:11.030+0000][21.946s][info][gc,phases   ] GC(41)   Other: 0.06ms
[2026-07-01T02:19:11.030+0000][21.946s][info][gc,heap     ] GC(41) Eden regions: 109->0(109)
[2026-07-01T02:19:11.030+0000][21.946s][info][gc,heap     ] GC(41) Survivor regions: 6->6(15)
[2026-07-01T02:19:11.030+0000][21.946s][info][gc,heap     ] GC(41) Old regions: 153->153
[2026-07-01T02:19:11.030+0000][21.946s][info][gc,heap     ] GC(41) Humongous regions: 3->3
[2026-07-01T02:19:11.030+0000][21.946s][info][gc,metaspace] GC(41) Metaspace: 41618K(42432K)->41618K(42432K) NonClass: 36481K(36928K)->36481K(36928K) Class: 5136K(5504K)->5136K(5504K)
[2026-07-01T02:19:11.030+0000][21.946s][info][gc          ] GC(41) Pause Young (Concurrent Start) (G1 Evacuation Pause) 270M->161M(286M) 10.327ms
[2026-07-01T02:19:11.030+0000][21.946s][info][gc          ] GC(42) Concurrent Mark Cycle
[2026-07-01T02:19:11.030+0000][21.946s][info][gc,marking  ] GC(42) Concurrent Scan Root Regions
[2026-07-01T02:19:11.030+0000][21.946s][info][gc,cpu      ] GC(41) User=0.02s Sys=0.00s Real=0.01s
[2026-07-01T02:19:11.061+0000][21.976s][info][gc,marking  ] GC(42) Concurrent Scan Root Regions 30.204ms
[2026-07-01T02:19:11.061+0000][21.976s][info][gc,marking  ] GC(42) Concurrent Mark
[2026-07-01T02:19:11.061+0000][21.976s][info][gc,marking  ] GC(42) Concurrent Mark From Roots
[2026-07-01T02:19:11.061+0000][21.976s][info][gc,task     ] GC(42) Using 1 workers of 1 for marking
[2026-07-01T02:19:12.044+0000][22.959s][info][gc,marking  ] GC(42) Concurrent Mark From Roots 982.857ms
[2026-07-01T02:19:12.044+0000][22.959s][info][gc,marking  ] GC(42) Concurrent Preclean
[2026-07-01T02:19:12.044+0000][22.959s][info][gc,marking  ] GC(42) Concurrent Preclean 0.066ms
[2026-07-01T02:19:12.044+0000][22.960s][info][gc,start    ] GC(42) Pause Remark
[2026-07-01T02:19:12.051+0000][22.967s][info][gc          ] GC(42) Pause Remark 249M->249M(286M) 6.636ms
[2026-07-01T02:19:12.051+0000][22.967s][info][gc,cpu      ] GC(42) User=0.02s Sys=0.00s Real=0.01s
[2026-07-01T02:19:12.059+0000][22.975s][info][gc,marking  ] GC(42) Concurrent Mark 998.171ms
[2026-07-01T02:19:12.059+0000][22.975s][info][gc,marking  ] GC(42) Concurrent Rebuild Remembered Sets and Scrub Regions
[2026-07-01T02:19:12.338+0000][23.254s][info][gc,marking  ] GC(42) Concurrent Rebuild Remembered Sets and Scrub Regions 279.056ms
[2026-07-01T02:19:12.339+0000][23.255s][info][gc,start    ] GC(42) Pause Cleanup
[2026-07-01T02:19:12.339+0000][23.255s][info][gc          ] GC(42) Pause Cleanup 269M->269M(286M) 0.208ms
[2026-07-01T02:19:12.339+0000][23.255s][info][gc,cpu      ] GC(42) User=0.00s Sys=0.00s Real=0.00s
[2026-07-01T02:19:12.344+0000][23.259s][info][gc,marking  ] GC(42) Concurrent Clear Claimed Marks
[2026-07-01T02:19:12.344+0000][23.260s][info][gc,marking  ] GC(42) Concurrent Clear Claimed Marks 0.093ms
[2026-07-01T02:19:12.344+0000][23.260s][info][gc,marking  ] GC(42) Concurrent Cleanup for Next Mark
[2026-07-01T02:19:12.344+0000][23.260s][info][gc,marking  ] GC(42) Concurrent Cleanup for Next Mark 0.562ms
[2026-07-01T02:19:12.344+0000][23.260s][info][gc          ] GC(42) Concurrent Mark Cycle 1313.942ms
[2026-07-01T02:19:12.357+0000][23.273s][info][gc,start    ] GC(43) Pause Young (Prepare Mixed) (G1 Evacuation Pause)
[2026-07-01T02:19:12.357+0000][23.273s][info][gc,task     ] GC(43) Using 2 workers of 2 for evacuation
[2026-07-01T02:19:12.372+0000][23.288s][info][gc,phases   ] GC(43)   Pre Evacuate Collection Set: 0.21ms
[2026-07-01T02:19:12.372+0000][23.288s][info][gc,phases   ] GC(43)   Merge Heap Roots: 0.34ms
[2026-07-01T02:19:12.372+0000][23.288s][info][gc,phases   ] GC(43)   Evacuate Collection Set: 13.84ms
[2026-07-01T02:19:12.372+0000][23.288s][info][gc,phases   ] GC(43)   Post Evacuate Collection Set: 0.54ms
[2026-07-01T02:19:12.372+0000][23.288s][info][gc,phases   ] GC(43)   Other: 0.06ms
[2026-07-01T02:19:12.372+0000][23.288s][info][gc,heap     ] GC(43) Eden regions: 109->0(108)
[2026-07-01T02:19:12.372+0000][23.288s][info][gc,heap     ] GC(43) Survivor regions: 6->7(15)
[2026-07-01T02:19:12.372+0000][23.288s][info][gc,heap     ] GC(43) Old regions: 153->153
[2026-07-01T02:19:12.372+0000][23.288s][info][gc,heap     ] GC(43) Humongous regions: 3->3
[2026-07-01T02:19:12.372+0000][23.288s][info][gc,metaspace] GC(43) Metaspace: 41622K(42432K)->41622K(42432K) NonClass: 36485K(36928K)->36485K(36928K) Class: 5136K(5504K)->5136K(5504K)
[2026-07-01T02:19:12.372+0000][23.288s][info][gc          ] GC(43) Pause Young (Prepare Mixed) (G1 Evacuation Pause) 270M->161M(286M) 15.163ms
[2026-07-01T02:19:12.372+0000][23.288s][info][gc,cpu      ] GC(43) User=0.04s Sys=0.01s Real=0.02s
[2026-07-01T02:19:13.498+0000][24.414s][info][gc,start    ] GC(44) Pause Young (Mixed) (G1 Evacuation Pause)
[2026-07-01T02:19:13.498+0000][24.414s][info][gc,task     ] GC(44) Using 2 workers of 2 for evacuation
[2026-07-01T02:19:13.524+0000][24.439s][info][gc,phases   ] GC(44)   Pre Evacuate Collection Set: 0.16ms
[2026-07-01T02:19:13.524+0000][24.439s][info][gc,phases   ] GC(44)   Merge Heap Roots: 0.38ms
[2026-07-01T02:19:13.524+0000][24.439s][info][gc,phases   ] GC(44)   Evacuate Collection Set: 23.92ms
[2026-07-01T02:19:13.524+0000][24.439s][info][gc,phases   ] GC(44)   Post Evacuate Collection Set: 0.54ms
[2026-07-01T02:19:13.524+0000][24.439s][info][gc,phases   ] GC(44)   Other: 0.06ms
[2026-07-01T02:19:13.524+0000][24.439s][info][gc,heap     ] GC(44) Eden regions: 108->0(110)
[2026-07-01T02:19:13.524+0000][24.439s][info][gc,heap     ] GC(44) Survivor regions: 7->6(15)
[2026-07-01T02:19:13.524+0000][24.439s][info][gc,heap     ] GC(44) Old regions: 153->152
[2026-07-01T02:19:13.524+0000][24.439s][info][gc,heap     ] GC(44) Humongous regions: 3->3
[2026-07-01T02:19:13.524+0000][24.439s][info][gc,metaspace] GC(44) Metaspace: 41623K(42432K)->41623K(42432K) NonClass: 36486K(36928K)->36486K(36928K) Class: 5137K(5504K)->5137K(5504K)
[2026-07-01T02:19:13.524+0000][24.439s][info][gc          ] GC(44) Pause Young (Mixed) (G1 Evacuation Pause) 269M->160M(286M) 25.202ms
[2026-07-01T02:19:13.524+0000][24.439s][info][gc,cpu      ] GC(44) User=0.03s Sys=0.00s Real=0.02s
[2026-07-01T02:19:14.520+0000][25.436s][info][gc,start    ] GC(45) Pause Young (Concurrent Start) (G1 Evacuation Pause)
[2026-07-01T02:19:14.520+0000][25.436s][info][gc,task     ] GC(45) Using 2 workers of 2 for evacuation
[2026-07-01T02:19:14.533+0000][25.449s][info][gc,phases   ] GC(45)   Pre Evacuate Collection Set: 0.31ms
[2026-07-01T02:19:14.533+0000][25.449s][info][gc,phases   ] GC(45)   Merge Heap Roots: 0.50ms
[2026-07-01T02:19:14.533+0000][25.449s][info][gc,phases   ] GC(45)   Evacuate Collection Set: 11.99ms
[2026-07-01T02:19:14.533+0000][25.449s][info][gc,phases   ] GC(45)   Post Evacuate Collection Set: 0.45ms
[2026-07-01T02:19:14.533+0000][25.449s][info][gc,phases   ] GC(45)   Other: 0.09ms
[2026-07-01T02:19:14.533+0000][25.449s][info][gc,heap     ] GC(45) Eden regions: 110->0(108)
[2026-07-01T02:19:14.533+0000][25.449s][info][gc,heap     ] GC(45) Survivor regions: 6->7(15)
[2026-07-01T02:19:14.533+0000][25.449s][info][gc,heap     ] GC(45) Old regions: 152->153
[2026-07-01T02:19:14.533+0000][25.449s][info][gc,heap     ] GC(45) Humongous regions: 3->3
[2026-07-01T02:19:14.533+0000][25.449s][info][gc,metaspace] GC(45) Metaspace: 41623K(42432K)->41623K(42432K) NonClass: 36486K(36928K)->36486K(36928K) Class: 5137K(5504K)->5137K(5504K)
[2026-07-01T02:19:14.533+0000][25.449s][info][gc          ] GC(45) Pause Young (Concurrent Start) (G1 Evacuation Pause) 270M->161M(286M) 13.488ms
[2026-07-01T02:19:14.533+0000][25.449s][info][gc          ] GC(46) Concurrent Mark Cycle
[2026-07-01T02:19:14.533+0000][25.449s][info][gc,marking  ] GC(46) Concurrent Scan Root Regions
[2026-07-01T02:19:14.533+0000][25.449s][info][gc,cpu      ] GC(45) User=0.03s Sys=0.01s Real=0.01s
[2026-07-01T02:19:14.567+0000][25.483s][info][gc,marking  ] GC(46) Concurrent Scan Root Regions 33.895ms
[2026-07-01T02:19:14.567+0000][25.483s][info][gc,marking  ] GC(46) Concurrent Mark
[2026-07-01T02:19:14.567+0000][25.483s][info][gc,marking  ] GC(46) Concurrent Mark From Roots
[2026-07-01T02:19:14.567+0000][25.483s][info][gc,task     ] GC(46) Using 1 workers of 1 for marking
[2026-07-01T02:19:15.588+0000][26.504s][info][gc,start    ] GC(47) Pause Young (Normal) (G1 Evacuation Pause)
[2026-07-01T02:19:15.588+0000][26.504s][info][gc,task     ] GC(47) Using 2 workers of 2 for evacuation
[2026-07-01T02:19:15.616+0000][26.531s][info][gc,phases   ] GC(47)   Pre Evacuate Collection Set: 0.15ms
[2026-07-01T02:19:15.616+0000][26.531s][info][gc,phases   ] GC(47)   Merge Heap Roots: 0.30ms
[2026-07-01T02:19:15.616+0000][26.531s][info][gc,phases   ] GC(47)   Evacuate Collection Set: 26.76ms
[2026-07-01T02:19:15.616+0000][26.531s][info][gc,phases   ] GC(47)   Post Evacuate Collection Set: 0.47ms
[2026-07-01T02:19:15.616+0000][26.531s][info][gc,phases   ] GC(47)   Other: 0.05ms
[2026-07-01T02:19:15.616+0000][26.531s][info][gc,heap     ] GC(47) Eden regions: 108->0(108)
[2026-07-01T02:19:15.616+0000][26.531s][info][gc,heap     ] GC(47) Survivor regions: 7->7(15)
[2026-07-01T02:19:15.616+0000][26.531s][info][gc,heap     ] GC(47) Old regions: 153->153
[2026-07-01T02:19:15.616+0000][26.531s][info][gc,heap     ] GC(47) Humongous regions: 3->3
[2026-07-01T02:19:15.616+0000][26.531s][info][gc,metaspace] GC(47) Metaspace: 41623K(42432K)->41623K(42432K) NonClass: 36486K(36928K)->36486K(36928K) Class: 5137K(5504K)->5137K(5504K)
[2026-07-01T02:19:15.616+0000][26.531s][info][gc          ] GC(47) Pause Young (Normal) (G1 Evacuation Pause) 269M->161M(286M) 27.889ms
[2026-07-01T02:19:15.616+0000][26.531s][info][gc,cpu      ] GC(47) User=0.02s Sys=0.00s Real=0.03s
[2026-07-01T02:19:15.744+0000][26.659s][info][gc,marking  ] GC(46) Concurrent Mark From Roots 1176.305ms
[2026-07-01T02:19:15.744+0000][26.659s][info][gc,marking  ] GC(46) Concurrent Preclean
[2026-07-01T02:19:15.744+0000][26.659s][info][gc,marking  ] GC(46) Concurrent Preclean 0.047ms
[2026-07-01T02:19:15.744+0000][26.660s][info][gc,start    ] GC(46) Pause Remark
[2026-07-01T02:19:15.751+0000][26.667s][info][gc          ] GC(46) Pause Remark 175M->175M(286M) 7.581ms
[2026-07-01T02:19:15.751+0000][26.667s][info][gc,cpu      ] GC(46) User=0.01s Sys=0.00s Real=0.01s
[2026-07-01T02:19:15.752+0000][26.667s][info][gc,marking  ] GC(46) Concurrent Mark 1184.173ms
[2026-07-01T02:19:15.752+0000][26.667s][info][gc,marking  ] GC(46) Concurrent Rebuild Remembered Sets and Scrub Regions
[2026-07-01T02:19:16.286+0000][27.202s][info][gc,marking  ] GC(46) Concurrent Rebuild Remembered Sets and Scrub Regions 534.381ms
[2026-07-01T02:19:16.287+0000][27.203s][info][gc,start    ] GC(46) Pause Cleanup
[2026-07-01T02:19:16.288+0000][27.203s][info][gc          ] GC(46) Pause Cleanup 231M->231M(286M) 0.163ms
[2026-07-01T02:19:16.288+0000][27.203s][info][gc,cpu      ] GC(46) User=0.00s Sys=0.00s Real=0.00s
[2026-07-01T02:19:16.289+0000][27.205s][info][gc,marking  ] GC(46) Concurrent Clear Claimed Marks
[2026-07-01T02:19:16.290+0000][27.205s][info][gc,marking  ] GC(46) Concurrent Clear Claimed Marks 0.131ms
[2026-07-01T02:19:16.290+0000][27.205s][info][gc,marking  ] GC(46) Concurrent Cleanup for Next Mark
[2026-07-01T02:19:16.293+0000][27.209s][info][gc,marking  ] GC(46) Concurrent Cleanup for Next Mark 3.611ms
[2026-07-01T02:19:16.293+0000][27.209s][info][gc          ] GC(46) Concurrent Mark Cycle 1759.914ms
[2026-07-01T02:19:16.587+0000][27.503s][info][gc,start    ] GC(48) Pause Young (Prepare Mixed) (G1 Evacuation Pause)
[2026-07-01T02:19:16.587+0000][27.503s][info][gc,task     ] GC(48) Using 2 workers of 2 for evacuation
[2026-07-01T02:19:16.614+0000][27.530s][info][gc,phases   ] GC(48)   Pre Evacuate Collection Set: 0.19ms
[2026-07-01T02:19:16.614+0000][27.530s][info][gc,phases   ] GC(48)   Merge Heap Roots: 0.36ms
[2026-07-01T02:19:16.614+0000][27.530s][info][gc,phases   ] GC(48)   Evacuate Collection Set: 25.69ms
[2026-07-01T02:19:16.614+0000][27.530s][info][gc,phases   ] GC(48)   Post Evacuate Collection Set: 0.57ms
[2026-07-01T02:19:16.614+0000][27.530s][info][gc,phases   ] GC(48)   Other: 0.05ms
[2026-07-01T02:19:16.614+0000][27.530s][info][gc,heap     ] GC(48) Eden regions: 108->0(108)
[2026-07-01T02:19:16.614+0000][27.530s][info][gc,heap     ] GC(48) Survivor regions: 7->7(15)
[2026-07-01T02:19:16.614+0000][27.530s][info][gc,heap     ] GC(48) Old regions: 153->153
[2026-07-01T02:19:16.614+0000][27.530s][info][gc,heap     ] GC(48) Humongous regions: 3->3
[2026-07-01T02:19:16.614+0000][27.530s][info][gc,metaspace] GC(48) Metaspace: 41626K(42432K)->41626K(42432K) NonClass: 36489K(36928K)->36489K(36928K) Class: 5137K(5504K)->5137K(5504K)
[2026-07-01T02:19:16.614+0000][27.530s][info][gc          ] GC(48) Pause Young (Prepare Mixed) (G1 Evacuation Pause) 269M->162M(286M) 27.000ms
[2026-07-01T02:19:16.614+0000][27.530s][info][gc,cpu      ] GC(48) User=0.03s Sys=0.00s Real=0.03s
[2026-07-01T02:19:17.638+0000][28.553s][info][gc,start    ] GC(49) Pause Young (Mixed) (G1 Evacuation Pause)
[2026-07-01T02:19:17.638+0000][28.553s][info][gc,task     ] GC(49) Using 2 workers of 2 for evacuation
[2026-07-01T02:19:17.671+0000][28.586s][info][gc,phases   ] GC(49)   Pre Evacuate Collection Set: 0.16ms
[2026-07-01T02:19:17.671+0000][28.586s][info][gc,phases   ] GC(49)   Merge Heap Roots: 0.23ms
[2026-07-01T02:19:17.671+0000][28.586s][info][gc,phases   ] GC(49)   Evacuate Collection Set: 32.06ms
[2026-07-01T02:19:17.671+0000][28.586s][info][gc,phases   ] GC(49)   Post Evacuate Collection Set: 0.50ms
[2026-07-01T02:19:17.671+0000][28.586s][info][gc,phases   ] GC(49)   Other: 0.07ms
[2026-07-01T02:19:17.671+0000][28.586s][info][gc,heap     ] GC(49) Eden regions: 108->0(108)
[2026-07-01T02:19:17.671+0000][28.586s][info][gc,heap     ] GC(49) Survivor regions: 7->7(15)
[2026-07-01T02:19:17.671+0000][28.587s][info][gc,heap     ] GC(49) Old regions: 153->153
[2026-07-01T02:19:17.671+0000][28.587s][info][gc,heap     ] GC(49) Humongous regions: 3->3
[2026-07-01T02:19:17.671+0000][28.587s][info][gc,metaspace] GC(49) Metaspace: 41626K(42432K)->41626K(42432K) NonClass: 36489K(36928K)->36489K(36928K) Class: 5137K(5504K)->5137K(5504K)
[2026-07-01T02:19:17.671+0000][28.587s][info][gc          ] GC(49) Pause Young (Mixed) (G1 Evacuation Pause) 270M->162M(286M) 33.198ms
[2026-07-01T02:19:17.671+0000][28.587s][info][gc,cpu      ] GC(49) User=0.05s Sys=0.00s Real=0.04s
[2026-07-01T02:19:18.884+0000][29.799s][info][gc,start    ] GC(50) Pause Young (Concurrent Start) (G1 Evacuation Pause)
[2026-07-01T02:19:18.884+0000][29.800s][info][gc,task     ] GC(50) Using 2 workers of 2 for evacuation
[2026-07-01T02:19:18.920+0000][29.836s][info][gc,phases   ] GC(50)   Pre Evacuate Collection Set: 0.15ms
[2026-07-01T02:19:18.920+0000][29.836s][info][gc,phases   ] GC(50)   Merge Heap Roots: 0.23ms
[2026-07-01T02:19:18.920+0000][29.836s][info][gc,phases   ] GC(50)   Evacuate Collection Set: 35.18ms
[2026-07-01T02:19:18.920+0000][29.836s][info][gc,phases   ] GC(50)   Post Evacuate Collection Set: 0.48ms
[2026-07-01T02:19:18.920+0000][29.836s][info][gc,phases   ] GC(50)   Other: 0.07ms
[2026-07-01T02:19:18.920+0000][29.836s][info][gc,heap     ] GC(50) Eden regions: 108->0(108)
[2026-07-01T02:19:18.920+0000][29.836s][info][gc,heap     ] GC(50) Survivor regions: 7->7(15)
[2026-07-01T02:19:18.920+0000][29.836s][info][gc,heap     ] GC(50) Old regions: 153->153
[2026-07-01T02:19:18.920+0000][29.836s][info][gc,heap     ] GC(50) Humongous regions: 3->3
[2026-07-01T02:19:18.920+0000][29.836s][info][gc,metaspace] GC(50) Metaspace: 41627K(42432K)->41627K(42432K) NonClass: 36490K(36928K)->36490K(36928K) Class: 5137K(5504K)->5137K(5504K)
[2026-07-01T02:19:18.920+0000][29.836s][info][gc          ] GC(50) Pause Young (Concurrent Start) (G1 Evacuation Pause) 270M->162M(286M) 36.278ms
[2026-07-01T02:19:18.920+0000][29.836s][info][gc          ] GC(51) Concurrent Mark Cycle
[2026-07-01T02:19:18.920+0000][29.836s][info][gc,marking  ] GC(51) Concurrent Scan Root Regions
[2026-07-01T02:19:18.920+0000][29.836s][info][gc,cpu      ] GC(50) User=0.03s Sys=0.00s Real=0.04s
[2026-07-01T02:19:18.949+0000][29.865s][info][gc,marking  ] GC(51) Concurrent Scan Root Regions 29.039ms
[2026-07-01T02:19:18.949+0000][29.865s][info][gc,marking  ] GC(51) Concurrent Mark
[2026-07-01T02:19:18.949+0000][29.865s][info][gc,marking  ] GC(51) Concurrent Mark From Roots
[2026-07-01T02:19:18.949+0000][29.865s][info][gc,task     ] GC(51) Using 1 workers of 1 for marking
[2026-07-01T02:19:19.756+0000][30.672s][info][gc,marking  ] GC(51) Concurrent Mark From Roots 807.187ms
[2026-07-01T02:19:19.756+0000][30.672s][info][gc,marking  ] GC(51) Concurrent Preclean
[2026-07-01T02:19:19.756+0000][30.672s][info][gc,marking  ] GC(51) Concurrent Preclean 0.061ms
[2026-07-01T02:19:19.757+0000][30.673s][info][gc,start    ] GC(51) Pause Remark
[2026-07-01T02:19:19.764+0000][30.680s][info][gc          ] GC(51) Pause Remark 240M->240M(286M) 7.451ms
[2026-07-01T02:19:19.764+0000][30.680s][info][gc,cpu      ] GC(51) User=0.02s Sys=0.00s Real=0.01s
[2026-07-01T02:19:19.771+0000][30.687s][info][gc,marking  ] GC(51) Concurrent Mark 821.948ms
[2026-07-01T02:19:19.771+0000][30.687s][info][gc,marking  ] GC(51) Concurrent Rebuild Remembered Sets and Scrub Regions
[2026-07-01T02:19:20.058+0000][30.974s][info][gc,start    ] GC(52) Pause Young (Normal) (G1 Evacuation Pause)
[2026-07-01T02:19:20.058+0000][30.974s][info][gc,task     ] GC(52) Using 2 workers of 2 for evacuation
[2026-07-01T02:19:20.077+0000][30.993s][info][gc,phases   ] GC(52)   Pre Evacuate Collection Set: 0.15ms
[2026-07-01T02:19:20.077+0000][30.993s][info][gc,phases   ] GC(52)   Merge Heap Roots: 0.35ms
[2026-07-01T02:19:20.077+0000][30.993s][info][gc,phases   ] GC(52)   Evacuate Collection Set: 17.67ms
[2026-07-01T02:19:20.077+0000][30.993s][info][gc,phases   ] GC(52)   Post Evacuate Collection Set: 0.60ms
[2026-07-01T02:19:20.077+0000][30.993s][info][gc,phases   ] GC(52)   Other: 0.06ms
[2026-07-01T02:19:20.077+0000][30.993s][info][gc,heap     ] GC(52) Eden regions: 108->0(106)
[2026-07-01T02:19:20.077+0000][30.993s][info][gc,heap     ] GC(52) Survivor regions: 7->8(15)
[2026-07-01T02:19:20.077+0000][30.993s][info][gc,heap     ] GC(52) Old regions: 153->154
[2026-07-01T02:19:20.077+0000][30.993s][info][gc,heap     ] GC(52) Humongous regions: 3->3
[2026-07-01T02:19:20.077+0000][30.993s][info][gc,metaspace] GC(52) Metaspace: 41633K(42432K)->41633K(42432K) NonClass: 36496K(36928K)->36496K(36928K) Class: 5137K(5504K)->5137K(5504K)
[2026-07-01T02:19:20.077+0000][30.993s][info][gc          ] GC(52) Pause Young (Normal) (G1 Evacuation Pause) 270M->163M(286M) 18.958ms
[2026-07-01T02:19:20.077+0000][30.993s][info][gc,cpu      ] GC(52) User=0.04s Sys=0.00s Real=0.01s
[2026-07-01T02:19:20.225+0000][31.140s][info][gc,marking  ] GC(51) Concurrent Rebuild Remembered Sets and Scrub Regions 453.442ms
[2026-07-01T02:19:20.225+0000][31.140s][info][gc,start    ] GC(51) Pause Cleanup
[2026-07-01T02:19:20.225+0000][31.141s][info][gc          ] GC(51) Pause Cleanup 180M->180M(286M) 0.346ms
[2026-07-01T02:19:20.225+0000][31.141s][info][gc,cpu      ] GC(51) User=0.01s Sys=0.00s Real=0.00s
[2026-07-01T02:19:20.226+0000][31.142s][info][gc,marking  ] GC(51) Concurrent Clear Claimed Marks
[2026-07-01T02:19:20.227+0000][31.142s][info][gc,marking  ] GC(51) Concurrent Clear Claimed Marks 0.840ms
[2026-07-01T02:19:20.227+0000][31.142s][info][gc,marking  ] GC(51) Concurrent Cleanup for Next Mark
[2026-07-01T02:19:20.228+0000][31.144s][info][gc,marking  ] GC(51) Concurrent Cleanup for Next Mark 1.762ms
[2026-07-01T02:19:20.228+0000][31.144s][info][gc          ] GC(51) Concurrent Mark Cycle 1308.410ms
[2026-07-01T02:19:20.966+0000][31.882s][info][gc,start    ] GC(53) Pause Young (Prepare Mixed) (G1 Evacuation Pause)
[2026-07-01T02:19:20.966+0000][31.882s][info][gc,task     ] GC(53) Using 2 workers of 2 for evacuation
[2026-07-01T02:19:20.985+0000][31.901s][info][gc,phases   ] GC(53)   Pre Evacuate Collection Set: 0.16ms
[2026-07-01T02:19:20.985+0000][31.901s][info][gc,phases   ] GC(53)   Merge Heap Roots: 0.37ms
[2026-07-01T02:19:20.985+0000][31.901s][info][gc,phases   ] GC(53)   Evacuate Collection Set: 17.58ms
[2026-07-01T02:19:20.985+0000][31.901s][info][gc,phases   ] GC(53)   Post Evacuate Collection Set: 0.50ms
[2026-07-01T02:19:20.985+0000][31.901s][info][gc,phases   ] GC(53)   Other: 0.07ms
[2026-07-01T02:19:20.985+0000][31.901s][info][gc,heap     ] GC(53) Eden regions: 106->0(107)
[2026-07-01T02:19:20.985+0000][31.901s][info][gc,heap     ] GC(53) Survivor regions: 8->7(15)
[2026-07-01T02:19:20.985+0000][31.901s][info][gc,heap     ] GC(53) Old regions: 154->154
[2026-07-01T02:19:20.985+0000][31.901s][info][gc,heap     ] GC(53) Humongous regions: 3->3
[2026-07-01T02:19:20.985+0000][31.901s][info][gc,metaspace] GC(53) Metaspace: 41633K(42432K)->41633K(42432K) NonClass: 36496K(36928K)->36496K(36928K) Class: 5137K(5504K)->5137K(5504K)
[2026-07-01T02:19:20.985+0000][31.901s][info][gc          ] GC(53) Pause Young (Prepare Mixed) (G1 Evacuation Pause) 269M->163M(286M) 18.952ms
[2026-07-01T02:19:20.985+0000][31.901s][info][gc,cpu      ] GC(53) User=0.04s Sys=0.00s Real=0.02s
[2026-07-01T02:19:21.842+0000][32.758s][info][gc,start    ] GC(54) Pause Young (Mixed) (G1 Evacuation Pause)
[2026-07-01T02:19:21.842+0000][32.758s][info][gc,task     ] GC(54) Using 2 workers of 2 for evacuation
[2026-07-01T02:19:21.861+0000][32.777s][info][gc,phases   ] GC(54)   Pre Evacuate Collection Set: 0.14ms
[2026-07-01T02:19:21.861+0000][32.777s][info][gc,phases   ] GC(54)   Merge Heap Roots: 0.23ms
[2026-07-01T02:19:21.861+0000][32.777s][info][gc,phases   ] GC(54)   Evacuate Collection Set: 18.23ms
[2026-07-01T02:19:21.861+0000][32.777s][info][gc,phases   ] GC(54)   Post Evacuate Collection Set: 0.45ms
[2026-07-01T02:19:21.861+0000][32.777s][info][gc,phases   ] GC(54)   Other: 0.05ms
[2026-07-01T02:19:21.861+0000][32.777s][info][gc,heap     ] GC(54) Eden regions: 107->0(107)
[2026-07-01T02:19:21.861+0000][32.777s][info][gc,heap     ] GC(54) Survivor regions: 7->7(15)
[2026-07-01T02:19:21.861+0000][32.777s][info][gc,heap     ] GC(54) Old regions: 154->154
[2026-07-01T02:19:21.861+0000][32.777s][info][gc,heap     ] GC(54) Humongous regions: 3->3
[2026-07-01T02:19:21.861+0000][32.777s][info][gc,metaspace] GC(54) Metaspace: 41633K(42432K)->41633K(42432K) NonClass: 36496K(36928K)->36496K(36928K) Class: 5137K(5504K)->5137K(5504K)
[2026-07-01T02:19:21.861+0000][32.777s][info][gc          ] GC(54) Pause Young (Mixed) (G1 Evacuation Pause) 270M->163M(286M) 19.251ms
[2026-07-01T02:19:21.861+0000][32.777s][info][gc,cpu      ] GC(54) User=0.05s Sys=0.01s Real=0.02s
[2026-07-01T02:19:22.777+0000][33.693s][info][gc,start    ] GC(55) Pause Young (Concurrent Start) (G1 Evacuation Pause)
[2026-07-01T02:19:22.778+0000][33.693s][info][gc,task     ] GC(55) Using 2 workers of 2 for evacuation
[2026-07-01T02:19:22.831+0000][33.746s][info][gc,phases   ] GC(55)   Pre Evacuate Collection Set: 0.19ms
[2026-07-01T02:19:22.831+0000][33.746s][info][gc,phases   ] GC(55)   Merge Heap Roots: 1.27ms
[2026-07-01T02:19:22.831+0000][33.746s][info][gc,phases   ] GC(55)   Evacuate Collection Set: 50.99ms
[2026-07-01T02:19:22.831+0000][33.746s][info][gc,phases   ] GC(55)   Post Evacuate Collection Set: 0.51ms
[2026-07-01T02:19:22.831+0000][33.746s][info][gc,phases   ] GC(55)   Other: 0.07ms
[2026-07-01T02:19:22.831+0000][33.746s][info][gc,heap     ] GC(55) Eden regions: 107->0(107)
[2026-07-01T02:19:22.831+0000][33.746s][info][gc,heap     ] GC(55) Survivor regions: 7->7(15)
[2026-07-01T02:19:22.831+0000][33.746s][info][gc,heap     ] GC(55) Old regions: 154->154
[2026-07-01T02:19:22.831+0000][33.746s][info][gc,heap     ] GC(55) Humongous regions: 3->3
[2026-07-01T02:19:22.831+0000][33.746s][info][gc,metaspace] GC(55) Metaspace: 41634K(42432K)->41634K(42432K) NonClass: 36497K(36928K)->36497K(36928K) Class: 5137K(5504K)->5137K(5504K)
[2026-07-01T02:19:22.831+0000][33.746s][info][gc          ] GC(55) Pause Young (Concurrent Start) (G1 Evacuation Pause) 270M->163M(286M) 53.237ms
[2026-07-01T02:19:22.831+0000][33.747s][info][gc          ] GC(56) Concurrent Mark Cycle
[2026-07-01T02:19:22.831+0000][33.747s][info][gc,cpu      ] GC(55) User=0.06s Sys=0.00s Real=0.06s
[2026-07-01T02:19:22.831+0000][33.747s][info][gc,marking  ] GC(56) Concurrent Scan Root Regions
[2026-07-01T02:19:22.846+0000][33.761s][info][gc,marking  ] GC(56) Concurrent Scan Root Regions 14.873ms
[2026-07-01T02:19:22.846+0000][33.761s][info][gc,marking  ] GC(56) Concurrent Mark
[2026-07-01T02:19:22.846+0000][33.761s][info][gc,marking  ] GC(56) Concurrent Mark From Roots
[2026-07-01T02:19:22.846+0000][33.761s][info][gc,task     ] GC(56) Using 1 workers of 1 for marking
[2026-07-01T02:19:23.275+0000][34.191s][info][gc,marking  ] GC(56) Concurrent Mark From Roots 429.290ms
[2026-07-01T02:19:23.275+0000][34.191s][info][gc,marking  ] GC(56) Concurrent Preclean
[2026-07-01T02:19:23.275+0000][34.191s][info][gc,marking  ] GC(56) Concurrent Preclean 0.069ms
[2026-07-01T02:19:23.276+0000][34.191s][info][gc,start    ] GC(56) Pause Remark
[2026-07-01T02:19:23.287+0000][34.202s][info][gc          ] GC(56) Pause Remark 197M->197M(286M) 10.950ms
[2026-07-01T02:19:23.287+0000][34.202s][info][gc,cpu      ] GC(56) User=0.02s Sys=0.01s Real=0.01s
[2026-07-01T02:19:23.294+0000][34.210s][info][gc,marking  ] GC(56) Concurrent Mark 448.371ms
[2026-07-01T02:19:23.294+0000][34.210s][info][gc,marking  ] GC(56) Concurrent Rebuild Remembered Sets and Scrub Regions
[2026-07-01T02:19:23.478+0000][34.393s][info][gc,marking  ] GC(56) Concurrent Rebuild Remembered Sets and Scrub Regions 183.499ms
[2026-07-01T02:19:23.478+0000][34.394s][info][gc,start    ] GC(56) Pause Cleanup
[2026-07-01T02:19:23.478+0000][34.394s][info][gc          ] GC(56) Pause Cleanup 211M->211M(286M) 0.184ms
[2026-07-01T02:19:23.478+0000][34.394s][info][gc,cpu      ] GC(56) User=0.00s Sys=0.00s Real=0.00s
[2026-07-01T02:19:23.479+0000][34.394s][info][gc,marking  ] GC(56) Concurrent Clear Claimed Marks
[2026-07-01T02:19:23.479+0000][34.395s][info][gc,marking  ] GC(56) Concurrent Clear Claimed Marks 0.105ms
[2026-07-01T02:19:23.479+0000][34.395s][info][gc,marking  ] GC(56) Concurrent Cleanup for Next Mark
[2026-07-01T02:19:23.480+0000][34.395s][info][gc,marking  ] GC(56) Concurrent Cleanup for Next Mark 0.709ms
[2026-07-01T02:19:23.480+0000][34.395s][info][gc          ] GC(56) Concurrent Mark Cycle 648.828ms
[2026-07-01T02:19:24.202+0000][35.118s][info][gc,start    ] GC(57) Pause Young (Prepare Mixed) (G1 Evacuation Pause)
[2026-07-01T02:19:24.202+0000][35.118s][info][gc,task     ] GC(57) Using 2 workers of 2 for evacuation
[2026-07-01T02:19:24.217+0000][35.133s][info][gc,phases   ] GC(57)   Pre Evacuate Collection Set: 0.15ms
[2026-07-01T02:19:24.217+0000][35.133s][info][gc,phases   ] GC(57)   Merge Heap Roots: 0.39ms
[2026-07-01T02:19:24.217+0000][35.133s][info][gc,phases   ] GC(57)   Evacuate Collection Set: 14.13ms
[2026-07-01T02:19:24.217+0000][35.133s][info][gc,phases   ] GC(57)   Post Evacuate Collection Set: 0.44ms
[2026-07-01T02:19:24.217+0000][35.133s][info][gc,phases   ] GC(57)   Other: 0.07ms
[2026-07-01T02:19:24.217+0000][35.133s][info][gc,heap     ] GC(57) Eden regions: 107->0(105)
[2026-07-01T02:19:24.217+0000][35.133s][info][gc,heap     ] GC(57) Survivor regions: 7->8(15)
[2026-07-01T02:19:24.217+0000][35.133s][info][gc,heap     ] GC(57) Old regions: 154->155
[2026-07-01T02:19:24.217+0000][35.133s][info][gc,heap     ] GC(57) Humongous regions: 3->3
[2026-07-01T02:19:24.217+0000][35.133s][info][gc,metaspace] GC(57) Metaspace: 41634K(42432K)->41634K(42432K) NonClass: 36497K(36928K)->36497K(36928K) Class: 5137K(5504K)->5137K(5504K)
[2026-07-01T02:19:24.217+0000][35.133s][info][gc          ] GC(57) Pause Young (Prepare Mixed) (G1 Evacuation Pause) 270M->164M(286M) 15.415ms
[2026-07-01T02:19:24.217+0000][35.133s][info][gc,cpu      ] GC(57) User=0.04s Sys=0.00s Real=0.01s
[2026-07-01T02:19:25.148+0000][36.064s][info][gc,start    ] GC(58) Pause Young (Mixed) (G1 Evacuation Pause)
[2026-07-01T02:19:25.148+0000][36.064s][info][gc,task     ] GC(58) Using 2 workers of 2 for evacuation
[2026-07-01T02:19:25.168+0000][36.084s][info][gc,phases   ] GC(58)   Pre Evacuate Collection Set: 0.19ms
[2026-07-01T02:19:25.168+0000][36.084s][info][gc,phases   ] GC(58)   Merge Heap Roots: 0.34ms
[2026-07-01T02:19:25.168+0000][36.084s][info][gc,phases   ] GC(58)   Evacuate Collection Set: 18.93ms
[2026-07-01T02:19:25.168+0000][36.084s][info][gc,phases   ] GC(58)   Post Evacuate Collection Set: 0.47ms
[2026-07-01T02:19:25.168+0000][36.084s][info][gc,phases   ] GC(58)   Other: 0.05ms
[2026-07-01T02:19:25.168+0000][36.084s][info][gc,heap     ] GC(58) Eden regions: 105->0(106)
[2026-07-01T02:19:25.168+0000][36.084s][info][gc,heap     ] GC(58) Survivor regions: 8->7(15)
[2026-07-01T02:19:25.168+0000][36.084s][info][gc,heap     ] GC(58) Old regions: 155->155
[2026-07-01T02:19:25.168+0000][36.084s][info][gc,heap     ] GC(58) Humongous regions: 3->3
[2026-07-01T02:19:25.168+0000][36.084s][info][gc,metaspace] GC(58) Metaspace: 41637K(42432K)->41637K(42432K) NonClass: 36500K(36928K)->36500K(36928K) Class: 5137K(5504K)->5137K(5504K)
[2026-07-01T02:19:25.168+0000][36.084s][info][gc          ] GC(58) Pause Young (Mixed) (G1 Evacuation Pause) 269M->164M(286M) 20.180ms
[2026-07-01T02:19:25.168+0000][36.084s][info][gc,cpu      ] GC(58) User=0.04s Sys=0.00s Real=0.02s
[2026-07-01T02:19:26.044+0000][36.960s][info][gc,start    ] GC(59) Pause Young (Concurrent Start) (G1 Evacuation Pause)
[2026-07-01T02:19:26.044+0000][36.960s][info][gc,task     ] GC(59) Using 2 workers of 2 for evacuation
[2026-07-01T02:19:26.058+0000][36.974s][info][gc,phases   ] GC(59)   Pre Evacuate Collection Set: 0.38ms
[2026-07-01T02:19:26.058+0000][36.974s][info][gc,phases   ] GC(59)   Merge Heap Roots: 0.44ms
[2026-07-01T02:19:26.058+0000][36.974s][info][gc,phases   ] GC(59)   Evacuate Collection Set: 13.12ms
[2026-07-01T02:19:26.058+0000][36.974s][info][gc,phases   ] GC(59)   Post Evacuate Collection Set: 0.42ms
[2026-07-01T02:19:26.059+0000][36.974s][info][gc,phases   ] GC(59)   Other: 0.08ms
[2026-07-01T02:19:26.059+0000][36.974s][info][gc,heap     ] GC(59) Eden regions: 106->0(106)
[2026-07-01T02:19:26.059+0000][36.974s][info][gc,heap     ] GC(59) Survivor regions: 7->7(15)
[2026-07-01T02:19:26.059+0000][36.974s][info][gc,heap     ] GC(59) Old regions: 155->155
[2026-07-01T02:19:26.059+0000][36.974s][info][gc,heap     ] GC(59) Humongous regions: 3->3
[2026-07-01T02:19:26.059+0000][36.974s][info][gc,metaspace] GC(59) Metaspace: 41637K(42432K)->41637K(42432K) NonClass: 36500K(36928K)->36500K(36928K) Class: 5137K(5504K)->5137K(5504K)
[2026-07-01T02:19:26.059+0000][36.974s][info][gc          ] GC(59) Pause Young (Concurrent Start) (G1 Evacuation Pause) 270M->164M(286M) 14.598ms
[2026-07-01T02:19:26.059+0000][36.974s][info][gc,cpu      ] GC(59) User=0.03s Sys=0.00s Real=0.02s
[2026-07-01T02:19:26.059+0000][36.974s][info][gc          ] GC(60) Concurrent Mark Cycle
[2026-07-01T02:19:26.059+0000][36.974s][info][gc,marking  ] GC(60) Concurrent Scan Root Regions
[2026-07-01T02:19:26.111+0000][37.027s][info][gc,marking  ] GC(60) Concurrent Scan Root Regions 52.817ms
[2026-07-01T02:19:26.112+0000][37.028s][info][gc,marking  ] GC(60) Concurrent Mark
[2026-07-01T02:19:26.112+0000][37.028s][info][gc,marking  ] GC(60) Concurrent Mark From Roots
[2026-07-01T02:19:26.112+0000][37.028s][info][gc,task     ] GC(60) Using 1 workers of 1 for marking
[2026-07-01T02:19:26.588+0000][37.504s][info][gc,marking  ] GC(60) Concurrent Mark From Roots 476.201ms
[2026-07-01T02:19:26.588+0000][37.504s][info][gc,marking  ] GC(60) Concurrent Preclean
[2026-07-01T02:19:26.588+0000][37.504s][info][gc,marking  ] GC(60) Concurrent Preclean 0.070ms
[2026-07-01T02:19:26.613+0000][37.529s][info][gc,start    ] GC(60) Pause Remark
[2026-07-01T02:19:26.621+0000][37.537s][info][gc          ] GC(60) Pause Remark 207M->207M(286M) 7.788ms
[2026-07-01T02:19:26.621+0000][37.537s][info][gc,cpu      ] GC(60) User=0.02s Sys=0.00s Real=0.01s
[2026-07-01T02:19:26.625+0000][37.541s][info][gc,marking  ] GC(60) Concurrent Mark 513.014ms
[2026-07-01T02:19:26.625+0000][37.541s][info][gc,marking  ] GC(60) Concurrent Rebuild Remembered Sets and Scrub Regions
[2026-07-01T02:19:27.132+0000][38.048s][info][gc,marking  ] GC(60) Concurrent Rebuild Remembered Sets and Scrub Regions 507.303ms
[2026-07-01T02:19:27.174+0000][38.090s][info][gc,start    ] GC(60) Pause Cleanup
[2026-07-01T02:19:27.174+0000][38.090s][info][gc          ] GC(60) Pause Cleanup 263M->263M(286M) 0.189ms
[2026-07-01T02:19:27.174+0000][38.090s][info][gc,cpu      ] GC(60) User=0.00s Sys=0.00s Real=0.00s
[2026-07-01T02:19:27.175+0000][38.091s][info][gc,marking  ] GC(60) Concurrent Clear Claimed Marks
[2026-07-01T02:19:27.175+0000][38.091s][info][gc,marking  ] GC(60) Concurrent Clear Claimed Marks 0.095ms
[2026-07-01T02:19:27.175+0000][38.091s][info][gc,marking  ] GC(60) Concurrent Cleanup for Next Mark
[2026-07-01T02:19:27.176+0000][38.091s][info][gc,marking  ] GC(60) Concurrent Cleanup for Next Mark 0.511ms
[2026-07-01T02:19:27.176+0000][38.091s][info][gc          ] GC(60) Concurrent Mark Cycle 1117.127ms
[2026-07-01T02:19:27.231+0000][38.147s][info][gc,start    ] GC(61) Pause Young (Prepare Mixed) (G1 Evacuation Pause)
[2026-07-01T02:19:27.231+0000][38.147s][info][gc,task     ] GC(61) Using 2 workers of 2 for evacuation
[2026-07-01T02:19:27.244+0000][38.160s][info][gc,phases   ] GC(61)   Pre Evacuate Collection Set: 0.14ms
[2026-07-01T02:19:27.244+0000][38.160s][info][gc,phases   ] GC(61)   Merge Heap Roots: 0.55ms
[2026-07-01T02:19:27.244+0000][38.160s][info][gc,phases   ] GC(61)   Evacuate Collection Set: 12.11ms
[2026-07-01T02:19:27.244+0000][38.160s][info][gc,phases   ] GC(61)   Post Evacuate Collection Set: 0.42ms
[2026-07-01T02:19:27.244+0000][38.160s][info][gc,phases   ] GC(61)   Other: 0.04ms
[2026-07-01T02:19:27.244+0000][38.160s][info][gc,heap     ] GC(61) Eden regions: 106->0(105)
[2026-07-01T02:19:27.244+0000][38.160s][info][gc,heap     ] GC(61) Survivor regions: 7->7(15)
[2026-07-01T02:19:27.244+0000][38.160s][info][gc,heap     ] GC(61) Old regions: 155->156
[2026-07-01T02:19:27.244+0000][38.160s][info][gc,heap     ] GC(61) Humongous regions: 3->3
[2026-07-01T02:19:27.244+0000][38.160s][info][gc,metaspace] GC(61) Metaspace: 41637K(42432K)->41637K(42432K) NonClass: 36500K(36928K)->36500K(36928K) Class: 5137K(5504K)->5137K(5504K)
[2026-07-01T02:19:27.244+0000][38.160s][info][gc          ] GC(61) Pause Young (Prepare Mixed) (G1 Evacuation Pause) 270M->165M(286M) 13.395ms
[2026-07-01T02:19:27.245+0000][38.160s][info][gc,cpu      ] GC(61) User=0.03s Sys=0.00s Real=0.01s
[2026-07-01T02:19:28.046+0000][38.962s][info][gc,start    ] GC(62) Pause Young (Mixed) (G1 Evacuation Pause)
[2026-07-01T02:19:28.046+0000][38.962s][info][gc,task     ] GC(62) Using 2 workers of 2 for evacuation
[2026-07-01T02:19:28.067+0000][38.983s][info][gc,phases   ] GC(62)   Pre Evacuate Collection Set: 0.13ms
[2026-07-01T02:19:28.067+0000][38.983s][info][gc,phases   ] GC(62)   Merge Heap Roots: 0.25ms
[2026-07-01T02:19:28.067+0000][38.983s][info][gc,phases   ] GC(62)   Evacuate Collection Set: 20.03ms
[2026-07-01T02:19:28.067+0000][38.983s][info][gc,phases   ] GC(62)   Post Evacuate Collection Set: 0.50ms
[2026-07-01T02:19:28.067+0000][38.983s][info][gc,phases   ] GC(62)   Other: 0.07ms
[2026-07-01T02:19:28.067+0000][38.983s][info][gc,heap     ] GC(62) Eden regions: 105->0(105)
[2026-07-01T02:19:28.067+0000][38.983s][info][gc,heap     ] GC(62) Survivor regions: 7->7(14)
[2026-07-01T02:19:28.067+0000][38.983s][info][gc,heap     ] GC(62) Old regions: 156->156
[2026-07-01T02:19:28.067+0000][38.983s][info][gc,heap     ] GC(62) Humongous regions: 3->3
[2026-07-01T02:19:28.067+0000][38.983s][info][gc,metaspace] GC(62) Metaspace: 41638K(42432K)->41638K(42432K) NonClass: 36501K(36928K)->36501K(36928K) Class: 5137K(5504K)->5137K(5504K)
[2026-07-01T02:19:28.067+0000][38.983s][info][gc          ] GC(62) Pause Young (Mixed) (G1 Evacuation Pause) 270M->165M(286M) 21.194ms
[2026-07-01T02:19:28.067+0000][38.983s][info][gc,cpu      ] GC(62) User=0.05s Sys=0.00s Real=0.02s
[2026-07-01T02:19:28.911+0000][39.827s][info][gc,start    ] GC(63) Pause Young (Concurrent Start) (G1 Evacuation Pause)
[2026-07-01T02:19:28.911+0000][39.827s][info][gc,task     ] GC(63) Using 2 workers of 2 for evacuation
[2026-07-01T02:19:28.925+0000][39.841s][info][gc,phases   ] GC(63)   Pre Evacuate Collection Set: 0.16ms
[2026-07-01T02:19:28.925+0000][39.841s][info][gc,phases   ] GC(63)   Merge Heap Roots: 0.44ms
[2026-07-01T02:19:28.925+0000][39.841s][info][gc,phases   ] GC(63)   Evacuate Collection Set: 12.57ms
[2026-07-01T02:19:28.925+0000][39.841s][info][gc,phases   ] GC(63)   Post Evacuate Collection Set: 0.43ms
[2026-07-01T02:19:28.925+0000][39.841s][info][gc,phases   ] GC(63)   Other: 0.06ms
[2026-07-01T02:19:28.925+0000][39.841s][info][gc,heap     ] GC(63) Eden regions: 105->0(105)
[2026-07-01T02:19:28.925+0000][39.841s][info][gc,heap     ] GC(63) Survivor regions: 7->7(14)
[2026-07-01T02:19:28.925+0000][39.841s][info][gc,heap     ] GC(63) Old regions: 156->156
[2026-07-01T02:19:28.925+0000][39.841s][info][gc,heap     ] GC(63) Humongous regions: 3->3
[2026-07-01T02:19:28.925+0000][39.841s][info][gc,metaspace] GC(63) Metaspace: 41639K(42432K)->41639K(42432K) NonClass: 36502K(36928K)->36502K(36928K) Class: 5137K(5504K)->5137K(5504K)
[2026-07-01T02:19:28.925+0000][39.841s][info][gc          ] GC(63) Pause Young (Concurrent Start) (G1 Evacuation Pause) 270M->165M(286M) 13.794ms
[2026-07-01T02:19:28.925+0000][39.841s][info][gc          ] GC(64) Concurrent Mark Cycle
[2026-07-01T02:19:28.925+0000][39.841s][info][gc,marking  ] GC(64) Concurrent Scan Root Regions
[2026-07-01T02:19:28.925+0000][39.841s][info][gc,cpu      ] GC(63) User=0.03s Sys=0.00s Real=0.01s
[2026-07-01T02:19:28.964+0000][39.880s][info][gc,marking  ] GC(64) Concurrent Scan Root Regions 38.655ms
[2026-07-01T02:19:28.964+0000][39.880s][info][gc,marking  ] GC(64) Concurrent Mark
[2026-07-01T02:19:28.964+0000][39.880s][info][gc,marking  ] GC(64) Concurrent Mark From Roots
[2026-07-01T02:19:28.964+0000][39.880s][info][gc,task     ] GC(64) Using 1 workers of 1 for marking
[2026-07-01T02:19:29.523+0000][40.439s][info][gc,marking  ] GC(64) Concurrent Mark From Roots 559.261ms
[2026-07-01T02:19:29.523+0000][40.439s][info][gc,marking  ] GC(64) Concurrent Preclean
[2026-07-01T02:19:29.523+0000][40.439s][info][gc,marking  ] GC(64) Concurrent Preclean 0.097ms
[2026-07-01T02:19:29.524+0000][40.439s][info][gc,start    ] GC(64) Pause Remark
[2026-07-01T02:19:29.531+0000][40.447s][info][gc          ] GC(64) Pause Remark 210M->210M(286M) 7.675ms
[2026-07-01T02:19:29.531+0000][40.447s][info][gc,cpu      ] GC(64) User=0.01s Sys=0.00s Real=0.01s
[2026-07-01T02:19:29.533+0000][40.449s][info][gc,marking  ] GC(64) Concurrent Mark 569.330ms
[2026-07-01T02:19:29.533+0000][40.449s][info][gc,marking  ] GC(64) Concurrent Rebuild Remembered Sets and Scrub Regions
[2026-07-01T02:19:29.762+0000][40.677s][info][gc,marking  ] GC(64) Concurrent Rebuild Remembered Sets and Scrub Regions 228.316ms
[2026-07-01T02:19:29.762+0000][40.678s][info][gc,start    ] GC(64) Pause Cleanup
[2026-07-01T02:19:29.762+0000][40.678s][info][gc          ] GC(64) Pause Cleanup 226M->226M(286M) 0.338ms
[2026-07-01T02:19:29.762+0000][40.678s][info][gc,cpu      ] GC(64) User=0.00s Sys=0.00s Real=0.00s
[2026-07-01T02:19:29.764+0000][40.680s][info][gc,marking  ] GC(64) Concurrent Clear Claimed Marks
[2026-07-01T02:19:29.765+0000][40.680s][info][gc,marking  ] GC(64) Concurrent Clear Claimed Marks 0.097ms
[2026-07-01T02:19:29.765+0000][40.680s][info][gc,marking  ] GC(64) Concurrent Cleanup for Next Mark
[2026-07-01T02:19:29.765+0000][40.681s][info][gc,marking  ] GC(64) Concurrent Cleanup for Next Mark 0.691ms
[2026-07-01T02:19:29.765+0000][40.681s][info][gc          ] GC(64) Concurrent Mark Cycle 840.133ms
[2026-07-01T02:19:30.089+0000][41.004s][info][gc,start    ] GC(65) Pause Young (Prepare Mixed) (G1 Evacuation Pause)
[2026-07-01T02:19:30.089+0000][41.004s][info][gc,task     ] GC(65) Using 2 workers of 2 for evacuation
[2026-07-01T02:19:30.111+0000][41.027s][info][gc,phases   ] GC(65)   Pre Evacuate Collection Set: 0.19ms
[2026-07-01T02:19:30.111+0000][41.027s][info][gc,phases   ] GC(65)   Merge Heap Roots: 0.83ms
[2026-07-01T02:19:30.111+0000][41.027s][info][gc,phases   ] GC(65)   Evacuate Collection Set: 21.07ms
[2026-07-01T02:19:30.111+0000][41.027s][info][gc,phases   ] GC(65)   Post Evacuate Collection Set: 0.44ms
[2026-07-01T02:19:30.111+0000][41.027s][info][gc,phases   ] GC(65)   Other: 0.06ms
[2026-07-01T02:19:30.111+0000][41.027s][info][gc,heap     ] GC(65) Eden regions: 105->0(103)
[2026-07-01T02:19:30.111+0000][41.027s][info][gc,heap     ] GC(65) Survivor regions: 7->8(14)
[2026-07-01T02:19:30.111+0000][41.027s][info][gc,heap     ] GC(65) Old regions: 156->157
[2026-07-01T02:19:30.111+0000][41.027s][info][gc,heap     ] GC(65) Humongous regions: 3->3
[2026-07-01T02:19:30.111+0000][41.027s][info][gc,metaspace] GC(65) Metaspace: 41643K(42432K)->41643K(42432K) NonClass: 36505K(36928K)->36505K(36928K) Class: 5137K(5504K)->5137K(5504K)
[2026-07-01T02:19:30.111+0000][41.027s][info][gc          ] GC(65) Pause Young (Prepare Mixed) (G1 Evacuation Pause) 270M->166M(286M) 22.739ms
[2026-07-01T02:19:30.111+0000][41.027s][info][gc,cpu      ] GC(65) User=0.03s Sys=0.00s Real=0.02s
[2026-07-01T02:19:30.867+0000][41.783s][info][gc,start    ] GC(66) Pause Young (Mixed) (G1 Evacuation Pause)
[2026-07-01T02:19:30.867+0000][41.783s][info][gc,task     ] GC(66) Using 2 workers of 2 for evacuation
[2026-07-01T02:19:30.888+0000][41.803s][info][gc,phases   ] GC(66)   Pre Evacuate Collection Set: 0.19ms
[2026-07-01T02:19:30.888+0000][41.803s][info][gc,phases   ] GC(66)   Merge Heap Roots: 0.32ms
[2026-07-01T02:19:30.888+0000][41.803s][info][gc,phases   ] GC(66)   Evacuate Collection Set: 19.34ms
[2026-07-01T02:19:30.888+0000][41.803s][info][gc,phases   ] GC(66)   Post Evacuate Collection Set: 0.48ms
[2026-07-01T02:19:30.888+0000][41.803s][info][gc,phases   ] GC(66)   Other: 0.07ms
[2026-07-01T02:19:30.888+0000][41.803s][info][gc,heap     ] GC(66) Eden regions: 103->0(104)
[2026-07-01T02:19:30.888+0000][41.804s][info][gc,heap     ] GC(66) Survivor regions: 8->7(14)
[2026-07-01T02:19:30.888+0000][41.804s][info][gc,heap     ] GC(66) Old regions: 157->157
[2026-07-01T02:19:30.888+0000][41.804s][info][gc,heap     ] GC(66) Humongous regions: 3->3
[2026-07-01T02:19:30.888+0000][41.804s][info][gc,metaspace] GC(66) Metaspace: 41646K(42432K)->41646K(42432K) NonClass: 36508K(36928K)->36508K(36928K) Class: 5137K(5504K)->5137K(5504K)
[2026-07-01T02:19:30.888+0000][41.804s][info][gc          ] GC(66) Pause Young (Mixed) (G1 Evacuation Pause) 269M->166M(286M) 20.578ms
[2026-07-01T02:19:30.888+0000][41.804s][info][gc,cpu      ] GC(66) User=0.04s Sys=0.00s Real=0.02s
[2026-07-01T02:19:31.860+0000][42.776s][info][gc,start    ] GC(67) Pause Young (Concurrent Start) (G1 Evacuation Pause)
[2026-07-01T02:19:31.860+0000][42.776s][info][gc,task     ] GC(67) Using 2 workers of 2 for evacuation
[2026-07-01T02:19:31.874+0000][42.790s][info][gc,phases   ] GC(67)   Pre Evacuate Collection Set: 0.65ms
[2026-07-01T02:19:31.874+0000][42.790s][info][gc,phases   ] GC(67)   Merge Heap Roots: 0.34ms
[2026-07-01T02:19:31.874+0000][42.790s][info][gc,phases   ] GC(67)   Evacuate Collection Set: 13.10ms
[2026-07-01T02:19:31.874+0000][42.790s][info][gc,phases   ] GC(67)   Post Evacuate Collection Set: 0.36ms
[2026-07-01T02:19:31.874+0000][42.790s][info][gc,phases   ] GC(67)   Other: 0.07ms
[2026-07-01T02:19:31.874+0000][42.790s][info][gc,heap     ] GC(67) Eden regions: 104->0(104)
[2026-07-01T02:19:31.874+0000][42.790s][info][gc,heap     ] GC(67) Survivor regions: 7->7(14)
[2026-07-01T02:19:31.874+0000][42.790s][info][gc,heap     ] GC(67) Old regions: 157->157
[2026-07-01T02:19:31.874+0000][42.790s][info][gc,heap     ] GC(67) Humongous regions: 3->3
[2026-07-01T02:19:31.874+0000][42.790s][info][gc,metaspace] GC(67) Metaspace: 41649K(42432K)->41649K(42432K) NonClass: 36511K(36928K)->36511K(36928K) Class: 5137K(5504K)->5137K(5504K)
[2026-07-01T02:19:31.875+0000][42.790s][info][gc          ] GC(67) Pause Young (Concurrent Start) (G1 Evacuation Pause) 270M->166M(286M) 14.678ms
[2026-07-01T02:19:31.875+0000][42.790s][info][gc          ] GC(68) Concurrent Mark Cycle
[2026-07-01T02:19:31.875+0000][42.790s][info][gc,marking  ] GC(68) Concurrent Scan Root Regions
[2026-07-01T02:19:31.875+0000][42.790s][info][gc,cpu      ] GC(67) User=0.03s Sys=0.00s Real=0.01s
[2026-07-01T02:19:31.901+0000][42.817s][info][gc,marking  ] GC(68) Concurrent Scan Root Regions 26.644ms
[2026-07-01T02:19:31.901+0000][42.817s][info][gc,marking  ] GC(68) Concurrent Mark
[2026-07-01T02:19:31.901+0000][42.817s][info][gc,marking  ] GC(68) Concurrent Mark From Roots
[2026-07-01T02:19:31.901+0000][42.817s][info][gc,task     ] GC(68) Using 1 workers of 1 for marking
[2026-07-01T02:19:32.723+0000][43.639s][info][gc,marking  ] GC(68) Concurrent Mark From Roots 821.798ms
[2026-07-01T02:19:32.723+0000][43.639s][info][gc,marking  ] GC(68) Concurrent Preclean
[2026-07-01T02:19:32.723+0000][43.639s][info][gc,marking  ] GC(68) Concurrent Preclean 0.062ms
[2026-07-01T02:19:32.724+0000][43.640s][info][gc,start    ] GC(68) Pause Remark
[2026-07-01T02:19:32.731+0000][43.646s][info][gc          ] GC(68) Pause Remark 270M->270M(286M) 6.325ms
[2026-07-01T02:19:32.731+0000][43.646s][info][gc,cpu      ] GC(68) User=0.02s Sys=0.00s Real=0.01s
[2026-07-01T02:19:32.735+0000][43.651s][info][gc,marking  ] GC(68) Concurrent Mark 834.122ms
[2026-07-01T02:19:32.735+0000][43.651s][info][gc,marking  ] GC(68) Concurrent Rebuild Remembered Sets and Scrub Regions
[2026-07-01T02:19:32.736+0000][43.651s][info][gc,start    ] GC(69) Pause Young (Normal) (G1 Evacuation Pause)
[2026-07-01T02:19:32.736+0000][43.651s][info][gc,task     ] GC(69) Using 2 workers of 2 for evacuation
[2026-07-01T02:19:32.750+0000][43.666s][info][gc,phases   ] GC(69)   Pre Evacuate Collection Set: 0.13ms
[2026-07-01T02:19:32.750+0000][43.666s][info][gc,phases   ] GC(69)   Merge Heap Roots: 0.30ms
[2026-07-01T02:19:32.750+0000][43.666s][info][gc,phases   ] GC(69)   Evacuate Collection Set: 13.35ms
[2026-07-01T02:19:32.750+0000][43.666s][info][gc,phases   ] GC(69)   Post Evacuate Collection Set: 0.53ms
[2026-07-01T02:19:32.750+0000][43.666s][info][gc,phases   ] GC(69)   Other: 0.04ms
[2026-07-01T02:19:32.750+0000][43.666s][info][gc,heap     ] GC(69) Eden regions: 104->0(104)
[2026-07-01T02:19:32.750+0000][43.666s][info][gc,heap     ] GC(69) Survivor regions: 7->7(14)
[2026-07-01T02:19:32.750+0000][43.666s][info][gc,heap     ] GC(69) Old regions: 157->157
[2026-07-01T02:19:32.750+0000][43.666s][info][gc,heap     ] GC(69) Humongous regions: 3->3
[2026-07-01T02:19:32.750+0000][43.666s][info][gc,metaspace] GC(69) Metaspace: 41649K(42432K)->41649K(42432K) NonClass: 36512K(36928K)->36512K(36928K) Class: 5137K(5504K)->5137K(5504K)
[2026-07-01T02:19:32.750+0000][43.666s][info][gc          ] GC(69) Pause Young (Normal) (G1 Evacuation Pause) 270M->167M(286M) 14.443ms
[2026-07-01T02:19:32.750+0000][43.666s][info][gc,cpu      ] GC(69) User=0.03s Sys=0.00s Real=0.02s
[2026-07-01T02:19:33.153+0000][44.069s][info][gc,marking  ] GC(68) Concurrent Rebuild Remembered Sets and Scrub Regions 417.362ms
[2026-07-01T02:19:33.153+0000][44.069s][info][gc,start    ] GC(68) Pause Cleanup
[2026-07-01T02:19:33.153+0000][44.069s][info][gc          ] GC(68) Pause Cleanup 218M->218M(286M) 0.193ms
[2026-07-01T02:19:33.153+0000][44.069s][info][gc,cpu      ] GC(68) User=0.00s Sys=0.00s Real=0.00s
[2026-07-01T02:19:33.154+0000][44.070s][info][gc,marking  ] GC(68) Concurrent Clear Claimed Marks
[2026-07-01T02:19:33.155+0000][44.070s][info][gc,marking  ] GC(68) Concurrent Clear Claimed Marks 0.303ms
[2026-07-01T02:19:33.155+0000][44.070s][info][gc,marking  ] GC(68) Concurrent Cleanup for Next Mark
[2026-07-01T02:19:33.156+0000][44.072s][info][gc,marking  ] GC(68) Concurrent Cleanup for Next Mark 1.407ms
[2026-07-01T02:19:33.156+0000][44.072s][info][gc          ] GC(68) Concurrent Mark Cycle 1281.552ms
[2026-07-01T02:19:33.654+0000][44.570s][info][gc,start    ] GC(70) Pause Young (Prepare Mixed) (G1 Evacuation Pause)
[2026-07-01T02:19:33.654+0000][44.570s][info][gc,task     ] GC(70) Using 2 workers of 2 for evacuation
[2026-07-01T02:19:33.673+0000][44.589s][info][gc,phases   ] GC(70)   Pre Evacuate Collection Set: 0.15ms
[2026-07-01T02:19:33.673+0000][44.589s][info][gc,phases   ] GC(70)   Merge Heap Roots: 0.59ms
[2026-07-01T02:19:33.673+0000][44.589s][info][gc,phases   ] GC(70)   Evacuate Collection Set: 17.64ms
[2026-07-01T02:19:33.673+0000][44.589s][info][gc,phases   ] GC(70)   Post Evacuate Collection Set: 0.46ms
[2026-07-01T02:19:33.673+0000][44.589s][info][gc,phases   ] GC(70)   Other: 0.06ms
[2026-07-01T02:19:33.673+0000][44.589s][info][gc,heap     ] GC(70) Eden regions: 104->0(103)
[2026-07-01T02:19:33.673+0000][44.589s][info][gc,heap     ] GC(70) Survivor regions: 7->7(14)
[2026-07-01T02:19:33.673+0000][44.589s][info][gc,heap     ] GC(70) Old regions: 157->158
[2026-07-01T02:19:33.673+0000][44.589s][info][gc,heap     ] GC(70) Humongous regions: 3->3
[2026-07-01T02:19:33.673+0000][44.589s][info][gc,metaspace] GC(70) Metaspace: 41649K(42432K)->41649K(42432K) NonClass: 36512K(36928K)->36512K(36928K) Class: 5137K(5504K)->5137K(5504K)
[2026-07-01T02:19:33.673+0000][44.589s][info][gc          ] GC(70) Pause Young (Prepare Mixed) (G1 Evacuation Pause) 271M->167M(286M) 19.074ms
[2026-07-01T02:19:33.673+0000][44.589s][info][gc,cpu      ] GC(70) User=0.04s Sys=0.00s Real=0.02s
[2026-07-01T02:19:34.631+0000][45.546s][info][gc,start    ] GC(71) Pause Young (Mixed) (G1 Evacuation Pause)
[2026-07-01T02:19:34.631+0000][45.546s][info][gc,task     ] GC(71) Using 2 workers of 2 for evacuation
[2026-07-01T02:19:34.648+0000][45.563s][info][gc,phases   ] GC(71)   Pre Evacuate Collection Set: 0.15ms
[2026-07-01T02:19:34.648+0000][45.564s][info][gc,phases   ] GC(71)   Merge Heap Roots: 0.25ms
[2026-07-01T02:19:34.648+0000][45.564s][info][gc,phases   ] GC(71)   Evacuate Collection Set: 16.25ms
[2026-07-01T02:19:34.648+0000][45.564s][info][gc,phases   ] GC(71)   Post Evacuate Collection Set: 0.42ms
[2026-07-01T02:19:34.648+0000][45.564s][info][gc,phases   ] GC(71)   Other: 0.05ms
[2026-07-01T02:19:34.648+0000][45.564s][info][gc,heap     ] GC(71) Eden regions: 103->0(102)
[2026-07-01T02:19:34.648+0000][45.564s][info][gc,heap     ] GC(71) Survivor regions: 7->8(14)
[2026-07-01T02:19:34.648+0000][45.564s][info][gc,heap     ] GC(71) Old regions: 158->158
[2026-07-01T02:19:34.648+0000][45.564s][info][gc,heap     ] GC(71) Humongous regions: 3->3
[2026-07-01T02:19:34.648+0000][45.564s][info][gc,metaspace] GC(71) Metaspace: 41650K(42432K)->41650K(42432K) NonClass: 36513K(36928K)->36513K(36928K) Class: 5137K(5504K)->5137K(5504K)
[2026-07-01T02:19:34.648+0000][45.564s][info][gc          ] GC(71) Pause Young (Mixed) (G1 Evacuation Pause) 270M->167M(286M) 17.281ms
[2026-07-01T02:19:34.648+0000][45.564s][info][gc,cpu      ] GC(71) User=0.05s Sys=0.00s Real=0.01s
[2026-07-01T02:19:35.250+0000][46.166s][info][gc,start    ] GC(72) Pause Young (Concurrent Start) (G1 Evacuation Pause)
[2026-07-01T02:19:35.250+0000][46.166s][info][gc,task     ] GC(72) Using 2 workers of 2 for evacuation
[2026-07-01T02:19:35.267+0000][46.182s][info][gc,phases   ] GC(72)   Pre Evacuate Collection Set: 0.18ms
[2026-07-01T02:19:35.267+0000][46.182s][info][gc,phases   ] GC(72)   Merge Heap Roots: 0.43ms
[2026-07-01T02:19:35.267+0000][46.182s][info][gc,phases   ] GC(72)   Evacuate Collection Set: 15.36ms
[2026-07-01T02:19:35.267+0000][46.182s][info][gc,phases   ] GC(72)   Post Evacuate Collection Set: 0.39ms
[2026-07-01T02:19:35.267+0000][46.182s][info][gc,phases   ] GC(72)   Other: 0.08ms
[2026-07-01T02:19:35.267+0000][46.182s][info][gc,heap     ] GC(72) Eden regions: 102->0(103)
[2026-07-01T02:19:35.267+0000][46.182s][info][gc,heap     ] GC(72) Survivor regions: 8->7(14)
[2026-07-01T02:19:35.267+0000][46.182s][info][gc,heap     ] GC(72) Old regions: 158->158
[2026-07-01T02:19:35.267+0000][46.182s][info][gc,heap     ] GC(72) Humongous regions: 3->3
[2026-07-01T02:19:35.267+0000][46.182s][info][gc,metaspace] GC(72) Metaspace: 41650K(42432K)->41650K(42432K) NonClass: 36513K(36928K)->36513K(36928K) Class: 5137K(5504K)->5137K(5504K)
[2026-07-01T02:19:35.267+0000][46.182s][info][gc          ] GC(72) Pause Young (Concurrent Start) (G1 Evacuation Pause) 269M->167M(286M) 16.623ms
[2026-07-01T02:19:35.267+0000][46.182s][info][gc          ] GC(73) Concurrent Mark Cycle
[2026-07-01T02:19:35.267+0000][46.183s][info][gc,marking  ] GC(73) Concurrent Scan Root Regions
[2026-07-01T02:19:35.267+0000][46.182s][info][gc,cpu      ] GC(72) User=0.04s Sys=0.00s Real=0.01s
[2026-07-01T02:19:35.290+0000][46.206s][info][gc,marking  ] GC(73) Concurrent Scan Root Regions 23.558ms
[2026-07-01T02:19:35.290+0000][46.206s][info][gc,marking  ] GC(73) Concurrent Mark
[2026-07-01T02:19:35.290+0000][46.206s][info][gc,marking  ] GC(73) Concurrent Mark From Roots
[2026-07-01T02:19:35.290+0000][46.206s][info][gc,task     ] GC(73) Using 1 workers of 1 for marking
[2026-07-01T02:19:35.677+0000][46.593s][info][gc,marking  ] GC(73) Concurrent Mark From Roots 386.424ms
[2026-07-01T02:19:35.677+0000][46.593s][info][gc,marking  ] GC(73) Concurrent Preclean
[2026-07-01T02:19:35.677+0000][46.593s][info][gc,marking  ] GC(73) Concurrent Preclean 0.122ms
[2026-07-01T02:19:35.677+0000][46.593s][info][gc,start    ] GC(73) Pause Remark
[2026-07-01T02:19:35.685+0000][46.601s][info][gc          ] GC(73) Pause Remark 212M->212M(286M) 7.499ms
[2026-07-01T02:19:35.685+0000][46.601s][info][gc,cpu      ] GC(73) User=0.02s Sys=0.00s Real=0.01s
[2026-07-01T02:19:35.694+0000][46.610s][info][gc,marking  ] GC(73) Concurrent Mark 403.701ms
[2026-07-01T02:19:35.694+0000][46.610s][info][gc,marking  ] GC(73) Concurrent Rebuild Remembered Sets and Scrub Regions
[2026-07-01T02:19:36.128+0000][47.044s][info][gc,start    ] GC(74) Pause Young (Normal) (G1 Evacuation Pause)
[2026-07-01T02:19:36.128+0000][47.044s][info][gc,task     ] GC(74) Using 2 workers of 2 for evacuation
[2026-07-01T02:19:36.147+0000][47.063s][info][gc,phases   ] GC(74)   Pre Evacuate Collection Set: 0.15ms
[2026-07-01T02:19:36.147+0000][47.063s][info][gc,phases   ] GC(74)   Merge Heap Roots: 0.41ms
[2026-07-01T02:19:36.147+0000][47.063s][info][gc,phases   ] GC(74)   Evacuate Collection Set: 17.82ms
[2026-07-01T02:19:36.147+0000][47.063s][info][gc,phases   ] GC(74)   Post Evacuate Collection Set: 0.58ms
[2026-07-01T02:19:36.147+0000][47.063s][info][gc,phases   ] GC(74)   Other: 0.07ms
[2026-07-01T02:19:36.148+0000][47.063s][info][gc,heap     ] GC(74) Eden regions: 103->0(102)
[2026-07-01T02:19:36.148+0000][47.063s][info][gc,heap     ] GC(74) Survivor regions: 7->7(14)
[2026-07-01T02:19:36.148+0000][47.063s][info][gc,heap     ] GC(74) Old regions: 158->159
[2026-07-01T02:19:36.148+0000][47.063s][info][gc,heap     ] GC(74) Humongous regions: 3->3
[2026-07-01T02:19:36.148+0000][47.063s][info][gc,metaspace] GC(74) Metaspace: 41650K(42432K)->41650K(42432K) NonClass: 36513K(36928K)->36513K(36928K) Class: 5137K(5504K)->5137K(5504K)
[2026-07-01T02:19:36.148+0000][47.063s][info][gc          ] GC(74) Pause Young (Normal) (G1 Evacuation Pause) 270M->168M(286M) 19.174ms
[2026-07-01T02:19:36.148+0000][47.063s][info][gc,cpu      ] GC(74) User=0.03s Sys=0.00s Real=0.01s
[2026-07-01T02:19:36.183+0000][47.098s][info][gc,marking  ] GC(73) Concurrent Rebuild Remembered Sets and Scrub Regions 488.443ms
[2026-07-01T02:19:36.184+0000][47.099s][info][gc,start    ] GC(73) Pause Cleanup
[2026-07-01T02:19:36.185+0000][47.101s][info][gc          ] GC(73) Pause Cleanup 173M->173M(286M) 1.494ms
[2026-07-01T02:19:36.185+0000][47.101s][info][gc,cpu      ] GC(73) User=0.00s Sys=0.00s Real=0.00s
[2026-07-01T02:19:36.190+0000][47.106s][info][gc,marking  ] GC(73) Concurrent Clear Claimed Marks
[2026-07-01T02:19:36.190+0000][47.106s][info][gc,marking  ] GC(73) Concurrent Clear Claimed Marks 0.098ms
[2026-07-01T02:19:36.190+0000][47.106s][info][gc,marking  ] GC(73) Concurrent Cleanup for Next Mark
[2026-07-01T02:19:36.193+0000][47.109s][info][gc,marking  ] GC(73) Concurrent Cleanup for Next Mark 2.688ms
[2026-07-01T02:19:36.193+0000][47.109s][info][gc          ] GC(73) Concurrent Mark Cycle 926.354ms
[2026-07-01T02:19:37.126+0000][48.042s][info][gc,start    ] GC(75) Pause Young (Prepare Mixed) (G1 Evacuation Pause)
[2026-07-01T02:19:37.126+0000][48.042s][info][gc,task     ] GC(75) Using 2 workers of 2 for evacuation
[2026-07-01T02:19:37.164+0000][48.080s][info][gc,phases   ] GC(75)   Pre Evacuate Collection Set: 0.16ms
[2026-07-01T02:19:37.164+0000][48.080s][info][gc,phases   ] GC(75)   Merge Heap Roots: 0.77ms
[2026-07-01T02:19:37.164+0000][48.080s][info][gc,phases   ] GC(75)   Evacuate Collection Set: 36.29ms
[2026-07-01T02:19:37.164+0000][48.080s][info][gc,phases   ] GC(75)   Post Evacuate Collection Set: 0.71ms
[2026-07-01T02:19:37.164+0000][48.080s][info][gc,phases   ] GC(75)   Other: 0.07ms
[2026-07-01T02:19:37.164+0000][48.080s][info][gc,heap     ] GC(75) Eden regions: 102->0(102)
[2026-07-01T02:19:37.164+0000][48.080s][info][gc,heap     ] GC(75) Survivor regions: 7->7(14)
[2026-07-01T02:19:37.164+0000][48.080s][info][gc,heap     ] GC(75) Old regions: 159->159
[2026-07-01T02:19:37.164+0000][48.080s][info][gc,heap     ] GC(75) Humongous regions: 3->3
[2026-07-01T02:19:37.164+0000][48.080s][info][gc,metaspace] GC(75) Metaspace: 41651K(42432K)->41651K(42432K) NonClass: 36513K(36928K)->36513K(36928K) Class: 5137K(5504K)->5137K(5504K)
[2026-07-01T02:19:37.164+0000][48.080s][info][gc          ] GC(75) Pause Young (Prepare Mixed) (G1 Evacuation Pause) 270M->168M(286M) 38.234ms
[2026-07-01T02:19:37.164+0000][48.080s][info][gc,cpu      ] GC(75) User=0.04s Sys=0.00s Real=0.04s
[2026-07-01T02:19:38.160+0000][49.075s][info][gc,start    ] GC(76) Pause Young (Mixed) (G1 Evacuation Pause)
[2026-07-01T02:19:38.160+0000][49.075s][info][gc,task     ] GC(76) Using 2 workers of 2 for evacuation
[2026-07-01T02:19:38.199+0000][49.115s][info][gc,phases   ] GC(76)   Pre Evacuate Collection Set: 0.16ms
[2026-07-01T02:19:38.199+0000][49.115s][info][gc,phases   ] GC(76)   Merge Heap Roots: 0.50ms
[2026-07-01T02:19:38.199+0000][49.115s][info][gc,phases   ] GC(76)   Evacuate Collection Set: 37.88ms
[2026-07-01T02:19:38.199+0000][49.115s][info][gc,phases   ] GC(76)   Post Evacuate Collection Set: 0.76ms
[2026-07-01T02:19:38.199+0000][49.115s][info][gc,phases   ] GC(76)   Other: 0.05ms
[2026-07-01T02:19:38.199+0000][49.115s][info][gc,heap     ] GC(76) Eden regions: 102->0(102)
[2026-07-01T02:19:38.199+0000][49.115s][info][gc,heap     ] GC(76) Survivor regions: 7->7(14)
[2026-07-01T02:19:38.199+0000][49.115s][info][gc,heap     ] GC(76) Old regions: 159->159
[2026-07-01T02:19:38.199+0000][49.115s][info][gc,heap     ] GC(76) Humongous regions: 3->3
[2026-07-01T02:19:38.199+0000][49.115s][info][gc,metaspace] GC(76) Metaspace: 41651K(42432K)->41651K(42432K) NonClass: 36513K(36928K)->36513K(36928K) Class: 5137K(5504K)->5137K(5504K)
[2026-07-01T02:19:38.199+0000][49.115s][info][gc          ] GC(76) Pause Young (Mixed) (G1 Evacuation Pause) 270M->168M(286M) 39.602ms
[2026-07-01T02:19:38.199+0000][49.115s][info][gc,cpu      ] GC(76) User=0.04s Sys=0.00s Real=0.04s
[2026-07-01T02:19:38.943+0000][49.858s][info][gc,start    ] GC(77) Pause Young (Concurrent Start) (G1 Evacuation Pause)
[2026-07-01T02:19:38.943+0000][49.859s][info][gc,task     ] GC(77) Using 2 workers of 2 for evacuation
[2026-07-01T02:19:38.963+0000][49.879s][info][gc,phases   ] GC(77)   Pre Evacuate Collection Set: 0.17ms
[2026-07-01T02:19:38.963+0000][49.879s][info][gc,phases   ] GC(77)   Merge Heap Roots: 1.10ms
[2026-07-01T02:19:38.963+0000][49.879s][info][gc,phases   ] GC(77)   Evacuate Collection Set: 18.36ms
[2026-07-01T02:19:38.963+0000][49.879s][info][gc,phases   ] GC(77)   Post Evacuate Collection Set: 0.43ms
[2026-07-01T02:19:38.963+0000][49.879s][info][gc,phases   ] GC(77)   Other: 0.07ms
[2026-07-01T02:19:38.963+0000][49.879s][info][gc,heap     ] GC(77) Eden regions: 102->0(101)
[2026-07-01T02:19:38.963+0000][49.879s][info][gc,heap     ] GC(77) Survivor regions: 7->7(14)
[2026-07-01T02:19:38.963+0000][49.879s][info][gc,heap     ] GC(77) Old regions: 159->160
[2026-07-01T02:19:38.963+0000][49.879s][info][gc,heap     ] GC(77) Humongous regions: 3->3
[2026-07-01T02:19:38.963+0000][49.879s][info][gc,metaspace] GC(77) Metaspace: 41651K(42432K)->41651K(42432K) NonClass: 36513K(36928K)->36513K(36928K) Class: 5137K(5504K)->5137K(5504K)
[2026-07-01T02:19:38.963+0000][49.879s][info][gc          ] GC(77) Pause Young (Concurrent Start) (G1 Evacuation Pause) 270M->169M(286M) 20.294ms
[2026-07-01T02:19:38.963+0000][49.879s][info][gc          ] GC(78) Concurrent Mark Cycle
[2026-07-01T02:19:38.963+0000][49.879s][info][gc,marking  ] GC(78) Concurrent Scan Root Regions
[2026-07-01T02:19:38.963+0000][49.879s][info][gc,cpu      ] GC(77) User=0.04s Sys=0.00s Real=0.02s
[2026-07-01T02:19:38.979+0000][49.894s][info][gc,marking  ] GC(78) Concurrent Scan Root Regions 15.650ms
[2026-07-01T02:19:38.979+0000][49.894s][info][gc,marking  ] GC(78) Concurrent Mark
[2026-07-01T02:19:38.979+0000][49.894s][info][gc,marking  ] GC(78) Concurrent Mark From Roots
[2026-07-01T02:19:38.979+0000][49.895s][info][gc,task     ] GC(78) Using 1 workers of 1 for marking
[2026-07-01T02:19:39.579+0000][50.495s][info][gc,marking  ] GC(78) Concurrent Mark From Roots 600.324ms
[2026-07-01T02:19:39.579+0000][50.495s][info][gc,marking  ] GC(78) Concurrent Preclean
[2026-07-01T02:19:39.579+0000][50.495s][info][gc,marking  ] GC(78) Concurrent Preclean 0.105ms
[2026-07-01T02:19:39.580+0000][50.495s][info][gc,start    ] GC(78) Pause Remark
[2026-07-01T02:19:39.588+0000][50.504s][info][gc          ] GC(78) Pause Remark 246M->246M(286M) 8.100ms
[2026-07-01T02:19:39.588+0000][50.504s][info][gc,cpu      ] GC(78) User=0.02s Sys=0.00s Real=0.00s
[2026-07-01T02:19:39.590+0000][50.506s][info][gc,marking  ] GC(78) Concurrent Mark 611.278ms
[2026-07-01T02:19:39.590+0000][50.506s][info][gc,marking  ] GC(78) Concurrent Rebuild Remembered Sets and Scrub Regions
[2026-07-01T02:19:39.761+0000][50.677s][info][gc,start    ] GC(79) Pause Young (Normal) (G1 Evacuation Pause)
[2026-07-01T02:19:39.761+0000][50.677s][info][gc,task     ] GC(79) Using 2 workers of 2 for evacuation
[2026-07-01T02:19:39.779+0000][50.695s][info][gc,phases   ] GC(79)   Pre Evacuate Collection Set: 0.14ms
[2026-07-01T02:19:39.779+0000][50.695s][info][gc,phases   ] GC(79)   Merge Heap Roots: 0.33ms
[2026-07-01T02:19:39.779+0000][50.695s][info][gc,phases   ] GC(79)   Evacuate Collection Set: 17.29ms
[2026-07-01T02:19:39.779+0000][50.695s][info][gc,phases   ] GC(79)   Post Evacuate Collection Set: 0.49ms
[2026-07-01T02:19:39.779+0000][50.695s][info][gc,phases   ] GC(79)   Other: 0.06ms
[2026-07-01T02:19:39.779+0000][50.695s][info][gc,heap     ] GC(79) Eden regions: 101->0(101)
[2026-07-01T02:19:39.779+0000][50.695s][info][gc,heap     ] GC(79) Survivor regions: 7->7(14)
[2026-07-01T02:19:39.779+0000][50.695s][info][gc,heap     ] GC(79) Old regions: 160->160
[2026-07-01T02:19:39.779+0000][50.695s][info][gc,heap     ] GC(79) Humongous regions: 3->3
[2026-07-01T02:19:39.779+0000][50.695s][info][gc,metaspace] GC(79) Metaspace: 41651K(42432K)->41651K(42432K) NonClass: 36513K(36928K)->36513K(36928K) Class: 5137K(5504K)->5137K(5504K)
[2026-07-01T02:19:39.779+0000][50.695s][info][gc          ] GC(79) Pause Young (Normal) (G1 Evacuation Pause) 270M->169M(286M) 18.469ms
[2026-07-01T02:19:39.779+0000][50.695s][info][gc,cpu      ] GC(79) User=0.04s Sys=0.00s Real=0.02s
[2026-07-01T02:19:39.967+0000][50.883s][info][gc,marking  ] GC(78) Concurrent Rebuild Remembered Sets and Scrub Regions 377.167ms
[2026-07-01T02:19:39.968+0000][50.884s][info][gc,start    ] GC(78) Pause Cleanup
[2026-07-01T02:19:39.968+0000][50.884s][info][gc          ] GC(78) Pause Cleanup 196M->196M(286M) 0.150ms
[2026-07-01T02:19:39.968+0000][50.884s][info][gc,cpu      ] GC(78) User=0.00s Sys=0.01s Real=0.00s
[2026-07-01T02:19:39.968+0000][50.884s][info][gc,marking  ] GC(78) Concurrent Clear Claimed Marks
[2026-07-01T02:19:39.968+0000][50.884s][info][gc,marking  ] GC(78) Concurrent Clear Claimed Marks 0.088ms
[2026-07-01T02:19:39.968+0000][50.884s][info][gc,marking  ] GC(78) Concurrent Cleanup for Next Mark
[2026-07-01T02:19:39.969+0000][50.885s][info][gc,marking  ] GC(78) Concurrent Cleanup for Next Mark 0.467ms
[2026-07-01T02:19:39.969+0000][50.885s][info][gc          ] GC(78) Concurrent Mark Cycle 1005.804ms
[2026-07-01T02:19:40.470+0000][51.386s][info][gc,start    ] GC(80) Pause Young (Prepare Mixed) (G1 Evacuation Pause)
[2026-07-01T02:19:40.470+0000][51.386s][info][gc,task     ] GC(80) Using 2 workers of 2 for evacuation
[2026-07-01T02:19:40.487+0000][51.403s][info][gc,phases   ] GC(80)   Pre Evacuate Collection Set: 0.20ms
[2026-07-01T02:19:40.487+0000][51.403s][info][gc,phases   ] GC(80)   Merge Heap Roots: 0.55ms
[2026-07-01T02:19:40.487+0000][51.403s][info][gc,phases   ] GC(80)   Evacuate Collection Set: 15.94ms
[2026-07-01T02:19:40.487+0000][51.403s][info][gc,phases   ] GC(80)   Post Evacuate Collection Set: 0.46ms
[2026-07-01T02:19:40.487+0000][51.403s][info][gc,phases   ] GC(80)   Other: 0.06ms
[2026-07-01T02:19:40.487+0000][51.403s][info][gc,heap     ] GC(80) Eden regions: 101->0(101)
[2026-07-01T02:19:40.487+0000][51.403s][info][gc,heap     ] GC(80) Survivor regions: 7->7(14)
[2026-07-01T02:19:40.487+0000][51.403s][info][gc,heap     ] GC(80) Old regions: 160->160
[2026-07-01T02:19:40.487+0000][51.403s][info][gc,heap     ] GC(80) Humongous regions: 3->3
[2026-07-01T02:19:40.487+0000][51.403s][info][gc,metaspace] GC(80) Metaspace: 41654K(42432K)->41654K(42432K) NonClass: 36516K(36928K)->36516K(36928K) Class: 5137K(5504K)->5137K(5504K)
[2026-07-01T02:19:40.487+0000][51.403s][info][gc          ] GC(80) Pause Young (Prepare Mixed) (G1 Evacuation Pause) 270M->169M(286M) 17.394ms
[2026-07-01T02:19:40.488+0000][51.403s][info][gc,cpu      ] GC(80) User=0.05s Sys=0.00s Real=0.01s
[2026-07-01T02:19:41.104+0000][52.020s][info][gc,start    ] GC(81) Pause Young (Mixed) (G1 Evacuation Pause)
[2026-07-01T02:19:41.104+0000][52.020s][info][gc,task     ] GC(81) Using 2 workers of 2 for evacuation
[2026-07-01T02:19:41.125+0000][52.041s][info][gc,phases   ] GC(81)   Pre Evacuate Collection Set: 0.22ms
[2026-07-01T02:19:41.125+0000][52.041s][info][gc,phases   ] GC(81)   Merge Heap Roots: 0.73ms
[2026-07-01T02:19:41.125+0000][52.041s][info][gc,phases   ] GC(81)   Evacuate Collection Set: 19.49ms
[2026-07-01T02:19:41.125+0000][52.041s][info][gc,phases   ] GC(81)   Post Evacuate Collection Set: 0.48ms
[2026-07-01T02:19:41.125+0000][52.041s][info][gc,phases   ] GC(81)   Other: 0.07ms
[2026-07-01T02:19:41.125+0000][52.041s][info][gc,heap     ] GC(81) Eden regions: 101->0(101)
[2026-07-01T02:19:41.125+0000][52.041s][info][gc,heap     ] GC(81) Survivor regions: 7->7(14)
[2026-07-01T02:19:41.125+0000][52.041s][info][gc,heap     ] GC(81) Old regions: 160->160
[2026-07-01T02:19:41.125+0000][52.041s][info][gc,heap     ] GC(81) Humongous regions: 3->3
[2026-07-01T02:19:41.126+0000][52.041s][info][gc,metaspace] GC(81) Metaspace: 41654K(42432K)->41654K(42432K) NonClass: 36516K(36928K)->36516K(36928K) Class: 5137K(5504K)->5137K(5504K)
[2026-07-01T02:19:41.126+0000][52.041s][info][gc          ] GC(81) Pause Young (Mixed) (G1 Evacuation Pause) 270M->169M(286M) 21.165ms
[2026-07-01T02:19:41.126+0000][52.041s][info][gc,cpu      ] GC(81) User=0.04s Sys=0.00s Real=0.02s
[2026-07-01T02:19:42.064+0000][52.979s][info][gc,start    ] GC(82) Pause Young (Concurrent Start) (G1 Evacuation Pause)
[2026-07-01T02:19:42.064+0000][52.979s][info][gc,task     ] GC(82) Using 2 workers of 2 for evacuation
[2026-07-01T02:19:42.082+0000][52.998s][info][gc,phases   ] GC(82)   Pre Evacuate Collection Set: 0.19ms
[2026-07-01T02:19:42.082+0000][52.998s][info][gc,phases   ] GC(82)   Merge Heap Roots: 0.36ms
[2026-07-01T02:19:42.082+0000][52.998s][info][gc,phases   ] GC(82)   Evacuate Collection Set: 17.36ms
[2026-07-01T02:19:42.082+0000][52.998s][info][gc,phases   ] GC(82)   Post Evacuate Collection Set: 0.71ms
[2026-07-01T02:19:42.082+0000][52.998s][info][gc,phases   ] GC(82)   Other: 0.10ms
[2026-07-01T02:19:42.082+0000][52.998s][info][gc,heap     ] GC(82) Eden regions: 101->0(100)
[2026-07-01T02:19:42.082+0000][52.998s][info][gc,heap     ] GC(82) Survivor regions: 7->7(14)
[2026-07-01T02:19:42.082+0000][52.998s][info][gc,heap     ] GC(82) Old regions: 160->161
[2026-07-01T02:19:42.082+0000][52.998s][info][gc,heap     ] GC(82) Humongous regions: 3->3
[2026-07-01T02:19:42.082+0000][52.998s][info][gc,metaspace] GC(82) Metaspace: 41656K(42432K)->41656K(42432K) NonClass: 36518K(36928K)->36518K(36928K) Class: 5137K(5504K)->5137K(5504K)
[2026-07-01T02:19:42.083+0000][52.998s][info][gc          ] GC(82) Pause Young (Concurrent Start) (G1 Evacuation Pause) 270M->170M(286M) 18.925ms
[2026-07-01T02:19:42.083+0000][52.998s][info][gc          ] GC(83) Concurrent Mark Cycle
[2026-07-01T02:19:42.083+0000][52.998s][info][gc,cpu      ] GC(82) User=0.04s Sys=0.00s Real=0.02s
[2026-07-01T02:19:42.083+0000][52.998s][info][gc,marking  ] GC(83) Concurrent Scan Root Regions
[2026-07-01T02:19:42.113+0000][53.028s][info][gc,marking  ] GC(83) Concurrent Scan Root Regions 29.910ms
[2026-07-01T02:19:42.113+0000][53.028s][info][gc,marking  ] GC(83) Concurrent Mark
[2026-07-01T02:19:42.113+0000][53.028s][info][gc,marking  ] GC(83) Concurrent Mark From Roots
[2026-07-01T02:19:42.113+0000][53.028s][info][gc,task     ] GC(83) Using 1 workers of 1 for marking
[2026-07-01T02:19:42.565+0000][53.481s][info][gc,marking  ] GC(83) Concurrent Mark From Roots 452.586ms
[2026-07-01T02:19:42.565+0000][53.481s][info][gc,marking  ] GC(83) Concurrent Preclean
[2026-07-01T02:19:42.565+0000][53.481s][info][gc,marking  ] GC(83) Concurrent Preclean 0.142ms
[2026-07-01T02:19:42.566+0000][53.481s][info][gc,start    ] GC(83) Pause Remark
[2026-07-01T02:19:42.580+0000][53.496s][info][gc          ] GC(83) Pause Remark 203M->203M(286M) 14.346ms
[2026-07-01T02:19:42.580+0000][53.496s][info][gc,cpu      ] GC(83) User=0.02s Sys=0.00s Real=0.02s
[2026-07-01T02:19:42.582+0000][53.497s][info][gc,marking  ] GC(83) Concurrent Mark 469.071ms
[2026-07-01T02:19:42.582+0000][53.497s][info][gc,marking  ] GC(83) Concurrent Rebuild Remembered Sets and Scrub Regions
[2026-07-01T02:19:42.776+0000][53.692s][info][gc,marking  ] GC(83) Concurrent Rebuild Remembered Sets and Scrub Regions 194.207ms
[2026-07-01T02:19:42.776+0000][53.692s][info][gc,start    ] GC(83) Pause Cleanup
[2026-07-01T02:19:42.776+0000][53.692s][info][gc          ] GC(83) Pause Cleanup 218M->218M(286M) 0.236ms
[2026-07-01T02:19:42.776+0000][53.692s][info][gc,cpu      ] GC(83) User=0.00s Sys=0.00s Real=0.00s
[2026-07-01T02:19:42.777+0000][53.693s][info][gc,marking  ] GC(83) Concurrent Clear Claimed Marks
[2026-07-01T02:19:42.777+0000][53.693s][info][gc,marking  ] GC(83) Concurrent Clear Claimed Marks 0.151ms
[2026-07-01T02:19:42.777+0000][53.693s][info][gc,marking  ] GC(83) Concurrent Cleanup for Next Mark
[2026-07-01T02:19:42.778+0000][53.693s][info][gc,marking  ] GC(83) Concurrent Cleanup for Next Mark 0.715ms
[2026-07-01T02:19:42.778+0000][53.693s][info][gc          ] GC(83) Concurrent Mark Cycle 695.143ms
[2026-07-01T02:19:43.173+0000][54.088s][info][gc,start    ] GC(84) Pause Young (Prepare Mixed) (G1 Evacuation Pause)
[2026-07-01T02:19:43.173+0000][54.088s][info][gc,task     ] GC(84) Using 2 workers of 2 for evacuation
[2026-07-01T02:19:43.205+0000][54.120s][info][gc,phases   ] GC(84)   Pre Evacuate Collection Set: 0.16ms
[2026-07-01T02:19:43.205+0000][54.120s][info][gc,phases   ] GC(84)   Merge Heap Roots: 0.80ms
[2026-07-01T02:19:43.205+0000][54.120s][info][gc,phases   ] GC(84)   Evacuate Collection Set: 30.53ms
[2026-07-01T02:19:43.205+0000][54.120s][info][gc,phases   ] GC(84)   Post Evacuate Collection Set: 0.52ms
[2026-07-01T02:19:43.205+0000][54.120s][info][gc,phases   ] GC(84)   Other: 0.07ms
[2026-07-01T02:19:43.205+0000][54.120s][info][gc,heap     ] GC(84) Eden regions: 100->0(100)
[2026-07-01T02:19:43.205+0000][54.120s][info][gc,heap     ] GC(84) Survivor regions: 7->7(14)
[2026-07-01T02:19:43.205+0000][54.120s][info][gc,heap     ] GC(84) Old regions: 161->161
[2026-07-01T02:19:43.205+0000][54.120s][info][gc,heap     ] GC(84) Humongous regions: 3->3
[2026-07-01T02:19:43.205+0000][54.120s][info][gc,metaspace] GC(84) Metaspace: 41670K(42432K)->41670K(42432K) NonClass: 36531K(36928K)->36531K(36928K) Class: 5138K(5504K)->5138K(5504K)
[2026-07-01T02:19:43.205+0000][54.121s][info][gc          ] GC(84) Pause Young (Prepare Mixed) (G1 Evacuation Pause) 270M->170M(286M) 32.266ms
[2026-07-01T02:19:43.205+0000][54.121s][info][gc,cpu      ] GC(84) User=0.04s Sys=0.00s Real=0.03s
[2026-07-01T02:19:43.832+0000][54.748s][info][gc,start    ] GC(85) Pause Young (Mixed) (G1 Evacuation Pause)
[2026-07-01T02:19:43.832+0000][54.748s][info][gc,task     ] GC(85) Using 2 workers of 2 for evacuation
[2026-07-01T02:19:43.852+0000][54.768s][info][gc,phases   ] GC(85)   Pre Evacuate Collection Set: 0.17ms
[2026-07-01T02:19:43.852+0000][54.768s][info][gc,phases   ] GC(85)   Merge Heap Roots: 0.48ms
[2026-07-01T02:19:43.852+0000][54.768s][info][gc,phases   ] GC(85)   Evacuate Collection Set: 19.08ms
[2026-07-01T02:19:43.852+0000][54.768s][info][gc,phases   ] GC(85)   Post Evacuate Collection Set: 0.39ms
[2026-07-01T02:19:43.852+0000][54.768s][info][gc,phases   ] GC(85)   Other: 0.05ms
[2026-07-01T02:19:43.852+0000][54.768s][info][gc,heap     ] GC(85) Eden regions: 100->0(99)
[2026-07-01T02:19:43.852+0000][54.768s][info][gc,heap     ] GC(85) Survivor regions: 7->7(14)
[2026-07-01T02:19:43.852+0000][54.768s][info][gc,heap     ] GC(85) Old regions: 161->162
[2026-07-01T02:19:43.852+0000][54.768s][info][gc,heap     ] GC(85) Humongous regions: 3->3
[2026-07-01T02:19:43.852+0000][54.768s][info][gc,metaspace] GC(85) Metaspace: 41670K(42432K)->41670K(42432K) NonClass: 36531K(36928K)->36531K(36928K) Class: 5138K(5504K)->5138K(5504K)
[2026-07-01T02:19:43.852+0000][54.768s][info][gc          ] GC(85) Pause Young (Mixed) (G1 Evacuation Pause) 270M->171M(286M) 20.349ms
[2026-07-01T02:19:43.852+0000][54.768s][info][gc,cpu      ] GC(85) User=0.04s Sys=0.00s Real=0.02s
[2026-07-01T02:19:44.323+0000][55.239s][info][gc,start    ] GC(86) Pause Young (Concurrent Start) (G1 Evacuation Pause)
[2026-07-01T02:19:44.323+0000][55.239s][info][gc,task     ] GC(86) Using 2 workers of 2 for evacuation
[2026-07-01T02:19:44.336+0000][55.252s][info][gc,phases   ] GC(86)   Pre Evacuate Collection Set: 0.15ms
[2026-07-01T02:19:44.336+0000][55.252s][info][gc,phases   ] GC(86)   Merge Heap Roots: 0.22ms
[2026-07-01T02:19:44.336+0000][55.252s][info][gc,phases   ] GC(86)   Evacuate Collection Set: 11.71ms
[2026-07-01T02:19:44.336+0000][55.252s][info][gc,phases   ] GC(86)   Post Evacuate Collection Set: 0.37ms
[2026-07-01T02:19:44.336+0000][55.252s][info][gc,phases   ] GC(86)   Other: 0.07ms
[2026-07-01T02:19:44.336+0000][55.252s][info][gc,heap     ] GC(86) Eden regions: 99->0(99)
[2026-07-01T02:19:44.336+0000][55.252s][info][gc,heap     ] GC(86) Survivor regions: 7->7(14)
[2026-07-01T02:19:44.336+0000][55.252s][info][gc,heap     ] GC(86) Old regions: 162->162
[2026-07-01T02:19:44.336+0000][55.252s][info][gc,heap     ] GC(86) Humongous regions: 3->3
[2026-07-01T02:19:44.336+0000][55.252s][info][gc,metaspace] GC(86) Metaspace: 41670K(42432K)->41670K(42432K) NonClass: 36531K(36928K)->36531K(36928K) Class: 5138K(5504K)->5138K(5504K)
[2026-07-01T02:19:44.336+0000][55.252s][info][gc          ] GC(86) Pause Young (Concurrent Start) (G1 Evacuation Pause) 270M->171M(286M) 12.664ms
[2026-07-01T02:19:44.336+0000][55.252s][info][gc,cpu      ] GC(86) User=0.03s Sys=0.00s Real=0.01s
[2026-07-01T02:19:44.336+0000][55.252s][info][gc          ] GC(87) Concurrent Mark Cycle
[2026-07-01T02:19:44.336+0000][55.252s][info][gc,marking  ] GC(87) Concurrent Scan Root Regions
[2026-07-01T02:19:44.352+0000][55.267s][info][gc,marking  ] GC(87) Concurrent Scan Root Regions 15.628ms
[2026-07-01T02:19:44.352+0000][55.267s][info][gc,marking  ] GC(87) Concurrent Mark
[2026-07-01T02:19:44.352+0000][55.267s][info][gc,marking  ] GC(87) Concurrent Mark From Roots
[2026-07-01T02:19:44.352+0000][55.268s][info][gc,task     ] GC(87) Using 1 workers of 1 for marking
[2026-07-01T02:19:44.696+0000][55.612s][info][gc,marking  ] GC(87) Concurrent Mark From Roots 344.283ms
[2026-07-01T02:19:44.696+0000][55.612s][info][gc,marking  ] GC(87) Concurrent Preclean
[2026-07-01T02:19:44.696+0000][55.612s][info][gc,marking  ] GC(87) Concurrent Preclean 0.124ms
[2026-07-01T02:19:44.697+0000][55.612s][info][gc,start    ] GC(87) Pause Remark
[2026-07-01T02:19:44.704+0000][55.620s][info][gc          ] GC(87) Pause Remark 226M->226M(287M) 7.273ms
[2026-07-01T02:19:44.704+0000][55.620s][info][gc,cpu      ] GC(87) User=0.01s Sys=0.00s Real=0.01s
[2026-07-01T02:19:44.705+0000][55.621s][info][gc,marking  ] GC(87) Concurrent Mark 353.652ms
[2026-07-01T02:19:44.705+0000][55.621s][info][gc,marking  ] GC(87) Concurrent Rebuild Remembered Sets and Scrub Regions
[2026-07-01T02:19:44.952+0000][55.867s][info][gc,start    ] GC(88) Pause Young (Normal) (G1 Evacuation Pause)
[2026-07-01T02:19:44.952+0000][55.867s][info][gc,task     ] GC(88) Using 2 workers of 2 for evacuation
[2026-07-01T02:19:44.965+0000][55.881s][info][gc,phases   ] GC(88)   Pre Evacuate Collection Set: 0.16ms
[2026-07-01T02:19:44.965+0000][55.881s][info][gc,phases   ] GC(88)   Merge Heap Roots: 0.45ms
[2026-07-01T02:19:44.965+0000][55.881s][info][gc,phases   ] GC(88)   Evacuate Collection Set: 12.63ms
[2026-07-01T02:19:44.965+0000][55.881s][info][gc,phases   ] GC(88)   Post Evacuate Collection Set: 0.46ms
[2026-07-01T02:19:44.965+0000][55.881s][info][gc,phases   ] GC(88)   Other: 0.07ms
[2026-07-01T02:19:44.965+0000][55.881s][info][gc,heap     ] GC(88) Eden regions: 99->0(99)
[2026-07-01T02:19:44.965+0000][55.881s][info][gc,heap     ] GC(88) Survivor regions: 7->8(14)
[2026-07-01T02:19:44.965+0000][55.881s][info][gc,heap     ] GC(88) Old regions: 162->162
[2026-07-01T02:19:44.965+0000][55.881s][info][gc,heap     ] GC(88) Humongous regions: 3->3
[2026-07-01T02:19:44.965+0000][55.881s][info][gc,metaspace] GC(88) Metaspace: 41670K(42432K)->41670K(42432K) NonClass: 36531K(36928K)->36531K(36928K) Class: 5138K(5504K)->5138K(5504K)
[2026-07-01T02:19:44.966+0000][55.881s][info][gc          ] GC(88) Pause Young (Normal) (G1 Evacuation Pause) 270M->172M(287M) 13.923ms
[2026-07-01T02:19:44.966+0000][55.881s][info][gc,cpu      ] GC(88) User=0.03s Sys=0.00s Real=0.01s
[2026-07-01T02:19:45.010+0000][55.926s][info][gc,marking  ] GC(87) Concurrent Rebuild Remembered Sets and Scrub Regions 304.457ms
[2026-07-01T02:19:45.010+0000][55.926s][info][gc,start    ] GC(87) Pause Cleanup
[2026-07-01T02:19:45.010+0000][55.926s][info][gc          ] GC(87) Pause Cleanup 181M->181M(287M) 0.212ms
[2026-07-01T02:19:45.010+0000][55.926s][info][gc,cpu      ] GC(87) User=0.00s Sys=0.00s Real=0.00s
[2026-07-01T02:19:45.011+0000][55.926s][info][gc,marking  ] GC(87) Concurrent Clear Claimed Marks
[2026-07-01T02:19:45.011+0000][55.926s][info][gc,marking  ] GC(87) Concurrent Clear Claimed Marks 0.093ms
[2026-07-01T02:19:45.011+0000][55.926s][info][gc,marking  ] GC(87) Concurrent Cleanup for Next Mark
[2026-07-01T02:19:45.015+0000][55.931s][info][gc,marking  ] GC(87) Concurrent Cleanup for Next Mark 4.851ms
[2026-07-01T02:19:45.016+0000][55.931s][info][gc          ] GC(87) Concurrent Mark Cycle 679.454ms
[2026-07-01T02:19:45.435+0000][56.350s][info][gc,start    ] GC(89) Pause Young (Prepare Mixed) (G1 Evacuation Pause)
[2026-07-01T02:19:45.435+0000][56.350s][info][gc,task     ] GC(89) Using 2 workers of 2 for evacuation
[2026-07-01T02:19:45.456+0000][56.371s][info][gc,phases   ] GC(89)   Pre Evacuate Collection Set: 0.52ms
[2026-07-01T02:19:45.456+0000][56.371s][info][gc,phases   ] GC(89)   Merge Heap Roots: 0.82ms
[2026-07-01T02:19:45.456+0000][56.371s][info][gc,phases   ] GC(89)   Evacuate Collection Set: 19.07ms
[2026-07-01T02:19:45.456+0000][56.371s][info][gc,phases   ] GC(89)   Post Evacuate Collection Set: 0.45ms
[2026-07-01T02:19:45.456+0000][56.371s][info][gc,phases   ] GC(89)   Other: 0.06ms
[2026-07-01T02:19:45.456+0000][56.371s][info][gc,heap     ] GC(89) Eden regions: 99->0(99)
[2026-07-01T02:19:45.456+0000][56.371s][info][gc,heap     ] GC(89) Survivor regions: 8->7(14)
[2026-07-01T02:19:45.456+0000][56.371s][info][gc,heap     ] GC(89) Old regions: 162->163
[2026-07-01T02:19:45.456+0000][56.371s][info][gc,heap     ] GC(89) Humongous regions: 3->3
[2026-07-01T02:19:45.456+0000][56.371s][info][gc,metaspace] GC(89) Metaspace: 41673K(42432K)->41673K(42432K) NonClass: 36534K(36928K)->36534K(36928K) Class: 5138K(5504K)->5138K(5504K)
[2026-07-01T02:19:45.456+0000][56.371s][info][gc          ] GC(89) Pause Young (Prepare Mixed) (G1 Evacuation Pause) 271M->172M(287M) 21.084ms
[2026-07-01T02:19:45.456+0000][56.371s][info][gc,cpu      ] GC(89) User=0.04s Sys=0.00s Real=0.02s
[2026-07-01T02:19:45.939+0000][56.854s][info][gc,start    ] GC(90) Pause Young (Mixed) (G1 Evacuation Pause)
[2026-07-01T02:19:45.939+0000][56.855s][info][gc,task     ] GC(90) Using 2 workers of 2 for evacuation
[2026-07-01T02:19:45.957+0000][56.873s][info][gc,phases   ] GC(90)   Pre Evacuate Collection Set: 0.25ms
[2026-07-01T02:19:45.957+0000][56.873s][info][gc,phases   ] GC(90)   Merge Heap Roots: 0.29ms
[2026-07-01T02:19:45.957+0000][56.873s][info][gc,phases   ] GC(90)   Evacuate Collection Set: 16.97ms
[2026-07-01T02:19:45.957+0000][56.873s][info][gc,phases   ] GC(90)   Post Evacuate Collection Set: 0.39ms
[2026-07-01T02:19:45.957+0000][56.873s][info][gc,phases   ] GC(90)   Other: 0.05ms
[2026-07-01T02:19:45.957+0000][56.873s][info][gc,heap     ] GC(90) Eden regions: 99->0(99)
[2026-07-01T02:19:45.957+0000][56.873s][info][gc,heap     ] GC(90) Survivor regions: 7->7(14)
[2026-07-01T02:19:45.957+0000][56.873s][info][gc,heap     ] GC(90) Old regions: 163->163
[2026-07-01T02:19:45.957+0000][56.873s][info][gc,heap     ] GC(90) Humongous regions: 3->3
[2026-07-01T02:19:45.957+0000][56.873s][info][gc,metaspace] GC(90) Metaspace: 41673K(42432K)->41673K(42432K) NonClass: 36534K(36928K)->36534K(36928K) Class: 5138K(5504K)->5138K(5504K)
[2026-07-01T02:19:45.957+0000][56.873s][info][gc          ] GC(90) Pause Young (Mixed) (G1 Evacuation Pause) 271M->172M(287M) 18.132ms
[2026-07-01T02:19:45.957+0000][56.873s][info][gc,cpu      ] GC(90) User=0.03s Sys=0.00s Real=0.01s
[2026-07-01T02:19:46.666+0000][57.582s][info][gc,start    ] GC(91) Pause Young (Concurrent Start) (G1 Evacuation Pause)
[2026-07-01T02:19:46.666+0000][57.582s][info][gc,task     ] GC(91) Using 2 workers of 2 for evacuation
[2026-07-01T02:19:46.685+0000][57.601s][info][gc,phases   ] GC(91)   Pre Evacuate Collection Set: 0.17ms
[2026-07-01T02:19:46.685+0000][57.601s][info][gc,phases   ] GC(91)   Merge Heap Roots: 0.30ms
[2026-07-01T02:19:46.685+0000][57.601s][info][gc,phases   ] GC(91)   Evacuate Collection Set: 17.38ms
[2026-07-01T02:19:46.685+0000][57.601s][info][gc,phases   ] GC(91)   Post Evacuate Collection Set: 0.43ms
[2026-07-01T02:19:46.685+0000][57.601s][info][gc,phases   ] GC(91)   Other: 0.07ms
[2026-07-01T02:19:46.685+0000][57.601s][info][gc,heap     ] GC(91) Eden regions: 99->0(99)
[2026-07-01T02:19:46.685+0000][57.601s][info][gc,heap     ] GC(91) Survivor regions: 7->7(14)
[2026-07-01T02:19:46.685+0000][57.601s][info][gc,heap     ] GC(91) Old regions: 163->163
[2026-07-01T02:19:46.685+0000][57.601s][info][gc,heap     ] GC(91) Humongous regions: 3->3
[2026-07-01T02:19:46.685+0000][57.601s][info][gc,metaspace] GC(91) Metaspace: 41673K(42432K)->41673K(42432K) NonClass: 36534K(36928K)->36534K(36928K) Class: 5138K(5504K)->5138K(5504K)
[2026-07-01T02:19:46.685+0000][57.601s][info][gc          ] GC(91) Pause Young (Concurrent Start) (G1 Evacuation Pause) 271M->172M(287M) 18.542ms
[2026-07-01T02:19:46.685+0000][57.601s][info][gc          ] GC(92) Concurrent Mark Cycle
[2026-07-01T02:19:46.685+0000][57.601s][info][gc,cpu      ] GC(91) User=0.04s Sys=0.00s Real=0.02s
[2026-07-01T02:19:46.685+0000][57.601s][info][gc,marking  ] GC(92) Concurrent Scan Root Regions
[2026-07-01T02:19:46.712+0000][57.627s][info][gc,marking  ] GC(92) Concurrent Scan Root Regions 26.643ms
[2026-07-01T02:19:46.712+0000][57.627s][info][gc,marking  ] GC(92) Concurrent Mark
[2026-07-01T02:19:46.712+0000][57.627s][info][gc,marking  ] GC(92) Concurrent Mark From Roots
[2026-07-01T02:19:46.712+0000][57.627s][info][gc,task     ] GC(92) Using 1 workers of 1 for marking
[2026-07-01T02:19:47.071+0000][57.986s][info][gc,marking  ] GC(92) Concurrent Mark From Roots 358.977ms
[2026-07-01T02:19:47.071+0000][57.986s][info][gc,marking  ] GC(92) Concurrent Preclean
[2026-07-01T02:19:47.071+0000][57.987s][info][gc,marking  ] GC(92) Concurrent Preclean 0.112ms
[2026-07-01T02:19:47.071+0000][57.987s][info][gc,start    ] GC(92) Pause Remark
[2026-07-01T02:19:47.079+0000][57.995s][info][gc          ] GC(92) Pause Remark 212M->212M(289M) 8.216ms
[2026-07-01T02:19:47.079+0000][57.995s][info][gc,cpu      ] GC(92) User=0.02s Sys=0.00s Real=0.01s
[2026-07-01T02:19:47.082+0000][57.998s][info][gc,marking  ] GC(92) Concurrent Mark 370.157ms
[2026-07-01T02:19:47.082+0000][57.998s][info][gc,marking  ] GC(92) Concurrent Rebuild Remembered Sets and Scrub Regions
[2026-07-01T02:19:47.283+0000][58.198s][info][gc,marking  ] GC(92) Concurrent Rebuild Remembered Sets and Scrub Regions 200.634ms
[2026-07-01T02:19:47.283+0000][58.198s][info][gc,start    ] GC(92) Pause Cleanup
[2026-07-01T02:19:47.283+0000][58.199s][info][gc          ] GC(92) Pause Cleanup 233M->233M(289M) 0.153ms
[2026-07-01T02:19:47.283+0000][58.199s][info][gc,cpu      ] GC(92) User=0.00s Sys=0.00s Real=0.00s
[2026-07-01T02:19:47.284+0000][58.200s][info][gc,marking  ] GC(92) Concurrent Clear Claimed Marks
[2026-07-01T02:19:47.284+0000][58.200s][info][gc,marking  ] GC(92) Concurrent Clear Claimed Marks 0.097ms
[2026-07-01T02:19:47.284+0000][58.200s][info][gc,marking  ] GC(92) Concurrent Cleanup for Next Mark
[2026-07-01T02:19:47.286+0000][58.201s][info][gc,marking  ] GC(92) Concurrent Cleanup for Next Mark 1.695ms
[2026-07-01T02:19:47.286+0000][58.201s][info][gc          ] GC(92) Concurrent Mark Cycle 600.677ms
[2026-07-01T02:19:47.581+0000][58.496s][info][gc,start    ] GC(93) Pause Young (Prepare Mixed) (G1 Evacuation Pause)
[2026-07-01T02:19:47.581+0000][58.497s][info][gc,task     ] GC(93) Using 2 workers of 2 for evacuation
[2026-07-01T02:19:47.616+0000][58.532s][info][gc,phases   ] GC(93)   Pre Evacuate Collection Set: 0.19ms
[2026-07-01T02:19:47.617+0000][58.532s][info][gc,phases   ] GC(93)   Merge Heap Roots: 0.82ms
[2026-07-01T02:19:47.617+0000][58.532s][info][gc,phases   ] GC(93)   Evacuate Collection Set: 33.89ms
[2026-07-01T02:19:47.617+0000][58.532s][info][gc,phases   ] GC(93)   Post Evacuate Collection Set: 0.76ms
[2026-07-01T02:19:47.617+0000][58.532s][info][gc,phases   ] GC(93)   Other: 0.07ms
[2026-07-01T02:19:47.617+0000][58.532s][info][gc,heap     ] GC(93) Eden regions: 99->0(101)
[2026-07-01T02:19:47.617+0000][58.532s][info][gc,heap     ] GC(93) Survivor regions: 7->7(14)
[2026-07-01T02:19:47.617+0000][58.532s][info][gc,heap     ] GC(93) Old regions: 163->163
[2026-07-01T02:19:47.617+0000][58.532s][info][gc,heap     ] GC(93) Humongous regions: 3->3
[2026-07-01T02:19:47.617+0000][58.532s][info][gc,metaspace] GC(93) Metaspace: 41677K(42432K)->41677K(42432K) NonClass: 36538K(36928K)->36538K(36928K) Class: 5138K(5504K)->5138K(5504K)
[2026-07-01T02:19:47.617+0000][58.532s][info][gc          ] GC(93) Pause Young (Prepare Mixed) (G1 Evacuation Pause) 271M->172M(289M) 35.899ms
[2026-07-01T02:19:47.617+0000][58.532s][info][gc,cpu      ] GC(93) User=0.03s Sys=0.00s Real=0.03s
[2026-07-01T02:19:48.350+0000][59.266s][info][gc,start    ] GC(94) Pause Young (Mixed) (G1 Evacuation Pause)
[2026-07-01T02:19:48.350+0000][59.266s][info][gc,task     ] GC(94) Using 2 workers of 2 for evacuation
[2026-07-01T02:19:48.396+0000][59.312s][info][gc,phases   ] GC(94)   Pre Evacuate Collection Set: 0.18ms
[2026-07-01T02:19:48.396+0000][59.312s][info][gc,phases   ] GC(94)   Merge Heap Roots: 0.48ms
[2026-07-01T02:19:48.396+0000][59.312s][info][gc,phases   ] GC(94)   Evacuate Collection Set: 44.41ms
[2026-07-01T02:19:48.396+0000][59.312s][info][gc,phases   ] GC(94)   Post Evacuate Collection Set: 0.70ms
[2026-07-01T02:19:48.396+0000][59.312s][info][gc,phases   ] GC(94)   Other: 0.06ms
[2026-07-01T02:19:48.396+0000][59.312s][info][gc,heap     ] GC(94) Eden regions: 101->0(100)
[2026-07-01T02:19:48.396+0000][59.312s][info][gc,heap     ] GC(94) Survivor regions: 7->7(14)
[2026-07-01T02:19:48.396+0000][59.312s][info][gc,heap     ] GC(94) Old regions: 163->164
[2026-07-01T02:19:48.396+0000][59.312s][info][gc,heap     ] GC(94) Humongous regions: 3->3
[2026-07-01T02:19:48.396+0000][59.312s][info][gc,metaspace] GC(94) Metaspace: 41677K(42432K)->41677K(42432K) NonClass: 36538K(36928K)->36538K(36928K) Class: 5138K(5504K)->5138K(5504K)
[2026-07-01T02:19:48.396+0000][59.312s][info][gc          ] GC(94) Pause Young (Mixed) (G1 Evacuation Pause) 273M->173M(289M) 46.061ms
[2026-07-01T02:19:48.396+0000][59.312s][info][gc,cpu      ] GC(94) User=0.04s Sys=0.00s Real=0.04s
[2026-07-01T02:19:49.065+0000][59.981s][info][gc,start    ] GC(95) Pause Young (Concurrent Start) (G1 Evacuation Pause)
[2026-07-01T02:19:49.065+0000][59.981s][info][gc,task     ] GC(95) Using 2 workers of 2 for evacuation
[2026-07-01T02:19:49.085+0000][60.001s][info][gc,phases   ] GC(95)   Pre Evacuate Collection Set: 0.19ms
[2026-07-01T02:19:49.085+0000][60.001s][info][gc,phases   ] GC(95)   Merge Heap Roots: 0.40ms
[2026-07-01T02:19:49.085+0000][60.001s][info][gc,phases   ] GC(95)   Evacuate Collection Set: 18.91ms
[2026-07-01T02:19:49.085+0000][60.001s][info][gc,phases   ] GC(95)   Post Evacuate Collection Set: 0.43ms
[2026-07-01T02:19:49.085+0000][60.001s][info][gc,phases   ] GC(95)   Other: 0.06ms
[2026-07-01T02:19:49.085+0000][60.001s][info][gc,heap     ] GC(95) Eden regions: 100->0(100)
[2026-07-01T02:19:49.085+0000][60.001s][info][gc,heap     ] GC(95) Survivor regions: 7->7(14)
[2026-07-01T02:19:49.085+0000][60.001s][info][gc,heap     ] GC(95) Old regions: 164->164
[2026-07-01T02:19:49.085+0000][60.001s][info][gc,heap     ] GC(95) Humongous regions: 3->3
[2026-07-01T02:19:49.085+0000][60.001s][info][gc,metaspace] GC(95) Metaspace: 41677K(42432K)->41677K(42432K) NonClass: 36538K(36928K)->36538K(36928K) Class: 5138K(5504K)->5138K(5504K)
[2026-07-01T02:19:49.085+0000][60.001s][info][gc          ] GC(95) Pause Young (Concurrent Start) (G1 Evacuation Pause) 273M->172M(289M) 20.158ms
[2026-07-01T02:19:49.085+0000][60.001s][info][gc          ] GC(96) Concurrent Mark Cycle
[2026-07-01T02:19:49.085+0000][60.001s][info][gc,marking  ] GC(96) Concurrent Scan Root Regions
[2026-07-01T02:19:49.085+0000][60.001s][info][gc,cpu      ] GC(95) User=0.04s Sys=0.00s Real=0.02s
[2026-07-01T02:19:49.099+0000][60.015s][info][gc,marking  ] GC(96) Concurrent Scan Root Regions 13.886ms
[2026-07-01T02:19:49.099+0000][60.015s][info][gc,marking  ] GC(96) Concurrent Mark
[2026-07-01T02:19:49.099+0000][60.015s][info][gc,marking  ] GC(96) Concurrent Mark From Roots
[2026-07-01T02:19:49.099+0000][60.015s][info][gc,task     ] GC(96) Using 1 workers of 1 for marking
[2026-07-01T02:19:49.680+0000][60.595s][info][gc,start    ] GC(97) Pause Young (Normal) (G1 Evacuation Pause)
[2026-07-01T02:19:49.680+0000][60.595s][info][gc,task     ] GC(97) Using 2 workers of 2 for evacuation
[2026-07-01T02:19:49.698+0000][60.613s][info][gc,phases   ] GC(97)   Pre Evacuate Collection Set: 0.44ms
[2026-07-01T02:19:49.698+0000][60.613s][info][gc,phases   ] GC(97)   Merge Heap Roots: 0.25ms
[2026-07-01T02:19:49.698+0000][60.613s][info][gc,phases   ] GC(97)   Evacuate Collection Set: 16.87ms
[2026-07-01T02:19:49.698+0000][60.613s][info][gc,phases   ] GC(97)   Post Evacuate Collection Set: 0.46ms
[2026-07-01T02:19:49.698+0000][60.613s][info][gc,phases   ] GC(97)   Other: 0.06ms
[2026-07-01T02:19:49.698+0000][60.613s][info][gc,heap     ] GC(97) Eden regions: 100->0(100)
[2026-07-01T02:19:49.698+0000][60.613s][info][gc,heap     ] GC(97) Survivor regions: 7->7(14)
[2026-07-01T02:19:49.698+0000][60.613s][info][gc,heap     ] GC(97) Old regions: 164->164
[2026-07-01T02:19:49.698+0000][60.613s][info][gc,heap     ] GC(97) Humongous regions: 3->3
[2026-07-01T02:19:49.698+0000][60.613s][info][gc,metaspace] GC(97) Metaspace: 41677K(42432K)->41677K(42432K) NonClass: 36538K(36928K)->36538K(36928K) Class: 5138K(5504K)->5138K(5504K)
[2026-07-01T02:19:49.698+0000][60.614s][info][gc          ] GC(97) Pause Young (Normal) (G1 Evacuation Pause) 272M->173M(289M) 18.259ms
[2026-07-01T02:19:49.698+0000][60.614s][info][gc,cpu      ] GC(97) User=0.04s Sys=0.00s Real=0.01s
[2026-07-01T02:19:49.703+0000][60.619s][info][gc,marking  ] GC(96) Concurrent Mark From Roots 603.737ms
[2026-07-01T02:19:49.703+0000][60.619s][info][gc,marking  ] GC(96) Concurrent Preclean
[2026-07-01T02:19:49.703+0000][60.619s][info][gc,marking  ] GC(96) Concurrent Preclean 0.103ms
[2026-07-01T02:19:49.703+0000][60.619s][info][gc,start    ] GC(96) Pause Remark
[2026-07-01T02:19:49.710+0000][60.626s][info][gc          ] GC(96) Pause Remark 175M->175M(290M) 6.968ms
[2026-07-01T02:19:49.710+0000][60.626s][info][gc,cpu      ] GC(96) User=0.01s Sys=0.00s Real=0.01s
[2026-07-01T02:19:49.712+0000][60.627s][info][gc,marking  ] GC(96) Concurrent Mark 612.291ms
[2026-07-01T02:19:49.712+0000][60.627s][info][gc,marking  ] GC(96) Concurrent Rebuild Remembered Sets and Scrub Regions
[2026-07-01T02:19:50.001+0000][60.917s][info][gc,marking  ] GC(96) Concurrent Rebuild Remembered Sets and Scrub Regions 289.595ms
[2026-07-01T02:19:50.001+0000][60.917s][info][gc,start    ] GC(96) Pause Cleanup
[2026-07-01T02:19:50.002+0000][60.917s][info][gc          ] GC(96) Pause Cleanup 228M->228M(290M) 0.200ms
[2026-07-01T02:19:50.002+0000][60.917s][info][gc,cpu      ] GC(96) User=0.00s Sys=0.00s Real=0.00s
[2026-07-01T02:19:50.005+0000][60.920s][info][gc,marking  ] GC(96) Concurrent Clear Claimed Marks
[2026-07-01T02:19:50.005+0000][60.920s][info][gc,marking  ] GC(96) Concurrent Clear Claimed Marks 0.094ms
[2026-07-01T02:19:50.005+0000][60.920s][info][gc,marking  ] GC(96) Concurrent Cleanup for Next Mark
[2026-07-01T02:19:50.011+0000][60.927s][info][gc,marking  ] GC(96) Concurrent Cleanup for Next Mark 6.564ms
[2026-07-01T02:19:50.011+0000][60.927s][info][gc          ] GC(96) Concurrent Mark Cycle 925.922ms
[2026-07-01T02:19:50.225+0000][61.140s][info][gc,start    ] GC(98) Pause Young (Prepare Mixed) (G1 Evacuation Pause)
[2026-07-01T02:19:50.225+0000][61.140s][info][gc,task     ] GC(98) Using 2 workers of 2 for evacuation
[2026-07-01T02:19:50.243+0000][61.158s][info][gc,phases   ] GC(98)   Pre Evacuate Collection Set: 0.39ms
[2026-07-01T02:19:50.243+0000][61.158s][info][gc,phases   ] GC(98)   Merge Heap Roots: 0.59ms
[2026-07-01T02:19:50.243+0000][61.158s][info][gc,phases   ] GC(98)   Evacuate Collection Set: 16.52ms
[2026-07-01T02:19:50.243+0000][61.158s][info][gc,phases   ] GC(98)   Post Evacuate Collection Set: 0.43ms
[2026-07-01T02:19:50.243+0000][61.158s][info][gc,phases   ] GC(98)   Other: 0.07ms
[2026-07-01T02:19:50.243+0000][61.158s][info][gc,heap     ] GC(98) Eden regions: 100->0(100)
[2026-07-01T02:19:50.243+0000][61.158s][info][gc,heap     ] GC(98) Survivor regions: 7->7(14)
[2026-07-01T02:19:50.243+0000][61.158s][info][gc,heap     ] GC(98) Old regions: 164->165
[2026-07-01T02:19:50.243+0000][61.158s][info][gc,heap     ] GC(98) Humongous regions: 3->3
[2026-07-01T02:19:50.243+0000][61.158s][info][gc,metaspace] GC(98) Metaspace: 41677K(42432K)->41677K(42432K) NonClass: 36538K(36928K)->36538K(36928K) Class: 5138K(5504K)->5138K(5504K)
[2026-07-01T02:19:50.243+0000][61.158s][info][gc          ] GC(98) Pause Young (Prepare Mixed) (G1 Evacuation Pause) 273M->174M(290M) 18.149ms
[2026-07-01T02:19:50.243+0000][61.158s][info][gc,cpu      ] GC(98) User=0.03s Sys=0.00s Real=0.02s
[2026-07-01T02:19:50.727+0000][61.643s][info][gc,start    ] GC(99) Pause Young (Mixed) (G1 Evacuation Pause)
[2026-07-01T02:19:50.728+0000][61.643s][info][gc,task     ] GC(99) Using 2 workers of 2 for evacuation
[2026-07-01T02:19:50.741+0000][61.657s][info][gc,phases   ] GC(99)   Pre Evacuate Collection Set: 0.13ms
[2026-07-01T02:19:50.741+0000][61.657s][info][gc,phases   ] GC(99)   Merge Heap Roots: 0.21ms
[2026-07-01T02:19:50.741+0000][61.657s][info][gc,phases   ] GC(99)   Evacuate Collection Set: 12.70ms
[2026-07-01T02:19:50.741+0000][61.657s][info][gc,phases   ] GC(99)   Post Evacuate Collection Set: 0.37ms
[2026-07-01T02:19:50.741+0000][61.657s][info][gc,phases   ] GC(99)   Other: 0.07ms
[2026-07-01T02:19:50.741+0000][61.657s][info][gc,heap     ] GC(99) Eden regions: 100->0(100)
[2026-07-01T02:19:50.741+0000][61.657s][info][gc,heap     ] GC(99) Survivor regions: 7->7(14)
[2026-07-01T02:19:50.741+0000][61.657s][info][gc,heap     ] GC(99) Old regions: 165->165
[2026-07-01T02:19:50.741+0000][61.657s][info][gc,heap     ] GC(99) Humongous regions: 3->3
[2026-07-01T02:19:50.741+0000][61.657s][info][gc,metaspace] GC(99) Metaspace: 41677K(42432K)->41677K(42432K) NonClass: 36538K(36928K)->36538K(36928K) Class: 5138K(5504K)->5138K(5504K)
[2026-07-01T02:19:50.741+0000][61.657s][info][gc          ] GC(99) Pause Young (Mixed) (G1 Evacuation Pause) 274M->174M(290M) 13.688ms
[2026-07-01T02:19:50.741+0000][61.657s][info][gc,cpu      ] GC(99) User=0.03s Sys=0.00s Real=0.02s
[2026-07-01T02:19:51.228+0000][62.144s][info][gc,start    ] GC(100) Pause Young (Concurrent Start) (G1 Evacuation Pause)
[2026-07-01T02:19:51.228+0000][62.144s][info][gc,task     ] GC(100) Using 2 workers of 2 for evacuation
[2026-07-01T02:19:51.241+0000][62.157s][info][gc,phases   ] GC(100)   Pre Evacuate Collection Set: 0.20ms
[2026-07-01T02:19:51.241+0000][62.157s][info][gc,phases   ] GC(100)   Merge Heap Roots: 0.34ms
[2026-07-01T02:19:51.241+0000][62.157s][info][gc,phases   ] GC(100)   Evacuate Collection Set: 12.16ms
[2026-07-01T02:19:51.241+0000][62.157s][info][gc,phases   ] GC(100)   Post Evacuate Collection Set: 0.35ms
[2026-07-01T02:19:51.241+0000][62.157s][info][gc,phases   ] GC(100)   Other: 0.12ms
[2026-07-01T02:19:51.241+0000][62.157s][info][gc,heap     ] GC(100) Eden regions: 100->0(100)
[2026-07-01T02:19:51.241+0000][62.157s][info][gc,heap     ] GC(100) Survivor regions: 7->7(14)
[2026-07-01T02:19:51.241+0000][62.157s][info][gc,heap     ] GC(100) Old regions: 165->165
[2026-07-01T02:19:51.241+0000][62.157s][info][gc,heap     ] GC(100) Humongous regions: 3->3
[2026-07-01T02:19:51.241+0000][62.157s][info][gc,metaspace] GC(100) Metaspace: 41684K(42496K)->41684K(42496K) NonClass: 36546K(36992K)->36546K(36992K) Class: 5138K(5504K)->5138K(5504K)
[2026-07-01T02:19:51.241+0000][62.157s][info][gc          ] GC(100) Pause Young (Concurrent Start) (G1 Evacuation Pause) 274M->174M(290M) 13.318ms
[2026-07-01T02:19:51.241+0000][62.157s][info][gc,cpu      ] GC(100) User=0.03s Sys=0.00s Real=0.02s
[2026-07-01T02:19:51.244+0000][62.160s][info][gc          ] GC(101) Concurrent Mark Cycle
[2026-07-01T02:19:51.244+0000][62.160s][info][gc,marking  ] GC(101) Concurrent Scan Root Regions
[2026-07-01T02:19:51.258+0000][62.174s][info][gc,marking  ] GC(101) Concurrent Scan Root Regions 13.379ms
[2026-07-01T02:19:51.258+0000][62.174s][info][gc,marking  ] GC(101) Concurrent Mark
[2026-07-01T02:19:51.258+0000][62.174s][info][gc,marking  ] GC(101) Concurrent Mark From Roots
[2026-07-01T02:19:51.258+0000][62.174s][info][gc,task     ] GC(101) Using 1 workers of 1 for marking
[2026-07-01T02:19:51.808+0000][62.724s][info][gc,start    ] GC(102) Pause Young (Normal) (G1 Evacuation Pause)
[2026-07-01T02:19:51.808+0000][62.724s][info][gc,task     ] GC(102) Using 2 workers of 2 for evacuation
[2026-07-01T02:19:51.822+0000][62.737s][info][gc,phases   ] GC(102)   Pre Evacuate Collection Set: 0.20ms
[2026-07-01T02:19:51.822+0000][62.737s][info][gc,phases   ] GC(102)   Merge Heap Roots: 0.47ms
[2026-07-01T02:19:51.822+0000][62.737s][info][gc,phases   ] GC(102)   Evacuate Collection Set: 12.29ms
[2026-07-01T02:19:51.822+0000][62.737s][info][gc,phases   ] GC(102)   Post Evacuate Collection Set: 0.37ms
[2026-07-01T02:19:51.822+0000][62.737s][info][gc,phases   ] GC(102)   Other: 0.09ms
[2026-07-01T02:19:51.822+0000][62.737s][info][gc,heap     ] GC(102) Eden regions: 100->0(99)
[2026-07-01T02:19:51.822+0000][62.738s][info][gc,heap     ] GC(102) Survivor regions: 7->7(14)
[2026-07-01T02:19:51.822+0000][62.738s][info][gc,heap     ] GC(102) Old regions: 165->166
[2026-07-01T02:19:51.822+0000][62.738s][info][gc,heap     ] GC(102) Humongous regions: 3->3
[2026-07-01T02:19:51.822+0000][62.738s][info][gc,metaspace] GC(102) Metaspace: 41686K(42496K)->41686K(42496K) NonClass: 36546K(36992K)->36546K(36992K) Class: 5139K(5504K)->5139K(5504K)
[2026-07-01T02:19:51.822+0000][62.738s][info][gc          ] GC(102) Pause Young (Normal) (G1 Evacuation Pause) 274M->174M(290M) 13.579ms
[2026-07-01T02:19:51.822+0000][62.738s][info][gc,cpu      ] GC(102) User=0.02s Sys=0.00s Real=0.01s
[2026-07-01T02:19:51.937+0000][62.853s][info][gc,marking  ] GC(101) Concurrent Mark From Roots 679.540ms
[2026-07-01T02:19:51.937+0000][62.853s][info][gc,marking  ] GC(101) Concurrent Preclean
[2026-07-01T02:19:51.938+0000][62.853s][info][gc,marking  ] GC(101) Concurrent Preclean 0.074ms
[2026-07-01T02:19:51.938+0000][62.853s][info][gc,start    ] GC(101) Pause Remark
[2026-07-01T02:19:51.943+0000][62.859s][info][gc          ] GC(101) Pause Remark 196M->196M(294M) 5.324ms
[2026-07-01T02:19:51.943+0000][62.859s][info][gc,cpu      ] GC(101) User=0.01s Sys=0.00s Real=0.01s
[2026-07-01T02:19:51.948+0000][62.864s][info][gc,marking  ] GC(101) Concurrent Mark 690.255ms
[2026-07-01T02:19:51.948+0000][62.864s][info][gc,marking  ] GC(101) Concurrent Rebuild Remembered Sets and Scrub Regions
[2026-07-01T02:19:52.176+0000][63.092s][info][gc,marking  ] GC(101) Concurrent Rebuild Remembered Sets and Scrub Regions 227.698ms
[2026-07-01T02:19:52.176+0000][63.092s][info][gc,start    ] GC(101) Pause Cleanup
[2026-07-01T02:19:52.176+0000][63.092s][info][gc          ] GC(101) Pause Cleanup 237M->237M(294M) 0.184ms
[2026-07-01T02:19:52.176+0000][63.092s][info][gc,cpu      ] GC(101) User=0.00s Sys=0.00s Real=0.00s
[2026-07-01T02:19:52.177+0000][63.092s][info][gc,marking  ] GC(101) Concurrent Clear Claimed Marks
[2026-07-01T02:19:52.177+0000][63.092s][info][gc,marking  ] GC(101) Concurrent Clear Claimed Marks 0.089ms
[2026-07-01T02:19:52.177+0000][63.092s][info][gc,marking  ] GC(101) Concurrent Cleanup for Next Mark
[2026-07-01T02:19:52.178+0000][63.093s][info][gc,marking  ] GC(101) Concurrent Cleanup for Next Mark 0.900ms
[2026-07-01T02:19:52.178+0000][63.093s][info][gc          ] GC(101) Concurrent Mark Cycle 933.176ms
[2026-07-01T02:19:52.351+0000][63.267s][info][gc,start    ] GC(103) Pause Young (Prepare Mixed) (G1 Evacuation Pause)
[2026-07-01T02:19:52.351+0000][63.267s][info][gc,task     ] GC(103) Using 2 workers of 2 for evacuation
[2026-07-01T02:19:52.365+0000][63.280s][info][gc,phases   ] GC(103)   Pre Evacuate Collection Set: 0.16ms
[2026-07-01T02:19:52.365+0000][63.280s][info][gc,phases   ] GC(103)   Merge Heap Roots: 0.41ms
[2026-07-01T02:19:52.365+0000][63.280s][info][gc,phases   ] GC(103)   Evacuate Collection Set: 12.27ms
[2026-07-01T02:19:52.365+0000][63.280s][info][gc,phases   ] GC(103)   Post Evacuate Collection Set: 0.40ms
[2026-07-01T02:19:52.365+0000][63.280s][info][gc,phases   ] GC(103)   Other: 0.05ms
[2026-07-01T02:19:52.365+0000][63.280s][info][gc,heap     ] GC(103) Eden regions: 98->0(102)
[2026-07-01T02:19:52.365+0000][63.280s][info][gc,heap     ] GC(103) Survivor regions: 7->7(14)
[2026-07-01T02:19:52.365+0000][63.280s][info][gc,heap     ] GC(103) Old regions: 166->166
[2026-07-01T02:19:52.365+0000][63.280s][info][gc,heap     ] GC(103) Humongous regions: 3->3
[2026-07-01T02:19:52.365+0000][63.280s][info][gc,metaspace] GC(103) Metaspace: 41704K(42496K)->41704K(42496K) NonClass: 36564K(36992K)->36564K(36992K) Class: 5139K(5504K)->5139K(5504K)
[2026-07-01T02:19:52.365+0000][63.280s][info][gc          ] GC(103) Pause Young (Prepare Mixed) (G1 Evacuation Pause) 272M->175M(294M) 13.462ms
[2026-07-01T02:19:52.365+0000][63.280s][info][gc,cpu      ] GC(103) User=0.03s Sys=0.00s Real=0.01s
[2026-07-01T02:19:52.841+0000][63.757s][info][gc,start    ] GC(104) Pause Young (Mixed) (G1 Evacuation Pause)
[2026-07-01T02:19:52.841+0000][63.757s][info][gc,task     ] GC(104) Using 2 workers of 2 for evacuation
[2026-07-01T02:19:52.856+0000][63.772s][info][gc,phases   ] GC(104)   Pre Evacuate Collection Set: 0.16ms
[2026-07-01T02:19:52.856+0000][63.772s][info][gc,phases   ] GC(104)   Merge Heap Roots: 0.28ms
[2026-07-01T02:19:52.856+0000][63.772s][info][gc,phases   ] GC(104)   Evacuate Collection Set: 14.24ms
[2026-07-01T02:19:52.856+0000][63.772s][info][gc,phases   ] GC(104)   Post Evacuate Collection Set: 0.40ms
[2026-07-01T02:19:52.856+0000][63.772s][info][gc,phases   ] GC(104)   Other: 0.06ms
[2026-07-01T02:19:52.856+0000][63.772s][info][gc,heap     ] GC(104) Eden regions: 102->0(102)
[2026-07-01T02:19:52.856+0000][63.772s][info][gc,heap     ] GC(104) Survivor regions: 7->7(14)
[2026-07-01T02:19:52.856+0000][63.772s][info][gc,heap     ] GC(104) Old regions: 166->166
[2026-07-01T02:19:52.856+0000][63.772s][info][gc,heap     ] GC(104) Humongous regions: 3->3
[2026-07-01T02:19:52.856+0000][63.772s][info][gc,metaspace] GC(104) Metaspace: 41704K(42496K)->41704K(42496K) NonClass: 36564K(36992K)->36564K(36992K) Class: 5139K(5504K)->5139K(5504K)
[2026-07-01T02:19:52.856+0000][63.772s][info][gc          ] GC(104) Pause Young (Mixed) (G1 Evacuation Pause) 277M->175M(294M) 15.340ms
[2026-07-01T02:19:52.856+0000][63.772s][info][gc,cpu      ] GC(104) User=0.03s Sys=0.00s Real=0.01s
[2026-07-01T02:19:53.495+0000][64.411s][info][gc,start    ] GC(105) Pause Young (Concurrent Start) (G1 Evacuation Pause)
[2026-07-01T02:19:53.496+0000][64.411s][info][gc,task     ] GC(105) Using 2 workers of 2 for evacuation
[2026-07-01T02:19:53.514+0000][64.429s][info][gc,phases   ] GC(105)   Pre Evacuate Collection Set: 0.26ms
[2026-07-01T02:19:53.514+0000][64.429s][info][gc,phases   ] GC(105)   Merge Heap Roots: 0.32ms
[2026-07-01T02:19:53.514+0000][64.429s][info][gc,phases   ] GC(105)   Evacuate Collection Set: 16.92ms
[2026-07-01T02:19:53.514+0000][64.429s][info][gc,phases   ] GC(105)   Post Evacuate Collection Set: 0.42ms
[2026-07-01T02:19:53.514+0000][64.429s][info][gc,phases   ] GC(105)   Other: 0.09ms
[2026-07-01T02:19:53.514+0000][64.429s][info][gc,heap     ] GC(105) Eden regions: 102->0(102)
[2026-07-01T02:19:53.514+0000][64.429s][info][gc,heap     ] GC(105) Survivor regions: 7->7(14)
[2026-07-01T02:19:53.514+0000][64.429s][info][gc,heap     ] GC(105) Old regions: 166->166
[2026-07-01T02:19:53.514+0000][64.429s][info][gc,heap     ] GC(105) Humongous regions: 3->3
[2026-07-01T02:19:53.514+0000][64.429s][info][gc,metaspace] GC(105) Metaspace: 41704K(42496K)->41704K(42496K) NonClass: 36565K(36992K)->36565K(36992K) Class: 5139K(5504K)->5139K(5504K)
[2026-07-01T02:19:53.514+0000][64.429s][info][gc          ] GC(105) Pause Young (Concurrent Start) (G1 Evacuation Pause) 277M->175M(294M) 18.194ms
[2026-07-01T02:19:53.514+0000][64.429s][info][gc,cpu      ] GC(105) User=0.03s Sys=0.00s Real=0.02s
[2026-07-01T02:19:53.514+0000][64.429s][info][gc          ] GC(106) Concurrent Mark Cycle
[2026-07-01T02:19:53.514+0000][64.429s][info][gc,marking  ] GC(106) Concurrent Scan Root Regions
[2026-07-01T02:19:53.525+0000][64.441s][info][gc,marking  ] GC(106) Concurrent Scan Root Regions 11.224ms
[2026-07-01T02:19:53.525+0000][64.441s][info][gc,marking  ] GC(106) Concurrent Mark
[2026-07-01T02:19:53.525+0000][64.441s][info][gc,marking  ] GC(106) Concurrent Mark From Roots
[2026-07-01T02:19:53.525+0000][64.441s][info][gc,task     ] GC(106) Using 1 workers of 1 for marking
[2026-07-01T02:19:53.865+0000][64.781s][info][gc,marking  ] GC(106) Concurrent Mark From Roots 339.902ms
[2026-07-01T02:19:53.865+0000][64.781s][info][gc,marking  ] GC(106) Concurrent Preclean
[2026-07-01T02:19:53.865+0000][64.781s][info][gc,marking  ] GC(106) Concurrent Preclean 0.054ms
[2026-07-01T02:19:53.865+0000][64.781s][info][gc,start    ] GC(106) Pause Remark
[2026-07-01T02:19:53.872+0000][64.788s][info][gc          ] GC(106) Pause Remark 210M->210M(294M) 7.155ms
[2026-07-01T02:19:53.872+0000][64.788s][info][gc,cpu      ] GC(106) User=0.01s Sys=0.00s Real=0.01s
[2026-07-01T02:19:53.874+0000][64.790s][info][gc,marking  ] GC(106) Concurrent Mark 349.209ms
[2026-07-01T02:19:53.874+0000][64.790s][info][gc,marking  ] GC(106) Concurrent Rebuild Remembered Sets and Scrub Regions
[2026-07-01T02:19:54.033+0000][64.949s][info][gc,marking  ] GC(106) Concurrent Rebuild Remembered Sets and Scrub Regions 158.626ms
[2026-07-01T02:19:54.033+0000][64.949s][info][gc,start    ] GC(106) Pause Cleanup
[2026-07-01T02:19:54.033+0000][64.949s][info][gc          ] GC(106) Pause Cleanup 226M->226M(294M) 0.169ms
[2026-07-01T02:19:54.033+0000][64.949s][info][gc,cpu      ] GC(106) User=0.00s Sys=0.00s Real=0.00s
[2026-07-01T02:19:54.033+0000][64.949s][info][gc,marking  ] GC(106) Concurrent Clear Claimed Marks
[2026-07-01T02:19:54.034+0000][64.949s][info][gc,marking  ] GC(106) Concurrent Clear Claimed Marks 0.086ms
[2026-07-01T02:19:54.034+0000][64.949s][info][gc,marking  ] GC(106) Concurrent Cleanup for Next Mark
[2026-07-01T02:19:54.034+0000][64.950s][info][gc,marking  ] GC(106) Concurrent Cleanup for Next Mark 0.642ms
[2026-07-01T02:19:54.034+0000][64.950s][info][gc          ] GC(106) Concurrent Mark Cycle 520.488ms
[2026-07-01T02:19:54.411+0000][65.327s][info][gc,start    ] GC(107) Pause Young (Prepare Mixed) (G1 Evacuation Pause)
[2026-07-01T02:19:54.411+0000][65.327s][info][gc,task     ] GC(107) Using 2 workers of 2 for evacuation
[2026-07-01T02:19:54.429+0000][65.345s][info][gc,phases   ] GC(107)   Pre Evacuate Collection Set: 0.20ms
[2026-07-01T02:19:54.429+0000][65.345s][info][gc,phases   ] GC(107)   Merge Heap Roots: 0.44ms
[2026-07-01T02:19:54.429+0000][65.345s][info][gc,phases   ] GC(107)   Evacuate Collection Set: 16.49ms
[2026-07-01T02:19:54.429+0000][65.345s][info][gc,phases   ] GC(107)   Post Evacuate Collection Set: 0.44ms
[2026-07-01T02:19:54.429+0000][65.345s][info][gc,phases   ] GC(107)   Other: 0.06ms
[2026-07-01T02:19:54.429+0000][65.345s][info][gc,heap     ] GC(107) Eden regions: 102->0(101)
[2026-07-01T02:19:54.429+0000][65.345s][info][gc,heap     ] GC(107) Survivor regions: 7->7(14)
[2026-07-01T02:19:54.429+0000][65.345s][info][gc,heap     ] GC(107) Old regions: 166->167
[2026-07-01T02:19:54.429+0000][65.345s][info][gc,heap     ] GC(107) Humongous regions: 3->3
[2026-07-01T02:19:54.429+0000][65.345s][info][gc,metaspace] GC(107) Metaspace: 41704K(42496K)->41704K(42496K) NonClass: 36565K(36992K)->36565K(36992K) Class: 5139K(5504K)->5139K(5504K)
[2026-07-01T02:19:54.429+0000][65.345s][info][gc          ] GC(107) Pause Young (Prepare Mixed) (G1 Evacuation Pause) 277M->176M(294M) 17.836ms
[2026-07-01T02:19:54.429+0000][65.345s][info][gc,cpu      ] GC(107) User=0.03s Sys=0.00s Real=0.02s
[2026-07-01T02:19:55.246+0000][66.162s][info][gc,start    ] GC(108) Pause Young (Mixed) (G1 Evacuation Pause)
[2026-07-01T02:19:55.246+0000][66.162s][info][gc,task     ] GC(108) Using 2 workers of 2 for evacuation
[2026-07-01T02:19:55.266+0000][66.182s][info][gc,phases   ] GC(108)   Pre Evacuate Collection Set: 0.17ms
[2026-07-01T02:19:55.266+0000][66.182s][info][gc,phases   ] GC(108)   Merge Heap Roots: 0.26ms
[2026-07-01T02:19:55.266+0000][66.182s][info][gc,phases   ] GC(108)   Evacuate Collection Set: 18.79ms
[2026-07-01T02:19:55.266+0000][66.182s][info][gc,phases   ] GC(108)   Post Evacuate Collection Set: 0.46ms
[2026-07-01T02:19:55.266+0000][66.182s][info][gc,phases   ] GC(108)   Other: 0.05ms
[2026-07-01T02:19:55.266+0000][66.182s][info][gc,heap     ] GC(108) Eden regions: 101->0(101)
[2026-07-01T02:19:55.266+0000][66.182s][info][gc,heap     ] GC(108) Survivor regions: 7->7(14)
[2026-07-01T02:19:55.266+0000][66.182s][info][gc,heap     ] GC(108) Old regions: 167->167
[2026-07-01T02:19:55.266+0000][66.182s][info][gc,heap     ] GC(108) Humongous regions: 3->3
[2026-07-01T02:19:55.266+0000][66.182s][info][gc,metaspace] GC(108) Metaspace: 41705K(42496K)->41705K(42496K) NonClass: 36565K(36992K)->36565K(36992K) Class: 5139K(5504K)->5139K(5504K)
[2026-07-01T02:19:55.266+0000][66.182s][info][gc          ] GC(108) Pause Young (Mixed) (G1 Evacuation Pause) 277M->176M(294M) 19.912ms
[2026-07-01T02:19:55.266+0000][66.182s][info][gc,cpu      ] GC(108) User=0.04s Sys=0.00s Real=0.02s
[2026-07-01T02:19:56.047+0000][66.962s][info][gc,start    ] GC(109) Pause Young (Concurrent Start) (G1 Evacuation Pause)
[2026-07-01T02:19:56.047+0000][66.962s][info][gc,task     ] GC(109) Using 2 workers of 2 for evacuation
[2026-07-01T02:19:56.065+0000][66.981s][info][gc,phases   ] GC(109)   Pre Evacuate Collection Set: 0.17ms
[2026-07-01T02:19:56.065+0000][66.981s][info][gc,phases   ] GC(109)   Merge Heap Roots: 0.33ms
[2026-07-01T02:19:56.065+0000][66.981s][info][gc,phases   ] GC(109)   Evacuate Collection Set: 17.12ms
[2026-07-01T02:19:56.065+0000][66.981s][info][gc,phases   ] GC(109)   Post Evacuate Collection Set: 0.81ms
[2026-07-01T02:19:56.065+0000][66.981s][info][gc,phases   ] GC(109)   Other: 0.10ms
[2026-07-01T02:19:56.065+0000][66.981s][info][gc,heap     ] GC(109) Eden regions: 101->0(101)
[2026-07-01T02:19:56.065+0000][66.981s][info][gc,heap     ] GC(109) Survivor regions: 7->7(14)
[2026-07-01T02:19:56.065+0000][66.981s][info][gc,heap     ] GC(109) Old regions: 167->167
[2026-07-01T02:19:56.065+0000][66.981s][info][gc,heap     ] GC(109) Humongous regions: 3->3
[2026-07-01T02:19:56.065+0000][66.981s][info][gc,metaspace] GC(109) Metaspace: 41705K(42496K)->41705K(42496K) NonClass: 36565K(36992K)->36565K(36992K) Class: 5139K(5504K)->5139K(5504K)
[2026-07-01T02:19:56.065+0000][66.981s][info][gc          ] GC(109) Pause Young (Concurrent Start) (G1 Evacuation Pause) 277M->176M(294M) 18.748ms
[2026-07-01T02:19:56.065+0000][66.981s][info][gc          ] GC(110) Concurrent Mark Cycle
[2026-07-01T02:19:56.065+0000][66.981s][info][gc,cpu      ] GC(109) User=0.03s Sys=0.00s Real=0.02s
[2026-07-01T02:19:56.065+0000][66.981s][info][gc,marking  ] GC(110) Concurrent Scan Root Regions
[2026-07-01T02:19:56.091+0000][67.007s][info][gc,marking  ] GC(110) Concurrent Scan Root Regions 25.974ms
[2026-07-01T02:19:56.091+0000][67.007s][info][gc,marking  ] GC(110) Concurrent Mark
[2026-07-01T02:19:56.091+0000][67.007s][info][gc,marking  ] GC(110) Concurrent Mark From Roots
[2026-07-01T02:19:56.091+0000][67.007s][info][gc,task     ] GC(110) Using 1 workers of 1 for marking
[2026-07-01T02:19:56.467+0000][67.382s][info][gc,marking  ] GC(110) Concurrent Mark From Roots 375.225ms
[2026-07-01T02:19:56.467+0000][67.382s][info][gc,marking  ] GC(110) Concurrent Preclean
[2026-07-01T02:19:56.467+0000][67.383s][info][gc,marking  ] GC(110) Concurrent Preclean 0.077ms
[2026-07-01T02:19:56.467+0000][67.383s][info][gc,start    ] GC(110) Pause Remark
[2026-07-01T02:19:56.474+0000][67.390s][info][gc          ] GC(110) Pause Remark 216M->216M(295M) 7.008ms
[2026-07-01T02:19:56.474+0000][67.390s][info][gc,cpu      ] GC(110) User=0.02s Sys=0.00s Real=0.01s
[2026-07-01T02:19:56.475+0000][67.391s][info][gc,marking  ] GC(110) Concurrent Mark 383.325ms
[2026-07-01T02:19:56.475+0000][67.391s][info][gc,marking  ] GC(110) Concurrent Rebuild Remembered Sets and Scrub Regions
[2026-07-01T02:19:56.645+0000][67.561s][info][gc,marking  ] GC(110) Concurrent Rebuild Remembered Sets and Scrub Regions 170.520ms
[2026-07-01T02:19:56.646+0000][67.561s][info][gc,start    ] GC(110) Pause Cleanup
[2026-07-01T02:19:56.646+0000][67.562s][info][gc          ] GC(110) Pause Cleanup 233M->233M(295M) 0.159ms
[2026-07-01T02:19:56.646+0000][67.562s][info][gc,cpu      ] GC(110) User=0.00s Sys=0.00s Real=0.00s
[2026-07-01T02:19:56.646+0000][67.562s][info][gc,marking  ] GC(110) Concurrent Clear Claimed Marks
[2026-07-01T02:19:56.646+0000][67.562s][info][gc,marking  ] GC(110) Concurrent Clear Claimed Marks 0.097ms
[2026-07-01T02:19:56.646+0000][67.562s][info][gc,marking  ] GC(110) Concurrent Cleanup for Next Mark
[2026-07-01T02:19:56.647+0000][67.563s][info][gc,marking  ] GC(110) Concurrent Cleanup for Next Mark 0.776ms
[2026-07-01T02:19:56.647+0000][67.563s][info][gc          ] GC(110) Concurrent Mark Cycle 581.672ms
[2026-07-01T02:19:56.988+0000][67.904s][info][gc,start    ] GC(111) Pause Young (Prepare Mixed) (G1 Evacuation Pause)
[2026-07-01T02:19:56.988+0000][67.904s][info][gc,task     ] GC(111) Using 2 workers of 2 for evacuation
[2026-07-01T02:19:57.005+0000][67.921s][info][gc,phases   ] GC(111)   Pre Evacuate Collection Set: 0.15ms
[2026-07-01T02:19:57.005+0000][67.921s][info][gc,phases   ] GC(111)   Merge Heap Roots: 0.40ms
[2026-07-01T02:19:57.005+0000][67.921s][info][gc,phases   ] GC(111)   Evacuate Collection Set: 15.83ms
[2026-07-01T02:19:57.005+0000][67.921s][info][gc,phases   ] GC(111)   Post Evacuate Collection Set: 0.41ms
[2026-07-01T02:19:57.005+0000][67.921s][info][gc,phases   ] GC(111)   Other: 0.09ms
[2026-07-01T02:19:57.005+0000][67.921s][info][gc,heap     ] GC(111) Eden regions: 101->0(101)
[2026-07-01T02:19:57.005+0000][67.921s][info][gc,heap     ] GC(111) Survivor regions: 7->7(14)
[2026-07-01T02:19:57.005+0000][67.921s][info][gc,heap     ] GC(111) Old regions: 167->168
[2026-07-01T02:19:57.005+0000][67.921s][info][gc,heap     ] GC(111) Humongous regions: 3->3
[2026-07-01T02:19:57.005+0000][67.921s][info][gc,metaspace] GC(111) Metaspace: 41705K(42496K)->41705K(42496K) NonClass: 36565K(36992K)->36565K(36992K) Class: 5139K(5504K)->5139K(5504K)
[2026-07-01T02:19:57.005+0000][67.921s][info][gc          ] GC(111) Pause Young (Prepare Mixed) (G1 Evacuation Pause) 277M->177M(295M) 17.067ms
[2026-07-01T02:19:57.005+0000][67.921s][info][gc,cpu      ] GC(111) User=0.03s Sys=0.00s Real=0.02s
[2026-07-01T02:19:57.514+0000][68.430s][info][gc,start    ] GC(112) Pause Young (Mixed) (G1 Evacuation Pause)
[2026-07-01T02:19:57.514+0000][68.430s][info][gc,task     ] GC(112) Using 2 workers of 2 for evacuation
[2026-07-01T02:19:57.528+0000][68.444s][info][gc,phases   ] GC(112)   Pre Evacuate Collection Set: 0.19ms
[2026-07-01T02:19:57.528+0000][68.444s][info][gc,phases   ] GC(112)   Merge Heap Roots: 0.32ms
[2026-07-01T02:19:57.528+0000][68.444s][info][gc,phases   ] GC(112)   Evacuate Collection Set: 13.57ms
[2026-07-01T02:19:57.528+0000][68.444s][info][gc,phases   ] GC(112)   Post Evacuate Collection Set: 0.40ms
[2026-07-01T02:19:57.528+0000][68.444s][info][gc,phases   ] GC(112)   Other: 0.05ms
[2026-07-01T02:19:57.528+0000][68.444s][info][gc,heap     ] GC(112) Eden regions: 101->0(101)
[2026-07-01T02:19:57.528+0000][68.444s][info][gc,heap     ] GC(112) Survivor regions: 7->7(14)
[2026-07-01T02:19:57.528+0000][68.444s][info][gc,heap     ] GC(112) Old regions: 168->168
[2026-07-01T02:19:57.528+0000][68.444s][info][gc,heap     ] GC(112) Humongous regions: 3->3
[2026-07-01T02:19:57.528+0000][68.444s][info][gc,metaspace] GC(112) Metaspace: 41705K(42496K)->41705K(42496K) NonClass: 36565K(36992K)->36565K(36992K) Class: 5139K(5504K)->5139K(5504K)
[2026-07-01T02:19:57.528+0000][68.444s][info][gc          ] GC(112) Pause Young (Mixed) (G1 Evacuation Pause) 278M->176M(295M) 14.700ms
[2026-07-01T02:19:57.528+0000][68.444s][info][gc,cpu      ] GC(112) User=0.02s Sys=0.00s Real=0.02s
[2026-07-01T02:19:58.008+0000][68.924s][info][gc,start    ] GC(113) Pause Young (Concurrent Start) (G1 Evacuation Pause)
[2026-07-01T02:19:58.008+0000][68.924s][info][gc,task     ] GC(113) Using 2 workers of 2 for evacuation
[2026-07-01T02:19:58.021+0000][68.937s][info][gc,phases   ] GC(113)   Pre Evacuate Collection Set: 0.17ms
[2026-07-01T02:19:58.021+0000][68.937s][info][gc,phases   ] GC(113)   Merge Heap Roots: 0.31ms
[2026-07-01T02:19:58.021+0000][68.937s][info][gc,phases   ] GC(113)   Evacuate Collection Set: 11.89ms
[2026-07-01T02:19:58.021+0000][68.937s][info][gc,phases   ] GC(113)   Post Evacuate Collection Set: 0.38ms
[2026-07-01T02:19:58.021+0000][68.937s][info][gc,phases   ] GC(113)   Other: 0.07ms
[2026-07-01T02:19:58.021+0000][68.937s][info][gc,heap     ] GC(113) Eden regions: 101->0(101)
[2026-07-01T02:19:58.021+0000][68.937s][info][gc,heap     ] GC(113) Survivor regions: 7->7(14)
[2026-07-01T02:19:58.021+0000][68.937s][info][gc,heap     ] GC(113) Old regions: 168->168
[2026-07-01T02:19:58.021+0000][68.937s][info][gc,heap     ] GC(113) Humongous regions: 3->3
[2026-07-01T02:19:58.021+0000][68.937s][info][gc,metaspace] GC(113) Metaspace: 41705K(42496K)->41705K(42496K) NonClass: 36565K(36992K)->36565K(36992K) Class: 5139K(5504K)->5139K(5504K)
[2026-07-01T02:19:58.021+0000][68.937s][info][gc          ] GC(113) Pause Young (Concurrent Start) (G1 Evacuation Pause) 277M->177M(295M) 13.020ms
[2026-07-01T02:19:58.021+0000][68.937s][info][gc,cpu      ] GC(113) User=0.03s Sys=0.00s Real=0.02s
[2026-07-01T02:19:58.023+0000][68.939s][info][gc          ] GC(114) Concurrent Mark Cycle
[2026-07-01T02:19:58.023+0000][68.939s][info][gc,marking  ] GC(114) Concurrent Scan Root Regions
[2026-07-01T02:19:58.039+0000][68.955s][info][gc,marking  ] GC(114) Concurrent Scan Root Regions 15.578ms
[2026-07-01T02:19:58.039+0000][68.955s][info][gc,marking  ] GC(114) Concurrent Mark
[2026-07-01T02:19:58.039+0000][68.955s][info][gc,marking  ] GC(114) Concurrent Mark From Roots
[2026-07-01T02:19:58.039+0000][68.955s][info][gc,task     ] GC(114) Using 1 workers of 1 for marking
[2026-07-01T02:19:58.476+0000][69.391s][info][gc,marking  ] GC(114) Concurrent Mark From Roots 436.811ms
[2026-07-01T02:19:58.476+0000][69.391s][info][gc,marking  ] GC(114) Concurrent Preclean
[2026-07-01T02:19:58.476+0000][69.392s][info][gc,marking  ] GC(114) Concurrent Preclean 0.107ms
[2026-07-01T02:19:58.476+0000][69.392s][info][gc,start    ] GC(114) Pause Remark
[2026-07-01T02:19:58.482+0000][69.398s][info][gc          ] GC(114) Pause Remark 250M->250M(297M) 6.342ms
[2026-07-01T02:19:58.482+0000][69.398s][info][gc,cpu      ] GC(114) User=0.01s Sys=0.00s Real=0.01s
[2026-07-01T02:19:58.487+0000][69.402s][info][gc,marking  ] GC(114) Concurrent Mark 447.823ms
[2026-07-01T02:19:58.487+0000][69.402s][info][gc,marking  ] GC(114) Concurrent Rebuild Remembered Sets and Scrub Regions
[2026-07-01T02:19:58.641+0000][69.557s][info][gc,start    ] GC(115) Pause Young (Normal) (G1 Evacuation Pause)
[2026-07-01T02:19:58.641+0000][69.557s][info][gc,task     ] GC(115) Using 2 workers of 2 for evacuation
[2026-07-01T02:19:58.656+0000][69.572s][info][gc,phases   ] GC(115)   Pre Evacuate Collection Set: 0.15ms
[2026-07-01T02:19:58.656+0000][69.572s][info][gc,phases   ] GC(115)   Merge Heap Roots: 0.40ms
[2026-07-01T02:19:58.656+0000][69.572s][info][gc,phases   ] GC(115)   Evacuate Collection Set: 13.54ms
[2026-07-01T02:19:58.656+0000][69.572s][info][gc,phases   ] GC(115)   Post Evacuate Collection Set: 0.49ms
[2026-07-01T02:19:58.656+0000][69.572s][info][gc,phases   ] GC(115)   Other: 0.09ms
[2026-07-01T02:19:58.656+0000][69.572s][info][gc,heap     ] GC(115) Eden regions: 101->0(102)
[2026-07-01T02:19:58.656+0000][69.572s][info][gc,heap     ] GC(115) Survivor regions: 7->7(14)
[2026-07-01T02:19:58.656+0000][69.572s][info][gc,heap     ] GC(115) Old regions: 168->169
[2026-07-01T02:19:58.656+0000][69.572s][info][gc,heap     ] GC(115) Humongous regions: 3->3
[2026-07-01T02:19:58.656+0000][69.572s][info][gc,metaspace] GC(115) Metaspace: 41708K(42496K)->41708K(42496K) NonClass: 36568K(36992K)->36568K(36992K) Class: 5139K(5504K)->5139K(5504K)
[2026-07-01T02:19:58.656+0000][69.572s][info][gc          ] GC(115) Pause Young (Normal) (G1 Evacuation Pause) 278M->178M(297M) 14.835ms
[2026-07-01T02:19:58.656+0000][69.572s][info][gc,cpu      ] GC(115) User=0.03s Sys=0.00s Real=0.01s
[2026-07-01T02:19:58.868+0000][69.784s][info][gc,marking  ] GC(114) Concurrent Rebuild Remembered Sets and Scrub Regions 381.137ms
[2026-07-01T02:19:58.868+0000][69.784s][info][gc,start    ] GC(114) Pause Cleanup
[2026-07-01T02:19:58.868+0000][69.784s][info][gc          ] GC(114) Pause Cleanup 220M->220M(297M) 0.166ms
[2026-07-01T02:19:58.868+0000][69.784s][info][gc,cpu      ] GC(114) User=0.00s Sys=0.00s Real=0.01s
[2026-07-01T02:19:58.869+0000][69.784s][info][gc,marking  ] GC(114) Concurrent Clear Claimed Marks
[2026-07-01T02:19:58.869+0000][69.784s][info][gc,marking  ] GC(114) Concurrent Clear Claimed Marks 0.087ms
[2026-07-01T02:19:58.869+0000][69.784s][info][gc,marking  ] GC(114) Concurrent Cleanup for Next Mark
[2026-07-01T02:19:58.869+0000][69.785s][info][gc,marking  ] GC(114) Concurrent Cleanup for Next Mark 0.602ms
[2026-07-01T02:19:58.869+0000][69.785s][info][gc          ] GC(114) Concurrent Mark Cycle 846.201ms
[2026-07-01T02:19:59.165+0000][70.080s][info][gc,start    ] GC(116) Pause Young (Prepare Mixed) (G1 Evacuation Pause)
[2026-07-01T02:19:59.165+0000][70.080s][info][gc,task     ] GC(116) Using 2 workers of 2 for evacuation
[2026-07-01T02:19:59.185+0000][70.100s][info][gc,phases   ] GC(116)   Pre Evacuate Collection Set: 0.18ms
[2026-07-01T02:19:59.185+0000][70.100s][info][gc,phases   ] GC(116)   Merge Heap Roots: 0.60ms
[2026-07-01T02:19:59.185+0000][70.100s][info][gc,phases   ] GC(116)   Evacuate Collection Set: 18.71ms
[2026-07-01T02:19:59.185+0000][70.100s][info][gc,phases   ] GC(116)   Post Evacuate Collection Set: 0.44ms
[2026-07-01T02:19:59.185+0000][70.100s][info][gc,phases   ] GC(116)   Other: 0.05ms
[2026-07-01T02:19:59.185+0000][70.100s][info][gc,heap     ] GC(116) Eden regions: 102->0(102)
[2026-07-01T02:19:59.185+0000][70.100s][info][gc,heap     ] GC(116) Survivor regions: 7->7(14)
[2026-07-01T02:19:59.185+0000][70.100s][info][gc,heap     ] GC(116) Old regions: 169->169
[2026-07-01T02:19:59.185+0000][70.100s][info][gc,heap     ] GC(116) Humongous regions: 3->3
[2026-07-01T02:19:59.185+0000][70.100s][info][gc,metaspace] GC(116) Metaspace: 41708K(42496K)->41708K(42496K) NonClass: 36568K(36992K)->36568K(36992K) Class: 5139K(5504K)->5139K(5504K)
[2026-07-01T02:19:59.185+0000][70.100s][info][gc          ] GC(116) Pause Young (Prepare Mixed) (G1 Evacuation Pause) 280M->178M(297M) 20.158ms
[2026-07-01T02:19:59.185+0000][70.100s][info][gc,cpu      ] GC(116) User=0.04s Sys=0.00s Real=0.02s
[2026-07-01T02:19:59.657+0000][70.572s][info][gc,start    ] GC(117) Pause Young (Mixed) (G1 Evacuation Pause)
[2026-07-01T02:19:59.657+0000][70.573s][info][gc,task     ] GC(117) Using 2 workers of 2 for evacuation
[2026-07-01T02:19:59.672+0000][70.588s][info][gc,phases   ] GC(117)   Pre Evacuate Collection Set: 0.14ms
[2026-07-01T02:19:59.672+0000][70.588s][info][gc,phases   ] GC(117)   Merge Heap Roots: 0.35ms
[2026-07-01T02:19:59.672+0000][70.588s][info][gc,phases   ] GC(117)   Evacuate Collection Set: 14.04ms
[2026-07-01T02:19:59.672+0000][70.588s][info][gc,phases   ] GC(117)   Post Evacuate Collection Set: 0.38ms
[2026-07-01T02:19:59.672+0000][70.588s][info][gc,phases   ] GC(117)   Other: 0.06ms
[2026-07-01T02:19:59.672+0000][70.588s][info][gc,heap     ] GC(117) Eden regions: 102->0(102)
[2026-07-01T02:19:59.672+0000][70.588s][info][gc,heap     ] GC(117) Survivor regions: 7->7(14)
[2026-07-01T02:19:59.672+0000][70.588s][info][gc,heap     ] GC(117) Old regions: 169->169
[2026-07-01T02:19:59.672+0000][70.588s][info][gc,heap     ] GC(117) Humongous regions: 3->3
[2026-07-01T02:19:59.672+0000][70.588s][info][gc,metaspace] GC(117) Metaspace: 41709K(42496K)->41709K(42496K) NonClass: 36570K(36992K)->36570K(36992K) Class: 5139K(5504K)->5139K(5504K)
[2026-07-01T02:19:59.672+0000][70.588s][info][gc          ] GC(117) Pause Young (Mixed) (G1 Evacuation Pause) 280M->178M(297M) 15.122ms
[2026-07-01T02:19:59.672+0000][70.588s][info][gc,cpu      ] GC(117) User=0.03s Sys=0.00s Real=0.02s
[2026-07-01T02:20:00.140+0000][71.056s][info][gc,start    ] GC(118) Pause Young (Concurrent Start) (G1 Evacuation Pause)
[2026-07-01T02:20:00.140+0000][71.056s][info][gc,task     ] GC(118) Using 2 workers of 2 for evacuation
[2026-07-01T02:20:00.155+0000][71.071s][info][gc,phases   ] GC(118)   Pre Evacuate Collection Set: 0.25ms
[2026-07-01T02:20:00.155+0000][71.071s][info][gc,phases   ] GC(118)   Merge Heap Roots: 0.31ms
[2026-07-01T02:20:00.155+0000][71.071s][info][gc,phases   ] GC(118)   Evacuate Collection Set: 13.75ms
[2026-07-01T02:20:00.155+0000][71.071s][info][gc,phases   ] GC(118)   Post Evacuate Collection Set: 0.33ms
[2026-07-01T02:20:00.155+0000][71.071s][info][gc,phases   ] GC(118)   Other: 0.10ms
[2026-07-01T02:20:00.155+0000][71.071s][info][gc,heap     ] GC(118) Eden regions: 102->0(101)
[2026-07-01T02:20:00.155+0000][71.071s][info][gc,heap     ] GC(118) Survivor regions: 7->7(14)
[2026-07-01T02:20:00.155+0000][71.071s][info][gc,heap     ] GC(118) Old regions: 169->170
[2026-07-01T02:20:00.155+0000][71.071s][info][gc,heap     ] GC(118) Humongous regions: 3->3
[2026-07-01T02:20:00.155+0000][71.071s][info][gc,metaspace] GC(118) Metaspace: 41711K(42496K)->41711K(42496K) NonClass: 36572K(36992K)->36572K(36992K) Class: 5139K(5504K)->5139K(5504K)
[2026-07-01T02:20:00.155+0000][71.071s][info][gc          ] GC(118) Pause Young (Concurrent Start) (G1 Evacuation Pause) 280M->179M(297M) 14.880ms
[2026-07-01T02:20:00.155+0000][71.071s][info][gc,cpu      ] GC(118) User=0.02s Sys=0.01s Real=0.01s
[2026-07-01T02:20:00.159+0000][71.075s][info][gc          ] GC(119) Concurrent Mark Cycle
[2026-07-01T02:20:00.159+0000][71.075s][info][gc,marking  ] GC(119) Concurrent Scan Root Regions
[2026-07-01T02:20:00.170+0000][71.086s][info][gc,marking  ] GC(119) Concurrent Scan Root Regions 11.180ms
[2026-07-01T02:20:00.170+0000][71.086s][info][gc,marking  ] GC(119) Concurrent Mark
[2026-07-01T02:20:00.170+0000][71.086s][info][gc,marking  ] GC(119) Concurrent Mark From Roots
[2026-07-01T02:20:00.170+0000][71.086s][info][gc,task     ] GC(119) Using 1 workers of 1 for marking
[2026-07-01T02:20:00.639+0000][71.555s][info][gc,marking  ] GC(119) Concurrent Mark From Roots 468.520ms
[2026-07-01T02:20:00.639+0000][71.555s][info][gc,marking  ] GC(119) Concurrent Preclean
[2026-07-01T02:20:00.639+0000][71.555s][info][gc,marking  ] GC(119) Concurrent Preclean 0.144ms
[2026-07-01T02:20:00.639+0000][71.555s][info][gc,start    ] GC(119) Pause Remark
[2026-07-01T02:20:00.646+0000][71.562s][info][gc          ] GC(119) Pause Remark 261M->261M(300M) 6.728ms
[2026-07-01T02:20:00.646+0000][71.562s][info][gc,cpu      ] GC(119) User=0.01s Sys=0.00s Real=0.00s
[2026-07-01T02:20:00.648+0000][71.564s][info][gc,marking  ] GC(119) Concurrent Mark 477.764ms
[2026-07-01T02:20:00.648+0000][71.564s][info][gc,marking  ] GC(119) Concurrent Rebuild Remembered Sets and Scrub Regions
[2026-07-01T02:20:00.764+0000][71.680s][info][gc,start    ] GC(120) Pause Young (Normal) (G1 Evacuation Pause)
[2026-07-01T02:20:00.764+0000][71.680s][info][gc,task     ] GC(120) Using 2 workers of 2 for evacuation
[2026-07-01T02:20:00.784+0000][71.700s][info][gc,phases   ] GC(120)   Pre Evacuate Collection Set: 0.48ms
[2026-07-01T02:20:00.784+0000][71.700s][info][gc,phases   ] GC(120)   Merge Heap Roots: 0.34ms
[2026-07-01T02:20:00.784+0000][71.700s][info][gc,phases   ] GC(120)   Evacuate Collection Set: 18.37ms
[2026-07-01T02:20:00.784+0000][71.700s][info][gc,phases   ] GC(120)   Post Evacuate Collection Set: 0.72ms
[2026-07-01T02:20:00.784+0000][71.700s][info][gc,phases   ] GC(120)   Other: 0.05ms
[2026-07-01T02:20:00.784+0000][71.700s][info][gc,heap     ] GC(120) Eden regions: 102->0(105)
[2026-07-01T02:20:00.784+0000][71.700s][info][gc,heap     ] GC(120) Survivor regions: 7->7(14)
[2026-07-01T02:20:00.784+0000][71.700s][info][gc,heap     ] GC(120) Old regions: 170->170
[2026-07-01T02:20:00.784+0000][71.700s][info][gc,heap     ] GC(120) Humongous regions: 3->3
[2026-07-01T02:20:00.784+0000][71.700s][info][gc,metaspace] GC(120) Metaspace: 41727K(42496K)->41727K(42496K) NonClass: 36587K(36992K)->36587K(36992K) Class: 5139K(5504K)->5139K(5504K)
[2026-07-01T02:20:00.784+0000][71.700s][info][gc          ] GC(120) Pause Young (Normal) (G1 Evacuation Pause) 281M->179M(300M) 20.133ms
[2026-07-01T02:20:00.784+0000][71.700s][info][gc,cpu      ] GC(120) User=0.04s Sys=0.01s Real=0.02s
[2026-07-01T02:20:01.109+0000][72.025s][info][gc,marking  ] GC(119) Concurrent Rebuild Remembered Sets and Scrub Regions 460.690ms
[2026-07-01T02:20:01.109+0000][72.025s][info][gc,start    ] GC(119) Pause Cleanup
[2026-07-01T02:20:01.109+0000][72.025s][info][gc          ] GC(119) Pause Cleanup 246M->246M(300M) 0.231ms
[2026-07-01T02:20:01.109+0000][72.025s][info][gc,cpu      ] GC(119) User=0.00s Sys=0.00s Real=0.00s
[2026-07-01T02:20:01.109+0000][72.025s][info][gc,marking  ] GC(119) Concurrent Clear Claimed Marks
[2026-07-01T02:20:01.109+0000][72.025s][info][gc,marking  ] GC(119) Concurrent Clear Claimed Marks 0.082ms
[2026-07-01T02:20:01.109+0000][72.025s][info][gc,marking  ] GC(119) Concurrent Cleanup for Next Mark
[2026-07-01T02:20:01.111+0000][72.027s][info][gc,marking  ] GC(119) Concurrent Cleanup for Next Mark 2.080ms
[2026-07-01T02:20:01.112+0000][72.027s][info][gc          ] GC(119) Concurrent Mark Cycle 952.458ms
[2026-07-01T02:20:01.297+0000][72.212s][info][gc,start    ] GC(121) Pause Young (Prepare Mixed) (G1 Evacuation Pause)
[2026-07-01T02:20:01.297+0000][72.213s][info][gc,task     ] GC(121) Using 2 workers of 2 for evacuation
[2026-07-01T02:20:01.317+0000][72.233s][info][gc,phases   ] GC(121)   Pre Evacuate Collection Set: 0.23ms
[2026-07-01T02:20:01.318+0000][72.233s][info][gc,phases   ] GC(121)   Merge Heap Roots: 1.13ms
[2026-07-01T02:20:01.318+0000][72.233s][info][gc,phases   ] GC(121)   Evacuate Collection Set: 18.86ms
[2026-07-01T02:20:01.318+0000][72.233s][info][gc,phases   ] GC(121)   Post Evacuate Collection Set: 0.44ms
[2026-07-01T02:20:01.318+0000][72.233s][info][gc,phases   ] GC(121)   Other: 0.07ms
[2026-07-01T02:20:01.318+0000][72.233s][info][gc,heap     ] GC(121) Eden regions: 105->0(105)
[2026-07-01T02:20:01.318+0000][72.233s][info][gc,heap     ] GC(121) Survivor regions: 7->7(14)
[2026-07-01T02:20:01.318+0000][72.233s][info][gc,heap     ] GC(121) Old regions: 170->170
[2026-07-01T02:20:01.318+0000][72.233s][info][gc,heap     ] GC(121) Humongous regions: 3->3
[2026-07-01T02:20:01.318+0000][72.233s][info][gc,metaspace] GC(121) Metaspace: 41730K(42496K)->41730K(42496K) NonClass: 36590K(36992K)->36590K(36992K) Class: 5139K(5504K)->5139K(5504K)
[2026-07-01T02:20:01.318+0000][72.233s][info][gc          ] GC(121) Pause Young (Prepare Mixed) (G1 Evacuation Pause) 284M->179M(300M) 20.891ms
[2026-07-01T02:20:01.318+0000][72.233s][info][gc,cpu      ] GC(121) User=0.04s Sys=0.00s Real=0.02s
[2026-07-01T02:20:01.811+0000][72.727s][info][gc,start    ] GC(122) Pause Young (Mixed) (G1 Evacuation Pause)
[2026-07-01T02:20:01.811+0000][72.727s][info][gc,task     ] GC(122) Using 2 workers of 2 for evacuation
[2026-07-01T02:20:01.827+0000][72.742s][info][gc,phases   ] GC(122)   Pre Evacuate Collection Set: 0.22ms
[2026-07-01T02:20:01.827+0000][72.743s][info][gc,phases   ] GC(122)   Merge Heap Roots: 0.50ms
[2026-07-01T02:20:01.827+0000][72.743s][info][gc,phases   ] GC(122)   Evacuate Collection Set: 14.18ms
[2026-07-01T02:20:01.827+0000][72.743s][info][gc,phases   ] GC(122)   Post Evacuate Collection Set: 0.37ms
[2026-07-01T02:20:01.827+0000][72.743s][info][gc,phases   ] GC(122)   Other: 0.06ms
[2026-07-01T02:20:01.827+0000][72.743s][info][gc,heap     ] GC(122) Eden regions: 105->0(105)
[2026-07-01T02:20:01.827+0000][72.743s][info][gc,heap     ] GC(122) Survivor regions: 7->7(14)
[2026-07-01T02:20:01.827+0000][72.743s][info][gc,heap     ] GC(122) Old regions: 170->170
[2026-07-01T02:20:01.827+0000][72.743s][info][gc,heap     ] GC(122) Humongous regions: 3->3
[2026-07-01T02:20:01.827+0000][72.743s][info][gc,metaspace] GC(122) Metaspace: 41730K(42496K)->41730K(42496K) NonClass: 36590K(36992K)->36590K(36992K) Class: 5139K(5504K)->5139K(5504K)
[2026-07-01T02:20:01.827+0000][72.743s][info][gc          ] GC(122) Pause Young (Mixed) (G1 Evacuation Pause) 284M->180M(300M) 15.495ms
[2026-07-01T02:20:01.827+0000][72.743s][info][gc,cpu      ] GC(122) User=0.03s Sys=0.00s Real=0.01s
[2026-07-01T02:20:02.573+0000][73.488s][info][gc,start    ] GC(123) Pause Young (Concurrent Start) (G1 Evacuation Pause)
[2026-07-01T02:20:02.573+0000][73.488s][info][gc,task     ] GC(123) Using 2 workers of 2 for evacuation
[2026-07-01T02:20:02.591+0000][73.507s][info][gc,phases   ] GC(123)   Pre Evacuate Collection Set: 0.17ms
[2026-07-01T02:20:02.591+0000][73.507s][info][gc,phases   ] GC(123)   Merge Heap Roots: 0.30ms
[2026-07-01T02:20:02.591+0000][73.507s][info][gc,phases   ] GC(123)   Evacuate Collection Set: 17.09ms
[2026-07-01T02:20:02.591+0000][73.507s][info][gc,phases   ] GC(123)   Post Evacuate Collection Set: 0.46ms
[2026-07-01T02:20:02.591+0000][73.507s][info][gc,phases   ] GC(123)   Other: 0.08ms
[2026-07-01T02:20:02.591+0000][73.507s][info][gc,heap     ] GC(123) Eden regions: 105->0(104)
[2026-07-01T02:20:02.591+0000][73.507s][info][gc,heap     ] GC(123) Survivor regions: 7->7(14)
[2026-07-01T02:20:02.591+0000][73.507s][info][gc,heap     ] GC(123) Old regions: 170->171
[2026-07-01T02:20:02.591+0000][73.507s][info][gc,heap     ] GC(123) Humongous regions: 3->3
[2026-07-01T02:20:02.591+0000][73.507s][info][gc,metaspace] GC(123) Metaspace: 41730K(42496K)->41730K(42496K) NonClass: 36590K(36992K)->36590K(36992K) Class: 5139K(5504K)->5139K(5504K)
[2026-07-01T02:20:02.591+0000][73.507s][info][gc          ] GC(123) Pause Young (Concurrent Start) (G1 Evacuation Pause) 285M->180M(300M) 18.331ms
[2026-07-01T02:20:02.591+0000][73.507s][info][gc          ] GC(124) Concurrent Mark Cycle
[2026-07-01T02:20:02.591+0000][73.507s][info][gc,cpu      ] GC(123) User=0.03s Sys=0.00s Real=0.02s
[2026-07-01T02:20:02.591+0000][73.507s][info][gc,marking  ] GC(124) Concurrent Scan Root Regions
[2026-07-01T02:20:02.622+0000][73.538s][info][gc,marking  ] GC(124) Concurrent Scan Root Regions 30.776ms
[2026-07-01T02:20:02.622+0000][73.538s][info][gc,marking  ] GC(124) Concurrent Mark
[2026-07-01T02:20:02.622+0000][73.538s][info][gc,marking  ] GC(124) Concurrent Mark From Roots
[2026-07-01T02:20:02.622+0000][73.538s][info][gc,task     ] GC(124) Using 1 workers of 1 for marking
[2026-07-01T02:20:03.051+0000][73.966s][info][gc,marking  ] GC(124) Concurrent Mark From Roots 428.728ms
[2026-07-01T02:20:03.051+0000][73.966s][info][gc,marking  ] GC(124) Concurrent Preclean
[2026-07-01T02:20:03.051+0000][73.967s][info][gc,marking  ] GC(124) Concurrent Preclean 0.171ms
[2026-07-01T02:20:03.051+0000][73.967s][info][gc,start    ] GC(124) Pause Remark
[2026-07-01T02:20:03.058+0000][73.974s][info][gc          ] GC(124) Pause Remark 229M->229M(302M) 7.231ms
[2026-07-01T02:20:03.058+0000][73.974s][info][gc,cpu      ] GC(124) User=0.02s Sys=0.00s Real=0.01s
[2026-07-01T02:20:03.060+0000][73.976s][info][gc,marking  ] GC(124) Concurrent Mark 438.009ms
[2026-07-01T02:20:03.060+0000][73.976s][info][gc,marking  ] GC(124) Concurrent Rebuild Remembered Sets and Scrub Regions
[2026-07-01T02:20:03.237+0000][74.153s][info][gc,marking  ] GC(124) Concurrent Rebuild Remembered Sets and Scrub Regions 177.515ms
[2026-07-01T02:20:03.238+0000][74.153s][info][gc,start    ] GC(124) Pause Cleanup
[2026-07-01T02:20:03.238+0000][74.154s][info][gc          ] GC(124) Pause Cleanup 248M->248M(302M) 0.184ms
[2026-07-01T02:20:03.238+0000][74.154s][info][gc,cpu      ] GC(124) User=0.00s Sys=0.00s Real=0.00s
[2026-07-01T02:20:03.238+0000][74.154s][info][gc,marking  ] GC(124) Concurrent Clear Claimed Marks
[2026-07-01T02:20:03.238+0000][74.154s][info][gc,marking  ] GC(124) Concurrent Clear Claimed Marks 0.095ms
[2026-07-01T02:20:03.238+0000][74.154s][info][gc,marking  ] GC(124) Concurrent Cleanup for Next Mark
[2026-07-01T02:20:03.239+0000][74.155s][info][gc,marking  ] GC(124) Concurrent Cleanup for Next Mark 0.551ms
[2026-07-01T02:20:03.239+0000][74.155s][info][gc          ] GC(124) Concurrent Mark Cycle 648.086ms
[2026-07-01T02:20:03.493+0000][74.409s][info][gc,start    ] GC(125) Pause Young (Prepare Mixed) (G1 Evacuation Pause)
[2026-07-01T02:20:03.493+0000][74.409s][info][gc,task     ] GC(125) Using 2 workers of 2 for evacuation
[2026-07-01T02:20:03.516+0000][74.431s][info][gc,phases   ] GC(125)   Pre Evacuate Collection Set: 0.15ms
[2026-07-01T02:20:03.516+0000][74.431s][info][gc,phases   ] GC(125)   Merge Heap Roots: 1.00ms
[2026-07-01T02:20:03.516+0000][74.431s][info][gc,phases   ] GC(125)   Evacuate Collection Set: 20.42ms
[2026-07-01T02:20:03.516+0000][74.431s][info][gc,phases   ] GC(125)   Post Evacuate Collection Set: 0.49ms
[2026-07-01T02:20:03.516+0000][74.431s][info][gc,phases   ] GC(125)   Other: 0.09ms
[2026-07-01T02:20:03.516+0000][74.431s][info][gc,heap     ] GC(125) Eden regions: 103->0(105)
[2026-07-01T02:20:03.516+0000][74.431s][info][gc,heap     ] GC(125) Survivor regions: 7->7(14)
[2026-07-01T02:20:03.516+0000][74.431s][info][gc,heap     ] GC(125) Old regions: 171->171
[2026-07-01T02:20:03.516+0000][74.431s][info][gc,heap     ] GC(125) Humongous regions: 3->3
[2026-07-01T02:20:03.516+0000][74.431s][info][gc,metaspace] GC(125) Metaspace: 41730K(42496K)->41730K(42496K) NonClass: 36590K(36992K)->36590K(36992K) Class: 5139K(5504K)->5139K(5504K)
[2026-07-01T02:20:03.516+0000][74.431s][info][gc          ] GC(125) Pause Young (Prepare Mixed) (G1 Evacuation Pause) 283M->180M(302M) 22.349ms
[2026-07-01T02:20:03.516+0000][74.432s][info][gc,cpu      ] GC(125) User=0.04s Sys=0.00s Real=0.02s
[2026-07-01T02:20:04.276+0000][75.192s][info][gc,start    ] GC(126) Pause Young (Mixed) (G1 Evacuation Pause)
[2026-07-01T02:20:04.276+0000][75.192s][info][gc,task     ] GC(126) Using 2 workers of 2 for evacuation
[2026-07-01T02:20:04.302+0000][75.218s][info][gc,phases   ] GC(126)   Pre Evacuate Collection Set: 0.15ms
[2026-07-01T02:20:04.302+0000][75.218s][info][gc,phases   ] GC(126)   Merge Heap Roots: 0.49ms
[2026-07-01T02:20:04.302+0000][75.218s][info][gc,phases   ] GC(126)   Evacuate Collection Set: 25.19ms
[2026-07-01T02:20:04.302+0000][75.218s][info][gc,phases   ] GC(126)   Post Evacuate Collection Set: 0.52ms
[2026-07-01T02:20:04.303+0000][75.218s][info][gc,phases   ] GC(126)   Other: 0.07ms
[2026-07-01T02:20:04.303+0000][75.218s][info][gc,heap     ] GC(126) Eden regions: 105->0(105)
[2026-07-01T02:20:04.303+0000][75.218s][info][gc,heap     ] GC(126) Survivor regions: 7->7(14)
[2026-07-01T02:20:04.303+0000][75.218s][info][gc,heap     ] GC(126) Old regions: 171->171
[2026-07-01T02:20:04.303+0000][75.218s][info][gc,heap     ] GC(126) Humongous regions: 3->3
[2026-07-01T02:20:04.303+0000][75.218s][info][gc,metaspace] GC(126) Metaspace: 41730K(42496K)->41730K(42496K) NonClass: 36590K(36992K)->36590K(36992K) Class: 5139K(5504K)->5139K(5504K)
[2026-07-01T02:20:04.303+0000][75.218s][info][gc          ] GC(126) Pause Young (Mixed) (G1 Evacuation Pause) 285M->180M(302M) 26.619ms
[2026-07-01T02:20:04.303+0000][75.218s][info][gc,cpu      ] GC(126) User=0.05s Sys=0.00s Real=0.03s
[2026-07-01T02:20:05.098+0000][76.014s][info][gc,start    ] GC(127) Pause Young (Concurrent Start) (G1 Evacuation Pause)
[2026-07-01T02:20:05.098+0000][76.014s][info][gc,task     ] GC(127) Using 2 workers of 2 for evacuation
[2026-07-01T02:20:05.121+0000][76.036s][info][gc,phases   ] GC(127)   Pre Evacuate Collection Set: 0.22ms
[2026-07-01T02:20:05.121+0000][76.036s][info][gc,phases   ] GC(127)   Merge Heap Roots: 0.32ms
[2026-07-01T02:20:05.121+0000][76.036s][info][gc,phases   ] GC(127)   Evacuate Collection Set: 21.58ms
[2026-07-01T02:20:05.121+0000][76.036s][info][gc,phases   ] GC(127)   Post Evacuate Collection Set: 0.41ms
[2026-07-01T02:20:05.121+0000][76.036s][info][gc,phases   ] GC(127)   Other: 0.09ms
[2026-07-01T02:20:05.121+0000][76.036s][info][gc,heap     ] GC(127) Eden regions: 105->0(104)
[2026-07-01T02:20:05.121+0000][76.036s][info][gc,heap     ] GC(127) Survivor regions: 7->7(14)
[2026-07-01T02:20:05.121+0000][76.036s][info][gc,heap     ] GC(127) Old regions: 171->172
[2026-07-01T02:20:05.121+0000][76.036s][info][gc,heap     ] GC(127) Humongous regions: 3->3
[2026-07-01T02:20:05.121+0000][76.036s][info][gc,metaspace] GC(127) Metaspace: 41730K(42496K)->41730K(42496K) NonClass: 36590K(36992K)->36590K(36992K) Class: 5139K(5504K)->5139K(5504K)
[2026-07-01T02:20:05.121+0000][76.036s][info][gc          ] GC(127) Pause Young (Concurrent Start) (G1 Evacuation Pause) 285M->181M(302M) 22.809ms
[2026-07-01T02:20:05.121+0000][76.036s][info][gc          ] GC(128) Concurrent Mark Cycle
[2026-07-01T02:20:05.121+0000][76.036s][info][gc,cpu      ] GC(127) User=0.04s Sys=0.00s Real=0.03s
[2026-07-01T02:20:05.121+0000][76.037s][info][gc,marking  ] GC(128) Concurrent Scan Root Regions
[2026-07-01T02:20:05.135+0000][76.051s][info][gc,marking  ] GC(128) Concurrent Scan Root Regions 14.574ms
[2026-07-01T02:20:05.135+0000][76.051s][info][gc,marking  ] GC(128) Concurrent Mark
[2026-07-01T02:20:05.135+0000][76.051s][info][gc,marking  ] GC(128) Concurrent Mark From Roots
[2026-07-01T02:20:05.135+0000][76.051s][info][gc,task     ] GC(128) Using 1 workers of 1 for marking
[2026-07-01T02:20:05.484+0000][76.399s][info][gc,marking  ] GC(128) Concurrent Mark From Roots 348.308ms
[2026-07-01T02:20:05.484+0000][76.399s][info][gc,marking  ] GC(128) Concurrent Preclean
[2026-07-01T02:20:05.484+0000][76.400s][info][gc,marking  ] GC(128) Concurrent Preclean 0.203ms
[2026-07-01T02:20:05.484+0000][76.400s][info][gc,start    ] GC(128) Pause Remark
[2026-07-01T02:20:05.491+0000][76.407s][info][gc          ] GC(128) Pause Remark 218M->218M(304M) 6.827ms
[2026-07-01T02:20:05.491+0000][76.407s][info][gc,cpu      ] GC(128) User=0.02s Sys=0.00s Real=0.01s
[2026-07-01T02:20:05.493+0000][76.409s][info][gc,marking  ] GC(128) Concurrent Mark 357.499ms
[2026-07-01T02:20:05.493+0000][76.409s][info][gc,marking  ] GC(128) Concurrent Rebuild Remembered Sets and Scrub Regions
[2026-07-01T02:20:05.642+0000][76.558s][info][gc,marking  ] GC(128) Concurrent Rebuild Remembered Sets and Scrub Regions 149.131ms
[2026-07-01T02:20:05.642+0000][76.558s][info][gc,start    ] GC(128) Pause Cleanup
[2026-07-01T02:20:05.643+0000][76.558s][info][gc          ] GC(128) Pause Cleanup 233M->233M(304M) 0.540ms
[2026-07-01T02:20:05.643+0000][76.559s][info][gc,cpu      ] GC(128) User=0.00s Sys=0.00s Real=0.00s
[2026-07-01T02:20:05.644+0000][76.560s][info][gc,marking  ] GC(128) Concurrent Clear Claimed Marks
[2026-07-01T02:20:05.644+0000][76.560s][info][gc,marking  ] GC(128) Concurrent Clear Claimed Marks 0.089ms
[2026-07-01T02:20:05.644+0000][76.560s][info][gc,marking  ] GC(128) Concurrent Cleanup for Next Mark
[2026-07-01T02:20:05.645+0000][76.561s][info][gc,marking  ] GC(128) Concurrent Cleanup for Next Mark 0.882ms
[2026-07-01T02:20:05.645+0000][76.561s][info][gc          ] GC(128) Concurrent Mark Cycle 524.519ms
[2026-07-01T02:20:06.025+0000][76.940s][info][gc,start    ] GC(129) Pause Young (Prepare Mixed) (G1 Evacuation Pause)
[2026-07-01T02:20:06.025+0000][76.940s][info][gc,task     ] GC(129) Using 2 workers of 2 for evacuation
[2026-07-01T02:20:06.044+0000][76.959s][info][gc,phases   ] GC(129)   Pre Evacuate Collection Set: 0.15ms
[2026-07-01T02:20:06.044+0000][76.959s][info][gc,phases   ] GC(129)   Merge Heap Roots: 0.44ms
[2026-07-01T02:20:06.044+0000][76.959s][info][gc,phases   ] GC(129)   Evacuate Collection Set: 17.75ms
[2026-07-01T02:20:06.044+0000][76.959s][info][gc,phases   ] GC(129)   Post Evacuate Collection Set: 0.56ms
[2026-07-01T02:20:06.044+0000][76.959s][info][gc,phases   ] GC(129)   Other: 0.07ms
[2026-07-01T02:20:06.044+0000][76.959s][info][gc,heap     ] GC(129) Eden regions: 104->0(106)
[2026-07-01T02:20:06.044+0000][76.959s][info][gc,heap     ] GC(129) Survivor regions: 7->7(14)
[2026-07-01T02:20:06.044+0000][76.959s][info][gc,heap     ] GC(129) Old regions: 172->172
[2026-07-01T02:20:06.044+0000][76.959s][info][gc,heap     ] GC(129) Humongous regions: 3->3
[2026-07-01T02:20:06.044+0000][76.959s][info][gc,metaspace] GC(129) Metaspace: 41731K(42496K)->41731K(42496K) NonClass: 36591K(36992K)->36591K(36992K) Class: 5139K(5504K)->5139K(5504K)
[2026-07-01T02:20:06.044+0000][76.959s][info][gc          ] GC(129) Pause Young (Prepare Mixed) (G1 Evacuation Pause) 285M->181M(304M) 19.149ms
[2026-07-01T02:20:06.044+0000][76.959s][info][gc,cpu      ] GC(129) User=0.03s Sys=0.00s Real=0.02s
[2026-07-01T02:20:06.829+0000][77.744s][info][gc,start    ] GC(130) Pause Young (Mixed) (G1 Evacuation Pause)
[2026-07-01T02:20:06.829+0000][77.744s][info][gc,task     ] GC(130) Using 2 workers of 2 for evacuation
[2026-07-01T02:20:06.889+0000][77.805s][info][gc,phases   ] GC(130)   Pre Evacuate Collection Set: 0.16ms
[2026-07-01T02:20:06.890+0000][77.805s][info][gc,phases   ] GC(130)   Merge Heap Roots: 0.93ms
[2026-07-01T02:20:06.890+0000][77.805s][info][gc,phases   ] GC(130)   Evacuate Collection Set: 59.18ms
[2026-07-01T02:20:06.890+0000][77.805s][info][gc,phases   ] GC(130)   Post Evacuate Collection Set: 0.47ms
[2026-07-01T02:20:06.890+0000][77.805s][info][gc,phases   ] GC(130)   Other: 0.05ms
[2026-07-01T02:20:06.890+0000][77.805s][info][gc,heap     ] GC(130) Eden regions: 106->0(106)
[2026-07-01T02:20:06.890+0000][77.805s][info][gc,heap     ] GC(130) Survivor regions: 7->7(15)
[2026-07-01T02:20:06.890+0000][77.805s][info][gc,heap     ] GC(130) Old regions: 172->172
[2026-07-01T02:20:06.890+0000][77.805s][info][gc,heap     ] GC(130) Humongous regions: 3->3
[2026-07-01T02:20:06.890+0000][77.805s][info][gc,metaspace] GC(130) Metaspace: 41731K(42496K)->41731K(42496K) NonClass: 36591K(36992K)->36591K(36992K) Class: 5139K(5504K)->5139K(5504K)
[2026-07-01T02:20:06.890+0000][77.805s][info][gc          ] GC(130) Pause Young (Mixed) (G1 Evacuation Pause) 287M->181M(304M) 60.974ms
[2026-07-01T02:20:06.890+0000][77.805s][info][gc,cpu      ] GC(130) User=0.12s Sys=0.00s Real=0.06s
[2026-07-01T02:20:07.431+0000][78.346s][info][gc,start    ] GC(131) Pause Young (Concurrent Start) (G1 Evacuation Pause)
[2026-07-01T02:20:07.431+0000][78.346s][info][gc,task     ] GC(131) Using 2 workers of 2 for evacuation
[2026-07-01T02:20:07.444+0000][78.360s][info][gc,phases   ] GC(131)   Pre Evacuate Collection Set: 0.17ms
[2026-07-01T02:20:07.444+0000][78.360s][info][gc,phases   ] GC(131)   Merge Heap Roots: 0.35ms
[2026-07-01T02:20:07.444+0000][78.360s][info][gc,phases   ] GC(131)   Evacuate Collection Set: 12.46ms
[2026-07-01T02:20:07.444+0000][78.360s][info][gc,phases   ] GC(131)   Post Evacuate Collection Set: 0.33ms
[2026-07-01T02:20:07.444+0000][78.360s][info][gc,phases   ] GC(131)   Other: 0.07ms
[2026-07-01T02:20:07.444+0000][78.360s][info][gc,heap     ] GC(131) Eden regions: 106->0(106)
[2026-07-01T02:20:07.444+0000][78.360s][info][gc,heap     ] GC(131) Survivor regions: 7->7(15)
[2026-07-01T02:20:07.444+0000][78.360s][info][gc,heap     ] GC(131) Old regions: 172->172
[2026-07-01T02:20:07.444+0000][78.360s][info][gc,heap     ] GC(131) Humongous regions: 3->3
[2026-07-01T02:20:07.444+0000][78.360s][info][gc,metaspace] GC(131) Metaspace: 41731K(42496K)->41731K(42496K) NonClass: 36591K(36992K)->36591K(36992K) Class: 5139K(5504K)->5139K(5504K)
[2026-07-01T02:20:07.444+0000][78.360s][info][gc          ] GC(131) Pause Young (Concurrent Start) (G1 Evacuation Pause) 287M->181M(304M) 13.569ms
[2026-07-01T02:20:07.444+0000][78.360s][info][gc          ] GC(132) Concurrent Mark Cycle
[2026-07-01T02:20:07.444+0000][78.360s][info][gc,marking  ] GC(132) Concurrent Scan Root Regions
[2026-07-01T02:20:07.444+0000][78.360s][info][gc,cpu      ] GC(131) User=0.03s Sys=0.00s Real=0.01s
[2026-07-01T02:20:07.469+0000][78.385s][info][gc,marking  ] GC(132) Concurrent Scan Root Regions 25.220ms
[2026-07-01T02:20:07.469+0000][78.385s][info][gc,marking  ] GC(132) Concurrent Mark
[2026-07-01T02:20:07.469+0000][78.385s][info][gc,marking  ] GC(132) Concurrent Mark From Roots
[2026-07-01T02:20:07.469+0000][78.385s][info][gc,task     ] GC(132) Using 1 workers of 1 for marking
[2026-07-01T02:20:07.961+0000][78.877s][info][gc,marking  ] GC(132) Concurrent Mark From Roots 491.615ms
[2026-07-01T02:20:07.961+0000][78.877s][info][gc,marking  ] GC(132) Concurrent Preclean
[2026-07-01T02:20:07.961+0000][78.877s][info][gc,marking  ] GC(132) Concurrent Preclean 0.103ms
[2026-07-01T02:20:07.961+0000][78.877s][info][gc,start    ] GC(132) Pause Remark
[2026-07-01T02:20:07.968+0000][78.883s][info][gc          ] GC(132) Pause Remark 273M->273M(304M) 6.397ms
[2026-07-01T02:20:07.968+0000][78.883s][info][gc,cpu      ] GC(132) User=0.01s Sys=0.00s Real=0.00s
[2026-07-01T02:20:07.971+0000][78.886s][info][gc,marking  ] GC(132) Concurrent Mark 501.192ms
[2026-07-01T02:20:07.971+0000][78.886s][info][gc,marking  ] GC(132) Concurrent Rebuild Remembered Sets and Scrub Regions
[2026-07-01T02:20:08.048+0000][78.964s][info][gc,start    ] GC(133) Pause Young (Normal) (G1 Evacuation Pause)
[2026-07-01T02:20:08.048+0000][78.964s][info][gc,task     ] GC(133) Using 2 workers of 2 for evacuation
[2026-07-01T02:20:08.062+0000][78.978s][info][gc,phases   ] GC(133)   Pre Evacuate Collection Set: 0.14ms
[2026-07-01T02:20:08.062+0000][78.978s][info][gc,phases   ] GC(133)   Merge Heap Roots: 0.34ms
[2026-07-01T02:20:08.062+0000][78.978s][info][gc,phases   ] GC(133)   Evacuate Collection Set: 13.21ms
[2026-07-01T02:20:08.062+0000][78.978s][info][gc,phases   ] GC(133)   Post Evacuate Collection Set: 0.38ms
[2026-07-01T02:20:08.062+0000][78.978s][info][gc,phases   ] GC(133)   Other: 0.05ms
[2026-07-01T02:20:08.062+0000][78.978s][info][gc,heap     ] GC(133) Eden regions: 106->0(105)
[2026-07-01T02:20:08.062+0000][78.978s][info][gc,heap     ] GC(133) Survivor regions: 7->7(15)
[2026-07-01T02:20:08.062+0000][78.978s][info][gc,heap     ] GC(133) Old regions: 172->173
[2026-07-01T02:20:08.062+0000][78.978s][info][gc,heap     ] GC(133) Humongous regions: 3->3
[2026-07-01T02:20:08.062+0000][78.978s][info][gc,metaspace] GC(133) Metaspace: 41748K(42496K)->41748K(42496K) NonClass: 36608K(36992K)->36608K(36992K) Class: 5139K(5504K)->5139K(5504K)
[2026-07-01T02:20:08.062+0000][78.978s][info][gc          ] GC(133) Pause Young (Normal) (G1 Evacuation Pause) 287M->182M(304M) 14.299ms
[2026-07-01T02:20:08.062+0000][78.978s][info][gc,cpu      ] GC(133) User=0.03s Sys=0.00s Real=0.02s
[2026-07-01T02:20:08.072+0000][78.988s][info][gc,marking  ] GC(132) Concurrent Rebuild Remembered Sets and Scrub Regions 101.195ms
[2026-07-01T02:20:08.072+0000][78.988s][info][gc,start    ] GC(132) Pause Cleanup
[2026-07-01T02:20:08.072+0000][78.988s][info][gc          ] GC(132) Pause Cleanup 185M->185M(304M) 0.045ms
[2026-07-01T02:20:08.072+0000][78.988s][info][gc,cpu      ] GC(132) User=0.00s Sys=0.00s Real=0.00s
[2026-07-01T02:20:08.072+0000][78.988s][info][gc,marking  ] GC(132) Concurrent Clear Claimed Marks
[2026-07-01T02:20:08.072+0000][78.988s][info][gc,marking  ] GC(132) Concurrent Clear Claimed Marks 0.101ms
[2026-07-01T02:20:08.072+0000][78.988s][info][gc,marking  ] GC(132) Concurrent Cleanup for Next Mark
[2026-07-01T02:20:08.074+0000][78.990s][info][gc,marking  ] GC(132) Concurrent Cleanup for Next Mark 1.480ms
[2026-07-01T02:20:08.074+0000][78.990s][info][gc          ] GC(132) Concurrent Mark Cycle 629.793ms
[2026-07-01T02:20:08.564+0000][79.480s][info][gc,start    ] GC(134) Pause Young (Normal) (G1 Evacuation Pause)
[2026-07-01T02:20:08.564+0000][79.480s][info][gc,task     ] GC(134) Using 2 workers of 2 for evacuation
[2026-07-01T02:20:08.578+0000][79.493s][info][gc,phases   ] GC(134)   Pre Evacuate Collection Set: 0.16ms
[2026-07-01T02:20:08.578+0000][79.493s][info][gc,phases   ] GC(134)   Merge Heap Roots: 0.36ms
[2026-07-01T02:20:08.578+0000][79.493s][info][gc,phases   ] GC(134)   Evacuate Collection Set: 12.36ms
[2026-07-01T02:20:08.578+0000][79.493s][info][gc,phases   ] GC(134)   Post Evacuate Collection Set: 0.36ms
[2026-07-01T02:20:08.578+0000][79.493s][info][gc,phases   ] GC(134)   Other: 0.05ms
[2026-07-01T02:20:08.578+0000][79.493s][info][gc,heap     ] GC(134) Eden regions: 105->0(105)
[2026-07-01T02:20:08.578+0000][79.493s][info][gc,heap     ] GC(134) Survivor regions: 7->7(14)
[2026-07-01T02:20:08.578+0000][79.493s][info][gc,heap     ] GC(134) Old regions: 173->173
[2026-07-01T02:20:08.578+0000][79.493s][info][gc,heap     ] GC(134) Humongous regions: 3->3
[2026-07-01T02:20:08.578+0000][79.494s][info][gc,metaspace] GC(134) Metaspace: 41748K(42496K)->41748K(42496K) NonClass: 36608K(36992K)->36608K(36992K) Class: 5139K(5504K)->5139K(5504K)
[2026-07-01T02:20:08.578+0000][79.494s][info][gc          ] GC(134) Pause Young (Normal) (G1 Evacuation Pause) 287M->182M(304M) 13.437ms
[2026-07-01T02:20:08.578+0000][79.494s][info][gc,cpu      ] GC(134) User=0.03s Sys=0.00s Real=0.01s
[2026-07-01T02:20:09.071+0000][79.987s][info][gc,start    ] GC(135) Pause Young (Concurrent Start) (G1 Evacuation Pause)
[2026-07-01T02:20:09.071+0000][79.987s][info][gc,task     ] GC(135) Using 2 workers of 2 for evacuation
[2026-07-01T02:20:09.090+0000][80.005s][info][gc,phases   ] GC(135)   Pre Evacuate Collection Set: 0.22ms
[2026-07-01T02:20:09.090+0000][80.005s][info][gc,phases   ] GC(135)   Merge Heap Roots: 0.44ms
[2026-07-01T02:20:09.090+0000][80.005s][info][gc,phases   ] GC(135)   Evacuate Collection Set: 17.67ms
[2026-07-01T02:20:09.090+0000][80.005s][info][gc,phases   ] GC(135)   Post Evacuate Collection Set: 0.33ms
[2026-07-01T02:20:09.090+0000][80.005s][info][gc,phases   ] GC(135)   Other: 0.09ms
[2026-07-01T02:20:09.090+0000][80.005s][info][gc,heap     ] GC(135) Eden regions: 105->0(105)
[2026-07-01T02:20:09.090+0000][80.005s][info][gc,heap     ] GC(135) Survivor regions: 7->7(14)
[2026-07-01T02:20:09.090+0000][80.005s][info][gc,heap     ] GC(135) Old regions: 173->173
[2026-07-01T02:20:09.090+0000][80.005s][info][gc,heap     ] GC(135) Humongous regions: 3->3
[2026-07-01T02:20:09.090+0000][80.005s][info][gc,metaspace] GC(135) Metaspace: 41748K(42496K)->41748K(42496K) NonClass: 36608K(36992K)->36608K(36992K) Class: 5139K(5504K)->5139K(5504K)
[2026-07-01T02:20:09.090+0000][80.005s][info][gc          ] GC(135) Pause Young (Concurrent Start) (G1 Evacuation Pause) 287M->182M(304M) 18.899ms
[2026-07-01T02:20:09.090+0000][80.005s][info][gc,cpu      ] GC(135) User=0.03s Sys=0.00s Real=0.02s
[2026-07-01T02:20:09.090+0000][80.005s][info][gc          ] GC(136) Concurrent Mark Cycle
[2026-07-01T02:20:09.090+0000][80.005s][info][gc,marking  ] GC(136) Concurrent Scan Root Regions
[2026-07-01T02:20:09.108+0000][80.024s][info][gc,marking  ] GC(136) Concurrent Scan Root Regions 18.683ms
[2026-07-01T02:20:09.108+0000][80.024s][info][gc,marking  ] GC(136) Concurrent Mark
[2026-07-01T02:20:09.108+0000][80.024s][info][gc,marking  ] GC(136) Concurrent Mark From Roots
[2026-07-01T02:20:09.108+0000][80.024s][info][gc,task     ] GC(136) Using 1 workers of 1 for marking
[2026-07-01T02:20:09.669+0000][80.584s][info][gc,start    ] GC(137) Pause Young (Normal) (G1 Evacuation Pause)
[2026-07-01T02:20:09.669+0000][80.585s][info][gc,task     ] GC(137) Using 2 workers of 2 for evacuation
[2026-07-01T02:20:09.682+0000][80.598s][info][gc,phases   ] GC(137)   Pre Evacuate Collection Set: 0.21ms
[2026-07-01T02:20:09.682+0000][80.598s][info][gc,phases   ] GC(137)   Merge Heap Roots: 0.27ms
[2026-07-01T02:20:09.682+0000][80.598s][info][gc,phases   ] GC(137)   Evacuate Collection Set: 12.15ms
[2026-07-01T02:20:09.682+0000][80.598s][info][gc,phases   ] GC(137)   Post Evacuate Collection Set: 0.38ms
[2026-07-01T02:20:09.682+0000][80.598s][info][gc,phases   ] GC(137)   Other: 0.05ms
[2026-07-01T02:20:09.682+0000][80.598s][info][gc,heap     ] GC(137) Eden regions: 105->0(104)
[2026-07-01T02:20:09.682+0000][80.598s][info][gc,heap     ] GC(137) Survivor regions: 7->7(14)
[2026-07-01T02:20:09.682+0000][80.598s][info][gc,heap     ] GC(137) Old regions: 173->174
[2026-07-01T02:20:09.682+0000][80.598s][info][gc,heap     ] GC(137) Humongous regions: 3->3
[2026-07-01T02:20:09.682+0000][80.598s][info][gc,metaspace] GC(137) Metaspace: 41748K(42496K)->41748K(42496K) NonClass: 36608K(36992K)->36608K(36992K) Class: 5139K(5504K)->5139K(5504K)
[2026-07-01T02:20:09.682+0000][80.598s][info][gc          ] GC(137) Pause Young (Normal) (G1 Evacuation Pause) 287M->183M(304M) 13.210ms
[2026-07-01T02:20:09.682+0000][80.598s][info][gc,cpu      ] GC(137) User=0.02s Sys=0.00s Real=0.01s
[2026-07-01T02:20:09.697+0000][80.613s][info][gc,marking  ] GC(136) Concurrent Mark From Roots 588.813ms
[2026-07-01T02:20:09.697+0000][80.613s][info][gc,marking  ] GC(136) Concurrent Preclean
[2026-07-01T02:20:09.697+0000][80.613s][info][gc,marking  ] GC(136) Concurrent Preclean 0.079ms
[2026-07-01T02:20:09.697+0000][80.613s][info][gc,start    ] GC(136) Pause Remark
[2026-07-01T02:20:09.704+0000][80.620s][info][gc          ] GC(136) Pause Remark 186M->186M(307M) 6.431ms
[2026-07-01T02:20:09.704+0000][80.620s][info][gc,cpu      ] GC(136) User=0.01s Sys=0.01s Real=0.01s
[2026-07-01T02:20:09.710+0000][80.625s][info][gc,marking  ] GC(136) Concurrent Mark 601.231ms
[2026-07-01T02:20:09.710+0000][80.625s][info][gc,marking  ] GC(136) Concurrent Rebuild Remembered Sets and Scrub Regions
[2026-07-01T02:20:09.837+0000][80.753s][info][gc,marking  ] GC(136) Concurrent Rebuild Remembered Sets and Scrub Regions 127.373ms
[2026-07-01T02:20:09.838+0000][80.753s][info][gc,start    ] GC(136) Pause Cleanup
[2026-07-01T02:20:09.838+0000][80.754s][info][gc          ] GC(136) Pause Cleanup 208M->208M(307M) 0.225ms
[2026-07-01T02:20:09.838+0000][80.754s][info][gc,cpu      ] GC(136) User=0.00s Sys=0.00s Real=0.00s
[2026-07-01T02:20:09.838+0000][80.754s][info][gc,marking  ] GC(136) Concurrent Clear Claimed Marks
[2026-07-01T02:20:09.838+0000][80.754s][info][gc,marking  ] GC(136) Concurrent Clear Claimed Marks 0.104ms
[2026-07-01T02:20:09.838+0000][80.754s][info][gc,marking  ] GC(136) Concurrent Cleanup for Next Mark
[2026-07-01T02:20:09.839+0000][80.755s][info][gc,marking  ] GC(136) Concurrent Cleanup for Next Mark 0.623ms
[2026-07-01T02:20:09.839+0000][80.755s][info][gc          ] GC(136) Concurrent Mark Cycle 749.401ms
[2026-07-01T02:20:10.199+0000][81.115s][info][gc,start    ] GC(138) Pause Young (Prepare Mixed) (G1 Evacuation Pause)
[2026-07-01T02:20:10.199+0000][81.115s][info][gc,task     ] GC(138) Using 2 workers of 2 for evacuation
[2026-07-01T02:20:10.212+0000][81.128s][info][gc,phases   ] GC(138)   Pre Evacuate Collection Set: 0.18ms
[2026-07-01T02:20:10.212+0000][81.128s][info][gc,phases   ] GC(138)   Merge Heap Roots: 0.54ms
[2026-07-01T02:20:10.212+0000][81.128s][info][gc,phases   ] GC(138)   Evacuate Collection Set: 12.29ms
[2026-07-01T02:20:10.212+0000][81.128s][info][gc,phases   ] GC(138)   Post Evacuate Collection Set: 0.41ms
[2026-07-01T02:20:10.212+0000][81.128s][info][gc,phases   ] GC(138)   Other: 0.05ms
[2026-07-01T02:20:10.212+0000][81.128s][info][gc,heap     ] GC(138) Eden regions: 104->0(107)
[2026-07-01T02:20:10.212+0000][81.128s][info][gc,heap     ] GC(138) Survivor regions: 7->7(14)
[2026-07-01T02:20:10.212+0000][81.128s][info][gc,heap     ] GC(138) Old regions: 174->174
[2026-07-01T02:20:10.212+0000][81.128s][info][gc,heap     ] GC(138) Humongous regions: 3->3
[2026-07-01T02:20:10.212+0000][81.128s][info][gc,metaspace] GC(138) Metaspace: 41749K(42496K)->41749K(42496K) NonClass: 36609K(36992K)->36609K(36992K) Class: 5139K(5504K)->5139K(5504K)
[2026-07-01T02:20:10.212+0000][81.128s][info][gc          ] GC(138) Pause Young (Prepare Mixed) (G1 Evacuation Pause) 287M->183M(307M) 13.642ms
[2026-07-01T02:20:10.212+0000][81.128s][info][gc,cpu      ] GC(138) User=0.02s Sys=0.00s Real=0.01s
[2026-07-01T02:20:10.693+0000][81.608s][info][gc,start    ] GC(139) Pause Young (Mixed) (G1 Evacuation Pause)
[2026-07-01T02:20:10.693+0000][81.608s][info][gc,task     ] GC(139) Using 2 workers of 2 for evacuation
[2026-07-01T02:20:10.706+0000][81.622s][info][gc,phases   ] GC(139)   Pre Evacuate Collection Set: 0.17ms
[2026-07-01T02:20:10.707+0000][81.622s][info][gc,phases   ] GC(139)   Merge Heap Roots: 0.25ms
[2026-07-01T02:20:10.707+0000][81.622s][info][gc,phases   ] GC(139)   Evacuate Collection Set: 13.06ms
[2026-07-01T02:20:10.707+0000][81.622s][info][gc,phases   ] GC(139)   Post Evacuate Collection Set: 0.33ms
[2026-07-01T02:20:10.707+0000][81.622s][info][gc,phases   ] GC(139)   Other: 0.09ms
[2026-07-01T02:20:10.707+0000][81.622s][info][gc,heap     ] GC(139) Eden regions: 107->0(107)
[2026-07-01T02:20:10.707+0000][81.622s][info][gc,heap     ] GC(139) Survivor regions: 7->7(15)
[2026-07-01T02:20:10.707+0000][81.622s][info][gc,heap     ] GC(139) Old regions: 174->174
[2026-07-01T02:20:10.707+0000][81.622s][info][gc,heap     ] GC(139) Humongous regions: 3->3
[2026-07-01T02:20:10.707+0000][81.622s][info][gc,metaspace] GC(139) Metaspace: 41749K(42496K)->41749K(42496K) NonClass: 36609K(36992K)->36609K(36992K) Class: 5139K(5504K)->5139K(5504K)
[2026-07-01T02:20:10.707+0000][81.622s][info][gc          ] GC(139) Pause Young (Mixed) (G1 Evacuation Pause) 290M->183M(307M) 14.044ms
[2026-07-01T02:20:10.707+0000][81.622s][info][gc,cpu      ] GC(139) User=0.03s Sys=0.00s Real=0.01s
[2026-07-01T02:20:11.190+0000][82.105s][info][gc,start    ] GC(140) Pause Young (Concurrent Start) (G1 Evacuation Pause)
[2026-07-01T02:20:11.190+0000][82.105s][info][gc,task     ] GC(140) Using 2 workers of 2 for evacuation
[2026-07-01T02:20:11.204+0000][82.120s][info][gc,phases   ] GC(140)   Pre Evacuate Collection Set: 0.18ms
[2026-07-01T02:20:11.204+0000][82.120s][info][gc,phases   ] GC(140)   Merge Heap Roots: 0.40ms
[2026-07-01T02:20:11.204+0000][82.120s][info][gc,phases   ] GC(140)   Evacuate Collection Set: 13.11ms
[2026-07-01T02:20:11.204+0000][82.120s][info][gc,phases   ] GC(140)   Post Evacuate Collection Set: 0.38ms
[2026-07-01T02:20:11.204+0000][82.120s][info][gc,phases   ] GC(140)   Other: 0.08ms
[2026-07-01T02:20:11.204+0000][82.120s][info][gc,heap     ] GC(140) Eden regions: 107->0(106)
[2026-07-01T02:20:11.204+0000][82.120s][info][gc,heap     ] GC(140) Survivor regions: 7->7(15)
[2026-07-01T02:20:11.204+0000][82.120s][info][gc,heap     ] GC(140) Old regions: 174->175
[2026-07-01T02:20:11.204+0000][82.120s][info][gc,heap     ] GC(140) Humongous regions: 3->3
[2026-07-01T02:20:11.204+0000][82.120s][info][gc,metaspace] GC(140) Metaspace: 41749K(42496K)->41749K(42496K) NonClass: 36609K(36992K)->36609K(36992K) Class: 5139K(5504K)->5139K(5504K)
[2026-07-01T02:20:11.204+0000][82.120s][info][gc          ] GC(140) Pause Young (Concurrent Start) (G1 Evacuation Pause) 290M->184M(307M) 14.306ms
[2026-07-01T02:20:11.204+0000][82.120s][info][gc          ] GC(141) Concurrent Mark Cycle
[2026-07-01T02:20:11.204+0000][82.120s][info][gc,marking  ] GC(141) Concurrent Scan Root Regions
[2026-07-01T02:20:11.204+0000][82.120s][info][gc,cpu      ] GC(140) User=0.02s Sys=0.00s Real=0.01s
[2026-07-01T02:20:11.237+0000][82.152s][info][gc,marking  ] GC(141) Concurrent Scan Root Regions 32.687ms
[2026-07-01T02:20:11.237+0000][82.152s][info][gc,marking  ] GC(141) Concurrent Mark
[2026-07-01T02:20:11.237+0000][82.153s][info][gc,marking  ] GC(141) Concurrent Mark From Roots
[2026-07-01T02:20:11.237+0000][82.153s][info][gc,task     ] GC(141) Using 1 workers of 1 for marking
[2026-07-01T02:20:11.791+0000][82.707s][info][gc,start    ] GC(142) Pause Young (Normal) (G1 Evacuation Pause)
[2026-07-01T02:20:11.791+0000][82.707s][info][gc,task     ] GC(142) Using 2 workers of 2 for evacuation
[2026-07-01T02:20:11.805+0000][82.721s][info][gc,phases   ] GC(142)   Pre Evacuate Collection Set: 0.34ms
[2026-07-01T02:20:11.805+0000][82.721s][info][gc,phases   ] GC(142)   Merge Heap Roots: 0.26ms
[2026-07-01T02:20:11.805+0000][82.721s][info][gc,phases   ] GC(142)   Evacuate Collection Set: 12.90ms
[2026-07-01T02:20:11.805+0000][82.721s][info][gc,phases   ] GC(142)   Post Evacuate Collection Set: 0.39ms
[2026-07-01T02:20:11.805+0000][82.721s][info][gc,phases   ] GC(142)   Other: 0.07ms
[2026-07-01T02:20:11.805+0000][82.721s][info][gc,heap     ] GC(142) Eden regions: 106->0(106)
[2026-07-01T02:20:11.805+0000][82.721s][info][gc,heap     ] GC(142) Survivor regions: 7->7(15)
[2026-07-01T02:20:11.805+0000][82.721s][info][gc,heap     ] GC(142) Old regions: 175->175
[2026-07-01T02:20:11.805+0000][82.721s][info][gc,heap     ] GC(142) Humongous regions: 3->3
[2026-07-01T02:20:11.805+0000][82.721s][info][gc,metaspace] GC(142) Metaspace: 41749K(42496K)->41749K(42496K) NonClass: 36609K(36992K)->36609K(36992K) Class: 5139K(5504K)->5139K(5504K)
[2026-07-01T02:20:11.805+0000][82.721s][info][gc          ] GC(142) Pause Young (Normal) (G1 Evacuation Pause) 290M->184M(307M) 14.108ms
[2026-07-01T02:20:11.805+0000][82.721s][info][gc,cpu      ] GC(142) User=0.03s Sys=0.00s Real=0.01s
[2026-07-01T02:20:11.993+0000][82.909s][info][gc,marking  ] GC(141) Concurrent Mark From Roots 756.667ms
[2026-07-01T02:20:11.993+0000][82.909s][info][gc,marking  ] GC(141) Concurrent Preclean
[2026-07-01T02:20:11.994+0000][82.909s][info][gc,marking  ] GC(141) Concurrent Preclean 0.101ms
[2026-07-01T02:20:11.994+0000][82.910s][info][gc,start    ] GC(141) Pause Remark
[2026-07-01T02:20:12.000+0000][82.916s][info][gc          ] GC(141) Pause Remark 220M->220M(309M) 6.338ms
[2026-07-01T02:20:12.000+0000][82.916s][info][gc,cpu      ] GC(141) User=0.01s Sys=0.00s Real=0.01s
[2026-07-01T02:20:12.004+0000][82.920s][info][gc,marking  ] GC(141) Concurrent Mark 767.304ms
[2026-07-01T02:20:12.004+0000][82.920s][info][gc,marking  ] GC(141) Concurrent Rebuild Remembered Sets and Scrub Regions
[2026-07-01T02:20:12.179+0000][83.095s][info][gc,marking  ] GC(141) Concurrent Rebuild Remembered Sets and Scrub Regions 174.689ms
[2026-07-01T02:20:12.179+0000][83.095s][info][gc,start    ] GC(141) Pause Cleanup
[2026-07-01T02:20:12.179+0000][83.095s][info][gc          ] GC(141) Pause Cleanup 252M->252M(309M) 0.157ms
[2026-07-01T02:20:12.179+0000][83.095s][info][gc,cpu      ] GC(141) User=0.00s Sys=0.00s Real=0.00s
[2026-07-01T02:20:12.180+0000][83.096s][info][gc,marking  ] GC(141) Concurrent Clear Claimed Marks
[2026-07-01T02:20:12.181+0000][83.097s][info][gc,marking  ] GC(141) Concurrent Clear Claimed Marks 0.748ms
[2026-07-01T02:20:12.181+0000][83.097s][info][gc,marking  ] GC(141) Concurrent Cleanup for Next Mark
[2026-07-01T02:20:12.184+0000][83.100s][info][gc,marking  ] GC(141) Concurrent Cleanup for Next Mark 2.916ms
[2026-07-01T02:20:12.184+0000][83.100s][info][gc          ] GC(141) Concurrent Mark Cycle 980.018ms
[2026-07-01T02:20:12.344+0000][83.260s][info][gc,start    ] GC(143) Pause Young (Normal) (G1 Evacuation Pause)
[2026-07-01T02:20:12.344+0000][83.260s][info][gc,task     ] GC(143) Using 2 workers of 2 for evacuation
[2026-07-01T02:20:12.358+0000][83.274s][info][gc,phases   ] GC(143)   Pre Evacuate Collection Set: 0.12ms
[2026-07-01T02:20:12.358+0000][83.274s][info][gc,phases   ] GC(143)   Merge Heap Roots: 0.37ms
[2026-07-01T02:20:12.358+0000][83.274s][info][gc,phases   ] GC(143)   Evacuate Collection Set: 13.04ms
[2026-07-01T02:20:12.358+0000][83.274s][info][gc,phases   ] GC(143)   Post Evacuate Collection Set: 0.36ms
[2026-07-01T02:20:12.358+0000][83.274s][info][gc,phases   ] GC(143)   Other: 0.05ms
[2026-07-01T02:20:12.358+0000][83.274s][info][gc,heap     ] GC(143) Eden regions: 106->0(107)
[2026-07-01T02:20:12.358+0000][83.274s][info][gc,heap     ] GC(143) Survivor regions: 7->8(15)
[2026-07-01T02:20:12.358+0000][83.274s][info][gc,heap     ] GC(143) Old regions: 175->175
[2026-07-01T02:20:12.358+0000][83.274s][info][gc,heap     ] GC(143) Humongous regions: 3->3
[2026-07-01T02:20:12.358+0000][83.274s][info][gc,metaspace] GC(143) Metaspace: 41749K(42496K)->41749K(42496K) NonClass: 36609K(36992K)->36609K(36992K) Class: 5139K(5504K)->5139K(5504K)
[2026-07-01T02:20:12.358+0000][83.274s][info][gc          ] GC(143) Pause Young (Normal) (G1 Evacuation Pause) 290M->185M(309M) 14.115ms
[2026-07-01T02:20:12.358+0000][83.274s][info][gc,cpu      ] GC(143) User=0.03s Sys=0.00s Real=0.01s
[2026-07-01T02:20:12.835+0000][83.751s][info][gc,start    ] GC(144) Pause Young (Concurrent Start) (G1 Evacuation Pause)
[2026-07-01T02:20:12.835+0000][83.751s][info][gc,task     ] GC(144) Using 2 workers of 2 for evacuation
[2026-07-01T02:20:12.853+0000][83.769s][info][gc,phases   ] GC(144)   Pre Evacuate Collection Set: 0.15ms
[2026-07-01T02:20:12.853+0000][83.769s][info][gc,phases   ] GC(144)   Merge Heap Roots: 0.28ms
[2026-07-01T02:20:12.853+0000][83.769s][info][gc,phases   ] GC(144)   Evacuate Collection Set: 17.32ms
[2026-07-01T02:20:12.853+0000][83.769s][info][gc,phases   ] GC(144)   Post Evacuate Collection Set: 0.38ms
[2026-07-01T02:20:12.853+0000][83.769s][info][gc,phases   ] GC(144)   Other: 0.08ms
[2026-07-01T02:20:12.853+0000][83.769s][info][gc,heap     ] GC(144) Eden regions: 107->0(107)
[2026-07-01T02:20:12.853+0000][83.769s][info][gc,heap     ] GC(144) Survivor regions: 8->7(15)
[2026-07-01T02:20:12.853+0000][83.769s][info][gc,heap     ] GC(144) Old regions: 175->176
[2026-07-01T02:20:12.853+0000][83.769s][info][gc,heap     ] GC(144) Humongous regions: 3->3
[2026-07-01T02:20:12.853+0000][83.769s][info][gc,metaspace] GC(144) Metaspace: 41749K(42496K)->41749K(42496K) NonClass: 36609K(36992K)->36609K(36992K) Class: 5139K(5504K)->5139K(5504K)
[2026-07-01T02:20:12.853+0000][83.769s][info][gc          ] GC(144) Pause Young (Concurrent Start) (G1 Evacuation Pause) 292M->185M(309M) 18.390ms
[2026-07-01T02:20:12.853+0000][83.769s][info][gc          ] GC(145) Concurrent Mark Cycle
[2026-07-01T02:20:12.853+0000][83.769s][info][gc,marking  ] GC(145) Concurrent Scan Root Regions
[2026-07-01T02:20:12.853+0000][83.769s][info][gc,cpu      ] GC(144) User=0.03s Sys=0.00s Real=0.02s
[2026-07-01T02:20:12.866+0000][83.781s][info][gc,marking  ] GC(145) Concurrent Scan Root Regions 12.438ms
[2026-07-01T02:20:12.866+0000][83.782s][info][gc,marking  ] GC(145) Concurrent Mark
[2026-07-01T02:20:12.866+0000][83.782s][info][gc,marking  ] GC(145) Concurrent Mark From Roots
[2026-07-01T02:20:12.866+0000][83.782s][info][gc,task     ] GC(145) Using 1 workers of 1 for marking
[2026-07-01T02:20:13.344+0000][84.260s][info][gc,marking  ] GC(145) Concurrent Mark From Roots 478.672ms
[2026-07-01T02:20:13.344+0000][84.260s][info][gc,marking  ] GC(145) Concurrent Preclean
[2026-07-01T02:20:13.345+0000][84.260s][info][gc,marking  ] GC(145) Concurrent Preclean 0.042ms
[2026-07-01T02:20:13.345+0000][84.260s][info][gc,start    ] GC(145) Pause Remark
[2026-07-01T02:20:13.351+0000][84.267s][info][gc          ] GC(145) Pause Remark 266M->266M(310M) 6.400ms
[2026-07-01T02:20:13.351+0000][84.267s][info][gc,cpu      ] GC(145) User=0.01s Sys=0.00s Real=0.01s
[2026-07-01T02:20:13.356+0000][84.272s][info][gc,marking  ] GC(145) Concurrent Mark 490.083ms
[2026-07-01T02:20:13.356+0000][84.272s][info][gc,marking  ] GC(145) Concurrent Rebuild Remembered Sets and Scrub Regions
[2026-07-01T02:20:13.482+0000][84.398s][info][gc,start    ] GC(146) Pause Young (Normal) (G1 Evacuation Pause)
[2026-07-01T02:20:13.482+0000][84.398s][info][gc,task     ] GC(146) Using 2 workers of 2 for evacuation
[2026-07-01T02:20:13.497+0000][84.413s][info][gc,phases   ] GC(146)   Pre Evacuate Collection Set: 0.18ms
[2026-07-01T02:20:13.497+0000][84.413s][info][gc,phases   ] GC(146)   Merge Heap Roots: 0.42ms
[2026-07-01T02:20:13.497+0000][84.413s][info][gc,phases   ] GC(146)   Evacuate Collection Set: 13.39ms
[2026-07-01T02:20:13.497+0000][84.413s][info][gc,phases   ] GC(146)   Post Evacuate Collection Set: 0.47ms
[2026-07-01T02:20:13.497+0000][84.413s][info][gc,phases   ] GC(146)   Other: 0.09ms
[2026-07-01T02:20:13.497+0000][84.413s][info][gc,heap     ] GC(146) Eden regions: 107->0(107)
[2026-07-01T02:20:13.497+0000][84.413s][info][gc,heap     ] GC(146) Survivor regions: 7->8(15)
[2026-07-01T02:20:13.497+0000][84.413s][info][gc,heap     ] GC(146) Old regions: 176->176
[2026-07-01T02:20:13.497+0000][84.413s][info][gc,heap     ] GC(146) Humongous regions: 3->3
[2026-07-01T02:20:13.497+0000][84.413s][info][gc,metaspace] GC(146) Metaspace: 41749K(42496K)->41749K(42496K) NonClass: 36609K(36992K)->36609K(36992K) Class: 5139K(5504K)->5139K(5504K)
[2026-07-01T02:20:13.497+0000][84.413s][info][gc          ] GC(146) Pause Young (Normal) (G1 Evacuation Pause) 292M->186M(310M) 14.823ms
[2026-07-01T02:20:13.497+0000][84.413s][info][gc,cpu      ] GC(146) User=0.03s Sys=0.00s Real=0.01s
[2026-07-01T02:20:13.618+0000][84.534s][info][gc,marking  ] GC(145) Concurrent Rebuild Remembered Sets and Scrub Regions 262.484ms
[2026-07-01T02:20:13.619+0000][84.535s][info][gc,start    ] GC(145) Pause Cleanup
[2026-07-01T02:20:13.620+0000][84.535s][info][gc          ] GC(145) Pause Cleanup 210M->210M(310M) 0.164ms
[2026-07-01T02:20:13.620+0000][84.535s][info][gc,cpu      ] GC(145) User=0.00s Sys=0.00s Real=0.00s
[2026-07-01T02:20:13.621+0000][84.537s][info][gc,marking  ] GC(145) Concurrent Clear Claimed Marks
[2026-07-01T02:20:13.621+0000][84.537s][info][gc,marking  ] GC(145) Concurrent Clear Claimed Marks 0.093ms
[2026-07-01T02:20:13.621+0000][84.537s][info][gc,marking  ] GC(145) Concurrent Cleanup for Next Mark
[2026-07-01T02:20:13.622+0000][84.538s][info][gc,marking  ] GC(145) Concurrent Cleanup for Next Mark 1.075ms
[2026-07-01T02:20:13.623+0000][84.538s][info][gc          ] GC(145) Concurrent Mark Cycle 769.414ms
[2026-07-01T02:20:14.003+0000][84.919s][info][gc,start    ] GC(147) Pause Young (Normal) (G1 Evacuation Pause)
[2026-07-01T02:20:14.003+0000][84.919s][info][gc,task     ] GC(147) Using 2 workers of 2 for evacuation
[2026-07-01T02:20:14.017+0000][84.933s][info][gc,phases   ] GC(147)   Pre Evacuate Collection Set: 0.16ms
[2026-07-01T02:20:14.017+0000][84.933s][info][gc,phases   ] GC(147)   Merge Heap Roots: 0.47ms
[2026-07-01T02:20:14.017+0000][84.933s][info][gc,phases   ] GC(147)   Evacuate Collection Set: 13.06ms
[2026-07-01T02:20:14.017+0000][84.933s][info][gc,phases   ] GC(147)   Post Evacuate Collection Set: 0.37ms
[2026-07-01T02:20:14.017+0000][84.933s][info][gc,phases   ] GC(147)   Other: 0.06ms
[2026-07-01T02:20:14.017+0000][84.933s][info][gc,heap     ] GC(147) Eden regions: 107->0(108)
[2026-07-01T02:20:14.017+0000][84.933s][info][gc,heap     ] GC(147) Survivor regions: 8->7(15)
[2026-07-01T02:20:14.017+0000][84.933s][info][gc,heap     ] GC(147) Old regions: 176->176
[2026-07-01T02:20:14.017+0000][84.933s][info][gc,heap     ] GC(147) Humongous regions: 3->3
[2026-07-01T02:20:14.017+0000][84.933s][info][gc,metaspace] GC(147) Metaspace: 41749K(42496K)->41749K(42496K) NonClass: 36609K(36992K)->36609K(36992K) Class: 5139K(5504K)->5139K(5504K)
[2026-07-01T02:20:14.017+0000][84.933s][info][gc          ] GC(147) Pause Young (Normal) (G1 Evacuation Pause) 293M->185M(310M) 14.279ms
[2026-07-01T02:20:14.017+0000][84.933s][info][gc,cpu      ] GC(147) User=0.02s Sys=0.00s Real=0.01s
[2026-07-01T02:20:14.706+0000][85.622s][info][gc,start    ] GC(148) Pause Young (Concurrent Start) (G1 Evacuation Pause)
[2026-07-01T02:20:14.706+0000][85.622s][info][gc,task     ] GC(148) Using 2 workers of 2 for evacuation
[2026-07-01T02:20:14.743+0000][85.658s][info][gc,phases   ] GC(148)   Pre Evacuate Collection Set: 0.19ms
[2026-07-01T02:20:14.743+0000][85.658s][info][gc,phases   ] GC(148)   Merge Heap Roots: 0.42ms
[2026-07-01T02:20:14.743+0000][85.658s][info][gc,phases   ] GC(148)   Evacuate Collection Set: 34.82ms
[2026-07-01T02:20:14.743+0000][85.658s][info][gc,phases   ] GC(148)   Post Evacuate Collection Set: 0.72ms
[2026-07-01T02:20:14.743+0000][85.658s][info][gc,phases   ] GC(148)   Other: 0.08ms
[2026-07-01T02:20:14.743+0000][85.658s][info][gc,heap     ] GC(148) Eden regions: 108->0(107)
[2026-07-01T02:20:14.743+0000][85.658s][info][gc,heap     ] GC(148) Survivor regions: 7->7(15)
[2026-07-01T02:20:14.743+0000][85.658s][info][gc,heap     ] GC(148) Old regions: 176->177
[2026-07-01T02:20:14.743+0000][85.658s][info][gc,heap     ] GC(148) Humongous regions: 3->3
[2026-07-01T02:20:14.743+0000][85.658s][info][gc,metaspace] GC(148) Metaspace: 41749K(42496K)->41749K(42496K) NonClass: 36609K(36992K)->36609K(36992K) Class: 5139K(5504K)->5139K(5504K)
[2026-07-01T02:20:14.743+0000][85.658s][info][gc          ] GC(148) Pause Young (Concurrent Start) (G1 Evacuation Pause) 293M->186M(310M) 36.421ms
[2026-07-01T02:20:14.743+0000][85.658s][info][gc          ] GC(149) Concurrent Mark Cycle
[2026-07-01T02:20:14.743+0000][85.658s][info][gc,marking  ] GC(149) Concurrent Scan Root Regions
[2026-07-01T02:20:14.743+0000][85.658s][info][gc,cpu      ] GC(148) User=0.03s Sys=0.00s Real=0.04s
[2026-07-01T02:20:14.758+0000][85.674s][info][gc,marking  ] GC(149) Concurrent Scan Root Regions 15.194ms
[2026-07-01T02:20:14.758+0000][85.674s][info][gc,marking  ] GC(149) Concurrent Mark
[2026-07-01T02:20:14.758+0000][85.674s][info][gc,marking  ] GC(149) Concurrent Mark From Roots
[2026-07-01T02:20:14.758+0000][85.674s][info][gc,task     ] GC(149) Using 1 workers of 1 for marking
[2026-07-01T02:20:15.238+0000][86.154s][info][gc,marking  ] GC(149) Concurrent Mark From Roots 479.835ms
[2026-07-01T02:20:15.238+0000][86.154s][info][gc,marking  ] GC(149) Concurrent Preclean
[2026-07-01T02:20:15.238+0000][86.154s][info][gc,marking  ] GC(149) Concurrent Preclean 0.093ms
[2026-07-01T02:20:15.238+0000][86.154s][info][gc,start    ] GC(149) Pause Remark
[2026-07-01T02:20:15.252+0000][86.168s][info][gc          ] GC(149) Pause Remark 237M->237M(312M) 13.809ms
[2026-07-01T02:20:15.252+0000][86.168s][info][gc,cpu      ] GC(149) User=0.01s Sys=0.00s Real=0.01s
[2026-07-01T02:20:15.257+0000][86.172s][info][gc,marking  ] GC(149) Concurrent Mark 498.555ms
[2026-07-01T02:20:15.257+0000][86.172s][info][gc,marking  ] GC(149) Concurrent Rebuild Remembered Sets and Scrub Regions
[2026-07-01T02:20:15.427+0000][86.342s][info][gc,marking  ] GC(149) Concurrent Rebuild Remembered Sets and Scrub Regions 169.951ms
[2026-07-01T02:20:15.427+0000][86.342s][info][gc,start    ] GC(149) Pause Cleanup
[2026-07-01T02:20:15.427+0000][86.343s][info][gc          ] GC(149) Pause Cleanup 256M->256M(312M) 0.145ms
[2026-07-01T02:20:15.427+0000][86.343s][info][gc,cpu      ] GC(149) User=0.00s Sys=0.00s Real=0.00s
[2026-07-01T02:20:15.427+0000][86.343s][info][gc,marking  ] GC(149) Concurrent Clear Claimed Marks
[2026-07-01T02:20:15.427+0000][86.343s][info][gc,marking  ] GC(149) Concurrent Clear Claimed Marks 0.092ms
[2026-07-01T02:20:15.427+0000][86.343s][info][gc,marking  ] GC(149) Concurrent Cleanup for Next Mark
[2026-07-01T02:20:15.428+0000][86.344s][info][gc,marking  ] GC(149) Concurrent Cleanup for Next Mark 0.697ms
[2026-07-01T02:20:15.428+0000][86.344s][info][gc          ] GC(149) Concurrent Mark Cycle 685.140ms
[2026-07-01T02:20:15.651+0000][86.566s][info][gc,start    ] GC(150) Pause Young (Normal) (G1 Evacuation Pause)
[2026-07-01T02:20:15.651+0000][86.567s][info][gc,task     ] GC(150) Using 2 workers of 2 for evacuation
[2026-07-01T02:20:15.669+0000][86.585s][info][gc,phases   ] GC(150)   Pre Evacuate Collection Set: 0.14ms
[2026-07-01T02:20:15.669+0000][86.585s][info][gc,phases   ] GC(150)   Merge Heap Roots: 0.43ms
[2026-07-01T02:20:15.669+0000][86.585s][info][gc,phases   ] GC(150)   Evacuate Collection Set: 17.41ms
[2026-07-01T02:20:15.669+0000][86.585s][info][gc,phases   ] GC(150)   Post Evacuate Collection Set: 0.45ms
[2026-07-01T02:20:15.669+0000][86.585s][info][gc,phases   ] GC(150)   Other: 0.08ms
[2026-07-01T02:20:15.669+0000][86.585s][info][gc,heap     ] GC(150) Eden regions: 106->0(108)
[2026-07-01T02:20:15.669+0000][86.585s][info][gc,heap     ] GC(150) Survivor regions: 7->7(15)
[2026-07-01T02:20:15.669+0000][86.585s][info][gc,heap     ] GC(150) Old regions: 177->177
[2026-07-01T02:20:15.669+0000][86.585s][info][gc,heap     ] GC(150) Humongous regions: 3->3
[2026-07-01T02:20:15.669+0000][86.585s][info][gc,metaspace] GC(150) Metaspace: 41759K(42560K)->41759K(42560K) NonClass: 36619K(37056K)->36619K(37056K) Class: 5139K(5504K)->5139K(5504K)
[2026-07-01T02:20:15.669+0000][86.585s][info][gc          ] GC(150) Pause Young (Normal) (G1 Evacuation Pause) 292M->186M(312M) 18.717ms
[2026-07-01T02:20:15.669+0000][86.585s][info][gc,cpu      ] GC(150) User=0.04s Sys=0.00s Real=0.02s
[2026-07-01T02:20:16.467+0000][87.383s][info][gc,start    ] GC(151) Pause Young (Concurrent Start) (G1 Evacuation Pause)
[2026-07-01T02:20:16.467+0000][87.383s][info][gc,task     ] GC(151) Using 2 workers of 2 for evacuation
[2026-07-01T02:20:16.505+0000][87.420s][info][gc,phases   ] GC(151)   Pre Evacuate Collection Set: 0.18ms
[2026-07-01T02:20:16.505+0000][87.420s][info][gc,phases   ] GC(151)   Merge Heap Roots: 0.30ms
[2026-07-01T02:20:16.505+0000][87.420s][info][gc,phases   ] GC(151)   Evacuate Collection Set: 36.19ms
[2026-07-01T02:20:16.505+0000][87.420s][info][gc,phases   ] GC(151)   Post Evacuate Collection Set: 0.43ms
[2026-07-01T02:20:16.505+0000][87.420s][info][gc,phases   ] GC(151)   Other: 0.07ms
[2026-07-01T02:20:16.505+0000][87.420s][info][gc,heap     ] GC(151) Eden regions: 108->0(108)
[2026-07-01T02:20:16.505+0000][87.420s][info][gc,heap     ] GC(151) Survivor regions: 7->7(15)
[2026-07-01T02:20:16.505+0000][87.420s][info][gc,heap     ] GC(151) Old regions: 177->177
[2026-07-01T02:20:16.505+0000][87.420s][info][gc,heap     ] GC(151) Humongous regions: 3->3
[2026-07-01T02:20:16.505+0000][87.420s][info][gc,metaspace] GC(151) Metaspace: 41760K(42560K)->41760K(42560K) NonClass: 36620K(37056K)->36620K(37056K) Class: 5139K(5504K)->5139K(5504K)
[2026-07-01T02:20:16.505+0000][87.420s][info][gc          ] GC(151) Pause Young (Concurrent Start) (G1 Evacuation Pause) 294M->186M(312M) 37.363ms
[2026-07-01T02:20:16.505+0000][87.420s][info][gc          ] GC(152) Concurrent Mark Cycle
[2026-07-01T02:20:16.505+0000][87.420s][info][gc,marking  ] GC(152) Concurrent Scan Root Regions
[2026-07-01T02:20:16.505+0000][87.420s][info][gc,cpu      ] GC(151) User=0.04s Sys=0.00s Real=0.04s
[2026-07-01T02:20:16.518+0000][87.434s][info][gc,marking  ] GC(152) Concurrent Scan Root Regions 13.628ms
[2026-07-01T02:20:16.518+0000][87.434s][info][gc,marking  ] GC(152) Concurrent Mark
[2026-07-01T02:20:16.518+0000][87.434s][info][gc,marking  ] GC(152) Concurrent Mark From Roots
[2026-07-01T02:20:16.518+0000][87.434s][info][gc,task     ] GC(152) Using 1 workers of 1 for marking
[2026-07-01T02:20:16.931+0000][87.846s][info][gc,marking  ] GC(152) Concurrent Mark From Roots 412.302ms
[2026-07-01T02:20:16.931+0000][87.846s][info][gc,marking  ] GC(152) Concurrent Preclean
[2026-07-01T02:20:16.931+0000][87.847s][info][gc,marking  ] GC(152) Concurrent Preclean 0.064ms
[2026-07-01T02:20:16.931+0000][87.847s][info][gc,start    ] GC(152) Pause Remark
[2026-07-01T02:20:16.938+0000][87.853s][info][gc          ] GC(152) Pause Remark 233M->233M(312M) 6.639ms
[2026-07-01T02:20:16.938+0000][87.853s][info][gc,cpu      ] GC(152) User=0.01s Sys=0.00s Real=0.00s
[2026-07-01T02:20:16.938+0000][87.854s][info][gc,marking  ] GC(152) Concurrent Mark 419.920ms
[2026-07-01T02:20:16.938+0000][87.854s][info][gc,marking  ] GC(152) Concurrent Rebuild Remembered Sets and Scrub Regions
[2026-07-01T02:20:17.059+0000][87.975s][info][gc,marking  ] GC(152) Concurrent Rebuild Remembered Sets and Scrub Regions 120.953ms
[2026-07-01T02:20:17.059+0000][87.975s][info][gc,start    ] GC(152) Pause Cleanup
[2026-07-01T02:20:17.060+0000][87.975s][info][gc          ] GC(152) Pause Cleanup 244M->244M(312M) 0.110ms
[2026-07-01T02:20:17.060+0000][87.975s][info][gc,cpu      ] GC(152) User=0.00s Sys=0.00s Real=0.00s
[2026-07-01T02:20:17.060+0000][87.975s][info][gc,marking  ] GC(152) Concurrent Clear Claimed Marks
[2026-07-01T02:20:17.060+0000][87.976s][info][gc,marking  ] GC(152) Concurrent Clear Claimed Marks 0.153ms
[2026-07-01T02:20:17.060+0000][87.976s][info][gc,marking  ] GC(152) Concurrent Cleanup for Next Mark
[2026-07-01T02:20:17.060+0000][87.976s][info][gc,marking  ] GC(152) Concurrent Cleanup for Next Mark 0.497ms
[2026-07-01T02:20:17.060+0000][87.976s][info][gc          ] GC(152) Concurrent Mark Cycle 555.715ms
[2026-07-01T02:20:17.437+0000][88.353s][info][gc,start    ] GC(153) Pause Young (Prepare Mixed) (G1 Evacuation Pause)
[2026-07-01T02:20:17.437+0000][88.353s][info][gc,task     ] GC(153) Using 2 workers of 2 for evacuation
[2026-07-01T02:20:17.456+0000][88.372s][info][gc,phases   ] GC(153)   Pre Evacuate Collection Set: 0.23ms
[2026-07-01T02:20:17.456+0000][88.372s][info][gc,phases   ] GC(153)   Merge Heap Roots: 0.42ms
[2026-07-01T02:20:17.456+0000][88.372s][info][gc,phases   ] GC(153)   Evacuate Collection Set: 17.54ms
[2026-07-01T02:20:17.456+0000][88.372s][info][gc,phases   ] GC(153)   Post Evacuate Collection Set: 0.43ms
[2026-07-01T02:20:17.456+0000][88.372s][info][gc,phases   ] GC(153)   Other: 0.08ms
[2026-07-01T02:20:17.456+0000][88.372s][info][gc,heap     ] GC(153) Eden regions: 108->0(107)
[2026-07-01T02:20:17.456+0000][88.372s][info][gc,heap     ] GC(153) Survivor regions: 7->7(15)
[2026-07-01T02:20:17.456+0000][88.372s][info][gc,heap     ] GC(153) Old regions: 177->178
[2026-07-01T02:20:17.456+0000][88.372s][info][gc,heap     ] GC(153) Humongous regions: 3->3
[2026-07-01T02:20:17.456+0000][88.372s][info][gc,metaspace] GC(153) Metaspace: 41760K(42560K)->41760K(42560K) NonClass: 36620K(37056K)->36620K(37056K) Class: 5139K(5504K)->5139K(5504K)
[2026-07-01T02:20:17.456+0000][88.372s][info][gc          ] GC(153) Pause Young (Prepare Mixed) (G1 Evacuation Pause) 294M->187M(312M) 18.893ms
[2026-07-01T02:20:17.456+0000][88.372s][info][gc,cpu      ] GC(153) User=0.03s Sys=0.00s Real=0.02s
[2026-07-01T02:20:18.293+0000][89.208s][info][gc,start    ] GC(154) Pause Young (Mixed) (G1 Evacuation Pause)
[2026-07-01T02:20:18.293+0000][89.208s][info][gc,task     ] GC(154) Using 2 workers of 2 for evacuation
[2026-07-01T02:20:18.314+0000][89.229s][info][gc,phases   ] GC(154)   Pre Evacuate Collection Set: 0.17ms
[2026-07-01T02:20:18.314+0000][89.229s][info][gc,phases   ] GC(154)   Merge Heap Roots: 0.30ms
[2026-07-01T02:20:18.314+0000][89.229s][info][gc,phases   ] GC(154)   Evacuate Collection Set: 20.05ms
[2026-07-01T02:20:18.314+0000][89.229s][info][gc,phases   ] GC(154)   Post Evacuate Collection Set: 0.41ms
[2026-07-01T02:20:18.314+0000][89.229s][info][gc,phases   ] GC(154)   Other: 0.08ms
[2026-07-01T02:20:18.314+0000][89.229s][info][gc,heap     ] GC(154) Eden regions: 107->0(107)
[2026-07-01T02:20:18.314+0000][89.229s][info][gc,heap     ] GC(154) Survivor regions: 7->7(15)
[2026-07-01T02:20:18.314+0000][89.229s][info][gc,heap     ] GC(154) Old regions: 178->178
[2026-07-01T02:20:18.314+0000][89.229s][info][gc,heap     ] GC(154) Humongous regions: 3->3
[2026-07-01T02:20:18.314+0000][89.229s][info][gc,metaspace] GC(154) Metaspace: 41760K(42560K)->41760K(42560K) NonClass: 36620K(37056K)->36620K(37056K) Class: 5139K(5504K)->5139K(5504K)
[2026-07-01T02:20:18.314+0000][89.229s][info][gc          ] GC(154) Pause Young (Mixed) (G1 Evacuation Pause) 294M->187M(312M) 21.224ms
[2026-07-01T02:20:18.314+0000][89.230s][info][gc,cpu      ] GC(154) User=0.04s Sys=0.00s Real=0.02s
[2026-07-01T02:20:19.138+0000][90.054s][info][gc,start    ] GC(155) Pause Young (Concurrent Start) (G1 Evacuation Pause)
[2026-07-01T02:20:19.138+0000][90.054s][info][gc,task     ] GC(155) Using 2 workers of 2 for evacuation
[2026-07-01T02:20:19.167+0000][90.083s][info][gc,phases   ] GC(155)   Pre Evacuate Collection Set: 0.18ms
[2026-07-01T02:20:19.167+0000][90.083s][info][gc,phases   ] GC(155)   Merge Heap Roots: 0.24ms
[2026-07-01T02:20:19.167+0000][90.083s][info][gc,phases   ] GC(155)   Evacuate Collection Set: 28.43ms
[2026-07-01T02:20:19.167+0000][90.083s][info][gc,phases   ] GC(155)   Post Evacuate Collection Set: 0.47ms
[2026-07-01T02:20:19.167+0000][90.083s][info][gc,phases   ] GC(155)   Other: 0.08ms
[2026-07-01T02:20:19.167+0000][90.083s][info][gc,heap     ] GC(155) Eden regions: 107->0(107)
[2026-07-01T02:20:19.167+0000][90.083s][info][gc,heap     ] GC(155) Survivor regions: 7->7(15)
[2026-07-01T02:20:19.167+0000][90.083s][info][gc,heap     ] GC(155) Old regions: 178->178
[2026-07-01T02:20:19.167+0000][90.083s][info][gc,heap     ] GC(155) Humongous regions: 3->3
[2026-07-01T02:20:19.167+0000][90.083s][info][gc,metaspace] GC(155) Metaspace: 41760K(42560K)->41760K(42560K) NonClass: 36620K(37056K)->36620K(37056K) Class: 5139K(5504K)->5139K(5504K)
[2026-07-01T02:20:19.167+0000][90.083s][info][gc          ] GC(155) Pause Young (Concurrent Start) (G1 Evacuation Pause) 294M->187M(312M) 29.616ms
[2026-07-01T02:20:19.167+0000][90.083s][info][gc          ] GC(156) Concurrent Mark Cycle
[2026-07-01T02:20:19.167+0000][90.083s][info][gc,cpu      ] GC(155) User=0.04s Sys=0.00s Real=0.03s
[2026-07-01T02:20:19.167+0000][90.083s][info][gc,marking  ] GC(156) Concurrent Scan Root Regions
[2026-07-01T02:20:19.179+0000][90.095s][info][gc,marking  ] GC(156) Concurrent Scan Root Regions 11.584ms
[2026-07-01T02:20:19.179+0000][90.095s][info][gc,marking  ] GC(156) Concurrent Mark
[2026-07-01T02:20:19.179+0000][90.095s][info][gc,marking  ] GC(156) Concurrent Mark From Roots
[2026-07-01T02:20:19.179+0000][90.095s][info][gc,task     ] GC(156) Using 1 workers of 1 for marking
[2026-07-01T02:20:19.575+0000][90.491s][info][gc,marking  ] GC(156) Concurrent Mark From Roots 396.373ms
[2026-07-01T02:20:19.576+0000][90.491s][info][gc,marking  ] GC(156) Concurrent Preclean
[2026-07-01T02:20:19.576+0000][90.491s][info][gc,marking  ] GC(156) Concurrent Preclean 0.169ms
[2026-07-01T02:20:19.576+0000][90.492s][info][gc,start    ] GC(156) Pause Remark
[2026-07-01T02:20:19.584+0000][90.500s][info][gc          ] GC(156) Pause Remark 231M->231M(314M) 8.070ms
[2026-07-01T02:20:19.584+0000][90.500s][info][gc,cpu      ] GC(156) User=0.01s Sys=0.00s Real=0.01s
[2026-07-01T02:20:19.587+0000][90.503s][info][gc,marking  ] GC(156) Concurrent Mark 407.975ms
[2026-07-01T02:20:19.587+0000][90.503s][info][gc,marking  ] GC(156) Concurrent Rebuild Remembered Sets and Scrub Regions
[2026-07-01T02:20:19.646+0000][90.561s][info][gc,marking  ] GC(156) Concurrent Rebuild Remembered Sets and Scrub Regions 58.426ms
[2026-07-01T02:20:19.646+0000][90.561s][info][gc,start    ] GC(156) Pause Cleanup
[2026-07-01T02:20:19.646+0000][90.561s][info][gc          ] GC(156) Pause Cleanup 238M->238M(314M) 0.039ms
[2026-07-01T02:20:19.646+0000][90.561s][info][gc,cpu      ] GC(156) User=0.00s Sys=0.00s Real=0.00s
[2026-07-01T02:20:19.646+0000][90.562s][info][gc,marking  ] GC(156) Concurrent Clear Claimed Marks
[2026-07-01T02:20:19.646+0000][90.562s][info][gc,marking  ] GC(156) Concurrent Clear Claimed Marks 0.087ms
[2026-07-01T02:20:19.646+0000][90.562s][info][gc,marking  ] GC(156) Concurrent Cleanup for Next Mark
[2026-07-01T02:20:19.647+0000][90.562s][info][gc,marking  ] GC(156) Concurrent Cleanup for Next Mark 0.791ms
[2026-07-01T02:20:19.647+0000][90.563s][info][gc          ] GC(156) Concurrent Mark Cycle 479.307ms
[2026-07-01T02:20:20.074+0000][90.990s][info][gc,start    ] GC(157) Pause Young (Normal) (G1 Evacuation Pause)
[2026-07-01T02:20:20.074+0000][90.990s][info][gc,task     ] GC(157) Using 2 workers of 2 for evacuation
[2026-07-01T02:20:20.093+0000][91.009s][info][gc,phases   ] GC(157)   Pre Evacuate Collection Set: 0.19ms
[2026-07-01T02:20:20.093+0000][91.009s][info][gc,phases   ] GC(157)   Merge Heap Roots: 0.25ms
[2026-07-01T02:20:20.093+0000][91.009s][info][gc,phases   ] GC(157)   Evacuate Collection Set: 17.65ms
[2026-07-01T02:20:20.093+0000][91.009s][info][gc,phases   ] GC(157)   Post Evacuate Collection Set: 0.40ms
[2026-07-01T02:20:20.093+0000][91.009s][info][gc,phases   ] GC(157)   Other: 0.07ms
[2026-07-01T02:20:20.093+0000][91.009s][info][gc,heap     ] GC(157) Eden regions: 107->0(108)
[2026-07-01T02:20:20.093+0000][91.009s][info][gc,heap     ] GC(157) Survivor regions: 7->7(15)
[2026-07-01T02:20:20.093+0000][91.009s][info][gc,heap     ] GC(157) Old regions: 178->179
[2026-07-01T02:20:20.093+0000][91.009s][info][gc,heap     ] GC(157) Humongous regions: 3->3
[2026-07-01T02:20:20.093+0000][91.009s][info][gc,metaspace] GC(157) Metaspace: 41760K(42560K)->41760K(42560K) NonClass: 36620K(37056K)->36620K(37056K) Class: 5139K(5504K)->5139K(5504K)
[2026-07-01T02:20:20.093+0000][91.009s][info][gc          ] GC(157) Pause Young (Normal) (G1 Evacuation Pause) 294M->188M(314M) 18.750ms
[2026-07-01T02:20:20.093+0000][91.009s][info][gc,cpu      ] GC(157) User=0.03s Sys=0.00s Real=0.02s
[2026-07-01T02:20:20.921+0000][91.836s][info][gc,start    ] GC(158) Pause Young (Concurrent Start) (G1 Evacuation Pause)
[2026-07-01T02:20:20.921+0000][91.836s][info][gc,task     ] GC(158) Using 2 workers of 2 for evacuation
[2026-07-01T02:20:20.939+0000][91.854s][info][gc,phases   ] GC(158)   Pre Evacuate Collection Set: 0.23ms
[2026-07-01T02:20:20.939+0000][91.854s][info][gc,phases   ] GC(158)   Merge Heap Roots: 0.58ms
[2026-07-01T02:20:20.939+0000][91.854s][info][gc,phases   ] GC(158)   Evacuate Collection Set: 16.66ms
[2026-07-01T02:20:20.939+0000][91.854s][info][gc,phases   ] GC(158)   Post Evacuate Collection Set: 0.37ms
[2026-07-01T02:20:20.939+0000][91.854s][info][gc,phases   ] GC(158)   Other: 0.07ms
[2026-07-01T02:20:20.939+0000][91.854s][info][gc,heap     ] GC(158) Eden regions: 108->0(108)
[2026-07-01T02:20:20.939+0000][91.854s][info][gc,heap     ] GC(158) Survivor regions: 7->7(15)
[2026-07-01T02:20:20.939+0000][91.854s][info][gc,heap     ] GC(158) Old regions: 179->179
[2026-07-01T02:20:20.939+0000][91.854s][info][gc,heap     ] GC(158) Humongous regions: 3->3
[2026-07-01T02:20:20.939+0000][91.854s][info][gc,metaspace] GC(158) Metaspace: 41760K(42560K)->41760K(42560K) NonClass: 36620K(37056K)->36620K(37056K) Class: 5139K(5504K)->5139K(5504K)
[2026-07-01T02:20:20.939+0000][91.855s][info][gc          ] GC(158) Pause Young (Concurrent Start) (G1 Evacuation Pause) 296M->188M(314M) 18.081ms
[2026-07-01T02:20:20.939+0000][91.855s][info][gc          ] GC(159) Concurrent Mark Cycle
[2026-07-01T02:20:20.939+0000][91.855s][info][gc,marking  ] GC(159) Concurrent Scan Root Regions
[2026-07-01T02:20:20.939+0000][91.855s][info][gc,cpu      ] GC(158) User=0.03s Sys=0.00s Real=0.02s
[2026-07-01T02:20:20.953+0000][91.869s][info][gc,marking  ] GC(159) Concurrent Scan Root Regions 14.510ms
[2026-07-01T02:20:20.953+0000][91.869s][info][gc,marking  ] GC(159) Concurrent Mark
[2026-07-01T02:20:20.953+0000][91.869s][info][gc,marking  ] GC(159) Concurrent Mark From Roots
[2026-07-01T02:20:20.953+0000][91.869s][info][gc,task     ] GC(159) Using 1 workers of 1 for marking
[2026-07-01T02:20:21.526+0000][92.442s][info][gc,start    ] GC(160) Pause Young (Normal) (G1 Evacuation Pause)
[2026-07-01T02:20:21.526+0000][92.442s][info][gc,task     ] GC(160) Using 2 workers of 2 for evacuation
[2026-07-01T02:20:21.546+0000][92.462s][info][gc,phases   ] GC(160)   Pre Evacuate Collection Set: 0.11ms
[2026-07-01T02:20:21.546+0000][92.462s][info][gc,phases   ] GC(160)   Merge Heap Roots: 0.26ms
[2026-07-01T02:20:21.546+0000][92.462s][info][gc,phases   ] GC(160)   Evacuate Collection Set: 18.80ms
[2026-07-01T02:20:21.546+0000][92.462s][info][gc,phases   ] GC(160)   Post Evacuate Collection Set: 0.45ms
[2026-07-01T02:20:21.546+0000][92.462s][info][gc,phases   ] GC(160)   Other: 0.05ms
[2026-07-01T02:20:21.546+0000][92.462s][info][gc,heap     ] GC(160) Eden regions: 108->0(107)
[2026-07-01T02:20:21.546+0000][92.462s][info][gc,heap     ] GC(160) Survivor regions: 7->8(15)
[2026-07-01T02:20:21.546+0000][92.462s][info][gc,heap     ] GC(160) Old regions: 179->179
[2026-07-01T02:20:21.546+0000][92.462s][info][gc,heap     ] GC(160) Humongous regions: 3->3
[2026-07-01T02:20:21.546+0000][92.462s][info][gc,metaspace] GC(160) Metaspace: 41762K(42560K)->41762K(42560K) NonClass: 36622K(37056K)->36622K(37056K) Class: 5139K(5504K)->5139K(5504K)
[2026-07-01T02:20:21.546+0000][92.462s][info][gc          ] GC(160) Pause Young (Normal) (G1 Evacuation Pause) 296M->189M(314M) 19.829ms
[2026-07-01T02:20:21.546+0000][92.462s][info][gc,cpu      ] GC(160) User=0.04s Sys=0.00s Real=0.02s
[2026-07-01T02:20:21.823+0000][92.739s][info][gc,marking  ] GC(159) Concurrent Mark From Roots 870.040ms
[2026-07-01T02:20:21.823+0000][92.739s][info][gc,marking  ] GC(159) Concurrent Preclean
[2026-07-01T02:20:21.824+0000][92.739s][info][gc,marking  ] GC(159) Concurrent Preclean 0.100ms
[2026-07-01T02:20:21.824+0000][92.739s][info][gc,start    ] GC(159) Pause Remark
[2026-07-01T02:20:21.831+0000][92.747s][info][gc          ] GC(159) Pause Remark 241M->241M(317M) 7.417ms
[2026-07-01T02:20:21.831+0000][92.747s][info][gc,cpu      ] GC(159) User=0.01s Sys=0.00s Real=0.01s
[2026-07-01T02:20:21.834+0000][92.749s][info][gc,marking  ] GC(159) Concurrent Mark 880.299ms
[2026-07-01T02:20:21.834+0000][92.749s][info][gc,marking  ] GC(159) Concurrent Rebuild Remembered Sets and Scrub Regions
[2026-07-01T02:20:22.000+0000][92.916s][info][gc,marking  ] GC(159) Concurrent Rebuild Remembered Sets and Scrub Regions 166.523ms
[2026-07-01T02:20:22.001+0000][92.916s][info][gc,start    ] GC(159) Pause Cleanup
[2026-07-01T02:20:22.001+0000][92.916s][info][gc          ] GC(159) Pause Cleanup 273M->273M(317M) 0.038ms
[2026-07-01T02:20:22.001+0000][92.916s][info][gc,cpu      ] GC(159) User=0.00s Sys=0.01s Real=0.00s
[2026-07-01T02:20:22.001+0000][92.917s][info][gc,marking  ] GC(159) Concurrent Clear Claimed Marks
[2026-07-01T02:20:22.001+0000][92.917s][info][gc,marking  ] GC(159) Concurrent Clear Claimed Marks 0.101ms
[2026-07-01T02:20:22.001+0000][92.917s][info][gc,marking  ] GC(159) Concurrent Cleanup for Next Mark
[2026-07-01T02:20:22.008+0000][92.924s][info][gc,marking  ] GC(159) Concurrent Cleanup for Next Mark 7.227ms
[2026-07-01T02:20:22.008+0000][92.924s][info][gc          ] GC(159) Concurrent Mark Cycle 1069.568ms
[2026-07-01T02:20:22.114+0000][93.029s][info][gc,start    ] GC(161) Pause Young (Normal) (G1 Evacuation Pause)
[2026-07-01T02:20:22.114+0000][93.029s][info][gc,task     ] GC(161) Using 2 workers of 2 for evacuation
[2026-07-01T02:20:22.128+0000][93.043s][info][gc,phases   ] GC(161)   Pre Evacuate Collection Set: 0.20ms
[2026-07-01T02:20:22.128+0000][93.043s][info][gc,phases   ] GC(161)   Merge Heap Roots: 0.49ms
[2026-07-01T02:20:22.128+0000][93.043s][info][gc,phases   ] GC(161)   Evacuate Collection Set: 13.02ms
[2026-07-01T02:20:22.128+0000][93.043s][info][gc,phases   ] GC(161)   Post Evacuate Collection Set: 0.34ms
[2026-07-01T02:20:22.128+0000][93.043s][info][gc,phases   ] GC(161)   Other: 0.05ms
[2026-07-01T02:20:22.128+0000][93.043s][info][gc,heap     ] GC(161) Eden regions: 107->0(110)
[2026-07-01T02:20:22.128+0000][93.043s][info][gc,heap     ] GC(161) Survivor regions: 8->7(15)
[2026-07-01T02:20:22.128+0000][93.043s][info][gc,heap     ] GC(161) Old regions: 179->180
[2026-07-01T02:20:22.128+0000][93.043s][info][gc,heap     ] GC(161) Humongous regions: 3->3
[2026-07-01T02:20:22.128+0000][93.044s][info][gc,metaspace] GC(161) Metaspace: 41763K(42624K)->41763K(42624K) NonClass: 36623K(37120K)->36623K(37120K) Class: 5139K(5504K)->5139K(5504K)
[2026-07-01T02:20:22.128+0000][93.044s][info][gc          ] GC(161) Pause Young (Normal) (G1 Evacuation Pause) 296M->189M(317M) 14.271ms
[2026-07-01T02:20:22.128+0000][93.044s][info][gc,cpu      ] GC(161) User=0.03s Sys=0.00s Real=0.01s
[2026-07-01T02:20:22.649+0000][93.565s][info][gc,start    ] GC(162) Pause Young (Concurrent Start) (G1 Evacuation Pause)
[2026-07-01T02:20:22.649+0000][93.565s][info][gc,task     ] GC(162) Using 2 workers of 2 for evacuation
[2026-07-01T02:20:22.666+0000][93.582s][info][gc,phases   ] GC(162)   Pre Evacuate Collection Set: 0.32ms
[2026-07-01T02:20:22.666+0000][93.582s][info][gc,phases   ] GC(162)   Merge Heap Roots: 0.41ms
[2026-07-01T02:20:22.666+0000][93.582s][info][gc,phases   ] GC(162)   Evacuate Collection Set: 15.38ms
[2026-07-01T02:20:22.666+0000][93.582s][info][gc,phases   ] GC(162)   Post Evacuate Collection Set: 0.50ms
[2026-07-01T02:20:22.666+0000][93.582s][info][gc,phases   ] GC(162)   Other: 0.08ms
[2026-07-01T02:20:22.666+0000][93.582s][info][gc,heap     ] GC(162) Eden regions: 110->0(110)
[2026-07-01T02:20:22.666+0000][93.582s][info][gc,heap     ] GC(162) Survivor regions: 7->7(15)
[2026-07-01T02:20:22.666+0000][93.582s][info][gc,heap     ] GC(162) Old regions: 180->180
[2026-07-01T02:20:22.666+0000][93.582s][info][gc,heap     ] GC(162) Humongous regions: 3->3
[2026-07-01T02:20:22.666+0000][93.582s][info][gc,metaspace] GC(162) Metaspace: 41763K(42624K)->41763K(42624K) NonClass: 36623K(37120K)->36623K(37120K) Class: 5139K(5504K)->5139K(5504K)
[2026-07-01T02:20:22.666+0000][93.582s][info][gc          ] GC(162) Pause Young (Concurrent Start) (G1 Evacuation Pause) 299M->189M(317M) 16.890ms
[2026-07-01T02:20:22.666+0000][93.582s][info][gc          ] GC(163) Concurrent Mark Cycle
[2026-07-01T02:20:22.666+0000][93.582s][info][gc,marking  ] GC(163) Concurrent Scan Root Regions
[2026-07-01T02:20:22.666+0000][93.582s][info][gc,cpu      ] GC(162) User=0.03s Sys=0.00s Real=0.01s
[2026-07-01T02:20:22.679+0000][93.595s][info][gc,marking  ] GC(163) Concurrent Scan Root Regions 12.753ms
[2026-07-01T02:20:22.679+0000][93.595s][info][gc,marking  ] GC(163) Concurrent Mark
[2026-07-01T02:20:22.679+0000][93.595s][info][gc,marking  ] GC(163) Concurrent Mark From Roots
[2026-07-01T02:20:22.679+0000][93.595s][info][gc,task     ] GC(163) Using 1 workers of 1 for marking
[2026-07-01T02:20:23.293+0000][94.209s][info][gc,start    ] GC(164) Pause Young (Normal) (G1 Evacuation Pause)
[2026-07-01T02:20:23.294+0000][94.209s][info][gc,task     ] GC(164) Using 2 workers of 2 for evacuation
[2026-07-01T02:20:23.321+0000][94.237s][info][gc,phases   ] GC(164)   Pre Evacuate Collection Set: 0.18ms
[2026-07-01T02:20:23.321+0000][94.237s][info][gc,phases   ] GC(164)   Merge Heap Roots: 0.48ms
[2026-07-01T02:20:23.321+0000][94.237s][info][gc,phases   ] GC(164)   Evacuate Collection Set: 26.13ms
[2026-07-01T02:20:23.321+0000][94.237s][info][gc,phases   ] GC(164)   Post Evacuate Collection Set: 0.46ms
[2026-07-01T02:20:23.321+0000][94.237s][info][gc,phases   ] GC(164)   Other: 0.10ms
[2026-07-01T02:20:23.321+0000][94.237s][info][gc,heap     ] GC(164) Eden regions: 110->0(109)
[2026-07-01T02:20:23.321+0000][94.237s][info][gc,heap     ] GC(164) Survivor regions: 7->7(15)
[2026-07-01T02:20:23.321+0000][94.237s][info][gc,heap     ] GC(164) Old regions: 180->181
[2026-07-01T02:20:23.321+0000][94.237s][info][gc,heap     ] GC(164) Humongous regions: 3->3
[2026-07-01T02:20:23.321+0000][94.237s][info][gc,metaspace] GC(164) Metaspace: 41763K(42624K)->41763K(42624K) NonClass: 36623K(37120K)->36623K(37120K) Class: 5139K(5504K)->5139K(5504K)
[2026-07-01T02:20:23.321+0000][94.237s][info][gc          ] GC(164) Pause Young (Normal) (G1 Evacuation Pause) 299M->190M(317M) 27.506ms
[2026-07-01T02:20:23.321+0000][94.237s][info][gc,cpu      ] GC(164) User=0.04s Sys=0.00s Real=0.03s
[2026-07-01T02:20:23.336+0000][94.252s][info][gc,marking  ] GC(163) Concurrent Mark From Roots 656.958ms
[2026-07-01T02:20:23.336+0000][94.252s][info][gc,marking  ] GC(163) Concurrent Preclean
[2026-07-01T02:20:23.336+0000][94.252s][info][gc,marking  ] GC(163) Concurrent Preclean 0.069ms
[2026-07-01T02:20:23.336+0000][94.252s][info][gc,start    ] GC(163) Pause Remark
[2026-07-01T02:20:23.343+0000][94.259s][info][gc          ] GC(163) Pause Remark 193M->193M(319M) 7.093ms
[2026-07-01T02:20:23.343+0000][94.259s][info][gc,cpu      ] GC(163) User=0.01s Sys=0.00s Real=0.01s
[2026-07-01T02:20:23.346+0000][94.262s][info][gc,marking  ] GC(163) Concurrent Mark 667.295ms
[2026-07-01T02:20:23.346+0000][94.262s][info][gc,marking  ] GC(163) Concurrent Rebuild Remembered Sets and Scrub Regions
[2026-07-01T02:20:23.583+0000][94.499s][info][gc,marking  ] GC(163) Concurrent Rebuild Remembered Sets and Scrub Regions 236.680ms
[2026-07-01T02:20:23.583+0000][94.499s][info][gc,start    ] GC(163) Pause Cleanup
[2026-07-01T02:20:23.584+0000][94.499s][info][gc          ] GC(163) Pause Cleanup 239M->239M(319M) 0.182ms
[2026-07-01T02:20:23.584+0000][94.499s][info][gc,cpu      ] GC(163) User=0.00s Sys=0.00s Real=0.00s
[2026-07-01T02:20:23.584+0000][94.500s][info][gc,marking  ] GC(163) Concurrent Clear Claimed Marks
[2026-07-01T02:20:23.584+0000][94.500s][info][gc,marking  ] GC(163) Concurrent Clear Claimed Marks 0.092ms
[2026-07-01T02:20:23.584+0000][94.500s][info][gc,marking  ] GC(163) Concurrent Cleanup for Next Mark
[2026-07-01T02:20:23.586+0000][94.502s][info][gc,marking  ] GC(163) Concurrent Cleanup for Next Mark 1.497ms
[2026-07-01T02:20:23.586+0000][94.502s][info][gc          ] GC(163) Concurrent Mark Cycle 919.870ms
