[2026-07-01T01:44:44.220+0000][0.025s][info][gc,init] CardTable entry size: 512
[2026-07-01T01:44:44.220+0000][0.025s][info][gc     ] Using Serial
[2026-07-01T01:44:44.220+0000][0.025s][info][gc,init] Version: 21.0.11+10-LTS (release)
[2026-07-01T01:44:44.220+0000][0.025s][info][gc,init] CPUs: 4 total, 2 available
[2026-07-01T01:44:44.220+0000][0.025s][info][gc,init] Memory: 1024M
[2026-07-01T01:44:44.220+0000][0.025s][info][gc,init] Large Page Support: Disabled
[2026-07-01T01:44:44.220+0000][0.025s][info][gc,init] NUMA Support: Disabled
[2026-07-01T01:44:44.220+0000][0.025s][info][gc,init] Compressed Oops: Enabled (32-bit)
[2026-07-01T01:44:44.220+0000][0.025s][info][gc,init] Heap Min Capacity: 8M
[2026-07-01T01:44:44.220+0000][0.025s][info][gc,init] Heap Initial Capacity: 16M
[2026-07-01T01:44:44.220+0000][0.025s][info][gc,init] Heap Max Capacity: 256M
[2026-07-01T01:44:44.220+0000][0.025s][info][gc,init] Pre-touch: Disabled
[2026-07-01T01:44:44.227+0000][0.032s][info][gc,metaspace] CDS archive(s) mapped at: [0x000077c193000000-0x000077c193c9b000-0x000077c193c9b000), size 13217792, SharedBaseAddress: 0x000077c193000000, ArchiveRelocationMode: 1.
[2026-07-01T01:44:44.227+0000][0.032s][info][gc,metaspace] Compressed class space mapped at: 0x000077c194000000-0x000077c1d4000000, reserved size: 1073741824
[2026-07-01T01:44:44.227+0000][0.032s][info][gc,metaspace] Narrow klass base: 0x000077c193000000, Narrow klass shift: 0, Narrow klass range: 0x100000000
[2026-07-01T01:44:44.361+0000][0.165s][info][gc,start    ] GC(0) Pause Young (Allocation Failure)
[2026-07-01T01:44:44.362+0000][0.167s][info][gc,heap     ] GC(0) DefNew: 4416K(4928K)->512K(4928K) Eden: 4416K(4416K)->0K(4416K) From: 0K(512K)->512K(512K)
[2026-07-01T01:44:44.362+0000][0.167s][info][gc,heap     ] GC(0) Tenured: 1073K(10944K)->1143K(10944K)
[2026-07-01T01:44:44.362+0000][0.167s][info][gc,metaspace] GC(0) Metaspace: 1666K(1920K)->1666K(1920K) NonClass: 1481K(1600K)->1481K(1600K) Class: 184K(320K)->184K(320K)
[2026-07-01T01:44:44.362+0000][0.167s][info][gc          ] GC(0) Pause Young (Allocation Failure) 5M->1M(15M) 1.737ms
[2026-07-01T01:44:44.363+0000][0.167s][info][gc,cpu      ] GC(0) User=0.00s Sys=0.00s Real=0.00s
[2026-07-01T01:44:44.440+0000][0.244s][info][gc,start    ] GC(1) Pause Young (Allocation Failure)
[2026-07-01T01:44:44.441+0000][0.246s][info][gc,heap     ] GC(1) DefNew: 4928K(4928K)->239K(4928K) Eden: 4416K(4416K)->0K(4416K) From: 512K(512K)->239K(512K)
[2026-07-01T01:44:44.441+0000][0.246s][info][gc,heap     ] GC(1) Tenured: 1143K(10944K)->1645K(10944K)
[2026-07-01T01:44:44.441+0000][0.246s][info][gc,metaspace] GC(1) Metaspace: 2056K(2304K)->2056K(2304K) NonClass: 1838K(1984K)->1838K(1984K) Class: 218K(320K)->218K(320K)
[2026-07-01T01:44:44.441+0000][0.246s][info][gc          ] GC(1) Pause Young (Allocation Failure) 5M->1M(15M) 1.689ms
[2026-07-01T01:44:44.441+0000][0.246s][info][gc,cpu      ] GC(1) User=0.00s Sys=0.00s Real=0.00s
[2026-07-01T01:44:44.514+0000][0.319s][info][gc,start    ] GC(2) Pause Young (Allocation Failure)
[2026-07-01T01:44:44.515+0000][0.320s][info][gc,heap     ] GC(2) DefNew: 4655K(4928K)->512K(4928K) Eden: 4416K(4416K)->0K(4416K) From: 239K(512K)->512K(512K)
[2026-07-01T01:44:44.515+0000][0.320s][info][gc,heap     ] GC(2) Tenured: 1645K(10944K)->1683K(10944K)
[2026-07-01T01:44:44.515+0000][0.320s][info][gc,metaspace] GC(2) Metaspace: 2612K(2880K)->2612K(2880K) NonClass: 2350K(2496K)->2350K(2496K) Class: 262K(384K)->262K(384K)
[2026-07-01T01:44:44.515+0000][0.320s][info][gc          ] GC(2) Pause Young (Allocation Failure) 6M->2M(15M) 0.919ms
[2026-07-01T01:44:44.515+0000][0.320s][info][gc,cpu      ] GC(2) User=0.00s Sys=0.00s Real=0.00s
[2026-07-01T01:44:44.623+0000][0.427s][info][gc,start    ] GC(3) Pause Young (Allocation Failure)
[2026-07-01T01:44:44.624+0000][0.429s][info][gc,heap     ] GC(3) DefNew: 4928K(4928K)->266K(4928K) Eden: 4416K(4416K)->0K(4416K) From: 512K(512K)->266K(512K)
[2026-07-01T01:44:44.624+0000][0.429s][info][gc,heap     ] GC(3) Tenured: 1683K(10944K)->2183K(10944K)
[2026-07-01T01:44:44.624+0000][0.429s][info][gc,metaspace] GC(3) Metaspace: 3702K(3968K)->3702K(3968K) NonClass: 3311K(3456K)->3311K(3456K) Class: 390K(512K)->390K(512K)
[2026-07-01T01:44:44.624+0000][0.429s][info][gc          ] GC(3) Pause Young (Allocation Failure) 6M->2M(15M) 1.376ms
[2026-07-01T01:44:44.624+0000][0.429s][info][gc,cpu      ] GC(3) User=0.01s Sys=0.00s Real=0.00s
[2026-07-01T01:44:44.711+0000][0.516s][info][gc,start    ] GC(4) Pause Young (Allocation Failure)
[2026-07-01T01:44:44.712+0000][0.517s][info][gc,heap     ] GC(4) DefNew: 4682K(4928K)->350K(4928K) Eden: 4416K(4416K)->0K(4416K) From: 266K(512K)->350K(512K)
[2026-07-01T01:44:44.712+0000][0.517s][info][gc,heap     ] GC(4) Tenured: 2183K(10944K)->2429K(10944K)
[2026-07-01T01:44:44.712+0000][0.517s][info][gc,metaspace] GC(4) Metaspace: 4512K(4800K)->4512K(4800K) NonClass: 4010K(4160K)->4010K(4160K) Class: 501K(640K)->501K(640K)
[2026-07-01T01:44:44.712+0000][0.517s][info][gc          ] GC(4) Pause Young (Allocation Failure) 6M->2M(15M) 1.238ms
[2026-07-01T01:44:44.712+0000][0.517s][info][gc,cpu      ] GC(4) User=0.00s Sys=0.00s Real=0.00s
[2026-07-01T01:44:44.766+0000][0.571s][info][gc,start    ] GC(5) Pause Young (Allocation Failure)
[2026-07-01T01:44:44.768+0000][0.572s][info][gc,heap     ] GC(5) DefNew: 4766K(4928K)->241K(4928K) Eden: 4416K(4416K)->0K(4416K) From: 350K(512K)->241K(512K)
[2026-07-01T01:44:44.768+0000][0.572s][info][gc,heap     ] GC(5) Tenured: 2429K(10944K)->2761K(10944K)
[2026-07-01T01:44:44.768+0000][0.572s][info][gc,metaspace] GC(5) Metaspace: 5647K(5952K)->5647K(5952K) NonClass: 4996K(5184K)->4996K(5184K) Class: 650K(768K)->650K(768K)
[2026-07-01T01:44:44.768+0000][0.572s][info][gc          ] GC(5) Pause Young (Allocation Failure) 7M->2M(15M) 1.402ms
[2026-07-01T01:44:44.768+0000][0.572s][info][gc,cpu      ] GC(5) User=0.00s Sys=0.00s Real=0.00s
[2026-07-01T01:44:44.837+0000][0.642s][info][gc,start    ] GC(6) Pause Young (Allocation Failure)
[2026-07-01T01:44:44.838+0000][0.643s][info][gc,heap     ] GC(6) DefNew: 4657K(4928K)->444K(4928K) Eden: 4416K(4416K)->0K(4416K) From: 241K(512K)->444K(512K)
[2026-07-01T01:44:44.838+0000][0.643s][info][gc,heap     ] GC(6) Tenured: 2761K(10944K)->2761K(10944K)
[2026-07-01T01:44:44.838+0000][0.643s][info][gc,metaspace] GC(6) Metaspace: 6621K(6912K)->6621K(6912K) NonClass: 5846K(6016K)->5846K(6016K) Class: 775K(896K)->775K(896K)
[2026-07-01T01:44:44.838+0000][0.643s][info][gc          ] GC(6) Pause Young (Allocation Failure) 7M->3M(15M) 1.199ms
[2026-07-01T01:44:44.838+0000][0.643s][info][gc,cpu      ] GC(6) User=0.01s Sys=0.00s Real=0.01s
[2026-07-01T01:44:44.916+0000][0.720s][info][gc,start    ] GC(7) Pause Young (Allocation Failure)
[2026-07-01T01:44:44.918+0000][0.722s][info][gc,heap     ] GC(7) DefNew: 4860K(4928K)->512K(4928K) Eden: 4416K(4416K)->0K(4416K) From: 444K(512K)->512K(512K)
[2026-07-01T01:44:44.918+0000][0.722s][info][gc,heap     ] GC(7) Tenured: 2761K(10944K)->3190K(10944K)
[2026-07-01T01:44:44.918+0000][0.722s][info][gc,metaspace] GC(7) Metaspace: 7961K(8192K)->7961K(8192K) NonClass: 7026K(7168K)->7026K(7168K) Class: 934K(1024K)->934K(1024K)
[2026-07-01T01:44:44.918+0000][0.722s][info][gc          ] GC(7) Pause Young (Allocation Failure) 7M->3M(15M) 2.179ms
[2026-07-01T01:44:44.918+0000][0.722s][info][gc,cpu      ] GC(7) User=0.00s Sys=0.00s Real=0.00s
[2026-07-01T01:44:44.973+0000][0.777s][info][gc,start    ] GC(8) Pause Young (Allocation Failure)
[2026-07-01T01:44:44.975+0000][0.779s][info][gc,heap     ] GC(8) DefNew: 4928K(4928K)->329K(4928K) Eden: 4416K(4416K)->0K(4416K) From: 512K(512K)->329K(512K)
[2026-07-01T01:44:44.975+0000][0.779s][info][gc,heap     ] GC(8) Tenured: 3190K(10944K)->3698K(10944K)
[2026-07-01T01:44:44.975+0000][0.779s][info][gc,metaspace] GC(8) Metaspace: 8715K(9088K)->8715K(9088K) NonClass: 7661K(7872K)->7661K(7872K) Class: 1054K(1216K)->1054K(1216K)
[2026-07-01T01:44:44.975+0000][0.779s][info][gc          ] GC(8) Pause Young (Allocation Failure) 7M->3M(15M) 1.920ms
[2026-07-01T01:44:44.975+0000][0.779s][info][gc,cpu      ] GC(8) User=0.00s Sys=0.00s Real=0.00s
[2026-07-01T01:44:45.049+0000][0.853s][info][gc,start    ] GC(9) Pause Young (Allocation Failure)
[2026-07-01T01:44:45.050+0000][0.855s][info][gc,heap     ] GC(9) DefNew: 4745K(4928K)->267K(4928K) Eden: 4416K(4416K)->0K(4416K) From: 329K(512K)->267K(512K)
[2026-07-01T01:44:45.050+0000][0.855s][info][gc,heap     ] GC(9) Tenured: 3698K(10944K)->4001K(10944K)
[2026-07-01T01:44:45.050+0000][0.855s][info][gc,metaspace] GC(9) Metaspace: 9393K(9792K)->9393K(9792K) NonClass: 8246K(8448K)->8246K(8448K) Class: 1147K(1344K)->1147K(1344K)
[2026-07-01T01:44:45.050+0000][0.855s][info][gc          ] GC(9) Pause Young (Allocation Failure) 8M->4M(15M) 1.629ms
[2026-07-01T01:44:45.050+0000][0.855s][info][gc,cpu      ] GC(9) User=0.00s Sys=0.00s Real=0.00s
[2026-07-01T01:44:45.122+0000][0.926s][info][gc,start    ] GC(10) Pause Young (Allocation Failure)
[2026-07-01T01:44:45.123+0000][0.928s][info][gc,heap     ] GC(10) DefNew: 4683K(4928K)->252K(4928K) Eden: 4416K(4416K)->0K(4416K) From: 267K(512K)->252K(512K)
[2026-07-01T01:44:45.123+0000][0.928s][info][gc,heap     ] GC(10) Tenured: 4001K(10944K)->4248K(10944K)
[2026-07-01T01:44:45.123+0000][0.928s][info][gc,metaspace] GC(10) Metaspace: 10111K(10560K)->10111K(10560K) NonClass: 8823K(9088K)->8823K(9088K) Class: 1288K(1472K)->1288K(1472K)
[2026-07-01T01:44:45.123+0000][0.928s][info][gc          ] GC(10) Pause Young (Allocation Failure) 8M->4M(15M) 1.624ms
[2026-07-01T01:44:45.123+0000][0.928s][info][gc,cpu      ] GC(10) User=0.01s Sys=0.00s Real=0.00s
[2026-07-01T01:44:45.154+0000][0.958s][info][gc,start    ] GC(11) Pause Young (Allocation Failure)
[2026-07-01T01:44:45.155+0000][0.960s][info][gc,heap     ] GC(11) DefNew: 4668K(4928K)->510K(4928K) Eden: 4416K(4416K)->0K(4416K) From: 252K(512K)->510K(512K)
[2026-07-01T01:44:45.155+0000][0.960s][info][gc,heap     ] GC(11) Tenured: 4248K(10944K)->4248K(10944K)
[2026-07-01T01:44:45.156+0000][0.960s][info][gc,metaspace] GC(11) Metaspace: 11090K(11520K)->11090K(11520K) NonClass: 9683K(9920K)->9683K(9920K) Class: 1407K(1600K)->1407K(1600K)
[2026-07-01T01:44:45.156+0000][0.960s][info][gc          ] GC(11) Pause Young (Allocation Failure) 8M->4M(15M) 1.885ms
[2026-07-01T01:44:45.156+0000][0.960s][info][gc,cpu      ] GC(11) User=0.00s Sys=0.00s Real=0.00s
[2026-07-01T01:44:45.208+0000][1.013s][info][gc,start    ] GC(12) Pause Young (Allocation Failure)
[2026-07-01T01:44:45.210+0000][1.015s][info][gc,heap     ] GC(12) DefNew: 4922K(4928K)->306K(4928K) Eden: 4412K(4416K)->0K(4416K) From: 510K(512K)->306K(512K)
[2026-07-01T01:44:45.210+0000][1.015s][info][gc,heap     ] GC(12) Tenured: 4248K(10944K)->4622K(10944K)
[2026-07-01T01:44:45.210+0000][1.015s][info][gc,metaspace] GC(12) Metaspace: 12081K(12416K)->12081K(12416K) NonClass: 10564K(10752K)->10564K(10752K) Class: 1516K(1664K)->1516K(1664K)
[2026-07-01T01:44:45.210+0000][1.015s][info][gc          ] GC(12) Pause Young (Allocation Failure) 8M->4M(15M) 1.744ms
[2026-07-01T01:44:45.210+0000][1.015s][info][gc,cpu      ] GC(12) User=0.00s Sys=0.00s Real=0.00s
[2026-07-01T01:44:45.240+0000][1.045s][info][gc,start    ] GC(13) Pause Young (Allocation Failure)
[2026-07-01T01:44:45.242+0000][1.047s][info][gc,heap     ] GC(13) DefNew: 4722K(4928K)->467K(4928K) Eden: 4416K(4416K)->0K(4416K) From: 306K(512K)->467K(512K)
[2026-07-01T01:44:45.242+0000][1.047s][info][gc,heap     ] GC(13) Tenured: 4622K(10944K)->4824K(10944K)
[2026-07-01T01:44:45.242+0000][1.047s][info][gc,metaspace] GC(13) Metaspace: 12921K(13312K)->12921K(13312K) NonClass: 11307K(11520K)->11307K(11520K) Class: 1613K(1792K)->1613K(1792K)
[2026-07-01T01:44:45.242+0000][1.047s][info][gc          ] GC(13) Pause Young (Allocation Failure) 9M->5M(15M) 1.895ms
[2026-07-01T01:44:45.242+0000][1.047s][info][gc,cpu      ] GC(13) User=0.00s Sys=0.00s Real=0.00s
[2026-07-01T01:44:45.313+0000][1.117s][info][gc,start    ] GC(14) Pause Young (Allocation Failure)
[2026-07-01T01:44:45.315+0000][1.120s][info][gc,heap     ] GC(14) DefNew: 4883K(4928K)->454K(4928K) Eden: 4416K(4416K)->0K(4416K) From: 467K(512K)->454K(512K)
[2026-07-01T01:44:45.315+0000][1.120s][info][gc,heap     ] GC(14) Tenured: 4824K(10944K)->5252K(10944K)
[2026-07-01T01:44:45.315+0000][1.120s][info][gc,metaspace] GC(14) Metaspace: 13768K(14144K)->13768K(14144K) NonClass: 12040K(12288K)->12040K(12288K) Class: 1728K(1856K)->1728K(1856K)
[2026-07-01T01:44:45.315+0000][1.120s][info][gc          ] GC(14) Pause Young (Allocation Failure) 9M->5M(15M) 2.340ms
[2026-07-01T01:44:45.315+0000][1.120s][info][gc,cpu      ] GC(14) User=0.01s Sys=0.00s Real=0.00s
[2026-07-01T01:44:45.342+0000][1.146s][info][gc,start    ] GC(15) Pause Young (Allocation Failure)
[2026-07-01T01:44:45.345+0000][1.149s][info][gc,heap     ] GC(15) DefNew: 4862K(4928K)->382K(4928K) Eden: 4407K(4416K)->0K(4416K) From: 454K(512K)->382K(512K)
[2026-07-01T01:44:45.345+0000][1.149s][info][gc,heap     ] GC(15) Tenured: 5252K(10944K)->5681K(10944K)
[2026-07-01T01:44:45.345+0000][1.149s][info][gc,metaspace] GC(15) Metaspace: 14724K(15168K)->14724K(15168K) NonClass: 12886K(13120K)->12886K(13120K) Class: 1837K(2048K)->1837K(2048K)
[2026-07-01T01:44:45.345+0000][1.149s][info][gc          ] GC(15) Pause Young (Allocation Failure) 9M->5M(15M) 2.806ms
[2026-07-01T01:44:45.345+0000][1.149s][info][gc,cpu      ] GC(15) User=0.01s Sys=0.00s Real=0.00s
[2026-07-01T01:44:45.409+0000][1.213s][info][gc,start    ] GC(16) Pause Young (Allocation Failure)
[2026-07-01T01:44:45.410+0000][1.215s][info][gc,heap     ] GC(16) DefNew: 4790K(4928K)->167K(4928K) Eden: 4407K(4416K)->0K(4416K) From: 382K(512K)->167K(512K)
[2026-07-01T01:44:45.410+0000][1.215s][info][gc,heap     ] GC(16) Tenured: 5681K(10944K)->5875K(10944K)
[2026-07-01T01:44:45.410+0000][1.215s][info][gc,metaspace] GC(16) Metaspace: 15604K(16064K)->15604K(16064K) NonClass: 13628K(13888K)->13628K(13888K) Class: 1976K(2176K)->1976K(2176K)
[2026-07-01T01:44:45.410+0000][1.215s][info][gc          ] GC(16) Pause Young (Allocation Failure) 10M->5M(15M) 1.608ms
[2026-07-01T01:44:45.410+0000][1.215s][info][gc,cpu      ] GC(16) User=0.00s Sys=0.00s Real=0.00s
[2026-07-01T01:44:45.431+0000][1.236s][info][gc,start    ] GC(17) Pause Young (Allocation Failure)
[2026-07-01T01:44:45.434+0000][1.238s][info][gc,heap     ] GC(17) DefNew: 4583K(4928K)->262K(4928K) Eden: 4416K(4416K)->0K(4416K) From: 167K(512K)->262K(512K)
[2026-07-01T01:44:45.434+0000][1.238s][info][gc,heap     ] GC(17) Tenured: 5875K(10944K)->5875K(10944K)
[2026-07-01T01:44:45.434+0000][1.238s][info][gc,metaspace] GC(17) Metaspace: 16489K(16960K)->16489K(16960K) NonClass: 14405K(14656K)->14405K(14656K) Class: 2084K(2304K)->2084K(2304K)
[2026-07-01T01:44:45.434+0000][1.238s][info][gc          ] GC(17) Pause Young (Allocation Failure) 10M->5M(15M) 2.166ms
[2026-07-01T01:44:45.434+0000][1.238s][info][gc,cpu      ] GC(17) User=0.01s Sys=0.00s Real=0.00s
[2026-07-01T01:44:45.501+0000][1.306s][info][gc,start    ] GC(18) Pause Young (Allocation Failure)
[2026-07-01T01:44:45.504+0000][1.308s][info][gc,heap     ] GC(18) DefNew: 4676K(4928K)->512K(4928K) Eden: 4413K(4416K)->0K(4416K) From: 262K(512K)->512K(512K)
[2026-07-01T01:44:45.504+0000][1.308s][info][gc,heap     ] GC(18) Tenured: 5875K(10944K)->6158K(10944K)
[2026-07-01T01:44:45.504+0000][1.308s][info][gc,metaspace] GC(18) Metaspace: 17521K(17920K)->17521K(17920K) NonClass: 15319K(15552K)->15319K(15552K) Class: 2201K(2368K)->2201K(2368K)
[2026-07-01T01:44:45.504+0000][1.308s][info][gc          ] GC(18) Pause Young (Allocation Failure) 10M->6M(15M) 2.608ms
[2026-07-01T01:44:45.504+0000][1.308s][info][gc,cpu      ] GC(18) User=0.00s Sys=0.00s Real=0.00s
[2026-07-01T01:44:45.539+0000][1.344s][info][gc,start    ] GC(19) Pause Young (Allocation Failure)
[2026-07-01T01:44:45.542+0000][1.346s][info][gc,heap     ] GC(19) DefNew: 4928K(4928K)->512K(4928K) Eden: 4416K(4416K)->0K(4416K) From: 512K(512K)->512K(512K)
[2026-07-01T01:44:45.542+0000][1.346s][info][gc,heap     ] GC(19) Tenured: 6158K(10944K)->6836K(10944K)
[2026-07-01T01:44:45.542+0000][1.346s][info][gc,metaspace] GC(19) Metaspace: 18242K(18624K)->18242K(18624K) NonClass: 15947K(16192K)->15947K(16192K) Class: 2295K(2432K)->2295K(2432K)
[2026-07-01T01:44:45.542+0000][1.346s][info][gc          ] GC(19) Pause Young (Allocation Failure) 10M->7M(15M) 2.544ms
[2026-07-01T01:44:45.542+0000][1.346s][info][gc,cpu      ] GC(19) User=0.01s Sys=0.00s Real=0.00s
[2026-07-01T01:44:45.608+0000][1.413s][info][gc,start    ] GC(20) Pause Young (Allocation Failure)
[2026-07-01T01:44:45.611+0000][1.415s][info][gc,heap     ] GC(20) DefNew: 4901K(4928K)->205K(4928K) Eden: 4389K(4416K)->0K(4416K) From: 512K(512K)->205K(512K)
[2026-07-01T01:44:45.611+0000][1.415s][info][gc,heap     ] GC(20) Tenured: 6836K(10944K)->7338K(10944K)
[2026-07-01T01:44:45.611+0000][1.415s][info][gc,metaspace] GC(20) Metaspace: 18703K(19072K)->18703K(19072K) NonClass: 16359K(16576K)->16359K(16576K) Class: 2344K(2496K)->2344K(2496K)
[2026-07-01T01:44:45.611+0000][1.415s][info][gc          ] GC(20) Pause Young (Allocation Failure) 11M->7M(15M) 2.731ms
[2026-07-01T01:44:45.611+0000][1.415s][info][gc,cpu      ] GC(20) User=0.01s Sys=0.00s Real=0.00s
[2026-07-01T01:44:45.633+0000][1.438s][info][gc,start    ] GC(21) Pause Young (Allocation Failure)
[2026-07-01T01:44:45.634+0000][1.439s][info][gc,heap     ] GC(21) DefNew: 4621K(4928K)->385K(4928K) Eden: 4416K(4416K)->0K(4416K) From: 205K(512K)->385K(512K)
[2026-07-01T01:44:45.634+0000][1.439s][info][gc,heap     ] GC(21) Tenured: 7338K(10944K)->7338K(10944K)
[2026-07-01T01:44:45.634+0000][1.439s][info][gc,metaspace] GC(21) Metaspace: 19161K(19520K)->19161K(19520K) NonClass: 16764K(16960K)->16764K(16960K) Class: 2396K(2560K)->2396K(2560K)
[2026-07-01T01:44:45.634+0000][1.439s][info][gc          ] GC(21) Pause Young (Allocation Failure) 11M->7M(15M) 1.387ms
[2026-07-01T01:44:45.634+0000][1.439s][info][gc,cpu      ] GC(21) User=0.00s Sys=0.00s Real=0.00s
[2026-07-01T01:44:45.673+0000][1.478s][info][gc,start    ] GC(22) Pause Young (Allocation Failure)
[2026-07-01T01:44:45.702+0000][1.506s][info][gc,heap     ] GC(22) DefNew: 4801K(4928K)->462K(4928K) Eden: 4416K(4416K)->0K(4416K) From: 385K(512K)->462K(512K)
[2026-07-01T01:44:45.702+0000][1.506s][info][gc,heap     ] GC(22) Tenured: 7338K(10944K)->7523K(10944K)
[2026-07-01T01:44:45.702+0000][1.506s][info][gc,metaspace] GC(22) Metaspace: 19425K(19840K)->19425K(19840K) NonClass: 16989K(17216K)->16989K(17216K) Class: 2435K(2624K)->2435K(2624K)
[2026-07-01T01:44:45.702+0000][1.506s][info][gc          ] GC(22) Pause Young (Allocation Failure) 11M->7M(15M) 28.636ms
[2026-07-01T01:44:45.702+0000][1.506s][info][gc,cpu      ] GC(22) User=0.01s Sys=0.00s Real=0.03s
[2026-07-01T01:44:45.737+0000][1.541s][info][gc,start    ] GC(23) Pause Young (Allocation Failure)
[2026-07-01T01:44:45.738+0000][1.543s][info][gc,heap     ] GC(23) DefNew: 4878K(4928K)->284K(4928K) Eden: 4416K(4416K)->0K(4416K) From: 462K(512K)->284K(512K)
[2026-07-01T01:44:45.738+0000][1.543s][info][gc,heap     ] GC(23) Tenured: 7523K(10944K)->7968K(10944K)
[2026-07-01T01:44:45.738+0000][1.543s][info][gc,metaspace] GC(23) Metaspace: 19775K(20224K)->19775K(20224K) NonClass: 17290K(17536K)->17290K(17536K) Class: 2485K(2688K)->2485K(2688K)
[2026-07-01T01:44:45.738+0000][1.543s][info][gc          ] GC(23) Pause Young (Allocation Failure) 12M->8M(15M) 1.822ms
[2026-07-01T01:44:45.738+0000][1.543s][info][gc,cpu      ] GC(23) User=0.00s Sys=0.00s Real=0.01s
[2026-07-01T01:44:45.772+0000][1.577s][info][gc,start    ] GC(24) Pause Young (Allocation Failure)
[2026-07-01T01:44:45.774+0000][1.578s][info][gc,heap     ] GC(24) DefNew: 4700K(4928K)->249K(4928K) Eden: 4416K(4416K)->0K(4416K) From: 284K(512K)->249K(512K)
[2026-07-01T01:44:45.774+0000][1.578s][info][gc,heap     ] GC(24) Tenured: 7968K(10944K)->8229K(10944K)
[2026-07-01T01:44:45.774+0000][1.578s][info][gc,metaspace] GC(24) Metaspace: 19985K(20480K)->19985K(20480K) NonClass: 17479K(17728K)->17479K(17728K) Class: 2505K(2752K)->2505K(2752K)
[2026-07-01T01:44:45.774+0000][1.578s][info][gc          ] GC(24) Pause Young (Allocation Failure) 12M->8M(15M) 1.469ms
[2026-07-01T01:44:45.774+0000][1.578s][info][gc,cpu      ] GC(24) User=0.00s Sys=0.00s Real=0.00s
[2026-07-01T01:44:45.826+0000][1.630s][info][gc,start    ] GC(25) Pause Young (Allocation Failure)
[2026-07-01T01:44:45.827+0000][1.632s][info][gc,heap     ] GC(25) DefNew: 4665K(4928K)->511K(4928K) Eden: 4416K(4416K)->0K(4416K) From: 249K(512K)->511K(512K)
[2026-07-01T01:44:45.827+0000][1.632s][info][gc,heap     ] GC(25) Tenured: 8229K(10944K)->8276K(10944K)
[2026-07-01T01:44:45.827+0000][1.632s][info][gc,metaspace] GC(25) Metaspace: 20127K(20672K)->20127K(20672K) NonClass: 17609K(17920K)->17609K(17920K) Class: 2517K(2752K)->2517K(2752K)
[2026-07-01T01:44:45.827+0000][1.632s][info][gc          ] GC(25) Pause Young (Allocation Failure) 12M->8M(15M) 1.422ms
[2026-07-01T01:44:45.827+0000][1.632s][info][gc,cpu      ] GC(25) User=0.01s Sys=0.00s Real=0.00s
[2026-07-01T01:44:45.856+0000][1.661s][info][gc,start    ] GC(26) Pause Young (Allocation Failure)
[2026-07-01T01:44:45.858+0000][1.663s][info][gc,heap     ] GC(26) DefNew: 4927K(4928K)->275K(4928K) Eden: 4416K(4416K)->0K(4416K) From: 511K(512K)->275K(512K)
[2026-07-01T01:44:45.858+0000][1.663s][info][gc,heap     ] GC(26) Tenured: 8276K(10944K)->8781K(10944K)
[2026-07-01T01:44:45.858+0000][1.663s][info][gc,metaspace] GC(26) Metaspace: 20294K(20800K)->20294K(20800K) NonClass: 17763K(18048K)->17763K(18048K) Class: 2531K(2752K)->2531K(2752K)
[2026-07-01T01:44:45.858+0000][1.663s][info][gc          ] GC(26) Pause Young (Allocation Failure) 12M->8M(15M) 1.834ms
[2026-07-01T01:44:45.858+0000][1.663s][info][gc,cpu      ] GC(26) User=0.00s Sys=0.00s Real=0.00s
[2026-07-01T01:44:45.921+0000][1.725s][info][gc,start    ] GC(27) Pause Young (Allocation Failure)
[2026-07-01T01:44:45.923+0000][1.727s][info][gc,heap     ] GC(27) DefNew: 4691K(4928K)->221K(4928K) Eden: 4416K(4416K)->0K(4416K) From: 275K(512K)->221K(512K)
[2026-07-01T01:44:45.923+0000][1.727s][info][gc,heap     ] GC(27) Tenured: 8781K(10944K)->9037K(10944K)
[2026-07-01T01:44:45.923+0000][1.727s][info][gc,metaspace] GC(27) Metaspace: 20749K(21248K)->20749K(21248K) NonClass: 18161K(18432K)->18161K(18432K) Class: 2587K(2816K)->2587K(2816K)
[2026-07-01T01:44:45.923+0000][1.727s][info][gc          ] GC(27) Pause Young (Allocation Failure) 13M->9M(15M) 1.851ms
[2026-07-01T01:44:45.923+0000][1.727s][info][gc,cpu      ] GC(27) User=0.00s Sys=0.00s Real=0.00s
[2026-07-01T01:44:45.939+0000][1.743s][info][gc,start    ] GC(28) Pause Full (Metadata GC Threshold)
[2026-07-01T01:44:45.939+0000][1.743s][info][gc,phases,start] GC(28) Phase 1: Mark live objects
[2026-07-01T01:44:45.950+0000][1.755s][info][gc,phases      ] GC(28) Phase 1: Mark live objects 11.389ms
[2026-07-01T01:44:45.950+0000][1.755s][info][gc,phases,start] GC(28) Phase 2: Compute new object addresses
[2026-07-01T01:44:45.953+0000][1.757s][info][gc,phases      ] GC(28) Phase 2: Compute new object addresses 2.619ms
[2026-07-01T01:44:45.953+0000][1.757s][info][gc,phases,start] GC(28) Phase 3: Adjust pointers
[2026-07-01T01:44:45.958+0000][1.763s][info][gc,phases      ] GC(28) Phase 3: Adjust pointers 5.349ms
[2026-07-01T01:44:45.958+0000][1.763s][info][gc,phases,start] GC(28) Phase 4: Move objects
[2026-07-01T01:44:45.959+0000][1.763s][info][gc,phases      ] GC(28) Phase 4: Move objects 0.439ms
[2026-07-01T01:44:45.959+0000][1.763s][info][gc,heap        ] GC(28) DefNew: 2518K(4928K)->0K(6976K) Eden: 2297K(4416K)->0K(6208K) From: 221K(512K)->0K(768K)
[2026-07-01T01:44:45.959+0000][1.763s][info][gc,heap        ] GC(28) Tenured: 9037K(10944K)->9253K(15424K)
[2026-07-01T01:44:45.959+0000][1.763s][info][gc,metaspace   ] GC(28) Metaspace: 21029K(21504K)->21029K(21504K) NonClass: 18408K(18688K)->18408K(18688K) Class: 2621K(2816K)->2621K(2816K)
[2026-07-01T01:44:45.959+0000][1.763s][info][gc             ] GC(28) Pause Full (Metadata GC Threshold) 11M->9M(21M) 20.184ms
[2026-07-01T01:44:45.959+0000][1.763s][info][gc,cpu         ] GC(28) User=0.02s Sys=0.00s Real=0.02s
[2026-07-01T01:44:46.020+0000][1.824s][info][gc,start       ] GC(29) Pause Young (Allocation Failure)
[2026-07-01T01:44:46.021+0000][1.826s][info][gc,heap        ] GC(29) DefNew: 6208K(6976K)->335K(6976K) Eden: 6208K(6208K)->0K(6208K) From: 0K(768K)->335K(768K)
[2026-07-01T01:44:46.021+0000][1.826s][info][gc,heap        ] GC(29) Tenured: 9253K(15424K)->9253K(15424K)
[2026-07-01T01:44:46.021+0000][1.826s][info][gc,metaspace   ] GC(29) Metaspace: 21572K(22080K)->21572K(22080K) NonClass: 18869K(19136K)->18869K(19136K) Class: 2703K(2944K)->2703K(2944K)
[2026-07-01T01:44:46.021+0000][1.826s][info][gc             ] GC(29) Pause Young (Allocation Failure) 15M->9M(21M) 1.576ms
[2026-07-01T01:44:46.021+0000][1.826s][info][gc,cpu         ] GC(29) User=0.00s Sys=0.00s Real=0.00s
[2026-07-01T01:44:46.068+0000][1.872s][info][gc,start       ] GC(30) Pause Young (Allocation Failure)
[2026-07-01T01:44:46.070+0000][1.874s][info][gc,heap        ] GC(30) DefNew: 6543K(6976K)->699K(6976K) Eden: 6208K(6208K)->0K(6208K) From: 335K(768K)->699K(768K)
[2026-07-01T01:44:46.070+0000][1.874s][info][gc,heap        ] GC(30) Tenured: 9253K(15424K)->9253K(15424K)
[2026-07-01T01:44:46.070+0000][1.874s][info][gc,metaspace   ] GC(30) Metaspace: 21994K(22464K)->21994K(22464K) NonClass: 19228K(19456K)->19228K(19456K) Class: 2766K(3008K)->2766K(3008K)
[2026-07-01T01:44:46.070+0000][1.874s][info][gc             ] GC(30) Pause Young (Allocation Failure) 15M->9M(21M) 2.046ms
[2026-07-01T01:44:46.070+0000][1.874s][info][gc,cpu         ] GC(30) User=0.00s Sys=0.00s Real=0.01s
[2026-07-01T01:44:46.151+0000][1.956s][info][gc,start       ] GC(31) Pause Young (Allocation Failure)
[2026-07-01T01:44:46.154+0000][1.959s][info][gc,heap        ] GC(31) DefNew: 6907K(6976K)->767K(6976K) Eden: 6208K(6208K)->0K(6208K) From: 699K(768K)->767K(768K)
[2026-07-01T01:44:46.154+0000][1.959s][info][gc,heap        ] GC(31) Tenured: 9253K(15424K)->9642K(15424K)
[2026-07-01T01:44:46.154+0000][1.959s][info][gc,metaspace   ] GC(31) Metaspace: 22635K(23104K)->22635K(23104K) NonClass: 19794K(20032K)->19794K(20032K) Class: 2840K(3072K)->2840K(3072K)
[2026-07-01T01:44:46.154+0000][1.959s][info][gc             ] GC(31) Pause Young (Allocation Failure) 15M->10M(21M) 2.829ms
[2026-07-01T01:44:46.154+0000][1.959s][info][gc,cpu         ] GC(31) User=0.00s Sys=0.00s Real=0.00s
[2026-07-01T01:44:46.243+0000][2.048s][info][gc,start       ] GC(32) Pause Young (Allocation Failure)
[2026-07-01T01:44:46.247+0000][2.051s][info][gc,heap        ] GC(32) DefNew: 6975K(6976K)->661K(6976K) Eden: 6208K(6208K)->0K(6208K) From: 767K(768K)->661K(768K)
[2026-07-01T01:44:46.247+0000][2.051s][info][gc,heap        ] GC(32) Tenured: 9642K(15424K)->10345K(15424K)
[2026-07-01T01:44:46.247+0000][2.051s][info][gc,metaspace   ] GC(32) Metaspace: 23542K(24064K)->23542K(24064K) NonClass: 20575K(20864K)->20575K(20864K) Class: 2967K(3200K)->2967K(3200K)
[2026-07-01T01:44:46.247+0000][2.051s][info][gc             ] GC(32) Pause Young (Allocation Failure) 16M->10M(21M) 3.673ms
[2026-07-01T01:44:46.247+0000][2.051s][info][gc,cpu         ] GC(32) User=0.01s Sys=0.00s Real=0.00s
[2026-07-01T01:44:46.324+0000][2.128s][info][gc,start       ] GC(33) Pause Young (Allocation Failure)
[2026-07-01T01:44:46.327+0000][2.132s][info][gc,heap        ] GC(33) DefNew: 6869K(6976K)->625K(6976K) Eden: 6208K(6208K)->0K(6208K) From: 661K(768K)->625K(768K)
[2026-07-01T01:44:46.327+0000][2.132s][info][gc,heap        ] GC(33) Tenured: 10345K(15424K)->10934K(15424K)
[2026-07-01T01:44:46.327+0000][2.132s][info][gc,metaspace   ] GC(33) Metaspace: 24550K(25088K)->24550K(25088K) NonClass: 21393K(21696K)->21393K(21696K) Class: 3157K(3392K)->3157K(3392K)
[2026-07-01T01:44:46.327+0000][2.132s][info][gc             ] GC(33) Pause Young (Allocation Failure) 16M->11M(21M) 3.505ms
[2026-07-01T01:44:46.327+0000][2.132s][info][gc,cpu         ] GC(33) User=0.00s Sys=0.00s Real=0.00s
[2026-07-01T01:44:46.385+0000][2.190s][info][gc,start       ] GC(34) Pause Young (Allocation Failure)
[2026-07-01T01:44:46.388+0000][2.193s][info][gc,heap        ] GC(34) DefNew: 6833K(6976K)->637K(6976K) Eden: 6208K(6208K)->0K(6208K) From: 625K(768K)->637K(768K)
[2026-07-01T01:44:46.388+0000][2.193s][info][gc,heap        ] GC(34) Tenured: 10934K(15424K)->11536K(15424K)
[2026-07-01T01:44:46.388+0000][2.193s][info][gc,metaspace   ] GC(34) Metaspace: 26020K(26560K)->26020K(26560K) NonClass: 22709K(22976K)->22709K(22976K) Class: 3310K(3584K)->3310K(3584K)
[2026-07-01T01:44:46.388+0000][2.193s][info][gc             ] GC(34) Pause Young (Allocation Failure) 17M->11M(21M) 2.845ms
[2026-07-01T01:44:46.388+0000][2.193s][info][gc,cpu         ] GC(34) User=0.00s Sys=0.00s Real=0.01s
[2026-07-01T01:44:46.460+0000][2.265s][info][gc,start       ] GC(35) Pause Young (Allocation Failure)
[2026-07-01T01:44:46.463+0000][2.268s][info][gc,heap        ] GC(35) DefNew: 6842K(6976K)->422K(6976K) Eden: 6204K(6208K)->0K(6208K) From: 637K(768K)->422K(768K)
[2026-07-01T01:44:46.463+0000][2.268s][info][gc,heap        ] GC(35) Tenured: 11536K(15424K)->12156K(15424K)
[2026-07-01T01:44:46.463+0000][2.268s][info][gc,metaspace   ] GC(35) Metaspace: 27075K(27712K)->27075K(27712K) NonClass: 23636K(24000K)->23636K(24000K) Class: 3439K(3712K)->3439K(3712K)
[2026-07-01T01:44:46.463+0000][2.268s][info][gc             ] GC(35) Pause Young (Allocation Failure) 17M->12M(21M) 3.024ms
[2026-07-01T01:44:46.463+0000][2.268s][info][gc,cpu         ] GC(35) User=0.00s Sys=0.00s Real=0.00s
[2026-07-01T01:44:46.505+0000][2.309s][info][gc,start       ] GC(36) Pause Young (Allocation Failure)
[2026-07-01T01:44:46.507+0000][2.311s][info][gc,heap        ] GC(36) DefNew: 6630K(6976K)->171K(6976K) Eden: 6208K(6208K)->0K(6208K) From: 422K(768K)->171K(768K)
[2026-07-01T01:44:46.507+0000][2.311s][info][gc,heap        ] GC(36) Tenured: 12156K(15424K)->12542K(15424K)
[2026-07-01T01:44:46.507+0000][2.311s][info][gc,metaspace   ] GC(36) Metaspace: 27759K(28352K)->27759K(28352K) NonClass: 24230K(24576K)->24230K(24576K) Class: 3528K(3776K)->3528K(3776K)
[2026-07-01T01:44:46.507+0000][2.311s][info][gc             ] GC(36) Pause Young (Allocation Failure) 18M->12M(21M) 2.052ms
[2026-07-01T01:44:46.507+0000][2.311s][info][gc,cpu         ] GC(36) User=0.01s Sys=0.00s Real=0.00s
[2026-07-01T01:44:46.565+0000][2.369s][info][gc,start       ] GC(37) Pause Young (Allocation Failure)
[2026-07-01T01:44:46.567+0000][2.372s][info][gc,heap        ] GC(37) DefNew: 6379K(6976K)->749K(6976K) Eden: 6208K(6208K)->0K(6208K) From: 171K(768K)->749K(768K)
[2026-07-01T01:44:46.567+0000][2.372s][info][gc,heap        ] GC(37) Tenured: 12542K(15424K)->12542K(15424K)
[2026-07-01T01:44:46.567+0000][2.372s][info][gc,metaspace   ] GC(37) Metaspace: 28398K(28928K)->28398K(28928K) NonClass: 24763K(25024K)->24763K(25024K) Class: 3635K(3904K)->3635K(3904K)
[2026-07-01T01:44:46.567+0000][2.372s][info][gc             ] GC(37) Pause Young (Allocation Failure) 18M->12M(21M) 2.459ms
[2026-07-01T01:44:46.567+0000][2.372s][info][gc,cpu         ] GC(37) User=0.00s Sys=0.00s Real=0.00s
[2026-07-01T01:44:46.655+0000][2.460s][info][gc,start       ] GC(38) Pause Young (Allocation Failure)
[2026-07-01T01:44:46.660+0000][2.464s][info][gc,heap        ] GC(38) DefNew: 6957K(6976K)->719K(6976K) Eden: 6208K(6208K)->0K(6208K) From: 749K(768K)->719K(768K)
[2026-07-01T01:44:46.660+0000][2.464s][info][gc,heap        ] GC(38) Tenured: 12542K(15424K)->13275K(15424K)
[2026-07-01T01:44:46.660+0000][2.464s][info][gc,metaspace   ] GC(38) Metaspace: 29180K(29824K)->29180K(29824K) NonClass: 25431K(25792K)->25431K(25792K) Class: 3749K(4032K)->3749K(4032K)
[2026-07-01T01:44:46.660+0000][2.464s][info][gc             ] GC(38) Pause Young (Allocation Failure) 19M->13M(21M) 4.531ms
[2026-07-01T01:44:46.660+0000][2.464s][info][gc,cpu         ] GC(38) User=0.01s Sys=0.01s Real=0.01s
[2026-07-01T01:44:46.733+0000][2.538s][info][gc,start       ] GC(39) Pause Young (Allocation Failure)
[2026-07-01T01:44:46.736+0000][2.541s][info][gc,heap        ] GC(39) DefNew: 6927K(6976K)->576K(6976K) Eden: 6208K(6208K)->0K(6208K) From: 719K(768K)->576K(768K)
[2026-07-01T01:44:46.736+0000][2.541s][info][gc,heap        ] GC(39) Tenured: 13275K(15424K)->13975K(15424K)
[2026-07-01T01:44:46.736+0000][2.541s][info][gc,metaspace   ] GC(39) Metaspace: 30278K(30912K)->30278K(30912K) NonClass: 26374K(26752K)->26374K(26752K) Class: 3904K(4160K)->3904K(4160K)
[2026-07-01T01:44:46.736+0000][2.541s][info][gc             ] GC(39) Pause Young (Allocation Failure) 19M->14M(21M) 3.133ms
[2026-07-01T01:44:46.736+0000][2.541s][info][gc,cpu         ] GC(39) User=0.00s Sys=0.00s Real=0.00s
[2026-07-01T01:44:46.785+0000][2.589s][info][gc,start       ] GC(40) Pause Young (Allocation Failure)
[2026-07-01T01:44:46.787+0000][2.591s][info][gc,heap        ] GC(40) DefNew: 6784K(6976K)->282K(6976K) Eden: 6208K(6208K)->0K(6208K) From: 576K(768K)->282K(768K)
[2026-07-01T01:44:46.787+0000][2.591s][info][gc,heap        ] GC(40) Tenured: 13975K(15424K)->14531K(15424K)
[2026-07-01T01:44:46.787+0000][2.591s][info][gc,metaspace   ] GC(40) Metaspace: 31111K(31744K)->31111K(31744K) NonClass: 27093K(27456K)->27093K(27456K) Class: 4017K(4288K)->4017K(4288K)
[2026-07-01T01:44:46.787+0000][2.591s][info][gc             ] GC(40) Pause Young (Allocation Failure) 20M->14M(21M) 2.352ms
[2026-07-01T01:44:46.787+0000][2.591s][info][gc,cpu         ] GC(40) User=0.01s Sys=0.00s Real=0.00s
[2026-07-01T01:44:46.851+0000][2.656s][info][gc,start       ] GC(41) Pause Young (Allocation Failure)
[2026-07-01T01:44:46.854+0000][2.658s][info][gc,heap        ] GC(41) DefNew: 6490K(6976K)->695K(6976K) Eden: 6208K(6208K)->0K(6208K) From: 282K(768K)->695K(768K)
[2026-07-01T01:44:46.854+0000][2.658s][info][gc,heap        ] GC(41) Tenured: 14531K(15424K)->14531K(15424K)
[2026-07-01T01:44:46.854+0000][2.658s][info][gc,metaspace   ] GC(41) Metaspace: 31728K(32384K)->31728K(32384K) NonClass: 27599K(27968K)->27599K(27968K) Class: 4128K(4416K)->4128K(4416K)
[2026-07-01T01:44:46.854+0000][2.658s][info][gc             ] GC(41) Pause Young (Allocation Failure) 20M->14M(21M) 2.599ms
[2026-07-01T01:44:46.854+0000][2.658s][info][gc,cpu         ] GC(41) User=0.00s Sys=0.00s Real=0.00s
[2026-07-01T01:44:46.950+0000][2.754s][info][gc,start       ] GC(42) Pause Young (Allocation Failure)
[2026-07-01T01:44:46.953+0000][2.758s][info][gc,heap        ] GC(42) DefNew: 6903K(6976K)->608K(6976K) Eden: 6208K(6208K)->0K(6208K) From: 695K(768K)->608K(768K)
[2026-07-01T01:44:46.953+0000][2.758s][info][gc,heap        ] GC(42) Tenured: 14531K(15424K)->15206K(15424K)
[2026-07-01T01:44:46.953+0000][2.758s][info][gc,metaspace   ] GC(42) Metaspace: 32887K(33600K)->32887K(33600K) NonClass: 28591K(28992K)->28591K(28992K) Class: 4296K(4608K)->4296K(4608K)
[2026-07-01T01:44:46.953+0000][2.758s][info][gc             ] GC(42) Pause Young (Allocation Failure) 20M->15M(21M) 3.611ms
[2026-07-01T01:44:46.953+0000][2.758s][info][gc,cpu         ] GC(42) User=0.00s Sys=0.00s Real=0.00s
[2026-07-01T01:44:47.054+0000][2.859s][info][gc,start       ] GC(43) Pause Young (Allocation Failure)
[2026-07-01T01:44:47.058+0000][2.863s][info][gc             ] GC(43) Pause Young (Allocation Failure) 21M->16M(22M) 4.353ms
[2026-07-01T01:44:47.059+0000][2.863s][info][gc,cpu         ] GC(43) User=0.00s Sys=0.00s Real=0.01s
[2026-07-01T01:44:47.059+0000][2.863s][info][gc,start       ] GC(44) Pause Full (Allocation Failure)
[2026-07-01T01:44:47.059+0000][2.863s][info][gc,phases,start] GC(44) Phase 1: Mark live objects
[2026-07-01T01:44:47.078+0000][2.882s][info][gc,phases      ] GC(44) Phase 1: Mark live objects 19.212ms
[2026-07-01T01:44:47.078+0000][2.882s][info][gc,phases,start] GC(44) Phase 2: Compute new object addresses
[2026-07-01T01:44:47.082+0000][2.887s][info][gc,phases      ] GC(44) Phase 2: Compute new object addresses 4.284ms
[2026-07-01T01:44:47.082+0000][2.887s][info][gc,phases,start] GC(44) Phase 3: Adjust pointers
[2026-07-01T01:44:47.104+0000][2.908s][info][gc,phases      ] GC(44) Phase 3: Adjust pointers 21.828ms
[2026-07-01T01:44:47.104+0000][2.908s][info][gc,phases,start] GC(44) Phase 4: Move objects
[2026-07-01T01:44:47.106+0000][2.911s][info][gc,phases      ] GC(44) Phase 4: Move objects 2.059ms
[2026-07-01T01:44:47.106+0000][2.911s][info][gc,heap        ] GC(44) DefNew: 6789K(6976K)->0K(11520K) Eden: 6180K(6208K)->0K(10240K) From: 608K(768K)->0K(1280K)
[2026-07-01T01:44:47.106+0000][2.911s][info][gc,heap        ] GC(44) Tenured: 15206K(15424K)->15283K(25476K)
[2026-07-01T01:44:47.106+0000][2.911s][info][gc,metaspace   ] GC(44) Metaspace: 34864K(35520K)->34864K(35520K) NonClass: 30307K(30656K)->30307K(30656K) Class: 4557K(4864K)->4557K(4864K)
[2026-07-01T01:44:47.106+0000][2.911s][info][gc             ] GC(44) Pause Full (Allocation Failure) 16M->14M(36M) 47.959ms
[2026-07-01T01:44:47.106+0000][2.911s][info][gc,cpu         ] GC(44) User=0.08s Sys=0.01s Real=0.04s
[2026-07-01T01:44:47.168+0000][2.972s][info][gc,start       ] GC(45) Pause Young (Allocation Failure)
[2026-07-01T01:44:47.175+0000][2.980s][info][gc,heap        ] GC(45) DefNew: 10240K(11520K)->1280K(11520K) Eden: 10240K(10240K)->0K(10240K) From: 0K(1280K)->1280K(1280K)
[2026-07-01T01:44:47.175+0000][2.980s][info][gc,heap        ] GC(45) Tenured: 15283K(25476K)->19583K(25476K)
[2026-07-01T01:44:47.175+0000][2.980s][info][gc,metaspace   ] GC(45) Metaspace: 35377K(36032K)->35377K(36032K) NonClass: 30755K(31104K)->30755K(31104K) Class: 4621K(4928K)->4621K(4928K)
[2026-07-01T01:44:47.175+0000][2.980s][info][gc             ] GC(45) Pause Young (Allocation Failure) 24M->20M(36M) 7.734ms
[2026-07-01T01:44:47.175+0000][2.980s][info][gc,cpu         ] GC(45) User=0.01s Sys=0.00s Real=0.01s
[2026-07-01T01:44:47.221+0000][3.026s][info][gc,start       ] GC(46) Pause Young (Allocation Failure)
[2026-07-01T01:44:47.232+0000][3.037s][info][gc             ] GC(46) Pause Young (Allocation Failure) 30M->28M(38M) 10.925ms
[2026-07-01T01:44:47.232+0000][3.037s][info][gc,cpu         ] GC(46) User=0.02s Sys=0.01s Real=0.01s
[2026-07-01T01:44:47.232+0000][3.037s][info][gc,start       ] GC(47) Pause Full (Allocation Failure)
[2026-07-01T01:44:47.232+0000][3.037s][info][gc,phases,start] GC(47) Phase 1: Mark live objects
[2026-07-01T01:44:47.258+0000][3.063s][info][gc,phases      ] GC(47) Phase 1: Mark live objects 25.534ms
[2026-07-01T01:44:47.258+0000][3.063s][info][gc,phases,start] GC(47) Phase 2: Compute new object addresses
[2026-07-01T01:44:47.265+0000][3.070s][info][gc,phases      ] GC(47) Phase 2: Compute new object addresses 7.047ms
[2026-07-01T01:44:47.265+0000][3.070s][info][gc,phases,start] GC(47) Phase 3: Adjust pointers
[2026-07-01T01:44:47.277+0000][3.081s][info][gc,phases      ] GC(47) Phase 3: Adjust pointers 11.849ms
[2026-07-01T01:44:47.277+0000][3.082s][info][gc,phases,start] GC(47) Phase 4: Move objects
[2026-07-01T01:44:47.277+0000][3.082s][info][gc,phases      ] GC(47) Phase 4: Move objects 0.350ms
[2026-07-01T01:44:47.278+0000][3.082s][info][gc,heap        ] GC(47) DefNew: 11520K(11520K)->1279K(20864K) Eden: 10240K(10240K)->1279K(18560K) From: 1280K(1280K)->0K(2304K)
[2026-07-01T01:44:47.278+0000][3.082s][info][gc,heap        ] GC(47) Tenured: 19583K(25476K)->27750K(46252K)
[2026-07-01T01:44:47.278+0000][3.082s][info][gc,metaspace   ] GC(47) Metaspace: 35379K(36032K)->35379K(36032K) NonClass: 30757K(31104K)->30757K(31104K) Class: 4621K(4928K)->4621K(4928K)
[2026-07-01T01:44:47.278+0000][3.082s][info][gc             ] GC(47) Pause Full (Allocation Failure) 28M->28M(65M) 45.156ms
[2026-07-01T01:44:47.278+0000][3.082s][info][gc,cpu         ] GC(47) User=0.07s Sys=0.00s Real=0.04s
[2026-07-01T01:44:47.309+0000][3.113s][info][gc,start       ] GC(48) Pause Young (Allocation Failure)
[2026-07-01T01:44:47.335+0000][3.139s][info][gc,heap        ] GC(48) DefNew: 18560K(20864K)->2303K(20864K) Eden: 18560K(18560K)->0K(18560K) From: 0K(2304K)->2303K(2304K)
[2026-07-01T01:44:47.335+0000][3.139s][info][gc,heap        ] GC(48) Tenured: 27750K(46252K)->39094K(46252K)
[2026-07-01T01:44:47.335+0000][3.139s][info][gc,metaspace   ] GC(48) Metaspace: 35980K(36672K)->35980K(36672K) NonClass: 31285K(31680K)->31285K(31680K) Class: 4694K(4992K)->4694K(4992K)
[2026-07-01T01:44:47.335+0000][3.139s][info][gc             ] GC(48) Pause Young (Allocation Failure) 45M->40M(65M) 26.045ms
[2026-07-01T01:44:47.335+0000][3.139s][info][gc,cpu         ] GC(48) User=0.02s Sys=0.00s Real=0.02s
[2026-07-01T01:44:47.364+0000][3.168s][info][gc,start       ] GC(49) Pause Young (Allocation Failure)
[2026-07-01T01:44:47.382+0000][3.187s][info][gc             ] GC(49) Pause Young (Allocation Failure) 58M->53M(71M) 18.418ms
[2026-07-01T01:44:47.382+0000][3.187s][info][gc,cpu         ] GC(49) User=0.02s Sys=0.00s Real=0.02s
[2026-07-01T01:44:47.382+0000][3.187s][info][gc,start       ] GC(50) Pause Full (Allocation Failure)
[2026-07-01T01:44:47.382+0000][3.187s][info][gc,phases,start] GC(50) Phase 1: Mark live objects
[2026-07-01T01:44:47.417+0000][3.222s][info][gc,phases      ] GC(50) Phase 1: Mark live objects 34.714ms
[2026-07-01T01:44:47.417+0000][3.222s][info][gc,phases,start] GC(50) Phase 2: Compute new object addresses
[2026-07-01T01:44:47.429+0000][3.234s][info][gc,phases      ] GC(50) Phase 2: Compute new object addresses 12.312ms
[2026-07-01T01:44:47.430+0000][3.234s][info][gc,phases,start] GC(50) Phase 3: Adjust pointers
[2026-07-01T01:44:47.448+0000][3.253s][info][gc,phases      ] GC(50) Phase 3: Adjust pointers 18.888ms
[2026-07-01T01:44:47.448+0000][3.253s][info][gc,phases,start] GC(50) Phase 4: Move objects
[2026-07-01T01:44:47.460+0000][3.265s][info][gc,phases      ] GC(50) Phase 4: Move objects 11.758ms
[2026-07-01T01:44:47.461+0000][3.265s][info][gc,heap        ] GC(50) DefNew: 20863K(20864K)->1177K(39680K) Eden: 18560K(18560K)->1177K(35328K) From: 2303K(2304K)->0K(4352K)
[2026-07-01T01:44:47.461+0000][3.265s][info][gc,heap        ] GC(50) Tenured: 39094K(46252K)->52779K(87968K)
[2026-07-01T01:44:47.461+0000][3.265s][info][gc,metaspace   ] GC(50) Metaspace: 36418K(37120K)->36418K(37120K) NonClass: 31674K(32064K)->31674K(32064K) Class: 4743K(5056K)->4743K(5056K)
[2026-07-01T01:44:47.461+0000][3.265s][info][gc             ] GC(50) Pause Full (Allocation Failure) 53M->52M(124M) 78.128ms
[2026-07-01T01:44:47.461+0000][3.265s][info][gc,cpu         ] GC(50) User=0.08s Sys=0.00s Real=0.08s
[2026-07-01T01:44:47.505+0000][3.309s][info][gc,start       ] GC(51) Pause Young (Allocation Failure)
[2026-07-01T01:44:47.555+0000][3.360s][info][gc,heap        ] GC(51) DefNew: 35328K(39680K)->4352K(39680K) Eden: 35328K(35328K)->0K(35328K) From: 0K(4352K)->4352K(4352K)
[2026-07-01T01:44:47.555+0000][3.360s][info][gc,heap        ] GC(51) Tenured: 52779K(87968K)->74978K(87968K)
[2026-07-01T01:44:47.555+0000][3.360s][info][gc,metaspace   ] GC(51) Metaspace: 36990K(37632K)->36990K(37632K) NonClass: 32160K(32512K)->32160K(32512K) Class: 4829K(5120K)->4829K(5120K)
[2026-07-01T01:44:47.555+0000][3.360s][info][gc             ] GC(51) Pause Young (Allocation Failure) 86M->77M(124M) 50.345ms
[2026-07-01T01:44:47.555+0000][3.360s][info][gc,cpu         ] GC(51) User=0.05s Sys=0.00s Real=0.05s
[2026-07-01T01:44:47.592+0000][3.396s][info][gc,start       ] GC(52) Pause Young (Allocation Failure)
[2026-07-01T01:44:47.633+0000][3.437s][info][gc             ] GC(52) Pause Young (Allocation Failure) 111M->104M(138M) 40.735ms
[2026-07-01T01:44:47.633+0000][3.437s][info][gc,cpu         ] GC(52) User=0.03s Sys=0.01s Real=0.04s
[2026-07-01T01:44:47.633+0000][3.437s][info][gc,start       ] GC(53) Pause Full (Allocation Failure)
[2026-07-01T01:44:47.633+0000][3.437s][info][gc,phases,start] GC(53) Phase 1: Mark live objects
[2026-07-01T01:44:47.689+0000][3.493s][info][gc,phases      ] GC(53) Phase 1: Mark live objects 55.943ms
[2026-07-01T01:44:47.689+0000][3.493s][info][gc,phases,start] GC(53) Phase 2: Compute new object addresses
[2026-07-01T01:44:47.712+0000][3.517s][info][gc,phases      ] GC(53) Phase 2: Compute new object addresses 23.390ms
[2026-07-01T01:44:47.712+0000][3.517s][info][gc,phases,start] GC(53) Phase 3: Adjust pointers
[2026-07-01T01:44:47.741+0000][3.546s][info][gc,phases      ] GC(53) Phase 3: Adjust pointers 28.971ms
[2026-07-01T01:44:47.741+0000][3.546s][info][gc,phases,start] GC(53) Phase 4: Move objects
[2026-07-01T01:44:47.742+0000][3.546s][info][gc,phases      ] GC(53) Phase 4: Move objects 0.739ms
[2026-07-01T01:44:47.742+0000][3.547s][info][gc,heap        ] GC(53) DefNew: 39680K(39680K)->4344K(76672K) Eden: 35328K(35328K)->4344K(68160K) From: 4352K(4352K)->0K(8512K)
[2026-07-01T01:44:47.742+0000][3.547s][info][gc,heap        ] GC(53) Tenured: 74978K(87968K)->102175K(170296K)
[2026-07-01T01:44:47.742+0000][3.547s][info][gc,metaspace   ] GC(53) Metaspace: 37594K(38336K)->37594K(38336K) NonClass: 32667K(33088K)->32667K(33088K) Class: 4927K(5248K)->4927K(5248K)
[2026-07-01T01:44:47.742+0000][3.547s][info][gc             ] GC(53) Pause Full (Allocation Failure) 104M->104M(241M) 109.593ms
[2026-07-01T01:44:47.742+0000][3.547s][info][gc,cpu         ] GC(53) User=0.11s Sys=0.00s Real=0.11s
[2026-07-01T01:44:48.857+0000][4.661s][info][gc,start       ] GC(54) Pause Young (Allocation Failure)
[2026-07-01T01:44:48.951+0000][4.756s][info][gc,heap        ] GC(54) DefNew: 68160K(76672K)->8511K(76672K) Eden: 68160K(68160K)->0K(68160K) From: 0K(8512K)->8511K(8512K)
[2026-07-01T01:44:48.951+0000][4.756s][info][gc,heap        ] GC(54) Tenured: 102175K(170296K)->142403K(170296K)
[2026-07-01T01:44:48.951+0000][4.756s][info][gc,metaspace   ] GC(54) Metaspace: 38303K(39104K)->38303K(39104K) NonClass: 33288K(33728K)->33288K(33728K) Class: 5014K(5376K)->5014K(5376K)
[2026-07-01T01:44:48.951+0000][4.756s][info][gc             ] GC(54) Pause Young (Allocation Failure) 166M->147M(241M) 94.626ms
[2026-07-01T01:44:48.951+0000][4.756s][info][gc,cpu         ] GC(54) User=0.09s Sys=0.00s Real=0.10s
[2026-07-01T01:44:50.938+0000][6.742s][info][gc,start       ] GC(55) Pause Young (Allocation Failure)
[2026-07-01T01:44:50.938+0000][6.743s][info][gc             ] GC(55) Pause Young (Allocation Failure) 213M->213M(241M) 0.081ms
[2026-07-01T01:44:50.938+0000][6.743s][info][gc,cpu         ] GC(55) User=0.00s Sys=0.00s Real=0.00s
[2026-07-01T01:44:50.938+0000][6.743s][info][gc,start       ] GC(56) Pause Full (Allocation Failure)
[2026-07-01T01:44:50.938+0000][6.743s][info][gc,phases,start] GC(56) Phase 1: Mark live objects
[2026-07-01T01:44:51.019+0000][6.824s][info][gc,phases      ] GC(56) Phase 1: Mark live objects 81.284ms
[2026-07-01T01:44:51.019+0000][6.824s][info][gc,phases,start] GC(56) Phase 2: Compute new object addresses
[2026-07-01T01:44:51.063+0000][6.868s][info][gc,phases      ] GC(56) Phase 2: Compute new object addresses 43.612ms
[2026-07-01T01:44:51.063+0000][6.868s][info][gc,phases,start] GC(56) Phase 3: Adjust pointers
[2026-07-01T01:44:51.104+0000][6.908s][info][gc,phases      ] GC(56) Phase 3: Adjust pointers 40.585ms
[2026-07-01T01:44:51.104+0000][6.908s][info][gc,phases,start] GC(56) Phase 4: Move objects
[2026-07-01T01:44:51.108+0000][6.913s][info][gc,phases      ] GC(56) Phase 4: Move objects 4.747ms
[2026-07-01T01:44:51.109+0000][6.913s][info][gc,heap        ] GC(56) DefNew: 76671K(76672K)->0K(78656K) Eden: 68160K(68160K)->0K(69952K) From: 8511K(8512K)->0K(8704K)
[2026-07-01T01:44:51.109+0000][6.913s][info][gc,heap        ] GC(56) Tenured: 142403K(170296K)->157234K(174784K)
[2026-07-01T01:44:51.109+0000][6.913s][info][gc,metaspace   ] GC(56) Metaspace: 40354K(41152K)->40349K(41152K) NonClass: 35227K(35648K)->35224K(35648K) Class: 5126K(5504K)->5125K(5504K)
[2026-07-01T01:44:51.109+0000][6.913s][info][gc             ] GC(56) Pause Full (Allocation Failure) 213M->153M(247M) 170.778ms
[2026-07-01T01:44:51.109+0000][6.913s][info][gc,cpu         ] GC(56) User=0.17s Sys=0.00s Real=0.17s
[2026-07-01T01:44:52.816+0000][8.621s][info][gc,start       ] GC(57) Pause Young (Allocation Failure)
[2026-07-01T01:44:52.817+0000][8.622s][info][gc,heap        ] GC(57) DefNew: 69952K(78656K)->69952K(78656K) Eden: 69952K(69952K)->69952K(69952K) From: 0K(8704K)->0K(8704K)
[2026-07-01T01:44:52.817+0000][8.622s][info][gc,heap        ] GC(57) Tenured: 157234K(174784K)->157234K(174784K)
[2026-07-01T01:44:52.817+0000][8.622s][info][gc,metaspace   ] GC(57) Metaspace: 40652K(41472K)->40652K(41472K) NonClass: 35525K(35968K)->35525K(35968K) Class: 5126K(5504K)->5126K(5504K)
[2026-07-01T01:44:52.817+0000][8.622s][info][gc             ] GC(57) Pause Young (Allocation Failure) 221M->221M(247M) 0.671ms
[2026-07-01T01:44:52.817+0000][8.622s][info][gc,cpu         ] GC(57) User=0.00s Sys=0.00s Real=0.00s
[2026-07-01T01:44:52.817+0000][8.622s][info][gc,start       ] GC(58) Pause Full (Allocation Failure)
[2026-07-01T01:44:52.817+0000][8.622s][info][gc,phases,start] GC(58) Phase 1: Mark live objects
[2026-07-01T01:44:52.897+0000][8.702s][info][gc,phases      ] GC(58) Phase 1: Mark live objects 79.908ms
[2026-07-01T01:44:52.897+0000][8.702s][info][gc,phases,start] GC(58) Phase 2: Compute new object addresses
[2026-07-01T01:44:52.942+0000][8.746s][info][gc,phases      ] GC(58) Phase 2: Compute new object addresses 44.754ms
[2026-07-01T01:44:52.942+0000][8.746s][info][gc,phases,start] GC(58) Phase 3: Adjust pointers
[2026-07-01T01:44:52.985+0000][8.789s][info][gc,phases      ] GC(58) Phase 3: Adjust pointers 42.846ms
[2026-07-01T01:44:52.985+0000][8.789s][info][gc,phases,start] GC(58) Phase 4: Move objects
[2026-07-01T01:44:53.016+0000][8.821s][info][gc,phases      ] GC(58) Phase 4: Move objects 31.124ms
[2026-07-01T01:44:53.016+0000][8.821s][info][gc,heap        ] GC(58) DefNew: 69952K(78656K)->0K(78656K) Eden: 69952K(69952K)->0K(69952K) From: 0K(8704K)->0K(8704K)
[2026-07-01T01:44:53.017+0000][8.821s][info][gc,heap        ] GC(58) Tenured: 157234K(174784K)->153284K(174784K)
[2026-07-01T01:44:53.017+0000][8.821s][info][gc,metaspace   ] GC(58) Metaspace: 40652K(41472K)->40257K(41472K) NonClass: 35525K(35968K)->35239K(35968K) Class: 5126K(5504K)->5017K(5504K)
[2026-07-01T01:44:53.017+0000][8.821s][info][gc             ] GC(58) Pause Full (Allocation Failure) 221M->149M(247M) 199.355ms
[2026-07-01T01:44:53.017+0000][8.821s][info][gc,cpu         ] GC(58) User=0.20s Sys=0.00s Real=0.20s
[2026-07-01T01:44:54.508+0000][10.312s][info][gc,start       ] GC(59) Pause Young (Allocation Failure)
[2026-07-01T01:44:54.508+0000][10.312s][info][gc             ] GC(59) Pause Young (Allocation Failure) 218M->218M(247M) 0.099ms
[2026-07-01T01:44:54.508+0000][10.312s][info][gc,cpu         ] GC(59) User=0.00s Sys=0.00s Real=0.00s
[2026-07-01T01:44:54.508+0000][10.312s][info][gc,start       ] GC(60) Pause Full (Allocation Failure)
[2026-07-01T01:44:54.508+0000][10.312s][info][gc,phases,start] GC(60) Phase 1: Mark live objects
[2026-07-01T01:44:54.585+0000][10.389s][info][gc,phases      ] GC(60) Phase 1: Mark live objects 77.091ms
[2026-07-01T01:44:54.585+0000][10.389s][info][gc,phases,start] GC(60) Phase 2: Compute new object addresses
[2026-07-01T01:44:54.629+0000][10.434s][info][gc,phases      ] GC(60) Phase 2: Compute new object addresses 44.615ms
[2026-07-01T01:44:54.629+0000][10.434s][info][gc,phases,start] GC(60) Phase 3: Adjust pointers
[2026-07-01T01:44:54.673+0000][10.477s][info][gc,phases      ] GC(60) Phase 3: Adjust pointers 43.027ms
[2026-07-01T01:44:54.673+0000][10.477s][info][gc,phases,start] GC(60) Phase 4: Move objects
[2026-07-01T01:44:54.703+0000][10.508s][info][gc,phases      ] GC(60) Phase 4: Move objects 30.592ms
[2026-07-01T01:44:54.703+0000][10.508s][info][gc,heap        ] GC(60) DefNew: 69952K(78656K)->0K(78656K) Eden: 69952K(69952K)->0K(69952K) From: 0K(8704K)->0K(8704K)
[2026-07-01T01:44:54.703+0000][10.508s][info][gc,heap        ] GC(60) Tenured: 153284K(174784K)->153543K(174784K)
[2026-07-01T01:44:54.703+0000][10.508s][info][gc,metaspace   ] GC(60) Metaspace: 40572K(41600K)->40572K(41600K) NonClass: 35551K(36096K)->35551K(36096K) Class: 5021K(5504K)->5021K(5504K)
[2026-07-01T01:44:54.703+0000][10.508s][info][gc             ] GC(60) Pause Full (Allocation Failure) 218M->149M(247M) 195.756ms
[2026-07-01T01:44:54.703+0000][10.508s][info][gc,cpu         ] GC(60) User=0.20s Sys=0.00s Real=0.20s
[2026-07-01T01:44:55.906+0000][11.710s][info][gc,start       ] GC(61) Pause Young (Allocation Failure)
[2026-07-01T01:44:55.906+0000][11.710s][info][gc             ] GC(61) Pause Young (Allocation Failure) 218M->218M(247M) 0.073ms
[2026-07-01T01:44:55.906+0000][11.710s][info][gc,cpu         ] GC(61) User=0.00s Sys=0.00s Real=0.00s
[2026-07-01T01:44:55.906+0000][11.710s][info][gc,start       ] GC(62) Pause Full (Allocation Failure)
[2026-07-01T01:44:55.906+0000][11.710s][info][gc,phases,start] GC(62) Phase 1: Mark live objects
[2026-07-01T01:44:55.981+0000][11.785s][info][gc,phases      ] GC(62) Phase 1: Mark live objects 75.054ms
[2026-07-01T01:44:55.981+0000][11.785s][info][gc,phases,start] GC(62) Phase 2: Compute new object addresses
[2026-07-01T01:44:56.026+0000][11.831s][info][gc,phases      ] GC(62) Phase 2: Compute new object addresses 45.037ms
[2026-07-01T01:44:56.026+0000][11.831s][info][gc,phases,start] GC(62) Phase 3: Adjust pointers
[2026-07-01T01:44:56.066+0000][11.870s][info][gc,phases      ] GC(62) Phase 3: Adjust pointers 39.534ms
[2026-07-01T01:44:56.066+0000][11.870s][info][gc,phases,start] GC(62) Phase 4: Move objects
[2026-07-01T01:44:56.066+0000][11.871s][info][gc,phases      ] GC(62) Phase 4: Move objects 0.604ms
[2026-07-01T01:44:56.066+0000][11.871s][info][gc,heap        ] GC(62) DefNew: 69952K(78656K)->0K(78656K) Eden: 69952K(69952K)->0K(69952K) From: 0K(8704K)->0K(8704K)
[2026-07-01T01:44:56.066+0000][11.871s][info][gc,heap        ] GC(62) Tenured: 153543K(174784K)->155555K(174784K)
[2026-07-01T01:44:56.066+0000][11.871s][info][gc,metaspace   ] GC(62) Metaspace: 40739K(41664K)->40739K(41664K) NonClass: 35717K(36160K)->35717K(36160K) Class: 5021K(5504K)->5021K(5504K)
[2026-07-01T01:44:56.066+0000][11.871s][info][gc             ] GC(62) Pause Full (Allocation Failure) 218M->151M(247M) 160.652ms
[2026-07-01T01:44:56.067+0000][11.871s][info][gc,cpu         ] GC(62) User=0.16s Sys=0.00s Real=0.16s
[2026-07-01T01:44:57.032+0000][12.836s][info][gc,start       ] GC(63) Pause Young (Allocation Failure)
[2026-07-01T01:44:57.032+0000][12.837s][info][gc             ] GC(63) Pause Young (Allocation Failure) 220M->220M(247M) 0.071ms
[2026-07-01T01:44:57.032+0000][12.837s][info][gc,cpu         ] GC(63) User=0.00s Sys=0.00s Real=0.00s
[2026-07-01T01:44:57.032+0000][12.837s][info][gc,start       ] GC(64) Pause Full (Allocation Failure)
[2026-07-01T01:44:57.032+0000][12.837s][info][gc,phases,start] GC(64) Phase 1: Mark live objects
[2026-07-01T01:44:57.108+0000][12.913s][info][gc,phases      ] GC(64) Phase 1: Mark live objects 75.900ms
[2026-07-01T01:44:57.108+0000][12.913s][info][gc,phases,start] GC(64) Phase 2: Compute new object addresses
[2026-07-01T01:44:57.153+0000][12.958s][info][gc,phases      ] GC(64) Phase 2: Compute new object addresses 45.266ms
[2026-07-01T01:44:57.153+0000][12.958s][info][gc,phases,start] GC(64) Phase 3: Adjust pointers
[2026-07-01T01:44:57.194+0000][12.998s][info][gc,phases      ] GC(64) Phase 3: Adjust pointers 40.400ms
[2026-07-01T01:44:57.194+0000][12.998s][info][gc,phases,start] GC(64) Phase 4: Move objects
[2026-07-01T01:44:57.194+0000][12.999s][info][gc,phases      ] GC(64) Phase 4: Move objects 0.399ms
[2026-07-01T01:44:57.194+0000][12.999s][info][gc,heap        ] GC(64) DefNew: 69951K(78656K)->0K(78656K) Eden: 69951K(69952K)->0K(69952K) From: 0K(8704K)->0K(8704K)
[2026-07-01T01:44:57.194+0000][12.999s][info][gc,heap        ] GC(64) Tenured: 155555K(174784K)->156131K(174784K)
[2026-07-01T01:44:57.194+0000][12.999s][info][gc,metaspace   ] GC(64) Metaspace: 40982K(41920K)->40982K(41920K) NonClass: 35958K(36416K)->35958K(36416K) Class: 5023K(5504K)->5023K(5504K)
[2026-07-01T01:44:57.194+0000][12.999s][info][gc             ] GC(64) Pause Full (Allocation Failure) 220M->152M(247M) 162.363ms
[2026-07-01T01:44:57.194+0000][12.999s][info][gc,cpu         ] GC(64) User=0.16s Sys=0.00s Real=0.16s
[2026-07-01T01:44:58.001+0000][13.806s][info][gc,start       ] GC(65) Pause Young (Allocation Failure)
[2026-07-01T01:44:58.001+0000][13.806s][info][gc             ] GC(65) Pause Young (Allocation Failure) 220M->220M(247M) 0.085ms
[2026-07-01T01:44:58.001+0000][13.806s][info][gc,cpu         ] GC(65) User=0.00s Sys=0.00s Real=0.00s
[2026-07-01T01:44:58.001+0000][13.806s][info][gc,start       ] GC(66) Pause Full (Allocation Failure)
[2026-07-01T01:44:58.001+0000][13.806s][info][gc,phases,start] GC(66) Phase 1: Mark live objects
[2026-07-01T01:44:58.079+0000][13.883s][info][gc,phases      ] GC(66) Phase 1: Mark live objects 77.370ms
[2026-07-01T01:44:58.079+0000][13.883s][info][gc,phases,start] GC(66) Phase 2: Compute new object addresses
[2026-07-01T01:44:58.124+0000][13.929s][info][gc,phases      ] GC(66) Phase 2: Compute new object addresses 45.560ms
[2026-07-01T01:44:58.124+0000][13.929s][info][gc,phases,start] GC(66) Phase 3: Adjust pointers
[2026-07-01T01:44:58.165+0000][13.970s][info][gc,phases      ] GC(66) Phase 3: Adjust pointers 40.912ms
[2026-07-01T01:44:58.165+0000][13.970s][info][gc,phases,start] GC(66) Phase 4: Move objects
[2026-07-01T01:44:58.166+0000][13.970s][info][gc,phases      ] GC(66) Phase 4: Move objects 0.321ms
[2026-07-01T01:44:58.166+0000][13.970s][info][gc,heap        ] GC(66) DefNew: 69952K(78656K)->0K(78656K) Eden: 69952K(69952K)->0K(69952K) From: 0K(8704K)->0K(8704K)
[2026-07-01T01:44:58.166+0000][13.970s][info][gc,heap        ] GC(66) Tenured: 156131K(174784K)->156555K(174784K)
[2026-07-01T01:44:58.166+0000][13.970s][info][gc,metaspace   ] GC(66) Metaspace: 41046K(41984K)->41046K(41984K) NonClass: 36022K(36480K)->36022K(36480K) Class: 5023K(5504K)->5023K(5504K)
[2026-07-01T01:44:58.166+0000][13.970s][info][gc             ] GC(66) Pause Full (Allocation Failure) 220M->152M(247M) 164.554ms
[2026-07-01T01:44:58.166+0000][13.970s][info][gc,cpu         ] GC(66) User=0.23s Sys=0.00s Real=0.16s
[2026-07-01T01:44:58.859+0000][14.663s][info][gc,start       ] GC(67) Pause Young (Allocation Failure)
[2026-07-01T01:44:58.859+0000][14.663s][info][gc             ] GC(67) Pause Young (Allocation Failure) 221M->221M(247M) 0.103ms
[2026-07-01T01:44:58.859+0000][14.663s][info][gc,cpu         ] GC(67) User=0.00s Sys=0.00s Real=0.00s
[2026-07-01T01:44:58.859+0000][14.663s][info][gc,start       ] GC(68) Pause Full (Allocation Failure)
[2026-07-01T01:44:58.859+0000][14.663s][info][gc,phases,start] GC(68) Phase 1: Mark live objects
[2026-07-01T01:44:58.983+0000][14.787s][info][gc,phases      ] GC(68) Phase 1: Mark live objects 123.985ms
[2026-07-01T01:44:58.983+0000][14.788s][info][gc,phases,start] GC(68) Phase 2: Compute new object addresses
[2026-07-01T01:44:59.028+0000][14.833s][info][gc,phases      ] GC(68) Phase 2: Compute new object addresses 45.022ms
[2026-07-01T01:44:59.028+0000][14.833s][info][gc,phases,start] GC(68) Phase 3: Adjust pointers
[2026-07-01T01:44:59.073+0000][14.878s][info][gc,phases      ] GC(68) Phase 3: Adjust pointers 44.942ms
[2026-07-01T01:44:59.073+0000][14.878s][info][gc,phases,start] GC(68) Phase 4: Move objects
[2026-07-01T01:44:59.104+0000][14.909s][info][gc,phases      ] GC(68) Phase 4: Move objects 31.419ms
[2026-07-01T01:44:59.105+0000][14.909s][info][gc,heap        ] GC(68) DefNew: 69952K(78656K)->0K(78656K) Eden: 69952K(69952K)->0K(69952K) From: 0K(8704K)->0K(8704K)
[2026-07-01T01:44:59.105+0000][14.909s][info][gc,heap        ] GC(68) Tenured: 156555K(174784K)->154168K(174784K)
[2026-07-01T01:44:59.105+0000][14.909s][info][gc,metaspace   ] GC(68) Metaspace: 41088K(41984K)->41088K(41984K) NonClass: 36065K(36480K)->36065K(36480K) Class: 5023K(5504K)->5023K(5504K)
[2026-07-01T01:44:59.105+0000][14.909s][info][gc             ] GC(68) Pause Full (Allocation Failure) 221M->150M(247M) 245.805ms
[2026-07-01T01:44:59.105+0000][14.909s][info][gc,cpu         ] GC(68) User=0.29s Sys=0.00s Real=0.24s
[2026-07-01T01:44:59.762+0000][15.566s][info][gc,start       ] GC(69) Pause Young (Allocation Failure)
[2026-07-01T01:44:59.762+0000][15.566s][info][gc             ] GC(69) Pause Young (Allocation Failure) 218M->218M(247M) 0.107ms
[2026-07-01T01:44:59.762+0000][15.566s][info][gc,cpu         ] GC(69) User=0.00s Sys=0.00s Real=0.00s
[2026-07-01T01:44:59.762+0000][15.566s][info][gc,start       ] GC(70) Pause Full (Allocation Failure)
[2026-07-01T01:44:59.762+0000][15.566s][info][gc,phases,start] GC(70) Phase 1: Mark live objects
[2026-07-01T01:44:59.840+0000][15.645s][info][gc,phases      ] GC(70) Phase 1: Mark live objects 78.332ms
[2026-07-01T01:44:59.840+0000][15.645s][info][gc,phases,start] GC(70) Phase 2: Compute new object addresses
[2026-07-01T01:44:59.886+0000][15.690s][info][gc,phases      ] GC(70) Phase 2: Compute new object addresses 45.646ms
[2026-07-01T01:44:59.886+0000][15.690s][info][gc,phases,start] GC(70) Phase 3: Adjust pointers
[2026-07-01T01:44:59.928+0000][15.732s][info][gc,phases      ] GC(70) Phase 3: Adjust pointers 41.649ms
[2026-07-01T01:44:59.928+0000][15.732s][info][gc,phases,start] GC(70) Phase 4: Move objects
[2026-07-01T01:44:59.928+0000][15.733s][info][gc,phases      ] GC(70) Phase 4: Move objects 0.409ms
[2026-07-01T01:44:59.928+0000][15.733s][info][gc,heap        ] GC(70) DefNew: 69952K(78656K)->0K(78656K) Eden: 69952K(69952K)->0K(69952K) From: 0K(8704K)->0K(8704K)
[2026-07-01T01:44:59.928+0000][15.733s][info][gc,heap        ] GC(70) Tenured: 154168K(174784K)->154838K(174784K)
[2026-07-01T01:44:59.928+0000][15.733s][info][gc,metaspace   ] GC(70) Metaspace: 41089K(41984K)->41089K(41984K) NonClass: 36065K(36480K)->36065K(36480K) Class: 5023K(5504K)->5023K(5504K)
[2026-07-01T01:44:59.928+0000][15.733s][info][gc             ] GC(70) Pause Full (Allocation Failure) 218M->151M(247M) 166.443ms
[2026-07-01T01:44:59.928+0000][15.733s][info][gc,cpu         ] GC(70) User=0.17s Sys=0.00s Real=0.17s
[2026-07-01T01:45:00.682+0000][16.486s][info][gc,start       ] GC(71) Pause Young (Allocation Failure)
[2026-07-01T01:45:00.682+0000][16.487s][info][gc             ] GC(71) Pause Young (Allocation Failure) 219M->219M(247M) 0.102ms
[2026-07-01T01:45:00.682+0000][16.487s][info][gc,cpu         ] GC(71) User=0.00s Sys=0.00s Real=0.00s
[2026-07-01T01:45:00.682+0000][16.487s][info][gc,start       ] GC(72) Pause Full (Allocation Failure)
[2026-07-01T01:45:00.682+0000][16.487s][info][gc,phases,start] GC(72) Phase 1: Mark live objects
[2026-07-01T01:45:00.780+0000][16.585s][info][gc,phases      ] GC(72) Phase 1: Mark live objects 98.153ms
[2026-07-01T01:45:00.780+0000][16.585s][info][gc,phases,start] GC(72) Phase 2: Compute new object addresses
[2026-07-01T01:45:00.826+0000][16.630s][info][gc,phases      ] GC(72) Phase 2: Compute new object addresses 45.640ms
[2026-07-01T01:45:00.826+0000][16.630s][info][gc,phases,start] GC(72) Phase 3: Adjust pointers
[2026-07-01T01:45:00.868+0000][16.673s][info][gc,phases      ] GC(72) Phase 3: Adjust pointers 42.432ms
[2026-07-01T01:45:00.868+0000][16.673s][info][gc,phases,start] GC(72) Phase 4: Move objects
[2026-07-01T01:45:00.869+0000][16.673s][info][gc,phases      ] GC(72) Phase 4: Move objects 0.258ms
[2026-07-01T01:45:00.869+0000][16.673s][info][gc,heap        ] GC(72) DefNew: 69951K(78656K)->0K(78656K) Eden: 69951K(69952K)->0K(69952K) From: 0K(8704K)->0K(8704K)
[2026-07-01T01:45:00.869+0000][16.673s][info][gc,heap        ] GC(72) Tenured: 154838K(174784K)->155144K(174784K)
[2026-07-01T01:45:00.869+0000][16.673s][info][gc,metaspace   ] GC(72) Metaspace: 41094K(41984K)->41094K(41984K) NonClass: 36070K(36480K)->36070K(36480K) Class: 5023K(5504K)->5023K(5504K)
[2026-07-01T01:45:00.869+0000][16.673s][info][gc             ] GC(72) Pause Full (Allocation Failure) 219M->151M(247M) 186.858ms
[2026-07-01T01:45:00.869+0000][16.673s][info][gc,cpu         ] GC(72) User=0.18s Sys=0.00s Real=0.19s
[2026-07-01T01:45:01.531+0000][17.335s][info][gc,start       ] GC(73) Pause Young (Allocation Failure)
[2026-07-01T01:45:01.531+0000][17.335s][info][gc             ] GC(73) Pause Young (Allocation Failure) 219M->219M(247M) 0.079ms
[2026-07-01T01:45:01.531+0000][17.335s][info][gc,cpu         ] GC(73) User=0.00s Sys=0.00s Real=0.00s
[2026-07-01T01:45:01.531+0000][17.335s][info][gc,start       ] GC(74) Pause Full (Allocation Failure)
[2026-07-01T01:45:01.531+0000][17.335s][info][gc,phases,start] GC(74) Phase 1: Mark live objects
[2026-07-01T01:45:01.610+0000][17.414s][info][gc,phases      ] GC(74) Phase 1: Mark live objects 79.083ms
[2026-07-01T01:45:01.610+0000][17.414s][info][gc,phases,start] GC(74) Phase 2: Compute new object addresses
[2026-07-01T01:45:01.656+0000][17.460s][info][gc,phases      ] GC(74) Phase 2: Compute new object addresses 45.867ms
[2026-07-01T01:45:01.656+0000][17.460s][info][gc,phases,start] GC(74) Phase 3: Adjust pointers
[2026-07-01T01:45:01.699+0000][17.503s][info][gc,phases      ] GC(74) Phase 3: Adjust pointers 42.808ms
[2026-07-01T01:45:01.699+0000][17.503s][info][gc,phases,start] GC(74) Phase 4: Move objects
[2026-07-01T01:45:01.699+0000][17.504s][info][gc,phases      ] GC(74) Phase 4: Move objects 0.542ms
[2026-07-01T01:45:01.699+0000][17.504s][info][gc,heap        ] GC(74) DefNew: 69952K(78656K)->0K(78656K) Eden: 69952K(69952K)->0K(69952K) From: 0K(8704K)->0K(8704K)
[2026-07-01T01:45:01.699+0000][17.504s][info][gc,heap        ] GC(74) Tenured: 155144K(174784K)->156630K(174784K)
[2026-07-01T01:45:01.699+0000][17.504s][info][gc,metaspace   ] GC(74) Metaspace: 41107K(42048K)->41107K(42048K) NonClass: 36083K(36544K)->36083K(36544K) Class: 5023K(5504K)->5023K(5504K)
[2026-07-01T01:45:01.699+0000][17.504s][info][gc             ] GC(74) Pause Full (Allocation Failure) 219M->152M(247M) 168.689ms
[2026-07-01T01:45:01.699+0000][17.504s][info][gc,cpu         ] GC(74) User=0.17s Sys=0.00s Real=0.17s
[2026-07-01T01:45:02.385+0000][18.190s][info][gc,start       ] GC(75) Pause Young (Allocation Failure)
[2026-07-01T01:45:02.385+0000][18.190s][info][gc             ] GC(75) Pause Young (Allocation Failure) 221M->221M(247M) 0.103ms
[2026-07-01T01:45:02.385+0000][18.190s][info][gc,cpu         ] GC(75) User=0.00s Sys=0.00s Real=0.00s
[2026-07-01T01:45:02.385+0000][18.190s][info][gc,start       ] GC(76) Pause Full (Allocation Failure)
[2026-07-01T01:45:02.385+0000][18.190s][info][gc,phases,start] GC(76) Phase 1: Mark live objects
[2026-07-01T01:45:02.529+0000][18.334s][info][gc,phases      ] GC(76) Phase 1: Mark live objects 144.233ms
[2026-07-01T01:45:02.530+0000][18.334s][info][gc,phases,start] GC(76) Phase 2: Compute new object addresses
[2026-07-01T01:45:02.575+0000][18.379s][info][gc,phases      ] GC(76) Phase 2: Compute new object addresses 45.242ms
[2026-07-01T01:45:02.575+0000][18.379s][info][gc,phases,start] GC(76) Phase 3: Adjust pointers
[2026-07-01T01:45:02.619+0000][18.424s][info][gc,phases      ] GC(76) Phase 3: Adjust pointers 44.606ms
[2026-07-01T01:45:02.619+0000][18.424s][info][gc,phases,start] GC(76) Phase 4: Move objects
[2026-07-01T01:45:02.647+0000][18.452s][info][gc,phases      ] GC(76) Phase 4: Move objects 28.004ms
[2026-07-01T01:45:02.648+0000][18.452s][info][gc,heap        ] GC(76) DefNew: 69952K(78656K)->0K(78656K) Eden: 69952K(69952K)->0K(69952K) From: 0K(8704K)->0K(8704K)
[2026-07-01T01:45:02.648+0000][18.452s][info][gc,heap        ] GC(76) Tenured: 156630K(174784K)->154846K(174784K)
[2026-07-01T01:45:02.648+0000][18.452s][info][gc,metaspace   ] GC(76) Metaspace: 41146K(42048K)->41146K(42048K) NonClass: 36123K(36544K)->36123K(36544K) Class: 5023K(5504K)->5023K(5504K)
[2026-07-01T01:45:02.648+0000][18.452s][info][gc             ] GC(76) Pause Full (Allocation Failure) 221M->151M(247M) 262.529ms
[2026-07-01T01:45:02.648+0000][18.452s][info][gc,cpu         ] GC(76) User=0.25s Sys=0.00s Real=0.26s
[2026-07-01T01:45:03.302+0000][19.106s][info][gc,start       ] GC(77) Pause Young (Allocation Failure)
[2026-07-01T01:45:03.302+0000][19.106s][info][gc             ] GC(77) Pause Young (Allocation Failure) 219M->219M(247M) 0.094ms
[2026-07-01T01:45:03.302+0000][19.106s][info][gc,cpu         ] GC(77) User=0.00s Sys=0.00s Real=0.00s
[2026-07-01T01:45:03.302+0000][19.106s][info][gc,start       ] GC(78) Pause Full (Allocation Failure)
[2026-07-01T01:45:03.302+0000][19.106s][info][gc,phases,start] GC(78) Phase 1: Mark live objects
[2026-07-01T01:45:03.381+0000][19.186s][info][gc,phases      ] GC(78) Phase 1: Mark live objects 79.309ms
[2026-07-01T01:45:03.381+0000][19.186s][info][gc,phases,start] GC(78) Phase 2: Compute new object addresses
[2026-07-01T01:45:03.427+0000][19.232s][info][gc,phases      ] GC(78) Phase 2: Compute new object addresses 46.132ms
[2026-07-01T01:45:03.427+0000][19.232s][info][gc,phases,start] GC(78) Phase 3: Adjust pointers
[2026-07-01T01:45:03.470+0000][19.274s][info][gc,phases      ] GC(78) Phase 3: Adjust pointers 42.712ms
[2026-07-01T01:45:03.470+0000][19.274s][info][gc,phases,start] GC(78) Phase 4: Move objects
[2026-07-01T01:45:03.470+0000][19.275s][info][gc,phases      ] GC(78) Phase 4: Move objects 0.298ms
[2026-07-01T01:45:03.470+0000][19.275s][info][gc,heap        ] GC(78) DefNew: 69952K(78656K)->0K(78656K) Eden: 69952K(69952K)->0K(69952K) From: 0K(8704K)->0K(8704K)
[2026-07-01T01:45:03.470+0000][19.275s][info][gc,heap        ] GC(78) Tenured: 154846K(174784K)->155221K(174784K)
[2026-07-01T01:45:03.470+0000][19.275s][info][gc,metaspace   ] GC(78) Metaspace: 41147K(42048K)->41147K(42048K) NonClass: 36123K(36544K)->36123K(36544K) Class: 5023K(5504K)->5023K(5504K)
[2026-07-01T01:45:03.470+0000][19.275s][info][gc             ] GC(78) Pause Full (Allocation Failure) 219M->151M(247M) 168.836ms
[2026-07-01T01:45:03.470+0000][19.275s][info][gc,cpu         ] GC(78) User=0.24s Sys=0.01s Real=0.17s
[2026-07-01T01:45:04.145+0000][19.950s][info][gc,start       ] GC(79) Pause Young (Allocation Failure)
[2026-07-01T01:45:04.145+0000][19.950s][info][gc             ] GC(79) Pause Young (Allocation Failure) 219M->219M(247M) 0.186ms
[2026-07-01T01:45:04.145+0000][19.950s][info][gc,cpu         ] GC(79) User=0.00s Sys=0.00s Real=0.00s
[2026-07-01T01:45:04.145+0000][19.950s][info][gc,start       ] GC(80) Pause Full (Allocation Failure)
[2026-07-01T01:45:04.145+0000][19.950s][info][gc,phases,start] GC(80) Phase 1: Mark live objects
[2026-07-01T01:45:04.225+0000][20.030s][info][gc,phases      ] GC(80) Phase 1: Mark live objects 79.970ms
[2026-07-01T01:45:04.225+0000][20.030s][info][gc,phases,start] GC(80) Phase 2: Compute new object addresses
[2026-07-01T01:45:04.271+0000][20.076s][info][gc,phases      ] GC(80) Phase 2: Compute new object addresses 45.881ms
[2026-07-01T01:45:04.271+0000][20.076s][info][gc,phases,start] GC(80) Phase 3: Adjust pointers
[2026-07-01T01:45:04.314+0000][20.119s][info][gc,phases      ] GC(80) Phase 3: Adjust pointers 42.900ms
[2026-07-01T01:45:04.314+0000][20.119s][info][gc,phases,start] GC(80) Phase 4: Move objects
[2026-07-01T01:45:04.315+0000][20.119s][info][gc,phases      ] GC(80) Phase 4: Move objects 0.433ms
[2026-07-01T01:45:04.315+0000][20.120s][info][gc,heap        ] GC(80) DefNew: 69952K(78656K)->0K(78656K) Eden: 69952K(69952K)->0K(69952K) From: 0K(8704K)->0K(8704K)
[2026-07-01T01:45:04.315+0000][20.120s][info][gc,heap        ] GC(80) Tenured: 155221K(174784K)->156370K(174784K)
[2026-07-01T01:45:04.315+0000][20.120s][info][gc,metaspace   ] GC(80) Metaspace: 41154K(42048K)->41154K(42048K) NonClass: 36131K(36544K)->36131K(36544K) Class: 5023K(5504K)->5023K(5504K)
[2026-07-01T01:45:04.315+0000][20.120s][info][gc             ] GC(80) Pause Full (Allocation Failure) 219M->152M(247M) 169.552ms
[2026-07-01T01:45:04.315+0000][20.120s][info][gc,cpu         ] GC(80) User=0.17s Sys=0.00s Real=0.17s
[2026-07-01T01:45:05.047+0000][20.851s][info][gc,start       ] GC(81) Pause Young (Allocation Failure)
[2026-07-01T01:45:05.047+0000][20.851s][info][gc             ] GC(81) Pause Young (Allocation Failure) 221M->221M(247M) 0.123ms
[2026-07-01T01:45:05.047+0000][20.851s][info][gc,cpu         ] GC(81) User=0.00s Sys=0.00s Real=0.00s
[2026-07-01T01:45:05.047+0000][20.851s][info][gc,start       ] GC(82) Pause Full (Allocation Failure)
[2026-07-01T01:45:05.047+0000][20.851s][info][gc,phases,start] GC(82) Phase 1: Mark live objects
[2026-07-01T01:45:05.163+0000][20.968s][info][gc,phases      ] GC(82) Phase 1: Mark live objects 116.589ms
[2026-07-01T01:45:05.164+0000][20.968s][info][gc,phases,start] GC(82) Phase 2: Compute new object addresses
[2026-07-01T01:45:05.210+0000][21.014s][info][gc,phases      ] GC(82) Phase 2: Compute new object addresses 46.099ms
[2026-07-01T01:45:05.210+0000][21.014s][info][gc,phases,start] GC(82) Phase 3: Adjust pointers
[2026-07-01T01:45:05.253+0000][21.057s][info][gc,phases      ] GC(82) Phase 3: Adjust pointers 42.976ms
[2026-07-01T01:45:05.253+0000][21.057s][info][gc,phases,start] GC(82) Phase 4: Move objects
[2026-07-01T01:45:05.253+0000][21.058s][info][gc,phases      ] GC(82) Phase 4: Move objects 0.527ms
[2026-07-01T01:45:05.253+0000][21.058s][info][gc,heap        ] GC(82) DefNew: 69952K(78656K)->0K(78656K) Eden: 69952K(69952K)->0K(69952K) From: 0K(8704K)->0K(8704K)
[2026-07-01T01:45:05.253+0000][21.058s][info][gc,heap        ] GC(82) Tenured: 156370K(174784K)->157816K(174784K)
[2026-07-01T01:45:05.253+0000][21.058s][info][gc,metaspace   ] GC(82) Metaspace: 41165K(42048K)->41165K(42048K) NonClass: 36141K(36544K)->36141K(36544K) Class: 5023K(5504K)->5023K(5504K)
[2026-07-01T01:45:05.253+0000][21.058s][info][gc             ] GC(82) Pause Full (Allocation Failure) 221M->154M(247M) 206.579ms
[2026-07-01T01:45:05.253+0000][21.058s][info][gc,cpu         ] GC(82) User=0.22s Sys=0.00s Real=0.21s
[2026-07-01T01:45:05.836+0000][21.641s][info][gc,start       ] GC(83) Pause Young (Allocation Failure)
[2026-07-01T01:45:05.836+0000][21.641s][info][gc             ] GC(83) Pause Young (Allocation Failure) 222M->222M(247M) 0.091ms
[2026-07-01T01:45:05.836+0000][21.641s][info][gc,cpu         ] GC(83) User=0.00s Sys=0.00s Real=0.00s
[2026-07-01T01:45:05.836+0000][21.641s][info][gc,start       ] GC(84) Pause Full (Allocation Failure)
[2026-07-01T01:45:05.836+0000][21.641s][info][gc,phases,start] GC(84) Phase 1: Mark live objects
[2026-07-01T01:45:05.916+0000][21.721s][info][gc,phases      ] GC(84) Phase 1: Mark live objects 79.905ms
[2026-07-01T01:45:05.916+0000][21.721s][info][gc,phases,start] GC(84) Phase 2: Compute new object addresses
[2026-07-01T01:45:05.962+0000][21.767s][info][gc,phases      ] GC(84) Phase 2: Compute new object addresses 45.640ms
[2026-07-01T01:45:05.962+0000][21.767s][info][gc,phases,start] GC(84) Phase 3: Adjust pointers
[2026-07-01T01:45:06.008+0000][21.812s][info][gc,phases      ] GC(84) Phase 3: Adjust pointers 45.762ms
[2026-07-01T01:45:06.008+0000][21.812s][info][gc,phases,start] GC(84) Phase 4: Move objects
[2026-07-01T01:45:06.035+0000][21.840s][info][gc,phases      ] GC(84) Phase 4: Move objects 27.648ms
[2026-07-01T01:45:06.036+0000][21.840s][info][gc,heap        ] GC(84) DefNew: 69952K(78656K)->0K(78656K) Eden: 69952K(69952K)->0K(69952K) From: 0K(8704K)->0K(8704K)
[2026-07-01T01:45:06.036+0000][21.840s][info][gc,heap        ] GC(84) Tenured: 157816K(174784K)->155483K(174784K)
[2026-07-01T01:45:06.036+0000][21.840s][info][gc,metaspace   ] GC(84) Metaspace: 41165K(42048K)->41165K(42048K) NonClass: 36141K(36544K)->36141K(36544K) Class: 5023K(5504K)->5023K(5504K)
[2026-07-01T01:45:06.036+0000][21.840s][info][gc             ] GC(84) Pause Full (Allocation Failure) 222M->151M(247M) 199.360ms
[2026-07-01T01:45:06.036+0000][21.840s][info][gc,cpu         ] GC(84) User=0.20s Sys=0.00s Real=0.20s
[2026-07-01T01:45:06.655+0000][22.459s][info][gc,start       ] GC(85) Pause Young (Allocation Failure)
[2026-07-01T01:45:06.655+0000][22.459s][info][gc             ] GC(85) Pause Young (Allocation Failure) 220M->220M(247M) 0.096ms
[2026-07-01T01:45:06.655+0000][22.459s][info][gc,cpu         ] GC(85) User=0.00s Sys=0.00s Real=0.00s
[2026-07-01T01:45:06.655+0000][22.460s][info][gc,start       ] GC(86) Pause Full (Allocation Failure)
[2026-07-01T01:45:06.655+0000][22.460s][info][gc,phases,start] GC(86) Phase 1: Mark live objects
[2026-07-01T01:45:06.737+0000][22.542s][info][gc,phases      ] GC(86) Phase 1: Mark live objects 82.371ms
[2026-07-01T01:45:06.737+0000][22.542s][info][gc,phases,start] GC(86) Phase 2: Compute new object addresses
[2026-07-01T01:45:06.783+0000][22.588s][info][gc,phases      ] GC(86) Phase 2: Compute new object addresses 45.922ms
[2026-07-01T01:45:06.783+0000][22.588s][info][gc,phases,start] GC(86) Phase 3: Adjust pointers
[2026-07-01T01:45:06.827+0000][22.632s][info][gc,phases      ] GC(86) Phase 3: Adjust pointers 43.938ms
[2026-07-01T01:45:06.827+0000][22.632s][info][gc,phases,start] GC(86) Phase 4: Move objects
[2026-07-01T01:45:06.828+0000][22.632s][info][gc,phases      ] GC(86) Phase 4: Move objects 0.396ms
[2026-07-01T01:45:06.828+0000][22.632s][info][gc,heap        ] GC(86) DefNew: 69952K(78656K)->0K(78656K) Eden: 69952K(69952K)->0K(69952K) From: 0K(8704K)->0K(8704K)
[2026-07-01T01:45:06.828+0000][22.632s][info][gc,heap        ] GC(86) Tenured: 155483K(174784K)->156433K(174784K)
[2026-07-01T01:45:06.828+0000][22.632s][info][gc,metaspace   ] GC(86) Metaspace: 41175K(42048K)->41175K(42048K) NonClass: 36152K(36544K)->36152K(36544K) Class: 5023K(5504K)->5023K(5504K)
[2026-07-01T01:45:06.828+0000][22.633s][info][gc             ] GC(86) Pause Full (Allocation Failure) 220M->152M(247M) 173.020ms
[2026-07-01T01:45:06.828+0000][22.633s][info][gc,cpu         ] GC(86) User=0.18s Sys=0.00s Real=0.17s
[2026-07-01T01:45:07.429+0000][23.234s][info][gc,start       ] GC(87) Pause Young (Allocation Failure)
[2026-07-01T01:45:07.429+0000][23.234s][info][gc             ] GC(87) Pause Young (Allocation Failure) 221M->221M(247M) 0.093ms
[2026-07-01T01:45:07.429+0000][23.234s][info][gc,cpu         ] GC(87) User=0.00s Sys=0.00s Real=0.00s
[2026-07-01T01:45:07.429+0000][23.234s][info][gc,start       ] GC(88) Pause Full (Allocation Failure)
[2026-07-01T01:45:07.430+0000][23.234s][info][gc,phases,start] GC(88) Phase 1: Mark live objects
[2026-07-01T01:45:07.509+0000][23.314s][info][gc,phases      ] GC(88) Phase 1: Mark live objects 79.830ms
[2026-07-01T01:45:07.509+0000][23.314s][info][gc,phases,start] GC(88) Phase 2: Compute new object addresses
[2026-07-01T01:45:07.555+0000][23.360s][info][gc,phases      ] GC(88) Phase 2: Compute new object addresses 45.886ms
[2026-07-01T01:45:07.555+0000][23.360s][info][gc,phases,start] GC(88) Phase 3: Adjust pointers
[2026-07-01T01:45:07.599+0000][23.403s][info][gc,phases      ] GC(88) Phase 3: Adjust pointers 43.425ms
[2026-07-01T01:45:07.599+0000][23.403s][info][gc,phases,start] GC(88) Phase 4: Move objects
[2026-07-01T01:45:07.599+0000][23.404s][info][gc,phases      ] GC(88) Phase 4: Move objects 0.542ms
[2026-07-01T01:45:07.600+0000][23.404s][info][gc,heap        ] GC(88) DefNew: 69952K(78656K)->0K(78656K) Eden: 69952K(69952K)->0K(69952K) From: 0K(8704K)->0K(8704K)
[2026-07-01T01:45:07.600+0000][23.404s][info][gc,heap        ] GC(88) Tenured: 156433K(174784K)->157915K(174784K)
[2026-07-01T01:45:07.600+0000][23.404s][info][gc,metaspace   ] GC(88) Metaspace: 41182K(42112K)->41182K(42112K) NonClass: 36158K(36608K)->36158K(36608K) Class: 5023K(5504K)->5023K(5504K)
[2026-07-01T01:45:07.600+0000][23.404s][info][gc             ] GC(88) Pause Full (Allocation Failure) 221M->154M(247M) 170.061ms
[2026-07-01T01:45:07.600+0000][23.404s][info][gc,cpu         ] GC(88) User=0.17s Sys=0.00s Real=0.17s
[2026-07-01T01:45:08.416+0000][24.221s][info][gc,start       ] GC(89) Pause Young (Allocation Failure)
[2026-07-01T01:45:08.416+0000][24.221s][info][gc             ] GC(89) Pause Young (Allocation Failure) 222M->222M(247M) 0.151ms
[2026-07-01T01:45:08.416+0000][24.221s][info][gc,cpu         ] GC(89) User=0.00s Sys=0.00s Real=0.00s
[2026-07-01T01:45:08.416+0000][24.221s][info][gc,start       ] GC(90) Pause Full (Allocation Failure)
[2026-07-01T01:45:08.416+0000][24.221s][info][gc,phases,start] GC(90) Phase 1: Mark live objects
[2026-07-01T01:45:08.531+0000][24.336s][info][gc,phases      ] GC(90) Phase 1: Mark live objects 114.896ms
[2026-07-01T01:45:08.531+0000][24.336s][info][gc,phases,start] GC(90) Phase 2: Compute new object addresses
[2026-07-01T01:45:08.578+0000][24.382s][info][gc,phases      ] GC(90) Phase 2: Compute new object addresses 46.424ms
[2026-07-01T01:45:08.578+0000][24.382s][info][gc,phases,start] GC(90) Phase 3: Adjust pointers
[2026-07-01T01:45:08.622+0000][24.426s][info][gc,phases      ] GC(90) Phase 3: Adjust pointers 44.010ms
[2026-07-01T01:45:08.622+0000][24.426s][info][gc,phases,start] GC(90) Phase 4: Move objects
[2026-07-01T01:45:08.622+0000][24.427s][info][gc,phases      ] GC(90) Phase 4: Move objects 0.619ms
[2026-07-01T01:45:08.623+0000][24.427s][info][gc,heap        ] GC(90) DefNew: 69952K(78656K)->0K(78656K) Eden: 69952K(69952K)->0K(69952K) From: 0K(8704K)->0K(8704K)
[2026-07-01T01:45:08.623+0000][24.427s][info][gc,heap        ] GC(90) Tenured: 157915K(174784K)->158429K(174784K)
[2026-07-01T01:45:08.623+0000][24.427s][info][gc,metaspace   ] GC(90) Metaspace: 41188K(42112K)->41188K(42112K) NonClass: 36164K(36608K)->36164K(36608K) Class: 5024K(5504K)->5024K(5504K)
[2026-07-01T01:45:08.623+0000][24.427s][info][gc             ] GC(90) Pause Full (Allocation Failure) 222M->154M(247M) 206.336ms
[2026-07-01T01:45:08.623+0000][24.427s][info][gc,cpu         ] GC(90) User=0.21s Sys=0.00s Real=0.21s
[2026-07-01T01:45:09.172+0000][24.976s][info][gc,start       ] GC(91) Pause Young (Allocation Failure)
[2026-07-01T01:45:09.172+0000][24.976s][info][gc             ] GC(91) Pause Young (Allocation Failure) 223M->223M(247M) 0.091ms
[2026-07-01T01:45:09.172+0000][24.976s][info][gc,cpu         ] GC(91) User=0.00s Sys=0.00s Real=0.00s
[2026-07-01T01:45:09.172+0000][24.976s][info][gc,start       ] GC(92) Pause Full (Allocation Failure)
[2026-07-01T01:45:09.172+0000][24.976s][info][gc,phases,start] GC(92) Phase 1: Mark live objects
[2026-07-01T01:45:09.280+0000][25.084s][info][gc,phases      ] GC(92) Phase 1: Mark live objects 107.858ms
[2026-07-01T01:45:09.280+0000][25.084s][info][gc,phases,start] GC(92) Phase 2: Compute new object addresses
[2026-07-01T01:45:09.325+0000][25.130s][info][gc,phases      ] GC(92) Phase 2: Compute new object addresses 45.624ms
[2026-07-01T01:45:09.325+0000][25.130s][info][gc,phases,start] GC(92) Phase 3: Adjust pointers
[2026-07-01T01:45:09.372+0000][25.177s][info][gc,phases      ] GC(92) Phase 3: Adjust pointers 46.951ms
[2026-07-01T01:45:09.372+0000][25.177s][info][gc,phases,start] GC(92) Phase 4: Move objects
[2026-07-01T01:45:09.400+0000][25.205s][info][gc,phases      ] GC(92) Phase 4: Move objects 28.006ms
[2026-07-01T01:45:09.401+0000][25.205s][info][gc,heap        ] GC(92) DefNew: 69952K(78656K)->0K(78656K) Eden: 69952K(69952K)->0K(69952K) From: 0K(8704K)->0K(8704K)
[2026-07-01T01:45:09.401+0000][25.205s][info][gc,heap        ] GC(92) Tenured: 158429K(174784K)->156141K(174784K)
[2026-07-01T01:45:09.401+0000][25.205s][info][gc,metaspace   ] GC(92) Metaspace: 41207K(42112K)->41207K(42112K) NonClass: 36183K(36608K)->36183K(36608K) Class: 5024K(5504K)->5024K(5504K)
[2026-07-01T01:45:09.401+0000][25.205s][info][gc             ] GC(92) Pause Full (Allocation Failure) 223M->152M(247M) 228.841ms
[2026-07-01T01:45:09.401+0000][25.205s][info][gc,cpu         ] GC(92) User=0.22s Sys=0.00s Real=0.23s
[2026-07-01T01:45:09.976+0000][25.781s][info][gc,start       ] GC(93) Pause Young (Allocation Failure)
[2026-07-01T01:45:09.976+0000][25.781s][info][gc             ] GC(93) Pause Young (Allocation Failure) 220M->220M(247M) 0.098ms
[2026-07-01T01:45:09.976+0000][25.781s][info][gc,cpu         ] GC(93) User=0.00s Sys=0.00s Real=0.00s
[2026-07-01T01:45:09.976+0000][25.781s][info][gc,start       ] GC(94) Pause Full (Allocation Failure)
[2026-07-01T01:45:09.976+0000][25.781s][info][gc,phases,start] GC(94) Phase 1: Mark live objects
[2026-07-01T01:45:10.067+0000][25.871s][info][gc,phases      ] GC(94) Phase 1: Mark live objects 90.495ms
[2026-07-01T01:45:10.067+0000][25.871s][info][gc,phases,start] GC(94) Phase 2: Compute new object addresses
[2026-07-01T01:45:10.113+0000][25.918s][info][gc,phases      ] GC(94) Phase 2: Compute new object addresses 46.017ms
[2026-07-01T01:45:10.113+0000][25.918s][info][gc,phases,start] GC(94) Phase 3: Adjust pointers
[2026-07-01T01:45:10.157+0000][25.961s][info][gc,phases      ] GC(94) Phase 3: Adjust pointers 43.926ms
[2026-07-01T01:45:10.157+0000][25.961s][info][gc,phases,start] GC(94) Phase 4: Move objects
[2026-07-01T01:45:10.157+0000][25.962s][info][gc,phases      ] GC(94) Phase 4: Move objects 0.526ms
[2026-07-01T01:45:10.158+0000][25.962s][info][gc,heap        ] GC(94) DefNew: 69952K(78656K)->0K(78656K) Eden: 69952K(69952K)->0K(69952K) From: 0K(8704K)->0K(8704K)
[2026-07-01T01:45:10.158+0000][25.962s][info][gc,heap        ] GC(94) Tenured: 156141K(174784K)->157527K(174784K)
[2026-07-01T01:45:10.158+0000][25.962s][info][gc,metaspace   ] GC(94) Metaspace: 41207K(42112K)->41207K(42112K) NonClass: 36183K(36608K)->36183K(36608K) Class: 5024K(5504K)->5024K(5504K)
[2026-07-01T01:45:10.158+0000][25.962s][info][gc             ] GC(94) Pause Full (Allocation Failure) 220M->153M(247M) 181.336ms
[2026-07-01T01:45:10.158+0000][25.962s][info][gc,cpu         ] GC(94) User=0.18s Sys=0.00s Real=0.18s
[2026-07-01T01:45:10.747+0000][26.552s][info][gc,start       ] GC(95) Pause Young (Allocation Failure)
[2026-07-01T01:45:10.747+0000][26.552s][info][gc             ] GC(95) Pause Young (Allocation Failure) 222M->222M(247M) 0.103ms
[2026-07-01T01:45:10.747+0000][26.552s][info][gc,cpu         ] GC(95) User=0.00s Sys=0.00s Real=0.00s
[2026-07-01T01:45:10.747+0000][26.552s][info][gc,start       ] GC(96) Pause Full (Allocation Failure)
[2026-07-01T01:45:10.748+0000][26.552s][info][gc,phases,start] GC(96) Phase 1: Mark live objects
[2026-07-01T01:45:10.834+0000][26.639s][info][gc,phases      ] GC(96) Phase 1: Mark live objects 86.795ms
[2026-07-01T01:45:10.834+0000][26.639s][info][gc,phases,start] GC(96) Phase 2: Compute new object addresses
[2026-07-01T01:45:10.881+0000][26.685s][info][gc,phases      ] GC(96) Phase 2: Compute new object addresses 46.346ms
[2026-07-01T01:45:10.881+0000][26.685s][info][gc,phases,start] GC(96) Phase 3: Adjust pointers
[2026-07-01T01:45:10.925+0000][26.730s][info][gc,phases      ] GC(96) Phase 3: Adjust pointers 44.267ms
[2026-07-01T01:45:10.925+0000][26.730s][info][gc,phases,start] GC(96) Phase 4: Move objects
[2026-07-01T01:45:10.925+0000][26.730s][info][gc,phases      ] GC(96) Phase 4: Move objects 0.326ms
[2026-07-01T01:45:10.926+0000][26.730s][info][gc,heap        ] GC(96) DefNew: 69952K(78656K)->0K(78656K) Eden: 69952K(69952K)->0K(69952K) From: 0K(8704K)->0K(8704K)
[2026-07-01T01:45:10.926+0000][26.730s][info][gc,heap        ] GC(96) Tenured: 157527K(174784K)->157921K(174784K)
[2026-07-01T01:45:10.926+0000][26.730s][info][gc,metaspace   ] GC(96) Metaspace: 41208K(42112K)->41208K(42112K) NonClass: 36184K(36608K)->36184K(36608K) Class: 5024K(5504K)->5024K(5504K)
[2026-07-01T01:45:10.926+0000][26.730s][info][gc             ] GC(96) Pause Full (Allocation Failure) 222M->154M(247M) 178.127ms
[2026-07-01T01:45:10.926+0000][26.730s][info][gc,cpu         ] GC(96) User=0.20s Sys=0.00s Real=0.18s
[2026-07-01T01:45:11.550+0000][27.355s][info][gc,start       ] GC(97) Pause Young (Allocation Failure)
[2026-07-01T01:45:11.550+0000][27.355s][info][gc             ] GC(97) Pause Young (Allocation Failure) 222M->222M(247M) 0.108ms
[2026-07-01T01:45:11.550+0000][27.355s][info][gc,cpu         ] GC(97) User=0.00s Sys=0.00s Real=0.00s
[2026-07-01T01:45:11.550+0000][27.355s][info][gc,start       ] GC(98) Pause Full (Allocation Failure)
[2026-07-01T01:45:11.550+0000][27.355s][info][gc,phases,start] GC(98) Phase 1: Mark live objects
[2026-07-01T01:45:11.688+0000][27.493s][info][gc,phases      ] GC(98) Phase 1: Mark live objects 137.687ms
[2026-07-01T01:45:11.688+0000][27.493s][info][gc,phases,start] GC(98) Phase 2: Compute new object addresses
[2026-07-01T01:45:11.755+0000][27.560s][info][gc,phases      ] GC(98) Phase 2: Compute new object addresses 67.067ms
[2026-07-01T01:45:11.755+0000][27.560s][info][gc,phases,start] GC(98) Phase 3: Adjust pointers
[2026-07-01T01:45:11.821+0000][27.625s][info][gc,phases      ] GC(98) Phase 3: Adjust pointers 65.382ms
[2026-07-01T01:45:11.821+0000][27.625s][info][gc,phases,start] GC(98) Phase 4: Move objects
[2026-07-01T01:45:11.821+0000][27.626s][info][gc,phases      ] GC(98) Phase 4: Move objects 0.535ms
[2026-07-01T01:45:11.821+0000][27.626s][info][gc,heap        ] GC(98) DefNew: 69952K(78656K)->0K(78656K) Eden: 69952K(69952K)->0K(69952K) From: 0K(8704K)->0K(8704K)
[2026-07-01T01:45:11.821+0000][27.626s][info][gc,heap        ] GC(98) Tenured: 157921K(174784K)->159073K(174784K)
[2026-07-01T01:45:11.822+0000][27.626s][info][gc,metaspace   ] GC(98) Metaspace: 41208K(42112K)->41208K(42112K) NonClass: 36184K(36608K)->36184K(36608K) Class: 5024K(5504K)->5024K(5504K)
[2026-07-01T01:45:11.822+0000][27.626s][info][gc             ] GC(98) Pause Full (Allocation Failure) 222M->155M(247M) 271.140ms
[2026-07-01T01:45:11.822+0000][27.626s][info][gc,cpu         ] GC(98) User=0.27s Sys=0.00s Real=0.27s
[2026-07-01T01:45:12.448+0000][28.252s][info][gc,start       ] GC(99) Pause Young (Allocation Failure)
[2026-07-01T01:45:12.448+0000][28.252s][info][gc             ] GC(99) Pause Young (Allocation Failure) 223M->223M(247M) 0.144ms
[2026-07-01T01:45:12.448+0000][28.252s][info][gc,cpu         ] GC(99) User=0.00s Sys=0.00s Real=0.00s
[2026-07-01T01:45:12.448+0000][28.252s][info][gc,start       ] GC(100) Pause Full (Allocation Failure)
[2026-07-01T01:45:12.448+0000][28.252s][info][gc,phases,start] GC(100) Phase 1: Mark live objects
[2026-07-01T01:45:12.533+0000][28.337s][info][gc,phases      ] GC(100) Phase 1: Mark live objects 84.972ms
[2026-07-01T01:45:12.533+0000][28.337s][info][gc,phases,start] GC(100) Phase 2: Compute new object addresses
[2026-07-01T01:45:12.579+0000][28.383s][info][gc,phases      ] GC(100) Phase 2: Compute new object addresses 45.962ms
[2026-07-01T01:45:12.579+0000][28.383s][info][gc,phases,start] GC(100) Phase 3: Adjust pointers
[2026-07-01T01:45:12.627+0000][28.432s][info][gc,phases      ] GC(100) Phase 3: Adjust pointers 48.390ms
[2026-07-01T01:45:12.627+0000][28.432s][info][gc,phases,start] GC(100) Phase 4: Move objects
[2026-07-01T01:45:12.656+0000][28.460s][info][gc,phases      ] GC(100) Phase 4: Move objects 28.382ms
[2026-07-01T01:45:12.656+0000][28.460s][info][gc,heap        ] GC(100) DefNew: 69952K(78656K)->0K(78656K) Eden: 69952K(69952K)->0K(69952K) From: 0K(8704K)->0K(8704K)
[2026-07-01T01:45:12.656+0000][28.460s][info][gc,heap        ] GC(100) Tenured: 159073K(174784K)->156817K(174784K)
[2026-07-01T01:45:12.656+0000][28.460s][info][gc,metaspace   ] GC(100) Metaspace: 41209K(42112K)->41209K(42112K) NonClass: 36185K(36608K)->36185K(36608K) Class: 5024K(5504K)->5024K(5504K)
[2026-07-01T01:45:12.656+0000][28.460s][info][gc             ] GC(100) Pause Full (Allocation Failure) 223M->153M(247M) 208.131ms
[2026-07-01T01:45:12.656+0000][28.460s][info][gc,cpu         ] GC(100) User=0.21s Sys=0.00s Real=0.21s
[2026-07-01T01:45:13.248+0000][29.053s][info][gc,start       ] GC(101) Pause Young (Allocation Failure)
[2026-07-01T01:45:13.248+0000][29.053s][info][gc             ] GC(101) Pause Young (Allocation Failure) 221M->221M(247M) 0.106ms
[2026-07-01T01:45:13.248+0000][29.053s][info][gc,cpu         ] GC(101) User=0.00s Sys=0.00s Real=0.00s
[2026-07-01T01:45:13.248+0000][29.053s][info][gc,start       ] GC(102) Pause Full (Allocation Failure)
[2026-07-01T01:45:13.248+0000][29.053s][info][gc,phases,start] GC(102) Phase 1: Mark live objects
[2026-07-01T01:45:13.332+0000][29.136s][info][gc,phases      ] GC(102) Phase 1: Mark live objects 83.158ms
[2026-07-01T01:45:13.332+0000][29.136s][info][gc,phases,start] GC(102) Phase 2: Compute new object addresses
[2026-07-01T01:45:13.378+0000][29.183s][info][gc,phases      ] GC(102) Phase 2: Compute new object addresses 46.469ms
[2026-07-01T01:45:13.378+0000][29.183s][info][gc,phases,start] GC(102) Phase 3: Adjust pointers
[2026-07-01T01:45:13.424+0000][29.228s][info][gc,phases      ] GC(102) Phase 3: Adjust pointers 45.532ms
[2026-07-01T01:45:13.424+0000][29.228s][info][gc,phases,start] GC(102) Phase 4: Move objects
[2026-07-01T01:45:13.424+0000][29.229s][info][gc,phases      ] GC(102) Phase 4: Move objects 0.354ms
[2026-07-01T01:45:13.424+0000][29.229s][info][gc,heap        ] GC(102) DefNew: 69952K(78656K)->0K(78656K) Eden: 69952K(69952K)->0K(69952K) From: 0K(8704K)->0K(8704K)
[2026-07-01T01:45:13.424+0000][29.229s][info][gc,heap        ] GC(102) Tenured: 156817K(174784K)->157297K(174784K)
[2026-07-01T01:45:13.424+0000][29.229s][info][gc,metaspace   ] GC(102) Metaspace: 41213K(42112K)->41213K(42112K) NonClass: 36189K(36608K)->36189K(36608K) Class: 5024K(5504K)->5024K(5504K)
[2026-07-01T01:45:13.424+0000][29.229s][info][gc             ] GC(102) Pause Full (Allocation Failure) 221M->153M(247M) 175.938ms
[2026-07-01T01:45:13.424+0000][29.229s][info][gc,cpu         ] GC(102) User=0.18s Sys=0.00s Real=0.17s
[2026-07-01T01:45:14.001+0000][29.806s][info][gc,start       ] GC(103) Pause Young (Allocation Failure)
[2026-07-01T01:45:14.001+0000][29.806s][info][gc             ] GC(103) Pause Young (Allocation Failure) 221M->221M(247M) 0.101ms
[2026-07-01T01:45:14.001+0000][29.806s][info][gc,cpu         ] GC(103) User=0.00s Sys=0.00s Real=0.00s
[2026-07-01T01:45:14.001+0000][29.806s][info][gc,start       ] GC(104) Pause Full (Allocation Failure)
[2026-07-01T01:45:14.001+0000][29.806s][info][gc,phases,start] GC(104) Phase 1: Mark live objects
[2026-07-01T01:45:14.086+0000][29.890s][info][gc,phases      ] GC(104) Phase 1: Mark live objects 84.619ms
[2026-07-01T01:45:14.086+0000][29.890s][info][gc,phases,start] GC(104) Phase 2: Compute new object addresses
[2026-07-01T01:45:14.133+0000][29.938s][info][gc,phases      ] GC(104) Phase 2: Compute new object addresses 47.263ms
[2026-07-01T01:45:14.133+0000][29.938s][info][gc,phases,start] GC(104) Phase 3: Adjust pointers
[2026-07-01T01:45:14.180+0000][29.984s][info][gc,phases      ] GC(104) Phase 3: Adjust pointers 46.301ms
[2026-07-01T01:45:14.180+0000][29.984s][info][gc,phases,start] GC(104) Phase 4: Move objects
[2026-07-01T01:45:14.180+0000][29.985s][info][gc,phases      ] GC(104) Phase 4: Move objects 0.469ms
[2026-07-01T01:45:14.180+0000][29.985s][info][gc,heap        ] GC(104) DefNew: 69952K(78656K)->0K(78656K) Eden: 69952K(69952K)->0K(69952K) From: 0K(8704K)->0K(8704K)
[2026-07-01T01:45:14.180+0000][29.985s][info][gc,heap        ] GC(104) Tenured: 157297K(174784K)->158494K(174784K)
[2026-07-01T01:45:14.180+0000][29.985s][info][gc,metaspace   ] GC(104) Metaspace: 41213K(42112K)->41213K(42112K) NonClass: 36189K(36608K)->36189K(36608K) Class: 5024K(5504K)->5024K(5504K)
[2026-07-01T01:45:14.180+0000][29.985s][info][gc             ] GC(104) Pause Full (Allocation Failure) 221M->154M(247M) 179.087ms
[2026-07-01T01:45:14.180+0000][29.985s][info][gc,cpu         ] GC(104) User=0.18s Sys=0.00s Real=0.18s
[2026-07-01T01:45:14.757+0000][30.562s][info][gc,start       ] GC(105) Pause Young (Allocation Failure)
[2026-07-01T01:45:14.758+0000][30.562s][info][gc             ] GC(105) Pause Young (Allocation Failure) 223M->223M(247M) 0.111ms
[2026-07-01T01:45:14.758+0000][30.562s][info][gc,cpu         ] GC(105) User=0.00s Sys=0.00s Real=0.00s
[2026-07-01T01:45:14.758+0000][30.562s][info][gc,start       ] GC(106) Pause Full (Allocation Failure)
[2026-07-01T01:45:14.758+0000][30.562s][info][gc,phases,start] GC(106) Phase 1: Mark live objects
[2026-07-01T01:45:14.844+0000][30.649s][info][gc,phases      ] GC(106) Phase 1: Mark live objects 86.390ms
[2026-07-01T01:45:14.844+0000][30.649s][info][gc,phases,start] GC(106) Phase 2: Compute new object addresses
[2026-07-01T01:45:14.891+0000][30.695s][info][gc,phases      ] GC(106) Phase 2: Compute new object addresses 46.661ms
[2026-07-01T01:45:14.891+0000][30.695s][info][gc,phases,start] GC(106) Phase 3: Adjust pointers
[2026-07-01T01:45:14.937+0000][30.741s][info][gc,phases      ] GC(106) Phase 3: Adjust pointers 45.767ms
[2026-07-01T01:45:14.937+0000][30.741s][info][gc,phases,start] GC(106) Phase 4: Move objects
[2026-07-01T01:45:14.937+0000][30.742s][info][gc,phases      ] GC(106) Phase 4: Move objects 0.530ms
[2026-07-01T01:45:14.937+0000][30.742s][info][gc,heap        ] GC(106) DefNew: 69952K(78656K)->0K(78656K) Eden: 69952K(69952K)->0K(69952K) From: 0K(8704K)->0K(8704K)
[2026-07-01T01:45:14.937+0000][30.742s][info][gc,heap        ] GC(106) Tenured: 158494K(174784K)->159758K(174784K)
[2026-07-01T01:45:14.937+0000][30.742s][info][gc,metaspace   ] GC(106) Metaspace: 41215K(42112K)->41215K(42112K) NonClass: 36191K(36608K)->36191K(36608K) Class: 5024K(5504K)->5024K(5504K)
[2026-07-01T01:45:14.937+0000][30.742s][info][gc             ] GC(106) Pause Full (Allocation Failure) 223M->156M(247M) 179.766ms
[2026-07-01T01:45:14.937+0000][30.742s][info][gc,cpu         ] GC(106) User=0.18s Sys=0.00s Real=0.18s
[2026-07-01T01:45:15.536+0000][31.341s][info][gc,start       ] GC(107) Pause Young (Allocation Failure)
[2026-07-01T01:45:15.536+0000][31.341s][info][gc             ] GC(107) Pause Young (Allocation Failure) 224M->224M(247M) 0.112ms
[2026-07-01T01:45:15.536+0000][31.341s][info][gc,cpu         ] GC(107) User=0.00s Sys=0.00s Real=0.00s
[2026-07-01T01:45:15.536+0000][31.341s][info][gc,start       ] GC(108) Pause Full (Allocation Failure)
[2026-07-01T01:45:15.536+0000][31.341s][info][gc,phases,start] GC(108) Phase 1: Mark live objects
[2026-07-01T01:45:15.683+0000][31.488s][info][gc,phases      ] GC(108) Phase 1: Mark live objects 146.784ms
[2026-07-01T01:45:15.683+0000][31.488s][info][gc,phases,start] GC(108) Phase 2: Compute new object addresses
[2026-07-01T01:45:15.751+0000][31.556s][info][gc,phases      ] GC(108) Phase 2: Compute new object addresses 68.288ms
[2026-07-01T01:45:15.751+0000][31.556s][info][gc,phases,start] GC(108) Phase 3: Adjust pointers
[2026-07-01T01:45:15.824+0000][31.629s][info][gc,phases      ] GC(108) Phase 3: Adjust pointers 72.671ms
[2026-07-01T01:45:15.824+0000][31.629s][info][gc,phases,start] GC(108) Phase 4: Move objects
[2026-07-01T01:45:15.860+0000][31.665s][info][gc,phases      ] GC(108) Phase 4: Move objects 35.824ms
[2026-07-01T01:45:15.860+0000][31.665s][info][gc,heap        ] GC(108) DefNew: 69952K(78656K)->0K(78656K) Eden: 69952K(69952K)->0K(69952K) From: 0K(8704K)->0K(8704K)
[2026-07-01T01:45:15.860+0000][31.665s][info][gc,heap        ] GC(108) Tenured: 159758K(174784K)->157491K(174784K)
[2026-07-01T01:45:15.860+0000][31.665s][info][gc,metaspace   ] GC(108) Metaspace: 41216K(42112K)->41216K(42112K) NonClass: 36192K(36608K)->36192K(36608K) Class: 5024K(5504K)->5024K(5504K)
[2026-07-01T01:45:15.860+0000][31.665s][info][gc             ] GC(108) Pause Full (Allocation Failure) 224M->153M(247M) 324.066ms
[2026-07-01T01:45:15.860+0000][31.665s][info][gc,cpu         ] GC(108) User=0.47s Sys=0.00s Real=0.33s
[2026-07-01T01:45:16.582+0000][32.386s][info][gc,start       ] GC(109) Pause Young (Allocation Failure)
[2026-07-01T01:45:16.582+0000][32.387s][info][gc             ] GC(109) Pause Young (Allocation Failure) 222M->222M(247M) 0.355ms
[2026-07-01T01:45:16.582+0000][32.387s][info][gc,cpu         ] GC(109) User=0.00s Sys=0.00s Real=0.00s
[2026-07-01T01:45:16.582+0000][32.387s][info][gc,start       ] GC(110) Pause Full (Allocation Failure)
[2026-07-01T01:45:16.582+0000][32.387s][info][gc,phases,start] GC(110) Phase 1: Mark live objects
[2026-07-01T01:45:16.684+0000][32.489s][info][gc,phases      ] GC(110) Phase 1: Mark live objects 102.042ms
[2026-07-01T01:45:16.684+0000][32.489s][info][gc,phases,start] GC(110) Phase 2: Compute new object addresses
[2026-07-01T01:45:16.731+0000][32.536s][info][gc,phases      ] GC(110) Phase 2: Compute new object addresses 46.514ms
[2026-07-01T01:45:16.731+0000][32.536s][info][gc,phases,start] GC(110) Phase 3: Adjust pointers
[2026-07-01T01:45:16.777+0000][32.581s][info][gc,phases      ] GC(110) Phase 3: Adjust pointers 45.834ms
[2026-07-01T01:45:16.777+0000][32.581s][info][gc,phases,start] GC(110) Phase 4: Move objects
[2026-07-01T01:45:16.777+0000][32.582s][info][gc,phases      ] GC(110) Phase 4: Move objects 0.558ms
[2026-07-01T01:45:16.778+0000][32.582s][info][gc,heap        ] GC(110) DefNew: 69952K(78656K)->0K(78656K) Eden: 69952K(69952K)->0K(69952K) From: 0K(8704K)->0K(8704K)
[2026-07-01T01:45:16.778+0000][32.582s][info][gc,heap        ] GC(110) Tenured: 157491K(174784K)->159001K(174784K)
[2026-07-01T01:45:16.778+0000][32.582s][info][gc,metaspace   ] GC(110) Metaspace: 41217K(42112K)->41217K(42112K) NonClass: 36192K(36608K)->36192K(36608K) Class: 5024K(5504K)->5024K(5504K)
[2026-07-01T01:45:16.778+0000][32.582s][info][gc             ] GC(110) Pause Full (Allocation Failure) 222M->155M(247M) 195.328ms
[2026-07-01T01:45:16.778+0000][32.582s][info][gc,cpu         ] GC(110) User=0.22s Sys=0.00s Real=0.19s
[2026-07-01T01:45:17.344+0000][33.149s][info][gc,start       ] GC(111) Pause Young (Allocation Failure)
[2026-07-01T01:45:17.345+0000][33.149s][info][gc             ] GC(111) Pause Young (Allocation Failure) 223M->223M(247M) 0.107ms
[2026-07-01T01:45:17.345+0000][33.149s][info][gc,cpu         ] GC(111) User=0.00s Sys=0.00s Real=0.00s
[2026-07-01T01:45:17.345+0000][33.149s][info][gc,start       ] GC(112) Pause Full (Allocation Failure)
[2026-07-01T01:45:17.345+0000][33.149s][info][gc,phases,start] GC(112) Phase 1: Mark live objects
[2026-07-01T01:45:17.431+0000][33.236s][info][gc,phases      ] GC(112) Phase 1: Mark live objects 86.315ms
[2026-07-01T01:45:17.431+0000][33.236s][info][gc,phases,start] GC(112) Phase 2: Compute new object addresses
[2026-07-01T01:45:17.478+0000][33.282s][info][gc,phases      ] GC(112) Phase 2: Compute new object addresses 46.761ms
[2026-07-01T01:45:17.478+0000][33.282s][info][gc,phases,start] GC(112) Phase 3: Adjust pointers
[2026-07-01T01:45:17.525+0000][33.329s][info][gc,phases      ] GC(112) Phase 3: Adjust pointers 46.987ms
[2026-07-01T01:45:17.525+0000][33.329s][info][gc,phases,start] GC(112) Phase 4: Move objects
[2026-07-01T01:45:17.525+0000][33.330s][info][gc,phases      ] GC(112) Phase 4: Move objects 0.472ms
[2026-07-01T01:45:17.526+0000][33.330s][info][gc,heap        ] GC(112) DefNew: 69952K(78656K)->0K(78656K) Eden: 69952K(69952K)->0K(69952K) From: 0K(8704K)->0K(8704K)
[2026-07-01T01:45:17.526+0000][33.330s][info][gc,heap        ] GC(112) Tenured: 159001K(174784K)->160073K(174784K)
[2026-07-01T01:45:17.526+0000][33.330s][info][gc,metaspace   ] GC(112) Metaspace: 41217K(42112K)->41217K(42112K) NonClass: 36192K(36608K)->36192K(36608K) Class: 5024K(5504K)->5024K(5504K)
[2026-07-01T01:45:17.526+0000][33.330s][info][gc             ] GC(112) Pause Full (Allocation Failure) 223M->156M(247M) 180.932ms
[2026-07-01T01:45:17.526+0000][33.330s][info][gc,cpu         ] GC(112) User=0.18s Sys=0.00s Real=0.18s
[2026-07-01T01:45:18.038+0000][33.843s][info][gc,start       ] GC(113) Pause Young (Allocation Failure)
[2026-07-01T01:45:18.038+0000][33.843s][info][gc             ] GC(113) Pause Young (Allocation Failure) 224M->224M(247M) 0.127ms
[2026-07-01T01:45:18.038+0000][33.843s][info][gc,cpu         ] GC(113) User=0.00s Sys=0.00s Real=0.00s
[2026-07-01T01:45:18.038+0000][33.843s][info][gc,start       ] GC(114) Pause Full (Allocation Failure)
[2026-07-01T01:45:18.038+0000][33.843s][info][gc,phases,start] GC(114) Phase 1: Mark live objects
[2026-07-01T01:45:18.124+0000][33.929s][info][gc,phases      ] GC(114) Phase 1: Mark live objects 85.910ms
[2026-07-01T01:45:18.124+0000][33.929s][info][gc,phases,start] GC(114) Phase 2: Compute new object addresses
[2026-07-01T01:45:18.171+0000][33.976s][info][gc,phases      ] GC(114) Phase 2: Compute new object addresses 46.887ms
[2026-07-01T01:45:18.171+0000][33.976s][info][gc,phases,start] GC(114) Phase 3: Adjust pointers
[2026-07-01T01:45:18.217+0000][34.022s][info][gc,phases      ] GC(114) Phase 3: Adjust pointers 45.983ms
[2026-07-01T01:45:18.217+0000][34.022s][info][gc,phases,start] GC(114) Phase 4: Move objects
[2026-07-01T01:45:18.218+0000][34.022s][info][gc,phases      ] GC(114) Phase 4: Move objects 0.570ms
[2026-07-01T01:45:18.218+0000][34.023s][info][gc,heap        ] GC(114) DefNew: 69952K(78656K)->0K(78656K) Eden: 69952K(69952K)->0K(69952K) From: 0K(8704K)->0K(8704K)
[2026-07-01T01:45:18.218+0000][34.023s][info][gc,heap        ] GC(114) Tenured: 160073K(174784K)->160576K(174784K)
[2026-07-01T01:45:18.218+0000][34.023s][info][gc,metaspace   ] GC(114) Metaspace: 41219K(42112K)->41219K(42112K) NonClass: 36194K(36608K)->36194K(36608K) Class: 5024K(5504K)->5024K(5504K)
[2026-07-01T01:45:18.218+0000][34.023s][info][gc             ] GC(114) Pause Full (Allocation Failure) 224M->156M(247M) 179.743ms
[2026-07-01T01:45:18.218+0000][34.023s][info][gc,cpu         ] GC(114) User=0.18s Sys=0.00s Real=0.18s
[2026-07-01T01:45:18.749+0000][34.553s][info][gc,start       ] GC(115) Pause Young (Allocation Failure)
[2026-07-01T01:45:18.749+0000][34.553s][info][gc             ] GC(115) Pause Young (Allocation Failure) 225M->225M(247M) 0.103ms
[2026-07-01T01:45:18.749+0000][34.554s][info][gc,cpu         ] GC(115) User=0.00s Sys=0.00s Real=0.00s
[2026-07-01T01:45:18.749+0000][34.554s][info][gc,start       ] GC(116) Pause Full (Allocation Failure)
[2026-07-01T01:45:18.749+0000][34.554s][info][gc,phases,start] GC(116) Phase 1: Mark live objects
[2026-07-01T01:45:18.836+0000][34.641s][info][gc,phases      ] GC(116) Phase 1: Mark live objects 87.255ms
[2026-07-01T01:45:18.836+0000][34.641s][info][gc,phases,start] GC(116) Phase 2: Compute new object addresses
[2026-07-01T01:45:18.883+0000][34.687s][info][gc,phases      ] GC(116) Phase 2: Compute new object addresses 46.469ms
[2026-07-01T01:45:18.883+0000][34.687s][info][gc,phases,start] GC(116) Phase 3: Adjust pointers
[2026-07-01T01:45:18.933+0000][34.738s][info][gc,phases      ] GC(116) Phase 3: Adjust pointers 50.226ms
[2026-07-01T01:45:18.933+0000][34.738s][info][gc,phases,start] GC(116) Phase 4: Move objects
[2026-07-01T01:45:18.962+0000][34.766s][info][gc,phases      ] GC(116) Phase 4: Move objects 28.610ms
[2026-07-01T01:45:18.962+0000][34.766s][info][gc,heap        ] GC(116) DefNew: 69952K(78656K)->0K(78656K) Eden: 69952K(69952K)->0K(69952K) From: 0K(8704K)->0K(8704K)
[2026-07-01T01:45:18.962+0000][34.767s][info][gc,heap        ] GC(116) Tenured: 160576K(174784K)->158139K(174784K)
[2026-07-01T01:45:18.962+0000][34.767s][info][gc,metaspace   ] GC(116) Metaspace: 41219K(42112K)->41219K(42112K) NonClass: 36194K(36608K)->36194K(36608K) Class: 5024K(5504K)->5024K(5504K)
[2026-07-01T01:45:18.962+0000][34.767s][info][gc             ] GC(116) Pause Full (Allocation Failure) 225M->154M(247M) 213.007ms
[2026-07-01T01:45:18.962+0000][34.767s][info][gc,cpu         ] GC(116) User=0.21s Sys=0.00s Real=0.21s
[2026-07-01T01:45:19.601+0000][35.406s][info][gc,start       ] GC(117) Pause Young (Allocation Failure)
[2026-07-01T01:45:19.602+0000][35.406s][info][gc             ] GC(117) Pause Young (Allocation Failure) 222M->222M(247M) 0.089ms
[2026-07-01T01:45:19.602+0000][35.406s][info][gc,cpu         ] GC(117) User=0.00s Sys=0.00s Real=0.00s
[2026-07-01T01:45:19.602+0000][35.406s][info][gc,start       ] GC(118) Pause Full (Allocation Failure)
[2026-07-01T01:45:19.602+0000][35.406s][info][gc,phases,start] GC(118) Phase 1: Mark live objects
[2026-07-01T01:45:19.689+0000][35.494s][info][gc,phases      ] GC(118) Phase 1: Mark live objects 87.547ms
[2026-07-01T01:45:19.689+0000][35.494s][info][gc,phases,start] GC(118) Phase 2: Compute new object addresses
[2026-07-01T01:45:19.736+0000][35.540s][info][gc,phases      ] GC(118) Phase 2: Compute new object addresses 46.629ms
[2026-07-01T01:45:19.736+0000][35.540s][info][gc,phases,start] GC(118) Phase 3: Adjust pointers
[2026-07-01T01:45:19.783+0000][35.587s][info][gc,phases      ] GC(118) Phase 3: Adjust pointers 46.889ms
[2026-07-01T01:45:19.783+0000][35.587s][info][gc,phases,start] GC(118) Phase 4: Move objects
[2026-07-01T01:45:19.783+0000][35.588s][info][gc,phases      ] GC(118) Phase 4: Move objects 0.666ms
[2026-07-01T01:45:19.784+0000][35.588s][info][gc,heap        ] GC(118) DefNew: 69952K(78656K)->0K(78656K) Eden: 69952K(69952K)->0K(69952K) From: 0K(8704K)->0K(8704K)
[2026-07-01T01:45:19.784+0000][35.588s][info][gc,heap        ] GC(118) Tenured: 158139K(174784K)->160274K(174784K)
[2026-07-01T01:45:19.784+0000][35.588s][info][gc,metaspace   ] GC(118) Metaspace: 41219K(42112K)->41219K(42112K) NonClass: 36194K(36608K)->36194K(36608K) Class: 5024K(5504K)->5024K(5504K)
[2026-07-01T01:45:19.784+0000][35.588s][info][gc             ] GC(118) Pause Full (Allocation Failure) 222M->156M(247M) 182.122ms
[2026-07-01T01:45:19.784+0000][35.588s][info][gc,cpu         ] GC(118) User=0.18s Sys=0.00s Real=0.18s
[2026-07-01T01:45:20.342+0000][36.146s][info][gc,start       ] GC(119) Pause Young (Allocation Failure)
[2026-07-01T01:45:20.342+0000][36.146s][info][gc             ] GC(119) Pause Young (Allocation Failure) 224M->224M(247M) 0.099ms
[2026-07-01T01:45:20.342+0000][36.146s][info][gc,cpu         ] GC(119) User=0.00s Sys=0.00s Real=0.00s
[2026-07-01T01:45:20.342+0000][36.146s][info][gc,start       ] GC(120) Pause Full (Allocation Failure)
[2026-07-01T01:45:20.342+0000][36.146s][info][gc,phases,start] GC(120) Phase 1: Mark live objects
[2026-07-01T01:45:20.436+0000][36.241s][info][gc,phases      ] GC(120) Phase 1: Mark live objects 94.198ms
[2026-07-01T01:45:20.436+0000][36.241s][info][gc,phases,start] GC(120) Phase 2: Compute new object addresses
[2026-07-01T01:45:20.484+0000][36.288s][info][gc,phases      ] GC(120) Phase 2: Compute new object addresses 47.420ms
[2026-07-01T01:45:20.484+0000][36.288s][info][gc,phases,start] GC(120) Phase 3: Adjust pointers
[2026-07-01T01:45:20.531+0000][36.335s][info][gc,phases      ] GC(120) Phase 3: Adjust pointers 47.171ms
[2026-07-01T01:45:20.531+0000][36.335s][info][gc,phases,start] GC(120) Phase 4: Move objects
[2026-07-01T01:45:20.531+0000][36.336s][info][gc,phases      ] GC(120) Phase 4: Move objects 0.262ms
[2026-07-01T01:45:20.531+0000][36.336s][info][gc,heap        ] GC(120) DefNew: 69952K(78656K)->0K(78656K) Eden: 69952K(69952K)->0K(69952K) From: 0K(8704K)->0K(8704K)
[2026-07-01T01:45:20.531+0000][36.336s][info][gc,heap        ] GC(120) Tenured: 160274K(174784K)->160591K(174784K)
[2026-07-01T01:45:20.531+0000][36.336s][info][gc,metaspace   ] GC(120) Metaspace: 41219K(42112K)->41219K(42112K) NonClass: 36194K(36608K)->36194K(36608K) Class: 5024K(5504K)->5024K(5504K)
[2026-07-01T01:45:20.531+0000][36.336s][info][gc             ] GC(120) Pause Full (Allocation Failure) 224M->156M(247M) 189.475ms
[2026-07-01T01:45:20.531+0000][36.336s][info][gc,cpu         ] GC(120) User=0.19s Sys=0.00s Real=0.19s
[2026-07-01T01:45:21.097+0000][36.902s][info][gc,start       ] GC(121) Pause Young (Allocation Failure)
[2026-07-01T01:45:21.097+0000][36.902s][info][gc             ] GC(121) Pause Young (Allocation Failure) 225M->225M(247M) 0.103ms
[2026-07-01T01:45:21.098+0000][36.902s][info][gc,cpu         ] GC(121) User=0.00s Sys=0.00s Real=0.00s
[2026-07-01T01:45:21.098+0000][36.902s][info][gc,start       ] GC(122) Pause Full (Allocation Failure)
[2026-07-01T01:45:21.098+0000][36.902s][info][gc,phases,start] GC(122) Phase 1: Mark live objects
[2026-07-01T01:45:21.185+0000][36.990s][info][gc,phases      ] GC(122) Phase 1: Mark live objects 87.967ms
[2026-07-01T01:45:21.186+0000][36.990s][info][gc,phases,start] GC(122) Phase 2: Compute new object addresses
[2026-07-01T01:45:21.232+0000][37.037s][info][gc,phases      ] GC(122) Phase 2: Compute new object addresses 46.807ms
[2026-07-01T01:45:21.232+0000][37.037s][info][gc,phases,start] GC(122) Phase 3: Adjust pointers
[2026-07-01T01:45:21.279+0000][37.084s][info][gc,phases      ] GC(122) Phase 3: Adjust pointers 47.033ms
[2026-07-01T01:45:21.279+0000][37.084s][info][gc,phases,start] GC(122) Phase 4: Move objects
[2026-07-01T01:45:21.280+0000][37.085s][info][gc,phases      ] GC(122) Phase 4: Move objects 0.561ms
[2026-07-01T01:45:21.280+0000][37.085s][info][gc,heap        ] GC(122) DefNew: 69952K(78656K)->0K(78656K) Eden: 69952K(69952K)->0K(69952K) From: 0K(8704K)->0K(8704K)
[2026-07-01T01:45:21.280+0000][37.085s][info][gc,heap        ] GC(122) Tenured: 160591K(174784K)->162347K(174784K)
[2026-07-01T01:45:21.280+0000][37.085s][info][gc,metaspace   ] GC(122) Metaspace: 41221K(42112K)->41221K(42112K) NonClass: 36196K(36608K)->36196K(36608K) Class: 5025K(5504K)->5025K(5504K)
[2026-07-01T01:45:21.280+0000][37.085s][info][gc             ] GC(122) Pause Full (Allocation Failure) 225M->158M(247M) 182.759ms
[2026-07-01T01:45:21.280+0000][37.085s][info][gc,cpu         ] GC(122) User=0.19s Sys=0.00s Real=0.19s
[2026-07-01T01:45:21.845+0000][37.650s][info][gc,start       ] GC(123) Pause Young (Allocation Failure)
[2026-07-01T01:45:21.845+0000][37.650s][info][gc             ] GC(123) Pause Young (Allocation Failure) 226M->226M(247M) 0.103ms
[2026-07-01T01:45:21.845+0000][37.650s][info][gc,cpu         ] GC(123) User=0.00s Sys=0.00s Real=0.00s
[2026-07-01T01:45:21.845+0000][37.650s][info][gc,start       ] GC(124) Pause Full (Allocation Failure)
[2026-07-01T01:45:21.845+0000][37.650s][info][gc,phases,start] GC(124) Phase 1: Mark live objects
[2026-07-01T01:45:21.941+0000][37.745s][info][gc,phases      ] GC(124) Phase 1: Mark live objects 95.217ms
[2026-07-01T01:45:21.941+0000][37.745s][info][gc,phases,start] GC(124) Phase 2: Compute new object addresses
[2026-07-01T01:45:21.987+0000][37.792s][info][gc,phases      ] GC(124) Phase 2: Compute new object addresses 46.460ms
[2026-07-01T01:45:21.987+0000][37.792s][info][gc,phases,start] GC(124) Phase 3: Adjust pointers
[2026-07-01T01:45:22.038+0000][37.842s][info][gc,phases      ] GC(124) Phase 3: Adjust pointers 50.484ms
[2026-07-01T01:45:22.038+0000][37.842s][info][gc,phases,start] GC(124) Phase 4: Move objects
[2026-07-01T01:45:22.067+0000][37.871s][info][gc,phases      ] GC(124) Phase 4: Move objects 29.010ms
[2026-07-01T01:45:22.067+0000][37.871s][info][gc,heap        ] GC(124) DefNew: 69952K(78656K)->0K(78656K) Eden: 69952K(69952K)->0K(69952K) From: 0K(8704K)->0K(8704K)
[2026-07-01T01:45:22.067+0000][37.871s][info][gc,heap        ] GC(124) Tenured: 162347K(174784K)->158803K(174784K)
[2026-07-01T01:45:22.067+0000][37.871s][info][gc,metaspace   ] GC(124) Metaspace: 41227K(42112K)->41227K(42112K) NonClass: 36201K(36608K)->36201K(36608K) Class: 5025K(5504K)->5025K(5504K)
[2026-07-01T01:45:22.067+0000][37.871s][info][gc             ] GC(124) Pause Full (Allocation Failure) 226M->155M(247M) 221.630ms
[2026-07-01T01:45:22.067+0000][37.871s][info][gc,cpu         ] GC(124) User=0.23s Sys=0.01s Real=0.22s
[2026-07-01T01:45:22.678+0000][38.483s][info][gc,start       ] GC(125) Pause Young (Allocation Failure)
[2026-07-01T01:45:22.679+0000][38.483s][info][gc             ] GC(125) Pause Young (Allocation Failure) 223M->223M(247M) 0.102ms
[2026-07-01T01:45:22.679+0000][38.483s][info][gc,cpu         ] GC(125) User=0.00s Sys=0.00s Real=0.00s
[2026-07-01T01:45:22.679+0000][38.483s][info][gc,start       ] GC(126) Pause Full (Allocation Failure)
[2026-07-01T01:45:22.679+0000][38.483s][info][gc,phases,start] GC(126) Phase 1: Mark live objects
[2026-07-01T01:45:22.771+0000][38.575s][info][gc,phases      ] GC(126) Phase 1: Mark live objects 92.367ms
[2026-07-01T01:45:22.771+0000][38.576s][info][gc,phases,start] GC(126) Phase 2: Compute new object addresses
[2026-07-01T01:45:22.818+0000][38.622s][info][gc,phases      ] GC(126) Phase 2: Compute new object addresses 46.795ms
[2026-07-01T01:45:22.818+0000][38.622s][info][gc,phases,start] GC(126) Phase 3: Adjust pointers
[2026-07-01T01:45:22.865+0000][38.669s][info][gc,phases      ] GC(126) Phase 3: Adjust pointers 46.875ms
[2026-07-01T01:45:22.865+0000][38.669s][info][gc,phases,start] GC(126) Phase 4: Move objects
[2026-07-01T01:45:22.865+0000][38.669s][info][gc,phases      ] GC(126) Phase 4: Move objects 0.232ms
[2026-07-01T01:45:22.865+0000][38.670s][info][gc,heap        ] GC(126) DefNew: 69952K(78656K)->0K(78656K) Eden: 69952K(69952K)->0K(69952K) From: 0K(8704K)->0K(8704K)
[2026-07-01T01:45:22.865+0000][38.670s][info][gc,heap        ] GC(126) Tenured: 158803K(174784K)->159075K(174784K)
[2026-07-01T01:45:22.865+0000][38.670s][info][gc,metaspace   ] GC(126) Metaspace: 41227K(42112K)->41227K(42112K) NonClass: 36202K(36608K)->36202K(36608K) Class: 5025K(5504K)->5025K(5504K)
[2026-07-01T01:45:22.865+0000][38.670s][info][gc             ] GC(126) Pause Full (Allocation Failure) 223M->155M(247M) 186.674ms
[2026-07-01T01:45:22.865+0000][38.670s][info][gc,cpu         ] GC(126) User=0.19s Sys=0.00s Real=0.18s
[2026-07-01T01:45:23.330+0000][39.134s][info][gc,start       ] GC(127) Pause Young (Allocation Failure)
[2026-07-01T01:45:23.330+0000][39.134s][info][gc             ] GC(127) Pause Young (Allocation Failure) 223M->223M(247M) 0.198ms
[2026-07-01T01:45:23.330+0000][39.134s][info][gc,cpu         ] GC(127) User=0.00s Sys=0.00s Real=0.00s
[2026-07-01T01:45:23.330+0000][39.134s][info][gc,start       ] GC(128) Pause Full (Allocation Failure)
[2026-07-01T01:45:23.330+0000][39.134s][info][gc,phases,start] GC(128) Phase 1: Mark live objects
[2026-07-01T01:45:23.421+0000][39.226s][info][gc,phases      ] GC(128) Phase 1: Mark live objects 91.177ms
[2026-07-01T01:45:23.421+0000][39.226s][info][gc,phases,start] GC(128) Phase 2: Compute new object addresses
[2026-07-01T01:45:23.468+0000][39.273s][info][gc,phases      ] GC(128) Phase 2: Compute new object addresses 46.844ms
[2026-07-01T01:45:23.468+0000][39.273s][info][gc,phases,start] GC(128) Phase 3: Adjust pointers
[2026-07-01T01:45:23.515+0000][39.319s][info][gc,phases      ] GC(128) Phase 3: Adjust pointers 46.843ms
[2026-07-01T01:45:23.515+0000][39.319s][info][gc,phases,start] GC(128) Phase 4: Move objects
[2026-07-01T01:45:23.516+0000][39.320s][info][gc,phases      ] GC(128) Phase 4: Move objects 0.578ms
[2026-07-01T01:45:23.516+0000][39.320s][info][gc,heap        ] GC(128) DefNew: 69952K(78656K)->0K(78656K) Eden: 69952K(69952K)->0K(69952K) From: 0K(8704K)->0K(8704K)
[2026-07-01T01:45:23.516+0000][39.320s][info][gc,heap        ] GC(128) Tenured: 159075K(174784K)->161038K(174784K)
[2026-07-01T01:45:23.516+0000][39.320s][info][gc,metaspace   ] GC(128) Metaspace: 41227K(42112K)->41227K(42112K) NonClass: 36202K(36608K)->36202K(36608K) Class: 5025K(5504K)->5025K(5504K)
[2026-07-01T01:45:23.516+0000][39.320s][info][gc             ] GC(128) Pause Full (Allocation Failure) 223M->157M(247M) 185.830ms
[2026-07-01T01:45:23.516+0000][39.320s][info][gc,cpu         ] GC(128) User=0.20s Sys=0.00s Real=0.18s
[2026-07-01T01:45:24.111+0000][39.916s][info][gc,start       ] GC(129) Pause Young (Allocation Failure)
[2026-07-01T01:45:24.111+0000][39.916s][info][gc             ] GC(129) Pause Young (Allocation Failure) 225M->225M(247M) 0.099ms
[2026-07-01T01:45:24.111+0000][39.916s][info][gc,cpu         ] GC(129) User=0.00s Sys=0.00s Real=0.00s
[2026-07-01T01:45:24.111+0000][39.916s][info][gc,start       ] GC(130) Pause Full (Allocation Failure)
[2026-07-01T01:45:24.111+0000][39.916s][info][gc,phases,start] GC(130) Phase 1: Mark live objects
[2026-07-01T01:45:24.222+0000][40.027s][info][gc,phases      ] GC(130) Phase 1: Mark live objects 110.655ms
[2026-07-01T01:45:24.222+0000][40.027s][info][gc,phases,start] GC(130) Phase 2: Compute new object addresses
[2026-07-01T01:45:24.269+0000][40.074s][info][gc,phases      ] GC(130) Phase 2: Compute new object addresses 47.157ms
[2026-07-01T01:45:24.269+0000][40.074s][info][gc,phases,start] GC(130) Phase 3: Adjust pointers
[2026-07-01T01:45:24.316+0000][40.121s][info][gc,phases      ] GC(130) Phase 3: Adjust pointers 46.619ms
[2026-07-01T01:45:24.316+0000][40.121s][info][gc,phases,start] GC(130) Phase 4: Move objects
[2026-07-01T01:45:24.316+0000][40.121s][info][gc,phases      ] GC(130) Phase 4: Move objects 0.330ms
[2026-07-01T01:45:24.317+0000][40.121s][info][gc,heap        ] GC(130) DefNew: 69952K(78656K)->0K(78656K) Eden: 69952K(69952K)->0K(69952K) From: 0K(8704K)->0K(8704K)
[2026-07-01T01:45:24.317+0000][40.121s][info][gc,heap        ] GC(130) Tenured: 161038K(174784K)->161534K(174784K)
[2026-07-01T01:45:24.317+0000][40.121s][info][gc,metaspace   ] GC(130) Metaspace: 41231K(42112K)->41231K(42112K) NonClass: 36205K(36608K)->36205K(36608K) Class: 5025K(5504K)->5025K(5504K)
[2026-07-01T01:45:24.317+0000][40.121s][info][gc             ] GC(130) Pause Full (Allocation Failure) 225M->157M(247M) 205.149ms
[2026-07-01T01:45:24.317+0000][40.121s][info][gc,cpu         ] GC(130) User=0.26s Sys=0.00s Real=0.20s
[2026-07-01T01:45:24.808+0000][40.613s][info][gc,start       ] GC(131) Pause Young (Allocation Failure)
[2026-07-01T01:45:24.808+0000][40.613s][info][gc             ] GC(131) Pause Young (Allocation Failure) 226M->226M(247M) 0.124ms
[2026-07-01T01:45:24.808+0000][40.613s][info][gc,cpu         ] GC(131) User=0.00s Sys=0.00s Real=0.00s
[2026-07-01T01:45:24.808+0000][40.613s][info][gc,start       ] GC(132) Pause Full (Allocation Failure)
[2026-07-01T01:45:24.808+0000][40.613s][info][gc,phases,start] GC(132) Phase 1: Mark live objects
[2026-07-01T01:45:24.897+0000][40.701s][info][gc,phases      ] GC(132) Phase 1: Mark live objects 88.522ms
[2026-07-01T01:45:24.897+0000][40.701s][info][gc,phases,start] GC(132) Phase 2: Compute new object addresses
[2026-07-01T01:45:24.943+0000][40.748s][info][gc,phases      ] GC(132) Phase 2: Compute new object addresses 46.562ms
[2026-07-01T01:45:24.943+0000][40.748s][info][gc,phases,start] GC(132) Phase 3: Adjust pointers
[2026-07-01T01:45:24.994+0000][40.798s][info][gc,phases      ] GC(132) Phase 3: Adjust pointers 50.290ms
[2026-07-01T01:45:24.994+0000][40.798s][info][gc,phases,start] GC(132) Phase 4: Move objects
[2026-07-01T01:45:25.023+0000][40.827s][info][gc,phases      ] GC(132) Phase 4: Move objects 28.955ms
[2026-07-01T01:45:25.023+0000][40.828s][info][gc,heap        ] GC(132) DefNew: 69952K(78656K)->0K(78656K) Eden: 69952K(69952K)->0K(69952K) From: 0K(8704K)->0K(8704K)
[2026-07-01T01:45:25.023+0000][40.828s][info][gc,heap        ] GC(132) Tenured: 161534K(174784K)->159579K(174784K)
[2026-07-01T01:45:25.023+0000][40.828s][info][gc,metaspace   ] GC(132) Metaspace: 41231K(42112K)->41231K(42112K) NonClass: 36205K(36608K)->36205K(36608K) Class: 5025K(5504K)->5025K(5504K)
[2026-07-01T01:45:25.023+0000][40.828s][info][gc             ] GC(132) Pause Full (Allocation Failure) 226M->155M(247M) 214.737ms
[2026-07-01T01:45:25.023+0000][40.828s][info][gc,cpu         ] GC(132) User=0.21s Sys=0.00s Real=0.21s
[2026-07-01T01:45:25.591+0000][41.396s][info][gc,start       ] GC(133) Pause Young (Allocation Failure)
[2026-07-01T01:45:25.591+0000][41.396s][info][gc             ] GC(133) Pause Young (Allocation Failure) 224M->224M(247M) 0.098ms
[2026-07-01T01:45:25.591+0000][41.396s][info][gc,cpu         ] GC(133) User=0.00s Sys=0.00s Real=0.00s
[2026-07-01T01:45:25.591+0000][41.396s][info][gc,start       ] GC(134) Pause Full (Allocation Failure)
[2026-07-01T01:45:25.591+0000][41.396s][info][gc,phases,start] GC(134) Phase 1: Mark live objects
[2026-07-01T01:45:25.726+0000][41.531s][info][gc,phases      ] GC(134) Phase 1: Mark live objects 134.952ms
[2026-07-01T01:45:25.726+0000][41.531s][info][gc,phases,start] GC(134) Phase 2: Compute new object addresses
[2026-07-01T01:45:25.774+0000][41.578s][info][gc,phases      ] GC(134) Phase 2: Compute new object addresses 47.090ms
[2026-07-01T01:45:25.774+0000][41.578s][info][gc,phases,start] GC(134) Phase 3: Adjust pointers
[2026-07-01T01:45:25.822+0000][41.626s][info][gc,phases      ] GC(134) Phase 3: Adjust pointers 48.050ms
[2026-07-01T01:45:25.822+0000][41.626s][info][gc,phases,start] GC(134) Phase 4: Move objects
[2026-07-01T01:45:25.822+0000][41.627s][info][gc,phases      ] GC(134) Phase 4: Move objects 0.641ms
[2026-07-01T01:45:25.823+0000][41.627s][info][gc,heap        ] GC(134) DefNew: 69952K(78656K)->0K(78656K) Eden: 69952K(69952K)->0K(69952K) From: 0K(8704K)->0K(8704K)
[2026-07-01T01:45:25.823+0000][41.627s][info][gc,heap        ] GC(134) Tenured: 159579K(174784K)->161636K(174784K)
[2026-07-01T01:45:25.823+0000][41.627s][info][gc,metaspace   ] GC(134) Metaspace: 41231K(42112K)->41231K(42112K) NonClass: 36205K(36608K)->36205K(36608K) Class: 5025K(5504K)->5025K(5504K)
[2026-07-01T01:45:25.823+0000][41.627s][info][gc             ] GC(134) Pause Full (Allocation Failure) 224M->157M(247M) 231.132ms
[2026-07-01T01:45:25.823+0000][41.627s][info][gc,cpu         ] GC(134) User=0.23s Sys=0.00s Real=0.23s
[2026-07-01T01:45:26.256+0000][42.060s][info][gc,start       ] GC(135) Pause Young (Allocation Failure)
[2026-07-01T01:45:26.256+0000][42.060s][info][gc             ] GC(135) Pause Young (Allocation Failure) 226M->226M(247M) 0.093ms
[2026-07-01T01:45:26.256+0000][42.060s][info][gc,cpu         ] GC(135) User=0.00s Sys=0.00s Real=0.00s
[2026-07-01T01:45:26.256+0000][42.060s][info][gc,start       ] GC(136) Pause Full (Allocation Failure)
[2026-07-01T01:45:26.256+0000][42.060s][info][gc,phases,start] GC(136) Phase 1: Mark live objects
[2026-07-01T01:45:26.347+0000][42.151s][info][gc,phases      ] GC(136) Phase 1: Mark live objects 90.993ms
[2026-07-01T01:45:26.347+0000][42.151s][info][gc,phases,start] GC(136) Phase 2: Compute new object addresses
[2026-07-01T01:45:26.394+0000][42.199s][info][gc,phases      ] GC(136) Phase 2: Compute new object addresses 47.128ms
[2026-07-01T01:45:26.394+0000][42.199s][info][gc,phases,start] GC(136) Phase 3: Adjust pointers
[2026-07-01T01:45:26.442+0000][42.246s][info][gc,phases      ] GC(136) Phase 3: Adjust pointers 47.580ms
[2026-07-01T01:45:26.442+0000][42.246s][info][gc,phases,start] GC(136) Phase 4: Move objects
[2026-07-01T01:45:26.442+0000][42.247s][info][gc,phases      ] GC(136) Phase 4: Move objects 0.294ms
[2026-07-01T01:45:26.442+0000][42.247s][info][gc,heap        ] GC(136) DefNew: 69951K(78656K)->0K(78656K) Eden: 69951K(69952K)->0K(69952K) From: 0K(8704K)->0K(8704K)
[2026-07-01T01:45:26.442+0000][42.247s][info][gc,heap        ] GC(136) Tenured: 161636K(174784K)->162047K(174784K)
[2026-07-01T01:45:26.442+0000][42.247s][info][gc,metaspace   ] GC(136) Metaspace: 41232K(42112K)->41232K(42112K) NonClass: 36207K(36608K)->36207K(36608K) Class: 5025K(5504K)->5025K(5504K)
[2026-07-01T01:45:26.442+0000][42.247s][info][gc             ] GC(136) Pause Full (Allocation Failure) 226M->158M(247M) 186.377ms
[2026-07-01T01:45:26.442+0000][42.247s][info][gc,cpu         ] GC(136) User=0.19s Sys=0.00s Real=0.19s
[2026-07-01T01:45:26.901+0000][42.706s][info][gc,start       ] GC(137) Pause Young (Allocation Failure)
[2026-07-01T01:45:26.902+0000][42.706s][info][gc             ] GC(137) Pause Young (Allocation Failure) 226M->226M(247M) 0.119ms
[2026-07-01T01:45:26.902+0000][42.706s][info][gc,cpu         ] GC(137) User=0.00s Sys=0.00s Real=0.00s
[2026-07-01T01:45:26.902+0000][42.706s][info][gc,start       ] GC(138) Pause Full (Allocation Failure)
[2026-07-01T01:45:26.902+0000][42.706s][info][gc,phases,start] GC(138) Phase 1: Mark live objects
[2026-07-01T01:45:26.992+0000][42.796s][info][gc,phases      ] GC(138) Phase 1: Mark live objects 89.874ms
[2026-07-01T01:45:26.992+0000][42.796s][info][gc,phases,start] GC(138) Phase 2: Compute new object addresses
[2026-07-01T01:45:27.039+0000][42.843s][info][gc,phases      ] GC(138) Phase 2: Compute new object addresses 47.269ms
[2026-07-01T01:45:27.039+0000][42.843s][info][gc,phases,start] GC(138) Phase 3: Adjust pointers
[2026-07-01T01:45:27.087+0000][42.891s][info][gc,phases      ] GC(138) Phase 3: Adjust pointers 47.696ms
[2026-07-01T01:45:27.087+0000][42.891s][info][gc,phases,start] GC(138) Phase 4: Move objects
[2026-07-01T01:45:27.087+0000][42.892s][info][gc,phases      ] GC(138) Phase 4: Move objects 0.642ms
[2026-07-01T01:45:27.087+0000][42.892s][info][gc,heap        ] GC(138) DefNew: 69952K(78656K)->0K(78656K) Eden: 69952K(69952K)->0K(69952K) From: 0K(8704K)->0K(8704K)
[2026-07-01T01:45:27.087+0000][42.892s][info][gc,heap        ] GC(138) Tenured: 162047K(174784K)->162820K(174784K)
[2026-07-01T01:45:27.087+0000][42.892s][info][gc,metaspace   ] GC(138) Metaspace: 41232K(42112K)->41232K(42112K) NonClass: 36207K(36608K)->36207K(36608K) Class: 5025K(5504K)->5025K(5504K)
[2026-07-01T01:45:27.088+0000][42.892s][info][gc             ] GC(138) Pause Full (Allocation Failure) 226M->159M(247M) 185.861ms
[2026-07-01T01:45:27.088+0000][42.892s][info][gc,cpu         ] GC(138) User=0.19s Sys=0.00s Real=0.18s
[2026-07-01T01:45:27.720+0000][43.525s][info][gc,start       ] GC(139) Pause Young (Allocation Failure)
[2026-07-01T01:45:27.720+0000][43.525s][info][gc             ] GC(139) Pause Young (Allocation Failure) 227M->227M(247M) 0.109ms
[2026-07-01T01:45:27.720+0000][43.525s][info][gc,cpu         ] GC(139) User=0.00s Sys=0.00s Real=0.00s
[2026-07-01T01:45:27.720+0000][43.525s][info][gc,start       ] GC(140) Pause Full (Allocation Failure)
[2026-07-01T01:45:27.720+0000][43.525s][info][gc,phases,start] GC(140) Phase 1: Mark live objects
[2026-07-01T01:45:27.835+0000][43.639s][info][gc,phases      ] GC(140) Phase 1: Mark live objects 114.384ms
[2026-07-01T01:45:27.835+0000][43.639s][info][gc,phases,start] GC(140) Phase 2: Compute new object addresses
[2026-07-01T01:45:27.882+0000][43.686s][info][gc,phases      ] GC(140) Phase 2: Compute new object addresses 46.906ms
[2026-07-01T01:45:27.882+0000][43.686s][info][gc,phases,start] GC(140) Phase 3: Adjust pointers
[2026-07-01T01:45:27.934+0000][43.738s][info][gc,phases      ] GC(140) Phase 3: Adjust pointers 52.084ms
[2026-07-01T01:45:27.934+0000][43.738s][info][gc,phases,start] GC(140) Phase 4: Move objects
[2026-07-01T01:45:27.963+0000][43.767s][info][gc,phases      ] GC(140) Phase 4: Move objects 28.955ms
[2026-07-01T01:45:27.963+0000][43.767s][info][gc,heap        ] GC(140) DefNew: 69952K(78656K)->0K(78656K) Eden: 69952K(69952K)->0K(69952K) From: 0K(8704K)->0K(8704K)
[2026-07-01T01:45:27.963+0000][43.767s][info][gc,heap        ] GC(140) Tenured: 162820K(174784K)->160299K(174784K)
[2026-07-01T01:45:27.963+0000][43.767s][info][gc,metaspace   ] GC(140) Metaspace: 41235K(42112K)->41235K(42112K) NonClass: 36210K(36608K)->36210K(36608K) Class: 5025K(5504K)->5025K(5504K)
[2026-07-01T01:45:27.963+0000][43.767s][info][gc             ] GC(140) Pause Full (Allocation Failure) 227M->156M(247M) 242.754ms
[2026-07-01T01:45:27.963+0000][43.767s][info][gc,cpu         ] GC(140) User=0.24s Sys=0.00s Real=0.24s
[2026-07-01T01:45:28.400+0000][44.205s][info][gc,start       ] GC(141) Pause Young (Allocation Failure)
[2026-07-01T01:45:28.400+0000][44.205s][info][gc             ] GC(141) Pause Young (Allocation Failure) 224M->224M(247M) 0.084ms
[2026-07-01T01:45:28.400+0000][44.205s][info][gc,cpu         ] GC(141) User=0.00s Sys=0.00s Real=0.00s
[2026-07-01T01:45:28.400+0000][44.205s][info][gc,start       ] GC(142) Pause Full (Allocation Failure)
[2026-07-01T01:45:28.400+0000][44.205s][info][gc,phases,start] GC(142) Phase 1: Mark live objects
[2026-07-01T01:45:28.492+0000][44.297s][info][gc,phases      ] GC(142) Phase 1: Mark live objects 91.766ms
[2026-07-01T01:45:28.492+0000][44.297s][info][gc,phases,start] GC(142) Phase 2: Compute new object addresses
[2026-07-01T01:45:28.539+0000][44.344s][info][gc,phases      ] GC(142) Phase 2: Compute new object addresses 47.313ms
[2026-07-01T01:45:28.539+0000][44.344s][info][gc,phases,start] GC(142) Phase 3: Adjust pointers
[2026-07-01T01:45:28.587+0000][44.392s][info][gc,phases      ] GC(142) Phase 3: Adjust pointers 47.679ms
[2026-07-01T01:45:28.587+0000][44.392s][info][gc,phases,start] GC(142) Phase 4: Move objects
[2026-07-01T01:45:28.587+0000][44.392s][info][gc,phases      ] GC(142) Phase 4: Move objects 0.347ms
[2026-07-01T01:45:28.588+0000][44.392s][info][gc,heap        ] GC(142) DefNew: 69952K(78656K)->0K(78656K) Eden: 69952K(69952K)->0K(69952K) From: 0K(8704K)->0K(8704K)
[2026-07-01T01:45:28.588+0000][44.392s][info][gc,heap        ] GC(142) Tenured: 160299K(174784K)->160757K(174784K)
[2026-07-01T01:45:28.588+0000][44.392s][info][gc,metaspace   ] GC(142) Metaspace: 41236K(42112K)->41236K(42112K) NonClass: 36210K(36608K)->36210K(36608K) Class: 5025K(5504K)->5025K(5504K)
[2026-07-01T01:45:28.588+0000][44.392s][info][gc             ] GC(142) Pause Full (Allocation Failure) 224M->156M(247M) 187.488ms
[2026-07-01T01:45:28.588+0000][44.392s][info][gc,cpu         ] GC(142) User=0.19s Sys=0.00s Real=0.18s
[2026-07-01T01:45:29.032+0000][44.836s][info][gc,start       ] GC(143) Pause Young (Allocation Failure)
[2026-07-01T01:45:29.032+0000][44.837s][info][gc             ] GC(143) Pause Young (Allocation Failure) 225M->225M(247M) 0.237ms
[2026-07-01T01:45:29.032+0000][44.837s][info][gc,cpu         ] GC(143) User=0.00s Sys=0.00s Real=0.00s
[2026-07-01T01:45:29.032+0000][44.837s][info][gc,start       ] GC(144) Pause Full (Allocation Failure)
[2026-07-01T01:45:29.032+0000][44.837s][info][gc,phases,start] GC(144) Phase 1: Mark live objects
[2026-07-01T01:45:29.124+0000][44.928s][info][gc,phases      ] GC(144) Phase 1: Mark live objects 91.649ms
[2026-07-01T01:45:29.124+0000][44.928s][info][gc,phases,start] GC(144) Phase 2: Compute new object addresses
[2026-07-01T01:45:29.171+0000][44.976s][info][gc,phases      ] GC(144) Phase 2: Compute new object addresses 47.257ms
[2026-07-01T01:45:29.171+0000][44.976s][info][gc,phases,start] GC(144) Phase 3: Adjust pointers
[2026-07-01T01:45:29.219+0000][45.023s][info][gc,phases      ] GC(144) Phase 3: Adjust pointers 47.869ms
[2026-07-01T01:45:29.219+0000][45.023s][info][gc,phases,start] GC(144) Phase 4: Move objects
[2026-07-01T01:45:29.219+0000][45.024s][info][gc,phases      ] GC(144) Phase 4: Move objects 0.567ms
[2026-07-01T01:45:29.220+0000][45.024s][info][gc,heap        ] GC(144) DefNew: 69952K(78656K)->0K(78656K) Eden: 69952K(69952K)->0K(69952K) From: 0K(8704K)->0K(8704K)
[2026-07-01T01:45:29.220+0000][45.024s][info][gc,heap        ] GC(144) Tenured: 160757K(174784K)->162354K(174784K)
[2026-07-01T01:45:29.220+0000][45.024s][info][gc,metaspace   ] GC(144) Metaspace: 41237K(42112K)->41237K(42112K) NonClass: 36211K(36608K)->36211K(36608K) Class: 5025K(5504K)->5025K(5504K)
[2026-07-01T01:45:29.220+0000][45.024s][info][gc             ] GC(144) Pause Full (Allocation Failure) 225M->158M(247M) 187.710ms
[2026-07-01T01:45:29.220+0000][45.024s][info][gc,cpu         ] GC(144) User=0.19s Sys=0.00s Real=0.19s
[2026-07-01T01:45:29.697+0000][45.502s][info][gc,start       ] GC(145) Pause Young (Allocation Failure)
[2026-07-01T01:45:29.697+0000][45.502s][info][gc             ] GC(145) Pause Young (Allocation Failure) 226M->226M(247M) 0.093ms
[2026-07-01T01:45:29.697+0000][45.502s][info][gc,cpu         ] GC(145) User=0.00s Sys=0.00s Real=0.00s
[2026-07-01T01:45:29.697+0000][45.502s][info][gc,start       ] GC(146) Pause Full (Allocation Failure)
[2026-07-01T01:45:29.697+0000][45.502s][info][gc,phases,start] GC(146) Phase 1: Mark live objects
[2026-07-01T01:45:29.853+0000][45.657s][info][gc,phases      ] GC(146) Phase 1: Mark live objects 155.526ms
[2026-07-01T01:45:29.853+0000][45.657s][info][gc,phases,start] GC(146) Phase 2: Compute new object addresses
[2026-07-01T01:45:29.920+0000][45.725s][info][gc,phases      ] GC(146) Phase 2: Compute new object addresses 67.035ms
[2026-07-01T01:45:29.920+0000][45.725s][info][gc,phases,start] GC(146) Phase 3: Adjust pointers
[2026-07-01T01:45:29.987+0000][45.792s][info][gc,phases      ] GC(146) Phase 3: Adjust pointers 67.439ms
[2026-07-01T01:45:29.988+0000][45.792s][info][gc,phases,start] GC(146) Phase 4: Move objects
[2026-07-01T01:45:29.988+0000][45.792s][info][gc,phases      ] GC(146) Phase 4: Move objects 0.427ms
[2026-07-01T01:45:29.988+0000][45.793s][info][gc,heap        ] GC(146) DefNew: 69952K(78656K)->0K(78656K) Eden: 69952K(69952K)->0K(69952K) From: 0K(8704K)->0K(8704K)
[2026-07-01T01:45:29.988+0000][45.793s][info][gc,heap        ] GC(146) Tenured: 162354K(174784K)->163350K(174784K)
[2026-07-01T01:45:29.988+0000][45.793s][info][gc,metaspace   ] GC(146) Metaspace: 41237K(42112K)->41237K(42112K) NonClass: 36211K(36608K)->36211K(36608K) Class: 5025K(5504K)->5025K(5504K)
[2026-07-01T01:45:29.988+0000][45.793s][info][gc             ] GC(146) Pause Full (Allocation Failure) 226M->159M(247M) 290.846ms
[2026-07-01T01:45:29.988+0000][45.793s][info][gc,cpu         ] GC(146) User=0.29s Sys=0.00s Real=0.30s
[2026-07-01T01:45:30.418+0000][46.222s][info][gc,start       ] GC(147) Pause Young (Allocation Failure)
[2026-07-01T01:45:30.418+0000][46.222s][info][gc             ] GC(147) Pause Young (Allocation Failure) 227M->227M(247M) 0.101ms
[2026-07-01T01:45:30.418+0000][46.222s][info][gc,cpu         ] GC(147) User=0.00s Sys=0.00s Real=0.00s
[2026-07-01T01:45:30.418+0000][46.222s][info][gc,start       ] GC(148) Pause Full (Allocation Failure)
[2026-07-01T01:45:30.418+0000][46.222s][info][gc,phases,start] GC(148) Phase 1: Mark live objects
[2026-07-01T01:45:30.516+0000][46.320s][info][gc,phases      ] GC(148) Phase 1: Mark live objects 97.728ms
[2026-07-01T01:45:30.516+0000][46.320s][info][gc,phases,start] GC(148) Phase 2: Compute new object addresses
[2026-07-01T01:45:30.563+0000][46.367s][info][gc,phases      ] GC(148) Phase 2: Compute new object addresses 47.054ms
[2026-07-01T01:45:30.563+0000][46.367s][info][gc,phases,start] GC(148) Phase 3: Adjust pointers
[2026-07-01T01:45:30.615+0000][46.420s][info][gc,phases      ] GC(148) Phase 3: Adjust pointers 52.620ms
[2026-07-01T01:45:30.615+0000][46.420s][info][gc,phases,start] GC(148) Phase 4: Move objects
[2026-07-01T01:45:30.648+0000][46.452s][info][gc,phases      ] GC(148) Phase 4: Move objects 32.049ms
[2026-07-01T01:45:30.648+0000][46.452s][info][gc,heap        ] GC(148) DefNew: 69952K(78656K)->0K(78656K) Eden: 69952K(69952K)->0K(69952K) From: 0K(8704K)->0K(8704K)
[2026-07-01T01:45:30.648+0000][46.452s][info][gc,heap        ] GC(148) Tenured: 163350K(174784K)->161026K(174784K)
[2026-07-01T01:45:30.648+0000][46.452s][info][gc,metaspace   ] GC(148) Metaspace: 41237K(42112K)->41237K(42112K) NonClass: 36212K(36608K)->36212K(36608K) Class: 5025K(5504K)->5025K(5504K)
[2026-07-01T01:45:30.648+0000][46.452s][info][gc             ] GC(148) Pause Full (Allocation Failure) 227M->157M(247M) 229.867ms
[2026-07-01T01:45:30.648+0000][46.452s][info][gc,cpu         ] GC(148) User=0.29s Sys=0.00s Real=0.23s
[2026-07-01T01:45:31.102+0000][46.907s][info][gc,start       ] GC(149) Pause Young (Allocation Failure)
[2026-07-01T01:45:31.103+0000][46.907s][info][gc             ] GC(149) Pause Young (Allocation Failure) 225M->225M(247M) 0.680ms
[2026-07-01T01:45:31.103+0000][46.907s][info][gc,cpu         ] GC(149) User=0.00s Sys=0.00s Real=0.00s
[2026-07-01T01:45:31.103+0000][46.907s][info][gc,start       ] GC(150) Pause Full (Allocation Failure)
[2026-07-01T01:45:31.103+0000][46.907s][info][gc,phases,start] GC(150) Phase 1: Mark live objects
[2026-07-01T01:45:31.197+0000][47.001s][info][gc,phases      ] GC(150) Phase 1: Mark live objects 93.958ms
[2026-07-01T01:45:31.197+0000][47.001s][info][gc,phases,start] GC(150) Phase 2: Compute new object addresses
[2026-07-01T01:45:31.244+0000][47.049s][info][gc,phases      ] GC(150) Phase 2: Compute new object addresses 47.506ms
[2026-07-01T01:45:31.244+0000][47.049s][info][gc,phases,start] GC(150) Phase 3: Adjust pointers
[2026-07-01T01:45:31.295+0000][47.100s][info][gc,phases      ] GC(150) Phase 3: Adjust pointers 50.560ms
[2026-07-01T01:45:31.295+0000][47.100s][info][gc,phases,start] GC(150) Phase 4: Move objects
[2026-07-01T01:45:31.296+0000][47.100s][info][gc,phases      ] GC(150) Phase 4: Move objects 0.524ms
[2026-07-01T01:45:31.296+0000][47.100s][info][gc,heap        ] GC(150) DefNew: 69952K(78656K)->0K(78656K) Eden: 69952K(69952K)->0K(69952K) From: 0K(8704K)->0K(8704K)
[2026-07-01T01:45:31.296+0000][47.100s][info][gc,heap        ] GC(150) Tenured: 161026K(174784K)->162819K(174784K)
[2026-07-01T01:45:31.296+0000][47.100s][info][gc,metaspace   ] GC(150) Metaspace: 41237K(42112K)->41237K(42112K) NonClass: 36212K(36608K)->36212K(36608K) Class: 5025K(5504K)->5025K(5504K)
[2026-07-01T01:45:31.296+0000][47.100s][info][gc             ] GC(150) Pause Full (Allocation Failure) 225M->159M(247M) 192.955ms
[2026-07-01T01:45:31.296+0000][47.100s][info][gc,cpu         ] GC(150) User=0.19s Sys=0.00s Real=0.19s
[2026-07-01T01:45:31.853+0000][47.657s][info][gc,start       ] GC(151) Pause Young (Allocation Failure)
[2026-07-01T01:45:31.853+0000][47.658s][info][gc             ] GC(151) Pause Young (Allocation Failure) 227M->227M(247M) 0.124ms
[2026-07-01T01:45:31.853+0000][47.658s][info][gc,cpu         ] GC(151) User=0.00s Sys=0.00s Real=0.00s
[2026-07-01T01:45:31.853+0000][47.658s][info][gc,start       ] GC(152) Pause Full (Allocation Failure)
[2026-07-01T01:45:31.853+0000][47.658s][info][gc,phases,start] GC(152) Phase 1: Mark live objects
[2026-07-01T01:45:32.009+0000][47.813s][info][gc,phases      ] GC(152) Phase 1: Mark live objects 155.445ms
[2026-07-01T01:45:32.009+0000][47.813s][info][gc,phases,start] GC(152) Phase 2: Compute new object addresses
[2026-07-01T01:45:32.076+0000][47.881s][info][gc,phases      ] GC(152) Phase 2: Compute new object addresses 67.788ms
[2026-07-01T01:45:32.076+0000][47.881s][info][gc,phases,start] GC(152) Phase 3: Adjust pointers
[2026-07-01T01:45:32.142+0000][47.947s][info][gc,phases      ] GC(152) Phase 3: Adjust pointers 65.884ms
[2026-07-01T01:45:32.142+0000][47.947s][info][gc,phases,start] GC(152) Phase 4: Move objects
[2026-07-01T01:45:32.143+0000][47.947s][info][gc,phases      ] GC(152) Phase 4: Move objects 0.303ms
[2026-07-01T01:45:32.143+0000][47.947s][info][gc,heap        ] GC(152) DefNew: 69952K(78656K)->0K(78656K) Eden: 69952K(69952K)->0K(69952K) From: 0K(8704K)->0K(8704K)
[2026-07-01T01:45:32.143+0000][47.947s][info][gc,heap        ] GC(152) Tenured: 162819K(174784K)->163370K(174784K)
[2026-07-01T01:45:32.143+0000][47.947s][info][gc,metaspace   ] GC(152) Metaspace: 41238K(42112K)->41238K(42112K) NonClass: 36212K(36608K)->36212K(36608K) Class: 5025K(5504K)->5025K(5504K)
[2026-07-01T01:45:32.143+0000][47.947s][info][gc             ] GC(152) Pause Full (Allocation Failure) 227M->159M(247M) 289.811ms
[2026-07-01T01:45:32.143+0000][47.947s][info][gc,cpu         ] GC(152) User=0.30s Sys=0.00s Real=0.29s
[2026-07-01T01:45:32.598+0000][48.402s][info][gc,start       ] GC(153) Pause Young (Allocation Failure)
[2026-07-01T01:45:32.598+0000][48.402s][info][gc             ] GC(153) Pause Young (Allocation Failure) 227M->227M(247M) 0.101ms
[2026-07-01T01:45:32.598+0000][48.402s][info][gc,cpu         ] GC(153) User=0.00s Sys=0.00s Real=0.00s
[2026-07-01T01:45:32.598+0000][48.402s][info][gc,start       ] GC(154) Pause Full (Allocation Failure)
[2026-07-01T01:45:32.598+0000][48.402s][info][gc,phases,start] GC(154) Phase 1: Mark live objects
[2026-07-01T01:45:32.693+0000][48.497s][info][gc,phases      ] GC(154) Phase 1: Mark live objects 94.961ms
[2026-07-01T01:45:32.693+0000][48.497s][info][gc,phases,start] GC(154) Phase 2: Compute new object addresses
[2026-07-01T01:45:32.740+0000][48.545s][info][gc,phases      ] GC(154) Phase 2: Compute new object addresses 47.654ms
[2026-07-01T01:45:32.740+0000][48.545s][info][gc,phases,start] GC(154) Phase 3: Adjust pointers
[2026-07-01T01:45:32.789+0000][48.594s][info][gc,phases      ] GC(154) Phase 3: Adjust pointers 48.808ms
[2026-07-01T01:45:32.789+0000][48.594s][info][gc,phases,start] GC(154) Phase 4: Move objects
[2026-07-01T01:45:32.790+0000][48.594s][info][gc,phases      ] GC(154) Phase 4: Move objects 0.357ms
[2026-07-01T01:45:32.790+0000][48.594s][info][gc,heap        ] GC(154) DefNew: 69951K(78656K)->0K(78656K) Eden: 69951K(69952K)->0K(69952K) From: 0K(8704K)->0K(8704K)
[2026-07-01T01:45:32.790+0000][48.594s][info][gc,heap        ] GC(154) Tenured: 163370K(174784K)->163958K(174784K)
[2026-07-01T01:45:32.790+0000][48.594s][info][gc,metaspace   ] GC(154) Metaspace: 41238K(42112K)->41238K(42112K) NonClass: 36213K(36608K)->36213K(36608K) Class: 5025K(5504K)->5025K(5504K)
[2026-07-01T01:45:32.790+0000][48.594s][info][gc             ] GC(154) Pause Full (Allocation Failure) 227M->160M(247M) 192.159ms
[2026-07-01T01:45:32.790+0000][48.594s][info][gc,cpu         ] GC(154) User=0.19s Sys=0.01s Real=0.20s
[2026-07-01T01:45:33.210+0000][49.014s][info][gc,start       ] GC(155) Pause Young (Allocation Failure)
[2026-07-01T01:45:33.210+0000][49.014s][info][gc             ] GC(155) Pause Young (Allocation Failure) 228M->228M(247M) 0.110ms
[2026-07-01T01:45:33.210+0000][49.014s][info][gc,cpu         ] GC(155) User=0.00s Sys=0.00s Real=0.00s
[2026-07-01T01:45:33.210+0000][49.014s][info][gc,start       ] GC(156) Pause Full (Allocation Failure)
[2026-07-01T01:45:33.210+0000][49.014s][info][gc,phases,start] GC(156) Phase 1: Mark live objects
[2026-07-01T01:45:33.306+0000][49.111s][info][gc,phases      ] GC(156) Phase 1: Mark live objects 96.426ms
[2026-07-01T01:45:33.306+0000][49.111s][info][gc,phases,start] GC(156) Phase 2: Compute new object addresses
[2026-07-01T01:45:33.354+0000][49.158s][info][gc,phases      ] GC(156) Phase 2: Compute new object addresses 47.171ms
[2026-07-01T01:45:33.354+0000][49.158s][info][gc,phases,start] GC(156) Phase 3: Adjust pointers
[2026-07-01T01:45:33.407+0000][49.212s][info][gc,phases      ] GC(156) Phase 3: Adjust pointers 53.881ms
[2026-07-01T01:45:33.408+0000][49.212s][info][gc,phases,start] GC(156) Phase 4: Move objects
[2026-07-01T01:45:33.437+0000][49.241s][info][gc,phases      ] GC(156) Phase 4: Move objects 29.248ms
[2026-07-01T01:45:33.437+0000][49.242s][info][gc,heap        ] GC(156) DefNew: 69952K(78656K)->0K(78656K) Eden: 69952K(69952K)->0K(69952K) From: 0K(8704K)->0K(8704K)
[2026-07-01T01:45:33.437+0000][49.242s][info][gc,heap        ] GC(156) Tenured: 163958K(174784K)->161817K(174784K)
[2026-07-01T01:45:33.437+0000][49.242s][info][gc,metaspace   ] GC(156) Metaspace: 41238K(42112K)->41238K(42112K) NonClass: 36213K(36608K)->36213K(36608K) Class: 5025K(5504K)->5025K(5504K)
[2026-07-01T01:45:33.437+0000][49.242s][info][gc             ] GC(156) Pause Full (Allocation Failure) 228M->158M(247M) 227.161ms
[2026-07-01T01:45:33.437+0000][49.242s][info][gc,cpu         ] GC(156) User=0.22s Sys=0.00s Real=0.22s
[2026-07-01T01:45:33.901+0000][49.706s][info][gc,start       ] GC(157) Pause Young (Allocation Failure)
[2026-07-01T01:45:33.902+0000][49.706s][info][gc             ] GC(157) Pause Young (Allocation Failure) 226M->226M(247M) 0.093ms
[2026-07-01T01:45:33.902+0000][49.706s][info][gc,cpu         ] GC(157) User=0.00s Sys=0.00s Real=0.00s
[2026-07-01T01:45:33.902+0000][49.706s][info][gc,start       ] GC(158) Pause Full (Allocation Failure)
[2026-07-01T01:45:33.902+0000][49.706s][info][gc,phases,start] GC(158) Phase 1: Mark live objects
[2026-07-01T01:45:33.995+0000][49.799s][info][gc,phases      ] GC(158) Phase 1: Mark live objects 93.249ms
[2026-07-01T01:45:33.995+0000][49.799s][info][gc,phases,start] GC(158) Phase 2: Compute new object addresses
[2026-07-01T01:45:34.043+0000][49.847s][info][gc,phases      ] GC(158) Phase 2: Compute new object addresses 47.764ms
[2026-07-01T01:45:34.043+0000][49.847s][info][gc,phases,start] GC(158) Phase 3: Adjust pointers
[2026-07-01T01:45:34.092+0000][49.896s][info][gc,phases      ] GC(158) Phase 3: Adjust pointers 49.107ms
[2026-07-01T01:45:34.092+0000][49.896s][info][gc,phases,start] GC(158) Phase 4: Move objects
[2026-07-01T01:45:34.092+0000][49.897s][info][gc,phases      ] GC(158) Phase 4: Move objects 0.309ms
[2026-07-01T01:45:34.092+0000][49.897s][info][gc,heap        ] GC(158) DefNew: 69952K(78656K)->0K(78656K) Eden: 69952K(69952K)->0K(69952K) From: 0K(8704K)->0K(8704K)
[2026-07-01T01:45:34.092+0000][49.897s][info][gc,heap        ] GC(158) Tenured: 161817K(174784K)->162258K(174784K)
[2026-07-01T01:45:34.092+0000][49.897s][info][gc,metaspace   ] GC(158) Metaspace: 41242K(42112K)->41242K(42112K) NonClass: 36217K(36608K)->36217K(36608K) Class: 5025K(5504K)->5025K(5504K)
[2026-07-01T01:45:34.092+0000][49.897s][info][gc             ] GC(158) Pause Full (Allocation Failure) 226M->158M(247M) 190.794ms
[2026-07-01T01:45:34.092+0000][49.897s][info][gc,cpu         ] GC(158) User=0.19s Sys=0.00s Real=0.19s
[2026-07-01T01:45:34.613+0000][50.417s][info][gc,start       ] GC(159) Pause Young (Allocation Failure)
[2026-07-01T01:45:34.613+0000][50.417s][info][gc             ] GC(159) Pause Young (Allocation Failure) 226M->226M(247M) 0.115ms
[2026-07-01T01:45:34.613+0000][50.417s][info][gc,cpu         ] GC(159) User=0.00s Sys=0.00s Real=0.00s
[2026-07-01T01:45:34.613+0000][50.417s][info][gc,start       ] GC(160) Pause Full (Allocation Failure)
[2026-07-01T01:45:34.613+0000][50.417s][info][gc,phases,start] GC(160) Phase 1: Mark live objects
[2026-07-01T01:45:34.818+0000][50.622s][info][gc,phases      ] GC(160) Phase 1: Mark live objects 204.760ms
[2026-07-01T01:45:34.818+0000][50.622s][info][gc,phases,start] GC(160) Phase 2: Compute new object addresses
[2026-07-01T01:45:34.887+0000][50.691s][info][gc,phases      ] GC(160) Phase 2: Compute new object addresses 69.230ms
[2026-07-01T01:45:34.887+0000][50.692s][info][gc,phases,start] GC(160) Phase 3: Adjust pointers
[2026-07-01T01:45:34.959+0000][50.763s][info][gc,phases      ] GC(160) Phase 3: Adjust pointers 71.663ms
[2026-07-01T01:45:34.959+0000][50.763s][info][gc,phases,start] GC(160) Phase 4: Move objects
[2026-07-01T01:45:34.959+0000][50.764s][info][gc,phases      ] GC(160) Phase 4: Move objects 0.479ms
[2026-07-01T01:45:34.959+0000][50.764s][info][gc,heap        ] GC(160) DefNew: 69952K(78656K)->0K(78656K) Eden: 69952K(69952K)->0K(69952K) From: 0K(8704K)->0K(8704K)
[2026-07-01T01:45:34.959+0000][50.764s][info][gc,heap        ] GC(160) Tenured: 162258K(174784K)->163337K(174784K)
[2026-07-01T01:45:34.959+0000][50.764s][info][gc,metaspace   ] GC(160) Metaspace: 41242K(42112K)->41242K(42112K) NonClass: 36217K(36608K)->36217K(36608K) Class: 5025K(5504K)->5025K(5504K)
[2026-07-01T01:45:34.959+0000][50.764s][info][gc             ] GC(160) Pause Full (Allocation Failure) 226M->159M(247M) 346.571ms
[2026-07-01T01:45:34.959+0000][50.764s][info][gc,cpu         ] GC(160) User=0.35s Sys=0.00s Real=0.35s
[2026-07-01T01:45:35.535+0000][51.340s][info][gc,start       ] GC(161) Pause Young (Allocation Failure)
[2026-07-01T01:45:35.535+0000][51.340s][info][gc             ] GC(161) Pause Young (Allocation Failure) 227M->227M(247M) 0.130ms
[2026-07-01T01:45:35.535+0000][51.340s][info][gc,cpu         ] GC(161) User=0.00s Sys=0.00s Real=0.00s
[2026-07-01T01:45:35.535+0000][51.340s][info][gc,start       ] GC(162) Pause Full (Allocation Failure)
[2026-07-01T01:45:35.535+0000][51.340s][info][gc,phases,start] GC(162) Phase 1: Mark live objects
[2026-07-01T01:45:35.635+0000][51.439s][info][gc,phases      ] GC(162) Phase 1: Mark live objects 99.457ms
[2026-07-01T01:45:35.635+0000][51.439s][info][gc,phases,start] GC(162) Phase 2: Compute new object addresses
[2026-07-01T01:45:35.684+0000][51.488s][info][gc,phases      ] GC(162) Phase 2: Compute new object addresses 48.928ms
[2026-07-01T01:45:35.684+0000][51.488s][info][gc,phases,start] GC(162) Phase 3: Adjust pointers
[2026-07-01T01:45:35.733+0000][51.538s][info][gc,phases      ] GC(162) Phase 3: Adjust pointers 49.622ms
[2026-07-01T01:45:35.733+0000][51.538s][info][gc,phases,start] GC(162) Phase 4: Move objects
[2026-07-01T01:45:35.734+0000][51.539s][info][gc,phases      ] GC(162) Phase 4: Move objects 0.718ms
[2026-07-01T01:45:35.734+0000][51.539s][info][gc,heap        ] GC(162) DefNew: 69952K(78656K)->0K(78656K) Eden: 69952K(69952K)->0K(69952K) From: 0K(8704K)->0K(8704K)
[2026-07-01T01:45:35.734+0000][51.539s][info][gc,heap        ] GC(162) Tenured: 163337K(174784K)->164673K(174784K)
[2026-07-01T01:45:35.734+0000][51.539s][info][gc,metaspace   ] GC(162) Metaspace: 41242K(42112K)->41242K(42112K) NonClass: 36217K(36608K)->36217K(36608K) Class: 5025K(5504K)->5025K(5504K)
[2026-07-01T01:45:35.734+0000][51.539s][info][gc             ] GC(162) Pause Full (Allocation Failure) 227M->160M(247M) 199.124ms
[2026-07-01T01:45:35.734+0000][51.539s][info][gc,cpu         ] GC(162) User=0.20s Sys=0.00s Real=0.20s
[2026-07-01T01:45:36.136+0000][51.941s][info][gc,start       ] GC(163) Pause Young (Allocation Failure)
[2026-07-01T01:45:36.137+0000][51.941s][info][gc             ] GC(163) Pause Young (Allocation Failure) 229M->229M(247M) 0.098ms
[2026-07-01T01:45:36.137+0000][51.941s][info][gc,cpu         ] GC(163) User=0.00s Sys=0.00s Real=0.00s
[2026-07-01T01:45:36.137+0000][51.941s][info][gc,start       ] GC(164) Pause Full (Allocation Failure)
[2026-07-01T01:45:36.137+0000][51.941s][info][gc,phases,start] GC(164) Phase 1: Mark live objects
[2026-07-01T01:45:36.234+0000][52.038s][info][gc,phases      ] GC(164) Phase 1: Mark live objects 97.075ms
[2026-07-01T01:45:36.234+0000][52.038s][info][gc,phases,start] GC(164) Phase 2: Compute new object addresses
[2026-07-01T01:45:36.281+0000][52.086s][info][gc,phases      ] GC(164) Phase 2: Compute new object addresses 47.542ms
[2026-07-01T01:45:36.281+0000][52.086s][info][gc,phases,start] GC(164) Phase 3: Adjust pointers
[2026-07-01T01:45:36.335+0000][52.140s][info][gc,phases      ] GC(164) Phase 3: Adjust pointers 53.757ms
[2026-07-01T01:45:36.335+0000][52.140s][info][gc,phases,start] GC(164) Phase 4: Move objects
[2026-07-01T01:45:36.365+0000][52.169s][info][gc,phases      ] GC(164) Phase 4: Move objects 29.501ms
[2026-07-01T01:45:36.365+0000][52.169s][info][gc,heap        ] GC(164) DefNew: 69952K(78656K)->0K(78656K) Eden: 69952K(69952K)->0K(69952K) From: 0K(8704K)->0K(8704K)
[2026-07-01T01:45:36.365+0000][52.169s][info][gc,heap        ] GC(164) Tenured: 164673K(174784K)->162618K(174784K)
[2026-07-01T01:45:36.365+0000][52.169s][info][gc,metaspace   ] GC(164) Metaspace: 41242K(42112K)->41242K(42112K) NonClass: 36217K(36608K)->36217K(36608K) Class: 5025K(5504K)->5025K(5504K)
[2026-07-01T01:45:36.365+0000][52.169s][info][gc             ] GC(164) Pause Full (Allocation Failure) 229M->158M(247M) 228.273ms
[2026-07-01T01:45:36.365+0000][52.169s][info][gc,cpu         ] GC(164) User=0.23s Sys=0.00s Real=0.23s
[2026-07-01T01:45:36.753+0000][52.557s][info][gc,start       ] GC(165) Pause Young (Allocation Failure)
[2026-07-01T01:45:36.753+0000][52.557s][info][gc             ] GC(165) Pause Young (Allocation Failure) 227M->227M(247M) 0.101ms
[2026-07-01T01:45:36.753+0000][52.558s][info][gc,cpu         ] GC(165) User=0.00s Sys=0.00s Real=0.00s
[2026-07-01T01:45:36.753+0000][52.558s][info][gc,start       ] GC(166) Pause Full (Allocation Failure)
[2026-07-01T01:45:36.753+0000][52.558s][info][gc,phases,start] GC(166) Phase 1: Mark live objects
[2026-07-01T01:45:36.860+0000][52.664s][info][gc,phases      ] GC(166) Phase 1: Mark live objects 106.860ms
[2026-07-01T01:45:36.860+0000][52.664s][info][gc,phases,start] GC(166) Phase 2: Compute new object addresses
[2026-07-01T01:45:36.908+0000][52.712s][info][gc,phases      ] GC(166) Phase 2: Compute new object addresses 47.808ms
[2026-07-01T01:45:36.908+0000][52.712s][info][gc,phases,start] GC(166) Phase 3: Adjust pointers
[2026-07-01T01:45:36.958+0000][52.762s][info][gc,phases      ] GC(166) Phase 3: Adjust pointers 50.049ms
[2026-07-01T01:45:36.958+0000][52.762s][info][gc,phases,start] GC(166) Phase 4: Move objects
[2026-07-01T01:45:36.958+0000][52.763s][info][gc,phases      ] GC(166) Phase 4: Move objects 0.566ms
[2026-07-01T01:45:36.959+0000][52.763s][info][gc,heap        ] GC(166) DefNew: 69952K(78656K)->0K(78656K) Eden: 69952K(69952K)->0K(69952K) From: 0K(8704K)->0K(8704K)
[2026-07-01T01:45:36.959+0000][52.763s][info][gc,heap        ] GC(166) Tenured: 162618K(174784K)->164324K(174784K)
[2026-07-01T01:45:36.959+0000][52.763s][info][gc,metaspace   ] GC(166) Metaspace: 41242K(42112K)->41242K(42112K) NonClass: 36217K(36608K)->36217K(36608K) Class: 5025K(5504K)->5025K(5504K)
[2026-07-01T01:45:36.959+0000][52.763s][info][gc             ] GC(166) Pause Full (Allocation Failure) 227M->160M(247M) 205.669ms
[2026-07-01T01:45:36.959+0000][52.763s][info][gc,cpu         ] GC(166) User=0.20s Sys=0.00s Real=0.21s
[2026-07-01T01:45:37.391+0000][53.196s][info][gc,start       ] GC(167) Pause Young (Allocation Failure)
[2026-07-01T01:45:37.391+0000][53.196s][info][gc             ] GC(167) Pause Young (Allocation Failure) 228M->228M(247M) 0.101ms
[2026-07-01T01:45:37.391+0000][53.196s][info][gc,cpu         ] GC(167) User=0.00s Sys=0.00s Real=0.00s
[2026-07-01T01:45:37.391+0000][53.196s][info][gc,start       ] GC(168) Pause Full (Allocation Failure)
[2026-07-01T01:45:37.391+0000][53.196s][info][gc,phases,start] GC(168) Phase 1: Mark live objects
[2026-07-01T01:45:37.488+0000][53.293s][info][gc,phases      ] GC(168) Phase 1: Mark live objects 97.080ms
[2026-07-01T01:45:37.488+0000][53.293s][info][gc,phases,start] GC(168) Phase 2: Compute new object addresses
[2026-07-01T01:45:37.536+0000][53.341s][info][gc,phases      ] GC(168) Phase 2: Compute new object addresses 47.994ms
[2026-07-01T01:45:37.536+0000][53.341s][info][gc,phases,start] GC(168) Phase 3: Adjust pointers
[2026-07-01T01:45:37.586+0000][53.390s][info][gc,phases      ] GC(168) Phase 3: Adjust pointers 49.638ms
[2026-07-01T01:45:37.586+0000][53.391s][info][gc,phases,start] GC(168) Phase 4: Move objects
[2026-07-01T01:45:37.586+0000][53.391s][info][gc,phases      ] GC(168) Phase 4: Move objects 0.430ms
[2026-07-01T01:45:37.587+0000][53.391s][info][gc,heap        ] GC(168) DefNew: 69952K(78656K)->0K(78656K) Eden: 69952K(69952K)->0K(69952K) From: 0K(8704K)->0K(8704K)
[2026-07-01T01:45:37.587+0000][53.391s][info][gc,heap        ] GC(168) Tenured: 164324K(174784K)->165175K(174784K)
[2026-07-01T01:45:37.587+0000][53.391s][info][gc,metaspace   ] GC(168) Metaspace: 41247K(42112K)->41247K(42112K) NonClass: 36222K(36608K)->36222K(36608K) Class: 5025K(5504K)->5025K(5504K)
[2026-07-01T01:45:37.587+0000][53.391s][info][gc             ] GC(168) Pause Full (Allocation Failure) 228M->161M(247M) 195.527ms
[2026-07-01T01:45:37.587+0000][53.391s][info][gc,cpu         ] GC(168) User=0.19s Sys=0.00s Real=0.19s
[2026-07-01T01:45:37.980+0000][53.784s][info][gc,start       ] GC(169) Pause Young (Allocation Failure)
[2026-07-01T01:45:37.980+0000][53.785s][info][gc             ] GC(169) Pause Young (Allocation Failure) 229M->229M(247M) 0.114ms
[2026-07-01T01:45:37.980+0000][53.785s][info][gc,cpu         ] GC(169) User=0.00s Sys=0.00s Real=0.00s
[2026-07-01T01:45:37.980+0000][53.785s][info][gc,start       ] GC(170) Pause Full (Allocation Failure)
[2026-07-01T01:45:37.980+0000][53.785s][info][gc,phases,start] GC(170) Phase 1: Mark live objects
[2026-07-01T01:45:38.079+0000][53.883s][info][gc,phases      ] GC(170) Phase 1: Mark live objects 98.811ms
[2026-07-01T01:45:38.079+0000][53.884s][info][gc,phases,start] GC(170) Phase 2: Compute new object addresses
[2026-07-01T01:45:38.127+0000][53.932s][info][gc,phases      ] GC(170) Phase 2: Compute new object addresses 48.260ms
[2026-07-01T01:45:38.127+0000][53.932s][info][gc,phases,start] GC(170) Phase 3: Adjust pointers
[2026-07-01T01:45:38.178+0000][53.982s][info][gc,phases      ] GC(170) Phase 3: Adjust pointers 50.377ms
[2026-07-01T01:45:38.178+0000][53.982s][info][gc,phases,start] GC(170) Phase 4: Move objects
[2026-07-01T01:45:38.178+0000][53.983s][info][gc,phases      ] GC(170) Phase 4: Move objects 0.321ms
[2026-07-01T01:45:38.178+0000][53.983s][info][gc,heap        ] GC(170) DefNew: 69952K(78656K)->0K(78656K) Eden: 69952K(69952K)->0K(69952K) From: 0K(8704K)->0K(8704K)
[2026-07-01T01:45:38.178+0000][53.983s][info][gc,heap        ] GC(170) Tenured: 165175K(174784K)->165686K(174784K)
[2026-07-01T01:45:38.178+0000][53.983s][info][gc,metaspace   ] GC(170) Metaspace: 41249K(42112K)->41249K(42112K) NonClass: 36223K(36608K)->36223K(36608K) Class: 5025K(5504K)->5025K(5504K)
[2026-07-01T01:45:38.178+0000][53.983s][info][gc             ] GC(170) Pause Full (Allocation Failure) 229M->161M(247M) 198.179ms
[2026-07-01T01:45:38.178+0000][53.983s][info][gc,cpu         ] GC(170) User=0.20s Sys=0.00s Real=0.20s
[2026-07-01T01:45:38.917+0000][54.722s][info][gc,start       ] GC(171) Pause Young (Allocation Failure)
[2026-07-01T01:45:38.918+0000][54.722s][info][gc             ] GC(171) Pause Young (Allocation Failure) 230M->230M(247M) 0.109ms
[2026-07-01T01:45:38.918+0000][54.722s][info][gc,cpu         ] GC(171) User=0.00s Sys=0.00s Real=0.00s
[2026-07-01T01:45:38.918+0000][54.722s][info][gc,start       ] GC(172) Pause Full (Allocation Failure)
[2026-07-01T01:45:38.918+0000][54.722s][info][gc,phases,start] GC(172) Phase 1: Mark live objects
[2026-07-01T01:45:39.082+0000][54.886s][info][gc,phases      ] GC(172) Phase 1: Mark live objects 163.952ms
[2026-07-01T01:45:39.082+0000][54.886s][info][gc,phases,start] GC(172) Phase 2: Compute new object addresses
[2026-07-01T01:45:39.149+0000][54.953s][info][gc,phases      ] GC(172) Phase 2: Compute new object addresses 67.302ms
[2026-07-01T01:45:39.149+0000][54.953s][info][gc,phases,start] GC(172) Phase 3: Adjust pointers
[2026-07-01T01:45:39.229+0000][55.033s][info][gc,phases      ] GC(172) Phase 3: Adjust pointers 79.726ms
[2026-07-01T01:45:39.229+0000][55.033s][info][gc,phases,start] GC(172) Phase 4: Move objects
[2026-07-01T01:45:39.264+0000][55.068s][info][gc,phases      ] GC(172) Phase 4: Move objects 35.018ms
[2026-07-01T01:45:39.264+0000][55.069s][info][gc,heap        ] GC(172) DefNew: 69951K(78656K)->0K(78656K) Eden: 69951K(69952K)->0K(69952K) From: 0K(8704K)->0K(8704K)
[2026-07-01T01:45:39.264+0000][55.069s][info][gc,heap        ] GC(172) Tenured: 165686K(174784K)->163099K(174784K)
[2026-07-01T01:45:39.264+0000][55.069s][info][gc,metaspace   ] GC(172) Metaspace: 41250K(42112K)->41250K(42112K) NonClass: 36224K(36608K)->36224K(36608K) Class: 5025K(5504K)->5025K(5504K)
[2026-07-01T01:45:39.264+0000][55.069s][info][gc             ] GC(172) Pause Full (Allocation Failure) 230M->159M(247M) 346.453ms
[2026-07-01T01:45:39.264+0000][55.069s][info][gc,cpu         ] GC(172) User=0.37s Sys=0.00s Real=0.35s
[2026-07-01T01:45:39.681+0000][55.486s][info][gc,start       ] GC(173) Pause Young (Allocation Failure)
[2026-07-01T01:45:39.681+0000][55.486s][info][gc             ] GC(173) Pause Young (Allocation Failure) 227M->227M(247M) 0.111ms
[2026-07-01T01:45:39.681+0000][55.486s][info][gc,cpu         ] GC(173) User=0.00s Sys=0.00s Real=0.00s
[2026-07-01T01:45:39.681+0000][55.486s][info][gc,start       ] GC(174) Pause Full (Allocation Failure)
[2026-07-01T01:45:39.681+0000][55.486s][info][gc,phases,start] GC(174) Phase 1: Mark live objects
[2026-07-01T01:45:39.782+0000][55.586s][info][gc,phases      ] GC(174) Phase 1: Mark live objects 100.491ms
[2026-07-01T01:45:39.782+0000][55.586s][info][gc,phases,start] GC(174) Phase 2: Compute new object addresses
[2026-07-01T01:45:39.830+0000][55.634s][info][gc,phases      ] GC(174) Phase 2: Compute new object addresses 48.180ms
[2026-07-01T01:45:39.830+0000][55.634s][info][gc,phases,start] GC(174) Phase 3: Adjust pointers
[2026-07-01T01:45:39.880+0000][55.685s][info][gc,phases      ] GC(174) Phase 3: Adjust pointers 50.185ms
[2026-07-01T01:45:39.880+0000][55.685s][info][gc,phases,start] GC(174) Phase 4: Move objects
[2026-07-01T01:45:39.880+0000][55.685s][info][gc,phases      ] GC(174) Phase 4: Move objects 0.360ms
[2026-07-01T01:45:39.881+0000][55.685s][info][gc,heap        ] GC(174) DefNew: 69952K(78656K)->0K(78656K) Eden: 69952K(69952K)->0K(69952K) From: 0K(8704K)->0K(8704K)
[2026-07-01T01:45:39.881+0000][55.685s][info][gc,heap        ] GC(174) Tenured: 163099K(174784K)->163694K(174784K)
[2026-07-01T01:45:39.881+0000][55.685s][info][gc,metaspace   ] GC(174) Metaspace: 41263K(42176K)->41263K(42176K) NonClass: 36237K(36672K)->36237K(36672K) Class: 5025K(5504K)->5025K(5504K)
[2026-07-01T01:45:39.881+0000][55.685s][info][gc             ] GC(174) Pause Full (Allocation Failure) 227M->159M(247M) 199.614ms
[2026-07-01T01:45:39.881+0000][55.685s][info][gc,cpu         ] GC(174) User=0.25s Sys=0.00s Real=0.20s
[2026-07-01T01:45:40.268+0000][56.072s][info][gc,start       ] GC(175) Pause Young (Allocation Failure)
[2026-07-01T01:45:40.268+0000][56.072s][info][gc             ] GC(175) Pause Young (Allocation Failure) 228M->228M(247M) 0.071ms
[2026-07-01T01:45:40.268+0000][56.072s][info][gc,cpu         ] GC(175) User=0.00s Sys=0.00s Real=0.00s
[2026-07-01T01:45:40.268+0000][56.072s][info][gc,start       ] GC(176) Pause Full (Allocation Failure)
[2026-07-01T01:45:40.268+0000][56.072s][info][gc,phases,start] GC(176) Phase 1: Mark live objects
[2026-07-01T01:45:40.368+0000][56.173s][info][gc,phases      ] GC(176) Phase 1: Mark live objects 100.790ms
[2026-07-01T01:45:40.369+0000][56.173s][info][gc,phases,start] GC(176) Phase 2: Compute new object addresses
[2026-07-01T01:45:40.417+0000][56.221s][info][gc,phases      ] GC(176) Phase 2: Compute new object addresses 48.256ms
[2026-07-01T01:45:40.417+0000][56.221s][info][gc,phases,start] GC(176) Phase 3: Adjust pointers
[2026-07-01T01:45:40.468+0000][56.272s][info][gc,phases      ] GC(176) Phase 3: Adjust pointers 51.084ms
[2026-07-01T01:45:40.468+0000][56.272s][info][gc,phases,start] GC(176) Phase 4: Move objects
[2026-07-01T01:45:40.468+0000][56.273s][info][gc,phases      ] GC(176) Phase 4: Move objects 0.399ms
[2026-07-01T01:45:40.469+0000][56.273s][info][gc,heap        ] GC(176) DefNew: 69952K(78656K)->0K(78656K) Eden: 69952K(69952K)->0K(69952K) From: 0K(8704K)->0K(8704K)
[2026-07-01T01:45:40.469+0000][56.273s][info][gc,heap        ] GC(176) Tenured: 163694K(174784K)->164607K(174784K)
[2026-07-01T01:45:40.469+0000][56.273s][info][gc,metaspace   ] GC(176) Metaspace: 41265K(42176K)->41265K(42176K) NonClass: 36239K(36672K)->36239K(36672K) Class: 5025K(5504K)->5025K(5504K)
[2026-07-01T01:45:40.469+0000][56.273s][info][gc             ] GC(176) Pause Full (Allocation Failure) 228M->160M(247M) 200.902ms
[2026-07-01T01:45:40.469+0000][56.273s][info][gc,cpu         ] GC(176) User=0.20s Sys=0.00s Real=0.21s
[2026-07-01T01:45:40.809+0000][56.614s][info][gc,start       ] GC(177) Pause Young (Allocation Failure)
[2026-07-01T01:45:40.809+0000][56.614s][info][gc             ] GC(177) Pause Young (Allocation Failure) 229M->229M(247M) 0.134ms
[2026-07-01T01:45:40.809+0000][56.614s][info][gc,cpu         ] GC(177) User=0.00s Sys=0.00s Real=0.00s
[2026-07-01T01:45:40.809+0000][56.614s][info][gc,start       ] GC(178) Pause Full (Allocation Failure)
[2026-07-01T01:45:40.809+0000][56.614s][info][gc,phases,start] GC(178) Phase 1: Mark live objects
[2026-07-01T01:45:40.910+0000][56.714s][info][gc,phases      ] GC(178) Phase 1: Mark live objects 100.429ms
[2026-07-01T01:45:40.910+0000][56.714s][info][gc,phases,start] GC(178) Phase 2: Compute new object addresses
[2026-07-01T01:45:40.958+0000][56.763s][info][gc,phases      ] GC(178) Phase 2: Compute new object addresses 48.148ms
[2026-07-01T01:45:40.958+0000][56.763s][info][gc,phases,start] GC(178) Phase 3: Adjust pointers
[2026-07-01T01:45:41.009+0000][56.813s][info][gc,phases      ] GC(178) Phase 3: Adjust pointers 50.403ms
[2026-07-01T01:45:41.009+0000][56.813s][info][gc,phases,start] GC(178) Phase 4: Move objects
[2026-07-01T01:45:41.009+0000][56.814s][info][gc,phases      ] GC(178) Phase 4: Move objects 0.545ms
[2026-07-01T01:45:41.009+0000][56.814s][info][gc,heap        ] GC(178) DefNew: 69951K(78656K)->0K(78656K) Eden: 69951K(69952K)->0K(69952K) From: 0K(8704K)->0K(8704K)
[2026-07-01T01:45:41.009+0000][56.814s][info][gc,heap        ] GC(178) Tenured: 164607K(174784K)->166126K(174784K)
[2026-07-01T01:45:41.009+0000][56.814s][info][gc,metaspace   ] GC(178) Metaspace: 41265K(42176K)->41265K(42176K) NonClass: 36239K(36672K)->36239K(36672K) Class: 5025K(5504K)->5025K(5504K)
[2026-07-01T01:45:41.009+0000][56.814s][info][gc             ] GC(178) Pause Full (Allocation Failure) 229M->162M(247M) 199.935ms
[2026-07-01T01:45:41.009+0000][56.814s][info][gc,cpu         ] GC(178) User=0.20s Sys=0.00s Real=0.20s
[2026-07-01T01:45:41.378+0000][57.182s][info][gc,start       ] GC(179) Pause Young (Allocation Failure)
[2026-07-01T01:45:41.378+0000][57.182s][info][gc             ] GC(179) Pause Young (Allocation Failure) 230M->230M(247M) 0.114ms
[2026-07-01T01:45:41.378+0000][57.182s][info][gc,cpu         ] GC(179) User=0.00s Sys=0.00s Real=0.00s
[2026-07-01T01:45:41.378+0000][57.182s][info][gc,start       ] GC(180) Pause Full (Allocation Failure)
[2026-07-01T01:45:41.378+0000][57.182s][info][gc,phases,start] GC(180) Phase 1: Mark live objects
[2026-07-01T01:45:41.478+0000][57.282s][info][gc,phases      ] GC(180) Phase 1: Mark live objects 99.857ms
[2026-07-01T01:45:41.478+0000][57.282s][info][gc,phases,start] GC(180) Phase 2: Compute new object addresses
[2026-07-01T01:45:41.526+0000][57.330s][info][gc,phases      ] GC(180) Phase 2: Compute new object addresses 47.999ms
[2026-07-01T01:45:41.526+0000][57.330s][info][gc,phases,start] GC(180) Phase 3: Adjust pointers
[2026-07-01T01:45:41.581+0000][57.386s][info][gc,phases      ] GC(180) Phase 3: Adjust pointers 55.527ms
[2026-07-01T01:45:41.581+0000][57.386s][info][gc,phases,start] GC(180) Phase 4: Move objects
[2026-07-01T01:45:41.611+0000][57.416s][info][gc,phases      ] GC(180) Phase 4: Move objects 29.842ms
[2026-07-01T01:45:41.611+0000][57.416s][info][gc,heap        ] GC(180) DefNew: 69952K(78656K)->0K(78656K) Eden: 69952K(69952K)->0K(69952K) From: 0K(8704K)->0K(8704K)
[2026-07-01T01:45:41.611+0000][57.416s][info][gc,heap        ] GC(180) Tenured: 166126K(174784K)->163975K(174784K)
[2026-07-01T01:45:41.611+0000][57.416s][info][gc,metaspace   ] GC(180) Metaspace: 41270K(42176K)->41270K(42176K) NonClass: 36244K(36672K)->36244K(36672K) Class: 5025K(5504K)->5025K(5504K)
[2026-07-01T01:45:41.611+0000][57.416s][info][gc             ] GC(180) Pause Full (Allocation Failure) 230M->160M(247M) 233.666ms
[2026-07-01T01:45:41.611+0000][57.416s][info][gc,cpu         ] GC(180) User=0.23s Sys=0.00s Real=0.24s
[2026-07-01T01:45:41.985+0000][57.789s][info][gc,start       ] GC(181) Pause Young (Allocation Failure)
[2026-07-01T01:45:41.985+0000][57.789s][info][gc             ] GC(181) Pause Young (Allocation Failure) 228M->228M(247M) 0.098ms
[2026-07-01T01:45:41.985+0000][57.789s][info][gc,cpu         ] GC(181) User=0.00s Sys=0.00s Real=0.00s
[2026-07-01T01:45:41.985+0000][57.789s][info][gc,start       ] GC(182) Pause Full (Allocation Failure)
[2026-07-01T01:45:41.985+0000][57.789s][info][gc,phases,start] GC(182) Phase 1: Mark live objects
[2026-07-01T01:45:42.107+0000][57.911s][info][gc,phases      ] GC(182) Phase 1: Mark live objects 122.072ms
[2026-07-01T01:45:42.107+0000][57.912s][info][gc,phases,start] GC(182) Phase 2: Compute new object addresses
[2026-07-01T01:45:42.156+0000][57.961s][info][gc,phases      ] GC(182) Phase 2: Compute new object addresses 49.026ms
[2026-07-01T01:45:42.156+0000][57.961s][info][gc,phases,start] GC(182) Phase 3: Adjust pointers
[2026-07-01T01:45:42.208+0000][58.013s][info][gc,phases      ] GC(182) Phase 3: Adjust pointers 52.312ms
[2026-07-01T01:45:42.208+0000][58.013s][info][gc,phases,start] GC(182) Phase 4: Move objects
[2026-07-01T01:45:42.209+0000][58.013s][info][gc,phases      ] GC(182) Phase 4: Move objects 0.535ms
[2026-07-01T01:45:42.209+0000][58.014s][info][gc,heap        ] GC(182) DefNew: 69952K(78656K)->0K(78656K) Eden: 69952K(69952K)->0K(69952K) From: 0K(8704K)->0K(8704K)
[2026-07-01T01:45:42.209+0000][58.014s][info][gc,heap        ] GC(182) Tenured: 163975K(174784K)->165530K(174784K)
[2026-07-01T01:45:42.209+0000][58.014s][info][gc,metaspace   ] GC(182) Metaspace: 41278K(42176K)->41278K(42176K) NonClass: 36251K(36672K)->36251K(36672K) Class: 5026K(5504K)->5026K(5504K)
[2026-07-01T01:45:42.209+0000][58.014s][info][gc             ] GC(182) Pause Full (Allocation Failure) 228M->161M(247M) 224.369ms
[2026-07-01T01:45:42.209+0000][58.014s][info][gc,cpu         ] GC(182) User=0.23s Sys=0.00s Real=0.23s
[2026-07-01T01:45:42.769+0000][58.574s][info][gc,start       ] GC(183) Pause Young (Allocation Failure)
[2026-07-01T01:45:42.769+0000][58.574s][info][gc             ] GC(183) Pause Young (Allocation Failure) 229M->229M(247M) 0.142ms
[2026-07-01T01:45:42.769+0000][58.574s][info][gc,cpu         ] GC(183) User=0.00s Sys=0.00s Real=0.00s
[2026-07-01T01:45:42.769+0000][58.574s][info][gc,start       ] GC(184) Pause Full (Allocation Failure)
[2026-07-01T01:45:42.769+0000][58.574s][info][gc,phases,start] GC(184) Phase 1: Mark live objects
[2026-07-01T01:45:42.964+0000][58.769s][info][gc,phases      ] GC(184) Phase 1: Mark live objects 194.748ms
[2026-07-01T01:45:42.964+0000][58.769s][info][gc,phases,start] GC(184) Phase 2: Compute new object addresses
[2026-07-01T01:45:43.032+0000][58.836s][info][gc,phases      ] GC(184) Phase 2: Compute new object addresses 67.498ms
[2026-07-01T01:45:43.032+0000][58.836s][info][gc,phases,start] GC(184) Phase 3: Adjust pointers
[2026-07-01T01:45:43.106+0000][58.911s][info][gc,phases      ] GC(184) Phase 3: Adjust pointers 74.630ms
[2026-07-01T01:45:43.106+0000][58.911s][info][gc,phases,start] GC(184) Phase 4: Move objects
[2026-07-01T01:45:43.107+0000][58.911s][info][gc,phases      ] GC(184) Phase 4: Move objects 0.489ms
[2026-07-01T01:45:43.107+0000][58.912s][info][gc,heap        ] GC(184) DefNew: 69952K(78656K)->0K(78656K) Eden: 69952K(69952K)->0K(69952K) From: 0K(8704K)->0K(8704K)
[2026-07-01T01:45:43.107+0000][58.912s][info][gc,heap        ] GC(184) Tenured: 165530K(174784K)->166533K(174784K)
[2026-07-01T01:45:43.107+0000][58.912s][info][gc,metaspace   ] GC(184) Metaspace: 41278K(42176K)->41278K(42176K) NonClass: 36251K(36672K)->36251K(36672K) Class: 5026K(5504K)->5026K(5504K)
[2026-07-01T01:45:43.107+0000][58.912s][info][gc             ] GC(184) Pause Full (Allocation Failure) 229M->162M(247M) 337.834ms
[2026-07-01T01:45:43.107+0000][58.912s][info][gc,cpu         ] GC(184) User=0.30s Sys=0.00s Real=0.33s
[2026-07-01T01:45:43.665+0000][59.470s][info][gc,start       ] GC(185) Pause Young (Allocation Failure)
[2026-07-01T01:45:43.666+0000][59.470s][info][gc             ] GC(185) Pause Young (Allocation Failure) 230M->230M(247M) 0.102ms
[2026-07-01T01:45:43.666+0000][59.470s][info][gc,cpu         ] GC(185) User=0.00s Sys=0.00s Real=0.00s
[2026-07-01T01:45:43.666+0000][59.470s][info][gc,start       ] GC(186) Pause Full (Allocation Failure)
[2026-07-01T01:45:43.666+0000][59.470s][info][gc,phases,start] GC(186) Phase 1: Mark live objects
[2026-07-01T01:45:43.767+0000][59.572s][info][gc,phases      ] GC(186) Phase 1: Mark live objects 101.503ms
[2026-07-01T01:45:43.767+0000][59.572s][info][gc,phases,start] GC(186) Phase 2: Compute new object addresses
[2026-07-01T01:45:43.816+0000][59.620s][info][gc,phases      ] GC(186) Phase 2: Compute new object addresses 48.696ms
[2026-07-01T01:45:43.816+0000][59.620s][info][gc,phases,start] GC(186) Phase 3: Adjust pointers
[2026-07-01T01:45:43.867+0000][59.672s][info][gc,phases      ] GC(186) Phase 3: Adjust pointers 51.470ms
[2026-07-01T01:45:43.867+0000][59.672s][info][gc,phases,start] GC(186) Phase 4: Move objects
[2026-07-01T01:45:43.868+0000][59.673s][info][gc,phases      ] GC(186) Phase 4: Move objects 0.643ms
[2026-07-01T01:45:43.868+0000][59.673s][info][gc,heap        ] GC(186) DefNew: 69952K(78656K)->0K(78656K) Eden: 69952K(69952K)->0K(69952K) From: 0K(8704K)->0K(8704K)
[2026-07-01T01:45:43.868+0000][59.673s][info][gc,heap        ] GC(186) Tenured: 166533K(174784K)->167009K(174784K)
[2026-07-01T01:45:43.868+0000][59.673s][info][gc,metaspace   ] GC(186) Metaspace: 41280K(42176K)->41280K(42176K) NonClass: 36253K(36672K)->36253K(36672K) Class: 5027K(5504K)->5027K(5504K)
[2026-07-01T01:45:43.868+0000][59.673s][info][gc             ] GC(186) Pause Full (Allocation Failure) 230M->163M(247M) 202.716ms
[2026-07-01T01:45:43.868+0000][59.673s][info][gc,cpu         ] GC(186) User=0.20s Sys=0.00s Real=0.21s
[2026-07-01T01:45:44.225+0000][60.030s][info][gc,start       ] GC(187) Pause Young (Allocation Failure)
[2026-07-01T01:45:44.225+0000][60.030s][info][gc             ] GC(187) Pause Young (Allocation Failure) 231M->231M(247M) 0.106ms
[2026-07-01T01:45:44.225+0000][60.030s][info][gc,cpu         ] GC(187) User=0.00s Sys=0.00s Real=0.00s
[2026-07-01T01:45:44.225+0000][60.030s][info][gc,start       ] GC(188) Pause Full (Allocation Failure)
[2026-07-01T01:45:44.225+0000][60.030s][info][gc,phases,start] GC(188) Phase 1: Mark live objects
[2026-07-01T01:45:44.329+0000][60.134s][info][gc,phases      ] GC(188) Phase 1: Mark live objects 103.799ms
[2026-07-01T01:45:44.329+0000][60.134s][info][gc,phases,start] GC(188) Phase 2: Compute new object addresses
[2026-07-01T01:45:44.377+0000][60.182s][info][gc,phases      ] GC(188) Phase 2: Compute new object addresses 48.373ms
[2026-07-01T01:45:44.377+0000][60.182s][info][gc,phases,start] GC(188) Phase 3: Adjust pointers
[2026-07-01T01:45:44.434+0000][60.239s][info][gc,phases      ] GC(188) Phase 3: Adjust pointers 56.635ms
[2026-07-01T01:45:44.434+0000][60.239s][info][gc,phases,start] GC(188) Phase 4: Move objects
[2026-07-01T01:45:44.464+0000][60.269s][info][gc,phases      ] GC(188) Phase 4: Move objects 30.232ms
[2026-07-01T01:45:44.465+0000][60.269s][info][gc,heap        ] GC(188) DefNew: 69952K(78656K)->0K(78656K) Eden: 69952K(69952K)->0K(69952K) From: 0K(8704K)->0K(8704K)
[2026-07-01T01:45:44.465+0000][60.269s][info][gc,heap        ] GC(188) Tenured: 167009K(174784K)->164573K(174784K)
[2026-07-01T01:45:44.465+0000][60.269s][info][gc,metaspace   ] GC(188) Metaspace: 41282K(42176K)->41282K(42176K) NonClass: 36255K(36672K)->36255K(36672K) Class: 5027K(5504K)->5027K(5504K)
[2026-07-01T01:45:44.465+0000][60.269s][info][gc             ] GC(188) Pause Full (Allocation Failure) 231M->160M(247M) 239.460ms
[2026-07-01T01:45:44.465+0000][60.269s][info][gc,cpu         ] GC(188) User=0.24s Sys=0.00s Real=0.24s
[2026-07-01T01:45:44.781+0000][60.585s][info][gc,start       ] GC(189) Pause Young (Allocation Failure)
[2026-07-01T01:45:44.781+0000][60.585s][info][gc             ] GC(189) Pause Young (Allocation Failure) 229M->229M(247M) 0.087ms
[2026-07-01T01:45:44.781+0000][60.585s][info][gc,cpu         ] GC(189) User=0.00s Sys=0.00s Real=0.00s
[2026-07-01T01:45:44.781+0000][60.585s][info][gc,start       ] GC(190) Pause Full (Allocation Failure)
[2026-07-01T01:45:44.781+0000][60.586s][info][gc,phases,start] GC(190) Phase 1: Mark live objects
[2026-07-01T01:45:44.883+0000][60.688s][info][gc,phases      ] GC(190) Phase 1: Mark live objects 102.494ms
[2026-07-01T01:45:44.884+0000][60.688s][info][gc,phases,start] GC(190) Phase 2: Compute new object addresses
[2026-07-01T01:45:44.932+0000][60.737s][info][gc,phases      ] GC(190) Phase 2: Compute new object addresses 48.817ms
[2026-07-01T01:45:44.932+0000][60.737s][info][gc,phases,start] GC(190) Phase 3: Adjust pointers
[2026-07-01T01:45:44.984+0000][60.789s][info][gc,phases      ] GC(190) Phase 3: Adjust pointers 51.936ms
[2026-07-01T01:45:44.984+0000][60.789s][info][gc,phases,start] GC(190) Phase 4: Move objects
[2026-07-01T01:45:44.985+0000][60.789s][info][gc,phases      ] GC(190) Phase 4: Move objects 0.408ms
[2026-07-01T01:45:44.985+0000][60.790s][info][gc,heap        ] GC(190) DefNew: 69952K(78656K)->0K(78656K) Eden: 69952K(69952K)->0K(69952K) From: 0K(8704K)->0K(8704K)
[2026-07-01T01:45:44.985+0000][60.790s][info][gc,heap        ] GC(190) Tenured: 164573K(174784K)->165381K(174784K)
[2026-07-01T01:45:44.985+0000][60.790s][info][gc,metaspace   ] GC(190) Metaspace: 41282K(42176K)->41282K(42176K) NonClass: 36255K(36672K)->36255K(36672K) Class: 5027K(5504K)->5027K(5504K)
[2026-07-01T01:45:44.985+0000][60.790s][info][gc             ] GC(190) Pause Full (Allocation Failure) 229M->161M(247M) 204.043ms
[2026-07-01T01:45:44.985+0000][60.790s][info][gc,cpu         ] GC(190) User=0.20s Sys=0.00s Real=0.20s
[2026-07-01T01:45:45.292+0000][61.097s][info][gc,start       ] GC(191) Pause Young (Allocation Failure)
[2026-07-01T01:45:45.292+0000][61.097s][info][gc             ] GC(191) Pause Young (Allocation Failure) 229M->229M(247M) 0.118ms
[2026-07-01T01:45:45.292+0000][61.097s][info][gc,cpu         ] GC(191) User=0.00s Sys=0.00s Real=0.00s
[2026-07-01T01:45:45.292+0000][61.097s][info][gc,start       ] GC(192) Pause Full (Allocation Failure)
[2026-07-01T01:45:45.292+0000][61.097s][info][gc,phases,start] GC(192) Phase 1: Mark live objects
[2026-07-01T01:45:45.394+0000][61.198s][info][gc,phases      ] GC(192) Phase 1: Mark live objects 101.347ms
[2026-07-01T01:45:45.394+0000][61.198s][info][gc,phases,start] GC(192) Phase 2: Compute new object addresses
[2026-07-01T01:45:45.442+0000][61.247s][info][gc,phases      ] GC(192) Phase 2: Compute new object addresses 48.646ms
[2026-07-01T01:45:45.442+0000][61.247s][info][gc,phases,start] GC(192) Phase 3: Adjust pointers
[2026-07-01T01:45:45.494+0000][61.299s][info][gc,phases      ] GC(192) Phase 3: Adjust pointers 51.697ms
[2026-07-01T01:45:45.494+0000][61.299s][info][gc,phases,start] GC(192) Phase 4: Move objects
[2026-07-01T01:45:45.495+0000][61.299s][info][gc,phases      ] GC(192) Phase 4: Move objects 0.406ms
[2026-07-01T01:45:45.495+0000][61.299s][info][gc,heap        ] GC(192) DefNew: 69952K(78656K)->0K(78656K) Eden: 69952K(69952K)->0K(69952K) From: 0K(8704K)->0K(8704K)
[2026-07-01T01:45:45.495+0000][61.299s][info][gc,heap        ] GC(192) Tenured: 165381K(174784K)->166232K(174784K)
[2026-07-01T01:45:45.495+0000][61.299s][info][gc,metaspace   ] GC(192) Metaspace: 41282K(42176K)->41282K(42176K) NonClass: 36255K(36672K)->36255K(36672K) Class: 5027K(5504K)->5027K(5504K)
[2026-07-01T01:45:45.495+0000][61.299s][info][gc             ] GC(192) Pause Full (Allocation Failure) 229M->162M(247M) 202.482ms
[2026-07-01T01:45:45.495+0000][61.299s][info][gc,cpu         ] GC(192) User=0.20s Sys=0.00s Real=0.20s
[2026-07-01T01:45:45.815+0000][61.620s][info][gc,start       ] GC(193) Pause Young (Allocation Failure)
[2026-07-01T01:45:45.816+0000][61.620s][info][gc             ] GC(193) Pause Young (Allocation Failure) 230M->230M(247M) 0.099ms
[2026-07-01T01:45:45.816+0000][61.620s][info][gc,cpu         ] GC(193) User=0.00s Sys=0.00s Real=0.00s
[2026-07-01T01:45:45.816+0000][61.620s][info][gc,start       ] GC(194) Pause Full (Allocation Failure)
[2026-07-01T01:45:45.816+0000][61.620s][info][gc,phases,start] GC(194) Phase 1: Mark live objects
[2026-07-01T01:45:45.920+0000][61.724s][info][gc,phases      ] GC(194) Phase 1: Mark live objects 104.225ms
[2026-07-01T01:45:45.920+0000][61.724s][info][gc,phases,start] GC(194) Phase 2: Compute new object addresses
[2026-07-01T01:45:45.969+0000][61.773s][info][gc,phases      ] GC(194) Phase 2: Compute new object addresses 48.741ms
[2026-07-01T01:45:45.969+0000][61.773s][info][gc,phases,start] GC(194) Phase 3: Adjust pointers
[2026-07-01T01:45:46.020+0000][61.825s][info][gc,phases      ] GC(194) Phase 3: Adjust pointers 51.774ms
[2026-07-01T01:45:46.020+0000][61.825s][info][gc,phases,start] GC(194) Phase 4: Move objects
[2026-07-01T01:45:46.021+0000][61.826s][info][gc,phases      ] GC(194) Phase 4: Move objects 0.518ms
[2026-07-01T01:45:46.021+0000][61.826s][info][gc,heap        ] GC(194) DefNew: 69952K(78656K)->0K(78656K) Eden: 69952K(69952K)->0K(69952K) From: 0K(8704K)->0K(8704K)
[2026-07-01T01:45:46.021+0000][61.826s][info][gc,heap        ] GC(194) Tenured: 166232K(174784K)->167809K(174784K)
[2026-07-01T01:45:46.021+0000][61.826s][info][gc,metaspace   ] GC(194) Metaspace: 41282K(42176K)->41282K(42176K) NonClass: 36255K(36672K)->36255K(36672K) Class: 5027K(5504K)->5027K(5504K)
[2026-07-01T01:45:46.021+0000][61.826s][info][gc             ] GC(194) Pause Full (Allocation Failure) 230M->163M(247M) 205.663ms
[2026-07-01T01:45:46.021+0000][61.826s][info][gc,cpu         ] GC(194) User=0.21s Sys=0.00s Real=0.21s
[2026-07-01T01:45:46.335+0000][62.140s][info][gc,start       ] GC(195) Pause Young (Allocation Failure)
[2026-07-01T01:45:46.336+0000][62.140s][info][gc             ] GC(195) Pause Young (Allocation Failure) 232M->232M(247M) 0.099ms
[2026-07-01T01:45:46.336+0000][62.140s][info][gc,cpu         ] GC(195) User=0.00s Sys=0.00s Real=0.00s
[2026-07-01T01:45:46.336+0000][62.140s][info][gc,start       ] GC(196) Pause Full (Allocation Failure)
[2026-07-01T01:45:46.336+0000][62.140s][info][gc,phases,start] GC(196) Phase 1: Mark live objects
[2026-07-01T01:45:46.441+0000][62.245s][info][gc,phases      ] GC(196) Phase 1: Mark live objects 105.117ms
[2026-07-01T01:45:46.441+0000][62.245s][info][gc,phases,start] GC(196) Phase 2: Compute new object addresses
[2026-07-01T01:45:46.489+0000][62.294s][info][gc,phases      ] GC(196) Phase 2: Compute new object addresses 48.396ms
[2026-07-01T01:45:46.489+0000][62.294s][info][gc,phases,start] GC(196) Phase 3: Adjust pointers
[2026-07-01T01:45:46.547+0000][62.351s][info][gc,phases      ] GC(196) Phase 3: Adjust pointers 57.271ms
[2026-07-01T01:45:46.547+0000][62.351s][info][gc,phases,start] GC(196) Phase 4: Move objects
[2026-07-01T01:45:46.580+0000][62.384s][info][gc,phases      ] GC(196) Phase 4: Move objects 33.045ms
[2026-07-01T01:45:46.580+0000][62.384s][info][gc,heap        ] GC(196) DefNew: 69952K(78656K)->0K(78656K) Eden: 69952K(69952K)->0K(69952K) From: 0K(8704K)->0K(8704K)
[2026-07-01T01:45:46.580+0000][62.384s][info][gc,heap        ] GC(196) Tenured: 167809K(174784K)->165447K(174784K)
[2026-07-01T01:45:46.580+0000][62.384s][info][gc,metaspace   ] GC(196) Metaspace: 41282K(42176K)->41282K(42176K) NonClass: 36255K(36672K)->36255K(36672K) Class: 5027K(5504K)->5027K(5504K)
[2026-07-01T01:45:46.580+0000][62.385s][info][gc             ] GC(196) Pause Full (Allocation Failure) 232M->161M(247M) 244.245ms
[2026-07-01T01:45:46.580+0000][62.385s][info][gc,cpu         ] GC(196) User=0.24s Sys=0.00s Real=0.25s
[2026-07-01T01:45:46.903+0000][62.707s][info][gc,start       ] GC(197) Pause Young (Allocation Failure)
[2026-07-01T01:45:46.903+0000][62.708s][info][gc             ] GC(197) Pause Young (Allocation Failure) 229M->229M(247M) 0.092ms
[2026-07-01T01:45:46.903+0000][62.708s][info][gc,cpu         ] GC(197) User=0.00s Sys=0.00s Real=0.00s
[2026-07-01T01:45:46.903+0000][62.708s][info][gc,start       ] GC(198) Pause Full (Allocation Failure)
[2026-07-01T01:45:46.903+0000][62.708s][info][gc,phases,start] GC(198) Phase 1: Mark live objects
[2026-07-01T01:45:47.008+0000][62.813s][info][gc,phases      ] GC(198) Phase 1: Mark live objects 105.182ms
[2026-07-01T01:45:47.008+0000][62.813s][info][gc,phases,start] GC(198) Phase 2: Compute new object addresses
[2026-07-01T01:45:47.058+0000][62.863s][info][gc,phases      ] GC(198) Phase 2: Compute new object addresses 49.960ms
[2026-07-01T01:45:47.058+0000][62.863s][info][gc,phases,start] GC(198) Phase 3: Adjust pointers
[2026-07-01T01:45:47.111+0000][62.915s][info][gc,phases      ] GC(198) Phase 3: Adjust pointers 52.231ms
[2026-07-01T01:45:47.111+0000][62.915s][info][gc,phases,start] GC(198) Phase 4: Move objects
[2026-07-01T01:45:47.111+0000][62.916s][info][gc,phases      ] GC(198) Phase 4: Move objects 0.534ms
[2026-07-01T01:45:47.111+0000][62.916s][info][gc,heap        ] GC(198) DefNew: 69952K(78656K)->0K(78656K) Eden: 69952K(69952K)->0K(69952K) From: 0K(8704K)->0K(8704K)
[2026-07-01T01:45:47.111+0000][62.916s][info][gc,heap        ] GC(198) Tenured: 165447K(174784K)->166771K(174784K)
[2026-07-01T01:45:47.111+0000][62.916s][info][gc,metaspace   ] GC(198) Metaspace: 41282K(42176K)->41282K(42176K) NonClass: 36255K(36672K)->36255K(36672K) Class: 5027K(5504K)->5027K(5504K)
[2026-07-01T01:45:47.111+0000][62.916s][info][gc             ] GC(198) Pause Full (Allocation Failure) 229M->162M(247M) 208.324ms
[2026-07-01T01:45:47.111+0000][62.916s][info][gc,cpu         ] GC(198) User=0.21s Sys=0.00s Real=0.21s
[2026-07-01T01:45:47.428+0000][63.233s][info][gc,start       ] GC(199) Pause Young (Allocation Failure)
[2026-07-01T01:45:47.428+0000][63.233s][info][gc             ] GC(199) Pause Young (Allocation Failure) 231M->231M(247M) 0.148ms
[2026-07-01T01:45:47.428+0000][63.233s][info][gc,cpu         ] GC(199) User=0.00s Sys=0.00s Real=0.01s
[2026-07-01T01:45:47.428+0000][63.233s][info][gc,start       ] GC(200) Pause Full (Allocation Failure)
[2026-07-01T01:45:47.428+0000][63.233s][info][gc,phases,start] GC(200) Phase 1: Mark live objects
[2026-07-01T01:45:47.597+0000][63.402s][info][gc,phases      ] GC(200) Phase 1: Mark live objects 168.812ms
[2026-07-01T01:45:47.597+0000][63.402s][info][gc,phases,start] GC(200) Phase 2: Compute new object addresses
[2026-07-01T01:45:47.666+0000][63.471s][info][gc,phases      ] GC(200) Phase 2: Compute new object addresses 68.929ms
[2026-07-01T01:45:47.666+0000][63.471s][info][gc,phases,start] GC(200) Phase 3: Adjust pointers
[2026-07-01T01:45:47.741+0000][63.546s][info][gc,phases      ] GC(200) Phase 3: Adjust pointers 75.169ms
[2026-07-01T01:45:47.741+0000][63.546s][info][gc,phases,start] GC(200) Phase 4: Move objects
[2026-07-01T01:45:47.742+0000][63.546s][info][gc,phases      ] GC(200) Phase 4: Move objects 0.545ms
[2026-07-01T01:45:47.742+0000][63.547s][info][gc,heap        ] GC(200) DefNew: 69952K(78656K)->0K(78656K) Eden: 69952K(69952K)->0K(69952K) From: 0K(8704K)->0K(8704K)
[2026-07-01T01:45:47.742+0000][63.547s][info][gc,heap        ] GC(200) Tenured: 166771K(174784K)->168024K(174784K)
[2026-07-01T01:45:47.742+0000][63.547s][info][gc,metaspace   ] GC(200) Metaspace: 41282K(42176K)->41282K(42176K) NonClass: 36255K(36672K)->36255K(36672K) Class: 5027K(5504K)->5027K(5504K)
[2026-07-01T01:45:47.742+0000][63.547s][info][gc             ] GC(200) Pause Full (Allocation Failure) 231M->164M(247M) 313.961ms
[2026-07-01T01:45:47.742+0000][63.547s][info][gc,cpu         ] GC(200) User=0.31s Sys=0.01s Real=0.31s
[2026-07-01T01:45:48.179+0000][63.983s][info][gc,start       ] GC(201) Pause Young (Allocation Failure)
[2026-07-01T01:45:48.179+0000][63.983s][info][gc             ] GC(201) Pause Young (Allocation Failure) 232M->232M(247M) 0.094ms
[2026-07-01T01:45:48.179+0000][63.984s][info][gc,cpu         ] GC(201) User=0.00s Sys=0.00s Real=0.00s
[2026-07-01T01:45:48.179+0000][63.984s][info][gc,start       ] GC(202) Pause Full (Allocation Failure)
[2026-07-01T01:45:48.179+0000][63.984s][info][gc,phases,start] GC(202) Phase 1: Mark live objects
[2026-07-01T01:45:48.349+0000][64.154s][info][gc,phases      ] GC(202) Phase 1: Mark live objects 170.390ms
[2026-07-01T01:45:48.349+0000][64.154s][info][gc,phases,start] GC(202) Phase 2: Compute new object addresses
[2026-07-01T01:45:48.419+0000][64.224s][info][gc,phases      ] GC(202) Phase 2: Compute new object addresses 69.964ms
[2026-07-01T01:45:48.419+0000][64.224s][info][gc,phases,start] GC(202) Phase 3: Adjust pointers
[2026-07-01T01:45:48.495+0000][64.300s][info][gc,phases      ] GC(202) Phase 3: Adjust pointers 75.586ms
[2026-07-01T01:45:48.495+0000][64.300s][info][gc,phases,start] GC(202) Phase 4: Move objects
[2026-07-01T01:45:48.495+0000][64.300s][info][gc,phases      ] GC(202) Phase 4: Move objects 0.362ms
[2026-07-01T01:45:48.496+0000][64.300s][info][gc,heap        ] GC(202) DefNew: 69952K(78656K)->0K(78656K) Eden: 69952K(69952K)->0K(69952K) From: 0K(8704K)->0K(8704K)
[2026-07-01T01:45:48.496+0000][64.300s][info][gc,heap        ] GC(202) Tenured: 168024K(174784K)->168498K(174784K)
[2026-07-01T01:45:48.496+0000][64.300s][info][gc,metaspace   ] GC(202) Metaspace: 41283K(42176K)->41283K(42176K) NonClass: 36255K(36672K)->36255K(36672K) Class: 5027K(5504K)->5027K(5504K)
[2026-07-01T01:45:48.496+0000][64.300s][info][gc             ] GC(202) Pause Full (Allocation Failure) 232M->164M(247M) 316.752ms
[2026-07-01T01:45:48.496+0000][64.300s][info][gc,cpu         ] GC(202) User=0.31s Sys=0.00s Real=0.31s
[2026-07-01T01:45:48.952+0000][64.756s][info][gc,start       ] GC(203) Pause Young (Allocation Failure)
[2026-07-01T01:45:48.952+0000][64.756s][info][gc,heap        ] GC(203) DefNew: 69946K(78656K)->69946K(78656K) Eden: 69946K(69952K)->69946K(69952K) From: 0K(8704K)->0K(8704K)
[2026-07-01T01:45:48.952+0000][64.756s][info][gc,heap        ] GC(203) Tenured: 168498K(174784K)->168498K(174784K)
[2026-07-01T01:45:48.952+0000][64.756s][info][gc,metaspace   ] GC(203) Metaspace: 41283K(42176K)->41283K(42176K) NonClass: 36255K(36672K)->36255K(36672K) Class: 5027K(5504K)->5027K(5504K)
[2026-07-01T01:45:48.952+0000][64.756s][info][gc             ] GC(203) Pause Young (Allocation Failure) 232M->232M(247M) 0.123ms
[2026-07-01T01:45:48.952+0000][64.756s][info][gc,cpu         ] GC(203) User=0.00s Sys=0.00s Real=0.00s
[2026-07-01T01:45:48.952+0000][64.756s][info][gc,start       ] GC(204) Pause Full (Allocation Failure)
[2026-07-01T01:45:48.952+0000][64.756s][info][gc,phases,start] GC(204) Phase 1: Mark live objects
[2026-07-01T01:45:49.087+0000][64.891s][info][gc,phases      ] GC(204) Phase 1: Mark live objects 134.772ms
[2026-07-01T01:45:49.087+0000][64.891s][info][gc,phases,start] GC(204) Phase 2: Compute new object addresses
[2026-07-01T01:45:49.135+0000][64.940s][info][gc,phases      ] GC(204) Phase 2: Compute new object addresses 48.497ms
[2026-07-01T01:45:49.135+0000][64.940s][info][gc,phases,start] GC(204) Phase 3: Adjust pointers
[2026-07-01T01:45:49.193+0000][64.997s][info][gc,phases      ] GC(204) Phase 3: Adjust pointers 57.529ms
[2026-07-01T01:45:49.193+0000][64.997s][info][gc,phases,start] GC(204) Phase 4: Move objects
[2026-07-01T01:45:49.223+0000][65.028s][info][gc,phases      ] GC(204) Phase 4: Move objects 30.282ms
[2026-07-01T01:45:49.223+0000][65.028s][info][gc,heap        ] GC(204) DefNew: 69946K(78656K)->0K(78656K) Eden: 69946K(69952K)->0K(69952K) From: 0K(8704K)->0K(8704K)
[2026-07-01T01:45:49.223+0000][65.028s][info][gc,heap        ] GC(204) Tenured: 168498K(174784K)->165903K(174784K)
[2026-07-01T01:45:49.223+0000][65.028s][info][gc,metaspace   ] GC(204) Metaspace: 41283K(42176K)->41264K(42176K) NonClass: 36255K(36672K)->36240K(36672K) Class: 5027K(5504K)->5023K(5504K)
[2026-07-01T01:45:49.223+0000][65.028s][info][gc             ] GC(204) Pause Full (Allocation Failure) 232M->162M(247M) 271.530ms
[2026-07-01T01:45:49.223+0000][65.028s][info][gc,cpu         ] GC(204) User=0.27s Sys=0.00s Real=0.27s
[2026-07-01T01:45:49.570+0000][65.375s][info][gc,start       ] GC(205) Pause Young (Allocation Failure)
[2026-07-01T01:45:49.570+0000][65.375s][info][gc             ] GC(205) Pause Young (Allocation Failure) 230M->230M(247M) 0.104ms
[2026-07-01T01:45:49.570+0000][65.375s][info][gc,cpu         ] GC(205) User=0.00s Sys=0.00s Real=0.00s
[2026-07-01T01:45:49.570+0000][65.375s][info][gc,start       ] GC(206) Pause Full (Allocation Failure)
[2026-07-01T01:45:49.570+0000][65.375s][info][gc,phases,start] GC(206) Phase 1: Mark live objects
[2026-07-01T01:45:49.684+0000][65.489s][info][gc,phases      ] GC(206) Phase 1: Mark live objects 113.853ms
[2026-07-01T01:45:49.684+0000][65.489s][info][gc,phases,start] GC(206) Phase 2: Compute new object addresses
[2026-07-01T01:45:49.733+0000][65.538s][info][gc,phases      ] GC(206) Phase 2: Compute new object addresses 49.178ms
[2026-07-01T01:45:49.733+0000][65.538s][info][gc,phases,start] GC(206) Phase 3: Adjust pointers
[2026-07-01T01:45:49.787+0000][65.592s][info][gc,phases      ] GC(206) Phase 3: Adjust pointers 53.963ms
[2026-07-01T01:45:49.787+0000][65.592s][info][gc,phases,start] GC(206) Phase 4: Move objects
[2026-07-01T01:45:49.788+0000][65.592s][info][gc,phases      ] GC(206) Phase 4: Move objects 0.455ms
[2026-07-01T01:45:49.788+0000][65.593s][info][gc,heap        ] GC(206) DefNew: 69952K(78656K)->0K(78656K) Eden: 69952K(69952K)->0K(69952K) From: 0K(8704K)->0K(8704K)
[2026-07-01T01:45:49.788+0000][65.593s][info][gc,heap        ] GC(206) Tenured: 165903K(174784K)->166934K(174784K)
[2026-07-01T01:45:49.788+0000][65.593s][info][gc,metaspace   ] GC(206) Metaspace: 41291K(42176K)->41281K(42176K) NonClass: 36262K(36672K)->36254K(36672K) Class: 5029K(5504K)->5026K(5504K)
[2026-07-01T01:45:49.788+0000][65.593s][info][gc             ] GC(206) Pause Full (Allocation Failure) 230M->163M(247M) 217.867ms
[2026-07-01T01:45:49.788+0000][65.593s][info][gc,cpu         ] GC(206) User=0.22s Sys=0.00s Real=0.22s
[2026-07-01T01:45:50.133+0000][65.938s][info][gc,start       ] GC(207) Pause Young (Allocation Failure)
[2026-07-01T01:45:50.133+0000][65.938s][info][gc             ] GC(207) Pause Young (Allocation Failure) 231M->231M(247M) 0.115ms
[2026-07-01T01:45:50.133+0000][65.938s][info][gc,cpu         ] GC(207) User=0.00s Sys=0.00s Real=0.00s
[2026-07-01T01:45:50.133+0000][65.938s][info][gc,start       ] GC(208) Pause Full (Allocation Failure)
[2026-07-01T01:45:50.133+0000][65.938s][info][gc,phases,start] GC(208) Phase 1: Mark live objects
[2026-07-01T01:45:50.242+0000][66.047s][info][gc,phases      ] GC(208) Phase 1: Mark live objects 108.923ms
[2026-07-01T01:45:50.242+0000][66.047s][info][gc,phases,start] GC(208) Phase 2: Compute new object addresses
[2026-07-01T01:45:50.292+0000][66.096s][info][gc,phases      ] GC(208) Phase 2: Compute new object addresses 49.466ms
[2026-07-01T01:45:50.292+0000][66.096s][info][gc,phases,start] GC(208) Phase 3: Adjust pointers
[2026-07-01T01:45:50.345+0000][66.150s][info][gc,phases      ] GC(208) Phase 3: Adjust pointers 53.586ms
[2026-07-01T01:45:50.345+0000][66.150s][info][gc,phases,start] GC(208) Phase 4: Move objects
[2026-07-01T01:45:50.346+0000][66.150s][info][gc,phases      ] GC(208) Phase 4: Move objects 0.382ms
[2026-07-01T01:45:50.346+0000][66.151s][info][gc,heap        ] GC(208) DefNew: 69952K(78656K)->0K(78656K) Eden: 69952K(69952K)->0K(69952K) From: 0K(8704K)->0K(8704K)
[2026-07-01T01:45:50.346+0000][66.151s][info][gc,heap        ] GC(208) Tenured: 166934K(174784K)->167697K(174784K)
[2026-07-01T01:45:50.346+0000][66.151s][info][gc,metaspace   ] GC(208) Metaspace: 41283K(42176K)->41283K(42176K) NonClass: 36256K(36672K)->36256K(36672K) Class: 5026K(5504K)->5026K(5504K)
[2026-07-01T01:45:50.346+0000][66.151s][info][gc             ] GC(208) Pause Full (Allocation Failure) 231M->163M(247M) 212.787ms
[2026-07-01T01:45:50.346+0000][66.151s][info][gc,cpu         ] GC(208) User=0.22s Sys=0.00s Real=0.21s
[2026-07-01T01:45:50.654+0000][66.459s][info][gc,start       ] GC(209) Pause Young (Allocation Failure)
[2026-07-01T01:45:50.655+0000][66.459s][info][gc             ] GC(209) Pause Young (Allocation Failure) 232M->232M(247M) 0.076ms
[2026-07-01T01:45:50.655+0000][66.459s][info][gc,cpu         ] GC(209) User=0.00s Sys=0.00s Real=0.00s
[2026-07-01T01:45:50.655+0000][66.459s][info][gc,start       ] GC(210) Pause Full (Allocation Failure)
[2026-07-01T01:45:50.655+0000][66.459s][info][gc,phases,start] GC(210) Phase 1: Mark live objects
[2026-07-01T01:45:50.763+0000][66.568s][info][gc,phases      ] GC(210) Phase 1: Mark live objects 108.435ms
[2026-07-01T01:45:50.763+0000][66.568s][info][gc,phases,start] GC(210) Phase 2: Compute new object addresses
[2026-07-01T01:45:50.812+0000][66.617s][info][gc,phases      ] GC(210) Phase 2: Compute new object addresses 49.169ms
[2026-07-01T01:45:50.812+0000][66.617s][info][gc,phases,start] GC(210) Phase 3: Adjust pointers
[2026-07-01T01:45:50.865+0000][66.670s][info][gc,phases      ] GC(210) Phase 3: Adjust pointers 53.010ms
[2026-07-01T01:45:50.865+0000][66.670s][info][gc,phases,start] GC(210) Phase 4: Move objects
[2026-07-01T01:45:50.866+0000][66.671s][info][gc,phases      ] GC(210) Phase 4: Move objects 0.816ms
[2026-07-01T01:45:50.866+0000][66.671s][info][gc,heap        ] GC(210) DefNew: 69952K(78656K)->0K(78656K) Eden: 69952K(69952K)->0K(69952K) From: 0K(8704K)->0K(8704K)
[2026-07-01T01:45:50.866+0000][66.671s][info][gc,heap        ] GC(210) Tenured: 167697K(174784K)->169418K(174784K)
[2026-07-01T01:45:50.866+0000][66.671s][info][gc,metaspace   ] GC(210) Metaspace: 41283K(42176K)->41283K(42176K) NonClass: 36256K(36672K)->36256K(36672K) Class: 5026K(5504K)->5026K(5504K)
[2026-07-01T01:45:50.866+0000][66.671s][info][gc             ] GC(210) Pause Full (Allocation Failure) 232M->165M(247M) 211.798ms
[2026-07-01T01:45:50.866+0000][66.671s][info][gc,cpu         ] GC(210) User=0.21s Sys=0.00s Real=0.21s
[2026-07-01T01:45:51.182+0000][66.987s][info][gc,start       ] GC(211) Pause Young (Allocation Failure)
[2026-07-01T01:45:51.182+0000][66.987s][info][gc             ] GC(211) Pause Young (Allocation Failure) 233M->233M(247M) 0.120ms
[2026-07-01T01:45:51.182+0000][66.987s][info][gc,cpu         ] GC(211) User=0.00s Sys=0.00s Real=0.00s
[2026-07-01T01:45:51.182+0000][66.987s][info][gc,start       ] GC(212) Pause Full (Allocation Failure)
[2026-07-01T01:45:51.182+0000][66.987s][info][gc,phases,start] GC(212) Phase 1: Mark live objects
[2026-07-01T01:45:51.293+0000][67.097s][info][gc,phases      ] GC(212) Phase 1: Mark live objects 110.478ms
[2026-07-01T01:45:51.293+0000][67.097s][info][gc,phases,start] GC(212) Phase 2: Compute new object addresses
[2026-07-01T01:45:51.342+0000][67.146s][info][gc,phases      ] GC(212) Phase 2: Compute new object addresses 48.845ms
[2026-07-01T01:45:51.342+0000][67.146s][info][gc,phases,start] GC(212) Phase 3: Adjust pointers
[2026-07-01T01:45:51.399+0000][67.204s][info][gc,phases      ] GC(212) Phase 3: Adjust pointers 57.861ms
[2026-07-01T01:45:51.399+0000][67.204s][info][gc,phases,start] GC(212) Phase 4: Move objects
[2026-07-01T01:45:51.432+0000][67.237s][info][gc,phases      ] GC(212) Phase 4: Move objects 32.509ms
[2026-07-01T01:45:51.432+0000][67.237s][info][gc,heap        ] GC(212) DefNew: 69952K(78656K)->0K(78656K) Eden: 69952K(69952K)->0K(69952K) From: 0K(8704K)->0K(8704K)
[2026-07-01T01:45:51.432+0000][67.237s][info][gc,heap        ] GC(212) Tenured: 169418K(174784K)->166817K(174784K)
[2026-07-01T01:45:51.432+0000][67.237s][info][gc,metaspace   ] GC(212) Metaspace: 41283K(42176K)->41283K(42176K) NonClass: 36256K(36672K)->36256K(36672K) Class: 5026K(5504K)->5026K(5504K)
[2026-07-01T01:45:51.432+0000][67.237s][info][gc             ] GC(212) Pause Full (Allocation Failure) 233M->162M(247M) 250.108ms
[2026-07-01T01:45:51.432+0000][67.237s][info][gc,cpu         ] GC(212) User=0.25s Sys=0.00s Real=0.25s
[2026-07-01T01:45:51.751+0000][67.555s][info][gc,start       ] GC(213) Pause Young (Allocation Failure)
[2026-07-01T01:45:51.751+0000][67.556s][info][gc             ] GC(213) Pause Young (Allocation Failure) 231M->231M(247M) 0.093ms
[2026-07-01T01:45:51.751+0000][67.556s][info][gc,cpu         ] GC(213) User=0.00s Sys=0.00s Real=0.00s
[2026-07-01T01:45:51.751+0000][67.556s][info][gc,start       ] GC(214) Pause Full (Allocation Failure)
[2026-07-01T01:45:51.751+0000][67.556s][info][gc,phases,start] GC(214) Phase 1: Mark live objects
[2026-07-01T01:45:51.860+0000][67.664s][info][gc,phases      ] GC(214) Phase 1: Mark live objects 108.590ms
[2026-07-01T01:45:51.860+0000][67.664s][info][gc,phases,start] GC(214) Phase 2: Compute new object addresses
[2026-07-01T01:45:51.909+0000][67.713s][info][gc,phases      ] GC(214) Phase 2: Compute new object addresses 49.129ms
[2026-07-01T01:45:51.909+0000][67.713s][info][gc,phases,start] GC(214) Phase 3: Adjust pointers
[2026-07-01T01:45:51.963+0000][67.767s][info][gc,phases      ] GC(214) Phase 3: Adjust pointers 53.608ms
[2026-07-01T01:45:51.963+0000][67.767s][info][gc,phases,start] GC(214) Phase 4: Move objects
[2026-07-01T01:45:51.963+0000][67.768s][info][gc,phases      ] GC(214) Phase 4: Move objects 0.457ms
[2026-07-01T01:45:51.963+0000][67.768s][info][gc,heap        ] GC(214) DefNew: 69952K(78656K)->0K(78656K) Eden: 69952K(69952K)->0K(69952K) From: 0K(8704K)->0K(8704K)
[2026-07-01T01:45:51.963+0000][67.768s][info][gc,heap        ] GC(214) Tenured: 166817K(174784K)->168003K(174784K)
[2026-07-01T01:45:51.963+0000][67.768s][info][gc,metaspace   ] GC(214) Metaspace: 41283K(42176K)->41283K(42176K) NonClass: 36256K(36672K)->36256K(36672K) Class: 5026K(5504K)->5026K(5504K)
[2026-07-01T01:45:51.963+0000][67.768s][info][gc             ] GC(214) Pause Full (Allocation Failure) 231M->164M(247M) 212.188ms
[2026-07-01T01:45:51.963+0000][67.768s][info][gc,cpu         ] GC(214) User=0.21s Sys=0.00s Real=0.21s
[2026-07-01T01:45:52.265+0000][68.069s][info][gc,start       ] GC(215) Pause Young (Allocation Failure)
[2026-07-01T01:45:52.265+0000][68.069s][info][gc             ] GC(215) Pause Young (Allocation Failure) 232M->232M(247M) 0.091ms
[2026-07-01T01:45:52.265+0000][68.069s][info][gc,cpu         ] GC(215) User=0.00s Sys=0.00s Real=0.00s
[2026-07-01T01:45:52.265+0000][68.069s][info][gc,start       ] GC(216) Pause Full (Allocation Failure)
[2026-07-01T01:45:52.265+0000][68.069s][info][gc,phases,start] GC(216) Phase 1: Mark live objects
[2026-07-01T01:45:52.373+0000][68.178s][info][gc,phases      ] GC(216) Phase 1: Mark live objects 108.450ms
[2026-07-01T01:45:52.373+0000][68.178s][info][gc,phases,start] GC(216) Phase 2: Compute new object addresses
[2026-07-01T01:45:52.423+0000][68.227s][info][gc,phases      ] GC(216) Phase 2: Compute new object addresses 49.304ms
[2026-07-01T01:45:52.423+0000][68.227s][info][gc,phases,start] GC(216) Phase 3: Adjust pointers
[2026-07-01T01:45:52.477+0000][68.281s][info][gc,phases      ] GC(216) Phase 3: Adjust pointers 54.061ms
[2026-07-01T01:45:52.477+0000][68.281s][info][gc,phases,start] GC(216) Phase 4: Move objects
[2026-07-01T01:45:52.477+0000][68.282s][info][gc,phases      ] GC(216) Phase 4: Move objects 0.463ms
[2026-07-01T01:45:52.477+0000][68.282s][info][gc,heap        ] GC(216) DefNew: 69952K(78656K)->0K(78656K) Eden: 69952K(69952K)->0K(69952K) From: 0K(8704K)->0K(8704K)
[2026-07-01T01:45:52.477+0000][68.282s][info][gc,heap        ] GC(216) Tenured: 168003K(174784K)->169333K(174784K)
[2026-07-01T01:45:52.477+0000][68.282s][info][gc,metaspace   ] GC(216) Metaspace: 41283K(42176K)->41283K(42176K) NonClass: 36256K(36672K)->36256K(36672K) Class: 5026K(5504K)->5026K(5504K)
[2026-07-01T01:45:52.477+0000][68.282s][info][gc             ] GC(216) Pause Full (Allocation Failure) 232M->165M(247M) 212.649ms
[2026-07-01T01:45:52.477+0000][68.282s][info][gc,cpu         ] GC(216) User=0.21s Sys=0.00s Real=0.21s
[2026-07-01T01:45:52.786+0000][68.590s][info][gc,start       ] GC(217) Pause Young (Allocation Failure)
[2026-07-01T01:45:52.786+0000][68.591s][info][gc             ] GC(217) Pause Young (Allocation Failure) 233M->233M(247M) 0.269ms
[2026-07-01T01:45:52.786+0000][68.591s][info][gc,cpu         ] GC(217) User=0.00s Sys=0.00s Real=0.00s
[2026-07-01T01:45:52.786+0000][68.591s][info][gc,start       ] GC(218) Pause Full (Allocation Failure)
[2026-07-01T01:45:52.786+0000][68.591s][info][gc,phases,start] GC(218) Phase 1: Mark live objects
[2026-07-01T01:45:52.897+0000][68.702s][info][gc,phases      ] GC(218) Phase 1: Mark live objects 111.041ms
[2026-07-01T01:45:52.897+0000][68.702s][info][gc,phases,start] GC(218) Phase 2: Compute new object addresses
[2026-07-01T01:45:52.947+0000][68.751s][info][gc,phases      ] GC(218) Phase 2: Compute new object addresses 49.510ms
[2026-07-01T01:45:52.947+0000][68.751s][info][gc,phases,start] GC(218) Phase 3: Adjust pointers
[2026-07-01T01:45:53.001+0000][68.805s][info][gc,phases      ] GC(218) Phase 3: Adjust pointers 53.876ms
[2026-07-01T01:45:53.001+0000][68.805s][info][gc,phases,start] GC(218) Phase 4: Move objects
[2026-07-01T01:45:53.001+0000][68.806s][info][gc,phases      ] GC(218) Phase 4: Move objects 0.332ms
[2026-07-01T01:45:53.001+0000][68.806s][info][gc,heap        ] GC(218) DefNew: 69952K(78656K)->0K(78656K) Eden: 69952K(69952K)->0K(69952K) From: 0K(8704K)->0K(8704K)
[2026-07-01T01:45:53.001+0000][68.806s][info][gc,heap        ] GC(218) Tenured: 169333K(174784K)->169809K(174784K)
[2026-07-01T01:45:53.001+0000][68.806s][info][gc,metaspace   ] GC(218) Metaspace: 41283K(42176K)->41283K(42176K) NonClass: 36256K(36672K)->36256K(36672K) Class: 5026K(5504K)->5026K(5504K)
[2026-07-01T01:45:53.001+0000][68.806s][info][gc             ] GC(218) Pause Full (Allocation Failure) 233M->165M(247M) 215.138ms
[2026-07-01T01:45:53.001+0000][68.806s][info][gc,cpu         ] GC(218) User=0.21s Sys=0.00s Real=0.22s
[2026-07-01T01:45:53.309+0000][69.113s][info][gc,start       ] GC(219) Pause Young (Allocation Failure)
[2026-07-01T01:45:53.309+0000][69.113s][info][gc             ] GC(219) Pause Young (Allocation Failure) 234M->234M(247M) 0.116ms
[2026-07-01T01:45:53.309+0000][69.113s][info][gc,cpu         ] GC(219) User=0.00s Sys=0.00s Real=0.00s
[2026-07-01T01:45:53.309+0000][69.113s][info][gc,start       ] GC(220) Pause Full (Allocation Failure)
[2026-07-01T01:45:53.309+0000][69.113s][info][gc,phases,start] GC(220) Phase 1: Mark live objects
[2026-07-01T01:45:53.420+0000][69.225s][info][gc,phases      ] GC(220) Phase 1: Mark live objects 111.539ms
[2026-07-01T01:45:53.420+0000][69.225s][info][gc,phases,start] GC(220) Phase 2: Compute new object addresses
[2026-07-01T01:45:53.469+0000][69.274s][info][gc,phases      ] GC(220) Phase 2: Compute new object addresses 49.029ms
[2026-07-01T01:45:53.470+0000][69.274s][info][gc,phases,start] GC(220) Phase 3: Adjust pointers
[2026-07-01T01:45:53.528+0000][69.333s][info][gc,phases      ] GC(220) Phase 3: Adjust pointers 58.582ms
[2026-07-01T01:45:53.528+0000][69.333s][info][gc,phases,start] GC(220) Phase 4: Move objects
[2026-07-01T01:45:53.559+0000][69.364s][info][gc,phases      ] GC(220) Phase 4: Move objects 30.935ms
[2026-07-01T01:45:53.559+0000][69.364s][info][gc,heap        ] GC(220) DefNew: 69952K(78656K)->0K(78656K) Eden: 69952K(69952K)->0K(69952K) From: 0K(8704K)->0K(8704K)
[2026-07-01T01:45:53.559+0000][69.364s][info][gc,heap        ] GC(220) Tenured: 169809K(174784K)->167550K(174784K)
[2026-07-01T01:45:53.559+0000][69.364s][info][gc,metaspace   ] GC(220) Metaspace: 41285K(42176K)->41285K(42176K) NonClass: 36258K(36672K)->36258K(36672K) Class: 5026K(5504K)->5026K(5504K)
[2026-07-01T01:45:53.559+0000][69.364s][info][gc             ] GC(220) Pause Full (Allocation Failure) 234M->163M(247M) 250.537ms
[2026-07-01T01:45:53.559+0000][69.364s][info][gc,cpu         ] GC(220) User=0.25s Sys=0.00s Real=0.25s
[2026-07-01T01:45:53.861+0000][69.665s][info][gc,start       ] GC(221) Pause Young (Allocation Failure)
[2026-07-01T01:45:53.861+0000][69.666s][info][gc             ] GC(221) Pause Young (Allocation Failure) 231M->231M(247M) 0.096ms
[2026-07-01T01:45:53.861+0000][69.666s][info][gc,cpu         ] GC(221) User=0.00s Sys=0.00s Real=0.00s
[2026-07-01T01:45:53.861+0000][69.666s][info][gc,start       ] GC(222) Pause Full (Allocation Failure)
[2026-07-01T01:45:53.861+0000][69.666s][info][gc,phases,start] GC(222) Phase 1: Mark live objects
[2026-07-01T01:45:53.973+0000][69.777s][info][gc,phases      ] GC(222) Phase 1: Mark live objects 111.452ms
[2026-07-01T01:45:53.973+0000][69.777s][info][gc,phases,start] GC(222) Phase 2: Compute new object addresses
[2026-07-01T01:45:54.022+0000][69.827s][info][gc,phases      ] GC(222) Phase 2: Compute new object addresses 49.524ms
[2026-07-01T01:45:54.022+0000][69.827s][info][gc,phases,start] GC(222) Phase 3: Adjust pointers
[2026-07-01T01:45:54.076+0000][69.881s][info][gc,phases      ] GC(222) Phase 3: Adjust pointers 54.044ms
[2026-07-01T01:45:54.076+0000][69.881s][info][gc,phases,start] GC(222) Phase 4: Move objects
[2026-07-01T01:45:54.077+0000][69.881s][info][gc,phases      ] GC(222) Phase 4: Move objects 0.389ms
[2026-07-01T01:45:54.077+0000][69.881s][info][gc,heap        ] GC(222) DefNew: 69952K(78656K)->0K(78656K) Eden: 69952K(69952K)->0K(69952K) From: 0K(8704K)->0K(8704K)
[2026-07-01T01:45:54.077+0000][69.881s][info][gc,heap        ] GC(222) Tenured: 167550K(174784K)->168509K(174784K)
[2026-07-01T01:45:54.077+0000][69.881s][info][gc,metaspace   ] GC(222) Metaspace: 41285K(42176K)->41285K(42176K) NonClass: 36258K(36672K)->36258K(36672K) Class: 5026K(5504K)->5026K(5504K)
[2026-07-01T01:45:54.077+0000][69.881s][info][gc             ] GC(222) Pause Full (Allocation Failure) 231M->164M(247M) 215.809ms
[2026-07-01T01:45:54.077+0000][69.881s][info][gc,cpu         ] GC(222) User=0.22s Sys=0.00s Real=0.21s
[2026-07-01T01:45:54.586+0000][70.391s][info][gc,start       ] GC(223) Pause Young (Allocation Failure)
[2026-07-01T01:45:54.586+0000][70.391s][info][gc             ] GC(223) Pause Young (Allocation Failure) 232M->232M(247M) 0.254ms
[2026-07-01T01:45:54.586+0000][70.391s][info][gc,cpu         ] GC(223) User=0.00s Sys=0.00s Real=0.00s
[2026-07-01T01:45:54.586+0000][70.391s][info][gc,start       ] GC(224) Pause Full (Allocation Failure)
[2026-07-01T01:45:54.586+0000][70.391s][info][gc,phases,start] GC(224) Phase 1: Mark live objects
[2026-07-01T01:45:54.788+0000][70.593s][info][gc,phases      ] GC(224) Phase 1: Mark live objects 202.166ms
[2026-07-01T01:45:54.789+0000][70.593s][info][gc,phases,start] GC(224) Phase 2: Compute new object addresses
[2026-07-01T01:45:54.860+0000][70.664s][info][gc,phases      ] GC(224) Phase 2: Compute new object addresses 71.257ms
[2026-07-01T01:45:54.860+0000][70.664s][info][gc,phases,start] GC(224) Phase 3: Adjust pointers
[2026-07-01T01:45:54.939+0000][70.743s][info][gc,phases      ] GC(224) Phase 3: Adjust pointers 78.678ms
[2026-07-01T01:45:54.939+0000][70.743s][info][gc,phases,start] GC(224) Phase 4: Move objects
[2026-07-01T01:45:54.939+0000][70.743s][info][gc,phases      ] GC(224) Phase 4: Move objects 0.378ms
[2026-07-01T01:45:54.939+0000][70.744s][info][gc,heap        ] GC(224) DefNew: 69952K(78656K)->0K(78656K) Eden: 69952K(69952K)->0K(69952K) From: 0K(8704K)->0K(8704K)
[2026-07-01T01:45:54.939+0000][70.744s][info][gc,heap        ] GC(224) Tenured: 168509K(174784K)->169019K(174784K)
[2026-07-01T01:45:54.939+0000][70.744s][info][gc,metaspace   ] GC(224) Metaspace: 41290K(42176K)->41290K(42176K) NonClass: 36263K(36672K)->36263K(36672K) Class: 5026K(5504K)->5026K(5504K)
[2026-07-01T01:45:54.939+0000][70.744s][info][gc             ] GC(224) Pause Full (Allocation Failure) 232M->165M(247M) 352.950ms
[2026-07-01T01:45:54.939+0000][70.744s][info][gc,cpu         ] GC(224) User=0.33s Sys=0.00s Real=0.36s
[2026-07-01T01:45:55.360+0000][71.165s][info][gc,start       ] GC(225) Pause Young (Allocation Failure)
[2026-07-01T01:45:55.360+0000][71.165s][info][gc             ] GC(225) Pause Young (Allocation Failure) 233M->233M(247M) 0.095ms
[2026-07-01T01:45:55.360+0000][71.165s][info][gc,cpu         ] GC(225) User=0.00s Sys=0.00s Real=0.00s
[2026-07-01T01:45:55.360+0000][71.165s][info][gc,start       ] GC(226) Pause Full (Allocation Failure)
[2026-07-01T01:45:55.360+0000][71.165s][info][gc,phases,start] GC(226) Phase 1: Mark live objects
[2026-07-01T01:45:55.536+0000][71.340s][info][gc,phases      ] GC(226) Phase 1: Mark live objects 175.478ms
[2026-07-01T01:45:55.536+0000][71.340s][info][gc,phases,start] GC(226) Phase 2: Compute new object addresses
[2026-07-01T01:45:55.606+0000][71.411s][info][gc,phases      ] GC(226) Phase 2: Compute new object addresses 70.342ms
[2026-07-01T01:45:55.606+0000][71.411s][info][gc,phases,start] GC(226) Phase 3: Adjust pointers
[2026-07-01T01:45:55.684+0000][71.489s][info][gc,phases      ] GC(226) Phase 3: Adjust pointers 78.014ms
[2026-07-01T01:45:55.684+0000][71.489s][info][gc,phases,start] GC(226) Phase 4: Move objects
[2026-07-01T01:45:55.685+0000][71.490s][info][gc,phases      ] GC(226) Phase 4: Move objects 0.872ms
[2026-07-01T01:45:55.685+0000][71.490s][info][gc,heap        ] GC(226) DefNew: 69952K(78656K)->0K(78656K) Eden: 69952K(69952K)->0K(69952K) From: 0K(8704K)->0K(8704K)
[2026-07-01T01:45:55.685+0000][71.490s][info][gc,heap        ] GC(226) Tenured: 169019K(174784K)->170708K(174784K)
[2026-07-01T01:45:55.685+0000][71.490s][info][gc,metaspace   ] GC(226) Metaspace: 41290K(42176K)->41290K(42176K) NonClass: 36263K(36672K)->36263K(36672K) Class: 5026K(5504K)->5026K(5504K)
[2026-07-01T01:45:55.685+0000][71.490s][info][gc             ] GC(226) Pause Full (Allocation Failure) 233M->166M(247M) 325.190ms
[2026-07-01T01:45:55.685+0000][71.490s][info][gc,cpu         ] GC(226) User=0.33s Sys=0.01s Real=0.32s
[2026-07-01T01:45:56.099+0000][71.904s][info][gc,start       ] GC(227) Pause Young (Allocation Failure)
[2026-07-01T01:45:56.100+0000][71.904s][info][gc             ] GC(227) Pause Young (Allocation Failure) 235M->235M(247M) 0.109ms
[2026-07-01T01:45:56.100+0000][71.904s][info][gc,cpu         ] GC(227) User=0.00s Sys=0.00s Real=0.00s
[2026-07-01T01:45:56.100+0000][71.904s][info][gc,start       ] GC(228) Pause Full (Allocation Failure)
[2026-07-01T01:45:56.100+0000][71.904s][info][gc,phases,start] GC(228) Phase 1: Mark live objects
[2026-07-01T01:45:56.242+0000][72.046s][info][gc,phases      ] GC(228) Phase 1: Mark live objects 142.031ms
[2026-07-01T01:45:56.242+0000][72.046s][info][gc,phases,start] GC(228) Phase 2: Compute new object addresses
[2026-07-01T01:45:56.291+0000][72.095s][info][gc,phases      ] GC(228) Phase 2: Compute new object addresses 49.296ms
[2026-07-01T01:45:56.291+0000][72.096s][info][gc,phases,start] GC(228) Phase 3: Adjust pointers
[2026-07-01T01:45:56.350+0000][72.155s][info][gc,phases      ] GC(228) Phase 3: Adjust pointers 59.206ms
[2026-07-01T01:45:56.350+0000][72.155s][info][gc,phases,start] GC(228) Phase 4: Move objects
[2026-07-01T01:45:56.381+0000][72.186s][info][gc,phases      ] GC(228) Phase 4: Move objects 30.933ms
[2026-07-01T01:45:56.381+0000][72.186s][info][gc,heap        ] GC(228) DefNew: 69951K(78656K)->0K(78656K) Eden: 69951K(69952K)->0K(69952K) From: 0K(8704K)->0K(8704K)
[2026-07-01T01:45:56.381+0000][72.186s][info][gc,heap        ] GC(228) Tenured: 170708K(174784K)->168193K(174784K)
[2026-07-01T01:45:56.381+0000][72.186s][info][gc,metaspace   ] GC(228) Metaspace: 41290K(42176K)->41290K(42176K) NonClass: 36263K(36672K)->36263K(36672K) Class: 5026K(5504K)->5026K(5504K)
[2026-07-01T01:45:56.381+0000][72.186s][info][gc             ] GC(228) Pause Full (Allocation Failure) 235M->164M(247M) 281.874ms
[2026-07-01T01:45:56.381+0000][72.186s][info][gc,cpu         ] GC(228) User=0.27s Sys=0.00s Real=0.28s
[2026-07-01T01:45:56.695+0000][72.499s][info][gc,start       ] GC(229) Pause Young (Allocation Failure)
[2026-07-01T01:45:56.695+0000][72.499s][info][gc             ] GC(229) Pause Young (Allocation Failure) 232M->232M(247M) 0.090ms
[2026-07-01T01:45:56.695+0000][72.499s][info][gc,cpu         ] GC(229) User=0.01s Sys=0.00s Real=0.00s
[2026-07-01T01:45:56.695+0000][72.499s][info][gc,start       ] GC(230) Pause Full (Allocation Failure)
[2026-07-01T01:45:56.695+0000][72.499s][info][gc,phases,start] GC(230) Phase 1: Mark live objects
[2026-07-01T01:45:56.805+0000][72.610s][info][gc,phases      ] GC(230) Phase 1: Mark live objects 110.339ms
[2026-07-01T01:45:56.805+0000][72.610s][info][gc,phases,start] GC(230) Phase 2: Compute new object addresses
[2026-07-01T01:45:56.855+0000][72.659s][info][gc,phases      ] GC(230) Phase 2: Compute new object addresses 49.617ms
[2026-07-01T01:45:56.855+0000][72.659s][info][gc,phases,start] GC(230) Phase 3: Adjust pointers
[2026-07-01T01:45:56.909+0000][72.714s][info][gc,phases      ] GC(230) Phase 3: Adjust pointers 54.689ms
[2026-07-01T01:45:56.909+0000][72.714s][info][gc,phases,start] GC(230) Phase 4: Move objects
[2026-07-01T01:45:56.910+0000][72.714s][info][gc,phases      ] GC(230) Phase 4: Move objects 0.399ms
[2026-07-01T01:45:56.910+0000][72.715s][info][gc,heap        ] GC(230) DefNew: 69952K(78656K)->0K(78656K) Eden: 69952K(69952K)->0K(69952K) From: 0K(8704K)->0K(8704K)
[2026-07-01T01:45:56.910+0000][72.715s][info][gc,heap        ] GC(230) Tenured: 168193K(174784K)->169143K(174784K)
[2026-07-01T01:45:56.910+0000][72.715s][info][gc,metaspace   ] GC(230) Metaspace: 41291K(42176K)->41291K(42176K) NonClass: 36264K(36672K)->36264K(36672K) Class: 5026K(5504K)->5026K(5504K)
[2026-07-01T01:45:56.910+0000][72.715s][info][gc             ] GC(230) Pause Full (Allocation Failure) 232M->165M(247M) 215.445ms
[2026-07-01T01:45:56.910+0000][72.715s][info][gc,cpu         ] GC(230) User=0.21s Sys=0.00s Real=0.22s
[2026-07-01T01:45:57.214+0000][73.018s][info][gc,start       ] GC(231) Pause Young (Allocation Failure)
[2026-07-01T01:45:57.214+0000][73.018s][info][gc             ] GC(231) Pause Young (Allocation Failure) 233M->233M(247M) 0.117ms
[2026-07-01T01:45:57.214+0000][73.018s][info][gc,cpu         ] GC(231) User=0.00s Sys=0.00s Real=0.00s
[2026-07-01T01:45:57.214+0000][73.018s][info][gc,start       ] GC(232) Pause Full (Allocation Failure)
[2026-07-01T01:45:57.214+0000][73.018s][info][gc,phases,start] GC(232) Phase 1: Mark live objects
[2026-07-01T01:45:57.328+0000][73.132s][info][gc,phases      ] GC(232) Phase 1: Mark live objects 113.691ms
[2026-07-01T01:45:57.328+0000][73.132s][info][gc,phases,start] GC(232) Phase 2: Compute new object addresses
[2026-07-01T01:45:57.377+0000][73.182s][info][gc,phases      ] GC(232) Phase 2: Compute new object addresses 49.653ms
[2026-07-01T01:45:57.377+0000][73.182s][info][gc,phases,start] GC(232) Phase 3: Adjust pointers
[2026-07-01T01:45:57.432+0000][73.236s][info][gc,phases      ] GC(232) Phase 3: Adjust pointers 54.438ms
[2026-07-01T01:45:57.432+0000][73.236s][info][gc,phases,start] GC(232) Phase 4: Move objects
[2026-07-01T01:45:57.432+0000][73.237s][info][gc,phases      ] GC(232) Phase 4: Move objects 0.513ms
[2026-07-01T01:45:57.432+0000][73.237s][info][gc,heap        ] GC(232) DefNew: 69952K(78656K)->0K(78656K) Eden: 69952K(69952K)->0K(69952K) From: 0K(8704K)->0K(8704K)
[2026-07-01T01:45:57.432+0000][73.237s][info][gc,heap        ] GC(232) Tenured: 169143K(174784K)->170634K(174784K)
[2026-07-01T01:45:57.433+0000][73.237s][info][gc,metaspace   ] GC(232) Metaspace: 41291K(42176K)->41291K(42176K) NonClass: 36264K(36672K)->36264K(36672K) Class: 5026K(5504K)->5026K(5504K)
[2026-07-01T01:45:57.433+0000][73.237s][info][gc             ] GC(232) Pause Full (Allocation Failure) 233M->166M(247M) 218.680ms
[2026-07-01T01:45:57.433+0000][73.237s][info][gc,cpu         ] GC(232) User=0.22s Sys=0.00s Real=0.22s
[2026-07-01T01:45:57.752+0000][73.556s][info][gc,start       ] GC(233) Pause Young (Allocation Failure)
[2026-07-01T01:45:57.752+0000][73.556s][info][gc             ] GC(233) Pause Young (Allocation Failure) 234M->234M(247M) 0.092ms
[2026-07-01T01:45:57.752+0000][73.556s][info][gc,cpu         ] GC(233) User=0.00s Sys=0.00s Real=0.00s
[2026-07-01T01:45:57.752+0000][73.556s][info][gc,start       ] GC(234) Pause Full (Allocation Failure)
[2026-07-01T01:45:57.752+0000][73.557s][info][gc,phases,start] GC(234) Phase 1: Mark live objects
[2026-07-01T01:45:57.865+0000][73.669s][info][gc,phases      ] GC(234) Phase 1: Mark live objects 112.928ms
[2026-07-01T01:45:57.865+0000][73.669s][info][gc,phases,start] GC(234) Phase 2: Compute new object addresses
[2026-07-01T01:45:57.915+0000][73.720s][info][gc,phases      ] GC(234) Phase 2: Compute new object addresses 50.018ms
[2026-07-01T01:45:57.915+0000][73.720s][info][gc,phases,start] GC(234) Phase 3: Adjust pointers
[2026-07-01T01:45:57.970+0000][73.774s][info][gc,phases      ] GC(234) Phase 3: Adjust pointers 54.769ms
[2026-07-01T01:45:57.970+0000][73.774s][info][gc,phases,start] GC(234) Phase 4: Move objects
[2026-07-01T01:45:57.970+0000][73.775s][info][gc,phases      ] GC(234) Phase 4: Move objects 0.309ms
[2026-07-01T01:45:57.970+0000][73.775s][info][gc,heap        ] GC(234) DefNew: 69952K(78656K)->0K(78656K) Eden: 69952K(69952K)->0K(69952K) From: 0K(8704K)->0K(8704K)
[2026-07-01T01:45:57.970+0000][73.775s][info][gc,heap        ] GC(234) Tenured: 170634K(174784K)->171152K(174784K)
[2026-07-01T01:45:57.970+0000][73.775s][info][gc,metaspace   ] GC(234) Metaspace: 41291K(42176K)->41291K(42176K) NonClass: 36264K(36672K)->36264K(36672K) Class: 5026K(5504K)->5026K(5504K)
[2026-07-01T01:45:57.970+0000][73.775s][info][gc             ] GC(234) Pause Full (Allocation Failure) 234M->167M(247M) 218.414ms
[2026-07-01T01:45:57.970+0000][73.775s][info][gc,cpu         ] GC(234) User=0.21s Sys=0.00s Real=0.22s
[2026-07-01T01:45:58.276+0000][74.080s][info][gc,start       ] GC(235) Pause Young (Allocation Failure)
[2026-07-01T01:45:58.276+0000][74.081s][info][gc             ] GC(235) Pause Young (Allocation Failure) 235M->235M(247M) 0.156ms
[2026-07-01T01:45:58.276+0000][74.081s][info][gc,cpu         ] GC(235) User=0.00s Sys=0.00s Real=0.00s
[2026-07-01T01:45:58.276+0000][74.081s][info][gc,start       ] GC(236) Pause Full (Allocation Failure)
[2026-07-01T01:45:58.276+0000][74.081s][info][gc,phases,start] GC(236) Phase 1: Mark live objects
[2026-07-01T01:45:58.390+0000][74.194s][info][gc,phases      ] GC(236) Phase 1: Mark live objects 113.596ms
[2026-07-01T01:45:58.390+0000][74.194s][info][gc,phases,start] GC(236) Phase 2: Compute new object addresses
[2026-07-01T01:45:58.439+0000][74.244s][info][gc,phases      ] GC(236) Phase 2: Compute new object addresses 49.485ms
[2026-07-01T01:45:58.439+0000][74.244s][info][gc,phases,start] GC(236) Phase 3: Adjust pointers
[2026-07-01T01:45:58.499+0000][74.304s][info][gc,phases      ] GC(236) Phase 3: Adjust pointers 59.875ms
[2026-07-01T01:45:58.499+0000][74.304s][info][gc,phases,start] GC(236) Phase 4: Move objects
[2026-07-01T01:45:58.530+0000][74.335s][info][gc,phases      ] GC(236) Phase 4: Move objects 31.048ms
[2026-07-01T01:45:58.531+0000][74.335s][info][gc,heap        ] GC(236) DefNew: 69952K(78656K)->0K(78656K) Eden: 69952K(69952K)->0K(69952K) From: 0K(8704K)->0K(8704K)
[2026-07-01T01:45:58.531+0000][74.335s][info][gc,heap        ] GC(236) Tenured: 171152K(174784K)->168877K(174784K)
[2026-07-01T01:45:58.531+0000][74.335s][info][gc,metaspace   ] GC(236) Metaspace: 41299K(42176K)->41299K(42176K) NonClass: 36272K(36672K)->36272K(36672K) Class: 5026K(5504K)->5026K(5504K)
[2026-07-01T01:45:58.531+0000][74.335s][info][gc             ] GC(236) Pause Full (Allocation Failure) 235M->164M(247M) 254.440ms
[2026-07-01T01:45:58.531+0000][74.335s][info][gc,cpu         ] GC(236) User=0.25s Sys=0.00s Real=0.26s
[2026-07-01T01:45:58.842+0000][74.646s][info][gc,start       ] GC(237) Pause Young (Allocation Failure)
[2026-07-01T01:45:58.842+0000][74.646s][info][gc             ] GC(237) Pause Young (Allocation Failure) 233M->233M(247M) 0.085ms
[2026-07-01T01:45:58.842+0000][74.646s][info][gc,cpu         ] GC(237) User=0.00s Sys=0.00s Real=0.00s
[2026-07-01T01:45:58.842+0000][74.646s][info][gc,start       ] GC(238) Pause Full (Allocation Failure)
[2026-07-01T01:45:58.842+0000][74.646s][info][gc,phases,start] GC(238) Phase 1: Mark live objects
[2026-07-01T01:45:58.957+0000][74.761s][info][gc,phases      ] GC(238) Phase 1: Mark live objects 115.052ms
[2026-07-01T01:45:58.957+0000][74.761s][info][gc,phases,start] GC(238) Phase 2: Compute new object addresses
[2026-07-01T01:45:59.007+0000][74.811s][info][gc,phases      ] GC(238) Phase 2: Compute new object addresses 49.986ms
[2026-07-01T01:45:59.007+0000][74.811s][info][gc,phases,start] GC(238) Phase 3: Adjust pointers
[2026-07-01T01:45:59.063+0000][74.868s][info][gc,phases      ] GC(238) Phase 3: Adjust pointers 56.090ms
[2026-07-01T01:45:59.063+0000][74.868s][info][gc,phases,start] GC(238) Phase 4: Move objects
[2026-07-01T01:45:59.064+0000][74.868s][info][gc,phases      ] GC(238) Phase 4: Move objects 0.543ms
[2026-07-01T01:45:59.064+0000][74.868s][info][gc,heap        ] GC(238) DefNew: 69952K(78656K)->0K(78656K) Eden: 69952K(69952K)->0K(69952K) From: 0K(8704K)->0K(8704K)
[2026-07-01T01:45:59.064+0000][74.868s][info][gc,heap        ] GC(238) Tenured: 168877K(174784K)->170169K(174784K)
[2026-07-01T01:45:59.064+0000][74.868s][info][gc,metaspace   ] GC(238) Metaspace: 41299K(42176K)->41299K(42176K) NonClass: 36272K(36672K)->36272K(36672K) Class: 5026K(5504K)->5026K(5504K)
[2026-07-01T01:45:59.064+0000][74.868s][info][gc             ] GC(238) Pause Full (Allocation Failure) 233M->166M(247M) 222.117ms
[2026-07-01T01:45:59.064+0000][74.868s][info][gc,cpu         ] GC(238) User=0.22s Sys=0.00s Real=0.22s
[2026-07-01T01:45:59.365+0000][75.170s][info][gc,start       ] GC(239) Pause Young (Allocation Failure)
[2026-07-01T01:45:59.366+0000][75.170s][info][gc             ] GC(239) Pause Young (Allocation Failure) 234M->234M(247M) 0.129ms
[2026-07-01T01:45:59.366+0000][75.170s][info][gc,cpu         ] GC(239) User=0.00s Sys=0.00s Real=0.00s
[2026-07-01T01:45:59.366+0000][75.170s][info][gc,start       ] GC(240) Pause Full (Allocation Failure)
[2026-07-01T01:45:59.366+0000][75.170s][info][gc,phases,start] GC(240) Phase 1: Mark live objects
[2026-07-01T01:45:59.480+0000][75.284s][info][gc,phases      ] GC(240) Phase 1: Mark live objects 114.277ms
[2026-07-01T01:45:59.480+0000][75.284s][info][gc,phases,start] GC(240) Phase 2: Compute new object addresses
[2026-07-01T01:45:59.531+0000][75.335s][info][gc,phases      ] GC(240) Phase 2: Compute new object addresses 50.580ms
[2026-07-01T01:45:59.531+0000][75.335s][info][gc,phases,start] GC(240) Phase 3: Adjust pointers
[2026-07-01T01:45:59.586+0000][75.391s][info][gc,phases      ] GC(240) Phase 3: Adjust pointers 55.567ms
[2026-07-01T01:45:59.586+0000][75.391s][info][gc,phases,start] GC(240) Phase 4: Move objects
[2026-07-01T01:45:59.586+0000][75.391s][info][gc,phases      ] GC(240) Phase 4: Move objects 0.308ms
[2026-07-01T01:45:59.587+0000][75.391s][info][gc,heap        ] GC(240) DefNew: 69952K(78656K)->0K(78656K) Eden: 69952K(69952K)->0K(69952K) From: 0K(8704K)->0K(8704K)
[2026-07-01T01:45:59.587+0000][75.391s][info][gc,heap        ] GC(240) Tenured: 170169K(174784K)->170637K(174784K)
[2026-07-01T01:45:59.587+0000][75.391s][info][gc,metaspace   ] GC(240) Metaspace: 41299K(42176K)->41299K(42176K) NonClass: 36272K(36672K)->36272K(36672K) Class: 5026K(5504K)->5026K(5504K)
[2026-07-01T01:45:59.587+0000][75.391s][info][gc             ] GC(240) Pause Full (Allocation Failure) 234M->166M(247M) 221.148ms
[2026-07-01T01:45:59.587+0000][75.391s][info][gc,cpu         ] GC(240) User=0.22s Sys=0.00s Real=0.22s
[2026-07-01T01:45:59.904+0000][75.709s][info][gc,start       ] GC(241) Pause Young (Allocation Failure)
[2026-07-01T01:45:59.904+0000][75.709s][info][gc             ] GC(241) Pause Young (Allocation Failure) 234M->234M(247M) 0.111ms
[2026-07-01T01:45:59.905+0000][75.709s][info][gc,cpu         ] GC(241) User=0.00s Sys=0.00s Real=0.00s
[2026-07-01T01:45:59.905+0000][75.709s][info][gc,start       ] GC(242) Pause Full (Allocation Failure)
[2026-07-01T01:45:59.905+0000][75.709s][info][gc,phases,start] GC(242) Phase 1: Mark live objects
[2026-07-01T01:46:00.020+0000][75.825s][info][gc,phases      ] GC(242) Phase 1: Mark live objects 115.634ms
[2026-07-01T01:46:00.020+0000][75.825s][info][gc,phases,start] GC(242) Phase 2: Compute new object addresses
[2026-07-01T01:46:00.071+0000][75.875s][info][gc,phases      ] GC(242) Phase 2: Compute new object addresses 50.316ms
[2026-07-01T01:46:00.071+0000][75.875s][info][gc,phases,start] GC(242) Phase 3: Adjust pointers
[2026-07-01T01:46:00.126+0000][75.930s][info][gc,phases      ] GC(242) Phase 3: Adjust pointers 55.059ms
[2026-07-01T01:46:00.126+0000][75.930s][info][gc,phases,start] GC(242) Phase 4: Move objects
[2026-07-01T01:46:00.126+0000][75.931s][info][gc,phases      ] GC(242) Phase 4: Move objects 0.552ms
[2026-07-01T01:46:00.126+0000][75.931s][info][gc,heap        ] GC(242) DefNew: 69952K(78656K)->0K(78656K) Eden: 69952K(69952K)->0K(69952K) From: 0K(8704K)->0K(8704K)
[2026-07-01T01:46:00.126+0000][75.931s][info][gc,heap        ] GC(242) Tenured: 170637K(174784K)->172208K(174784K)
[2026-07-01T01:46:00.126+0000][75.931s][info][gc,metaspace   ] GC(242) Metaspace: 41299K(42176K)->41299K(42176K) NonClass: 36272K(36672K)->36272K(36672K) Class: 5026K(5504K)->5026K(5504K)
[2026-07-01T01:46:00.126+0000][75.931s][info][gc             ] GC(242) Pause Full (Allocation Failure) 234M->168M(247M) 221.943ms
[2026-07-01T01:46:00.126+0000][75.931s][info][gc,cpu         ] GC(242) User=0.22s Sys=0.00s Real=0.22s
[2026-07-01T01:46:00.430+0000][76.235s][info][gc,start       ] GC(243) Pause Young (Allocation Failure)
[2026-07-01T01:46:00.430+0000][76.235s][info][gc             ] GC(243) Pause Young (Allocation Failure) 236M->236M(247M) 0.098ms
[2026-07-01T01:46:00.430+0000][76.235s][info][gc,cpu         ] GC(243) User=0.00s Sys=0.00s Real=0.00s
[2026-07-01T01:46:00.430+0000][76.235s][info][gc,start       ] GC(244) Pause Full (Allocation Failure)
[2026-07-01T01:46:00.431+0000][76.235s][info][gc,phases,start] GC(244) Phase 1: Mark live objects
[2026-07-01T01:46:00.549+0000][76.353s][info][gc,phases      ] GC(244) Phase 1: Mark live objects 118.140ms
[2026-07-01T01:46:00.549+0000][76.353s][info][gc,phases,start] GC(244) Phase 2: Compute new object addresses
[2026-07-01T01:46:00.598+0000][76.403s][info][gc,phases      ] GC(244) Phase 2: Compute new object addresses 49.735ms
[2026-07-01T01:46:00.598+0000][76.403s][info][gc,phases,start] GC(244) Phase 3: Adjust pointers
[2026-07-01T01:46:00.658+0000][76.463s][info][gc,phases      ] GC(244) Phase 3: Adjust pointers 59.826ms
[2026-07-01T01:46:00.658+0000][76.463s][info][gc,phases,start] GC(244) Phase 4: Move objects
[2026-07-01T01:46:00.690+0000][76.494s][info][gc,phases      ] GC(244) Phase 4: Move objects 31.280ms
[2026-07-01T01:46:00.690+0000][76.494s][info][gc,heap        ] GC(244) DefNew: 69952K(78656K)->0K(78656K) Eden: 69952K(69952K)->0K(69952K) From: 0K(8704K)->0K(8704K)
[2026-07-01T01:46:00.690+0000][76.494s][info][gc,heap        ] GC(244) Tenured: 172208K(174784K)->169597K(174784K)
[2026-07-01T01:46:00.690+0000][76.494s][info][gc,metaspace   ] GC(244) Metaspace: 41299K(42176K)->41299K(42176K) NonClass: 36273K(36672K)->36273K(36672K) Class: 5026K(5504K)->5026K(5504K)
[2026-07-01T01:46:00.690+0000][76.494s][info][gc             ] GC(244) Pause Full (Allocation Failure) 236M->165M(247M) 259.389ms
[2026-07-01T01:46:00.690+0000][76.494s][info][gc,cpu         ] GC(244) User=0.26s Sys=0.00s Real=0.26s
[2026-07-01T01:46:00.990+0000][76.795s][info][gc,start       ] GC(245) Pause Young (Allocation Failure)
[2026-07-01T01:46:00.990+0000][76.795s][info][gc             ] GC(245) Pause Young (Allocation Failure) 233M->233M(247M) 0.091ms
[2026-07-01T01:46:00.990+0000][76.795s][info][gc,cpu         ] GC(245) User=0.00s Sys=0.00s Real=0.00s
[2026-07-01T01:46:00.990+0000][76.795s][info][gc,start       ] GC(246) Pause Full (Allocation Failure)
[2026-07-01T01:46:00.990+0000][76.795s][info][gc,phases,start] GC(246) Phase 1: Mark live objects
[2026-07-01T01:46:01.108+0000][76.913s][info][gc,phases      ] GC(246) Phase 1: Mark live objects 117.858ms
[2026-07-01T01:46:01.108+0000][76.913s][info][gc,phases,start] GC(246) Phase 2: Compute new object addresses
[2026-07-01T01:46:01.158+0000][76.963s][info][gc,phases      ] GC(246) Phase 2: Compute new object addresses 50.117ms
[2026-07-01T01:46:01.158+0000][76.963s][info][gc,phases,start] GC(246) Phase 3: Adjust pointers
[2026-07-01T01:46:01.214+0000][77.019s][info][gc,phases      ] GC(246) Phase 3: Adjust pointers 55.859ms
[2026-07-01T01:46:01.214+0000][77.019s][info][gc,phases,start] GC(246) Phase 4: Move objects
[2026-07-01T01:46:01.215+0000][77.019s][info][gc,phases      ] GC(246) Phase 4: Move objects 0.356ms
[2026-07-01T01:46:01.215+0000][77.019s][info][gc,heap        ] GC(246) DefNew: 69952K(78656K)->0K(78656K) Eden: 69952K(69952K)->0K(69952K) From: 0K(8704K)->0K(8704K)
[2026-07-01T01:46:01.215+0000][77.019s][info][gc,heap        ] GC(246) Tenured: 169597K(174784K)->170336K(174784K)
[2026-07-01T01:46:01.215+0000][77.019s][info][gc,metaspace   ] GC(246) Metaspace: 41299K(42176K)->41299K(42176K) NonClass: 36273K(36672K)->36273K(36672K) Class: 5026K(5504K)->5026K(5504K)
[2026-07-01T01:46:01.215+0000][77.019s][info][gc             ] GC(246) Pause Full (Allocation Failure) 233M->166M(247M) 224.549ms
[2026-07-01T01:46:01.215+0000][77.019s][info][gc,cpu         ] GC(246) User=0.22s Sys=0.00s Real=0.22s
[2026-07-01T01:46:01.513+0000][77.317s][info][gc,start       ] GC(247) Pause Young (Allocation Failure)
[2026-07-01T01:46:01.513+0000][77.318s][info][gc             ] GC(247) Pause Young (Allocation Failure) 234M->234M(247M) 0.113ms
[2026-07-01T01:46:01.513+0000][77.318s][info][gc,cpu         ] GC(247) User=0.00s Sys=0.00s Real=0.00s
[2026-07-01T01:46:01.513+0000][77.318s][info][gc,start       ] GC(248) Pause Full (Allocation Failure)
[2026-07-01T01:46:01.513+0000][77.318s][info][gc,phases,start] GC(248) Phase 1: Mark live objects
[2026-07-01T01:46:01.631+0000][77.435s][info][gc,phases      ] GC(248) Phase 1: Mark live objects 117.803ms
[2026-07-01T01:46:01.631+0000][77.435s][info][gc,phases,start] GC(248) Phase 2: Compute new object addresses
[2026-07-01T01:46:01.681+0000][77.486s][info][gc,phases      ] GC(248) Phase 2: Compute new object addresses 50.404ms
[2026-07-01T01:46:01.681+0000][77.486s][info][gc,phases,start] GC(248) Phase 3: Adjust pointers
[2026-07-01T01:46:01.738+0000][77.542s][info][gc,phases      ] GC(248) Phase 3: Adjust pointers 56.330ms
[2026-07-01T01:46:01.738+0000][77.542s][info][gc,phases,start] GC(248) Phase 4: Move objects
[2026-07-01T01:46:01.738+0000][77.543s][info][gc,phases      ] GC(248) Phase 4: Move objects 0.556ms
[2026-07-01T01:46:01.738+0000][77.543s][info][gc,heap        ] GC(248) DefNew: 69952K(78656K)->0K(78656K) Eden: 69952K(69952K)->0K(69952K) From: 0K(8704K)->0K(8704K)
[2026-07-01T01:46:01.738+0000][77.543s][info][gc,heap        ] GC(248) Tenured: 170336K(174784K)->171990K(174784K)
[2026-07-01T01:46:01.738+0000][77.543s][info][gc,metaspace   ] GC(248) Metaspace: 41301K(42176K)->41301K(42176K) NonClass: 36274K(36672K)->36274K(36672K) Class: 5026K(5504K)->5026K(5504K)
[2026-07-01T01:46:01.738+0000][77.543s][info][gc             ] GC(248) Pause Full (Allocation Failure) 234M->167M(247M) 225.485ms
[2026-07-01T01:46:01.739+0000][77.543s][info][gc,cpu         ] GC(248) User=0.23s Sys=0.00s Real=0.23s
[2026-07-01T01:46:02.037+0000][77.842s][info][gc,start       ] GC(249) Pause Young (Allocation Failure)
[2026-07-01T01:46:02.037+0000][77.842s][info][gc             ] GC(249) Pause Young (Allocation Failure) 236M->236M(247M) 0.105ms
[2026-07-01T01:46:02.037+0000][77.842s][info][gc,cpu         ] GC(249) User=0.00s Sys=0.00s Real=0.00s
[2026-07-01T01:46:02.037+0000][77.842s][info][gc,start       ] GC(250) Pause Full (Allocation Failure)
[2026-07-01T01:46:02.037+0000][77.842s][info][gc,phases,start] GC(250) Phase 1: Mark live objects
[2026-07-01T01:46:02.158+0000][77.963s][info][gc,phases      ] GC(250) Phase 1: Mark live objects 120.924ms
[2026-07-01T01:46:02.158+0000][77.963s][info][gc,phases,start] GC(250) Phase 2: Compute new object addresses
[2026-07-01T01:46:02.209+0000][78.014s][info][gc,phases      ] GC(250) Phase 2: Compute new object addresses 50.740ms
[2026-07-01T01:46:02.209+0000][78.014s][info][gc,phases,start] GC(250) Phase 3: Adjust pointers
[2026-07-01T01:46:02.267+0000][78.072s][info][gc,phases      ] GC(250) Phase 3: Adjust pointers 57.983ms
[2026-07-01T01:46:02.267+0000][78.072s][info][gc,phases,start] GC(250) Phase 4: Move objects
[2026-07-01T01:46:02.268+0000][78.072s][info][gc,phases      ] GC(250) Phase 4: Move objects 0.337ms
[2026-07-01T01:46:02.268+0000][78.072s][info][gc,heap        ] GC(250) DefNew: 69951K(78656K)->0K(78656K) Eden: 69951K(69952K)->0K(69952K) From: 0K(8704K)->0K(8704K)
[2026-07-01T01:46:02.268+0000][78.072s][info][gc,heap        ] GC(250) Tenured: 171990K(174784K)->172576K(174784K)
[2026-07-01T01:46:02.268+0000][78.072s][info][gc,metaspace   ] GC(250) Metaspace: 41302K(42176K)->41302K(42176K) NonClass: 36275K(36672K)->36275K(36672K) Class: 5026K(5504K)->5026K(5504K)
[2026-07-01T01:46:02.268+0000][78.072s][info][gc             ] GC(250) Pause Full (Allocation Failure) 236M->168M(247M) 230.394ms
[2026-07-01T01:46:02.268+0000][78.072s][info][gc,cpu         ] GC(250) User=0.23s Sys=0.00s Real=0.23s
[2026-07-01T01:46:02.728+0000][78.532s][info][gc,start       ] GC(251) Pause Young (Allocation Failure)
[2026-07-01T01:46:02.728+0000][78.532s][info][gc             ] GC(251) Pause Young (Allocation Failure) 236M->236M(247M) 0.093ms
[2026-07-01T01:46:02.728+0000][78.532s][info][gc,cpu         ] GC(251) User=0.00s Sys=0.00s Real=0.00s
[2026-07-01T01:46:02.728+0000][78.532s][info][gc,start       ] GC(252) Pause Full (Allocation Failure)
[2026-07-01T01:46:02.728+0000][78.532s][info][gc,phases,start] GC(252) Phase 1: Mark live objects
[2026-07-01T01:46:02.946+0000][78.751s][info][gc,phases      ] GC(252) Phase 1: Mark live objects 218.279ms
[2026-07-01T01:46:02.946+0000][78.751s][info][gc,phases,start] GC(252) Phase 2: Compute new object addresses
[2026-07-01T01:46:03.016+0000][78.820s][info][gc,phases      ] GC(252) Phase 2: Compute new object addresses 69.606ms
[2026-07-01T01:46:03.016+0000][78.820s][info][gc,phases,start] GC(252) Phase 3: Adjust pointers
[2026-07-01T01:46:03.108+0000][78.913s][info][gc,phases      ] GC(252) Phase 3: Adjust pointers 92.505ms
[2026-07-01T01:46:03.108+0000][78.913s][info][gc,phases,start] GC(252) Phase 4: Move objects
[2026-07-01T01:46:03.148+0000][78.953s][info][gc,phases      ] GC(252) Phase 4: Move objects 39.779ms
[2026-07-01T01:46:03.148+0000][78.953s][info][gc,heap        ] GC(252) DefNew: 69952K(78656K)->0K(78656K) Eden: 69952K(69952K)->0K(69952K) From: 0K(8704K)->0K(8704K)
[2026-07-01T01:46:03.148+0000][78.953s][info][gc,heap        ] GC(252) Tenured: 172576K(174784K)->170175K(174784K)
[2026-07-01T01:46:03.148+0000][78.953s][info][gc,metaspace   ] GC(252) Metaspace: 41302K(42176K)->41302K(42176K) NonClass: 36275K(36672K)->36275K(36672K) Class: 5026K(5504K)->5026K(5504K)
[2026-07-01T01:46:03.149+0000][78.953s][info][gc             ] GC(252) Pause Full (Allocation Failure) 236M->166M(247M) 420.676ms
[2026-07-01T01:46:03.149+0000][78.953s][info][gc,cpu         ] GC(252) User=0.40s Sys=0.00s Real=0.43s
[2026-07-01T01:46:03.597+0000][79.401s][info][gc,start       ] GC(253) Pause Young (Allocation Failure)
[2026-07-01T01:46:03.597+0000][79.401s][info][gc             ] GC(253) Pause Young (Allocation Failure) 234M->234M(247M) 0.099ms
[2026-07-01T01:46:03.597+0000][79.401s][info][gc,cpu         ] GC(253) User=0.00s Sys=0.00s Real=0.00s
[2026-07-01T01:46:03.597+0000][79.401s][info][gc,start       ] GC(254) Pause Full (Allocation Failure)
[2026-07-01T01:46:03.597+0000][79.401s][info][gc,phases,start] GC(254) Phase 1: Mark live objects
[2026-07-01T01:46:03.801+0000][79.606s][info][gc,phases      ] GC(254) Phase 1: Mark live objects 204.359ms
[2026-07-01T01:46:03.801+0000][79.606s][info][gc,phases,start] GC(254) Phase 2: Compute new object addresses
[2026-07-01T01:46:03.873+0000][79.678s][info][gc,phases      ] GC(254) Phase 2: Compute new object addresses 71.842ms
[2026-07-01T01:46:03.873+0000][79.678s][info][gc,phases,start] GC(254) Phase 3: Adjust pointers
[2026-07-01T01:46:03.954+0000][79.758s][info][gc,phases      ] GC(254) Phase 3: Adjust pointers 80.542ms
[2026-07-01T01:46:03.954+0000][79.758s][info][gc,phases,start] GC(254) Phase 4: Move objects
[2026-07-01T01:46:03.954+0000][79.759s][info][gc,phases      ] GC(254) Phase 4: Move objects 0.560ms
[2026-07-01T01:46:03.955+0000][79.759s][info][gc,heap        ] GC(254) DefNew: 69952K(78656K)->0K(78656K) Eden: 69952K(69952K)->0K(69952K) From: 0K(8704K)->0K(8704K)
[2026-07-01T01:46:03.955+0000][79.759s][info][gc,heap        ] GC(254) Tenured: 170175K(174784K)->171546K(174784K)
[2026-07-01T01:46:03.955+0000][79.759s][info][gc,metaspace   ] GC(254) Metaspace: 41302K(42176K)->41302K(42176K) NonClass: 36275K(36672K)->36275K(36672K) Class: 5026K(5504K)->5026K(5504K)
[2026-07-01T01:46:03.955+0000][79.759s][info][gc             ] GC(254) Pause Full (Allocation Failure) 234M->167M(247M) 357.768ms
[2026-07-01T01:46:03.955+0000][79.759s][info][gc,cpu         ] GC(254) User=0.34s Sys=0.00s Real=0.36s
[2026-07-01T01:46:04.440+0000][80.244s][info][gc,start       ] GC(255) Pause Young (Allocation Failure)
[2026-07-01T01:46:04.440+0000][80.245s][info][gc             ] GC(255) Pause Young (Allocation Failure) 235M->235M(247M) 0.122ms
[2026-07-01T01:46:04.440+0000][80.245s][info][gc,cpu         ] GC(255) User=0.00s Sys=0.00s Real=0.00s
[2026-07-01T01:46:04.440+0000][80.245s][info][gc,start       ] GC(256) Pause Full (Allocation Failure)
[2026-07-01T01:46:04.440+0000][80.245s][info][gc,phases,start] GC(256) Phase 1: Mark live objects
[2026-07-01T01:46:04.613+0000][80.417s][info][gc,phases      ] GC(256) Phase 1: Mark live objects 172.568ms
[2026-07-01T01:46:04.613+0000][80.417s][info][gc,phases,start] GC(256) Phase 2: Compute new object addresses
[2026-07-01T01:46:04.664+0000][80.468s][info][gc,phases      ] GC(256) Phase 2: Compute new object addresses 51.226ms
[2026-07-01T01:46:04.664+0000][80.468s][info][gc,phases,start] GC(256) Phase 3: Adjust pointers
[2026-07-01T01:46:04.721+0000][80.525s][info][gc,phases      ] GC(256) Phase 3: Adjust pointers 56.807ms
[2026-07-01T01:46:04.721+0000][80.525s][info][gc,phases,start] GC(256) Phase 4: Move objects
[2026-07-01T01:46:04.721+0000][80.526s][info][gc,phases      ] GC(256) Phase 4: Move objects 0.338ms
[2026-07-01T01:46:04.721+0000][80.526s][info][gc,heap        ] GC(256) DefNew: 69951K(78656K)->0K(78656K) Eden: 69951K(69952K)->0K(69952K) From: 0K(8704K)->0K(8704K)
[2026-07-01T01:46:04.721+0000][80.526s][info][gc,heap        ] GC(256) Tenured: 171546K(174784K)->172099K(174784K)
[2026-07-01T01:46:04.721+0000][80.526s][info][gc,metaspace   ] GC(256) Metaspace: 41303K(42176K)->41303K(42176K) NonClass: 36276K(36672K)->36276K(36672K) Class: 5026K(5504K)->5026K(5504K)
[2026-07-01T01:46:04.721+0000][80.526s][info][gc             ] GC(256) Pause Full (Allocation Failure) 235M->168M(247M) 281.352ms
[2026-07-01T01:46:04.721+0000][80.526s][info][gc,cpu         ] GC(256) User=0.28s Sys=0.00s Real=0.28s
[2026-07-01T01:46:05.038+0000][80.843s][info][gc,start       ] GC(257) Pause Young (Allocation Failure)
[2026-07-01T01:46:05.039+0000][80.843s][info][gc             ] GC(257) Pause Young (Allocation Failure) 236M->236M(247M) 0.107ms
[2026-07-01T01:46:05.039+0000][80.843s][info][gc,cpu         ] GC(257) User=0.00s Sys=0.00s Real=0.00s
[2026-07-01T01:46:05.039+0000][80.843s][info][gc,start       ] GC(258) Pause Full (Allocation Failure)
[2026-07-01T01:46:05.039+0000][80.843s][info][gc,phases,start] GC(258) Phase 1: Mark live objects
[2026-07-01T01:46:05.162+0000][80.967s][info][gc,phases      ] GC(258) Phase 1: Mark live objects 123.400ms
[2026-07-01T01:46:05.162+0000][80.967s][info][gc,phases,start] GC(258) Phase 2: Compute new object addresses
[2026-07-01T01:46:05.213+0000][81.017s][info][gc,phases      ] GC(258) Phase 2: Compute new object addresses 50.623ms
[2026-07-01T01:46:05.213+0000][81.017s][info][gc,phases,start] GC(258) Phase 3: Adjust pointers
[2026-07-01T01:46:05.270+0000][81.074s][info][gc,phases      ] GC(258) Phase 3: Adjust pointers 57.150ms
[2026-07-01T01:46:05.270+0000][81.074s][info][gc,phases,start] GC(258) Phase 4: Move objects
[2026-07-01T01:46:05.271+0000][81.075s][info][gc,phases      ] GC(258) Phase 4: Move objects 0.735ms
[2026-07-01T01:46:05.271+0000][81.075s][info][gc,heap        ] GC(258) DefNew: 69952K(78656K)->0K(78656K) Eden: 69952K(69952K)->0K(69952K) From: 0K(8704K)->0K(8704K)
[2026-07-01T01:46:05.271+0000][81.075s][info][gc,heap        ] GC(258) Tenured: 172099K(174784K)->173400K(174784K)
[2026-07-01T01:46:05.271+0000][81.075s][info][gc,metaspace   ] GC(258) Metaspace: 41303K(42176K)->41303K(42176K) NonClass: 36276K(36672K)->36276K(36672K) Class: 5026K(5504K)->5026K(5504K)
[2026-07-01T01:46:05.271+0000][81.075s][info][gc             ] GC(258) Pause Full (Allocation Failure) 236M->169M(247M) 232.325ms
[2026-07-01T01:46:05.271+0000][81.075s][info][gc,cpu         ] GC(258) User=0.23s Sys=0.00s Real=0.23s
[2026-07-01T01:46:05.595+0000][81.399s][info][gc,start       ] GC(259) Pause Young (Allocation Failure)
[2026-07-01T01:46:05.595+0000][81.399s][info][gc             ] GC(259) Pause Young (Allocation Failure) 237M->237M(247M) 0.091ms
[2026-07-01T01:46:05.595+0000][81.399s][info][gc,cpu         ] GC(259) User=0.00s Sys=0.00s Real=0.00s
[2026-07-01T01:46:05.595+0000][81.399s][info][gc,start       ] GC(260) Pause Full (Allocation Failure)
[2026-07-01T01:46:05.595+0000][81.399s][info][gc,phases,start] GC(260) Phase 1: Mark live objects
[2026-07-01T01:46:05.716+0000][81.521s][info][gc,phases      ] GC(260) Phase 1: Mark live objects 121.387ms
[2026-07-01T01:46:05.716+0000][81.521s][info][gc,phases,start] GC(260) Phase 2: Compute new object addresses
[2026-07-01T01:46:05.766+0000][81.571s][info][gc,phases      ] GC(260) Phase 2: Compute new object addresses 50.069ms
[2026-07-01T01:46:05.766+0000][81.571s][info][gc,phases,start] GC(260) Phase 3: Adjust pointers
[2026-07-01T01:46:05.827+0000][81.632s][info][gc,phases      ] GC(260) Phase 3: Adjust pointers 60.755ms
[2026-07-01T01:46:05.827+0000][81.632s][info][gc,phases,start] GC(260) Phase 4: Move objects
[2026-07-01T01:46:05.859+0000][81.663s][info][gc,phases      ] GC(260) Phase 4: Move objects 31.515ms
[2026-07-01T01:46:05.859+0000][81.663s][info][gc,heap        ] GC(260) DefNew: 69952K(78656K)->0K(78656K) Eden: 69952K(69952K)->0K(69952K) From: 0K(8704K)->0K(8704K)
[2026-07-01T01:46:05.859+0000][81.663s][info][gc,heap        ] GC(260) Tenured: 173400K(174784K)->171006K(174784K)
[2026-07-01T01:46:05.859+0000][81.663s][info][gc,metaspace   ] GC(260) Metaspace: 41303K(42176K)->41303K(42176K) NonClass: 36276K(36672K)->36276K(36672K) Class: 5026K(5504K)->5026K(5504K)
[2026-07-01T01:46:05.859+0000][81.663s][info][gc             ] GC(260) Pause Full (Allocation Failure) 237M->166M(247M) 264.149ms
[2026-07-01T01:46:05.859+0000][81.663s][info][gc,cpu         ] GC(260) User=0.26s Sys=0.00s Real=0.27s
[2026-07-01T01:46:06.160+0000][81.965s][info][gc,start       ] GC(261) Pause Young (Allocation Failure)
[2026-07-01T01:46:06.160+0000][81.965s][info][gc             ] GC(261) Pause Young (Allocation Failure) 235M->235M(247M) 0.108ms
[2026-07-01T01:46:06.160+0000][81.965s][info][gc,cpu         ] GC(261) User=0.00s Sys=0.00s Real=0.00s
[2026-07-01T01:46:06.160+0000][81.965s][info][gc,start       ] GC(262) Pause Full (Allocation Failure)
[2026-07-01T01:46:06.160+0000][81.965s][info][gc,phases,start] GC(262) Phase 1: Mark live objects
[2026-07-01T01:46:06.280+0000][82.084s][info][gc,phases      ] GC(262) Phase 1: Mark live objects 119.651ms
[2026-07-01T01:46:06.280+0000][82.084s][info][gc,phases,start] GC(262) Phase 2: Compute new object addresses
[2026-07-01T01:46:06.331+0000][82.135s][info][gc,phases      ] GC(262) Phase 2: Compute new object addresses 50.625ms
[2026-07-01T01:46:06.331+0000][82.135s][info][gc,phases,start] GC(262) Phase 3: Adjust pointers
[2026-07-01T01:46:06.387+0000][82.192s][info][gc,phases      ] GC(262) Phase 3: Adjust pointers 56.448ms
[2026-07-01T01:46:06.387+0000][82.192s][info][gc,phases,start] GC(262) Phase 4: Move objects
[2026-07-01T01:46:06.387+0000][82.192s][info][gc,phases      ] GC(262) Phase 4: Move objects 0.393ms
[2026-07-01T01:46:06.388+0000][82.192s][info][gc,heap        ] GC(262) DefNew: 69952K(78656K)->0K(78656K) Eden: 69952K(69952K)->0K(69952K) From: 0K(8704K)->0K(8704K)
[2026-07-01T01:46:06.388+0000][82.192s][info][gc,heap        ] GC(262) Tenured: 171006K(174784K)->171694K(174784K)
[2026-07-01T01:46:06.388+0000][82.192s][info][gc,metaspace   ] GC(262) Metaspace: 41307K(42176K)->41307K(42176K) NonClass: 36280K(36672K)->36280K(36672K) Class: 5026K(5504K)->5026K(5504K)
[2026-07-01T01:46:06.388+0000][82.192s][info][gc             ] GC(262) Pause Full (Allocation Failure) 235M->167M(247M) 227.521ms
[2026-07-01T01:46:06.388+0000][82.192s][info][gc,cpu         ] GC(262) User=0.23s Sys=0.00s Real=0.22s
[2026-07-01T01:46:06.690+0000][82.495s][info][gc,start       ] GC(263) Pause Young (Allocation Failure)
[2026-07-01T01:46:06.691+0000][82.495s][info][gc             ] GC(263) Pause Young (Allocation Failure) 235M->235M(247M) 0.097ms
[2026-07-01T01:46:06.691+0000][82.495s][info][gc,cpu         ] GC(263) User=0.00s Sys=0.00s Real=0.00s
[2026-07-01T01:46:06.691+0000][82.495s][info][gc,start       ] GC(264) Pause Full (Allocation Failure)
[2026-07-01T01:46:06.691+0000][82.495s][info][gc,phases,start] GC(264) Phase 1: Mark live objects
[2026-07-01T01:46:06.810+0000][82.615s][info][gc,phases      ] GC(264) Phase 1: Mark live objects 119.449ms
[2026-07-01T01:46:06.810+0000][82.615s][info][gc,phases,start] GC(264) Phase 2: Compute new object addresses
[2026-07-01T01:46:06.861+0000][82.665s][info][gc,phases      ] GC(264) Phase 2: Compute new object addresses 50.614ms
[2026-07-01T01:46:06.861+0000][82.665s][info][gc,phases,start] GC(264) Phase 3: Adjust pointers
[2026-07-01T01:46:06.918+0000][82.723s][info][gc,phases      ] GC(264) Phase 3: Adjust pointers 57.367ms
[2026-07-01T01:46:06.918+0000][82.723s][info][gc,phases,start] GC(264) Phase 4: Move objects
[2026-07-01T01:46:06.919+0000][82.723s][info][gc,phases      ] GC(264) Phase 4: Move objects 0.494ms
[2026-07-01T01:46:06.919+0000][82.723s][info][gc,heap        ] GC(264) DefNew: 69952K(78656K)->0K(78656K) Eden: 69952K(69952K)->0K(69952K) From: 0K(8704K)->0K(8704K)
[2026-07-01T01:46:06.919+0000][82.723s][info][gc,heap        ] GC(264) Tenured: 171694K(174784K)->173170K(174784K)
[2026-07-01T01:46:06.919+0000][82.723s][info][gc,metaspace   ] GC(264) Metaspace: 41307K(42176K)->41307K(42176K) NonClass: 36280K(36672K)->36280K(36672K) Class: 5026K(5504K)->5026K(5504K)
[2026-07-01T01:46:06.919+0000][82.723s][info][gc             ] GC(264) Pause Full (Allocation Failure) 235M->169M(247M) 228.310ms
[2026-07-01T01:46:06.919+0000][82.723s][info][gc,cpu         ] GC(264) User=0.23s Sys=0.01s Real=0.23s
[2026-07-01T01:46:07.225+0000][83.029s][info][gc,start       ] GC(265) Pause Young (Allocation Failure)
[2026-07-01T01:46:07.225+0000][83.029s][info][gc             ] GC(265) Pause Young (Allocation Failure) 237M->237M(247M) 0.098ms
[2026-07-01T01:46:07.225+0000][83.030s][info][gc,cpu         ] GC(265) User=0.00s Sys=0.00s Real=0.00s
[2026-07-01T01:46:07.225+0000][83.030s][info][gc,start       ] GC(266) Pause Full (Allocation Failure)
[2026-07-01T01:46:07.225+0000][83.030s][info][gc,phases,start] GC(266) Phase 1: Mark live objects
[2026-07-01T01:46:07.347+0000][83.151s][info][gc,phases      ] GC(266) Phase 1: Mark live objects 121.674ms
[2026-07-01T01:46:07.347+0000][83.151s][info][gc,phases,start] GC(266) Phase 2: Compute new object addresses
[2026-07-01T01:46:07.398+0000][83.202s][info][gc,phases      ] GC(266) Phase 2: Compute new object addresses 50.934ms
[2026-07-01T01:46:07.398+0000][83.202s][info][gc,phases,start] GC(266) Phase 3: Adjust pointers
[2026-07-01T01:46:07.455+0000][83.259s][info][gc,phases      ] GC(266) Phase 3: Adjust pointers 57.088ms
[2026-07-01T01:46:07.455+0000][83.259s][info][gc,phases,start] GC(266) Phase 4: Move objects
[2026-07-01T01:46:07.455+0000][83.260s][info][gc,phases      ] GC(266) Phase 4: Move objects 0.424ms
[2026-07-01T01:46:07.455+0000][83.260s][info][gc,heap        ] GC(266) DefNew: 69952K(78656K)->0K(78656K) Eden: 69952K(69952K)->0K(69952K) From: 0K(8704K)->0K(8704K)
[2026-07-01T01:46:07.455+0000][83.260s][info][gc,heap        ] GC(266) Tenured: 173170K(174784K)->173996K(174784K)
[2026-07-01T01:46:07.455+0000][83.260s][info][gc,metaspace   ] GC(266) Metaspace: 41307K(42176K)->41307K(42176K) NonClass: 36280K(36672K)->36280K(36672K) Class: 5026K(5504K)->5026K(5504K)
[2026-07-01T01:46:07.455+0000][83.260s][info][gc             ] GC(266) Pause Full (Allocation Failure) 237M->169M(247M) 230.515ms
[2026-07-01T01:46:07.456+0000][83.260s][info][gc,cpu         ] GC(266) User=0.23s Sys=0.00s Real=0.23s
[2026-07-01T01:46:07.764+0000][83.568s][info][gc,start       ] GC(267) Pause Young (Allocation Failure)
[2026-07-01T01:46:07.764+0000][83.568s][info][gc             ] GC(267) Pause Young (Allocation Failure) 238M->238M(247M) 0.101ms
[2026-07-01T01:46:07.764+0000][83.568s][info][gc,cpu         ] GC(267) User=0.00s Sys=0.00s Real=0.00s
[2026-07-01T01:46:07.764+0000][83.568s][info][gc,start       ] GC(268) Pause Full (Allocation Failure)
[2026-07-01T01:46:07.764+0000][83.568s][info][gc,phases,start] GC(268) Phase 1: Mark live objects
[2026-07-01T01:46:07.886+0000][83.691s][info][gc,phases      ] GC(268) Phase 1: Mark live objects 122.579ms
[2026-07-01T01:46:07.886+0000][83.691s][info][gc,phases,start] GC(268) Phase 2: Compute new object addresses
[2026-07-01T01:46:07.937+0000][83.742s][info][gc,phases      ] GC(268) Phase 2: Compute new object addresses 50.587ms
[2026-07-01T01:46:07.937+0000][83.742s][info][gc,phases,start] GC(268) Phase 3: Adjust pointers
[2026-07-01T01:46:07.999+0000][83.804s][info][gc,phases      ] GC(268) Phase 3: Adjust pointers 62.449ms
[2026-07-01T01:46:07.999+0000][83.804s][info][gc,phases,start] GC(268) Phase 4: Move objects
[2026-07-01T01:46:08.032+0000][83.836s][info][gc,phases      ] GC(268) Phase 4: Move objects 32.060ms
[2026-07-01T01:46:08.032+0000][83.836s][info][gc,heap        ] GC(268) DefNew: 69952K(78656K)->0K(78656K) Eden: 69952K(69952K)->0K(69952K) From: 0K(8704K)->0K(8704K)
[2026-07-01T01:46:08.032+0000][83.836s][info][gc,heap        ] GC(268) Tenured: 173996K(174784K)->171754K(174784K)
[2026-07-01T01:46:08.032+0000][83.836s][info][gc,metaspace   ] GC(268) Metaspace: 41309K(42176K)->41309K(42176K) NonClass: 36282K(36672K)->36282K(36672K) Class: 5027K(5504K)->5027K(5504K)
[2026-07-01T01:46:08.032+0000][83.836s][info][gc             ] GC(268) Pause Full (Allocation Failure) 238M->167M(247M) 268.092ms
[2026-07-01T01:46:08.032+0000][83.836s][info][gc,cpu         ] GC(268) User=0.27s Sys=0.00s Real=0.27s
[2026-07-01T01:46:08.343+0000][84.147s][info][gc,start       ] GC(269) Pause Young (Allocation Failure)
[2026-07-01T01:46:08.343+0000][84.148s][info][gc             ] GC(269) Pause Young (Allocation Failure) 236M->236M(247M) 0.081ms
[2026-07-01T01:46:08.343+0000][84.148s][info][gc,cpu         ] GC(269) User=0.00s Sys=0.00s Real=0.00s
[2026-07-01T01:46:08.343+0000][84.148s][info][gc,start       ] GC(270) Pause Full (Allocation Failure)
[2026-07-01T01:46:08.343+0000][84.148s][info][gc,phases,start] GC(270) Phase 1: Mark live objects
[2026-07-01T01:46:08.465+0000][84.269s][info][gc,phases      ] GC(270) Phase 1: Mark live objects 121.522ms
[2026-07-01T01:46:08.465+0000][84.269s][info][gc,phases,start] GC(270) Phase 2: Compute new object addresses
[2026-07-01T01:46:08.515+0000][84.320s][info][gc,phases      ] GC(270) Phase 2: Compute new object addresses 50.777ms
[2026-07-01T01:46:08.515+0000][84.320s][info][gc,phases,start] GC(270) Phase 3: Adjust pointers
[2026-07-01T01:46:08.573+0000][84.377s][info][gc,phases      ] GC(270) Phase 3: Adjust pointers 57.215ms
[2026-07-01T01:46:08.573+0000][84.377s][info][gc,phases,start] GC(270) Phase 4: Move objects
[2026-07-01T01:46:08.573+0000][84.378s][info][gc,phases      ] GC(270) Phase 4: Move objects 0.546ms
[2026-07-01T01:46:08.573+0000][84.378s][info][gc,heap        ] GC(270) DefNew: 69952K(78656K)->0K(78656K) Eden: 69952K(69952K)->0K(69952K) From: 0K(8704K)->0K(8704K)
[2026-07-01T01:46:08.573+0000][84.378s][info][gc,heap        ] GC(270) Tenured: 171754K(174784K)->173264K(174784K)
[2026-07-01T01:46:08.573+0000][84.378s][info][gc,metaspace   ] GC(270) Metaspace: 41309K(42176K)->41309K(42176K) NonClass: 36282K(36672K)->36282K(36672K) Class: 5027K(5504K)->5027K(5504K)
[2026-07-01T01:46:08.573+0000][84.378s][info][gc             ] GC(270) Pause Full (Allocation Failure) 236M->169M(247M) 230.432ms
[2026-07-01T01:46:08.573+0000][84.378s][info][gc,cpu         ] GC(270) User=0.23s Sys=0.00s Real=0.23s
[2026-07-01T01:46:08.880+0000][84.685s][info][gc,start       ] GC(271) Pause Young (Allocation Failure)
[2026-07-01T01:46:08.880+0000][84.685s][info][gc             ] GC(271) Pause Young (Allocation Failure) 237M->237M(247M) 0.128ms
[2026-07-01T01:46:08.880+0000][84.685s][info][gc,cpu         ] GC(271) User=0.00s Sys=0.00s Real=0.00s
[2026-07-01T01:46:08.880+0000][84.685s][info][gc,start       ] GC(272) Pause Full (Allocation Failure)
[2026-07-01T01:46:08.880+0000][84.685s][info][gc,phases,start] GC(272) Phase 1: Mark live objects
[2026-07-01T01:46:09.000+0000][84.805s][info][gc,phases      ] GC(272) Phase 1: Mark live objects 119.769ms
[2026-07-01T01:46:09.000+0000][84.805s][info][gc,phases,start] GC(272) Phase 2: Compute new object addresses
[2026-07-01T01:46:09.051+0000][84.856s][info][gc,phases      ] GC(272) Phase 2: Compute new object addresses 50.970ms
[2026-07-01T01:46:09.051+0000][84.856s][info][gc,phases,start] GC(272) Phase 3: Adjust pointers
[2026-07-01T01:46:09.108+0000][84.913s][info][gc,phases      ] GC(272) Phase 3: Adjust pointers 57.041ms
[2026-07-01T01:46:09.108+0000][84.913s][info][gc,phases,start] GC(272) Phase 4: Move objects
[2026-07-01T01:46:09.109+0000][84.913s][info][gc,phases      ] GC(272) Phase 4: Move objects 0.383ms
[2026-07-01T01:46:09.109+0000][84.913s][info][gc,heap        ] GC(272) DefNew: 69952K(78656K)->0K(78656K) Eden: 69952K(69952K)->0K(69952K) From: 0K(8704K)->0K(8704K)
[2026-07-01T01:46:09.109+0000][84.913s][info][gc,heap        ] GC(272) Tenured: 173264K(174784K)->173975K(174784K)
[2026-07-01T01:46:09.109+0000][84.913s][info][gc,metaspace   ] GC(272) Metaspace: 41309K(42176K)->41309K(42176K) NonClass: 36282K(36672K)->36282K(36672K) Class: 5027K(5504K)->5027K(5504K)
[2026-07-01T01:46:09.109+0000][84.913s][info][gc             ] GC(272) Pause Full (Allocation Failure) 237M->169M(247M) 228.542ms
[2026-07-01T01:46:09.109+0000][84.913s][info][gc,cpu         ] GC(272) User=0.23s Sys=0.00s Real=0.23s
[2026-07-01T01:46:09.410+0000][85.214s][info][gc,start       ] GC(273) Pause Young (Allocation Failure)
[2026-07-01T01:46:09.410+0000][85.214s][info][gc             ] GC(273) Pause Young (Allocation Failure) 238M->238M(247M) 0.111ms
[2026-07-01T01:46:09.410+0000][85.214s][info][gc,cpu         ] GC(273) User=0.00s Sys=0.00s Real=0.00s
[2026-07-01T01:46:09.410+0000][85.215s][info][gc,start       ] GC(274) Pause Full (Allocation Failure)
[2026-07-01T01:46:09.410+0000][85.215s][info][gc,phases,start] GC(274) Phase 1: Mark live objects
[2026-07-01T01:46:09.534+0000][85.339s][info][gc,phases      ] GC(274) Phase 1: Mark live objects 124.311ms
[2026-07-01T01:46:09.534+0000][85.339s][info][gc,phases,start] GC(274) Phase 2: Compute new object addresses
[2026-07-01T01:46:09.586+0000][85.390s][info][gc,phases      ] GC(274) Phase 2: Compute new object addresses 51.386ms
[2026-07-01T01:46:09.586+0000][85.390s][info][gc,phases,start] GC(274) Phase 3: Adjust pointers
[2026-07-01T01:46:09.644+0000][85.449s][info][gc,phases      ] GC(274) Phase 3: Adjust pointers 58.277ms
[2026-07-01T01:46:09.644+0000][85.449s][info][gc,phases,start] GC(274) Phase 4: Move objects
[2026-07-01T01:46:09.645+0000][85.449s][info][gc,phases      ] GC(274) Phase 4: Move objects 0.453ms
[2026-07-01T01:46:09.645+0000][85.449s][info][gc,heap        ] GC(274) DefNew: 69952K(78656K)->289K(78656K) Eden: 69952K(69952K)->289K(69952K) From: 0K(8704K)->0K(8704K)
[2026-07-01T01:46:09.645+0000][85.449s][info][gc,heap        ] GC(274) Tenured: 173975K(174784K)->174784K(174784K)
[2026-07-01T01:46:09.645+0000][85.449s][info][gc,metaspace   ] GC(274) Metaspace: 41309K(42176K)->41309K(42176K) NonClass: 36282K(36672K)->36282K(36672K) Class: 5027K(5504K)->5027K(5504K)
[2026-07-01T01:46:09.645+0000][85.449s][info][gc             ] GC(274) Pause Full (Allocation Failure) 238M->170M(247M) 234.822ms
[2026-07-01T01:46:09.645+0000][85.449s][info][gc,cpu         ] GC(274) User=0.23s Sys=0.00s Real=0.23s
[2026-07-01T01:46:10.035+0000][85.839s][info][gc,start       ] GC(275) Pause Full (Allocation Failure)
[2026-07-01T01:46:10.035+0000][85.839s][info][gc,phases,start] GC(275) Phase 1: Mark live objects
[2026-07-01T01:46:10.159+0000][85.964s][info][gc,phases      ] GC(275) Phase 1: Mark live objects 124.537ms
[2026-07-01T01:46:10.159+0000][85.964s][info][gc,phases,start] GC(275) Phase 2: Compute new object addresses
[2026-07-01T01:46:10.212+0000][86.017s][info][gc,phases      ] GC(275) Phase 2: Compute new object addresses 52.952ms
[2026-07-01T01:46:10.212+0000][86.017s][info][gc,phases,start] GC(275) Phase 3: Adjust pointers
[2026-07-01T01:46:10.275+0000][86.080s][info][gc,phases      ] GC(275) Phase 3: Adjust pointers 62.741ms
[2026-07-01T01:46:10.275+0000][86.080s][info][gc,phases,start] GC(275) Phase 4: Move objects
[2026-07-01T01:46:10.307+0000][86.112s][info][gc,phases      ] GC(275) Phase 4: Move objects 32.230ms
[2026-07-01T01:46:10.308+0000][86.112s][info][gc,heap        ] GC(275) DefNew: 78655K(78656K)->0K(78656K) Eden: 69952K(69952K)->0K(69952K) From: 8703K(8704K)->0K(8704K)
[2026-07-01T01:46:10.308+0000][86.112s][info][gc,heap        ] GC(275) Tenured: 174784K(174784K)->172538K(174784K)
[2026-07-01T01:46:10.308+0000][86.112s][info][gc,metaspace   ] GC(275) Metaspace: 41309K(42176K)->41309K(42176K) NonClass: 36282K(36672K)->36282K(36672K) Class: 5027K(5504K)->5027K(5504K)
[2026-07-01T01:46:10.308+0000][86.112s][info][gc             ] GC(275) Pause Full (Allocation Failure) 247M->168M(247M) 272.942ms
[2026-07-01T01:46:10.308+0000][86.112s][info][gc,cpu         ] GC(275) User=0.28s Sys=0.00s Real=0.27s
[2026-07-01T01:46:10.618+0000][86.422s][info][gc,start       ] GC(276) Pause Young (Allocation Failure)
[2026-07-01T01:46:10.618+0000][86.423s][info][gc             ] GC(276) Pause Young (Allocation Failure) 236M->236M(247M) 0.098ms
[2026-07-01T01:46:10.618+0000][86.423s][info][gc,cpu         ] GC(276) User=0.00s Sys=0.00s Real=0.00s
[2026-07-01T01:46:10.618+0000][86.423s][info][gc,start       ] GC(277) Pause Full (Allocation Failure)
[2026-07-01T01:46:10.618+0000][86.423s][info][gc,phases,start] GC(277) Phase 1: Mark live objects
[2026-07-01T01:46:10.744+0000][86.549s][info][gc,phases      ] GC(277) Phase 1: Mark live objects 125.917ms
[2026-07-01T01:46:10.744+0000][86.549s][info][gc,phases,start] GC(277) Phase 2: Compute new object addresses
[2026-07-01T01:46:10.795+0000][86.600s][info][gc,phases      ] GC(277) Phase 2: Compute new object addresses 51.343ms
[2026-07-01T01:46:10.795+0000][86.600s][info][gc,phases,start] GC(277) Phase 3: Adjust pointers
[2026-07-01T01:46:10.854+0000][86.659s][info][gc,phases      ] GC(277) Phase 3: Adjust pointers 58.623ms
[2026-07-01T01:46:10.854+0000][86.659s][info][gc,phases,start] GC(277) Phase 4: Move objects
[2026-07-01T01:46:10.854+0000][86.659s][info][gc,phases      ] GC(277) Phase 4: Move objects 0.359ms
[2026-07-01T01:46:10.855+0000][86.659s][info][gc,heap        ] GC(277) DefNew: 69951K(78656K)->0K(78656K) Eden: 69951K(69952K)->0K(69952K) From: 0K(8704K)->0K(8704K)
[2026-07-01T01:46:10.855+0000][86.659s][info][gc,heap        ] GC(277) Tenured: 172538K(174784K)->173186K(174784K)
[2026-07-01T01:46:10.855+0000][86.659s][info][gc,metaspace   ] GC(277) Metaspace: 41309K(42176K)->41309K(42176K) NonClass: 36282K(36672K)->36282K(36672K) Class: 5027K(5504K)->5027K(5504K)
[2026-07-01T01:46:10.855+0000][86.659s][info][gc             ] GC(277) Pause Full (Allocation Failure) 236M->169M(247M) 236.659ms
[2026-07-01T01:46:10.855+0000][86.659s][info][gc,cpu         ] GC(277) User=0.23s Sys=0.00s Real=0.23s
[2026-07-01T01:46:11.168+0000][86.973s][info][gc,start       ] GC(278) Pause Young (Allocation Failure)
[2026-07-01T01:46:11.168+0000][86.973s][info][gc             ] GC(278) Pause Young (Allocation Failure) 237M->237M(247M) 0.098ms
[2026-07-01T01:46:11.168+0000][86.973s][info][gc,cpu         ] GC(278) User=0.00s Sys=0.00s Real=0.00s
[2026-07-01T01:46:11.169+0000][86.973s][info][gc,start       ] GC(279) Pause Full (Allocation Failure)
[2026-07-01T01:46:11.169+0000][86.973s][info][gc,phases,start] GC(279) Phase 1: Mark live objects
[2026-07-01T01:46:11.293+0000][87.097s][info][gc,phases      ] GC(279) Phase 1: Mark live objects 124.319ms
[2026-07-01T01:46:11.293+0000][87.097s][info][gc,phases,start] GC(279) Phase 2: Compute new object addresses
[2026-07-01T01:46:11.345+0000][87.149s][info][gc,phases      ] GC(279) Phase 2: Compute new object addresses 51.604ms
[2026-07-01T01:46:11.345+0000][87.149s][info][gc,phases,start] GC(279) Phase 3: Adjust pointers
[2026-07-01T01:46:11.403+0000][87.208s][info][gc,phases      ] GC(279) Phase 3: Adjust pointers 58.539ms
[2026-07-01T01:46:11.403+0000][87.208s][info][gc,phases,start] GC(279) Phase 4: Move objects
[2026-07-01T01:46:11.404+0000][87.208s][info][gc,phases      ] GC(279) Phase 4: Move objects 0.519ms
[2026-07-01T01:46:11.404+0000][87.208s][info][gc,heap        ] GC(279) DefNew: 69952K(78656K)->0K(78656K) Eden: 69952K(69952K)->0K(69952K) From: 0K(8704K)->0K(8704K)
[2026-07-01T01:46:11.404+0000][87.208s][info][gc,heap        ] GC(279) Tenured: 173186K(174784K)->174771K(174784K)
[2026-07-01T01:46:11.404+0000][87.208s][info][gc,metaspace   ] GC(279) Metaspace: 41327K(42176K)->41327K(42176K) NonClass: 36299K(36672K)->36299K(36672K) Class: 5027K(5504K)->5027K(5504K)
[2026-07-01T01:46:11.404+0000][87.208s][info][gc             ] GC(279) Pause Full (Allocation Failure) 237M->170M(247M) 235.380ms
[2026-07-01T01:46:11.404+0000][87.208s][info][gc,cpu         ] GC(279) User=0.23s Sys=0.01s Real=0.23s
[2026-07-01T01:46:11.708+0000][87.513s][info][gc,start       ] GC(280) Pause Young (Allocation Failure)
[2026-07-01T01:46:11.709+0000][87.513s][info][gc             ] GC(280) Pause Young (Allocation Failure) 238M->238M(247M) 0.085ms
[2026-07-01T01:46:11.709+0000][87.513s][info][gc,cpu         ] GC(280) User=0.00s Sys=0.00s Real=0.00s
[2026-07-01T01:46:11.709+0000][87.513s][info][gc,start       ] GC(281) Pause Full (Allocation Failure)
[2026-07-01T01:46:11.709+0000][87.513s][info][gc,phases,start] GC(281) Phase 1: Mark live objects
[2026-07-01T01:46:11.835+0000][87.640s][info][gc,phases      ] GC(281) Phase 1: Mark live objects 126.537ms
[2026-07-01T01:46:11.835+0000][87.640s][info][gc,phases,start] GC(281) Phase 2: Compute new object addresses
[2026-07-01T01:46:11.887+0000][87.692s][info][gc,phases      ] GC(281) Phase 2: Compute new object addresses 51.982ms
[2026-07-01T01:46:11.887+0000][87.692s][info][gc,phases,start] GC(281) Phase 3: Adjust pointers
[2026-07-01T01:46:11.946+0000][87.750s][info][gc,phases      ] GC(281) Phase 3: Adjust pointers 58.364ms
[2026-07-01T01:46:11.946+0000][87.750s][info][gc,phases,start] GC(281) Phase 4: Move objects
[2026-07-01T01:46:11.946+0000][87.751s][info][gc,phases      ] GC(281) Phase 4: Move objects 0.405ms
[2026-07-01T01:46:11.946+0000][87.751s][info][gc,heap        ] GC(281) DefNew: 69952K(78656K)->793K(78656K) Eden: 69952K(69952K)->793K(69952K) From: 0K(8704K)->0K(8704K)
[2026-07-01T01:46:11.946+0000][87.751s][info][gc,heap        ] GC(281) Tenured: 174771K(174784K)->174783K(174784K)
[2026-07-01T01:46:11.946+0000][87.751s][info][gc,metaspace   ] GC(281) Metaspace: 41327K(42176K)->41327K(42176K) NonClass: 36299K(36672K)->36299K(36672K) Class: 5027K(5504K)->5027K(5504K)
[2026-07-01T01:46:11.946+0000][87.751s][info][gc             ] GC(281) Pause Full (Allocation Failure) 238M->171M(247M) 237.718ms
[2026-07-01T01:46:11.946+0000][87.751s][info][gc,cpu         ] GC(281) User=0.24s Sys=0.00s Real=0.23s
[2026-07-01T01:46:12.510+0000][88.315s][info][gc,start       ] GC(282) Pause Full (Allocation Failure)
[2026-07-01T01:46:12.510+0000][88.315s][info][gc,phases,start] GC(282) Phase 1: Mark live objects
[2026-07-01T01:46:12.712+0000][88.517s][info][gc,phases      ] GC(282) Phase 1: Mark live objects 201.865ms
[2026-07-01T01:46:12.712+0000][88.517s][info][gc,phases,start] GC(282) Phase 2: Compute new object addresses
[2026-07-01T01:46:12.785+0000][88.589s][info][gc,phases      ] GC(282) Phase 2: Compute new object addresses 72.672ms
[2026-07-01T01:46:12.785+0000][88.589s][info][gc,phases,start] GC(282) Phase 3: Adjust pointers
[2026-07-01T01:46:12.877+0000][88.682s][info][gc,phases      ] GC(282) Phase 3: Adjust pointers 92.401ms
[2026-07-01T01:46:12.877+0000][88.682s][info][gc,phases,start] GC(282) Phase 4: Move objects
[2026-07-01T01:46:12.918+0000][88.723s][info][gc,phases      ] GC(282) Phase 4: Move objects 40.780ms
[2026-07-01T01:46:12.918+0000][88.723s][info][gc,heap        ] GC(282) DefNew: 78656K(78656K)->0K(78656K) Eden: 69952K(69952K)->0K(69952K) From: 8704K(8704K)->0K(8704K)
[2026-07-01T01:46:12.918+0000][88.723s][info][gc,heap        ] GC(282) Tenured: 174783K(174784K)->173124K(174784K)
[2026-07-01T01:46:12.918+0000][88.723s][info][gc,metaspace   ] GC(282) Metaspace: 41327K(42176K)->41327K(42176K) NonClass: 36300K(36672K)->36300K(36672K) Class: 5027K(5504K)->5027K(5504K)
[2026-07-01T01:46:12.918+0000][88.723s][info][gc             ] GC(282) Pause Full (Allocation Failure) 247M->169M(247M) 408.288ms
[2026-07-01T01:46:12.918+0000][88.723s][info][gc,cpu         ] GC(282) User=0.40s Sys=0.00s Real=0.41s
[2026-07-01T01:46:13.349+0000][89.153s][info][gc,start       ] GC(283) Pause Young (Allocation Failure)
[2026-07-01T01:46:13.349+0000][89.153s][info][gc             ] GC(283) Pause Young (Allocation Failure) 237M->237M(247M) 0.101ms
[2026-07-01T01:46:13.349+0000][89.153s][info][gc,cpu         ] GC(283) User=0.00s Sys=0.00s Real=0.00s
[2026-07-01T01:46:13.349+0000][89.153s][info][gc,start       ] GC(284) Pause Full (Allocation Failure)
[2026-07-01T01:46:13.349+0000][89.153s][info][gc,phases,start] GC(284) Phase 1: Mark live objects
[2026-07-01T01:46:13.545+0000][89.350s][info][gc,phases      ] GC(284) Phase 1: Mark live objects 196.483ms
[2026-07-01T01:46:13.545+0000][89.350s][info][gc,phases,start] GC(284) Phase 2: Compute new object addresses
[2026-07-01T01:46:13.619+0000][89.423s][info][gc,phases      ] GC(284) Phase 2: Compute new object addresses 73.196ms
[2026-07-01T01:46:13.619+0000][89.423s][info][gc,phases,start] GC(284) Phase 3: Adjust pointers
[2026-07-01T01:46:13.704+0000][89.509s][info][gc,phases      ] GC(284) Phase 3: Adjust pointers 85.527ms
[2026-07-01T01:46:13.704+0000][89.509s][info][gc,phases,start] GC(284) Phase 4: Move objects
[2026-07-01T01:46:13.705+0000][89.509s][info][gc,phases      ] GC(284) Phase 4: Move objects 0.533ms
[2026-07-01T01:46:13.705+0000][89.509s][info][gc,heap        ] GC(284) DefNew: 69952K(78656K)->0K(78656K) Eden: 69952K(69952K)->0K(69952K) From: 0K(8704K)->0K(8704K)
[2026-07-01T01:46:13.705+0000][89.509s][info][gc,heap        ] GC(284) Tenured: 173124K(174784K)->174510K(174784K)
[2026-07-01T01:46:13.705+0000][89.509s][info][gc,metaspace   ] GC(284) Metaspace: 41327K(42176K)->41327K(42176K) NonClass: 36300K(36672K)->36300K(36672K) Class: 5027K(5504K)->5027K(5504K)
[2026-07-01T01:46:13.705+0000][89.510s][info][gc             ] GC(284) Pause Full (Allocation Failure) 237M->170M(247M) 356.199ms
[2026-07-01T01:46:13.705+0000][89.510s][info][gc,cpu         ] GC(284) User=0.35s Sys=0.00s Real=0.35s
[2026-07-01T01:46:14.143+0000][89.947s][info][gc,start       ] GC(285) Pause Young (Allocation Failure)
[2026-07-01T01:46:14.143+0000][89.947s][info][gc             ] GC(285) Pause Young (Allocation Failure) 238M->238M(247M) 0.119ms
[2026-07-01T01:46:14.143+0000][89.947s][info][gc,cpu         ] GC(285) User=0.00s Sys=0.00s Real=0.00s
[2026-07-01T01:46:14.143+0000][89.947s][info][gc,start       ] GC(286) Pause Full (Allocation Failure)
[2026-07-01T01:46:14.143+0000][89.947s][info][gc,phases,start] GC(286) Phase 1: Mark live objects
[2026-07-01T01:46:14.349+0000][90.154s][info][gc,phases      ] GC(286) Phase 1: Mark live objects 206.230ms
[2026-07-01T01:46:14.349+0000][90.154s][info][gc,phases,start] GC(286) Phase 2: Compute new object addresses
[2026-07-01T01:46:14.422+0000][90.226s][info][gc,phases      ] GC(286) Phase 2: Compute new object addresses 72.399ms
[2026-07-01T01:46:14.422+0000][90.226s][info][gc,phases,start] GC(286) Phase 3: Adjust pointers
[2026-07-01T01:46:14.507+0000][90.311s][info][gc,phases      ] GC(286) Phase 3: Adjust pointers 85.265ms
[2026-07-01T01:46:14.507+0000][90.312s][info][gc,phases,start] GC(286) Phase 4: Move objects
[2026-07-01T01:46:14.507+0000][90.312s][info][gc,phases      ] GC(286) Phase 4: Move objects 0.392ms
[2026-07-01T01:46:14.508+0000][90.312s][info][gc,heap        ] GC(286) DefNew: 69951K(78656K)->265K(78656K) Eden: 69951K(69952K)->265K(69952K) From: 0K(8704K)->0K(8704K)
[2026-07-01T01:46:14.508+0000][90.312s][info][gc,heap        ] GC(286) Tenured: 174510K(174784K)->174781K(174784K)
[2026-07-01T01:46:14.508+0000][90.312s][info][gc,metaspace   ] GC(286) Metaspace: 41328K(42176K)->41328K(42176K) NonClass: 36300K(36672K)->36300K(36672K) Class: 5027K(5504K)->5027K(5504K)
[2026-07-01T01:46:14.508+0000][90.312s][info][gc             ] GC(286) Pause Full (Allocation Failure) 238M->170M(247M) 364.800ms
[2026-07-01T01:46:14.508+0000][90.312s][info][gc,cpu         ] GC(286) User=0.36s Sys=0.00s Real=0.36s
[2026-07-01T01:46:15.066+0000][90.871s][info][gc,start       ] GC(287) Pause Full (Allocation Failure)
[2026-07-01T01:46:15.066+0000][90.871s][info][gc,phases,start] GC(287) Phase 1: Mark live objects
[2026-07-01T01:46:15.233+0000][91.037s][info][gc,phases      ] GC(287) Phase 1: Mark live objects 166.642ms
[2026-07-01T01:46:15.233+0000][91.037s][info][gc,phases,start] GC(287) Phase 2: Compute new object addresses
[2026-07-01T01:46:15.287+0000][91.092s][info][gc,phases      ] GC(287) Phase 2: Compute new object addresses 54.338ms
[2026-07-01T01:46:15.287+0000][91.092s][info][gc,phases,start] GC(287) Phase 3: Adjust pointers
[2026-07-01T01:46:15.347+0000][91.151s][info][gc,phases      ] GC(287) Phase 3: Adjust pointers 59.364ms
[2026-07-01T01:46:15.347+0000][91.151s][info][gc,phases,start] GC(287) Phase 4: Move objects
[2026-07-01T01:46:15.347+0000][91.152s][info][gc,phases      ] GC(287) Phase 4: Move objects 0.612ms
[2026-07-01T01:46:15.347+0000][91.152s][info][gc,heap        ] GC(287) DefNew: 78655K(78656K)->1513K(78656K) Eden: 69952K(69952K)->1513K(69952K) From: 8703K(8704K)->0K(8704K)
[2026-07-01T01:46:15.348+0000][91.152s][info][gc,heap        ] GC(287) Tenured: 174783K(174784K)->174783K(174784K)
[2026-07-01T01:46:15.348+0000][91.152s][info][gc,metaspace   ] GC(287) Metaspace: 41328K(42176K)->41328K(42176K) NonClass: 36300K(36672K)->36300K(36672K) Class: 5027K(5504K)->5027K(5504K)
[2026-07-01T01:46:15.348+0000][91.152s][info][gc             ] GC(287) Pause Full (Allocation Failure) 247M->172M(247M) 281.449ms
[2026-07-01T01:46:15.348+0000][91.152s][info][gc,cpu         ] GC(287) User=0.28s Sys=0.00s Real=0.28s
[2026-07-01T01:46:15.731+0000][91.536s][info][gc,start       ] GC(288) Pause Full (Allocation Failure)
[2026-07-01T01:46:15.731+0000][91.536s][info][gc,phases,start] GC(288) Phase 1: Mark live objects
[2026-07-01T01:46:15.859+0000][91.664s][info][gc,phases      ] GC(288) Phase 1: Mark live objects 127.905ms
[2026-07-01T01:46:15.859+0000][91.664s][info][gc,phases,start] GC(288) Phase 2: Compute new object addresses
[2026-07-01T01:46:15.913+0000][91.717s][info][gc,phases      ] GC(288) Phase 2: Compute new object addresses 53.342ms
[2026-07-01T01:46:15.913+0000][91.717s][info][gc,phases,start] GC(288) Phase 3: Adjust pointers
[2026-07-01T01:46:15.977+0000][91.782s][info][gc,phases      ] GC(288) Phase 3: Adjust pointers 64.754ms
[2026-07-01T01:46:15.977+0000][91.782s][info][gc,phases,start] GC(288) Phase 4: Move objects
[2026-07-01T01:46:16.010+0000][91.815s][info][gc,phases      ] GC(288) Phase 4: Move objects 32.951ms
[2026-07-01T01:46:16.011+0000][91.815s][info][gc,heap        ] GC(288) DefNew: 78656K(78656K)->0K(78656K) Eden: 69952K(69952K)->0K(69952K) From: 8704K(8704K)->0K(8704K)
[2026-07-01T01:46:16.011+0000][91.815s][info][gc,heap        ] GC(288) Tenured: 174783K(174784K)->173996K(174784K)
[2026-07-01T01:46:16.011+0000][91.815s][info][gc,metaspace   ] GC(288) Metaspace: 41328K(42176K)->41328K(42176K) NonClass: 36301K(36672K)->36301K(36672K) Class: 5027K(5504K)->5027K(5504K)
[2026-07-01T01:46:16.011+0000][91.815s][info][gc             ] GC(288) Pause Full (Allocation Failure) 247M->169M(247M) 279.481ms
[2026-07-01T01:46:16.011+0000][91.815s][info][gc,cpu         ] GC(288) User=0.28s Sys=0.00s Real=0.28s
[2026-07-01T01:46:16.326+0000][92.131s][info][gc,start       ] GC(289) Pause Young (Allocation Failure)
[2026-07-01T01:46:16.326+0000][92.131s][info][gc             ] GC(289) Pause Young (Allocation Failure) 238M->238M(247M) 0.099ms
[2026-07-01T01:46:16.326+0000][92.131s][info][gc,cpu         ] GC(289) User=0.00s Sys=0.00s Real=0.00s
[2026-07-01T01:46:16.326+0000][92.131s][info][gc,start       ] GC(290) Pause Full (Allocation Failure)
[2026-07-01T01:46:16.326+0000][92.131s][info][gc,phases,start] GC(290) Phase 1: Mark live objects
[2026-07-01T01:46:16.454+0000][92.258s][info][gc,phases      ] GC(290) Phase 1: Mark live objects 127.476ms
[2026-07-01T01:46:16.454+0000][92.258s][info][gc,phases,start] GC(290) Phase 2: Compute new object addresses
[2026-07-01T01:46:16.506+0000][92.311s][info][gc,phases      ] GC(290) Phase 2: Compute new object addresses 52.585ms
[2026-07-01T01:46:16.506+0000][92.311s][info][gc,phases,start] GC(290) Phase 3: Adjust pointers
[2026-07-01T01:46:16.566+0000][92.370s][info][gc,phases      ] GC(290) Phase 3: Adjust pointers 59.275ms
[2026-07-01T01:46:16.566+0000][92.370s][info][gc,phases,start] GC(290) Phase 4: Move objects
[2026-07-01T01:46:16.566+0000][92.371s][info][gc,phases      ] GC(290) Phase 4: Move objects 0.410ms
[2026-07-01T01:46:16.566+0000][92.371s][info][gc,heap        ] GC(290) DefNew: 69952K(78656K)->28K(78656K) Eden: 69952K(69952K)->28K(69952K) From: 0K(8704K)->0K(8704K)
[2026-07-01T01:46:16.566+0000][92.371s][info][gc,heap        ] GC(290) Tenured: 173996K(174784K)->174783K(174784K)
[2026-07-01T01:46:16.566+0000][92.371s][info][gc,metaspace   ] GC(290) Metaspace: 41328K(42176K)->41328K(42176K) NonClass: 36301K(36672K)->36301K(36672K) Class: 5027K(5504K)->5027K(5504K)
[2026-07-01T01:46:16.566+0000][92.371s][info][gc             ] GC(290) Pause Full (Allocation Failure) 238M->170M(247M) 240.142ms
[2026-07-01T01:46:16.566+0000][92.371s][info][gc,cpu         ] GC(290) User=0.24s Sys=0.00s Real=0.24s
[2026-07-01T01:46:16.975+0000][92.780s][info][gc,start       ] GC(291) Pause Full (Allocation Failure)
[2026-07-01T01:46:16.975+0000][92.780s][info][gc,phases,start] GC(291) Phase 1: Mark live objects
[2026-07-01T01:46:17.104+0000][92.909s][info][gc,phases      ] GC(291) Phase 1: Mark live objects 129.077ms
[2026-07-01T01:46:17.104+0000][92.909s][info][gc,phases,start] GC(291) Phase 2: Compute new object addresses
[2026-07-01T01:46:17.159+0000][92.963s][info][gc,phases      ] GC(291) Phase 2: Compute new object addresses 54.244ms
[2026-07-01T01:46:17.159+0000][92.963s][info][gc,phases,start] GC(291) Phase 3: Adjust pointers
[2026-07-01T01:46:17.219+0000][93.023s][info][gc,phases      ] GC(291) Phase 3: Adjust pointers 59.953ms
[2026-07-01T01:46:17.219+0000][93.023s][info][gc,phases,start] GC(291) Phase 4: Move objects
[2026-07-01T01:46:17.219+0000][93.024s][info][gc,phases      ] GC(291) Phase 4: Move objects 0.656ms
[2026-07-01T01:46:17.219+0000][93.024s][info][gc,heap        ] GC(291) DefNew: 78656K(78656K)->1649K(78656K) Eden: 69952K(69952K)->1649K(69952K) From: 8704K(8704K)->0K(8704K)
[2026-07-01T01:46:17.219+0000][93.024s][info][gc,heap        ] GC(291) Tenured: 174783K(174784K)->174783K(174784K)
[2026-07-01T01:46:17.219+0000][93.024s][info][gc,metaspace   ] GC(291) Metaspace: 41329K(42176K)->41329K(42176K) NonClass: 36301K(36672K)->36301K(36672K) Class: 5027K(5504K)->5027K(5504K)
[2026-07-01T01:46:17.219+0000][93.024s][info][gc             ] GC(291) Pause Full (Allocation Failure) 247M->172M(247M) 244.416ms
[2026-07-01T01:46:17.220+0000][93.024s][info][gc,cpu         ] GC(291) User=0.24s Sys=0.00s Real=0.25s
[2026-07-01T01:46:17.629+0000][93.434s][info][gc,start       ] GC(292) Pause Full (Allocation Failure)
[2026-07-01T01:46:17.629+0000][93.434s][info][gc,phases,start] GC(292) Phase 1: Mark live objects
[2026-07-01T01:46:17.758+0000][93.563s][info][gc,phases      ] GC(292) Phase 1: Mark live objects 129.091ms
[2026-07-01T01:46:17.758+0000][93.563s][info][gc,phases,start] GC(292) Phase 2: Compute new object addresses
[2026-07-01T01:46:17.812+0000][93.617s][info][gc,phases      ] GC(292) Phase 2: Compute new object addresses 53.960ms
[2026-07-01T01:46:17.812+0000][93.617s][info][gc,phases,start] GC(292) Phase 3: Adjust pointers
[2026-07-01T01:46:17.873+0000][93.677s][info][gc,phases      ] GC(292) Phase 3: Adjust pointers 60.649ms
[2026-07-01T01:46:17.873+0000][93.677s][info][gc,phases,start] GC(292) Phase 4: Move objects
[2026-07-01T01:46:17.874+0000][93.678s][info][gc,phases      ] GC(292) Phase 4: Move objects 0.641ms
[2026-07-01T01:46:17.874+0000][93.678s][info][gc,heap        ] GC(292) DefNew: 78656K(78656K)->2138K(78656K) Eden: 69952K(69952K)->2138K(69952K) From: 8704K(8704K)->0K(8704K)
[2026-07-01T01:46:17.874+0000][93.678s][info][gc,heap        ] GC(292) Tenured: 174783K(174784K)->174783K(174784K)
[2026-07-01T01:46:17.874+0000][93.678s][info][gc,metaspace   ] GC(292) Metaspace: 41329K(42176K)->41329K(42176K) NonClass: 36301K(36672K)->36301K(36672K) Class: 5027K(5504K)->5027K(5504K)
[2026-07-01T01:46:17.874+0000][93.678s][info][gc             ] GC(292) Pause Full (Allocation Failure) 247M->172M(247M) 244.810ms
[2026-07-01T01:46:17.874+0000][93.678s][info][gc,cpu         ] GC(292) User=0.25s Sys=0.00s Real=0.24s
[2026-07-01T01:46:18.274+0000][94.078s][info][gc,start       ] GC(293) Pause Full (Allocation Failure)
[2026-07-01T01:46:18.274+0000][94.078s][info][gc,phases,start] GC(293) Phase 1: Mark live objects
[2026-07-01T01:46:18.404+0000][94.208s][info][gc,phases      ] GC(293) Phase 1: Mark live objects 130.013ms
[2026-07-01T01:46:18.404+0000][94.208s][info][gc,phases,start] GC(293) Phase 2: Compute new object addresses
[2026-07-01T01:46:18.458+0000][94.262s][info][gc,phases      ] GC(293) Phase 2: Compute new object addresses 53.791ms
[2026-07-01T01:46:18.458+0000][94.262s][info][gc,phases,start] GC(293) Phase 3: Adjust pointers
[2026-07-01T01:46:18.524+0000][94.329s][info][gc,phases      ] GC(293) Phase 3: Adjust pointers 66.301ms
[2026-07-01T01:46:18.524+0000][94.329s][info][gc,phases,start] GC(293) Phase 4: Move objects
[2026-07-01T01:46:18.557+0000][94.361s][info][gc,phases      ] GC(293) Phase 4: Move objects 32.886ms
[2026-07-01T01:46:18.557+0000][94.362s][info][gc,heap        ] GC(293) DefNew: 78655K(78656K)->0K(78656K) Eden: 69952K(69952K)->0K(69952K) From: 8703K(8704K)->0K(8704K)
[2026-07-01T01:46:18.557+0000][94.362s][info][gc,heap        ] GC(293) Tenured: 174783K(174784K)->174729K(174784K)
[2026-07-01T01:46:18.557+0000][94.362s][info][gc,metaspace   ] GC(293) Metaspace: 41329K(42176K)->41329K(42176K) NonClass: 36302K(36672K)->36302K(36672K) Class: 5027K(5504K)->5027K(5504K)
[2026-07-01T01:46:18.557+0000][94.362s][info][gc             ] GC(293) Pause Full (Allocation Failure) 247M->170M(247M) 283.478ms
[2026-07-01T01:46:18.557+0000][94.362s][info][gc,cpu         ] GC(293) User=0.28s Sys=0.00s Real=0.28s
[2026-07-01T01:46:18.878+0000][94.683s][info][gc,start       ] GC(294) Pause Young (Allocation Failure)
[2026-07-01T01:46:18.879+0000][94.683s][info][gc             ] GC(294) Pause Young (Allocation Failure) 238M->238M(247M) 0.121ms
[2026-07-01T01:46:18.879+0000][94.683s][info][gc,cpu         ] GC(294) User=0.00s Sys=0.00s Real=0.00s
[2026-07-01T01:46:18.879+0000][94.683s][info][gc,start       ] GC(295) Pause Full (Allocation Failure)
[2026-07-01T01:46:18.879+0000][94.683s][info][gc,phases,start] GC(295) Phase 1: Mark live objects
[2026-07-01T01:46:19.010+0000][94.815s][info][gc,phases      ] GC(295) Phase 1: Mark live objects 131.655ms
[2026-07-01T01:46:19.010+0000][94.815s][info][gc,phases,start] GC(295) Phase 2: Compute new object addresses
[2026-07-01T01:46:19.062+0000][94.867s][info][gc,phases      ] GC(295) Phase 2: Compute new object addresses 51.904ms
[2026-07-01T01:46:19.062+0000][94.867s][info][gc,phases,start] GC(295) Phase 3: Adjust pointers
[2026-07-01T01:46:19.122+0000][94.927s][info][gc,phases      ] GC(295) Phase 3: Adjust pointers 59.721ms
[2026-07-01T01:46:19.122+0000][94.927s][info][gc,phases,start] GC(295) Phase 4: Move objects
[2026-07-01T01:46:19.122+0000][94.927s][info][gc,phases      ] GC(295) Phase 4: Move objects 0.382ms
[2026-07-01T01:46:19.123+0000][94.927s][info][gc,heap        ] GC(295) DefNew: 69952K(78656K)->762K(78656K) Eden: 69952K(69952K)->762K(69952K) From: 0K(8704K)->0K(8704K)
[2026-07-01T01:46:19.123+0000][94.927s][info][gc,heap        ] GC(295) Tenured: 174729K(174784K)->174783K(174784K)
[2026-07-01T01:46:19.123+0000][94.927s][info][gc,metaspace   ] GC(295) Metaspace: 41329K(42176K)->41329K(42176K) NonClass: 36302K(36672K)->36302K(36672K) Class: 5027K(5504K)->5027K(5504K)
[2026-07-01T01:46:19.123+0000][94.927s][info][gc             ] GC(295) Pause Full (Allocation Failure) 238M->171M(247M) 244.083ms
[2026-07-01T01:46:19.123+0000][94.927s][info][gc,cpu         ] GC(295) User=0.25s Sys=0.00s Real=0.24s
