[2026-07-01T01:57:30.422+0000][0.026s][info][gc,init] CardTable entry size: 512
[2026-07-01T01:57:30.422+0000][0.026s][info][gc     ] Using Serial
[2026-07-01T01:57:30.422+0000][0.026s][info][gc,init] Version: 21.0.11+10-LTS (release)
[2026-07-01T01:57:30.422+0000][0.026s][info][gc,init] CPUs: 4 total, 1 available
[2026-07-01T01:57:30.422+0000][0.026s][info][gc,init] Memory: 2048M
[2026-07-01T01:57:30.422+0000][0.026s][info][gc,init] Large Page Support: Disabled
[2026-07-01T01:57:30.422+0000][0.026s][info][gc,init] NUMA Support: Disabled
[2026-07-01T01:57:30.422+0000][0.026s][info][gc,init] Compressed Oops: Enabled (32-bit)
[2026-07-01T01:57:30.422+0000][0.026s][info][gc,init] Heap Min Capacity: 8M
[2026-07-01T01:57:30.422+0000][0.026s][info][gc,init] Heap Initial Capacity: 32M
[2026-07-01T01:57:30.422+0000][0.026s][info][gc,init] Heap Max Capacity: 512M
[2026-07-01T01:57:30.422+0000][0.026s][info][gc,init] Pre-touch: Disabled
[2026-07-01T01:57:30.429+0000][0.034s][info][gc,metaspace] CDS archive(s) mapped at: [0x000074a2ff000000-0x000074a2ffc9b000-0x000074a2ffc9b000), size 13217792, SharedBaseAddress: 0x000074a2ff000000, ArchiveRelocationMode: 1.
[2026-07-01T01:57:30.429+0000][0.034s][info][gc,metaspace] Compressed class space mapped at: 0x000074a300000000-0x000074a340000000, reserved size: 1073741824
[2026-07-01T01:57:30.429+0000][0.034s][info][gc,metaspace] Narrow klass base: 0x000074a2ff000000, Narrow klass shift: 0, Narrow klass range: 0x100000000
[2026-07-01T01:57:30.743+0000][0.348s][info][gc,start    ] GC(0) Pause Young (Allocation Failure)
[2026-07-01T01:57:30.745+0000][0.350s][info][gc,heap     ] GC(0) DefNew: 8704K(9792K)->800K(9792K) Eden: 8704K(8704K)->0K(8704K) From: 0K(1088K)->800K(1088K)
[2026-07-01T01:57:30.745+0000][0.350s][info][gc,heap     ] GC(0) Tenured: 1073K(21888K)->1073K(21888K)
[2026-07-01T01:57:30.745+0000][0.350s][info][gc,metaspace] GC(0) Metaspace: 1892K(2176K)->1892K(2176K) NonClass: 1686K(1856K)->1686K(1856K) Class: 205K(320K)->205K(320K)
[2026-07-01T01:57:30.745+0000][0.350s][info][gc          ] GC(0) Pause Young (Allocation Failure) 9M->1M(30M) 2.077ms
[2026-07-01T01:57:30.745+0000][0.350s][info][gc,cpu      ] GC(0) User=0.00s Sys=0.00s Real=0.00s
[2026-07-01T01:57:31.041+0000][0.646s][info][gc,start    ] GC(1) Pause Young (Allocation Failure)
[2026-07-01T01:57:31.044+0000][0.649s][info][gc,heap     ] GC(1) DefNew: 9504K(9792K)->617K(9792K) Eden: 8704K(8704K)->0K(8704K) From: 800K(1088K)->617K(1088K)
[2026-07-01T01:57:31.044+0000][0.649s][info][gc,heap     ] GC(1) Tenured: 1073K(21888K)->1849K(21888K)
[2026-07-01T01:57:31.044+0000][0.649s][info][gc,metaspace] GC(1) Metaspace: 3454K(3776K)->3454K(3776K) NonClass: 3077K(3264K)->3077K(3264K) Class: 377K(512K)->377K(512K)
[2026-07-01T01:57:31.044+0000][0.649s][info][gc          ] GC(1) Pause Young (Allocation Failure) 10M->2M(30M) 2.848ms
[2026-07-01T01:57:31.044+0000][0.649s][info][gc,cpu      ] GC(1) User=0.00s Sys=0.01s Real=0.00s
[2026-07-01T01:57:31.347+0000][0.952s][info][gc,start    ] GC(2) Pause Young (Allocation Failure)
[2026-07-01T01:57:31.349+0000][0.954s][info][gc,heap     ] GC(2) DefNew: 9321K(9792K)->574K(9792K) Eden: 8704K(8704K)->0K(8704K) From: 617K(1088K)->574K(1088K)
[2026-07-01T01:57:31.349+0000][0.954s][info][gc,heap     ] GC(2) Tenured: 1849K(21888K)->2401K(21888K)
[2026-07-01T01:57:31.349+0000][0.954s][info][gc,metaspace] GC(2) Metaspace: 5459K(5760K)->5459K(5760K) NonClass: 4834K(4992K)->4834K(4992K) Class: 624K(768K)->624K(768K)
[2026-07-01T01:57:31.349+0000][0.954s][info][gc          ] GC(2) Pause Young (Allocation Failure) 10M->2M(30M) 1.966ms
[2026-07-01T01:57:31.349+0000][0.954s][info][gc,cpu      ] GC(2) User=0.00s Sys=0.00s Real=0.01s
[2026-07-01T01:57:31.554+0000][1.159s][info][gc,start    ] GC(3) Pause Young (Allocation Failure)
[2026-07-01T01:57:31.556+0000][1.161s][info][gc,heap     ] GC(3) DefNew: 9278K(9792K)->498K(9792K) Eden: 8704K(8704K)->0K(8704K) From: 574K(1088K)->498K(1088K)
[2026-07-01T01:57:31.556+0000][1.161s][info][gc,heap     ] GC(3) Tenured: 2401K(21888K)->2934K(21888K)
[2026-07-01T01:57:31.556+0000][1.161s][info][gc,metaspace] GC(3) Metaspace: 7332K(7680K)->7332K(7680K) NonClass: 6469K(6656K)->6469K(6656K) Class: 863K(1024K)->863K(1024K)
[2026-07-01T01:57:31.556+0000][1.161s][info][gc          ] GC(3) Pause Young (Allocation Failure) 11M->3M(30M) 2.181ms
[2026-07-01T01:57:31.556+0000][1.161s][info][gc,cpu      ] GC(3) User=0.00s Sys=0.00s Real=0.00s
[2026-07-01T01:57:31.847+0000][1.451s][info][gc,start    ] GC(4) Pause Young (Allocation Failure)
[2026-07-01T01:57:31.849+0000][1.454s][info][gc,heap     ] GC(4) DefNew: 9202K(9792K)->1087K(9792K) Eden: 8704K(8704K)->0K(8704K) From: 498K(1088K)->1087K(1088K)
[2026-07-01T01:57:31.849+0000][1.454s][info][gc,heap     ] GC(4) Tenured: 2934K(21888K)->3121K(21888K)
[2026-07-01T01:57:31.849+0000][1.454s][info][gc,metaspace] GC(4) Metaspace: 9155K(9472K)->9155K(9472K) NonClass: 8027K(8192K)->8027K(8192K) Class: 1127K(1280K)->1127K(1280K)
[2026-07-01T01:57:31.849+0000][1.454s][info][gc          ] GC(4) Pause Young (Allocation Failure) 11M->4M(30M) 2.743ms
[2026-07-01T01:57:31.849+0000][1.454s][info][gc,cpu      ] GC(4) User=0.00s Sys=0.00s Real=0.01s
[2026-07-01T01:57:32.141+0000][1.746s][info][gc,start    ] GC(5) Pause Young (Allocation Failure)
[2026-07-01T01:57:32.144+0000][1.749s][info][gc,heap     ] GC(5) DefNew: 9791K(9792K)->442K(9792K) Eden: 8704K(8704K)->0K(8704K) From: 1087K(1088K)->442K(1088K)
[2026-07-01T01:57:32.144+0000][1.749s][info][gc,heap     ] GC(5) Tenured: 3121K(21888K)->4185K(21888K)
[2026-07-01T01:57:32.144+0000][1.749s][info][gc,metaspace] GC(5) Metaspace: 10615K(11008K)->10615K(11008K) NonClass: 9229K(9472K)->9229K(9472K) Class: 1386K(1536K)->1386K(1536K)
[2026-07-01T01:57:32.144+0000][1.749s][info][gc          ] GC(5) Pause Young (Allocation Failure) 12M->4M(30M) 3.232ms
[2026-07-01T01:57:32.144+0000][1.749s][info][gc,cpu      ] GC(5) User=0.01s Sys=0.00s Real=0.00s
[2026-07-01T01:57:32.344+0000][1.949s][info][gc,start    ] GC(6) Pause Young (Allocation Failure)
[2026-07-01T01:57:32.347+0000][1.952s][info][gc,heap     ] GC(6) DefNew: 9146K(9792K)->923K(9792K) Eden: 8704K(8704K)->0K(8704K) From: 442K(1088K)->923K(1088K)
[2026-07-01T01:57:32.347+0000][1.952s][info][gc,heap     ] GC(6) Tenured: 4185K(21888K)->4185K(21888K)
[2026-07-01T01:57:32.347+0000][1.952s][info][gc,metaspace] GC(6) Metaspace: 12101K(12480K)->12101K(12480K) NonClass: 10531K(10752K)->10531K(10752K) Class: 1569K(1728K)->1569K(1728K)
[2026-07-01T01:57:32.347+0000][1.952s][info][gc          ] GC(6) Pause Young (Allocation Failure) 13M->4M(30M) 3.301ms
[2026-07-01T01:57:32.347+0000][1.952s][info][gc,cpu      ] GC(6) User=0.01s Sys=0.00s Real=0.00s
[2026-07-01T01:57:32.625+0000][2.230s][info][gc,start    ] GC(7) Pause Young (Allocation Failure)
[2026-07-01T01:57:32.629+0000][2.233s][info][gc,heap     ] GC(7) DefNew: 9627K(9792K)->1069K(9792K) Eden: 8704K(8704K)->0K(8704K) From: 923K(1088K)->1069K(1088K)
[2026-07-01T01:57:32.629+0000][2.233s][info][gc,heap     ] GC(7) Tenured: 4185K(21888K)->4572K(21888K)
[2026-07-01T01:57:32.629+0000][2.233s][info][gc,metaspace] GC(7) Metaspace: 13513K(13888K)->13513K(13888K) NonClass: 11765K(11968K)->11765K(11968K) Class: 1747K(1920K)->1747K(1920K)
[2026-07-01T01:57:32.629+0000][2.233s][info][gc          ] GC(7) Pause Young (Allocation Failure) 13M->5M(30M) 3.863ms
[2026-07-01T01:57:32.629+0000][2.233s][info][gc,cpu      ] GC(7) User=0.01s Sys=0.00s Real=0.01s
[2026-07-01T01:57:32.818+0000][2.422s][info][gc,start    ] GC(8) Pause Young (Allocation Failure)
[2026-07-01T01:57:32.821+0000][2.426s][info][gc,heap     ] GC(8) DefNew: 9773K(9792K)->468K(9792K) Eden: 8704K(8704K)->0K(8704K) From: 1069K(1088K)->468K(1088K)
[2026-07-01T01:57:32.821+0000][2.426s][info][gc,heap     ] GC(8) Tenured: 4572K(21888K)->5604K(21888K)
[2026-07-01T01:57:32.821+0000][2.426s][info][gc,metaspace] GC(8) Metaspace: 14364K(14784K)->14364K(14784K) NonClass: 12519K(12736K)->12519K(12736K) Class: 1844K(2048K)->1844K(2048K)
[2026-07-01T01:57:32.821+0000][2.426s][info][gc          ] GC(8) Pause Young (Allocation Failure) 14M->5M(30M) 3.294ms
[2026-07-01T01:57:32.821+0000][2.426s][info][gc,cpu      ] GC(8) User=0.00s Sys=0.00s Real=0.01s
[2026-07-01T01:57:33.042+0000][2.646s][info][gc,start    ] GC(9) Pause Young (Allocation Failure)
[2026-07-01T01:57:33.045+0000][2.649s][info][gc,heap     ] GC(9) DefNew: 9172K(9792K)->1040K(9792K) Eden: 8704K(8704K)->0K(8704K) From: 468K(1088K)->1040K(1088K)
[2026-07-01T01:57:33.045+0000][2.649s][info][gc,heap     ] GC(9) Tenured: 5604K(21888K)->5604K(21888K)
[2026-07-01T01:57:33.045+0000][2.649s][info][gc,metaspace] GC(9) Metaspace: 14954K(15360K)->14954K(15360K) NonClass: 13034K(13248K)->13034K(13248K) Class: 1920K(2112K)->1920K(2112K)
[2026-07-01T01:57:33.045+0000][2.649s][info][gc          ] GC(9) Pause Young (Allocation Failure) 14M->6M(30M) 3.032ms
[2026-07-01T01:57:33.045+0000][2.649s][info][gc,cpu      ] GC(9) User=0.01s Sys=0.00s Real=0.00s
[2026-07-01T01:57:33.327+0000][2.932s][info][gc,start    ] GC(10) Pause Young (Allocation Failure)
[2026-07-01T01:57:33.331+0000][2.936s][info][gc,heap     ] GC(10) DefNew: 9744K(9792K)->524K(9792K) Eden: 8704K(8704K)->0K(8704K) From: 1040K(1088K)->524K(1088K)
[2026-07-01T01:57:33.331+0000][2.936s][info][gc,heap     ] GC(10) Tenured: 5604K(21888K)->6606K(21888K)
[2026-07-01T01:57:33.331+0000][2.936s][info][gc,metaspace] GC(10) Metaspace: 15329K(15808K)->15329K(15808K) NonClass: 13380K(13632K)->13380K(13632K) Class: 1949K(2176K)->1949K(2176K)
[2026-07-01T01:57:33.331+0000][2.936s][info][gc          ] GC(10) Pause Young (Allocation Failure) 14M->6M(30M) 3.919ms
[2026-07-01T01:57:33.331+0000][2.936s][info][gc,cpu      ] GC(10) User=0.01s Sys=0.00s Real=0.01s
[2026-07-01T01:57:33.551+0000][3.156s][info][gc,start    ] GC(11) Pause Young (Allocation Failure)
[2026-07-01T01:57:33.553+0000][3.158s][info][gc,heap     ] GC(11) DefNew: 9228K(9792K)->985K(9792K) Eden: 8704K(8704K)->0K(8704K) From: 524K(1088K)->985K(1088K)
[2026-07-01T01:57:33.553+0000][3.158s][info][gc,heap     ] GC(11) Tenured: 6606K(21888K)->6606K(21888K)
[2026-07-01T01:57:33.553+0000][3.158s][info][gc,metaspace] GC(11) Metaspace: 16031K(16448K)->16031K(16448K) NonClass: 13996K(14208K)->13996K(14208K) Class: 2034K(2240K)->2034K(2240K)
[2026-07-01T01:57:33.553+0000][3.158s][info][gc          ] GC(11) Pause Young (Allocation Failure) 15M->7M(30M) 2.342ms
[2026-07-01T01:57:33.553+0000][3.158s][info][gc,cpu      ] GC(11) User=0.01s Sys=0.00s Real=0.00s
[2026-07-01T01:57:33.750+0000][3.355s][info][gc,start    ] GC(12) Pause Young (Allocation Failure)
[2026-07-01T01:57:33.753+0000][3.358s][info][gc,heap     ] GC(12) DefNew: 9689K(9792K)->916K(9792K) Eden: 8704K(8704K)->0K(8704K) From: 985K(1088K)->916K(1088K)
[2026-07-01T01:57:33.753+0000][3.358s][info][gc,heap     ] GC(12) Tenured: 6606K(21888K)->7104K(21888K)
[2026-07-01T01:57:33.753+0000][3.358s][info][gc,metaspace] GC(12) Metaspace: 16944K(17408K)->16944K(17408K) NonClass: 14791K(15040K)->14791K(15040K) Class: 2152K(2368K)->2152K(2368K)
[2026-07-01T01:57:33.753+0000][3.358s][info][gc          ] GC(12) Pause Young (Allocation Failure) 15M->7M(30M) 2.727ms
[2026-07-01T01:57:33.753+0000][3.358s][info][gc,cpu      ] GC(12) User=0.00s Sys=0.00s Real=0.00s
[2026-07-01T01:57:34.022+0000][3.626s][info][gc,start    ] GC(13) Pause Young (Allocation Failure)
[2026-07-01T01:57:34.025+0000][3.629s][info][gc,heap     ] GC(13) DefNew: 9620K(9792K)->921K(9792K) Eden: 8704K(8704K)->0K(8704K) From: 916K(1088K)->921K(1088K)
[2026-07-01T01:57:34.025+0000][3.629s][info][gc,heap     ] GC(13) Tenured: 7104K(21888K)->7556K(21888K)
[2026-07-01T01:57:34.025+0000][3.629s][info][gc,metaspace] GC(13) Metaspace: 17675K(18112K)->17675K(18112K) NonClass: 15425K(15680K)->15425K(15680K) Class: 2249K(2432K)->2249K(2432K)
[2026-07-01T01:57:34.025+0000][3.629s][info][gc          ] GC(13) Pause Young (Allocation Failure) 16M->8M(30M) 3.114ms
[2026-07-01T01:57:34.025+0000][3.629s][info][gc,cpu      ] GC(13) User=0.01s Sys=0.00s Real=0.00s
[2026-07-01T01:57:34.239+0000][3.844s][info][gc,start    ] GC(14) Pause Young (Allocation Failure)
[2026-07-01T01:57:34.243+0000][3.848s][info][gc,heap     ] GC(14) DefNew: 9625K(9792K)->1087K(9792K) Eden: 8704K(8704K)->0K(8704K) From: 921K(1088K)->1087K(1088K)
[2026-07-01T01:57:34.243+0000][3.848s][info][gc,heap     ] GC(14) Tenured: 7556K(21888K)->8031K(21888K)
[2026-07-01T01:57:34.243+0000][3.848s][info][gc,metaspace] GC(14) Metaspace: 18864K(19328K)->18864K(19328K) NonClass: 16455K(16704K)->16455K(16704K) Class: 2409K(2624K)->2409K(2624K)
[2026-07-01T01:57:34.243+0000][3.848s][info][gc          ] GC(14) Pause Young (Allocation Failure) 16M->8M(30M) 3.657ms
[2026-07-01T01:57:34.243+0000][3.848s][info][gc,cpu      ] GC(14) User=0.01s Sys=0.00s Real=0.00s
[2026-07-01T01:57:34.444+0000][4.048s][info][gc,start    ] GC(15) Pause Young (Allocation Failure)
[2026-07-01T01:57:34.447+0000][4.052s][info][gc,heap     ] GC(15) DefNew: 9791K(9792K)->875K(9792K) Eden: 8704K(8704K)->0K(8704K) From: 1087K(1088K)->875K(1088K)
[2026-07-01T01:57:34.448+0000][4.052s][info][gc,heap     ] GC(15) Tenured: 8031K(21888K)->9081K(21888K)
[2026-07-01T01:57:34.448+0000][4.052s][info][gc,metaspace] GC(15) Metaspace: 20516K(21056K)->20516K(21056K) NonClass: 17837K(18112K)->17837K(18112K) Class: 2678K(2944K)->2678K(2944K)
[2026-07-01T01:57:34.448+0000][4.052s][info][gc          ] GC(15) Pause Young (Allocation Failure) 17M->9M(30M) 3.876ms
[2026-07-01T01:57:34.448+0000][4.052s][info][gc,cpu      ] GC(15) User=0.00s Sys=0.00s Real=0.00s
[2026-07-01T01:57:34.529+0000][4.134s][info][gc,start    ] GC(16) Pause Full (Metadata GC Threshold)
[2026-07-01T01:57:34.529+0000][4.134s][info][gc,phases,start] GC(16) Phase 1: Mark live objects
[2026-07-01T01:57:34.543+0000][4.148s][info][gc,phases      ] GC(16) Phase 1: Mark live objects 13.734ms
[2026-07-01T01:57:34.543+0000][4.148s][info][gc,phases,start] GC(16) Phase 2: Compute new object addresses
[2026-07-01T01:57:34.546+0000][4.151s][info][gc,phases      ] GC(16) Phase 2: Compute new object addresses 2.772ms
[2026-07-01T01:57:34.546+0000][4.151s][info][gc,phases,start] GC(16) Phase 3: Adjust pointers
[2026-07-01T01:57:34.552+0000][4.157s][info][gc,phases      ] GC(16) Phase 3: Adjust pointers 6.350ms
[2026-07-01T01:57:34.552+0000][4.157s][info][gc,phases,start] GC(16) Phase 4: Move objects
[2026-07-01T01:57:34.553+0000][4.158s][info][gc,phases      ] GC(16) Phase 4: Move objects 0.521ms
[2026-07-01T01:57:34.553+0000][4.158s][info][gc,heap        ] GC(16) DefNew: 3425K(9792K)->0K(9920K) Eden: 2549K(8704K)->0K(8832K) From: 875K(1088K)->0K(1088K)
[2026-07-01T01:57:34.553+0000][4.158s][info][gc,heap        ] GC(16) Tenured: 9081K(21888K)->10126K(21888K)
[2026-07-01T01:57:34.553+0000][4.158s][info][gc,metaspace   ] GC(16) Metaspace: 21060K(21504K)->21060K(21504K) NonClass: 18335K(18560K)->18335K(18560K) Class: 2725K(2944K)->2725K(2944K)
[2026-07-01T01:57:34.553+0000][4.158s][info][gc             ] GC(16) Pause Full (Metadata GC Threshold) 12M->9M(31M) 23.811ms
[2026-07-01T01:57:34.553+0000][4.158s][info][gc,cpu         ] GC(16) User=0.03s Sys=0.00s Real=0.02s
[2026-07-01T01:57:34.834+0000][4.439s][info][gc,start       ] GC(17) Pause Young (Allocation Failure)
[2026-07-01T01:57:34.838+0000][4.443s][info][gc,heap        ] GC(17) DefNew: 8832K(9920K)->1087K(9920K) Eden: 8832K(8832K)->0K(8832K) From: 0K(1088K)->1087K(1088K)
[2026-07-01T01:57:34.838+0000][4.443s][info][gc,heap        ] GC(17) Tenured: 10126K(21888K)->10826K(21888K)
[2026-07-01T01:57:34.838+0000][4.443s][info][gc,metaspace   ] GC(17) Metaspace: 22975K(23488K)->22975K(23488K) NonClass: 20028K(20288K)->20028K(20288K) Class: 2947K(3200K)->2947K(3200K)
[2026-07-01T01:57:34.838+0000][4.443s][info][gc             ] GC(17) Pause Young (Allocation Failure) 18M->11M(31M) 4.131ms
[2026-07-01T01:57:34.838+0000][4.443s][info][gc,cpu         ] GC(17) User=0.00s Sys=0.00s Real=0.01s
[2026-07-01T01:57:34.951+0000][4.556s][info][gc,start       ] GC(18) Pause Young (Allocation Failure)
[2026-07-01T01:57:34.955+0000][4.560s][info][gc,heap        ] GC(18) DefNew: 9919K(9920K)->377K(9920K) Eden: 8832K(8832K)->0K(8832K) From: 1087K(1088K)->377K(1088K)
[2026-07-01T01:57:34.955+0000][4.560s][info][gc,heap        ] GC(18) Tenured: 10826K(21888K)->11907K(21888K)
[2026-07-01T01:57:34.955+0000][4.560s][info][gc,metaspace   ] GC(18) Metaspace: 23858K(24384K)->23858K(24384K) NonClass: 20789K(21056K)->20789K(21056K) Class: 3069K(3328K)->3069K(3328K)
[2026-07-01T01:57:34.955+0000][4.560s][info][gc             ] GC(18) Pause Young (Allocation Failure) 20M->11M(31M) 4.079ms
[2026-07-01T01:57:34.955+0000][4.560s][info][gc,cpu         ] GC(18) User=0.01s Sys=0.00s Real=0.00s
[2026-07-01T01:57:35.141+0000][4.746s][info][gc,start       ] GC(19) Pause Young (Allocation Failure)
[2026-07-01T01:57:35.144+0000][4.749s][info][gc,heap        ] GC(19) DefNew: 9209K(9920K)->934K(9920K) Eden: 8832K(8832K)->0K(8832K) From: 377K(1088K)->934K(1088K)
[2026-07-01T01:57:35.144+0000][4.749s][info][gc,heap        ] GC(19) Tenured: 11907K(21888K)->11907K(21888K)
[2026-07-01T01:57:35.144+0000][4.749s][info][gc,metaspace   ] GC(19) Metaspace: 25169K(25792K)->25169K(25792K) NonClass: 21941K(22272K)->21941K(22272K) Class: 3227K(3520K)->3227K(3520K)
[2026-07-01T01:57:35.144+0000][4.749s][info][gc             ] GC(19) Pause Young (Allocation Failure) 20M->12M(31M) 2.949ms
[2026-07-01T01:57:35.144+0000][4.749s][info][gc,cpu         ] GC(19) User=0.01s Sys=0.00s Real=0.00s
[2026-07-01T01:57:35.254+0000][4.859s][info][gc,start       ] GC(20) Pause Young (Allocation Failure)
[2026-07-01T01:57:35.257+0000][4.862s][info][gc,heap        ] GC(20) DefNew: 9766K(9920K)->258K(9920K) Eden: 8832K(8832K)->0K(8832K) From: 934K(1088K)->258K(1088K)
[2026-07-01T01:57:35.257+0000][4.862s][info][gc,heap        ] GC(20) Tenured: 11907K(21888K)->12817K(21888K)
[2026-07-01T01:57:35.257+0000][4.862s][info][gc,metaspace   ] GC(20) Metaspace: 27379K(27968K)->27379K(27968K) NonClass: 23873K(24192K)->23873K(24192K) Class: 3505K(3776K)->3505K(3776K)
[2026-07-01T01:57:35.257+0000][4.862s][info][gc             ] GC(20) Pause Young (Allocation Failure) 21M->12M(31M) 2.982ms
[2026-07-01T01:57:35.257+0000][4.862s][info][gc,cpu         ] GC(20) User=0.00s Sys=0.00s Real=0.00s
[2026-07-01T01:57:35.449+0000][5.054s][info][gc,start       ] GC(21) Pause Young (Allocation Failure)
[2026-07-01T01:57:35.452+0000][5.057s][info][gc,heap        ] GC(21) DefNew: 9090K(9920K)->898K(9920K) Eden: 8832K(8832K)->0K(8832K) From: 258K(1088K)->898K(1088K)
[2026-07-01T01:57:35.452+0000][5.057s][info][gc,heap        ] GC(21) Tenured: 12817K(21888K)->12817K(21888K)
[2026-07-01T01:57:35.452+0000][5.057s][info][gc,metaspace   ] GC(21) Metaspace: 28939K(29504K)->28939K(29504K) NonClass: 25230K(25536K)->25230K(25536K) Class: 3709K(3968K)->3709K(3968K)
[2026-07-01T01:57:35.453+0000][5.057s][info][gc             ] GC(21) Pause Young (Allocation Failure) 21M->13M(31M) 3.051ms
[2026-07-01T01:57:35.453+0000][5.057s][info][gc,cpu         ] GC(21) User=0.00s Sys=0.00s Real=0.00s
[2026-07-01T01:57:35.660+0000][5.265s][info][gc,start       ] GC(22) Pause Young (Allocation Failure)
[2026-07-01T01:57:35.664+0000][5.269s][info][gc,heap        ] GC(22) DefNew: 9730K(9920K)->871K(9920K) Eden: 8832K(8832K)->0K(8832K) From: 898K(1088K)->871K(1088K)
[2026-07-01T01:57:35.664+0000][5.269s][info][gc,heap        ] GC(22) Tenured: 12817K(21888K)->13655K(21888K)
[2026-07-01T01:57:35.664+0000][5.269s][info][gc,metaspace   ] GC(22) Metaspace: 30357K(30976K)->30357K(30976K) NonClass: 26453K(26816K)->26453K(26816K) Class: 3903K(4160K)->3903K(4160K)
[2026-07-01T01:57:35.664+0000][5.269s][info][gc             ] GC(22) Pause Young (Allocation Failure) 22M->14M(31M) 3.929ms
[2026-07-01T01:57:35.716+0000][5.321s][info][gc,cpu         ] GC(22) User=0.01s Sys=0.00s Real=0.00s
[2026-07-01T01:57:35.847+0000][5.452s][info][gc,start       ] GC(23) Pause Young (Allocation Failure)
[2026-07-01T01:57:35.850+0000][5.455s][info][gc,heap        ] GC(23) DefNew: 9703K(9920K)->502K(9920K) Eden: 8832K(8832K)->0K(8832K) From: 871K(1088K)->502K(1088K)
[2026-07-01T01:57:35.850+0000][5.455s][info][gc,heap        ] GC(23) Tenured: 13655K(21888K)->14502K(21888K)
[2026-07-01T01:57:35.850+0000][5.455s][info][gc,metaspace   ] GC(23) Metaspace: 31455K(32128K)->31455K(32128K) NonClass: 27385K(27712K)->27385K(27712K) Class: 4069K(4416K)->4069K(4416K)
[2026-07-01T01:57:35.850+0000][5.455s][info][gc             ] GC(23) Pause Young (Allocation Failure) 22M->14M(31M) 3.464ms
[2026-07-01T01:57:35.850+0000][5.455s][info][gc,cpu         ] GC(23) User=0.01s Sys=0.00s Real=0.01s
[2026-07-01T01:57:36.130+0000][5.735s][info][gc,start       ] GC(24) Pause Young (Allocation Failure)
[2026-07-01T01:57:36.134+0000][5.738s][info][gc,heap        ] GC(24) DefNew: 9334K(9920K)->1087K(9920K) Eden: 8832K(8832K)->0K(8832K) From: 502K(1088K)->1087K(1088K)
[2026-07-01T01:57:36.134+0000][5.738s][info][gc,heap        ] GC(24) Tenured: 14502K(21888K)->14666K(21888K)
[2026-07-01T01:57:36.134+0000][5.738s][info][gc,metaspace   ] GC(24) Metaspace: 32878K(33536K)->32878K(33536K) NonClass: 28592K(28928K)->28592K(28928K) Class: 4286K(4608K)->4286K(4608K)
[2026-07-01T01:57:36.134+0000][5.738s][info][gc             ] GC(24) Pause Young (Allocation Failure) 23M->15M(31M) 3.629ms
[2026-07-01T01:57:36.134+0000][5.738s][info][gc,cpu         ] GC(24) User=0.00s Sys=0.00s Real=0.00s
[2026-07-01T01:57:36.353+0000][5.958s][info][gc,start       ] GC(25) Pause Full (Metadata GC Threshold)
[2026-07-01T01:57:36.353+0000][5.958s][info][gc,phases,start] GC(25) Phase 1: Mark live objects
[2026-07-01T01:57:36.432+0000][6.036s][info][gc,phases      ] GC(25) Phase 1: Mark live objects 78.519ms
[2026-07-01T01:57:36.432+0000][6.037s][info][gc,phases,start] GC(25) Phase 2: Compute new object addresses
[2026-07-01T01:57:36.437+0000][6.042s][info][gc,phases      ] GC(25) Phase 2: Compute new object addresses 5.229ms
[2026-07-01T01:57:36.437+0000][6.042s][info][gc,phases,start] GC(25) Phase 3: Adjust pointers
[2026-07-01T01:57:36.447+0000][6.052s][info][gc,phases      ] GC(25) Phase 3: Adjust pointers 10.343ms
[2026-07-01T01:57:36.447+0000][6.052s][info][gc,phases,start] GC(25) Phase 4: Move objects
[2026-07-01T01:57:36.450+0000][6.054s][info][gc,phases      ] GC(25) Phase 4: Move objects 2.168ms
[2026-07-01T01:57:36.450+0000][6.055s][info][gc,heap        ] GC(25) DefNew: 8359K(9920K)->0K(11904K) Eden: 7271K(8832K)->0K(10624K) From: 1087K(1088K)->0K(1280K)
[2026-07-01T01:57:36.450+0000][6.055s][info][gc,heap        ] GC(25) Tenured: 14666K(21888K)->15720K(26204K)
[2026-07-01T01:57:36.450+0000][6.055s][info][gc,metaspace   ] GC(25) Metaspace: 35058K(35840K)->35058K(35840K) NonClass: 30492K(30912K)->30492K(30912K) Class: 4566K(4928K)->4566K(4928K)
[2026-07-01T01:57:36.450+0000][6.055s][info][gc             ] GC(25) Pause Full (Metadata GC Threshold) 22M->15M(37M) 96.868ms
[2026-07-01T01:57:36.450+0000][6.055s][info][gc,cpu         ] GC(25) User=0.04s Sys=0.00s Real=0.10s
[2026-07-01T01:57:36.632+0000][6.237s][info][gc,start       ] GC(26) Pause Young (Allocation Failure)
[2026-07-01T01:57:36.639+0000][6.244s][info][gc,heap        ] GC(26) DefNew: 10624K(11904K)->1279K(11904K) Eden: 10624K(10624K)->0K(10624K) From: 0K(1280K)->1279K(1280K)
[2026-07-01T01:57:36.639+0000][6.244s][info][gc,heap        ] GC(26) Tenured: 15720K(26204K)->18311K(26204K)
[2026-07-01T01:57:36.639+0000][6.244s][info][gc,metaspace   ] GC(26) Metaspace: 36372K(37120K)->36372K(37120K) NonClass: 31638K(32064K)->31638K(32064K) Class: 4733K(5056K)->4733K(5056K)
[2026-07-01T01:57:36.639+0000][6.244s][info][gc             ] GC(26) Pause Young (Allocation Failure) 25M->19M(37M) 7.524ms
[2026-07-01T01:57:36.639+0000][6.244s][info][gc,cpu         ] GC(26) User=0.01s Sys=0.00s Real=0.01s
[2026-07-01T01:57:36.727+0000][6.332s][info][gc,start       ] GC(27) Pause Young (Allocation Failure)
[2026-07-01T01:57:36.743+0000][6.348s][info][gc,heap        ] GC(27) DefNew: 11903K(11904K)->1279K(11904K) Eden: 10624K(10624K)->0K(10624K) From: 1279K(1280K)->1279K(1280K)
[2026-07-01T01:57:36.743+0000][6.348s][info][gc,heap        ] GC(27) Tenured: 18311K(26204K)->25495K(26204K)
[2026-07-01T01:57:36.743+0000][6.348s][info][gc,metaspace   ] GC(27) Metaspace: 36685K(37440K)->36685K(37440K) NonClass: 31907K(32320K)->31907K(32320K) Class: 4777K(5120K)->4777K(5120K)
[2026-07-01T01:57:36.743+0000][6.348s][info][gc             ] GC(27) Pause Young (Allocation Failure) 29M->26M(37M) 15.767ms
[2026-07-01T01:57:36.743+0000][6.348s][info][gc,cpu         ] GC(27) User=0.03s Sys=0.00s Real=0.02s
[2026-07-01T01:57:36.818+0000][6.422s][info][gc,start       ] GC(28) Pause Young (Allocation Failure)
[2026-07-01T01:57:36.829+0000][6.434s][info][gc             ] GC(28) Pause Young (Allocation Failure) 36M->33M(44M) 11.568ms
[2026-07-01T01:57:36.829+0000][6.434s][info][gc,cpu         ] GC(28) User=0.02s Sys=0.00s Real=0.02s
[2026-07-01T01:57:36.829+0000][6.434s][info][gc,start       ] GC(29) Pause Full (Allocation Failure)
[2026-07-01T01:57:36.829+0000][6.434s][info][gc,phases,start] GC(29) Phase 1: Mark live objects
[2026-07-01T01:57:36.857+0000][6.462s][info][gc,phases      ] GC(29) Phase 1: Mark live objects 27.675ms
[2026-07-01T01:57:36.857+0000][6.462s][info][gc,phases,start] GC(29) Phase 2: Compute new object addresses
[2026-07-01T01:57:36.919+0000][6.523s][info][gc,phases      ] GC(29) Phase 2: Compute new object addresses 61.672ms
[2026-07-01T01:57:36.919+0000][6.523s][info][gc,phases,start] GC(29) Phase 3: Adjust pointers
[2026-07-01T01:57:36.932+0000][6.537s][info][gc,phases      ] GC(29) Phase 3: Adjust pointers 13.668ms
[2026-07-01T01:57:36.932+0000][6.537s][info][gc,phases,start] GC(29) Phase 4: Move objects
[2026-07-01T01:57:36.933+0000][6.537s][info][gc,phases      ] GC(29) Phase 4: Move objects 0.288ms
[2026-07-01T01:57:36.933+0000][6.538s][info][gc,heap        ] GC(29) DefNew: 11903K(11904K)->1265K(25152K) Eden: 10624K(10624K)->1265K(22400K) From: 1279K(1280K)->0K(2752K)
[2026-07-01T01:57:36.933+0000][6.538s][info][gc,heap        ] GC(29) Tenured: 25495K(26204K)->33408K(55684K)
[2026-07-01T01:57:36.933+0000][6.538s][info][gc,metaspace   ] GC(29) Metaspace: 36784K(37504K)->36784K(37504K) NonClass: 31988K(32384K)->31988K(32384K) Class: 4796K(5120K)->4796K(5120K)
[2026-07-01T01:57:36.933+0000][6.538s][info][gc             ] GC(29) Pause Full (Allocation Failure) 33M->33M(78M) 103.724ms
[2026-07-01T01:57:36.933+0000][6.538s][info][gc,cpu         ] GC(29) User=0.10s Sys=0.00s Real=0.10s
[2026-07-01T01:57:37.027+0000][6.632s][info][gc,start       ] GC(30) Pause Young (Allocation Failure)
[2026-07-01T01:57:37.058+0000][6.663s][info][gc,heap        ] GC(30) DefNew: 22400K(25152K)->2751K(25152K) Eden: 22400K(22400K)->0K(22400K) From: 0K(2752K)->2751K(2752K)
[2026-07-01T01:57:37.058+0000][6.663s][info][gc,heap        ] GC(30) Tenured: 33408K(55684K)->47364K(55684K)
[2026-07-01T01:57:37.058+0000][6.663s][info][gc,metaspace   ] GC(30) Metaspace: 37175K(37952K)->37175K(37952K) NonClass: 32319K(32768K)->32319K(32768K) Class: 4856K(5184K)->4856K(5184K)
[2026-07-01T01:57:37.058+0000][6.663s][info][gc             ] GC(30) Pause Young (Allocation Failure) 54M->48M(78M) 30.896ms
[2026-07-01T01:57:37.058+0000][6.663s][info][gc,cpu         ] GC(30) User=0.03s Sys=0.01s Real=0.04s
[2026-07-01T01:57:37.126+0000][6.731s][info][gc,start       ] GC(31) Pause Young (Allocation Failure)
[2026-07-01T01:57:37.149+0000][6.753s][info][gc             ] GC(31) Pause Young (Allocation Failure) 70M->65M(87M) 22.637ms
[2026-07-01T01:57:37.149+0000][6.753s][info][gc,cpu         ] GC(31) User=0.03s Sys=0.00s Real=0.03s
[2026-07-01T01:57:37.149+0000][6.753s][info][gc,start       ] GC(32) Pause Full (Allocation Failure)
[2026-07-01T01:57:37.149+0000][6.753s][info][gc,phases,start] GC(32) Phase 1: Mark live objects
[2026-07-01T01:57:37.188+0000][6.793s][info][gc,phases      ] GC(32) Phase 1: Mark live objects 39.867ms
[2026-07-01T01:57:37.189+0000][6.793s][info][gc,phases,start] GC(32) Phase 2: Compute new object addresses
[2026-07-01T01:57:37.229+0000][6.833s][info][gc,phases      ] GC(32) Phase 2: Compute new object addresses 40.279ms
[2026-07-01T01:57:37.229+0000][6.834s][info][gc,phases,start] GC(32) Phase 3: Adjust pointers
[2026-07-01T01:57:37.251+0000][6.856s][info][gc,phases      ] GC(32) Phase 3: Adjust pointers 22.289ms
[2026-07-01T01:57:37.251+0000][6.856s][info][gc,phases,start] GC(32) Phase 4: Move objects
[2026-07-01T01:57:37.265+0000][6.870s][info][gc,phases      ] GC(32) Phase 4: Move objects 14.163ms
[2026-07-01T01:57:37.266+0000][6.870s][info][gc,heap        ] GC(32) DefNew: 25151K(25152K)->837K(48576K) Eden: 22400K(22400K)->837K(43200K) From: 2751K(2752K)->0K(5376K)
[2026-07-01T01:57:37.266+0000][6.870s][info][gc,heap        ] GC(32) Tenured: 47364K(55684K)->64707K(107848K)
[2026-07-01T01:57:37.266+0000][6.870s][info][gc,metaspace   ] GC(32) Metaspace: 37462K(38144K)->37462K(38144K) NonClass: 32568K(32960K)->32568K(32960K) Class: 4893K(5184K)->4893K(5184K)
[2026-07-01T01:57:37.266+0000][6.870s][info][gc             ] GC(32) Pause Full (Allocation Failure) 65M->64M(152M) 117.117ms
[2026-07-01T01:57:37.266+0000][6.870s][info][gc,cpu         ] GC(32) User=0.09s Sys=0.00s Real=0.11s
[2026-07-01T01:57:37.327+0000][6.932s][info][gc,start       ] GC(33) Pause Young (Allocation Failure)
[2026-07-01T01:57:37.419+0000][7.023s][info][gc,heap        ] GC(33) DefNew: 43200K(48576K)->5376K(48576K) Eden: 43200K(43200K)->0K(43200K) From: 0K(5376K)->5376K(5376K)
[2026-07-01T01:57:37.419+0000][7.023s][info][gc,heap        ] GC(33) Tenured: 64707K(107848K)->93419K(107848K)
[2026-07-01T01:57:37.419+0000][7.023s][info][gc,metaspace   ] GC(33) Metaspace: 37782K(38528K)->37782K(38528K) NonClass: 32842K(33280K)->32842K(33280K) Class: 4939K(5248K)->4939K(5248K)
[2026-07-01T01:57:37.419+0000][7.023s][info][gc             ] GC(33) Pause Young (Allocation Failure) 105M->96M(152M) 91.644ms
[2026-07-01T01:57:37.419+0000][7.023s][info][gc,cpu         ] GC(33) User=0.06s Sys=0.01s Real=0.10s
[2026-07-01T01:57:37.450+0000][7.054s][info][gc,start       ] GC(34) Pause Young (Allocation Failure)
[2026-07-01T01:57:37.568+0000][7.173s][info][gc             ] GC(34) Pause Young (Allocation Failure) 138M->130M(172M) 118.648ms
[2026-07-01T01:57:37.568+0000][7.173s][info][gc,cpu         ] GC(34) User=0.05s Sys=0.00s Real=0.12s
[2026-07-01T01:57:37.568+0000][7.173s][info][gc,start       ] GC(35) Pause Full (Allocation Failure)
[2026-07-01T01:57:37.568+0000][7.173s][info][gc,phases,start] GC(35) Phase 1: Mark live objects
[2026-07-01T01:57:37.638+0000][7.243s][info][gc,phases      ] GC(35) Phase 1: Mark live objects 69.457ms
[2026-07-01T01:57:37.638+0000][7.243s][info][gc,phases,start] GC(35) Phase 2: Compute new object addresses
[2026-07-01T01:57:37.667+0000][7.272s][info][gc,phases      ] GC(35) Phase 2: Compute new object addresses 29.362ms
[2026-07-01T01:57:37.667+0000][7.272s][info][gc,phases,start] GC(35) Phase 3: Adjust pointers
[2026-07-01T01:57:37.702+0000][7.307s][info][gc,phases      ] GC(35) Phase 3: Adjust pointers 34.862ms
[2026-07-01T01:57:37.702+0000][7.307s][info][gc,phases,start] GC(35) Phase 4: Move objects
[2026-07-01T01:57:37.703+0000][7.308s][info][gc,phases      ] GC(35) Phase 4: Move objects 0.964ms
[2026-07-01T01:57:37.704+0000][7.308s][info][gc,heap        ] GC(35) DefNew: 48576K(48576K)->5359K(96192K) Eden: 43200K(43200K)->5359K(85568K) From: 5376K(5376K)->0K(10624K)
[2026-07-01T01:57:37.704+0000][7.308s][info][gc,heap        ] GC(35) Tenured: 93419K(107848K)->128119K(213536K)
[2026-07-01T01:57:37.704+0000][7.308s][info][gc,metaspace   ] GC(35) Metaspace: 38094K(38912K)->38094K(38912K) NonClass: 33109K(33536K)->33109K(33536K) Class: 4984K(5376K)->4984K(5376K)
[2026-07-01T01:57:37.704+0000][7.308s][info][gc             ] GC(35) Pause Full (Allocation Failure) 130M->130M(302M) 135.160ms
[2026-07-01T01:57:37.704+0000][7.308s][info][gc,cpu         ] GC(35) User=0.13s Sys=0.00s Real=0.13s
[2026-07-01T01:57:41.034+0000][10.639s][info][gc,start       ] GC(36) Pause Young (Allocation Failure)
[2026-07-01T01:57:41.144+0000][10.748s][info][gc,heap        ] GC(36) DefNew: 85568K(96192K)->10624K(96192K) Eden: 85568K(85568K)->0K(85568K) From: 0K(10624K)->10624K(10624K)
[2026-07-01T01:57:41.144+0000][10.748s][info][gc,heap        ] GC(36) Tenured: 128119K(213536K)->145898K(213536K)
[2026-07-01T01:57:41.144+0000][10.748s][info][gc,metaspace   ] GC(36) Metaspace: 39669K(40512K)->39669K(40512K) NonClass: 34547K(35008K)->34547K(35008K) Class: 5122K(5504K)->5122K(5504K)
[2026-07-01T01:57:41.144+0000][10.748s][info][gc             ] GC(36) Pause Young (Allocation Failure) 208M->152M(302M) 109.931ms
[2026-07-01T01:57:41.144+0000][10.748s][info][gc,cpu         ] GC(36) User=0.06s Sys=0.00s Real=0.11s
[2026-07-01T01:57:45.722+0000][15.327s][info][gc,start       ] GC(37) Pause Young (Allocation Failure)
[2026-07-01T01:57:45.734+0000][15.339s][info][gc,heap        ] GC(37) DefNew: 96192K(96192K)->388K(96192K) Eden: 85568K(85568K)->0K(85568K) From: 10624K(10624K)->388K(10624K)
[2026-07-01T01:57:45.734+0000][15.339s][info][gc,heap        ] GC(37) Tenured: 145898K(213536K)->156449K(213536K)
[2026-07-01T01:57:45.734+0000][15.339s][info][gc,metaspace   ] GC(37) Metaspace: 40658K(41536K)->40658K(41536K) NonClass: 35532K(36032K)->35532K(36032K) Class: 5125K(5504K)->5125K(5504K)
[2026-07-01T01:57:45.734+0000][15.339s][info][gc             ] GC(37) Pause Young (Allocation Failure) 236M->153M(302M) 11.860ms
[2026-07-01T01:57:45.734+0000][15.339s][info][gc,cpu         ] GC(37) User=0.01s Sys=0.00s Real=0.01s
[2026-07-01T01:57:49.317+0000][18.922s][info][gc,start       ] GC(38) Pause Young (Allocation Failure)
[2026-07-01T01:57:49.322+0000][18.927s][info][gc,heap        ] GC(38) DefNew: 85956K(96192K)->793K(96192K) Eden: 85568K(85568K)->0K(85568K) From: 388K(10624K)->793K(10624K)
[2026-07-01T01:57:49.322+0000][18.927s][info][gc,heap        ] GC(38) Tenured: 156449K(213536K)->156449K(213536K)
[2026-07-01T01:57:49.322+0000][18.927s][info][gc,metaspace   ] GC(38) Metaspace: 40982K(41792K)->40982K(41792K) NonClass: 35855K(36288K)->35855K(36288K) Class: 5127K(5504K)->5127K(5504K)
[2026-07-01T01:57:49.322+0000][18.927s][info][gc             ] GC(38) Pause Young (Allocation Failure) 236M->153M(302M) 5.234ms
[2026-07-01T01:57:49.322+0000][18.927s][info][gc,cpu         ] GC(38) User=0.01s Sys=0.00s Real=0.01s
[2026-07-01T01:57:52.031+0000][21.636s][info][gc,start       ] GC(39) Pause Young (Allocation Failure)
[2026-07-01T01:57:52.039+0000][21.643s][info][gc,heap        ] GC(39) DefNew: 86361K(96192K)->2644K(96192K) Eden: 85568K(85568K)->0K(85568K) From: 793K(10624K)->2644K(10624K)
[2026-07-01T01:57:52.039+0000][21.643s][info][gc,heap        ] GC(39) Tenured: 156449K(213536K)->156449K(213536K)
[2026-07-01T01:57:52.039+0000][21.643s][info][gc,metaspace   ] GC(39) Metaspace: 41185K(42048K)->41185K(42048K) NonClass: 36057K(36544K)->36057K(36544K) Class: 5127K(5504K)->5127K(5504K)
[2026-07-01T01:57:52.039+0000][21.643s][info][gc             ] GC(39) Pause Young (Allocation Failure) 237M->155M(302M) 7.483ms
[2026-07-01T01:57:52.039+0000][21.643s][info][gc,cpu         ] GC(39) User=0.01s Sys=0.00s Real=0.01s
[2026-07-01T01:57:54.138+0000][23.743s][info][gc,start       ] GC(40) Pause Young (Allocation Failure)
[2026-07-01T01:57:54.145+0000][23.749s][info][gc,heap        ] GC(40) DefNew: 88212K(96192K)->3008K(96192K) Eden: 85568K(85568K)->0K(85568K) From: 2644K(10624K)->3008K(10624K)
[2026-07-01T01:57:54.145+0000][23.749s][info][gc,heap        ] GC(40) Tenured: 156449K(213536K)->156449K(213536K)
[2026-07-01T01:57:54.145+0000][23.749s][info][gc,metaspace   ] GC(40) Metaspace: 41406K(42240K)->41406K(42240K) NonClass: 36278K(36736K)->36278K(36736K) Class: 5128K(5504K)->5128K(5504K)
[2026-07-01T01:57:54.145+0000][23.749s][info][gc             ] GC(40) Pause Young (Allocation Failure) 238M->155M(302M) 6.690ms
[2026-07-01T01:57:54.145+0000][23.749s][info][gc,cpu         ] GC(40) User=0.01s Sys=0.00s Real=0.01s
[2026-07-01T01:57:55.928+0000][25.533s][info][gc,start       ] GC(41) Pause Young (Allocation Failure)
[2026-07-01T01:57:55.935+0000][25.540s][info][gc,heap        ] GC(41) DefNew: 88576K(96192K)->3154K(96192K) Eden: 85568K(85568K)->0K(85568K) From: 3008K(10624K)->3154K(10624K)
[2026-07-01T01:57:55.935+0000][25.540s][info][gc,heap        ] GC(41) Tenured: 156449K(213536K)->156449K(213536K)
[2026-07-01T01:57:55.935+0000][25.540s][info][gc,metaspace   ] GC(41) Metaspace: 41435K(42240K)->41435K(42240K) NonClass: 36307K(36736K)->36307K(36736K) Class: 5128K(5504K)->5128K(5504K)
[2026-07-01T01:57:55.935+0000][25.540s][info][gc             ] GC(41) Pause Young (Allocation Failure) 239M->155M(302M) 6.958ms
[2026-07-01T01:57:55.935+0000][25.540s][info][gc,cpu         ] GC(41) User=0.00s Sys=0.00s Real=0.00s
[2026-07-01T01:57:57.625+0000][27.229s][info][gc,start       ] GC(42) Pause Young (Allocation Failure)
[2026-07-01T01:57:57.632+0000][27.237s][info][gc,heap        ] GC(42) DefNew: 88722K(96192K)->3633K(96192K) Eden: 85568K(85568K)->0K(85568K) From: 3154K(10624K)->3633K(10624K)
[2026-07-01T01:57:57.633+0000][27.237s][info][gc,heap        ] GC(42) Tenured: 156449K(213536K)->156449K(213536K)
[2026-07-01T01:57:57.633+0000][27.237s][info][gc,metaspace   ] GC(42) Metaspace: 41459K(42304K)->41459K(42304K) NonClass: 36331K(36800K)->36331K(36800K) Class: 5128K(5504K)->5128K(5504K)
[2026-07-01T01:57:57.633+0000][27.237s][info][gc             ] GC(42) Pause Young (Allocation Failure) 239M->156M(302M) 7.811ms
[2026-07-01T01:57:57.633+0000][27.237s][info][gc,cpu         ] GC(42) User=0.01s Sys=0.00s Real=0.01s
[2026-07-01T01:57:59.335+0000][28.939s][info][gc,start       ] GC(43) Pause Young (Allocation Failure)
[2026-07-01T01:57:59.343+0000][28.947s][info][gc,heap        ] GC(43) DefNew: 89201K(96192K)->3888K(96192K) Eden: 85568K(85568K)->0K(85568K) From: 3633K(10624K)->3888K(10624K)
[2026-07-01T01:57:59.343+0000][28.947s][info][gc,heap        ] GC(43) Tenured: 156449K(213536K)->156449K(213536K)
[2026-07-01T01:57:59.343+0000][28.947s][info][gc,metaspace   ] GC(43) Metaspace: 41491K(42304K)->41491K(42304K) NonClass: 36363K(36800K)->36363K(36800K) Class: 5128K(5504K)->5128K(5504K)
[2026-07-01T01:57:59.343+0000][28.947s][info][gc             ] GC(43) Pause Young (Allocation Failure) 239M->156M(302M) 8.088ms
[2026-07-01T01:57:59.343+0000][28.947s][info][gc,cpu         ] GC(43) User=0.00s Sys=0.00s Real=0.01s
[2026-07-01T01:58:00.929+0000][30.533s][info][gc,start       ] GC(44) Pause Young (Allocation Failure)
[2026-07-01T01:58:00.938+0000][30.543s][info][gc,heap        ] GC(44) DefNew: 89456K(96192K)->4096K(96192K) Eden: 85568K(85568K)->0K(85568K) From: 3888K(10624K)->4096K(10624K)
[2026-07-01T01:58:00.938+0000][30.543s][info][gc,heap        ] GC(44) Tenured: 156449K(213536K)->156449K(213536K)
[2026-07-01T01:58:00.938+0000][30.543s][info][gc,metaspace   ] GC(44) Metaspace: 41522K(42368K)->41522K(42368K) NonClass: 36394K(36864K)->36394K(36864K) Class: 5128K(5504K)->5128K(5504K)
[2026-07-01T01:58:00.938+0000][30.543s][info][gc             ] GC(44) Pause Young (Allocation Failure) 240M->156M(302M) 9.396ms
[2026-07-01T01:58:00.938+0000][30.543s][info][gc,cpu         ] GC(44) User=0.01s Sys=0.00s Real=0.01s
[2026-07-01T01:58:02.623+0000][32.228s][info][gc,start       ] GC(45) Pause Young (Allocation Failure)
[2026-07-01T01:58:02.632+0000][32.236s][info][gc,heap        ] GC(45) DefNew: 89664K(96192K)->4402K(96192K) Eden: 85568K(85568K)->0K(85568K) From: 4096K(10624K)->4402K(10624K)
[2026-07-01T01:58:02.632+0000][32.236s][info][gc,heap        ] GC(45) Tenured: 156449K(213536K)->156449K(213536K)
[2026-07-01T01:58:02.632+0000][32.236s][info][gc,metaspace   ] GC(45) Metaspace: 41523K(42368K)->41523K(42368K) NonClass: 36394K(36864K)->36394K(36864K) Class: 5128K(5504K)->5128K(5504K)
[2026-07-01T01:58:02.632+0000][32.236s][info][gc             ] GC(45) Pause Young (Allocation Failure) 240M->157M(302M) 8.623ms
[2026-07-01T01:58:02.632+0000][32.236s][info][gc,cpu         ] GC(45) User=0.01s Sys=0.00s Real=0.01s
[2026-07-01T01:58:04.130+0000][33.735s][info][gc,start       ] GC(46) Pause Young (Allocation Failure)
[2026-07-01T01:58:04.139+0000][33.744s][info][gc,heap        ] GC(46) DefNew: 89970K(96192K)->4570K(96192K) Eden: 85568K(85568K)->0K(85568K) From: 4402K(10624K)->4570K(10624K)
[2026-07-01T01:58:04.139+0000][33.744s][info][gc,heap        ] GC(46) Tenured: 156449K(213536K)->156449K(213536K)
[2026-07-01T01:58:04.139+0000][33.744s][info][gc,metaspace   ] GC(46) Metaspace: 41523K(42368K)->41523K(42368K) NonClass: 36394K(36864K)->36394K(36864K) Class: 5128K(5504K)->5128K(5504K)
[2026-07-01T01:58:04.139+0000][33.744s][info][gc             ] GC(46) Pause Young (Allocation Failure) 240M->157M(302M) 9.391ms
[2026-07-01T01:58:04.140+0000][33.744s][info][gc,cpu         ] GC(46) User=0.01s Sys=0.00s Real=0.01s
[2026-07-01T01:58:05.724+0000][35.329s][info][gc,start       ] GC(47) Pause Young (Allocation Failure)
[2026-07-01T01:58:05.737+0000][35.342s][info][gc,heap        ] GC(47) DefNew: 90138K(96192K)->4778K(96192K) Eden: 85568K(85568K)->0K(85568K) From: 4570K(10624K)->4778K(10624K)
[2026-07-01T01:58:05.737+0000][35.342s][info][gc,heap        ] GC(47) Tenured: 156449K(213536K)->156449K(213536K)
[2026-07-01T01:58:05.737+0000][35.342s][info][gc,metaspace   ] GC(47) Metaspace: 41535K(42368K)->41535K(42368K) NonClass: 36406K(36864K)->36406K(36864K) Class: 5128K(5504K)->5128K(5504K)
[2026-07-01T01:58:05.737+0000][35.342s][info][gc             ] GC(47) Pause Young (Allocation Failure) 240M->157M(302M) 13.137ms
[2026-07-01T01:58:05.737+0000][35.342s][info][gc,cpu         ] GC(47) User=0.03s Sys=0.00s Real=0.01s
[2026-07-01T01:58:07.333+0000][36.938s][info][gc,start       ] GC(48) Pause Young (Allocation Failure)
[2026-07-01T01:58:07.346+0000][36.951s][info][gc,heap        ] GC(48) DefNew: 90346K(96192K)->5022K(96192K) Eden: 85567K(85568K)->0K(85568K) From: 4778K(10624K)->5022K(10624K)
[2026-07-01T01:58:07.347+0000][36.951s][info][gc,heap        ] GC(48) Tenured: 156449K(213536K)->156449K(213536K)
[2026-07-01T01:58:07.347+0000][36.951s][info][gc,metaspace   ] GC(48) Metaspace: 41540K(42368K)->41540K(42368K) NonClass: 36411K(36864K)->36411K(36864K) Class: 5128K(5504K)->5128K(5504K)
[2026-07-01T01:58:07.347+0000][36.951s][info][gc             ] GC(48) Pause Young (Allocation Failure) 241M->157M(302M) 13.488ms
[2026-07-01T01:58:07.347+0000][36.951s][info][gc,cpu         ] GC(48) User=0.02s Sys=0.01s Real=0.01s
[2026-07-01T01:58:09.053+0000][38.657s][info][gc,start       ] GC(49) Pause Young (Allocation Failure)
[2026-07-01T01:58:09.062+0000][38.667s][info][gc,heap        ] GC(49) DefNew: 90590K(96192K)->5319K(96192K) Eden: 85568K(85568K)->0K(85568K) From: 5022K(10624K)->5319K(10624K)
[2026-07-01T01:58:09.062+0000][38.667s][info][gc,heap        ] GC(49) Tenured: 156449K(213536K)->156449K(213536K)
[2026-07-01T01:58:09.062+0000][38.667s][info][gc,metaspace   ] GC(49) Metaspace: 41546K(42368K)->41546K(42368K) NonClass: 36417K(36864K)->36417K(36864K) Class: 5128K(5504K)->5128K(5504K)
[2026-07-01T01:58:09.062+0000][38.667s][info][gc             ] GC(49) Pause Young (Allocation Failure) 241M->157M(302M) 9.496ms
[2026-07-01T01:58:09.062+0000][38.667s][info][gc,cpu         ] GC(49) User=0.01s Sys=0.00s Real=0.01s
[2026-07-01T01:58:10.621+0000][40.226s][info][gc,start       ] GC(50) Pause Young (Allocation Failure)
[2026-07-01T01:58:10.631+0000][40.235s][info][gc,heap        ] GC(50) DefNew: 90887K(96192K)->5271K(96192K) Eden: 85567K(85568K)->0K(85568K) From: 5319K(10624K)->5271K(10624K)
[2026-07-01T01:58:10.631+0000][40.235s][info][gc,heap        ] GC(50) Tenured: 156449K(213536K)->156752K(213536K)
[2026-07-01T01:58:10.631+0000][40.235s][info][gc,metaspace   ] GC(50) Metaspace: 41554K(42368K)->41554K(42368K) NonClass: 36426K(36864K)->36426K(36864K) Class: 5128K(5504K)->5128K(5504K)
[2026-07-01T01:58:10.631+0000][40.236s][info][gc             ] GC(50) Pause Young (Allocation Failure) 241M->158M(302M) 9.660ms
[2026-07-01T01:58:10.631+0000][40.236s][info][gc,cpu         ] GC(50) User=0.01s Sys=0.00s Real=0.01s
[2026-07-01T01:58:12.135+0000][41.740s][info][gc,start       ] GC(51) Pause Young (Allocation Failure)
[2026-07-01T01:58:12.146+0000][41.750s][info][gc,heap        ] GC(51) DefNew: 90839K(96192K)->5543K(96192K) Eden: 85568K(85568K)->0K(85568K) From: 5271K(10624K)->5543K(10624K)
[2026-07-01T01:58:12.146+0000][41.750s][info][gc,heap        ] GC(51) Tenured: 156752K(213536K)->156752K(213536K)
[2026-07-01T01:58:12.146+0000][41.750s][info][gc,metaspace   ] GC(51) Metaspace: 41554K(42368K)->41554K(42368K) NonClass: 36426K(36864K)->36426K(36864K) Class: 5128K(5504K)->5128K(5504K)
[2026-07-01T01:58:12.146+0000][41.750s][info][gc             ] GC(51) Pause Young (Allocation Failure) 241M->158M(302M) 10.271ms
[2026-07-01T01:58:12.146+0000][41.750s][info][gc,cpu         ] GC(51) User=0.02s Sys=0.00s Real=0.01s
[2026-07-01T01:58:13.737+0000][43.341s][info][gc,start       ] GC(52) Pause Young (Allocation Failure)
[2026-07-01T01:58:13.747+0000][43.351s][info][gc,heap        ] GC(52) DefNew: 91111K(96192K)->5415K(96192K) Eden: 85568K(85568K)->0K(85568K) From: 5543K(10624K)->5415K(10624K)
[2026-07-01T01:58:13.747+0000][43.351s][info][gc,heap        ] GC(52) Tenured: 156752K(213536K)->157017K(213536K)
[2026-07-01T01:58:13.747+0000][43.351s][info][gc,metaspace   ] GC(52) Metaspace: 41556K(42368K)->41556K(42368K) NonClass: 36427K(36864K)->36427K(36864K) Class: 5129K(5504K)->5129K(5504K)
[2026-07-01T01:58:13.747+0000][43.351s][info][gc             ] GC(52) Pause Young (Allocation Failure) 242M->158M(302M) 9.854ms
[2026-07-01T01:58:13.747+0000][43.351s][info][gc,cpu         ] GC(52) User=0.02s Sys=0.00s Real=0.01s
[2026-07-01T01:58:15.233+0000][44.838s][info][gc,start       ] GC(53) Pause Young (Allocation Failure)
[2026-07-01T01:58:15.243+0000][44.847s][info][gc,heap        ] GC(53) DefNew: 90983K(96192K)->5437K(96192K) Eden: 85568K(85568K)->0K(85568K) From: 5415K(10624K)->5437K(10624K)
[2026-07-01T01:58:15.243+0000][44.847s][info][gc,heap        ] GC(53) Tenured: 157017K(213536K)->157338K(213536K)
[2026-07-01T01:58:15.243+0000][44.847s][info][gc,metaspace   ] GC(53) Metaspace: 41559K(42368K)->41559K(42368K) NonClass: 36430K(36864K)->36430K(36864K) Class: 5129K(5504K)->5129K(5504K)
[2026-07-01T01:58:15.243+0000][44.847s][info][gc             ] GC(53) Pause Young (Allocation Failure) 242M->158M(302M) 9.813ms
[2026-07-01T01:58:15.243+0000][44.847s][info][gc,cpu         ] GC(53) User=0.01s Sys=0.00s Real=0.01s
[2026-07-01T01:58:16.747+0000][46.351s][info][gc,start       ] GC(54) Pause Young (Allocation Failure)
[2026-07-01T01:58:16.757+0000][46.361s][info][gc,heap        ] GC(54) DefNew: 91005K(96192K)->5507K(96192K) Eden: 85568K(85568K)->0K(85568K) From: 5437K(10624K)->5507K(10624K)
[2026-07-01T01:58:16.757+0000][46.362s][info][gc,heap        ] GC(54) Tenured: 157338K(213536K)->157596K(213536K)
[2026-07-01T01:58:16.757+0000][46.362s][info][gc,metaspace   ] GC(54) Metaspace: 41576K(42368K)->41576K(42368K) NonClass: 36447K(36864K)->36447K(36864K) Class: 5129K(5504K)->5129K(5504K)
[2026-07-01T01:58:16.757+0000][46.362s][info][gc             ] GC(54) Pause Young (Allocation Failure) 242M->159M(302M) 10.284ms
[2026-07-01T01:58:16.757+0000][46.362s][info][gc,cpu         ] GC(54) User=0.01s Sys=0.00s Real=0.01s
[2026-07-01T01:58:18.222+0000][47.826s][info][gc,start       ] GC(55) Pause Young (Allocation Failure)
[2026-07-01T01:58:18.231+0000][47.836s][info][gc,heap        ] GC(55) DefNew: 91075K(96192K)->5524K(96192K) Eden: 85568K(85568K)->0K(85568K) From: 5507K(10624K)->5524K(10624K)
[2026-07-01T01:58:18.231+0000][47.836s][info][gc,heap        ] GC(55) Tenured: 157596K(213536K)->157843K(213536K)
[2026-07-01T01:58:18.232+0000][47.836s][info][gc,metaspace   ] GC(55) Metaspace: 41576K(42368K)->41576K(42368K) NonClass: 36447K(36864K)->36447K(36864K) Class: 5129K(5504K)->5129K(5504K)
[2026-07-01T01:58:18.232+0000][47.836s][info][gc             ] GC(55) Pause Young (Allocation Failure) 242M->159M(302M) 9.795ms
[2026-07-01T01:58:18.232+0000][47.836s][info][gc,cpu         ] GC(55) User=0.01s Sys=0.00s Real=0.01s
[2026-07-01T01:58:19.742+0000][49.347s][info][gc,start       ] GC(56) Pause Young (Allocation Failure)
[2026-07-01T01:58:19.752+0000][49.357s][info][gc,heap        ] GC(56) DefNew: 91092K(96192K)->5403K(96192K) Eden: 85568K(85568K)->0K(85568K) From: 5524K(10624K)->5403K(10624K)
[2026-07-01T01:58:19.752+0000][49.357s][info][gc,heap        ] GC(56) Tenured: 157843K(213536K)->158089K(213536K)
[2026-07-01T01:58:19.752+0000][49.357s][info][gc,metaspace   ] GC(56) Metaspace: 41581K(42368K)->41581K(42368K) NonClass: 36452K(36864K)->36452K(36864K) Class: 5129K(5504K)->5129K(5504K)
[2026-07-01T01:58:19.752+0000][49.357s][info][gc             ] GC(56) Pause Young (Allocation Failure) 243M->159M(302M) 9.803ms
[2026-07-01T01:58:19.752+0000][49.357s][info][gc,cpu         ] GC(56) User=0.01s Sys=0.00s Real=0.01s
[2026-07-01T01:58:21.143+0000][50.748s][info][gc,start       ] GC(57) Pause Young (Allocation Failure)
[2026-07-01T01:58:21.153+0000][50.757s][info][gc,heap        ] GC(57) DefNew: 90971K(96192K)->5384K(96192K) Eden: 85568K(85568K)->0K(85568K) From: 5403K(10624K)->5384K(10624K)
[2026-07-01T01:58:21.153+0000][50.757s][info][gc,heap        ] GC(57) Tenured: 158089K(213536K)->158354K(213536K)
[2026-07-01T01:58:21.153+0000][50.757s][info][gc,metaspace   ] GC(57) Metaspace: 41582K(42368K)->41582K(42368K) NonClass: 36453K(36864K)->36453K(36864K) Class: 5129K(5504K)->5129K(5504K)
[2026-07-01T01:58:21.153+0000][50.757s][info][gc             ] GC(57) Pause Young (Allocation Failure) 243M->159M(302M) 9.593ms
[2026-07-01T01:58:21.153+0000][50.757s][info][gc,cpu         ] GC(57) User=0.02s Sys=0.00s Real=0.01s
[2026-07-01T01:58:22.626+0000][52.231s][info][gc,start       ] GC(58) Pause Young (Allocation Failure)
[2026-07-01T01:58:22.636+0000][52.240s][info][gc,heap        ] GC(58) DefNew: 90952K(96192K)->5461K(96192K) Eden: 85568K(85568K)->0K(85568K) From: 5384K(10624K)->5461K(10624K)
[2026-07-01T01:58:22.636+0000][52.240s][info][gc,heap        ] GC(58) Tenured: 158354K(213536K)->158603K(213536K)
[2026-07-01T01:58:22.636+0000][52.240s][info][gc,metaspace   ] GC(58) Metaspace: 41583K(42368K)->41583K(42368K) NonClass: 36454K(36864K)->36454K(36864K) Class: 5129K(5504K)->5129K(5504K)
[2026-07-01T01:58:22.636+0000][52.240s][info][gc             ] GC(58) Pause Young (Allocation Failure) 243M->160M(302M) 9.293ms
[2026-07-01T01:58:22.636+0000][52.240s][info][gc,cpu         ] GC(58) User=0.01s Sys=0.00s Real=0.01s
[2026-07-01T01:58:23.936+0000][53.541s][info][gc,start       ] GC(59) Pause Young (Allocation Failure)
[2026-07-01T01:58:23.945+0000][53.550s][info][gc,heap        ] GC(59) DefNew: 91029K(96192K)->5516K(96192K) Eden: 85567K(85568K)->0K(85568K) From: 5461K(10624K)->5516K(10624K)
[2026-07-01T01:58:23.945+0000][53.550s][info][gc,heap        ] GC(59) Tenured: 158603K(213536K)->158837K(213536K)
[2026-07-01T01:58:23.946+0000][53.550s][info][gc,metaspace   ] GC(59) Metaspace: 41583K(42368K)->41583K(42368K) NonClass: 36454K(36864K)->36454K(36864K) Class: 5129K(5504K)->5129K(5504K)
[2026-07-01T01:58:23.946+0000][53.550s][info][gc             ] GC(59) Pause Young (Allocation Failure) 243M->160M(302M) 9.659ms
[2026-07-01T01:58:23.946+0000][53.550s][info][gc,cpu         ] GC(59) User=0.01s Sys=0.00s Real=0.01s
[2026-07-01T01:58:25.350+0000][54.955s][info][gc,start       ] GC(60) Pause Young (Allocation Failure)
[2026-07-01T01:58:25.420+0000][55.025s][info][gc,heap        ] GC(60) DefNew: 91084K(96192K)->5637K(96192K) Eden: 85568K(85568K)->0K(85568K) From: 5516K(10624K)->5637K(10624K)
[2026-07-01T01:58:25.420+0000][55.025s][info][gc,heap        ] GC(60) Tenured: 158837K(213536K)->159078K(213536K)
[2026-07-01T01:58:25.420+0000][55.025s][info][gc,metaspace   ] GC(60) Metaspace: 41583K(42368K)->41583K(42368K) NonClass: 36454K(36864K)->36454K(36864K) Class: 5129K(5504K)->5129K(5504K)
[2026-07-01T01:58:25.420+0000][55.025s][info][gc             ] GC(60) Pause Young (Allocation Failure) 244M->160M(302M) 69.529ms
[2026-07-01T01:58:25.420+0000][55.025s][info][gc,cpu         ] GC(60) User=0.02s Sys=0.00s Real=0.07s
[2026-07-01T01:58:26.737+0000][56.342s][info][gc,start       ] GC(61) Pause Young (Allocation Failure)
[2026-07-01T01:58:26.748+0000][56.353s][info][gc,heap        ] GC(61) DefNew: 91205K(96192K)->5234K(96192K) Eden: 85567K(85568K)->0K(85568K) From: 5637K(10624K)->5234K(10624K)
[2026-07-01T01:58:26.748+0000][56.353s][info][gc,heap        ] GC(61) Tenured: 159078K(213536K)->159573K(213536K)
[2026-07-01T01:58:26.748+0000][56.353s][info][gc,metaspace   ] GC(61) Metaspace: 41583K(42368K)->41583K(42368K) NonClass: 36454K(36864K)->36454K(36864K) Class: 5129K(5504K)->5129K(5504K)
[2026-07-01T01:58:26.748+0000][56.353s][info][gc             ] GC(61) Pause Young (Allocation Failure) 244M->160M(302M) 10.744ms
[2026-07-01T01:58:26.748+0000][56.353s][info][gc,cpu         ] GC(61) User=0.02s Sys=0.00s Real=0.02s
[2026-07-01T01:58:28.141+0000][57.746s][info][gc,start       ] GC(62) Pause Young (Allocation Failure)
[2026-07-01T01:58:28.151+0000][57.756s][info][gc,heap        ] GC(62) DefNew: 90802K(96192K)->5524K(96192K) Eden: 85568K(85568K)->0K(85568K) From: 5234K(10624K)->5524K(10624K)
[2026-07-01T01:58:28.151+0000][57.756s][info][gc,heap        ] GC(62) Tenured: 159573K(213536K)->159573K(213536K)
[2026-07-01T01:58:28.151+0000][57.756s][info][gc,metaspace   ] GC(62) Metaspace: 41583K(42368K)->41583K(42368K) NonClass: 36454K(36864K)->36454K(36864K) Class: 5129K(5504K)->5129K(5504K)
[2026-07-01T01:58:28.151+0000][57.756s][info][gc             ] GC(62) Pause Young (Allocation Failure) 244M->161M(302M) 9.793ms
[2026-07-01T01:58:28.151+0000][57.756s][info][gc,cpu         ] GC(62) User=0.01s Sys=0.00s Real=0.01s
[2026-07-01T01:58:29.436+0000][59.041s][info][gc,start       ] GC(63) Pause Young (Allocation Failure)
[2026-07-01T01:58:29.451+0000][59.056s][info][gc,heap        ] GC(63) DefNew: 91092K(96192K)->5480K(96192K) Eden: 85568K(85568K)->0K(85568K) From: 5524K(10624K)->5480K(10624K)
[2026-07-01T01:58:29.451+0000][59.056s][info][gc,heap        ] GC(63) Tenured: 159573K(213536K)->159821K(213536K)
[2026-07-01T01:58:29.451+0000][59.056s][info][gc,metaspace   ] GC(63) Metaspace: 41585K(42368K)->41585K(42368K) NonClass: 36456K(36864K)->36456K(36864K) Class: 5129K(5504K)->5129K(5504K)
[2026-07-01T01:58:29.451+0000][59.056s][info][gc             ] GC(63) Pause Young (Allocation Failure) 244M->161M(302M) 15.234ms
[2026-07-01T01:58:29.451+0000][59.056s][info][gc,cpu         ] GC(63) User=0.03s Sys=0.00s Real=0.02s
[2026-07-01T01:58:30.731+0000][60.336s][info][gc,start       ] GC(64) Pause Young (Allocation Failure)
[2026-07-01T01:58:30.742+0000][60.347s][info][gc,heap        ] GC(64) DefNew: 91048K(96192K)->5549K(96192K) Eden: 85568K(85568K)->0K(85568K) From: 5480K(10624K)->5549K(10624K)
[2026-07-01T01:58:30.742+0000][60.347s][info][gc,heap        ] GC(64) Tenured: 159821K(213536K)->160076K(213536K)
[2026-07-01T01:58:30.742+0000][60.347s][info][gc,metaspace   ] GC(64) Metaspace: 41588K(42368K)->41588K(42368K) NonClass: 36459K(36864K)->36459K(36864K) Class: 5129K(5504K)->5129K(5504K)
[2026-07-01T01:58:30.742+0000][60.347s][info][gc             ] GC(64) Pause Young (Allocation Failure) 244M->161M(302M) 10.711ms
[2026-07-01T01:58:30.742+0000][60.347s][info][gc,cpu         ] GC(64) User=0.02s Sys=0.00s Real=0.01s
[2026-07-01T01:58:32.153+0000][61.758s][info][gc,start       ] GC(65) Pause Young (Allocation Failure)
[2026-07-01T01:58:32.216+0000][61.821s][info][gc,heap        ] GC(65) DefNew: 91117K(96192K)->5414K(96192K) Eden: 85568K(85568K)->0K(85568K) From: 5549K(10624K)->5414K(10624K)
[2026-07-01T01:58:32.217+0000][61.821s][info][gc,heap        ] GC(65) Tenured: 160076K(213536K)->160323K(213536K)
[2026-07-01T01:58:32.217+0000][61.821s][info][gc,metaspace   ] GC(65) Metaspace: 41591K(42368K)->41591K(42368K) NonClass: 36462K(36864K)->36462K(36864K) Class: 5129K(5504K)->5129K(5504K)
[2026-07-01T01:58:32.217+0000][61.821s][info][gc             ] GC(65) Pause Young (Allocation Failure) 245M->161M(302M) 63.071ms
[2026-07-01T01:58:32.217+0000][61.821s][info][gc,cpu         ] GC(65) User=0.01s Sys=0.00s Real=0.06s
[2026-07-01T01:58:33.537+0000][63.142s][info][gc,start       ] GC(66) Pause Young (Allocation Failure)
[2026-07-01T01:58:33.547+0000][63.152s][info][gc,heap        ] GC(66) DefNew: 90982K(96192K)->5575K(96192K) Eden: 85568K(85568K)->0K(85568K) From: 5414K(10624K)->5575K(10624K)
[2026-07-01T01:58:33.547+0000][63.152s][info][gc,heap        ] GC(66) Tenured: 160323K(213536K)->160566K(213536K)
[2026-07-01T01:58:33.547+0000][63.152s][info][gc,metaspace   ] GC(66) Metaspace: 41591K(42368K)->41591K(42368K) NonClass: 36462K(36864K)->36462K(36864K) Class: 5129K(5504K)->5129K(5504K)
[2026-07-01T01:58:33.547+0000][63.152s][info][gc             ] GC(66) Pause Young (Allocation Failure) 245M->162M(302M) 9.885ms
[2026-07-01T01:58:33.547+0000][63.152s][info][gc,cpu         ] GC(66) User=0.02s Sys=0.00s Real=0.01s
[2026-07-01T01:58:34.753+0000][64.358s][info][gc,start       ] GC(67) Pause Young (Allocation Failure)
[2026-07-01T01:58:34.763+0000][64.368s][info][gc,heap        ] GC(67) DefNew: 91143K(96192K)->5232K(96192K) Eden: 85568K(85568K)->0K(85568K) From: 5575K(10624K)->5232K(10624K)
[2026-07-01T01:58:34.763+0000][64.368s][info][gc,heap        ] GC(67) Tenured: 160566K(213536K)->161071K(213536K)
[2026-07-01T01:58:34.763+0000][64.368s][info][gc,metaspace   ] GC(67) Metaspace: 41591K(42368K)->41591K(42368K) NonClass: 36462K(36864K)->36462K(36864K) Class: 5129K(5504K)->5129K(5504K)
[2026-07-01T01:58:34.763+0000][64.368s][info][gc             ] GC(67) Pause Young (Allocation Failure) 245M->162M(302M) 9.778ms
[2026-07-01T01:58:34.763+0000][64.368s][info][gc,cpu         ] GC(67) User=0.01s Sys=0.00s Real=0.01s
[2026-07-01T01:58:36.119+0000][65.724s][info][gc,start       ] GC(68) Pause Young (Allocation Failure)
[2026-07-01T01:58:36.129+0000][65.734s][info][gc,heap        ] GC(68) DefNew: 90800K(96192K)->5613K(96192K) Eden: 85568K(85568K)->0K(85568K) From: 5232K(10624K)->5613K(10624K)
[2026-07-01T01:58:36.129+0000][65.734s][info][gc,heap        ] GC(68) Tenured: 161071K(213536K)->161071K(213536K)
[2026-07-01T01:58:36.129+0000][65.734s][info][gc,metaspace   ] GC(68) Metaspace: 41594K(42368K)->41594K(42368K) NonClass: 36464K(36864K)->36464K(36864K) Class: 5130K(5504K)->5130K(5504K)
[2026-07-01T01:58:36.129+0000][65.734s][info][gc             ] GC(68) Pause Young (Allocation Failure) 245M->162M(302M) 9.960ms
[2026-07-01T01:58:36.129+0000][65.734s][info][gc,cpu         ] GC(68) User=0.02s Sys=0.00s Real=0.01s
[2026-07-01T01:58:37.440+0000][67.045s][info][gc,start       ] GC(69) Pause Young (Allocation Failure)
[2026-07-01T01:58:37.450+0000][67.055s][info][gc,heap        ] GC(69) DefNew: 91181K(96192K)->5300K(96192K) Eden: 85568K(85568K)->0K(85568K) From: 5613K(10624K)->5300K(10624K)
[2026-07-01T01:58:37.450+0000][67.055s][info][gc,heap        ] GC(69) Tenured: 161071K(213536K)->161575K(213536K)
[2026-07-01T01:58:37.450+0000][67.055s][info][gc,metaspace   ] GC(69) Metaspace: 41599K(42368K)->41599K(42368K) NonClass: 36469K(36864K)->36469K(36864K) Class: 5130K(5504K)->5130K(5504K)
[2026-07-01T01:58:37.451+0000][67.055s][info][gc             ] GC(69) Pause Young (Allocation Failure) 246M->162M(302M) 10.202ms
[2026-07-01T01:58:37.451+0000][67.055s][info][gc,cpu         ] GC(69) User=0.01s Sys=0.00s Real=0.01s
[2026-07-01T01:58:38.652+0000][68.256s][info][gc,start       ] GC(70) Pause Young (Allocation Failure)
[2026-07-01T01:58:38.661+0000][68.266s][info][gc,heap        ] GC(70) DefNew: 90868K(96192K)->5610K(96192K) Eden: 85568K(85568K)->0K(85568K) From: 5300K(10624K)->5610K(10624K)
[2026-07-01T01:58:38.661+0000][68.266s][info][gc,heap        ] GC(70) Tenured: 161575K(213536K)->161575K(213536K)
[2026-07-01T01:58:38.661+0000][68.266s][info][gc,metaspace   ] GC(70) Metaspace: 41600K(42368K)->41600K(42368K) NonClass: 36470K(36864K)->36470K(36864K) Class: 5130K(5504K)->5130K(5504K)
[2026-07-01T01:58:38.661+0000][68.266s][info][gc             ] GC(70) Pause Young (Allocation Failure) 246M->163M(302M) 9.671ms
[2026-07-01T01:58:38.661+0000][68.266s][info][gc,cpu         ] GC(70) User=0.01s Sys=0.00s Real=0.01s
[2026-07-01T01:58:39.823+0000][69.428s][info][gc,start       ] GC(71) Pause Young (Allocation Failure)
[2026-07-01T01:58:39.833+0000][69.438s][info][gc,heap        ] GC(71) DefNew: 91178K(96192K)->5286K(96192K) Eden: 85568K(85568K)->0K(85568K) From: 5610K(10624K)->5286K(10624K)
[2026-07-01T01:58:39.833+0000][69.438s][info][gc,heap        ] GC(71) Tenured: 161575K(213536K)->162078K(213536K)
[2026-07-01T01:58:39.833+0000][69.438s][info][gc,metaspace   ] GC(71) Metaspace: 41613K(42432K)->41613K(42432K) NonClass: 36483K(36928K)->36483K(36928K) Class: 5130K(5504K)->5130K(5504K)
[2026-07-01T01:58:39.833+0000][69.438s][info][gc             ] GC(71) Pause Young (Allocation Failure) 246M->163M(302M) 10.123ms
[2026-07-01T01:58:39.833+0000][69.438s][info][gc,cpu         ] GC(71) User=0.02s Sys=0.00s Real=0.01s
[2026-07-01T01:58:41.017+0000][70.621s][info][gc,start       ] GC(72) Pause Young (Allocation Failure)
[2026-07-01T01:58:41.027+0000][70.632s][info][gc,heap        ] GC(72) DefNew: 90854K(96192K)->5638K(96192K) Eden: 85568K(85568K)->0K(85568K) From: 5286K(10624K)->5638K(10624K)
[2026-07-01T01:58:41.027+0000][70.632s][info][gc,heap        ] GC(72) Tenured: 162078K(213536K)->162078K(213536K)
[2026-07-01T01:58:41.027+0000][70.632s][info][gc,metaspace   ] GC(72) Metaspace: 41620K(42432K)->41620K(42432K) NonClass: 36490K(36928K)->36490K(36928K) Class: 5130K(5504K)->5130K(5504K)
[2026-07-01T01:58:41.027+0000][70.632s][info][gc             ] GC(72) Pause Young (Allocation Failure) 247M->163M(302M) 10.639ms
[2026-07-01T01:58:41.027+0000][70.632s][info][gc,cpu         ] GC(72) User=0.02s Sys=0.00s Real=0.01s
[2026-07-01T01:58:42.217+0000][71.822s][info][gc,start       ] GC(73) Pause Young (Allocation Failure)
[2026-07-01T01:58:42.227+0000][71.832s][info][gc,heap        ] GC(73) DefNew: 91206K(96192K)->5191K(96192K) Eden: 85568K(85568K)->0K(85568K) From: 5638K(10624K)->5191K(10624K)
[2026-07-01T01:58:42.227+0000][71.832s][info][gc,heap        ] GC(73) Tenured: 162078K(213536K)->162595K(213536K)
[2026-07-01T01:58:42.227+0000][71.832s][info][gc,metaspace   ] GC(73) Metaspace: 41621K(42432K)->41621K(42432K) NonClass: 36491K(36928K)->36491K(36928K) Class: 5130K(5504K)->5130K(5504K)
[2026-07-01T01:58:42.227+0000][71.832s][info][gc             ] GC(73) Pause Young (Allocation Failure) 247M->163M(302M) 10.198ms
[2026-07-01T01:58:42.227+0000][71.832s][info][gc,cpu         ] GC(73) User=0.02s Sys=0.00s Real=0.01s
[2026-07-01T01:58:43.550+0000][73.155s][info][gc,start       ] GC(74) Pause Young (Allocation Failure)
[2026-07-01T01:58:43.563+0000][73.167s][info][gc,heap        ] GC(74) DefNew: 90759K(96192K)->5433K(96192K) Eden: 85568K(85568K)->0K(85568K) From: 5191K(10624K)->5433K(10624K)
[2026-07-01T01:58:43.563+0000][73.167s][info][gc,heap        ] GC(74) Tenured: 162595K(213536K)->162595K(213536K)
[2026-07-01T01:58:43.563+0000][73.167s][info][gc,metaspace   ] GC(74) Metaspace: 41623K(42432K)->41623K(42432K) NonClass: 36493K(36928K)->36493K(36928K) Class: 5130K(5504K)->5130K(5504K)
[2026-07-01T01:58:43.563+0000][73.167s][info][gc             ] GC(74) Pause Young (Allocation Failure) 247M->164M(302M) 12.413ms
[2026-07-01T01:58:43.563+0000][73.167s][info][gc,cpu         ] GC(74) User=0.01s Sys=0.00s Real=0.01s
[2026-07-01T01:58:44.718+0000][74.322s][info][gc,start       ] GC(75) Pause Young (Allocation Failure)
[2026-07-01T01:58:44.727+0000][74.332s][info][gc,heap        ] GC(75) DefNew: 91001K(96192K)->5569K(96192K) Eden: 85568K(85568K)->0K(85568K) From: 5433K(10624K)->5569K(10624K)
[2026-07-01T01:58:44.727+0000][74.332s][info][gc,heap        ] GC(75) Tenured: 162595K(213536K)->162859K(213536K)
[2026-07-01T01:58:44.727+0000][74.332s][info][gc,metaspace   ] GC(75) Metaspace: 41624K(42432K)->41624K(42432K) NonClass: 36494K(36928K)->36494K(36928K) Class: 5130K(5504K)->5130K(5504K)
[2026-07-01T01:58:44.728+0000][74.332s][info][gc             ] GC(75) Pause Young (Allocation Failure) 247M->164M(302M) 9.904ms
[2026-07-01T01:58:44.728+0000][74.332s][info][gc,cpu         ] GC(75) User=0.01s Sys=0.00s Real=0.01s
[2026-07-01T01:58:45.738+0000][75.342s][info][gc,start       ] GC(76) Pause Young (Allocation Failure)
[2026-07-01T01:58:45.749+0000][75.354s][info][gc,heap        ] GC(76) DefNew: 91137K(96192K)->5610K(96192K) Eden: 85568K(85568K)->0K(85568K) From: 5569K(10624K)->5610K(10624K)
[2026-07-01T01:58:45.749+0000][75.354s][info][gc,heap        ] GC(76) Tenured: 162859K(213536K)->163122K(213536K)
[2026-07-01T01:58:45.749+0000][75.354s][info][gc,metaspace   ] GC(76) Metaspace: 41624K(42432K)->41624K(42432K) NonClass: 36494K(36928K)->36494K(36928K) Class: 5130K(5504K)->5130K(5504K)
[2026-07-01T01:58:45.749+0000][75.354s][info][gc             ] GC(76) Pause Young (Allocation Failure) 248M->164M(302M) 11.233ms
[2026-07-01T01:58:45.749+0000][75.354s][info][gc,cpu         ] GC(76) User=0.01s Sys=0.00s Real=0.02s
[2026-07-01T01:58:46.754+0000][76.358s][info][gc,start       ] GC(77) Pause Young (Allocation Failure)
[2026-07-01T01:58:46.764+0000][76.369s][info][gc,heap        ] GC(77) DefNew: 91178K(96192K)->5359K(96192K) Eden: 85568K(85568K)->0K(85568K) From: 5610K(10624K)->5359K(10624K)
[2026-07-01T01:58:46.764+0000][76.369s][info][gc,heap        ] GC(77) Tenured: 163122K(213536K)->163631K(213536K)
[2026-07-01T01:58:46.764+0000][76.369s][info][gc,metaspace   ] GC(77) Metaspace: 41624K(42432K)->41624K(42432K) NonClass: 36494K(36928K)->36494K(36928K) Class: 5130K(5504K)->5130K(5504K)
[2026-07-01T01:58:46.764+0000][76.369s][info][gc             ] GC(77) Pause Young (Allocation Failure) 248M->165M(302M) 10.315ms
[2026-07-01T01:58:46.764+0000][76.369s][info][gc,cpu         ] GC(77) User=0.02s Sys=0.00s Real=0.01s
[2026-07-01T01:58:47.925+0000][77.530s][info][gc,start       ] GC(78) Pause Young (Allocation Failure)
[2026-07-01T01:58:47.935+0000][77.540s][info][gc,heap        ] GC(78) DefNew: 90927K(96192K)->5275K(96192K) Eden: 85568K(85568K)->0K(85568K) From: 5359K(10624K)->5275K(10624K)
[2026-07-01T01:58:47.935+0000][77.540s][info][gc,heap        ] GC(78) Tenured: 163631K(213536K)->163886K(213536K)
[2026-07-01T01:58:47.935+0000][77.540s][info][gc,metaspace   ] GC(78) Metaspace: 41626K(42432K)->41626K(42432K) NonClass: 36496K(36928K)->36496K(36928K) Class: 5130K(5504K)->5130K(5504K)
[2026-07-01T01:58:47.935+0000][77.540s][info][gc             ] GC(78) Pause Young (Allocation Failure) 248M->165M(302M) 9.735ms
[2026-07-01T01:58:47.935+0000][77.540s][info][gc,cpu         ] GC(78) User=0.02s Sys=0.00s Real=0.01s
[2026-07-01T01:58:49.028+0000][78.632s][info][gc,start       ] GC(79) Pause Young (Allocation Failure)
[2026-07-01T01:58:49.038+0000][78.642s][info][gc,heap        ] GC(79) DefNew: 90843K(96192K)->5494K(96192K) Eden: 85567K(85568K)->0K(85568K) From: 5275K(10624K)->5494K(10624K)
[2026-07-01T01:58:49.038+0000][78.642s][info][gc,heap        ] GC(79) Tenured: 163886K(213536K)->163886K(213536K)
[2026-07-01T01:58:49.038+0000][78.642s][info][gc,metaspace   ] GC(79) Metaspace: 41626K(42432K)->41626K(42432K) NonClass: 36496K(36928K)->36496K(36928K) Class: 5130K(5504K)->5130K(5504K)
[2026-07-01T01:58:49.038+0000][78.642s][info][gc             ] GC(79) Pause Young (Allocation Failure) 248M->165M(302M) 10.241ms
[2026-07-01T01:58:49.038+0000][78.642s][info][gc,cpu         ] GC(79) User=0.01s Sys=0.00s Real=0.01s
[2026-07-01T01:58:50.438+0000][80.043s][info][gc,start       ] GC(80) Pause Young (Allocation Failure)
[2026-07-01T01:58:50.449+0000][80.054s][info][gc,heap        ] GC(80) DefNew: 91062K(96192K)->5479K(96192K) Eden: 85568K(85568K)->0K(85568K) From: 5494K(10624K)->5479K(10624K)
[2026-07-01T01:58:50.449+0000][80.054s][info][gc,heap        ] GC(80) Tenured: 163886K(213536K)->164138K(213536K)
[2026-07-01T01:58:50.449+0000][80.054s][info][gc,metaspace   ] GC(80) Metaspace: 41626K(42432K)->41626K(42432K) NonClass: 36496K(36928K)->36496K(36928K) Class: 5130K(5504K)->5130K(5504K)
[2026-07-01T01:58:50.449+0000][80.054s][info][gc             ] GC(80) Pause Young (Allocation Failure) 248M->165M(302M) 11.345ms
[2026-07-01T01:58:50.449+0000][80.054s][info][gc,cpu         ] GC(80) User=0.01s Sys=0.00s Real=0.02s
[2026-07-01T01:58:51.453+0000][81.057s][info][gc,start       ] GC(81) Pause Young (Allocation Failure)
[2026-07-01T01:58:51.463+0000][81.068s][info][gc,heap        ] GC(81) DefNew: 91047K(96192K)->5540K(96192K) Eden: 85568K(85568K)->0K(85568K) From: 5479K(10624K)->5540K(10624K)
[2026-07-01T01:58:51.464+0000][81.068s][info][gc,heap        ] GC(81) Tenured: 164138K(213536K)->164398K(213536K)
[2026-07-01T01:58:51.464+0000][81.068s][info][gc,metaspace   ] GC(81) Metaspace: 41626K(42432K)->41626K(42432K) NonClass: 36496K(36928K)->36496K(36928K) Class: 5130K(5504K)->5130K(5504K)
[2026-07-01T01:58:51.464+0000][81.068s][info][gc             ] GC(81) Pause Young (Allocation Failure) 249M->165M(302M) 10.770ms
[2026-07-01T01:58:51.464+0000][81.068s][info][gc,cpu         ] GC(81) User=0.01s Sys=0.00s Real=0.01s
[2026-07-01T01:58:52.641+0000][82.246s][info][gc,start       ] GC(82) Pause Young (Allocation Failure)
[2026-07-01T01:58:52.653+0000][82.257s][info][gc,heap        ] GC(82) DefNew: 91108K(96192K)->5647K(96192K) Eden: 85568K(85568K)->0K(85568K) From: 5540K(10624K)->5647K(10624K)
[2026-07-01T01:58:52.653+0000][82.257s][info][gc,heap        ] GC(82) Tenured: 164398K(213536K)->164643K(213536K)
[2026-07-01T01:58:52.653+0000][82.257s][info][gc,metaspace   ] GC(82) Metaspace: 41627K(42432K)->41627K(42432K) NonClass: 36496K(36928K)->36496K(36928K) Class: 5130K(5504K)->5130K(5504K)
[2026-07-01T01:58:52.653+0000][82.257s][info][gc             ] GC(82) Pause Young (Allocation Failure) 249M->166M(302M) 11.404ms
[2026-07-01T01:58:52.653+0000][82.257s][info][gc,cpu         ] GC(82) User=0.01s Sys=0.00s Real=0.01s
[2026-07-01T01:58:53.738+0000][83.342s][info][gc,start       ] GC(83) Pause Young (Allocation Failure)
[2026-07-01T01:58:53.748+0000][83.353s][info][gc,heap        ] GC(83) DefNew: 91215K(96192K)->5351K(96192K) Eden: 85568K(85568K)->0K(85568K) From: 5647K(10624K)->5351K(10624K)
[2026-07-01T01:58:53.748+0000][83.353s][info][gc,heap        ] GC(83) Tenured: 164643K(213536K)->165143K(213536K)
[2026-07-01T01:58:53.748+0000][83.353s][info][gc,metaspace   ] GC(83) Metaspace: 41627K(42432K)->41627K(42432K) NonClass: 36497K(36928K)->36497K(36928K) Class: 5130K(5504K)->5130K(5504K)
[2026-07-01T01:58:53.748+0000][83.353s][info][gc             ] GC(83) Pause Young (Allocation Failure) 249M->166M(302M) 10.385ms
[2026-07-01T01:58:53.748+0000][83.353s][info][gc,cpu         ] GC(83) User=0.01s Sys=0.00s Real=0.01s
[2026-07-01T01:58:54.738+0000][84.343s][info][gc,start       ] GC(84) Pause Young (Allocation Failure)
[2026-07-01T01:58:54.749+0000][84.354s][info][gc,heap        ] GC(84) DefNew: 90919K(96192K)->5375K(96192K) Eden: 85567K(85568K)->0K(85568K) From: 5351K(10624K)->5375K(10624K)
[2026-07-01T01:58:54.749+0000][84.354s][info][gc,heap        ] GC(84) Tenured: 165143K(213536K)->165394K(213536K)
[2026-07-01T01:58:54.749+0000][84.354s][info][gc,metaspace   ] GC(84) Metaspace: 41627K(42432K)->41627K(42432K) NonClass: 36497K(36928K)->36497K(36928K) Class: 5130K(5504K)->5130K(5504K)
[2026-07-01T01:58:54.749+0000][84.354s][info][gc             ] GC(84) Pause Young (Allocation Failure) 250M->166M(302M) 10.526ms
[2026-07-01T01:58:54.749+0000][84.354s][info][gc,cpu         ] GC(84) User=0.01s Sys=0.00s Real=0.01s
[2026-07-01T01:58:55.717+0000][85.322s][info][gc,start       ] GC(85) Pause Young (Allocation Failure)
[2026-07-01T01:58:55.727+0000][85.332s][info][gc,heap        ] GC(85) DefNew: 90943K(96192K)->5460K(96192K) Eden: 85568K(85568K)->0K(85568K) From: 5375K(10624K)->5460K(10624K)
[2026-07-01T01:58:55.727+0000][85.332s][info][gc,heap        ] GC(85) Tenured: 165394K(213536K)->165648K(213536K)
[2026-07-01T01:58:55.727+0000][85.332s][info][gc,metaspace   ] GC(85) Metaspace: 41627K(42432K)->41627K(42432K) NonClass: 36497K(36928K)->36497K(36928K) Class: 5130K(5504K)->5130K(5504K)
[2026-07-01T01:58:55.727+0000][85.332s][info][gc             ] GC(85) Pause Young (Allocation Failure) 250M->167M(302M) 10.546ms
[2026-07-01T01:58:55.727+0000][85.332s][info][gc,cpu         ] GC(85) User=0.01s Sys=0.00s Real=0.01s
[2026-07-01T01:58:56.745+0000][86.349s][info][gc,start       ] GC(86) Pause Young (Allocation Failure)
[2026-07-01T01:58:56.755+0000][86.360s][info][gc,heap        ] GC(86) DefNew: 91028K(96192K)->5424K(96192K) Eden: 85568K(85568K)->0K(85568K) From: 5460K(10624K)->5424K(10624K)
[2026-07-01T01:58:56.755+0000][86.360s][info][gc,heap        ] GC(86) Tenured: 165648K(213536K)->165901K(213536K)
[2026-07-01T01:58:56.755+0000][86.360s][info][gc,metaspace   ] GC(86) Metaspace: 41628K(42432K)->41628K(42432K) NonClass: 36498K(36928K)->36498K(36928K) Class: 5130K(5504K)->5130K(5504K)
[2026-07-01T01:58:56.755+0000][86.360s][info][gc             ] GC(86) Pause Young (Allocation Failure) 250M->167M(302M) 10.392ms
[2026-07-01T01:58:56.755+0000][86.360s][info][gc,cpu         ] GC(86) User=0.01s Sys=0.00s Real=0.01s
[2026-07-01T01:58:57.854+0000][87.458s][info][gc,start       ] GC(87) Pause Young (Allocation Failure)
[2026-07-01T01:58:57.869+0000][87.473s][info][gc,heap        ] GC(87) DefNew: 90992K(96192K)->5286K(96192K) Eden: 85568K(85568K)->0K(85568K) From: 5424K(10624K)->5286K(10624K)
[2026-07-01T01:58:57.869+0000][87.473s][info][gc,heap        ] GC(87) Tenured: 165901K(213536K)->166159K(213536K)
[2026-07-01T01:58:57.869+0000][87.473s][info][gc,metaspace   ] GC(87) Metaspace: 41629K(42432K)->41629K(42432K) NonClass: 36498K(36928K)->36498K(36928K) Class: 5130K(5504K)->5130K(5504K)
[2026-07-01T01:58:57.869+0000][87.473s][info][gc             ] GC(87) Pause Young (Allocation Failure) 250M->167M(302M) 14.966ms
[2026-07-01T01:58:57.869+0000][87.473s][info][gc,cpu         ] GC(87) User=0.01s Sys=0.00s Real=0.02s
[2026-07-01T01:58:59.152+0000][88.756s][info][gc,start       ] GC(88) Pause Young (Allocation Failure)
[2026-07-01T01:58:59.162+0000][88.767s][info][gc,heap        ] GC(88) DefNew: 90854K(96192K)->5678K(96192K) Eden: 85568K(85568K)->0K(85568K) From: 5286K(10624K)->5678K(10624K)
[2026-07-01T01:58:59.162+0000][88.767s][info][gc,heap        ] GC(88) Tenured: 166159K(213536K)->166159K(213536K)
[2026-07-01T01:58:59.162+0000][88.767s][info][gc,metaspace   ] GC(88) Metaspace: 41632K(42560K)->41632K(42560K) NonClass: 36501K(36992K)->36501K(36992K) Class: 5131K(5568K)->5131K(5568K)
[2026-07-01T01:58:59.162+0000][88.767s][info][gc             ] GC(88) Pause Young (Allocation Failure) 250M->167M(302M) 10.331ms
[2026-07-01T01:58:59.162+0000][88.767s][info][gc,cpu         ] GC(88) User=0.02s Sys=0.00s Real=0.01s
[2026-07-01T01:59:00.163+0000][89.768s][info][gc,start       ] GC(89) Pause Young (Allocation Failure)
[2026-07-01T01:59:00.223+0000][89.828s][info][gc,heap        ] GC(89) DefNew: 91246K(96192K)->5391K(96192K) Eden: 85568K(85568K)->0K(85568K) From: 5678K(10624K)->5391K(10624K)
[2026-07-01T01:59:00.223+0000][89.828s][info][gc,heap        ] GC(89) Tenured: 166159K(213536K)->166688K(213536K)
[2026-07-01T01:59:00.223+0000][89.828s][info][gc,metaspace   ] GC(89) Metaspace: 41632K(42560K)->41632K(42560K) NonClass: 36501K(36992K)->36501K(36992K) Class: 5131K(5568K)->5131K(5568K)
[2026-07-01T01:59:00.223+0000][89.828s][info][gc             ] GC(89) Pause Young (Allocation Failure) 251M->168M(302M) 60.098ms
[2026-07-01T01:59:00.223+0000][89.828s][info][gc,cpu         ] GC(89) User=0.01s Sys=0.00s Real=0.06s
[2026-07-01T01:59:01.068+0000][90.672s][info][gc,start       ] GC(90) Pause Young (Allocation Failure)
[2026-07-01T01:59:01.125+0000][90.730s][info][gc,heap        ] GC(90) DefNew: 90959K(96192K)->5332K(96192K) Eden: 85568K(85568K)->0K(85568K) From: 5391K(10624K)->5332K(10624K)
[2026-07-01T01:59:01.125+0000][90.730s][info][gc,heap        ] GC(90) Tenured: 166688K(213536K)->166957K(213536K)
[2026-07-01T01:59:01.125+0000][90.730s][info][gc,metaspace   ] GC(90) Metaspace: 41632K(42560K)->41632K(42560K) NonClass: 36501K(36992K)->36501K(36992K) Class: 5131K(5568K)->5131K(5568K)
[2026-07-01T01:59:01.125+0000][90.730s][info][gc             ] GC(90) Pause Young (Allocation Failure) 251M->168M(302M) 57.540ms
[2026-07-01T01:59:01.125+0000][90.730s][info][gc,cpu         ] GC(90) User=0.02s Sys=0.00s Real=0.06s
[2026-07-01T01:59:02.040+0000][91.645s][info][gc,start       ] GC(91) Pause Young (Allocation Failure)
[2026-07-01T01:59:02.051+0000][91.655s][info][gc,heap        ] GC(91) DefNew: 90900K(96192K)->5266K(96192K) Eden: 85568K(85568K)->0K(85568K) From: 5332K(10624K)->5266K(10624K)
[2026-07-01T01:59:02.051+0000][91.655s][info][gc,heap        ] GC(91) Tenured: 166957K(213536K)->167231K(213536K)
[2026-07-01T01:59:02.051+0000][91.655s][info][gc,metaspace   ] GC(91) Metaspace: 41632K(42560K)->41632K(42560K) NonClass: 36501K(36992K)->36501K(36992K) Class: 5131K(5568K)->5131K(5568K)
[2026-07-01T01:59:02.051+0000][91.655s][info][gc             ] GC(91) Pause Young (Allocation Failure) 251M->168M(302M) 10.430ms
[2026-07-01T01:59:02.051+0000][91.655s][info][gc,cpu         ] GC(91) User=0.01s Sys=0.00s Real=0.01s
[2026-07-01T01:59:02.956+0000][92.561s][info][gc,start       ] GC(92) Pause Young (Allocation Failure)
[2026-07-01T01:59:02.966+0000][92.571s][info][gc,heap        ] GC(92) DefNew: 90834K(96192K)->5667K(96192K) Eden: 85568K(85568K)->0K(85568K) From: 5266K(10624K)->5667K(10624K)
[2026-07-01T01:59:02.966+0000][92.571s][info][gc,heap        ] GC(92) Tenured: 167231K(213536K)->167231K(213536K)
[2026-07-01T01:59:02.967+0000][92.571s][info][gc,metaspace   ] GC(92) Metaspace: 41632K(42560K)->41632K(42560K) NonClass: 36501K(36992K)->36501K(36992K) Class: 5131K(5568K)->5131K(5568K)
[2026-07-01T01:59:02.967+0000][92.571s][info][gc             ] GC(92) Pause Young (Allocation Failure) 252M->168M(302M) 10.342ms
[2026-07-01T01:59:02.967+0000][92.571s][info][gc,cpu         ] GC(92) User=0.01s Sys=0.00s Real=0.01s
[2026-07-01T01:59:03.927+0000][93.532s][info][gc,start       ] GC(93) Pause Young (Allocation Failure)
[2026-07-01T01:59:03.937+0000][93.542s][info][gc,heap        ] GC(93) DefNew: 91235K(96192K)->5322K(96192K) Eden: 85568K(85568K)->0K(85568K) From: 5667K(10624K)->5322K(10624K)
[2026-07-01T01:59:03.937+0000][93.542s][info][gc,heap        ] GC(93) Tenured: 167231K(213536K)->167758K(213536K)
[2026-07-01T01:59:03.937+0000][93.542s][info][gc,metaspace   ] GC(93) Metaspace: 41632K(42560K)->41632K(42560K) NonClass: 36501K(36992K)->36501K(36992K) Class: 5131K(5568K)->5131K(5568K)
[2026-07-01T01:59:03.937+0000][93.542s][info][gc             ] GC(93) Pause Young (Allocation Failure) 252M->169M(302M) 10.536ms
[2026-07-01T01:59:03.937+0000][93.542s][info][gc,cpu         ] GC(93) User=0.01s Sys=0.01s Real=0.01s
[2026-07-01T01:59:04.847+0000][94.452s][info][gc,start       ] GC(94) Pause Young (Allocation Failure)
[2026-07-01T01:59:04.857+0000][94.462s][info][gc,heap        ] GC(94) DefNew: 90890K(96192K)->5276K(96192K) Eden: 85568K(85568K)->0K(85568K) From: 5322K(10624K)->5276K(10624K)
[2026-07-01T01:59:04.857+0000][94.462s][info][gc,heap        ] GC(94) Tenured: 167758K(213536K)->168021K(213536K)
[2026-07-01T01:59:04.857+0000][94.462s][info][gc,metaspace   ] GC(94) Metaspace: 41636K(42560K)->41636K(42560K) NonClass: 36504K(36992K)->36504K(36992K) Class: 5131K(5568K)->5131K(5568K)
[2026-07-01T01:59:04.857+0000][94.462s][info][gc             ] GC(94) Pause Young (Allocation Failure) 252M->169M(302M) 9.813ms
[2026-07-01T01:59:04.857+0000][94.462s][info][gc,cpu         ] GC(94) User=0.01s Sys=0.00s Real=0.01s
[2026-07-01T01:59:05.717+0000][95.322s][info][gc,start       ] GC(95) Pause Young (Allocation Failure)
[2026-07-01T01:59:05.728+0000][95.333s][info][gc,heap        ] GC(95) DefNew: 90844K(96192K)->5765K(96192K) Eden: 85567K(85568K)->0K(85568K) From: 5276K(10624K)->5765K(10624K)
[2026-07-01T01:59:05.728+0000][95.333s][info][gc,heap        ] GC(95) Tenured: 168021K(213536K)->168021K(213536K)
[2026-07-01T01:59:05.728+0000][95.333s][info][gc,metaspace   ] GC(95) Metaspace: 41646K(42560K)->41646K(42560K) NonClass: 36514K(36992K)->36514K(36992K) Class: 5132K(5568K)->5132K(5568K)
[2026-07-01T01:59:05.728+0000][95.333s][info][gc             ] GC(95) Pause Young (Allocation Failure) 252M->169M(302M) 10.923ms
[2026-07-01T01:59:05.728+0000][95.333s][info][gc,cpu         ] GC(95) User=0.01s Sys=0.00s Real=0.02s
[2026-07-01T01:59:06.356+0000][95.960s][info][gc,start       ] GC(96) Pause Young (Allocation Failure)
[2026-07-01T01:59:06.366+0000][95.971s][info][gc,heap        ] GC(96) DefNew: 91333K(96192K)->5222K(96192K) Eden: 85568K(85568K)->0K(85568K) From: 5765K(10624K)->5222K(10624K)
[2026-07-01T01:59:06.366+0000][95.971s][info][gc,heap        ] GC(96) Tenured: 168021K(213536K)->168540K(213536K)
[2026-07-01T01:59:06.366+0000][95.971s][info][gc,metaspace   ] GC(96) Metaspace: 41647K(42560K)->41647K(42560K) NonClass: 36515K(36992K)->36515K(36992K) Class: 5132K(5568K)->5132K(5568K)
[2026-07-01T01:59:06.366+0000][95.971s][info][gc             ] GC(96) Pause Young (Allocation Failure) 253M->169M(302M) 10.539ms
[2026-07-01T01:59:06.366+0000][95.971s][info][gc,cpu         ] GC(96) User=0.01s Sys=0.00s Real=0.01s
[2026-07-01T01:59:07.111+0000][96.716s][info][gc,start       ] GC(97) Pause Young (Allocation Failure)
[2026-07-01T01:59:07.127+0000][96.732s][info][gc,heap        ] GC(97) DefNew: 90790K(96192K)->5502K(96192K) Eden: 85568K(85568K)->0K(85568K) From: 5222K(10624K)->5502K(10624K)
[2026-07-01T01:59:07.127+0000][96.732s][info][gc,heap        ] GC(97) Tenured: 168540K(213536K)->168540K(213536K)
[2026-07-01T01:59:07.127+0000][96.732s][info][gc,metaspace   ] GC(97) Metaspace: 41647K(42560K)->41647K(42560K) NonClass: 36515K(36992K)->36515K(36992K) Class: 5132K(5568K)->5132K(5568K)
[2026-07-01T01:59:07.127+0000][96.732s][info][gc             ] GC(97) Pause Young (Allocation Failure) 253M->169M(302M) 15.927ms
[2026-07-01T01:59:07.127+0000][96.732s][info][gc,cpu         ] GC(97) User=0.01s Sys=0.00s Real=0.01s
[2026-07-01T01:59:07.896+0000][97.501s][info][gc,start       ] GC(98) Pause Young (Allocation Failure)
[2026-07-01T01:59:07.912+0000][97.517s][info][gc,heap        ] GC(98) DefNew: 91070K(96192K)->5547K(96192K) Eden: 85568K(85568K)->0K(85568K) From: 5502K(10624K)->5547K(10624K)
[2026-07-01T01:59:07.912+0000][97.517s][info][gc,heap        ] GC(98) Tenured: 168540K(213536K)->168790K(213536K)
[2026-07-01T01:59:07.912+0000][97.517s][info][gc,metaspace   ] GC(98) Metaspace: 41647K(42560K)->41647K(42560K) NonClass: 36515K(36992K)->36515K(36992K) Class: 5132K(5568K)->5132K(5568K)
[2026-07-01T01:59:07.912+0000][97.517s][info][gc             ] GC(98) Pause Young (Allocation Failure) 253M->170M(302M) 16.551ms
[2026-07-01T01:59:07.912+0000][97.517s][info][gc,cpu         ] GC(98) User=0.01s Sys=0.00s Real=0.02s
[2026-07-01T01:59:08.697+0000][98.302s][info][gc,start       ] GC(99) Pause Young (Allocation Failure)
[2026-07-01T01:59:08.712+0000][98.317s][info][gc,heap        ] GC(99) DefNew: 91115K(96192K)->5544K(96192K) Eden: 85568K(85568K)->0K(85568K) From: 5547K(10624K)->5544K(10624K)
[2026-07-01T01:59:08.712+0000][98.317s][info][gc,heap        ] GC(99) Tenured: 168790K(213536K)->169053K(213536K)
[2026-07-01T01:59:08.712+0000][98.317s][info][gc,metaspace   ] GC(99) Metaspace: 41647K(42560K)->41647K(42560K) NonClass: 36515K(36992K)->36515K(36992K) Class: 5132K(5568K)->5132K(5568K)
[2026-07-01T01:59:08.713+0000][98.317s][info][gc             ] GC(99) Pause Young (Allocation Failure) 253M->170M(302M) 15.308ms
[2026-07-01T01:59:08.713+0000][98.317s][info][gc,cpu         ] GC(99) User=0.02s Sys=0.00s Real=0.02s
