[2026-07-01T02:09:03.586+0000][0.009s][info][gc,init] CardTable entry size: 512
[2026-07-01T02:09:03.586+0000][0.010s][info][gc     ] Using G1
[2026-07-01T02:09:03.587+0000][0.011s][info][gc,init] Version: 21.0.11+10-LTS (release)
[2026-07-01T02:09:03.587+0000][0.011s][info][gc,init] CPUs: 4 total, 1 available
[2026-07-01T02:09:03.587+0000][0.011s][info][gc,init] Memory: 2048M
[2026-07-01T02:09:03.587+0000][0.011s][info][gc,init] Large Page Support: Disabled
[2026-07-01T02:09:03.588+0000][0.011s][info][gc,init] NUMA Support: Disabled
[2026-07-01T02:09:03.588+0000][0.011s][info][gc,init] Compressed Oops: Enabled (32-bit)
[2026-07-01T02:09:03.588+0000][0.011s][info][gc,init] Heap Region Size: 1M
[2026-07-01T02:09:03.588+0000][0.011s][info][gc,init] Heap Min Capacity: 8M
[2026-07-01T02:09:03.588+0000][0.011s][info][gc,init] Heap Initial Capacity: 32M
[2026-07-01T02:09:03.588+0000][0.011s][info][gc,init] Heap Max Capacity: 1468M
[2026-07-01T02:09:03.588+0000][0.011s][info][gc,init] Pre-touch: Disabled
[2026-07-01T02:09:03.588+0000][0.011s][info][gc,init] Parallel Workers: 1
[2026-07-01T02:09:03.588+0000][0.011s][info][gc,init] Concurrent Workers: 1
[2026-07-01T02:09:03.588+0000][0.011s][info][gc,init] Concurrent Refinement Workers: 1
[2026-07-01T02:09:03.588+0000][0.011s][info][gc,init] Periodic GC: Enabled
[2026-07-01T02:09:03.588+0000][0.011s][info][gc,init] Periodic GC Interval: 10000ms
[2026-07-01T02:09:03.588+0000][0.011s][info][gc,init] G1 Time-Based Heap Sizing enabled (uncommit-only)
[2026-07-01T02:09:03.588+0000][0.011s][info][gc,init]   evaluation_interval=60000ms, uncommit_delay=300000ms, min_regions_to_uncommit=10
[2026-07-01T02:09:03.595+0000][0.018s][info][gc,metaspace] CDS archive(s) mapped at: [0x00006ffcfb000000-0x00006ffcfbc9b000-0x00006ffcfbc9b000), size 13217792, SharedBaseAddress: 0x00006ffcfb000000, ArchiveRelocationMode: 1.
[2026-07-01T02:09:03.595+0000][0.018s][info][gc,metaspace] Compressed class space mapped at: 0x00006ffcfc000000-0x00006ffd3c000000, reserved size: 1073741824
[2026-07-01T02:09:03.595+0000][0.018s][info][gc,metaspace] Narrow klass base: 0x00006ffcfb000000, Narrow klass shift: 0, Narrow klass range: 0x100000000
[2026-07-01T02:09:04.047+0000][0.471s][info][gc,start    ] GC(0) Pause Young (Normal) (G1 Evacuation Pause)
[2026-07-01T02:09:04.047+0000][0.471s][info][gc,task     ] GC(0) Using 1 workers of 1 for evacuation
[2026-07-01T02:09:04.129+0000][0.552s][info][gc,phases   ] GC(0)   Pre Evacuate Collection Set: 0.72ms
[2026-07-01T02:09:04.129+0000][0.552s][info][gc,phases   ] GC(0)   Merge Heap Roots: 0.06ms
[2026-07-01T02:09:04.129+0000][0.552s][info][gc,phases   ] GC(0)   Evacuate Collection Set: 78.06ms
[2026-07-01T02:09:04.129+0000][0.552s][info][gc,phases   ] GC(0)   Post Evacuate Collection Set: 2.10ms
[2026-07-01T02:09:04.129+0000][0.552s][info][gc,phases   ] GC(0)   Other: 0.06ms
[2026-07-01T02:09:04.129+0000][0.552s][info][gc,heap     ] GC(0) Eden regions: 2->0(2)
[2026-07-01T02:09:04.129+0000][0.552s][info][gc,heap     ] GC(0) Survivor regions: 0->1(1)
[2026-07-01T02:09:04.129+0000][0.552s][info][gc,heap     ] GC(0) Old regions: 2->2
[2026-07-01T02:09:04.129+0000][0.552s][info][gc,heap     ] GC(0) Humongous regions: 0->0
[2026-07-01T02:09:04.129+0000][0.552s][info][gc,metaspace] GC(0) Metaspace: 838K(1024K)->838K(1024K) NonClass: 741K(832K)->741K(832K) Class: 96K(192K)->96K(192K)
[2026-07-01T02:09:04.129+0000][0.552s][info][gc          ] GC(0) Pause Young (Normal) (G1 Evacuation Pause) 3M->1M(34M) 81.231ms
[2026-07-01T02:09:04.129+0000][0.552s][info][gc,cpu      ] GC(0) User=0.01s Sys=0.00s Real=0.09s
[2026-07-01T02:09:04.532+0000][0.956s][info][gc,start    ] GC(1) Pause Young (Normal) (G1 Evacuation Pause)
[2026-07-01T02:09:04.533+0000][0.956s][info][gc,task     ] GC(1) Using 1 workers of 1 for evacuation
[2026-07-01T02:09:04.535+0000][0.958s][info][gc,phases   ] GC(1)   Pre Evacuate Collection Set: 0.09ms
[2026-07-01T02:09:04.535+0000][0.958s][info][gc,phases   ] GC(1)   Merge Heap Roots: 0.02ms
[2026-07-01T02:09:04.535+0000][0.958s][info][gc,phases   ] GC(1)   Evacuate Collection Set: 2.23ms
[2026-07-01T02:09:04.535+0000][0.958s][info][gc,phases   ] GC(1)   Post Evacuate Collection Set: 0.21ms
[2026-07-01T02:09:04.535+0000][0.958s][info][gc,phases   ] GC(1)   Other: 0.07ms
[2026-07-01T02:09:04.535+0000][0.958s][info][gc,heap     ] GC(1) Eden regions: 3->0(12)
[2026-07-01T02:09:04.535+0000][0.958s][info][gc,heap     ] GC(1) Survivor regions: 1->1(1)
[2026-07-01T02:09:04.535+0000][0.958s][info][gc,heap     ] GC(1) Old regions: 2->2
[2026-07-01T02:09:04.535+0000][0.958s][info][gc,heap     ] GC(1) Humongous regions: 0->0
[2026-07-01T02:09:04.535+0000][0.958s][info][gc,metaspace] GC(1) Metaspace: 1640K(1856K)->1640K(1856K) NonClass: 1455K(1536K)->1455K(1536K) Class: 184K(320K)->184K(320K)
[2026-07-01T02:09:04.535+0000][0.958s][info][gc          ] GC(1) Pause Young (Normal) (G1 Evacuation Pause) 4M->1M(34M) 2.783ms
[2026-07-01T02:09:04.535+0000][0.959s][info][gc,cpu      ] GC(1) User=0.00s Sys=0.00s Real=0.00s
[2026-07-01T02:09:05.350+0000][1.774s][info][gc,start    ] GC(2) Pause Young (Normal) (G1 Evacuation Pause)
[2026-07-01T02:09:05.350+0000][1.774s][info][gc,task     ] GC(2) Using 1 workers of 1 for evacuation
[2026-07-01T02:09:05.354+0000][1.777s][info][gc,phases   ] GC(2)   Pre Evacuate Collection Set: 0.09ms
[2026-07-01T02:09:05.354+0000][1.777s][info][gc,phases   ] GC(2)   Merge Heap Roots: 0.04ms
[2026-07-01T02:09:05.354+0000][1.777s][info][gc,phases   ] GC(2)   Evacuate Collection Set: 2.84ms
[2026-07-01T02:09:05.354+0000][1.777s][info][gc,phases   ] GC(2)   Post Evacuate Collection Set: 0.31ms
[2026-07-01T02:09:05.354+0000][1.777s][info][gc,phases   ] GC(2)   Other: 0.05ms
[2026-07-01T02:09:05.354+0000][1.777s][info][gc,heap     ] GC(2) Eden regions: 13->0(17)
[2026-07-01T02:09:05.354+0000][1.777s][info][gc,heap     ] GC(2) Survivor regions: 1->2(2)
[2026-07-01T02:09:05.354+0000][1.777s][info][gc,heap     ] GC(2) Old regions: 2->2
[2026-07-01T02:09:05.354+0000][1.777s][info][gc,heap     ] GC(2) Humongous regions: 0->0
[2026-07-01T02:09:05.354+0000][1.777s][info][gc,metaspace] GC(2) Metaspace: 3836K(4160K)->3836K(4160K) NonClass: 3423K(3584K)->3423K(3584K) Class: 412K(576K)->412K(576K)
[2026-07-01T02:09:05.354+0000][1.777s][info][gc          ] GC(2) Pause Young (Normal) (G1 Evacuation Pause) 14M->2M(34M) 3.442ms
[2026-07-01T02:09:05.354+0000][1.777s][info][gc,cpu      ] GC(2) User=0.00s Sys=0.00s Real=0.00s
[2026-07-01T02:09:05.857+0000][2.280s][info][gc,start    ] GC(3) Pause Young (Normal) (G1 Evacuation Pause)
[2026-07-01T02:09:05.857+0000][2.280s][info][gc,task     ] GC(3) Using 1 workers of 1 for evacuation
[2026-07-01T02:09:05.862+0000][2.285s][info][gc,phases   ] GC(3)   Pre Evacuate Collection Set: 0.08ms
[2026-07-01T02:09:05.862+0000][2.285s][info][gc,phases   ] GC(3)   Merge Heap Roots: 0.04ms
[2026-07-01T02:09:05.862+0000][2.285s][info][gc,phases   ] GC(3)   Evacuate Collection Set: 4.99ms
[2026-07-01T02:09:05.862+0000][2.285s][info][gc,phases   ] GC(3)   Post Evacuate Collection Set: 0.39ms
[2026-07-01T02:09:05.862+0000][2.285s][info][gc,phases   ] GC(3)   Other: 0.04ms
[2026-07-01T02:09:05.862+0000][2.285s][info][gc,heap     ] GC(3) Eden regions: 17->0(16)
[2026-07-01T02:09:05.862+0000][2.285s][info][gc,heap     ] GC(3) Survivor regions: 2->3(3)
[2026-07-01T02:09:05.862+0000][2.285s][info][gc,heap     ] GC(3) Old regions: 2->2
[2026-07-01T02:09:05.862+0000][2.285s][info][gc,heap     ] GC(3) Humongous regions: 0->0
[2026-07-01T02:09:05.862+0000][2.285s][info][gc,metaspace] GC(3) Metaspace: 8086K(8448K)->8086K(8448K) NonClass: 7125K(7296K)->7125K(7296K) Class: 961K(1152K)->961K(1152K)
[2026-07-01T02:09:05.862+0000][2.285s][info][gc          ] GC(3) Pause Young (Normal) (G1 Evacuation Pause) 19M->4M(34M) 5.661ms
[2026-07-01T02:09:05.862+0000][2.285s][info][gc,cpu      ] GC(3) User=0.01s Sys=0.00s Real=0.01s
[2026-07-01T02:09:06.436+0000][2.860s][info][gc,start    ] GC(4) Pause Young (Normal) (G1 Evacuation Pause)
[2026-07-01T02:09:06.436+0000][2.860s][info][gc,task     ] GC(4) Using 1 workers of 1 for evacuation
[2026-07-01T02:09:06.444+0000][2.867s][info][gc,phases   ] GC(4)   Pre Evacuate Collection Set: 0.10ms
[2026-07-01T02:09:06.444+0000][2.867s][info][gc,phases   ] GC(4)   Merge Heap Roots: 0.04ms
[2026-07-01T02:09:06.444+0000][2.867s][info][gc,phases   ] GC(4)   Evacuate Collection Set: 6.34ms
[2026-07-01T02:09:06.444+0000][2.867s][info][gc,phases   ] GC(4)   Post Evacuate Collection Set: 0.53ms
[2026-07-01T02:09:06.444+0000][2.867s][info][gc,phases   ] GC(4)   Other: 0.05ms
[2026-07-01T02:09:06.444+0000][2.867s][info][gc,heap     ] GC(4) Eden regions: 16->0(16)
[2026-07-01T02:09:06.444+0000][2.867s][info][gc,heap     ] GC(4) Survivor regions: 3->3(3)
[2026-07-01T02:09:06.444+0000][2.867s][info][gc,heap     ] GC(4) Old regions: 2->4
[2026-07-01T02:09:06.444+0000][2.867s][info][gc,heap     ] GC(4) Humongous regions: 0->0
[2026-07-01T02:09:06.444+0000][2.867s][info][gc,metaspace] GC(4) Metaspace: 10922K(11264K)->10922K(11264K) NonClass: 9531K(9728K)->9531K(9728K) Class: 1391K(1536K)->1391K(1536K)
[2026-07-01T02:09:06.444+0000][2.867s][info][gc          ] GC(4) Pause Young (Normal) (G1 Evacuation Pause) 20M->5M(34M) 7.193ms
[2026-07-01T02:09:06.444+0000][2.867s][info][gc,cpu      ] GC(4) User=0.01s Sys=0.00s Real=0.01s
[2026-07-01T02:09:06.928+0000][3.351s][info][gc,start    ] GC(5) Pause Young (Normal) (G1 Evacuation Pause)
[2026-07-01T02:09:06.928+0000][3.351s][info][gc,task     ] GC(5) Using 1 workers of 1 for evacuation
[2026-07-01T02:09:06.934+0000][3.357s][info][gc,phases   ] GC(5)   Pre Evacuate Collection Set: 0.21ms
[2026-07-01T02:09:06.934+0000][3.357s][info][gc,phases   ] GC(5)   Merge Heap Roots: 0.05ms
[2026-07-01T02:09:06.934+0000][3.357s][info][gc,phases   ] GC(5)   Evacuate Collection Set: 5.62ms
[2026-07-01T02:09:06.934+0000][3.357s][info][gc,phases   ] GC(5)   Post Evacuate Collection Set: 0.38ms
[2026-07-01T02:09:06.934+0000][3.357s][info][gc,phases   ] GC(5)   Other: 0.06ms
[2026-07-01T02:09:06.934+0000][3.357s][info][gc,heap     ] GC(5) Eden regions: 16->0(17)
[2026-07-01T02:09:06.934+0000][3.357s][info][gc,heap     ] GC(5) Survivor regions: 3->2(3)
[2026-07-01T02:09:06.934+0000][3.357s][info][gc,heap     ] GC(5) Old regions: 4->5
[2026-07-01T02:09:06.934+0000][3.357s][info][gc,heap     ] GC(5) Humongous regions: 0->0
[2026-07-01T02:09:06.934+0000][3.357s][info][gc,metaspace] GC(5) Metaspace: 13543K(13952K)->13543K(13952K) NonClass: 11796K(12032K)->11796K(12032K) Class: 1747K(1920K)->1747K(1920K)
[2026-07-01T02:09:06.934+0000][3.357s][info][gc          ] GC(5) Pause Young (Normal) (G1 Evacuation Pause) 21M->5M(34M) 6.460ms
[2026-07-01T02:09:06.934+0000][3.357s][info][gc,cpu      ] GC(5) User=0.01s Sys=0.00s Real=0.01s
[2026-07-01T02:09:07.246+0000][3.669s][info][gc,start    ] GC(6) Pause Young (Normal) (G1 Evacuation Pause)
[2026-07-01T02:09:07.246+0000][3.669s][info][gc,task     ] GC(6) Using 1 workers of 1 for evacuation
[2026-07-01T02:09:07.252+0000][3.675s][info][gc,phases   ] GC(6)   Pre Evacuate Collection Set: 0.37ms
[2026-07-01T02:09:07.252+0000][3.675s][info][gc,phases   ] GC(6)   Merge Heap Roots: 0.04ms
[2026-07-01T02:09:07.252+0000][3.675s][info][gc,phases   ] GC(6)   Evacuate Collection Set: 4.98ms
[2026-07-01T02:09:07.252+0000][3.675s][info][gc,phases   ] GC(6)   Post Evacuate Collection Set: 0.46ms
[2026-07-01T02:09:07.252+0000][3.675s][info][gc,phases   ] GC(6)   Other: 0.04ms
[2026-07-01T02:09:07.252+0000][3.675s][info][gc,heap     ] GC(6) Eden regions: 17->0(28)
[2026-07-01T02:09:07.252+0000][3.675s][info][gc,heap     ] GC(6) Survivor regions: 2->2(3)
[2026-07-01T02:09:07.252+0000][3.675s][info][gc,heap     ] GC(6) Old regions: 5->6
[2026-07-01T02:09:07.252+0000][3.675s][info][gc,heap     ] GC(6) Humongous regions: 0->0
[2026-07-01T02:09:07.252+0000][3.675s][info][gc,metaspace] GC(6) Metaspace: 14957K(15360K)->14957K(15360K) NonClass: 13037K(13248K)->13037K(13248K) Class: 1919K(2112K)->1919K(2112K)
[2026-07-01T02:09:07.252+0000][3.675s][info][gc          ] GC(6) Pause Young (Normal) (G1 Evacuation Pause) 22M->6M(51M) 6.014ms
[2026-07-01T02:09:07.252+0000][3.675s][info][gc,cpu      ] GC(6) User=0.00s Sys=0.00s Real=0.01s
[2026-07-01T02:09:07.931+0000][4.354s][info][gc,start    ] GC(7) Pause Young (Normal) (G1 Evacuation Pause)
[2026-07-01T02:09:07.931+0000][4.354s][info][gc,task     ] GC(7) Using 1 workers of 1 for evacuation
[2026-07-01T02:09:07.937+0000][4.361s][info][gc,phases   ] GC(7)   Pre Evacuate Collection Set: 0.11ms
[2026-07-01T02:09:07.937+0000][4.361s][info][gc,phases   ] GC(7)   Merge Heap Roots: 0.04ms
[2026-07-01T02:09:07.937+0000][4.361s][info][gc,phases   ] GC(7)   Evacuate Collection Set: 5.84ms
[2026-07-01T02:09:07.937+0000][4.361s][info][gc,phases   ] GC(7)   Post Evacuate Collection Set: 0.44ms
[2026-07-01T02:09:07.937+0000][4.361s][info][gc,phases   ] GC(7)   Other: 0.05ms
[2026-07-01T02:09:07.937+0000][4.361s][info][gc,heap     ] GC(7) Eden regions: 28->0(26)
[2026-07-01T02:09:07.937+0000][4.361s][info][gc,heap     ] GC(7) Survivor regions: 2->4(4)
[2026-07-01T02:09:07.937+0000][4.361s][info][gc,heap     ] GC(7) Old regions: 6->6
[2026-07-01T02:09:07.937+0000][4.361s][info][gc,heap     ] GC(7) Humongous regions: 0->0
[2026-07-01T02:09:07.937+0000][4.361s][info][gc,metaspace] GC(7) Metaspace: 17152K(17600K)->17152K(17600K) NonClass: 14969K(15232K)->14969K(15232K) Class: 2183K(2368K)->2183K(2368K)
[2026-07-01T02:09:07.937+0000][4.361s][info][gc          ] GC(7) Pause Young (Normal) (G1 Evacuation Pause) 34M->8M(51M) 6.605ms
[2026-07-01T02:09:07.938+0000][4.361s][info][gc,cpu      ] GC(7) User=0.01s Sys=0.00s Real=0.00s
[2026-07-01T02:09:08.562+0000][4.986s][info][gc,start    ] GC(8) Pause Young (Concurrent Start) (Metadata GC Threshold)
[2026-07-01T02:09:08.562+0000][4.986s][info][gc,task     ] GC(8) Using 1 workers of 1 for evacuation
[2026-07-01T02:09:08.573+0000][4.996s][info][gc,phases   ] GC(8)   Pre Evacuate Collection Set: 0.13ms
[2026-07-01T02:09:08.573+0000][4.996s][info][gc,phases   ] GC(8)   Merge Heap Roots: 0.05ms
[2026-07-01T02:09:08.573+0000][4.996s][info][gc,phases   ] GC(8)   Evacuate Collection Set: 9.40ms
[2026-07-01T02:09:08.573+0000][4.996s][info][gc,phases   ] GC(8)   Post Evacuate Collection Set: 0.54ms
[2026-07-01T02:09:08.573+0000][4.996s][info][gc,phases   ] GC(8)   Other: 0.09ms
[2026-07-01T02:09:08.573+0000][4.996s][info][gc,heap     ] GC(8) Eden regions: 26->0(26)
[2026-07-01T02:09:08.573+0000][4.996s][info][gc,heap     ] GC(8) Survivor regions: 4->4(4)
[2026-07-01T02:09:08.573+0000][4.996s][info][gc,heap     ] GC(8) Old regions: 6->8
[2026-07-01T02:09:08.573+0000][4.996s][info][gc,heap     ] GC(8) Humongous regions: 0->0
[2026-07-01T02:09:08.573+0000][4.996s][info][gc,metaspace] GC(8) Metaspace: 21048K(21504K)->21048K(21504K) NonClass: 18320K(18560K)->18320K(18560K) Class: 2728K(2944K)->2728K(2944K)
[2026-07-01T02:09:08.573+0000][4.996s][info][gc          ] GC(8) Pause Young (Concurrent Start) (Metadata GC Threshold) 34M->9M(51M) 10.340ms
[2026-07-01T02:09:08.573+0000][4.996s][info][gc,cpu      ] GC(8) User=0.01s Sys=0.00s Real=0.01s
[2026-07-01T02:09:08.573+0000][4.996s][info][gc          ] GC(9) Concurrent Mark Cycle
[2026-07-01T02:09:08.573+0000][4.996s][info][gc,marking  ] GC(9) Concurrent Scan Root Regions
[2026-07-01T02:09:08.629+0000][5.052s][info][gc,marking  ] GC(9) Concurrent Scan Root Regions 55.836ms
[2026-07-01T02:09:08.629+0000][5.052s][info][gc,marking  ] GC(9) Concurrent Mark
[2026-07-01T02:09:08.629+0000][5.052s][info][gc,marking  ] GC(9) Concurrent Mark From Roots
[2026-07-01T02:09:08.629+0000][5.052s][info][gc,task     ] GC(9) Using 1 workers of 1 for marking
[2026-07-01T02:09:08.638+0000][5.061s][info][gc,marking  ] GC(9) Concurrent Mark From Roots 8.933ms
[2026-07-01T02:09:08.638+0000][5.061s][info][gc,marking  ] GC(9) Concurrent Preclean
[2026-07-01T02:09:08.638+0000][5.061s][info][gc,marking  ] GC(9) Concurrent Preclean 0.031ms
[2026-07-01T02:09:08.638+0000][5.061s][info][gc,start    ] GC(9) Pause Remark
[2026-07-01T02:09:08.643+0000][5.066s][info][gc,heap     ] GC(9) Heap shrink completed: uncommitted 27 regions (27MB), heap size now 24MB
[2026-07-01T02:09:08.643+0000][5.066s][info][gc          ] GC(9) Pause Remark 10M->10M(24M) 5.063ms
[2026-07-01T02:09:08.643+0000][5.066s][info][gc,cpu      ] GC(9) User=0.00s Sys=0.00s Real=0.00s
[2026-07-01T02:09:08.643+0000][5.066s][info][gc,marking  ] GC(9) Concurrent Mark 14.581ms
[2026-07-01T02:09:08.643+0000][5.066s][info][gc,marking  ] GC(9) Concurrent Rebuild Remembered Sets and Scrub Regions
[2026-07-01T02:09:08.648+0000][5.071s][info][gc,marking  ] GC(9) Concurrent Rebuild Remembered Sets and Scrub Regions 4.728ms
[2026-07-01T02:09:08.648+0000][5.071s][info][gc,start    ] GC(9) Pause Cleanup
[2026-07-01T02:09:08.648+0000][5.071s][info][gc          ] GC(9) Pause Cleanup 10M->10M(24M) 0.089ms
[2026-07-01T02:09:08.648+0000][5.071s][info][gc,cpu      ] GC(9) User=0.00s Sys=0.00s Real=0.00s
[2026-07-01T02:09:08.648+0000][5.071s][info][gc,marking  ] GC(9) Concurrent Clear Claimed Marks
[2026-07-01T02:09:08.648+0000][5.072s][info][gc,marking  ] GC(9) Concurrent Clear Claimed Marks 0.043ms
[2026-07-01T02:09:08.648+0000][5.072s][info][gc,marking  ] GC(9) Concurrent Cleanup for Next Mark
[2026-07-01T02:09:08.648+0000][5.072s][info][gc,marking  ] GC(9) Concurrent Cleanup for Next Mark 0.216ms
[2026-07-01T02:09:08.648+0000][5.072s][info][gc          ] GC(9) Concurrent Mark Cycle 75.795ms
[2026-07-01T02:09:08.965+0000][5.388s][info][gc,start    ] GC(10) Pause Young (Prepare Mixed) (G1 Evacuation Pause)
[2026-07-01T02:09:08.965+0000][5.388s][info][gc,task     ] GC(10) Using 1 workers of 1 for evacuation
[2026-07-01T02:09:09.031+0000][5.454s][info][gc,phases   ] GC(10)   Pre Evacuate Collection Set: 0.09ms
[2026-07-01T02:09:09.031+0000][5.454s][info][gc,phases   ] GC(10)   Merge Heap Roots: 0.07ms
[2026-07-01T02:09:09.031+0000][5.454s][info][gc,phases   ] GC(10)   Evacuate Collection Set: 65.75ms
[2026-07-01T02:09:09.031+0000][5.454s][info][gc,phases   ] GC(10)   Post Evacuate Collection Set: 0.51ms
[2026-07-01T02:09:09.031+0000][5.454s][info][gc,phases   ] GC(10)   Other: 0.06ms
[2026-07-01T02:09:09.031+0000][5.454s][info][gc,heap     ] GC(10) Eden regions: 10->0(10)
[2026-07-01T02:09:09.031+0000][5.454s][info][gc,heap     ] GC(10) Survivor regions: 4->2(2)
[2026-07-01T02:09:09.031+0000][5.454s][info][gc,heap     ] GC(10) Old regions: 8->12
[2026-07-01T02:09:09.031+0000][5.454s][info][gc,heap     ] GC(10) Humongous regions: 0->0
[2026-07-01T02:09:09.031+0000][5.454s][info][gc,metaspace] GC(10) Metaspace: 23077K(23680K)->23077K(23680K) NonClass: 20110K(20416K)->20110K(20416K) Class: 2967K(3264K)->2967K(3264K)
[2026-07-01T02:09:09.031+0000][5.454s][info][gc          ] GC(10) Pause Young (Prepare Mixed) (G1 Evacuation Pause) 19M->11M(28M) 66.616ms
[2026-07-01T02:09:09.031+0000][5.454s][info][gc,cpu      ] GC(10) User=0.01s Sys=0.01s Real=0.07s
[2026-07-01T02:09:09.227+0000][5.650s][info][gc,start    ] GC(11) Pause Young (Mixed) (G1 Evacuation Pause)
[2026-07-01T02:09:09.227+0000][5.650s][info][gc,task     ] GC(11) Using 1 workers of 1 for evacuation
[2026-07-01T02:09:09.233+0000][5.656s][info][gc,phases   ] GC(11)   Pre Evacuate Collection Set: 0.09ms
[2026-07-01T02:09:09.233+0000][5.656s][info][gc,phases   ] GC(11)   Merge Heap Roots: 0.06ms
[2026-07-01T02:09:09.233+0000][5.656s][info][gc,phases   ] GC(11)   Evacuate Collection Set: 5.00ms
[2026-07-01T02:09:09.233+0000][5.656s][info][gc,phases   ] GC(11)   Post Evacuate Collection Set: 0.81ms
[2026-07-01T02:09:09.233+0000][5.656s][info][gc,phases   ] GC(11)   Other: 0.06ms
[2026-07-01T02:09:09.233+0000][5.656s][info][gc,heap     ] GC(11) Eden regions: 10->0(10)
[2026-07-01T02:09:09.233+0000][5.656s][info][gc,heap     ] GC(11) Survivor regions: 2->1(2)
[2026-07-01T02:09:09.233+0000][5.656s][info][gc,heap     ] GC(11) Old regions: 12->13
[2026-07-01T02:09:09.233+0000][5.656s][info][gc,heap     ] GC(11) Humongous regions: 0->0
[2026-07-01T02:09:09.233+0000][5.656s][info][gc,metaspace] GC(11) Metaspace: 24155K(24704K)->24155K(24704K) NonClass: 21031K(21312K)->21031K(21312K) Class: 3123K(3392K)->3123K(3392K)
[2026-07-01T02:09:09.233+0000][5.656s][info][gc          ] GC(11) Pause Young (Mixed) (G1 Evacuation Pause) 21M->12M(28M) 6.170ms
[2026-07-01T02:09:09.233+0000][5.656s][info][gc,cpu      ] GC(11) User=0.00s Sys=0.00s Real=0.01s
[2026-07-01T02:09:09.373+0000][5.796s][info][gc,start    ] GC(12) Pause Young (Concurrent Start) (G1 Evacuation Pause)
[2026-07-01T02:09:09.373+0000][5.796s][info][gc,task     ] GC(12) Using 1 workers of 1 for evacuation
[2026-07-01T02:09:09.378+0000][5.801s][info][gc,phases   ] GC(12)   Pre Evacuate Collection Set: 0.10ms
[2026-07-01T02:09:09.378+0000][5.801s][info][gc,phases   ] GC(12)   Merge Heap Roots: 0.40ms
[2026-07-01T02:09:09.378+0000][5.801s][info][gc,phases   ] GC(12)   Evacuate Collection Set: 3.23ms
[2026-07-01T02:09:09.378+0000][5.801s][info][gc,phases   ] GC(12)   Post Evacuate Collection Set: 1.24ms
[2026-07-01T02:09:09.378+0000][5.801s][info][gc,phases   ] GC(12)   Other: 0.10ms
[2026-07-01T02:09:09.378+0000][5.801s][info][gc,heap     ] GC(12) Eden regions: 10->0(25)
[2026-07-01T02:09:09.378+0000][5.801s][info][gc,heap     ] GC(12) Survivor regions: 1->1(2)
[2026-07-01T02:09:09.378+0000][5.801s][info][gc,heap     ] GC(12) Old regions: 13->13
[2026-07-01T02:09:09.378+0000][5.801s][info][gc,heap     ] GC(12) Humongous regions: 0->0
[2026-07-01T02:09:09.378+0000][5.801s][info][gc,metaspace] GC(12) Metaspace: 26332K(26944K)->26332K(26944K) NonClass: 22968K(23296K)->22968K(23296K) Class: 3364K(3648K)->3364K(3648K)
[2026-07-01T02:09:09.378+0000][5.801s][info][gc          ] GC(12) Pause Young (Concurrent Start) (G1 Evacuation Pause) 22M->12M(46M) 5.196ms
[2026-07-01T02:09:09.378+0000][5.801s][info][gc,cpu      ] GC(12) User=0.01s Sys=0.00s Real=0.01s
[2026-07-01T02:09:09.378+0000][5.801s][info][gc          ] GC(13) Concurrent Mark Cycle
[2026-07-01T02:09:09.378+0000][5.801s][info][gc,marking  ] GC(13) Concurrent Scan Root Regions
[2026-07-01T02:09:09.428+0000][5.851s][info][gc,marking  ] GC(13) Concurrent Scan Root Regions 49.302ms
[2026-07-01T02:09:09.428+0000][5.851s][info][gc,marking  ] GC(13) Concurrent Mark
[2026-07-01T02:09:09.428+0000][5.851s][info][gc,marking  ] GC(13) Concurrent Mark From Roots
[2026-07-01T02:09:09.428+0000][5.851s][info][gc,task     ] GC(13) Using 1 workers of 1 for marking
[2026-07-01T02:09:09.451+0000][5.874s][info][gc,marking  ] GC(13) Concurrent Mark From Roots 23.316ms
[2026-07-01T02:09:09.451+0000][5.874s][info][gc,marking  ] GC(13) Concurrent Preclean
[2026-07-01T02:09:09.451+0000][5.874s][info][gc,marking  ] GC(13) Concurrent Preclean 0.061ms
[2026-07-01T02:09:09.451+0000][5.874s][info][gc,start    ] GC(13) Pause Remark
[2026-07-01T02:09:09.457+0000][5.881s][info][gc,heap     ] GC(13) Heap shrink completed: uncommitted 18 regions (18MB), heap size now 28MB
[2026-07-01T02:09:09.457+0000][5.881s][info][gc          ] GC(13) Pause Remark 15M->15M(28M) 6.306ms
[2026-07-01T02:09:09.457+0000][5.881s][info][gc,cpu      ] GC(13) User=0.01s Sys=0.00s Real=0.00s
[2026-07-01T02:09:09.458+0000][5.881s][info][gc,marking  ] GC(13) Concurrent Mark 29.933ms
[2026-07-01T02:09:09.458+0000][5.881s][info][gc,marking  ] GC(13) Concurrent Rebuild Remembered Sets and Scrub Regions
[2026-07-01T02:09:09.530+0000][5.954s][info][gc,marking  ] GC(13) Concurrent Rebuild Remembered Sets and Scrub Regions 72.792ms
[2026-07-01T02:09:09.530+0000][5.954s][info][gc,start    ] GC(13) Pause Cleanup
[2026-07-01T02:09:09.531+0000][5.954s][info][gc          ] GC(13) Pause Cleanup 15M->15M(28M) 0.083ms
[2026-07-01T02:09:09.531+0000][5.954s][info][gc,cpu      ] GC(13) User=0.00s Sys=0.00s Real=0.00s
[2026-07-01T02:09:09.531+0000][5.954s][info][gc,marking  ] GC(13) Concurrent Clear Claimed Marks
[2026-07-01T02:09:09.531+0000][5.954s][info][gc,marking  ] GC(13) Concurrent Clear Claimed Marks 0.053ms
[2026-07-01T02:09:09.531+0000][5.954s][info][gc,marking  ] GC(13) Concurrent Cleanup for Next Mark
[2026-07-01T02:09:09.531+0000][5.954s][info][gc,marking  ] GC(13) Concurrent Cleanup for Next Mark 0.115ms
[2026-07-01T02:09:09.531+0000][5.954s][info][gc          ] GC(13) Concurrent Mark Cycle 152.602ms
[2026-07-01T02:09:09.835+0000][6.258s][info][gc,start    ] GC(14) Pause Young (Prepare Mixed) (G1 Evacuation Pause)
[2026-07-01T02:09:09.835+0000][6.258s][info][gc,task     ] GC(14) Using 1 workers of 1 for evacuation
[2026-07-01T02:09:09.841+0000][6.264s][info][gc,phases   ] GC(14)   Pre Evacuate Collection Set: 0.12ms
[2026-07-01T02:09:09.841+0000][6.264s][info][gc,phases   ] GC(14)   Merge Heap Roots: 0.07ms
[2026-07-01T02:09:09.841+0000][6.264s][info][gc,phases   ] GC(14)   Evacuate Collection Set: 5.42ms
[2026-07-01T02:09:09.841+0000][6.264s][info][gc,phases   ] GC(14)   Post Evacuate Collection Set: 0.45ms
[2026-07-01T02:09:09.841+0000][6.264s][info][gc,phases   ] GC(14)   Other: 0.06ms
[2026-07-01T02:09:09.841+0000][6.264s][info][gc,heap     ] GC(14) Eden regions: 14->0(11)
[2026-07-01T02:09:09.841+0000][6.264s][info][gc,heap     ] GC(14) Survivor regions: 1->2(2)
[2026-07-01T02:09:09.841+0000][6.264s][info][gc,heap     ] GC(14) Old regions: 13->13
[2026-07-01T02:09:09.841+0000][6.264s][info][gc,heap     ] GC(14) Humongous regions: 0->0
[2026-07-01T02:09:09.841+0000][6.264s][info][gc,metaspace] GC(14) Metaspace: 28994K(29632K)->28994K(29632K) NonClass: 25271K(25600K)->25271K(25600K) Class: 3723K(4032K)->3723K(4032K)
[2026-07-01T02:09:09.841+0000][6.264s][info][gc          ] GC(14) Pause Young (Prepare Mixed) (G1 Evacuation Pause) 26M->13M(30M) 6.254ms
[2026-07-01T02:09:09.841+0000][6.264s][info][gc,cpu      ] GC(14) User=0.01s Sys=0.01s Real=0.01s
[2026-07-01T02:09:10.137+0000][6.560s][info][gc,start    ] GC(15) Pause Young (Mixed) (G1 Evacuation Pause)
[2026-07-01T02:09:10.137+0000][6.560s][info][gc,task     ] GC(15) Using 1 workers of 1 for evacuation
[2026-07-01T02:09:10.144+0000][6.567s][info][gc,phases   ] GC(15)   Pre Evacuate Collection Set: 0.07ms
[2026-07-01T02:09:10.144+0000][6.567s][info][gc,phases   ] GC(15)   Merge Heap Roots: 0.06ms
[2026-07-01T02:09:10.144+0000][6.567s][info][gc,phases   ] GC(15)   Evacuate Collection Set: 6.27ms
[2026-07-01T02:09:10.144+0000][6.567s][info][gc,phases   ] GC(15)   Post Evacuate Collection Set: 0.49ms
[2026-07-01T02:09:10.144+0000][6.567s][info][gc,phases   ] GC(15)   Other: 0.05ms
[2026-07-01T02:09:10.144+0000][6.567s][info][gc,heap     ] GC(15) Eden regions: 11->0(11)
[2026-07-01T02:09:10.144+0000][6.567s][info][gc,heap     ] GC(15) Survivor regions: 2->2(2)
[2026-07-01T02:09:10.144+0000][6.567s][info][gc,heap     ] GC(15) Old regions: 13->14
[2026-07-01T02:09:10.144+0000][6.567s][info][gc,heap     ] GC(15) Humongous regions: 0->0
[2026-07-01T02:09:10.144+0000][6.567s][info][gc,metaspace] GC(15) Metaspace: 30696K(31360K)->30696K(31360K) NonClass: 26735K(27136K)->26735K(27136K) Class: 3961K(4224K)->3961K(4224K)
[2026-07-01T02:09:10.144+0000][6.567s][info][gc          ] GC(15) Pause Young (Mixed) (G1 Evacuation Pause) 24M->14M(30M) 7.059ms
[2026-07-01T02:09:10.144+0000][6.567s][info][gc,cpu      ] GC(15) User=0.01s Sys=0.00s Real=0.01s
[2026-07-01T02:09:10.435+0000][6.858s][info][gc,start    ] GC(16) Pause Young (Concurrent Start) (G1 Evacuation Pause)
[2026-07-01T02:09:10.435+0000][6.858s][info][gc,task     ] GC(16) Using 1 workers of 1 for evacuation
[2026-07-01T02:09:10.441+0000][6.864s][info][gc,phases   ] GC(16)   Pre Evacuate Collection Set: 0.10ms
[2026-07-01T02:09:10.441+0000][6.865s][info][gc,phases   ] GC(16)   Merge Heap Roots: 0.06ms
[2026-07-01T02:09:10.441+0000][6.865s][info][gc,phases   ] GC(16)   Evacuate Collection Set: 5.56ms
[2026-07-01T02:09:10.441+0000][6.865s][info][gc,phases   ] GC(16)   Post Evacuate Collection Set: 0.49ms
[2026-07-01T02:09:10.441+0000][6.865s][info][gc,phases   ] GC(16)   Other: 0.09ms
[2026-07-01T02:09:10.441+0000][6.865s][info][gc,heap     ] GC(16) Eden regions: 11->0(10)
[2026-07-01T02:09:10.441+0000][6.865s][info][gc,heap     ] GC(16) Survivor regions: 2->2(2)
[2026-07-01T02:09:10.441+0000][6.865s][info][gc,heap     ] GC(16) Old regions: 14->15
[2026-07-01T02:09:10.441+0000][6.865s][info][gc,heap     ] GC(16) Humongous regions: 0->0
[2026-07-01T02:09:10.441+0000][6.865s][info][gc,metaspace] GC(16) Metaspace: 31853K(32512K)->31853K(32512K) NonClass: 27700K(28032K)->27700K(28032K) Class: 4152K(4480K)->4152K(4480K)
[2026-07-01T02:09:10.441+0000][6.865s][info][gc          ] GC(16) Pause Young (Concurrent Start) (G1 Evacuation Pause) 25M->15M(30M) 6.420ms
[2026-07-01T02:09:10.441+0000][6.865s][info][gc,cpu      ] GC(16) User=0.01s Sys=0.00s Real=0.01s
[2026-07-01T02:09:10.441+0000][6.865s][info][gc          ] GC(17) Concurrent Mark Cycle
[2026-07-01T02:09:10.441+0000][6.865s][info][gc,marking  ] GC(17) Concurrent Scan Root Regions
[2026-07-01T02:09:10.444+0000][6.867s][info][gc,marking  ] GC(17) Concurrent Scan Root Regions 2.373ms
[2026-07-01T02:09:10.444+0000][6.867s][info][gc,marking  ] GC(17) Concurrent Mark
[2026-07-01T02:09:10.444+0000][6.867s][info][gc,marking  ] GC(17) Concurrent Mark From Roots
[2026-07-01T02:09:10.444+0000][6.867s][info][gc,task     ] GC(17) Using 1 workers of 1 for marking
[2026-07-01T02:09:10.458+0000][6.881s][info][gc,marking  ] GC(17) Concurrent Mark From Roots 14.415ms
[2026-07-01T02:09:10.458+0000][6.881s][info][gc,marking  ] GC(17) Concurrent Preclean
[2026-07-01T02:09:10.458+0000][6.881s][info][gc,marking  ] GC(17) Concurrent Preclean 0.034ms
[2026-07-01T02:09:10.458+0000][6.882s][info][gc,start    ] GC(17) Pause Remark
[2026-07-01T02:09:10.464+0000][6.887s][info][gc          ] GC(17) Pause Remark 15M->15M(30M) 5.256ms
[2026-07-01T02:09:10.464+0000][6.887s][info][gc,cpu      ] GC(17) User=0.01s Sys=0.00s Real=0.00s
[2026-07-01T02:09:10.464+0000][6.887s][info][gc,marking  ] GC(17) Concurrent Mark 19.914ms
[2026-07-01T02:09:10.464+0000][6.887s][info][gc,marking  ] GC(17) Concurrent Rebuild Remembered Sets and Scrub Regions
[2026-07-01T02:09:10.528+0000][6.951s][info][gc,marking  ] GC(17) Concurrent Rebuild Remembered Sets and Scrub Regions 63.966ms
[2026-07-01T02:09:10.528+0000][6.951s][info][gc,start    ] GC(17) Pause Cleanup
[2026-07-01T02:09:10.528+0000][6.951s][info][gc          ] GC(17) Pause Cleanup 16M->16M(30M) 0.098ms
[2026-07-01T02:09:10.528+0000][6.951s][info][gc,cpu      ] GC(17) User=0.00s Sys=0.00s Real=0.00s
[2026-07-01T02:09:10.528+0000][6.951s][info][gc,marking  ] GC(17) Concurrent Clear Claimed Marks
[2026-07-01T02:09:10.528+0000][6.951s][info][gc,marking  ] GC(17) Concurrent Clear Claimed Marks 0.057ms
[2026-07-01T02:09:10.528+0000][6.951s][info][gc,marking  ] GC(17) Concurrent Cleanup for Next Mark
[2026-07-01T02:09:10.528+0000][6.951s][info][gc,marking  ] GC(17) Concurrent Cleanup for Next Mark 0.090ms
[2026-07-01T02:09:10.528+0000][6.951s][info][gc          ] GC(17) Concurrent Mark Cycle 86.758ms
[2026-07-01T02:09:10.854+0000][7.278s][info][gc,start    ] GC(18) Pause Young (Prepare Mixed) (G1 Evacuation Pause)
[2026-07-01T02:09:10.855+0000][7.278s][info][gc,task     ] GC(18) Using 1 workers of 1 for evacuation
[2026-07-01T02:09:10.862+0000][7.285s][info][gc,phases   ] GC(18)   Pre Evacuate Collection Set: 0.20ms
[2026-07-01T02:09:10.862+0000][7.285s][info][gc,phases   ] GC(18)   Merge Heap Roots: 0.07ms
[2026-07-01T02:09:10.862+0000][7.285s][info][gc,phases   ] GC(18)   Evacuate Collection Set: 6.39ms
[2026-07-01T02:09:10.862+0000][7.285s][info][gc,phases   ] GC(18)   Post Evacuate Collection Set: 0.46ms
[2026-07-01T02:09:10.862+0000][7.285s][info][gc,phases   ] GC(18)   Other: 0.04ms
[2026-07-01T02:09:10.862+0000][7.285s][info][gc,heap     ] GC(18) Eden regions: 10->0(10)
[2026-07-01T02:09:10.862+0000][7.285s][info][gc,heap     ] GC(18) Survivor regions: 2->2(2)
[2026-07-01T02:09:10.862+0000][7.285s][info][gc,heap     ] GC(18) Old regions: 15->15
[2026-07-01T02:09:10.862+0000][7.285s][info][gc,heap     ] GC(18) Humongous regions: 0->0
[2026-07-01T02:09:10.862+0000][7.285s][info][gc,metaspace] GC(18) Metaspace: 34987K(35712K)->34987K(35712K) NonClass: 30423K(30784K)->30423K(30784K) Class: 4563K(4928K)->4563K(4928K)
[2026-07-01T02:09:10.862+0000][7.285s][info][gc          ] GC(18) Pause Young (Prepare Mixed) (G1 Evacuation Pause) 25M->16M(30M) 7.284ms
[2026-07-01T02:09:10.862+0000][7.285s][info][gc,cpu      ] GC(18) User=0.02s Sys=0.00s Real=0.01s
[2026-07-01T02:09:11.044+0000][7.467s][info][gc,start    ] GC(19) Pause Young (Mixed) (G1 Evacuation Pause)
[2026-07-01T02:09:11.044+0000][7.467s][info][gc,task     ] GC(19) Using 1 workers of 1 for evacuation
[2026-07-01T02:09:11.057+0000][7.480s][info][gc,phases   ] GC(19)   Pre Evacuate Collection Set: 0.22ms
[2026-07-01T02:09:11.057+0000][7.480s][info][gc,phases   ] GC(19)   Merge Heap Roots: 0.06ms
[2026-07-01T02:09:11.057+0000][7.480s][info][gc,phases   ] GC(19)   Evacuate Collection Set: 12.06ms
[2026-07-01T02:09:11.057+0000][7.480s][info][gc,phases   ] GC(19)   Post Evacuate Collection Set: 0.64ms
[2026-07-01T02:09:11.057+0000][7.480s][info][gc,phases   ] GC(19)   Other: 0.05ms
[2026-07-01T02:09:11.057+0000][7.480s][info][gc,heap     ] GC(19) Eden regions: 10->0(6)
[2026-07-01T02:09:11.057+0000][7.480s][info][gc,heap     ] GC(19) Survivor regions: 2->2(2)
[2026-07-01T02:09:11.057+0000][7.480s][info][gc,heap     ] GC(19) Old regions: 15->20
[2026-07-01T02:09:11.057+0000][7.480s][info][gc,heap     ] GC(19) Humongous regions: 0->0
[2026-07-01T02:09:11.057+0000][7.480s][info][gc,metaspace] GC(19) Metaspace: 35409K(36096K)->35409K(36096K) NonClass: 30796K(31168K)->30796K(31168K) Class: 4613K(4928K)->4613K(4928K)
[2026-07-01T02:09:11.057+0000][7.480s][info][gc          ] GC(19) Pause Young (Mixed) (G1 Evacuation Pause) 26M->21M(35M) 13.165ms
[2026-07-01T02:09:11.057+0000][7.480s][info][gc,cpu      ] GC(19) User=0.01s Sys=0.01s Real=0.01s
[2026-07-01T02:09:11.064+0000][7.487s][info][gc,start    ] GC(20) Pause Young (Concurrent Start) (G1 Evacuation Pause)
[2026-07-01T02:09:11.064+0000][7.487s][info][gc,task     ] GC(20) Using 1 workers of 1 for evacuation
[2026-07-01T02:09:11.075+0000][7.498s][info][gc,phases   ] GC(20)   Pre Evacuate Collection Set: 0.10ms
[2026-07-01T02:09:11.075+0000][7.498s][info][gc,phases   ] GC(20)   Merge Heap Roots: 0.07ms
[2026-07-01T02:09:11.075+0000][7.498s][info][gc,phases   ] GC(20)   Evacuate Collection Set: 10.05ms
[2026-07-01T02:09:11.075+0000][7.498s][info][gc,phases   ] GC(20)   Post Evacuate Collection Set: 0.62ms
[2026-07-01T02:09:11.075+0000][7.498s][info][gc,phases   ] GC(20)   Other: 0.07ms
[2026-07-01T02:09:11.075+0000][7.498s][info][gc,heap     ] GC(20) Eden regions: 6->0(7)
[2026-07-01T02:09:11.075+0000][7.498s][info][gc,heap     ] GC(20) Survivor regions: 2->1(1)
[2026-07-01T02:09:11.075+0000][7.498s][info][gc,heap     ] GC(20) Old regions: 20->26
[2026-07-01T02:09:11.075+0000][7.498s][info][gc,heap     ] GC(20) Humongous regions: 0->0
[2026-07-01T02:09:11.075+0000][7.498s][info][gc,metaspace] GC(20) Metaspace: 35410K(36096K)->35410K(36096K) NonClass: 30797K(31168K)->30797K(31168K) Class: 4613K(4928K)->4613K(4928K)
[2026-07-01T02:09:11.075+0000][7.498s][info][gc          ] GC(20) Pause Young (Concurrent Start) (G1 Evacuation Pause) 27M->26M(46M) 11.042ms
[2026-07-01T02:09:11.075+0000][7.498s][info][gc,cpu      ] GC(20) User=0.01s Sys=0.00s Real=0.01s
[2026-07-01T02:09:11.075+0000][7.498s][info][gc          ] GC(21) Concurrent Mark Cycle
[2026-07-01T02:09:11.075+0000][7.498s][info][gc,marking  ] GC(21) Concurrent Scan Root Regions
[2026-07-01T02:09:11.129+0000][7.552s][info][gc,start    ] GC(22) Pause Young (Normal) (G1 Evacuation Pause)
[2026-07-01T02:09:11.129+0000][7.552s][info][gc,task     ] GC(22) Using 1 workers of 1 for evacuation
[2026-07-01T02:09:11.130+0000][7.553s][info][gc,marking  ] GC(21) Concurrent Scan Root Regions 54.876ms
[2026-07-01T02:09:11.130+0000][7.553s][info][gc,marking  ] GC(21) Concurrent Mark
[2026-07-01T02:09:11.130+0000][7.553s][info][gc,marking  ] GC(21) Concurrent Mark From Roots
[2026-07-01T02:09:11.130+0000][7.553s][info][gc,task     ] GC(21) Using 1 workers of 1 for marking
[2026-07-01T02:09:11.138+0000][7.562s][info][gc,phases   ] GC(22)   Pre Evacuate Collection Set: 0.09ms
[2026-07-01T02:09:11.138+0000][7.562s][info][gc,phases   ] GC(22)   Merge Heap Roots: 0.04ms
[2026-07-01T02:09:11.138+0000][7.562s][info][gc,phases   ] GC(22)   Evacuate Collection Set: 7.96ms
[2026-07-01T02:09:11.138+0000][7.562s][info][gc,phases   ] GC(22)   Post Evacuate Collection Set: 0.34ms
[2026-07-01T02:09:11.138+0000][7.562s][info][gc,phases   ] GC(22)   Other: 0.05ms
[2026-07-01T02:09:11.138+0000][7.562s][info][gc,heap     ] GC(22) Eden regions: 7->0(4)
[2026-07-01T02:09:11.138+0000][7.562s][info][gc,heap     ] GC(22) Survivor regions: 1->1(1)
[2026-07-01T02:09:11.138+0000][7.562s][info][gc,heap     ] GC(22) Old regions: 26->32
[2026-07-01T02:09:11.138+0000][7.562s][info][gc,heap     ] GC(22) Humongous regions: 0->0
[2026-07-01T02:09:11.138+0000][7.562s][info][gc,metaspace] GC(22) Metaspace: 35411K(36096K)->35411K(36096K) NonClass: 30798K(31168K)->30798K(31168K) Class: 4613K(4928K)->4613K(4928K)
[2026-07-01T02:09:11.138+0000][7.562s][info][gc          ] GC(22) Pause Young (Normal) (G1 Evacuation Pause) 33M->32M(46M) 9.364ms
[2026-07-01T02:09:11.138+0000][7.562s][info][gc,cpu      ] GC(22) User=0.01s Sys=0.00s Real=0.01s
[2026-07-01T02:09:11.146+0000][7.569s][info][gc,start    ] GC(23) Pause Young (Normal) (G1 Evacuation Pause)
[2026-07-01T02:09:11.146+0000][7.569s][info][gc,task     ] GC(23) Using 1 workers of 1 for evacuation
[2026-07-01T02:09:11.152+0000][7.575s][info][gc,phases   ] GC(23)   Pre Evacuate Collection Set: 0.08ms
[2026-07-01T02:09:11.152+0000][7.575s][info][gc,phases   ] GC(23)   Merge Heap Roots: 0.04ms
[2026-07-01T02:09:11.152+0000][7.575s][info][gc,phases   ] GC(23)   Evacuate Collection Set: 5.45ms
[2026-07-01T02:09:11.152+0000][7.575s][info][gc,phases   ] GC(23)   Post Evacuate Collection Set: 0.32ms
[2026-07-01T02:09:11.152+0000][7.575s][info][gc,phases   ] GC(23)   Other: 0.06ms
[2026-07-01T02:09:11.152+0000][7.575s][info][gc,heap     ] GC(23) Eden regions: 4->0(3)
[2026-07-01T02:09:11.152+0000][7.575s][info][gc,heap     ] GC(23) Survivor regions: 1->1(1)
[2026-07-01T02:09:11.152+0000][7.575s][info][gc,heap     ] GC(23) Old regions: 32->35
[2026-07-01T02:09:11.152+0000][7.575s][info][gc,heap     ] GC(23) Humongous regions: 0->0
[2026-07-01T02:09:11.152+0000][7.575s][info][gc,metaspace] GC(23) Metaspace: 35414K(36160K)->35414K(36160K) NonClass: 30801K(31232K)->30801K(31232K) Class: 4613K(4928K)->4613K(4928K)
[2026-07-01T02:09:11.152+0000][7.575s][info][gc          ] GC(23) Pause Young (Normal) (G1 Evacuation Pause) 36M->36M(46M) 6.073ms
[2026-07-01T02:09:11.152+0000][7.575s][info][gc,cpu      ] GC(23) User=0.01s Sys=0.00s Real=0.01s
[2026-07-01T02:09:11.161+0000][7.584s][info][gc,start    ] GC(24) Pause Young (Normal) (G1 Evacuation Pause)
[2026-07-01T02:09:11.161+0000][7.584s][info][gc,task     ] GC(24) Using 1 workers of 1 for evacuation
[2026-07-01T02:09:11.166+0000][7.590s][info][gc,phases   ] GC(24)   Pre Evacuate Collection Set: 0.08ms
[2026-07-01T02:09:11.166+0000][7.590s][info][gc,phases   ] GC(24)   Merge Heap Roots: 0.04ms
[2026-07-01T02:09:11.166+0000][7.590s][info][gc,phases   ] GC(24)   Evacuate Collection Set: 4.68ms
[2026-07-01T02:09:11.166+0000][7.590s][info][gc,phases   ] GC(24)   Post Evacuate Collection Set: 0.30ms
[2026-07-01T02:09:11.166+0000][7.590s][info][gc,phases   ] GC(24)   Other: 0.05ms
[2026-07-01T02:09:11.166+0000][7.590s][info][gc,heap     ] GC(24) Eden regions: 3->0(1)
[2026-07-01T02:09:11.166+0000][7.590s][info][gc,heap     ] GC(24) Survivor regions: 1->1(1)
[2026-07-01T02:09:11.166+0000][7.590s][info][gc,heap     ] GC(24) Old regions: 35->38
[2026-07-01T02:09:11.166+0000][7.590s][info][gc,heap     ] GC(24) Humongous regions: 1->1
[2026-07-01T02:09:11.166+0000][7.590s][info][gc,metaspace] GC(24) Metaspace: 35416K(36160K)->35416K(36160K) NonClass: 30802K(31232K)->30802K(31232K) Class: 4613K(4928K)->4613K(4928K)
[2026-07-01T02:09:11.166+0000][7.590s][info][gc          ] GC(24) Pause Young (Normal) (G1 Evacuation Pause) 40M->39M(46M) 5.263ms
[2026-07-01T02:09:11.166+0000][7.590s][info][gc,cpu      ] GC(24) User=0.00s Sys=0.00s Real=0.00s
[2026-07-01T02:09:11.168+0000][7.592s][info][gc,start    ] GC(25) Pause Young (Normal) (G1 Evacuation Pause)
[2026-07-01T02:09:11.168+0000][7.592s][info][gc,task     ] GC(25) Using 1 workers of 1 for evacuation
[2026-07-01T02:09:11.172+0000][7.596s][info][gc,phases   ] GC(25)   Pre Evacuate Collection Set: 0.07ms
[2026-07-01T02:09:11.172+0000][7.596s][info][gc,phases   ] GC(25)   Merge Heap Roots: 0.03ms
[2026-07-01T02:09:11.172+0000][7.596s][info][gc,phases   ] GC(25)   Evacuate Collection Set: 2.74ms
[2026-07-01T02:09:11.172+0000][7.596s][info][gc,phases   ] GC(25)   Post Evacuate Collection Set: 1.14ms
[2026-07-01T02:09:11.172+0000][7.596s][info][gc,phases   ] GC(25)   Other: 0.03ms
[2026-07-01T02:09:11.172+0000][7.596s][info][gc,heap     ] GC(25) Eden regions: 1->0(46)
[2026-07-01T02:09:11.172+0000][7.596s][info][gc,heap     ] GC(25) Survivor regions: 1->1(1)
[2026-07-01T02:09:11.172+0000][7.596s][info][gc,heap     ] GC(25) Old regions: 38->39
[2026-07-01T02:09:11.172+0000][7.596s][info][gc,heap     ] GC(25) Humongous regions: 1->1
[2026-07-01T02:09:11.172+0000][7.596s][info][gc,metaspace] GC(25) Metaspace: 35416K(36160K)->35416K(36160K) NonClass: 30802K(31232K)->30802K(31232K) Class: 4613K(4928K)->4613K(4928K)
[2026-07-01T02:09:11.172+0000][7.596s][info][gc          ] GC(25) Pause Young (Normal) (G1 Evacuation Pause) 40M->40M(138M) 4.131ms
[2026-07-01T02:09:11.172+0000][7.596s][info][gc,cpu      ] GC(25) User=0.00s Sys=0.00s Real=0.00s
[2026-07-01T02:09:11.241+0000][7.665s][info][gc,marking  ] GC(21) Concurrent Mark From Roots 111.471ms
[2026-07-01T02:09:11.241+0000][7.665s][info][gc,marking  ] GC(21) Concurrent Preclean
[2026-07-01T02:09:11.241+0000][7.665s][info][gc,marking  ] GC(21) Concurrent Preclean 0.059ms
[2026-07-01T02:09:11.242+0000][7.665s][info][gc,start    ] GC(21) Pause Remark
[2026-07-01T02:09:11.248+0000][7.671s][info][gc,heap     ] GC(21) Heap shrink completed: uncommitted 56 regions (56MB), heap size now 82MB
[2026-07-01T02:09:11.248+0000][7.671s][info][gc          ] GC(21) Pause Remark 51M->51M(82M) 6.138ms
[2026-07-01T02:09:11.248+0000][7.671s][info][gc,cpu      ] GC(21) User=0.01s Sys=0.00s Real=0.00s
[2026-07-01T02:09:11.248+0000][7.671s][info][gc,marking  ] GC(21) Concurrent Mark 118.240ms
[2026-07-01T02:09:11.248+0000][7.671s][info][gc,marking  ] GC(21) Concurrent Rebuild Remembered Sets and Scrub Regions
[2026-07-01T02:09:11.329+0000][7.752s][info][gc,marking  ] GC(21) Concurrent Rebuild Remembered Sets and Scrub Regions 80.610ms
[2026-07-01T02:09:11.329+0000][7.752s][info][gc,start    ] GC(21) Pause Cleanup
[2026-07-01T02:09:11.329+0000][7.752s][info][gc          ] GC(21) Pause Cleanup 66M->66M(82M) 0.135ms
[2026-07-01T02:09:11.329+0000][7.752s][info][gc,cpu      ] GC(21) User=0.00s Sys=0.00s Real=0.00s
[2026-07-01T02:09:11.329+0000][7.752s][info][gc,marking  ] GC(21) Concurrent Clear Claimed Marks
[2026-07-01T02:09:11.329+0000][7.752s][info][gc,marking  ] GC(21) Concurrent Clear Claimed Marks 0.070ms
[2026-07-01T02:09:11.329+0000][7.752s][info][gc,marking  ] GC(21) Concurrent Cleanup for Next Mark
[2026-07-01T02:09:11.330+0000][7.754s][info][gc,marking  ] GC(21) Concurrent Cleanup for Next Mark 1.256ms
[2026-07-01T02:09:11.330+0000][7.754s][info][gc          ] GC(21) Concurrent Mark Cycle 255.517ms
[2026-07-01T02:09:11.342+0000][7.765s][info][gc,start    ] GC(26) Pause Young (Prepare Mixed) (G1 Evacuation Pause)
[2026-07-01T02:09:11.342+0000][7.765s][info][gc,task     ] GC(26) Using 1 workers of 1 for evacuation
[2026-07-01T02:09:11.387+0000][7.811s][info][gc,phases   ] GC(26)   Pre Evacuate Collection Set: 0.12ms
[2026-07-01T02:09:11.387+0000][7.811s][info][gc,phases   ] GC(26)   Merge Heap Roots: 0.08ms
[2026-07-01T02:09:11.387+0000][7.811s][info][gc,phases   ] GC(26)   Evacuate Collection Set: 44.37ms
[2026-07-01T02:09:11.387+0000][7.811s][info][gc,phases   ] GC(26)   Post Evacuate Collection Set: 0.41ms
[2026-07-01T02:09:11.387+0000][7.811s][info][gc,phases   ] GC(26)   Other: 0.04ms
[2026-07-01T02:09:11.387+0000][7.811s][info][gc,heap     ] GC(26) Eden regions: 39->0(15)
[2026-07-01T02:09:11.387+0000][7.811s][info][gc,heap     ] GC(26) Survivor regions: 1->6(6)
[2026-07-01T02:09:11.387+0000][7.811s][info][gc,heap     ] GC(26) Old regions: 39->65
[2026-07-01T02:09:11.387+0000][7.811s][info][gc,heap     ] GC(26) Humongous regions: 3->3
[2026-07-01T02:09:11.387+0000][7.811s][info][gc,metaspace] GC(26) Metaspace: 35424K(36160K)->35424K(36160K) NonClass: 30811K(31232K)->30811K(31232K) Class: 4613K(4928K)->4613K(4928K)
[2026-07-01T02:09:11.387+0000][7.811s][info][gc          ] GC(26) Pause Young (Prepare Mixed) (G1 Evacuation Pause) 81M->73M(114M) 45.135ms
[2026-07-01T02:09:11.387+0000][7.811s][info][gc,cpu      ] GC(26) User=0.04s Sys=0.01s Real=0.04s
[2026-07-01T02:09:11.397+0000][7.820s][info][gc,start    ] GC(27) Pause Young (Mixed) (G1 Evacuation Pause)
[2026-07-01T02:09:11.397+0000][7.820s][info][gc,task     ] GC(27) Using 1 workers of 1 for evacuation
[2026-07-01T02:09:11.434+0000][7.858s][info][gc,phases   ] GC(27)   Pre Evacuate Collection Set: 0.09ms
[2026-07-01T02:09:11.434+0000][7.858s][info][gc,phases   ] GC(27)   Merge Heap Roots: 0.04ms
[2026-07-01T02:09:11.434+0000][7.858s][info][gc,phases   ] GC(27)   Evacuate Collection Set: 36.75ms
[2026-07-01T02:09:11.434+0000][7.858s][info][gc,phases   ] GC(27)   Post Evacuate Collection Set: 0.36ms
[2026-07-01T02:09:11.434+0000][7.858s][info][gc,phases   ] GC(27)   Other: 0.05ms
[2026-07-01T02:09:11.434+0000][7.858s][info][gc,heap     ] GC(27) Eden regions: 15->0(9)
[2026-07-01T02:09:11.434+0000][7.858s][info][gc,heap     ] GC(27) Survivor regions: 6->3(3)
[2026-07-01T02:09:11.434+0000][7.858s][info][gc,heap     ] GC(27) Old regions: 65->80
[2026-07-01T02:09:11.434+0000][7.858s][info][gc,heap     ] GC(27) Humongous regions: 3->3
[2026-07-01T02:09:11.434+0000][7.858s][info][gc,metaspace] GC(27) Metaspace: 35424K(36160K)->35424K(36160K) NonClass: 30811K(31232K)->30811K(31232K) Class: 4613K(4928K)->4613K(4928K)
[2026-07-01T02:09:11.435+0000][7.858s][info][gc          ] GC(27) Pause Young (Mixed) (G1 Evacuation Pause) 88M->86M(114M) 37.424ms
[2026-07-01T02:09:11.435+0000][7.858s][info][gc,cpu      ] GC(27) User=0.02s Sys=0.00s Real=0.04s
[2026-07-01T02:09:11.440+0000][7.864s][info][gc,start    ] GC(28) Pause Young (Concurrent Start) (G1 Evacuation Pause)
[2026-07-01T02:09:11.440+0000][7.864s][info][gc,task     ] GC(28) Using 1 workers of 1 for evacuation
[2026-07-01T02:09:11.451+0000][7.874s][info][gc,phases   ] GC(28)   Pre Evacuate Collection Set: 0.10ms
[2026-07-01T02:09:11.451+0000][7.874s][info][gc,phases   ] GC(28)   Merge Heap Roots: 0.03ms
[2026-07-01T02:09:11.451+0000][7.874s][info][gc,phases   ] GC(28)   Evacuate Collection Set: 10.17ms
[2026-07-01T02:09:11.451+0000][7.874s][info][gc,phases   ] GC(28)   Post Evacuate Collection Set: 0.35ms
[2026-07-01T02:09:11.451+0000][7.874s][info][gc,phases   ] GC(28)   Other: 0.06ms
[2026-07-01T02:09:11.451+0000][7.874s][info][gc,heap     ] GC(28) Eden regions: 9->0(6)
[2026-07-01T02:09:11.451+0000][7.874s][info][gc,heap     ] GC(28) Survivor regions: 3->2(2)
[2026-07-01T02:09:11.451+0000][7.874s][info][gc,heap     ] GC(28) Old regions: 80->89
[2026-07-01T02:09:11.451+0000][7.874s][info][gc,heap     ] GC(28) Humongous regions: 3->3
[2026-07-01T02:09:11.451+0000][7.874s][info][gc,metaspace] GC(28) Metaspace: 35427K(36224K)->35427K(36224K) NonClass: 30814K(31296K)->30814K(31296K) Class: 4613K(4928K)->4613K(4928K)
[2026-07-01T02:09:11.451+0000][7.874s][info][gc          ] GC(28) Pause Young (Concurrent Start) (G1 Evacuation Pause) 95M->93M(114M) 10.820ms
[2026-07-01T02:09:11.451+0000][7.874s][info][gc,cpu      ] GC(28) User=0.01s Sys=0.00s Real=0.01s
[2026-07-01T02:09:11.451+0000][7.875s][info][gc          ] GC(29) Concurrent Mark Cycle
[2026-07-01T02:09:11.451+0000][7.875s][info][gc,marking  ] GC(29) Concurrent Scan Root Regions
[2026-07-01T02:09:11.456+0000][7.879s][info][gc,start    ] GC(30) Pause Young (Normal) (G1 Evacuation Pause)
[2026-07-01T02:09:11.456+0000][7.879s][info][gc,marking  ] GC(29) Concurrent Scan Root Regions 4.282ms
[2026-07-01T02:09:11.456+0000][7.879s][info][gc,marking  ] GC(29) Concurrent Mark
[2026-07-01T02:09:11.456+0000][7.879s][info][gc,marking  ] GC(29) Concurrent Mark From Roots
[2026-07-01T02:09:11.456+0000][7.879s][info][gc,task     ] GC(30) Using 1 workers of 1 for evacuation
[2026-07-01T02:09:11.456+0000][7.879s][info][gc,task     ] GC(29) Using 1 workers of 1 for marking
[2026-07-01T02:09:11.462+0000][7.886s][info][gc,phases   ] GC(30)   Pre Evacuate Collection Set: 0.08ms
[2026-07-01T02:09:11.462+0000][7.886s][info][gc,phases   ] GC(30)   Merge Heap Roots: 0.03ms
[2026-07-01T02:09:11.462+0000][7.886s][info][gc,phases   ] GC(30)   Evacuate Collection Set: 6.30ms
[2026-07-01T02:09:11.462+0000][7.886s][info][gc,phases   ] GC(30)   Post Evacuate Collection Set: 0.30ms
[2026-07-01T02:09:11.462+0000][7.886s][info][gc,phases   ] GC(30)   Other: 0.05ms
[2026-07-01T02:09:11.462+0000][7.886s][info][gc,heap     ] GC(30) Eden regions: 6->0(4)
[2026-07-01T02:09:11.462+0000][7.886s][info][gc,heap     ] GC(30) Survivor regions: 2->1(1)
[2026-07-01T02:09:11.462+0000][7.886s][info][gc,heap     ] GC(30) Old regions: 89->95
[2026-07-01T02:09:11.462+0000][7.886s][info][gc,heap     ] GC(30) Humongous regions: 3->3
[2026-07-01T02:09:11.462+0000][7.886s][info][gc,metaspace] GC(30) Metaspace: 35431K(36224K)->35431K(36224K) NonClass: 30818K(31296K)->30818K(31296K) Class: 4613K(4928K)->4613K(4928K)
[2026-07-01T02:09:11.462+0000][7.886s][info][gc          ] GC(30) Pause Young (Normal) (G1 Evacuation Pause) 99M->98M(114M) 6.887ms
[2026-07-01T02:09:11.462+0000][7.886s][info][gc,cpu      ] GC(30) User=0.01s Sys=0.00s Real=0.01s
[2026-07-01T02:09:11.465+0000][7.888s][info][gc,start    ] GC(31) Pause Young (Normal) (G1 Evacuation Pause)
[2026-07-01T02:09:11.465+0000][7.888s][info][gc,task     ] GC(31) Using 1 workers of 1 for evacuation
[2026-07-01T02:09:11.471+0000][7.894s][info][gc,phases   ] GC(31)   Pre Evacuate Collection Set: 0.08ms
[2026-07-01T02:09:11.471+0000][7.894s][info][gc,phases   ] GC(31)   Merge Heap Roots: 0.03ms
[2026-07-01T02:09:11.471+0000][7.894s][info][gc,phases   ] GC(31)   Evacuate Collection Set: 3.95ms
[2026-07-01T02:09:11.471+0000][7.894s][info][gc,phases   ] GC(31)   Post Evacuate Collection Set: 1.78ms
[2026-07-01T02:09:11.471+0000][7.894s][info][gc,phases   ] GC(31)   Other: 0.03ms
[2026-07-01T02:09:11.471+0000][7.894s][info][gc,heap     ] GC(31) Eden regions: 4->0(78)
[2026-07-01T02:09:11.471+0000][7.894s][info][gc,heap     ] GC(31) Survivor regions: 1->1(1)
[2026-07-01T02:09:11.471+0000][7.894s][info][gc,heap     ] GC(31) Old regions: 95->98
[2026-07-01T02:09:11.471+0000][7.894s][info][gc,heap     ] GC(31) Humongous regions: 3->3
[2026-07-01T02:09:11.471+0000][7.894s][info][gc,metaspace] GC(31) Metaspace: 35431K(36224K)->35431K(36224K) NonClass: 30818K(31296K)->30818K(31296K) Class: 4613K(4928K)->4613K(4928K)
[2026-07-01T02:09:11.471+0000][7.894s][info][gc          ] GC(31) Pause Young (Normal) (G1 Evacuation Pause) 102M->102M(342M) 5.948ms
[2026-07-01T02:09:11.471+0000][7.894s][info][gc,cpu      ] GC(31) User=0.01s Sys=0.01s Real=0.01s
[2026-07-01T02:09:11.656+0000][8.079s][info][gc,marking  ] GC(29) Concurrent Mark From Roots 200.560ms
[2026-07-01T02:09:11.656+0000][8.079s][info][gc,marking  ] GC(29) Concurrent Preclean
[2026-07-01T02:09:11.656+0000][8.080s][info][gc,marking  ] GC(29) Concurrent Preclean 0.109ms
[2026-07-01T02:09:11.656+0000][8.080s][info][gc,start    ] GC(29) Pause Remark
[2026-07-01T02:09:11.662+0000][8.085s][info][gc,heap     ] GC(29) Heap shrink completed: uncommitted 134 regions (134MB), heap size now 208MB
[2026-07-01T02:09:11.662+0000][8.085s][info][gc          ] GC(29) Pause Remark 160M->159M(208M) 5.559ms
[2026-07-01T02:09:11.662+0000][8.085s][info][gc,cpu      ] GC(29) User=0.01s Sys=0.00s Real=0.01s
[2026-07-01T02:09:11.726+0000][8.150s][info][gc,marking  ] GC(29) Concurrent Mark 270.740ms
[2026-07-01T02:09:11.726+0000][8.150s][info][gc,marking  ] GC(29) Concurrent Rebuild Remembered Sets and Scrub Regions
[2026-07-01T02:09:11.930+0000][8.354s][info][gc,marking  ] GC(29) Concurrent Rebuild Remembered Sets and Scrub Regions 203.898ms
[2026-07-01T02:09:11.930+0000][8.354s][info][gc,start    ] GC(29) Pause Cleanup
[2026-07-01T02:09:11.931+0000][8.354s][info][gc          ] GC(29) Pause Cleanup 165M->165M(208M) 0.160ms
[2026-07-01T02:09:11.931+0000][8.354s][info][gc,cpu      ] GC(29) User=0.00s Sys=0.00s Real=0.00s
[2026-07-01T02:09:11.931+0000][8.354s][info][gc,marking  ] GC(29) Concurrent Clear Claimed Marks
[2026-07-01T02:09:11.931+0000][8.355s][info][gc,marking  ] GC(29) Concurrent Clear Claimed Marks 0.074ms
[2026-07-01T02:09:11.931+0000][8.355s][info][gc,marking  ] GC(29) Concurrent Cleanup for Next Mark
[2026-07-01T02:09:11.932+0000][8.356s][info][gc,marking  ] GC(29) Concurrent Cleanup for Next Mark 0.976ms
[2026-07-01T02:09:11.932+0000][8.356s][info][gc          ] GC(29) Concurrent Mark Cycle 480.991ms
[2026-07-01T02:09:12.227+0000][8.650s][info][gc,start    ] GC(32) Pause Young (Prepare Mixed) (G1 Evacuation Pause)
[2026-07-01T02:09:12.227+0000][8.650s][info][gc,task     ] GC(32) Using 1 workers of 1 for evacuation
[2026-07-01T02:09:12.296+0000][8.719s][info][gc,phases   ] GC(32)   Pre Evacuate Collection Set: 0.12ms
[2026-07-01T02:09:12.296+0000][8.719s][info][gc,phases   ] GC(32)   Merge Heap Roots: 0.13ms
[2026-07-01T02:09:12.296+0000][8.719s][info][gc,phases   ] GC(32)   Evacuate Collection Set: 68.11ms
[2026-07-01T02:09:12.296+0000][8.719s][info][gc,phases   ] GC(32)   Post Evacuate Collection Set: 0.58ms
[2026-07-01T02:09:12.296+0000][8.719s][info][gc,phases   ] GC(32)   Other: 0.07ms
[2026-07-01T02:09:12.296+0000][8.719s][info][gc,heap     ] GC(32) Eden regions: 78->0(30)
[2026-07-01T02:09:12.296+0000][8.719s][info][gc,heap     ] GC(32) Survivor regions: 1->10(10)
[2026-07-01T02:09:12.296+0000][8.719s][info][gc,heap     ] GC(32) Old regions: 98->138
[2026-07-01T02:09:12.296+0000][8.719s][info][gc,heap     ] GC(32) Humongous regions: 5->5
[2026-07-01T02:09:12.296+0000][8.719s][info][gc,metaspace] GC(32) Metaspace: 38469K(39232K)->38469K(39232K) NonClass: 33443K(33856K)->33443K(33856K) Class: 5026K(5376K)->5026K(5376K)
[2026-07-01T02:09:12.296+0000][8.719s][info][gc          ] GC(32) Pause Young (Prepare Mixed) (G1 Evacuation Pause) 181M->152M(232M) 69.148ms
[2026-07-01T02:09:12.296+0000][8.719s][info][gc,cpu      ] GC(32) User=0.06s Sys=0.02s Real=0.07s
[2026-07-01T02:09:13.542+0000][9.965s][info][gc,start    ] GC(33) Pause Young (Mixed) (G1 Evacuation Pause)
[2026-07-01T02:09:13.542+0000][9.965s][info][gc,task     ] GC(33) Using 1 workers of 1 for evacuation
[2026-07-01T02:09:13.560+0000][9.983s][info][gc,phases   ] GC(33)   Pre Evacuate Collection Set: 0.58ms
[2026-07-01T02:09:13.560+0000][9.983s][info][gc,phases   ] GC(33)   Merge Heap Roots: 0.09ms
[2026-07-01T02:09:13.560+0000][9.983s][info][gc,phases   ] GC(33)   Evacuate Collection Set: 16.37ms
[2026-07-01T02:09:13.560+0000][9.983s][info][gc,phases   ] GC(33)   Post Evacuate Collection Set: 0.78ms
[2026-07-01T02:09:13.560+0000][9.983s][info][gc,phases   ] GC(33)   Other: 0.05ms
[2026-07-01T02:09:13.560+0000][9.983s][info][gc,heap     ] GC(33) Eden regions: 30->0(30)
[2026-07-01T02:09:13.560+0000][9.983s][info][gc,heap     ] GC(33) Survivor regions: 10->5(5)
[2026-07-01T02:09:13.560+0000][9.983s][info][gc,heap     ] GC(33) Old regions: 138->149
[2026-07-01T02:09:13.560+0000][9.983s][info][gc,heap     ] GC(33) Humongous regions: 5->5
[2026-07-01T02:09:13.560+0000][9.983s][info][gc,metaspace] GC(33) Metaspace: 39317K(40192K)->39317K(40192K) NonClass: 34195K(34688K)->34195K(34688K) Class: 5122K(5504K)->5122K(5504K)
[2026-07-01T02:09:13.560+0000][9.983s][info][gc          ] GC(33) Pause Young (Mixed) (G1 Evacuation Pause) 182M->159M(232M) 17.997ms
[2026-07-01T02:09:13.560+0000][9.983s][info][gc,cpu      ] GC(33) User=0.02s Sys=0.00s Real=0.02s
[2026-07-01T02:09:15.731+0000][12.154s][info][gc,start    ] GC(34) Pause Young (Concurrent Start) (G1 Evacuation Pause)
[2026-07-01T02:09:15.731+0000][12.154s][info][gc,task     ] GC(34) Using 1 workers of 1 for evacuation
[2026-07-01T02:09:15.737+0000][12.161s][info][gc,phases   ] GC(34)   Pre Evacuate Collection Set: 0.18ms
[2026-07-01T02:09:15.737+0000][12.161s][info][gc,phases   ] GC(34)   Merge Heap Roots: 0.10ms
[2026-07-01T02:09:15.737+0000][12.161s][info][gc,phases   ] GC(34)   Evacuate Collection Set: 5.76ms
[2026-07-01T02:09:15.737+0000][12.161s][info][gc,phases   ] GC(34)   Post Evacuate Collection Set: 0.32ms
[2026-07-01T02:09:15.737+0000][12.161s][info][gc,phases   ] GC(34)   Other: 0.07ms
[2026-07-01T02:09:15.737+0000][12.161s][info][gc,heap     ] GC(34) Eden regions: 30->0(33)
[2026-07-01T02:09:15.737+0000][12.161s][info][gc,heap     ] GC(34) Survivor regions: 5->1(5)
[2026-07-01T02:09:15.737+0000][12.161s][info][gc,heap     ] GC(34) Old regions: 149->154
[2026-07-01T02:09:15.737+0000][12.161s][info][gc,heap     ] GC(34) Humongous regions: 5->5
[2026-07-01T02:09:15.737+0000][12.161s][info][gc,metaspace] GC(34) Metaspace: 39794K(40640K)->39794K(40640K) NonClass: 34668K(35136K)->34668K(35136K) Class: 5126K(5504K)->5126K(5504K)
[2026-07-01T02:09:15.737+0000][12.161s][info][gc          ] GC(34) Pause Young (Concurrent Start) (G1 Evacuation Pause) 189M->159M(232M) 6.594ms
[2026-07-01T02:09:15.737+0000][12.161s][info][gc          ] GC(35) Concurrent Mark Cycle
[2026-07-01T02:09:15.738+0000][12.161s][info][gc,marking  ] GC(35) Concurrent Scan Root Regions
[2026-07-01T02:09:15.737+0000][12.161s][info][gc,cpu      ] GC(34) User=0.01s Sys=0.00s Real=0.00s
[2026-07-01T02:09:15.828+0000][12.251s][info][gc,marking  ] GC(35) Concurrent Scan Root Regions 90.476ms
[2026-07-01T02:09:15.828+0000][12.251s][info][gc,marking  ] GC(35) Concurrent Mark
[2026-07-01T02:09:15.828+0000][12.251s][info][gc,marking  ] GC(35) Concurrent Mark From Roots
[2026-07-01T02:09:15.828+0000][12.251s][info][gc,task     ] GC(35) Using 1 workers of 1 for marking
[2026-07-01T02:09:17.853+0000][14.276s][info][gc,start    ] GC(36) Pause Young (Normal) (G1 Evacuation Pause)
[2026-07-01T02:09:17.853+0000][14.276s][info][gc,task     ] GC(36) Using 1 workers of 1 for evacuation
[2026-07-01T02:09:17.858+0000][14.282s][info][gc,phases   ] GC(36)   Pre Evacuate Collection Set: 0.55ms
[2026-07-01T02:09:17.858+0000][14.282s][info][gc,phases   ] GC(36)   Merge Heap Roots: 0.10ms
[2026-07-01T02:09:17.858+0000][14.282s][info][gc,phases   ] GC(36)   Evacuate Collection Set: 4.23ms
[2026-07-01T02:09:17.858+0000][14.282s][info][gc,phases   ] GC(36)   Post Evacuate Collection Set: 0.42ms
[2026-07-01T02:09:17.858+0000][14.282s][info][gc,phases   ] GC(36)   Other: 0.06ms
[2026-07-01T02:09:17.858+0000][14.282s][info][gc,heap     ] GC(36) Eden regions: 33->0(36)
[2026-07-01T02:09:17.858+0000][14.282s][info][gc,heap     ] GC(36) Survivor regions: 1->1(5)
[2026-07-01T02:09:17.858+0000][14.282s][info][gc,heap     ] GC(36) Old regions: 154->154
[2026-07-01T02:09:17.858+0000][14.282s][info][gc,heap     ] GC(36) Humongous regions: 5->5
[2026-07-01T02:09:17.858+0000][14.282s][info][gc,metaspace] GC(36) Metaspace: 40381K(41216K)->40381K(41216K) NonClass: 35255K(35712K)->35255K(35712K) Class: 5126K(5504K)->5126K(5504K)
[2026-07-01T02:09:17.858+0000][14.282s][info][gc          ] GC(36) Pause Young (Normal) (G1 Evacuation Pause) 192M->159M(232M) 5.503ms
[2026-07-01T02:09:17.858+0000][14.282s][info][gc,cpu      ] GC(36) User=0.01s Sys=0.00s Real=0.01s
[2026-07-01T02:09:20.152+0000][16.575s][info][gc,start    ] GC(37) Pause Young (Normal) (G1 Evacuation Pause)
[2026-07-01T02:09:20.152+0000][16.576s][info][gc,task     ] GC(37) Using 1 workers of 1 for evacuation
[2026-07-01T02:09:20.157+0000][16.581s][info][gc,phases   ] GC(37)   Pre Evacuate Collection Set: 0.15ms
[2026-07-01T02:09:20.158+0000][16.581s][info][gc,phases   ] GC(37)   Merge Heap Roots: 0.12ms
[2026-07-01T02:09:20.158+0000][16.581s][info][gc,phases   ] GC(37)   Evacuate Collection Set: 4.43ms
[2026-07-01T02:09:20.158+0000][16.581s][info][gc,phases   ] GC(37)   Post Evacuate Collection Set: 0.49ms
[2026-07-01T02:09:20.158+0000][16.581s][info][gc,phases   ] GC(37)   Other: 0.06ms
[2026-07-01T02:09:20.158+0000][16.581s][info][gc,heap     ] GC(37) Eden regions: 36->0(38)
[2026-07-01T02:09:20.158+0000][16.581s][info][gc,heap     ] GC(37) Survivor regions: 1->1(5)
[2026-07-01T02:09:20.158+0000][16.581s][info][gc,heap     ] GC(37) Old regions: 154->154
[2026-07-01T02:09:20.158+0000][16.581s][info][gc,heap     ] GC(37) Humongous regions: 5->5
[2026-07-01T02:09:20.158+0000][16.581s][info][gc,metaspace] GC(37) Metaspace: 40655K(41536K)->40655K(41536K) NonClass: 35528K(36032K)->35528K(36032K) Class: 5127K(5504K)->5127K(5504K)
[2026-07-01T02:09:20.158+0000][16.581s][info][gc          ] GC(37) Pause Young (Normal) (G1 Evacuation Pause) 195M->159M(232M) 5.379ms
[2026-07-01T02:09:20.158+0000][16.581s][info][gc,cpu      ] GC(37) User=0.01s Sys=0.01s Real=0.00s
[2026-07-01T02:09:21.857+0000][18.280s][info][gc,marking  ] GC(35) Concurrent Mark From Roots 6028.479ms
[2026-07-01T02:09:21.857+0000][18.280s][info][gc,marking  ] GC(35) Concurrent Preclean
[2026-07-01T02:09:21.857+0000][18.280s][info][gc,marking  ] GC(35) Concurrent Preclean 0.093ms
[2026-07-01T02:09:21.928+0000][18.351s][info][gc,start    ] GC(35) Pause Remark
[2026-07-01T02:09:21.940+0000][18.363s][info][gc          ] GC(35) Pause Remark 193M->191M(232M) 12.670ms
[2026-07-01T02:09:21.940+0000][18.363s][info][gc,cpu      ] GC(35) User=0.02s Sys=0.00s Real=0.02s
[2026-07-01T02:09:21.946+0000][18.369s][info][gc,marking  ] GC(35) Concurrent Mark 6117.749ms
[2026-07-01T02:09:21.946+0000][18.369s][info][gc,marking  ] GC(35) Concurrent Rebuild Remembered Sets and Scrub Regions
[2026-07-01T02:09:22.143+0000][18.567s][info][gc,start    ] GC(38) Pause Young (Normal) (G1 Evacuation Pause)
[2026-07-01T02:09:22.144+0000][18.567s][info][gc,task     ] GC(38) Using 1 workers of 1 for evacuation
[2026-07-01T02:09:22.150+0000][18.573s][info][gc,phases   ] GC(38)   Pre Evacuate Collection Set: 0.20ms
[2026-07-01T02:09:22.150+0000][18.573s][info][gc,phases   ] GC(38)   Merge Heap Roots: 0.16ms
[2026-07-01T02:09:22.150+0000][18.573s][info][gc,phases   ] GC(38)   Evacuate Collection Set: 5.54ms
[2026-07-01T02:09:22.150+0000][18.573s][info][gc,phases   ] GC(38)   Post Evacuate Collection Set: 0.71ms
[2026-07-01T02:09:22.150+0000][18.573s][info][gc,phases   ] GC(38)   Other: 0.06ms
[2026-07-01T02:09:22.150+0000][18.573s][info][gc,heap     ] GC(38) Eden regions: 38->0(41)
[2026-07-01T02:09:22.150+0000][18.573s][info][gc,heap     ] GC(38) Survivor regions: 1->1(5)
[2026-07-01T02:09:22.150+0000][18.573s][info][gc,heap     ] GC(38) Old regions: 154->154
[2026-07-01T02:09:22.150+0000][18.573s][info][gc,heap     ] GC(38) Humongous regions: 3->3
[2026-07-01T02:09:22.150+0000][18.573s][info][gc,metaspace] GC(38) Metaspace: 40718K(41536K)->40718K(41536K) NonClass: 35591K(36032K)->35591K(36032K) Class: 5127K(5504K)->5127K(5504K)
[2026-07-01T02:09:22.150+0000][18.574s][info][gc          ] GC(38) Pause Young (Normal) (G1 Evacuation Pause) 195M->157M(232M) 6.822ms
[2026-07-01T02:09:22.150+0000][18.574s][info][gc,cpu      ] GC(38) User=0.01s Sys=0.00s Real=0.01s
[2026-07-01T02:09:24.237+0000][20.660s][info][gc,start    ] GC(39) Pause Young (Normal) (G1 Evacuation Pause)
[2026-07-01T02:09:24.237+0000][20.660s][info][gc,task     ] GC(39) Using 1 workers of 1 for evacuation
[2026-07-01T02:09:24.245+0000][20.668s][info][gc,phases   ] GC(39)   Pre Evacuate Collection Set: 0.74ms
[2026-07-01T02:09:24.245+0000][20.668s][info][gc,phases   ] GC(39)   Merge Heap Roots: 0.17ms
[2026-07-01T02:09:24.245+0000][20.668s][info][gc,phases   ] GC(39)   Evacuate Collection Set: 6.58ms
[2026-07-01T02:09:24.245+0000][20.668s][info][gc,phases   ] GC(39)   Post Evacuate Collection Set: 0.51ms
[2026-07-01T02:09:24.245+0000][20.668s][info][gc,phases   ] GC(39)   Other: 0.06ms
[2026-07-01T02:09:24.245+0000][20.668s][info][gc,heap     ] GC(39) Eden regions: 41->0(43)
[2026-07-01T02:09:24.245+0000][20.668s][info][gc,heap     ] GC(39) Survivor regions: 1->1(6)
[2026-07-01T02:09:24.245+0000][20.668s][info][gc,heap     ] GC(39) Old regions: 154->154
[2026-07-01T02:09:24.245+0000][20.668s][info][gc,heap     ] GC(39) Humongous regions: 3->3
[2026-07-01T02:09:24.245+0000][20.668s][info][gc,metaspace] GC(39) Metaspace: 40932K(41792K)->40932K(41792K) NonClass: 35804K(36288K)->35804K(36288K) Class: 5127K(5504K)->5127K(5504K)
[2026-07-01T02:09:24.245+0000][20.668s][info][gc          ] GC(39) Pause Young (Normal) (G1 Evacuation Pause) 198M->157M(232M) 8.211ms
[2026-07-01T02:09:24.245+0000][20.668s][info][gc,cpu      ] GC(39) User=0.01s Sys=0.00s Real=0.01s
[2026-07-01T02:09:24.256+0000][20.679s][info][gc,marking  ] GC(35) Concurrent Rebuild Remembered Sets and Scrub Regions 2310.120ms
[2026-07-01T02:09:24.256+0000][20.679s][info][gc,start    ] GC(35) Pause Cleanup
[2026-07-01T02:09:24.257+0000][20.680s][info][gc          ] GC(35) Pause Cleanup 159M->159M(232M) 0.555ms
[2026-07-01T02:09:24.257+0000][20.680s][info][gc,cpu      ] GC(35) User=0.00s Sys=0.00s Real=0.00s
[2026-07-01T02:09:24.257+0000][20.681s][info][gc,marking  ] GC(35) Concurrent Clear Claimed Marks
[2026-07-01T02:09:24.257+0000][20.681s][info][gc,marking  ] GC(35) Concurrent Clear Claimed Marks 0.084ms
[2026-07-01T02:09:24.257+0000][20.681s][info][gc,marking  ] GC(35) Concurrent Cleanup for Next Mark
[2026-07-01T02:09:24.259+0000][20.683s][info][gc,marking  ] GC(35) Concurrent Cleanup for Next Mark 2.054ms
[2026-07-01T02:09:24.259+0000][20.683s][info][gc          ] GC(35) Concurrent Mark Cycle 8521.952ms
[2026-07-01T02:09:25.954+0000][22.377s][info][gc,start    ] GC(40) Pause Young (Prepare Mixed) (G1 Evacuation Pause)
[2026-07-01T02:09:25.954+0000][22.377s][info][gc,task     ] GC(40) Using 1 workers of 1 for evacuation
[2026-07-01T02:09:26.027+0000][22.450s][info][gc,phases   ] GC(40)   Pre Evacuate Collection Set: 0.17ms
[2026-07-01T02:09:26.027+0000][22.450s][info][gc,phases   ] GC(40)   Merge Heap Roots: 0.20ms
[2026-07-01T02:09:26.027+0000][22.450s][info][gc,phases   ] GC(40)   Evacuate Collection Set: 6.17ms
[2026-07-01T02:09:26.027+0000][22.450s][info][gc,phases   ] GC(40)   Post Evacuate Collection Set: 66.42ms
[2026-07-01T02:09:26.027+0000][22.450s][info][gc,phases   ] GC(40)   Other: 0.06ms
[2026-07-01T02:09:26.027+0000][22.450s][info][gc,heap     ] GC(40) Eden regions: 43->0(46)
[2026-07-01T02:09:26.027+0000][22.450s][info][gc,heap     ] GC(40) Survivor regions: 1->2(6)
[2026-07-01T02:09:26.027+0000][22.450s][info][gc,heap     ] GC(40) Old regions: 154->154
[2026-07-01T02:09:26.027+0000][22.450s][info][gc,heap     ] GC(40) Humongous regions: 3->3
[2026-07-01T02:09:26.027+0000][22.450s][info][gc,metaspace] GC(40) Metaspace: 41035K(41856K)->41035K(41856K) NonClass: 35906K(36352K)->35906K(36352K) Class: 5128K(5504K)->5128K(5504K)
[2026-07-01T02:09:26.027+0000][22.450s][info][gc          ] GC(40) Pause Young (Prepare Mixed) (G1 Evacuation Pause) 200M->159M(232M) 73.174ms
[2026-07-01T02:09:26.027+0000][22.450s][info][gc,cpu      ] GC(40) User=0.02s Sys=0.00s Real=0.07s
[2026-07-01T02:09:27.636+0000][24.059s][info][gc,start    ] GC(41) Pause Young (Mixed) (G1 Evacuation Pause)
[2026-07-01T02:09:27.636+0000][24.059s][info][gc,task     ] GC(41) Using 1 workers of 1 for evacuation
[2026-07-01T02:09:27.650+0000][24.073s][info][gc,phases   ] GC(41)   Pre Evacuate Collection Set: 0.20ms
[2026-07-01T02:09:27.650+0000][24.073s][info][gc,phases   ] GC(41)   Merge Heap Roots: 0.18ms
[2026-07-01T02:09:27.650+0000][24.073s][info][gc,phases   ] GC(41)   Evacuate Collection Set: 11.49ms
[2026-07-01T02:09:27.650+0000][24.073s][info][gc,phases   ] GC(41)   Post Evacuate Collection Set: 1.70ms
[2026-07-01T02:09:27.650+0000][24.073s][info][gc,phases   ] GC(41)   Other: 0.06ms
[2026-07-01T02:09:27.650+0000][24.073s][info][gc,heap     ] GC(41) Eden regions: 46->0(116)
[2026-07-01T02:09:27.650+0000][24.073s][info][gc,heap     ] GC(41) Survivor regions: 2->3(6)
[2026-07-01T02:09:27.650+0000][24.073s][info][gc,heap     ] GC(41) Old regions: 154->154
[2026-07-01T02:09:27.650+0000][24.073s][info][gc,heap     ] GC(41) Humongous regions: 3->3
[2026-07-01T02:09:27.650+0000][24.073s][info][gc,metaspace] GC(41) Metaspace: 41161K(41984K)->41161K(41984K) NonClass: 36032K(36480K)->36032K(36480K) Class: 5128K(5504K)->5128K(5504K)
[2026-07-01T02:09:27.650+0000][24.073s][info][gc          ] GC(41) Pause Young (Mixed) (G1 Evacuation Pause) 205M->159M(390M) 13.754ms
[2026-07-01T02:09:27.650+0000][24.073s][info][gc,cpu      ] GC(41) User=0.02s Sys=0.00s Real=0.02s
[2026-07-01T02:09:30.858+0000][27.281s][info][gc,start    ] GC(42) Pause Young (Concurrent Start) (G1 Evacuation Pause)
[2026-07-01T02:09:30.858+0000][27.281s][info][gc,task     ] GC(42) Using 1 workers of 1 for evacuation
[2026-07-01T02:09:30.935+0000][27.358s][info][gc,phases   ] GC(42)   Pre Evacuate Collection Set: 0.25ms
[2026-07-01T02:09:30.935+0000][27.358s][info][gc,phases   ] GC(42)   Merge Heap Roots: 0.24ms
[2026-07-01T02:09:30.935+0000][27.358s][info][gc,phases   ] GC(42)   Evacuate Collection Set: 75.48ms
[2026-07-01T02:09:30.935+0000][27.358s][info][gc,phases   ] GC(42)   Post Evacuate Collection Set: 0.80ms
[2026-07-01T02:09:30.935+0000][27.358s][info][gc,phases   ] GC(42)   Other: 0.14ms
[2026-07-01T02:09:30.935+0000][27.358s][info][gc,heap     ] GC(42) Eden regions: 116->0(171)
[2026-07-01T02:09:30.935+0000][27.358s][info][gc,heap     ] GC(42) Survivor regions: 3->4(15)
[2026-07-01T02:09:30.935+0000][27.358s][info][gc,heap     ] GC(42) Old regions: 154->154
[2026-07-01T02:09:30.935+0000][27.358s][info][gc,heap     ] GC(42) Humongous regions: 3->3
[2026-07-01T02:09:30.935+0000][27.358s][info][gc,metaspace] GC(42) Metaspace: 41435K(42304K)->41435K(42304K) NonClass: 36305K(36800K)->36305K(36800K) Class: 5129K(5504K)->5129K(5504K)
[2026-07-01T02:09:30.935+0000][27.358s][info][gc          ] GC(42) Pause Young (Concurrent Start) (G1 Evacuation Pause) 275M->159M(390M) 77.129ms
[2026-07-01T02:09:30.935+0000][27.358s][info][gc          ] GC(43) Concurrent Mark Cycle
[2026-07-01T02:09:30.935+0000][27.358s][info][gc,marking  ] GC(43) Concurrent Scan Root Regions
[2026-07-01T02:09:30.935+0000][27.358s][info][gc,cpu      ] GC(42) User=0.03s Sys=0.00s Real=0.08s
[2026-07-01T02:09:30.943+0000][27.366s][info][gc,marking  ] GC(43) Concurrent Scan Root Regions 7.453ms
[2026-07-01T02:09:30.943+0000][27.366s][info][gc,marking  ] GC(43) Concurrent Mark
[2026-07-01T02:09:30.943+0000][27.366s][info][gc,marking  ] GC(43) Concurrent Mark From Roots
[2026-07-01T02:09:30.943+0000][27.366s][info][gc,task     ] GC(43) Using 1 workers of 1 for marking
[2026-07-01T02:09:33.943+0000][30.366s][info][gc,marking  ] GC(43) Concurrent Mark From Roots 2998.065ms
[2026-07-01T02:09:33.943+0000][30.366s][info][gc,marking  ] GC(43) Concurrent Preclean
[2026-07-01T02:09:33.943+0000][30.366s][info][gc,marking  ] GC(43) Concurrent Preclean 0.084ms
[2026-07-01T02:09:33.946+0000][30.369s][info][gc,start    ] GC(43) Pause Remark
[2026-07-01T02:09:33.962+0000][30.385s][info][gc,heap     ] GC(43) Heap shrink completed: uncommitted 68 regions (68MB), heap size now 322MB
[2026-07-01T02:09:33.962+0000][30.385s][info][gc          ] GC(43) Pause Remark 273M->273M(322M) 16.229ms
[2026-07-01T02:09:33.962+0000][30.385s][info][gc,cpu      ] GC(43) User=0.03s Sys=0.00s Real=0.02s
[2026-07-01T02:09:33.969+0000][30.392s][info][gc,marking  ] GC(43) Concurrent Mark 3026.380ms
[2026-07-01T02:09:33.969+0000][30.392s][info][gc,marking  ] GC(43) Concurrent Rebuild Remembered Sets and Scrub Regions
[2026-07-01T02:09:34.651+0000][31.074s][info][gc,marking  ] GC(43) Concurrent Rebuild Remembered Sets and Scrub Regions 681.525ms
[2026-07-01T02:09:34.651+0000][31.074s][info][gc,start    ] GC(43) Pause Cleanup
[2026-07-01T02:09:34.652+0000][31.075s][info][gc          ] GC(43) Pause Cleanup 297M->297M(322M) 0.355ms
[2026-07-01T02:09:34.652+0000][31.075s][info][gc,cpu      ] GC(43) User=0.00s Sys=0.00s Real=0.00s
[2026-07-01T02:09:34.652+0000][31.075s][info][gc,marking  ] GC(43) Concurrent Clear Claimed Marks
[2026-07-01T02:09:34.652+0000][31.075s][info][gc,marking  ] GC(43) Concurrent Clear Claimed Marks 0.113ms
[2026-07-01T02:09:34.652+0000][31.075s][info][gc,marking  ] GC(43) Concurrent Cleanup for Next Mark
[2026-07-01T02:09:34.660+0000][31.083s][info][gc,marking  ] GC(43) Concurrent Cleanup for Next Mark 7.748ms
[2026-07-01T02:09:34.660+0000][31.083s][info][gc          ] GC(43) Concurrent Mark Cycle 3724.704ms
[2026-07-01T02:09:35.158+0000][31.581s][info][gc,start    ] GC(44) Pause Young (Prepare Mixed) (G1 Evacuation Pause)
[2026-07-01T02:09:35.158+0000][31.581s][info][gc,task     ] GC(44) Using 1 workers of 1 for evacuation
[2026-07-01T02:09:35.173+0000][31.596s][info][gc,phases   ] GC(44)   Pre Evacuate Collection Set: 0.66ms
[2026-07-01T02:09:35.173+0000][31.596s][info][gc,phases   ] GC(44)   Merge Heap Roots: 0.32ms
[2026-07-01T02:09:35.173+0000][31.596s][info][gc,phases   ] GC(44)   Evacuate Collection Set: 12.98ms
[2026-07-01T02:09:35.173+0000][31.596s][info][gc,phases   ] GC(44)   Post Evacuate Collection Set: 1.05ms
[2026-07-01T02:09:35.173+0000][31.596s][info][gc,phases   ] GC(44)   Other: 0.07ms
[2026-07-01T02:09:35.173+0000][31.596s][info][gc,heap     ] GC(44) Eden regions: 161->0(123)
[2026-07-01T02:09:35.173+0000][31.596s][info][gc,heap     ] GC(44) Survivor regions: 4->5(22)
[2026-07-01T02:09:35.173+0000][31.596s][info][gc,heap     ] GC(44) Old regions: 154->154
[2026-07-01T02:09:35.173+0000][31.596s][info][gc,heap     ] GC(44) Humongous regions: 3->3
[2026-07-01T02:09:35.173+0000][31.596s][info][gc,metaspace] GC(44) Metaspace: 41486K(42304K)->41486K(42304K) NonClass: 36364K(36800K)->36364K(36800K) Class: 5121K(5504K)->5121K(5504K)
[2026-07-01T02:09:35.173+0000][31.597s][info][gc          ] GC(44) Pause Young (Prepare Mixed) (G1 Evacuation Pause) 320M->160M(327M) 15.294ms
[2026-07-01T02:09:35.173+0000][31.597s][info][gc,cpu      ] GC(44) User=0.01s Sys=0.00s Real=0.02s
[2026-07-01T02:09:37.639+0000][34.062s][info][gc,start    ] GC(45) Pause Young (Mixed) (G1 Evacuation Pause)
[2026-07-01T02:09:37.639+0000][34.062s][info][gc,task     ] GC(45) Using 1 workers of 1 for evacuation
[2026-07-01T02:09:37.654+0000][34.077s][info][gc,phases   ] GC(45)   Pre Evacuate Collection Set: 0.19ms
[2026-07-01T02:09:37.654+0000][34.077s][info][gc,phases   ] GC(45)   Merge Heap Roots: 0.64ms
[2026-07-01T02:09:37.654+0000][34.077s][info][gc,phases   ] GC(45)   Evacuate Collection Set: 13.38ms
[2026-07-01T02:09:37.654+0000][34.077s][info][gc,phases   ] GC(45)   Post Evacuate Collection Set: 0.97ms
[2026-07-01T02:09:37.654+0000][34.077s][info][gc,phases   ] GC(45)   Other: 0.08ms
[2026-07-01T02:09:37.654+0000][34.077s][info][gc,heap     ] GC(45) Eden regions: 123->0(131)
[2026-07-01T02:09:37.654+0000][34.077s][info][gc,heap     ] GC(45) Survivor regions: 5->5(16)
[2026-07-01T02:09:37.654+0000][34.077s][info][gc,heap     ] GC(45) Old regions: 154->153
[2026-07-01T02:09:37.654+0000][34.077s][info][gc,heap     ] GC(45) Humongous regions: 3->3
[2026-07-01T02:09:37.654+0000][34.077s][info][gc,metaspace] GC(45) Metaspace: 41514K(42304K)->41514K(42304K) NonClass: 36392K(36800K)->36392K(36800K) Class: 5121K(5504K)->5121K(5504K)
[2026-07-01T02:09:37.654+0000][34.077s][info][gc          ] GC(45) Pause Young (Mixed) (G1 Evacuation Pause) 283M->159M(327M) 15.417ms
[2026-07-01T02:09:37.654+0000][34.078s][info][gc,cpu      ] GC(45) User=0.01s Sys=0.00s Real=0.01s
[2026-07-01T02:09:40.240+0000][36.663s][info][gc,start    ] GC(46) Pause Young (Concurrent Start) (G1 Evacuation Pause)
[2026-07-01T02:09:40.240+0000][36.663s][info][gc,task     ] GC(46) Using 1 workers of 1 for evacuation
[2026-07-01T02:09:40.256+0000][36.680s][info][gc,phases   ] GC(46)   Pre Evacuate Collection Set: 0.78ms
[2026-07-01T02:09:40.257+0000][36.680s][info][gc,phases   ] GC(46)   Merge Heap Roots: 0.23ms
[2026-07-01T02:09:40.257+0000][36.680s][info][gc,phases   ] GC(46)   Evacuate Collection Set: 14.60ms
[2026-07-01T02:09:40.257+0000][36.680s][info][gc,phases   ] GC(46)   Post Evacuate Collection Set: 0.68ms
[2026-07-01T02:09:40.257+0000][36.680s][info][gc,phases   ] GC(46)   Other: 0.11ms
[2026-07-01T02:09:40.257+0000][36.680s][info][gc,heap     ] GC(46) Eden regions: 131->0(137)
[2026-07-01T02:09:40.257+0000][36.680s][info][gc,heap     ] GC(46) Survivor regions: 5->5(17)
[2026-07-01T02:09:40.257+0000][36.680s][info][gc,heap     ] GC(46) Old regions: 153->153
[2026-07-01T02:09:40.257+0000][36.680s][info][gc,heap     ] GC(46) Humongous regions: 3->3
[2026-07-01T02:09:40.257+0000][36.680s][info][gc,metaspace] GC(46) Metaspace: 41523K(42304K)->41523K(42304K) NonClass: 36402K(36800K)->36402K(36800K) Class: 5121K(5504K)->5121K(5504K)
[2026-07-01T02:09:40.257+0000][36.680s][info][gc          ] GC(46) Pause Young (Concurrent Start) (G1 Evacuation Pause) 290M->160M(327M) 16.563ms
[2026-07-01T02:09:40.257+0000][36.680s][info][gc          ] GC(47) Concurrent Mark Cycle
[2026-07-01T02:09:40.257+0000][36.680s][info][gc,marking  ] GC(47) Concurrent Scan Root Regions
[2026-07-01T02:09:40.257+0000][36.680s][info][gc,cpu      ] GC(46) User=0.02s Sys=0.01s Real=0.01s
[2026-07-01T02:09:40.342+0000][36.765s][info][gc,marking  ] GC(47) Concurrent Scan Root Regions 85.504ms
[2026-07-01T02:09:40.342+0000][36.765s][info][gc,marking  ] GC(47) Concurrent Mark
[2026-07-01T02:09:40.342+0000][36.765s][info][gc,marking  ] GC(47) Concurrent Mark From Roots
[2026-07-01T02:09:40.342+0000][36.765s][info][gc,task     ] GC(47) Using 1 workers of 1 for marking
[2026-07-01T02:09:42.556+0000][38.979s][info][gc,marking  ] GC(47) Concurrent Mark From Roots 2213.705ms
[2026-07-01T02:09:42.556+0000][38.979s][info][gc,marking  ] GC(47) Concurrent Preclean
[2026-07-01T02:09:42.557+0000][38.980s][info][gc,marking  ] GC(47) Concurrent Preclean 0.561ms
[2026-07-01T02:09:42.559+0000][38.982s][info][gc,start    ] GC(47) Pause Remark
[2026-07-01T02:09:42.628+0000][39.051s][info][gc,heap     ] GC(47) Heap shrink completed: uncommitted 5 regions (5MB), heap size now 322MB
[2026-07-01T02:09:42.628+0000][39.052s][info][gc          ] GC(47) Pause Remark 262M->262M(322M) 69.673ms
[2026-07-01T02:09:42.628+0000][39.052s][info][gc,cpu      ] GC(47) User=0.02s Sys=0.00s Real=0.07s
[2026-07-01T02:09:42.635+0000][39.058s][info][gc,marking  ] GC(47) Concurrent Mark 2292.575ms
[2026-07-01T02:09:42.635+0000][39.058s][info][gc,marking  ] GC(47) Concurrent Rebuild Remembered Sets and Scrub Regions
[2026-07-01T02:09:43.356+0000][39.779s][info][gc,start    ] GC(48) Pause Young (Normal) (G1 Evacuation Pause)
[2026-07-01T02:09:43.356+0000][39.779s][info][gc,task     ] GC(48) Using 1 workers of 1 for evacuation
[2026-07-01T02:09:43.432+0000][39.855s][info][gc,phases   ] GC(48)   Pre Evacuate Collection Set: 0.42ms
[2026-07-01T02:09:43.432+0000][39.855s][info][gc,phases   ] GC(48)   Merge Heap Roots: 0.35ms
[2026-07-01T02:09:43.432+0000][39.855s][info][gc,phases   ] GC(48)   Evacuate Collection Set: 74.26ms
[2026-07-01T02:09:43.432+0000][39.855s][info][gc,phases   ] GC(48)   Post Evacuate Collection Set: 0.91ms
[2026-07-01T02:09:43.432+0000][39.855s][info][gc,phases   ] GC(48)   Other: 0.08ms
[2026-07-01T02:09:43.432+0000][39.855s][info][gc,heap     ] GC(48) Eden regions: 137->0(136)
[2026-07-01T02:09:43.432+0000][39.855s][info][gc,heap     ] GC(48) Survivor regions: 5->6(18)
[2026-07-01T02:09:43.432+0000][39.855s][info][gc,heap     ] GC(48) Old regions: 153->153
[2026-07-01T02:09:43.432+0000][39.855s][info][gc,heap     ] GC(48) Humongous regions: 3->3
[2026-07-01T02:09:43.432+0000][39.855s][info][gc,metaspace] GC(48) Metaspace: 41547K(42368K)->41547K(42368K) NonClass: 36425K(36864K)->36425K(36864K) Class: 5121K(5504K)->5121K(5504K)
[2026-07-01T02:09:43.432+0000][39.855s][info][gc          ] GC(48) Pause Young (Normal) (G1 Evacuation Pause) 297M->160M(322M) 76.209ms
[2026-07-01T02:09:43.432+0000][39.855s][info][gc,cpu      ] GC(48) User=0.04s Sys=0.00s Real=0.08s
[2026-07-01T02:09:43.836+0000][40.260s][info][gc,marking  ] GC(47) Concurrent Rebuild Remembered Sets and Scrub Regions 1201.603ms
[2026-07-01T02:09:43.837+0000][40.260s][info][gc,start    ] GC(47) Pause Cleanup
[2026-07-01T02:09:43.837+0000][40.261s][info][gc          ] GC(47) Pause Cleanup 181M->181M(322M) 0.320ms
[2026-07-01T02:09:43.837+0000][40.261s][info][gc,cpu      ] GC(47) User=0.00s Sys=0.00s Real=0.00s
[2026-07-01T02:09:43.838+0000][40.261s][info][gc,marking  ] GC(47) Concurrent Clear Claimed Marks
[2026-07-01T02:09:43.838+0000][40.261s][info][gc,marking  ] GC(47) Concurrent Clear Claimed Marks 0.084ms
[2026-07-01T02:09:43.838+0000][40.261s][info][gc,marking  ] GC(47) Concurrent Cleanup for Next Mark
[2026-07-01T02:09:43.839+0000][40.263s][info][gc,marking  ] GC(47) Concurrent Cleanup for Next Mark 1.526ms
[2026-07-01T02:09:43.839+0000][40.263s][info][gc          ] GC(47) Concurrent Mark Cycle 3582.847ms
[2026-07-01T02:09:46.237+0000][42.660s][info][gc,start    ] GC(49) Pause Young (Prepare Mixed) (G1 Evacuation Pause)
[2026-07-01T02:09:46.237+0000][42.660s][info][gc,task     ] GC(49) Using 1 workers of 1 for evacuation
[2026-07-01T02:09:46.256+0000][42.679s][info][gc,phases   ] GC(49)   Pre Evacuate Collection Set: 0.25ms
[2026-07-01T02:09:46.256+0000][42.679s][info][gc,phases   ] GC(49)   Merge Heap Roots: 0.54ms
[2026-07-01T02:09:46.256+0000][42.679s][info][gc,phases   ] GC(49)   Evacuate Collection Set: 17.48ms
[2026-07-01T02:09:46.256+0000][42.679s][info][gc,phases   ] GC(49)   Post Evacuate Collection Set: 0.70ms
[2026-07-01T02:09:46.256+0000][42.679s][info][gc,phases   ] GC(49)   Other: 0.07ms
[2026-07-01T02:09:46.256+0000][42.679s][info][gc,heap     ] GC(49) Eden regions: 136->0(140)
[2026-07-01T02:09:46.256+0000][42.679s][info][gc,heap     ] GC(49) Survivor regions: 6->6(18)
[2026-07-01T02:09:46.256+0000][42.679s][info][gc,heap     ] GC(49) Old regions: 153->153
[2026-07-01T02:09:46.256+0000][42.679s][info][gc,heap     ] GC(49) Humongous regions: 3->3
[2026-07-01T02:09:46.256+0000][42.679s][info][gc,metaspace] GC(49) Metaspace: 41547K(42368K)->41547K(42368K) NonClass: 36426K(36864K)->36426K(36864K) Class: 5121K(5504K)->5121K(5504K)
[2026-07-01T02:09:46.256+0000][42.679s][info][gc          ] GC(49) Pause Young (Prepare Mixed) (G1 Evacuation Pause) 296M->161M(322M) 19.270ms
[2026-07-01T02:09:46.256+0000][42.679s][info][gc,cpu      ] GC(49) User=0.02s Sys=0.00s Real=0.02s
[2026-07-01T02:09:49.028+0000][45.452s][info][gc,start    ] GC(50) Pause Young (Mixed) (G1 Evacuation Pause)
[2026-07-01T02:09:49.028+0000][45.452s][info][gc,task     ] GC(50) Using 1 workers of 1 for evacuation
[2026-07-01T02:09:49.054+0000][45.477s][info][gc,phases   ] GC(50)   Pre Evacuate Collection Set: 0.23ms
[2026-07-01T02:09:49.054+0000][45.477s][info][gc,phases   ] GC(50)   Merge Heap Roots: 0.39ms
[2026-07-01T02:09:49.054+0000][45.477s][info][gc,phases   ] GC(50)   Evacuate Collection Set: 24.20ms
[2026-07-01T02:09:49.054+0000][45.477s][info][gc,phases   ] GC(50)   Post Evacuate Collection Set: 0.78ms
[2026-07-01T02:09:49.054+0000][45.477s][info][gc,phases   ] GC(50)   Other: 0.05ms
[2026-07-01T02:09:49.054+0000][45.477s][info][gc,heap     ] GC(50) Eden regions: 140->0(143)
[2026-07-01T02:09:49.054+0000][45.477s][info][gc,heap     ] GC(50) Survivor regions: 6->6(19)
[2026-07-01T02:09:49.054+0000][45.477s][info][gc,heap     ] GC(50) Old regions: 153->152
[2026-07-01T02:09:49.054+0000][45.477s][info][gc,heap     ] GC(50) Humongous regions: 3->3
[2026-07-01T02:09:49.054+0000][45.477s][info][gc,metaspace] GC(50) Metaspace: 41569K(42368K)->41569K(42368K) NonClass: 36447K(36864K)->36447K(36864K) Class: 5121K(5504K)->5121K(5504K)
[2026-07-01T02:09:49.054+0000][45.477s][info][gc          ] GC(50) Pause Young (Mixed) (G1 Evacuation Pause) 301M->160M(322M) 25.830ms
[2026-07-01T02:09:49.054+0000][45.477s][info][gc,cpu      ] GC(50) User=0.05s Sys=0.00s Real=0.02s
[2026-07-01T02:09:51.738+0000][48.162s][info][gc,start    ] GC(51) Pause Young (Concurrent Start) (G1 Evacuation Pause)
[2026-07-01T02:09:51.738+0000][48.162s][info][gc,task     ] GC(51) Using 1 workers of 1 for evacuation
[2026-07-01T02:09:51.761+0000][48.184s][info][gc,phases   ] GC(51)   Pre Evacuate Collection Set: 0.20ms
[2026-07-01T02:09:51.761+0000][48.184s][info][gc,phases   ] GC(51)   Merge Heap Roots: 0.26ms
[2026-07-01T02:09:51.761+0000][48.184s][info][gc,phases   ] GC(51)   Evacuate Collection Set: 20.53ms
[2026-07-01T02:09:51.761+0000][48.184s][info][gc,phases   ] GC(51)   Post Evacuate Collection Set: 0.94ms
[2026-07-01T02:09:51.761+0000][48.184s][info][gc,phases   ] GC(51)   Other: 0.09ms
[2026-07-01T02:09:51.761+0000][48.184s][info][gc,heap     ] GC(51) Eden regions: 143->0(143)
[2026-07-01T02:09:51.761+0000][48.184s][info][gc,heap     ] GC(51) Survivor regions: 6->7(19)
[2026-07-01T02:09:51.761+0000][48.184s][info][gc,heap     ] GC(51) Old regions: 152->152
[2026-07-01T02:09:51.761+0000][48.184s][info][gc,heap     ] GC(51) Humongous regions: 3->3
[2026-07-01T02:09:51.761+0000][48.184s][info][gc,metaspace] GC(51) Metaspace: 41572K(42368K)->41572K(42368K) NonClass: 36451K(36864K)->36451K(36864K) Class: 5121K(5504K)->5121K(5504K)
[2026-07-01T02:09:51.761+0000][48.184s][info][gc          ] GC(51) Pause Young (Concurrent Start) (G1 Evacuation Pause) 303M->161M(322M) 22.201ms
[2026-07-01T02:09:51.761+0000][48.184s][info][gc,cpu      ] GC(51) User=0.03s Sys=0.00s Real=0.02s
[2026-07-01T02:09:51.761+0000][48.184s][info][gc          ] GC(52) Concurrent Mark Cycle
[2026-07-01T02:09:51.761+0000][48.184s][info][gc,marking  ] GC(52) Concurrent Scan Root Regions
[2026-07-01T02:09:51.841+0000][48.264s][info][gc,marking  ] GC(52) Concurrent Scan Root Regions 80.123ms
[2026-07-01T02:09:51.841+0000][48.264s][info][gc,marking  ] GC(52) Concurrent Mark
[2026-07-01T02:09:51.841+0000][48.264s][info][gc,marking  ] GC(52) Concurrent Mark From Roots
[2026-07-01T02:09:51.841+0000][48.264s][info][gc,task     ] GC(52) Using 1 workers of 1 for marking
[2026-07-01T02:09:53.446+0000][49.869s][info][gc,marking  ] GC(52) Concurrent Mark From Roots 1604.832ms
[2026-07-01T02:09:53.446+0000][49.869s][info][gc,marking  ] GC(52) Concurrent Preclean
[2026-07-01T02:09:53.446+0000][49.869s][info][gc,marking  ] GC(52) Concurrent Preclean 0.274ms
[2026-07-01T02:09:53.446+0000][49.869s][info][gc,start    ] GC(52) Pause Remark
[2026-07-01T02:09:53.458+0000][49.881s][info][gc          ] GC(52) Pause Remark 234M->234M(322M) 11.575ms
[2026-07-01T02:09:53.458+0000][49.881s][info][gc,cpu      ] GC(52) User=0.01s Sys=0.00s Real=0.01s
[2026-07-01T02:09:53.463+0000][49.887s][info][gc,marking  ] GC(52) Concurrent Mark 1622.460ms
[2026-07-01T02:09:53.463+0000][49.887s][info][gc,marking  ] GC(52) Concurrent Rebuild Remembered Sets and Scrub Regions
[2026-07-01T02:09:54.256+0000][50.679s][info][gc,marking  ] GC(52) Concurrent Rebuild Remembered Sets and Scrub Regions 792.730ms
[2026-07-01T02:09:54.256+0000][50.680s][info][gc,start    ] GC(52) Pause Cleanup
[2026-07-01T02:09:54.257+0000][50.680s][info][gc          ] GC(52) Pause Cleanup 271M->271M(322M) 0.231ms
[2026-07-01T02:09:54.257+0000][50.680s][info][gc,cpu      ] GC(52) User=0.00s Sys=0.00s Real=0.00s
[2026-07-01T02:09:54.259+0000][50.683s][info][gc,marking  ] GC(52) Concurrent Clear Claimed Marks
[2026-07-01T02:09:54.259+0000][50.683s][info][gc,marking  ] GC(52) Concurrent Clear Claimed Marks 0.099ms
[2026-07-01T02:09:54.259+0000][50.683s][info][gc,marking  ] GC(52) Concurrent Cleanup for Next Mark
[2026-07-01T02:09:54.328+0000][50.752s][info][gc,marking  ] GC(52) Concurrent Cleanup for Next Mark 68.977ms
[2026-07-01T02:09:54.329+0000][50.752s][info][gc          ] GC(52) Concurrent Mark Cycle 2567.882ms
[2026-07-01T02:09:54.951+0000][51.374s][info][gc,start    ] GC(53) Pause Young (Prepare Mixed) (G1 Evacuation Pause)
[2026-07-01T02:09:54.951+0000][51.374s][info][gc,task     ] GC(53) Using 1 workers of 1 for evacuation
[2026-07-01T02:09:55.035+0000][51.458s][info][gc,phases   ] GC(53)   Pre Evacuate Collection Set: 0.18ms
[2026-07-01T02:09:55.035+0000][51.458s][info][gc,phases   ] GC(53)   Merge Heap Roots: 0.74ms
[2026-07-01T02:09:55.035+0000][51.458s][info][gc,phases   ] GC(53)   Evacuate Collection Set: 82.24ms
[2026-07-01T02:09:55.035+0000][51.458s][info][gc,phases   ] GC(53)   Post Evacuate Collection Set: 0.87ms
[2026-07-01T02:09:55.035+0000][51.458s][info][gc,phases   ] GC(53)   Other: 0.06ms
[2026-07-01T02:09:55.035+0000][51.458s][info][gc,heap     ] GC(53) Eden regions: 143->0(143)
[2026-07-01T02:09:55.035+0000][51.458s][info][gc,heap     ] GC(53) Survivor regions: 7->7(19)
[2026-07-01T02:09:55.035+0000][51.458s][info][gc,heap     ] GC(53) Old regions: 152->152
[2026-07-01T02:09:55.035+0000][51.458s][info][gc,heap     ] GC(53) Humongous regions: 3->3
[2026-07-01T02:09:55.035+0000][51.458s][info][gc,metaspace] GC(53) Metaspace: 41575K(42368K)->41575K(42368K) NonClass: 36453K(36864K)->36453K(36864K) Class: 5121K(5504K)->5121K(5504K)
[2026-07-01T02:09:55.035+0000][51.458s][info][gc          ] GC(53) Pause Young (Prepare Mixed) (G1 Evacuation Pause) 304M->161M(322M) 84.284ms
[2026-07-01T02:09:55.035+0000][51.458s][info][gc,cpu      ] GC(53) User=0.06s Sys=0.00s Real=0.08s
[2026-07-01T02:09:57.728+0000][54.152s][info][gc,start    ] GC(54) Pause Young (Mixed) (G1 Evacuation Pause)
[2026-07-01T02:09:57.728+0000][54.152s][info][gc,task     ] GC(54) Using 1 workers of 1 for evacuation
[2026-07-01T02:09:57.764+0000][54.188s][info][gc,phases   ] GC(54)   Pre Evacuate Collection Set: 0.19ms
[2026-07-01T02:09:57.764+0000][54.188s][info][gc,phases   ] GC(54)   Merge Heap Roots: 0.46ms
[2026-07-01T02:09:57.765+0000][54.188s][info][gc,phases   ] GC(54)   Evacuate Collection Set: 34.36ms
[2026-07-01T02:09:57.765+0000][54.188s][info][gc,phases   ] GC(54)   Post Evacuate Collection Set: 0.91ms
[2026-07-01T02:09:57.765+0000][54.188s][info][gc,phases   ] GC(54)   Other: 0.06ms
[2026-07-01T02:09:57.765+0000][54.188s][info][gc,heap     ] GC(54) Eden regions: 143->0(143)
[2026-07-01T02:09:57.765+0000][54.188s][info][gc,heap     ] GC(54) Survivor regions: 7->7(19)
[2026-07-01T02:09:57.765+0000][54.188s][info][gc,heap     ] GC(54) Old regions: 152->152
[2026-07-01T02:09:57.765+0000][54.188s][info][gc,heap     ] GC(54) Humongous regions: 3->3
[2026-07-01T02:09:57.765+0000][54.188s][info][gc,metaspace] GC(54) Metaspace: 41576K(42368K)->41576K(42368K) NonClass: 36453K(36864K)->36453K(36864K) Class: 5122K(5504K)->5122K(5504K)
[2026-07-01T02:09:57.765+0000][54.188s][info][gc          ] GC(54) Pause Young (Mixed) (G1 Evacuation Pause) 304M->161M(322M) 36.199ms
[2026-07-01T02:09:57.765+0000][54.188s][info][gc,cpu      ] GC(54) User=0.04s Sys=0.00s Real=0.03s
[2026-07-01T02:10:00.345+0000][56.768s][info][gc,start    ] GC(55) Pause Young (Concurrent Start) (G1 Evacuation Pause)
[2026-07-01T02:10:00.345+0000][56.768s][info][gc,task     ] GC(55) Using 1 workers of 1 for evacuation
[2026-07-01T02:10:00.429+0000][56.852s][info][gc,phases   ] GC(55)   Pre Evacuate Collection Set: 0.27ms
[2026-07-01T02:10:00.429+0000][56.852s][info][gc,phases   ] GC(55)   Merge Heap Roots: 0.56ms
[2026-07-01T02:10:00.429+0000][56.852s][info][gc,phases   ] GC(55)   Evacuate Collection Set: 82.48ms
[2026-07-01T02:10:00.429+0000][56.852s][info][gc,phases   ] GC(55)   Post Evacuate Collection Set: 0.75ms
[2026-07-01T02:10:00.429+0000][56.852s][info][gc,phases   ] GC(55)   Other: 0.10ms
[2026-07-01T02:10:00.429+0000][56.852s][info][gc,heap     ] GC(55) Eden regions: 143->0(142)
[2026-07-01T02:10:00.429+0000][56.852s][info][gc,heap     ] GC(55) Survivor regions: 7->8(19)
[2026-07-01T02:10:00.429+0000][56.852s][info][gc,heap     ] GC(55) Old regions: 152->152
[2026-07-01T02:10:00.429+0000][56.852s][info][gc,heap     ] GC(55) Humongous regions: 3->3
[2026-07-01T02:10:00.429+0000][56.852s][info][gc,metaspace] GC(55) Metaspace: 41577K(42368K)->41577K(42368K) NonClass: 36455K(36864K)->36455K(36864K) Class: 5122K(5504K)->5122K(5504K)
[2026-07-01T02:10:00.429+0000][56.852s][info][gc          ] GC(55) Pause Young (Concurrent Start) (G1 Evacuation Pause) 304M->162M(322M) 84.315ms
[2026-07-01T02:10:00.429+0000][56.852s][info][gc          ] GC(56) Concurrent Mark Cycle
[2026-07-01T02:10:00.429+0000][56.852s][info][gc,marking  ] GC(56) Concurrent Scan Root Regions
[2026-07-01T02:10:00.429+0000][56.852s][info][gc,cpu      ] GC(55) User=0.06s Sys=0.00s Real=0.09s
[2026-07-01T02:10:00.461+0000][56.884s][info][gc,marking  ] GC(56) Concurrent Scan Root Regions 31.872ms
[2026-07-01T02:10:00.461+0000][56.884s][info][gc,marking  ] GC(56) Concurrent Mark
[2026-07-01T02:10:00.461+0000][56.885s][info][gc,marking  ] GC(56) Concurrent Mark From Roots
[2026-07-01T02:10:00.461+0000][56.885s][info][gc,task     ] GC(56) Using 1 workers of 1 for marking
[2026-07-01T02:10:02.142+0000][58.566s][info][gc,marking  ] GC(56) Concurrent Mark From Roots 1681.216ms
[2026-07-01T02:10:02.143+0000][58.566s][info][gc,marking  ] GC(56) Concurrent Preclean
[2026-07-01T02:10:02.143+0000][58.566s][info][gc,marking  ] GC(56) Concurrent Preclean 0.070ms
[2026-07-01T02:10:02.144+0000][58.567s][info][gc,start    ] GC(56) Pause Remark
[2026-07-01T02:10:02.155+0000][58.578s][info][gc          ] GC(56) Pause Remark 234M->234M(322M) 11.172ms
[2026-07-01T02:10:02.155+0000][58.578s][info][gc,cpu      ] GC(56) User=0.02s Sys=0.00s Real=0.01s
[2026-07-01T02:10:02.159+0000][58.582s][info][gc,marking  ] GC(56) Concurrent Mark 1697.496ms
[2026-07-01T02:10:02.159+0000][58.582s][info][gc,marking  ] GC(56) Concurrent Rebuild Remembered Sets and Scrub Regions
[2026-07-01T02:10:03.460+0000][59.884s][info][gc,marking  ] GC(56) Concurrent Rebuild Remembered Sets and Scrub Regions 1301.643ms
[2026-07-01T02:10:03.462+0000][59.885s][info][gc,start    ] GC(56) Pause Cleanup
[2026-07-01T02:10:03.462+0000][59.886s][info][gc          ] GC(56) Pause Cleanup 303M->303M(322M) 0.406ms
[2026-07-01T02:10:03.462+0000][59.886s][info][gc,cpu      ] GC(56) User=0.00s Sys=0.00s Real=0.00s
[2026-07-01T02:10:03.463+0000][59.886s][info][gc,marking  ] GC(56) Concurrent Clear Claimed Marks
[2026-07-01T02:10:03.463+0000][59.886s][info][gc,marking  ] GC(56) Concurrent Clear Claimed Marks 0.084ms
[2026-07-01T02:10:03.463+0000][59.886s][info][gc,marking  ] GC(56) Concurrent Cleanup for Next Mark
[2026-07-01T02:10:03.464+0000][59.887s][info][gc,marking  ] GC(56) Concurrent Cleanup for Next Mark 0.522ms
[2026-07-01T02:10:03.464+0000][59.887s][info][gc          ] GC(56) Concurrent Mark Cycle 3034.501ms
[2026-07-01T02:10:03.531+0000][59.954s][info][gc,start    ] GC(57) Pause Young (Prepare Mixed) (G1 Evacuation Pause)
[2026-07-01T02:10:03.531+0000][59.955s][info][gc,task     ] GC(57) Using 1 workers of 1 for evacuation
[2026-07-01T02:10:03.557+0000][59.980s][info][gc,phases   ] GC(57)   Pre Evacuate Collection Set: 0.18ms
[2026-07-01T02:10:03.557+0000][59.980s][info][gc,phases   ] GC(57)   Merge Heap Roots: 0.63ms
[2026-07-01T02:10:03.557+0000][59.980s][info][gc,phases   ] GC(57)   Evacuate Collection Set: 23.51ms
[2026-07-01T02:10:03.557+0000][59.980s][info][gc,phases   ] GC(57)   Post Evacuate Collection Set: 1.06ms
[2026-07-01T02:10:03.557+0000][59.980s][info][gc,phases   ] GC(57)   Other: 0.06ms
[2026-07-01T02:10:03.557+0000][59.980s][info][gc,heap     ] GC(57) Eden regions: 142->0(142)
[2026-07-01T02:10:03.557+0000][59.980s][info][gc,heap     ] GC(57) Survivor regions: 8->8(19)
[2026-07-01T02:10:03.557+0000][59.980s][info][gc,heap     ] GC(57) Old regions: 152->152
[2026-07-01T02:10:03.557+0000][59.980s][info][gc,heap     ] GC(57) Humongous regions: 3->3
[2026-07-01T02:10:03.557+0000][59.980s][info][gc,metaspace] GC(57) Metaspace: 41583K(42368K)->41583K(42368K) NonClass: 36461K(36864K)->36461K(36864K) Class: 5122K(5504K)->5122K(5504K)
[2026-07-01T02:10:03.557+0000][59.980s][info][gc          ] GC(57) Pause Young (Prepare Mixed) (G1 Evacuation Pause) 304M->162M(322M) 25.587ms
[2026-07-01T02:10:03.557+0000][59.980s][info][gc,cpu      ] GC(57) User=0.04s Sys=0.00s Real=0.02s
[2026-07-01T02:10:06.129+0000][62.553s][info][gc,start    ] GC(58) Pause Young (Mixed) (G1 Evacuation Pause)
[2026-07-01T02:10:06.129+0000][62.553s][info][gc,task     ] GC(58) Using 1 workers of 1 for evacuation
[2026-07-01T02:10:06.157+0000][62.580s][info][gc,phases   ] GC(58)   Pre Evacuate Collection Set: 0.17ms
[2026-07-01T02:10:06.157+0000][62.580s][info][gc,phases   ] GC(58)   Merge Heap Roots: 0.33ms
[2026-07-01T02:10:06.157+0000][62.580s][info][gc,phases   ] GC(58)   Evacuate Collection Set: 25.84ms
[2026-07-01T02:10:06.157+0000][62.580s][info][gc,phases   ] GC(58)   Post Evacuate Collection Set: 1.09ms
[2026-07-01T02:10:06.157+0000][62.580s][info][gc,phases   ] GC(58)   Other: 0.06ms
[2026-07-01T02:10:06.157+0000][62.580s][info][gc,heap     ] GC(58) Eden regions: 142->0(142)
[2026-07-01T02:10:06.157+0000][62.580s][info][gc,heap     ] GC(58) Survivor regions: 8->8(19)
[2026-07-01T02:10:06.157+0000][62.580s][info][gc,heap     ] GC(58) Old regions: 152->152
[2026-07-01T02:10:06.157+0000][62.580s][info][gc,heap     ] GC(58) Humongous regions: 3->3
[2026-07-01T02:10:06.157+0000][62.580s][info][gc,metaspace] GC(58) Metaspace: 41584K(42368K)->41584K(42368K) NonClass: 36462K(36864K)->36462K(36864K) Class: 5122K(5504K)->5122K(5504K)
[2026-07-01T02:10:06.157+0000][62.580s][info][gc          ] GC(58) Pause Young (Mixed) (G1 Evacuation Pause) 304M->162M(322M) 27.651ms
[2026-07-01T02:10:06.157+0000][62.580s][info][gc,cpu      ] GC(58) User=0.05s Sys=0.00s Real=0.02s
[2026-07-01T02:10:08.764+0000][65.187s][info][gc,start    ] GC(59) Pause Young (Concurrent Start) (G1 Evacuation Pause)
[2026-07-01T02:10:08.764+0000][65.187s][info][gc,task     ] GC(59) Using 1 workers of 1 for evacuation
[2026-07-01T02:10:08.840+0000][65.263s][info][gc,phases   ] GC(59)   Pre Evacuate Collection Set: 0.17ms
[2026-07-01T02:10:08.840+0000][65.263s][info][gc,phases   ] GC(59)   Merge Heap Roots: 0.37ms
[2026-07-01T02:10:08.840+0000][65.263s][info][gc,phases   ] GC(59)   Evacuate Collection Set: 74.88ms
[2026-07-01T02:10:08.840+0000][65.263s][info][gc,phases   ] GC(59)   Post Evacuate Collection Set: 0.93ms
[2026-07-01T02:10:08.840+0000][65.263s][info][gc,phases   ] GC(59)   Other: 0.06ms
[2026-07-01T02:10:08.840+0000][65.263s][info][gc,heap     ] GC(59) Eden regions: 142->0(141)
[2026-07-01T02:10:08.840+0000][65.263s][info][gc,heap     ] GC(59) Survivor regions: 8->9(19)
[2026-07-01T02:10:08.840+0000][65.263s][info][gc,heap     ] GC(59) Old regions: 152->152
[2026-07-01T02:10:08.840+0000][65.263s][info][gc,heap     ] GC(59) Humongous regions: 3->3
[2026-07-01T02:10:08.840+0000][65.263s][info][gc,metaspace] GC(59) Metaspace: 41590K(42368K)->41590K(42368K) NonClass: 36468K(36864K)->36468K(36864K) Class: 5122K(5504K)->5122K(5504K)
[2026-07-01T02:10:08.840+0000][65.263s][info][gc          ] GC(59) Pause Young (Concurrent Start) (G1 Evacuation Pause) 304M->163M(322M) 76.558ms
[2026-07-01T02:10:08.840+0000][65.263s][info][gc          ] GC(60) Concurrent Mark Cycle
[2026-07-01T02:10:08.840+0000][65.263s][info][gc,marking  ] GC(60) Concurrent Scan Root Regions
[2026-07-01T02:10:08.840+0000][65.263s][info][gc,cpu      ] GC(59) User=0.03s Sys=0.00s Real=0.08s
[2026-07-01T02:10:09.043+0000][65.466s][info][gc,marking  ] GC(60) Concurrent Scan Root Regions 202.692ms
[2026-07-01T02:10:09.043+0000][65.466s][info][gc,marking  ] GC(60) Concurrent Mark
[2026-07-01T02:10:09.043+0000][65.466s][info][gc,marking  ] GC(60) Concurrent Mark From Roots
[2026-07-01T02:10:09.043+0000][65.466s][info][gc,task     ] GC(60) Using 1 workers of 1 for marking
[2026-07-01T02:10:10.754+0000][67.177s][info][gc,marking  ] GC(60) Concurrent Mark From Roots 1710.586ms
[2026-07-01T02:10:10.754+0000][67.177s][info][gc,marking  ] GC(60) Concurrent Preclean
[2026-07-01T02:10:10.754+0000][67.177s][info][gc,marking  ] GC(60) Concurrent Preclean 0.073ms
[2026-07-01T02:10:10.754+0000][67.177s][info][gc,start    ] GC(60) Pause Remark
[2026-07-01T02:10:10.769+0000][67.192s][info][gc          ] GC(60) Pause Remark 255M->255M(322M) 14.727ms
[2026-07-01T02:10:10.769+0000][67.192s][info][gc,cpu      ] GC(60) User=0.02s Sys=0.00s Real=0.02s
[2026-07-01T02:10:10.831+0000][67.254s][info][gc,marking  ] GC(60) Concurrent Mark 1787.841ms
[2026-07-01T02:10:10.831+0000][67.254s][info][gc,marking  ] GC(60) Concurrent Rebuild Remembered Sets and Scrub Regions
[2026-07-01T02:10:11.732+0000][68.155s][info][gc,start    ] GC(61) Pause Young (Normal) (G1 Evacuation Pause)
[2026-07-01T02:10:11.732+0000][68.155s][info][gc,task     ] GC(61) Using 1 workers of 1 for evacuation
[2026-07-01T02:10:11.760+0000][68.184s][info][gc,phases   ] GC(61)   Pre Evacuate Collection Set: 0.23ms
[2026-07-01T02:10:11.761+0000][68.184s][info][gc,phases   ] GC(61)   Merge Heap Roots: 0.64ms
[2026-07-01T02:10:11.761+0000][68.184s][info][gc,phases   ] GC(61)   Evacuate Collection Set: 26.53ms
[2026-07-01T02:10:11.761+0000][68.184s][info][gc,phases   ] GC(61)   Post Evacuate Collection Set: 0.91ms
[2026-07-01T02:10:11.761+0000][68.184s][info][gc,phases   ] GC(61)   Other: 0.06ms
[2026-07-01T02:10:11.761+0000][68.184s][info][gc,heap     ] GC(61) Eden regions: 141->0(141)
[2026-07-01T02:10:11.761+0000][68.184s][info][gc,heap     ] GC(61) Survivor regions: 9->9(19)
[2026-07-01T02:10:11.761+0000][68.184s][info][gc,heap     ] GC(61) Old regions: 152->152
[2026-07-01T02:10:11.761+0000][68.184s][info][gc,heap     ] GC(61) Humongous regions: 3->3
[2026-07-01T02:10:11.761+0000][68.184s][info][gc,metaspace] GC(61) Metaspace: 41610K(42368K)->41610K(42368K) NonClass: 36488K(36864K)->36488K(36864K) Class: 5122K(5504K)->5122K(5504K)
[2026-07-01T02:10:11.761+0000][68.184s][info][gc          ] GC(61) Pause Young (Normal) (G1 Evacuation Pause) 304M->163M(322M) 28.544ms
[2026-07-01T02:10:11.761+0000][68.184s][info][gc,cpu      ] GC(61) User=0.03s Sys=0.00s Real=0.03s
[2026-07-01T02:10:11.852+0000][68.275s][info][gc,marking  ] GC(60) Concurrent Rebuild Remembered Sets and Scrub Regions 1021.344ms
[2026-07-01T02:10:11.853+0000][68.276s][info][gc,start    ] GC(60) Pause Cleanup
[2026-07-01T02:10:11.853+0000][68.276s][info][gc          ] GC(60) Pause Cleanup 169M->169M(322M) 0.182ms
[2026-07-01T02:10:11.853+0000][68.276s][info][gc,cpu      ] GC(60) User=0.00s Sys=0.00s Real=0.00s
[2026-07-01T02:10:11.854+0000][68.278s][info][gc,marking  ] GC(60) Concurrent Clear Claimed Marks
[2026-07-01T02:10:11.854+0000][68.278s][info][gc,marking  ] GC(60) Concurrent Clear Claimed Marks 0.091ms
[2026-07-01T02:10:11.854+0000][68.278s][info][gc,marking  ] GC(60) Concurrent Cleanup for Next Mark
[2026-07-01T02:10:11.857+0000][68.280s][info][gc,marking  ] GC(60) Concurrent Cleanup for Next Mark 2.189ms
[2026-07-01T02:10:11.857+0000][68.280s][info][gc          ] GC(60) Concurrent Mark Cycle 3016.371ms
[2026-07-01T02:10:14.138+0000][70.561s][info][gc,start    ] GC(62) Pause Young (Prepare Mixed) (G1 Evacuation Pause)
[2026-07-01T02:10:14.138+0000][70.561s][info][gc,task     ] GC(62) Using 1 workers of 1 for evacuation
[2026-07-01T02:10:14.168+0000][70.591s][info][gc,phases   ] GC(62)   Pre Evacuate Collection Set: 0.21ms
[2026-07-01T02:10:14.168+0000][70.591s][info][gc,phases   ] GC(62)   Merge Heap Roots: 0.75ms
[2026-07-01T02:10:14.168+0000][70.591s][info][gc,phases   ] GC(62)   Evacuate Collection Set: 28.21ms
[2026-07-01T02:10:14.168+0000][70.591s][info][gc,phases   ] GC(62)   Post Evacuate Collection Set: 0.73ms
[2026-07-01T02:10:14.168+0000][70.591s][info][gc,phases   ] GC(62)   Other: 0.06ms
[2026-07-01T02:10:14.168+0000][70.591s][info][gc,heap     ] GC(62) Eden regions: 141->0(140)
[2026-07-01T02:10:14.168+0000][70.591s][info][gc,heap     ] GC(62) Survivor regions: 9->9(19)
[2026-07-01T02:10:14.168+0000][70.591s][info][gc,heap     ] GC(62) Old regions: 152->153
[2026-07-01T02:10:14.168+0000][70.591s][info][gc,heap     ] GC(62) Humongous regions: 3->3
[2026-07-01T02:10:14.168+0000][70.591s][info][gc,metaspace] GC(62) Metaspace: 41612K(42368K)->41612K(42368K) NonClass: 36489K(36864K)->36489K(36864K) Class: 5122K(5504K)->5122K(5504K)
[2026-07-01T02:10:14.168+0000][70.591s][info][gc          ] GC(62) Pause Young (Prepare Mixed) (G1 Evacuation Pause) 304M->164M(322M) 30.139ms
[2026-07-01T02:10:14.168+0000][70.592s][info][gc,cpu      ] GC(62) User=0.03s Sys=0.00s Real=0.03s
[2026-07-01T02:10:16.565+0000][72.988s][info][gc,start    ] GC(63) Pause Young (Mixed) (G1 Evacuation Pause)
[2026-07-01T02:10:16.565+0000][72.988s][info][gc,task     ] GC(63) Using 1 workers of 1 for evacuation
[2026-07-01T02:10:16.656+0000][73.080s][info][gc,phases   ] GC(63)   Pre Evacuate Collection Set: 0.19ms
[2026-07-01T02:10:16.656+0000][73.080s][info][gc,phases   ] GC(63)   Merge Heap Roots: 0.80ms
[2026-07-01T02:10:16.656+0000][73.080s][info][gc,phases   ] GC(63)   Evacuate Collection Set: 89.55ms
[2026-07-01T02:10:16.656+0000][73.080s][info][gc,phases   ] GC(63)   Post Evacuate Collection Set: 0.65ms
[2026-07-01T02:10:16.656+0000][73.080s][info][gc,phases   ] GC(63)   Other: 0.07ms
[2026-07-01T02:10:16.656+0000][73.080s][info][gc,heap     ] GC(63) Eden regions: 140->0(141)
[2026-07-01T02:10:16.656+0000][73.080s][info][gc,heap     ] GC(63) Survivor regions: 9->8(19)
[2026-07-01T02:10:16.656+0000][73.080s][info][gc,heap     ] GC(63) Old regions: 153->153
[2026-07-01T02:10:16.656+0000][73.080s][info][gc,heap     ] GC(63) Humongous regions: 3->3
[2026-07-01T02:10:16.656+0000][73.080s][info][gc,metaspace] GC(63) Metaspace: 41612K(42368K)->41612K(42368K) NonClass: 36489K(36864K)->36489K(36864K) Class: 5122K(5504K)->5122K(5504K)
[2026-07-01T02:10:16.657+0000][73.080s][info][gc          ] GC(63) Pause Young (Mixed) (G1 Evacuation Pause) 304M->163M(322M) 91.426ms
[2026-07-01T02:10:16.657+0000][73.080s][info][gc,cpu      ] GC(63) User=0.04s Sys=0.00s Real=0.09s
[2026-07-01T02:10:18.843+0000][75.266s][info][gc,start    ] GC(64) Pause Young (Concurrent Start) (G1 Evacuation Pause)
[2026-07-01T02:10:18.843+0000][75.267s][info][gc,task     ] GC(64) Using 1 workers of 1 for evacuation
[2026-07-01T02:10:18.872+0000][75.295s][info][gc,phases   ] GC(64)   Pre Evacuate Collection Set: 0.28ms
[2026-07-01T02:10:18.872+0000][75.295s][info][gc,phases   ] GC(64)   Merge Heap Roots: 0.50ms
[2026-07-01T02:10:18.872+0000][75.295s][info][gc,phases   ] GC(64)   Evacuate Collection Set: 26.67ms
[2026-07-01T02:10:18.872+0000][75.295s][info][gc,phases   ] GC(64)   Post Evacuate Collection Set: 0.73ms
[2026-07-01T02:10:18.872+0000][75.295s][info][gc,phases   ] GC(64)   Other: 0.11ms
[2026-07-01T02:10:18.872+0000][75.295s][info][gc,heap     ] GC(64) Eden regions: 141->0(139)
[2026-07-01T02:10:18.872+0000][75.295s][info][gc,heap     ] GC(64) Survivor regions: 8->9(19)
[2026-07-01T02:10:18.872+0000][75.295s][info][gc,heap     ] GC(64) Old regions: 153->154
[2026-07-01T02:10:18.872+0000][75.295s][info][gc,heap     ] GC(64) Humongous regions: 3->3
[2026-07-01T02:10:18.872+0000][75.295s][info][gc,metaspace] GC(64) Metaspace: 41614K(42432K)->41614K(42432K) NonClass: 36491K(36928K)->36491K(36928K) Class: 5123K(5504K)->5123K(5504K)
[2026-07-01T02:10:18.872+0000][75.295s][info][gc          ] GC(64) Pause Young (Concurrent Start) (G1 Evacuation Pause) 304M->164M(322M) 28.474ms
[2026-07-01T02:10:18.872+0000][75.295s][info][gc          ] GC(65) Concurrent Mark Cycle
[2026-07-01T02:10:18.872+0000][75.295s][info][gc,cpu      ] GC(64) User=0.03s Sys=0.00s Real=0.03s
[2026-07-01T02:10:18.872+0000][75.295s][info][gc,marking  ] GC(65) Concurrent Scan Root Regions
[2026-07-01T02:10:18.935+0000][75.358s][info][gc,marking  ] GC(65) Concurrent Scan Root Regions 62.925ms
[2026-07-01T02:10:18.935+0000][75.358s][info][gc,marking  ] GC(65) Concurrent Mark
[2026-07-01T02:10:18.935+0000][75.358s][info][gc,marking  ] GC(65) Concurrent Mark From Roots
[2026-07-01T02:10:18.935+0000][75.358s][info][gc,task     ] GC(65) Using 1 workers of 1 for marking
[2026-07-01T02:10:20.538+0000][76.961s][info][gc,marking  ] GC(65) Concurrent Mark From Roots 1603.466ms
[2026-07-01T02:10:20.538+0000][76.961s][info][gc,marking  ] GC(65) Concurrent Preclean
[2026-07-01T02:10:20.538+0000][76.962s][info][gc,marking  ] GC(65) Concurrent Preclean 0.137ms
[2026-07-01T02:10:20.539+0000][76.962s][info][gc,start    ] GC(65) Pause Remark
[2026-07-01T02:10:20.551+0000][76.974s][info][gc          ] GC(65) Pause Remark 251M->251M(322M) 11.526ms
[2026-07-01T02:10:20.551+0000][76.974s][info][gc,cpu      ] GC(65) User=0.01s Sys=0.00s Real=0.01s
[2026-07-01T02:10:20.559+0000][76.983s][info][gc,marking  ] GC(65) Concurrent Mark 1624.718ms
[2026-07-01T02:10:20.559+0000][76.983s][info][gc,marking  ] GC(65) Concurrent Rebuild Remembered Sets and Scrub Regions
[2026-07-01T02:10:21.444+0000][77.867s][info][gc,marking  ] GC(65) Concurrent Rebuild Remembered Sets and Scrub Regions 884.535ms
[2026-07-01T02:10:21.444+0000][77.867s][info][gc,start    ] GC(65) Pause Cleanup
[2026-07-01T02:10:21.445+0000][77.868s][info][gc          ] GC(65) Pause Cleanup 298M->298M(322M) 0.856ms
[2026-07-01T02:10:21.445+0000][77.868s][info][gc,cpu      ] GC(65) User=0.00s Sys=0.00s Real=0.00s
[2026-07-01T02:10:21.448+0000][77.871s][info][gc,marking  ] GC(65) Concurrent Clear Claimed Marks
[2026-07-01T02:10:21.448+0000][77.871s][info][gc,marking  ] GC(65) Concurrent Clear Claimed Marks 0.098ms
[2026-07-01T02:10:21.448+0000][77.871s][info][gc,marking  ] GC(65) Concurrent Cleanup for Next Mark
[2026-07-01T02:10:21.451+0000][77.875s][info][gc,marking  ] GC(65) Concurrent Cleanup for Next Mark 3.420ms
[2026-07-01T02:10:21.451+0000][77.875s][info][gc          ] GC(65) Concurrent Mark Cycle 2579.639ms
[2026-07-01T02:10:21.548+0000][77.971s][info][gc,start    ] GC(66) Pause Young (Prepare Mixed) (G1 Evacuation Pause)
[2026-07-01T02:10:21.548+0000][77.971s][info][gc,task     ] GC(66) Using 1 workers of 1 for evacuation
[2026-07-01T02:10:21.636+0000][78.059s][info][gc,phases   ] GC(66)   Pre Evacuate Collection Set: 0.87ms
[2026-07-01T02:10:21.636+0000][78.059s][info][gc,phases   ] GC(66)   Merge Heap Roots: 1.24ms
[2026-07-01T02:10:21.636+0000][78.059s][info][gc,phases   ] GC(66)   Evacuate Collection Set: 84.55ms
[2026-07-01T02:10:21.636+0000][78.059s][info][gc,phases   ] GC(66)   Post Evacuate Collection Set: 1.13ms
[2026-07-01T02:10:21.636+0000][78.059s][info][gc,phases   ] GC(66)   Other: 0.07ms
[2026-07-01T02:10:21.636+0000][78.059s][info][gc,heap     ] GC(66) Eden regions: 139->0(139)
[2026-07-01T02:10:21.636+0000][78.059s][info][gc,heap     ] GC(66) Survivor regions: 9->9(19)
[2026-07-01T02:10:21.636+0000][78.059s][info][gc,heap     ] GC(66) Old regions: 154->154
[2026-07-01T02:10:21.636+0000][78.059s][info][gc,heap     ] GC(66) Humongous regions: 3->3
[2026-07-01T02:10:21.636+0000][78.059s][info][gc,metaspace] GC(66) Metaspace: 41614K(42432K)->41614K(42432K) NonClass: 36491K(36928K)->36491K(36928K) Class: 5123K(5504K)->5123K(5504K)
[2026-07-01T02:10:21.636+0000][78.059s][info][gc          ] GC(66) Pause Young (Prepare Mixed) (G1 Evacuation Pause) 303M->165M(322M) 88.094ms
[2026-07-01T02:10:21.636+0000][78.059s][info][gc,cpu      ] GC(66) User=0.07s Sys=0.00s Real=0.08s
[2026-07-01T02:10:23.856+0000][80.279s][info][gc,start    ] GC(67) Pause Young (Mixed) (G1 Evacuation Pause)
[2026-07-01T02:10:23.856+0000][80.279s][info][gc,task     ] GC(67) Using 1 workers of 1 for evacuation
[2026-07-01T02:10:24.030+0000][80.453s][info][gc,phases   ] GC(67)   Pre Evacuate Collection Set: 0.25ms
[2026-07-01T02:10:24.030+0000][80.453s][info][gc,phases   ] GC(67)   Merge Heap Roots: 0.82ms
[2026-07-01T02:10:24.030+0000][80.453s][info][gc,phases   ] GC(67)   Evacuate Collection Set: 171.47ms
[2026-07-01T02:10:24.030+0000][80.453s][info][gc,phases   ] GC(67)   Post Evacuate Collection Set: 1.40ms
[2026-07-01T02:10:24.030+0000][80.453s][info][gc,phases   ] GC(67)   Other: 0.07ms
[2026-07-01T02:10:24.030+0000][80.453s][info][gc,heap     ] GC(67) Eden regions: 139->0(183)
[2026-07-01T02:10:24.030+0000][80.453s][info][gc,heap     ] GC(67) Survivor regions: 9->9(19)
[2026-07-01T02:10:24.030+0000][80.453s][info][gc,heap     ] GC(67) Old regions: 154->154
[2026-07-01T02:10:24.030+0000][80.453s][info][gc,heap     ] GC(67) Humongous regions: 3->3
[2026-07-01T02:10:24.030+0000][80.453s][info][gc,metaspace] GC(67) Metaspace: 41615K(42432K)->41615K(42432K) NonClass: 36492K(36928K)->36492K(36928K) Class: 5123K(5504K)->5123K(5504K)
[2026-07-01T02:10:24.030+0000][80.453s][info][gc          ] GC(67) Pause Young (Mixed) (G1 Evacuation Pause) 304M->165M(368M) 174.211ms
[2026-07-01T02:10:24.030+0000][80.453s][info][gc,cpu      ] GC(67) User=0.15s Sys=0.00s Real=0.18s
[2026-07-01T02:10:26.863+0000][83.287s][info][gc,start    ] GC(68) Pause Young (Concurrent Start) (G1 Evacuation Pause)
[2026-07-01T02:10:26.863+0000][83.287s][info][gc,task     ] GC(68) Using 1 workers of 1 for evacuation
[2026-07-01T02:10:26.940+0000][83.364s][info][gc,phases   ] GC(68)   Pre Evacuate Collection Set: 0.26ms
[2026-07-01T02:10:26.940+0000][83.364s][info][gc,phases   ] GC(68)   Merge Heap Roots: 0.56ms
[2026-07-01T02:10:26.940+0000][83.364s][info][gc,phases   ] GC(68)   Evacuate Collection Set: 75.02ms
[2026-07-01T02:10:26.940+0000][83.364s][info][gc,phases   ] GC(68)   Post Evacuate Collection Set: 1.14ms
[2026-07-01T02:10:26.940+0000][83.364s][info][gc,phases   ] GC(68)   Other: 0.11ms
[2026-07-01T02:10:26.941+0000][83.364s][info][gc,heap     ] GC(68) Eden regions: 183->0(182)
[2026-07-01T02:10:26.941+0000][83.364s][info][gc,heap     ] GC(68) Survivor regions: 9->9(24)
[2026-07-01T02:10:26.941+0000][83.364s][info][gc,heap     ] GC(68) Old regions: 154->155
[2026-07-01T02:10:26.941+0000][83.364s][info][gc,heap     ] GC(68) Humongous regions: 3->3
[2026-07-01T02:10:26.941+0000][83.364s][info][gc,metaspace] GC(68) Metaspace: 41615K(42432K)->41615K(42432K) NonClass: 36492K(36928K)->36492K(36928K) Class: 5123K(5504K)->5123K(5504K)
[2026-07-01T02:10:26.941+0000][83.364s][info][gc          ] GC(68) Pause Young (Concurrent Start) (G1 Evacuation Pause) 348M->165M(368M) 77.259ms
[2026-07-01T02:10:26.941+0000][83.364s][info][gc          ] GC(69) Concurrent Mark Cycle
[2026-07-01T02:10:26.941+0000][83.364s][info][gc,marking  ] GC(69) Concurrent Scan Root Regions
[2026-07-01T02:10:26.941+0000][83.364s][info][gc,cpu      ] GC(68) User=0.03s Sys=0.00s Real=0.08s
[2026-07-01T02:10:26.961+0000][83.384s][info][gc,marking  ] GC(69) Concurrent Scan Root Regions 20.595ms
[2026-07-01T02:10:26.961+0000][83.384s][info][gc,marking  ] GC(69) Concurrent Mark
[2026-07-01T02:10:26.961+0000][83.384s][info][gc,marking  ] GC(69) Concurrent Mark From Roots
[2026-07-01T02:10:26.961+0000][83.384s][info][gc,task     ] GC(69) Using 1 workers of 1 for marking
[2026-07-01T02:10:28.355+0000][84.778s][info][gc,marking  ] GC(69) Concurrent Mark From Roots 1393.853ms
[2026-07-01T02:10:28.355+0000][84.778s][info][gc,marking  ] GC(69) Concurrent Preclean
[2026-07-01T02:10:28.355+0000][84.779s][info][gc,marking  ] GC(69) Concurrent Preclean 0.125ms
[2026-07-01T02:10:28.356+0000][84.780s][info][gc,start    ] GC(69) Pause Remark
[2026-07-01T02:10:28.369+0000][84.793s][info][gc,heap     ] GC(69) Heap shrink completed: uncommitted 34 regions (34MB), heap size now 334MB
[2026-07-01T02:10:28.369+0000][84.793s][info][gc          ] GC(69) Pause Remark 244M->244M(334M) 13.078ms
[2026-07-01T02:10:28.370+0000][84.793s][info][gc,cpu      ] GC(69) User=0.01s Sys=0.00s Real=0.02s
[2026-07-01T02:10:28.372+0000][84.795s][info][gc,marking  ] GC(69) Concurrent Mark 1410.946ms
[2026-07-01T02:10:28.372+0000][84.795s][info][gc,marking  ] GC(69) Concurrent Rebuild Remembered Sets and Scrub Regions
[2026-07-01T02:10:29.434+0000][85.857s][info][gc,marking  ] GC(69) Concurrent Rebuild Remembered Sets and Scrub Regions 1061.571ms
[2026-07-01T02:10:29.434+0000][85.857s][info][gc,start    ] GC(69) Pause Cleanup
[2026-07-01T02:10:29.434+0000][85.858s][info][gc          ] GC(69) Pause Cleanup 303M->303M(334M) 0.272ms
[2026-07-01T02:10:29.434+0000][85.858s][info][gc,cpu      ] GC(69) User=0.00s Sys=0.00s Real=0.00s
[2026-07-01T02:10:29.439+0000][85.862s][info][gc,marking  ] GC(69) Concurrent Clear Claimed Marks
[2026-07-01T02:10:29.439+0000][85.862s][info][gc,marking  ] GC(69) Concurrent Clear Claimed Marks 0.118ms
[2026-07-01T02:10:29.439+0000][85.862s][info][gc,marking  ] GC(69) Concurrent Cleanup for Next Mark
[2026-07-01T02:10:29.446+0000][85.869s][info][gc,marking  ] GC(69) Concurrent Cleanup for Next Mark 6.870ms
[2026-07-01T02:10:29.446+0000][85.869s][info][gc          ] GC(69) Concurrent Mark Cycle 2505.537ms
[2026-07-01T02:10:29.858+0000][86.282s][info][gc,start    ] GC(70) Pause Young (Prepare Mixed) (G1 Evacuation Pause)
[2026-07-01T02:10:29.858+0000][86.282s][info][gc,task     ] GC(70) Using 1 workers of 1 for evacuation
[2026-07-01T02:10:29.937+0000][86.360s][info][gc,phases   ] GC(70)   Pre Evacuate Collection Set: 0.19ms
[2026-07-01T02:10:29.937+0000][86.360s][info][gc,phases   ] GC(70)   Merge Heap Roots: 1.39ms
[2026-07-01T02:10:29.937+0000][86.360s][info][gc,phases   ] GC(70)   Evacuate Collection Set: 75.88ms
[2026-07-01T02:10:29.937+0000][86.360s][info][gc,phases   ] GC(70)   Post Evacuate Collection Set: 0.85ms
[2026-07-01T02:10:29.937+0000][86.360s][info][gc,phases   ] GC(70)   Other: 0.05ms
[2026-07-01T02:10:29.937+0000][86.360s][info][gc,heap     ] GC(70) Eden regions: 167->0(158)
[2026-07-01T02:10:29.937+0000][86.360s][info][gc,heap     ] GC(70) Survivor regions: 9->9(24)
[2026-07-01T02:10:29.937+0000][86.360s][info][gc,heap     ] GC(70) Old regions: 155->156
[2026-07-01T02:10:29.937+0000][86.360s][info][gc,heap     ] GC(70) Humongous regions: 3->3
[2026-07-01T02:10:29.937+0000][86.360s][info][gc,metaspace] GC(70) Metaspace: 41618K(42432K)->41618K(42432K) NonClass: 36495K(36928K)->36495K(36928K) Class: 5123K(5504K)->5123K(5504K)
[2026-07-01T02:10:29.937+0000][86.360s][info][gc          ] GC(70) Pause Young (Prepare Mixed) (G1 Evacuation Pause) 332M->166M(344M) 78.513ms
[2026-07-01T02:10:29.937+0000][86.360s][info][gc,cpu      ] GC(70) User=0.02s Sys=0.01s Real=0.07s
[2026-07-01T02:10:32.268+0000][88.691s][info][gc,start    ] GC(71) Pause Young (Mixed) (G1 Evacuation Pause)
[2026-07-01T02:10:32.268+0000][88.691s][info][gc,task     ] GC(71) Using 1 workers of 1 for evacuation
[2026-07-01T02:10:32.359+0000][88.782s][info][gc,phases   ] GC(71)   Pre Evacuate Collection Set: 0.18ms
[2026-07-01T02:10:32.359+0000][88.782s][info][gc,phases   ] GC(71)   Merge Heap Roots: 0.61ms
[2026-07-01T02:10:32.359+0000][88.782s][info][gc,phases   ] GC(71)   Evacuate Collection Set: 88.75ms
[2026-07-01T02:10:32.359+0000][88.782s][info][gc,phases   ] GC(71)   Post Evacuate Collection Set: 0.87ms
[2026-07-01T02:10:32.359+0000][88.782s][info][gc,phases   ] GC(71)   Other: 0.06ms
[2026-07-01T02:10:32.359+0000][88.782s][info][gc,heap     ] GC(71) Eden regions: 158->0(159)
[2026-07-01T02:10:32.359+0000][88.782s][info][gc,heap     ] GC(71) Survivor regions: 9->9(21)
[2026-07-01T02:10:32.359+0000][88.782s][info][gc,heap     ] GC(71) Old regions: 156->155
[2026-07-01T02:10:32.359+0000][88.782s][info][gc,heap     ] GC(71) Humongous regions: 3->3
[2026-07-01T02:10:32.359+0000][88.782s][info][gc,metaspace] GC(71) Metaspace: 41622K(42496K)->41622K(42496K) NonClass: 36498K(36992K)->36498K(36992K) Class: 5123K(5504K)->5123K(5504K)
[2026-07-01T02:10:32.359+0000][88.782s][info][gc          ] GC(71) Pause Young (Mixed) (G1 Evacuation Pause) 324M->166M(344M) 90.675ms
[2026-07-01T02:10:32.359+0000][88.782s][info][gc,cpu      ] GC(71) User=0.04s Sys=0.00s Real=0.09s
[2026-07-01T02:10:34.745+0000][91.168s][info][gc,start    ] GC(72) Pause Young (Concurrent Start) (G1 Evacuation Pause)
[2026-07-01T02:10:34.745+0000][91.168s][info][gc,task     ] GC(72) Using 1 workers of 1 for evacuation
[2026-07-01T02:10:34.775+0000][91.198s][info][gc,phases   ] GC(72)   Pre Evacuate Collection Set: 0.77ms
[2026-07-01T02:10:34.775+0000][91.198s][info][gc,phases   ] GC(72)   Merge Heap Roots: 0.41ms
[2026-07-01T02:10:34.775+0000][91.198s][info][gc,phases   ] GC(72)   Evacuate Collection Set: 28.11ms
[2026-07-01T02:10:34.775+0000][91.198s][info][gc,phases   ] GC(72)   Post Evacuate Collection Set: 0.70ms
[2026-07-01T02:10:34.775+0000][91.198s][info][gc,phases   ] GC(72)   Other: 0.09ms
[2026-07-01T02:10:34.775+0000][91.198s][info][gc,heap     ] GC(72) Eden regions: 159->0(158)
[2026-07-01T02:10:34.775+0000][91.198s][info][gc,heap     ] GC(72) Survivor regions: 9->9(21)
[2026-07-01T02:10:34.775+0000][91.198s][info][gc,heap     ] GC(72) Old regions: 155->156
[2026-07-01T02:10:34.775+0000][91.198s][info][gc,heap     ] GC(72) Humongous regions: 3->3
[2026-07-01T02:10:34.775+0000][91.198s][info][gc,metaspace] GC(72) Metaspace: 41624K(42496K)->41624K(42496K) NonClass: 36500K(36992K)->36500K(36992K) Class: 5123K(5504K)->5123K(5504K)
[2026-07-01T02:10:34.775+0000][91.198s][info][gc          ] GC(72) Pause Young (Concurrent Start) (G1 Evacuation Pause) 325M->166M(344M) 30.251ms
[2026-07-01T02:10:34.775+0000][91.198s][info][gc          ] GC(73) Concurrent Mark Cycle
[2026-07-01T02:10:34.775+0000][91.198s][info][gc,cpu      ] GC(72) User=0.05s Sys=0.00s Real=0.03s
[2026-07-01T02:10:34.775+0000][91.198s][info][gc,marking  ] GC(73) Concurrent Scan Root Regions
[2026-07-01T02:10:34.837+0000][91.260s][info][gc,marking  ] GC(73) Concurrent Scan Root Regions 61.829ms
[2026-07-01T02:10:34.837+0000][91.260s][info][gc,marking  ] GC(73) Concurrent Mark
[2026-07-01T02:10:34.837+0000][91.260s][info][gc,marking  ] GC(73) Concurrent Mark From Roots
[2026-07-01T02:10:34.837+0000][91.260s][info][gc,task     ] GC(73) Using 1 workers of 1 for marking
[2026-07-01T02:10:36.632+0000][93.055s][info][gc,marking  ] GC(73) Concurrent Mark From Roots 1794.824ms
[2026-07-01T02:10:36.632+0000][93.055s][info][gc,marking  ] GC(73) Concurrent Preclean
[2026-07-01T02:10:36.632+0000][93.055s][info][gc,marking  ] GC(73) Concurrent Preclean 0.338ms
[2026-07-01T02:10:36.634+0000][93.057s][info][gc,start    ] GC(73) Pause Remark
[2026-07-01T02:10:36.644+0000][93.068s][info][gc,heap     ] GC(73) Heap shrink completed: uncommitted 8 regions (8MB), heap size now 336MB
[2026-07-01T02:10:36.644+0000][93.068s][info][gc          ] GC(73) Pause Remark 269M->269M(336M) 10.385ms
[2026-07-01T02:10:36.644+0000][93.068s][info][gc,cpu      ] GC(73) User=0.01s Sys=0.00s Real=0.01s
[2026-07-01T02:10:36.648+0000][93.072s][info][gc,marking  ] GC(73) Concurrent Mark 1811.456ms
[2026-07-01T02:10:36.648+0000][93.072s][info][gc,marking  ] GC(73) Concurrent Rebuild Remembered Sets and Scrub Regions
[2026-07-01T02:10:37.454+0000][93.877s][info][gc,marking  ] GC(73) Concurrent Rebuild Remembered Sets and Scrub Regions 805.191ms
[2026-07-01T02:10:37.454+0000][93.877s][info][gc,start    ] GC(73) Pause Cleanup
[2026-07-01T02:10:37.454+0000][93.877s][info][gc          ] GC(73) Pause Cleanup 317M->317M(336M) 0.184ms
[2026-07-01T02:10:37.454+0000][93.877s][info][gc,cpu      ] GC(73) User=0.00s Sys=0.00s Real=0.00s
[2026-07-01T02:10:37.454+0000][93.878s][info][gc,marking  ] GC(73) Concurrent Clear Claimed Marks
[2026-07-01T02:10:37.454+0000][93.878s][info][gc,marking  ] GC(73) Concurrent Clear Claimed Marks 0.080ms
[2026-07-01T02:10:37.454+0000][93.878s][info][gc,marking  ] GC(73) Concurrent Cleanup for Next Mark
[2026-07-01T02:10:37.455+0000][93.878s][info][gc,marking  ] GC(73) Concurrent Cleanup for Next Mark 0.577ms
[2026-07-01T02:10:37.455+0000][93.878s][info][gc          ] GC(73) Concurrent Mark Cycle 2680.042ms
[2026-07-01T02:10:37.561+0000][93.984s][info][gc,start    ] GC(74) Pause Young (Prepare Mixed) (G1 Evacuation Pause)
[2026-07-01T02:10:37.561+0000][93.984s][info][gc,task     ] GC(74) Using 1 workers of 1 for evacuation
[2026-07-01T02:10:37.647+0000][94.070s][info][gc,phases   ] GC(74)   Pre Evacuate Collection Set: 0.84ms
[2026-07-01T02:10:37.647+0000][94.070s][info][gc,phases   ] GC(74)   Merge Heap Roots: 1.43ms
[2026-07-01T02:10:37.647+0000][94.070s][info][gc,phases   ] GC(74)   Evacuate Collection Set: 82.78ms
[2026-07-01T02:10:37.647+0000][94.070s][info][gc,phases   ] GC(74)   Post Evacuate Collection Set: 0.92ms
[2026-07-01T02:10:37.647+0000][94.070s][info][gc,phases   ] GC(74)   Other: 0.06ms
[2026-07-01T02:10:37.647+0000][94.070s][info][gc,heap     ] GC(74) Eden regions: 158->0(149)
[2026-07-01T02:10:37.647+0000][94.070s][info][gc,heap     ] GC(74) Survivor regions: 9->9(21)
[2026-07-01T02:10:37.647+0000][94.070s][info][gc,heap     ] GC(74) Old regions: 156->157
[2026-07-01T02:10:37.647+0000][94.070s][info][gc,heap     ] GC(74) Humongous regions: 3->3
[2026-07-01T02:10:37.647+0000][94.070s][info][gc,metaspace] GC(74) Metaspace: 41624K(42496K)->41624K(42496K) NonClass: 36500K(36992K)->36500K(36992K) Class: 5123K(5504K)->5123K(5504K)
[2026-07-01T02:10:37.647+0000][94.070s][info][gc          ] GC(74) Pause Young (Prepare Mixed) (G1 Evacuation Pause) 324M->167M(336M) 86.178ms
[2026-07-01T02:10:37.647+0000][94.070s][info][gc,cpu      ] GC(74) User=0.05s Sys=0.00s Real=0.08s
[2026-07-01T02:10:39.666+0000][96.089s][info][gc,start    ] GC(75) Pause Young (Mixed) (G1 Evacuation Pause)
[2026-07-01T02:10:39.666+0000][96.089s][info][gc,task     ] GC(75) Using 1 workers of 1 for evacuation
[2026-07-01T02:10:39.744+0000][96.167s][info][gc,phases   ] GC(75)   Pre Evacuate Collection Set: 0.17ms
[2026-07-01T02:10:39.744+0000][96.168s][info][gc,phases   ] GC(75)   Merge Heap Roots: 0.48ms
[2026-07-01T02:10:39.744+0000][96.168s][info][gc,phases   ] GC(75)   Evacuate Collection Set: 74.88ms
[2026-07-01T02:10:39.744+0000][96.168s][info][gc,phases   ] GC(75)   Post Evacuate Collection Set: 2.56ms
[2026-07-01T02:10:39.744+0000][96.168s][info][gc,phases   ] GC(75)   Other: 0.06ms
[2026-07-01T02:10:39.744+0000][96.168s][info][gc,heap     ] GC(75) Eden regions: 149->0(352)
[2026-07-01T02:10:39.744+0000][96.168s][info][gc,heap     ] GC(75) Survivor regions: 9->9(20)
[2026-07-01T02:10:39.744+0000][96.168s][info][gc,heap     ] GC(75) Old regions: 157->157
[2026-07-01T02:10:39.744+0000][96.168s][info][gc,heap     ] GC(75) Humongous regions: 3->3
[2026-07-01T02:10:39.744+0000][96.168s][info][gc,metaspace] GC(75) Metaspace: 41628K(42496K)->41628K(42496K) NonClass: 36505K(36992K)->36505K(36992K) Class: 5123K(5504K)->5123K(5504K)
[2026-07-01T02:10:39.744+0000][96.168s][info][gc          ] GC(75) Pause Young (Mixed) (G1 Evacuation Pause) 316M->167M(603M) 78.318ms
[2026-07-01T02:10:39.744+0000][96.168s][info][gc,cpu      ] GC(75) User=0.04s Sys=0.01s Real=0.08s
