[2026-07-01T01:46:20.063+0000][0.022s][info][gc,init] CardTable entry size: 512
[2026-07-01T01:46:20.063+0000][0.023s][info][gc     ] Using Serial
[2026-07-01T01:46:20.063+0000][0.023s][info][gc,init] Version: 21.0.11+10-LTS (release)
[2026-07-01T01:46:20.063+0000][0.023s][info][gc,init] CPUs: 4 total, 2 available
[2026-07-01T01:46:20.063+0000][0.023s][info][gc,init] Memory: 1024M
[2026-07-01T01:46:20.063+0000][0.023s][info][gc,init] Large Page Support: Disabled
[2026-07-01T01:46:20.063+0000][0.023s][info][gc,init] NUMA Support: Disabled
[2026-07-01T01:46:20.063+0000][0.023s][info][gc,init] Compressed Oops: Enabled (32-bit)
[2026-07-01T01:46:20.063+0000][0.023s][info][gc,init] Heap Min Capacity: 8M
[2026-07-01T01:46:20.063+0000][0.023s][info][gc,init] Heap Initial Capacity: 16M
[2026-07-01T01:46:20.063+0000][0.023s][info][gc,init] Heap Max Capacity: 256M
[2026-07-01T01:46:20.063+0000][0.023s][info][gc,init] Pre-touch: Disabled
[2026-07-01T01:46:20.070+0000][0.030s][info][gc,metaspace] CDS archive(s) mapped at: [0x00007af77f000000-0x00007af77fc9b000-0x00007af77fc9b000), size 13217792, SharedBaseAddress: 0x00007af77f000000, ArchiveRelocationMode: 1.
[2026-07-01T01:46:20.070+0000][0.030s][info][gc,metaspace] Compressed class space mapped at: 0x00007af780000000-0x00007af7c0000000, reserved size: 1073741824
[2026-07-01T01:46:20.070+0000][0.030s][info][gc,metaspace] Narrow klass base: 0x00007af77f000000, Narrow klass shift: 0, Narrow klass range: 0x100000000
[2026-07-01T01:46:20.203+0000][0.162s][info][gc,start    ] GC(0) Pause Young (Allocation Failure)
[2026-07-01T01:46:20.204+0000][0.164s][info][gc,heap     ] GC(0) DefNew: 4416K(4928K)->511K(4928K) Eden: 4416K(4416K)->0K(4416K) From: 0K(512K)->511K(512K)
[2026-07-01T01:46:20.204+0000][0.164s][info][gc,heap     ] GC(0) Tenured: 1073K(10944K)->1142K(10944K)
[2026-07-01T01:46:20.204+0000][0.164s][info][gc,metaspace] GC(0) Metaspace: 1622K(1856K)->1622K(1856K) NonClass: 1437K(1536K)->1437K(1536K) Class: 184K(320K)->184K(320K)
[2026-07-01T01:46:20.204+0000][0.164s][info][gc          ] GC(0) Pause Young (Allocation Failure) 5M->1M(15M) 1.780ms
[2026-07-01T01:46:20.204+0000][0.164s][info][gc,cpu      ] GC(0) User=0.01s Sys=0.00s Real=0.00s
[2026-07-01T01:46:20.258+0000][0.217s][info][gc,start    ] GC(1) Pause Young (Allocation Failure)
[2026-07-01T01:46:20.259+0000][0.219s][info][gc,heap     ] GC(1) DefNew: 4927K(4928K)->239K(4928K) Eden: 4416K(4416K)->0K(4416K) From: 511K(512K)->239K(512K)
[2026-07-01T01:46:20.259+0000][0.219s][info][gc,heap     ] GC(1) Tenured: 1142K(10944K)->1645K(10944K)
[2026-07-01T01:46:20.259+0000][0.219s][info][gc,metaspace] GC(1) Metaspace: 2009K(2240K)->2009K(2240K) NonClass: 1790K(1920K)->1790K(1920K) Class: 218K(320K)->218K(320K)
[2026-07-01T01:46:20.259+0000][0.219s][info][gc          ] GC(1) Pause Young (Allocation Failure) 5M->1M(15M) 1.593ms
[2026-07-01T01:46:20.259+0000][0.219s][info][gc,cpu      ] GC(1) User=0.00s Sys=0.00s Real=0.01s
[2026-07-01T01:46:20.326+0000][0.285s][info][gc,start    ] GC(2) Pause Young (Allocation Failure)
[2026-07-01T01:46:20.327+0000][0.286s][info][gc,heap     ] GC(2) DefNew: 4655K(4928K)->512K(4928K) Eden: 4416K(4416K)->0K(4416K) From: 239K(512K)->512K(512K)
[2026-07-01T01:46:20.327+0000][0.286s][info][gc,heap     ] GC(2) Tenured: 1645K(10944K)->1679K(10944K)
[2026-07-01T01:46:20.327+0000][0.286s][info][gc,metaspace] GC(2) Metaspace: 2543K(2816K)->2543K(2816K) NonClass: 2282K(2432K)->2282K(2432K) Class: 261K(384K)->261K(384K)
[2026-07-01T01:46:20.327+0000][0.286s][info][gc          ] GC(2) Pause Young (Allocation Failure) 6M->2M(15M) 0.885ms
[2026-07-01T01:46:20.327+0000][0.286s][info][gc,cpu      ] GC(2) User=0.00s Sys=0.00s Real=0.00s
[2026-07-01T01:46:20.418+0000][0.378s][info][gc,start    ] GC(3) Pause Young (Allocation Failure)
[2026-07-01T01:46:20.419+0000][0.379s][info][gc,heap     ] GC(3) DefNew: 4928K(4928K)->270K(4928K) Eden: 4416K(4416K)->0K(4416K) From: 512K(512K)->270K(512K)
[2026-07-01T01:46:20.419+0000][0.379s][info][gc,heap     ] GC(3) Tenured: 1679K(10944K)->2182K(10944K)
[2026-07-01T01:46:20.419+0000][0.379s][info][gc,metaspace] GC(3) Metaspace: 3592K(3840K)->3592K(3840K) NonClass: 3203K(3328K)->3203K(3328K) Class: 389K(512K)->389K(512K)
[2026-07-01T01:46:20.419+0000][0.379s][info][gc          ] GC(3) Pause Young (Allocation Failure) 6M->2M(15M) 1.453ms
[2026-07-01T01:46:20.419+0000][0.379s][info][gc,cpu      ] GC(3) User=0.00s Sys=0.01s Real=0.01s
[2026-07-01T01:46:20.477+0000][0.437s][info][gc,start    ] GC(4) Pause Young (Allocation Failure)
[2026-07-01T01:46:20.478+0000][0.438s][info][gc,heap     ] GC(4) DefNew: 4686K(4928K)->349K(4928K) Eden: 4416K(4416K)->0K(4416K) From: 270K(512K)->349K(512K)
[2026-07-01T01:46:20.478+0000][0.438s][info][gc,heap     ] GC(4) Tenured: 2182K(10944K)->2425K(10944K)
[2026-07-01T01:46:20.478+0000][0.438s][info][gc,metaspace] GC(4) Metaspace: 4454K(4800K)->4454K(4800K) NonClass: 3955K(4160K)->3955K(4160K) Class: 499K(640K)->499K(640K)
[2026-07-01T01:46:20.478+0000][0.438s][info][gc          ] GC(4) Pause Young (Allocation Failure) 6M->2M(15M) 1.444ms
[2026-07-01T01:46:20.478+0000][0.438s][info][gc,cpu      ] GC(4) User=0.01s Sys=0.00s Real=0.01s
[2026-07-01T01:46:20.556+0000][0.516s][info][gc,start    ] GC(5) Pause Young (Allocation Failure)
[2026-07-01T01:46:20.558+0000][0.517s][info][gc,heap     ] GC(5) DefNew: 4765K(4928K)->237K(4928K) Eden: 4416K(4416K)->0K(4416K) From: 349K(512K)->237K(512K)
[2026-07-01T01:46:20.558+0000][0.518s][info][gc,heap     ] GC(5) Tenured: 2425K(10944K)->2757K(10944K)
[2026-07-01T01:46:20.558+0000][0.518s][info][gc,metaspace] GC(5) Metaspace: 5597K(5888K)->5597K(5888K) NonClass: 4951K(5120K)->4951K(5120K) Class: 646K(768K)->646K(768K)
[2026-07-01T01:46:20.558+0000][0.518s][info][gc          ] GC(5) Pause Young (Allocation Failure) 7M->2M(15M) 1.443ms
[2026-07-01T01:46:20.558+0000][0.518s][info][gc,cpu      ] GC(5) User=0.00s Sys=0.00s Real=0.00s
[2026-07-01T01:46:20.622+0000][0.581s][info][gc,start    ] GC(6) Pause Young (Allocation Failure)
[2026-07-01T01:46:20.623+0000][0.583s][info][gc,heap     ] GC(6) DefNew: 4653K(4928K)->433K(4928K) Eden: 4416K(4416K)->0K(4416K) From: 237K(512K)->433K(512K)
[2026-07-01T01:46:20.623+0000][0.583s][info][gc,heap     ] GC(6) Tenured: 2757K(10944K)->2757K(10944K)
[2026-07-01T01:46:20.623+0000][0.583s][info][gc,metaspace] GC(6) Metaspace: 6548K(6848K)->6548K(6848K) NonClass: 5779K(5952K)->5779K(5952K) Class: 769K(896K)->769K(896K)
[2026-07-01T01:46:20.623+0000][0.583s][info][gc          ] GC(6) Pause Young (Allocation Failure) 7M->3M(15M) 1.221ms
[2026-07-01T01:46:20.623+0000][0.583s][info][gc,cpu      ] GC(6) User=0.00s Sys=0.00s Real=0.00s
[2026-07-01T01:46:20.686+0000][0.646s][info][gc,start    ] GC(7) Pause Young (Allocation Failure)
[2026-07-01T01:46:20.688+0000][0.648s][info][gc,heap     ] GC(7) DefNew: 4849K(4928K)->512K(4928K) Eden: 4416K(4416K)->0K(4416K) From: 433K(512K)->512K(512K)
[2026-07-01T01:46:20.688+0000][0.648s][info][gc,heap     ] GC(7) Tenured: 2757K(10944K)->3195K(10944K)
[2026-07-01T01:46:20.688+0000][0.648s][info][gc,metaspace] GC(7) Metaspace: 7914K(8192K)->7914K(8192K) NonClass: 6985K(7168K)->6985K(7168K) Class: 928K(1024K)->928K(1024K)
[2026-07-01T01:46:20.688+0000][0.648s][info][gc          ] GC(7) Pause Young (Allocation Failure) 7M->3M(15M) 2.276ms
[2026-07-01T01:46:20.688+0000][0.648s][info][gc,cpu      ] GC(7) User=0.00s Sys=0.00s Real=0.01s
[2026-07-01T01:46:20.759+0000][0.718s][info][gc,start    ] GC(8) Pause Young (Allocation Failure)
[2026-07-01T01:46:20.761+0000][0.720s][info][gc,heap     ] GC(8) DefNew: 4928K(4928K)->312K(4928K) Eden: 4416K(4416K)->0K(4416K) From: 512K(512K)->312K(512K)
[2026-07-01T01:46:20.761+0000][0.720s][info][gc,heap     ] GC(8) Tenured: 3195K(10944K)->3703K(10944K)
[2026-07-01T01:46:20.761+0000][0.720s][info][gc,metaspace] GC(8) Metaspace: 8707K(9088K)->8707K(9088K) NonClass: 7658K(7872K)->7658K(7872K) Class: 1049K(1216K)->1049K(1216K)
[2026-07-01T01:46:20.761+0000][0.720s][info][gc          ] GC(8) Pause Young (Allocation Failure) 7M->3M(15M) 2.058ms
[2026-07-01T01:46:20.761+0000][0.720s][info][gc,cpu      ] GC(8) User=0.01s Sys=0.00s Real=0.00s
[2026-07-01T01:46:20.848+0000][0.807s][info][gc,start    ] GC(9) Pause Young (Allocation Failure)
[2026-07-01T01:46:20.850+0000][0.810s][info][gc,heap     ] GC(9) DefNew: 4728K(4928K)->259K(4928K) Eden: 4416K(4416K)->0K(4416K) From: 312K(512K)->259K(512K)
[2026-07-01T01:46:20.850+0000][0.810s][info][gc,heap     ] GC(9) Tenured: 3703K(10944K)->3995K(10944K)
[2026-07-01T01:46:20.850+0000][0.810s][info][gc,metaspace] GC(9) Metaspace: 9398K(9792K)->9398K(9792K) NonClass: 8252K(8448K)->8252K(8448K) Class: 1146K(1344K)->1146K(1344K)
[2026-07-01T01:46:20.850+0000][0.810s][info][gc          ] GC(9) Pause Young (Allocation Failure) 8M->4M(15M) 2.263ms
[2026-07-01T01:46:20.850+0000][0.810s][info][gc,cpu      ] GC(9) User=0.01s Sys=0.00s Real=0.01s
[2026-07-01T01:46:20.932+0000][0.892s][info][gc,start    ] GC(10) Pause Young (Allocation Failure)
[2026-07-01T01:46:20.934+0000][0.893s][info][gc,heap     ] GC(10) DefNew: 4675K(4928K)->256K(4928K) Eden: 4416K(4416K)->0K(4416K) From: 259K(512K)->256K(512K)
[2026-07-01T01:46:20.934+0000][0.893s][info][gc,heap     ] GC(10) Tenured: 3995K(10944K)->4238K(10944K)
[2026-07-01T01:46:20.934+0000][0.893s][info][gc,metaspace] GC(10) Metaspace: 10136K(10496K)->10136K(10496K) NonClass: 8854K(9024K)->8854K(9024K) Class: 1281K(1472K)->1281K(1472K)
[2026-07-01T01:46:20.934+0000][0.894s][info][gc          ] GC(10) Pause Young (Allocation Failure) 8M->4M(15M) 1.933ms
[2026-07-01T01:46:20.934+0000][0.894s][info][gc,cpu      ] GC(10) User=0.00s Sys=0.00s Real=0.00s
[2026-07-01T01:46:20.969+0000][0.928s][info][gc,start    ] GC(11) Pause Young (Allocation Failure)
[2026-07-01T01:46:20.970+0000][0.930s][info][gc,heap     ] GC(11) DefNew: 4671K(4928K)->229K(4928K) Eden: 4415K(4416K)->0K(4416K) From: 256K(512K)->229K(512K)
[2026-07-01T01:46:20.971+0000][0.930s][info][gc,heap     ] GC(11) Tenured: 4238K(10944K)->4475K(10944K)
[2026-07-01T01:46:20.971+0000][0.930s][info][gc,metaspace] GC(11) Metaspace: 11124K(11584K)->11124K(11584K) NonClass: 9717K(9984K)->9717K(9984K) Class: 1407K(1600K)->1407K(1600K)
[2026-07-01T01:46:20.971+0000][0.930s][info][gc          ] GC(11) Pause Young (Allocation Failure) 8M->4M(15M) 1.861ms
[2026-07-01T01:46:20.971+0000][0.930s][info][gc,cpu      ] GC(11) User=0.00s Sys=0.00s Real=0.00s
[2026-07-01T01:46:21.025+0000][0.985s][info][gc,start    ] GC(12) Pause Young (Allocation Failure)
[2026-07-01T01:46:21.026+0000][0.986s][info][gc,heap     ] GC(12) DefNew: 4645K(4928K)->356K(4928K) Eden: 4416K(4416K)->0K(4416K) From: 229K(512K)->356K(512K)
[2026-07-01T01:46:21.026+0000][0.986s][info][gc,heap     ] GC(12) Tenured: 4475K(10944K)->4475K(10944K)
[2026-07-01T01:46:21.026+0000][0.986s][info][gc,metaspace] GC(12) Metaspace: 12114K(12480K)->12114K(12480K) NonClass: 10600K(10816K)->10600K(10816K) Class: 1514K(1664K)->1514K(1664K)
[2026-07-01T01:46:21.026+0000][0.986s][info][gc          ] GC(12) Pause Young (Allocation Failure) 8M->4M(15M) 1.179ms
[2026-07-01T01:46:21.026+0000][0.986s][info][gc,cpu      ] GC(12) User=0.01s Sys=0.00s Real=0.00s
[2026-07-01T01:46:21.055+0000][1.014s][info][gc,start    ] GC(13) Pause Young (Allocation Failure)
[2026-07-01T01:46:21.059+0000][1.018s][info][gc,heap     ] GC(13) DefNew: 4772K(4928K)->512K(4928K) Eden: 4416K(4416K)->0K(4416K) From: 356K(512K)->512K(512K)
[2026-07-01T01:46:21.059+0000][1.018s][info][gc,heap     ] GC(13) Tenured: 4475K(10944K)->4835K(10944K)
[2026-07-01T01:46:21.059+0000][1.018s][info][gc,metaspace] GC(13) Metaspace: 12942K(13312K)->12942K(13312K) NonClass: 11332K(11520K)->11332K(11520K) Class: 1609K(1792K)->1609K(1792K)
[2026-07-01T01:46:21.059+0000][1.018s][info][gc          ] GC(13) Pause Young (Allocation Failure) 9M->5M(15M) 3.749ms
[2026-07-01T01:46:21.059+0000][1.018s][info][gc,cpu      ] GC(13) User=0.01s Sys=0.01s Real=0.01s
[2026-07-01T01:46:21.128+0000][1.087s][info][gc,start    ] GC(14) Pause Young (Allocation Failure)
[2026-07-01T01:46:21.130+0000][1.089s][info][gc,heap     ] GC(14) DefNew: 4928K(4928K)->390K(4928K) Eden: 4416K(4416K)->0K(4416K) From: 512K(512K)->390K(512K)
[2026-07-01T01:46:21.130+0000][1.089s][info][gc,heap     ] GC(14) Tenured: 4835K(10944K)->5322K(10944K)
[2026-07-01T01:46:21.130+0000][1.089s][info][gc,metaspace] GC(14) Metaspace: 13906K(14336K)->13906K(14336K) NonClass: 12169K(12416K)->12169K(12416K) Class: 1737K(1920K)->1737K(1920K)
[2026-07-01T01:46:21.130+0000][1.089s][info][gc          ] GC(14) Pause Young (Allocation Failure) 9M->5M(15M) 2.073ms
[2026-07-01T01:46:21.130+0000][1.089s][info][gc,cpu      ] GC(14) User=0.01s Sys=0.00s Real=0.01s
[2026-07-01T01:46:21.153+0000][1.112s][info][gc,start    ] GC(15) Pause Young (Allocation Failure)
[2026-07-01T01:46:21.155+0000][1.114s][info][gc,heap     ] GC(15) DefNew: 4806K(4928K)->179K(4928K) Eden: 4416K(4416K)->0K(4416K) From: 390K(512K)->179K(512K)
[2026-07-01T01:46:21.155+0000][1.114s][info][gc,heap     ] GC(15) Tenured: 5322K(10944K)->5692K(10944K)
[2026-07-01T01:46:21.155+0000][1.114s][info][gc,metaspace] GC(15) Metaspace: 14823K(15168K)->14823K(15168K) NonClass: 12980K(13184K)->12980K(13184K) Class: 1842K(1984K)->1842K(1984K)
[2026-07-01T01:46:21.155+0000][1.114s][info][gc          ] GC(15) Pause Young (Allocation Failure) 9M->5M(15M) 1.709ms
[2026-07-01T01:46:21.155+0000][1.114s][info][gc,cpu      ] GC(15) User=0.01s Sys=0.00s Real=0.00s
[2026-07-01T01:46:21.219+0000][1.178s][info][gc,start    ] GC(16) Pause Young (Allocation Failure)
[2026-07-01T01:46:21.220+0000][1.180s][info][gc,heap     ] GC(16) DefNew: 4595K(4928K)->336K(4928K) Eden: 4416K(4416K)->0K(4416K) From: 179K(512K)->336K(512K)
[2026-07-01T01:46:21.220+0000][1.180s][info][gc,heap     ] GC(16) Tenured: 5692K(10944K)->5692K(10944K)
[2026-07-01T01:46:21.220+0000][1.180s][info][gc,metaspace] GC(16) Metaspace: 15713K(16192K)->15713K(16192K) NonClass: 13742K(14016K)->13742K(14016K) Class: 1971K(2176K)->1971K(2176K)
[2026-07-01T01:46:21.220+0000][1.180s][info][gc          ] GC(16) Pause Young (Allocation Failure) 10M->5M(15M) 1.453ms
[2026-07-01T01:46:21.220+0000][1.180s][info][gc,cpu      ] GC(16) User=0.01s Sys=0.00s Real=0.00s
[2026-07-01T01:46:21.243+0000][1.203s][info][gc,start    ] GC(17) Pause Young (Allocation Failure)
[2026-07-01T01:46:21.245+0000][1.205s][info][gc,heap     ] GC(17) DefNew: 4747K(4928K)->328K(4928K) Eden: 4410K(4416K)->0K(4416K) From: 336K(512K)->328K(512K)
[2026-07-01T01:46:21.245+0000][1.205s][info][gc,heap     ] GC(17) Tenured: 5692K(10944K)->5857K(10944K)
[2026-07-01T01:46:21.245+0000][1.205s][info][gc,metaspace] GC(17) Metaspace: 16603K(17024K)->16603K(17024K) NonClass: 14510K(14720K)->14510K(14720K) Class: 2093K(2304K)->2093K(2304K)
[2026-07-01T01:46:21.245+0000][1.205s][info][gc          ] GC(17) Pause Young (Allocation Failure) 10M->6M(15M) 1.992ms
[2026-07-01T01:46:21.245+0000][1.205s][info][gc,cpu      ] GC(17) User=0.00s Sys=0.00s Real=0.00s
[2026-07-01T01:46:21.276+0000][1.235s][info][gc,start    ] GC(18) Pause Young (Allocation Failure)
[2026-07-01T01:46:21.314+0000][1.274s][info][gc,heap     ] GC(18) DefNew: 4744K(4928K)->511K(4928K) Eden: 4416K(4416K)->0K(4416K) From: 328K(512K)->511K(512K)
[2026-07-01T01:46:21.314+0000][1.274s][info][gc,heap     ] GC(18) Tenured: 5857K(10944K)->6290K(10944K)
[2026-07-01T01:46:21.314+0000][1.274s][info][gc,metaspace] GC(18) Metaspace: 17560K(17984K)->17560K(17984K) NonClass: 15355K(15616K)->15355K(15616K) Class: 2205K(2368K)->2205K(2368K)
[2026-07-01T01:46:21.314+0000][1.274s][info][gc          ] GC(18) Pause Young (Allocation Failure) 10M->6M(15M) 38.644ms
[2026-07-01T01:46:21.314+0000][1.274s][info][gc,cpu      ] GC(18) User=0.00s Sys=0.00s Real=0.04s
[2026-07-01T01:46:21.340+0000][1.300s][info][gc,start    ] GC(19) Pause Young (Allocation Failure)
[2026-07-01T01:46:21.343+0000][1.303s][info][gc,heap     ] GC(19) DefNew: 4927K(4928K)->443K(4928K) Eden: 4416K(4416K)->0K(4416K) From: 511K(512K)->443K(512K)
[2026-07-01T01:46:21.343+0000][1.303s][info][gc,heap     ] GC(19) Tenured: 6290K(10944K)->6780K(10944K)
[2026-07-01T01:46:21.343+0000][1.303s][info][gc,metaspace] GC(19) Metaspace: 18314K(18688K)->18314K(18688K) NonClass: 16016K(16256K)->16016K(16256K) Class: 2298K(2432K)->2298K(2432K)
[2026-07-01T01:46:21.343+0000][1.303s][info][gc          ] GC(19) Pause Young (Allocation Failure) 10M->7M(15M) 2.794ms
[2026-07-01T01:46:21.343+0000][1.303s][info][gc,cpu      ] GC(19) User=0.01s Sys=0.00s Real=0.00s
[2026-07-01T01:46:21.430+0000][1.390s][info][gc,start    ] GC(20) Pause Young (GCLocker Initiated GC)
[2026-07-01T01:46:21.432+0000][1.392s][info][gc,heap     ] GC(20) DefNew: 4864K(4928K)->393K(4928K) Eden: 4396K(4416K)->0K(4416K) From: 468K(512K)->393K(512K)
[2026-07-01T01:46:21.432+0000][1.392s][info][gc,heap     ] GC(20) Tenured: 6780K(10944K)->7193K(10944K)
[2026-07-01T01:46:21.432+0000][1.392s][info][gc,metaspace] GC(20) Metaspace: 18706K(19136K)->18706K(19136K) NonClass: 16365K(16640K)->16365K(16640K) Class: 2340K(2496K)->2340K(2496K)
[2026-07-01T01:46:21.432+0000][1.392s][info][gc          ] GC(20) Pause Young (GCLocker Initiated GC) 11M->7M(15M) 2.094ms
[2026-07-01T01:46:21.432+0000][1.392s][info][gc,cpu      ] GC(20) User=0.00s Sys=0.01s Real=0.00s
[2026-07-01T01:46:21.458+0000][1.418s][info][gc,start    ] GC(21) Pause Young (Allocation Failure)
[2026-07-01T01:46:21.459+0000][1.419s][info][gc,heap     ] GC(21) DefNew: 4809K(4928K)->207K(4928K) Eden: 4416K(4416K)->0K(4416K) From: 393K(512K)->207K(512K)
[2026-07-01T01:46:21.459+0000][1.419s][info][gc,heap     ] GC(21) Tenured: 7193K(10944K)->7511K(10944K)
[2026-07-01T01:46:21.459+0000][1.419s][info][gc,metaspace] GC(21) Metaspace: 19178K(19584K)->19178K(19584K) NonClass: 16784K(17024K)->16784K(17024K) Class: 2394K(2560K)->2394K(2560K)
[2026-07-01T01:46:21.459+0000][1.419s][info][gc          ] GC(21) Pause Young (Allocation Failure) 11M->7M(15M) 1.264ms
[2026-07-01T01:46:21.459+0000][1.419s][info][gc,cpu      ] GC(21) User=0.01s Sys=0.00s Real=0.00s
[2026-07-01T01:46:21.523+0000][1.483s][info][gc,start    ] GC(22) Pause Young (Allocation Failure)
[2026-07-01T01:46:21.525+0000][1.484s][info][gc,heap     ] GC(22) DefNew: 4623K(4928K)->452K(4928K) Eden: 4416K(4416K)->0K(4416K) From: 207K(512K)->452K(512K)
[2026-07-01T01:46:21.525+0000][1.484s][info][gc,heap     ] GC(22) Tenured: 7511K(10944K)->7511K(10944K)
[2026-07-01T01:46:21.525+0000][1.484s][info][gc,metaspace] GC(22) Metaspace: 19450K(19904K)->19450K(19904K) NonClass: 17016K(17280K)->17016K(17280K) Class: 2433K(2624K)->2433K(2624K)
[2026-07-01T01:46:21.525+0000][1.484s][info][gc          ] GC(22) Pause Young (Allocation Failure) 11M->7M(15M) 1.498ms
[2026-07-01T01:46:21.525+0000][1.484s][info][gc,cpu      ] GC(22) User=0.01s Sys=0.00s Real=0.00s
[2026-07-01T01:46:21.560+0000][1.519s][info][gc,start    ] GC(23) Pause Young (Allocation Failure)
[2026-07-01T01:46:21.561+0000][1.521s][info][gc,heap     ] GC(23) DefNew: 4868K(4928K)->284K(4928K) Eden: 4416K(4416K)->0K(4416K) From: 452K(512K)->284K(512K)
[2026-07-01T01:46:21.561+0000][1.521s][info][gc,heap     ] GC(23) Tenured: 7511K(10944K)->7945K(10944K)
[2026-07-01T01:46:21.561+0000][1.521s][info][gc,metaspace] GC(23) Metaspace: 19796K(20224K)->19796K(20224K) NonClass: 17311K(17536K)->17311K(17536K) Class: 2484K(2688K)->2484K(2688K)
[2026-07-01T01:46:21.561+0000][1.521s][info][gc          ] GC(23) Pause Young (Allocation Failure) 12M->8M(15M) 1.767ms
[2026-07-01T01:46:21.561+0000][1.521s][info][gc,cpu      ] GC(23) User=0.01s Sys=0.00s Real=0.00s
[2026-07-01T01:46:21.623+0000][1.582s][info][gc,start    ] GC(24) Pause Young (Allocation Failure)
[2026-07-01T01:46:21.624+0000][1.584s][info][gc,heap     ] GC(24) DefNew: 4700K(4928K)->237K(4928K) Eden: 4416K(4416K)->0K(4416K) From: 284K(512K)->237K(512K)
[2026-07-01T01:46:21.624+0000][1.584s][info][gc,heap     ] GC(24) Tenured: 7945K(10944K)->8214K(10944K)
[2026-07-01T01:46:21.624+0000][1.584s][info][gc,metaspace] GC(24) Metaspace: 20008K(20544K)->20008K(20544K) NonClass: 17501K(17792K)->17501K(17792K) Class: 2506K(2752K)->2506K(2752K)
[2026-07-01T01:46:21.624+0000][1.584s][info][gc          ] GC(24) Pause Young (Allocation Failure) 12M->8M(15M) 1.594ms
[2026-07-01T01:46:21.624+0000][1.584s][info][gc,cpu      ] GC(24) User=0.00s Sys=0.00s Real=0.00s
[2026-07-01T01:46:21.652+0000][1.612s][info][gc,start    ] GC(25) Pause Young (Allocation Failure)
[2026-07-01T01:46:21.654+0000][1.613s][info][gc,heap     ] GC(25) DefNew: 4653K(4928K)->512K(4928K) Eden: 4416K(4416K)->0K(4416K) From: 237K(512K)->512K(512K)
[2026-07-01T01:46:21.654+0000][1.613s][info][gc,heap     ] GC(25) Tenured: 8214K(10944K)->8259K(10944K)
[2026-07-01T01:46:21.654+0000][1.613s][info][gc,metaspace] GC(25) Metaspace: 20153K(20672K)->20153K(20672K) NonClass: 17636K(17920K)->17636K(17920K) Class: 2517K(2752K)->2517K(2752K)
[2026-07-01T01:46:21.654+0000][1.613s][info][gc          ] GC(25) Pause Young (Allocation Failure) 12M->8M(15M) 1.390ms
[2026-07-01T01:46:21.654+0000][1.613s][info][gc,cpu      ] GC(25) User=0.00s Sys=0.00s Real=0.00s
[2026-07-01T01:46:21.721+0000][1.681s][info][gc,start    ] GC(26) Pause Young (Allocation Failure)
[2026-07-01T01:46:21.723+0000][1.682s][info][gc,heap     ] GC(26) DefNew: 4928K(4928K)->280K(4928K) Eden: 4416K(4416K)->0K(4416K) From: 512K(512K)->280K(512K)
[2026-07-01T01:46:21.723+0000][1.682s][info][gc,heap     ] GC(26) Tenured: 8259K(10944K)->8762K(10944K)
[2026-07-01T01:46:21.723+0000][1.682s][info][gc,metaspace] GC(26) Metaspace: 20343K(20800K)->20343K(20800K) NonClass: 17812K(18048K)->17812K(18048K) Class: 2531K(2752K)->2531K(2752K)
[2026-07-01T01:46:21.723+0000][1.682s][info][gc          ] GC(26) Pause Young (Allocation Failure) 12M->8M(15M) 1.877ms
[2026-07-01T01:46:21.723+0000][1.683s][info][gc,cpu      ] GC(26) User=0.01s Sys=0.00s Real=0.00s
[2026-07-01T01:46:21.768+0000][1.727s][info][gc,start    ] GC(27) Pause Young (Allocation Failure)
[2026-07-01T01:46:21.770+0000][1.730s][info][gc,heap     ] GC(27) DefNew: 4696K(4928K)->224K(4928K) Eden: 4416K(4416K)->0K(4416K) From: 280K(512K)->224K(512K)
[2026-07-01T01:46:21.770+0000][1.730s][info][gc,heap     ] GC(27) Tenured: 8762K(10944K)->9024K(10944K)
[2026-07-01T01:46:21.770+0000][1.730s][info][gc,metaspace] GC(27) Metaspace: 20788K(21312K)->20788K(21312K) NonClass: 18203K(18496K)->18203K(18496K) Class: 2585K(2816K)->2585K(2816K)
[2026-07-01T01:46:21.770+0000][1.730s][info][gc          ] GC(27) Pause Young (Allocation Failure) 13M->9M(15M) 2.546ms
[2026-07-01T01:46:21.770+0000][1.730s][info][gc,cpu      ] GC(27) User=0.01s Sys=0.00s Real=0.01s
[2026-07-01T01:46:21.816+0000][1.775s][info][gc,start    ] GC(28) Pause Full (Metadata GC Threshold)
[2026-07-01T01:46:21.816+0000][1.775s][info][gc,phases,start] GC(28) Phase 1: Mark live objects
[2026-07-01T01:46:21.827+0000][1.787s][info][gc,phases      ] GC(28) Phase 1: Mark live objects 11.613ms
[2026-07-01T01:46:21.828+0000][1.787s][info][gc,phases,start] GC(28) Phase 2: Compute new object addresses
[2026-07-01T01:46:21.830+0000][1.790s][info][gc,phases      ] GC(28) Phase 2: Compute new object addresses 2.646ms
[2026-07-01T01:46:21.830+0000][1.790s][info][gc,phases,start] GC(28) Phase 3: Adjust pointers
[2026-07-01T01:46:21.836+0000][1.795s][info][gc,phases      ] GC(28) Phase 3: Adjust pointers 5.401ms
[2026-07-01T01:46:21.836+0000][1.795s][info][gc,phases,start] GC(28) Phase 4: Move objects
[2026-07-01T01:46:21.836+0000][1.796s][info][gc,phases      ] GC(28) Phase 4: Move objects 0.418ms
[2026-07-01T01:46:21.836+0000][1.796s][info][gc,heap        ] GC(28) DefNew: 2731K(4928K)->0K(6976K) Eden: 2506K(4416K)->0K(6208K) From: 224K(512K)->0K(768K)
[2026-07-01T01:46:21.836+0000][1.796s][info][gc,heap        ] GC(28) Tenured: 9024K(10944K)->9249K(15420K)
[2026-07-01T01:46:21.836+0000][1.796s][info][gc,metaspace   ] GC(28) Metaspace: 21083K(21504K)->21083K(21504K) NonClass: 18460K(18688K)->18460K(18688K) Class: 2622K(2816K)->2622K(2816K)
[2026-07-01T01:46:21.836+0000][1.796s][info][gc             ] GC(28) Pause Full (Metadata GC Threshold) 11M->9M(21M) 20.474ms
[2026-07-01T01:46:21.836+0000][1.796s][info][gc,cpu         ] GC(28) User=0.02s Sys=0.01s Real=0.02s
[2026-07-01T01:46:21.904+0000][1.863s][info][gc,start       ] GC(29) Pause Young (Allocation Failure)
[2026-07-01T01:46:21.906+0000][1.865s][info][gc,heap        ] GC(29) DefNew: 6208K(6976K)->335K(6976K) Eden: 6208K(6208K)->0K(6208K) From: 0K(768K)->335K(768K)
[2026-07-01T01:46:21.906+0000][1.865s][info][gc,heap        ] GC(29) Tenured: 9249K(15420K)->9249K(15420K)
[2026-07-01T01:46:21.906+0000][1.865s][info][gc,metaspace   ] GC(29) Metaspace: 21666K(22208K)->21666K(22208K) NonClass: 18963K(19264K)->18963K(19264K) Class: 2703K(2944K)->2703K(2944K)
[2026-07-01T01:46:21.906+0000][1.865s][info][gc             ] GC(29) Pause Young (Allocation Failure) 15M->9M(21M) 2.234ms
[2026-07-01T01:46:21.906+0000][1.865s][info][gc,cpu         ] GC(29) User=0.00s Sys=0.00s Real=0.00s
[2026-07-01T01:46:21.978+0000][1.937s][info][gc,start       ] GC(30) Pause Young (Allocation Failure)
[2026-07-01T01:46:21.980+0000][1.939s][info][gc,heap        ] GC(30) DefNew: 6543K(6976K)->702K(6976K) Eden: 6208K(6208K)->0K(6208K) From: 335K(768K)->702K(768K)
[2026-07-01T01:46:21.980+0000][1.939s][info][gc,heap        ] GC(30) Tenured: 9249K(15420K)->9249K(15420K)
[2026-07-01T01:46:21.980+0000][1.939s][info][gc,metaspace   ] GC(30) Metaspace: 22095K(22592K)->22095K(22592K) NonClass: 19328K(19584K)->19328K(19584K) Class: 2767K(3008K)->2767K(3008K)
[2026-07-01T01:46:21.980+0000][1.939s][info][gc             ] GC(30) Pause Young (Allocation Failure) 15M->9M(21M) 2.320ms
[2026-07-01T01:46:21.980+0000][1.940s][info][gc,cpu         ] GC(30) User=0.00s Sys=0.00s Real=0.01s
[2026-07-01T01:46:22.082+0000][2.042s][info][gc,start       ] GC(31) Pause Young (Allocation Failure)
[2026-07-01T01:46:22.085+0000][2.045s][info][gc,heap        ] GC(31) DefNew: 6910K(6976K)->462K(6976K) Eden: 6208K(6208K)->0K(6208K) From: 702K(768K)->462K(768K)
[2026-07-01T01:46:22.085+0000][2.045s][info][gc,heap        ] GC(31) Tenured: 9249K(15420K)->9928K(15420K)
[2026-07-01T01:46:22.085+0000][2.045s][info][gc,metaspace   ] GC(31) Metaspace: 22721K(23168K)->22721K(23168K) NonClass: 19877K(20096K)->19877K(20096K) Class: 2844K(3072K)->2844K(3072K)
[2026-07-01T01:46:22.085+0000][2.045s][info][gc             ] GC(31) Pause Young (Allocation Failure) 15M->10M(21M) 2.784ms
[2026-07-01T01:46:22.085+0000][2.045s][info][gc,cpu         ] GC(31) User=0.00s Sys=0.00s Real=0.00s
[2026-07-01T01:46:22.179+0000][2.139s][info][gc,start       ] GC(32) Pause Young (Allocation Failure)
[2026-07-01T01:46:22.182+0000][2.141s][info][gc,heap        ] GC(32) DefNew: 6665K(6976K)->704K(6976K) Eden: 6203K(6208K)->0K(6208K) From: 462K(768K)->704K(768K)
[2026-07-01T01:46:22.182+0000][2.141s][info][gc,heap        ] GC(32) Tenured: 9928K(15420K)->10342K(15420K)
[2026-07-01T01:46:22.182+0000][2.141s][info][gc,metaspace   ] GC(32) Metaspace: 23595K(24064K)->23595K(24064K) NonClass: 20627K(20864K)->20627K(20864K) Class: 2967K(3200K)->2967K(3200K)
[2026-07-01T01:46:22.182+0000][2.141s][info][gc             ] GC(32) Pause Young (Allocation Failure) 16M->10M(21M) 2.611ms
[2026-07-01T01:46:22.182+0000][2.141s][info][gc,cpu         ] GC(32) User=0.00s Sys=0.00s Real=0.00s
[2026-07-01T01:46:22.266+0000][2.226s][info][gc,start       ] GC(33) Pause Young (Allocation Failure)
[2026-07-01T01:46:22.271+0000][2.231s][info][gc,heap        ] GC(33) DefNew: 6912K(6976K)->634K(6976K) Eden: 6208K(6208K)->0K(6208K) From: 704K(768K)->634K(768K)
[2026-07-01T01:46:22.271+0000][2.231s][info][gc,heap        ] GC(33) Tenured: 10342K(15420K)->10927K(15420K)
[2026-07-01T01:46:22.271+0000][2.231s][info][gc,metaspace   ] GC(33) Metaspace: 24600K(25152K)->24600K(25152K) NonClass: 21441K(21760K)->21441K(21760K) Class: 3158K(3392K)->3158K(3392K)
[2026-07-01T01:46:22.271+0000][2.231s][info][gc             ] GC(33) Pause Young (Allocation Failure) 16M->11M(21M) 5.350ms
[2026-07-01T01:46:22.271+0000][2.231s][info][gc,cpu         ] GC(33) User=0.01s Sys=0.00s Real=0.01s
[2026-07-01T01:46:22.346+0000][2.306s][info][gc,start       ] GC(34) Pause Young (Allocation Failure)
[2026-07-01T01:46:22.349+0000][2.309s][info][gc,heap        ] GC(34) DefNew: 6842K(6976K)->636K(6976K) Eden: 6208K(6208K)->0K(6208K) From: 634K(768K)->636K(768K)
[2026-07-01T01:46:22.349+0000][2.309s][info][gc,heap        ] GC(34) Tenured: 10927K(15420K)->11536K(15420K)
[2026-07-01T01:46:22.349+0000][2.309s][info][gc,metaspace   ] GC(34) Metaspace: 26069K(26624K)->26069K(26624K) NonClass: 22756K(23040K)->22756K(23040K) Class: 3313K(3584K)->3313K(3584K)
[2026-07-01T01:46:22.349+0000][2.309s][info][gc             ] GC(34) Pause Young (Allocation Failure) 17M->11M(21M) 2.887ms
[2026-07-01T01:46:22.349+0000][2.309s][info][gc,cpu         ] GC(34) User=0.00s Sys=0.00s Real=0.01s
[2026-07-01T01:46:22.430+0000][2.389s][info][gc,start       ] GC(35) Pause Young (Allocation Failure)
[2026-07-01T01:46:22.433+0000][2.392s][info][gc,heap        ] GC(35) DefNew: 6844K(6976K)->405K(6976K) Eden: 6208K(6208K)->0K(6208K) From: 636K(768K)->405K(768K)
[2026-07-01T01:46:22.433+0000][2.392s][info][gc,heap        ] GC(35) Tenured: 11536K(15420K)->12154K(15420K)
[2026-07-01T01:46:22.433+0000][2.392s][info][gc,metaspace   ] GC(35) Metaspace: 27137K(27712K)->27137K(27712K) NonClass: 23694K(24000K)->23694K(24000K) Class: 3443K(3712K)->3443K(3712K)
[2026-07-01T01:46:22.433+0000][2.392s][info][gc             ] GC(35) Pause Young (Allocation Failure) 17M->12M(21M) 3.088ms
[2026-07-01T01:46:22.433+0000][2.392s][info][gc,cpu         ] GC(35) User=0.01s Sys=0.00s Real=0.00s
[2026-07-01T01:46:22.474+0000][2.434s][info][gc,start       ] GC(36) Pause Young (Allocation Failure)
[2026-07-01T01:46:22.476+0000][2.436s][info][gc,heap        ] GC(36) DefNew: 6613K(6976K)->183K(6976K) Eden: 6208K(6208K)->0K(6208K) From: 405K(768K)->183K(768K)
[2026-07-01T01:46:22.476+0000][2.436s][info][gc,heap        ] GC(36) Tenured: 12154K(15420K)->12539K(15420K)
[2026-07-01T01:46:22.476+0000][2.436s][info][gc,metaspace   ] GC(36) Metaspace: 27806K(28352K)->27806K(28352K) NonClass: 24274K(24576K)->24274K(24576K) Class: 3531K(3776K)->3531K(3776K)
[2026-07-01T01:46:22.476+0000][2.436s][info][gc             ] GC(36) Pause Young (Allocation Failure) 18M->12M(21M) 2.162ms
[2026-07-01T01:46:22.476+0000][2.436s][info][gc,cpu         ] GC(36) User=0.01s Sys=0.00s Real=0.00s
[2026-07-01T01:46:22.554+0000][2.514s][info][gc,start       ] GC(37) Pause Young (Allocation Failure)
[2026-07-01T01:46:22.557+0000][2.517s][info][gc,heap        ] GC(37) DefNew: 6391K(6976K)->758K(6976K) Eden: 6208K(6208K)->0K(6208K) From: 183K(768K)->758K(768K)
[2026-07-01T01:46:22.557+0000][2.517s][info][gc,heap        ] GC(37) Tenured: 12539K(15420K)->12539K(15420K)
[2026-07-01T01:46:22.557+0000][2.517s][info][gc,metaspace   ] GC(37) Metaspace: 28451K(29056K)->28451K(29056K) NonClass: 24813K(25152K)->24813K(25152K) Class: 3638K(3904K)->3638K(3904K)
[2026-07-01T01:46:22.557+0000][2.517s][info][gc             ] GC(37) Pause Young (Allocation Failure) 18M->12M(21M) 2.817ms
[2026-07-01T01:46:22.557+0000][2.517s][info][gc,cpu         ] GC(37) User=0.01s Sys=0.00s Real=0.00s
[2026-07-01T01:46:22.646+0000][2.606s][info][gc,start       ] GC(38) Pause Young (Allocation Failure)
[2026-07-01T01:46:22.650+0000][2.610s][info][gc,heap        ] GC(38) DefNew: 6966K(6976K)->766K(6976K) Eden: 6208K(6208K)->0K(6208K) From: 758K(768K)->766K(768K)
[2026-07-01T01:46:22.650+0000][2.610s][info][gc,heap        ] GC(38) Tenured: 12539K(15420K)->13269K(15420K)
[2026-07-01T01:46:22.650+0000][2.610s][info][gc,metaspace   ] GC(38) Metaspace: 29269K(29888K)->29269K(29888K) NonClass: 25513K(25856K)->25513K(25856K) Class: 3755K(4032K)->3755K(4032K)
[2026-07-01T01:46:22.650+0000][2.610s][info][gc             ] GC(38) Pause Young (Allocation Failure) 19M->13M(21M) 4.497ms
[2026-07-01T01:46:22.651+0000][2.610s][info][gc,cpu         ] GC(38) User=0.01s Sys=0.00s Real=0.01s
[2026-07-01T01:46:22.729+0000][2.689s][info][gc,start       ] GC(39) Pause Young (Allocation Failure)
[2026-07-01T01:46:22.733+0000][2.692s][info][gc,heap        ] GC(39) DefNew: 6974K(6976K)->549K(6976K) Eden: 6208K(6208K)->0K(6208K) From: 766K(768K)->549K(768K)
[2026-07-01T01:46:22.733+0000][2.692s][info][gc,heap        ] GC(39) Tenured: 13269K(15420K)->14002K(15420K)
[2026-07-01T01:46:22.733+0000][2.692s][info][gc,metaspace   ] GC(39) Metaspace: 30393K(30976K)->30393K(30976K) NonClass: 26482K(26816K)->26482K(26816K) Class: 3911K(4160K)->3911K(4160K)
[2026-07-01T01:46:22.733+0000][2.692s][info][gc             ] GC(39) Pause Young (Allocation Failure) 19M->14M(21M) 3.237ms
[2026-07-01T01:46:22.733+0000][2.692s][info][gc,cpu         ] GC(39) User=0.01s Sys=0.00s Real=0.00s
[2026-07-01T01:46:22.784+0000][2.744s][info][gc,start       ] GC(40) Pause Young (Allocation Failure)
[2026-07-01T01:46:22.787+0000][2.747s][info][gc,heap        ] GC(40) DefNew: 6757K(6976K)->320K(6976K) Eden: 6208K(6208K)->0K(6208K) From: 549K(768K)->320K(768K)
[2026-07-01T01:46:22.787+0000][2.747s][info][gc,heap        ] GC(40) Tenured: 14002K(15420K)->14533K(15420K)
[2026-07-01T01:46:22.787+0000][2.747s][info][gc,metaspace   ] GC(40) Metaspace: 31199K(31872K)->31199K(31872K) NonClass: 27171K(27584K)->27171K(27584K) Class: 4027K(4288K)->4027K(4288K)
[2026-07-01T01:46:22.787+0000][2.747s][info][gc             ] GC(40) Pause Young (Allocation Failure) 20M->14M(21M) 2.499ms
[2026-07-01T01:46:22.787+0000][2.747s][info][gc,cpu         ] GC(40) User=0.00s Sys=0.00s Real=0.00s
[2026-07-01T01:46:22.856+0000][2.816s][info][gc,start       ] GC(41) Pause Young (Allocation Failure)
[2026-07-01T01:46:22.859+0000][2.819s][info][gc,heap        ] GC(41) DefNew: 6528K(6976K)->704K(6976K) Eden: 6208K(6208K)->0K(6208K) From: 320K(768K)->704K(768K)
[2026-07-01T01:46:22.859+0000][2.819s][info][gc,heap        ] GC(41) Tenured: 14533K(15420K)->14533K(15420K)
[2026-07-01T01:46:22.859+0000][2.819s][info][gc,metaspace   ] GC(41) Metaspace: 31825K(32512K)->31825K(32512K) NonClass: 27686K(28032K)->27686K(28032K) Class: 4139K(4480K)->4139K(4480K)
[2026-07-01T01:46:22.859+0000][2.819s][info][gc             ] GC(41) Pause Young (Allocation Failure) 20M->14M(21M) 2.599ms
[2026-07-01T01:46:22.859+0000][2.819s][info][gc,cpu         ] GC(41) User=0.01s Sys=0.00s Real=0.01s
[2026-07-01T01:46:22.954+0000][2.913s][info][gc,start       ] GC(42) Pause Young (Allocation Failure)
[2026-07-01T01:46:22.957+0000][2.917s][info][gc,heap        ] GC(42) DefNew: 6912K(6976K)->619K(6976K) Eden: 6208K(6208K)->0K(6208K) From: 704K(768K)->619K(768K)
[2026-07-01T01:46:22.957+0000][2.917s][info][gc,heap        ] GC(42) Tenured: 14533K(15420K)->15218K(15420K)
[2026-07-01T01:46:22.957+0000][2.917s][info][gc,metaspace   ] GC(42) Metaspace: 32992K(33664K)->32992K(33664K) NonClass: 28683K(29056K)->28683K(29056K) Class: 4309K(4608K)->4309K(4608K)
[2026-07-01T01:46:22.957+0000][2.917s][info][gc             ] GC(42) Pause Young (Allocation Failure) 20M->15M(21M) 3.931ms
[2026-07-01T01:46:22.957+0000][2.917s][info][gc,cpu         ] GC(42) User=0.00s Sys=0.00s Real=0.00s
[2026-07-01T01:46:23.060+0000][3.019s][info][gc,start       ] GC(43) Pause Young (Allocation Failure)
[2026-07-01T01:46:23.064+0000][3.024s][info][gc             ] GC(43) Pause Young (Allocation Failure) 21M->16M(22M) 4.718ms
[2026-07-01T01:46:23.064+0000][3.024s][info][gc,cpu         ] GC(43) User=0.01s Sys=0.00s Real=0.00s
[2026-07-01T01:46:23.064+0000][3.024s][info][gc,start       ] GC(44) Pause Full (Allocation Failure)
[2026-07-01T01:46:23.064+0000][3.024s][info][gc,phases,start] GC(44) Phase 1: Mark live objects
[2026-07-01T01:46:23.085+0000][3.045s][info][gc,phases      ] GC(44) Phase 1: Mark live objects 20.698ms
[2026-07-01T01:46:23.085+0000][3.045s][info][gc,phases,start] GC(44) Phase 2: Compute new object addresses
[2026-07-01T01:46:23.089+0000][3.049s][info][gc,phases      ] GC(44) Phase 2: Compute new object addresses 4.262ms
[2026-07-01T01:46:23.089+0000][3.049s][info][gc,phases,start] GC(44) Phase 3: Adjust pointers
[2026-07-01T01:46:23.099+0000][3.059s][info][gc,phases      ] GC(44) Phase 3: Adjust pointers 9.890ms
[2026-07-01T01:46:23.099+0000][3.059s][info][gc,phases,start] GC(44) Phase 4: Move objects
[2026-07-01T01:46:23.101+0000][3.061s][info][gc,phases      ] GC(44) Phase 4: Move objects 1.992ms
[2026-07-01T01:46:23.102+0000][3.061s][info][gc,heap        ] GC(44) DefNew: 6827K(6976K)->0K(11584K) Eden: 6208K(6208K)->0K(10304K) From: 619K(768K)->0K(1280K)
[2026-07-01T01:46:23.102+0000][3.061s][info][gc,heap        ] GC(44) Tenured: 15218K(15420K)->15354K(25592K)
[2026-07-01T01:46:23.102+0000][3.061s][info][gc,metaspace   ] GC(44) Metaspace: 35105K(35840K)->35105K(35840K) NonClass: 30523K(30912K)->30523K(30912K) Class: 4582K(4928K)->4582K(4928K)
[2026-07-01T01:46:23.102+0000][3.061s][info][gc             ] GC(44) Pause Full (Allocation Failure) 16M->14M(36M) 37.330ms
[2026-07-01T01:46:23.102+0000][3.061s][info][gc,cpu         ] GC(44) User=0.04s Sys=0.00s Real=0.04s
[2026-07-01T01:46:23.158+0000][3.118s][info][gc,start       ] GC(45) Pause Young (Allocation Failure)
[2026-07-01T01:46:23.164+0000][3.124s][info][gc,heap        ] GC(45) DefNew: 10304K(11584K)->1280K(11584K) Eden: 10304K(10304K)->0K(10304K) From: 0K(1280K)->1280K(1280K)
[2026-07-01T01:46:23.164+0000][3.124s][info][gc,heap        ] GC(45) Tenured: 15354K(25592K)->17725K(25592K)
[2026-07-01T01:46:23.164+0000][3.124s][info][gc,metaspace   ] GC(45) Metaspace: 36384K(37120K)->36384K(37120K) NonClass: 31646K(32064K)->31646K(32064K) Class: 4737K(5056K)->4737K(5056K)
[2026-07-01T01:46:23.164+0000][3.124s][info][gc             ] GC(45) Pause Young (Allocation Failure) 25M->18M(36M) 6.247ms
[2026-07-01T01:46:23.164+0000][3.124s][info][gc,cpu         ] GC(45) User=0.00s Sys=0.00s Real=0.00s
[2026-07-01T01:46:23.218+0000][3.178s][info][gc,start       ] GC(46) Pause Young (Allocation Failure)
[2026-07-01T01:46:23.229+0000][3.189s][info][gc,heap        ] GC(46) DefNew: 11584K(11584K)->1280K(11584K) Eden: 10304K(10304K)->0K(10304K) From: 1280K(1280K)->1280K(1280K)
[2026-07-01T01:46:23.229+0000][3.189s][info][gc,heap        ] GC(46) Tenured: 17725K(25592K)->24750K(25592K)
[2026-07-01T01:46:23.229+0000][3.189s][info][gc,metaspace   ] GC(46) Metaspace: 36658K(37376K)->36658K(37376K) NonClass: 31880K(32320K)->31880K(32320K) Class: 4778K(5056K)->4778K(5056K)
[2026-07-01T01:46:23.229+0000][3.189s][info][gc             ] GC(46) Pause Young (Allocation Failure) 28M->25M(36M) 10.898ms
[2026-07-01T01:46:23.229+0000][3.189s][info][gc,cpu         ] GC(46) User=0.01s Sys=0.01s Real=0.01s
[2026-07-01T01:46:23.241+0000][3.201s][info][gc,start       ] GC(47) Pause Young (Allocation Failure)
[2026-07-01T01:46:23.252+0000][3.212s][info][gc             ] GC(47) Pause Young (Allocation Failure) 35M->32M(42M) 10.667ms
[2026-07-01T01:46:23.252+0000][3.212s][info][gc,cpu         ] GC(47) User=0.01s Sys=0.00s Real=0.01s
[2026-07-01T01:46:23.252+0000][3.212s][info][gc,start       ] GC(48) Pause Full (Allocation Failure)
[2026-07-01T01:46:23.252+0000][3.212s][info][gc,phases,start] GC(48) Phase 1: Mark live objects
[2026-07-01T01:46:23.279+0000][3.239s][info][gc,phases      ] GC(48) Phase 1: Mark live objects 27.452ms
[2026-07-01T01:46:23.279+0000][3.239s][info][gc,phases,start] GC(48) Phase 2: Compute new object addresses
[2026-07-01T01:46:23.287+0000][3.247s][info][gc,phases      ] GC(48) Phase 2: Compute new object addresses 7.871ms
[2026-07-01T01:46:23.287+0000][3.247s][info][gc,phases,start] GC(48) Phase 3: Adjust pointers
[2026-07-01T01:46:23.300+0000][3.260s][info][gc,phases      ] GC(48) Phase 3: Adjust pointers 12.858ms
[2026-07-01T01:46:23.300+0000][3.260s][info][gc,phases,start] GC(48) Phase 4: Move objects
[2026-07-01T01:46:23.301+0000][3.260s][info][gc,phases      ] GC(48) Phase 4: Move objects 0.265ms
[2026-07-01T01:46:23.301+0000][3.260s][info][gc,heap        ] GC(48) DefNew: 11584K(11584K)->1270K(24192K) Eden: 10304K(10304K)->1270K(21504K) From: 1280K(1280K)->0K(2688K)
[2026-07-01T01:46:23.301+0000][3.260s][info][gc,heap        ] GC(48) Tenured: 24750K(25592K)->32198K(53668K)
[2026-07-01T01:46:23.301+0000][3.260s][info][gc,metaspace   ] GC(48) Metaspace: 36825K(37568K)->36825K(37568K) NonClass: 32018K(32448K)->32018K(32448K) Class: 4807K(5120K)->4807K(5120K)
[2026-07-01T01:46:23.301+0000][3.260s][info][gc             ] GC(48) Pause Full (Allocation Failure) 32M->32M(76M) 48.818ms
[2026-07-01T01:46:23.301+0000][3.260s][info][gc,cpu         ] GC(48) User=0.05s Sys=0.00s Real=0.05s
[2026-07-01T01:46:23.321+0000][3.281s][info][gc,start       ] GC(49) Pause Young (Allocation Failure)
[2026-07-01T01:46:23.353+0000][3.312s][info][gc,heap        ] GC(49) DefNew: 21504K(24192K)->2688K(24192K) Eden: 21504K(21504K)->0K(21504K) From: 0K(2688K)->2688K(2688K)
[2026-07-01T01:46:23.353+0000][3.312s][info][gc,heap        ] GC(49) Tenured: 32198K(53668K)->46027K(53668K)
[2026-07-01T01:46:23.353+0000][3.312s][info][gc,metaspace   ] GC(49) Metaspace: 37083K(37760K)->37083K(37760K) NonClass: 32239K(32640K)->32239K(32640K) Class: 4844K(5120K)->4844K(5120K)
[2026-07-01T01:46:23.353+0000][3.312s][info][gc             ] GC(49) Pause Young (Allocation Failure) 52M->47M(76M) 31.460ms
[2026-07-01T01:46:23.353+0000][3.312s][info][gc,cpu         ] GC(49) User=0.03s Sys=0.00s Real=0.03s
[2026-07-01T01:46:23.368+0000][3.328s][info][gc,start       ] GC(50) Pause Young (Allocation Failure)
[2026-07-01T01:46:23.390+0000][3.349s][info][gc             ] GC(50) Pause Young (Allocation Failure) 68M->63M(84M) 21.287ms
[2026-07-01T01:46:23.390+0000][3.349s][info][gc,cpu         ] GC(50) User=0.02s Sys=0.00s Real=0.02s
[2026-07-01T01:46:23.390+0000][3.349s][info][gc,start       ] GC(51) Pause Full (Allocation Failure)
[2026-07-01T01:46:23.390+0000][3.349s][info][gc,phases,start] GC(51) Phase 1: Mark live objects
[2026-07-01T01:46:23.429+0000][3.389s][info][gc,phases      ] GC(51) Phase 1: Mark live objects 39.587ms
[2026-07-01T01:46:23.429+0000][3.389s][info][gc,phases,start] GC(51) Phase 2: Compute new object addresses
[2026-07-01T01:46:23.444+0000][3.403s][info][gc,phases      ] GC(51) Phase 2: Compute new object addresses 14.413ms
[2026-07-01T01:46:23.444+0000][3.403s][info][gc,phases,start] GC(51) Phase 3: Adjust pointers
[2026-07-01T01:46:23.466+0000][3.426s][info][gc,phases      ] GC(51) Phase 3: Adjust pointers 22.062ms
[2026-07-01T01:46:23.466+0000][3.426s][info][gc,phases,start] GC(51) Phase 4: Move objects
[2026-07-01T01:46:23.480+0000][3.440s][info][gc,phases      ] GC(51) Phase 4: Move objects 13.938ms
[2026-07-01T01:46:23.480+0000][3.440s][info][gc,heap        ] GC(51) DefNew: 24192K(24192K)->1301K(46976K) Eden: 21504K(21504K)->1301K(41792K) From: 2688K(2688K)->0K(5184K)
[2026-07-01T01:46:23.480+0000][3.440s][info][gc,heap        ] GC(51) Tenured: 46027K(53668K)->62499K(104168K)
[2026-07-01T01:46:23.480+0000][3.440s][info][gc,metaspace   ] GC(51) Metaspace: 37255K(38016K)->37255K(38016K) NonClass: 32382K(32832K)->32382K(32832K) Class: 4873K(5184K)->4873K(5184K)
[2026-07-01T01:46:23.480+0000][3.440s][info][gc             ] GC(51) Pause Full (Allocation Failure) 63M->62M(147M) 90.517ms
[2026-07-01T01:46:23.480+0000][3.440s][info][gc,cpu         ] GC(51) User=0.09s Sys=0.00s Real=0.09s
[2026-07-01T01:46:23.506+0000][3.466s][info][gc,start       ] GC(52) Pause Young (Allocation Failure)
[2026-07-01T01:46:23.574+0000][3.533s][info][gc,heap        ] GC(52) DefNew: 41792K(46976K)->5184K(46976K) Eden: 41792K(41792K)->0K(41792K) From: 0K(5184K)->5184K(5184K)
[2026-07-01T01:46:23.574+0000][3.533s][info][gc,heap        ] GC(52) Tenured: 62499K(104168K)->90546K(104168K)
[2026-07-01T01:46:23.574+0000][3.533s][info][gc,metaspace   ] GC(52) Metaspace: 37629K(38336K)->37629K(38336K) NonClass: 32700K(33088K)->32700K(33088K) Class: 4929K(5248K)->4929K(5248K)
[2026-07-01T01:46:23.574+0000][3.533s][info][gc             ] GC(52) Pause Young (Allocation Failure) 101M->93M(147M) 67.353ms
[2026-07-01T01:46:23.574+0000][3.533s][info][gc,cpu         ] GC(52) User=0.07s Sys=0.01s Real=0.07s
[2026-07-01T01:46:23.603+0000][3.563s][info][gc,start       ] GC(53) Pause Young (Allocation Failure)
[2026-07-01T01:46:23.655+0000][3.614s][info][gc             ] GC(53) Pause Young (Allocation Failure) 134M->125M(166M) 51.507ms
[2026-07-01T01:46:23.655+0000][3.614s][info][gc,cpu         ] GC(53) User=0.04s Sys=0.01s Real=0.05s
[2026-07-01T01:46:23.655+0000][3.614s][info][gc,start       ] GC(54) Pause Full (Allocation Failure)
[2026-07-01T01:46:23.655+0000][3.614s][info][gc,phases,start] GC(54) Phase 1: Mark live objects
[2026-07-01T01:46:23.721+0000][3.681s][info][gc,phases      ] GC(54) Phase 1: Mark live objects 66.697ms
[2026-07-01T01:46:23.721+0000][3.681s][info][gc,phases,start] GC(54) Phase 2: Compute new object addresses
[2026-07-01T01:46:23.750+0000][3.710s][info][gc,phases      ] GC(54) Phase 2: Compute new object addresses 28.481ms
[2026-07-01T01:46:23.750+0000][3.710s][info][gc,phases,start] GC(54) Phase 3: Adjust pointers
[2026-07-01T01:46:23.785+0000][3.744s][info][gc,phases      ] GC(54) Phase 3: Adjust pointers 34.499ms
[2026-07-01T01:46:23.785+0000][3.744s][info][gc,phases,start] GC(54) Phase 4: Move objects
[2026-07-01T01:46:23.786+0000][3.745s][info][gc,phases      ] GC(54) Phase 4: Move objects 0.965ms
[2026-07-01T01:46:23.786+0000][3.746s][info][gc,heap        ] GC(54) DefNew: 46976K(46976K)->5161K(78656K) Eden: 41792K(41792K)->5161K(69952K) From: 5184K(5184K)->0K(8704K)
[2026-07-01T01:46:23.786+0000][3.746s][info][gc,heap        ] GC(54) Tenured: 90546K(104168K)->123735K(174784K)
[2026-07-01T01:46:23.786+0000][3.746s][info][gc,metaspace   ] GC(54) Metaspace: 38020K(38784K)->38020K(38784K) NonClass: 33037K(33472K)->33037K(33472K) Class: 4982K(5312K)->4982K(5312K)
[2026-07-01T01:46:23.786+0000][3.746s][info][gc             ] GC(54) Pause Full (Allocation Failure) 125M->125M(247M) 131.238ms
[2026-07-01T01:46:23.786+0000][3.746s][info][gc,cpu         ] GC(54) User=0.13s Sys=0.00s Real=0.13s
[2026-07-01T01:46:25.446+0000][5.406s][info][gc,start       ] GC(55) Pause Young (Allocation Failure)
[2026-07-01T01:46:25.520+0000][5.479s][info][gc,heap        ] GC(55) DefNew: 69952K(78656K)->8704K(78656K) Eden: 69952K(69952K)->0K(69952K) From: 0K(8704K)->8704K(8704K)
[2026-07-01T01:46:25.520+0000][5.479s][info][gc,heap        ] GC(55) Tenured: 123735K(174784K)->149319K(174784K)
[2026-07-01T01:46:25.520+0000][5.479s][info][gc,metaspace   ] GC(55) Metaspace: 40292K(41216K)->40292K(41216K) NonClass: 35152K(35648K)->35152K(35648K) Class: 5139K(5568K)->5139K(5568K)
[2026-07-01T01:46:25.520+0000][5.479s][info][gc             ] GC(55) Pause Young (Allocation Failure) 189M->154M(247M) 73.582ms
[2026-07-01T01:46:25.520+0000][5.479s][info][gc,cpu         ] GC(55) User=0.07s Sys=0.00s Real=0.08s
[2026-07-01T01:46:27.628+0000][7.587s][info][gc,start       ] GC(56) Pause Young (Allocation Failure)
[2026-07-01T01:46:27.628+0000][7.587s][info][gc             ] GC(56) Pause Young (Allocation Failure) 222M->222M(247M) 0.083ms
[2026-07-01T01:46:27.628+0000][7.587s][info][gc,cpu         ] GC(56) User=0.00s Sys=0.00s Real=0.00s
[2026-07-01T01:46:27.628+0000][7.587s][info][gc,start       ] GC(57) Pause Full (Allocation Failure)
[2026-07-01T01:46:27.628+0000][7.587s][info][gc,phases,start] GC(57) Phase 1: Mark live objects
[2026-07-01T01:46:27.709+0000][7.669s][info][gc,phases      ] GC(57) Phase 1: Mark live objects 81.116ms
[2026-07-01T01:46:27.709+0000][7.669s][info][gc,phases,start] GC(57) Phase 2: Compute new object addresses
[2026-07-01T01:46:27.754+0000][7.713s][info][gc,phases      ] GC(57) Phase 2: Compute new object addresses 44.681ms
[2026-07-01T01:46:27.754+0000][7.713s][info][gc,phases,start] GC(57) Phase 3: Adjust pointers
[2026-07-01T01:46:27.794+0000][7.754s][info][gc,phases      ] GC(57) Phase 3: Adjust pointers 40.243ms
[2026-07-01T01:46:27.794+0000][7.754s][info][gc,phases,start] GC(57) Phase 4: Move objects
[2026-07-01T01:46:27.797+0000][7.757s][info][gc,phases      ] GC(57) Phase 4: Move objects 3.163ms
[2026-07-01T01:46:27.798+0000][7.757s][info][gc,heap        ] GC(57) DefNew: 78656K(78656K)->0K(78656K) Eden: 69952K(69952K)->0K(69952K) From: 8704K(8704K)->0K(8704K)
[2026-07-01T01:46:27.798+0000][7.757s][info][gc,heap        ] GC(57) Tenured: 149319K(174784K)->158439K(174784K)
[2026-07-01T01:46:27.798+0000][7.757s][info][gc,metaspace   ] GC(57) Metaspace: 40457K(41344K)->40421K(41344K) NonClass: 35313K(35776K)->35288K(35776K) Class: 5143K(5568K)->5133K(5568K)
[2026-07-01T01:46:27.798+0000][7.757s][info][gc             ] GC(57) Pause Full (Allocation Failure) 222M->154M(247M) 169.725ms
[2026-07-01T01:46:27.798+0000][7.757s][info][gc,cpu         ] GC(57) User=0.17s Sys=0.00s Real=0.17s
[2026-07-01T01:46:29.618+0000][9.577s][info][gc,start       ] GC(58) Pause Young (Allocation Failure)
[2026-07-01T01:46:29.618+0000][9.578s][info][gc             ] GC(58) Pause Young (Allocation Failure) 223M->223M(247M) 0.099ms
[2026-07-01T01:46:29.618+0000][9.578s][info][gc,cpu         ] GC(58) User=0.00s Sys=0.00s Real=0.00s
[2026-07-01T01:46:29.618+0000][9.578s][info][gc,start       ] GC(59) Pause Full (Allocation Failure)
[2026-07-01T01:46:29.618+0000][9.578s][info][gc,phases,start] GC(59) Phase 1: Mark live objects
[2026-07-01T01:46:29.696+0000][9.656s][info][gc,phases      ] GC(59) Phase 1: Mark live objects 77.928ms
[2026-07-01T01:46:29.696+0000][9.656s][info][gc,phases,start] GC(59) Phase 2: Compute new object addresses
[2026-07-01T01:46:29.741+0000][9.701s][info][gc,phases      ] GC(59) Phase 2: Compute new object addresses 45.404ms
[2026-07-01T01:46:29.741+0000][9.701s][info][gc,phases,start] GC(59) Phase 3: Adjust pointers
[2026-07-01T01:46:29.782+0000][9.741s][info][gc,phases      ] GC(59) Phase 3: Adjust pointers 40.147ms
[2026-07-01T01:46:29.782+0000][9.741s][info][gc,phases,start] GC(59) Phase 4: Move objects
[2026-07-01T01:46:29.782+0000][9.742s][info][gc,phases      ] GC(59) Phase 4: Move objects 0.297ms
[2026-07-01T01:46:29.782+0000][9.742s][info][gc,heap        ] GC(59) DefNew: 69952K(78656K)->0K(78656K) Eden: 69952K(69952K)->0K(69952K) From: 0K(8704K)->0K(8704K)
[2026-07-01T01:46:29.782+0000][9.742s][info][gc,heap        ] GC(59) Tenured: 158439K(174784K)->158851K(174784K)
[2026-07-01T01:46:29.782+0000][9.742s][info][gc,metaspace   ] GC(59) Metaspace: 40706K(41600K)->40706K(41600K) NonClass: 35572K(36032K)->35572K(36032K) Class: 5133K(5568K)->5133K(5568K)
[2026-07-01T01:46:29.782+0000][9.742s][info][gc             ] GC(59) Pause Full (Allocation Failure) 223M->155M(247M) 164.221ms
[2026-07-01T01:46:29.782+0000][9.742s][info][gc,cpu         ] GC(59) User=0.17s Sys=0.00s Real=0.17s
[2026-07-01T01:46:31.225+0000][11.185s][info][gc,start       ] GC(60) Pause Young (Allocation Failure)
[2026-07-01T01:46:31.225+0000][11.185s][info][gc             ] GC(60) Pause Young (Allocation Failure) 223M->223M(247M) 0.169ms
[2026-07-01T01:46:31.225+0000][11.185s][info][gc,cpu         ] GC(60) User=0.00s Sys=0.00s Real=0.00s
[2026-07-01T01:46:31.225+0000][11.185s][info][gc,start       ] GC(61) Pause Full (Allocation Failure)
[2026-07-01T01:46:31.226+0000][11.185s][info][gc,phases,start] GC(61) Phase 1: Mark live objects
[2026-07-01T01:46:31.306+0000][11.266s][info][gc,phases      ] GC(61) Phase 1: Mark live objects 80.597ms
[2026-07-01T01:46:31.306+0000][11.266s][info][gc,phases,start] GC(61) Phase 2: Compute new object addresses
[2026-07-01T01:46:31.351+0000][11.311s][info][gc,phases      ] GC(61) Phase 2: Compute new object addresses 45.085ms
[2026-07-01T01:46:31.351+0000][11.311s][info][gc,phases,start] GC(61) Phase 3: Adjust pointers
[2026-07-01T01:46:31.395+0000][11.355s][info][gc,phases      ] GC(61) Phase 3: Adjust pointers 43.829ms
[2026-07-01T01:46:31.395+0000][11.355s][info][gc,phases,start] GC(61) Phase 4: Move objects
[2026-07-01T01:46:31.427+0000][11.386s][info][gc,phases      ] GC(61) Phase 4: Move objects 31.476ms
[2026-07-01T01:46:31.427+0000][11.387s][info][gc,heap        ] GC(61) DefNew: 69952K(78656K)->0K(78656K) Eden: 69952K(69952K)->0K(69952K) From: 0K(8704K)->0K(8704K)
[2026-07-01T01:46:31.427+0000][11.387s][info][gc,heap        ] GC(61) Tenured: 158851K(174784K)->157241K(174784K)
[2026-07-01T01:46:31.427+0000][11.387s][info][gc,metaspace   ] GC(61) Metaspace: 40947K(41856K)->40947K(41856K) NonClass: 35811K(36288K)->35811K(36288K) Class: 5135K(5568K)->5135K(5568K)
[2026-07-01T01:46:31.427+0000][11.387s][info][gc             ] GC(61) Pause Full (Allocation Failure) 223M->153M(247M) 201.437ms
[2026-07-01T01:46:31.427+0000][11.387s][info][gc,cpu         ] GC(61) User=0.21s Sys=0.00s Real=0.20s
[2026-07-01T01:46:32.668+0000][12.628s][info][gc,start       ] GC(62) Pause Young (Allocation Failure)
[2026-07-01T01:46:32.668+0000][12.628s][info][gc             ] GC(62) Pause Young (Allocation Failure) 221M->221M(247M) 0.092ms
[2026-07-01T01:46:32.668+0000][12.628s][info][gc,cpu         ] GC(62) User=0.00s Sys=0.00s Real=0.01s
[2026-07-01T01:46:32.668+0000][12.628s][info][gc,start       ] GC(63) Pause Full (Allocation Failure)
[2026-07-01T01:46:32.668+0000][12.628s][info][gc,phases,start] GC(63) Phase 1: Mark live objects
[2026-07-01T01:46:32.772+0000][12.732s][info][gc,phases      ] GC(63) Phase 1: Mark live objects 103.836ms
[2026-07-01T01:46:32.772+0000][12.732s][info][gc,phases,start] GC(63) Phase 2: Compute new object addresses
[2026-07-01T01:46:32.818+0000][12.777s][info][gc,phases      ] GC(63) Phase 2: Compute new object addresses 45.823ms
[2026-07-01T01:46:32.818+0000][12.777s][info][gc,phases,start] GC(63) Phase 3: Adjust pointers
[2026-07-01T01:46:32.859+0000][12.818s][info][gc,phases      ] GC(63) Phase 3: Adjust pointers 40.981ms
[2026-07-01T01:46:32.859+0000][12.818s][info][gc,phases,start] GC(63) Phase 4: Move objects
[2026-07-01T01:46:32.859+0000][12.819s][info][gc,phases      ] GC(63) Phase 4: Move objects 0.588ms
[2026-07-01T01:46:32.860+0000][12.819s][info][gc,heap        ] GC(63) DefNew: 69952K(78656K)->0K(78656K) Eden: 69952K(69952K)->0K(69952K) From: 0K(8704K)->0K(8704K)
[2026-07-01T01:46:32.860+0000][12.819s][info][gc,heap        ] GC(63) Tenured: 157241K(174784K)->159030K(174784K)
[2026-07-01T01:46:32.860+0000][12.819s][info][gc,metaspace   ] GC(63) Metaspace: 41165K(41984K)->41165K(41984K) NonClass: 36028K(36416K)->36028K(36416K) Class: 5137K(5568K)->5137K(5568K)
[2026-07-01T01:46:32.860+0000][12.819s][info][gc             ] GC(63) Pause Full (Allocation Failure) 221M->155M(247M) 191.683ms
[2026-07-01T01:46:32.860+0000][12.819s][info][gc,cpu         ] GC(63) User=0.23s Sys=0.00s Real=0.19s
[2026-07-01T01:46:33.776+0000][13.736s][info][gc,start       ] GC(64) Pause Young (Allocation Failure)
[2026-07-01T01:46:33.777+0000][13.736s][info][gc             ] GC(64) Pause Young (Allocation Failure) 223M->223M(247M) 0.108ms
[2026-07-01T01:46:33.777+0000][13.736s][info][gc,cpu         ] GC(64) User=0.00s Sys=0.00s Real=0.00s
[2026-07-01T01:46:33.777+0000][13.736s][info][gc,start       ] GC(65) Pause Full (Allocation Failure)
[2026-07-01T01:46:33.777+0000][13.736s][info][gc,phases,start] GC(65) Phase 1: Mark live objects
[2026-07-01T01:46:33.873+0000][13.833s][info][gc,phases      ] GC(65) Phase 1: Mark live objects 96.322ms
[2026-07-01T01:46:33.873+0000][13.833s][info][gc,phases,start] GC(65) Phase 2: Compute new object addresses
[2026-07-01T01:46:33.919+0000][13.878s][info][gc,phases      ] GC(65) Phase 2: Compute new object addresses 45.697ms
[2026-07-01T01:46:33.919+0000][13.878s][info][gc,phases,start] GC(65) Phase 3: Adjust pointers
[2026-07-01T01:46:33.960+0000][13.919s][info][gc,phases      ] GC(65) Phase 3: Adjust pointers 40.867ms
[2026-07-01T01:46:33.960+0000][13.919s][info][gc,phases,start] GC(65) Phase 4: Move objects
[2026-07-01T01:46:33.960+0000][13.920s][info][gc,phases      ] GC(65) Phase 4: Move objects 0.279ms
[2026-07-01T01:46:33.960+0000][13.920s][info][gc,heap        ] GC(65) DefNew: 69952K(78656K)->0K(78656K) Eden: 69952K(69952K)->0K(69952K) From: 0K(8704K)->0K(8704K)
[2026-07-01T01:46:33.960+0000][13.920s][info][gc,heap        ] GC(65) Tenured: 159030K(174784K)->159420K(174784K)
[2026-07-01T01:46:33.960+0000][13.920s][info][gc,metaspace   ] GC(65) Metaspace: 41268K(42112K)->41268K(42112K) NonClass: 36131K(36544K)->36131K(36544K) Class: 5137K(5568K)->5137K(5568K)
[2026-07-01T01:46:33.960+0000][13.920s][info][gc             ] GC(65) Pause Full (Allocation Failure) 223M->155M(247M) 183.602ms
[2026-07-01T01:46:33.960+0000][13.920s][info][gc,cpu         ] GC(65) User=0.18s Sys=0.00s Real=0.19s
[2026-07-01T01:46:34.752+0000][14.711s][info][gc,start       ] GC(66) Pause Young (Allocation Failure)
[2026-07-01T01:46:34.752+0000][14.712s][info][gc             ] GC(66) Pause Young (Allocation Failure) 223M->223M(247M) 0.074ms
[2026-07-01T01:46:34.752+0000][14.712s][info][gc,cpu         ] GC(66) User=0.00s Sys=0.00s Real=0.00s
[2026-07-01T01:46:34.752+0000][14.712s][info][gc,start       ] GC(67) Pause Full (Allocation Failure)
[2026-07-01T01:46:34.752+0000][14.712s][info][gc,phases,start] GC(67) Phase 1: Mark live objects
[2026-07-01T01:46:34.831+0000][14.791s][info][gc,phases      ] GC(67) Phase 1: Mark live objects 79.222ms
[2026-07-01T01:46:34.831+0000][14.791s][info][gc,phases,start] GC(67) Phase 2: Compute new object addresses
[2026-07-01T01:46:34.877+0000][14.837s][info][gc,phases      ] GC(67) Phase 2: Compute new object addresses 45.785ms
[2026-07-01T01:46:34.877+0000][14.837s][info][gc,phases,start] GC(67) Phase 3: Adjust pointers
[2026-07-01T01:46:34.919+0000][14.879s][info][gc,phases      ] GC(67) Phase 3: Adjust pointers 41.967ms
[2026-07-01T01:46:34.919+0000][14.879s][info][gc,phases,start] GC(67) Phase 4: Move objects
[2026-07-01T01:46:34.919+0000][14.879s][info][gc,phases      ] GC(67) Phase 4: Move objects 0.370ms
[2026-07-01T01:46:34.920+0000][14.879s][info][gc,heap        ] GC(67) DefNew: 69952K(78656K)->0K(78656K) Eden: 69952K(69952K)->0K(69952K) From: 0K(8704K)->0K(8704K)
[2026-07-01T01:46:34.920+0000][14.879s][info][gc,heap        ] GC(67) Tenured: 159420K(174784K)->159960K(174784K)
[2026-07-01T01:46:34.920+0000][14.879s][info][gc,metaspace   ] GC(67) Metaspace: 41460K(42368K)->41460K(42368K) NonClass: 36322K(36800K)->36322K(36800K) Class: 5138K(5568K)->5138K(5568K)
[2026-07-01T01:46:34.920+0000][14.879s][info][gc             ] GC(67) Pause Full (Allocation Failure) 223M->156M(247M) 167.760ms
[2026-07-01T01:46:34.920+0000][14.879s][info][gc,cpu         ] GC(67) User=0.19s Sys=0.00s Real=0.17s
[2026-07-01T01:46:35.681+0000][15.641s][info][gc,start       ] GC(68) Pause Young (Allocation Failure)
[2026-07-01T01:46:35.681+0000][15.641s][info][gc             ] GC(68) Pause Young (Allocation Failure) 224M->224M(247M) 0.101ms
[2026-07-01T01:46:35.681+0000][15.641s][info][gc,cpu         ] GC(68) User=0.00s Sys=0.00s Real=0.00s
[2026-07-01T01:46:35.681+0000][15.641s][info][gc,start       ] GC(69) Pause Full (Allocation Failure)
[2026-07-01T01:46:35.681+0000][15.641s][info][gc,phases,start] GC(69) Phase 1: Mark live objects
[2026-07-01T01:46:35.765+0000][15.724s][info][gc,phases      ] GC(69) Phase 1: Mark live objects 83.324ms
[2026-07-01T01:46:35.765+0000][15.724s][info][gc,phases,start] GC(69) Phase 2: Compute new object addresses
[2026-07-01T01:46:35.810+0000][15.770s][info][gc,phases      ] GC(69) Phase 2: Compute new object addresses 45.365ms
[2026-07-01T01:46:35.810+0000][15.770s][info][gc,phases,start] GC(69) Phase 3: Adjust pointers
[2026-07-01T01:46:35.855+0000][15.815s][info][gc,phases      ] GC(69) Phase 3: Adjust pointers 45.433ms
[2026-07-01T01:46:35.855+0000][15.815s][info][gc,phases,start] GC(69) Phase 4: Move objects
[2026-07-01T01:46:35.884+0000][15.843s][info][gc,phases      ] GC(69) Phase 4: Move objects 28.021ms
[2026-07-01T01:46:35.884+0000][15.843s][info][gc,heap        ] GC(69) DefNew: 69952K(78656K)->0K(78656K) Eden: 69952K(69952K)->0K(69952K) From: 0K(8704K)->0K(8704K)
[2026-07-01T01:46:35.884+0000][15.843s][info][gc,heap        ] GC(69) Tenured: 159960K(174784K)->157903K(174784K)
[2026-07-01T01:46:35.884+0000][15.843s][info][gc,metaspace   ] GC(69) Metaspace: 41507K(42368K)->41507K(42368K) NonClass: 36368K(36800K)->36368K(36800K) Class: 5138K(5568K)->5138K(5568K)
[2026-07-01T01:46:35.884+0000][15.843s][info][gc             ] GC(69) Pause Full (Allocation Failure) 224M->154M(247M) 202.578ms
[2026-07-01T01:46:35.884+0000][15.843s][info][gc,cpu         ] GC(69) User=0.21s Sys=0.00s Real=0.20s
[2026-07-01T01:46:36.515+0000][16.475s][info][gc,start       ] GC(70) Pause Young (Allocation Failure)
[2026-07-01T01:46:36.515+0000][16.475s][info][gc             ] GC(70) Pause Young (Allocation Failure) 222M->222M(247M) 0.101ms
[2026-07-01T01:46:36.515+0000][16.475s][info][gc,cpu         ] GC(70) User=0.00s Sys=0.00s Real=0.00s
[2026-07-01T01:46:36.515+0000][16.475s][info][gc,start       ] GC(71) Pause Full (Allocation Failure)
[2026-07-01T01:46:36.515+0000][16.475s][info][gc,phases,start] GC(71) Phase 1: Mark live objects
[2026-07-01T01:46:36.595+0000][16.554s][info][gc,phases      ] GC(71) Phase 1: Mark live objects 79.609ms
[2026-07-01T01:46:36.595+0000][16.554s][info][gc,phases,start] GC(71) Phase 2: Compute new object addresses
[2026-07-01T01:46:36.641+0000][16.600s][info][gc,phases      ] GC(71) Phase 2: Compute new object addresses 45.929ms
[2026-07-01T01:46:36.641+0000][16.600s][info][gc,phases,start] GC(71) Phase 3: Adjust pointers
[2026-07-01T01:46:36.683+0000][16.643s][info][gc,phases      ] GC(71) Phase 3: Adjust pointers 42.404ms
[2026-07-01T01:46:36.683+0000][16.643s][info][gc,phases,start] GC(71) Phase 4: Move objects
[2026-07-01T01:46:36.683+0000][16.643s][info][gc,phases      ] GC(71) Phase 4: Move objects 0.339ms
[2026-07-01T01:46:36.684+0000][16.643s][info][gc,heap        ] GC(71) DefNew: 69952K(78656K)->0K(78656K) Eden: 69952K(69952K)->0K(69952K) From: 0K(8704K)->0K(8704K)
[2026-07-01T01:46:36.684+0000][16.643s][info][gc,heap        ] GC(71) Tenured: 157903K(174784K)->158494K(174784K)
[2026-07-01T01:46:36.684+0000][16.643s][info][gc,metaspace   ] GC(71) Metaspace: 41516K(42368K)->41516K(42368K) NonClass: 36378K(36800K)->36378K(36800K) Class: 5138K(5568K)->5138K(5568K)
[2026-07-01T01:46:36.684+0000][16.643s][info][gc             ] GC(71) Pause Full (Allocation Failure) 222M->154M(247M) 168.694ms
[2026-07-01T01:46:36.684+0000][16.643s][info][gc,cpu         ] GC(71) User=0.17s Sys=0.00s Real=0.17s
[2026-07-01T01:46:37.344+0000][17.303s][info][gc,start       ] GC(72) Pause Young (Allocation Failure)
[2026-07-01T01:46:37.344+0000][17.303s][info][gc             ] GC(72) Pause Young (Allocation Failure) 223M->223M(247M) 0.101ms
[2026-07-01T01:46:37.344+0000][17.303s][info][gc,cpu         ] GC(72) User=0.00s Sys=0.00s Real=0.00s
[2026-07-01T01:46:37.345+0000][17.305s][info][gc,start       ] GC(73) Pause Full (Allocation Failure)
[2026-07-01T01:46:37.345+0000][17.305s][info][gc,phases,start] GC(73) Phase 1: Mark live objects
[2026-07-01T01:46:37.429+0000][17.389s][info][gc,phases      ] GC(73) Phase 1: Mark live objects 84.257ms
[2026-07-01T01:46:37.429+0000][17.389s][info][gc,phases,start] GC(73) Phase 2: Compute new object addresses
[2026-07-01T01:46:37.475+0000][17.435s][info][gc,phases      ] GC(73) Phase 2: Compute new object addresses 45.978ms
[2026-07-01T01:46:37.475+0000][17.435s][info][gc,phases,start] GC(73) Phase 3: Adjust pointers
[2026-07-01T01:46:37.518+0000][17.477s][info][gc,phases      ] GC(73) Phase 3: Adjust pointers 42.317ms
[2026-07-01T01:46:37.518+0000][17.477s][info][gc,phases,start] GC(73) Phase 4: Move objects
[2026-07-01T01:46:37.518+0000][17.478s][info][gc,phases      ] GC(73) Phase 4: Move objects 0.324ms
[2026-07-01T01:46:37.518+0000][17.478s][info][gc,heap        ] GC(73) DefNew: 69952K(78656K)->0K(78656K) Eden: 69952K(69952K)->0K(69952K) From: 0K(8704K)->0K(8704K)
[2026-07-01T01:46:37.518+0000][17.478s][info][gc,heap        ] GC(73) Tenured: 158494K(174784K)->159045K(174784K)
[2026-07-01T01:46:37.518+0000][17.478s][info][gc,metaspace   ] GC(73) Metaspace: 41521K(42432K)->41521K(42432K) NonClass: 36382K(36864K)->36382K(36864K) Class: 5138K(5568K)->5138K(5568K)
[2026-07-01T01:46:37.518+0000][17.478s][info][gc             ] GC(73) Pause Full (Allocation Failure) 223M->155M(247M) 173.317ms
[2026-07-01T01:46:37.518+0000][17.478s][info][gc,cpu         ] GC(73) User=0.19s Sys=0.00s Real=0.18s
[2026-07-01T01:46:38.095+0000][18.054s][info][gc,start       ] GC(74) Pause Young (Allocation Failure)
[2026-07-01T01:46:38.095+0000][18.054s][info][gc             ] GC(74) Pause Young (Allocation Failure) 223M->223M(247M) 0.108ms
[2026-07-01T01:46:38.095+0000][18.054s][info][gc,cpu         ] GC(74) User=0.00s Sys=0.00s Real=0.00s
[2026-07-01T01:46:38.095+0000][18.054s][info][gc,start       ] GC(75) Pause Full (Allocation Failure)
[2026-07-01T01:46:38.095+0000][18.054s][info][gc,phases,start] GC(75) Phase 1: Mark live objects
[2026-07-01T01:46:38.190+0000][18.149s][info][gc,phases      ] GC(75) Phase 1: Mark live objects 94.788ms
[2026-07-01T01:46:38.190+0000][18.149s][info][gc,phases,start] GC(75) Phase 2: Compute new object addresses
[2026-07-01T01:46:38.236+0000][18.195s][info][gc,phases      ] GC(75) Phase 2: Compute new object addresses 46.076ms
[2026-07-01T01:46:38.236+0000][18.195s][info][gc,phases,start] GC(75) Phase 3: Adjust pointers
[2026-07-01T01:46:38.278+0000][18.237s][info][gc,phases      ] GC(75) Phase 3: Adjust pointers 42.090ms
[2026-07-01T01:46:38.278+0000][18.237s][info][gc,phases,start] GC(75) Phase 4: Move objects
[2026-07-01T01:46:38.279+0000][18.238s][info][gc,phases      ] GC(75) Phase 4: Move objects 0.788ms
[2026-07-01T01:46:38.279+0000][18.238s][info][gc,heap        ] GC(75) DefNew: 69952K(78656K)->0K(78656K) Eden: 69952K(69952K)->0K(69952K) From: 0K(8704K)->0K(8704K)
[2026-07-01T01:46:38.279+0000][18.238s][info][gc,heap        ] GC(75) Tenured: 159045K(174784K)->160880K(174784K)
[2026-07-01T01:46:38.279+0000][18.238s][info][gc,metaspace   ] GC(75) Metaspace: 41557K(42432K)->41557K(42432K) NonClass: 36418K(36864K)->36418K(36864K) Class: 5138K(5568K)->5138K(5568K)
[2026-07-01T01:46:38.279+0000][18.239s][info][gc             ] GC(75) Pause Full (Allocation Failure) 223M->157M(247M) 184.148ms
[2026-07-01T01:46:38.279+0000][18.239s][info][gc,cpu         ] GC(75) User=0.17s Sys=0.00s Real=0.19s
[2026-07-01T01:46:38.933+0000][18.892s][info][gc,start       ] GC(76) Pause Young (Allocation Failure)
[2026-07-01T01:46:38.933+0000][18.892s][info][gc             ] GC(76) Pause Young (Allocation Failure) 225M->225M(247M) 0.103ms
[2026-07-01T01:46:38.933+0000][18.892s][info][gc,cpu         ] GC(76) User=0.00s Sys=0.00s Real=0.00s
[2026-07-01T01:46:38.933+0000][18.892s][info][gc,start       ] GC(77) Pause Full (Allocation Failure)
[2026-07-01T01:46:38.933+0000][18.892s][info][gc,phases,start] GC(77) Phase 1: Mark live objects
[2026-07-01T01:46:39.062+0000][19.022s][info][gc,phases      ] GC(77) Phase 1: Mark live objects 129.203ms
[2026-07-01T01:46:39.062+0000][19.022s][info][gc,phases,start] GC(77) Phase 2: Compute new object addresses
[2026-07-01T01:46:39.108+0000][19.067s][info][gc,phases      ] GC(77) Phase 2: Compute new object addresses 45.722ms
[2026-07-01T01:46:39.108+0000][19.067s][info][gc,phases,start] GC(77) Phase 3: Adjust pointers
[2026-07-01T01:46:39.154+0000][19.113s][info][gc,phases      ] GC(77) Phase 3: Adjust pointers 45.732ms
[2026-07-01T01:46:39.154+0000][19.113s][info][gc,phases,start] GC(77) Phase 4: Move objects
[2026-07-01T01:46:39.181+0000][19.141s][info][gc,phases      ] GC(77) Phase 4: Move objects 27.668ms
[2026-07-01T01:46:39.182+0000][19.141s][info][gc,heap        ] GC(77) DefNew: 69952K(78656K)->0K(78656K) Eden: 69952K(69952K)->0K(69952K) From: 0K(8704K)->0K(8704K)
[2026-07-01T01:46:39.182+0000][19.141s][info][gc,heap        ] GC(77) Tenured: 160880K(174784K)->158498K(174784K)
[2026-07-01T01:46:39.182+0000][19.141s][info][gc,metaspace   ] GC(77) Metaspace: 41557K(42432K)->41557K(42432K) NonClass: 36419K(36864K)->36419K(36864K) Class: 5138K(5568K)->5138K(5568K)
[2026-07-01T01:46:39.182+0000][19.141s][info][gc             ] GC(77) Pause Full (Allocation Failure) 225M->154M(247M) 248.760ms
[2026-07-01T01:46:39.182+0000][19.141s][info][gc,cpu         ] GC(77) User=0.22s Sys=0.00s Real=0.25s
[2026-07-01T01:46:39.718+0000][19.678s][info][gc,start       ] GC(78) Pause Young (Allocation Failure)
[2026-07-01T01:46:39.718+0000][19.678s][info][gc             ] GC(78) Pause Young (Allocation Failure) 223M->223M(247M) 0.112ms
[2026-07-01T01:46:39.718+0000][19.678s][info][gc,cpu         ] GC(78) User=0.00s Sys=0.00s Real=0.00s
[2026-07-01T01:46:39.718+0000][19.678s][info][gc,start       ] GC(79) Pause Full (Allocation Failure)
[2026-07-01T01:46:39.719+0000][19.678s][info][gc,phases,start] GC(79) Phase 1: Mark live objects
[2026-07-01T01:46:39.799+0000][19.759s][info][gc,phases      ] GC(79) Phase 1: Mark live objects 80.803ms
[2026-07-01T01:46:39.799+0000][19.759s][info][gc,phases,start] GC(79) Phase 2: Compute new object addresses
[2026-07-01T01:46:39.846+0000][19.805s][info][gc,phases      ] GC(79) Phase 2: Compute new object addresses 46.497ms
[2026-07-01T01:46:39.846+0000][19.806s][info][gc,phases,start] GC(79) Phase 3: Adjust pointers
[2026-07-01T01:46:39.889+0000][19.848s][info][gc,phases      ] GC(79) Phase 3: Adjust pointers 42.909ms
[2026-07-01T01:46:39.889+0000][19.848s][info][gc,phases,start] GC(79) Phase 4: Move objects
[2026-07-01T01:46:39.889+0000][19.849s][info][gc,phases      ] GC(79) Phase 4: Move objects 0.334ms
[2026-07-01T01:46:39.889+0000][19.849s][info][gc,heap        ] GC(79) DefNew: 69952K(78656K)->0K(78656K) Eden: 69952K(69952K)->0K(69952K) From: 0K(8704K)->0K(8704K)
[2026-07-01T01:46:39.889+0000][19.849s][info][gc,heap        ] GC(79) Tenured: 158498K(174784K)->159043K(174784K)
[2026-07-01T01:46:39.889+0000][19.849s][info][gc,metaspace   ] GC(79) Metaspace: 41559K(42432K)->41559K(42432K) NonClass: 36420K(36864K)->36420K(36864K) Class: 5138K(5568K)->5138K(5568K)
[2026-07-01T01:46:39.889+0000][19.849s][info][gc             ] GC(79) Pause Full (Allocation Failure) 223M->155M(247M) 170.946ms
[2026-07-01T01:46:39.889+0000][19.849s][info][gc,cpu         ] GC(79) User=0.17s Sys=0.00s Real=0.17s
[2026-07-01T01:46:40.457+0000][20.416s][info][gc,start       ] GC(80) Pause Young (Allocation Failure)
[2026-07-01T01:46:40.457+0000][20.416s][info][gc             ] GC(80) Pause Young (Allocation Failure) 223M->223M(247M) 0.079ms
[2026-07-01T01:46:40.457+0000][20.416s][info][gc,cpu         ] GC(80) User=0.00s Sys=0.00s Real=0.00s
[2026-07-01T01:46:40.457+0000][20.416s][info][gc,start       ] GC(81) Pause Full (Allocation Failure)
[2026-07-01T01:46:40.457+0000][20.416s][info][gc,phases,start] GC(81) Phase 1: Mark live objects
[2026-07-01T01:46:40.537+0000][20.497s][info][gc,phases      ] GC(81) Phase 1: Mark live objects 80.469ms
[2026-07-01T01:46:40.537+0000][20.497s][info][gc,phases,start] GC(81) Phase 2: Compute new object addresses
[2026-07-01T01:46:40.583+0000][20.543s][info][gc,phases      ] GC(81) Phase 2: Compute new object addresses 46.038ms
[2026-07-01T01:46:40.583+0000][20.543s][info][gc,phases,start] GC(81) Phase 3: Adjust pointers
[2026-07-01T01:46:40.626+0000][20.586s][info][gc,phases      ] GC(81) Phase 3: Adjust pointers 42.650ms
[2026-07-01T01:46:40.626+0000][20.586s][info][gc,phases,start] GC(81) Phase 4: Move objects
[2026-07-01T01:46:40.627+0000][20.586s][info][gc,phases      ] GC(81) Phase 4: Move objects 0.514ms
[2026-07-01T01:46:40.627+0000][20.586s][info][gc,heap        ] GC(81) DefNew: 69952K(78656K)->0K(78656K) Eden: 69952K(69952K)->0K(69952K) From: 0K(8704K)->0K(8704K)
[2026-07-01T01:46:40.627+0000][20.586s][info][gc,heap        ] GC(81) Tenured: 159043K(174784K)->160778K(174784K)
[2026-07-01T01:46:40.627+0000][20.586s][info][gc,metaspace   ] GC(81) Metaspace: 41571K(42432K)->41571K(42432K) NonClass: 36432K(36864K)->36432K(36864K) Class: 5138K(5568K)->5138K(5568K)
[2026-07-01T01:46:40.627+0000][20.587s][info][gc             ] GC(81) Pause Full (Allocation Failure) 223M->157M(247M) 170.057ms
[2026-07-01T01:46:40.627+0000][20.587s][info][gc,cpu         ] GC(81) User=0.18s Sys=0.00s Real=0.17s
[2026-07-01T01:46:41.238+0000][21.197s][info][gc,start       ] GC(82) Pause Young (Allocation Failure)
[2026-07-01T01:46:41.238+0000][21.197s][info][gc             ] GC(82) Pause Young (Allocation Failure) 225M->225M(247M) 0.091ms
[2026-07-01T01:46:41.238+0000][21.197s][info][gc,cpu         ] GC(82) User=0.00s Sys=0.00s Real=0.00s
[2026-07-01T01:46:41.238+0000][21.197s][info][gc,start       ] GC(83) Pause Full (Allocation Failure)
[2026-07-01T01:46:41.238+0000][21.197s][info][gc,phases,start] GC(83) Phase 1: Mark live objects
[2026-07-01T01:46:41.375+0000][21.334s][info][gc,phases      ] GC(83) Phase 1: Mark live objects 136.833ms
[2026-07-01T01:46:41.375+0000][21.334s][info][gc,phases,start] GC(83) Phase 2: Compute new object addresses
[2026-07-01T01:46:41.421+0000][21.381s][info][gc,phases      ] GC(83) Phase 2: Compute new object addresses 46.748ms
[2026-07-01T01:46:41.421+0000][21.381s][info][gc,phases,start] GC(83) Phase 3: Adjust pointers
[2026-07-01T01:46:41.464+0000][21.424s][info][gc,phases      ] GC(83) Phase 3: Adjust pointers 42.906ms
[2026-07-01T01:46:41.464+0000][21.424s][info][gc,phases,start] GC(83) Phase 4: Move objects
[2026-07-01T01:46:41.465+0000][21.424s][info][gc,phases      ] GC(83) Phase 4: Move objects 0.322ms
[2026-07-01T01:46:41.465+0000][21.424s][info][gc,heap        ] GC(83) DefNew: 69952K(78656K)->0K(78656K) Eden: 69952K(69952K)->0K(69952K) From: 0K(8704K)->0K(8704K)
[2026-07-01T01:46:41.465+0000][21.424s][info][gc,heap        ] GC(83) Tenured: 160778K(174784K)->161352K(174784K)
[2026-07-01T01:46:41.465+0000][21.424s][info][gc,metaspace   ] GC(83) Metaspace: 41606K(42496K)->41606K(42496K) NonClass: 36467K(36928K)->36467K(36928K) Class: 5138K(5568K)->5138K(5568K)
[2026-07-01T01:46:41.465+0000][21.425s][info][gc             ] GC(83) Pause Full (Allocation Failure) 225M->157M(247M) 227.224ms
[2026-07-01T01:46:41.465+0000][21.425s][info][gc,cpu         ] GC(83) User=0.26s Sys=0.00s Real=0.23s
[2026-07-01T01:46:42.018+0000][21.978s][info][gc,start       ] GC(84) Pause Young (Allocation Failure)
[2026-07-01T01:46:42.018+0000][21.978s][info][gc             ] GC(84) Pause Young (Allocation Failure) 225M->225M(247M) 0.097ms
[2026-07-01T01:46:42.018+0000][21.978s][info][gc,cpu         ] GC(84) User=0.00s Sys=0.00s Real=0.00s
[2026-07-01T01:46:42.018+0000][21.978s][info][gc,start       ] GC(85) Pause Full (Allocation Failure)
[2026-07-01T01:46:42.018+0000][21.978s][info][gc,phases,start] GC(85) Phase 1: Mark live objects
[2026-07-01T01:46:42.100+0000][22.060s][info][gc,phases      ] GC(85) Phase 1: Mark live objects 82.103ms
[2026-07-01T01:46:42.100+0000][22.060s][info][gc,phases,start] GC(85) Phase 2: Compute new object addresses
[2026-07-01T01:46:42.146+0000][22.106s][info][gc,phases      ] GC(85) Phase 2: Compute new object addresses 45.938ms
[2026-07-01T01:46:42.146+0000][22.106s][info][gc,phases,start] GC(85) Phase 3: Adjust pointers
[2026-07-01T01:46:42.194+0000][22.153s][info][gc,phases      ] GC(85) Phase 3: Adjust pointers 47.210ms
[2026-07-01T01:46:42.194+0000][22.153s][info][gc,phases,start] GC(85) Phase 4: Move objects
[2026-07-01T01:46:42.222+0000][22.181s][info][gc,phases      ] GC(85) Phase 4: Move objects 27.928ms
[2026-07-01T01:46:42.222+0000][22.182s][info][gc,heap        ] GC(85) DefNew: 69952K(78656K)->0K(78656K) Eden: 69952K(69952K)->0K(69952K) From: 0K(8704K)->0K(8704K)
[2026-07-01T01:46:42.222+0000][22.182s][info][gc,heap        ] GC(85) Tenured: 161352K(174784K)->159258K(174784K)
[2026-07-01T01:46:42.222+0000][22.182s][info][gc,metaspace   ] GC(85) Metaspace: 41615K(42496K)->41615K(42496K) NonClass: 36476K(36928K)->36476K(36928K) Class: 5138K(5568K)->5138K(5568K)
[2026-07-01T01:46:42.222+0000][22.182s][info][gc             ] GC(85) Pause Full (Allocation Failure) 225M->155M(247M) 203.613ms
[2026-07-01T01:46:42.222+0000][22.182s][info][gc,cpu         ] GC(85) User=0.21s Sys=0.00s Real=0.20s
[2026-07-01T01:46:42.777+0000][22.737s][info][gc,start       ] GC(86) Pause Young (Allocation Failure)
[2026-07-01T01:46:42.777+0000][22.737s][info][gc             ] GC(86) Pause Young (Allocation Failure) 223M->223M(247M) 0.090ms
[2026-07-01T01:46:42.777+0000][22.737s][info][gc,cpu         ] GC(86) User=0.00s Sys=0.00s Real=0.00s
[2026-07-01T01:46:42.777+0000][22.737s][info][gc,start       ] GC(87) Pause Full (Allocation Failure)
[2026-07-01T01:46:42.777+0000][22.737s][info][gc,phases,start] GC(87) Phase 1: Mark live objects
[2026-07-01T01:46:42.859+0000][22.818s][info][gc,phases      ] GC(87) Phase 1: Mark live objects 81.322ms
[2026-07-01T01:46:42.859+0000][22.818s][info][gc,phases,start] GC(87) Phase 2: Compute new object addresses
[2026-07-01T01:46:42.905+0000][22.864s][info][gc,phases      ] GC(87) Phase 2: Compute new object addresses 46.113ms
[2026-07-01T01:46:42.905+0000][22.864s][info][gc,phases,start] GC(87) Phase 3: Adjust pointers
[2026-07-01T01:46:42.948+0000][22.908s][info][gc,phases      ] GC(87) Phase 3: Adjust pointers 43.415ms
[2026-07-01T01:46:42.948+0000][22.908s][info][gc,phases,start] GC(87) Phase 4: Move objects
[2026-07-01T01:46:42.949+0000][22.908s][info][gc,phases      ] GC(87) Phase 4: Move objects 0.529ms
[2026-07-01T01:46:42.949+0000][22.909s][info][gc,heap        ] GC(87) DefNew: 69952K(78656K)->0K(78656K) Eden: 69952K(69952K)->0K(69952K) From: 0K(8704K)->0K(8704K)
[2026-07-01T01:46:42.949+0000][22.909s][info][gc,heap        ] GC(87) Tenured: 159258K(174784K)->160961K(174784K)
[2026-07-01T01:46:42.949+0000][22.909s][info][gc,metaspace   ] GC(87) Metaspace: 41627K(42496K)->41627K(42496K) NonClass: 36488K(36928K)->36488K(36928K) Class: 5138K(5568K)->5138K(5568K)
[2026-07-01T01:46:42.949+0000][22.909s][info][gc             ] GC(87) Pause Full (Allocation Failure) 223M->157M(247M) 171.792ms
[2026-07-01T01:46:42.949+0000][22.909s][info][gc,cpu         ] GC(87) User=0.17s Sys=0.00s Real=0.18s
[2026-07-01T01:46:43.492+0000][23.452s][info][gc,start       ] GC(88) Pause Young (Allocation Failure)
[2026-07-01T01:46:43.492+0000][23.452s][info][gc             ] GC(88) Pause Young (Allocation Failure) 225M->225M(247M) 0.103ms
[2026-07-01T01:46:43.492+0000][23.452s][info][gc,cpu         ] GC(88) User=0.00s Sys=0.00s Real=0.00s
[2026-07-01T01:46:43.492+0000][23.452s][info][gc,start       ] GC(89) Pause Full (Allocation Failure)
[2026-07-01T01:46:43.492+0000][23.452s][info][gc,phases,start] GC(89) Phase 1: Mark live objects
[2026-07-01T01:46:43.594+0000][23.554s][info][gc,phases      ] GC(89) Phase 1: Mark live objects 101.553ms
[2026-07-01T01:46:43.594+0000][23.554s][info][gc,phases,start] GC(89) Phase 2: Compute new object addresses
[2026-07-01T01:46:43.641+0000][23.600s][info][gc,phases      ] GC(89) Phase 2: Compute new object addresses 46.782ms
[2026-07-01T01:46:43.641+0000][23.600s][info][gc,phases,start] GC(89) Phase 3: Adjust pointers
[2026-07-01T01:46:43.686+0000][23.646s][info][gc,phases      ] GC(89) Phase 3: Adjust pointers 45.247ms
[2026-07-01T01:46:43.686+0000][23.646s][info][gc,phases,start] GC(89) Phase 4: Move objects
[2026-07-01T01:46:43.686+0000][23.646s][info][gc,phases      ] GC(89) Phase 4: Move objects 0.319ms
[2026-07-01T01:46:43.687+0000][23.646s][info][gc,heap        ] GC(89) DefNew: 69952K(78656K)->0K(78656K) Eden: 69952K(69952K)->0K(69952K) From: 0K(8704K)->0K(8704K)
[2026-07-01T01:46:43.687+0000][23.646s][info][gc,heap        ] GC(89) Tenured: 160961K(174784K)->161547K(174784K)
[2026-07-01T01:46:43.687+0000][23.646s][info][gc,metaspace   ] GC(89) Metaspace: 41632K(42496K)->41632K(42496K) NonClass: 36493K(36928K)->36493K(36928K) Class: 5138K(5568K)->5138K(5568K)
[2026-07-01T01:46:43.687+0000][23.646s][info][gc             ] GC(89) Pause Full (Allocation Failure) 225M->157M(247M) 194.309ms
[2026-07-01T01:46:43.687+0000][23.646s][info][gc,cpu         ] GC(89) User=0.18s Sys=0.00s Real=0.19s
[2026-07-01T01:46:44.444+0000][24.404s][info][gc,start       ] GC(90) Pause Young (Allocation Failure)
[2026-07-01T01:46:44.444+0000][24.404s][info][gc             ] GC(90) Pause Young (Allocation Failure) 226M->226M(247M) 0.103ms
[2026-07-01T01:46:44.444+0000][24.404s][info][gc,cpu         ] GC(90) User=0.00s Sys=0.00s Real=0.00s
[2026-07-01T01:46:44.444+0000][24.404s][info][gc,start       ] GC(91) Pause Full (Allocation Failure)
[2026-07-01T01:46:44.444+0000][24.404s][info][gc,phases,start] GC(91) Phase 1: Mark live objects
[2026-07-01T01:46:44.605+0000][24.564s][info][gc,phases      ] GC(91) Phase 1: Mark live objects 160.614ms
[2026-07-01T01:46:44.605+0000][24.565s][info][gc,phases,start] GC(91) Phase 2: Compute new object addresses
[2026-07-01T01:46:44.652+0000][24.612s][info][gc,phases      ] GC(91) Phase 2: Compute new object addresses 47.022ms
[2026-07-01T01:46:44.652+0000][24.612s][info][gc,phases,start] GC(91) Phase 3: Adjust pointers
[2026-07-01T01:46:44.697+0000][24.657s][info][gc,phases      ] GC(91) Phase 3: Adjust pointers 45.106ms
[2026-07-01T01:46:44.697+0000][24.657s][info][gc,phases,start] GC(91) Phase 4: Move objects
[2026-07-01T01:46:44.697+0000][24.657s][info][gc,phases      ] GC(91) Phase 4: Move objects 0.341ms
[2026-07-01T01:46:44.698+0000][24.657s][info][gc,heap        ] GC(91) DefNew: 69952K(78656K)->0K(78656K) Eden: 69952K(69952K)->0K(69952K) From: 0K(8704K)->0K(8704K)
[2026-07-01T01:46:44.698+0000][24.657s][info][gc,heap        ] GC(91) Tenured: 161547K(174784K)->162138K(174784K)
[2026-07-01T01:46:44.698+0000][24.657s][info][gc,metaspace   ] GC(91) Metaspace: 41634K(42496K)->41634K(42496K) NonClass: 36495K(36928K)->36495K(36928K) Class: 5138K(5568K)->5138K(5568K)
[2026-07-01T01:46:44.698+0000][24.657s][info][gc             ] GC(91) Pause Full (Allocation Failure) 226M->158M(247M) 253.501ms
[2026-07-01T01:46:44.698+0000][24.657s][info][gc,cpu         ] GC(91) User=0.28s Sys=0.00s Real=0.25s
[2026-07-01T01:46:45.237+0000][25.197s][info][gc,start       ] GC(92) Pause Young (Allocation Failure)
[2026-07-01T01:46:45.237+0000][25.197s][info][gc             ] GC(92) Pause Young (Allocation Failure) 226M->226M(247M) 0.104ms
[2026-07-01T01:46:45.237+0000][25.197s][info][gc,cpu         ] GC(92) User=0.00s Sys=0.00s Real=0.00s
[2026-07-01T01:46:45.237+0000][25.197s][info][gc,start       ] GC(93) Pause Full (Allocation Failure)
[2026-07-01T01:46:45.237+0000][25.197s][info][gc,phases,start] GC(93) Phase 1: Mark live objects
[2026-07-01T01:46:45.320+0000][25.279s][info][gc,phases      ] GC(93) Phase 1: Mark live objects 82.204ms
[2026-07-01T01:46:45.320+0000][25.279s][info][gc,phases,start] GC(93) Phase 2: Compute new object addresses
[2026-07-01T01:46:45.366+0000][25.325s][info][gc,phases      ] GC(93) Phase 2: Compute new object addresses 46.000ms
[2026-07-01T01:46:45.366+0000][25.325s][info][gc,phases,start] GC(93) Phase 3: Adjust pointers
[2026-07-01T01:46:45.413+0000][25.373s][info][gc,phases      ] GC(93) Phase 3: Adjust pointers 47.770ms
[2026-07-01T01:46:45.413+0000][25.373s][info][gc,phases,start] GC(93) Phase 4: Move objects
[2026-07-01T01:46:45.442+0000][25.402s][info][gc,phases      ] GC(93) Phase 4: Move objects 28.485ms
[2026-07-01T01:46:45.442+0000][25.402s][info][gc,heap        ] GC(93) DefNew: 69952K(78656K)->0K(78656K) Eden: 69952K(69952K)->0K(69952K) From: 0K(8704K)->0K(8704K)
[2026-07-01T01:46:45.442+0000][25.402s][info][gc,heap        ] GC(93) Tenured: 162138K(174784K)->159834K(174784K)
[2026-07-01T01:46:45.442+0000][25.402s][info][gc,metaspace   ] GC(93) Metaspace: 41640K(42496K)->41640K(42496K) NonClass: 36501K(36928K)->36501K(36928K) Class: 5138K(5568K)->5138K(5568K)
[2026-07-01T01:46:45.442+0000][25.402s][info][gc             ] GC(93) Pause Full (Allocation Failure) 226M->156M(247M) 204.902ms
[2026-07-01T01:46:45.442+0000][25.402s][info][gc,cpu         ] GC(93) User=0.21s Sys=0.00s Real=0.21s
[2026-07-01T01:46:45.972+0000][25.931s][info][gc,start       ] GC(94) Pause Young (Allocation Failure)
[2026-07-01T01:46:45.972+0000][25.931s][info][gc             ] GC(94) Pause Young (Allocation Failure) 224M->224M(247M) 0.082ms
[2026-07-01T01:46:45.972+0000][25.931s][info][gc,cpu         ] GC(94) User=0.00s Sys=0.00s Real=0.00s
[2026-07-01T01:46:45.972+0000][25.931s][info][gc,start       ] GC(95) Pause Full (Allocation Failure)
[2026-07-01T01:46:45.972+0000][25.931s][info][gc,phases,start] GC(95) Phase 1: Mark live objects
[2026-07-01T01:46:46.071+0000][26.031s][info][gc,phases      ] GC(95) Phase 1: Mark live objects 99.540ms
[2026-07-01T01:46:46.071+0000][26.031s][info][gc,phases,start] GC(95) Phase 2: Compute new object addresses
[2026-07-01T01:46:46.118+0000][26.077s][info][gc,phases      ] GC(95) Phase 2: Compute new object addresses 46.416ms
[2026-07-01T01:46:46.118+0000][26.077s][info][gc,phases,start] GC(95) Phase 3: Adjust pointers
[2026-07-01T01:46:46.163+0000][26.122s][info][gc,phases      ] GC(95) Phase 3: Adjust pointers 45.023ms
[2026-07-01T01:46:46.163+0000][26.122s][info][gc,phases,start] GC(95) Phase 4: Move objects
[2026-07-01T01:46:46.163+0000][26.123s][info][gc,phases      ] GC(95) Phase 4: Move objects 0.373ms
[2026-07-01T01:46:46.163+0000][26.123s][info][gc,heap        ] GC(95) DefNew: 69952K(78656K)->0K(78656K) Eden: 69952K(69952K)->0K(69952K) From: 0K(8704K)->0K(8704K)
[2026-07-01T01:46:46.163+0000][26.123s][info][gc,heap        ] GC(95) Tenured: 159834K(174784K)->160544K(174784K)
[2026-07-01T01:46:46.163+0000][26.123s][info][gc,metaspace   ] GC(95) Metaspace: 41640K(42496K)->41640K(42496K) NonClass: 36502K(36928K)->36502K(36928K) Class: 5138K(5568K)->5138K(5568K)
[2026-07-01T01:46:46.163+0000][26.123s][info][gc             ] GC(95) Pause Full (Allocation Failure) 224M->156M(247M) 191.740ms
[2026-07-01T01:46:46.163+0000][26.123s][info][gc,cpu         ] GC(95) User=0.25s Sys=0.00s Real=0.19s
[2026-07-01T01:46:46.666+0000][26.626s][info][gc,start       ] GC(96) Pause Young (Allocation Failure)
[2026-07-01T01:46:46.667+0000][26.626s][info][gc             ] GC(96) Pause Young (Allocation Failure) 225M->225M(247M) 0.079ms
[2026-07-01T01:46:46.667+0000][26.626s][info][gc,cpu         ] GC(96) User=0.00s Sys=0.00s Real=0.00s
[2026-07-01T01:46:46.667+0000][26.626s][info][gc,start       ] GC(97) Pause Full (Allocation Failure)
[2026-07-01T01:46:46.667+0000][26.626s][info][gc,phases,start] GC(97) Phase 1: Mark live objects
[2026-07-01T01:46:46.750+0000][26.710s][info][gc,phases      ] GC(97) Phase 1: Mark live objects 83.780ms
[2026-07-01T01:46:46.750+0000][26.710s][info][gc,phases,start] GC(97) Phase 2: Compute new object addresses
[2026-07-01T01:46:46.797+0000][26.757s][info][gc,phases      ] GC(97) Phase 2: Compute new object addresses 46.573ms
[2026-07-01T01:46:46.797+0000][26.757s][info][gc,phases,start] GC(97) Phase 3: Adjust pointers
[2026-07-01T01:46:46.842+0000][26.801s][info][gc,phases      ] GC(97) Phase 3: Adjust pointers 44.574ms
[2026-07-01T01:46:46.842+0000][26.801s][info][gc,phases,start] GC(97) Phase 4: Move objects
[2026-07-01T01:46:46.842+0000][26.802s][info][gc,phases      ] GC(97) Phase 4: Move objects 0.350ms
[2026-07-01T01:46:46.842+0000][26.802s][info][gc,heap        ] GC(97) DefNew: 69952K(78656K)->0K(78656K) Eden: 69952K(69952K)->0K(69952K) From: 0K(8704K)->0K(8704K)
[2026-07-01T01:46:46.842+0000][26.802s][info][gc,heap        ] GC(97) Tenured: 160544K(174784K)->161199K(174784K)
[2026-07-01T01:46:46.842+0000][26.802s][info][gc,metaspace   ] GC(97) Metaspace: 41641K(42496K)->41641K(42496K) NonClass: 36502K(36928K)->36502K(36928K) Class: 5138K(5568K)->5138K(5568K)
[2026-07-01T01:46:46.842+0000][26.802s][info][gc             ] GC(97) Pause Full (Allocation Failure) 225M->157M(247M) 175.672ms
[2026-07-01T01:46:46.842+0000][26.802s][info][gc,cpu         ] GC(97) User=0.18s Sys=0.00s Real=0.18s
[2026-07-01T01:46:47.406+0000][27.365s][info][gc,start       ] GC(98) Pause Young (Allocation Failure)
[2026-07-01T01:46:47.406+0000][27.365s][info][gc             ] GC(98) Pause Young (Allocation Failure) 225M->225M(247M) 0.094ms
[2026-07-01T01:46:47.406+0000][27.365s][info][gc,cpu         ] GC(98) User=0.00s Sys=0.00s Real=0.00s
[2026-07-01T01:46:47.406+0000][27.365s][info][gc,start       ] GC(99) Pause Full (Allocation Failure)
[2026-07-01T01:46:47.406+0000][27.365s][info][gc,phases,start] GC(99) Phase 1: Mark live objects
[2026-07-01T01:46:47.552+0000][27.512s][info][gc,phases      ] GC(99) Phase 1: Mark live objects 146.327ms
[2026-07-01T01:46:47.552+0000][27.512s][info][gc,phases,start] GC(99) Phase 2: Compute new object addresses
[2026-07-01T01:46:47.619+0000][27.578s][info][gc,phases      ] GC(99) Phase 2: Compute new object addresses 66.639ms
[2026-07-01T01:46:47.619+0000][27.579s][info][gc,phases,start] GC(99) Phase 3: Adjust pointers
[2026-07-01T01:46:47.683+0000][27.643s][info][gc,phases      ] GC(99) Phase 3: Adjust pointers 64.026ms
[2026-07-01T01:46:47.683+0000][27.643s][info][gc,phases,start] GC(99) Phase 4: Move objects
[2026-07-01T01:46:47.684+0000][27.643s][info][gc,phases      ] GC(99) Phase 4: Move objects 0.915ms
[2026-07-01T01:46:47.684+0000][27.644s][info][gc,heap        ] GC(99) DefNew: 69951K(78656K)->0K(78656K) Eden: 69951K(69952K)->0K(69952K) From: 0K(8704K)->0K(8704K)
[2026-07-01T01:46:47.684+0000][27.644s][info][gc,heap        ] GC(99) Tenured: 161199K(174784K)->162806K(174784K)
[2026-07-01T01:46:47.684+0000][27.644s][info][gc,metaspace   ] GC(99) Metaspace: 41641K(42496K)->41641K(42496K) NonClass: 36502K(36928K)->36502K(36928K) Class: 5138K(5568K)->5138K(5568K)
[2026-07-01T01:46:47.684+0000][27.644s][info][gc             ] GC(99) Pause Full (Allocation Failure) 225M->158M(247M) 278.399ms
[2026-07-01T01:46:47.684+0000][27.644s][info][gc,cpu         ] GC(99) User=0.28s Sys=0.00s Real=0.28s
[2026-07-01T01:46:48.317+0000][28.276s][info][gc,start       ] GC(100) Pause Young (Allocation Failure)
[2026-07-01T01:46:48.317+0000][28.276s][info][gc             ] GC(100) Pause Young (Allocation Failure) 227M->227M(247M) 0.076ms
[2026-07-01T01:46:48.317+0000][28.276s][info][gc,cpu         ] GC(100) User=0.00s Sys=0.00s Real=0.00s
[2026-07-01T01:46:48.317+0000][28.276s][info][gc,start       ] GC(101) Pause Full (Allocation Failure)
[2026-07-01T01:46:48.317+0000][28.277s][info][gc,phases,start] GC(101) Phase 1: Mark live objects
[2026-07-01T01:46:48.401+0000][28.360s][info][gc,phases      ] GC(101) Phase 1: Mark live objects 83.607ms
[2026-07-01T01:46:48.401+0000][28.360s][info][gc,phases,start] GC(101) Phase 2: Compute new object addresses
[2026-07-01T01:46:48.447+0000][28.407s][info][gc,phases      ] GC(101) Phase 2: Compute new object addresses 46.377ms
[2026-07-01T01:46:48.447+0000][28.407s][info][gc,phases,start] GC(101) Phase 3: Adjust pointers
[2026-07-01T01:46:48.496+0000][28.455s][info][gc,phases      ] GC(101) Phase 3: Adjust pointers 48.865ms
[2026-07-01T01:46:48.496+0000][28.455s][info][gc,phases,start] GC(101) Phase 4: Move objects
[2026-07-01T01:46:48.526+0000][28.485s][info][gc,phases      ] GC(101) Phase 4: Move objects 29.637ms
[2026-07-01T01:46:48.526+0000][28.485s][info][gc,heap        ] GC(101) DefNew: 69952K(78656K)->0K(78656K) Eden: 69952K(69952K)->0K(69952K) From: 0K(8704K)->0K(8704K)
[2026-07-01T01:46:48.526+0000][28.485s][info][gc,heap        ] GC(101) Tenured: 162806K(174784K)->160540K(174784K)
[2026-07-01T01:46:48.526+0000][28.485s][info][gc,metaspace   ] GC(101) Metaspace: 41642K(42496K)->41642K(42496K) NonClass: 36504K(36928K)->36504K(36928K) Class: 5138K(5568K)->5138K(5568K)
[2026-07-01T01:46:48.526+0000][28.485s][info][gc             ] GC(101) Pause Full (Allocation Failure) 227M->156M(247M) 208.936ms
[2026-07-01T01:46:48.526+0000][28.485s][info][gc,cpu         ] GC(101) User=0.21s Sys=0.00s Real=0.21s
[2026-07-01T01:46:49.077+0000][29.036s][info][gc,start       ] GC(102) Pause Young (Allocation Failure)
[2026-07-01T01:46:49.077+0000][29.036s][info][gc             ] GC(102) Pause Young (Allocation Failure) 225M->225M(247M) 0.098ms
[2026-07-01T01:46:49.077+0000][29.036s][info][gc,cpu         ] GC(102) User=0.00s Sys=0.00s Real=0.00s
[2026-07-01T01:46:49.077+0000][29.036s][info][gc,start       ] GC(103) Pause Full (Allocation Failure)
[2026-07-01T01:46:49.077+0000][29.036s][info][gc,phases,start] GC(103) Phase 1: Mark live objects
[2026-07-01T01:46:49.167+0000][29.127s][info][gc,phases      ] GC(103) Phase 1: Mark live objects 90.476ms
[2026-07-01T01:46:49.167+0000][29.127s][info][gc,phases,start] GC(103) Phase 2: Compute new object addresses
[2026-07-01T01:46:49.214+0000][29.174s][info][gc,phases      ] GC(103) Phase 2: Compute new object addresses 46.734ms
[2026-07-01T01:46:49.214+0000][29.174s][info][gc,phases,start] GC(103) Phase 3: Adjust pointers
[2026-07-01T01:46:49.260+0000][29.219s][info][gc,phases      ] GC(103) Phase 3: Adjust pointers 45.477ms
[2026-07-01T01:46:49.260+0000][29.219s][info][gc,phases,start] GC(103) Phase 4: Move objects
[2026-07-01T01:46:49.260+0000][29.220s][info][gc,phases      ] GC(103) Phase 4: Move objects 0.346ms
[2026-07-01T01:46:49.260+0000][29.220s][info][gc,heap        ] GC(103) DefNew: 69952K(78656K)->0K(78656K) Eden: 69952K(69952K)->0K(69952K) From: 0K(8704K)->0K(8704K)
[2026-07-01T01:46:49.260+0000][29.220s][info][gc,heap        ] GC(103) Tenured: 160540K(174784K)->161210K(174784K)
[2026-07-01T01:46:49.260+0000][29.220s][info][gc,metaspace   ] GC(103) Metaspace: 41643K(42496K)->41643K(42496K) NonClass: 36504K(36928K)->36504K(36928K) Class: 5138K(5568K)->5138K(5568K)
[2026-07-01T01:46:49.260+0000][29.220s][info][gc             ] GC(103) Pause Full (Allocation Failure) 225M->157M(247M) 183.450ms
[2026-07-01T01:46:49.260+0000][29.220s][info][gc,cpu         ] GC(103) User=0.20s Sys=0.00s Real=0.19s
[2026-07-01T01:46:49.758+0000][29.718s][info][gc,start       ] GC(104) Pause Young (Allocation Failure)
[2026-07-01T01:46:49.759+0000][29.718s][info][gc             ] GC(104) Pause Young (Allocation Failure) 225M->225M(247M) 0.136ms
[2026-07-01T01:46:49.759+0000][29.718s][info][gc,cpu         ] GC(104) User=0.00s Sys=0.00s Real=0.00s
[2026-07-01T01:46:49.759+0000][29.718s][info][gc,start       ] GC(105) Pause Full (Allocation Failure)
[2026-07-01T01:46:49.759+0000][29.718s][info][gc,phases,start] GC(105) Phase 1: Mark live objects
[2026-07-01T01:46:49.850+0000][29.810s][info][gc,phases      ] GC(105) Phase 1: Mark live objects 91.250ms
[2026-07-01T01:46:49.850+0000][29.810s][info][gc,phases,start] GC(105) Phase 2: Compute new object addresses
[2026-07-01T01:46:49.897+0000][29.857s][info][gc,phases      ] GC(105) Phase 2: Compute new object addresses 46.975ms
[2026-07-01T01:46:49.897+0000][29.857s][info][gc,phases,start] GC(105) Phase 3: Adjust pointers
[2026-07-01T01:46:49.944+0000][29.903s][info][gc,phases      ] GC(105) Phase 3: Adjust pointers 46.486ms
[2026-07-01T01:46:49.944+0000][29.903s][info][gc,phases,start] GC(105) Phase 4: Move objects
[2026-07-01T01:46:49.944+0000][29.904s][info][gc,phases      ] GC(105) Phase 4: Move objects 0.564ms
[2026-07-01T01:46:49.944+0000][29.904s][info][gc,heap        ] GC(105) DefNew: 69952K(78656K)->0K(78656K) Eden: 69952K(69952K)->0K(69952K) From: 0K(8704K)->0K(8704K)
[2026-07-01T01:46:49.944+0000][29.904s][info][gc,heap        ] GC(105) Tenured: 161210K(174784K)->162846K(174784K)
[2026-07-01T01:46:49.944+0000][29.904s][info][gc,metaspace   ] GC(105) Metaspace: 41643K(42496K)->41643K(42496K) NonClass: 36505K(36928K)->36505K(36928K) Class: 5138K(5568K)->5138K(5568K)
[2026-07-01T01:46:49.944+0000][29.904s][info][gc             ] GC(105) Pause Full (Allocation Failure) 225M->159M(247M) 185.689ms
[2026-07-01T01:46:49.944+0000][29.904s][info][gc,cpu         ] GC(105) User=0.19s Sys=0.00s Real=0.18s
[2026-07-01T01:46:50.462+0000][30.421s][info][gc,start       ] GC(106) Pause Young (Allocation Failure)
[2026-07-01T01:46:50.462+0000][30.422s][info][gc             ] GC(106) Pause Young (Allocation Failure) 227M->227M(247M) 0.100ms
[2026-07-01T01:46:50.462+0000][30.422s][info][gc,cpu         ] GC(106) User=0.00s Sys=0.00s Real=0.00s
[2026-07-01T01:46:50.462+0000][30.422s][info][gc,start       ] GC(107) Pause Full (Allocation Failure)
[2026-07-01T01:46:50.462+0000][30.422s][info][gc,phases,start] GC(107) Phase 1: Mark live objects
[2026-07-01T01:46:50.556+0000][30.515s][info][gc,phases      ] GC(107) Phase 1: Mark live objects 93.572ms
[2026-07-01T01:46:50.556+0000][30.515s][info][gc,phases,start] GC(107) Phase 2: Compute new object addresses
[2026-07-01T01:46:50.603+0000][30.562s][info][gc,phases      ] GC(107) Phase 2: Compute new object addresses 47.051ms
[2026-07-01T01:46:50.603+0000][30.562s][info][gc,phases,start] GC(107) Phase 3: Adjust pointers
[2026-07-01T01:46:50.650+0000][30.609s][info][gc,phases      ] GC(107) Phase 3: Adjust pointers 46.922ms
[2026-07-01T01:46:50.650+0000][30.609s][info][gc,phases,start] GC(107) Phase 4: Move objects
[2026-07-01T01:46:50.650+0000][30.610s][info][gc,phases      ] GC(107) Phase 4: Move objects 0.370ms
[2026-07-01T01:46:50.650+0000][30.610s][info][gc,heap        ] GC(107) DefNew: 69952K(78656K)->0K(78656K) Eden: 69952K(69952K)->0K(69952K) From: 0K(8704K)->0K(8704K)
[2026-07-01T01:46:50.650+0000][30.610s][info][gc,heap        ] GC(107) Tenured: 162846K(174784K)->163532K(174784K)
[2026-07-01T01:46:50.650+0000][30.610s][info][gc,metaspace   ] GC(107) Metaspace: 41648K(42496K)->41648K(42496K) NonClass: 36509K(36928K)->36509K(36928K) Class: 5139K(5568K)->5139K(5568K)
[2026-07-01T01:46:50.650+0000][30.610s][info][gc             ] GC(107) Pause Full (Allocation Failure) 227M->159M(247M) 188.321ms
[2026-07-01T01:46:50.650+0000][30.610s][info][gc,cpu         ] GC(107) User=0.20s Sys=0.00s Real=0.19s
[2026-07-01T01:46:51.152+0000][31.112s][info][gc,start       ] GC(108) Pause Young (Allocation Failure)
[2026-07-01T01:46:51.152+0000][31.112s][info][gc             ] GC(108) Pause Young (Allocation Failure) 228M->228M(247M) 0.083ms
[2026-07-01T01:46:51.152+0000][31.112s][info][gc,cpu         ] GC(108) User=0.00s Sys=0.00s Real=0.00s
[2026-07-01T01:46:51.152+0000][31.112s][info][gc,start       ] GC(109) Pause Full (Allocation Failure)
[2026-07-01T01:46:51.152+0000][31.112s][info][gc,phases,start] GC(109) Phase 1: Mark live objects
[2026-07-01T01:46:51.245+0000][31.204s][info][gc,phases      ] GC(109) Phase 1: Mark live objects 92.489ms
[2026-07-01T01:46:51.245+0000][31.204s][info][gc,phases,start] GC(109) Phase 2: Compute new object addresses
[2026-07-01T01:46:51.291+0000][31.251s][info][gc,phases      ] GC(109) Phase 2: Compute new object addresses 46.507ms
[2026-07-01T01:46:51.291+0000][31.251s][info][gc,phases,start] GC(109) Phase 3: Adjust pointers
[2026-07-01T01:46:51.341+0000][31.301s][info][gc,phases      ] GC(109) Phase 3: Adjust pointers 49.845ms
[2026-07-01T01:46:51.341+0000][31.301s][info][gc,phases,start] GC(109) Phase 4: Move objects
[2026-07-01T01:46:51.369+0000][31.329s][info][gc,phases      ] GC(109) Phase 4: Move objects 28.266ms
[2026-07-01T01:46:51.370+0000][31.329s][info][gc,heap        ] GC(109) DefNew: 69952K(78656K)->0K(78656K) Eden: 69952K(69952K)->0K(69952K) From: 0K(8704K)->0K(8704K)
[2026-07-01T01:46:51.370+0000][31.329s][info][gc,heap        ] GC(109) Tenured: 163532K(174784K)->161271K(174784K)
[2026-07-01T01:46:51.370+0000][31.329s][info][gc,metaspace   ] GC(109) Metaspace: 41648K(42496K)->41648K(42496K) NonClass: 36509K(36928K)->36509K(36928K) Class: 5139K(5568K)->5139K(5568K)
[2026-07-01T01:46:51.370+0000][31.329s][info][gc             ] GC(109) Pause Full (Allocation Failure) 228M->157M(247M) 217.552ms
[2026-07-01T01:46:51.370+0000][31.329s][info][gc,cpu         ] GC(109) User=0.23s Sys=0.00s Real=0.22s
[2026-07-01T01:46:52.114+0000][32.074s][info][gc,start       ] GC(110) Pause Young (Allocation Failure)
[2026-07-01T01:46:52.114+0000][32.074s][info][gc             ] GC(110) Pause Young (Allocation Failure) 225M->225M(247M) 0.104ms
[2026-07-01T01:46:52.114+0000][32.074s][info][gc,cpu         ] GC(110) User=0.00s Sys=0.00s Real=0.00s
[2026-07-01T01:46:52.114+0000][32.074s][info][gc,start       ] GC(111) Pause Full (Allocation Failure)
[2026-07-01T01:46:52.114+0000][32.074s][info][gc,phases,start] GC(111) Phase 1: Mark live objects
[2026-07-01T01:46:52.260+0000][32.219s][info][gc,phases      ] GC(111) Phase 1: Mark live objects 145.300ms
[2026-07-01T01:46:52.260+0000][32.219s][info][gc,phases,start] GC(111) Phase 2: Compute new object addresses
[2026-07-01T01:46:52.326+0000][32.285s][info][gc,phases      ] GC(111) Phase 2: Compute new object addresses 65.743ms
[2026-07-01T01:46:52.326+0000][32.285s][info][gc,phases,start] GC(111) Phase 3: Adjust pointers
[2026-07-01T01:46:52.392+0000][32.351s][info][gc,phases      ] GC(111) Phase 3: Adjust pointers 66.086ms
[2026-07-01T01:46:52.392+0000][32.351s][info][gc,phases,start] GC(111) Phase 4: Move objects
[2026-07-01T01:46:52.392+0000][32.352s][info][gc,phases      ] GC(111) Phase 4: Move objects 0.505ms
[2026-07-01T01:46:52.392+0000][32.352s][info][gc,heap        ] GC(111) DefNew: 69952K(78656K)->0K(78656K) Eden: 69952K(69952K)->0K(69952K) From: 0K(8704K)->0K(8704K)
[2026-07-01T01:46:52.392+0000][32.352s][info][gc,heap        ] GC(111) Tenured: 161271K(174784K)->162516K(174784K)
[2026-07-01T01:46:52.392+0000][32.352s][info][gc,metaspace   ] GC(111) Metaspace: 41648K(42496K)->41648K(42496K) NonClass: 36509K(36928K)->36509K(36928K) Class: 5139K(5568K)->5139K(5568K)
[2026-07-01T01:46:52.392+0000][32.352s][info][gc             ] GC(111) Pause Full (Allocation Failure) 225M->158M(247M) 278.100ms
[2026-07-01T01:46:52.393+0000][32.352s][info][gc,cpu         ] GC(111) User=0.28s Sys=0.00s Real=0.28s
[2026-07-01T01:46:52.969+0000][32.928s][info][gc,start       ] GC(112) Pause Young (Allocation Failure)
[2026-07-01T01:46:52.969+0000][32.928s][info][gc             ] GC(112) Pause Young (Allocation Failure) 227M->227M(247M) 0.108ms
[2026-07-01T01:46:52.969+0000][32.928s][info][gc,cpu         ] GC(112) User=0.00s Sys=0.00s Real=0.00s
[2026-07-01T01:46:52.969+0000][32.928s][info][gc,start       ] GC(113) Pause Full (Allocation Failure)
[2026-07-01T01:46:52.969+0000][32.928s][info][gc,phases,start] GC(113) Phase 1: Mark live objects
[2026-07-01T01:46:53.058+0000][33.017s][info][gc,phases      ] GC(113) Phase 1: Mark live objects 88.755ms
[2026-07-01T01:46:53.058+0000][33.017s][info][gc,phases,start] GC(113) Phase 2: Compute new object addresses
[2026-07-01T01:46:53.105+0000][33.064s][info][gc,phases      ] GC(113) Phase 2: Compute new object addresses 47.182ms
[2026-07-01T01:46:53.105+0000][33.064s][info][gc,phases,start] GC(113) Phase 3: Adjust pointers
[2026-07-01T01:46:53.151+0000][33.111s][info][gc,phases      ] GC(113) Phase 3: Adjust pointers 46.517ms
[2026-07-01T01:46:53.151+0000][33.111s][info][gc,phases,start] GC(113) Phase 4: Move objects
[2026-07-01T01:46:53.152+0000][33.111s][info][gc,phases      ] GC(113) Phase 4: Move objects 0.397ms
[2026-07-01T01:46:53.152+0000][33.112s][info][gc,heap        ] GC(113) DefNew: 69952K(78656K)->0K(78656K) Eden: 69952K(69952K)->0K(69952K) From: 0K(8704K)->0K(8704K)
[2026-07-01T01:46:53.152+0000][33.112s][info][gc,heap        ] GC(113) Tenured: 162516K(174784K)->163263K(174784K)
[2026-07-01T01:46:53.152+0000][33.112s][info][gc,metaspace   ] GC(113) Metaspace: 41650K(42496K)->41650K(42496K) NonClass: 36510K(36928K)->36510K(36928K) Class: 5139K(5568K)->5139K(5568K)
[2026-07-01T01:46:53.152+0000][33.112s][info][gc             ] GC(113) Pause Full (Allocation Failure) 227M->159M(247M) 183.291ms
[2026-07-01T01:46:53.152+0000][33.112s][info][gc,cpu         ] GC(113) User=0.19s Sys=0.00s Real=0.18s
[2026-07-01T01:46:53.626+0000][33.585s][info][gc,start       ] GC(114) Pause Young (Allocation Failure)
[2026-07-01T01:46:53.626+0000][33.586s][info][gc             ] GC(114) Pause Young (Allocation Failure) 227M->227M(247M) 0.094ms
[2026-07-01T01:46:53.626+0000][33.586s][info][gc,cpu         ] GC(114) User=0.00s Sys=0.00s Real=0.00s
[2026-07-01T01:46:53.626+0000][33.586s][info][gc,start       ] GC(115) Pause Full (Allocation Failure)
[2026-07-01T01:46:53.626+0000][33.586s][info][gc,phases,start] GC(115) Phase 1: Mark live objects
[2026-07-01T01:46:53.714+0000][33.674s][info][gc,phases      ] GC(115) Phase 1: Mark live objects 88.531ms
[2026-07-01T01:46:53.715+0000][33.674s][info][gc,phases,start] GC(115) Phase 2: Compute new object addresses
[2026-07-01T01:46:53.762+0000][33.721s][info][gc,phases      ] GC(115) Phase 2: Compute new object addresses 47.151ms
[2026-07-01T01:46:53.762+0000][33.721s][info][gc,phases,start] GC(115) Phase 3: Adjust pointers
[2026-07-01T01:46:53.808+0000][33.768s][info][gc,phases      ] GC(115) Phase 3: Adjust pointers 46.549ms
[2026-07-01T01:46:53.808+0000][33.768s][info][gc,phases,start] GC(115) Phase 4: Move objects
[2026-07-01T01:46:53.809+0000][33.768s][info][gc,phases      ] GC(115) Phase 4: Move objects 0.366ms
[2026-07-01T01:46:53.809+0000][33.769s][info][gc,heap        ] GC(115) DefNew: 69952K(78656K)->0K(78656K) Eden: 69952K(69952K)->0K(69952K) From: 0K(8704K)->0K(8704K)
[2026-07-01T01:46:53.809+0000][33.769s][info][gc,heap        ] GC(115) Tenured: 163263K(174784K)->164207K(174784K)
[2026-07-01T01:46:53.809+0000][33.769s][info][gc,metaspace   ] GC(115) Metaspace: 41652K(42496K)->41652K(42496K) NonClass: 36513K(36928K)->36513K(36928K) Class: 5139K(5568K)->5139K(5568K)
[2026-07-01T01:46:53.809+0000][33.769s][info][gc             ] GC(115) Pause Full (Allocation Failure) 227M->160M(247M) 183.006ms
[2026-07-01T01:46:53.809+0000][33.769s][info][gc,cpu         ] GC(115) User=0.20s Sys=0.00s Real=0.19s
[2026-07-01T01:46:54.288+0000][34.247s][info][gc,start       ] GC(116) Pause Young (Allocation Failure)
[2026-07-01T01:46:54.288+0000][34.247s][info][gc             ] GC(116) Pause Young (Allocation Failure) 228M->228M(247M) 0.097ms
[2026-07-01T01:46:54.288+0000][34.247s][info][gc,cpu         ] GC(116) User=0.00s Sys=0.00s Real=0.00s
[2026-07-01T01:46:54.288+0000][34.247s][info][gc,start       ] GC(117) Pause Full (Allocation Failure)
[2026-07-01T01:46:54.288+0000][34.247s][info][gc,phases,start] GC(117) Phase 1: Mark live objects
[2026-07-01T01:46:54.377+0000][34.336s][info][gc,phases      ] GC(117) Phase 1: Mark live objects 89.041ms
[2026-07-01T01:46:54.377+0000][34.336s][info][gc,phases,start] GC(117) Phase 2: Compute new object addresses
[2026-07-01T01:46:54.424+0000][34.383s][info][gc,phases      ] GC(117) Phase 2: Compute new object addresses 46.825ms
[2026-07-01T01:46:54.424+0000][34.383s][info][gc,phases,start] GC(117) Phase 3: Adjust pointers
[2026-07-01T01:46:54.475+0000][34.435s][info][gc,phases      ] GC(117) Phase 3: Adjust pointers 51.540ms
[2026-07-01T01:46:54.475+0000][34.435s][info][gc,phases,start] GC(117) Phase 4: Move objects
[2026-07-01T01:46:54.504+0000][34.464s][info][gc,phases      ] GC(117) Phase 4: Move objects 28.874ms
[2026-07-01T01:46:54.504+0000][34.464s][info][gc,heap        ] GC(117) DefNew: 69952K(78656K)->0K(78656K) Eden: 69952K(69952K)->0K(69952K) From: 0K(8704K)->0K(8704K)
[2026-07-01T01:46:54.505+0000][34.464s][info][gc,heap        ] GC(117) Tenured: 164207K(174784K)->161950K(174784K)
[2026-07-01T01:46:54.505+0000][34.464s][info][gc,metaspace   ] GC(117) Metaspace: 41652K(42496K)->41652K(42496K) NonClass: 36513K(36928K)->36513K(36928K) Class: 5139K(5568K)->5139K(5568K)
[2026-07-01T01:46:54.505+0000][34.464s][info][gc             ] GC(117) Pause Full (Allocation Failure) 228M->158M(247M) 216.746ms
[2026-07-01T01:46:54.505+0000][34.464s][info][gc,cpu         ] GC(117) User=0.22s Sys=0.00s Real=0.22s
[2026-07-01T01:46:55.159+0000][35.119s][info][gc,start       ] GC(118) Pause Young (Allocation Failure)
[2026-07-01T01:46:55.159+0000][35.119s][info][gc             ] GC(118) Pause Young (Allocation Failure) 226M->226M(247M) 0.109ms
[2026-07-01T01:46:55.159+0000][35.119s][info][gc,cpu         ] GC(118) User=0.00s Sys=0.00s Real=0.00s
[2026-07-01T01:46:55.159+0000][35.119s][info][gc,start       ] GC(119) Pause Full (Allocation Failure)
[2026-07-01T01:46:55.159+0000][35.119s][info][gc,phases,start] GC(119) Phase 1: Mark live objects
[2026-07-01T01:46:55.249+0000][35.209s][info][gc,phases      ] GC(119) Phase 1: Mark live objects 90.007ms
[2026-07-01T01:46:55.249+0000][35.209s][info][gc,phases,start] GC(119) Phase 2: Compute new object addresses
[2026-07-01T01:46:55.296+0000][35.256s][info][gc,phases      ] GC(119) Phase 2: Compute new object addresses 47.127ms
[2026-07-01T01:46:55.296+0000][35.256s][info][gc,phases,start] GC(119) Phase 3: Adjust pointers
[2026-07-01T01:46:55.344+0000][35.303s][info][gc,phases      ] GC(119) Phase 3: Adjust pointers 47.027ms
[2026-07-01T01:46:55.344+0000][35.303s][info][gc,phases,start] GC(119) Phase 4: Move objects
[2026-07-01T01:46:55.344+0000][35.304s][info][gc,phases      ] GC(119) Phase 4: Move objects 0.628ms
[2026-07-01T01:46:55.344+0000][35.304s][info][gc,heap        ] GC(119) DefNew: 69952K(78656K)->0K(78656K) Eden: 69952K(69952K)->0K(69952K) From: 0K(8704K)->0K(8704K)
[2026-07-01T01:46:55.344+0000][35.304s][info][gc,heap        ] GC(119) Tenured: 161950K(174784K)->164051K(174784K)
[2026-07-01T01:46:55.344+0000][35.304s][info][gc,metaspace   ] GC(119) Metaspace: 41652K(42496K)->41652K(42496K) NonClass: 36513K(36928K)->36513K(36928K) Class: 5139K(5568K)->5139K(5568K)
[2026-07-01T01:46:55.344+0000][35.304s][info][gc             ] GC(119) Pause Full (Allocation Failure) 226M->160M(247M) 185.201ms
[2026-07-01T01:46:55.344+0000][35.304s][info][gc,cpu         ] GC(119) User=0.19s Sys=0.00s Real=0.18s
[2026-07-01T01:46:55.924+0000][35.883s][info][gc,start       ] GC(120) Pause Young (Allocation Failure)
[2026-07-01T01:46:55.924+0000][35.883s][info][gc             ] GC(120) Pause Young (Allocation Failure) 228M->228M(247M) 0.110ms
[2026-07-01T01:46:55.924+0000][35.883s][info][gc,cpu         ] GC(120) User=0.00s Sys=0.00s Real=0.00s
[2026-07-01T01:46:55.924+0000][35.883s][info][gc,start       ] GC(121) Pause Full (Allocation Failure)
[2026-07-01T01:46:55.924+0000][35.883s][info][gc,phases,start] GC(121) Phase 1: Mark live objects
[2026-07-01T01:46:56.019+0000][35.978s][info][gc,phases      ] GC(121) Phase 1: Mark live objects 94.980ms
[2026-07-01T01:46:56.019+0000][35.978s][info][gc,phases,start] GC(121) Phase 2: Compute new object addresses
[2026-07-01T01:46:56.066+0000][36.026s][info][gc,phases      ] GC(121) Phase 2: Compute new object addresses 47.626ms
[2026-07-01T01:46:56.066+0000][36.026s][info][gc,phases,start] GC(121) Phase 3: Adjust pointers
[2026-07-01T01:46:56.115+0000][36.074s][info][gc,phases      ] GC(121) Phase 3: Adjust pointers 48.135ms
[2026-07-01T01:46:56.115+0000][36.074s][info][gc,phases,start] GC(121) Phase 4: Move objects
[2026-07-01T01:46:56.115+0000][36.075s][info][gc,phases      ] GC(121) Phase 4: Move objects 0.415ms
[2026-07-01T01:46:56.115+0000][36.075s][info][gc,heap        ] GC(121) DefNew: 69952K(78656K)->0K(78656K) Eden: 69952K(69952K)->0K(69952K) From: 0K(8704K)->0K(8704K)
[2026-07-01T01:46:56.115+0000][36.075s][info][gc,heap        ] GC(121) Tenured: 164051K(174784K)->164528K(174784K)
[2026-07-01T01:46:56.115+0000][36.075s][info][gc,metaspace   ] GC(121) Metaspace: 41652K(42496K)->41652K(42496K) NonClass: 36513K(36928K)->36513K(36928K) Class: 5139K(5568K)->5139K(5568K)
[2026-07-01T01:46:56.115+0000][36.075s][info][gc             ] GC(121) Pause Full (Allocation Failure) 228M->160M(247M) 191.578ms
[2026-07-01T01:46:56.115+0000][36.075s][info][gc,cpu         ] GC(121) User=0.20s Sys=0.00s Real=0.19s
[2026-07-01T01:46:56.683+0000][36.642s][info][gc,start       ] GC(122) Pause Young (Allocation Failure)
[2026-07-01T01:46:56.683+0000][36.642s][info][gc             ] GC(122) Pause Young (Allocation Failure) 228M->228M(247M) 0.069ms
[2026-07-01T01:46:56.683+0000][36.642s][info][gc,cpu         ] GC(122) User=0.00s Sys=0.00s Real=0.00s
[2026-07-01T01:46:56.683+0000][36.642s][info][gc,start       ] GC(123) Pause Full (Allocation Failure)
[2026-07-01T01:46:56.683+0000][36.642s][info][gc,phases,start] GC(123) Phase 1: Mark live objects
[2026-07-01T01:46:56.772+0000][36.731s][info][gc,phases      ] GC(123) Phase 1: Mark live objects 88.826ms
[2026-07-01T01:46:56.772+0000][36.731s][info][gc,phases,start] GC(123) Phase 2: Compute new object addresses
[2026-07-01T01:46:56.819+0000][36.779s][info][gc,phases      ] GC(123) Phase 2: Compute new object addresses 47.408ms
[2026-07-01T01:46:56.819+0000][36.779s][info][gc,phases,start] GC(123) Phase 3: Adjust pointers
[2026-07-01T01:46:56.867+0000][36.827s][info][gc,phases      ] GC(123) Phase 3: Adjust pointers 48.143ms
[2026-07-01T01:46:56.867+0000][36.827s][info][gc,phases,start] GC(123) Phase 4: Move objects
[2026-07-01T01:46:56.868+0000][36.828s][info][gc,phases      ] GC(123) Phase 4: Move objects 0.668ms
[2026-07-01T01:46:56.868+0000][36.828s][info][gc,heap        ] GC(123) DefNew: 69952K(78656K)->0K(78656K) Eden: 69952K(69952K)->0K(69952K) From: 0K(8704K)->0K(8704K)
[2026-07-01T01:46:56.868+0000][36.828s][info][gc,heap        ] GC(123) Tenured: 164528K(174784K)->164933K(174784K)
[2026-07-01T01:46:56.868+0000][36.828s][info][gc,metaspace   ] GC(123) Metaspace: 41657K(42496K)->41657K(42496K) NonClass: 36518K(36928K)->36518K(36928K) Class: 5139K(5568K)->5139K(5568K)
[2026-07-01T01:46:56.868+0000][36.828s][info][gc             ] GC(123) Pause Full (Allocation Failure) 228M->161M(247M) 185.495ms
[2026-07-01T01:46:56.868+0000][36.828s][info][gc,cpu         ] GC(123) User=0.19s Sys=0.00s Real=0.19s
[2026-07-01T01:46:57.424+0000][37.384s][info][gc,start       ] GC(124) Pause Young (Allocation Failure)
[2026-07-01T01:46:57.425+0000][37.384s][info][gc             ] GC(124) Pause Young (Allocation Failure) 229M->229M(247M) 0.100ms
[2026-07-01T01:46:57.425+0000][37.384s][info][gc,cpu         ] GC(124) User=0.00s Sys=0.00s Real=0.00s
[2026-07-01T01:46:57.425+0000][37.384s][info][gc,start       ] GC(125) Pause Full (Allocation Failure)
[2026-07-01T01:46:57.425+0000][37.384s][info][gc,phases,start] GC(125) Phase 1: Mark live objects
[2026-07-01T01:46:57.522+0000][37.482s][info][gc,phases      ] GC(125) Phase 1: Mark live objects 97.863ms
[2026-07-01T01:46:57.522+0000][37.482s][info][gc,phases,start] GC(125) Phase 2: Compute new object addresses
[2026-07-01T01:46:57.569+0000][37.529s][info][gc,phases      ] GC(125) Phase 2: Compute new object addresses 46.636ms
[2026-07-01T01:46:57.569+0000][37.529s][info][gc,phases,start] GC(125) Phase 3: Adjust pointers
[2026-07-01T01:46:57.621+0000][37.580s][info][gc,phases      ] GC(125) Phase 3: Adjust pointers 51.455ms
[2026-07-01T01:46:57.621+0000][37.580s][info][gc,phases,start] GC(125) Phase 4: Move objects
[2026-07-01T01:46:57.650+0000][37.609s][info][gc,phases      ] GC(125) Phase 4: Move objects 28.827ms
[2026-07-01T01:46:57.650+0000][37.609s][info][gc,heap        ] GC(125) DefNew: 69952K(78656K)->0K(78656K) Eden: 69952K(69952K)->0K(69952K) From: 0K(8704K)->0K(8704K)
[2026-07-01T01:46:57.650+0000][37.609s][info][gc,heap        ] GC(125) Tenured: 164933K(174784K)->162615K(174784K)
[2026-07-01T01:46:57.650+0000][37.609s][info][gc,metaspace   ] GC(125) Metaspace: 41657K(42496K)->41657K(42496K) NonClass: 36518K(36928K)->36518K(36928K) Class: 5139K(5568K)->5139K(5568K)
[2026-07-01T01:46:57.650+0000][37.609s][info][gc             ] GC(125) Pause Full (Allocation Failure) 229M->158M(247M) 225.235ms
[2026-07-01T01:46:57.650+0000][37.609s][info][gc,cpu         ] GC(125) User=0.32s Sys=0.00s Real=0.23s
[2026-07-01T01:46:58.190+0000][38.150s][info][gc,start       ] GC(126) Pause Young (Allocation Failure)
[2026-07-01T01:46:58.190+0000][38.150s][info][gc             ] GC(126) Pause Young (Allocation Failure) 227M->227M(247M) 0.109ms
[2026-07-01T01:46:58.190+0000][38.150s][info][gc,cpu         ] GC(126) User=0.00s Sys=0.00s Real=0.00s
[2026-07-01T01:46:58.190+0000][38.150s][info][gc,start       ] GC(127) Pause Full (Allocation Failure)
[2026-07-01T01:46:58.190+0000][38.150s][info][gc,phases,start] GC(127) Phase 1: Mark live objects
[2026-07-01T01:46:58.281+0000][38.240s][info][gc,phases      ] GC(127) Phase 1: Mark live objects 90.537ms
[2026-07-01T01:46:58.281+0000][38.240s][info][gc,phases,start] GC(127) Phase 2: Compute new object addresses
[2026-07-01T01:46:58.328+0000][38.288s][info][gc,phases      ] GC(127) Phase 2: Compute new object addresses 47.406ms
[2026-07-01T01:46:58.328+0000][38.288s][info][gc,phases,start] GC(127) Phase 3: Adjust pointers
[2026-07-01T01:46:58.377+0000][38.336s][info][gc,phases      ] GC(127) Phase 3: Adjust pointers 48.299ms
[2026-07-01T01:46:58.377+0000][38.336s][info][gc,phases,start] GC(127) Phase 4: Move objects
[2026-07-01T01:46:58.377+0000][38.337s][info][gc,phases      ] GC(127) Phase 4: Move objects 0.353ms
[2026-07-01T01:46:58.377+0000][38.337s][info][gc,heap        ] GC(127) DefNew: 69952K(78656K)->0K(78656K) Eden: 69952K(69952K)->0K(69952K) From: 0K(8704K)->0K(8704K)
[2026-07-01T01:46:58.377+0000][38.337s][info][gc,heap        ] GC(127) Tenured: 162615K(174784K)->163113K(174784K)
[2026-07-01T01:46:58.377+0000][38.337s][info][gc,metaspace   ] GC(127) Metaspace: 41658K(42496K)->41658K(42496K) NonClass: 36519K(36928K)->36519K(36928K) Class: 5139K(5568K)->5139K(5568K)
[2026-07-01T01:46:58.377+0000][38.337s][info][gc             ] GC(127) Pause Full (Allocation Failure) 227M->159M(247M) 186.997ms
[2026-07-01T01:46:58.377+0000][38.337s][info][gc,cpu         ] GC(127) User=0.18s Sys=0.00s Real=0.18s
[2026-07-01T01:46:58.922+0000][38.881s][info][gc,start       ] GC(128) Pause Young (Allocation Failure)
[2026-07-01T01:46:58.922+0000][38.881s][info][gc             ] GC(128) Pause Young (Allocation Failure) 227M->227M(247M) 0.098ms
[2026-07-01T01:46:58.922+0000][38.881s][info][gc,cpu         ] GC(128) User=0.00s Sys=0.00s Real=0.00s
[2026-07-01T01:46:58.922+0000][38.881s][info][gc,start       ] GC(129) Pause Full (Allocation Failure)
[2026-07-01T01:46:58.922+0000][38.881s][info][gc,phases,start] GC(129) Phase 1: Mark live objects
[2026-07-01T01:46:59.031+0000][38.990s][info][gc,phases      ] GC(129) Phase 1: Mark live objects 108.825ms
[2026-07-01T01:46:59.031+0000][38.990s][info][gc,phases,start] GC(129) Phase 2: Compute new object addresses
[2026-07-01T01:46:59.078+0000][39.038s][info][gc,phases      ] GC(129) Phase 2: Compute new object addresses 47.449ms
[2026-07-01T01:46:59.078+0000][39.038s][info][gc,phases,start] GC(129) Phase 3: Adjust pointers
[2026-07-01T01:46:59.126+0000][39.085s][info][gc,phases      ] GC(129) Phase 3: Adjust pointers 47.613ms
[2026-07-01T01:46:59.126+0000][39.085s][info][gc,phases,start] GC(129) Phase 4: Move objects
[2026-07-01T01:46:59.126+0000][39.086s][info][gc,phases      ] GC(129) Phase 4: Move objects 0.314ms
[2026-07-01T01:46:59.126+0000][39.086s][info][gc,heap        ] GC(129) DefNew: 69952K(78656K)->0K(78656K) Eden: 69952K(69952K)->0K(69952K) From: 0K(8704K)->0K(8704K)
[2026-07-01T01:46:59.126+0000][39.086s][info][gc,heap        ] GC(129) Tenured: 163113K(174784K)->163579K(174784K)
[2026-07-01T01:46:59.126+0000][39.086s][info][gc,metaspace   ] GC(129) Metaspace: 41658K(42496K)->41658K(42496K) NonClass: 36519K(36928K)->36519K(36928K) Class: 5139K(5568K)->5139K(5568K)
[2026-07-01T01:46:59.126+0000][39.086s][info][gc             ] GC(129) Pause Full (Allocation Failure) 227M->159M(247M) 204.626ms
[2026-07-01T01:46:59.126+0000][39.086s][info][gc,cpu         ] GC(129) User=0.21s Sys=0.00s Real=0.20s
[2026-07-01T01:46:59.589+0000][39.549s][info][gc,start       ] GC(130) Pause Young (Allocation Failure)
[2026-07-01T01:46:59.589+0000][39.549s][info][gc             ] GC(130) Pause Young (Allocation Failure) 228M->228M(247M) 0.094ms
[2026-07-01T01:46:59.589+0000][39.549s][info][gc,cpu         ] GC(130) User=0.00s Sys=0.00s Real=0.00s
[2026-07-01T01:46:59.589+0000][39.549s][info][gc,start       ] GC(131) Pause Full (Allocation Failure)
[2026-07-01T01:46:59.589+0000][39.549s][info][gc,phases,start] GC(131) Phase 1: Mark live objects
[2026-07-01T01:46:59.680+0000][39.639s][info][gc,phases      ] GC(131) Phase 1: Mark live objects 90.068ms
[2026-07-01T01:46:59.680+0000][39.639s][info][gc,phases,start] GC(131) Phase 2: Compute new object addresses
[2026-07-01T01:46:59.727+0000][39.687s][info][gc,phases      ] GC(131) Phase 2: Compute new object addresses 47.468ms
[2026-07-01T01:46:59.727+0000][39.687s][info][gc,phases,start] GC(131) Phase 3: Adjust pointers
[2026-07-01T01:46:59.775+0000][39.735s][info][gc,phases      ] GC(131) Phase 3: Adjust pointers 48.038ms
[2026-07-01T01:46:59.775+0000][39.735s][info][gc,phases,start] GC(131) Phase 4: Move objects
[2026-07-01T01:46:59.776+0000][39.735s][info][gc,phases      ] GC(131) Phase 4: Move objects 0.572ms
[2026-07-01T01:46:59.776+0000][39.736s][info][gc,heap        ] GC(131) DefNew: 69952K(78656K)->0K(78656K) Eden: 69952K(69952K)->0K(69952K) From: 0K(8704K)->0K(8704K)
[2026-07-01T01:46:59.776+0000][39.736s][info][gc,heap        ] GC(131) Tenured: 163579K(174784K)->165523K(174784K)
[2026-07-01T01:46:59.776+0000][39.736s][info][gc,metaspace   ] GC(131) Metaspace: 41661K(42496K)->41661K(42496K) NonClass: 36522K(36928K)->36522K(36928K) Class: 5139K(5568K)->5139K(5568K)
[2026-07-01T01:46:59.776+0000][39.736s][info][gc             ] GC(131) Pause Full (Allocation Failure) 228M->161M(247M) 186.567ms
[2026-07-01T01:46:59.776+0000][39.736s][info][gc,cpu         ] GC(131) User=0.18s Sys=0.00s Real=0.18s
[2026-07-01T01:47:00.396+0000][40.356s][info][gc,start       ] GC(132) Pause Young (Allocation Failure)
[2026-07-01T01:47:00.396+0000][40.356s][info][gc             ] GC(132) Pause Young (Allocation Failure) 229M->229M(247M) 0.101ms
[2026-07-01T01:47:00.396+0000][40.356s][info][gc,cpu         ] GC(132) User=0.00s Sys=0.00s Real=0.00s
[2026-07-01T01:47:00.396+0000][40.356s][info][gc,start       ] GC(133) Pause Full (Allocation Failure)
[2026-07-01T01:47:00.396+0000][40.356s][info][gc,phases,start] GC(133) Phase 1: Mark live objects
[2026-07-01T01:47:00.498+0000][40.458s][info][gc,phases      ] GC(133) Phase 1: Mark live objects 101.744ms
[2026-07-01T01:47:00.498+0000][40.458s][info][gc,phases,start] GC(133) Phase 2: Compute new object addresses
[2026-07-01T01:47:00.546+0000][40.505s][info][gc,phases      ] GC(133) Phase 2: Compute new object addresses 47.324ms
[2026-07-01T01:47:00.546+0000][40.505s][info][gc,phases,start] GC(133) Phase 3: Adjust pointers
[2026-07-01T01:47:00.597+0000][40.557s][info][gc,phases      ] GC(133) Phase 3: Adjust pointers 51.554ms
[2026-07-01T01:47:00.597+0000][40.557s][info][gc,phases,start] GC(133) Phase 4: Move objects
[2026-07-01T01:47:00.626+0000][40.586s][info][gc,phases      ] GC(133) Phase 4: Move objects 28.909ms
[2026-07-01T01:47:00.626+0000][40.586s][info][gc,heap        ] GC(133) DefNew: 69952K(78656K)->0K(78656K) Eden: 69952K(69952K)->0K(69952K) From: 0K(8704K)->0K(8704K)
[2026-07-01T01:47:00.626+0000][40.586s][info][gc,heap        ] GC(133) Tenured: 165523K(174784K)->163222K(174784K)
[2026-07-01T01:47:00.626+0000][40.586s][info][gc,metaspace   ] GC(133) Metaspace: 41661K(42496K)->41661K(42496K) NonClass: 36522K(36928K)->36522K(36928K) Class: 5139K(5568K)->5139K(5568K)
[2026-07-01T01:47:00.626+0000][40.586s][info][gc             ] GC(133) Pause Full (Allocation Failure) 229M->159M(247M) 229.977ms
[2026-07-01T01:47:00.626+0000][40.586s][info][gc,cpu         ] GC(133) User=0.23s Sys=0.00s Real=0.23s
[2026-07-01T01:47:01.082+0000][41.042s][info][gc,start       ] GC(134) Pause Young (Allocation Failure)
[2026-07-01T01:47:01.083+0000][41.042s][info][gc             ] GC(134) Pause Young (Allocation Failure) 227M->227M(247M) 0.085ms
[2026-07-01T01:47:01.083+0000][41.042s][info][gc,cpu         ] GC(134) User=0.00s Sys=0.00s Real=0.00s
[2026-07-01T01:47:01.083+0000][41.042s][info][gc,start       ] GC(135) Pause Full (Allocation Failure)
[2026-07-01T01:47:01.083+0000][41.042s][info][gc,phases,start] GC(135) Phase 1: Mark live objects
[2026-07-01T01:47:01.179+0000][41.138s][info][gc,phases      ] GC(135) Phase 1: Mark live objects 95.913ms
[2026-07-01T01:47:01.179+0000][41.138s][info][gc,phases,start] GC(135) Phase 2: Compute new object addresses
[2026-07-01T01:47:01.226+0000][41.186s][info][gc,phases      ] GC(135) Phase 2: Compute new object addresses 47.631ms
[2026-07-01T01:47:01.226+0000][41.186s][info][gc,phases,start] GC(135) Phase 3: Adjust pointers
[2026-07-01T01:47:01.276+0000][41.235s][info][gc,phases      ] GC(135) Phase 3: Adjust pointers 49.119ms
[2026-07-01T01:47:01.276+0000][41.235s][info][gc,phases,start] GC(135) Phase 4: Move objects
[2026-07-01T01:47:01.276+0000][41.236s][info][gc,phases      ] GC(135) Phase 4: Move objects 0.422ms
[2026-07-01T01:47:01.276+0000][41.236s][info][gc,heap        ] GC(135) DefNew: 69952K(78656K)->0K(78656K) Eden: 69952K(69952K)->0K(69952K) From: 0K(8704K)->0K(8704K)
[2026-07-01T01:47:01.276+0000][41.236s][info][gc,heap        ] GC(135) Tenured: 163222K(174784K)->164163K(174784K)
[2026-07-01T01:47:01.276+0000][41.236s][info][gc,metaspace   ] GC(135) Metaspace: 41662K(42496K)->41662K(42496K) NonClass: 36522K(36928K)->36522K(36928K) Class: 5139K(5568K)->5139K(5568K)
[2026-07-01T01:47:01.276+0000][41.236s][info][gc             ] GC(135) Pause Full (Allocation Failure) 227M->160M(247M) 193.518ms
[2026-07-01T01:47:01.276+0000][41.236s][info][gc,cpu         ] GC(135) User=0.23s Sys=0.00s Real=0.19s
[2026-07-01T01:47:01.849+0000][41.809s][info][gc,start       ] GC(136) Pause Young (Allocation Failure)
[2026-07-01T01:47:01.850+0000][41.809s][info][gc             ] GC(136) Pause Young (Allocation Failure) 228M->228M(247M) 0.104ms
[2026-07-01T01:47:01.850+0000][41.809s][info][gc,cpu         ] GC(136) User=0.00s Sys=0.00s Real=0.00s
[2026-07-01T01:47:01.850+0000][41.809s][info][gc,start       ] GC(137) Pause Full (Allocation Failure)
[2026-07-01T01:47:01.850+0000][41.809s][info][gc,phases,start] GC(137) Phase 1: Mark live objects
[2026-07-01T01:47:01.974+0000][41.934s][info][gc,phases      ] GC(137) Phase 1: Mark live objects 124.527ms
[2026-07-01T01:47:01.974+0000][41.934s][info][gc,phases,start] GC(137) Phase 2: Compute new object addresses
[2026-07-01T01:47:02.022+0000][41.981s][info][gc,phases      ] GC(137) Phase 2: Compute new object addresses 47.656ms
[2026-07-01T01:47:02.022+0000][41.982s][info][gc,phases,start] GC(137) Phase 3: Adjust pointers
[2026-07-01T01:47:02.072+0000][42.032s][info][gc,phases      ] GC(137) Phase 3: Adjust pointers 49.998ms
[2026-07-01T01:47:02.072+0000][42.032s][info][gc,phases,start] GC(137) Phase 4: Move objects
[2026-07-01T01:47:02.073+0000][42.032s][info][gc,phases      ] GC(137) Phase 4: Move objects 0.616ms
[2026-07-01T01:47:02.073+0000][42.032s][info][gc,heap        ] GC(137) DefNew: 69952K(78656K)->0K(78656K) Eden: 69952K(69952K)->0K(69952K) From: 0K(8704K)->0K(8704K)
[2026-07-01T01:47:02.073+0000][42.032s][info][gc,heap        ] GC(137) Tenured: 164163K(174784K)->165878K(174784K)
[2026-07-01T01:47:02.073+0000][42.032s][info][gc,metaspace   ] GC(137) Metaspace: 41662K(42496K)->41662K(42496K) NonClass: 36522K(36928K)->36522K(36928K) Class: 5139K(5568K)->5139K(5568K)
[2026-07-01T01:47:02.073+0000][42.032s][info][gc             ] GC(137) Pause Full (Allocation Failure) 228M->161M(247M) 223.242ms
[2026-07-01T01:47:02.073+0000][42.033s][info][gc,cpu         ] GC(137) User=0.23s Sys=0.00s Real=0.22s
[2026-07-01T01:47:02.550+0000][42.510s][info][gc,start       ] GC(138) Pause Young (Allocation Failure)
[2026-07-01T01:47:02.550+0000][42.510s][info][gc             ] GC(138) Pause Young (Allocation Failure) 230M->230M(247M) 0.137ms
[2026-07-01T01:47:02.550+0000][42.510s][info][gc,cpu         ] GC(138) User=0.00s Sys=0.00s Real=0.00s
[2026-07-01T01:47:02.550+0000][42.510s][info][gc,start       ] GC(139) Pause Full (Allocation Failure)
[2026-07-01T01:47:02.550+0000][42.510s][info][gc,phases,start] GC(139) Phase 1: Mark live objects
[2026-07-01T01:47:02.643+0000][42.603s][info][gc,phases      ] GC(139) Phase 1: Mark live objects 92.824ms
[2026-07-01T01:47:02.643+0000][42.603s][info][gc,phases,start] GC(139) Phase 2: Compute new object addresses
[2026-07-01T01:47:02.691+0000][42.651s][info][gc,phases      ] GC(139) Phase 2: Compute new object addresses 47.876ms
[2026-07-01T01:47:02.691+0000][42.651s][info][gc,phases,start] GC(139) Phase 3: Adjust pointers
[2026-07-01T01:47:02.740+0000][42.700s][info][gc,phases      ] GC(139) Phase 3: Adjust pointers 49.141ms
[2026-07-01T01:47:02.740+0000][42.700s][info][gc,phases,start] GC(139) Phase 4: Move objects
[2026-07-01T01:47:02.740+0000][42.700s][info][gc,phases      ] GC(139) Phase 4: Move objects 0.311ms
[2026-07-01T01:47:02.741+0000][42.700s][info][gc,heap        ] GC(139) DefNew: 69952K(78656K)->0K(78656K) Eden: 69952K(69952K)->0K(69952K) From: 0K(8704K)->0K(8704K)
[2026-07-01T01:47:02.741+0000][42.700s][info][gc,heap        ] GC(139) Tenured: 165878K(174784K)->166234K(174784K)
[2026-07-01T01:47:02.741+0000][42.700s][info][gc,metaspace   ] GC(139) Metaspace: 41662K(42496K)->41662K(42496K) NonClass: 36523K(36928K)->36523K(36928K) Class: 5139K(5568K)->5139K(5568K)
[2026-07-01T01:47:02.741+0000][42.700s][info][gc             ] GC(139) Pause Full (Allocation Failure) 230M->162M(247M) 190.594ms
[2026-07-01T01:47:02.741+0000][42.700s][info][gc,cpu         ] GC(139) User=0.19s Sys=0.00s Real=0.19s
[2026-07-01T01:47:03.214+0000][43.174s][info][gc,start       ] GC(140) Pause Young (Allocation Failure)
[2026-07-01T01:47:03.214+0000][43.174s][info][gc             ] GC(140) Pause Young (Allocation Failure) 230M->230M(247M) 0.089ms
[2026-07-01T01:47:03.214+0000][43.174s][info][gc,cpu         ] GC(140) User=0.00s Sys=0.00s Real=0.00s
[2026-07-01T01:47:03.214+0000][43.174s][info][gc,start       ] GC(141) Pause Full (Allocation Failure)
[2026-07-01T01:47:03.214+0000][43.174s][info][gc,phases,start] GC(141) Phase 1: Mark live objects
[2026-07-01T01:47:03.306+0000][43.266s][info][gc,phases      ] GC(141) Phase 1: Mark live objects 91.827ms
[2026-07-01T01:47:03.306+0000][43.266s][info][gc,phases,start] GC(141) Phase 2: Compute new object addresses
[2026-07-01T01:47:03.354+0000][43.313s][info][gc,phases      ] GC(141) Phase 2: Compute new object addresses 47.521ms
[2026-07-01T01:47:03.354+0000][43.313s][info][gc,phases,start] GC(141) Phase 3: Adjust pointers
[2026-07-01T01:47:03.408+0000][43.367s][info][gc,phases      ] GC(141) Phase 3: Adjust pointers 53.802ms
[2026-07-01T01:47:03.408+0000][43.367s][info][gc,phases,start] GC(141) Phase 4: Move objects
[2026-07-01T01:47:03.438+0000][43.397s][info][gc,phases      ] GC(141) Phase 4: Move objects 30.148ms
[2026-07-01T01:47:03.438+0000][43.398s][info][gc,heap        ] GC(141) DefNew: 69952K(78656K)->0K(78656K) Eden: 69952K(69952K)->0K(69952K) From: 0K(8704K)->0K(8704K)
[2026-07-01T01:47:03.438+0000][43.398s][info][gc,heap        ] GC(141) Tenured: 166234K(174784K)->164021K(174784K)
[2026-07-01T01:47:03.438+0000][43.398s][info][gc,metaspace   ] GC(141) Metaspace: 41665K(42496K)->41665K(42496K) NonClass: 36525K(36928K)->36525K(36928K) Class: 5139K(5568K)->5139K(5568K)
[2026-07-01T01:47:03.438+0000][43.398s][info][gc             ] GC(141) Pause Full (Allocation Failure) 230M->160M(247M) 223.726ms
[2026-07-01T01:47:03.438+0000][43.398s][info][gc,cpu         ] GC(141) User=0.23s Sys=0.00s Real=0.23s
[2026-07-01T01:47:04.173+0000][44.132s][info][gc,start       ] GC(142) Pause Young (Allocation Failure)
[2026-07-01T01:47:04.173+0000][44.132s][info][gc             ] GC(142) Pause Young (Allocation Failure) 228M->228M(247M) 0.096ms
[2026-07-01T01:47:04.173+0000][44.132s][info][gc,cpu         ] GC(142) User=0.00s Sys=0.00s Real=0.00s
[2026-07-01T01:47:04.173+0000][44.132s][info][gc,start       ] GC(143) Pause Full (Allocation Failure)
[2026-07-01T01:47:04.173+0000][44.132s][info][gc,phases,start] GC(143) Phase 1: Mark live objects
[2026-07-01T01:47:04.293+0000][44.253s][info][gc,phases      ] GC(143) Phase 1: Mark live objects 120.225ms
[2026-07-01T01:47:04.293+0000][44.253s][info][gc,phases,start] GC(143) Phase 2: Compute new object addresses
[2026-07-01T01:47:04.341+0000][44.301s][info][gc,phases      ] GC(143) Phase 2: Compute new object addresses 47.888ms
[2026-07-01T01:47:04.341+0000][44.301s][info][gc,phases,start] GC(143) Phase 3: Adjust pointers
[2026-07-01T01:47:04.391+0000][44.350s][info][gc,phases      ] GC(143) Phase 3: Adjust pointers 49.802ms
[2026-07-01T01:47:04.391+0000][44.350s][info][gc,phases,start] GC(143) Phase 4: Move objects
[2026-07-01T01:47:04.391+0000][44.351s][info][gc,phases      ] GC(143) Phase 4: Move objects 0.415ms
[2026-07-01T01:47:04.392+0000][44.351s][info][gc,heap        ] GC(143) DefNew: 69952K(78656K)->0K(78656K) Eden: 69952K(69952K)->0K(69952K) From: 0K(8704K)->0K(8704K)
[2026-07-01T01:47:04.392+0000][44.351s][info][gc,heap        ] GC(143) Tenured: 164021K(174784K)->165046K(174784K)
[2026-07-01T01:47:04.392+0000][44.351s][info][gc,metaspace   ] GC(143) Metaspace: 41665K(42496K)->41665K(42496K) NonClass: 36525K(36928K)->36525K(36928K) Class: 5139K(5568K)->5139K(5568K)
[2026-07-01T01:47:04.392+0000][44.351s][info][gc             ] GC(143) Pause Full (Allocation Failure) 228M->161M(247M) 218.761ms
[2026-07-01T01:47:04.392+0000][44.351s][info][gc,cpu         ] GC(143) User=0.22s Sys=0.00s Real=0.22s
[2026-07-01T01:47:04.854+0000][44.813s][info][gc,start       ] GC(144) Pause Young (Allocation Failure)
[2026-07-01T01:47:04.854+0000][44.813s][info][gc             ] GC(144) Pause Young (Allocation Failure) 229M->229M(247M) 0.107ms
[2026-07-01T01:47:04.854+0000][44.813s][info][gc,cpu         ] GC(144) User=0.00s Sys=0.00s Real=0.00s
[2026-07-01T01:47:04.854+0000][44.814s][info][gc,start       ] GC(145) Pause Full (Allocation Failure)
[2026-07-01T01:47:04.854+0000][44.814s][info][gc,phases,start] GC(145) Phase 1: Mark live objects
[2026-07-01T01:47:04.948+0000][44.908s][info][gc,phases      ] GC(145) Phase 1: Mark live objects 94.142ms
[2026-07-01T01:47:04.948+0000][44.908s][info][gc,phases,start] GC(145) Phase 2: Compute new object addresses
[2026-07-01T01:47:04.996+0000][44.956s][info][gc,phases      ] GC(145) Phase 2: Compute new object addresses 47.907ms
[2026-07-01T01:47:04.996+0000][44.956s][info][gc,phases,start] GC(145) Phase 3: Adjust pointers
[2026-07-01T01:47:05.046+0000][45.005s][info][gc,phases      ] GC(145) Phase 3: Adjust pointers 49.515ms
[2026-07-01T01:47:05.046+0000][45.005s][info][gc,phases,start] GC(145) Phase 4: Move objects
[2026-07-01T01:47:05.046+0000][45.006s][info][gc,phases      ] GC(145) Phase 4: Move objects 0.332ms
[2026-07-01T01:47:05.046+0000][45.006s][info][gc,heap        ] GC(145) DefNew: 69952K(78656K)->0K(78656K) Eden: 69952K(69952K)->0K(69952K) From: 0K(8704K)->0K(8704K)
[2026-07-01T01:47:05.046+0000][45.006s][info][gc,heap        ] GC(145) Tenured: 165046K(174784K)->165440K(174784K)
[2026-07-01T01:47:05.046+0000][45.006s][info][gc,metaspace   ] GC(145) Metaspace: 41665K(42496K)->41665K(42496K) NonClass: 36525K(36928K)->36525K(36928K) Class: 5139K(5568K)->5139K(5568K)
[2026-07-01T01:47:05.046+0000][45.006s][info][gc             ] GC(145) Pause Full (Allocation Failure) 229M->161M(247M) 192.319ms
[2026-07-01T01:47:05.046+0000][45.006s][info][gc,cpu         ] GC(145) User=0.19s Sys=0.00s Real=0.19s
[2026-07-01T01:47:05.498+0000][45.458s][info][gc,start       ] GC(146) Pause Young (Allocation Failure)
[2026-07-01T01:47:05.499+0000][45.458s][info][gc             ] GC(146) Pause Young (Allocation Failure) 229M->229M(247M) 0.133ms
[2026-07-01T01:47:05.499+0000][45.458s][info][gc,cpu         ] GC(146) User=0.00s Sys=0.00s Real=0.00s
[2026-07-01T01:47:05.499+0000][45.458s][info][gc,start       ] GC(147) Pause Full (Allocation Failure)
[2026-07-01T01:47:05.499+0000][45.458s][info][gc,phases,start] GC(147) Phase 1: Mark live objects
[2026-07-01T01:47:05.595+0000][45.555s][info][gc,phases      ] GC(147) Phase 1: Mark live objects 96.427ms
[2026-07-01T01:47:05.595+0000][45.555s][info][gc,phases,start] GC(147) Phase 2: Compute new object addresses
[2026-07-01T01:47:05.643+0000][45.602s][info][gc,phases      ] GC(147) Phase 2: Compute new object addresses 47.775ms
[2026-07-01T01:47:05.643+0000][45.602s][info][gc,phases,start] GC(147) Phase 3: Adjust pointers
[2026-07-01T01:47:05.692+0000][45.651s][info][gc,phases      ] GC(147) Phase 3: Adjust pointers 48.951ms
[2026-07-01T01:47:05.692+0000][45.651s][info][gc,phases,start] GC(147) Phase 4: Move objects
[2026-07-01T01:47:05.693+0000][45.652s][info][gc,phases      ] GC(147) Phase 4: Move objects 0.859ms
[2026-07-01T01:47:05.693+0000][45.653s][info][gc,heap        ] GC(147) DefNew: 69951K(78656K)->0K(78656K) Eden: 69951K(69952K)->0K(69952K) From: 0K(8704K)->0K(8704K)
[2026-07-01T01:47:05.693+0000][45.653s][info][gc,heap        ] GC(147) Tenured: 165440K(174784K)->167474K(174784K)
[2026-07-01T01:47:05.693+0000][45.653s][info][gc,metaspace   ] GC(147) Metaspace: 41666K(42496K)->41666K(42496K) NonClass: 36526K(36928K)->36526K(36928K) Class: 5140K(5568K)->5140K(5568K)
[2026-07-01T01:47:05.693+0000][45.653s][info][gc             ] GC(147) Pause Full (Allocation Failure) 229M->163M(247M) 194.411ms
[2026-07-01T01:47:05.693+0000][45.653s][info][gc,cpu         ] GC(147) User=0.19s Sys=0.00s Real=0.19s
[2026-07-01T01:47:06.172+0000][46.132s][info][gc,start       ] GC(148) Pause Young (Allocation Failure)
[2026-07-01T01:47:06.172+0000][46.132s][info][gc             ] GC(148) Pause Young (Allocation Failure) 231M->231M(247M) 0.110ms
[2026-07-01T01:47:06.172+0000][46.132s][info][gc,cpu         ] GC(148) User=0.00s Sys=0.00s Real=0.00s
[2026-07-01T01:47:06.172+0000][46.132s][info][gc,start       ] GC(149) Pause Full (Allocation Failure)
[2026-07-01T01:47:06.172+0000][46.132s][info][gc,phases,start] GC(149) Phase 1: Mark live objects
[2026-07-01T01:47:06.339+0000][46.298s][info][gc,phases      ] GC(149) Phase 1: Mark live objects 166.330ms
[2026-07-01T01:47:06.339+0000][46.298s][info][gc,phases,start] GC(149) Phase 2: Compute new object addresses
[2026-07-01T01:47:06.406+0000][46.365s][info][gc,phases      ] GC(149) Phase 2: Compute new object addresses 66.902ms
[2026-07-01T01:47:06.406+0000][46.365s][info][gc,phases,start] GC(149) Phase 3: Adjust pointers
[2026-07-01T01:47:06.469+0000][46.429s][info][gc,phases      ] GC(149) Phase 3: Adjust pointers 63.467ms
[2026-07-01T01:47:06.469+0000][46.429s][info][gc,phases,start] GC(149) Phase 4: Move objects
[2026-07-01T01:47:06.499+0000][46.458s][info][gc,phases      ] GC(149) Phase 4: Move objects 29.460ms
[2026-07-01T01:47:06.499+0000][46.458s][info][gc,heap        ] GC(149) DefNew: 69952K(78656K)->0K(78656K) Eden: 69952K(69952K)->0K(69952K) From: 0K(8704K)->0K(8704K)
[2026-07-01T01:47:06.499+0000][46.458s][info][gc,heap        ] GC(149) Tenured: 167474K(174784K)->164804K(174784K)
[2026-07-01T01:47:06.499+0000][46.458s][info][gc,metaspace   ] GC(149) Metaspace: 41666K(42496K)->41666K(42496K) NonClass: 36526K(36928K)->36526K(36928K) Class: 5140K(5568K)->5140K(5568K)
[2026-07-01T01:47:06.499+0000][46.459s][info][gc             ] GC(149) Pause Full (Allocation Failure) 231M->160M(247M) 326.636ms
[2026-07-01T01:47:06.499+0000][46.459s][info][gc,cpu         ] GC(149) User=0.32s Sys=0.00s Real=0.33s
[2026-07-01T01:47:06.929+0000][46.888s][info][gc,start       ] GC(150) Pause Young (Allocation Failure)
[2026-07-01T01:47:06.929+0000][46.888s][info][gc             ] GC(150) Pause Young (Allocation Failure) 229M->229M(247M) 0.137ms
[2026-07-01T01:47:06.929+0000][46.888s][info][gc,cpu         ] GC(150) User=0.00s Sys=0.00s Real=0.00s
[2026-07-01T01:47:06.929+0000][46.888s][info][gc,start       ] GC(151) Pause Full (Allocation Failure)
[2026-07-01T01:47:06.929+0000][46.888s][info][gc,phases,start] GC(151) Phase 1: Mark live objects
[2026-07-01T01:47:07.027+0000][46.986s][info][gc,phases      ] GC(151) Phase 1: Mark live objects 98.087ms
[2026-07-01T01:47:07.027+0000][46.986s][info][gc,phases,start] GC(151) Phase 2: Compute new object addresses
[2026-07-01T01:47:07.075+0000][47.034s][info][gc,phases      ] GC(151) Phase 2: Compute new object addresses 47.917ms
[2026-07-01T01:47:07.075+0000][47.034s][info][gc,phases,start] GC(151) Phase 3: Adjust pointers
[2026-07-01T01:47:07.124+0000][47.084s][info][gc,phases      ] GC(151) Phase 3: Adjust pointers 49.180ms
[2026-07-01T01:47:07.124+0000][47.084s][info][gc,phases,start] GC(151) Phase 4: Move objects
[2026-07-01T01:47:07.124+0000][47.084s][info][gc,phases      ] GC(151) Phase 4: Move objects 0.319ms
[2026-07-01T01:47:07.125+0000][47.084s][info][gc,heap        ] GC(151) DefNew: 69952K(78656K)->0K(78656K) Eden: 69952K(69952K)->0K(69952K) From: 0K(8704K)->0K(8704K)
[2026-07-01T01:47:07.125+0000][47.084s][info][gc,heap        ] GC(151) Tenured: 164804K(174784K)->165296K(174784K)
[2026-07-01T01:47:07.125+0000][47.084s][info][gc,metaspace   ] GC(151) Metaspace: 41666K(42496K)->41666K(42496K) NonClass: 36526K(36928K)->36526K(36928K) Class: 5140K(5568K)->5140K(5568K)
[2026-07-01T01:47:07.125+0000][47.084s][info][gc             ] GC(151) Pause Full (Allocation Failure) 229M->161M(247M) 195.928ms
[2026-07-01T01:47:07.125+0000][47.084s][info][gc,cpu         ] GC(151) User=0.20s Sys=0.00s Real=0.19s
[2026-07-01T01:47:07.565+0000][47.524s][info][gc,start       ] GC(152) Pause Young (Allocation Failure)
[2026-07-01T01:47:07.565+0000][47.524s][info][gc             ] GC(152) Pause Young (Allocation Failure) 229M->229M(247M) 0.097ms
[2026-07-01T01:47:07.565+0000][47.524s][info][gc,cpu         ] GC(152) User=0.00s Sys=0.00s Real=0.00s
[2026-07-01T01:47:07.565+0000][47.524s][info][gc,start       ] GC(153) Pause Full (Allocation Failure)
[2026-07-01T01:47:07.565+0000][47.524s][info][gc,phases,start] GC(153) Phase 1: Mark live objects
[2026-07-01T01:47:07.660+0000][47.619s][info][gc,phases      ] GC(153) Phase 1: Mark live objects 94.877ms
[2026-07-01T01:47:07.660+0000][47.619s][info][gc,phases,start] GC(153) Phase 2: Compute new object addresses
[2026-07-01T01:47:07.708+0000][47.667s][info][gc,phases      ] GC(153) Phase 2: Compute new object addresses 47.887ms
[2026-07-01T01:47:07.708+0000][47.667s][info][gc,phases,start] GC(153) Phase 3: Adjust pointers
[2026-07-01T01:47:07.757+0000][47.717s][info][gc,phases      ] GC(153) Phase 3: Adjust pointers 49.421ms
[2026-07-01T01:47:07.757+0000][47.717s][info][gc,phases,start] GC(153) Phase 4: Move objects
[2026-07-01T01:47:07.758+0000][47.717s][info][gc,phases      ] GC(153) Phase 4: Move objects 0.614ms
[2026-07-01T01:47:07.758+0000][47.717s][info][gc,heap        ] GC(153) DefNew: 69952K(78656K)->0K(78656K) Eden: 69952K(69952K)->0K(69952K) From: 0K(8704K)->0K(8704K)
[2026-07-01T01:47:07.758+0000][47.717s][info][gc,heap        ] GC(153) Tenured: 165296K(174784K)->167206K(174784K)
[2026-07-01T01:47:07.758+0000][47.717s][info][gc,metaspace   ] GC(153) Metaspace: 41666K(42496K)->41666K(42496K) NonClass: 36526K(36928K)->36526K(36928K) Class: 5140K(5568K)->5140K(5568K)
[2026-07-01T01:47:07.758+0000][47.718s][info][gc             ] GC(153) Pause Full (Allocation Failure) 229M->163M(247M) 193.210ms
[2026-07-01T01:47:07.758+0000][47.718s][info][gc,cpu         ] GC(153) User=0.19s Sys=0.00s Real=0.19s
[2026-07-01T01:47:08.278+0000][48.238s][info][gc,start       ] GC(154) Pause Young (Allocation Failure)
[2026-07-01T01:47:08.278+0000][48.238s][info][gc             ] GC(154) Pause Young (Allocation Failure) 231M->231M(247M) 0.123ms
[2026-07-01T01:47:08.278+0000][48.238s][info][gc,cpu         ] GC(154) User=0.00s Sys=0.00s Real=0.00s
[2026-07-01T01:47:08.278+0000][48.238s][info][gc,start       ] GC(155) Pause Full (Allocation Failure)
[2026-07-01T01:47:08.278+0000][48.238s][info][gc,phases,start] GC(155) Phase 1: Mark live objects
[2026-07-01T01:47:08.441+0000][48.401s][info][gc,phases      ] GC(155) Phase 1: Mark live objects 162.776ms
[2026-07-01T01:47:08.441+0000][48.401s][info][gc,phases,start] GC(155) Phase 2: Compute new object addresses
[2026-07-01T01:47:08.510+0000][48.469s][info][gc,phases      ] GC(155) Phase 2: Compute new object addresses 68.592ms
[2026-07-01T01:47:08.510+0000][48.469s][info][gc,phases,start] GC(155) Phase 3: Adjust pointers
[2026-07-01T01:47:08.582+0000][48.542s][info][gc,phases      ] GC(155) Phase 3: Adjust pointers 72.608ms
[2026-07-01T01:47:08.582+0000][48.542s][info][gc,phases,start] GC(155) Phase 4: Move objects
[2026-07-01T01:47:08.583+0000][48.542s][info][gc,phases      ] GC(155) Phase 4: Move objects 0.311ms
[2026-07-01T01:47:08.583+0000][48.543s][info][gc,heap        ] GC(155) DefNew: 69952K(78656K)->0K(78656K) Eden: 69952K(69952K)->0K(69952K) From: 0K(8704K)->0K(8704K)
[2026-07-01T01:47:08.583+0000][48.543s][info][gc,heap        ] GC(155) Tenured: 167206K(174784K)->167543K(174784K)
[2026-07-01T01:47:08.583+0000][48.543s][info][gc,metaspace   ] GC(155) Metaspace: 41667K(42496K)->41667K(42496K) NonClass: 36527K(36928K)->36527K(36928K) Class: 5140K(5568K)->5140K(5568K)
[2026-07-01T01:47:08.583+0000][48.543s][info][gc             ] GC(155) Pause Full (Allocation Failure) 231M->163M(247M) 304.761ms
[2026-07-01T01:47:08.583+0000][48.543s][info][gc,cpu         ] GC(155) User=0.31s Sys=0.00s Real=0.30s
[2026-07-01T01:47:09.029+0000][48.988s][info][gc,start       ] GC(156) Pause Young (Allocation Failure)
[2026-07-01T01:47:09.029+0000][48.988s][info][gc             ] GC(156) Pause Young (Allocation Failure) 231M->231M(247M) 0.082ms
[2026-07-01T01:47:09.029+0000][48.988s][info][gc,cpu         ] GC(156) User=0.00s Sys=0.00s Real=0.00s
[2026-07-01T01:47:09.029+0000][48.988s][info][gc,start       ] GC(157) Pause Full (Allocation Failure)
[2026-07-01T01:47:09.029+0000][48.988s][info][gc,phases,start] GC(157) Phase 1: Mark live objects
[2026-07-01T01:47:09.126+0000][49.086s][info][gc,phases      ] GC(157) Phase 1: Mark live objects 97.593ms
[2026-07-01T01:47:09.126+0000][49.086s][info][gc,phases,start] GC(157) Phase 2: Compute new object addresses
[2026-07-01T01:47:09.174+0000][49.134s][info][gc,phases      ] GC(157) Phase 2: Compute new object addresses 47.682ms
[2026-07-01T01:47:09.174+0000][49.134s][info][gc,phases,start] GC(157) Phase 3: Adjust pointers
[2026-07-01T01:47:09.228+0000][49.187s][info][gc,phases      ] GC(157) Phase 3: Adjust pointers 53.696ms
[2026-07-01T01:47:09.228+0000][49.187s][info][gc,phases,start] GC(157) Phase 4: Move objects
[2026-07-01T01:47:09.257+0000][49.217s][info][gc,phases      ] GC(157) Phase 4: Move objects 29.387ms
[2026-07-01T01:47:09.257+0000][49.217s][info][gc,heap        ] GC(157) DefNew: 69952K(78656K)->0K(78656K) Eden: 69952K(69952K)->0K(69952K) From: 0K(8704K)->0K(8704K)
[2026-07-01T01:47:09.257+0000][49.217s][info][gc,heap        ] GC(157) Tenured: 167543K(174784K)->165383K(174784K)
[2026-07-01T01:47:09.258+0000][49.217s][info][gc,metaspace   ] GC(157) Metaspace: 41667K(42496K)->41667K(42496K) NonClass: 36527K(36928K)->36527K(36928K) Class: 5140K(5568K)->5140K(5568K)
[2026-07-01T01:47:09.258+0000][49.217s][info][gc             ] GC(157) Pause Full (Allocation Failure) 231M->161M(247M) 228.790ms
[2026-07-01T01:47:09.258+0000][49.217s][info][gc,cpu         ] GC(157) User=0.22s Sys=0.00s Real=0.22s
[2026-07-01T01:47:09.622+0000][49.582s][info][gc,start       ] GC(158) Pause Young (Allocation Failure)
[2026-07-01T01:47:09.622+0000][49.582s][info][gc             ] GC(158) Pause Young (Allocation Failure) 229M->229M(247M) 0.111ms
[2026-07-01T01:47:09.622+0000][49.582s][info][gc,cpu         ] GC(158) User=0.00s Sys=0.00s Real=0.00s
[2026-07-01T01:47:09.622+0000][49.582s][info][gc,start       ] GC(159) Pause Full (Allocation Failure)
[2026-07-01T01:47:09.623+0000][49.582s][info][gc,phases,start] GC(159) Phase 1: Mark live objects
[2026-07-01T01:47:09.720+0000][49.680s][info][gc,phases      ] GC(159) Phase 1: Mark live objects 97.817ms
[2026-07-01T01:47:09.720+0000][49.680s][info][gc,phases,start] GC(159) Phase 2: Compute new object addresses
[2026-07-01T01:47:09.769+0000][49.728s][info][gc,phases      ] GC(159) Phase 2: Compute new object addresses 48.144ms
[2026-07-01T01:47:09.769+0000][49.728s][info][gc,phases,start] GC(159) Phase 3: Adjust pointers
[2026-07-01T01:47:09.819+0000][49.779s][info][gc,phases      ] GC(159) Phase 3: Adjust pointers 50.845ms
[2026-07-01T01:47:09.819+0000][49.779s][info][gc,phases,start] GC(159) Phase 4: Move objects
[2026-07-01T01:47:09.820+0000][49.780s][info][gc,phases      ] GC(159) Phase 4: Move objects 0.526ms
[2026-07-01T01:47:09.820+0000][49.780s][info][gc,heap        ] GC(159) DefNew: 69951K(78656K)->0K(78656K) Eden: 69951K(69952K)->0K(69952K) From: 0K(8704K)->0K(8704K)
[2026-07-01T01:47:09.820+0000][49.780s][info][gc,heap        ] GC(159) Tenured: 165383K(174784K)->166955K(174784K)
[2026-07-01T01:47:09.820+0000][49.780s][info][gc,metaspace   ] GC(159) Metaspace: 41671K(42496K)->41671K(42496K) NonClass: 36530K(36928K)->36530K(36928K) Class: 5140K(5568K)->5140K(5568K)
[2026-07-01T01:47:09.820+0000][49.780s][info][gc             ] GC(159) Pause Full (Allocation Failure) 229M->163M(247M) 197.763ms
[2026-07-01T01:47:09.820+0000][49.780s][info][gc,cpu         ] GC(159) User=0.19s Sys=0.00s Real=0.20s
[2026-07-01T01:47:10.205+0000][50.164s][info][gc,start       ] GC(160) Pause Young (Allocation Failure)
[2026-07-01T01:47:10.205+0000][50.165s][info][gc             ] GC(160) Pause Young (Allocation Failure) 231M->231M(247M) 0.090ms
[2026-07-01T01:47:10.205+0000][50.165s][info][gc,cpu         ] GC(160) User=0.00s Sys=0.00s Real=0.00s
[2026-07-01T01:47:10.205+0000][50.165s][info][gc,start       ] GC(161) Pause Full (Allocation Failure)
[2026-07-01T01:47:10.205+0000][50.165s][info][gc,phases,start] GC(161) Phase 1: Mark live objects
[2026-07-01T01:47:10.307+0000][50.267s][info][gc,phases      ] GC(161) Phase 1: Mark live objects 102.430ms
[2026-07-01T01:47:10.307+0000][50.267s][info][gc,phases,start] GC(161) Phase 2: Compute new object addresses
[2026-07-01T01:47:10.356+0000][50.315s][info][gc,phases      ] GC(161) Phase 2: Compute new object addresses 48.349ms
[2026-07-01T01:47:10.356+0000][50.315s][info][gc,phases,start] GC(161) Phase 3: Adjust pointers
[2026-07-01T01:47:10.406+0000][50.366s][info][gc,phases      ] GC(161) Phase 3: Adjust pointers 50.399ms
[2026-07-01T01:47:10.406+0000][50.366s][info][gc,phases,start] GC(161) Phase 4: Move objects
[2026-07-01T01:47:10.407+0000][50.366s][info][gc,phases      ] GC(161) Phase 4: Move objects 0.331ms
[2026-07-01T01:47:10.407+0000][50.366s][info][gc,heap        ] GC(161) DefNew: 69952K(78656K)->0K(78656K) Eden: 69952K(69952K)->0K(69952K) From: 0K(8704K)->0K(8704K)
[2026-07-01T01:47:10.407+0000][50.366s][info][gc,heap        ] GC(161) Tenured: 166955K(174784K)->167396K(174784K)
[2026-07-01T01:47:10.407+0000][50.367s][info][gc,metaspace   ] GC(161) Metaspace: 41671K(42496K)->41671K(42496K) NonClass: 36530K(36928K)->36530K(36928K) Class: 5140K(5568K)->5140K(5568K)
[2026-07-01T01:47:10.407+0000][50.367s][info][gc             ] GC(161) Pause Full (Allocation Failure) 231M->163M(247M) 201.901ms
[2026-07-01T01:47:10.407+0000][50.367s][info][gc,cpu         ] GC(161) User=0.22s Sys=0.00s Real=0.20s
[2026-07-01T01:47:10.889+0000][50.849s][info][gc,start       ] GC(162) Pause Young (Allocation Failure)
[2026-07-01T01:47:10.889+0000][50.849s][info][gc             ] GC(162) Pause Young (Allocation Failure) 231M->231M(247M) 0.095ms
[2026-07-01T01:47:10.889+0000][50.849s][info][gc,cpu         ] GC(162) User=0.00s Sys=0.00s Real=0.00s
[2026-07-01T01:47:10.889+0000][50.849s][info][gc,start       ] GC(163) Pause Full (Allocation Failure)
[2026-07-01T01:47:10.889+0000][50.849s][info][gc,phases,start] GC(163) Phase 1: Mark live objects
[2026-07-01T01:47:11.054+0000][51.013s][info][gc,phases      ] GC(163) Phase 1: Mark live objects 164.612ms
[2026-07-01T01:47:11.054+0000][51.014s][info][gc,phases,start] GC(163) Phase 2: Compute new object addresses
[2026-07-01T01:47:11.124+0000][51.084s][info][gc,phases      ] GC(163) Phase 2: Compute new object addresses 70.569ms
[2026-07-01T01:47:11.125+0000][51.084s][info][gc,phases,start] GC(163) Phase 3: Adjust pointers
[2026-07-01T01:47:11.198+0000][51.158s][info][gc,phases      ] GC(163) Phase 3: Adjust pointers 73.914ms
[2026-07-01T01:47:11.198+0000][51.158s][info][gc,phases,start] GC(163) Phase 4: Move objects
[2026-07-01T01:47:11.199+0000][51.159s][info][gc,phases      ] GC(163) Phase 4: Move objects 0.820ms
[2026-07-01T01:47:11.200+0000][51.159s][info][gc,heap        ] GC(163) DefNew: 69951K(78656K)->0K(78656K) Eden: 69951K(69952K)->0K(69952K) From: 0K(8704K)->0K(8704K)
[2026-07-01T01:47:11.200+0000][51.159s][info][gc,heap        ] GC(163) Tenured: 167396K(174784K)->168776K(174784K)
[2026-07-01T01:47:11.200+0000][51.159s][info][gc,metaspace   ] GC(163) Metaspace: 41671K(42496K)->41671K(42496K) NonClass: 36530K(36928K)->36530K(36928K) Class: 5140K(5568K)->5140K(5568K)
[2026-07-01T01:47:11.200+0000][51.159s][info][gc             ] GC(163) Pause Full (Allocation Failure) 231M->164M(247M) 310.387ms
[2026-07-01T01:47:11.200+0000][51.159s][info][gc,cpu         ] GC(163) User=0.30s Sys=0.01s Real=0.31s
[2026-07-01T01:47:11.693+0000][51.652s][info][gc,start       ] GC(164) Pause Young (Allocation Failure)
[2026-07-01T01:47:11.693+0000][51.653s][info][gc             ] GC(164) Pause Young (Allocation Failure) 233M->233M(247M) 0.194ms
[2026-07-01T01:47:11.693+0000][51.653s][info][gc,cpu         ] GC(164) User=0.00s Sys=0.00s Real=0.00s
[2026-07-01T01:47:11.693+0000][51.653s][info][gc,start       ] GC(165) Pause Full (Allocation Failure)
[2026-07-01T01:47:11.693+0000][51.653s][info][gc,phases,start] GC(165) Phase 1: Mark live objects
[2026-07-01T01:47:11.794+0000][51.754s][info][gc,phases      ] GC(165) Phase 1: Mark live objects 101.049ms
[2026-07-01T01:47:11.794+0000][51.754s][info][gc,phases,start] GC(165) Phase 2: Compute new object addresses
[2026-07-01T01:47:11.842+0000][51.802s][info][gc,phases      ] GC(165) Phase 2: Compute new object addresses 47.832ms
[2026-07-01T01:47:11.842+0000][51.802s][info][gc,phases,start] GC(165) Phase 3: Adjust pointers
[2026-07-01T01:47:11.897+0000][51.856s][info][gc,phases      ] GC(165) Phase 3: Adjust pointers 54.562ms
[2026-07-01T01:47:11.897+0000][51.856s][info][gc,phases,start] GC(165) Phase 4: Move objects
[2026-07-01T01:47:11.926+0000][51.886s][info][gc,phases      ] GC(165) Phase 4: Move objects 29.293ms
[2026-07-01T01:47:11.926+0000][51.886s][info][gc,heap        ] GC(165) DefNew: 69952K(78656K)->0K(78656K) Eden: 69952K(69952K)->0K(69952K) From: 0K(8704K)->0K(8704K)
[2026-07-01T01:47:11.926+0000][51.886s][info][gc,heap        ] GC(165) Tenured: 168776K(174784K)->166224K(174784K)
[2026-07-01T01:47:11.926+0000][51.886s][info][gc,metaspace   ] GC(165) Metaspace: 41671K(42496K)->41671K(42496K) NonClass: 36530K(36928K)->36530K(36928K) Class: 5140K(5568K)->5140K(5568K)
[2026-07-01T01:47:11.926+0000][51.886s][info][gc             ] GC(165) Pause Full (Allocation Failure) 233M->162M(247M) 233.189ms
[2026-07-01T01:47:11.926+0000][51.886s][info][gc,cpu         ] GC(165) User=0.24s Sys=0.00s Real=0.23s
[2026-07-01T01:47:12.376+0000][52.336s][info][gc,start       ] GC(166) Pause Young (Allocation Failure)
[2026-07-01T01:47:12.376+0000][52.336s][info][gc             ] GC(166) Pause Young (Allocation Failure) 230M->230M(247M) 0.074ms
[2026-07-01T01:47:12.376+0000][52.336s][info][gc,cpu         ] GC(166) User=0.00s Sys=0.00s Real=0.00s
[2026-07-01T01:47:12.376+0000][52.336s][info][gc,start       ] GC(167) Pause Full (Allocation Failure)
[2026-07-01T01:47:12.376+0000][52.336s][info][gc,phases,start] GC(167) Phase 1: Mark live objects
[2026-07-01T01:47:12.478+0000][52.437s][info][gc,phases      ] GC(167) Phase 1: Mark live objects 101.277ms
[2026-07-01T01:47:12.478+0000][52.437s][info][gc,phases,start] GC(167) Phase 2: Compute new object addresses
[2026-07-01T01:47:12.526+0000][52.486s][info][gc,phases      ] GC(167) Phase 2: Compute new object addresses 48.450ms
[2026-07-01T01:47:12.526+0000][52.486s][info][gc,phases,start] GC(167) Phase 3: Adjust pointers
[2026-07-01T01:47:12.577+0000][52.536s][info][gc,phases      ] GC(167) Phase 3: Adjust pointers 50.742ms
[2026-07-01T01:47:12.577+0000][52.536s][info][gc,phases,start] GC(167) Phase 4: Move objects
[2026-07-01T01:47:12.577+0000][52.537s][info][gc,phases      ] GC(167) Phase 4: Move objects 0.293ms
[2026-07-01T01:47:12.577+0000][52.537s][info][gc,heap        ] GC(167) DefNew: 69952K(78656K)->0K(78656K) Eden: 69952K(69952K)->0K(69952K) From: 0K(8704K)->0K(8704K)
[2026-07-01T01:47:12.577+0000][52.537s][info][gc,heap        ] GC(167) Tenured: 166224K(174784K)->166651K(174784K)
[2026-07-01T01:47:12.577+0000][52.537s][info][gc,metaspace   ] GC(167) Metaspace: 41674K(42496K)->41674K(42496K) NonClass: 36533K(36928K)->36533K(36928K) Class: 5140K(5568K)->5140K(5568K)
[2026-07-01T01:47:12.577+0000][52.537s][info][gc             ] GC(167) Pause Full (Allocation Failure) 230M->162M(247M) 201.181ms
[2026-07-01T01:47:12.577+0000][52.537s][info][gc,cpu         ] GC(167) User=0.20s Sys=0.00s Real=0.20s
[2026-07-01T01:47:13.028+0000][52.987s][info][gc,start       ] GC(168) Pause Young (Allocation Failure)
[2026-07-01T01:47:13.028+0000][52.987s][info][gc             ] GC(168) Pause Young (Allocation Failure) 231M->231M(247M) 0.112ms
[2026-07-01T01:47:13.028+0000][52.987s][info][gc,cpu         ] GC(168) User=0.00s Sys=0.00s Real=0.00s
[2026-07-01T01:47:13.028+0000][52.987s][info][gc,start       ] GC(169) Pause Full (Allocation Failure)
[2026-07-01T01:47:13.028+0000][52.987s][info][gc,phases,start] GC(169) Phase 1: Mark live objects
[2026-07-01T01:47:13.129+0000][53.089s][info][gc,phases      ] GC(169) Phase 1: Mark live objects 101.284ms
[2026-07-01T01:47:13.129+0000][53.089s][info][gc,phases,start] GC(169) Phase 2: Compute new object addresses
[2026-07-01T01:47:13.178+0000][53.137s][info][gc,phases      ] GC(169) Phase 2: Compute new object addresses 48.545ms
[2026-07-01T01:47:13.178+0000][53.137s][info][gc,phases,start] GC(169) Phase 3: Adjust pointers
[2026-07-01T01:47:13.230+0000][53.189s][info][gc,phases      ] GC(169) Phase 3: Adjust pointers 52.133ms
[2026-07-01T01:47:13.230+0000][53.189s][info][gc,phases,start] GC(169) Phase 4: Move objects
[2026-07-01T01:47:13.230+0000][53.190s][info][gc,phases      ] GC(169) Phase 4: Move objects 0.662ms
[2026-07-01T01:47:13.231+0000][53.190s][info][gc,heap        ] GC(169) DefNew: 69952K(78656K)->0K(78656K) Eden: 69952K(69952K)->0K(69952K) From: 0K(8704K)->0K(8704K)
[2026-07-01T01:47:13.231+0000][53.190s][info][gc,heap        ] GC(169) Tenured: 166651K(174784K)->168591K(174784K)
[2026-07-01T01:47:13.231+0000][53.190s][info][gc,metaspace   ] GC(169) Metaspace: 41675K(42496K)->41675K(42496K) NonClass: 36535K(36928K)->36535K(36928K) Class: 5140K(5568K)->5140K(5568K)
[2026-07-01T01:47:13.231+0000][53.190s][info][gc             ] GC(169) Pause Full (Allocation Failure) 231M->164M(247M) 203.053ms
[2026-07-01T01:47:13.231+0000][53.190s][info][gc,cpu         ] GC(169) User=0.21s Sys=0.00s Real=0.21s
[2026-07-01T01:47:13.658+0000][53.617s][info][gc,start       ] GC(170) Pause Young (Allocation Failure)
[2026-07-01T01:47:13.658+0000][53.617s][info][gc             ] GC(170) Pause Young (Allocation Failure) 232M->232M(247M) 0.095ms
[2026-07-01T01:47:13.658+0000][53.617s][info][gc,cpu         ] GC(170) User=0.00s Sys=0.00s Real=0.00s
[2026-07-01T01:47:13.658+0000][53.617s][info][gc,start       ] GC(171) Pause Full (Allocation Failure)
[2026-07-01T01:47:13.658+0000][53.617s][info][gc,phases,start] GC(171) Phase 1: Mark live objects
[2026-07-01T01:47:13.761+0000][53.720s][info][gc,phases      ] GC(171) Phase 1: Mark live objects 102.852ms
[2026-07-01T01:47:13.761+0000][53.720s][info][gc,phases,start] GC(171) Phase 2: Compute new object addresses
[2026-07-01T01:47:13.809+0000][53.769s][info][gc,phases      ] GC(171) Phase 2: Compute new object addresses 48.669ms
[2026-07-01T01:47:13.809+0000][53.769s][info][gc,phases,start] GC(171) Phase 3: Adjust pointers
[2026-07-01T01:47:13.861+0000][53.821s][info][gc,phases      ] GC(171) Phase 3: Adjust pointers 51.684ms
[2026-07-01T01:47:13.861+0000][53.821s][info][gc,phases,start] GC(171) Phase 4: Move objects
[2026-07-01T01:47:13.861+0000][53.821s][info][gc,phases      ] GC(171) Phase 4: Move objects 0.359ms
[2026-07-01T01:47:13.862+0000][53.821s][info][gc,heap        ] GC(171) DefNew: 69952K(78656K)->0K(78656K) Eden: 69952K(69952K)->0K(69952K) From: 0K(8704K)->0K(8704K)
[2026-07-01T01:47:13.862+0000][53.821s][info][gc,heap        ] GC(171) Tenured: 168591K(174784K)->169113K(174784K)
[2026-07-01T01:47:13.862+0000][53.821s][info][gc,metaspace   ] GC(171) Metaspace: 41677K(42496K)->41677K(42496K) NonClass: 36536K(36928K)->36536K(36928K) Class: 5140K(5568K)->5140K(5568K)
[2026-07-01T01:47:13.862+0000][53.821s][info][gc             ] GC(171) Pause Full (Allocation Failure) 232M->165M(247M) 203.998ms
[2026-07-01T01:47:13.862+0000][53.821s][info][gc,cpu         ] GC(171) User=0.21s Sys=0.00s Real=0.21s
[2026-07-01T01:47:14.258+0000][54.218s][info][gc,start       ] GC(172) Pause Young (Allocation Failure)
[2026-07-01T01:47:14.258+0000][54.218s][info][gc             ] GC(172) Pause Young (Allocation Failure) 233M->233M(247M) 0.113ms
[2026-07-01T01:47:14.258+0000][54.218s][info][gc,cpu         ] GC(172) User=0.00s Sys=0.00s Real=0.00s
[2026-07-01T01:47:14.258+0000][54.218s][info][gc,start       ] GC(173) Pause Full (Allocation Failure)
[2026-07-01T01:47:14.258+0000][54.218s][info][gc,phases,start] GC(173) Phase 1: Mark live objects
[2026-07-01T01:47:14.362+0000][54.321s][info][gc,phases      ] GC(173) Phase 1: Mark live objects 103.390ms
[2026-07-01T01:47:14.362+0000][54.321s][info][gc,phases,start] GC(173) Phase 2: Compute new object addresses
[2026-07-01T01:47:14.410+0000][54.370s][info][gc,phases      ] GC(173) Phase 2: Compute new object addresses 48.169ms
[2026-07-01T01:47:14.410+0000][54.370s][info][gc,phases,start] GC(173) Phase 3: Adjust pointers
[2026-07-01T01:47:14.466+0000][54.426s][info][gc,phases      ] GC(173) Phase 3: Adjust pointers 56.139ms
[2026-07-01T01:47:14.466+0000][54.426s][info][gc,phases,start] GC(173) Phase 4: Move objects
[2026-07-01T01:47:14.496+0000][54.455s][info][gc,phases      ] GC(173) Phase 4: Move objects 29.680ms
[2026-07-01T01:47:14.496+0000][54.456s][info][gc,heap        ] GC(173) DefNew: 69952K(78656K)->0K(78656K) Eden: 69952K(69952K)->0K(69952K) From: 0K(8704K)->0K(8704K)
[2026-07-01T01:47:14.496+0000][54.456s][info][gc,heap        ] GC(173) Tenured: 169113K(174784K)->166927K(174784K)
[2026-07-01T01:47:14.496+0000][54.456s][info][gc,metaspace   ] GC(173) Metaspace: 41678K(42560K)->41678K(42560K) NonClass: 36538K(36992K)->36538K(36992K) Class: 5140K(5568K)->5140K(5568K)
[2026-07-01T01:47:14.496+0000][54.456s][info][gc             ] GC(173) Pause Full (Allocation Failure) 233M->163M(247M) 237.943ms
[2026-07-01T01:47:14.496+0000][54.456s][info][gc,cpu         ] GC(173) User=0.24s Sys=0.00s Real=0.23s
[2026-07-01T01:47:14.924+0000][54.883s][info][gc,start       ] GC(174) Pause Young (Allocation Failure)
[2026-07-01T01:47:14.924+0000][54.883s][info][gc             ] GC(174) Pause Young (Allocation Failure) 231M->231M(247M) 0.098ms
[2026-07-01T01:47:14.924+0000][54.884s][info][gc,cpu         ] GC(174) User=0.00s Sys=0.00s Real=0.00s
[2026-07-01T01:47:14.924+0000][54.884s][info][gc,start       ] GC(175) Pause Full (Allocation Failure)
[2026-07-01T01:47:14.924+0000][54.884s][info][gc,phases,start] GC(175) Phase 1: Mark live objects
[2026-07-01T01:47:15.093+0000][55.052s][info][gc,phases      ] GC(175) Phase 1: Mark live objects 168.573ms
[2026-07-01T01:47:15.093+0000][55.052s][info][gc,phases,start] GC(175) Phase 2: Compute new object addresses
[2026-07-01T01:47:15.162+0000][55.122s][info][gc,phases      ] GC(175) Phase 2: Compute new object addresses 69.726ms
[2026-07-01T01:47:15.162+0000][55.122s][info][gc,phases,start] GC(175) Phase 3: Adjust pointers
[2026-07-01T01:47:15.236+0000][55.196s][info][gc,phases      ] GC(175) Phase 3: Adjust pointers 73.672ms
[2026-07-01T01:47:15.236+0000][55.196s][info][gc,phases,start] GC(175) Phase 4: Move objects
[2026-07-01T01:47:15.237+0000][55.196s][info][gc,phases      ] GC(175) Phase 4: Move objects 0.627ms
[2026-07-01T01:47:15.237+0000][55.197s][info][gc,heap        ] GC(175) DefNew: 69951K(78656K)->0K(78656K) Eden: 69951K(69952K)->0K(69952K) From: 0K(8704K)->0K(8704K)
[2026-07-01T01:47:15.237+0000][55.197s][info][gc,heap        ] GC(175) Tenured: 166927K(174784K)->168719K(174784K)
[2026-07-01T01:47:15.237+0000][55.197s][info][gc,metaspace   ] GC(175) Metaspace: 41678K(42560K)->41678K(42560K) NonClass: 36538K(36992K)->36538K(36992K) Class: 5140K(5568K)->5140K(5568K)
[2026-07-01T01:47:15.237+0000][55.197s][info][gc             ] GC(175) Pause Full (Allocation Failure) 231M->164M(247M) 313.095ms
[2026-07-01T01:47:15.237+0000][55.197s][info][gc,cpu         ] GC(175) User=0.36s Sys=0.00s Real=0.31s
[2026-07-01T01:47:16.031+0000][55.991s][info][gc,start       ] GC(176) Pause Young (Allocation Failure)
[2026-07-01T01:47:16.031+0000][55.991s][info][gc             ] GC(176) Pause Young (Allocation Failure) 233M->233M(247M) 0.094ms
[2026-07-01T01:47:16.031+0000][55.991s][info][gc,cpu         ] GC(176) User=0.00s Sys=0.00s Real=0.00s
[2026-07-01T01:47:16.031+0000][55.991s][info][gc,start       ] GC(177) Pause Full (Allocation Failure)
[2026-07-01T01:47:16.031+0000][55.991s][info][gc,phases,start] GC(177) Phase 1: Mark live objects
[2026-07-01T01:47:16.166+0000][56.125s][info][gc,phases      ] GC(177) Phase 1: Mark live objects 134.257ms
[2026-07-01T01:47:16.166+0000][56.125s][info][gc,phases,start] GC(177) Phase 2: Compute new object addresses
[2026-07-01T01:47:16.215+0000][56.174s][info][gc,phases      ] GC(177) Phase 2: Compute new object addresses 48.839ms
[2026-07-01T01:47:16.215+0000][56.174s][info][gc,phases,start] GC(177) Phase 3: Adjust pointers
[2026-07-01T01:47:16.266+0000][56.226s][info][gc,phases      ] GC(177) Phase 3: Adjust pointers 51.720ms
[2026-07-01T01:47:16.266+0000][56.226s][info][gc,phases,start] GC(177) Phase 4: Move objects
[2026-07-01T01:47:16.267+0000][56.226s][info][gc,phases      ] GC(177) Phase 4: Move objects 0.280ms
[2026-07-01T01:47:16.267+0000][56.227s][info][gc,heap        ] GC(177) DefNew: 69952K(78656K)->0K(78656K) Eden: 69952K(69952K)->0K(69952K) From: 0K(8704K)->0K(8704K)
[2026-07-01T01:47:16.267+0000][56.227s][info][gc,heap        ] GC(177) Tenured: 168719K(174784K)->169065K(174784K)
[2026-07-01T01:47:16.267+0000][56.227s][info][gc,metaspace   ] GC(177) Metaspace: 41680K(42560K)->41680K(42560K) NonClass: 36539K(36992K)->36539K(36992K) Class: 5140K(5568K)->5140K(5568K)
[2026-07-01T01:47:16.267+0000][56.227s][info][gc             ] GC(177) Pause Full (Allocation Failure) 233M->165M(247M) 235.514ms
[2026-07-01T01:47:16.267+0000][56.227s][info][gc,cpu         ] GC(177) User=0.24s Sys=0.00s Real=0.23s
[2026-07-01T01:47:16.653+0000][56.612s][info][gc,start       ] GC(178) Pause Young (Allocation Failure)
[2026-07-01T01:47:16.653+0000][56.612s][info][gc             ] GC(178) Pause Young (Allocation Failure) 233M->233M(247M) 0.108ms
[2026-07-01T01:47:16.653+0000][56.612s][info][gc,cpu         ] GC(178) User=0.00s Sys=0.00s Real=0.00s
[2026-07-01T01:47:16.653+0000][56.612s][info][gc,start       ] GC(179) Pause Full (Allocation Failure)
[2026-07-01T01:47:16.653+0000][56.612s][info][gc,phases,start] GC(179) Phase 1: Mark live objects
[2026-07-01T01:47:16.756+0000][56.716s][info][gc,phases      ] GC(179) Phase 1: Mark live objects 103.053ms
[2026-07-01T01:47:16.756+0000][56.716s][info][gc,phases,start] GC(179) Phase 2: Compute new object addresses
[2026-07-01T01:47:16.805+0000][56.764s][info][gc,phases      ] GC(179) Phase 2: Compute new object addresses 48.843ms
[2026-07-01T01:47:16.805+0000][56.764s][info][gc,phases,start] GC(179) Phase 3: Adjust pointers
[2026-07-01T01:47:16.857+0000][56.816s][info][gc,phases      ] GC(179) Phase 3: Adjust pointers 51.715ms
[2026-07-01T01:47:16.857+0000][56.816s][info][gc,phases,start] GC(179) Phase 4: Move objects
[2026-07-01T01:47:16.857+0000][56.817s][info][gc,phases      ] GC(179) Phase 4: Move objects 0.458ms
[2026-07-01T01:47:16.857+0000][56.817s][info][gc,heap        ] GC(179) DefNew: 69952K(78656K)->0K(78656K) Eden: 69952K(69952K)->0K(69952K) From: 0K(8704K)->0K(8704K)
[2026-07-01T01:47:16.857+0000][56.817s][info][gc,heap        ] GC(179) Tenured: 169065K(174784K)->170243K(174784K)
[2026-07-01T01:47:16.857+0000][56.817s][info][gc,metaspace   ] GC(179) Metaspace: 41680K(42560K)->41680K(42560K) NonClass: 36539K(36992K)->36539K(36992K) Class: 5140K(5568K)->5140K(5568K)
[2026-07-01T01:47:16.857+0000][56.817s][info][gc             ] GC(179) Pause Full (Allocation Failure) 233M->166M(247M) 204.494ms
[2026-07-01T01:47:16.857+0000][56.817s][info][gc,cpu         ] GC(179) User=0.23s Sys=0.00s Real=0.20s
[2026-07-01T01:47:17.249+0000][57.209s][info][gc,start       ] GC(180) Pause Young (Allocation Failure)
[2026-07-01T01:47:17.249+0000][57.209s][info][gc             ] GC(180) Pause Young (Allocation Failure) 234M->234M(247M) 0.162ms
[2026-07-01T01:47:17.249+0000][57.209s][info][gc,cpu         ] GC(180) User=0.00s Sys=0.00s Real=0.00s
[2026-07-01T01:47:17.249+0000][57.209s][info][gc,start       ] GC(181) Pause Full (Allocation Failure)
[2026-07-01T01:47:17.249+0000][57.209s][info][gc,phases,start] GC(181) Phase 1: Mark live objects
[2026-07-01T01:47:17.355+0000][57.315s][info][gc,phases      ] GC(181) Phase 1: Mark live objects 105.638ms
[2026-07-01T01:47:17.355+0000][57.315s][info][gc,phases,start] GC(181) Phase 2: Compute new object addresses
[2026-07-01T01:47:17.403+0000][57.363s][info][gc,phases      ] GC(181) Phase 2: Compute new object addresses 48.344ms
[2026-07-01T01:47:17.403+0000][57.363s][info][gc,phases,start] GC(181) Phase 3: Adjust pointers
[2026-07-01T01:47:17.460+0000][57.420s][info][gc,phases      ] GC(181) Phase 3: Adjust pointers 57.016ms
[2026-07-01T01:47:17.460+0000][57.420s][info][gc,phases,start] GC(181) Phase 4: Move objects
[2026-07-01T01:47:17.490+0000][57.450s][info][gc,phases      ] GC(181) Phase 4: Move objects 29.755ms
[2026-07-01T01:47:17.491+0000][57.450s][info][gc,heap        ] GC(181) DefNew: 69951K(78656K)->0K(78656K) Eden: 69951K(69952K)->0K(69952K) From: 0K(8704K)->0K(8704K)
[2026-07-01T01:47:17.491+0000][57.450s][info][gc,heap        ] GC(181) Tenured: 170243K(174784K)->167671K(174784K)
[2026-07-01T01:47:17.491+0000][57.450s][info][gc,metaspace   ] GC(181) Metaspace: 41691K(42560K)->41691K(42560K) NonClass: 36551K(36992K)->36551K(36992K) Class: 5140K(5568K)->5140K(5568K)
[2026-07-01T01:47:17.491+0000][57.450s][info][gc             ] GC(181) Pause Full (Allocation Failure) 234M->163M(247M) 241.212ms
[2026-07-01T01:47:17.491+0000][57.450s][info][gc,cpu         ] GC(181) User=0.24s Sys=0.00s Real=0.24s
[2026-07-01T01:47:17.899+0000][57.859s][info][gc,start       ] GC(182) Pause Young (Allocation Failure)
[2026-07-01T01:47:17.899+0000][57.859s][info][gc             ] GC(182) Pause Young (Allocation Failure) 232M->232M(247M) 0.143ms
[2026-07-01T01:47:17.899+0000][57.859s][info][gc,cpu         ] GC(182) User=0.00s Sys=0.00s Real=0.00s
[2026-07-01T01:47:17.899+0000][57.859s][info][gc,start       ] GC(183) Pause Full (Allocation Failure)
[2026-07-01T01:47:17.899+0000][57.859s][info][gc,phases,start] GC(183) Phase 1: Mark live objects
[2026-07-01T01:47:18.004+0000][57.963s][info][gc,phases      ] GC(183) Phase 1: Mark live objects 104.701ms
[2026-07-01T01:47:18.004+0000][57.963s][info][gc,phases,start] GC(183) Phase 2: Compute new object addresses
[2026-07-01T01:47:18.053+0000][58.012s][info][gc,phases      ] GC(183) Phase 2: Compute new object addresses 48.824ms
[2026-07-01T01:47:18.053+0000][58.012s][info][gc,phases,start] GC(183) Phase 3: Adjust pointers
[2026-07-01T01:47:18.105+0000][58.065s][info][gc,phases      ] GC(183) Phase 3: Adjust pointers 52.275ms
[2026-07-01T01:47:18.105+0000][58.065s][info][gc,phases,start] GC(183) Phase 4: Move objects
[2026-07-01T01:47:18.105+0000][58.065s][info][gc,phases      ] GC(183) Phase 4: Move objects 0.311ms
[2026-07-01T01:47:18.106+0000][58.065s][info][gc,heap        ] GC(183) DefNew: 69952K(78656K)->0K(78656K) Eden: 69952K(69952K)->0K(69952K) From: 0K(8704K)->0K(8704K)
[2026-07-01T01:47:18.106+0000][58.065s][info][gc,heap        ] GC(183) Tenured: 167671K(174784K)->168123K(174784K)
[2026-07-01T01:47:18.106+0000][58.065s][info][gc,metaspace   ] GC(183) Metaspace: 41691K(42560K)->41691K(42560K) NonClass: 36551K(36992K)->36551K(36992K) Class: 5140K(5568K)->5140K(5568K)
[2026-07-01T01:47:18.106+0000][58.065s][info][gc             ] GC(183) Pause Full (Allocation Failure) 232M->164M(247M) 206.535ms
[2026-07-01T01:47:18.106+0000][58.065s][info][gc,cpu         ] GC(183) User=0.21s Sys=0.00s Real=0.20s
[2026-07-01T01:47:18.495+0000][58.454s][info][gc,start       ] GC(184) Pause Young (Allocation Failure)
[2026-07-01T01:47:18.495+0000][58.455s][info][gc             ] GC(184) Pause Young (Allocation Failure) 232M->232M(247M) 0.098ms
[2026-07-01T01:47:18.495+0000][58.455s][info][gc,cpu         ] GC(184) User=0.00s Sys=0.00s Real=0.00s
[2026-07-01T01:47:18.495+0000][58.455s][info][gc,start       ] GC(185) Pause Full (Allocation Failure)
[2026-07-01T01:47:18.495+0000][58.455s][info][gc,phases,start] GC(185) Phase 1: Mark live objects
[2026-07-01T01:47:18.603+0000][58.563s][info][gc,phases      ] GC(185) Phase 1: Mark live objects 108.136ms
[2026-07-01T01:47:18.603+0000][58.563s][info][gc,phases,start] GC(185) Phase 2: Compute new object addresses
[2026-07-01T01:47:18.652+0000][58.612s][info][gc,phases      ] GC(185) Phase 2: Compute new object addresses 48.922ms
[2026-07-01T01:47:18.652+0000][58.612s][info][gc,phases,start] GC(185) Phase 3: Adjust pointers
[2026-07-01T01:47:18.705+0000][58.664s][info][gc,phases      ] GC(185) Phase 3: Adjust pointers 52.393ms
[2026-07-01T01:47:18.705+0000][58.664s][info][gc,phases,start] GC(185) Phase 4: Move objects
[2026-07-01T01:47:18.705+0000][58.665s][info][gc,phases      ] GC(185) Phase 4: Move objects 0.505ms
[2026-07-01T01:47:18.705+0000][58.665s][info][gc,heap        ] GC(185) DefNew: 69952K(78656K)->0K(78656K) Eden: 69952K(69952K)->0K(69952K) From: 0K(8704K)->0K(8704K)
[2026-07-01T01:47:18.705+0000][58.665s][info][gc,heap        ] GC(185) Tenured: 168123K(174784K)->169661K(174784K)
[2026-07-01T01:47:18.705+0000][58.665s][info][gc,metaspace   ] GC(185) Metaspace: 41692K(42560K)->41692K(42560K) NonClass: 36551K(36992K)->36551K(36992K) Class: 5140K(5568K)->5140K(5568K)
[2026-07-01T01:47:18.705+0000][58.665s][info][gc             ] GC(185) Pause Full (Allocation Failure) 232M->165M(247M) 210.372ms
[2026-07-01T01:47:18.705+0000][58.665s][info][gc,cpu         ] GC(185) User=0.24s Sys=0.01s Real=0.21s
[2026-07-01T01:47:19.103+0000][59.063s][info][gc,start       ] GC(186) Pause Young (Allocation Failure)
[2026-07-01T01:47:19.104+0000][59.063s][info][gc             ] GC(186) Pause Young (Allocation Failure) 233M->233M(247M) 0.140ms
[2026-07-01T01:47:19.104+0000][59.063s][info][gc,cpu         ] GC(186) User=0.00s Sys=0.00s Real=0.00s
[2026-07-01T01:47:19.104+0000][59.063s][info][gc,start       ] GC(187) Pause Full (Allocation Failure)
[2026-07-01T01:47:19.104+0000][59.063s][info][gc,phases,start] GC(187) Phase 1: Mark live objects
[2026-07-01T01:47:19.209+0000][59.169s][info][gc,phases      ] GC(187) Phase 1: Mark live objects 105.564ms
[2026-07-01T01:47:19.209+0000][59.169s][info][gc,phases,start] GC(187) Phase 2: Compute new object addresses
[2026-07-01T01:47:19.258+0000][59.218s][info][gc,phases      ] GC(187) Phase 2: Compute new object addresses 49.080ms
[2026-07-01T01:47:19.258+0000][59.218s][info][gc,phases,start] GC(187) Phase 3: Adjust pointers
[2026-07-01T01:47:19.311+0000][59.271s][info][gc,phases      ] GC(187) Phase 3: Adjust pointers 52.654ms
[2026-07-01T01:47:19.311+0000][59.271s][info][gc,phases,start] GC(187) Phase 4: Move objects
[2026-07-01T01:47:19.311+0000][59.271s][info][gc,phases      ] GC(187) Phase 4: Move objects 0.431ms
[2026-07-01T01:47:19.312+0000][59.271s][info][gc,heap        ] GC(187) DefNew: 69952K(78656K)->0K(78656K) Eden: 69952K(69952K)->0K(69952K) From: 0K(8704K)->0K(8704K)
[2026-07-01T01:47:19.312+0000][59.271s][info][gc,heap        ] GC(187) Tenured: 169661K(174784K)->170561K(174784K)
[2026-07-01T01:47:19.312+0000][59.271s][info][gc,metaspace   ] GC(187) Metaspace: 41706K(42560K)->41706K(42560K) NonClass: 36564K(36992K)->36564K(36992K) Class: 5141K(5568K)->5141K(5568K)
[2026-07-01T01:47:19.312+0000][59.271s][info][gc             ] GC(187) Pause Full (Allocation Failure) 233M->166M(247M) 208.173ms
[2026-07-01T01:47:19.312+0000][59.271s][info][gc,cpu         ] GC(187) User=0.20s Sys=0.00s Real=0.21s
[2026-07-01T01:47:19.814+0000][59.774s][info][gc,start       ] GC(188) Pause Young (Allocation Failure)
[2026-07-01T01:47:19.814+0000][59.774s][info][gc             ] GC(188) Pause Young (Allocation Failure) 234M->234M(247M) 0.116ms
[2026-07-01T01:47:19.814+0000][59.774s][info][gc,cpu         ] GC(188) User=0.00s Sys=0.00s Real=0.00s
[2026-07-01T01:47:19.814+0000][59.774s][info][gc,start       ] GC(189) Pause Full (Allocation Failure)
[2026-07-01T01:47:19.815+0000][59.774s][info][gc,phases,start] GC(189) Phase 1: Mark live objects
[2026-07-01T01:47:19.992+0000][59.951s][info][gc,phases      ] GC(189) Phase 1: Mark live objects 177.328ms
[2026-07-01T01:47:19.992+0000][59.952s][info][gc,phases,start] GC(189) Phase 2: Compute new object addresses
[2026-07-01T01:47:20.059+0000][60.019s][info][gc,phases      ] GC(189) Phase 2: Compute new object addresses 67.272ms
[2026-07-01T01:47:20.059+0000][60.019s][info][gc,phases,start] GC(189) Phase 3: Adjust pointers
[2026-07-01T01:47:20.142+0000][60.102s][info][gc,phases      ] GC(189) Phase 3: Adjust pointers 83.141ms
[2026-07-01T01:47:20.142+0000][60.102s][info][gc,phases,start] GC(189) Phase 4: Move objects
[2026-07-01T01:47:20.180+0000][60.140s][info][gc,phases      ] GC(189) Phase 4: Move objects 37.784ms
[2026-07-01T01:47:20.180+0000][60.140s][info][gc,heap        ] GC(189) DefNew: 69952K(78656K)->0K(78656K) Eden: 69952K(69952K)->0K(69952K) From: 0K(8704K)->0K(8704K)
[2026-07-01T01:47:20.181+0000][60.140s][info][gc,heap        ] GC(189) Tenured: 170561K(174784K)->168335K(174784K)
[2026-07-01T01:47:20.181+0000][60.140s][info][gc,metaspace   ] GC(189) Metaspace: 41706K(42560K)->41706K(42560K) NonClass: 36564K(36992K)->36564K(36992K) Class: 5141K(5568K)->5141K(5568K)
[2026-07-01T01:47:20.181+0000][60.140s][info][gc             ] GC(189) Pause Full (Allocation Failure) 234M->164M(247M) 366.049ms
[2026-07-01T01:47:20.181+0000][60.140s][info][gc,cpu         ] GC(189) User=0.37s Sys=0.01s Real=0.37s
[2026-07-01T01:47:20.683+0000][60.643s][info][gc,start       ] GC(190) Pause Young (Allocation Failure)
[2026-07-01T01:47:20.683+0000][60.643s][info][gc             ] GC(190) Pause Young (Allocation Failure) 232M->232M(247M) 0.112ms
[2026-07-01T01:47:20.683+0000][60.643s][info][gc,cpu         ] GC(190) User=0.00s Sys=0.00s Real=0.00s
[2026-07-01T01:47:20.683+0000][60.643s][info][gc,start       ] GC(191) Pause Full (Allocation Failure)
[2026-07-01T01:47:20.683+0000][60.643s][info][gc,phases,start] GC(191) Phase 1: Mark live objects
[2026-07-01T01:47:20.845+0000][60.804s][info][gc,phases      ] GC(191) Phase 1: Mark live objects 161.379ms
[2026-07-01T01:47:20.845+0000][60.804s][info][gc,phases,start] GC(191) Phase 2: Compute new object addresses
[2026-07-01T01:47:20.894+0000][60.853s][info][gc,phases      ] GC(191) Phase 2: Compute new object addresses 49.206ms
[2026-07-01T01:47:20.894+0000][60.853s][info][gc,phases,start] GC(191) Phase 3: Adjust pointers
[2026-07-01T01:47:20.947+0000][60.907s][info][gc,phases      ] GC(191) Phase 3: Adjust pointers 53.480ms
[2026-07-01T01:47:20.947+0000][60.907s][info][gc,phases,start] GC(191) Phase 4: Move objects
[2026-07-01T01:47:20.948+0000][60.908s][info][gc,phases      ] GC(191) Phase 4: Move objects 0.535ms
[2026-07-01T01:47:20.948+0000][60.908s][info][gc,heap        ] GC(191) DefNew: 69952K(78656K)->0K(78656K) Eden: 69952K(69952K)->0K(69952K) From: 0K(8704K)->0K(8704K)
[2026-07-01T01:47:20.948+0000][60.908s][info][gc,heap        ] GC(191) Tenured: 168335K(174784K)->170121K(174784K)
[2026-07-01T01:47:20.948+0000][60.908s][info][gc,metaspace   ] GC(191) Metaspace: 41711K(42560K)->41711K(42560K) NonClass: 36569K(36992K)->36569K(36992K) Class: 5141K(5568K)->5141K(5568K)
[2026-07-01T01:47:20.948+0000][60.908s][info][gc             ] GC(191) Pause Full (Allocation Failure) 232M->166M(247M) 265.017ms
[2026-07-01T01:47:20.948+0000][60.908s][info][gc,cpu         ] GC(191) User=0.26s Sys=0.01s Real=0.27s
[2026-07-01T01:47:21.267+0000][61.226s][info][gc,start       ] GC(192) Pause Young (Allocation Failure)
[2026-07-01T01:47:21.267+0000][61.226s][info][gc             ] GC(192) Pause Young (Allocation Failure) 234M->234M(247M) 0.129ms
[2026-07-01T01:47:21.267+0000][61.226s][info][gc,cpu         ] GC(192) User=0.00s Sys=0.00s Real=0.00s
[2026-07-01T01:47:21.267+0000][61.226s][info][gc,start       ] GC(193) Pause Full (Allocation Failure)
[2026-07-01T01:47:21.267+0000][61.226s][info][gc,phases,start] GC(193) Phase 1: Mark live objects
[2026-07-01T01:47:21.374+0000][61.334s][info][gc,phases      ] GC(193) Phase 1: Mark live objects 107.457ms
[2026-07-01T01:47:21.374+0000][61.334s][info][gc,phases,start] GC(193) Phase 2: Compute new object addresses
[2026-07-01T01:47:21.424+0000][61.383s][info][gc,phases      ] GC(193) Phase 2: Compute new object addresses 49.215ms
[2026-07-01T01:47:21.424+0000][61.383s][info][gc,phases,start] GC(193) Phase 3: Adjust pointers
[2026-07-01T01:47:21.476+0000][61.436s][info][gc,phases      ] GC(193) Phase 3: Adjust pointers 52.592ms
[2026-07-01T01:47:21.476+0000][61.436s][info][gc,phases,start] GC(193) Phase 4: Move objects
[2026-07-01T01:47:21.477+0000][61.436s][info][gc,phases      ] GC(193) Phase 4: Move objects 0.581ms
[2026-07-01T01:47:21.477+0000][61.437s][info][gc,heap        ] GC(193) DefNew: 69952K(78656K)->0K(78656K) Eden: 69952K(69952K)->0K(69952K) From: 0K(8704K)->0K(8704K)
[2026-07-01T01:47:21.477+0000][61.437s][info][gc,heap        ] GC(193) Tenured: 170121K(174784K)->170690K(174784K)
[2026-07-01T01:47:21.477+0000][61.437s][info][gc,metaspace   ] GC(193) Metaspace: 41711K(42560K)->41711K(42560K) NonClass: 36569K(36992K)->36569K(36992K) Class: 5141K(5568K)->5141K(5568K)
[2026-07-01T01:47:21.477+0000][61.437s][info][gc             ] GC(193) Pause Full (Allocation Failure) 234M->166M(247M) 210.248ms
[2026-07-01T01:47:21.477+0000][61.437s][info][gc,cpu         ] GC(193) User=0.21s Sys=0.00s Real=0.21s
[2026-07-01T01:47:21.783+0000][61.743s][info][gc,start       ] GC(194) Pause Young (Allocation Failure)
[2026-07-01T01:47:21.783+0000][61.743s][info][gc             ] GC(194) Pause Young (Allocation Failure) 235M->235M(247M) 0.157ms
[2026-07-01T01:47:21.783+0000][61.743s][info][gc,cpu         ] GC(194) User=0.00s Sys=0.00s Real=0.00s
[2026-07-01T01:47:21.783+0000][61.743s][info][gc,start       ] GC(195) Pause Full (Allocation Failure)
[2026-07-01T01:47:21.783+0000][61.743s][info][gc,phases,start] GC(195) Phase 1: Mark live objects
[2026-07-01T01:47:21.888+0000][61.848s][info][gc,phases      ] GC(195) Phase 1: Mark live objects 104.972ms
[2026-07-01T01:47:21.888+0000][61.848s][info][gc,phases,start] GC(195) Phase 2: Compute new object addresses
[2026-07-01T01:47:21.938+0000][61.897s][info][gc,phases      ] GC(195) Phase 2: Compute new object addresses 49.312ms
[2026-07-01T01:47:21.938+0000][61.897s][info][gc,phases,start] GC(195) Phase 3: Adjust pointers
[2026-07-01T01:47:21.991+0000][61.951s][info][gc,phases      ] GC(195) Phase 3: Adjust pointers 53.537ms
[2026-07-01T01:47:21.991+0000][61.951s][info][gc,phases,start] GC(195) Phase 4: Move objects
[2026-07-01T01:47:21.992+0000][61.951s][info][gc,phases      ] GC(195) Phase 4: Move objects 0.447ms
[2026-07-01T01:47:21.992+0000][61.952s][info][gc,heap        ] GC(195) DefNew: 69952K(78656K)->0K(78656K) Eden: 69952K(69952K)->0K(69952K) From: 0K(8704K)->0K(8704K)
[2026-07-01T01:47:21.992+0000][61.952s][info][gc,heap        ] GC(195) Tenured: 170690K(174784K)->171660K(174784K)
[2026-07-01T01:47:21.992+0000][61.952s][info][gc,metaspace   ] GC(195) Metaspace: 41711K(42560K)->41711K(42560K) NonClass: 36569K(36992K)->36569K(36992K) Class: 5141K(5568K)->5141K(5568K)
[2026-07-01T01:47:21.992+0000][61.952s][info][gc             ] GC(195) Pause Full (Allocation Failure) 235M->167M(247M) 208.735ms
[2026-07-01T01:47:21.992+0000][61.952s][info][gc,cpu         ] GC(195) User=0.20s Sys=0.00s Real=0.21s
[2026-07-01T01:47:22.305+0000][62.264s][info][gc,start       ] GC(196) Pause Young (Allocation Failure)
[2026-07-01T01:47:22.305+0000][62.264s][info][gc             ] GC(196) Pause Young (Allocation Failure) 235M->235M(247M) 0.114ms
[2026-07-01T01:47:22.305+0000][62.264s][info][gc,cpu         ] GC(196) User=0.00s Sys=0.00s Real=0.00s
[2026-07-01T01:47:22.305+0000][62.264s][info][gc,start       ] GC(197) Pause Full (Allocation Failure)
[2026-07-01T01:47:22.305+0000][62.264s][info][gc,phases,start] GC(197) Phase 1: Mark live objects
[2026-07-01T01:47:22.412+0000][62.371s][info][gc,phases      ] GC(197) Phase 1: Mark live objects 106.764ms
[2026-07-01T01:47:22.412+0000][62.371s][info][gc,phases,start] GC(197) Phase 2: Compute new object addresses
[2026-07-01T01:47:22.460+0000][62.420s][info][gc,phases      ] GC(197) Phase 2: Compute new object addresses 48.726ms
[2026-07-01T01:47:22.460+0000][62.420s][info][gc,phases,start] GC(197) Phase 3: Adjust pointers
[2026-07-01T01:47:22.518+0000][62.478s][info][gc,phases      ] GC(197) Phase 3: Adjust pointers 58.146ms
[2026-07-01T01:47:22.518+0000][62.478s][info][gc,phases,start] GC(197) Phase 4: Move objects
[2026-07-01T01:47:22.552+0000][62.512s][info][gc,phases      ] GC(197) Phase 4: Move objects 33.926ms
[2026-07-01T01:47:22.553+0000][62.512s][info][gc,heap        ] GC(197) DefNew: 69945K(78656K)->0K(78656K) Eden: 69945K(69952K)->0K(69952K) From: 0K(8704K)->0K(8704K)
[2026-07-01T01:47:22.553+0000][62.512s][info][gc,heap        ] GC(197) Tenured: 171660K(174784K)->169105K(174784K)
[2026-07-01T01:47:22.553+0000][62.512s][info][gc,metaspace   ] GC(197) Metaspace: 41711K(42560K)->41711K(42560K) NonClass: 36569K(36992K)->36569K(36992K) Class: 5141K(5568K)->5141K(5568K)
[2026-07-01T01:47:22.553+0000][62.512s][info][gc             ] GC(197) Pause Full (Allocation Failure) 235M->165M(247M) 247.991ms
[2026-07-01T01:47:22.553+0000][62.512s][info][gc,cpu         ] GC(197) User=0.25s Sys=0.00s Real=0.25s
[2026-07-01T01:47:22.878+0000][62.837s][info][gc,start       ] GC(198) Pause Young (Allocation Failure)
[2026-07-01T01:47:22.878+0000][62.837s][info][gc             ] GC(198) Pause Young (Allocation Failure) 233M->233M(247M) 0.160ms
[2026-07-01T01:47:22.878+0000][62.838s][info][gc,cpu         ] GC(198) User=0.00s Sys=0.00s Real=0.00s
[2026-07-01T01:47:22.878+0000][62.838s][info][gc,start       ] GC(199) Pause Full (Allocation Failure)
[2026-07-01T01:47:22.878+0000][62.838s][info][gc,phases,start] GC(199) Phase 1: Mark live objects
[2026-07-01T01:47:22.988+0000][62.948s][info][gc,phases      ] GC(199) Phase 1: Mark live objects 110.510ms
[2026-07-01T01:47:22.988+0000][62.948s][info][gc,phases,start] GC(199) Phase 2: Compute new object addresses
[2026-07-01T01:47:23.038+0000][62.998s][info][gc,phases      ] GC(199) Phase 2: Compute new object addresses 49.420ms
[2026-07-01T01:47:23.038+0000][62.998s][info][gc,phases,start] GC(199) Phase 3: Adjust pointers
[2026-07-01T01:47:23.092+0000][63.052s][info][gc,phases      ] GC(199) Phase 3: Adjust pointers 54.455ms
[2026-07-01T01:47:23.092+0000][63.052s][info][gc,phases,start] GC(199) Phase 4: Move objects
[2026-07-01T01:47:23.093+0000][63.052s][info][gc,phases      ] GC(199) Phase 4: Move objects 0.351ms
[2026-07-01T01:47:23.093+0000][63.053s][info][gc,heap        ] GC(199) DefNew: 69952K(78656K)->0K(78656K) Eden: 69952K(69952K)->0K(69952K) From: 0K(8704K)->0K(8704K)
[2026-07-01T01:47:23.093+0000][63.053s][info][gc,heap        ] GC(199) Tenured: 169105K(174784K)->169626K(174784K)
[2026-07-01T01:47:23.093+0000][63.053s][info][gc,metaspace   ] GC(199) Metaspace: 41711K(42560K)->41711K(42560K) NonClass: 36569K(36992K)->36569K(36992K) Class: 5142K(5568K)->5142K(5568K)
[2026-07-01T01:47:23.093+0000][63.053s][info][gc             ] GC(199) Pause Full (Allocation Failure) 233M->165M(247M) 215.172ms
[2026-07-01T01:47:23.093+0000][63.053s][info][gc,cpu         ] GC(199) User=0.22s Sys=0.00s Real=0.22s
[2026-07-01T01:47:23.401+0000][63.361s][info][gc,start       ] GC(200) Pause Young (Allocation Failure)
[2026-07-01T01:47:23.401+0000][63.361s][info][gc             ] GC(200) Pause Young (Allocation Failure) 233M->233M(247M) 0.118ms
[2026-07-01T01:47:23.401+0000][63.361s][info][gc,cpu         ] GC(200) User=0.00s Sys=0.00s Real=0.00s
[2026-07-01T01:47:23.401+0000][63.361s][info][gc,start       ] GC(201) Pause Full (Allocation Failure)
[2026-07-01T01:47:23.401+0000][63.361s][info][gc,phases,start] GC(201) Phase 1: Mark live objects
[2026-07-01T01:47:23.511+0000][63.471s][info][gc,phases      ] GC(201) Phase 1: Mark live objects 110.176ms
[2026-07-01T01:47:23.511+0000][63.471s][info][gc,phases,start] GC(201) Phase 2: Compute new object addresses
[2026-07-01T01:47:23.562+0000][63.521s][info][gc,phases      ] GC(201) Phase 2: Compute new object addresses 50.356ms
[2026-07-01T01:47:23.562+0000][63.521s][info][gc,phases,start] GC(201) Phase 3: Adjust pointers
[2026-07-01T01:47:23.617+0000][63.577s][info][gc,phases      ] GC(201) Phase 3: Adjust pointers 55.183ms
[2026-07-01T01:47:23.617+0000][63.577s][info][gc,phases,start] GC(201) Phase 4: Move objects
[2026-07-01T01:47:23.618+0000][63.577s][info][gc,phases      ] GC(201) Phase 4: Move objects 0.554ms
[2026-07-01T01:47:23.618+0000][63.577s][info][gc,heap        ] GC(201) DefNew: 69952K(78656K)->0K(78656K) Eden: 69952K(69952K)->0K(69952K) From: 0K(8704K)->0K(8704K)
[2026-07-01T01:47:23.618+0000][63.577s][info][gc,heap        ] GC(201) Tenured: 169626K(174784K)->171149K(174784K)
[2026-07-01T01:47:23.618+0000][63.577s][info][gc,metaspace   ] GC(201) Metaspace: 41712K(42560K)->41712K(42560K) NonClass: 36570K(36992K)->36570K(36992K) Class: 5142K(5568K)->5142K(5568K)
[2026-07-01T01:47:23.618+0000][63.578s][info][gc             ] GC(201) Pause Full (Allocation Failure) 233M->167M(247M) 216.700ms
[2026-07-01T01:47:23.618+0000][63.578s][info][gc,cpu         ] GC(201) User=0.22s Sys=0.01s Real=0.21s
[2026-07-01T01:47:23.933+0000][63.892s][info][gc,start       ] GC(202) Pause Young (Allocation Failure)
[2026-07-01T01:47:23.933+0000][63.892s][info][gc             ] GC(202) Pause Young (Allocation Failure) 235M->235M(247M) 0.121ms
[2026-07-01T01:47:23.933+0000][63.893s][info][gc,cpu         ] GC(202) User=0.00s Sys=0.00s Real=0.00s
[2026-07-01T01:47:23.933+0000][63.893s][info][gc,start       ] GC(203) Pause Full (Allocation Failure)
[2026-07-01T01:47:23.933+0000][63.893s][info][gc,phases,start] GC(203) Phase 1: Mark live objects
[2026-07-01T01:47:24.042+0000][64.002s][info][gc,phases      ] GC(203) Phase 1: Mark live objects 109.424ms
[2026-07-01T01:47:24.042+0000][64.002s][info][gc,phases,start] GC(203) Phase 2: Compute new object addresses
[2026-07-01T01:47:24.092+0000][64.052s][info][gc,phases      ] GC(203) Phase 2: Compute new object addresses 49.581ms
[2026-07-01T01:47:24.092+0000][64.052s][info][gc,phases,start] GC(203) Phase 3: Adjust pointers
[2026-07-01T01:47:24.146+0000][64.106s][info][gc,phases      ] GC(203) Phase 3: Adjust pointers 54.055ms
[2026-07-01T01:47:24.146+0000][64.106s][info][gc,phases,start] GC(203) Phase 4: Move objects
[2026-07-01T01:47:24.147+0000][64.106s][info][gc,phases      ] GC(203) Phase 4: Move objects 0.471ms
[2026-07-01T01:47:24.147+0000][64.106s][info][gc,heap        ] GC(203) DefNew: 69952K(78656K)->0K(78656K) Eden: 69952K(69952K)->0K(69952K) From: 0K(8704K)->0K(8704K)
[2026-07-01T01:47:24.147+0000][64.106s][info][gc,heap        ] GC(203) Tenured: 171149K(174784K)->172263K(174784K)
[2026-07-01T01:47:24.147+0000][64.106s][info][gc,metaspace   ] GC(203) Metaspace: 41712K(42560K)->41712K(42560K) NonClass: 36570K(36992K)->36570K(36992K) Class: 5142K(5568K)->5142K(5568K)
[2026-07-01T01:47:24.147+0000][64.106s][info][gc             ] GC(203) Pause Full (Allocation Failure) 235M->168M(247M) 213.949ms
[2026-07-01T01:47:24.147+0000][64.106s][info][gc,cpu         ] GC(203) User=0.21s Sys=0.00s Real=0.21s
[2026-07-01T01:47:24.467+0000][64.427s][info][gc,start       ] GC(204) Pause Young (Allocation Failure)
[2026-07-01T01:47:24.468+0000][64.427s][info][gc             ] GC(204) Pause Young (Allocation Failure) 236M->236M(247M) 0.099ms
[2026-07-01T01:47:24.468+0000][64.427s][info][gc,cpu         ] GC(204) User=0.00s Sys=0.00s Real=0.00s
[2026-07-01T01:47:24.468+0000][64.427s][info][gc,start       ] GC(205) Pause Full (Allocation Failure)
[2026-07-01T01:47:24.468+0000][64.427s][info][gc,phases,start] GC(205) Phase 1: Mark live objects
[2026-07-01T01:47:24.576+0000][64.536s][info][gc,phases      ] GC(205) Phase 1: Mark live objects 108.547ms
[2026-07-01T01:47:24.576+0000][64.536s][info][gc,phases,start] GC(205) Phase 2: Compute new object addresses
[2026-07-01T01:47:24.625+0000][64.585s][info][gc,phases      ] GC(205) Phase 2: Compute new object addresses 49.046ms
[2026-07-01T01:47:24.625+0000][64.585s][info][gc,phases,start] GC(205) Phase 3: Adjust pointers
[2026-07-01T01:47:24.684+0000][64.644s][info][gc,phases      ] GC(205) Phase 3: Adjust pointers 59.081ms
[2026-07-01T01:47:24.684+0000][64.644s][info][gc,phases,start] GC(205) Phase 4: Move objects
[2026-07-01T01:47:24.715+0000][64.674s][info][gc,phases      ] GC(205) Phase 4: Move objects 30.302ms
[2026-07-01T01:47:24.715+0000][64.675s][info][gc,heap        ] GC(205) DefNew: 69952K(78656K)->0K(78656K) Eden: 69952K(69952K)->0K(69952K) From: 0K(8704K)->0K(8704K)
[2026-07-01T01:47:24.715+0000][64.675s][info][gc,heap        ] GC(205) Tenured: 172263K(174784K)->169819K(174784K)
[2026-07-01T01:47:24.715+0000][64.675s][info][gc,metaspace   ] GC(205) Metaspace: 41712K(42560K)->41712K(42560K) NonClass: 36570K(36992K)->36570K(36992K) Class: 5142K(5568K)->5142K(5568K)
[2026-07-01T01:47:24.715+0000][64.675s][info][gc             ] GC(205) Pause Full (Allocation Failure) 236M->165M(247M) 247.438ms
[2026-07-01T01:47:24.715+0000][64.675s][info][gc,cpu         ] GC(205) User=0.24s Sys=0.00s Real=0.25s
[2026-07-01T01:47:25.093+0000][65.053s][info][gc,start       ] GC(206) Pause Young (Allocation Failure)
[2026-07-01T01:47:25.093+0000][65.053s][info][gc             ] GC(206) Pause Young (Allocation Failure) 234M->234M(247M) 0.110ms
[2026-07-01T01:47:25.093+0000][65.053s][info][gc,cpu         ] GC(206) User=0.00s Sys=0.00s Real=0.00s
[2026-07-01T01:47:25.093+0000][65.053s][info][gc,start       ] GC(207) Pause Full (Allocation Failure)
[2026-07-01T01:47:25.093+0000][65.053s][info][gc,phases,start] GC(207) Phase 1: Mark live objects
[2026-07-01T01:47:25.271+0000][65.231s][info][gc,phases      ] GC(207) Phase 1: Mark live objects 178.061ms
[2026-07-01T01:47:25.272+0000][65.231s][info][gc,phases,start] GC(207) Phase 2: Compute new object addresses
[2026-07-01T01:47:25.342+0000][65.302s][info][gc,phases      ] GC(207) Phase 2: Compute new object addresses 70.595ms
[2026-07-01T01:47:25.342+0000][65.302s][info][gc,phases,start] GC(207) Phase 3: Adjust pointers
[2026-07-01T01:47:25.421+0000][65.381s][info][gc,phases      ] GC(207) Phase 3: Adjust pointers 78.991ms
[2026-07-01T01:47:25.421+0000][65.381s][info][gc,phases,start] GC(207) Phase 4: Move objects
[2026-07-01T01:47:25.422+0000][65.381s][info][gc,phases      ] GC(207) Phase 4: Move objects 0.617ms
[2026-07-01T01:47:25.422+0000][65.382s][info][gc,heap        ] GC(207) DefNew: 69952K(78656K)->0K(78656K) Eden: 69952K(69952K)->0K(69952K) From: 0K(8704K)->0K(8704K)
[2026-07-01T01:47:25.422+0000][65.382s][info][gc,heap        ] GC(207) Tenured: 169819K(174784K)->171499K(174784K)
[2026-07-01T01:47:25.422+0000][65.382s][info][gc,metaspace   ] GC(207) Metaspace: 41713K(42560K)->41713K(42560K) NonClass: 36571K(36992K)->36571K(36992K) Class: 5142K(5568K)->5142K(5568K)
[2026-07-01T01:47:25.422+0000][65.382s][info][gc             ] GC(207) Pause Full (Allocation Failure) 234M->167M(247M) 328.763ms
[2026-07-01T01:47:25.422+0000][65.382s][info][gc,cpu         ] GC(207) User=0.33s Sys=0.00s Real=0.33s
[2026-07-01T01:47:25.862+0000][65.822s][info][gc,start       ] GC(208) Pause Young (Allocation Failure)
[2026-07-01T01:47:25.862+0000][65.822s][info][gc             ] GC(208) Pause Young (Allocation Failure) 235M->235M(247M) 0.091ms
[2026-07-01T01:47:25.862+0000][65.822s][info][gc,cpu         ] GC(208) User=0.00s Sys=0.00s Real=0.00s
[2026-07-01T01:47:25.862+0000][65.822s][info][gc,start       ] GC(209) Pause Full (Allocation Failure)
[2026-07-01T01:47:25.862+0000][65.822s][info][gc,phases,start] GC(209) Phase 1: Mark live objects
[2026-07-01T01:47:26.048+0000][66.008s][info][gc,phases      ] GC(209) Phase 1: Mark live objects 186.338ms
[2026-07-01T01:47:26.048+0000][66.008s][info][gc,phases,start] GC(209) Phase 2: Compute new object addresses
[2026-07-01T01:47:26.118+0000][66.078s][info][gc,phases      ] GC(209) Phase 2: Compute new object addresses 69.638ms
[2026-07-01T01:47:26.118+0000][66.078s][info][gc,phases,start] GC(209) Phase 3: Adjust pointers
[2026-07-01T01:47:26.198+0000][66.158s][info][gc,phases      ] GC(209) Phase 3: Adjust pointers 80.327ms
[2026-07-01T01:47:26.199+0000][66.158s][info][gc,phases,start] GC(209) Phase 4: Move objects
[2026-07-01T01:47:26.199+0000][66.159s][info][gc,phases      ] GC(209) Phase 4: Move objects 0.405ms
[2026-07-01T01:47:26.199+0000][66.159s][info][gc,heap        ] GC(209) DefNew: 69952K(78656K)->0K(78656K) Eden: 69952K(69952K)->0K(69952K) From: 0K(8704K)->0K(8704K)
[2026-07-01T01:47:26.199+0000][66.159s][info][gc,heap        ] GC(209) Tenured: 171499K(174784K)->172090K(174784K)
[2026-07-01T01:47:26.199+0000][66.159s][info][gc,metaspace   ] GC(209) Metaspace: 41713K(42560K)->41713K(42560K) NonClass: 36571K(36992K)->36571K(36992K) Class: 5142K(5568K)->5142K(5568K)
[2026-07-01T01:47:26.199+0000][66.159s][info][gc             ] GC(209) Pause Full (Allocation Failure) 235M->168M(247M) 337.234ms
[2026-07-01T01:47:26.199+0000][66.159s][info][gc,cpu         ] GC(209) User=0.33s Sys=0.00s Real=0.34s
[2026-07-01T01:47:26.625+0000][66.585s][info][gc,start       ] GC(210) Pause Young (Allocation Failure)
[2026-07-01T01:47:26.625+0000][66.585s][info][gc             ] GC(210) Pause Young (Allocation Failure) 236M->236M(247M) 0.113ms
[2026-07-01T01:47:26.625+0000][66.585s][info][gc,cpu         ] GC(210) User=0.00s Sys=0.00s Real=0.00s
[2026-07-01T01:47:26.625+0000][66.585s][info][gc,start       ] GC(211) Pause Full (Allocation Failure)
[2026-07-01T01:47:26.625+0000][66.585s][info][gc,phases,start] GC(211) Phase 1: Mark live objects
[2026-07-01T01:47:26.759+0000][66.719s][info][gc,phases      ] GC(211) Phase 1: Mark live objects 133.874ms
[2026-07-01T01:47:26.759+0000][66.719s][info][gc,phases,start] GC(211) Phase 2: Compute new object addresses
[2026-07-01T01:47:26.809+0000][66.768s][info][gc,phases      ] GC(211) Phase 2: Compute new object addresses 49.737ms
[2026-07-01T01:47:26.809+0000][66.768s][info][gc,phases,start] GC(211) Phase 3: Adjust pointers
[2026-07-01T01:47:26.863+0000][66.823s][info][gc,phases      ] GC(211) Phase 3: Adjust pointers 54.617ms
[2026-07-01T01:47:26.864+0000][66.823s][info][gc,phases,start] GC(211) Phase 4: Move objects
[2026-07-01T01:47:26.864+0000][66.824s][info][gc,phases      ] GC(211) Phase 4: Move objects 0.695ms
[2026-07-01T01:47:26.864+0000][66.824s][info][gc,heap        ] GC(211) DefNew: 69952K(78656K)->0K(78656K) Eden: 69952K(69952K)->0K(69952K) From: 0K(8704K)->0K(8704K)
[2026-07-01T01:47:26.864+0000][66.824s][info][gc,heap        ] GC(211) Tenured: 172090K(174784K)->172935K(174784K)
[2026-07-01T01:47:26.864+0000][66.824s][info][gc,metaspace   ] GC(211) Metaspace: 41715K(42560K)->41715K(42560K) NonClass: 36572K(36992K)->36572K(36992K) Class: 5142K(5568K)->5142K(5568K)
[2026-07-01T01:47:26.865+0000][66.824s][info][gc             ] GC(211) Pause Full (Allocation Failure) 236M->168M(247M) 239.353ms
[2026-07-01T01:47:26.865+0000][66.824s][info][gc,cpu         ] GC(211) User=0.24s Sys=0.00s Real=0.24s
[2026-07-01T01:47:27.184+0000][67.143s][info][gc,start       ] GC(212) Pause Young (Allocation Failure)
[2026-07-01T01:47:27.184+0000][67.144s][info][gc             ] GC(212) Pause Young (Allocation Failure) 237M->237M(247M) 0.142ms
[2026-07-01T01:47:27.184+0000][67.144s][info][gc,cpu         ] GC(212) User=0.00s Sys=0.00s Real=0.00s
[2026-07-01T01:47:27.184+0000][67.144s][info][gc,start       ] GC(213) Pause Full (Allocation Failure)
[2026-07-01T01:47:27.184+0000][67.144s][info][gc,phases,start] GC(213) Phase 1: Mark live objects
[2026-07-01T01:47:27.297+0000][67.257s][info][gc,phases      ] GC(213) Phase 1: Mark live objects 113.245ms
[2026-07-01T01:47:27.297+0000][67.257s][info][gc,phases,start] GC(213) Phase 2: Compute new object addresses
[2026-07-01T01:47:27.347+0000][67.306s][info][gc,phases      ] GC(213) Phase 2: Compute new object addresses 49.307ms
[2026-07-01T01:47:27.347+0000][67.306s][info][gc,phases,start] GC(213) Phase 3: Adjust pointers
[2026-07-01T01:47:27.406+0000][67.365s][info][gc,phases      ] GC(213) Phase 3: Adjust pointers 59.168ms
[2026-07-01T01:47:27.406+0000][67.366s][info][gc,phases,start] GC(213) Phase 4: Move objects
[2026-07-01T01:47:27.437+0000][67.396s][info][gc,phases      ] GC(213) Phase 4: Move objects 30.774ms
[2026-07-01T01:47:27.437+0000][67.397s][info][gc,heap        ] GC(213) DefNew: 69952K(78656K)->0K(78656K) Eden: 69952K(69952K)->0K(69952K) From: 0K(8704K)->0K(8704K)
[2026-07-01T01:47:27.437+0000][67.397s][info][gc,heap        ] GC(213) Tenured: 172935K(174784K)->170531K(174784K)
[2026-07-01T01:47:27.437+0000][67.397s][info][gc,metaspace   ] GC(213) Metaspace: 41715K(42560K)->41715K(42560K) NonClass: 36573K(36992K)->36573K(36992K) Class: 5142K(5568K)->5142K(5568K)
[2026-07-01T01:47:27.437+0000][67.397s][info][gc             ] GC(213) Pause Full (Allocation Failure) 237M->166M(247M) 252.976ms
[2026-07-01T01:47:27.437+0000][67.397s][info][gc,cpu         ] GC(213) User=0.25s Sys=0.00s Real=0.25s
[2026-07-01T01:47:27.757+0000][67.717s][info][gc,start       ] GC(214) Pause Young (Allocation Failure)
[2026-07-01T01:47:27.758+0000][67.717s][info][gc             ] GC(214) Pause Young (Allocation Failure) 234M->234M(247M) 0.128ms
[2026-07-01T01:47:27.758+0000][67.717s][info][gc,cpu         ] GC(214) User=0.00s Sys=0.00s Real=0.00s
[2026-07-01T01:47:27.758+0000][67.717s][info][gc,start       ] GC(215) Pause Full (Allocation Failure)
[2026-07-01T01:47:27.758+0000][67.717s][info][gc,phases,start] GC(215) Phase 1: Mark live objects
[2026-07-01T01:47:27.874+0000][67.834s][info][gc,phases      ] GC(215) Phase 1: Mark live objects 116.702ms
[2026-07-01T01:47:27.874+0000][67.834s][info][gc,phases,start] GC(215) Phase 2: Compute new object addresses
[2026-07-01T01:47:27.924+0000][67.884s][info][gc,phases      ] GC(215) Phase 2: Compute new object addresses 49.818ms
[2026-07-01T01:47:27.924+0000][67.884s][info][gc,phases,start] GC(215) Phase 3: Adjust pointers
[2026-07-01T01:47:27.980+0000][67.939s][info][gc,phases      ] GC(215) Phase 3: Adjust pointers 55.502ms
[2026-07-01T01:47:27.980+0000][67.939s][info][gc,phases,start] GC(215) Phase 4: Move objects
[2026-07-01T01:47:27.980+0000][67.940s][info][gc,phases      ] GC(215) Phase 4: Move objects 0.370ms
[2026-07-01T01:47:27.980+0000][67.940s][info][gc,heap        ] GC(215) DefNew: 69952K(78656K)->0K(78656K) Eden: 69952K(69952K)->0K(69952K) From: 0K(8704K)->0K(8704K)
[2026-07-01T01:47:27.980+0000][67.940s][info][gc,heap        ] GC(215) Tenured: 170531K(174784K)->171068K(174784K)
[2026-07-01T01:47:27.980+0000][67.940s][info][gc,metaspace   ] GC(215) Metaspace: 41716K(42560K)->41716K(42560K) NonClass: 36574K(36992K)->36574K(36992K) Class: 5142K(5568K)->5142K(5568K)
[2026-07-01T01:47:27.980+0000][67.940s][info][gc             ] GC(215) Pause Full (Allocation Failure) 234M->167M(247M) 222.816ms
[2026-07-01T01:47:27.980+0000][67.940s][info][gc,cpu         ] GC(215) User=0.22s Sys=0.00s Real=0.23s
[2026-07-01T01:47:28.301+0000][68.261s][info][gc,start       ] GC(216) Pause Young (Allocation Failure)
[2026-07-01T01:47:28.301+0000][68.261s][info][gc             ] GC(216) Pause Young (Allocation Failure) 235M->235M(247M) 0.185ms
[2026-07-01T01:47:28.301+0000][68.261s][info][gc,cpu         ] GC(216) User=0.00s Sys=0.00s Real=0.00s
[2026-07-01T01:47:28.301+0000][68.261s][info][gc,start       ] GC(217) Pause Full (Allocation Failure)
[2026-07-01T01:47:28.301+0000][68.261s][info][gc,phases,start] GC(217) Phase 1: Mark live objects
[2026-07-01T01:47:28.412+0000][68.371s][info][gc,phases      ] GC(217) Phase 1: Mark live objects 110.105ms
[2026-07-01T01:47:28.412+0000][68.371s][info][gc,phases,start] GC(217) Phase 2: Compute new object addresses
[2026-07-01T01:47:28.461+0000][68.421s][info][gc,phases      ] GC(217) Phase 2: Compute new object addresses 49.823ms
[2026-07-01T01:47:28.461+0000][68.421s][info][gc,phases,start] GC(217) Phase 3: Adjust pointers
[2026-07-01T01:47:28.517+0000][68.477s][info][gc,phases      ] GC(217) Phase 3: Adjust pointers 55.586ms
[2026-07-01T01:47:28.517+0000][68.477s][info][gc,phases,start] GC(217) Phase 4: Move objects
[2026-07-01T01:47:28.518+0000][68.477s][info][gc,phases      ] GC(217) Phase 4: Move objects 0.485ms
[2026-07-01T01:47:28.518+0000][68.477s][info][gc,heap        ] GC(217) DefNew: 69952K(78656K)->0K(78656K) Eden: 69952K(69952K)->0K(69952K) From: 0K(8704K)->0K(8704K)
[2026-07-01T01:47:28.518+0000][68.477s][info][gc,heap        ] GC(217) Tenured: 171068K(174784K)->172343K(174784K)
[2026-07-01T01:47:28.518+0000][68.477s][info][gc,metaspace   ] GC(217) Metaspace: 41716K(42560K)->41716K(42560K) NonClass: 36574K(36992K)->36574K(36992K) Class: 5142K(5568K)->5142K(5568K)
[2026-07-01T01:47:28.518+0000][68.477s][info][gc             ] GC(217) Pause Full (Allocation Failure) 235M->168M(247M) 216.425ms
[2026-07-01T01:47:28.518+0000][68.477s][info][gc,cpu         ] GC(217) User=0.22s Sys=0.00s Real=0.21s
[2026-07-01T01:47:28.833+0000][68.793s][info][gc,start       ] GC(218) Pause Young (Allocation Failure)
[2026-07-01T01:47:28.833+0000][68.793s][info][gc             ] GC(218) Pause Young (Allocation Failure) 236M->236M(247M) 0.105ms
[2026-07-01T01:47:28.833+0000][68.793s][info][gc,cpu         ] GC(218) User=0.00s Sys=0.00s Real=0.00s
[2026-07-01T01:47:28.833+0000][68.793s][info][gc,start       ] GC(219) Pause Full (Allocation Failure)
[2026-07-01T01:47:28.833+0000][68.793s][info][gc,phases,start] GC(219) Phase 1: Mark live objects
[2026-07-01T01:47:28.946+0000][68.905s][info][gc,phases      ] GC(219) Phase 1: Mark live objects 112.282ms
[2026-07-01T01:47:28.946+0000][68.905s][info][gc,phases,start] GC(219) Phase 2: Compute new object addresses
[2026-07-01T01:47:28.996+0000][68.955s][info][gc,phases      ] GC(219) Phase 2: Compute new object addresses 50.089ms
[2026-07-01T01:47:28.996+0000][68.955s][info][gc,phases,start] GC(219) Phase 3: Adjust pointers
[2026-07-01T01:47:29.051+0000][69.011s][info][gc,phases      ] GC(219) Phase 3: Adjust pointers 55.546ms
[2026-07-01T01:47:29.051+0000][69.011s][info][gc,phases,start] GC(219) Phase 4: Move objects
[2026-07-01T01:47:29.052+0000][69.012s][info][gc,phases      ] GC(219) Phase 4: Move objects 0.499ms
[2026-07-01T01:47:29.052+0000][69.012s][info][gc,heap        ] GC(219) DefNew: 69951K(78656K)->0K(78656K) Eden: 69951K(69952K)->0K(69952K) From: 0K(8704K)->0K(8704K)
[2026-07-01T01:47:29.052+0000][69.012s][info][gc,heap        ] GC(219) Tenured: 172343K(174784K)->173617K(174784K)
[2026-07-01T01:47:29.052+0000][69.012s][info][gc,metaspace   ] GC(219) Metaspace: 41716K(42560K)->41716K(42560K) NonClass: 36574K(36992K)->36574K(36992K) Class: 5142K(5568K)->5142K(5568K)
[2026-07-01T01:47:29.052+0000][69.012s][info][gc             ] GC(219) Pause Full (Allocation Failure) 236M->169M(247M) 218.858ms
[2026-07-01T01:47:29.052+0000][69.012s][info][gc,cpu         ] GC(219) User=0.22s Sys=0.00s Real=0.22s
[2026-07-01T01:47:29.354+0000][69.314s][info][gc,start       ] GC(220) Pause Young (Allocation Failure)
[2026-07-01T01:47:29.354+0000][69.314s][info][gc             ] GC(220) Pause Young (Allocation Failure) 237M->237M(247M) 0.094ms
[2026-07-01T01:47:29.354+0000][69.314s][info][gc,cpu         ] GC(220) User=0.00s Sys=0.00s Real=0.00s
[2026-07-01T01:47:29.354+0000][69.314s][info][gc,start       ] GC(221) Pause Full (Allocation Failure)
[2026-07-01T01:47:29.354+0000][69.314s][info][gc,phases,start] GC(221) Phase 1: Mark live objects
[2026-07-01T01:47:29.468+0000][69.427s][info][gc,phases      ] GC(221) Phase 1: Mark live objects 113.405ms
[2026-07-01T01:47:29.468+0000][69.427s][info][gc,phases,start] GC(221) Phase 2: Compute new object addresses
[2026-07-01T01:47:29.517+0000][69.477s][info][gc,phases      ] GC(221) Phase 2: Compute new object addresses 49.561ms
[2026-07-01T01:47:29.517+0000][69.477s][info][gc,phases,start] GC(221) Phase 3: Adjust pointers
[2026-07-01T01:47:29.578+0000][69.537s][info][gc,phases      ] GC(221) Phase 3: Adjust pointers 60.245ms
[2026-07-01T01:47:29.578+0000][69.537s][info][gc,phases,start] GC(221) Phase 4: Move objects
[2026-07-01T01:47:29.608+0000][69.568s][info][gc,phases      ] GC(221) Phase 4: Move objects 30.873ms
[2026-07-01T01:47:29.609+0000][69.568s][info][gc,heap        ] GC(221) DefNew: 69952K(78656K)->0K(78656K) Eden: 69952K(69952K)->0K(69952K) From: 0K(8704K)->0K(8704K)
[2026-07-01T01:47:29.609+0000][69.568s][info][gc,heap        ] GC(221) Tenured: 173617K(174784K)->171262K(174784K)
[2026-07-01T01:47:29.609+0000][69.568s][info][gc,metaspace   ] GC(221) Metaspace: 41722K(42560K)->41722K(42560K) NonClass: 36580K(36992K)->36580K(36992K) Class: 5142K(5568K)->5142K(5568K)
[2026-07-01T01:47:29.609+0000][69.568s][info][gc             ] GC(221) Pause Full (Allocation Failure) 237M->167M(247M) 254.540ms
[2026-07-01T01:47:29.609+0000][69.568s][info][gc,cpu         ] GC(221) User=0.25s Sys=0.00s Real=0.26s
[2026-07-01T01:47:29.925+0000][69.885s][info][gc,start       ] GC(222) Pause Young (Allocation Failure)
[2026-07-01T01:47:29.926+0000][69.885s][info][gc             ] GC(222) Pause Young (Allocation Failure) 235M->235M(247M) 0.086ms
[2026-07-01T01:47:29.926+0000][69.885s][info][gc,cpu         ] GC(222) User=0.00s Sys=0.00s Real=0.00s
[2026-07-01T01:47:29.926+0000][69.885s][info][gc,start       ] GC(223) Pause Full (Allocation Failure)
[2026-07-01T01:47:29.926+0000][69.885s][info][gc,phases,start] GC(223) Phase 1: Mark live objects
[2026-07-01T01:47:30.040+0000][70.000s][info][gc,phases      ] GC(223) Phase 1: Mark live objects 114.849ms
[2026-07-01T01:47:30.040+0000][70.000s][info][gc,phases,start] GC(223) Phase 2: Compute new object addresses
[2026-07-01T01:47:30.090+0000][70.050s][info][gc,phases      ] GC(223) Phase 2: Compute new object addresses 49.762ms
[2026-07-01T01:47:30.090+0000][70.050s][info][gc,phases,start] GC(223) Phase 3: Adjust pointers
[2026-07-01T01:47:30.146+0000][70.105s][info][gc,phases      ] GC(223) Phase 3: Adjust pointers 55.466ms
[2026-07-01T01:47:30.146+0000][70.105s][info][gc,phases,start] GC(223) Phase 4: Move objects
[2026-07-01T01:47:30.146+0000][70.106s][info][gc,phases      ] GC(223) Phase 4: Move objects 0.598ms
[2026-07-01T01:47:30.147+0000][70.106s][info][gc,heap        ] GC(223) DefNew: 69952K(78656K)->0K(78656K) Eden: 69952K(69952K)->0K(69952K) From: 0K(8704K)->0K(8704K)
[2026-07-01T01:47:30.147+0000][70.106s][info][gc,heap        ] GC(223) Tenured: 171262K(174784K)->172948K(174784K)
[2026-07-01T01:47:30.147+0000][70.106s][info][gc,metaspace   ] GC(223) Metaspace: 41723K(42560K)->41723K(42560K) NonClass: 36580K(36992K)->36580K(36992K) Class: 5142K(5568K)->5142K(5568K)
[2026-07-01T01:47:30.147+0000][70.106s][info][gc             ] GC(223) Pause Full (Allocation Failure) 235M->168M(247M) 221.077ms
[2026-07-01T01:47:30.147+0000][70.106s][info][gc,cpu         ] GC(223) User=0.22s Sys=0.01s Real=0.22s
[2026-07-01T01:47:30.468+0000][70.427s][info][gc,start       ] GC(224) Pause Young (Allocation Failure)
[2026-07-01T01:47:30.468+0000][70.428s][info][gc             ] GC(224) Pause Young (Allocation Failure) 237M->237M(247M) 0.139ms
[2026-07-01T01:47:30.468+0000][70.428s][info][gc,cpu         ] GC(224) User=0.00s Sys=0.00s Real=0.01s
[2026-07-01T01:47:30.468+0000][70.428s][info][gc,start       ] GC(225) Pause Full (Allocation Failure)
[2026-07-01T01:47:30.468+0000][70.428s][info][gc,phases,start] GC(225) Phase 1: Mark live objects
[2026-07-01T01:47:30.584+0000][70.544s][info][gc,phases      ] GC(225) Phase 1: Mark live objects 115.850ms
[2026-07-01T01:47:30.584+0000][70.544s][info][gc,phases,start] GC(225) Phase 2: Compute new object addresses
[2026-07-01T01:47:30.634+0000][70.594s][info][gc,phases      ] GC(225) Phase 2: Compute new object addresses 50.225ms
[2026-07-01T01:47:30.634+0000][70.594s][info][gc,phases,start] GC(225) Phase 3: Adjust pointers
[2026-07-01T01:47:30.690+0000][70.649s][info][gc,phases      ] GC(225) Phase 3: Adjust pointers 55.276ms
[2026-07-01T01:47:30.690+0000][70.649s][info][gc,phases,start] GC(225) Phase 4: Move objects
[2026-07-01T01:47:30.690+0000][70.650s][info][gc,phases      ] GC(225) Phase 4: Move objects 0.435ms
[2026-07-01T01:47:30.690+0000][70.650s][info][gc,heap        ] GC(225) DefNew: 69952K(78656K)->0K(78656K) Eden: 69952K(69952K)->0K(69952K) From: 0K(8704K)->0K(8704K)
[2026-07-01T01:47:30.690+0000][70.650s][info][gc,heap        ] GC(225) Tenured: 172948K(174784K)->173817K(174784K)
[2026-07-01T01:47:30.690+0000][70.650s][info][gc,metaspace   ] GC(225) Metaspace: 41723K(42560K)->41723K(42560K) NonClass: 36580K(36992K)->36580K(36992K) Class: 5142K(5568K)->5142K(5568K)
[2026-07-01T01:47:30.690+0000][70.650s][info][gc             ] GC(225) Pause Full (Allocation Failure) 237M->169M(247M) 222.199ms
[2026-07-01T01:47:30.690+0000][70.650s][info][gc,cpu         ] GC(225) User=0.22s Sys=0.00s Real=0.22s
[2026-07-01T01:47:30.993+0000][70.953s][info][gc,start       ] GC(226) Pause Young (Allocation Failure)
[2026-07-01T01:47:30.994+0000][70.953s][info][gc             ] GC(226) Pause Young (Allocation Failure) 238M->238M(247M) 0.101ms
[2026-07-01T01:47:30.994+0000][70.953s][info][gc,cpu         ] GC(226) User=0.00s Sys=0.00s Real=0.00s
[2026-07-01T01:47:30.994+0000][70.953s][info][gc,start       ] GC(227) Pause Full (Allocation Failure)
[2026-07-01T01:47:30.994+0000][70.953s][info][gc,phases,start] GC(227) Phase 1: Mark live objects
[2026-07-01T01:47:31.109+0000][71.069s][info][gc,phases      ] GC(227) Phase 1: Mark live objects 115.599ms
[2026-07-01T01:47:31.109+0000][71.069s][info][gc,phases,start] GC(227) Phase 2: Compute new object addresses
[2026-07-01T01:47:31.160+0000][71.119s][info][gc,phases      ] GC(227) Phase 2: Compute new object addresses 50.296ms
[2026-07-01T01:47:31.160+0000][71.119s][info][gc,phases,start] GC(227) Phase 3: Adjust pointers
[2026-07-01T01:47:31.216+0000][71.175s][info][gc,phases      ] GC(227) Phase 3: Adjust pointers 56.163ms
[2026-07-01T01:47:31.216+0000][71.175s][info][gc,phases,start] GC(227) Phase 4: Move objects
[2026-07-01T01:47:31.216+0000][71.176s][info][gc,phases      ] GC(227) Phase 4: Move objects 0.343ms
[2026-07-01T01:47:31.216+0000][71.176s][info][gc,heap        ] GC(227) DefNew: 69951K(78656K)->0K(78656K) Eden: 69951K(69952K)->0K(69952K) From: 0K(8704K)->0K(8704K)
[2026-07-01T01:47:31.216+0000][71.176s][info][gc,heap        ] GC(227) Tenured: 173817K(174784K)->174473K(174784K)
[2026-07-01T01:47:31.216+0000][71.176s][info][gc,metaspace   ] GC(227) Metaspace: 41723K(42560K)->41723K(42560K) NonClass: 36581K(36992K)->36581K(36992K) Class: 5142K(5568K)->5142K(5568K)
[2026-07-01T01:47:31.216+0000][71.176s][info][gc             ] GC(227) Pause Full (Allocation Failure) 238M->170M(247M) 222.824ms
[2026-07-01T01:47:31.216+0000][71.176s][info][gc,cpu         ] GC(227) User=0.23s Sys=0.00s Real=0.22s
[2026-07-01T01:47:31.543+0000][71.502s][info][gc,start       ] GC(228) Pause Young (Allocation Failure)
[2026-07-01T01:47:31.543+0000][71.502s][info][gc             ] GC(228) Pause Young (Allocation Failure) 238M->238M(247M) 0.095ms
[2026-07-01T01:47:31.543+0000][71.502s][info][gc,cpu         ] GC(228) User=0.00s Sys=0.00s Real=0.00s
[2026-07-01T01:47:31.543+0000][71.502s][info][gc,start       ] GC(229) Pause Full (Allocation Failure)
[2026-07-01T01:47:31.543+0000][71.502s][info][gc,phases,start] GC(229) Phase 1: Mark live objects
[2026-07-01T01:47:31.658+0000][71.617s][info][gc,phases      ] GC(229) Phase 1: Mark live objects 114.665ms
[2026-07-01T01:47:31.658+0000][71.617s][info][gc,phases,start] GC(229) Phase 2: Compute new object addresses
[2026-07-01T01:47:31.707+0000][71.667s][info][gc,phases      ] GC(229) Phase 2: Compute new object addresses 49.753ms
[2026-07-01T01:47:31.707+0000][71.667s][info][gc,phases,start] GC(229) Phase 3: Adjust pointers
[2026-07-01T01:47:31.768+0000][71.728s][info][gc,phases      ] GC(229) Phase 3: Adjust pointers 60.823ms
[2026-07-01T01:47:31.768+0000][71.728s][info][gc,phases,start] GC(229) Phase 4: Move objects
[2026-07-01T01:47:31.799+0000][71.759s][info][gc,phases      ] GC(229) Phase 4: Move objects 31.207ms
[2026-07-01T01:47:31.800+0000][71.759s][info][gc,heap        ] GC(229) DefNew: 69952K(78656K)->0K(78656K) Eden: 69952K(69952K)->0K(69952K) From: 0K(8704K)->0K(8704K)
[2026-07-01T01:47:31.800+0000][71.759s][info][gc,heap        ] GC(229) Tenured: 174473K(174784K)->171991K(174784K)
[2026-07-01T01:47:31.800+0000][71.759s][info][gc,metaspace   ] GC(229) Metaspace: 41724K(42560K)->41724K(42560K) NonClass: 36581K(36992K)->36581K(36992K) Class: 5142K(5568K)->5142K(5568K)
[2026-07-01T01:47:31.800+0000][71.759s][info][gc             ] GC(229) Pause Full (Allocation Failure) 238M->167M(247M) 256.909ms
[2026-07-01T01:47:31.800+0000][71.759s][info][gc,cpu         ] GC(229) User=0.26s Sys=0.00s Real=0.26s
[2026-07-01T01:47:32.170+0000][72.129s][info][gc,start       ] GC(230) Pause Young (Allocation Failure)
[2026-07-01T01:47:32.170+0000][72.129s][info][gc             ] GC(230) Pause Young (Allocation Failure) 236M->236M(247M) 0.097ms
[2026-07-01T01:47:32.170+0000][72.129s][info][gc,cpu         ] GC(230) User=0.00s Sys=0.00s Real=0.00s
[2026-07-01T01:47:32.170+0000][72.129s][info][gc,start       ] GC(231) Pause Full (Allocation Failure)
[2026-07-01T01:47:32.170+0000][72.129s][info][gc,phases,start] GC(231) Phase 1: Mark live objects
[2026-07-01T01:47:32.353+0000][72.313s][info][gc,phases      ] GC(231) Phase 1: Mark live objects 183.595ms
[2026-07-01T01:47:32.353+0000][72.313s][info][gc,phases,start] GC(231) Phase 2: Compute new object addresses
[2026-07-01T01:47:32.424+0000][72.383s][info][gc,phases      ] GC(231) Phase 2: Compute new object addresses 70.180ms
[2026-07-01T01:47:32.424+0000][72.383s][info][gc,phases,start] GC(231) Phase 3: Adjust pointers
[2026-07-01T01:47:32.504+0000][72.464s][info][gc,phases      ] GC(231) Phase 3: Adjust pointers 80.446ms
[2026-07-01T01:47:32.504+0000][72.464s][info][gc,phases,start] GC(231) Phase 4: Move objects
[2026-07-01T01:47:32.505+0000][72.464s][info][gc,phases      ] GC(231) Phase 4: Move objects 0.377ms
[2026-07-01T01:47:32.505+0000][72.464s][info][gc,heap        ] GC(231) DefNew: 69951K(78656K)->0K(78656K) Eden: 69951K(69952K)->0K(69952K) From: 0K(8704K)->0K(8704K)
[2026-07-01T01:47:32.505+0000][72.464s][info][gc,heap        ] GC(231) Tenured: 171991K(174784K)->172492K(174784K)
[2026-07-01T01:47:32.505+0000][72.464s][info][gc,metaspace   ] GC(231) Metaspace: 41724K(42560K)->41724K(42560K) NonClass: 36581K(36992K)->36581K(36992K) Class: 5142K(5568K)->5142K(5568K)
[2026-07-01T01:47:32.505+0000][72.465s][info][gc             ] GC(231) Pause Full (Allocation Failure) 236M->168M(247M) 335.078ms
[2026-07-01T01:47:32.505+0000][72.465s][info][gc,cpu         ] GC(231) User=0.34s Sys=0.01s Real=0.33s
[2026-07-01T01:47:32.932+0000][72.892s][info][gc,start       ] GC(232) Pause Young (Allocation Failure)
[2026-07-01T01:47:32.932+0000][72.892s][info][gc             ] GC(232) Pause Young (Allocation Failure) 236M->236M(247M) 0.099ms
[2026-07-01T01:47:32.932+0000][72.892s][info][gc,cpu         ] GC(232) User=0.00s Sys=0.00s Real=0.00s
[2026-07-01T01:47:32.933+0000][72.892s][info][gc,start       ] GC(233) Pause Full (Allocation Failure)
[2026-07-01T01:47:32.933+0000][72.892s][info][gc,phases,start] GC(233) Phase 1: Mark live objects
[2026-07-01T01:47:33.116+0000][73.076s][info][gc,phases      ] GC(233) Phase 1: Mark live objects 183.923ms
[2026-07-01T01:47:33.116+0000][73.076s][info][gc,phases,start] GC(233) Phase 2: Compute new object addresses
[2026-07-01T01:47:33.187+0000][73.147s][info][gc,phases      ] GC(233) Phase 2: Compute new object addresses 70.989ms
[2026-07-01T01:47:33.188+0000][73.147s][info][gc,phases,start] GC(233) Phase 3: Adjust pointers
[2026-07-01T01:47:33.268+0000][73.228s][info][gc,phases      ] GC(233) Phase 3: Adjust pointers 80.351ms
[2026-07-01T01:47:33.268+0000][73.228s][info][gc,phases,start] GC(233) Phase 4: Move objects
[2026-07-01T01:47:33.268+0000][73.228s][info][gc,phases      ] GC(233) Phase 4: Move objects 0.484ms
[2026-07-01T01:47:33.269+0000][73.228s][info][gc,heap        ] GC(233) DefNew: 69952K(78656K)->0K(78656K) Eden: 69952K(69952K)->0K(69952K) From: 0K(8704K)->0K(8704K)
[2026-07-01T01:47:33.269+0000][73.228s][info][gc,heap        ] GC(233) Tenured: 172492K(174784K)->173515K(174784K)
[2026-07-01T01:47:33.269+0000][73.228s][info][gc,metaspace   ] GC(233) Metaspace: 41724K(42560K)->41724K(42560K) NonClass: 36581K(36992K)->36581K(36992K) Class: 5142K(5568K)->5142K(5568K)
[2026-07-01T01:47:33.269+0000][73.228s][info][gc             ] GC(233) Pause Full (Allocation Failure) 236M->169M(247M) 336.239ms
[2026-07-01T01:47:33.269+0000][73.228s][info][gc,cpu         ] GC(233) User=0.34s Sys=0.00s Real=0.34s
[2026-07-01T01:47:33.713+0000][73.673s][info][gc,start       ] GC(234) Pause Young (Allocation Failure)
[2026-07-01T01:47:33.713+0000][73.673s][info][gc             ] GC(234) Pause Young (Allocation Failure) 237M->237M(247M) 0.093ms
[2026-07-01T01:47:33.713+0000][73.673s][info][gc,cpu         ] GC(234) User=0.00s Sys=0.00s Real=0.00s
[2026-07-01T01:47:33.713+0000][73.673s][info][gc,start       ] GC(235) Pause Full (Allocation Failure)
[2026-07-01T01:47:33.713+0000][73.673s][info][gc,phases,start] GC(235) Phase 1: Mark live objects
[2026-07-01T01:47:33.918+0000][73.877s][info][gc,phases      ] GC(235) Phase 1: Mark live objects 204.344ms
[2026-07-01T01:47:33.918+0000][73.877s][info][gc,phases,start] GC(235) Phase 2: Compute new object addresses
[2026-07-01T01:47:33.985+0000][73.945s][info][gc,phases      ] GC(235) Phase 2: Compute new object addresses 67.550ms
[2026-07-01T01:47:33.985+0000][73.945s][info][gc,phases,start] GC(235) Phase 3: Adjust pointers
[2026-07-01T01:47:34.048+0000][74.007s][info][gc,phases      ] GC(235) Phase 3: Adjust pointers 62.664ms
[2026-07-01T01:47:34.048+0000][74.008s][info][gc,phases,start] GC(235) Phase 4: Move objects
[2026-07-01T01:47:34.048+0000][74.008s][info][gc,phases      ] GC(235) Phase 4: Move objects 0.503ms
[2026-07-01T01:47:34.049+0000][74.008s][info][gc,heap        ] GC(235) DefNew: 69952K(78656K)->137K(78656K) Eden: 69952K(69952K)->137K(69952K) From: 0K(8704K)->0K(8704K)
[2026-07-01T01:47:34.049+0000][74.008s][info][gc,heap        ] GC(235) Tenured: 173515K(174784K)->174782K(174784K)
[2026-07-01T01:47:34.049+0000][74.008s][info][gc,metaspace   ] GC(235) Metaspace: 41729K(42560K)->41729K(42560K) NonClass: 36586K(36992K)->36586K(36992K) Class: 5142K(5568K)->5142K(5568K)
[2026-07-01T01:47:34.049+0000][74.008s][info][gc             ] GC(235) Pause Full (Allocation Failure) 237M->170M(247M) 335.492ms
[2026-07-01T01:47:34.049+0000][74.008s][info][gc,cpu         ] GC(235) User=0.32s Sys=0.00s Real=0.34s
[2026-07-01T01:47:34.458+0000][74.418s][info][gc,start       ] GC(236) Pause Full (Allocation Failure)
[2026-07-01T01:47:34.458+0000][74.418s][info][gc,phases,start] GC(236) Phase 1: Mark live objects
[2026-07-01T01:47:34.575+0000][74.535s][info][gc,phases      ] GC(236) Phase 1: Mark live objects 117.264ms
[2026-07-01T01:47:34.575+0000][74.535s][info][gc,phases,start] GC(236) Phase 2: Compute new object addresses
[2026-07-01T01:47:34.627+0000][74.587s][info][gc,phases      ] GC(236) Phase 2: Compute new object addresses 52.175ms
[2026-07-01T01:47:34.627+0000][74.587s][info][gc,phases,start] GC(236) Phase 3: Adjust pointers
[2026-07-01T01:47:34.688+0000][74.648s][info][gc,phases      ] GC(236) Phase 3: Adjust pointers 60.951ms
[2026-07-01T01:47:34.688+0000][74.648s][info][gc,phases,start] GC(236) Phase 4: Move objects
[2026-07-01T01:47:34.720+0000][74.679s][info][gc,phases      ] GC(236) Phase 4: Move objects 31.069ms
[2026-07-01T01:47:34.720+0000][74.679s][info][gc,heap        ] GC(236) DefNew: 78656K(78656K)->0K(78656K) Eden: 69952K(69952K)->0K(69952K) From: 8704K(8704K)->0K(8704K)
[2026-07-01T01:47:34.720+0000][74.679s][info][gc,heap        ] GC(236) Tenured: 174783K(174784K)->172938K(174784K)
[2026-07-01T01:47:34.720+0000][74.679s][info][gc,metaspace   ] GC(236) Metaspace: 41736K(42560K)->41736K(42560K) NonClass: 36594K(36992K)->36594K(36992K) Class: 5142K(5568K)->5142K(5568K)
[2026-07-01T01:47:34.720+0000][74.680s][info][gc             ] GC(236) Pause Full (Allocation Failure) 247M->168M(247M) 261.972ms
[2026-07-01T01:47:34.720+0000][74.680s][info][gc,cpu         ] GC(236) User=0.26s Sys=0.00s Real=0.27s
[2026-07-01T01:47:35.034+0000][74.993s][info][gc,start       ] GC(237) Pause Young (Allocation Failure)
[2026-07-01T01:47:35.034+0000][74.993s][info][gc             ] GC(237) Pause Young (Allocation Failure) 237M->237M(247M) 0.107ms
[2026-07-01T01:47:35.034+0000][74.994s][info][gc,cpu         ] GC(237) User=0.00s Sys=0.00s Real=0.00s
[2026-07-01T01:47:35.034+0000][74.994s][info][gc,start       ] GC(238) Pause Full (Allocation Failure)
[2026-07-01T01:47:35.034+0000][74.994s][info][gc,phases,start] GC(238) Phase 1: Mark live objects
[2026-07-01T01:47:35.153+0000][75.113s][info][gc,phases      ] GC(238) Phase 1: Mark live objects 119.398ms
[2026-07-01T01:47:35.153+0000][75.113s][info][gc,phases,start] GC(238) Phase 2: Compute new object addresses
[2026-07-01T01:47:35.204+0000][75.163s][info][gc,phases      ] GC(238) Phase 2: Compute new object addresses 50.464ms
[2026-07-01T01:47:35.204+0000][75.163s][info][gc,phases,start] GC(238) Phase 3: Adjust pointers
[2026-07-01T01:47:35.261+0000][75.221s][info][gc,phases      ] GC(238) Phase 3: Adjust pointers 57.430ms
[2026-07-01T01:47:35.261+0000][75.221s][info][gc,phases,start] GC(238) Phase 4: Move objects
[2026-07-01T01:47:35.262+0000][75.221s][info][gc,phases      ] GC(238) Phase 4: Move objects 0.517ms
[2026-07-01T01:47:35.262+0000][75.222s][info][gc,heap        ] GC(238) DefNew: 69952K(78656K)->0K(78656K) Eden: 69952K(69952K)->0K(69952K) From: 0K(8704K)->0K(8704K)
[2026-07-01T01:47:35.262+0000][75.222s][info][gc,heap        ] GC(238) Tenured: 172938K(174784K)->174522K(174784K)
[2026-07-01T01:47:35.262+0000][75.222s][info][gc,metaspace   ] GC(238) Metaspace: 41736K(42560K)->41736K(42560K) NonClass: 36594K(36992K)->36594K(36992K) Class: 5142K(5568K)->5142K(5568K)
[2026-07-01T01:47:35.262+0000][75.222s][info][gc             ] GC(238) Pause Full (Allocation Failure) 237M->170M(247M) 228.233ms
[2026-07-01T01:47:35.262+0000][75.222s][info][gc,cpu         ] GC(238) User=0.22s Sys=0.00s Real=0.23s
[2026-07-01T01:47:35.592+0000][75.552s][info][gc,start       ] GC(239) Pause Young (Allocation Failure)
[2026-07-01T01:47:35.593+0000][75.552s][info][gc             ] GC(239) Pause Young (Allocation Failure) 238M->238M(247M) 0.100ms
[2026-07-01T01:47:35.593+0000][75.552s][info][gc,cpu         ] GC(239) User=0.00s Sys=0.00s Real=0.00s
[2026-07-01T01:47:35.593+0000][75.552s][info][gc,start       ] GC(240) Pause Full (Allocation Failure)
[2026-07-01T01:47:35.593+0000][75.552s][info][gc,phases,start] GC(240) Phase 1: Mark live objects
[2026-07-01T01:47:35.712+0000][75.672s][info][gc,phases      ] GC(240) Phase 1: Mark live objects 119.463ms
[2026-07-01T01:47:35.712+0000][75.672s][info][gc,phases,start] GC(240) Phase 2: Compute new object addresses
[2026-07-01T01:47:35.763+0000][75.722s][info][gc,phases      ] GC(240) Phase 2: Compute new object addresses 50.691ms
[2026-07-01T01:47:35.763+0000][75.722s][info][gc,phases,start] GC(240) Phase 3: Adjust pointers
[2026-07-01T01:47:35.820+0000][75.780s][info][gc,phases      ] GC(240) Phase 3: Adjust pointers 57.106ms
[2026-07-01T01:47:35.820+0000][75.780s][info][gc,phases,start] GC(240) Phase 4: Move objects
[2026-07-01T01:47:35.820+0000][75.780s][info][gc,phases      ] GC(240) Phase 4: Move objects 0.410ms
[2026-07-01T01:47:35.821+0000][75.780s][info][gc,heap        ] GC(240) DefNew: 69952K(78656K)->535K(78656K) Eden: 69952K(69952K)->535K(69952K) From: 0K(8704K)->0K(8704K)
[2026-07-01T01:47:35.821+0000][75.780s][info][gc,heap        ] GC(240) Tenured: 174522K(174784K)->174783K(174784K)
[2026-07-01T01:47:35.821+0000][75.780s][info][gc,metaspace   ] GC(240) Metaspace: 41736K(42560K)->41736K(42560K) NonClass: 36594K(36992K)->36594K(36992K) Class: 5142K(5568K)->5142K(5568K)
[2026-07-01T01:47:35.821+0000][75.780s][info][gc             ] GC(240) Pause Full (Allocation Failure) 238M->171M(247M) 228.098ms
[2026-07-01T01:47:35.821+0000][75.780s][info][gc,cpu         ] GC(240) User=0.23s Sys=0.00s Real=0.23s
[2026-07-01T01:47:36.241+0000][76.200s][info][gc,start       ] GC(241) Pause Full (Allocation Failure)
[2026-07-01T01:47:36.241+0000][76.200s][info][gc,phases,start] GC(241) Phase 1: Mark live objects
[2026-07-01T01:47:36.358+0000][76.318s][info][gc,phases      ] GC(241) Phase 1: Mark live objects 117.607ms
[2026-07-01T01:47:36.359+0000][76.318s][info][gc,phases,start] GC(241) Phase 2: Compute new object addresses
[2026-07-01T01:47:36.411+0000][76.371s][info][gc,phases      ] GC(241) Phase 2: Compute new object addresses 52.915ms
[2026-07-01T01:47:36.411+0000][76.371s][info][gc,phases,start] GC(241) Phase 3: Adjust pointers
[2026-07-01T01:47:36.469+0000][76.428s][info][gc,phases      ] GC(241) Phase 3: Adjust pointers 57.398ms
[2026-07-01T01:47:36.469+0000][76.429s][info][gc,phases,start] GC(241) Phase 4: Move objects
[2026-07-01T01:47:36.469+0000][76.429s][info][gc,phases      ] GC(241) Phase 4: Move objects 0.525ms
[2026-07-01T01:47:36.470+0000][76.429s][info][gc,heap        ] GC(241) DefNew: 78656K(78656K)->1201K(78656K) Eden: 69952K(69952K)->1201K(69952K) From: 8704K(8704K)->0K(8704K)
[2026-07-01T01:47:36.470+0000][76.429s][info][gc,heap        ] GC(241) Tenured: 174784K(174784K)->174784K(174784K)
[2026-07-01T01:47:36.470+0000][76.429s][info][gc,metaspace   ] GC(241) Metaspace: 41736K(42560K)->41736K(42560K) NonClass: 36594K(36992K)->36594K(36992K) Class: 5142K(5568K)->5142K(5568K)
[2026-07-01T01:47:36.470+0000][76.429s][info][gc             ] GC(241) Pause Full (Allocation Failure) 247M->171M(247M) 228.913ms
[2026-07-01T01:47:36.470+0000][76.429s][info][gc,cpu         ] GC(241) User=0.23s Sys=0.00s Real=0.23s
[2026-07-01T01:47:36.863+0000][76.822s][info][gc,start       ] GC(242) Pause Full (Allocation Failure)
[2026-07-01T01:47:36.863+0000][76.822s][info][gc,phases,start] GC(242) Phase 1: Mark live objects
[2026-07-01T01:47:36.980+0000][76.940s][info][gc,phases      ] GC(242) Phase 1: Mark live objects 117.104ms
[2026-07-01T01:47:36.980+0000][76.940s][info][gc,phases,start] GC(242) Phase 2: Compute new object addresses
[2026-07-01T01:47:37.032+0000][76.992s][info][gc,phases      ] GC(242) Phase 2: Compute new object addresses 52.248ms
[2026-07-01T01:47:37.032+0000][76.992s][info][gc,phases,start] GC(242) Phase 3: Adjust pointers
[2026-07-01T01:47:37.094+0000][77.054s][info][gc,phases      ] GC(242) Phase 3: Adjust pointers 62.191ms
[2026-07-01T01:47:37.094+0000][77.054s][info][gc,phases,start] GC(242) Phase 4: Move objects
[2026-07-01T01:47:37.126+0000][77.086s][info][gc,phases      ] GC(242) Phase 4: Move objects 31.676ms
[2026-07-01T01:47:37.126+0000][77.086s][info][gc,heap        ] GC(242) DefNew: 78655K(78656K)->0K(78656K) Eden: 69952K(69952K)->0K(69952K) From: 8703K(8704K)->0K(8704K)
[2026-07-01T01:47:37.126+0000][77.086s][info][gc,heap        ] GC(242) Tenured: 174784K(174784K)->173550K(174784K)
[2026-07-01T01:47:37.126+0000][77.086s][info][gc,metaspace   ] GC(242) Metaspace: 41736K(42560K)->41736K(42560K) NonClass: 36594K(36992K)->36594K(36992K) Class: 5142K(5568K)->5142K(5568K)
[2026-07-01T01:47:37.126+0000][77.086s][info][gc             ] GC(242) Pause Full (Allocation Failure) 247M->169M(247M) 263.710ms
[2026-07-01T01:47:37.126+0000][77.086s][info][gc,cpu         ] GC(242) User=0.26s Sys=0.00s Real=0.26s
[2026-07-01T01:47:37.438+0000][77.397s][info][gc,start       ] GC(243) Pause Young (Allocation Failure)
[2026-07-01T01:47:37.438+0000][77.398s][info][gc             ] GC(243) Pause Young (Allocation Failure) 237M->237M(247M) 0.103ms
[2026-07-01T01:47:37.438+0000][77.398s][info][gc,cpu         ] GC(243) User=0.00s Sys=0.00s Real=0.00s
[2026-07-01T01:47:37.438+0000][77.398s][info][gc,start       ] GC(244) Pause Full (Allocation Failure)
[2026-07-01T01:47:37.438+0000][77.398s][info][gc,phases,start] GC(244) Phase 1: Mark live objects
[2026-07-01T01:47:37.558+0000][77.518s][info][gc,phases      ] GC(244) Phase 1: Mark live objects 120.073ms
[2026-07-01T01:47:37.558+0000][77.518s][info][gc,phases,start] GC(244) Phase 2: Compute new object addresses
[2026-07-01T01:47:37.609+0000][77.569s][info][gc,phases      ] GC(244) Phase 2: Compute new object addresses 50.834ms
[2026-07-01T01:47:37.609+0000][77.569s][info][gc,phases,start] GC(244) Phase 3: Adjust pointers
[2026-07-01T01:47:37.667+0000][77.627s][info][gc,phases      ] GC(244) Phase 3: Adjust pointers 57.965ms
[2026-07-01T01:47:37.667+0000][77.627s][info][gc,phases,start] GC(244) Phase 4: Move objects
[2026-07-01T01:47:37.667+0000][77.627s][info][gc,phases      ] GC(244) Phase 4: Move objects 0.331ms
[2026-07-01T01:47:37.668+0000][77.627s][info][gc,heap        ] GC(244) DefNew: 69952K(78656K)->0K(78656K) Eden: 69952K(69952K)->0K(69952K) From: 0K(8704K)->0K(8704K)
[2026-07-01T01:47:37.668+0000][77.627s][info][gc,heap        ] GC(244) Tenured: 173550K(174784K)->174034K(174784K)
[2026-07-01T01:47:37.668+0000][77.627s][info][gc,metaspace   ] GC(244) Metaspace: 41738K(42560K)->41738K(42560K) NonClass: 36595K(36992K)->36595K(36992K) Class: 5142K(5568K)->5142K(5568K)
[2026-07-01T01:47:37.668+0000][77.627s][info][gc             ] GC(244) Pause Full (Allocation Failure) 237M->169M(247M) 229.621ms
[2026-07-01T01:47:37.668+0000][77.627s][info][gc,cpu         ] GC(244) User=0.23s Sys=0.01s Real=0.23s
[2026-07-01T01:47:37.972+0000][77.932s][info][gc,start       ] GC(245) Pause Young (Allocation Failure)
[2026-07-01T01:47:37.972+0000][77.932s][info][gc             ] GC(245) Pause Young (Allocation Failure) 238M->238M(247M) 0.138ms
[2026-07-01T01:47:37.972+0000][77.932s][info][gc,cpu         ] GC(245) User=0.00s Sys=0.00s Real=0.00s
[2026-07-01T01:47:37.972+0000][77.932s][info][gc,start       ] GC(246) Pause Full (Allocation Failure)
[2026-07-01T01:47:37.972+0000][77.932s][info][gc,phases,start] GC(246) Phase 1: Mark live objects
[2026-07-01T01:47:38.092+0000][78.052s][info][gc,phases      ] GC(246) Phase 1: Mark live objects 119.607ms
[2026-07-01T01:47:38.092+0000][78.052s][info][gc,phases,start] GC(246) Phase 2: Compute new object addresses
[2026-07-01T01:47:38.143+0000][78.102s][info][gc,phases      ] GC(246) Phase 2: Compute new object addresses 50.850ms
[2026-07-01T01:47:38.143+0000][78.103s][info][gc,phases,start] GC(246) Phase 3: Adjust pointers
[2026-07-01T01:47:38.201+0000][78.160s][info][gc,phases      ] GC(246) Phase 3: Adjust pointers 57.775ms
[2026-07-01T01:47:38.201+0000][78.160s][info][gc,phases,start] GC(246) Phase 4: Move objects
[2026-07-01T01:47:38.201+0000][78.161s][info][gc,phases      ] GC(246) Phase 4: Move objects 0.559ms
[2026-07-01T01:47:38.202+0000][78.161s][info][gc,heap        ] GC(246) DefNew: 69952K(78656K)->814K(78656K) Eden: 69952K(69952K)->814K(69952K) From: 0K(8704K)->0K(8704K)
[2026-07-01T01:47:38.202+0000][78.161s][info][gc,heap        ] GC(246) Tenured: 174034K(174784K)->174779K(174784K)
[2026-07-01T01:47:38.202+0000][78.161s][info][gc,metaspace   ] GC(246) Metaspace: 41738K(42560K)->41738K(42560K) NonClass: 36595K(36992K)->36595K(36992K) Class: 5142K(5568K)->5142K(5568K)
[2026-07-01T01:47:38.202+0000][78.161s][info][gc             ] GC(246) Pause Full (Allocation Failure) 238M->171M(247M) 229.202ms
[2026-07-01T01:47:38.202+0000][78.161s][info][gc,cpu         ] GC(246) User=0.23s Sys=0.01s Real=0.23s
[2026-07-01T01:47:38.595+0000][78.554s][info][gc,start       ] GC(247) Pause Full (Allocation Failure)
[2026-07-01T01:47:38.595+0000][78.554s][info][gc,phases,start] GC(247) Phase 1: Mark live objects
[2026-07-01T01:47:38.726+0000][78.685s][info][gc,phases      ] GC(247) Phase 1: Mark live objects 130.932ms
[2026-07-01T01:47:38.726+0000][78.685s][info][gc,phases,start] GC(247) Phase 2: Compute new object addresses
[2026-07-01T01:47:38.779+0000][78.738s][info][gc,phases      ] GC(247) Phase 2: Compute new object addresses 53.079ms
[2026-07-01T01:47:38.779+0000][78.738s][info][gc,phases,start] GC(247) Phase 3: Adjust pointers
[2026-07-01T01:47:38.837+0000][78.797s][info][gc,phases      ] GC(247) Phase 3: Adjust pointers 58.385ms
[2026-07-01T01:47:38.837+0000][78.797s][info][gc,phases,start] GC(247) Phase 4: Move objects
[2026-07-01T01:47:38.838+0000][78.797s][info][gc,phases      ] GC(247) Phase 4: Move objects 0.627ms
[2026-07-01T01:47:38.838+0000][78.798s][info][gc,heap        ] GC(247) DefNew: 78655K(78656K)->1627K(78656K) Eden: 69951K(69952K)->1627K(69952K) From: 8704K(8704K)->0K(8704K)
[2026-07-01T01:47:38.838+0000][78.798s][info][gc,heap        ] GC(247) Tenured: 174783K(174784K)->174783K(174784K)
[2026-07-01T01:47:38.838+0000][78.798s][info][gc,metaspace   ] GC(247) Metaspace: 41742K(42560K)->41742K(42560K) NonClass: 36599K(36992K)->36599K(36992K) Class: 5142K(5568K)->5142K(5568K)
[2026-07-01T01:47:38.838+0000][78.798s][info][gc             ] GC(247) Pause Full (Allocation Failure) 247M->172M(247M) 243.504ms
[2026-07-01T01:47:38.838+0000][78.798s][info][gc,cpu         ] GC(247) User=0.24s Sys=0.00s Real=0.25s
[2026-07-01T01:47:39.234+0000][79.194s][info][gc,start       ] GC(248) Pause Full (Allocation Failure)
[2026-07-01T01:47:39.234+0000][79.194s][info][gc,phases,start] GC(248) Phase 1: Mark live objects
[2026-07-01T01:47:39.353+0000][79.312s][info][gc,phases      ] GC(248) Phase 1: Mark live objects 118.691ms
[2026-07-01T01:47:39.353+0000][79.312s][info][gc,phases,start] GC(248) Phase 2: Compute new object addresses
[2026-07-01T01:47:39.405+0000][79.365s][info][gc,phases      ] GC(248) Phase 2: Compute new object addresses 52.336ms
[2026-07-01T01:47:39.405+0000][79.365s][info][gc,phases,start] GC(248) Phase 3: Adjust pointers
[2026-07-01T01:47:39.467+0000][79.427s][info][gc,phases      ] GC(248) Phase 3: Adjust pointers 62.251ms
[2026-07-01T01:47:39.468+0000][79.427s][info][gc,phases,start] GC(248) Phase 4: Move objects
[2026-07-01T01:47:39.499+0000][79.458s][info][gc,phases      ] GC(248) Phase 4: Move objects 31.324ms
[2026-07-01T01:47:39.499+0000][79.459s][info][gc,heap        ] GC(248) DefNew: 78655K(78656K)->0K(78656K) Eden: 69952K(69952K)->0K(69952K) From: 8703K(8704K)->0K(8704K)
[2026-07-01T01:47:39.499+0000][79.459s][info][gc,heap        ] GC(248) Tenured: 174784K(174784K)->174240K(174784K)
[2026-07-01T01:47:39.499+0000][79.459s][info][gc,metaspace   ] GC(248) Metaspace: 41742K(42560K)->41742K(42560K) NonClass: 36600K(36992K)->36600K(36992K) Class: 5142K(5568K)->5142K(5568K)
[2026-07-01T01:47:39.499+0000][79.459s][info][gc             ] GC(248) Pause Full (Allocation Failure) 247M->170M(247M) 265.106ms
[2026-07-01T01:47:39.499+0000][79.459s][info][gc,cpu         ] GC(248) User=0.26s Sys=0.00s Real=0.27s
[2026-07-01T01:47:39.810+0000][79.769s][info][gc,start       ] GC(249) Pause Young (Allocation Failure)
[2026-07-01T01:47:39.810+0000][79.770s][info][gc             ] GC(249) Pause Young (Allocation Failure) 238M->238M(247M) 0.096ms
[2026-07-01T01:47:39.810+0000][79.770s][info][gc,cpu         ] GC(249) User=0.00s Sys=0.00s Real=0.00s
[2026-07-01T01:47:39.810+0000][79.770s][info][gc,start       ] GC(250) Pause Full (Allocation Failure)
[2026-07-01T01:47:39.810+0000][79.770s][info][gc,phases,start] GC(250) Phase 1: Mark live objects
[2026-07-01T01:47:39.928+0000][79.888s][info][gc,phases      ] GC(250) Phase 1: Mark live objects 118.410ms
[2026-07-01T01:47:39.928+0000][79.888s][info][gc,phases,start] GC(250) Phase 2: Compute new object addresses
[2026-07-01T01:47:39.979+0000][79.939s][info][gc,phases      ] GC(250) Phase 2: Compute new object addresses 50.791ms
[2026-07-01T01:47:39.979+0000][79.939s][info][gc,phases,start] GC(250) Phase 3: Adjust pointers
[2026-07-01T01:47:40.036+0000][79.996s][info][gc,phases      ] GC(250) Phase 3: Adjust pointers 57.105ms
[2026-07-01T01:47:40.036+0000][79.996s][info][gc,phases,start] GC(250) Phase 4: Move objects
[2026-07-01T01:47:40.037+0000][79.997s][info][gc,phases      ] GC(250) Phase 4: Move objects 0.489ms
[2026-07-01T01:47:40.037+0000][79.997s][info][gc,heap        ] GC(250) DefNew: 69952K(78656K)->1006K(78656K) Eden: 69952K(69952K)->1006K(69952K) From: 0K(8704K)->0K(8704K)
[2026-07-01T01:47:40.037+0000][79.997s][info][gc,heap        ] GC(250) Tenured: 174240K(174784K)->174778K(174784K)
[2026-07-01T01:47:40.037+0000][79.997s][info][gc,metaspace   ] GC(250) Metaspace: 41742K(42560K)->41742K(42560K) NonClass: 36600K(36992K)->36600K(36992K) Class: 5142K(5568K)->5142K(5568K)
[2026-07-01T01:47:40.037+0000][79.997s][info][gc             ] GC(250) Pause Full (Allocation Failure) 238M->171M(247M) 227.212ms
[2026-07-01T01:47:40.037+0000][79.997s][info][gc,cpu         ] GC(250) User=0.23s Sys=0.00s Real=0.22s
[2026-07-01T01:47:40.555+0000][80.515s][info][gc,start       ] GC(251) Pause Full (Allocation Failure)
[2026-07-01T01:47:40.555+0000][80.515s][info][gc,phases,start] GC(251) Phase 1: Mark live objects
[2026-07-01T01:47:40.747+0000][80.707s][info][gc,phases      ] GC(251) Phase 1: Mark live objects 191.985ms
[2026-07-01T01:47:40.747+0000][80.707s][info][gc,phases,start] GC(251) Phase 2: Compute new object addresses
[2026-07-01T01:47:40.823+0000][80.783s][info][gc,phases      ] GC(251) Phase 2: Compute new object addresses 76.244ms
[2026-07-01T01:47:40.823+0000][80.783s][info][gc,phases,start] GC(251) Phase 3: Adjust pointers
[2026-07-01T01:47:40.908+0000][80.868s][info][gc,phases      ] GC(251) Phase 3: Adjust pointers 84.496ms
[2026-07-01T01:47:40.908+0000][80.868s][info][gc,phases,start] GC(251) Phase 4: Move objects
[2026-07-01T01:47:40.909+0000][80.868s][info][gc,phases      ] GC(251) Phase 4: Move objects 0.567ms
[2026-07-01T01:47:40.909+0000][80.868s][info][gc,heap        ] GC(251) DefNew: 78656K(78656K)->1424K(78656K) Eden: 69952K(69952K)->1424K(69952K) From: 8704K(8704K)->0K(8704K)
[2026-07-01T01:47:40.909+0000][80.868s][info][gc,heap        ] GC(251) Tenured: 174784K(174784K)->174784K(174784K)
[2026-07-01T01:47:40.909+0000][80.868s][info][gc,metaspace   ] GC(251) Metaspace: 41742K(42560K)->41742K(42560K) NonClass: 36600K(36992K)->36600K(36992K) Class: 5142K(5568K)->5142K(5568K)
[2026-07-01T01:47:40.909+0000][80.869s][info][gc             ] GC(251) Pause Full (Allocation Failure) 247M->172M(247M) 353.852ms
[2026-07-01T01:47:40.909+0000][80.869s][info][gc,cpu         ] GC(251) User=0.35s Sys=0.00s Real=0.36s
[2026-07-01T01:47:41.538+0000][81.497s][info][gc,start       ] GC(252) Pause Full (Allocation Failure)
[2026-07-01T01:47:41.538+0000][81.497s][info][gc,phases,start] GC(252) Phase 1: Mark live objects
[2026-07-01T01:47:41.782+0000][81.742s][info][gc,phases      ] GC(252) Phase 1: Mark live objects 244.544ms
[2026-07-01T01:47:41.782+0000][81.742s][info][gc,phases,start] GC(252) Phase 2: Compute new object addresses
[2026-07-01T01:47:41.855+0000][81.815s][info][gc,phases      ] GC(252) Phase 2: Compute new object addresses 72.893ms
[2026-07-01T01:47:41.855+0000][81.815s][info][gc,phases,start] GC(252) Phase 3: Adjust pointers
[2026-07-01T01:47:41.939+0000][81.898s][info][gc,phases      ] GC(252) Phase 3: Adjust pointers 83.355ms
[2026-07-01T01:47:41.939+0000][81.898s][info][gc,phases,start] GC(252) Phase 4: Move objects
[2026-07-01T01:47:41.940+0000][81.899s][info][gc,phases      ] GC(252) Phase 4: Move objects 0.873ms
[2026-07-01T01:47:41.940+0000][81.900s][info][gc,heap        ] GC(252) DefNew: 78655K(78656K)->2537K(78656K) Eden: 69952K(69952K)->2537K(69952K) From: 8703K(8704K)->0K(8704K)
[2026-07-01T01:47:41.940+0000][81.900s][info][gc,heap        ] GC(252) Tenured: 174784K(174784K)->174784K(174784K)
[2026-07-01T01:47:41.940+0000][81.900s][info][gc,metaspace   ] GC(252) Metaspace: 41742K(42560K)->41742K(42560K) NonClass: 36600K(36992K)->36600K(36992K) Class: 5142K(5568K)->5142K(5568K)
[2026-07-01T01:47:41.940+0000][81.900s][info][gc             ] GC(252) Pause Full (Allocation Failure) 247M->173M(247M) 402.206ms
[2026-07-01T01:47:41.940+0000][81.900s][info][gc,cpu         ] GC(252) User=0.34s Sys=0.00s Real=0.41s
[2026-07-01T01:47:42.530+0000][82.490s][info][gc,start       ] GC(253) Pause Full (Allocation Failure)
[2026-07-01T01:47:42.531+0000][82.490s][info][gc,phases,start] GC(253) Phase 1: Mark live objects
[2026-07-01T01:47:42.658+0000][82.617s][info][gc,phases      ] GC(253) Phase 1: Mark live objects 127.111ms
[2026-07-01T01:47:42.658+0000][82.617s][info][gc,phases,start] GC(253) Phase 2: Compute new object addresses
[2026-07-01T01:47:42.710+0000][82.670s][info][gc,phases      ] GC(253) Phase 2: Compute new object addresses 52.405ms
[2026-07-01T01:47:42.710+0000][82.670s][info][gc,phases,start] GC(253) Phase 3: Adjust pointers
[2026-07-01T01:47:42.773+0000][82.732s][info][gc,phases      ] GC(253) Phase 3: Adjust pointers 62.606ms
[2026-07-01T01:47:42.773+0000][82.732s][info][gc,phases,start] GC(253) Phase 4: Move objects
[2026-07-01T01:47:42.804+0000][82.764s][info][gc,phases      ] GC(253) Phase 4: Move objects 31.612ms
[2026-07-01T01:47:42.805+0000][82.764s][info][gc,heap        ] GC(253) DefNew: 78655K(78656K)->232K(78656K) Eden: 69952K(69952K)->232K(69952K) From: 8703K(8704K)->0K(8704K)
[2026-07-01T01:47:42.805+0000][82.764s][info][gc,heap        ] GC(253) Tenured: 174784K(174784K)->174783K(174784K)
[2026-07-01T01:47:42.805+0000][82.764s][info][gc,metaspace   ] GC(253) Metaspace: 41742K(42560K)->41742K(42560K) NonClass: 36600K(36992K)->36600K(36992K) Class: 5142K(5568K)->5142K(5568K)
[2026-07-01T01:47:42.805+0000][82.764s][info][gc             ] GC(253) Pause Full (Allocation Failure) 247M->170M(247M) 274.255ms
[2026-07-01T01:47:42.805+0000][82.764s][info][gc,cpu         ] GC(253) User=0.27s Sys=0.00s Real=0.27s
[2026-07-01T01:47:43.222+0000][83.182s][info][gc,start       ] GC(254) Pause Full (Allocation Failure)
[2026-07-01T01:47:43.222+0000][83.182s][info][gc,phases,start] GC(254) Phase 1: Mark live objects
[2026-07-01T01:47:43.345+0000][83.305s][info][gc,phases      ] GC(254) Phase 1: Mark live objects 122.982ms
[2026-07-01T01:47:43.345+0000][83.305s][info][gc,phases,start] GC(254) Phase 2: Compute new object addresses
[2026-07-01T01:47:43.399+0000][83.358s][info][gc,phases      ] GC(254) Phase 2: Compute new object addresses 53.374ms
[2026-07-01T01:47:43.399+0000][83.358s][info][gc,phases,start] GC(254) Phase 3: Adjust pointers
[2026-07-01T01:47:43.459+0000][83.418s][info][gc,phases      ] GC(254) Phase 3: Adjust pointers 59.756ms
[2026-07-01T01:47:43.459+0000][83.418s][info][gc,phases,start] GC(254) Phase 4: Move objects
[2026-07-01T01:47:43.459+0000][83.419s][info][gc,phases      ] GC(254) Phase 4: Move objects 0.623ms
[2026-07-01T01:47:43.459+0000][83.419s][info][gc,heap        ] GC(254) DefNew: 78655K(78656K)->1172K(78656K) Eden: 69952K(69952K)->1172K(69952K) From: 8703K(8704K)->0K(8704K)
[2026-07-01T01:47:43.460+0000][83.419s][info][gc,heap        ] GC(254) Tenured: 174783K(174784K)->174783K(174784K)
[2026-07-01T01:47:43.460+0000][83.419s][info][gc,metaspace   ] GC(254) Metaspace: 41746K(42560K)->41746K(42560K) NonClass: 36603K(36992K)->36603K(36992K) Class: 5142K(5568K)->5142K(5568K)
[2026-07-01T01:47:43.460+0000][83.419s][info][gc             ] GC(254) Pause Full (Allocation Failure) 247M->171M(247M) 237.233ms
[2026-07-01T01:47:43.460+0000][83.419s][info][gc,cpu         ] GC(254) User=0.23s Sys=0.00s Real=0.24s
[2026-07-01T01:47:43.862+0000][83.821s][info][gc,start       ] GC(255) Pause Full (Allocation Failure)
[2026-07-01T01:47:43.862+0000][83.821s][info][gc,phases,start] GC(255) Phase 1: Mark live objects
[2026-07-01T01:47:43.984+0000][83.944s][info][gc,phases      ] GC(255) Phase 1: Mark live objects 122.661ms
[2026-07-01T01:47:43.984+0000][83.944s][info][gc,phases,start] GC(255) Phase 2: Compute new object addresses
[2026-07-01T01:47:44.038+0000][83.997s][info][gc,phases      ] GC(255) Phase 2: Compute new object addresses 53.421ms
[2026-07-01T01:47:44.038+0000][83.997s][info][gc,phases,start] GC(255) Phase 3: Adjust pointers
[2026-07-01T01:47:44.097+0000][84.057s][info][gc,phases      ] GC(255) Phase 3: Adjust pointers 59.271ms
[2026-07-01T01:47:44.097+0000][84.057s][info][gc,phases,start] GC(255) Phase 4: Move objects
[2026-07-01T01:47:44.098+0000][84.058s][info][gc,phases      ] GC(255) Phase 4: Move objects 0.755ms
[2026-07-01T01:47:44.098+0000][84.058s][info][gc,heap        ] GC(255) DefNew: 78656K(78656K)->2409K(78656K) Eden: 69952K(69952K)->2409K(69952K) From: 8704K(8704K)->0K(8704K)
[2026-07-01T01:47:44.098+0000][84.058s][info][gc,heap        ] GC(255) Tenured: 174783K(174784K)->174783K(174784K)
[2026-07-01T01:47:44.098+0000][84.058s][info][gc,metaspace   ] GC(255) Metaspace: 41746K(42560K)->41746K(42560K) NonClass: 36603K(36992K)->36603K(36992K) Class: 5142K(5568K)->5142K(5568K)
[2026-07-01T01:47:44.098+0000][84.058s][info][gc             ] GC(255) Pause Full (Allocation Failure) 247M->173M(247M) 236.610ms
[2026-07-01T01:47:44.098+0000][84.058s][info][gc,cpu         ] GC(255) User=0.24s Sys=0.00s Real=0.24s
[2026-07-01T01:47:44.519+0000][84.479s][info][gc,start       ] GC(256) Pause Full (Allocation Failure)
[2026-07-01T01:47:44.519+0000][84.479s][info][gc,phases,start] GC(256) Phase 1: Mark live objects
[2026-07-01T01:47:44.645+0000][84.605s][info][gc,phases      ] GC(256) Phase 1: Mark live objects 125.552ms
[2026-07-01T01:47:44.645+0000][84.605s][info][gc,phases,start] GC(256) Phase 2: Compute new object addresses
[2026-07-01T01:47:44.698+0000][84.658s][info][gc,phases      ] GC(256) Phase 2: Compute new object addresses 53.126ms
[2026-07-01T01:47:44.698+0000][84.658s][info][gc,phases,start] GC(256) Phase 3: Adjust pointers
[2026-07-01T01:47:44.757+0000][84.716s][info][gc,phases      ] GC(256) Phase 3: Adjust pointers 58.571ms
[2026-07-01T01:47:44.757+0000][84.716s][info][gc,phases,start] GC(256) Phase 4: Move objects
[2026-07-01T01:47:44.758+0000][84.717s][info][gc,phases      ] GC(256) Phase 4: Move objects 0.878ms
[2026-07-01T01:47:44.758+0000][84.718s][info][gc,heap        ] GC(256) DefNew: 78656K(78656K)->2896K(78656K) Eden: 69952K(69952K)->2896K(69952K) From: 8704K(8704K)->0K(8704K)
[2026-07-01T01:47:44.758+0000][84.718s][info][gc,heap        ] GC(256) Tenured: 174783K(174784K)->174783K(174784K)
[2026-07-01T01:47:44.758+0000][84.718s][info][gc,metaspace   ] GC(256) Metaspace: 41747K(42560K)->41684K(42560K) NonClass: 36605K(36992K)->36560K(36992K) Class: 5142K(5568K)->5124K(5568K)
[2026-07-01T01:47:44.758+0000][84.718s][info][gc             ] GC(256) Pause Full (Allocation Failure) 247M->173M(247M) 238.639ms
[2026-07-01T01:47:44.758+0000][84.718s][info][gc,cpu         ] GC(256) User=0.24s Sys=0.00s Real=0.23s
[2026-07-01T01:47:45.142+0000][85.102s][info][gc,start       ] GC(257) Pause Full (Allocation Failure)
[2026-07-01T01:47:45.142+0000][85.102s][info][gc,phases,start] GC(257) Phase 1: Mark live objects
[2026-07-01T01:47:45.271+0000][85.231s][info][gc,phases      ] GC(257) Phase 1: Mark live objects 129.004ms
[2026-07-01T01:47:45.271+0000][85.231s][info][gc,phases,start] GC(257) Phase 2: Compute new object addresses
[2026-07-01T01:47:45.324+0000][85.283s][info][gc,phases      ] GC(257) Phase 2: Compute new object addresses 52.347ms
[2026-07-01T01:47:45.324+0000][85.283s][info][gc,phases,start] GC(257) Phase 3: Adjust pointers
[2026-07-01T01:47:45.388+0000][85.348s][info][gc,phases      ] GC(257) Phase 3: Adjust pointers 64.382ms
[2026-07-01T01:47:45.388+0000][85.348s][info][gc,phases,start] GC(257) Phase 4: Move objects
[2026-07-01T01:47:45.424+0000][85.383s][info][gc,phases      ] GC(257) Phase 4: Move objects 35.520ms
[2026-07-01T01:47:45.424+0000][85.383s][info][gc,heap        ] GC(257) DefNew: 78656K(78656K)->667K(78656K) Eden: 69952K(69952K)->667K(69952K) From: 8704K(8704K)->0K(8704K)
[2026-07-01T01:47:45.424+0000][85.383s][info][gc,heap        ] GC(257) Tenured: 174783K(174784K)->174779K(174784K)
[2026-07-01T01:47:45.424+0000][85.383s][info][gc,metaspace   ] GC(257) Metaspace: 41684K(42560K)->41571K(42560K) NonClass: 36560K(36992K)->36477K(36992K) Class: 5124K(5568K)->5093K(5568K)
[2026-07-01T01:47:45.424+0000][85.384s][info][gc             ] GC(257) Pause Full (Allocation Failure) 247M->171M(247M) 281.815ms
[2026-07-01T01:47:45.424+0000][85.384s][info][gc,cpu         ] GC(257) User=0.28s Sys=0.00s Real=0.28s
[2026-07-01T01:47:45.829+0000][85.788s][info][gc,start       ] GC(258) Pause Full (Allocation Failure)
[2026-07-01T01:47:45.829+0000][85.788s][info][gc,phases,start] GC(258) Phase 1: Mark live objects
[2026-07-01T01:47:45.954+0000][85.913s][info][gc,phases      ] GC(258) Phase 1: Mark live objects 124.990ms
[2026-07-01T01:47:45.954+0000][85.913s][info][gc,phases,start] GC(258) Phase 2: Compute new object addresses
[2026-07-01T01:47:46.007+0000][85.967s][info][gc,phases      ] GC(258) Phase 2: Compute new object addresses 53.468ms
[2026-07-01T01:47:46.007+0000][85.967s][info][gc,phases,start] GC(258) Phase 3: Adjust pointers
[2026-07-01T01:47:46.066+0000][86.026s][info][gc,phases      ] GC(258) Phase 3: Adjust pointers 58.774ms
[2026-07-01T01:47:46.066+0000][86.026s][info][gc,phases,start] GC(258) Phase 4: Move objects
[2026-07-01T01:47:46.067+0000][86.026s][info][gc,phases      ] GC(258) Phase 4: Move objects 0.591ms
[2026-07-01T01:47:46.067+0000][86.027s][info][gc,heap        ] GC(258) DefNew: 78655K(78656K)->1251K(78656K) Eden: 69952K(69952K)->1251K(69952K) From: 8703K(8704K)->0K(8704K)
[2026-07-01T01:47:46.067+0000][86.027s][info][gc,heap        ] GC(258) Tenured: 174783K(174784K)->174783K(174784K)
[2026-07-01T01:47:46.067+0000][86.027s][info][gc,metaspace   ] GC(258) Metaspace: 41571K(42560K)->41571K(42560K) NonClass: 36477K(36992K)->36477K(36992K) Class: 5093K(5568K)->5093K(5568K)
[2026-07-01T01:47:46.067+0000][86.027s][info][gc             ] GC(258) Pause Full (Allocation Failure) 247M->171M(247M) 238.328ms
[2026-07-01T01:47:46.067+0000][86.027s][info][gc,cpu         ] GC(258) User=0.24s Sys=0.00s Real=0.23s
[2026-07-01T01:47:46.478+0000][86.437s][info][gc,start       ] GC(259) Pause Full (Allocation Failure)
[2026-07-01T01:47:46.478+0000][86.437s][info][gc,phases,start] GC(259) Phase 1: Mark live objects
[2026-07-01T01:47:46.602+0000][86.562s][info][gc,phases      ] GC(259) Phase 1: Mark live objects 124.485ms
[2026-07-01T01:47:46.602+0000][86.562s][info][gc,phases,start] GC(259) Phase 2: Compute new object addresses
[2026-07-01T01:47:46.656+0000][86.615s][info][gc,phases      ] GC(259) Phase 2: Compute new object addresses 53.493ms
[2026-07-01T01:47:46.656+0000][86.615s][info][gc,phases,start] GC(259) Phase 3: Adjust pointers
[2026-07-01T01:47:46.714+0000][86.674s][info][gc,phases      ] GC(259) Phase 3: Adjust pointers 58.724ms
[2026-07-01T01:47:46.715+0000][86.674s][info][gc,phases,start] GC(259) Phase 4: Move objects
[2026-07-01T01:47:46.715+0000][86.675s][info][gc,phases      ] GC(259) Phase 4: Move objects 0.790ms
[2026-07-01T01:47:46.716+0000][86.675s][info][gc,heap        ] GC(259) DefNew: 78655K(78656K)->2394K(78656K) Eden: 69952K(69952K)->2394K(69952K) From: 8703K(8704K)->0K(8704K)
[2026-07-01T01:47:46.716+0000][86.675s][info][gc,heap        ] GC(259) Tenured: 174783K(174784K)->174783K(174784K)
[2026-07-01T01:47:46.716+0000][86.675s][info][gc,metaspace   ] GC(259) Metaspace: 41571K(42560K)->41571K(42560K) NonClass: 36477K(36992K)->36477K(36992K) Class: 5093K(5568K)->5093K(5568K)
[2026-07-01T01:47:46.716+0000][86.675s][info][gc             ] GC(259) Pause Full (Allocation Failure) 247M->173M(247M) 237.965ms
[2026-07-01T01:47:46.716+0000][86.675s][info][gc,cpu         ] GC(259) User=0.24s Sys=0.00s Real=0.24s
[2026-07-01T01:47:47.126+0000][87.086s][info][gc,start       ] GC(260) Pause Full (Allocation Failure)
[2026-07-01T01:47:47.126+0000][87.086s][info][gc,phases,start] GC(260) Phase 1: Mark live objects
[2026-07-01T01:47:47.257+0000][87.217s][info][gc,phases      ] GC(260) Phase 1: Mark live objects 131.060ms
[2026-07-01T01:47:47.257+0000][87.217s][info][gc,phases,start] GC(260) Phase 2: Compute new object addresses
[2026-07-01T01:47:47.311+0000][87.270s][info][gc,phases      ] GC(260) Phase 2: Compute new object addresses 53.405ms
[2026-07-01T01:47:47.311+0000][87.270s][info][gc,phases,start] GC(260) Phase 3: Adjust pointers
[2026-07-01T01:47:47.370+0000][87.330s][info][gc,phases      ] GC(260) Phase 3: Adjust pointers 59.305ms
[2026-07-01T01:47:47.370+0000][87.330s][info][gc,phases,start] GC(260) Phase 4: Move objects
[2026-07-01T01:47:47.371+0000][87.330s][info][gc,phases      ] GC(260) Phase 4: Move objects 0.882ms
[2026-07-01T01:47:47.371+0000][87.331s][info][gc,heap        ] GC(260) DefNew: 78655K(78656K)->2773K(78656K) Eden: 69952K(69952K)->2773K(69952K) From: 8703K(8704K)->0K(8704K)
[2026-07-01T01:47:47.371+0000][87.331s][info][gc,heap        ] GC(260) Tenured: 174783K(174784K)->174783K(174784K)
[2026-07-01T01:47:47.371+0000][87.331s][info][gc,metaspace   ] GC(260) Metaspace: 41571K(42560K)->41333K(42560K) NonClass: 36477K(36992K)->36305K(36992K) Class: 5093K(5568K)->5027K(5568K)
[2026-07-01T01:47:47.371+0000][87.331s][info][gc             ] GC(260) Pause Full (Allocation Failure) 247M->173M(247M) 245.309ms
[2026-07-01T01:47:47.371+0000][87.331s][info][gc,cpu         ] GC(260) User=0.24s Sys=0.00s Real=0.25s
[2026-07-01T01:47:47.760+0000][87.720s][info][gc,start       ] GC(261) Pause Full (Allocation Failure)
[2026-07-01T01:47:47.760+0000][87.720s][info][gc,phases,start] GC(261) Phase 1: Mark live objects
[2026-07-01T01:47:47.882+0000][87.842s][info][gc,phases      ] GC(261) Phase 1: Mark live objects 122.241ms
[2026-07-01T01:47:47.882+0000][87.842s][info][gc,phases,start] GC(261) Phase 2: Compute new object addresses
[2026-07-01T01:47:47.935+0000][87.894s][info][gc,phases      ] GC(261) Phase 2: Compute new object addresses 52.388ms
[2026-07-01T01:47:47.935+0000][87.895s][info][gc,phases,start] GC(261) Phase 3: Adjust pointers
[2026-07-01T01:47:47.999+0000][87.959s][info][gc,phases      ] GC(261) Phase 3: Adjust pointers 64.489ms
[2026-07-01T01:47:47.999+0000][87.959s][info][gc,phases,start] GC(261) Phase 4: Move objects
[2026-07-01T01:47:48.036+0000][87.996s][info][gc,phases      ] GC(261) Phase 4: Move objects 36.455ms
[2026-07-01T01:47:48.036+0000][87.996s][info][gc,heap        ] GC(261) DefNew: 78655K(78656K)->0K(78656K) Eden: 69952K(69952K)->0K(69952K) From: 8703K(8704K)->0K(8704K)
[2026-07-01T01:47:48.036+0000][87.996s][info][gc,heap        ] GC(261) Tenured: 174783K(174784K)->174359K(174784K)
[2026-07-01T01:47:48.036+0000][87.996s][info][gc,metaspace   ] GC(261) Metaspace: 41333K(42560K)->41333K(42560K) NonClass: 36305K(36992K)->36305K(36992K) Class: 5027K(5568K)->5027K(5568K)
[2026-07-01T01:47:48.036+0000][87.996s][info][gc             ] GC(261) Pause Full (Allocation Failure) 247M->170M(247M) 276.099ms
[2026-07-01T01:47:48.036+0000][87.996s][info][gc,cpu         ] GC(261) User=0.28s Sys=0.00s Real=0.27s
[2026-07-01T01:47:48.353+0000][88.312s][info][gc,start       ] GC(262) Pause Young (Allocation Failure)
[2026-07-01T01:47:48.353+0000][88.312s][info][gc             ] GC(262) Pause Young (Allocation Failure) 238M->238M(247M) 0.085ms
[2026-07-01T01:47:48.353+0000][88.312s][info][gc,cpu         ] GC(262) User=0.00s Sys=0.00s Real=0.00s
[2026-07-01T01:47:48.353+0000][88.312s][info][gc,start       ] GC(263) Pause Full (Allocation Failure)
[2026-07-01T01:47:48.353+0000][88.312s][info][gc,phases,start] GC(263) Phase 1: Mark live objects
[2026-07-01T01:47:48.477+0000][88.436s][info][gc,phases      ] GC(263) Phase 1: Mark live objects 123.791ms
[2026-07-01T01:47:48.477+0000][88.436s][info][gc,phases,start] GC(263) Phase 2: Compute new object addresses
[2026-07-01T01:47:48.528+0000][88.487s][info][gc,phases      ] GC(263) Phase 2: Compute new object addresses 51.056ms
[2026-07-01T01:47:48.528+0000][88.487s][info][gc,phases,start] GC(263) Phase 3: Adjust pointers
[2026-07-01T01:47:48.586+0000][88.546s][info][gc,phases      ] GC(263) Phase 3: Adjust pointers 58.384ms
[2026-07-01T01:47:48.586+0000][88.546s][info][gc,phases,start] GC(263) Phase 4: Move objects
[2026-07-01T01:47:48.587+0000][88.546s][info][gc,phases      ] GC(263) Phase 4: Move objects 0.560ms
[2026-07-01T01:47:48.587+0000][88.547s][info][gc,heap        ] GC(263) DefNew: 69952K(78656K)->1189K(78656K) Eden: 69952K(69952K)->1189K(69952K) From: 0K(8704K)->0K(8704K)
[2026-07-01T01:47:48.587+0000][88.547s][info][gc,heap        ] GC(263) Tenured: 174359K(174784K)->174783K(174784K)
[2026-07-01T01:47:48.587+0000][88.547s][info][gc,metaspace   ] GC(263) Metaspace: 41333K(42560K)->41333K(42560K) NonClass: 36306K(36992K)->36306K(36992K) Class: 5027K(5568K)->5027K(5568K)
[2026-07-01T01:47:48.587+0000][88.547s][info][gc             ] GC(263) Pause Full (Allocation Failure) 238M->171M(247M) 234.159ms
[2026-07-01T01:47:48.587+0000][88.547s][info][gc,cpu         ] GC(263) User=0.23s Sys=0.00s Real=0.23s
[2026-07-01T01:47:48.963+0000][88.923s][info][gc,start       ] GC(264) Pause Full (Allocation Failure)
[2026-07-01T01:47:48.963+0000][88.923s][info][gc,phases,start] GC(264) Phase 1: Mark live objects
[2026-07-01T01:47:49.087+0000][89.047s][info][gc,phases      ] GC(264) Phase 1: Mark live objects 123.964ms
[2026-07-01T01:47:49.087+0000][89.047s][info][gc,phases,start] GC(264) Phase 2: Compute new object addresses
[2026-07-01T01:47:49.141+0000][89.100s][info][gc,phases      ] GC(264) Phase 2: Compute new object addresses 53.413ms
[2026-07-01T01:47:49.141+0000][89.100s][info][gc,phases,start] GC(264) Phase 3: Adjust pointers
[2026-07-01T01:47:49.199+0000][89.159s][info][gc,phases      ] GC(264) Phase 3: Adjust pointers 58.511ms
[2026-07-01T01:47:49.199+0000][89.159s][info][gc,phases,start] GC(264) Phase 4: Move objects
[2026-07-01T01:47:49.200+0000][89.159s][info][gc,phases      ] GC(264) Phase 4: Move objects 0.697ms
[2026-07-01T01:47:49.200+0000][89.160s][info][gc,heap        ] GC(264) DefNew: 78655K(78656K)->1855K(78656K) Eden: 69952K(69952K)->1855K(69952K) From: 8703K(8704K)->0K(8704K)
[2026-07-01T01:47:49.200+0000][89.160s][info][gc,heap        ] GC(264) Tenured: 174783K(174784K)->174783K(174784K)
[2026-07-01T01:47:49.200+0000][89.160s][info][gc,metaspace   ] GC(264) Metaspace: 41334K(42560K)->41334K(42560K) NonClass: 36306K(36992K)->36306K(36992K) Class: 5027K(5568K)->5027K(5568K)
[2026-07-01T01:47:49.200+0000][89.160s][info][gc             ] GC(264) Pause Full (Allocation Failure) 247M->172M(247M) 237.057ms
[2026-07-01T01:47:49.200+0000][89.160s][info][gc,cpu         ] GC(264) User=0.23s Sys=0.00s Real=0.24s
[2026-07-01T01:47:49.584+0000][89.544s][info][gc,start       ] GC(265) Pause Full (Allocation Failure)
[2026-07-01T01:47:49.584+0000][89.544s][info][gc,phases,start] GC(265) Phase 1: Mark live objects
[2026-07-01T01:47:49.710+0000][89.670s][info][gc,phases      ] GC(265) Phase 1: Mark live objects 125.802ms
[2026-07-01T01:47:49.710+0000][89.670s][info][gc,phases,start] GC(265) Phase 2: Compute new object addresses
[2026-07-01T01:47:49.764+0000][89.723s][info][gc,phases      ] GC(265) Phase 2: Compute new object addresses 53.631ms
[2026-07-01T01:47:49.764+0000][89.723s][info][gc,phases,start] GC(265) Phase 3: Adjust pointers
[2026-07-01T01:47:49.822+0000][89.782s][info][gc,phases      ] GC(265) Phase 3: Adjust pointers 58.696ms
[2026-07-01T01:47:49.822+0000][89.782s][info][gc,phases,start] GC(265) Phase 4: Move objects
[2026-07-01T01:47:49.823+0000][89.783s][info][gc,phases      ] GC(265) Phase 4: Move objects 0.840ms
[2026-07-01T01:47:49.824+0000][89.783s][info][gc,heap        ] GC(265) DefNew: 78656K(78656K)->2606K(78656K) Eden: 69952K(69952K)->2606K(69952K) From: 8704K(8704K)->0K(8704K)
[2026-07-01T01:47:49.824+0000][89.783s][info][gc,heap        ] GC(265) Tenured: 174783K(174784K)->174783K(174784K)
[2026-07-01T01:47:49.824+0000][89.783s][info][gc,metaspace   ] GC(265) Metaspace: 41334K(42560K)->41334K(42560K) NonClass: 36306K(36992K)->36306K(36992K) Class: 5027K(5568K)->5027K(5568K)
[2026-07-01T01:47:49.824+0000][89.783s][info][gc             ] GC(265) Pause Full (Allocation Failure) 247M->173M(247M) 239.412ms
[2026-07-01T01:47:49.824+0000][89.783s][info][gc,cpu         ] GC(265) User=0.24s Sys=0.00s Real=0.24s
[2026-07-01T01:47:50.215+0000][90.174s][info][gc,start       ] GC(266) Pause Full (Allocation Failure)
[2026-07-01T01:47:50.215+0000][90.174s][info][gc,phases,start] GC(266) Phase 1: Mark live objects
[2026-07-01T01:47:50.339+0000][90.299s][info][gc,phases      ] GC(266) Phase 1: Mark live objects 124.433ms
[2026-07-01T01:47:50.339+0000][90.299s][info][gc,phases,start] GC(266) Phase 2: Compute new object addresses
[2026-07-01T01:47:50.392+0000][90.351s][info][gc,phases      ] GC(266) Phase 2: Compute new object addresses 52.578ms
[2026-07-01T01:47:50.392+0000][90.351s][info][gc,phases,start] GC(266) Phase 3: Adjust pointers
[2026-07-01T01:47:50.456+0000][90.415s][info][gc,phases      ] GC(266) Phase 3: Adjust pointers 64.151ms
[2026-07-01T01:47:50.456+0000][90.415s][info][gc,phases,start] GC(266) Phase 4: Move objects
[2026-07-01T01:47:50.488+0000][90.448s][info][gc,phases      ] GC(266) Phase 4: Move objects 32.438ms
[2026-07-01T01:47:50.489+0000][90.448s][info][gc,heap        ] GC(266) DefNew: 78655K(78656K)->489K(78656K) Eden: 69952K(69952K)->489K(69952K) From: 8703K(8704K)->0K(8704K)
[2026-07-01T01:47:50.489+0000][90.448s][info][gc,heap        ] GC(266) Tenured: 174783K(174784K)->174783K(174784K)
[2026-07-01T01:47:50.489+0000][90.448s][info][gc,metaspace   ] GC(266) Metaspace: 41334K(42560K)->41334K(42560K) NonClass: 36306K(36992K)->36306K(36992K) Class: 5027K(5568K)->5027K(5568K)
[2026-07-01T01:47:50.489+0000][90.448s][info][gc             ] GC(266) Pause Full (Allocation Failure) 247M->171M(247M) 274.098ms
[2026-07-01T01:47:50.489+0000][90.448s][info][gc,cpu         ] GC(266) User=0.27s Sys=0.00s Real=0.28s
[2026-07-01T01:47:50.894+0000][90.853s][info][gc,start       ] GC(267) Pause Full (Allocation Failure)
[2026-07-01T01:47:50.894+0000][90.853s][info][gc,phases,start] GC(267) Phase 1: Mark live objects
[2026-07-01T01:47:51.029+0000][90.989s][info][gc,phases      ] GC(267) Phase 1: Mark live objects 135.538ms
[2026-07-01T01:47:51.029+0000][90.989s][info][gc,phases,start] GC(267) Phase 2: Compute new object addresses
[2026-07-01T01:47:51.101+0000][91.060s][info][gc,phases      ] GC(267) Phase 2: Compute new object addresses 71.441ms
[2026-07-01T01:47:51.101+0000][91.060s][info][gc,phases,start] GC(267) Phase 3: Adjust pointers
[2026-07-01T01:47:51.185+0000][91.145s][info][gc,phases      ] GC(267) Phase 3: Adjust pointers 84.454ms
[2026-07-01T01:47:51.185+0000][91.145s][info][gc,phases,start] GC(267) Phase 4: Move objects
[2026-07-01T01:47:51.186+0000][91.146s][info][gc,phases      ] GC(267) Phase 4: Move objects 0.726ms
[2026-07-01T01:47:51.186+0000][91.146s][info][gc,heap        ] GC(267) DefNew: 78656K(78656K)->1146K(78656K) Eden: 69952K(69952K)->1146K(69952K) From: 8704K(8704K)->0K(8704K)
[2026-07-01T01:47:51.186+0000][91.146s][info][gc,heap        ] GC(267) Tenured: 174783K(174784K)->174783K(174784K)
[2026-07-01T01:47:51.186+0000][91.146s][info][gc,metaspace   ] GC(267) Metaspace: 41334K(42560K)->41334K(42560K) NonClass: 36306K(36992K)->36306K(36992K) Class: 5027K(5568K)->5027K(5568K)
[2026-07-01T01:47:51.186+0000][91.146s][info][gc             ] GC(267) Pause Full (Allocation Failure) 247M->171M(247M) 292.684ms
[2026-07-01T01:47:51.186+0000][91.146s][info][gc,cpu         ] GC(267) User=0.29s Sys=0.00s Real=0.29s
[2026-07-01T01:47:51.749+0000][91.709s][info][gc,start       ] GC(268) Pause Full (Allocation Failure)
[2026-07-01T01:47:51.749+0000][91.709s][info][gc,phases,start] GC(268) Phase 1: Mark live objects
[2026-07-01T01:47:51.945+0000][91.904s][info][gc,phases      ] GC(268) Phase 1: Mark live objects 195.761ms
[2026-07-01T01:47:51.945+0000][91.904s][info][gc,phases,start] GC(268) Phase 2: Compute new object addresses
[2026-07-01T01:47:52.018+0000][91.978s][info][gc,phases      ] GC(268) Phase 2: Compute new object addresses 73.474ms
[2026-07-01T01:47:52.018+0000][91.978s][info][gc,phases,start] GC(268) Phase 3: Adjust pointers
[2026-07-01T01:47:52.104+0000][92.063s][info][gc,phases      ] GC(268) Phase 3: Adjust pointers 85.200ms
[2026-07-01T01:47:52.104+0000][92.063s][info][gc,phases,start] GC(268) Phase 4: Move objects
[2026-07-01T01:47:52.104+0000][92.064s][info][gc,phases      ] GC(268) Phase 4: Move objects 0.843ms
[2026-07-01T01:47:52.105+0000][92.064s][info][gc,heap        ] GC(268) DefNew: 78656K(78656K)->2370K(78656K) Eden: 69952K(69952K)->2370K(69952K) From: 8704K(8704K)->0K(8704K)
[2026-07-01T01:47:52.105+0000][92.064s][info][gc,heap        ] GC(268) Tenured: 174783K(174784K)->174783K(174784K)
[2026-07-01T01:47:52.105+0000][92.064s][info][gc,metaspace   ] GC(268) Metaspace: 41334K(42560K)->41334K(42560K) NonClass: 36306K(36992K)->36306K(36992K) Class: 5027K(5568K)->5027K(5568K)
[2026-07-01T01:47:52.105+0000][92.064s][info][gc             ] GC(268) Pause Full (Allocation Failure) 247M->173M(247M) 355.799ms
[2026-07-01T01:47:52.105+0000][92.064s][info][gc,cpu         ] GC(268) User=0.35s Sys=0.00s Real=0.35s
[2026-07-01T01:47:52.620+0000][92.580s][info][gc,start       ] GC(269) Pause Full (Allocation Failure)
[2026-07-01T01:47:52.620+0000][92.580s][info][gc,phases,start] GC(269) Phase 1: Mark live objects
[2026-07-01T01:47:52.819+0000][92.778s][info][gc,phases      ] GC(269) Phase 1: Mark live objects 198.510ms
[2026-07-01T01:47:52.819+0000][92.778s][info][gc,phases,start] GC(269) Phase 2: Compute new object addresses
[2026-07-01T01:47:52.893+0000][92.853s][info][gc,phases      ] GC(269) Phase 2: Compute new object addresses 74.421ms
[2026-07-01T01:47:52.893+0000][92.853s][info][gc,phases,start] GC(269) Phase 3: Adjust pointers
[2026-07-01T01:47:52.978+0000][92.938s][info][gc,phases      ] GC(269) Phase 3: Adjust pointers 85.005ms
[2026-07-01T01:47:52.978+0000][92.938s][info][gc,phases,start] GC(269) Phase 4: Move objects
[2026-07-01T01:47:52.979+0000][92.939s][info][gc,phases      ] GC(269) Phase 4: Move objects 0.938ms
[2026-07-01T01:47:52.979+0000][92.939s][info][gc,heap        ] GC(269) DefNew: 78656K(78656K)->2876K(78656K) Eden: 69952K(69952K)->2876K(69952K) From: 8704K(8704K)->0K(8704K)
[2026-07-01T01:47:52.979+0000][92.939s][info][gc,heap        ] GC(269) Tenured: 174783K(174784K)->174783K(174784K)
[2026-07-01T01:47:52.979+0000][92.939s][info][gc,metaspace   ] GC(269) Metaspace: 41351K(42560K)->41351K(42560K) NonClass: 36323K(36992K)->36323K(36992K) Class: 5027K(5568K)->5027K(5568K)
[2026-07-01T01:47:52.979+0000][92.939s][info][gc             ] GC(269) Pause Full (Allocation Failure) 247M->173M(247M) 359.412ms
[2026-07-01T01:47:52.979+0000][92.939s][info][gc,cpu         ] GC(269) User=0.36s Sys=0.01s Real=0.36s
[2026-07-01T01:47:53.515+0000][93.475s][info][gc,start       ] GC(270) Pause Full (Allocation Failure)
[2026-07-01T01:47:53.515+0000][93.475s][info][gc,phases,start] GC(270) Phase 1: Mark live objects
[2026-07-01T01:47:53.710+0000][93.670s][info][gc,phases      ] GC(270) Phase 1: Mark live objects 195.309ms
[2026-07-01T01:47:53.710+0000][93.670s][info][gc,phases,start] GC(270) Phase 2: Compute new object addresses
[2026-07-01T01:47:53.782+0000][93.742s][info][gc,phases      ] GC(270) Phase 2: Compute new object addresses 72.056ms
[2026-07-01T01:47:53.783+0000][93.742s][info][gc,phases,start] GC(270) Phase 3: Adjust pointers
[2026-07-01T01:47:53.882+0000][93.842s][info][gc,phases      ] GC(270) Phase 3: Adjust pointers 99.500ms
[2026-07-01T01:47:53.882+0000][93.842s][info][gc,phases,start] GC(270) Phase 4: Move objects
[2026-07-01T01:47:53.922+0000][93.882s][info][gc,phases      ] GC(270) Phase 4: Move objects 40.264ms
[2026-07-01T01:47:53.923+0000][93.882s][info][gc,heap        ] GC(270) DefNew: 78655K(78656K)->1079K(78656K) Eden: 69952K(69952K)->1079K(69952K) From: 8703K(8704K)->0K(8704K)
[2026-07-01T01:47:53.923+0000][93.882s][info][gc,heap        ] GC(270) Tenured: 174783K(174784K)->174782K(174784K)
[2026-07-01T01:47:53.923+0000][93.882s][info][gc,metaspace   ] GC(270) Metaspace: 41351K(42560K)->41351K(42560K) NonClass: 36323K(36992K)->36323K(36992K) Class: 5027K(5568K)->5027K(5568K)
[2026-07-01T01:47:53.923+0000][93.882s][info][gc             ] GC(270) Pause Full (Allocation Failure) 247M->171M(247M) 407.706ms
[2026-07-01T01:47:53.923+0000][93.882s][info][gc,cpu         ] GC(270) User=0.40s Sys=0.00s Real=0.41s
[2026-07-01T01:47:54.444+0000][94.404s][info][gc,start       ] GC(271) Pause Full (Allocation Failure)
[2026-07-01T01:47:54.444+0000][94.404s][info][gc,phases,start] GC(271) Phase 1: Mark live objects
[2026-07-01T01:47:54.578+0000][94.538s][info][gc,phases      ] GC(271) Phase 1: Mark live objects 133.832ms
[2026-07-01T01:47:54.578+0000][94.538s][info][gc,phases,start] GC(271) Phase 2: Compute new object addresses
[2026-07-01T01:47:54.632+0000][94.592s][info][gc,phases      ] GC(271) Phase 2: Compute new object addresses 53.904ms
[2026-07-01T01:47:54.632+0000][94.592s][info][gc,phases,start] GC(271) Phase 3: Adjust pointers
[2026-07-01T01:47:54.692+0000][94.651s][info][gc,phases      ] GC(271) Phase 3: Adjust pointers 59.252ms
[2026-07-01T01:47:54.692+0000][94.651s][info][gc,phases,start] GC(271) Phase 4: Move objects
[2026-07-01T01:47:54.692+0000][94.652s][info][gc,phases      ] GC(271) Phase 4: Move objects 0.687ms
[2026-07-01T01:47:54.693+0000][94.652s][info][gc,heap        ] GC(271) DefNew: 78656K(78656K)->2043K(78656K) Eden: 69952K(69952K)->2043K(69952K) From: 8704K(8704K)->0K(8704K)
[2026-07-01T01:47:54.693+0000][94.652s][info][gc,heap        ] GC(271) Tenured: 174783K(174784K)->174783K(174784K)
[2026-07-01T01:47:54.693+0000][94.652s][info][gc,metaspace   ] GC(271) Metaspace: 41351K(42560K)->41351K(42560K) NonClass: 36323K(36992K)->36323K(36992K) Class: 5027K(5568K)->5027K(5568K)
[2026-07-01T01:47:54.693+0000][94.652s][info][gc             ] GC(271) Pause Full (Allocation Failure) 247M->172M(247M) 248.149ms
[2026-07-01T01:47:54.693+0000][94.652s][info][gc,cpu         ] GC(271) User=0.24s Sys=0.00s Real=0.25s
