[2026-07-01T01:49:31.609+0000][0.011s][info][gc,init] CardTable entry size: 512
[2026-07-01T01:49:31.610+0000][0.011s][info][gc     ] Using G1
[2026-07-01T01:49:31.610+0000][0.012s][info][gc,init] Version: 21.0.11+10-LTS (release)
[2026-07-01T01:49:31.610+0000][0.012s][info][gc,init] CPUs: 4 total, 2 available
[2026-07-01T01:49:31.610+0000][0.012s][info][gc,init] Memory: 1024M
[2026-07-01T01:49:31.610+0000][0.012s][info][gc,init] Large Page Support: Disabled
[2026-07-01T01:49:31.610+0000][0.012s][info][gc,init] NUMA Support: Disabled
[2026-07-01T01:49:31.611+0000][0.012s][info][gc,init] Compressed Oops: Enabled (32-bit)
[2026-07-01T01:49:31.611+0000][0.012s][info][gc,init] Heap Region Size: 1M
[2026-07-01T01:49:31.611+0000][0.012s][info][gc,init] Heap Min Capacity: 8M
[2026-07-01T01:49:31.611+0000][0.012s][info][gc,init] Heap Initial Capacity: 16M
[2026-07-01T01:49:31.611+0000][0.012s][info][gc,init] Heap Max Capacity: 730M
[2026-07-01T01:49:31.611+0000][0.012s][info][gc,init] Pre-touch: Disabled
[2026-07-01T01:49:31.611+0000][0.012s][info][gc,init] Parallel Workers: 2
[2026-07-01T01:49:31.611+0000][0.012s][info][gc,init] Concurrent Workers: 1
[2026-07-01T01:49:31.611+0000][0.012s][info][gc,init] Concurrent Refinement Workers: 2
[2026-07-01T01:49:31.611+0000][0.012s][info][gc,init] Periodic GC: Enabled
[2026-07-01T01:49:31.611+0000][0.012s][info][gc,init] Periodic GC Interval: 10000ms
[2026-07-01T01:49:31.611+0000][0.012s][info][gc,init] G1 Time-Based Heap Sizing enabled (uncommit-only)
[2026-07-01T01:49:31.611+0000][0.012s][info][gc,init]   evaluation_interval=60000ms, uncommit_delay=300000ms, min_regions_to_uncommit=10
[2026-07-01T01:49:31.618+0000][0.019s][info][gc,metaspace] CDS archive(s) mapped at: [0x00007e55f7000000-0x00007e55f7c9b000-0x00007e55f7c9b000), size 13217792, SharedBaseAddress: 0x00007e55f7000000, ArchiveRelocationMode: 1.
[2026-07-01T01:49:31.618+0000][0.019s][info][gc,metaspace] Compressed class space mapped at: 0x00007e55f8000000-0x00007e5638000000, reserved size: 1073741824
[2026-07-01T01:49:31.618+0000][0.019s][info][gc,metaspace] Narrow klass base: 0x00007e55f7000000, Narrow klass shift: 0, Narrow klass range: 0x100000000
[2026-07-01T01:49:32.076+0000][0.478s][info][gc,start    ] GC(0) Pause Young (Normal) (G1 Evacuation Pause)
[2026-07-01T01:49:32.076+0000][0.478s][info][gc,task     ] GC(0) Using 2 workers of 2 for evacuation
[2026-07-01T01:49:32.078+0000][0.480s][info][gc,phases   ] GC(0)   Pre Evacuate Collection Set: 0.04ms
[2026-07-01T01:49:32.078+0000][0.480s][info][gc,phases   ] GC(0)   Merge Heap Roots: 0.04ms
[2026-07-01T01:49:32.078+0000][0.480s][info][gc,phases   ] GC(0)   Evacuate Collection Set: 1.57ms
[2026-07-01T01:49:32.078+0000][0.480s][info][gc,phases   ] GC(0)   Post Evacuate Collection Set: 0.36ms
[2026-07-01T01:49:32.078+0000][0.480s][info][gc,phases   ] GC(0)   Other: 0.19ms
[2026-07-01T01:49:32.078+0000][0.480s][info][gc,heap     ] GC(0) Eden regions: 6->0(8)
[2026-07-01T01:49:32.078+0000][0.480s][info][gc,heap     ] GC(0) Survivor regions: 0->1(1)
[2026-07-01T01:49:32.078+0000][0.480s][info][gc,heap     ] GC(0) Old regions: 2->2
[2026-07-01T01:49:32.078+0000][0.480s][info][gc,heap     ] GC(0) Humongous regions: 0->0
[2026-07-01T01:49:32.078+0000][0.480s][info][gc,metaspace] GC(0) Metaspace: 1713K(1984K)->1713K(1984K) NonClass: 1525K(1664K)->1525K(1664K) Class: 187K(320K)->187K(320K)
[2026-07-01T01:49:32.078+0000][0.480s][info][gc          ] GC(0) Pause Young (Normal) (G1 Evacuation Pause) 7M->1M(18M) 2.373ms
[2026-07-01T01:49:32.078+0000][0.480s][info][gc,cpu      ] GC(0) User=0.01s Sys=0.01s Real=0.01s
[2026-07-01T01:49:32.317+0000][0.719s][info][gc,start    ] GC(1) Pause Young (Normal) (G1 Evacuation Pause)
[2026-07-01T01:49:32.317+0000][0.719s][info][gc,task     ] GC(1) Using 2 workers of 2 for evacuation
[2026-07-01T01:49:32.321+0000][0.722s][info][gc,phases   ] GC(1)   Pre Evacuate Collection Set: 0.05ms
[2026-07-01T01:49:32.321+0000][0.722s][info][gc,phases   ] GC(1)   Merge Heap Roots: 0.02ms
[2026-07-01T01:49:32.321+0000][0.722s][info][gc,phases   ] GC(1)   Evacuate Collection Set: 3.15ms
[2026-07-01T01:49:32.321+0000][0.722s][info][gc,phases   ] GC(1)   Post Evacuate Collection Set: 0.18ms
[2026-07-01T01:49:32.321+0000][0.722s][info][gc,phases   ] GC(1)   Other: 0.04ms
[2026-07-01T01:49:32.321+0000][0.722s][info][gc,heap     ] GC(1) Eden regions: 8->0(7)
[2026-07-01T01:49:32.321+0000][0.722s][info][gc,heap     ] GC(1) Survivor regions: 1->2(2)
[2026-07-01T01:49:32.321+0000][0.722s][info][gc,heap     ] GC(1) Old regions: 2->2
[2026-07-01T01:49:32.321+0000][0.722s][info][gc,heap     ] GC(1) Humongous regions: 0->0
[2026-07-01T01:49:32.321+0000][0.722s][info][gc,metaspace] GC(1) Metaspace: 2945K(3136K)->2945K(3136K) NonClass: 2641K(2752K)->2641K(2752K) Class: 304K(384K)->304K(384K)
[2026-07-01T01:49:32.321+0000][0.722s][info][gc          ] GC(1) Pause Young (Normal) (G1 Evacuation Pause) 9M->2M(18M) 3.565ms
[2026-07-01T01:49:32.321+0000][0.722s][info][gc,cpu      ] GC(1) User=0.01s Sys=0.00s Real=0.01s
[2026-07-01T01:49:32.604+0000][1.006s][info][gc,start    ] GC(2) Pause Young (Normal) (G1 Evacuation Pause)
[2026-07-01T01:49:32.604+0000][1.006s][info][gc,task     ] GC(2) Using 2 workers of 2 for evacuation
[2026-07-01T01:49:32.607+0000][1.008s][info][gc,phases   ] GC(2)   Pre Evacuate Collection Set: 0.08ms
[2026-07-01T01:49:32.607+0000][1.008s][info][gc,phases   ] GC(2)   Merge Heap Roots: 0.04ms
[2026-07-01T01:49:32.607+0000][1.008s][info][gc,phases   ] GC(2)   Evacuate Collection Set: 1.69ms
[2026-07-01T01:49:32.607+0000][1.008s][info][gc,phases   ] GC(2)   Post Evacuate Collection Set: 0.26ms
[2026-07-01T01:49:32.607+0000][1.008s][info][gc,phases   ] GC(2)   Other: 0.04ms
[2026-07-01T01:49:32.607+0000][1.008s][info][gc,heap     ] GC(2) Eden regions: 7->0(8)
[2026-07-01T01:49:32.607+0000][1.008s][info][gc,heap     ] GC(2) Survivor regions: 2->1(2)
[2026-07-01T01:49:32.607+0000][1.008s][info][gc,heap     ] GC(2) Old regions: 2->3
[2026-07-01T01:49:32.607+0000][1.008s][info][gc,heap     ] GC(2) Humongous regions: 0->0
[2026-07-01T01:49:32.607+0000][1.008s][info][gc,metaspace] GC(2) Metaspace: 4298K(4608K)->4298K(4608K) NonClass: 3817K(3968K)->3817K(3968K) Class: 481K(640K)->481K(640K)
[2026-07-01T01:49:32.607+0000][1.008s][info][gc          ] GC(2) Pause Young (Normal) (G1 Evacuation Pause) 9M->2M(18M) 2.213ms
[2026-07-01T01:49:32.607+0000][1.008s][info][gc,cpu      ] GC(2) User=0.01s Sys=0.00s Real=0.00s
[2026-07-01T01:49:32.771+0000][1.172s][info][gc,start    ] GC(3) Pause Young (Normal) (G1 Evacuation Pause)
[2026-07-01T01:49:32.771+0000][1.172s][info][gc,task     ] GC(3) Using 2 workers of 2 for evacuation
[2026-07-01T01:49:32.773+0000][1.174s][info][gc,phases   ] GC(3)   Pre Evacuate Collection Set: 0.09ms
[2026-07-01T01:49:32.773+0000][1.174s][info][gc,phases   ] GC(3)   Merge Heap Roots: 0.04ms
[2026-07-01T01:49:32.773+0000][1.174s][info][gc,phases   ] GC(3)   Evacuate Collection Set: 1.63ms
[2026-07-01T01:49:32.773+0000][1.174s][info][gc,phases   ] GC(3)   Post Evacuate Collection Set: 0.29ms
[2026-07-01T01:49:32.773+0000][1.174s][info][gc,phases   ] GC(3)   Other: 0.04ms
[2026-07-01T01:49:32.773+0000][1.174s][info][gc,heap     ] GC(3) Eden regions: 8->0(7)
[2026-07-01T01:49:32.773+0000][1.174s][info][gc,heap     ] GC(3) Survivor regions: 1->2(2)
[2026-07-01T01:49:32.773+0000][1.174s][info][gc,heap     ] GC(3) Old regions: 3->3
[2026-07-01T01:49:32.773+0000][1.174s][info][gc,heap     ] GC(3) Humongous regions: 0->0
[2026-07-01T01:49:32.773+0000][1.174s][info][gc,metaspace] GC(3) Metaspace: 6236K(6464K)->6236K(6464K) NonClass: 5506K(5632K)->5506K(5632K) Class: 730K(832K)->730K(832K)
[2026-07-01T01:49:32.773+0000][1.174s][info][gc          ] GC(3) Pause Young (Normal) (G1 Evacuation Pause) 10M->3M(18M) 2.201ms
[2026-07-01T01:49:32.773+0000][1.174s][info][gc,cpu      ] GC(3) User=0.01s Sys=0.00s Real=0.00s
[2026-07-01T01:49:32.877+0000][1.279s][info][gc,start    ] GC(4) Pause Young (Normal) (G1 Evacuation Pause)
[2026-07-01T01:49:32.877+0000][1.279s][info][gc,task     ] GC(4) Using 2 workers of 2 for evacuation
[2026-07-01T01:49:32.880+0000][1.282s][info][gc,phases   ] GC(4)   Pre Evacuate Collection Set: 0.09ms
[2026-07-01T01:49:32.880+0000][1.282s][info][gc,phases   ] GC(4)   Merge Heap Roots: 0.04ms
[2026-07-01T01:49:32.880+0000][1.282s][info][gc,phases   ] GC(4)   Evacuate Collection Set: 2.35ms
[2026-07-01T01:49:32.880+0000][1.282s][info][gc,phases   ] GC(4)   Post Evacuate Collection Set: 0.29ms
[2026-07-01T01:49:32.880+0000][1.282s][info][gc,phases   ] GC(4)   Other: 0.05ms
[2026-07-01T01:49:32.880+0000][1.282s][info][gc,heap     ] GC(4) Eden regions: 7->0(7)
[2026-07-01T01:49:32.880+0000][1.282s][info][gc,heap     ] GC(4) Survivor regions: 2->2(2)
[2026-07-01T01:49:32.880+0000][1.282s][info][gc,heap     ] GC(4) Old regions: 3->4
[2026-07-01T01:49:32.880+0000][1.282s][info][gc,heap     ] GC(4) Humongous regions: 0->0
[2026-07-01T01:49:32.880+0000][1.282s][info][gc,metaspace] GC(4) Metaspace: 8180K(8512K)->8180K(8512K) NonClass: 7206K(7360K)->7206K(7360K) Class: 974K(1152K)->974K(1152K)
[2026-07-01T01:49:32.880+0000][1.282s][info][gc          ] GC(4) Pause Young (Normal) (G1 Evacuation Pause) 10M->3M(18M) 2.942ms
[2026-07-01T01:49:32.880+0000][1.282s][info][gc,cpu      ] GC(4) User=0.00s Sys=0.00s Real=0.01s
[2026-07-01T01:49:32.983+0000][1.385s][info][gc,start    ] GC(5) Pause Young (Normal) (G1 Evacuation Pause)
[2026-07-01T01:49:32.983+0000][1.385s][info][gc,task     ] GC(5) Using 2 workers of 2 for evacuation
[2026-07-01T01:49:32.986+0000][1.387s][info][gc,phases   ] GC(5)   Pre Evacuate Collection Set: 0.07ms
[2026-07-01T01:49:32.986+0000][1.387s][info][gc,phases   ] GC(5)   Merge Heap Roots: 0.04ms
[2026-07-01T01:49:32.986+0000][1.387s][info][gc,phases   ] GC(5)   Evacuate Collection Set: 2.06ms
[2026-07-01T01:49:32.986+0000][1.387s][info][gc,phases   ] GC(5)   Post Evacuate Collection Set: 0.26ms
[2026-07-01T01:49:32.986+0000][1.387s][info][gc,phases   ] GC(5)   Other: 0.03ms
[2026-07-01T01:49:32.986+0000][1.387s][info][gc,heap     ] GC(5) Eden regions: 7->0(7)
[2026-07-01T01:49:32.986+0000][1.387s][info][gc,heap     ] GC(5) Survivor regions: 2->2(2)
[2026-07-01T01:49:32.986+0000][1.387s][info][gc,heap     ] GC(5) Old regions: 4->5
[2026-07-01T01:49:32.986+0000][1.387s][info][gc,heap     ] GC(5) Humongous regions: 0->0
[2026-07-01T01:49:32.986+0000][1.387s][info][gc,metaspace] GC(5) Metaspace: 9330K(9728K)->9330K(9728K) NonClass: 8183K(8384K)->8183K(8384K) Class: 1146K(1344K)->1146K(1344K)
[2026-07-01T01:49:32.986+0000][1.387s][info][gc          ] GC(5) Pause Young (Normal) (G1 Evacuation Pause) 10M->4M(18M) 2.571ms
[2026-07-01T01:49:32.986+0000][1.387s][info][gc,cpu      ] GC(5) User=0.00s Sys=0.01s Real=0.00s
[2026-07-01T01:49:33.082+0000][1.483s][info][gc,start    ] GC(6) Pause Young (Normal) (G1 Evacuation Pause)
[2026-07-01T01:49:33.082+0000][1.483s][info][gc,task     ] GC(6) Using 2 workers of 2 for evacuation
[2026-07-01T01:49:33.084+0000][1.486s][info][gc,phases   ] GC(6)   Pre Evacuate Collection Set: 0.09ms
[2026-07-01T01:49:33.084+0000][1.486s][info][gc,phases   ] GC(6)   Merge Heap Roots: 0.04ms
[2026-07-01T01:49:33.084+0000][1.486s][info][gc,phases   ] GC(6)   Evacuate Collection Set: 2.07ms
[2026-07-01T01:49:33.084+0000][1.486s][info][gc,phases   ] GC(6)   Post Evacuate Collection Set: 0.33ms
[2026-07-01T01:49:33.084+0000][1.486s][info][gc,phases   ] GC(6)   Other: 0.05ms
[2026-07-01T01:49:33.084+0000][1.486s][info][gc,heap     ] GC(6) Eden regions: 7->0(12)
[2026-07-01T01:49:33.084+0000][1.486s][info][gc,heap     ] GC(6) Survivor regions: 2->1(2)
[2026-07-01T01:49:33.084+0000][1.486s][info][gc,heap     ] GC(6) Old regions: 5->5
[2026-07-01T01:49:33.084+0000][1.486s][info][gc,heap     ] GC(6) Humongous regions: 0->0
[2026-07-01T01:49:33.084+0000][1.486s][info][gc,metaspace] GC(6) Metaspace: 10546K(10944K)->10546K(10944K) NonClass: 9190K(9408K)->9190K(9408K) Class: 1355K(1536K)->1355K(1536K)
[2026-07-01T01:49:33.084+0000][1.486s][info][gc          ] GC(6) Pause Young (Normal) (G1 Evacuation Pause) 11M->4M(22M) 2.729ms
[2026-07-01T01:49:33.084+0000][1.486s][info][gc,cpu      ] GC(6) User=0.01s Sys=0.00s Real=0.00s
[2026-07-01T01:49:33.200+0000][1.601s][info][gc,start    ] GC(7) Pause Young (Normal) (G1 Evacuation Pause)
[2026-07-01T01:49:33.200+0000][1.601s][info][gc,task     ] GC(7) Using 2 workers of 2 for evacuation
[2026-07-01T01:49:33.204+0000][1.605s][info][gc,phases   ] GC(7)   Pre Evacuate Collection Set: 0.12ms
[2026-07-01T01:49:33.204+0000][1.605s][info][gc,phases   ] GC(7)   Merge Heap Roots: 0.37ms
[2026-07-01T01:49:33.204+0000][1.605s][info][gc,phases   ] GC(7)   Evacuate Collection Set: 2.76ms
[2026-07-01T01:49:33.204+0000][1.605s][info][gc,phases   ] GC(7)   Post Evacuate Collection Set: 0.25ms
[2026-07-01T01:49:33.204+0000][1.605s][info][gc,phases   ] GC(7)   Other: 0.04ms
[2026-07-01T01:49:33.204+0000][1.605s][info][gc,heap     ] GC(7) Eden regions: 12->0(11)
[2026-07-01T01:49:33.204+0000][1.605s][info][gc,heap     ] GC(7) Survivor regions: 1->2(2)
[2026-07-01T01:49:33.204+0000][1.605s][info][gc,heap     ] GC(7) Old regions: 5->5
[2026-07-01T01:49:33.204+0000][1.605s][info][gc,heap     ] GC(7) Humongous regions: 0->0
[2026-07-01T01:49:33.204+0000][1.605s][info][gc,metaspace] GC(7) Metaspace: 13077K(13440K)->13077K(13440K) NonClass: 11438K(11648K)->11438K(11648K) Class: 1638K(1792K)->1638K(1792K)
[2026-07-01T01:49:33.204+0000][1.605s][info][gc          ] GC(7) Pause Young (Normal) (G1 Evacuation Pause) 16M->5M(22M) 3.656ms
[2026-07-01T01:49:33.204+0000][1.605s][info][gc,cpu      ] GC(7) User=0.00s Sys=0.00s Real=0.00s
[2026-07-01T01:49:33.307+0000][1.709s][info][gc,start    ] GC(8) Pause Young (Normal) (G1 Evacuation Pause)
[2026-07-01T01:49:33.307+0000][1.709s][info][gc,task     ] GC(8) Using 2 workers of 2 for evacuation
[2026-07-01T01:49:33.310+0000][1.711s][info][gc,phases   ] GC(8)   Pre Evacuate Collection Set: 0.08ms
[2026-07-01T01:49:33.310+0000][1.711s][info][gc,phases   ] GC(8)   Merge Heap Roots: 0.05ms
[2026-07-01T01:49:33.310+0000][1.711s][info][gc,phases   ] GC(8)   Evacuate Collection Set: 2.14ms
[2026-07-01T01:49:33.310+0000][1.711s][info][gc,phases   ] GC(8)   Post Evacuate Collection Set: 0.29ms
[2026-07-01T01:49:33.310+0000][1.711s][info][gc,phases   ] GC(8)   Other: 0.04ms
[2026-07-01T01:49:33.310+0000][1.711s][info][gc,heap     ] GC(8) Eden regions: 11->0(11)
[2026-07-01T01:49:33.310+0000][1.711s][info][gc,heap     ] GC(8) Survivor regions: 2->1(2)
[2026-07-01T01:49:33.310+0000][1.711s][info][gc,heap     ] GC(8) Old regions: 5->7
[2026-07-01T01:49:33.310+0000][1.711s][info][gc,heap     ] GC(8) Humongous regions: 0->0
[2026-07-01T01:49:33.310+0000][1.711s][info][gc,metaspace] GC(8) Metaspace: 15491K(15936K)->15491K(15936K) NonClass: 13533K(13760K)->13533K(13760K) Class: 1957K(2176K)->1957K(2176K)
[2026-07-01T01:49:33.310+0000][1.711s][info][gc          ] GC(8) Pause Young (Normal) (G1 Evacuation Pause) 16M->6M(22M) 2.717ms
[2026-07-01T01:49:33.310+0000][1.711s][info][gc,cpu      ] GC(8) User=0.00s Sys=0.00s Real=0.01s
[2026-07-01T01:49:33.468+0000][1.869s][info][gc,start    ] GC(9) Pause Young (Normal) (G1 Evacuation Pause)
[2026-07-01T01:49:33.468+0000][1.869s][info][gc,task     ] GC(9) Using 2 workers of 2 for evacuation
[2026-07-01T01:49:33.471+0000][1.872s][info][gc,phases   ] GC(9)   Pre Evacuate Collection Set: 0.08ms
[2026-07-01T01:49:33.471+0000][1.872s][info][gc,phases   ] GC(9)   Merge Heap Roots: 0.04ms
[2026-07-01T01:49:33.471+0000][1.872s][info][gc,phases   ] GC(9)   Evacuate Collection Set: 2.59ms
[2026-07-01T01:49:33.471+0000][1.872s][info][gc,phases   ] GC(9)   Post Evacuate Collection Set: 0.31ms
[2026-07-01T01:49:33.471+0000][1.872s][info][gc,phases   ] GC(9)   Other: 0.05ms
[2026-07-01T01:49:33.471+0000][1.872s][info][gc,heap     ] GC(9) Eden regions: 11->0(10)
[2026-07-01T01:49:33.471+0000][1.872s][info][gc,heap     ] GC(9) Survivor regions: 1->2(2)
[2026-07-01T01:49:33.471+0000][1.872s][info][gc,heap     ] GC(9) Old regions: 7->7
[2026-07-01T01:49:33.471+0000][1.872s][info][gc,heap     ] GC(9) Humongous regions: 0->0
[2026-07-01T01:49:33.471+0000][1.872s][info][gc,metaspace] GC(9) Metaspace: 17979K(18432K)->17979K(18432K) NonClass: 15715K(16000K)->15715K(16000K) Class: 2264K(2432K)->2264K(2432K)
[2026-07-01T01:49:33.471+0000][1.872s][info][gc          ] GC(9) Pause Young (Normal) (G1 Evacuation Pause) 17M->7M(22M) 3.159ms
[2026-07-01T01:49:33.471+0000][1.872s][info][gc,cpu      ] GC(9) User=0.01s Sys=0.00s Real=0.01s
[2026-07-01T01:49:33.580+0000][1.981s][info][gc,start    ] GC(10) Pause Young (Normal) (G1 Evacuation Pause)
[2026-07-01T01:49:33.580+0000][1.981s][info][gc,task     ] GC(10) Using 2 workers of 2 for evacuation
[2026-07-01T01:49:33.583+0000][1.984s][info][gc,phases   ] GC(10)   Pre Evacuate Collection Set: 0.08ms
[2026-07-01T01:49:33.583+0000][1.984s][info][gc,phases   ] GC(10)   Merge Heap Roots: 0.04ms
[2026-07-01T01:49:33.583+0000][1.984s][info][gc,phases   ] GC(10)   Evacuate Collection Set: 2.26ms
[2026-07-01T01:49:33.583+0000][1.984s][info][gc,phases   ] GC(10)   Post Evacuate Collection Set: 0.34ms
[2026-07-01T01:49:33.583+0000][1.984s][info][gc,phases   ] GC(10)   Other: 0.04ms
[2026-07-01T01:49:33.583+0000][1.984s][info][gc,heap     ] GC(10) Eden regions: 10->0(14)
[2026-07-01T01:49:33.583+0000][1.984s][info][gc,heap     ] GC(10) Survivor regions: 2->1(2)
[2026-07-01T01:49:33.583+0000][1.984s][info][gc,heap     ] GC(10) Old regions: 7->9
[2026-07-01T01:49:33.583+0000][1.984s][info][gc,heap     ] GC(10) Humongous regions: 0->0
[2026-07-01T01:49:33.583+0000][1.984s][info][gc,metaspace] GC(10) Metaspace: 19154K(19584K)->19154K(19584K) NonClass: 16769K(17024K)->16769K(17024K) Class: 2385K(2560K)->2385K(2560K)
[2026-07-01T01:49:33.583+0000][1.984s][info][gc          ] GC(10) Pause Young (Normal) (G1 Evacuation Pause) 17M->7M(27M) 2.874ms
[2026-07-01T01:49:33.583+0000][1.984s][info][gc,cpu      ] GC(10) User=0.01s Sys=0.00s Real=0.00s
[2026-07-01T01:49:33.778+0000][2.180s][info][gc,start    ] GC(11) Pause Young (Normal) (G1 Evacuation Pause)
[2026-07-01T01:49:33.778+0000][2.180s][info][gc,task     ] GC(11) Using 2 workers of 2 for evacuation
[2026-07-01T01:49:33.781+0000][2.182s][info][gc,phases   ] GC(11)   Pre Evacuate Collection Set: 0.10ms
[2026-07-01T01:49:33.781+0000][2.182s][info][gc,phases   ] GC(11)   Merge Heap Roots: 0.04ms
[2026-07-01T01:49:33.781+0000][2.182s][info][gc,phases   ] GC(11)   Evacuate Collection Set: 1.97ms
[2026-07-01T01:49:33.781+0000][2.182s][info][gc,phases   ] GC(11)   Post Evacuate Collection Set: 0.36ms
[2026-07-01T01:49:33.781+0000][2.182s][info][gc,phases   ] GC(11)   Other: 0.06ms
[2026-07-01T01:49:33.781+0000][2.182s][info][gc,heap     ] GC(11) Eden regions: 14->0(13)
[2026-07-01T01:49:33.781+0000][2.182s][info][gc,heap     ] GC(11) Survivor regions: 1->2(2)
[2026-07-01T01:49:33.781+0000][2.182s][info][gc,heap     ] GC(11) Old regions: 9->9
[2026-07-01T01:49:33.781+0000][2.182s][info][gc,heap     ] GC(11) Humongous regions: 0->0
[2026-07-01T01:49:33.781+0000][2.182s][info][gc,metaspace] GC(11) Metaspace: 20070K(20544K)->20070K(20544K) NonClass: 17563K(17792K)->17563K(17792K) Class: 2507K(2752K)->2507K(2752K)
[2026-07-01T01:49:33.781+0000][2.182s][info][gc          ] GC(11) Pause Young (Normal) (G1 Evacuation Pause) 21M->8M(27M) 2.682ms
[2026-07-01T01:49:33.781+0000][2.182s][info][gc,cpu      ] GC(11) User=0.01s Sys=0.00s Real=0.00s
[2026-07-01T01:49:33.929+0000][2.331s][info][gc,start    ] GC(12) Pause Young (Normal) (G1 Evacuation Pause)
[2026-07-01T01:49:33.929+0000][2.331s][info][gc,task     ] GC(12) Using 2 workers of 2 for evacuation
[2026-07-01T01:49:33.932+0000][2.334s][info][gc,phases   ] GC(12)   Pre Evacuate Collection Set: 0.09ms
[2026-07-01T01:49:33.933+0000][2.334s][info][gc,phases   ] GC(12)   Merge Heap Roots: 0.04ms
[2026-07-01T01:49:33.933+0000][2.334s][info][gc,phases   ] GC(12)   Evacuate Collection Set: 2.88ms
[2026-07-01T01:49:33.933+0000][2.334s][info][gc,phases   ] GC(12)   Post Evacuate Collection Set: 0.31ms
[2026-07-01T01:49:33.933+0000][2.334s][info][gc,phases   ] GC(12)   Other: 0.04ms
[2026-07-01T01:49:33.933+0000][2.334s][info][gc,heap     ] GC(12) Eden regions: 13->0(13)
[2026-07-01T01:49:33.933+0000][2.334s][info][gc,heap     ] GC(12) Survivor regions: 2->2(2)
[2026-07-01T01:49:33.933+0000][2.334s][info][gc,heap     ] GC(12) Old regions: 9->9
[2026-07-01T01:49:33.933+0000][2.334s][info][gc,heap     ] GC(12) Humongous regions: 0->0
[2026-07-01T01:49:33.933+0000][2.334s][info][gc,metaspace] GC(12) Metaspace: 20857K(21312K)->20857K(21312K) NonClass: 18263K(18496K)->18263K(18496K) Class: 2594K(2816K)->2594K(2816K)
[2026-07-01T01:49:33.933+0000][2.334s][info][gc          ] GC(12) Pause Young (Normal) (G1 Evacuation Pause) 21M->9M(27M) 3.507ms
[2026-07-01T01:49:33.933+0000][2.334s][info][gc,cpu      ] GC(12) User=0.00s Sys=0.00s Real=0.00s
[2026-07-01T01:49:33.971+0000][2.372s][info][gc,start    ] GC(13) Pause Young (Concurrent Start) (Metadata GC Threshold)
[2026-07-01T01:49:33.971+0000][2.372s][info][gc,task     ] GC(13) Using 2 workers of 2 for evacuation
[2026-07-01T01:49:33.974+0000][2.375s][info][gc,phases   ] GC(13)   Pre Evacuate Collection Set: 0.10ms
[2026-07-01T01:49:33.974+0000][2.375s][info][gc,phases   ] GC(13)   Merge Heap Roots: 0.04ms
[2026-07-01T01:49:33.974+0000][2.375s][info][gc,phases   ] GC(13)   Evacuate Collection Set: 2.42ms
[2026-07-01T01:49:33.974+0000][2.375s][info][gc,phases   ] GC(13)   Post Evacuate Collection Set: 0.28ms
[2026-07-01T01:49:33.974+0000][2.375s][info][gc,phases   ] GC(13)   Other: 0.08ms
[2026-07-01T01:49:33.974+0000][2.375s][info][gc,heap     ] GC(13) Eden regions: 2->0(13)
[2026-07-01T01:49:33.974+0000][2.375s][info][gc,heap     ] GC(13) Survivor regions: 2->1(2)
[2026-07-01T01:49:33.974+0000][2.375s][info][gc,heap     ] GC(13) Old regions: 9->10
[2026-07-01T01:49:33.974+0000][2.375s][info][gc,heap     ] GC(13) Humongous regions: 0->0
[2026-07-01T01:49:33.974+0000][2.375s][info][gc,metaspace] GC(13) Metaspace: 21086K(21504K)->21086K(21504K) NonClass: 18463K(18688K)->18463K(18688K) Class: 2622K(2816K)->2622K(2816K)
[2026-07-01T01:49:33.974+0000][2.375s][info][gc          ] GC(13) Pause Young (Concurrent Start) (Metadata GC Threshold) 11M->9M(27M) 3.024ms
[2026-07-01T01:49:33.974+0000][2.375s][info][gc,cpu      ] GC(13) User=0.00s Sys=0.00s Real=0.00s
[2026-07-01T01:49:33.974+0000][2.375s][info][gc          ] GC(14) Concurrent Mark Cycle
[2026-07-01T01:49:33.974+0000][2.375s][info][gc,marking  ] GC(14) Concurrent Scan Root Regions
[2026-07-01T01:49:33.976+0000][2.377s][info][gc,marking  ] GC(14) Concurrent Scan Root Regions 1.751ms
[2026-07-01T01:49:33.976+0000][2.377s][info][gc,marking  ] GC(14) Concurrent Mark
[2026-07-01T01:49:33.976+0000][2.377s][info][gc,marking  ] GC(14) Concurrent Mark From Roots
[2026-07-01T01:49:33.976+0000][2.377s][info][gc,task     ] GC(14) Using 1 workers of 1 for marking
[2026-07-01T01:49:33.991+0000][2.392s][info][gc,marking  ] GC(14) Concurrent Mark From Roots 14.923ms
[2026-07-01T01:49:33.991+0000][2.392s][info][gc,marking  ] GC(14) Concurrent Preclean
[2026-07-01T01:49:33.991+0000][2.392s][info][gc,marking  ] GC(14) Concurrent Preclean 0.031ms
[2026-07-01T01:49:33.991+0000][2.392s][info][gc,start    ] GC(14) Pause Remark
[2026-07-01T01:49:33.994+0000][2.395s][info][gc,heap     ] GC(14) Heap shrink completed: uncommitted 5 regions (5MB), heap size now 22MB
[2026-07-01T01:49:33.994+0000][2.395s][info][gc          ] GC(14) Pause Remark 11M->11M(22M) 3.081ms
[2026-07-01T01:49:33.994+0000][2.395s][info][gc,cpu      ] GC(14) User=0.00s Sys=0.00s Real=0.00s
[2026-07-01T01:49:33.994+0000][2.395s][info][gc,marking  ] GC(14) Concurrent Mark 18.303ms
[2026-07-01T01:49:33.994+0000][2.395s][info][gc,marking  ] GC(14) Concurrent Rebuild Remembered Sets and Scrub Regions
[2026-07-01T01:49:34.001+0000][2.402s][info][gc,marking  ] GC(14) Concurrent Rebuild Remembered Sets and Scrub Regions 6.903ms
[2026-07-01T01:49:34.001+0000][2.402s][info][gc,start    ] GC(14) Pause Cleanup
[2026-07-01T01:49:34.001+0000][2.403s][info][gc          ] GC(14) Pause Cleanup 11M->11M(22M) 0.091ms
[2026-07-01T01:49:34.001+0000][2.403s][info][gc,cpu      ] GC(14) User=0.00s Sys=0.00s Real=0.00s
[2026-07-01T01:49:34.001+0000][2.403s][info][gc,marking  ] GC(14) Concurrent Clear Claimed Marks
[2026-07-01T01:49:34.001+0000][2.403s][info][gc,marking  ] GC(14) Concurrent Clear Claimed Marks 0.030ms
[2026-07-01T01:49:34.001+0000][2.403s][info][gc,marking  ] GC(14) Concurrent Cleanup for Next Mark
[2026-07-01T01:49:34.001+0000][2.403s][info][gc,marking  ] GC(14) Concurrent Cleanup for Next Mark 0.179ms
[2026-07-01T01:49:34.001+0000][2.403s][info][gc          ] GC(14) Concurrent Mark Cycle 27.547ms
[2026-07-01T01:49:34.124+0000][2.525s][info][gc,start    ] GC(15) Pause Young (Prepare Mixed) (G1 Evacuation Pause)
[2026-07-01T01:49:34.124+0000][2.525s][info][gc,task     ] GC(15) Using 2 workers of 2 for evacuation
[2026-07-01T01:49:34.127+0000][2.529s][info][gc,phases   ] GC(15)   Pre Evacuate Collection Set: 0.08ms
[2026-07-01T01:49:34.127+0000][2.529s][info][gc,phases   ] GC(15)   Merge Heap Roots: 0.05ms
[2026-07-01T01:49:34.127+0000][2.529s][info][gc,phases   ] GC(15)   Evacuate Collection Set: 2.65ms
[2026-07-01T01:49:34.127+0000][2.529s][info][gc,phases   ] GC(15)   Post Evacuate Collection Set: 0.31ms
[2026-07-01T01:49:34.127+0000][2.529s][info][gc,phases   ] GC(15)   Other: 0.04ms
[2026-07-01T01:49:34.127+0000][2.529s][info][gc,heap     ] GC(15) Eden regions: 11->0(10)
[2026-07-01T01:49:34.127+0000][2.529s][info][gc,heap     ] GC(15) Survivor regions: 1->2(2)
[2026-07-01T01:49:34.127+0000][2.529s][info][gc,heap     ] GC(15) Old regions: 10->10
[2026-07-01T01:49:34.127+0000][2.529s][info][gc,heap     ] GC(15) Humongous regions: 0->0
[2026-07-01T01:49:34.127+0000][2.529s][info][gc,metaspace] GC(15) Metaspace: 22038K(22528K)->22038K(22528K) NonClass: 19277K(19520K)->19277K(19520K) Class: 2761K(3008K)->2761K(3008K)
[2026-07-01T01:49:34.127+0000][2.529s][info][gc          ] GC(15) Pause Young (Prepare Mixed) (G1 Evacuation Pause) 20M->10M(24M) 3.248ms
[2026-07-01T01:49:34.127+0000][2.529s][info][gc,cpu      ] GC(15) User=0.00s Sys=0.00s Real=0.00s
[2026-07-01T01:49:34.296+0000][2.697s][info][gc,start    ] GC(16) Pause Young (Mixed) (G1 Evacuation Pause)
[2026-07-01T01:49:34.296+0000][2.697s][info][gc,task     ] GC(16) Using 2 workers of 2 for evacuation
[2026-07-01T01:49:34.299+0000][2.700s][info][gc,phases   ] GC(16)   Pre Evacuate Collection Set: 0.08ms
[2026-07-01T01:49:34.299+0000][2.700s][info][gc,phases   ] GC(16)   Merge Heap Roots: 0.04ms
[2026-07-01T01:49:34.299+0000][2.700s][info][gc,phases   ] GC(16)   Evacuate Collection Set: 2.49ms
[2026-07-01T01:49:34.299+0000][2.700s][info][gc,phases   ] GC(16)   Post Evacuate Collection Set: 0.28ms
[2026-07-01T01:49:34.299+0000][2.700s][info][gc,phases   ] GC(16)   Other: 0.05ms
[2026-07-01T01:49:34.299+0000][2.700s][info][gc,heap     ] GC(16) Eden regions: 10->0(15)
[2026-07-01T01:49:34.299+0000][2.700s][info][gc,heap     ] GC(16) Survivor regions: 2->2(2)
[2026-07-01T01:49:34.299+0000][2.700s][info][gc,heap     ] GC(16) Old regions: 10->10
[2026-07-01T01:49:34.299+0000][2.700s][info][gc,heap     ] GC(16) Humongous regions: 0->0
[2026-07-01T01:49:34.299+0000][2.700s][info][gc,metaspace] GC(16) Metaspace: 23073K(23616K)->23073K(23616K) NonClass: 20171K(20480K)->20171K(20480K) Class: 2902K(3136K)->2902K(3136K)
[2026-07-01T01:49:34.299+0000][2.700s][info][gc          ] GC(16) Pause Young (Mixed) (G1 Evacuation Pause) 20M->10M(30M) 3.049ms
[2026-07-01T01:49:34.299+0000][2.700s][info][gc,cpu      ] GC(16) User=0.01s Sys=0.00s Real=0.01s
[2026-07-01T01:49:34.503+0000][2.904s][info][gc,start    ] GC(17) Pause Young (Normal) (G1 Evacuation Pause)
[2026-07-01T01:49:34.503+0000][2.904s][info][gc,task     ] GC(17) Using 2 workers of 2 for evacuation
[2026-07-01T01:49:34.506+0000][2.908s][info][gc,phases   ] GC(17)   Pre Evacuate Collection Set: 0.10ms
[2026-07-01T01:49:34.506+0000][2.908s][info][gc,phases   ] GC(17)   Merge Heap Roots: 0.05ms
[2026-07-01T01:49:34.506+0000][2.908s][info][gc,phases   ] GC(17)   Evacuate Collection Set: 2.82ms
[2026-07-01T01:49:34.506+0000][2.908s][info][gc,phases   ] GC(17)   Post Evacuate Collection Set: 0.34ms
[2026-07-01T01:49:34.506+0000][2.908s][info][gc,phases   ] GC(17)   Other: 0.04ms
[2026-07-01T01:49:34.506+0000][2.908s][info][gc,heap     ] GC(17) Eden regions: 15->0(13)
[2026-07-01T01:49:34.506+0000][2.908s][info][gc,heap     ] GC(17) Survivor regions: 2->3(3)
[2026-07-01T01:49:34.506+0000][2.908s][info][gc,heap     ] GC(17) Old regions: 10->10
[2026-07-01T01:49:34.506+0000][2.908s][info][gc,heap     ] GC(17) Humongous regions: 0->0
[2026-07-01T01:49:34.506+0000][2.908s][info][gc,metaspace] GC(17) Metaspace: 25988K(26560K)->25988K(26560K) NonClass: 22689K(22976K)->22689K(22976K) Class: 3299K(3584K)->3299K(3584K)
[2026-07-01T01:49:34.506+0000][2.908s][info][gc          ] GC(17) Pause Young (Normal) (G1 Evacuation Pause) 25M->12M(30M) 3.463ms
[2026-07-01T01:49:34.506+0000][2.908s][info][gc,cpu      ] GC(17) User=0.01s Sys=0.00s Real=0.00s
[2026-07-01T01:49:34.625+0000][3.027s][info][gc,start    ] GC(18) Pause Young (Normal) (G1 Evacuation Pause)
[2026-07-01T01:49:34.625+0000][3.027s][info][gc,task     ] GC(18) Using 2 workers of 2 for evacuation
[2026-07-01T01:49:34.631+0000][3.033s][info][gc,phases   ] GC(18)   Pre Evacuate Collection Set: 0.09ms
[2026-07-01T01:49:34.631+0000][3.033s][info][gc,phases   ] GC(18)   Merge Heap Roots: 0.05ms
[2026-07-01T01:49:34.631+0000][3.033s][info][gc,phases   ] GC(18)   Evacuate Collection Set: 5.17ms
[2026-07-01T01:49:34.631+0000][3.033s][info][gc,phases   ] GC(18)   Post Evacuate Collection Set: 0.44ms
[2026-07-01T01:49:34.631+0000][3.033s][info][gc,phases   ] GC(18)   Other: 0.05ms
[2026-07-01T01:49:34.631+0000][3.033s][info][gc,heap     ] GC(18) Eden regions: 13->0(13)
[2026-07-01T01:49:34.631+0000][3.033s][info][gc,heap     ] GC(18) Survivor regions: 3->1(2)
[2026-07-01T01:49:34.631+0000][3.033s][info][gc,heap     ] GC(18) Old regions: 10->13
[2026-07-01T01:49:34.631+0000][3.033s][info][gc,heap     ] GC(18) Humongous regions: 0->0
[2026-07-01T01:49:34.631+0000][3.033s][info][gc,metaspace] GC(18) Metaspace: 27873K(28416K)->27873K(28416K) NonClass: 24337K(24640K)->24337K(24640K) Class: 3535K(3776K)->3535K(3776K)
[2026-07-01T01:49:34.631+0000][3.033s][info][gc          ] GC(18) Pause Young (Normal) (G1 Evacuation Pause) 25M->13M(30M) 5.951ms
[2026-07-01T01:49:34.631+0000][3.033s][info][gc,cpu      ] GC(18) User=0.01s Sys=0.00s Real=0.01s
[2026-07-01T01:49:34.821+0000][3.222s][info][gc,start    ] GC(19) Pause Young (Normal) (G1 Evacuation Pause)
[2026-07-01T01:49:34.821+0000][3.222s][info][gc,task     ] GC(19) Using 2 workers of 2 for evacuation
[2026-07-01T01:49:34.825+0000][3.227s][info][gc,phases   ] GC(19)   Pre Evacuate Collection Set: 0.11ms
[2026-07-01T01:49:34.825+0000][3.227s][info][gc,phases   ] GC(19)   Merge Heap Roots: 0.05ms
[2026-07-01T01:49:34.825+0000][3.227s][info][gc,phases   ] GC(19)   Evacuate Collection Set: 3.88ms
[2026-07-01T01:49:34.825+0000][3.227s][info][gc,phases   ] GC(19)   Post Evacuate Collection Set: 0.39ms
[2026-07-01T01:49:34.825+0000][3.227s][info][gc,phases   ] GC(19)   Other: 0.05ms
[2026-07-01T01:49:34.825+0000][3.227s][info][gc,heap     ] GC(19) Eden regions: 13->0(12)
[2026-07-01T01:49:34.826+0000][3.227s][info][gc,heap     ] GC(19) Survivor regions: 1->2(2)
[2026-07-01T01:49:34.826+0000][3.227s][info][gc,heap     ] GC(19) Old regions: 13->13
[2026-07-01T01:49:34.826+0000][3.227s][info][gc,heap     ] GC(19) Humongous regions: 0->0
[2026-07-01T01:49:34.826+0000][3.227s][info][gc,metaspace] GC(19) Metaspace: 29426K(30016K)->29426K(30016K) NonClass: 25657K(25984K)->25657K(25984K) Class: 3769K(4032K)->3769K(4032K)
[2026-07-01T01:49:34.826+0000][3.227s][info][gc          ] GC(19) Pause Young (Normal) (G1 Evacuation Pause) 26M->14M(30M) 4.597ms
[2026-07-01T01:49:34.826+0000][3.227s][info][gc,cpu      ] GC(19) User=0.01s Sys=0.00s Real=0.00s
[2026-07-01T01:49:34.967+0000][3.369s][info][gc,start    ] GC(20) Pause Young (Normal) (G1 Evacuation Pause)
[2026-07-01T01:49:34.968+0000][3.369s][info][gc,task     ] GC(20) Using 2 workers of 2 for evacuation
[2026-07-01T01:49:34.972+0000][3.374s][info][gc,phases   ] GC(20)   Pre Evacuate Collection Set: 0.10ms
[2026-07-01T01:49:34.972+0000][3.374s][info][gc,phases   ] GC(20)   Merge Heap Roots: 0.05ms
[2026-07-01T01:49:34.972+0000][3.374s][info][gc,phases   ] GC(20)   Evacuate Collection Set: 4.14ms
[2026-07-01T01:49:34.972+0000][3.374s][info][gc,phases   ] GC(20)   Post Evacuate Collection Set: 0.55ms
[2026-07-01T01:49:34.972+0000][3.374s][info][gc,phases   ] GC(20)   Other: 0.05ms
[2026-07-01T01:49:34.972+0000][3.374s][info][gc,heap     ] GC(20) Eden regions: 12->0(16)
[2026-07-01T01:49:34.972+0000][3.374s][info][gc,heap     ] GC(20) Survivor regions: 2->1(2)
[2026-07-01T01:49:34.972+0000][3.374s][info][gc,heap     ] GC(20) Old regions: 13->15
[2026-07-01T01:49:34.972+0000][3.374s][info][gc,heap     ] GC(20) Humongous regions: 0->0
[2026-07-01T01:49:34.972+0000][3.374s][info][gc,metaspace] GC(20) Metaspace: 31338K(31936K)->31338K(31936K) NonClass: 27302K(27648K)->27302K(27648K) Class: 4036K(4288K)->4036K(4288K)
[2026-07-01T01:49:34.973+0000][3.374s][info][gc          ] GC(20) Pause Young (Normal) (G1 Evacuation Pause) 26M->15M(37M) 5.052ms
[2026-07-01T01:49:34.973+0000][3.374s][info][gc,cpu      ] GC(20) User=0.01s Sys=0.00s Real=0.01s
[2026-07-01T01:49:35.235+0000][3.636s][info][gc,start    ] GC(21) Pause Young (Normal) (G1 Evacuation Pause)
[2026-07-01T01:49:35.235+0000][3.636s][info][gc,task     ] GC(21) Using 2 workers of 2 for evacuation
[2026-07-01T01:49:35.239+0000][3.641s][info][gc,phases   ] GC(21)   Pre Evacuate Collection Set: 0.11ms
[2026-07-01T01:49:35.239+0000][3.641s][info][gc,phases   ] GC(21)   Merge Heap Roots: 0.05ms
[2026-07-01T01:49:35.239+0000][3.641s][info][gc,phases   ] GC(21)   Evacuate Collection Set: 4.13ms
[2026-07-01T01:49:35.239+0000][3.641s][info][gc,phases   ] GC(21)   Post Evacuate Collection Set: 0.42ms
[2026-07-01T01:49:35.239+0000][3.641s][info][gc,phases   ] GC(21)   Other: 0.05ms
[2026-07-01T01:49:35.240+0000][3.641s][info][gc,heap     ] GC(21) Eden regions: 16->0(15)
[2026-07-01T01:49:35.240+0000][3.641s][info][gc,heap     ] GC(21) Survivor regions: 1->3(3)
[2026-07-01T01:49:35.240+0000][3.641s][info][gc,heap     ] GC(21) Old regions: 15->15
[2026-07-01T01:49:35.240+0000][3.641s][info][gc,heap     ] GC(21) Humongous regions: 0->0
[2026-07-01T01:49:35.240+0000][3.641s][info][gc,metaspace] GC(21) Metaspace: 34497K(35264K)->34497K(35264K) NonClass: 29992K(30400K)->29992K(30400K) Class: 4504K(4864K)->4504K(4864K)
[2026-07-01T01:49:35.240+0000][3.641s][info][gc          ] GC(21) Pause Young (Normal) (G1 Evacuation Pause) 31M->16M(37M) 4.885ms
[2026-07-01T01:49:35.240+0000][3.641s][info][gc,cpu      ] GC(21) User=0.01s Sys=0.00s Real=0.01s
[2026-07-01T01:49:35.376+0000][3.778s][info][gc,start    ] GC(22) Pause Young (Normal) (G1 Evacuation Pause)
[2026-07-01T01:49:35.376+0000][3.778s][info][gc,task     ] GC(22) Using 2 workers of 2 for evacuation
[2026-07-01T01:49:35.391+0000][3.792s][info][gc,phases   ] GC(22)   Pre Evacuate Collection Set: 0.10ms
[2026-07-01T01:49:35.391+0000][3.793s][info][gc,phases   ] GC(22)   Merge Heap Roots: 0.05ms
[2026-07-01T01:49:35.391+0000][3.793s][info][gc,phases   ] GC(22)   Evacuate Collection Set: 14.03ms
[2026-07-01T01:49:35.391+0000][3.793s][info][gc,phases   ] GC(22)   Post Evacuate Collection Set: 0.49ms
[2026-07-01T01:49:35.391+0000][3.793s][info][gc,phases   ] GC(22)   Other: 0.05ms
[2026-07-01T01:49:35.391+0000][3.793s][info][gc,heap     ] GC(22) Eden regions: 15->0(8)
[2026-07-01T01:49:35.391+0000][3.793s][info][gc,heap     ] GC(22) Survivor regions: 3->3(3)
[2026-07-01T01:49:35.391+0000][3.793s][info][gc,heap     ] GC(22) Old regions: 15->23
[2026-07-01T01:49:35.391+0000][3.793s][info][gc,heap     ] GC(22) Humongous regions: 0->0
[2026-07-01T01:49:35.391+0000][3.793s][info][gc,metaspace] GC(22) Metaspace: 35593K(36288K)->35593K(36288K) NonClass: 30963K(31360K)->30963K(31360K) Class: 4629K(4928K)->4629K(4928K)
[2026-07-01T01:49:35.391+0000][3.793s][info][gc          ] GC(22) Pause Young (Normal) (G1 Evacuation Pause) 31M->25M(44M) 14.884ms
[2026-07-01T01:49:35.391+0000][3.793s][info][gc,cpu      ] GC(22) User=0.02s Sys=0.01s Real=0.02s
[2026-07-01T01:49:35.405+0000][3.806s][info][gc,start    ] GC(23) Pause Young (Concurrent Start) (G1 Evacuation Pause)
[2026-07-01T01:49:35.405+0000][3.806s][info][gc,task     ] GC(23) Using 2 workers of 2 for evacuation
[2026-07-01T01:49:35.419+0000][3.821s][info][gc,phases   ] GC(23)   Pre Evacuate Collection Set: 0.11ms
[2026-07-01T01:49:35.419+0000][3.821s][info][gc,phases   ] GC(23)   Merge Heap Roots: 0.13ms
[2026-07-01T01:49:35.419+0000][3.821s][info][gc,phases   ] GC(23)   Evacuate Collection Set: 13.90ms
[2026-07-01T01:49:35.419+0000][3.821s][info][gc,phases   ] GC(23)   Post Evacuate Collection Set: 0.36ms
[2026-07-01T01:49:35.419+0000][3.821s][info][gc,phases   ] GC(23)   Other: 0.09ms
[2026-07-01T01:49:35.419+0000][3.821s][info][gc,heap     ] GC(23) Eden regions: 8->0(3)
[2026-07-01T01:49:35.419+0000][3.821s][info][gc,heap     ] GC(23) Survivor regions: 3->2(2)
[2026-07-01T01:49:35.419+0000][3.821s][info][gc,heap     ] GC(23) Old regions: 23->31
[2026-07-01T01:49:35.419+0000][3.821s][info][gc,heap     ] GC(23) Humongous regions: 0->0
[2026-07-01T01:49:35.420+0000][3.821s][info][gc,metaspace] GC(23) Metaspace: 35596K(36288K)->35596K(36288K) NonClass: 30966K(31360K)->30966K(31360K) Class: 4629K(4928K)->4629K(4928K)
[2026-07-01T01:49:35.420+0000][3.821s][info][gc          ] GC(23) Pause Young (Concurrent Start) (G1 Evacuation Pause) 33M->32M(44M) 14.778ms
[2026-07-01T01:49:35.420+0000][3.821s][info][gc,cpu      ] GC(23) User=0.04s Sys=0.00s Real=0.02s
[2026-07-01T01:49:35.420+0000][3.821s][info][gc          ] GC(24) Concurrent Mark Cycle
[2026-07-01T01:49:35.420+0000][3.821s][info][gc,marking  ] GC(24) Concurrent Scan Root Regions
[2026-07-01T01:49:35.427+0000][3.828s][info][gc,start    ] GC(25) Pause Young (Normal) (G1 Evacuation Pause)
[2026-07-01T01:49:35.427+0000][3.828s][info][gc,task     ] GC(25) Using 2 workers of 2 for evacuation
[2026-07-01T01:49:35.429+0000][3.830s][info][gc,marking  ] GC(24) Concurrent Scan Root Regions 8.963ms
[2026-07-01T01:49:35.429+0000][3.830s][info][gc,marking  ] GC(24) Concurrent Mark
[2026-07-01T01:49:35.429+0000][3.830s][info][gc,marking  ] GC(24) Concurrent Mark From Roots
[2026-07-01T01:49:35.429+0000][3.830s][info][gc,task     ] GC(24) Using 1 workers of 1 for marking
[2026-07-01T01:49:35.434+0000][3.835s][info][gc,phases   ] GC(25)   Pre Evacuate Collection Set: 0.09ms
[2026-07-01T01:49:35.434+0000][3.835s][info][gc,phases   ] GC(25)   Merge Heap Roots: 0.04ms
[2026-07-01T01:49:35.434+0000][3.835s][info][gc,phases   ] GC(25)   Evacuate Collection Set: 4.19ms
[2026-07-01T01:49:35.434+0000][3.835s][info][gc,phases   ] GC(25)   Post Evacuate Collection Set: 0.68ms
[2026-07-01T01:49:35.434+0000][3.835s][info][gc,phases   ] GC(25)   Other: 0.05ms
[2026-07-01T01:49:35.434+0000][3.835s][info][gc,heap     ] GC(25) Eden regions: 3->0(30)
[2026-07-01T01:49:35.434+0000][3.835s][info][gc,heap     ] GC(25) Survivor regions: 2->1(1)
[2026-07-01T01:49:35.434+0000][3.835s][info][gc,heap     ] GC(25) Old regions: 31->35
[2026-07-01T01:49:35.434+0000][3.835s][info][gc,heap     ] GC(25) Humongous regions: 0->0
[2026-07-01T01:49:35.434+0000][3.835s][info][gc,metaspace] GC(25) Metaspace: 35598K(36288K)->35598K(36288K) NonClass: 30968K(31360K)->30968K(31360K) Class: 4629K(4928K)->4629K(4928K)
[2026-07-01T01:49:35.434+0000][3.835s][info][gc          ] GC(25) Pause Young (Normal) (G1 Evacuation Pause) 35M->35M(100M) 6.747ms
[2026-07-01T01:49:35.434+0000][3.835s][info][gc,cpu      ] GC(25) User=0.02s Sys=0.00s Real=0.01s
[2026-07-01T01:49:35.495+0000][3.896s][info][gc,marking  ] GC(24) Concurrent Mark From Roots 66.190ms
[2026-07-01T01:49:35.495+0000][3.896s][info][gc,marking  ] GC(24) Concurrent Preclean
[2026-07-01T01:49:35.495+0000][3.896s][info][gc,marking  ] GC(24) Concurrent Preclean 0.093ms
[2026-07-01T01:49:35.495+0000][3.896s][info][gc,start    ] GC(24) Pause Remark
[2026-07-01T01:49:35.500+0000][3.902s][info][gc,heap     ] GC(24) Heap shrink completed: uncommitted 26 regions (26MB), heap size now 74MB
[2026-07-01T01:49:35.500+0000][3.902s][info][gc          ] GC(24) Pause Remark 57M->57M(74M) 5.528ms
[2026-07-01T01:49:35.500+0000][3.902s][info][gc,cpu      ] GC(24) User=0.01s Sys=0.00s Real=0.01s
[2026-07-01T01:49:35.501+0000][3.902s][info][gc,marking  ] GC(24) Concurrent Mark 71.960ms
[2026-07-01T01:49:35.501+0000][3.902s][info][gc,marking  ] GC(24) Concurrent Rebuild Remembered Sets and Scrub Regions
[2026-07-01T01:49:35.521+0000][3.922s][info][gc,start    ] GC(26) Pause Young (Normal) (G1 Evacuation Pause)
[2026-07-01T01:49:35.521+0000][3.922s][info][gc,task     ] GC(26) Using 2 workers of 2 for evacuation
[2026-07-01T01:49:35.568+0000][3.970s][info][gc,phases   ] GC(26)   Pre Evacuate Collection Set: 0.10ms
[2026-07-01T01:49:35.568+0000][3.970s][info][gc,phases   ] GC(26)   Merge Heap Roots: 0.06ms
[2026-07-01T01:49:35.568+0000][3.970s][info][gc,phases   ] GC(26)   Evacuate Collection Set: 47.28ms
[2026-07-01T01:49:35.568+0000][3.970s][info][gc,phases   ] GC(26)   Post Evacuate Collection Set: 0.27ms
[2026-07-01T01:49:35.568+0000][3.970s][info][gc,phases   ] GC(26)   Other: 0.06ms
[2026-07-01T01:49:35.568+0000][3.970s][info][gc,heap     ] GC(26) Eden regions: 30->0(11)
[2026-07-01T01:49:35.568+0000][3.970s][info][gc,heap     ] GC(26) Survivor regions: 1->4(4)
[2026-07-01T01:49:35.569+0000][3.970s][info][gc,heap     ] GC(26) Old regions: 35->57
[2026-07-01T01:49:35.569+0000][3.970s][info][gc,heap     ] GC(26) Humongous regions: 3->3
[2026-07-01T01:49:35.569+0000][3.970s][info][gc,metaspace] GC(26) Metaspace: 35600K(36288K)->35600K(36288K) NonClass: 30970K(31360K)->30970K(31360K) Class: 4629K(4928K)->4629K(4928K)
[2026-07-01T01:49:35.569+0000][3.970s][info][gc          ] GC(26) Pause Young (Normal) (G1 Evacuation Pause) 68M->63M(95M) 47.902ms
[2026-07-01T01:49:35.569+0000][3.970s][info][gc,cpu      ] GC(26) User=0.03s Sys=0.01s Real=0.05s
[2026-07-01T01:49:35.574+0000][3.975s][info][gc,marking  ] GC(24) Concurrent Rebuild Remembered Sets and Scrub Regions 73.290ms
[2026-07-01T01:49:35.574+0000][3.975s][info][gc,start    ] GC(24) Pause Cleanup
[2026-07-01T01:49:35.574+0000][3.975s][info][gc          ] GC(24) Pause Cleanup 70M->70M(95M) 0.100ms
[2026-07-01T01:49:35.574+0000][3.975s][info][gc,cpu      ] GC(24) User=0.00s Sys=0.00s Real=0.00s
[2026-07-01T01:49:35.574+0000][3.976s][info][gc,marking  ] GC(24) Concurrent Clear Claimed Marks
[2026-07-01T01:49:35.575+0000][3.976s][info][gc,marking  ] GC(24) Concurrent Clear Claimed Marks 0.080ms
[2026-07-01T01:49:35.575+0000][3.976s][info][gc,marking  ] GC(24) Concurrent Cleanup for Next Mark
[2026-07-01T01:49:35.575+0000][3.977s][info][gc,marking  ] GC(24) Concurrent Cleanup for Next Mark 0.574ms
[2026-07-01T01:49:35.575+0000][3.977s][info][gc          ] GC(24) Concurrent Mark Cycle 155.603ms
[2026-07-01T01:49:35.578+0000][3.980s][info][gc,start    ] GC(27) Pause Young (Prepare Mixed) (G1 Evacuation Pause)
[2026-07-01T01:49:35.578+0000][3.980s][info][gc,task     ] GC(27) Using 2 workers of 2 for evacuation
[2026-07-01T01:49:35.586+0000][3.988s][info][gc,phases   ] GC(27)   Pre Evacuate Collection Set: 0.07ms
[2026-07-01T01:49:35.586+0000][3.988s][info][gc,phases   ] GC(27)   Merge Heap Roots: 0.04ms
[2026-07-01T01:49:35.586+0000][3.988s][info][gc,phases   ] GC(27)   Evacuate Collection Set: 7.72ms
[2026-07-01T01:49:35.586+0000][3.988s][info][gc,phases   ] GC(27)   Post Evacuate Collection Set: 0.23ms
[2026-07-01T01:49:35.586+0000][3.988s][info][gc,phases   ] GC(27)   Other: 0.04ms
[2026-07-01T01:49:35.586+0000][3.988s][info][gc,heap     ] GC(27) Eden regions: 11->0(6)
[2026-07-01T01:49:35.586+0000][3.988s][info][gc,heap     ] GC(27) Survivor regions: 4->2(2)
[2026-07-01T01:49:35.586+0000][3.988s][info][gc,heap     ] GC(27) Old regions: 57->69
[2026-07-01T01:49:35.586+0000][3.988s][info][gc,heap     ] GC(27) Humongous regions: 3->3
[2026-07-01T01:49:35.586+0000][3.988s][info][gc,metaspace] GC(27) Metaspace: 35600K(36288K)->35600K(36288K) NonClass: 30970K(31360K)->30970K(31360K) Class: 4629K(4928K)->4629K(4928K)
[2026-07-01T01:49:35.586+0000][3.988s][info][gc          ] GC(27) Pause Young (Prepare Mixed) (G1 Evacuation Pause) 74M->72M(95M) 8.188ms
[2026-07-01T01:49:35.586+0000][3.988s][info][gc,cpu      ] GC(27) User=0.01s Sys=0.00s Real=0.00s
[2026-07-01T01:49:35.591+0000][3.993s][info][gc,start    ] GC(28) Pause Young (Mixed) (G1 Evacuation Pause)
[2026-07-01T01:49:35.591+0000][3.993s][info][gc,task     ] GC(28) Using 2 workers of 2 for evacuation
[2026-07-01T01:49:35.595+0000][3.997s][info][gc,phases   ] GC(28)   Pre Evacuate Collection Set: 0.09ms
[2026-07-01T01:49:35.595+0000][3.997s][info][gc,phases   ] GC(28)   Merge Heap Roots: 0.04ms
[2026-07-01T01:49:35.595+0000][3.997s][info][gc,phases   ] GC(28)   Evacuate Collection Set: 3.90ms
[2026-07-01T01:49:35.595+0000][3.997s][info][gc,phases   ] GC(28)   Post Evacuate Collection Set: 0.24ms
[2026-07-01T01:49:35.596+0000][3.997s][info][gc,phases   ] GC(28)   Other: 0.03ms
[2026-07-01T01:49:35.596+0000][3.997s][info][gc,heap     ] GC(28) Eden regions: 6->0(5)
[2026-07-01T01:49:35.596+0000][3.997s][info][gc,heap     ] GC(28) Survivor regions: 2->1(1)
[2026-07-01T01:49:35.596+0000][3.997s][info][gc,heap     ] GC(28) Old regions: 69->74
[2026-07-01T01:49:35.596+0000][3.997s][info][gc,heap     ] GC(28) Humongous regions: 3->3
[2026-07-01T01:49:35.596+0000][3.997s][info][gc,metaspace] GC(28) Metaspace: 35600K(36288K)->35600K(36288K) NonClass: 30970K(31360K)->30970K(31360K) Class: 4629K(4928K)->4629K(4928K)
[2026-07-01T01:49:35.596+0000][3.997s][info][gc          ] GC(28) Pause Young (Mixed) (G1 Evacuation Pause) 78M->78M(95M) 4.401ms
[2026-07-01T01:49:35.596+0000][3.997s][info][gc,cpu      ] GC(28) User=0.01s Sys=0.00s Real=0.00s
[2026-07-01T01:49:35.602+0000][4.004s][info][gc,start    ] GC(29) Pause Young (Concurrent Start) (G1 Evacuation Pause)
[2026-07-01T01:49:35.602+0000][4.004s][info][gc,task     ] GC(29) Using 2 workers of 2 for evacuation
[2026-07-01T01:49:35.607+0000][4.009s][info][gc,phases   ] GC(29)   Pre Evacuate Collection Set: 0.09ms
[2026-07-01T01:49:35.607+0000][4.009s][info][gc,phases   ] GC(29)   Merge Heap Roots: 0.03ms
[2026-07-01T01:49:35.607+0000][4.009s][info][gc,phases   ] GC(29)   Evacuate Collection Set: 4.88ms
[2026-07-01T01:49:35.607+0000][4.009s][info][gc,phases   ] GC(29)   Post Evacuate Collection Set: 0.31ms
[2026-07-01T01:49:35.607+0000][4.009s][info][gc,phases   ] GC(29)   Other: 0.05ms
[2026-07-01T01:49:35.607+0000][4.009s][info][gc,heap     ] GC(29) Eden regions: 5->0(3)
[2026-07-01T01:49:35.607+0000][4.009s][info][gc,heap     ] GC(29) Survivor regions: 1->1(1)
[2026-07-01T01:49:35.607+0000][4.009s][info][gc,heap     ] GC(29) Old regions: 74->78
[2026-07-01T01:49:35.607+0000][4.009s][info][gc,heap     ] GC(29) Humongous regions: 3->3
[2026-07-01T01:49:35.607+0000][4.009s][info][gc,metaspace] GC(29) Metaspace: 35626K(36352K)->35626K(36352K) NonClass: 30986K(31424K)->30986K(31424K) Class: 4639K(4928K)->4639K(4928K)
[2026-07-01T01:49:35.608+0000][4.009s][info][gc          ] GC(29) Pause Young (Concurrent Start) (G1 Evacuation Pause) 83M->82M(95M) 5.450ms
[2026-07-01T01:49:35.608+0000][4.009s][info][gc,cpu      ] GC(29) User=0.01s Sys=0.00s Real=0.00s
[2026-07-01T01:49:35.608+0000][4.009s][info][gc          ] GC(30) Concurrent Mark Cycle
[2026-07-01T01:49:35.608+0000][4.009s][info][gc,marking  ] GC(30) Concurrent Scan Root Regions
[2026-07-01T01:49:35.612+0000][4.013s][info][gc,marking  ] GC(30) Concurrent Scan Root Regions 4.068ms
[2026-07-01T01:49:35.612+0000][4.013s][info][gc,marking  ] GC(30) Concurrent Mark
[2026-07-01T01:49:35.612+0000][4.013s][info][gc,marking  ] GC(30) Concurrent Mark From Roots
[2026-07-01T01:49:35.612+0000][4.013s][info][gc,task     ] GC(30) Using 1 workers of 1 for marking
[2026-07-01T01:49:35.613+0000][4.014s][info][gc,start    ] GC(31) Pause Young (Normal) (G1 Evacuation Pause)
[2026-07-01T01:49:35.613+0000][4.014s][info][gc,task     ] GC(31) Using 2 workers of 2 for evacuation
[2026-07-01T01:49:35.616+0000][4.018s][info][gc,phases   ] GC(31)   Pre Evacuate Collection Set: 0.07ms
[2026-07-01T01:49:35.616+0000][4.018s][info][gc,phases   ] GC(31)   Merge Heap Roots: 0.03ms
[2026-07-01T01:49:35.616+0000][4.018s][info][gc,phases   ] GC(31)   Evacuate Collection Set: 1.95ms
[2026-07-01T01:49:35.616+0000][4.018s][info][gc,phases   ] GC(31)   Post Evacuate Collection Set: 1.40ms
[2026-07-01T01:49:35.616+0000][4.018s][info][gc,phases   ] GC(31)   Other: 0.03ms
[2026-07-01T01:49:35.616+0000][4.018s][info][gc,heap     ] GC(31) Eden regions: 3->0(64)
[2026-07-01T01:49:35.616+0000][4.018s][info][gc,heap     ] GC(31) Survivor regions: 1->1(1)
[2026-07-01T01:49:35.616+0000][4.018s][info][gc,heap     ] GC(31) Old regions: 78->81
[2026-07-01T01:49:35.616+0000][4.018s][info][gc,heap     ] GC(31) Humongous regions: 3->3
[2026-07-01T01:49:35.616+0000][4.018s][info][gc,metaspace] GC(31) Metaspace: 35780K(36480K)->35780K(36480K) NonClass: 31124K(31552K)->31124K(31552K) Class: 4655K(4928K)->4655K(4928K)
[2026-07-01T01:49:35.616+0000][4.018s][info][gc          ] GC(31) Pause Young (Normal) (G1 Evacuation Pause) 85M->84M(285M) 3.591ms
[2026-07-01T01:49:35.617+0000][4.018s][info][gc,cpu      ] GC(31) User=0.00s Sys=0.00s Real=0.00s
[2026-07-01T01:49:35.770+0000][4.171s][info][gc,start    ] GC(32) Pause Young (Normal) (G1 Evacuation Pause)
[2026-07-01T01:49:35.770+0000][4.171s][info][gc,task     ] GC(32) Using 2 workers of 2 for evacuation
[2026-07-01T01:49:35.805+0000][4.207s][info][gc,phases   ] GC(32)   Pre Evacuate Collection Set: 0.14ms
[2026-07-01T01:49:35.805+0000][4.207s][info][gc,phases   ] GC(32)   Merge Heap Roots: 0.12ms
[2026-07-01T01:49:35.805+0000][4.207s][info][gc,phases   ] GC(32)   Evacuate Collection Set: 34.29ms
[2026-07-01T01:49:35.805+0000][4.207s][info][gc,phases   ] GC(32)   Post Evacuate Collection Set: 0.48ms
[2026-07-01T01:49:35.805+0000][4.207s][info][gc,phases   ] GC(32)   Other: 0.07ms
[2026-07-01T01:49:35.805+0000][4.207s][info][gc,heap     ] GC(32) Eden regions: 64->0(48)
[2026-07-01T01:49:35.805+0000][4.207s][info][gc,heap     ] GC(32) Survivor regions: 1->9(9)
[2026-07-01T01:49:35.805+0000][4.207s][info][gc,heap     ] GC(32) Old regions: 81->122
[2026-07-01T01:49:35.805+0000][4.207s][info][gc,heap     ] GC(32) Humongous regions: 6->6
[2026-07-01T01:49:35.805+0000][4.207s][info][gc,metaspace] GC(32) Metaspace: 36844K(37632K)->36844K(37632K) NonClass: 32054K(32512K)->32054K(32512K) Class: 4789K(5120K)->4789K(5120K)
[2026-07-01T01:49:35.805+0000][4.207s][info][gc          ] GC(32) Pause Young (Normal) (G1 Evacuation Pause) 151M->136M(285M) 35.237ms
[2026-07-01T01:49:35.805+0000][4.207s][info][gc,cpu      ] GC(32) User=0.06s Sys=0.01s Real=0.03s
[2026-07-01T01:49:35.882+0000][4.284s][info][gc,marking  ] GC(30) Concurrent Mark From Roots 270.507ms
[2026-07-01T01:49:35.882+0000][4.284s][info][gc,marking  ] GC(30) Concurrent Preclean
[2026-07-01T01:49:35.882+0000][4.284s][info][gc,marking  ] GC(30) Concurrent Preclean 0.057ms
[2026-07-01T01:49:35.882+0000][4.284s][info][gc,start    ] GC(30) Pause Remark
[2026-07-01T01:49:35.886+0000][4.288s][info][gc,heap     ] GC(30) Heap shrink completed: uncommitted 13 regions (13MB), heap size now 272MB
[2026-07-01T01:49:35.886+0000][4.288s][info][gc          ] GC(30) Pause Remark 158M->157M(272M) 4.093ms
[2026-07-01T01:49:35.886+0000][4.288s][info][gc,cpu      ] GC(30) User=0.00s Sys=0.00s Real=0.00s
[2026-07-01T01:49:35.888+0000][4.289s][info][gc,marking  ] GC(30) Concurrent Mark 276.157ms
[2026-07-01T01:49:35.888+0000][4.289s][info][gc,marking  ] GC(30) Concurrent Rebuild Remembered Sets and Scrub Regions
[2026-07-01T01:49:35.967+0000][4.368s][info][gc,marking  ] GC(30) Concurrent Rebuild Remembered Sets and Scrub Regions 79.082ms
[2026-07-01T01:49:35.967+0000][4.369s][info][gc,start    ] GC(30) Pause Cleanup
[2026-07-01T01:49:35.967+0000][4.369s][info][gc          ] GC(30) Pause Cleanup 160M->160M(272M) 0.153ms
[2026-07-01T01:49:35.967+0000][4.369s][info][gc,cpu      ] GC(30) User=0.00s Sys=0.00s Real=0.00s
[2026-07-01T01:49:35.968+0000][4.369s][info][gc,marking  ] GC(30) Concurrent Clear Claimed Marks
[2026-07-01T01:49:35.968+0000][4.369s][info][gc,marking  ] GC(30) Concurrent Clear Claimed Marks 0.072ms
[2026-07-01T01:49:35.968+0000][4.369s][info][gc,marking  ] GC(30) Concurrent Cleanup for Next Mark
[2026-07-01T01:49:35.970+0000][4.371s][info][gc,marking  ] GC(30) Concurrent Cleanup for Next Mark 2.082ms
[2026-07-01T01:49:35.970+0000][4.371s][info][gc          ] GC(30) Concurrent Mark Cycle 362.471ms
[2026-07-01T01:49:36.273+0000][4.674s][info][gc,start    ] GC(33) Pause Young (Prepare Mixed) (G1 Evacuation Pause)
[2026-07-01T01:49:36.273+0000][4.674s][info][gc,task     ] GC(33) Using 2 workers of 2 for evacuation
[2026-07-01T01:49:36.295+0000][4.696s][info][gc,phases   ] GC(33)   Pre Evacuate Collection Set: 0.15ms
[2026-07-01T01:49:36.295+0000][4.696s][info][gc,phases   ] GC(33)   Merge Heap Roots: 0.08ms
[2026-07-01T01:49:36.295+0000][4.696s][info][gc,phases   ] GC(33)   Evacuate Collection Set: 21.18ms
[2026-07-01T01:49:36.295+0000][4.696s][info][gc,phases   ] GC(33)   Post Evacuate Collection Set: 0.54ms
[2026-07-01T01:49:36.295+0000][4.696s][info][gc,phases   ] GC(33)   Other: 0.06ms
[2026-07-01T01:49:36.295+0000][4.697s][info][gc,heap     ] GC(33) Eden regions: 48->0(39)
[2026-07-01T01:49:36.295+0000][4.697s][info][gc,heap     ] GC(33) Survivor regions: 9->8(8)
[2026-07-01T01:49:36.295+0000][4.697s][info][gc,heap     ] GC(33) Old regions: 122->149
[2026-07-01T01:49:36.295+0000][4.697s][info][gc,heap     ] GC(33) Humongous regions: 5->5
[2026-07-01T01:49:36.295+0000][4.697s][info][gc,metaspace] GC(33) Metaspace: 39113K(39936K)->39113K(39936K) NonClass: 34028K(34496K)->34028K(34496K) Class: 5085K(5440K)->5085K(5440K)
[2026-07-01T01:49:36.295+0000][4.697s][info][gc          ] GC(33) Pause Young (Prepare Mixed) (G1 Evacuation Pause) 183M->161M(272M) 22.152ms
[2026-07-01T01:49:36.295+0000][4.697s][info][gc,cpu      ] GC(33) User=0.04s Sys=0.00s Real=0.02s
[2026-07-01T01:49:37.593+0000][5.995s][info][gc,start    ] GC(34) Pause Young (Mixed) (G1 Evacuation Pause)
[2026-07-01T01:49:37.593+0000][5.995s][info][gc,task     ] GC(34) Using 2 workers of 2 for evacuation
[2026-07-01T01:49:37.600+0000][6.001s][info][gc,phases   ] GC(34)   Pre Evacuate Collection Set: 0.16ms
[2026-07-01T01:49:37.600+0000][6.001s][info][gc,phases   ] GC(34)   Merge Heap Roots: 0.08ms
[2026-07-01T01:49:37.600+0000][6.001s][info][gc,phases   ] GC(34)   Evacuate Collection Set: 5.72ms
[2026-07-01T01:49:37.600+0000][6.001s][info][gc,phases   ] GC(34)   Post Evacuate Collection Set: 0.43ms
[2026-07-01T01:49:37.600+0000][6.001s][info][gc,phases   ] GC(34)   Other: 0.14ms
[2026-07-01T01:49:37.600+0000][6.001s][info][gc,heap     ] GC(34) Eden regions: 39->0(42)
[2026-07-01T01:49:37.600+0000][6.001s][info][gc,heap     ] GC(34) Survivor regions: 8->3(6)
[2026-07-01T01:49:37.600+0000][6.001s][info][gc,heap     ] GC(34) Old regions: 149->155
[2026-07-01T01:49:37.600+0000][6.001s][info][gc,heap     ] GC(34) Humongous regions: 5->5
[2026-07-01T01:49:37.600+0000][6.001s][info][gc,metaspace] GC(34) Metaspace: 40399K(41216K)->40399K(41216K) NonClass: 35264K(35712K)->35264K(35712K) Class: 5134K(5504K)->5134K(5504K)
[2026-07-01T01:49:37.600+0000][6.001s][info][gc          ] GC(34) Pause Young (Mixed) (G1 Evacuation Pause) 200M->162M(272M) 6.688ms
[2026-07-01T01:49:37.600+0000][6.001s][info][gc,cpu      ] GC(34) User=0.01s Sys=0.00s Real=0.01s
[2026-07-01T01:49:38.870+0000][7.271s][info][gc,start    ] GC(35) Pause Young (Concurrent Start) (G1 Evacuation Pause)
[2026-07-01T01:49:38.870+0000][7.271s][info][gc,task     ] GC(35) Using 2 workers of 2 for evacuation
[2026-07-01T01:49:38.875+0000][7.276s][info][gc,phases   ] GC(35)   Pre Evacuate Collection Set: 0.22ms
[2026-07-01T01:49:38.875+0000][7.276s][info][gc,phases   ] GC(35)   Merge Heap Roots: 0.15ms
[2026-07-01T01:49:38.875+0000][7.276s][info][gc,phases   ] GC(35)   Evacuate Collection Set: 4.03ms
[2026-07-01T01:49:38.875+0000][7.276s][info][gc,phases   ] GC(35)   Post Evacuate Collection Set: 0.37ms
[2026-07-01T01:49:38.875+0000][7.276s][info][gc,phases   ] GC(35)   Other: 0.07ms
[2026-07-01T01:49:38.875+0000][7.276s][info][gc,heap     ] GC(35) Eden regions: 42->0(48)
[2026-07-01T01:49:38.875+0000][7.276s][info][gc,heap     ] GC(35) Survivor regions: 3->3(6)
[2026-07-01T01:49:38.875+0000][7.276s][info][gc,heap     ] GC(35) Old regions: 155->155
[2026-07-01T01:49:38.875+0000][7.276s][info][gc,heap     ] GC(35) Humongous regions: 5->5
[2026-07-01T01:49:38.875+0000][7.276s][info][gc,metaspace] GC(35) Metaspace: 40553K(41344K)->40553K(41344K) NonClass: 35417K(35840K)->35417K(35840K) Class: 5135K(5504K)->5135K(5504K)
[2026-07-01T01:49:38.875+0000][7.276s][info][gc          ] GC(35) Pause Young (Concurrent Start) (G1 Evacuation Pause) 204M->162M(272M) 5.001ms
[2026-07-01T01:49:38.875+0000][7.276s][info][gc,cpu      ] GC(35) User=0.02s Sys=0.00s Real=0.00s
[2026-07-01T01:49:38.886+0000][7.288s][info][gc          ] GC(36) Concurrent Mark Cycle
[2026-07-01T01:49:38.886+0000][7.288s][info][gc,marking  ] GC(36) Concurrent Scan Root Regions
[2026-07-01T01:49:38.893+0000][7.294s][info][gc,marking  ] GC(36) Concurrent Scan Root Regions 6.219ms
[2026-07-01T01:49:38.893+0000][7.294s][info][gc,marking  ] GC(36) Concurrent Mark
[2026-07-01T01:49:38.893+0000][7.294s][info][gc,marking  ] GC(36) Concurrent Mark From Roots
[2026-07-01T01:49:38.893+0000][7.294s][info][gc,task     ] GC(36) Using 1 workers of 1 for marking
[2026-07-01T01:49:40.206+0000][8.607s][info][gc,start    ] GC(37) Pause Young (Normal) (G1 Evacuation Pause)
[2026-07-01T01:49:40.206+0000][8.607s][info][gc,task     ] GC(37) Using 2 workers of 2 for evacuation
[2026-07-01T01:49:40.210+0000][8.611s][info][gc,phases   ] GC(37)   Pre Evacuate Collection Set: 0.11ms
[2026-07-01T01:49:40.210+0000][8.611s][info][gc,phases   ] GC(37)   Merge Heap Roots: 0.11ms
[2026-07-01T01:49:40.210+0000][8.611s][info][gc,phases   ] GC(37)   Evacuate Collection Set: 3.27ms
[2026-07-01T01:49:40.210+0000][8.611s][info][gc,phases   ] GC(37)   Post Evacuate Collection Set: 0.36ms
[2026-07-01T01:49:40.210+0000][8.611s][info][gc,phases   ] GC(37)   Other: 0.07ms
[2026-07-01T01:49:40.210+0000][8.611s][info][gc,heap     ] GC(37) Eden regions: 48->0(53)
[2026-07-01T01:49:40.210+0000][8.611s][info][gc,heap     ] GC(37) Survivor regions: 3->3(7)
[2026-07-01T01:49:40.210+0000][8.611s][info][gc,heap     ] GC(37) Old regions: 155->155
[2026-07-01T01:49:40.210+0000][8.611s][info][gc,heap     ] GC(37) Humongous regions: 5->5
[2026-07-01T01:49:40.210+0000][8.611s][info][gc,metaspace] GC(37) Metaspace: 40782K(41600K)->40782K(41600K) NonClass: 35646K(36096K)->35646K(36096K) Class: 5136K(5504K)->5136K(5504K)
[2026-07-01T01:49:40.210+0000][8.611s][info][gc          ] GC(37) Pause Young (Normal) (G1 Evacuation Pause) 210M->162M(272M) 4.051ms
[2026-07-01T01:49:40.210+0000][8.611s][info][gc,cpu      ] GC(37) User=0.01s Sys=0.00s Real=0.01s
[2026-07-01T01:49:40.934+0000][9.335s][info][gc,marking  ] GC(36) Concurrent Mark From Roots 2041.351ms
[2026-07-01T01:49:40.934+0000][9.335s][info][gc,marking  ] GC(36) Concurrent Preclean
[2026-07-01T01:49:40.934+0000][9.335s][info][gc,marking  ] GC(36) Concurrent Preclean 0.056ms
[2026-07-01T01:49:40.943+0000][9.344s][info][gc,start    ] GC(36) Pause Remark
[2026-07-01T01:49:40.953+0000][9.355s][info][gc          ] GC(36) Pause Remark 187M->185M(272M) 10.270ms
[2026-07-01T01:49:40.953+0000][9.355s][info][gc,cpu      ] GC(36) User=0.02s Sys=0.00s Real=0.01s
[2026-07-01T01:49:40.970+0000][9.372s][info][gc,marking  ] GC(36) Concurrent Mark 2077.864ms
[2026-07-01T01:49:40.970+0000][9.372s][info][gc,marking  ] GC(36) Concurrent Rebuild Remembered Sets and Scrub Regions
[2026-07-01T01:49:41.305+0000][9.707s][info][gc,marking  ] GC(36) Concurrent Rebuild Remembered Sets and Scrub Regions 334.893ms
[2026-07-01T01:49:41.307+0000][9.708s][info][gc,start    ] GC(36) Pause Cleanup
[2026-07-01T01:49:41.307+0000][9.709s][info][gc          ] GC(36) Pause Cleanup 199M->199M(272M) 0.187ms
[2026-07-01T01:49:41.307+0000][9.709s][info][gc,cpu      ] GC(36) User=0.00s Sys=0.00s Real=0.00s
[2026-07-01T01:49:41.314+0000][9.716s][info][gc,marking  ] GC(36) Concurrent Clear Claimed Marks
[2026-07-01T01:49:41.315+0000][9.716s][info][gc,marking  ] GC(36) Concurrent Clear Claimed Marks 0.087ms
[2026-07-01T01:49:41.315+0000][9.716s][info][gc,marking  ] GC(36) Concurrent Cleanup for Next Mark
[2026-07-01T01:49:41.319+0000][9.721s][info][gc,marking  ] GC(36) Concurrent Cleanup for Next Mark 4.924ms
[2026-07-01T01:49:41.319+0000][9.721s][info][gc          ] GC(36) Concurrent Mark Cycle 2433.223ms
[2026-07-01T01:49:41.614+0000][10.015s][info][gc,start    ] GC(38) Pause Young (Prepare Mixed) (G1 Evacuation Pause)
[2026-07-01T01:49:41.614+0000][10.015s][info][gc,task     ] GC(38) Using 2 workers of 2 for evacuation
[2026-07-01T01:49:41.618+0000][10.020s][info][gc,phases   ] GC(38)   Pre Evacuate Collection Set: 0.15ms
[2026-07-01T01:49:41.618+0000][10.020s][info][gc,phases   ] GC(38)   Merge Heap Roots: 0.14ms
[2026-07-01T01:49:41.618+0000][10.020s][info][gc,phases   ] GC(38)   Evacuate Collection Set: 3.96ms
[2026-07-01T01:49:41.618+0000][10.020s][info][gc,phases   ] GC(38)   Post Evacuate Collection Set: 0.38ms
[2026-07-01T01:49:41.618+0000][10.020s][info][gc,phases   ] GC(38)   Other: 0.07ms
[2026-07-01T01:49:41.618+0000][10.020s][info][gc,heap     ] GC(38) Eden regions: 53->0(59)
[2026-07-01T01:49:41.618+0000][10.020s][info][gc,heap     ] GC(38) Survivor regions: 3->4(7)
[2026-07-01T01:49:41.618+0000][10.020s][info][gc,heap     ] GC(38) Old regions: 155->155
[2026-07-01T01:49:41.618+0000][10.020s][info][gc,heap     ] GC(38) Humongous regions: 3->3
[2026-07-01T01:49:41.618+0000][10.020s][info][gc,metaspace] GC(38) Metaspace: 41024K(41856K)->41024K(41856K) NonClass: 35890K(36352K)->35890K(36352K) Class: 5133K(5504K)->5133K(5504K)
[2026-07-01T01:49:41.618+0000][10.020s][info][gc          ] GC(38) Pause Young (Prepare Mixed) (G1 Evacuation Pause) 213M->161M(272M) 4.837ms
[2026-07-01T01:49:41.618+0000][10.020s][info][gc,cpu      ] GC(38) User=0.01s Sys=0.00s Real=0.01s
[2026-07-01T01:49:42.821+0000][11.223s][info][gc,start    ] GC(39) Pause Young (Mixed) (G1 Evacuation Pause)
[2026-07-01T01:49:42.821+0000][11.223s][info][gc,task     ] GC(39) Using 2 workers of 2 for evacuation
[2026-07-01T01:49:42.828+0000][11.230s][info][gc,phases   ] GC(39)   Pre Evacuate Collection Set: 0.14ms
[2026-07-01T01:49:42.828+0000][11.230s][info][gc,phases   ] GC(39)   Merge Heap Roots: 0.12ms
[2026-07-01T01:49:42.828+0000][11.230s][info][gc,phases   ] GC(39)   Evacuate Collection Set: 6.25ms
[2026-07-01T01:49:42.828+0000][11.230s][info][gc,phases   ] GC(39)   Post Evacuate Collection Set: 0.45ms
[2026-07-01T01:49:42.828+0000][11.230s][info][gc,phases   ] GC(39)   Other: 0.06ms
[2026-07-01T01:49:42.828+0000][11.230s][info][gc,heap     ] GC(39) Eden regions: 59->0(63)
[2026-07-01T01:49:42.828+0000][11.230s][info][gc,heap     ] GC(39) Survivor regions: 4->5(8)
[2026-07-01T01:49:42.828+0000][11.230s][info][gc,heap     ] GC(39) Old regions: 155->153
[2026-07-01T01:49:42.828+0000][11.230s][info][gc,heap     ] GC(39) Humongous regions: 3->3
[2026-07-01T01:49:42.828+0000][11.230s][info][gc,metaspace] GC(39) Metaspace: 41183K(41984K)->41183K(41984K) NonClass: 36049K(36480K)->36049K(36480K) Class: 5133K(5504K)->5133K(5504K)
[2026-07-01T01:49:42.828+0000][11.230s][info][gc          ] GC(39) Pause Young (Mixed) (G1 Evacuation Pause) 220M->160M(272M) 7.161ms
[2026-07-01T01:49:42.828+0000][11.230s][info][gc,cpu      ] GC(39) User=0.02s Sys=0.00s Real=0.01s
[2026-07-01T01:49:43.874+0000][12.276s][info][gc,start    ] GC(40) Pause Young (Concurrent Start) (G1 Evacuation Pause)
[2026-07-01T01:49:43.874+0000][12.276s][info][gc,task     ] GC(40) Using 2 workers of 2 for evacuation
[2026-07-01T01:49:43.880+0000][12.282s][info][gc,phases   ] GC(40)   Pre Evacuate Collection Set: 0.19ms
[2026-07-01T01:49:43.880+0000][12.282s][info][gc,phases   ] GC(40)   Merge Heap Roots: 0.13ms
[2026-07-01T01:49:43.880+0000][12.282s][info][gc,phases   ] GC(40)   Evacuate Collection Set: 5.28ms
[2026-07-01T01:49:43.880+0000][12.282s][info][gc,phases   ] GC(40)   Post Evacuate Collection Set: 0.41ms
[2026-07-01T01:49:43.880+0000][12.282s][info][gc,phases   ] GC(40)   Other: 0.08ms
[2026-07-01T01:49:43.880+0000][12.282s][info][gc,heap     ] GC(40) Eden regions: 63->0(68)
[2026-07-01T01:49:43.880+0000][12.282s][info][gc,heap     ] GC(40) Survivor regions: 5->6(9)
[2026-07-01T01:49:43.880+0000][12.282s][info][gc,heap     ] GC(40) Old regions: 153->153
[2026-07-01T01:49:43.880+0000][12.282s][info][gc,heap     ] GC(40) Humongous regions: 3->3
[2026-07-01T01:49:43.880+0000][12.282s][info][gc,metaspace] GC(40) Metaspace: 41323K(42112K)->41323K(42112K) NonClass: 36189K(36608K)->36189K(36608K) Class: 5133K(5504K)->5133K(5504K)
[2026-07-01T01:49:43.880+0000][12.282s][info][gc          ] GC(40) Pause Young (Concurrent Start) (G1 Evacuation Pause) 223M->161M(272M) 6.215ms
[2026-07-01T01:49:43.880+0000][12.282s][info][gc          ] GC(41) Concurrent Mark Cycle
[2026-07-01T01:49:43.880+0000][12.282s][info][gc,marking  ] GC(41) Concurrent Scan Root Regions
[2026-07-01T01:49:43.880+0000][12.282s][info][gc,cpu      ] GC(40) User=0.01s Sys=0.00s Real=0.01s
[2026-07-01T01:49:43.889+0000][12.290s][info][gc,marking  ] GC(41) Concurrent Scan Root Regions 8.180ms
[2026-07-01T01:49:43.889+0000][12.290s][info][gc,marking  ] GC(41) Concurrent Mark
[2026-07-01T01:49:43.889+0000][12.290s][info][gc,marking  ] GC(41) Concurrent Mark From Roots
[2026-07-01T01:49:43.889+0000][12.290s][info][gc,task     ] GC(41) Using 1 workers of 1 for marking
[2026-07-01T01:49:44.919+0000][13.320s][info][gc,start    ] GC(42) Pause Young (Normal) (G1 Evacuation Pause)
[2026-07-01T01:49:44.919+0000][13.320s][info][gc,task     ] GC(42) Using 2 workers of 2 for evacuation
[2026-07-01T01:49:44.927+0000][13.329s][info][gc,phases   ] GC(42)   Pre Evacuate Collection Set: 0.17ms
[2026-07-01T01:49:44.927+0000][13.329s][info][gc,phases   ] GC(42)   Merge Heap Roots: 0.12ms
[2026-07-01T01:49:44.927+0000][13.329s][info][gc,phases   ] GC(42)   Evacuate Collection Set: 7.42ms
[2026-07-01T01:49:44.927+0000][13.329s][info][gc,phases   ] GC(42)   Post Evacuate Collection Set: 0.58ms
[2026-07-01T01:49:44.927+0000][13.329s][info][gc,phases   ] GC(42)   Other: 0.07ms
[2026-07-01T01:49:44.927+0000][13.329s][info][gc,heap     ] GC(42) Eden regions: 68->0(79)
[2026-07-01T01:49:44.927+0000][13.329s][info][gc,heap     ] GC(42) Survivor regions: 6->4(10)
[2026-07-01T01:49:44.927+0000][13.329s][info][gc,heap     ] GC(42) Old regions: 153->156
[2026-07-01T01:49:44.927+0000][13.329s][info][gc,heap     ] GC(42) Humongous regions: 3->3
[2026-07-01T01:49:44.927+0000][13.329s][info][gc,metaspace] GC(42) Metaspace: 41542K(42368K)->41542K(42368K) NonClass: 36406K(36864K)->36406K(36864K) Class: 5136K(5504K)->5136K(5504K)
[2026-07-01T01:49:44.927+0000][13.329s][info][gc          ] GC(42) Pause Young (Normal) (G1 Evacuation Pause) 229M->161M(272M) 8.542ms
[2026-07-01T01:49:44.927+0000][13.329s][info][gc,cpu      ] GC(42) User=0.02s Sys=0.00s Real=0.00s
[2026-07-01T01:49:45.337+0000][13.738s][info][gc,marking  ] GC(41) Concurrent Mark From Roots 1448.279ms
[2026-07-01T01:49:45.337+0000][13.738s][info][gc,marking  ] GC(41) Concurrent Preclean
[2026-07-01T01:49:45.337+0000][13.739s][info][gc,marking  ] GC(41) Concurrent Preclean 0.125ms
[2026-07-01T01:49:45.338+0000][13.740s][info][gc,start    ] GC(41) Pause Remark
[2026-07-01T01:49:45.351+0000][13.752s][info][gc          ] GC(41) Pause Remark 196M->196M(272M) 12.630ms
[2026-07-01T01:49:45.351+0000][13.752s][info][gc,cpu      ] GC(41) User=0.03s Sys=0.00s Real=0.01s
[2026-07-01T01:49:45.354+0000][13.756s][info][gc,marking  ] GC(41) Concurrent Mark 1465.385ms
[2026-07-01T01:49:45.354+0000][13.756s][info][gc,marking  ] GC(41) Concurrent Rebuild Remembered Sets and Scrub Regions
[2026-07-01T01:49:45.580+0000][13.982s][info][gc,marking  ] GC(41) Concurrent Rebuild Remembered Sets and Scrub Regions 226.354ms
[2026-07-01T01:49:45.581+0000][13.982s][info][gc,start    ] GC(41) Pause Cleanup
[2026-07-01T01:49:45.581+0000][13.983s][info][gc          ] GC(41) Pause Cleanup 211M->211M(272M) 0.192ms
[2026-07-01T01:49:45.581+0000][13.983s][info][gc,cpu      ] GC(41) User=0.00s Sys=0.00s Real=0.00s
[2026-07-01T01:49:45.586+0000][13.988s][info][gc,marking  ] GC(41) Concurrent Clear Claimed Marks
[2026-07-01T01:49:45.586+0000][13.988s][info][gc,marking  ] GC(41) Concurrent Clear Claimed Marks 0.094ms
[2026-07-01T01:49:45.586+0000][13.988s][info][gc,marking  ] GC(41) Concurrent Cleanup for Next Mark
[2026-07-01T01:49:45.591+0000][13.993s][info][gc,marking  ] GC(41) Concurrent Cleanup for Next Mark 5.017ms
[2026-07-01T01:49:45.591+0000][13.993s][info][gc          ] GC(41) Concurrent Mark Cycle 1710.946ms
[2026-07-01T01:49:45.901+0000][14.302s][info][gc,start    ] GC(43) Pause Young (Prepare Mixed) (G1 Evacuation Pause)
[2026-07-01T01:49:45.901+0000][14.302s][info][gc,task     ] GC(43) Using 2 workers of 2 for evacuation
[2026-07-01T01:49:45.909+0000][14.310s][info][gc,phases   ] GC(43)   Pre Evacuate Collection Set: 0.13ms
[2026-07-01T01:49:45.909+0000][14.310s][info][gc,phases   ] GC(43)   Merge Heap Roots: 0.18ms
[2026-07-01T01:49:45.909+0000][14.310s][info][gc,phases   ] GC(43)   Evacuate Collection Set: 6.84ms
[2026-07-01T01:49:45.909+0000][14.310s][info][gc,phases   ] GC(43)   Post Evacuate Collection Set: 0.44ms
[2026-07-01T01:49:45.909+0000][14.310s][info][gc,phases   ] GC(43)   Other: 0.10ms
[2026-07-01T01:49:45.909+0000][14.310s][info][gc,heap     ] GC(43) Eden regions: 79->0(85)
[2026-07-01T01:49:45.909+0000][14.310s][info][gc,heap     ] GC(43) Survivor regions: 4->4(11)
[2026-07-01T01:49:45.909+0000][14.310s][info][gc,heap     ] GC(43) Old regions: 156->156
[2026-07-01T01:49:45.909+0000][14.310s][info][gc,heap     ] GC(43) Humongous regions: 3->3
[2026-07-01T01:49:45.909+0000][14.310s][info][gc,metaspace] GC(43) Metaspace: 41556K(42368K)->41556K(42368K) NonClass: 36420K(36864K)->36420K(36864K) Class: 5136K(5504K)->5136K(5504K)
[2026-07-01T01:49:45.909+0000][14.310s][info][gc          ] GC(43) Pause Young (Prepare Mixed) (G1 Evacuation Pause) 240M->161M(272M) 7.857ms
[2026-07-01T01:49:45.909+0000][14.310s][info][gc,cpu      ] GC(43) User=0.02s Sys=0.00s Real=0.01s
[2026-07-01T01:49:46.840+0000][15.241s][info][gc,start    ] GC(44) Pause Young (Mixed) (G1 Evacuation Pause)
[2026-07-01T01:49:46.840+0000][15.241s][info][gc,task     ] GC(44) Using 2 workers of 2 for evacuation
[2026-07-01T01:49:46.856+0000][15.258s][info][gc,phases   ] GC(44)   Pre Evacuate Collection Set: 0.41ms
[2026-07-01T01:49:46.856+0000][15.258s][info][gc,phases   ] GC(44)   Merge Heap Roots: 0.27ms
[2026-07-01T01:49:46.856+0000][15.258s][info][gc,phases   ] GC(44)   Evacuate Collection Set: 15.13ms
[2026-07-01T01:49:46.856+0000][15.258s][info][gc,phases   ] GC(44)   Post Evacuate Collection Set: 0.47ms
[2026-07-01T01:49:46.856+0000][15.258s][info][gc,phases   ] GC(44)   Other: 0.06ms
[2026-07-01T01:49:46.856+0000][15.258s][info][gc,heap     ] GC(44) Eden regions: 85->0(90)
[2026-07-01T01:49:46.856+0000][15.258s][info][gc,heap     ] GC(44) Survivor regions: 4->4(12)
[2026-07-01T01:49:46.856+0000][15.258s][info][gc,heap     ] GC(44) Old regions: 156->154
[2026-07-01T01:49:46.856+0000][15.258s][info][gc,heap     ] GC(44) Humongous regions: 3->3
[2026-07-01T01:49:46.856+0000][15.258s][info][gc,metaspace] GC(44) Metaspace: 41570K(42368K)->41570K(42368K) NonClass: 36433K(36864K)->36433K(36864K) Class: 5136K(5504K)->5136K(5504K)
[2026-07-01T01:49:46.856+0000][15.258s][info][gc          ] GC(44) Pause Young (Mixed) (G1 Evacuation Pause) 246M->160M(272M) 16.521ms
[2026-07-01T01:49:46.856+0000][15.258s][info][gc,cpu      ] GC(44) User=0.02s Sys=0.00s Real=0.01s
[2026-07-01T01:49:47.717+0000][16.118s][info][gc,start    ] GC(45) Pause Young (Concurrent Start) (G1 Evacuation Pause)
[2026-07-01T01:49:47.717+0000][16.118s][info][gc,task     ] GC(45) Using 2 workers of 2 for evacuation
[2026-07-01T01:49:47.726+0000][16.127s][info][gc,phases   ] GC(45)   Pre Evacuate Collection Set: 0.16ms
[2026-07-01T01:49:47.726+0000][16.127s][info][gc,phases   ] GC(45)   Merge Heap Roots: 0.17ms
[2026-07-01T01:49:47.726+0000][16.127s][info][gc,phases   ] GC(45)   Evacuate Collection Set: 8.03ms
[2026-07-01T01:49:47.726+0000][16.127s][info][gc,phases   ] GC(45)   Post Evacuate Collection Set: 0.44ms
[2026-07-01T01:49:47.726+0000][16.127s][info][gc,phases   ] GC(45)   Other: 0.09ms
[2026-07-01T01:49:47.726+0000][16.127s][info][gc,heap     ] GC(45) Eden regions: 90->0(94)
[2026-07-01T01:49:47.726+0000][16.127s][info][gc,heap     ] GC(45) Survivor regions: 4->4(12)
[2026-07-01T01:49:47.726+0000][16.127s][info][gc,heap     ] GC(45) Old regions: 154->154
[2026-07-01T01:49:47.726+0000][16.127s][info][gc,heap     ] GC(45) Humongous regions: 3->3
[2026-07-01T01:49:47.726+0000][16.127s][info][gc,metaspace] GC(45) Metaspace: 41580K(42368K)->41580K(42368K) NonClass: 36444K(36864K)->36444K(36864K) Class: 5136K(5504K)->5136K(5504K)
[2026-07-01T01:49:47.726+0000][16.127s][info][gc          ] GC(45) Pause Young (Concurrent Start) (G1 Evacuation Pause) 250M->160M(272M) 9.028ms
[2026-07-01T01:49:47.726+0000][16.127s][info][gc,cpu      ] GC(45) User=0.02s Sys=0.00s Real=0.01s
[2026-07-01T01:49:47.726+0000][16.127s][info][gc          ] GC(46) Concurrent Mark Cycle
[2026-07-01T01:49:47.726+0000][16.127s][info][gc,marking  ] GC(46) Concurrent Scan Root Regions
[2026-07-01T01:49:47.729+0000][16.131s][info][gc,marking  ] GC(46) Concurrent Scan Root Regions 3.484ms
[2026-07-01T01:49:47.730+0000][16.131s][info][gc,marking  ] GC(46) Concurrent Mark
[2026-07-01T01:49:47.730+0000][16.131s][info][gc,marking  ] GC(46) Concurrent Mark From Roots
[2026-07-01T01:49:47.730+0000][16.131s][info][gc,task     ] GC(46) Using 1 workers of 1 for marking
[2026-07-01T01:49:48.785+0000][17.186s][info][gc,marking  ] GC(46) Concurrent Mark From Roots 1055.043ms
[2026-07-01T01:49:48.785+0000][17.186s][info][gc,marking  ] GC(46) Concurrent Preclean
[2026-07-01T01:49:48.785+0000][17.186s][info][gc,marking  ] GC(46) Concurrent Preclean 0.069ms
[2026-07-01T01:49:48.787+0000][17.189s][info][gc,start    ] GC(46) Pause Remark
[2026-07-01T01:49:48.798+0000][17.199s][info][gc          ] GC(46) Pause Remark 241M->241M(272M) 10.378ms
[2026-07-01T01:49:48.798+0000][17.199s][info][gc,cpu      ] GC(46) User=0.02s Sys=0.00s Real=0.01s
[2026-07-01T01:49:48.805+0000][17.206s][info][gc,marking  ] GC(46) Concurrent Mark 1075.358ms
[2026-07-01T01:49:48.805+0000][17.207s][info][gc,marking  ] GC(46) Concurrent Rebuild Remembered Sets and Scrub Regions
[2026-07-01T01:49:48.916+0000][17.317s][info][gc,start    ] GC(47) Pause Young (Normal) (G1 Evacuation Pause)
[2026-07-01T01:49:48.916+0000][17.317s][info][gc,task     ] GC(47) Using 2 workers of 2 for evacuation
[2026-07-01T01:49:48.926+0000][17.328s][info][gc,phases   ] GC(47)   Pre Evacuate Collection Set: 0.16ms
[2026-07-01T01:49:48.926+0000][17.328s][info][gc,phases   ] GC(47)   Merge Heap Roots: 0.17ms
[2026-07-01T01:49:48.926+0000][17.328s][info][gc,phases   ] GC(47)   Evacuate Collection Set: 9.54ms
[2026-07-01T01:49:48.926+0000][17.328s][info][gc,phases   ] GC(47)   Post Evacuate Collection Set: 0.55ms
[2026-07-01T01:49:48.926+0000][17.328s][info][gc,phases   ] GC(47)   Other: 0.05ms
[2026-07-01T01:49:48.926+0000][17.328s][info][gc,heap     ] GC(47) Eden regions: 94->0(95)
[2026-07-01T01:49:48.926+0000][17.328s][info][gc,heap     ] GC(47) Survivor regions: 4->5(13)
[2026-07-01T01:49:48.926+0000][17.328s][info][gc,heap     ] GC(47) Old regions: 154->154
[2026-07-01T01:49:48.926+0000][17.328s][info][gc,heap     ] GC(47) Humongous regions: 3->3
[2026-07-01T01:49:48.926+0000][17.328s][info][gc,metaspace] GC(47) Metaspace: 41604K(42368K)->41604K(42368K) NonClass: 36469K(36864K)->36469K(36864K) Class: 5134K(5504K)->5134K(5504K)
[2026-07-01T01:49:48.926+0000][17.328s][info][gc          ] GC(47) Pause Young (Normal) (G1 Evacuation Pause) 254M->160M(272M) 10.614ms
[2026-07-01T01:49:48.926+0000][17.328s][info][gc,cpu      ] GC(47) User=0.02s Sys=0.00s Real=0.01s
[2026-07-01T01:49:49.235+0000][17.637s][info][gc,marking  ] GC(46) Concurrent Rebuild Remembered Sets and Scrub Regions 430.316ms
[2026-07-01T01:49:49.262+0000][17.664s][info][gc,start    ] GC(46) Pause Cleanup
[2026-07-01T01:49:49.262+0000][17.664s][info][gc          ] GC(46) Pause Cleanup 191M->191M(272M) 0.160ms
[2026-07-01T01:49:49.262+0000][17.664s][info][gc,cpu      ] GC(46) User=0.00s Sys=0.00s Real=0.00s
[2026-07-01T01:49:49.263+0000][17.665s][info][gc,marking  ] GC(46) Concurrent Clear Claimed Marks
[2026-07-01T01:49:49.263+0000][17.665s][info][gc,marking  ] GC(46) Concurrent Clear Claimed Marks 0.087ms
[2026-07-01T01:49:49.263+0000][17.665s][info][gc,marking  ] GC(46) Concurrent Cleanup for Next Mark
[2026-07-01T01:49:49.264+0000][17.666s][info][gc,marking  ] GC(46) Concurrent Cleanup for Next Mark 0.936ms
[2026-07-01T01:49:49.264+0000][17.666s][info][gc          ] GC(46) Concurrent Mark Cycle 1538.307ms
[2026-07-01T01:49:49.872+0000][18.274s][info][gc,start    ] GC(48) Pause Young (Prepare Mixed) (G1 Evacuation Pause)
[2026-07-01T01:49:49.872+0000][18.274s][info][gc,task     ] GC(48) Using 2 workers of 2 for evacuation
[2026-07-01T01:49:49.881+0000][18.282s][info][gc,phases   ] GC(48)   Pre Evacuate Collection Set: 0.15ms
[2026-07-01T01:49:49.881+0000][18.282s][info][gc,phases   ] GC(48)   Merge Heap Roots: 0.24ms
[2026-07-01T01:49:49.881+0000][18.282s][info][gc,phases   ] GC(48)   Evacuate Collection Set: 7.65ms
[2026-07-01T01:49:49.881+0000][18.282s][info][gc,phases   ] GC(48)   Post Evacuate Collection Set: 0.43ms
[2026-07-01T01:49:49.881+0000][18.282s][info][gc,phases   ] GC(48)   Other: 0.07ms
[2026-07-01T01:49:49.881+0000][18.282s][info][gc,heap     ] GC(48) Eden regions: 95->0(95)
[2026-07-01T01:49:49.881+0000][18.282s][info][gc,heap     ] GC(48) Survivor regions: 5->5(13)
[2026-07-01T01:49:49.881+0000][18.282s][info][gc,heap     ] GC(48) Old regions: 154->154
[2026-07-01T01:49:49.881+0000][18.282s][info][gc,heap     ] GC(48) Humongous regions: 3->3
[2026-07-01T01:49:49.881+0000][18.282s][info][gc,metaspace] GC(48) Metaspace: 41612K(42432K)->41612K(42432K) NonClass: 36477K(36928K)->36477K(36928K) Class: 5134K(5504K)->5134K(5504K)
[2026-07-01T01:49:49.881+0000][18.282s][info][gc          ] GC(48) Pause Young (Prepare Mixed) (G1 Evacuation Pause) 255M->161M(272M) 8.669ms
[2026-07-01T01:49:49.881+0000][18.282s][info][gc,cpu      ] GC(48) User=0.02s Sys=0.00s Real=0.01s
[2026-07-01T01:49:50.972+0000][19.374s][info][gc,start    ] GC(49) Pause Young (Mixed) (G1 Evacuation Pause)
[2026-07-01T01:49:50.972+0000][19.374s][info][gc,task     ] GC(49) Using 2 workers of 2 for evacuation
[2026-07-01T01:49:50.984+0000][19.385s][info][gc,phases   ] GC(49)   Pre Evacuate Collection Set: 0.17ms
[2026-07-01T01:49:50.984+0000][19.385s][info][gc,phases   ] GC(49)   Merge Heap Roots: 0.38ms
[2026-07-01T01:49:50.984+0000][19.385s][info][gc,phases   ] GC(49)   Evacuate Collection Set: 10.24ms
[2026-07-01T01:49:50.984+0000][19.385s][info][gc,phases   ] GC(49)   Post Evacuate Collection Set: 0.55ms
[2026-07-01T01:49:50.984+0000][19.385s][info][gc,phases   ] GC(49)   Other: 0.05ms
[2026-07-01T01:49:50.984+0000][19.385s][info][gc,heap     ] GC(49) Eden regions: 95->0(96)
[2026-07-01T01:49:50.984+0000][19.385s][info][gc,heap     ] GC(49) Survivor regions: 5->5(13)
[2026-07-01T01:49:50.984+0000][19.385s][info][gc,heap     ] GC(49) Old regions: 154->153
[2026-07-01T01:49:50.984+0000][19.385s][info][gc,heap     ] GC(49) Humongous regions: 3->3
[2026-07-01T01:49:50.984+0000][19.385s][info][gc,metaspace] GC(49) Metaspace: 41623K(42432K)->41623K(42432K) NonClass: 36488K(36928K)->36488K(36928K) Class: 5134K(5504K)->5134K(5504K)
[2026-07-01T01:49:50.984+0000][19.385s][info][gc          ] GC(49) Pause Young (Mixed) (G1 Evacuation Pause) 256M->160M(272M) 11.590ms
[2026-07-01T01:49:50.984+0000][19.385s][info][gc,cpu      ] GC(49) User=0.04s Sys=0.00s Real=0.01s
[2026-07-01T01:49:51.892+0000][20.293s][info][gc,start    ] GC(50) Pause Young (Concurrent Start) (G1 Evacuation Pause)
[2026-07-01T01:49:51.892+0000][20.293s][info][gc,task     ] GC(50) Using 2 workers of 2 for evacuation
[2026-07-01T01:49:51.904+0000][20.306s][info][gc,phases   ] GC(50)   Pre Evacuate Collection Set: 0.40ms
[2026-07-01T01:49:51.904+0000][20.306s][info][gc,phases   ] GC(50)   Merge Heap Roots: 0.37ms
[2026-07-01T01:49:51.904+0000][20.306s][info][gc,phases   ] GC(50)   Evacuate Collection Set: 11.07ms
[2026-07-01T01:49:51.904+0000][20.306s][info][gc,phases   ] GC(50)   Post Evacuate Collection Set: 0.51ms
[2026-07-01T01:49:51.904+0000][20.306s][info][gc,phases   ] GC(50)   Other: 0.07ms
[2026-07-01T01:49:51.904+0000][20.306s][info][gc,heap     ] GC(50) Eden regions: 96->0(95)
[2026-07-01T01:49:51.904+0000][20.306s][info][gc,heap     ] GC(50) Survivor regions: 5->6(13)
[2026-07-01T01:49:51.904+0000][20.306s][info][gc,heap     ] GC(50) Old regions: 153->153
[2026-07-01T01:49:51.904+0000][20.306s][info][gc,heap     ] GC(50) Humongous regions: 3->3
[2026-07-01T01:49:51.904+0000][20.306s][info][gc,metaspace] GC(50) Metaspace: 41623K(42432K)->41623K(42432K) NonClass: 36489K(36928K)->36489K(36928K) Class: 5134K(5504K)->5134K(5504K)
[2026-07-01T01:49:51.904+0000][20.306s][info][gc          ] GC(50) Pause Young (Concurrent Start) (G1 Evacuation Pause) 256M->161M(272M) 12.567ms
[2026-07-01T01:49:51.905+0000][20.306s][info][gc          ] GC(51) Concurrent Mark Cycle
[2026-07-01T01:49:51.905+0000][20.306s][info][gc,marking  ] GC(51) Concurrent Scan Root Regions
[2026-07-01T01:49:51.905+0000][20.306s][info][gc,cpu      ] GC(50) User=0.03s Sys=0.00s Real=0.01s
[2026-07-01T01:49:51.928+0000][20.329s][info][gc,marking  ] GC(51) Concurrent Scan Root Regions 23.082ms
[2026-07-01T01:49:51.928+0000][20.329s][info][gc,marking  ] GC(51) Concurrent Mark
[2026-07-01T01:49:51.928+0000][20.329s][info][gc,marking  ] GC(51) Concurrent Mark From Roots
[2026-07-01T01:49:51.928+0000][20.329s][info][gc,task     ] GC(51) Using 1 workers of 1 for marking
[2026-07-01T01:49:52.901+0000][21.303s][info][gc,start    ] GC(52) Pause Young (Normal) (G1 Evacuation Pause)
[2026-07-01T01:49:52.901+0000][21.303s][info][gc,task     ] GC(52) Using 2 workers of 2 for evacuation
[2026-07-01T01:49:52.921+0000][21.323s][info][gc,phases   ] GC(52)   Pre Evacuate Collection Set: 0.62ms
[2026-07-01T01:49:52.921+0000][21.323s][info][gc,phases   ] GC(52)   Merge Heap Roots: 0.33ms
[2026-07-01T01:49:52.921+0000][21.323s][info][gc,phases   ] GC(52)   Evacuate Collection Set: 18.14ms
[2026-07-01T01:49:52.921+0000][21.323s][info][gc,phases   ] GC(52)   Post Evacuate Collection Set: 0.53ms
[2026-07-01T01:49:52.921+0000][21.323s][info][gc,phases   ] GC(52)   Other: 0.07ms
[2026-07-01T01:49:52.921+0000][21.323s][info][gc,heap     ] GC(52) Eden regions: 95->0(95)
[2026-07-01T01:49:52.921+0000][21.323s][info][gc,heap     ] GC(52) Survivor regions: 6->6(13)
[2026-07-01T01:49:52.921+0000][21.323s][info][gc,heap     ] GC(52) Old regions: 153->153
[2026-07-01T01:49:52.921+0000][21.323s][info][gc,heap     ] GC(52) Humongous regions: 3->3
[2026-07-01T01:49:52.921+0000][21.323s][info][gc,metaspace] GC(52) Metaspace: 41632K(42432K)->41632K(42432K) NonClass: 36497K(36928K)->36497K(36928K) Class: 5135K(5504K)->5135K(5504K)
[2026-07-01T01:49:52.921+0000][21.323s][info][gc          ] GC(52) Pause Young (Normal) (G1 Evacuation Pause) 256M->160M(272M) 19.875ms
[2026-07-01T01:49:52.921+0000][21.323s][info][gc,cpu      ] GC(52) User=0.04s Sys=0.00s Real=0.02s
[2026-07-01T01:49:53.097+0000][21.499s][info][gc,marking  ] GC(51) Concurrent Mark From Roots 1169.655ms
[2026-07-01T01:49:53.097+0000][21.499s][info][gc,marking  ] GC(51) Concurrent Preclean
[2026-07-01T01:49:53.097+0000][21.499s][info][gc,marking  ] GC(51) Concurrent Preclean 0.103ms
[2026-07-01T01:49:53.099+0000][21.501s][info][gc,start    ] GC(51) Pause Remark
[2026-07-01T01:49:53.108+0000][21.509s][info][gc          ] GC(51) Pause Remark 175M->175M(272M) 8.531ms
[2026-07-01T01:49:53.108+0000][21.509s][info][gc,cpu      ] GC(51) User=0.01s Sys=0.00s Real=0.00s
[2026-07-01T01:49:53.114+0000][21.515s][info][gc,marking  ] GC(51) Concurrent Mark 1185.862ms
[2026-07-01T01:49:53.114+0000][21.515s][info][gc,marking  ] GC(51) Concurrent Rebuild Remembered Sets and Scrub Regions
[2026-07-01T01:49:53.315+0000][21.717s][info][gc,marking  ] GC(51) Concurrent Rebuild Remembered Sets and Scrub Regions 201.690ms
[2026-07-01T01:49:53.316+0000][21.717s][info][gc,start    ] GC(51) Pause Cleanup
[2026-07-01T01:49:53.316+0000][21.717s][info][gc          ] GC(51) Pause Cleanup 191M->191M(272M) 0.203ms
[2026-07-01T01:49:53.316+0000][21.717s][info][gc,cpu      ] GC(51) User=0.01s Sys=0.00s Real=0.00s
[2026-07-01T01:49:53.316+0000][21.717s][info][gc,marking  ] GC(51) Concurrent Clear Claimed Marks
[2026-07-01T01:49:53.316+0000][21.718s][info][gc,marking  ] GC(51) Concurrent Clear Claimed Marks 0.125ms
[2026-07-01T01:49:53.316+0000][21.718s][info][gc,marking  ] GC(51) Concurrent Cleanup for Next Mark
[2026-07-01T01:49:53.317+0000][21.719s][info][gc,marking  ] GC(51) Concurrent Cleanup for Next Mark 1.130ms
[2026-07-01T01:49:53.317+0000][21.719s][info][gc          ] GC(51) Concurrent Mark Cycle 1412.816ms
[2026-07-01T01:49:54.006+0000][22.407s][info][gc,start    ] GC(53) Pause Young (Prepare Mixed) (G1 Evacuation Pause)
[2026-07-01T01:49:54.006+0000][22.407s][info][gc,task     ] GC(53) Using 2 workers of 2 for evacuation
[2026-07-01T01:49:54.017+0000][22.418s][info][gc,phases   ] GC(53)   Pre Evacuate Collection Set: 0.19ms
[2026-07-01T01:49:54.017+0000][22.419s][info][gc,phases   ] GC(53)   Merge Heap Roots: 0.34ms
[2026-07-01T01:49:54.017+0000][22.419s][info][gc,phases   ] GC(53)   Evacuate Collection Set: 9.96ms
[2026-07-01T01:49:54.017+0000][22.419s][info][gc,phases   ] GC(53)   Post Evacuate Collection Set: 0.48ms
[2026-07-01T01:49:54.017+0000][22.419s][info][gc,phases   ] GC(53)   Other: 0.06ms
[2026-07-01T01:49:54.017+0000][22.419s][info][gc,heap     ] GC(53) Eden regions: 95->0(95)
[2026-07-01T01:49:54.017+0000][22.419s][info][gc,heap     ] GC(53) Survivor regions: 6->6(13)
[2026-07-01T01:49:54.017+0000][22.419s][info][gc,heap     ] GC(53) Old regions: 153->153
[2026-07-01T01:49:54.017+0000][22.419s][info][gc,heap     ] GC(53) Humongous regions: 3->3
[2026-07-01T01:49:54.017+0000][22.419s][info][gc,metaspace] GC(53) Metaspace: 41644K(42432K)->41644K(42432K) NonClass: 36509K(36928K)->36509K(36928K) Class: 5135K(5504K)->5135K(5504K)
[2026-07-01T01:49:54.017+0000][22.419s][info][gc          ] GC(53) Pause Young (Prepare Mixed) (G1 Evacuation Pause) 255M->161M(272M) 11.200ms
[2026-07-01T01:49:54.017+0000][22.419s][info][gc,cpu      ] GC(53) User=0.02s Sys=0.00s Real=0.01s
[2026-07-01T01:49:54.864+0000][23.266s][info][gc,start    ] GC(54) Pause Young (Mixed) (G1 Evacuation Pause)
[2026-07-01T01:49:54.864+0000][23.266s][info][gc,task     ] GC(54) Using 2 workers of 2 for evacuation
[2026-07-01T01:49:54.879+0000][23.281s][info][gc,phases   ] GC(54)   Pre Evacuate Collection Set: 0.16ms
[2026-07-01T01:49:54.879+0000][23.281s][info][gc,phases   ] GC(54)   Merge Heap Roots: 0.19ms
[2026-07-01T01:49:54.879+0000][23.281s][info][gc,phases   ] GC(54)   Evacuate Collection Set: 13.94ms
[2026-07-01T01:49:54.879+0000][23.281s][info][gc,phases   ] GC(54)   Post Evacuate Collection Set: 0.69ms
[2026-07-01T01:49:54.879+0000][23.281s][info][gc,phases   ] GC(54)   Other: 0.06ms
[2026-07-01T01:49:54.879+0000][23.281s][info][gc,heap     ] GC(54) Eden regions: 95->0(96)
[2026-07-01T01:49:54.879+0000][23.281s][info][gc,heap     ] GC(54) Survivor regions: 6->6(13)
[2026-07-01T01:49:54.879+0000][23.281s][info][gc,heap     ] GC(54) Old regions: 153->152
[2026-07-01T01:49:54.879+0000][23.281s][info][gc,heap     ] GC(54) Humongous regions: 3->3
[2026-07-01T01:49:54.879+0000][23.281s][info][gc,metaspace] GC(54) Metaspace: 41658K(42432K)->41658K(42432K) NonClass: 36523K(36928K)->36523K(36928K) Class: 5135K(5504K)->5135K(5504K)
[2026-07-01T01:49:54.879+0000][23.281s][info][gc          ] GC(54) Pause Young (Mixed) (G1 Evacuation Pause) 256M->160M(272M) 15.191ms
[2026-07-01T01:49:54.879+0000][23.281s][info][gc,cpu      ] GC(54) User=0.03s Sys=0.00s Real=0.02s
[2026-07-01T01:49:55.702+0000][24.104s][info][gc,start    ] GC(55) Pause Young (Concurrent Start) (G1 Evacuation Pause)
[2026-07-01T01:49:55.702+0000][24.104s][info][gc,task     ] GC(55) Using 2 workers of 2 for evacuation
[2026-07-01T01:49:55.722+0000][24.124s][info][gc,phases   ] GC(55)   Pre Evacuate Collection Set: 0.20ms
[2026-07-01T01:49:55.722+0000][24.124s][info][gc,phases   ] GC(55)   Merge Heap Roots: 0.42ms
[2026-07-01T01:49:55.723+0000][24.124s][info][gc,phases   ] GC(55)   Evacuate Collection Set: 18.87ms
[2026-07-01T01:49:55.723+0000][24.124s][info][gc,phases   ] GC(55)   Post Evacuate Collection Set: 0.51ms
[2026-07-01T01:49:55.723+0000][24.124s][info][gc,phases   ] GC(55)   Other: 0.09ms
[2026-07-01T01:49:55.723+0000][24.124s][info][gc,heap     ] GC(55) Eden regions: 96->0(95)
[2026-07-01T01:49:55.723+0000][24.124s][info][gc,heap     ] GC(55) Survivor regions: 6->6(13)
[2026-07-01T01:49:55.723+0000][24.124s][info][gc,heap     ] GC(55) Old regions: 152->153
[2026-07-01T01:49:55.723+0000][24.124s][info][gc,heap     ] GC(55) Humongous regions: 3->3
[2026-07-01T01:49:55.723+0000][24.124s][info][gc,metaspace] GC(55) Metaspace: 41661K(42432K)->41661K(42432K) NonClass: 36526K(36928K)->36526K(36928K) Class: 5135K(5504K)->5135K(5504K)
[2026-07-01T01:49:55.723+0000][24.124s][info][gc          ] GC(55) Pause Young (Concurrent Start) (G1 Evacuation Pause) 256M->161M(272M) 20.330ms
[2026-07-01T01:49:55.723+0000][24.124s][info][gc          ] GC(56) Concurrent Mark Cycle
[2026-07-01T01:49:55.723+0000][24.124s][info][gc,cpu      ] GC(55) User=0.05s Sys=0.00s Real=0.02s
[2026-07-01T01:49:55.723+0000][24.124s][info][gc,marking  ] GC(56) Concurrent Scan Root Regions
[2026-07-01T01:49:55.754+0000][24.156s][info][gc,marking  ] GC(56) Concurrent Scan Root Regions 31.394ms
[2026-07-01T01:49:55.754+0000][24.156s][info][gc,marking  ] GC(56) Concurrent Mark
[2026-07-01T01:49:55.754+0000][24.156s][info][gc,marking  ] GC(56) Concurrent Mark From Roots
[2026-07-01T01:49:55.754+0000][24.156s][info][gc,task     ] GC(56) Using 1 workers of 1 for marking
[2026-07-01T01:49:56.487+0000][24.889s][info][gc,marking  ] GC(56) Concurrent Mark From Roots 733.243ms
[2026-07-01T01:49:56.487+0000][24.889s][info][gc,marking  ] GC(56) Concurrent Preclean
[2026-07-01T01:49:56.487+0000][24.889s][info][gc,marking  ] GC(56) Concurrent Preclean 0.090ms
[2026-07-01T01:49:56.488+0000][24.889s][info][gc,start    ] GC(56) Pause Remark
[2026-07-01T01:49:56.495+0000][24.896s][info][gc          ] GC(56) Pause Remark 223M->223M(272M) 7.146ms
[2026-07-01T01:49:56.495+0000][24.896s][info][gc,cpu      ] GC(56) User=0.02s Sys=0.00s Real=0.01s
[2026-07-01T01:49:56.497+0000][24.899s][info][gc,marking  ] GC(56) Concurrent Mark 743.289ms
[2026-07-01T01:49:56.497+0000][24.899s][info][gc,marking  ] GC(56) Concurrent Rebuild Remembered Sets and Scrub Regions
[2026-07-01T01:49:56.670+0000][25.071s][info][gc,marking  ] GC(56) Concurrent Rebuild Remembered Sets and Scrub Regions 172.111ms
[2026-07-01T01:49:56.670+0000][25.071s][info][gc,start    ] GC(56) Pause Cleanup
[2026-07-01T01:49:56.670+0000][25.071s][info][gc          ] GC(56) Pause Cleanup 234M->234M(272M) 0.176ms
[2026-07-01T01:49:56.670+0000][25.071s][info][gc,cpu      ] GC(56) User=0.00s Sys=0.00s Real=0.00s
[2026-07-01T01:49:56.670+0000][25.072s][info][gc,marking  ] GC(56) Concurrent Clear Claimed Marks
[2026-07-01T01:49:56.670+0000][25.072s][info][gc,marking  ] GC(56) Concurrent Clear Claimed Marks 0.089ms
[2026-07-01T01:49:56.670+0000][25.072s][info][gc,marking  ] GC(56) Concurrent Cleanup for Next Mark
[2026-07-01T01:49:56.672+0000][25.073s][info][gc,marking  ] GC(56) Concurrent Cleanup for Next Mark 1.274ms
[2026-07-01T01:49:56.672+0000][25.073s][info][gc          ] GC(56) Concurrent Mark Cycle 948.962ms
[2026-07-01T01:49:56.910+0000][25.311s][info][gc,start    ] GC(57) Pause Young (Prepare Mixed) (G1 Evacuation Pause)
[2026-07-01T01:49:56.910+0000][25.311s][info][gc,task     ] GC(57) Using 2 workers of 2 for evacuation
[2026-07-01T01:49:56.925+0000][25.326s][info][gc,phases   ] GC(57)   Pre Evacuate Collection Set: 0.17ms
[2026-07-01T01:49:56.925+0000][25.326s][info][gc,phases   ] GC(57)   Merge Heap Roots: 0.36ms
[2026-07-01T01:49:56.925+0000][25.326s][info][gc,phases   ] GC(57)   Evacuate Collection Set: 13.86ms
[2026-07-01T01:49:56.925+0000][25.326s][info][gc,phases   ] GC(57)   Post Evacuate Collection Set: 0.50ms
[2026-07-01T01:49:56.925+0000][25.326s][info][gc,phases   ] GC(57)   Other: 0.05ms
[2026-07-01T01:49:56.925+0000][25.326s][info][gc,heap     ] GC(57) Eden regions: 95->0(95)
[2026-07-01T01:49:56.925+0000][25.326s][info][gc,heap     ] GC(57) Survivor regions: 6->6(13)
[2026-07-01T01:49:56.925+0000][25.326s][info][gc,heap     ] GC(57) Old regions: 153->153
[2026-07-01T01:49:56.925+0000][25.326s][info][gc,heap     ] GC(57) Humongous regions: 3->3
[2026-07-01T01:49:56.925+0000][25.326s][info][gc,metaspace] GC(57) Metaspace: 41661K(42432K)->41661K(42432K) NonClass: 36526K(36928K)->36526K(36928K) Class: 5135K(5504K)->5135K(5504K)
[2026-07-01T01:49:56.925+0000][25.326s][info][gc          ] GC(57) Pause Young (Prepare Mixed) (G1 Evacuation Pause) 256M->161M(272M) 15.089ms
[2026-07-01T01:49:56.925+0000][25.326s][info][gc,cpu      ] GC(57) User=0.03s Sys=0.00s Real=0.01s
[2026-07-01T01:49:57.732+0000][26.133s][info][gc,start    ] GC(58) Pause Young (Mixed) (G1 Evacuation Pause)
[2026-07-01T01:49:57.732+0000][26.133s][info][gc,task     ] GC(58) Using 2 workers of 2 for evacuation
[2026-07-01T01:49:57.763+0000][26.164s][info][gc,phases   ] GC(58)   Pre Evacuate Collection Set: 0.20ms
[2026-07-01T01:49:57.763+0000][26.164s][info][gc,phases   ] GC(58)   Merge Heap Roots: 0.23ms
[2026-07-01T01:49:57.763+0000][26.164s][info][gc,phases   ] GC(58)   Evacuate Collection Set: 29.93ms
[2026-07-01T01:49:57.763+0000][26.164s][info][gc,phases   ] GC(58)   Post Evacuate Collection Set: 0.51ms
[2026-07-01T01:49:57.763+0000][26.164s][info][gc,phases   ] GC(58)   Other: 0.06ms
[2026-07-01T01:49:57.763+0000][26.164s][info][gc,heap     ] GC(58) Eden regions: 95->0(96)
[2026-07-01T01:49:57.763+0000][26.164s][info][gc,heap     ] GC(58) Survivor regions: 6->6(13)
[2026-07-01T01:49:57.763+0000][26.164s][info][gc,heap     ] GC(58) Old regions: 153->152
[2026-07-01T01:49:57.763+0000][26.164s][info][gc,heap     ] GC(58) Humongous regions: 3->3
[2026-07-01T01:49:57.763+0000][26.164s][info][gc,metaspace] GC(58) Metaspace: 41666K(42432K)->41666K(42432K) NonClass: 36531K(36928K)->36531K(36928K) Class: 5135K(5504K)->5135K(5504K)
[2026-07-01T01:49:57.763+0000][26.164s][info][gc          ] GC(58) Pause Young (Mixed) (G1 Evacuation Pause) 256M->161M(272M) 31.065ms
[2026-07-01T01:49:57.763+0000][26.164s][info][gc,cpu      ] GC(58) User=0.03s Sys=0.00s Real=0.03s
[2026-07-01T01:49:58.545+0000][26.946s][info][gc,start    ] GC(59) Pause Young (Concurrent Start) (G1 Evacuation Pause)
[2026-07-01T01:49:58.545+0000][26.946s][info][gc,task     ] GC(59) Using 2 workers of 2 for evacuation
[2026-07-01T01:49:58.571+0000][26.973s][info][gc,phases   ] GC(59)   Pre Evacuate Collection Set: 0.16ms
[2026-07-01T01:49:58.571+0000][26.973s][info][gc,phases   ] GC(59)   Merge Heap Roots: 0.29ms
[2026-07-01T01:49:58.571+0000][26.973s][info][gc,phases   ] GC(59)   Evacuate Collection Set: 25.23ms
[2026-07-01T01:49:58.571+0000][26.973s][info][gc,phases   ] GC(59)   Post Evacuate Collection Set: 0.47ms
[2026-07-01T01:49:58.571+0000][26.973s][info][gc,phases   ] GC(59)   Other: 0.08ms
[2026-07-01T01:49:58.571+0000][26.973s][info][gc,heap     ] GC(59) Eden regions: 96->0(94)
[2026-07-01T01:49:58.571+0000][26.973s][info][gc,heap     ] GC(59) Survivor regions: 6->7(13)
[2026-07-01T01:49:58.571+0000][26.973s][info][gc,heap     ] GC(59) Old regions: 152->153
[2026-07-01T01:49:58.571+0000][26.973s][info][gc,heap     ] GC(59) Humongous regions: 3->3
[2026-07-01T01:49:58.571+0000][26.973s][info][gc,metaspace] GC(59) Metaspace: 41667K(42432K)->41667K(42432K) NonClass: 36532K(36928K)->36532K(36928K) Class: 5135K(5504K)->5135K(5504K)
[2026-07-01T01:49:58.571+0000][26.973s][info][gc          ] GC(59) Pause Young (Concurrent Start) (G1 Evacuation Pause) 257M->161M(272M) 26.399ms
[2026-07-01T01:49:58.571+0000][26.973s][info][gc          ] GC(60) Concurrent Mark Cycle
[2026-07-01T01:49:58.571+0000][26.973s][info][gc,marking  ] GC(60) Concurrent Scan Root Regions
[2026-07-01T01:49:58.571+0000][26.973s][info][gc,cpu      ] GC(59) User=0.03s Sys=0.00s Real=0.03s
[2026-07-01T01:49:58.587+0000][26.988s][info][gc,marking  ] GC(60) Concurrent Scan Root Regions 15.426ms
[2026-07-01T01:49:58.587+0000][26.988s][info][gc,marking  ] GC(60) Concurrent Mark
[2026-07-01T01:49:58.587+0000][26.988s][info][gc,marking  ] GC(60) Concurrent Mark From Roots
[2026-07-01T01:49:58.587+0000][26.988s][info][gc,task     ] GC(60) Using 1 workers of 1 for marking
[2026-07-01T01:49:59.522+0000][27.923s][info][gc,marking  ] GC(60) Concurrent Mark From Roots 935.129ms
[2026-07-01T01:49:59.522+0000][27.923s][info][gc,marking  ] GC(60) Concurrent Preclean
[2026-07-01T01:49:59.522+0000][27.924s][info][gc,marking  ] GC(60) Concurrent Preclean 0.133ms
[2026-07-01T01:49:59.523+0000][27.924s][info][gc,start    ] GC(60) Pause Remark
[2026-07-01T01:49:59.530+0000][27.932s][info][gc          ] GC(60) Pause Remark 253M->253M(272M) 7.238ms
[2026-07-01T01:49:59.530+0000][27.932s][info][gc,cpu      ] GC(60) User=0.02s Sys=0.00s Real=0.01s
[2026-07-01T01:49:59.537+0000][27.939s][info][gc,marking  ] GC(60) Concurrent Mark 950.690ms
[2026-07-01T01:49:59.538+0000][27.939s][info][gc,marking  ] GC(60) Concurrent Rebuild Remembered Sets and Scrub Regions
[2026-07-01T01:49:59.568+0000][27.970s][info][gc,start    ] GC(61) Pause Young (Normal) (G1 Evacuation Pause)
[2026-07-01T01:49:59.568+0000][27.970s][info][gc,task     ] GC(61) Using 2 workers of 2 for evacuation
[2026-07-01T01:49:59.580+0000][27.982s][info][gc,phases   ] GC(61)   Pre Evacuate Collection Set: 0.11ms
[2026-07-01T01:49:59.581+0000][27.982s][info][gc,phases   ] GC(61)   Merge Heap Roots: 0.23ms
[2026-07-01T01:49:59.581+0000][27.982s][info][gc,phases   ] GC(61)   Evacuate Collection Set: 11.34ms
[2026-07-01T01:49:59.581+0000][27.982s][info][gc,phases   ] GC(61)   Post Evacuate Collection Set: 0.35ms
[2026-07-01T01:49:59.581+0000][27.982s][info][gc,phases   ] GC(61)   Other: 0.05ms
[2026-07-01T01:49:59.581+0000][27.982s][info][gc,heap     ] GC(61) Eden regions: 94->0(94)
[2026-07-01T01:49:59.581+0000][27.982s][info][gc,heap     ] GC(61) Survivor regions: 7->7(13)
[2026-07-01T01:49:59.581+0000][27.982s][info][gc,heap     ] GC(61) Old regions: 153->153
[2026-07-01T01:49:59.581+0000][27.982s][info][gc,heap     ] GC(61) Humongous regions: 3->3
[2026-07-01T01:49:59.581+0000][27.982s][info][gc,metaspace] GC(61) Metaspace: 41667K(42432K)->41667K(42432K) NonClass: 36532K(36928K)->36532K(36928K) Class: 5135K(5504K)->5135K(5504K)
[2026-07-01T01:49:59.581+0000][27.982s][info][gc          ] GC(61) Pause Young (Normal) (G1 Evacuation Pause) 255M->162M(272M) 12.215ms
[2026-07-01T01:49:59.581+0000][27.982s][info][gc,cpu      ] GC(61) User=0.03s Sys=0.00s Real=0.01s
[2026-07-01T01:49:59.929+0000][28.331s][info][gc,marking  ] GC(60) Concurrent Rebuild Remembered Sets and Scrub Regions 391.718ms
[2026-07-01T01:49:59.929+0000][28.331s][info][gc,start    ] GC(60) Pause Cleanup
[2026-07-01T01:49:59.929+0000][28.331s][info][gc          ] GC(60) Pause Cleanup 198M->198M(272M) 0.143ms
[2026-07-01T01:49:59.930+0000][28.331s][info][gc,cpu      ] GC(60) User=0.00s Sys=0.00s Real=0.00s
[2026-07-01T01:49:59.930+0000][28.332s][info][gc,marking  ] GC(60) Concurrent Clear Claimed Marks
[2026-07-01T01:49:59.930+0000][28.332s][info][gc,marking  ] GC(60) Concurrent Clear Claimed Marks 0.089ms
[2026-07-01T01:49:59.930+0000][28.332s][info][gc,marking  ] GC(60) Concurrent Cleanup for Next Mark
[2026-07-01T01:49:59.934+0000][28.336s][info][gc,marking  ] GC(60) Concurrent Cleanup for Next Mark 3.977ms
[2026-07-01T01:49:59.934+0000][28.336s][info][gc          ] GC(60) Concurrent Mark Cycle 1362.956ms
[2026-07-01T01:50:00.614+0000][29.015s][info][gc,start    ] GC(62) Pause Young (Prepare Mixed) (G1 Evacuation Pause)
[2026-07-01T01:50:00.614+0000][29.015s][info][gc,task     ] GC(62) Using 2 workers of 2 for evacuation
[2026-07-01T01:50:00.634+0000][29.036s][info][gc,phases   ] GC(62)   Pre Evacuate Collection Set: 1.45ms
[2026-07-01T01:50:00.634+0000][29.036s][info][gc,phases   ] GC(62)   Merge Heap Roots: 0.42ms
[2026-07-01T01:50:00.634+0000][29.036s][info][gc,phases   ] GC(62)   Evacuate Collection Set: 17.97ms
[2026-07-01T01:50:00.634+0000][29.036s][info][gc,phases   ] GC(62)   Post Evacuate Collection Set: 0.49ms
[2026-07-01T01:50:00.634+0000][29.036s][info][gc,phases   ] GC(62)   Other: 0.08ms
[2026-07-01T01:50:00.634+0000][29.036s][info][gc,heap     ] GC(62) Eden regions: 94->0(94)
[2026-07-01T01:50:00.634+0000][29.036s][info][gc,heap     ] GC(62) Survivor regions: 7->7(13)
[2026-07-01T01:50:00.634+0000][29.036s][info][gc,heap     ] GC(62) Old regions: 153->153
[2026-07-01T01:50:00.634+0000][29.036s][info][gc,heap     ] GC(62) Humongous regions: 3->3
[2026-07-01T01:50:00.634+0000][29.036s][info][gc,metaspace] GC(62) Metaspace: 41668K(42432K)->41668K(42432K) NonClass: 36533K(36928K)->36533K(36928K) Class: 5135K(5504K)->5135K(5504K)
[2026-07-01T01:50:00.634+0000][29.036s][info][gc          ] GC(62) Pause Young (Prepare Mixed) (G1 Evacuation Pause) 256M->162M(272M) 20.590ms
[2026-07-01T01:50:00.634+0000][29.036s][info][gc,cpu      ] GC(62) User=0.04s Sys=0.00s Real=0.02s
[2026-07-01T01:50:01.569+0000][29.970s][info][gc,start    ] GC(63) Pause Young (Mixed) (G1 Evacuation Pause)
[2026-07-01T01:50:01.569+0000][29.970s][info][gc,task     ] GC(63) Using 2 workers of 2 for evacuation
[2026-07-01T01:50:01.586+0000][29.988s][info][gc,phases   ] GC(63)   Pre Evacuate Collection Set: 0.19ms
[2026-07-01T01:50:01.586+0000][29.988s][info][gc,phases   ] GC(63)   Merge Heap Roots: 0.33ms
[2026-07-01T01:50:01.586+0000][29.988s][info][gc,phases   ] GC(63)   Evacuate Collection Set: 16.25ms
[2026-07-01T01:50:01.586+0000][29.988s][info][gc,phases   ] GC(63)   Post Evacuate Collection Set: 0.50ms
[2026-07-01T01:50:01.586+0000][29.988s][info][gc,phases   ] GC(63)   Other: 0.06ms
[2026-07-01T01:50:01.586+0000][29.988s][info][gc,heap     ] GC(63) Eden regions: 94->0(94)
[2026-07-01T01:50:01.586+0000][29.988s][info][gc,heap     ] GC(63) Survivor regions: 7->7(13)
[2026-07-01T01:50:01.586+0000][29.988s][info][gc,heap     ] GC(63) Old regions: 153->153
[2026-07-01T01:50:01.586+0000][29.988s][info][gc,heap     ] GC(63) Humongous regions: 3->3
[2026-07-01T01:50:01.586+0000][29.988s][info][gc,metaspace] GC(63) Metaspace: 41690K(42496K)->41690K(42496K) NonClass: 36555K(36992K)->36555K(36992K) Class: 5135K(5504K)->5135K(5504K)
[2026-07-01T01:50:01.586+0000][29.988s][info][gc          ] GC(63) Pause Young (Mixed) (G1 Evacuation Pause) 256M->161M(272M) 17.533ms
[2026-07-01T01:50:01.586+0000][29.988s][info][gc,cpu      ] GC(63) User=0.05s Sys=0.00s Real=0.01s
[2026-07-01T01:50:02.344+0000][30.745s][info][gc,start    ] GC(64) Pause Young (Concurrent Start) (G1 Evacuation Pause)
[2026-07-01T01:50:02.344+0000][30.745s][info][gc,task     ] GC(64) Using 2 workers of 2 for evacuation
[2026-07-01T01:50:02.366+0000][30.767s][info][gc,phases   ] GC(64)   Pre Evacuate Collection Set: 0.38ms
[2026-07-01T01:50:02.366+0000][30.767s][info][gc,phases   ] GC(64)   Merge Heap Roots: 0.55ms
[2026-07-01T01:50:02.366+0000][30.767s][info][gc,phases   ] GC(64)   Evacuate Collection Set: 20.54ms
[2026-07-01T01:50:02.366+0000][30.767s][info][gc,phases   ] GC(64)   Post Evacuate Collection Set: 0.36ms
[2026-07-01T01:50:02.366+0000][30.767s][info][gc,phases   ] GC(64)   Other: 0.10ms
[2026-07-01T01:50:02.366+0000][30.767s][info][gc,heap     ] GC(64) Eden regions: 94->0(94)
[2026-07-01T01:50:02.366+0000][30.767s][info][gc,heap     ] GC(64) Survivor regions: 7->7(13)
[2026-07-01T01:50:02.366+0000][30.767s][info][gc,heap     ] GC(64) Old regions: 153->153
[2026-07-01T01:50:02.366+0000][30.767s][info][gc,heap     ] GC(64) Humongous regions: 3->3
[2026-07-01T01:50:02.366+0000][30.767s][info][gc,metaspace] GC(64) Metaspace: 41690K(42496K)->41690K(42496K) NonClass: 36555K(36992K)->36555K(36992K) Class: 5135K(5504K)->5135K(5504K)
[2026-07-01T01:50:02.366+0000][30.767s][info][gc          ] GC(64) Pause Young (Concurrent Start) (G1 Evacuation Pause) 255M->162M(272M) 22.193ms
[2026-07-01T01:50:02.366+0000][30.767s][info][gc,cpu      ] GC(64) User=0.02s Sys=0.00s Real=0.02s
[2026-07-01T01:50:02.366+0000][30.767s][info][gc          ] GC(65) Concurrent Mark Cycle
[2026-07-01T01:50:02.366+0000][30.767s][info][gc,marking  ] GC(65) Concurrent Scan Root Regions
[2026-07-01T01:50:02.382+0000][30.784s][info][gc,marking  ] GC(65) Concurrent Scan Root Regions 16.642ms
[2026-07-01T01:50:02.382+0000][30.784s][info][gc,marking  ] GC(65) Concurrent Mark
[2026-07-01T01:50:02.383+0000][30.784s][info][gc,marking  ] GC(65) Concurrent Mark From Roots
[2026-07-01T01:50:02.383+0000][30.784s][info][gc,task     ] GC(65) Using 1 workers of 1 for marking
[2026-07-01T01:50:02.928+0000][31.329s][info][gc,marking  ] GC(65) Concurrent Mark From Roots 545.103ms
[2026-07-01T01:50:02.928+0000][31.329s][info][gc,marking  ] GC(65) Concurrent Preclean
[2026-07-01T01:50:02.928+0000][31.329s][info][gc,marking  ] GC(65) Concurrent Preclean 0.071ms
[2026-07-01T01:50:02.931+0000][31.332s][info][gc,start    ] GC(65) Pause Remark
[2026-07-01T01:50:02.938+0000][31.339s][info][gc          ] GC(65) Pause Remark 219M->219M(272M) 6.505ms
[2026-07-01T01:50:02.938+0000][31.339s][info][gc,cpu      ] GC(65) User=0.02s Sys=0.00s Real=0.00s
[2026-07-01T01:50:02.962+0000][31.364s][info][gc,marking  ] GC(65) Concurrent Mark 579.666ms
[2026-07-01T01:50:02.962+0000][31.364s][info][gc,marking  ] GC(65) Concurrent Rebuild Remembered Sets and Scrub Regions
[2026-07-01T01:50:03.266+0000][31.667s][info][gc,marking  ] GC(65) Concurrent Rebuild Remembered Sets and Scrub Regions 303.782ms
[2026-07-01T01:50:03.266+0000][31.668s][info][gc,start    ] GC(65) Pause Cleanup
[2026-07-01T01:50:03.266+0000][31.668s][info][gc          ] GC(65) Pause Cleanup 252M->252M(272M) 0.183ms
[2026-07-01T01:50:03.267+0000][31.668s][info][gc,cpu      ] GC(65) User=0.00s Sys=0.00s Real=0.00s
[2026-07-01T01:50:03.267+0000][31.669s][info][gc,marking  ] GC(65) Concurrent Clear Claimed Marks
[2026-07-01T01:50:03.267+0000][31.669s][info][gc,marking  ] GC(65) Concurrent Clear Claimed Marks 0.091ms
[2026-07-01T01:50:03.267+0000][31.669s][info][gc,marking  ] GC(65) Concurrent Cleanup for Next Mark
[2026-07-01T01:50:03.269+0000][31.671s][info][gc,marking  ] GC(65) Concurrent Cleanup for Next Mark 2.148ms
[2026-07-01T01:50:03.269+0000][31.671s][info][gc          ] GC(65) Concurrent Mark Cycle 903.622ms
[2026-07-01T01:50:03.288+0000][31.690s][info][gc,start    ] GC(66) Pause Young (Prepare Mixed) (G1 Evacuation Pause)
[2026-07-01T01:50:03.288+0000][31.690s][info][gc,task     ] GC(66) Using 2 workers of 2 for evacuation
[2026-07-01T01:50:03.303+0000][31.704s][info][gc,phases   ] GC(66)   Pre Evacuate Collection Set: 0.19ms
[2026-07-01T01:50:03.303+0000][31.704s][info][gc,phases   ] GC(66)   Merge Heap Roots: 0.46ms
[2026-07-01T01:50:03.303+0000][31.704s][info][gc,phases   ] GC(66)   Evacuate Collection Set: 13.37ms
[2026-07-01T01:50:03.303+0000][31.704s][info][gc,phases   ] GC(66)   Post Evacuate Collection Set: 0.44ms
[2026-07-01T01:50:03.303+0000][31.704s][info][gc,phases   ] GC(66)   Other: 0.07ms
[2026-07-01T01:50:03.303+0000][31.704s][info][gc,heap     ] GC(66) Eden regions: 94->0(93)
[2026-07-01T01:50:03.303+0000][31.704s][info][gc,heap     ] GC(66) Survivor regions: 7->7(13)
[2026-07-01T01:50:03.303+0000][31.704s][info][gc,heap     ] GC(66) Old regions: 153->154
[2026-07-01T01:50:03.303+0000][31.704s][info][gc,heap     ] GC(66) Humongous regions: 3->3
[2026-07-01T01:50:03.303+0000][31.704s][info][gc,metaspace] GC(66) Metaspace: 41690K(42496K)->41690K(42496K) NonClass: 36555K(36992K)->36555K(36992K) Class: 5135K(5504K)->5135K(5504K)
[2026-07-01T01:50:03.303+0000][31.704s][info][gc          ] GC(66) Pause Young (Prepare Mixed) (G1 Evacuation Pause) 256M->162M(272M) 14.698ms
[2026-07-01T01:50:03.303+0000][31.704s][info][gc,cpu      ] GC(66) User=0.04s Sys=0.00s Real=0.01s
[2026-07-01T01:50:04.004+0000][32.406s][info][gc,start    ] GC(67) Pause Young (Mixed) (G1 Evacuation Pause)
[2026-07-01T01:50:04.004+0000][32.406s][info][gc,task     ] GC(67) Using 2 workers of 2 for evacuation
[2026-07-01T01:50:04.021+0000][32.422s][info][gc,phases   ] GC(67)   Pre Evacuate Collection Set: 0.72ms
[2026-07-01T01:50:04.021+0000][32.422s][info][gc,phases   ] GC(67)   Merge Heap Roots: 0.28ms
[2026-07-01T01:50:04.021+0000][32.422s][info][gc,phases   ] GC(67)   Evacuate Collection Set: 14.81ms
[2026-07-01T01:50:04.021+0000][32.422s][info][gc,phases   ] GC(67)   Post Evacuate Collection Set: 0.43ms
[2026-07-01T01:50:04.021+0000][32.422s][info][gc,phases   ] GC(67)   Other: 0.06ms
[2026-07-01T01:50:04.021+0000][32.422s][info][gc,heap     ] GC(67) Eden regions: 93->0(93)
[2026-07-01T01:50:04.021+0000][32.422s][info][gc,heap     ] GC(67) Survivor regions: 7->7(13)
[2026-07-01T01:50:04.021+0000][32.422s][info][gc,heap     ] GC(67) Old regions: 154->154
[2026-07-01T01:50:04.021+0000][32.422s][info][gc,heap     ] GC(67) Humongous regions: 3->3
[2026-07-01T01:50:04.021+0000][32.422s][info][gc,metaspace] GC(67) Metaspace: 41690K(42496K)->41690K(42496K) NonClass: 36555K(36992K)->36555K(36992K) Class: 5135K(5504K)->5135K(5504K)
[2026-07-01T01:50:04.021+0000][32.422s][info][gc          ] GC(67) Pause Young (Mixed) (G1 Evacuation Pause) 255M->162M(272M) 16.520ms
[2026-07-01T01:50:04.021+0000][32.422s][info][gc,cpu      ] GC(67) User=0.05s Sys=0.00s Real=0.02s
[2026-07-01T01:50:04.731+0000][33.132s][info][gc,start    ] GC(68) Pause Young (Concurrent Start) (G1 Evacuation Pause)
[2026-07-01T01:50:04.731+0000][33.132s][info][gc,task     ] GC(68) Using 2 workers of 2 for evacuation
[2026-07-01T01:50:04.743+0000][33.144s][info][gc,phases   ] GC(68)   Pre Evacuate Collection Set: 0.21ms
[2026-07-01T01:50:04.743+0000][33.144s][info][gc,phases   ] GC(68)   Merge Heap Roots: 0.30ms
[2026-07-01T01:50:04.743+0000][33.144s][info][gc,phases   ] GC(68)   Evacuate Collection Set: 11.06ms
[2026-07-01T01:50:04.743+0000][33.144s][info][gc,phases   ] GC(68)   Post Evacuate Collection Set: 0.33ms
[2026-07-01T01:50:04.743+0000][33.144s][info][gc,phases   ] GC(68)   Other: 0.07ms
[2026-07-01T01:50:04.743+0000][33.144s][info][gc,heap     ] GC(68) Eden regions: 93->0(93)
[2026-07-01T01:50:04.743+0000][33.144s][info][gc,heap     ] GC(68) Survivor regions: 7->7(13)
[2026-07-01T01:50:04.743+0000][33.144s][info][gc,heap     ] GC(68) Old regions: 154->154
[2026-07-01T01:50:04.743+0000][33.144s][info][gc,heap     ] GC(68) Humongous regions: 3->3
[2026-07-01T01:50:04.743+0000][33.144s][info][gc,metaspace] GC(68) Metaspace: 41690K(42496K)->41690K(42496K) NonClass: 36555K(36992K)->36555K(36992K) Class: 5135K(5504K)->5135K(5504K)
[2026-07-01T01:50:04.743+0000][33.144s][info][gc          ] GC(68) Pause Young (Concurrent Start) (G1 Evacuation Pause) 255M->162M(272M) 12.127ms
[2026-07-01T01:50:04.743+0000][33.144s][info][gc          ] GC(69) Concurrent Mark Cycle
[2026-07-01T01:50:04.743+0000][33.144s][info][gc,cpu      ] GC(68) User=0.03s Sys=0.00s Real=0.01s
[2026-07-01T01:50:04.743+0000][33.144s][info][gc,marking  ] GC(69) Concurrent Scan Root Regions
[2026-07-01T01:50:04.770+0000][33.172s][info][gc,marking  ] GC(69) Concurrent Scan Root Regions 27.258ms
[2026-07-01T01:50:04.770+0000][33.172s][info][gc,marking  ] GC(69) Concurrent Mark
[2026-07-01T01:50:04.770+0000][33.172s][info][gc,marking  ] GC(69) Concurrent Mark From Roots
[2026-07-01T01:50:04.770+0000][33.172s][info][gc,task     ] GC(69) Using 1 workers of 1 for marking
[2026-07-01T01:50:05.423+0000][33.825s][info][gc,marking  ] GC(69) Concurrent Mark From Roots 653.350ms
[2026-07-01T01:50:05.424+0000][33.825s][info][gc,marking  ] GC(69) Concurrent Preclean
[2026-07-01T01:50:05.424+0000][33.825s][info][gc,marking  ] GC(69) Concurrent Preclean 0.093ms
[2026-07-01T01:50:05.424+0000][33.825s][info][gc,start    ] GC(69) Pause Remark
[2026-07-01T01:50:05.435+0000][33.836s][info][gc          ] GC(69) Pause Remark 228M->228M(272M) 11.205ms
[2026-07-01T01:50:05.435+0000][33.836s][info][gc,cpu      ] GC(69) User=0.02s Sys=0.00s Real=0.01s
[2026-07-01T01:50:05.437+0000][33.838s][info][gc,marking  ] GC(69) Concurrent Mark 666.424ms
[2026-07-01T01:50:05.437+0000][33.838s][info][gc,marking  ] GC(69) Concurrent Rebuild Remembered Sets and Scrub Regions
[2026-07-01T01:50:05.597+0000][33.998s][info][gc,marking  ] GC(69) Concurrent Rebuild Remembered Sets and Scrub Regions 160.279ms
[2026-07-01T01:50:05.597+0000][33.999s][info][gc,start    ] GC(69) Pause Cleanup
[2026-07-01T01:50:05.597+0000][33.999s][info][gc          ] GC(69) Pause Cleanup 239M->239M(272M) 0.178ms
[2026-07-01T01:50:05.597+0000][33.999s][info][gc,cpu      ] GC(69) User=0.00s Sys=0.00s Real=0.00s
[2026-07-01T01:50:05.598+0000][33.999s][info][gc,marking  ] GC(69) Concurrent Clear Claimed Marks
[2026-07-01T01:50:05.598+0000][33.999s][info][gc,marking  ] GC(69) Concurrent Clear Claimed Marks 0.094ms
[2026-07-01T01:50:05.598+0000][33.999s][info][gc,marking  ] GC(69) Concurrent Cleanup for Next Mark
[2026-07-01T01:50:05.599+0000][34.000s][info][gc,marking  ] GC(69) Concurrent Cleanup for Next Mark 0.812ms
[2026-07-01T01:50:05.599+0000][34.000s][info][gc          ] GC(69) Concurrent Mark Cycle 855.966ms
[2026-07-01T01:50:05.801+0000][34.202s][info][gc,start    ] GC(70) Pause Young (Prepare Mixed) (G1 Evacuation Pause)
[2026-07-01T01:50:05.801+0000][34.202s][info][gc,task     ] GC(70) Using 2 workers of 2 for evacuation
[2026-07-01T01:50:05.852+0000][34.254s][info][gc,phases   ] GC(70)   Pre Evacuate Collection Set: 0.36ms
[2026-07-01T01:50:05.852+0000][34.254s][info][gc,phases   ] GC(70)   Merge Heap Roots: 1.85ms
[2026-07-01T01:50:05.852+0000][34.254s][info][gc,phases   ] GC(70)   Evacuate Collection Set: 48.15ms
[2026-07-01T01:50:05.852+0000][34.254s][info][gc,phases   ] GC(70)   Post Evacuate Collection Set: 0.77ms
[2026-07-01T01:50:05.852+0000][34.254s][info][gc,phases   ] GC(70)   Other: 0.09ms
[2026-07-01T01:50:05.852+0000][34.254s][info][gc,heap     ] GC(70) Eden regions: 93->0(93)
[2026-07-01T01:50:05.852+0000][34.254s][info][gc,heap     ] GC(70) Survivor regions: 7->7(13)
[2026-07-01T01:50:05.852+0000][34.254s][info][gc,heap     ] GC(70) Old regions: 154->154
[2026-07-01T01:50:05.852+0000][34.254s][info][gc,heap     ] GC(70) Humongous regions: 3->3
[2026-07-01T01:50:05.852+0000][34.254s][info][gc,metaspace] GC(70) Metaspace: 41692K(42496K)->41692K(42496K) NonClass: 36556K(36992K)->36556K(36992K) Class: 5135K(5504K)->5135K(5504K)
[2026-07-01T01:50:05.852+0000][34.254s][info][gc          ] GC(70) Pause Young (Prepare Mixed) (G1 Evacuation Pause) 255M->163M(272M) 51.465ms
[2026-07-01T01:50:05.852+0000][34.254s][info][gc,cpu      ] GC(70) User=0.05s Sys=0.00s Real=0.05s
[2026-07-01T01:50:06.724+0000][35.126s][info][gc,start    ] GC(71) Pause Young (Mixed) (G1 Evacuation Pause)
[2026-07-01T01:50:06.724+0000][35.126s][info][gc,task     ] GC(71) Using 2 workers of 2 for evacuation
[2026-07-01T01:50:06.739+0000][35.140s][info][gc,phases   ] GC(71)   Pre Evacuate Collection Set: 0.17ms
[2026-07-01T01:50:06.739+0000][35.140s][info][gc,phases   ] GC(71)   Merge Heap Roots: 0.24ms
[2026-07-01T01:50:06.739+0000][35.140s][info][gc,phases   ] GC(71)   Evacuate Collection Set: 13.68ms
[2026-07-01T01:50:06.739+0000][35.140s][info][gc,phases   ] GC(71)   Post Evacuate Collection Set: 0.34ms
[2026-07-01T01:50:06.739+0000][35.140s][info][gc,phases   ] GC(71)   Other: 0.06ms
[2026-07-01T01:50:06.739+0000][35.140s][info][gc,heap     ] GC(71) Eden regions: 93->0(93)
[2026-07-01T01:50:06.739+0000][35.140s][info][gc,heap     ] GC(71) Survivor regions: 7->7(13)
[2026-07-01T01:50:06.739+0000][35.140s][info][gc,heap     ] GC(71) Old regions: 154->154
[2026-07-01T01:50:06.739+0000][35.140s][info][gc,heap     ] GC(71) Humongous regions: 3->3
[2026-07-01T01:50:06.739+0000][35.140s][info][gc,metaspace] GC(71) Metaspace: 41692K(42496K)->41692K(42496K) NonClass: 36557K(36992K)->36557K(36992K) Class: 5135K(5504K)->5135K(5504K)
[2026-07-01T01:50:06.739+0000][35.140s][info][gc          ] GC(71) Pause Young (Mixed) (G1 Evacuation Pause) 256M->163M(272M) 14.665ms
[2026-07-01T01:50:06.739+0000][35.140s][info][gc,cpu      ] GC(71) User=0.03s Sys=0.00s Real=0.02s
[2026-07-01T01:50:07.433+0000][35.834s][info][gc,start    ] GC(72) Pause Young (Concurrent Start) (G1 Evacuation Pause)
[2026-07-01T01:50:07.433+0000][35.834s][info][gc,task     ] GC(72) Using 2 workers of 2 for evacuation
[2026-07-01T01:50:07.463+0000][35.864s][info][gc,phases   ] GC(72)   Pre Evacuate Collection Set: 0.20ms
[2026-07-01T01:50:07.463+0000][35.864s][info][gc,phases   ] GC(72)   Merge Heap Roots: 0.31ms
[2026-07-01T01:50:07.463+0000][35.864s][info][gc,phases   ] GC(72)   Evacuate Collection Set: 28.64ms
[2026-07-01T01:50:07.463+0000][35.864s][info][gc,phases   ] GC(72)   Post Evacuate Collection Set: 0.38ms
[2026-07-01T01:50:07.463+0000][35.864s][info][gc,phases   ] GC(72)   Other: 0.08ms
[2026-07-01T01:50:07.463+0000][35.864s][info][gc,heap     ] GC(72) Eden regions: 93->0(92)
[2026-07-01T01:50:07.463+0000][35.864s][info][gc,heap     ] GC(72) Survivor regions: 7->7(13)
[2026-07-01T01:50:07.463+0000][35.864s][info][gc,heap     ] GC(72) Old regions: 154->155
[2026-07-01T01:50:07.463+0000][35.864s][info][gc,heap     ] GC(72) Humongous regions: 3->3
[2026-07-01T01:50:07.463+0000][35.864s][info][gc,metaspace] GC(72) Metaspace: 41694K(42496K)->41694K(42496K) NonClass: 36559K(36992K)->36559K(36992K) Class: 5135K(5504K)->5135K(5504K)
[2026-07-01T01:50:07.463+0000][35.864s][info][gc          ] GC(72) Pause Young (Concurrent Start) (G1 Evacuation Pause) 256M->163M(272M) 29.787ms
[2026-07-01T01:50:07.463+0000][35.864s][info][gc          ] GC(73) Concurrent Mark Cycle
[2026-07-01T01:50:07.463+0000][35.864s][info][gc,marking  ] GC(73) Concurrent Scan Root Regions
[2026-07-01T01:50:07.463+0000][35.864s][info][gc,cpu      ] GC(72) User=0.04s Sys=0.00s Real=0.03s
[2026-07-01T01:50:07.491+0000][35.892s][info][gc,marking  ] GC(73) Concurrent Scan Root Regions 28.273ms
[2026-07-01T01:50:07.491+0000][35.893s][info][gc,marking  ] GC(73) Concurrent Mark
[2026-07-01T01:50:07.491+0000][35.893s][info][gc,marking  ] GC(73) Concurrent Mark From Roots
[2026-07-01T01:50:07.491+0000][35.893s][info][gc,task     ] GC(73) Using 1 workers of 1 for marking
[2026-07-01T01:50:08.142+0000][36.543s][info][gc,marking  ] GC(73) Concurrent Mark From Roots 650.351ms
[2026-07-01T01:50:08.142+0000][36.543s][info][gc,marking  ] GC(73) Concurrent Preclean
[2026-07-01T01:50:08.142+0000][36.543s][info][gc,marking  ] GC(73) Concurrent Preclean 0.101ms
[2026-07-01T01:50:08.142+0000][36.543s][info][gc,start    ] GC(73) Pause Remark
[2026-07-01T01:50:08.168+0000][36.570s][info][gc          ] GC(73) Pause Remark 241M->241M(272M) 26.400ms
[2026-07-01T01:50:08.168+0000][36.570s][info][gc,cpu      ] GC(73) User=0.02s Sys=0.00s Real=0.03s
[2026-07-01T01:50:08.173+0000][36.574s][info][gc,marking  ] GC(73) Concurrent Mark 681.538ms
[2026-07-01T01:50:08.173+0000][36.574s][info][gc,marking  ] GC(73) Concurrent Rebuild Remembered Sets and Scrub Regions
[2026-07-01T01:50:08.331+0000][36.732s][info][gc,marking  ] GC(73) Concurrent Rebuild Remembered Sets and Scrub Regions 157.836ms
[2026-07-01T01:50:08.331+0000][36.732s][info][gc,start    ] GC(73) Pause Cleanup
[2026-07-01T01:50:08.331+0000][36.732s][info][gc          ] GC(73) Pause Cleanup 255M->255M(272M) 0.163ms
[2026-07-01T01:50:08.331+0000][36.732s][info][gc,cpu      ] GC(73) User=0.00s Sys=0.00s Real=0.00s
[2026-07-01T01:50:08.331+0000][36.732s][info][gc,marking  ] GC(73) Concurrent Clear Claimed Marks
[2026-07-01T01:50:08.331+0000][36.732s][info][gc,marking  ] GC(73) Concurrent Clear Claimed Marks 0.090ms
[2026-07-01T01:50:08.331+0000][36.732s][info][gc,marking  ] GC(73) Concurrent Cleanup for Next Mark
[2026-07-01T01:50:08.332+0000][36.733s][info][gc,marking  ] GC(73) Concurrent Cleanup for Next Mark 0.565ms
[2026-07-01T01:50:08.332+0000][36.733s][info][gc          ] GC(73) Concurrent Mark Cycle 868.896ms
[2026-07-01T01:50:08.333+0000][36.734s][info][gc,start    ] GC(74) Pause Young (Prepare Mixed) (G1 Evacuation Pause)
[2026-07-01T01:50:08.333+0000][36.734s][info][gc,task     ] GC(74) Using 2 workers of 2 for evacuation
[2026-07-01T01:50:08.364+0000][36.766s][info][gc,phases   ] GC(74)   Pre Evacuate Collection Set: 0.14ms
[2026-07-01T01:50:08.364+0000][36.766s][info][gc,phases   ] GC(74)   Merge Heap Roots: 0.44ms
[2026-07-01T01:50:08.364+0000][36.766s][info][gc,phases   ] GC(74)   Evacuate Collection Set: 30.50ms
[2026-07-01T01:50:08.364+0000][36.766s][info][gc,phases   ] GC(74)   Post Evacuate Collection Set: 0.52ms
[2026-07-01T01:50:08.365+0000][36.766s][info][gc,phases   ] GC(74)   Other: 0.07ms
[2026-07-01T01:50:08.365+0000][36.766s][info][gc,heap     ] GC(74) Eden regions: 92->0(92)
[2026-07-01T01:50:08.365+0000][36.766s][info][gc,heap     ] GC(74) Survivor regions: 7->7(13)
[2026-07-01T01:50:08.365+0000][36.766s][info][gc,heap     ] GC(74) Old regions: 155->155
[2026-07-01T01:50:08.365+0000][36.766s][info][gc,heap     ] GC(74) Humongous regions: 3->3
[2026-07-01T01:50:08.365+0000][36.766s][info][gc,metaspace] GC(74) Metaspace: 41703K(42496K)->41703K(42496K) NonClass: 36567K(36992K)->36567K(36992K) Class: 5135K(5504K)->5135K(5504K)
[2026-07-01T01:50:08.365+0000][36.766s][info][gc          ] GC(74) Pause Young (Prepare Mixed) (G1 Evacuation Pause) 255M->164M(272M) 31.838ms
[2026-07-01T01:50:08.365+0000][36.766s][info][gc,cpu      ] GC(74) User=0.05s Sys=0.00s Real=0.03s
[2026-07-01T01:50:09.087+0000][37.489s][info][gc,start    ] GC(75) Pause Young (Mixed) (G1 Evacuation Pause)
[2026-07-01T01:50:09.087+0000][37.489s][info][gc,task     ] GC(75) Using 2 workers of 2 for evacuation
[2026-07-01T01:50:09.105+0000][37.506s][info][gc,phases   ] GC(75)   Pre Evacuate Collection Set: 0.15ms
[2026-07-01T01:50:09.105+0000][37.506s][info][gc,phases   ] GC(75)   Merge Heap Roots: 0.30ms
[2026-07-01T01:50:09.105+0000][37.506s][info][gc,phases   ] GC(75)   Evacuate Collection Set: 16.71ms
[2026-07-01T01:50:09.105+0000][37.506s][info][gc,phases   ] GC(75)   Post Evacuate Collection Set: 0.44ms
[2026-07-01T01:50:09.105+0000][37.506s][info][gc,phases   ] GC(75)   Other: 0.07ms
[2026-07-01T01:50:09.105+0000][37.506s][info][gc,heap     ] GC(75) Eden regions: 92->0(92)
[2026-07-01T01:50:09.105+0000][37.506s][info][gc,heap     ] GC(75) Survivor regions: 7->7(13)
[2026-07-01T01:50:09.105+0000][37.506s][info][gc,heap     ] GC(75) Old regions: 155->155
[2026-07-01T01:50:09.105+0000][37.506s][info][gc,heap     ] GC(75) Humongous regions: 3->3
[2026-07-01T01:50:09.105+0000][37.506s][info][gc,metaspace] GC(75) Metaspace: 41703K(42496K)->41703K(42496K) NonClass: 36568K(36992K)->36568K(36992K) Class: 5135K(5504K)->5135K(5504K)
[2026-07-01T01:50:09.105+0000][37.506s][info][gc          ] GC(75) Pause Young (Mixed) (G1 Evacuation Pause) 256M->164M(272M) 17.867ms
[2026-07-01T01:50:09.105+0000][37.506s][info][gc,cpu      ] GC(75) User=0.05s Sys=0.00s Real=0.02s
[2026-07-01T01:50:09.780+0000][38.182s][info][gc,start    ] GC(76) Pause Young (Concurrent Start) (G1 Evacuation Pause)
[2026-07-01T01:50:09.780+0000][38.182s][info][gc,task     ] GC(76) Using 2 workers of 2 for evacuation
[2026-07-01T01:50:09.793+0000][38.194s][info][gc,phases   ] GC(76)   Pre Evacuate Collection Set: 0.30ms
[2026-07-01T01:50:09.793+0000][38.194s][info][gc,phases   ] GC(76)   Merge Heap Roots: 0.51ms
[2026-07-01T01:50:09.793+0000][38.194s][info][gc,phases   ] GC(76)   Evacuate Collection Set: 10.91ms
[2026-07-01T01:50:09.793+0000][38.194s][info][gc,phases   ] GC(76)   Post Evacuate Collection Set: 0.36ms
[2026-07-01T01:50:09.793+0000][38.194s][info][gc,phases   ] GC(76)   Other: 0.08ms
[2026-07-01T01:50:09.793+0000][38.194s][info][gc,heap     ] GC(76) Eden regions: 92->0(91)
[2026-07-01T01:50:09.793+0000][38.194s][info][gc,heap     ] GC(76) Survivor regions: 7->7(13)
[2026-07-01T01:50:09.793+0000][38.194s][info][gc,heap     ] GC(76) Old regions: 155->156
[2026-07-01T01:50:09.793+0000][38.194s][info][gc,heap     ] GC(76) Humongous regions: 3->3
[2026-07-01T01:50:09.793+0000][38.194s][info][gc,metaspace] GC(76) Metaspace: 41703K(42496K)->41703K(42496K) NonClass: 36568K(36992K)->36568K(36992K) Class: 5135K(5504K)->5135K(5504K)
[2026-07-01T01:50:09.793+0000][38.194s][info][gc          ] GC(76) Pause Young (Concurrent Start) (G1 Evacuation Pause) 256M->164M(272M) 12.307ms
[2026-07-01T01:50:09.793+0000][38.194s][info][gc          ] GC(77) Concurrent Mark Cycle
[2026-07-01T01:50:09.793+0000][38.194s][info][gc,marking  ] GC(77) Concurrent Scan Root Regions
[2026-07-01T01:50:09.793+0000][38.194s][info][gc,cpu      ] GC(76) User=0.02s Sys=0.00s Real=0.01s
[2026-07-01T01:50:09.820+0000][38.222s][info][gc,marking  ] GC(77) Concurrent Scan Root Regions 27.327ms
[2026-07-01T01:50:09.820+0000][38.222s][info][gc,marking  ] GC(77) Concurrent Mark
[2026-07-01T01:50:09.820+0000][38.222s][info][gc,marking  ] GC(77) Concurrent Mark From Roots
[2026-07-01T01:50:09.820+0000][38.222s][info][gc,task     ] GC(77) Using 1 workers of 1 for marking
[2026-07-01T01:50:10.464+0000][38.866s][info][gc,marking  ] GC(77) Concurrent Mark From Roots 644.126ms
[2026-07-01T01:50:10.464+0000][38.866s][info][gc,marking  ] GC(77) Concurrent Preclean
[2026-07-01T01:50:10.464+0000][38.866s][info][gc,marking  ] GC(77) Concurrent Preclean 0.131ms
[2026-07-01T01:50:10.465+0000][38.866s][info][gc,start    ] GC(77) Pause Remark
[2026-07-01T01:50:10.472+0000][38.874s][info][gc          ] GC(77) Pause Remark 225M->225M(272M) 7.779ms
[2026-07-01T01:50:10.472+0000][38.874s][info][gc,cpu      ] GC(77) User=0.02s Sys=0.00s Real=0.01s
[2026-07-01T01:50:10.473+0000][38.875s][info][gc,marking  ] GC(77) Concurrent Mark 652.957ms
[2026-07-01T01:50:10.473+0000][38.875s][info][gc,marking  ] GC(77) Concurrent Rebuild Remembered Sets and Scrub Regions
[2026-07-01T01:50:10.776+0000][39.177s][info][gc,start    ] GC(78) Pause Young (Normal) (G1 Evacuation Pause)
[2026-07-01T01:50:10.776+0000][39.177s][info][gc,task     ] GC(78) Using 2 workers of 2 for evacuation
[2026-07-01T01:50:10.790+0000][39.192s][info][gc,phases   ] GC(78)   Pre Evacuate Collection Set: 0.18ms
[2026-07-01T01:50:10.790+0000][39.192s][info][gc,phases   ] GC(78)   Merge Heap Roots: 0.40ms
[2026-07-01T01:50:10.790+0000][39.192s][info][gc,phases   ] GC(78)   Evacuate Collection Set: 13.33ms
[2026-07-01T01:50:10.790+0000][39.192s][info][gc,phases   ] GC(78)   Post Evacuate Collection Set: 0.50ms
[2026-07-01T01:50:10.790+0000][39.192s][info][gc,phases   ] GC(78)   Other: 0.08ms
[2026-07-01T01:50:10.790+0000][39.192s][info][gc,heap     ] GC(78) Eden regions: 91->0(91)
[2026-07-01T01:50:10.790+0000][39.192s][info][gc,heap     ] GC(78) Survivor regions: 7->7(13)
[2026-07-01T01:50:10.790+0000][39.192s][info][gc,heap     ] GC(78) Old regions: 156->156
[2026-07-01T01:50:10.790+0000][39.192s][info][gc,heap     ] GC(78) Humongous regions: 3->3
[2026-07-01T01:50:10.790+0000][39.192s][info][gc,metaspace] GC(78) Metaspace: 41703K(42496K)->41703K(42496K) NonClass: 36568K(36992K)->36568K(36992K) Class: 5135K(5504K)->5135K(5504K)
[2026-07-01T01:50:10.790+0000][39.192s][info][gc          ] GC(78) Pause Young (Normal) (G1 Evacuation Pause) 255M->165M(272M) 14.631ms
[2026-07-01T01:50:10.790+0000][39.192s][info][gc,cpu      ] GC(78) User=0.03s Sys=0.00s Real=0.02s
[2026-07-01T01:50:10.845+0000][39.247s][info][gc,marking  ] GC(77) Concurrent Rebuild Remembered Sets and Scrub Regions 372.251ms
[2026-07-01T01:50:10.846+0000][39.247s][info][gc,start    ] GC(77) Pause Cleanup
[2026-07-01T01:50:10.846+0000][39.247s][info][gc          ] GC(77) Pause Cleanup 174M->174M(272M) 0.152ms
[2026-07-01T01:50:10.846+0000][39.247s][info][gc,cpu      ] GC(77) User=0.00s Sys=0.00s Real=0.00s
[2026-07-01T01:50:10.847+0000][39.248s][info][gc,marking  ] GC(77) Concurrent Clear Claimed Marks
[2026-07-01T01:50:10.847+0000][39.249s][info][gc,marking  ] GC(77) Concurrent Clear Claimed Marks 0.149ms
[2026-07-01T01:50:10.847+0000][39.249s][info][gc,marking  ] GC(77) Concurrent Cleanup for Next Mark
[2026-07-01T01:50:10.848+0000][39.249s][info][gc,marking  ] GC(77) Concurrent Cleanup for Next Mark 0.470ms
[2026-07-01T01:50:10.848+0000][39.249s][info][gc          ] GC(77) Concurrent Mark Cycle 1054.960ms
[2026-07-01T01:50:11.502+0000][39.904s][info][gc,start    ] GC(79) Pause Young (Prepare Mixed) (G1 Evacuation Pause)
[2026-07-01T01:50:11.502+0000][39.904s][info][gc,task     ] GC(79) Using 2 workers of 2 for evacuation
[2026-07-01T01:50:11.519+0000][39.920s][info][gc,phases   ] GC(79)   Pre Evacuate Collection Set: 0.17ms
[2026-07-01T01:50:11.519+0000][39.920s][info][gc,phases   ] GC(79)   Merge Heap Roots: 0.32ms
[2026-07-01T01:50:11.519+0000][39.920s][info][gc,phases   ] GC(79)   Evacuate Collection Set: 15.52ms
[2026-07-01T01:50:11.519+0000][39.920s][info][gc,phases   ] GC(79)   Post Evacuate Collection Set: 0.44ms
[2026-07-01T01:50:11.519+0000][39.920s][info][gc,phases   ] GC(79)   Other: 0.07ms
[2026-07-01T01:50:11.519+0000][39.920s][info][gc,heap     ] GC(79) Eden regions: 91->0(91)
[2026-07-01T01:50:11.519+0000][39.920s][info][gc,heap     ] GC(79) Survivor regions: 7->7(13)
[2026-07-01T01:50:11.519+0000][39.920s][info][gc,heap     ] GC(79) Old regions: 156->156
[2026-07-01T01:50:11.519+0000][39.920s][info][gc,heap     ] GC(79) Humongous regions: 3->3
[2026-07-01T01:50:11.519+0000][39.920s][info][gc,metaspace] GC(79) Metaspace: 41705K(42496K)->41705K(42496K) NonClass: 36569K(36992K)->36569K(36992K) Class: 5135K(5504K)->5135K(5504K)
[2026-07-01T01:50:11.519+0000][39.920s][info][gc          ] GC(79) Pause Young (Prepare Mixed) (G1 Evacuation Pause) 256M->165M(272M) 16.696ms
[2026-07-01T01:50:11.519+0000][39.920s][info][gc,cpu      ] GC(79) User=0.03s Sys=0.00s Real=0.02s
[2026-07-01T01:50:12.370+0000][40.771s][info][gc,start    ] GC(80) Pause Young (Mixed) (G1 Evacuation Pause)
[2026-07-01T01:50:12.370+0000][40.771s][info][gc,task     ] GC(80) Using 2 workers of 2 for evacuation
[2026-07-01T01:50:12.383+0000][40.785s][info][gc,phases   ] GC(80)   Pre Evacuate Collection Set: 0.16ms
[2026-07-01T01:50:12.383+0000][40.785s][info][gc,phases   ] GC(80)   Merge Heap Roots: 0.26ms
[2026-07-01T01:50:12.383+0000][40.785s][info][gc,phases   ] GC(80)   Evacuate Collection Set: 12.54ms
[2026-07-01T01:50:12.383+0000][40.785s][info][gc,phases   ] GC(80)   Post Evacuate Collection Set: 0.42ms
[2026-07-01T01:50:12.383+0000][40.785s][info][gc,phases   ] GC(80)   Other: 0.06ms
[2026-07-01T01:50:12.383+0000][40.785s][info][gc,heap     ] GC(80) Eden regions: 91->0(90)
[2026-07-01T01:50:12.383+0000][40.785s][info][gc,heap     ] GC(80) Survivor regions: 7->7(13)
[2026-07-01T01:50:12.383+0000][40.785s][info][gc,heap     ] GC(80) Old regions: 156->157
[2026-07-01T01:50:12.383+0000][40.785s][info][gc,heap     ] GC(80) Humongous regions: 3->3
[2026-07-01T01:50:12.383+0000][40.785s][info][gc,metaspace] GC(80) Metaspace: 41705K(42496K)->41705K(42496K) NonClass: 36569K(36992K)->36569K(36992K) Class: 5135K(5504K)->5135K(5504K)
[2026-07-01T01:50:12.383+0000][40.785s][info][gc          ] GC(80) Pause Young (Mixed) (G1 Evacuation Pause) 256M->165M(272M) 13.591ms
[2026-07-01T01:50:12.383+0000][40.785s][info][gc,cpu      ] GC(80) User=0.03s Sys=0.00s Real=0.01s
[2026-07-01T01:50:12.980+0000][41.382s][info][gc,start    ] GC(81) Pause Young (Concurrent Start) (G1 Evacuation Pause)
[2026-07-01T01:50:12.981+0000][41.382s][info][gc,task     ] GC(81) Using 2 workers of 2 for evacuation
[2026-07-01T01:50:12.992+0000][41.394s][info][gc,phases   ] GC(81)   Pre Evacuate Collection Set: 0.15ms
[2026-07-01T01:50:12.992+0000][41.394s][info][gc,phases   ] GC(81)   Merge Heap Roots: 0.20ms
[2026-07-01T01:50:12.992+0000][41.394s][info][gc,phases   ] GC(81)   Evacuate Collection Set: 10.75ms
[2026-07-01T01:50:12.992+0000][41.394s][info][gc,phases   ] GC(81)   Post Evacuate Collection Set: 0.45ms
[2026-07-01T01:50:12.992+0000][41.394s][info][gc,phases   ] GC(81)   Other: 0.07ms
[2026-07-01T01:50:12.992+0000][41.394s][info][gc,heap     ] GC(81) Eden regions: 90->0(90)
[2026-07-01T01:50:12.992+0000][41.394s][info][gc,heap     ] GC(81) Survivor regions: 7->7(13)
[2026-07-01T01:50:12.992+0000][41.394s][info][gc,heap     ] GC(81) Old regions: 157->157
[2026-07-01T01:50:12.992+0000][41.394s][info][gc,heap     ] GC(81) Humongous regions: 3->3
[2026-07-01T01:50:12.992+0000][41.394s][info][gc,metaspace] GC(81) Metaspace: 41706K(42496K)->41706K(42496K) NonClass: 36570K(36992K)->36570K(36992K) Class: 5136K(5504K)->5136K(5504K)
[2026-07-01T01:50:12.992+0000][41.394s][info][gc          ] GC(81) Pause Young (Concurrent Start) (G1 Evacuation Pause) 255M->165M(272M) 11.786ms
[2026-07-01T01:50:12.992+0000][41.394s][info][gc          ] GC(82) Concurrent Mark Cycle
[2026-07-01T01:50:12.992+0000][41.394s][info][gc,marking  ] GC(82) Concurrent Scan Root Regions
[2026-07-01T01:50:12.992+0000][41.394s][info][gc,cpu      ] GC(81) User=0.02s Sys=0.00s Real=0.01s
[2026-07-01T01:50:13.008+0000][41.409s][info][gc,marking  ] GC(82) Concurrent Scan Root Regions 15.482ms
[2026-07-01T01:50:13.008+0000][41.409s][info][gc,marking  ] GC(82) Concurrent Mark
[2026-07-01T01:50:13.008+0000][41.410s][info][gc,marking  ] GC(82) Concurrent Mark From Roots
[2026-07-01T01:50:13.008+0000][41.410s][info][gc,task     ] GC(82) Using 1 workers of 1 for marking
[2026-07-01T01:50:13.589+0000][41.990s][info][gc,marking  ] GC(82) Concurrent Mark From Roots 580.580ms
[2026-07-01T01:50:13.589+0000][41.990s][info][gc,marking  ] GC(82) Concurrent Preclean
[2026-07-01T01:50:13.589+0000][41.990s][info][gc,marking  ] GC(82) Concurrent Preclean 0.106ms
[2026-07-01T01:50:13.589+0000][41.990s][info][gc,start    ] GC(82) Pause Remark
[2026-07-01T01:50:13.604+0000][42.005s][info][gc          ] GC(82) Pause Remark 233M->233M(272M) 15.053ms
[2026-07-01T01:50:13.604+0000][42.006s][info][gc,cpu      ] GC(82) User=0.01s Sys=0.00s Real=0.01s
[2026-07-01T01:50:13.607+0000][42.008s][info][gc,marking  ] GC(82) Concurrent Mark 598.941ms
[2026-07-01T01:50:13.607+0000][42.008s][info][gc,marking  ] GC(82) Concurrent Rebuild Remembered Sets and Scrub Regions
[2026-07-01T01:50:13.794+0000][42.196s][info][gc,marking  ] GC(82) Concurrent Rebuild Remembered Sets and Scrub Regions 187.452ms
[2026-07-01T01:50:13.794+0000][42.196s][info][gc,start    ] GC(82) Pause Cleanup
[2026-07-01T01:50:13.795+0000][42.196s][info][gc          ] GC(82) Pause Cleanup 247M->247M(272M) 0.180ms
[2026-07-01T01:50:13.795+0000][42.196s][info][gc,cpu      ] GC(82) User=0.00s Sys=0.00s Real=0.00s
[2026-07-01T01:50:13.795+0000][42.196s][info][gc,marking  ] GC(82) Concurrent Clear Claimed Marks
[2026-07-01T01:50:13.795+0000][42.196s][info][gc,marking  ] GC(82) Concurrent Clear Claimed Marks 0.076ms
[2026-07-01T01:50:13.795+0000][42.196s][info][gc,marking  ] GC(82) Concurrent Cleanup for Next Mark
[2026-07-01T01:50:13.795+0000][42.197s][info][gc,marking  ] GC(82) Concurrent Cleanup for Next Mark 0.825ms
[2026-07-01T01:50:13.795+0000][42.197s][info][gc          ] GC(82) Concurrent Mark Cycle 803.241ms
[2026-07-01T01:50:13.886+0000][42.288s][info][gc,start    ] GC(83) Pause Young (Prepare Mixed) (G1 Evacuation Pause)
[2026-07-01T01:50:13.886+0000][42.288s][info][gc,task     ] GC(83) Using 2 workers of 2 for evacuation
[2026-07-01T01:50:13.918+0000][42.320s][info][gc,phases   ] GC(83)   Pre Evacuate Collection Set: 0.18ms
[2026-07-01T01:50:13.918+0000][42.320s][info][gc,phases   ] GC(83)   Merge Heap Roots: 0.72ms
[2026-07-01T01:50:13.918+0000][42.320s][info][gc,phases   ] GC(83)   Evacuate Collection Set: 30.21ms
[2026-07-01T01:50:13.918+0000][42.320s][info][gc,phases   ] GC(83)   Post Evacuate Collection Set: 0.77ms
[2026-07-01T01:50:13.918+0000][42.320s][info][gc,phases   ] GC(83)   Other: 0.06ms
[2026-07-01T01:50:13.918+0000][42.320s][info][gc,heap     ] GC(83) Eden regions: 90->0(90)
[2026-07-01T01:50:13.918+0000][42.320s][info][gc,heap     ] GC(83) Survivor regions: 7->7(13)
[2026-07-01T01:50:13.918+0000][42.320s][info][gc,heap     ] GC(83) Old regions: 157->157
[2026-07-01T01:50:13.918+0000][42.320s][info][gc,heap     ] GC(83) Humongous regions: 3->3
[2026-07-01T01:50:13.919+0000][42.320s][info][gc,metaspace] GC(83) Metaspace: 41706K(42496K)->41706K(42496K) NonClass: 36570K(36992K)->36570K(36992K) Class: 5136K(5504K)->5136K(5504K)
[2026-07-01T01:50:13.919+0000][42.320s][info][gc          ] GC(83) Pause Young (Prepare Mixed) (G1 Evacuation Pause) 255M->166M(272M) 32.124ms
[2026-07-01T01:50:13.919+0000][42.320s][info][gc,cpu      ] GC(83) User=0.04s Sys=0.00s Real=0.04s
[2026-07-01T01:50:14.642+0000][43.044s][info][gc,start    ] GC(84) Pause Young (Mixed) (G1 Evacuation Pause)
[2026-07-01T01:50:14.642+0000][43.044s][info][gc,task     ] GC(84) Using 2 workers of 2 for evacuation
[2026-07-01T01:50:14.667+0000][43.069s][info][gc,phases   ] GC(84)   Pre Evacuate Collection Set: 0.25ms
[2026-07-01T01:50:14.667+0000][43.069s][info][gc,phases   ] GC(84)   Merge Heap Roots: 0.50ms
[2026-07-01T01:50:14.667+0000][43.069s][info][gc,phases   ] GC(84)   Evacuate Collection Set: 23.76ms
[2026-07-01T01:50:14.667+0000][43.069s][info][gc,phases   ] GC(84)   Post Evacuate Collection Set: 0.46ms
[2026-07-01T01:50:14.667+0000][43.069s][info][gc,phases   ] GC(84)   Other: 0.07ms
[2026-07-01T01:50:14.667+0000][43.069s][info][gc,heap     ] GC(84) Eden regions: 90->0(90)
[2026-07-01T01:50:14.667+0000][43.069s][info][gc,heap     ] GC(84) Survivor regions: 7->7(13)
[2026-07-01T01:50:14.667+0000][43.069s][info][gc,heap     ] GC(84) Old regions: 157->157
[2026-07-01T01:50:14.667+0000][43.069s][info][gc,heap     ] GC(84) Humongous regions: 3->3
[2026-07-01T01:50:14.667+0000][43.069s][info][gc,metaspace] GC(84) Metaspace: 41706K(42496K)->41706K(42496K) NonClass: 36570K(36992K)->36570K(36992K) Class: 5136K(5504K)->5136K(5504K)
[2026-07-01T01:50:14.667+0000][43.069s][info][gc          ] GC(84) Pause Young (Mixed) (G1 Evacuation Pause) 256M->166M(272M) 25.215ms
[2026-07-01T01:50:14.667+0000][43.069s][info][gc,cpu      ] GC(84) User=0.06s Sys=0.00s Real=0.02s
[2026-07-01T01:50:15.182+0000][43.583s][info][gc,start    ] GC(85) Pause Young (Concurrent Start) (G1 Evacuation Pause)
[2026-07-01T01:50:15.182+0000][43.583s][info][gc,task     ] GC(85) Using 2 workers of 2 for evacuation
[2026-07-01T01:50:15.197+0000][43.599s][info][gc,phases   ] GC(85)   Pre Evacuate Collection Set: 0.39ms
[2026-07-01T01:50:15.197+0000][43.599s][info][gc,phases   ] GC(85)   Merge Heap Roots: 0.28ms
[2026-07-01T01:50:15.197+0000][43.599s][info][gc,phases   ] GC(85)   Evacuate Collection Set: 14.18ms
[2026-07-01T01:50:15.197+0000][43.599s][info][gc,phases   ] GC(85)   Post Evacuate Collection Set: 0.42ms
[2026-07-01T01:50:15.197+0000][43.599s][info][gc,phases   ] GC(85)   Other: 0.09ms
[2026-07-01T01:50:15.197+0000][43.599s][info][gc,heap     ] GC(85) Eden regions: 90->0(89)
[2026-07-01T01:50:15.197+0000][43.599s][info][gc,heap     ] GC(85) Survivor regions: 7->7(13)
[2026-07-01T01:50:15.197+0000][43.599s][info][gc,heap     ] GC(85) Old regions: 157->158
[2026-07-01T01:50:15.197+0000][43.599s][info][gc,heap     ] GC(85) Humongous regions: 3->3
[2026-07-01T01:50:15.197+0000][43.599s][info][gc,metaspace] GC(85) Metaspace: 41707K(42496K)->41707K(42496K) NonClass: 36571K(36992K)->36571K(36992K) Class: 5136K(5504K)->5136K(5504K)
[2026-07-01T01:50:15.197+0000][43.599s][info][gc          ] GC(85) Pause Young (Concurrent Start) (G1 Evacuation Pause) 256M->166M(272M) 15.542ms
[2026-07-01T01:50:15.197+0000][43.599s][info][gc,cpu      ] GC(85) User=0.05s Sys=0.00s Real=0.01s
[2026-07-01T01:50:15.206+0000][43.607s][info][gc          ] GC(86) Concurrent Mark Cycle
[2026-07-01T01:50:15.206+0000][43.607s][info][gc,marking  ] GC(86) Concurrent Scan Root Regions
[2026-07-01T01:50:15.225+0000][43.627s][info][gc,marking  ] GC(86) Concurrent Scan Root Regions 19.463ms
[2026-07-01T01:50:15.225+0000][43.627s][info][gc,marking  ] GC(86) Concurrent Mark
[2026-07-01T01:50:15.225+0000][43.627s][info][gc,marking  ] GC(86) Concurrent Mark From Roots
[2026-07-01T01:50:15.225+0000][43.627s][info][gc,task     ] GC(86) Using 1 workers of 1 for marking
[2026-07-01T01:50:15.919+0000][44.320s][info][gc,marking  ] GC(86) Concurrent Mark From Roots 693.235ms
[2026-07-01T01:50:15.919+0000][44.320s][info][gc,marking  ] GC(86) Concurrent Preclean
[2026-07-01T01:50:15.919+0000][44.320s][info][gc,marking  ] GC(86) Concurrent Preclean 0.105ms
[2026-07-01T01:50:15.919+0000][44.320s][info][gc,start    ] GC(86) Pause Remark
[2026-07-01T01:50:15.928+0000][44.330s][info][gc          ] GC(86) Pause Remark 245M->245M(272M) 9.286ms
[2026-07-01T01:50:15.928+0000][44.330s][info][gc,cpu      ] GC(86) User=0.01s Sys=0.00s Real=0.01s
[2026-07-01T01:50:15.929+0000][44.331s][info][gc,marking  ] GC(86) Concurrent Mark 703.886ms
[2026-07-01T01:50:15.929+0000][44.331s][info][gc,marking  ] GC(86) Concurrent Rebuild Remembered Sets and Scrub Regions
[2026-07-01T01:50:16.088+0000][44.489s][info][gc,marking  ] GC(86) Concurrent Rebuild Remembered Sets and Scrub Regions 158.291ms
[2026-07-01T01:50:16.088+0000][44.489s][info][gc,start    ] GC(86) Pause Cleanup
[2026-07-01T01:50:16.088+0000][44.489s][info][gc          ] GC(86) Pause Cleanup 254M->254M(272M) 0.154ms
[2026-07-01T01:50:16.088+0000][44.489s][info][gc,cpu      ] GC(86) User=0.00s Sys=0.00s Real=0.00s
[2026-07-01T01:50:16.089+0000][44.490s][info][gc,marking  ] GC(86) Concurrent Clear Claimed Marks
[2026-07-01T01:50:16.089+0000][44.490s][info][gc,marking  ] GC(86) Concurrent Clear Claimed Marks 0.092ms
[2026-07-01T01:50:16.089+0000][44.490s][info][gc,marking  ] GC(86) Concurrent Cleanup for Next Mark
[2026-07-01T01:50:16.089+0000][44.491s][info][gc,marking  ] GC(86) Concurrent Cleanup for Next Mark 0.499ms
[2026-07-01T01:50:16.089+0000][44.491s][info][gc          ] GC(86) Concurrent Mark Cycle 883.646ms
[2026-07-01T01:50:16.110+0000][44.512s][info][gc,start    ] GC(87) Pause Young (Prepare Mixed) (G1 Evacuation Pause)
[2026-07-01T01:50:16.110+0000][44.512s][info][gc,task     ] GC(87) Using 2 workers of 2 for evacuation
[2026-07-01T01:50:16.127+0000][44.528s][info][gc,phases   ] GC(87)   Pre Evacuate Collection Set: 0.17ms
[2026-07-01T01:50:16.127+0000][44.528s][info][gc,phases   ] GC(87)   Merge Heap Roots: 0.63ms
[2026-07-01T01:50:16.127+0000][44.528s][info][gc,phases   ] GC(87)   Evacuate Collection Set: 14.83ms
[2026-07-01T01:50:16.127+0000][44.528s][info][gc,phases   ] GC(87)   Post Evacuate Collection Set: 0.47ms
[2026-07-01T01:50:16.127+0000][44.528s][info][gc,phases   ] GC(87)   Other: 0.08ms
[2026-07-01T01:50:16.127+0000][44.528s][info][gc,heap     ] GC(87) Eden regions: 89->0(89)
[2026-07-01T01:50:16.127+0000][44.528s][info][gc,heap     ] GC(87) Survivor regions: 7->7(12)
[2026-07-01T01:50:16.127+0000][44.528s][info][gc,heap     ] GC(87) Old regions: 158->158
[2026-07-01T01:50:16.127+0000][44.528s][info][gc,heap     ] GC(87) Humongous regions: 3->3
[2026-07-01T01:50:16.127+0000][44.528s][info][gc,metaspace] GC(87) Metaspace: 41712K(42496K)->41712K(42496K) NonClass: 36576K(36992K)->36576K(36992K) Class: 5136K(5504K)->5136K(5504K)
[2026-07-01T01:50:16.127+0000][44.528s][info][gc          ] GC(87) Pause Young (Prepare Mixed) (G1 Evacuation Pause) 255M->167M(272M) 16.358ms
[2026-07-01T01:50:16.127+0000][44.528s][info][gc,cpu      ] GC(87) User=0.04s Sys=0.00s Real=0.01s
[2026-07-01T01:50:17.037+0000][45.439s][info][gc,start    ] GC(88) Pause Young (Mixed) (G1 Evacuation Pause)
[2026-07-01T01:50:17.037+0000][45.439s][info][gc,task     ] GC(88) Using 2 workers of 2 for evacuation
[2026-07-01T01:50:17.051+0000][45.453s][info][gc,phases   ] GC(88)   Pre Evacuate Collection Set: 0.23ms
[2026-07-01T01:50:17.051+0000][45.453s][info][gc,phases   ] GC(88)   Merge Heap Roots: 0.29ms
[2026-07-01T01:50:17.051+0000][45.453s][info][gc,phases   ] GC(88)   Evacuate Collection Set: 13.03ms
[2026-07-01T01:50:17.051+0000][45.453s][info][gc,phases   ] GC(88)   Post Evacuate Collection Set: 0.37ms
[2026-07-01T01:50:17.051+0000][45.453s][info][gc,phases   ] GC(88)   Other: 0.06ms
[2026-07-01T01:50:17.051+0000][45.453s][info][gc,heap     ] GC(88) Eden regions: 89->0(89)
[2026-07-01T01:50:17.051+0000][45.453s][info][gc,heap     ] GC(88) Survivor regions: 7->7(12)
[2026-07-01T01:50:17.051+0000][45.453s][info][gc,heap     ] GC(88) Old regions: 158->158
[2026-07-01T01:50:17.051+0000][45.453s][info][gc,heap     ] GC(88) Humongous regions: 3->3
[2026-07-01T01:50:17.051+0000][45.453s][info][gc,metaspace] GC(88) Metaspace: 41712K(42496K)->41712K(42496K) NonClass: 36576K(36992K)->36576K(36992K) Class: 5136K(5504K)->5136K(5504K)
[2026-07-01T01:50:17.051+0000][45.453s][info][gc          ] GC(88) Pause Young (Mixed) (G1 Evacuation Pause) 256M->167M(272M) 14.135ms
[2026-07-01T01:50:17.051+0000][45.453s][info][gc,cpu      ] GC(88) User=0.03s Sys=0.00s Real=0.02s
[2026-07-01T01:50:17.623+0000][46.025s][info][gc,start    ] GC(89) Pause Young (Concurrent Start) (G1 Evacuation Pause)
[2026-07-01T01:50:17.623+0000][46.025s][info][gc,task     ] GC(89) Using 2 workers of 2 for evacuation
[2026-07-01T01:50:17.640+0000][46.042s][info][gc,phases   ] GC(89)   Pre Evacuate Collection Set: 0.17ms
[2026-07-01T01:50:17.640+0000][46.042s][info][gc,phases   ] GC(89)   Merge Heap Roots: 0.46ms
[2026-07-01T01:50:17.640+0000][46.042s][info][gc,phases   ] GC(89)   Evacuate Collection Set: 15.70ms
[2026-07-01T01:50:17.640+0000][46.042s][info][gc,phases   ] GC(89)   Post Evacuate Collection Set: 0.34ms
[2026-07-01T01:50:17.640+0000][46.042s][info][gc,phases   ] GC(89)   Other: 0.09ms
[2026-07-01T01:50:17.640+0000][46.042s][info][gc,heap     ] GC(89) Eden regions: 89->0(89)
[2026-07-01T01:50:17.640+0000][46.042s][info][gc,heap     ] GC(89) Survivor regions: 7->7(12)
[2026-07-01T01:50:17.640+0000][46.042s][info][gc,heap     ] GC(89) Old regions: 158->158
[2026-07-01T01:50:17.640+0000][46.042s][info][gc,heap     ] GC(89) Humongous regions: 3->3
[2026-07-01T01:50:17.640+0000][46.042s][info][gc,metaspace] GC(89) Metaspace: 41713K(42496K)->41713K(42496K) NonClass: 36577K(36992K)->36577K(36992K) Class: 5136K(5504K)->5136K(5504K)
[2026-07-01T01:50:17.640+0000][46.042s][info][gc          ] GC(89) Pause Young (Concurrent Start) (G1 Evacuation Pause) 256M->167M(272M) 16.928ms
[2026-07-01T01:50:17.640+0000][46.042s][info][gc          ] GC(90) Concurrent Mark Cycle
[2026-07-01T01:50:17.640+0000][46.042s][info][gc,marking  ] GC(90) Concurrent Scan Root Regions
[2026-07-01T01:50:17.641+0000][46.043s][info][gc,cpu      ] GC(89) User=0.03s Sys=0.00s Real=0.02s
[2026-07-01T01:50:17.671+0000][46.072s][info][gc,marking  ] GC(90) Concurrent Scan Root Regions 30.276ms
[2026-07-01T01:50:17.671+0000][46.072s][info][gc,marking  ] GC(90) Concurrent Mark
[2026-07-01T01:50:17.671+0000][46.072s][info][gc,marking  ] GC(90) Concurrent Mark From Roots
[2026-07-01T01:50:17.671+0000][46.072s][info][gc,task     ] GC(90) Using 1 workers of 1 for marking
[2026-07-01T01:50:18.269+0000][46.670s][info][gc,marking  ] GC(90) Concurrent Mark From Roots 598.060ms
[2026-07-01T01:50:18.269+0000][46.670s][info][gc,marking  ] GC(90) Concurrent Preclean
[2026-07-01T01:50:18.269+0000][46.670s][info][gc,marking  ] GC(90) Concurrent Preclean 0.102ms
[2026-07-01T01:50:18.269+0000][46.670s][info][gc,start    ] GC(90) Pause Remark
[2026-07-01T01:50:18.276+0000][46.678s][info][gc          ] GC(90) Pause Remark 243M->243M(272M) 7.141ms
[2026-07-01T01:50:18.276+0000][46.678s][info][gc,cpu      ] GC(90) User=0.01s Sys=0.00s Real=0.00s
[2026-07-01T01:50:18.279+0000][46.681s][info][gc,marking  ] GC(90) Concurrent Mark 608.639ms
[2026-07-01T01:50:18.279+0000][46.681s][info][gc,marking  ] GC(90) Concurrent Rebuild Remembered Sets and Scrub Regions
[2026-07-01T01:50:18.367+0000][46.769s][info][gc,start    ] GC(91) Pause Young (Normal) (G1 Evacuation Pause)
[2026-07-01T01:50:18.367+0000][46.769s][info][gc,task     ] GC(91) Using 2 workers of 2 for evacuation
[2026-07-01T01:50:18.381+0000][46.783s][info][gc,phases   ] GC(91)   Pre Evacuate Collection Set: 0.14ms
[2026-07-01T01:50:18.381+0000][46.783s][info][gc,phases   ] GC(91)   Merge Heap Roots: 0.23ms
[2026-07-01T01:50:18.381+0000][46.783s][info][gc,phases   ] GC(91)   Evacuate Collection Set: 13.35ms
[2026-07-01T01:50:18.381+0000][46.783s][info][gc,phases   ] GC(91)   Post Evacuate Collection Set: 0.44ms
[2026-07-01T01:50:18.381+0000][46.783s][info][gc,phases   ] GC(91)   Other: 0.05ms
[2026-07-01T01:50:18.381+0000][46.783s][info][gc,heap     ] GC(91) Eden regions: 89->0(88)
[2026-07-01T01:50:18.381+0000][46.783s][info][gc,heap     ] GC(91) Survivor regions: 7->7(12)
[2026-07-01T01:50:18.381+0000][46.783s][info][gc,heap     ] GC(91) Old regions: 158->159
[2026-07-01T01:50:18.381+0000][46.783s][info][gc,heap     ] GC(91) Humongous regions: 3->3
[2026-07-01T01:50:18.381+0000][46.783s][info][gc,metaspace] GC(91) Metaspace: 41713K(42496K)->41713K(42496K) NonClass: 36577K(36992K)->36577K(36992K) Class: 5136K(5504K)->5136K(5504K)
[2026-07-01T01:50:18.381+0000][46.783s][info][gc          ] GC(91) Pause Young (Normal) (G1 Evacuation Pause) 256M->167M(272M) 14.368ms
[2026-07-01T01:50:18.381+0000][46.783s][info][gc,cpu      ] GC(91) User=0.03s Sys=0.00s Real=0.02s
[2026-07-01T01:50:18.526+0000][46.927s][info][gc,marking  ] GC(90) Concurrent Rebuild Remembered Sets and Scrub Regions 246.504ms
[2026-07-01T01:50:18.526+0000][46.927s][info][gc,start    ] GC(90) Pause Cleanup
[2026-07-01T01:50:18.526+0000][46.928s][info][gc          ] GC(90) Pause Cleanup 189M->189M(272M) 0.174ms
[2026-07-01T01:50:18.526+0000][46.928s][info][gc,cpu      ] GC(90) User=0.00s Sys=0.00s Real=0.00s
[2026-07-01T01:50:18.527+0000][46.928s][info][gc,marking  ] GC(90) Concurrent Clear Claimed Marks
[2026-07-01T01:50:18.527+0000][46.928s][info][gc,marking  ] GC(90) Concurrent Clear Claimed Marks 0.086ms
[2026-07-01T01:50:18.527+0000][46.928s][info][gc,marking  ] GC(90) Concurrent Cleanup for Next Mark
[2026-07-01T01:50:18.527+0000][46.929s][info][gc,marking  ] GC(90) Concurrent Cleanup for Next Mark 0.799ms
[2026-07-01T01:50:18.527+0000][46.929s][info][gc          ] GC(90) Concurrent Mark Cycle 887.217ms
[2026-07-01T01:50:18.976+0000][47.378s][info][gc,start    ] GC(92) Pause Young (Prepare Mixed) (G1 Evacuation Pause)
[2026-07-01T01:50:18.976+0000][47.378s][info][gc,task     ] GC(92) Using 2 workers of 2 for evacuation
[2026-07-01T01:50:18.995+0000][47.396s][info][gc,phases   ] GC(92)   Pre Evacuate Collection Set: 0.19ms
[2026-07-01T01:50:18.995+0000][47.396s][info][gc,phases   ] GC(92)   Merge Heap Roots: 0.69ms
[2026-07-01T01:50:18.995+0000][47.396s][info][gc,phases   ] GC(92)   Evacuate Collection Set: 17.21ms
[2026-07-01T01:50:18.995+0000][47.396s][info][gc,phases   ] GC(92)   Post Evacuate Collection Set: 0.39ms
[2026-07-01T01:50:18.995+0000][47.396s][info][gc,phases   ] GC(92)   Other: 0.10ms
[2026-07-01T01:50:18.995+0000][47.396s][info][gc,heap     ] GC(92) Eden regions: 88->0(88)
[2026-07-01T01:50:18.995+0000][47.396s][info][gc,heap     ] GC(92) Survivor regions: 7->7(12)
[2026-07-01T01:50:18.995+0000][47.396s][info][gc,heap     ] GC(92) Old regions: 159->159
[2026-07-01T01:50:18.995+0000][47.396s][info][gc,heap     ] GC(92) Humongous regions: 3->3
[2026-07-01T01:50:18.995+0000][47.396s][info][gc,metaspace] GC(92) Metaspace: 41715K(42496K)->41715K(42496K) NonClass: 36579K(36992K)->36579K(36992K) Class: 5136K(5504K)->5136K(5504K)
[2026-07-01T01:50:18.995+0000][47.396s][info][gc          ] GC(92) Pause Young (Prepare Mixed) (G1 Evacuation Pause) 255M->168M(272M) 18.737ms
[2026-07-01T01:50:18.995+0000][47.396s][info][gc,cpu      ] GC(92) User=0.03s Sys=0.00s Real=0.02s
[2026-07-01T01:50:19.921+0000][48.322s][info][gc,start    ] GC(93) Pause Young (Mixed) (G1 Evacuation Pause)
[2026-07-01T01:50:19.921+0000][48.322s][info][gc,task     ] GC(93) Using 2 workers of 2 for evacuation
[2026-07-01T01:50:19.946+0000][48.347s][info][gc,phases   ] GC(93)   Pre Evacuate Collection Set: 0.18ms
[2026-07-01T01:50:19.946+0000][48.347s][info][gc,phases   ] GC(93)   Merge Heap Roots: 0.25ms
[2026-07-01T01:50:19.946+0000][48.347s][info][gc,phases   ] GC(93)   Evacuate Collection Set: 23.58ms
[2026-07-01T01:50:19.946+0000][48.347s][info][gc,phases   ] GC(93)   Post Evacuate Collection Set: 0.42ms
[2026-07-01T01:50:19.946+0000][48.347s][info][gc,phases   ] GC(93)   Other: 0.07ms
[2026-07-01T01:50:19.946+0000][48.347s][info][gc,heap     ] GC(93) Eden regions: 88->0(88)
[2026-07-01T01:50:19.946+0000][48.347s][info][gc,heap     ] GC(93) Survivor regions: 7->7(12)
[2026-07-01T01:50:19.946+0000][48.347s][info][gc,heap     ] GC(93) Old regions: 159->159
[2026-07-01T01:50:19.946+0000][48.347s][info][gc,heap     ] GC(93) Humongous regions: 3->3
[2026-07-01T01:50:19.946+0000][48.347s][info][gc,metaspace] GC(93) Metaspace: 41717K(42496K)->41717K(42496K) NonClass: 36581K(36992K)->36581K(36992K) Class: 5136K(5504K)->5136K(5504K)
[2026-07-01T01:50:19.946+0000][48.347s][info][gc          ] GC(93) Pause Young (Mixed) (G1 Evacuation Pause) 256M->168M(272M) 24.712ms
[2026-07-01T01:50:19.946+0000][48.347s][info][gc,cpu      ] GC(93) User=0.04s Sys=0.00s Real=0.02s
[2026-07-01T01:50:20.782+0000][49.184s][info][gc,start    ] GC(94) Pause Young (Concurrent Start) (G1 Evacuation Pause)
[2026-07-01T01:50:20.782+0000][49.184s][info][gc,task     ] GC(94) Using 2 workers of 2 for evacuation
[2026-07-01T01:50:20.802+0000][49.204s][info][gc,phases   ] GC(94)   Pre Evacuate Collection Set: 0.15ms
[2026-07-01T01:50:20.802+0000][49.204s][info][gc,phases   ] GC(94)   Merge Heap Roots: 0.28ms
[2026-07-01T01:50:20.802+0000][49.204s][info][gc,phases   ] GC(94)   Evacuate Collection Set: 18.82ms
[2026-07-01T01:50:20.802+0000][49.204s][info][gc,phases   ] GC(94)   Post Evacuate Collection Set: 0.63ms
[2026-07-01T01:50:20.802+0000][49.204s][info][gc,phases   ] GC(94)   Other: 0.08ms
[2026-07-01T01:50:20.802+0000][49.204s][info][gc,heap     ] GC(94) Eden regions: 88->0(88)
[2026-07-01T01:50:20.802+0000][49.204s][info][gc,heap     ] GC(94) Survivor regions: 7->6(12)
[2026-07-01T01:50:20.802+0000][49.204s][info][gc,heap     ] GC(94) Old regions: 159->160
[2026-07-01T01:50:20.802+0000][49.204s][info][gc,heap     ] GC(94) Humongous regions: 3->3
[2026-07-01T01:50:20.802+0000][49.204s][info][gc,metaspace] GC(94) Metaspace: 41717K(42496K)->41717K(42496K) NonClass: 36581K(36992K)->36581K(36992K) Class: 5136K(5504K)->5136K(5504K)
[2026-07-01T01:50:20.802+0000][49.204s][info][gc          ] GC(94) Pause Young (Concurrent Start) (G1 Evacuation Pause) 256M->168M(272M) 20.158ms
[2026-07-01T01:50:20.802+0000][49.204s][info][gc          ] GC(95) Concurrent Mark Cycle
[2026-07-01T01:50:20.802+0000][49.204s][info][gc,cpu      ] GC(94) User=0.03s Sys=0.00s Real=0.02s
[2026-07-01T01:50:20.802+0000][49.204s][info][gc,marking  ] GC(95) Concurrent Scan Root Regions
[2026-07-01T01:50:20.834+0000][49.236s][info][gc,marking  ] GC(95) Concurrent Scan Root Regions 31.912ms
[2026-07-01T01:50:20.834+0000][49.236s][info][gc,marking  ] GC(95) Concurrent Mark
[2026-07-01T01:50:20.834+0000][49.236s][info][gc,marking  ] GC(95) Concurrent Mark From Roots
[2026-07-01T01:50:20.834+0000][49.236s][info][gc,task     ] GC(95) Using 1 workers of 1 for marking
[2026-07-01T01:50:21.312+0000][49.714s][info][gc,marking  ] GC(95) Concurrent Mark From Roots 477.888ms
[2026-07-01T01:50:21.312+0000][49.714s][info][gc,marking  ] GC(95) Concurrent Preclean
[2026-07-01T01:50:21.312+0000][49.714s][info][gc,marking  ] GC(95) Concurrent Preclean 0.129ms
[2026-07-01T01:50:21.313+0000][49.714s][info][gc,start    ] GC(95) Pause Remark
[2026-07-01T01:50:21.320+0000][49.722s][info][gc          ] GC(95) Pause Remark 219M->219M(272M) 7.590ms
[2026-07-01T01:50:21.320+0000][49.722s][info][gc,cpu      ] GC(95) User=0.02s Sys=0.00s Real=0.01s
[2026-07-01T01:50:21.322+0000][49.724s][info][gc,marking  ] GC(95) Concurrent Mark 487.743ms
[2026-07-01T01:50:21.322+0000][49.724s][info][gc,marking  ] GC(95) Concurrent Rebuild Remembered Sets and Scrub Regions
[2026-07-01T01:50:21.493+0000][49.895s][info][gc,marking  ] GC(95) Concurrent Rebuild Remembered Sets and Scrub Regions 171.121ms
[2026-07-01T01:50:21.494+0000][49.895s][info][gc,start    ] GC(95) Pause Cleanup
[2026-07-01T01:50:21.494+0000][49.895s][info][gc          ] GC(95) Pause Cleanup 242M->242M(272M) 0.155ms
[2026-07-01T01:50:21.494+0000][49.895s][info][gc,cpu      ] GC(95) User=0.00s Sys=0.00s Real=0.00s
[2026-07-01T01:50:21.495+0000][49.896s][info][gc,marking  ] GC(95) Concurrent Clear Claimed Marks
[2026-07-01T01:50:21.495+0000][49.897s][info][gc,marking  ] GC(95) Concurrent Clear Claimed Marks 0.466ms
[2026-07-01T01:50:21.495+0000][49.897s][info][gc,marking  ] GC(95) Concurrent Cleanup for Next Mark
[2026-07-01T01:50:21.496+0000][49.897s][info][gc,marking  ] GC(95) Concurrent Cleanup for Next Mark 0.551ms
[2026-07-01T01:50:21.496+0000][49.898s][info][gc          ] GC(95) Concurrent Mark Cycle 693.892ms
[2026-07-01T01:50:21.570+0000][49.971s][info][gc,start    ] GC(96) Pause Young (Prepare Mixed) (G1 Evacuation Pause)
[2026-07-01T01:50:21.570+0000][49.972s][info][gc,task     ] GC(96) Using 2 workers of 2 for evacuation
[2026-07-01T01:50:21.586+0000][49.987s][info][gc,phases   ] GC(96)   Pre Evacuate Collection Set: 0.14ms
[2026-07-01T01:50:21.586+0000][49.987s][info][gc,phases   ] GC(96)   Merge Heap Roots: 0.46ms
[2026-07-01T01:50:21.586+0000][49.987s][info][gc,phases   ] GC(96)   Evacuate Collection Set: 14.53ms
[2026-07-01T01:50:21.586+0000][49.987s][info][gc,phases   ] GC(96)   Post Evacuate Collection Set: 0.44ms
[2026-07-01T01:50:21.586+0000][49.987s][info][gc,phases   ] GC(96)   Other: 0.08ms
[2026-07-01T01:50:21.586+0000][49.987s][info][gc,heap     ] GC(96) Eden regions: 88->0(87)
[2026-07-01T01:50:21.586+0000][49.987s][info][gc,heap     ] GC(96) Survivor regions: 6->7(12)
[2026-07-01T01:50:21.586+0000][49.987s][info][gc,heap     ] GC(96) Old regions: 160->160
[2026-07-01T01:50:21.586+0000][49.987s][info][gc,heap     ] GC(96) Humongous regions: 3->3
[2026-07-01T01:50:21.586+0000][49.987s][info][gc,metaspace] GC(96) Metaspace: 41717K(42496K)->41717K(42496K) NonClass: 36581K(36992K)->36581K(36992K) Class: 5136K(5504K)->5136K(5504K)
[2026-07-01T01:50:21.586+0000][49.987s][info][gc          ] GC(96) Pause Young (Prepare Mixed) (G1 Evacuation Pause) 256M->168M(272M) 15.849ms
[2026-07-01T01:50:21.586+0000][49.987s][info][gc,cpu      ] GC(96) User=0.04s Sys=0.00s Real=0.01s
[2026-07-01T01:50:22.081+0000][50.483s][info][gc,start    ] GC(97) Pause Young (Mixed) (G1 Evacuation Pause)
[2026-07-01T01:50:22.081+0000][50.483s][info][gc,task     ] GC(97) Using 2 workers of 2 for evacuation
[2026-07-01T01:50:22.094+0000][50.496s][info][gc,phases   ] GC(97)   Pre Evacuate Collection Set: 0.15ms
[2026-07-01T01:50:22.094+0000][50.496s][info][gc,phases   ] GC(97)   Merge Heap Roots: 0.21ms
[2026-07-01T01:50:22.094+0000][50.496s][info][gc,phases   ] GC(97)   Evacuate Collection Set: 12.26ms
[2026-07-01T01:50:22.094+0000][50.496s][info][gc,phases   ] GC(97)   Post Evacuate Collection Set: 0.38ms
[2026-07-01T01:50:22.094+0000][50.496s][info][gc,phases   ] GC(97)   Other: 0.05ms
[2026-07-01T01:50:22.094+0000][50.496s][info][gc,heap     ] GC(97) Eden regions: 87->0(87)
[2026-07-01T01:50:22.094+0000][50.496s][info][gc,heap     ] GC(97) Survivor regions: 7->7(12)
[2026-07-01T01:50:22.094+0000][50.496s][info][gc,heap     ] GC(97) Old regions: 160->160
[2026-07-01T01:50:22.094+0000][50.496s][info][gc,heap     ] GC(97) Humongous regions: 3->3
[2026-07-01T01:50:22.094+0000][50.496s][info][gc,metaspace] GC(97) Metaspace: 41717K(42496K)->41717K(42496K) NonClass: 36581K(36992K)->36581K(36992K) Class: 5136K(5504K)->5136K(5504K)
[2026-07-01T01:50:22.094+0000][50.496s][info][gc          ] GC(97) Pause Young (Mixed) (G1 Evacuation Pause) 255M->169M(272M) 13.227ms
[2026-07-01T01:50:22.094+0000][50.496s][info][gc,cpu      ] GC(97) User=0.03s Sys=0.00s Real=0.01s
[2026-07-01T01:50:22.610+0000][51.011s][info][gc,start    ] GC(98) Pause Young (Concurrent Start) (G1 Evacuation Pause)
[2026-07-01T01:50:22.610+0000][51.011s][info][gc,task     ] GC(98) Using 2 workers of 2 for evacuation
[2026-07-01T01:50:22.628+0000][51.029s][info][gc,phases   ] GC(98)   Pre Evacuate Collection Set: 0.17ms
[2026-07-01T01:50:22.628+0000][51.029s][info][gc,phases   ] GC(98)   Merge Heap Roots: 0.51ms
[2026-07-01T01:50:22.628+0000][51.029s][info][gc,phases   ] GC(98)   Evacuate Collection Set: 15.68ms
[2026-07-01T01:50:22.628+0000][51.029s][info][gc,phases   ] GC(98)   Post Evacuate Collection Set: 0.41ms
[2026-07-01T01:50:22.628+0000][51.029s][info][gc,phases   ] GC(98)   Other: 1.25ms
[2026-07-01T01:50:22.628+0000][51.029s][info][gc,heap     ] GC(98) Eden regions: 87->0(87)
[2026-07-01T01:50:22.628+0000][51.029s][info][gc,heap     ] GC(98) Survivor regions: 7->7(12)
[2026-07-01T01:50:22.628+0000][51.029s][info][gc,heap     ] GC(98) Old regions: 160->160
[2026-07-01T01:50:22.628+0000][51.029s][info][gc,heap     ] GC(98) Humongous regions: 3->3
[2026-07-01T01:50:22.628+0000][51.029s][info][gc,metaspace] GC(98) Metaspace: 41717K(42496K)->41717K(42496K) NonClass: 36581K(36992K)->36581K(36992K) Class: 5136K(5504K)->5136K(5504K)
[2026-07-01T01:50:22.628+0000][51.029s][info][gc          ] GC(98) Pause Young (Concurrent Start) (G1 Evacuation Pause) 256M->169M(272M) 18.176ms
[2026-07-01T01:50:22.628+0000][51.029s][info][gc          ] GC(99) Concurrent Mark Cycle
[2026-07-01T01:50:22.628+0000][51.029s][info][gc,marking  ] GC(99) Concurrent Scan Root Regions
[2026-07-01T01:50:22.628+0000][51.029s][info][gc,cpu      ] GC(98) User=0.05s Sys=0.00s Real=0.01s
[2026-07-01T01:50:22.662+0000][51.064s][info][gc,marking  ] GC(99) Concurrent Scan Root Regions 34.417ms
[2026-07-01T01:50:22.663+0000][51.064s][info][gc,marking  ] GC(99) Concurrent Mark
[2026-07-01T01:50:22.663+0000][51.064s][info][gc,marking  ] GC(99) Concurrent Mark From Roots
[2026-07-01T01:50:22.663+0000][51.064s][info][gc,task     ] GC(99) Using 1 workers of 1 for marking
[2026-07-01T01:50:23.193+0000][51.595s][info][gc,marking  ] GC(99) Concurrent Mark From Roots 530.310ms
[2026-07-01T01:50:23.193+0000][51.595s][info][gc,marking  ] GC(99) Concurrent Preclean
[2026-07-01T01:50:23.193+0000][51.595s][info][gc,marking  ] GC(99) Concurrent Preclean 0.274ms
[2026-07-01T01:50:23.194+0000][51.595s][info][gc,start    ] GC(99) Pause Remark
[2026-07-01T01:50:23.203+0000][51.605s][info][gc          ] GC(99) Pause Remark 243M->243M(272M) 9.574ms
[2026-07-01T01:50:23.203+0000][51.605s][info][gc,cpu      ] GC(99) User=0.02s Sys=0.00s Real=0.01s
[2026-07-01T01:50:23.204+0000][51.605s][info][gc,marking  ] GC(99) Concurrent Mark 541.170ms
[2026-07-01T01:50:23.204+0000][51.605s][info][gc,marking  ] GC(99) Concurrent Rebuild Remembered Sets and Scrub Regions
[2026-07-01T01:50:23.301+0000][51.702s][info][gc,start    ] GC(100) Pause Young (Normal) (G1 Evacuation Pause)
[2026-07-01T01:50:23.301+0000][51.702s][info][gc,task     ] GC(100) Using 2 workers of 2 for evacuation
[2026-07-01T01:50:23.319+0000][51.720s][info][gc,phases   ] GC(100)   Pre Evacuate Collection Set: 0.35ms
[2026-07-01T01:50:23.319+0000][51.720s][info][gc,phases   ] GC(100)   Merge Heap Roots: 0.81ms
[2026-07-01T01:50:23.319+0000][51.720s][info][gc,phases   ] GC(100)   Evacuate Collection Set: 16.00ms
[2026-07-01T01:50:23.319+0000][51.720s][info][gc,phases   ] GC(100)   Post Evacuate Collection Set: 0.49ms
[2026-07-01T01:50:23.319+0000][51.720s][info][gc,phases   ] GC(100)   Other: 0.06ms
[2026-07-01T01:50:23.319+0000][51.720s][info][gc,heap     ] GC(100) Eden regions: 87->0(86)
[2026-07-01T01:50:23.319+0000][51.720s][info][gc,heap     ] GC(100) Survivor regions: 7->7(12)
[2026-07-01T01:50:23.319+0000][51.720s][info][gc,heap     ] GC(100) Old regions: 160->161
[2026-07-01T01:50:23.319+0000][51.720s][info][gc,heap     ] GC(100) Humongous regions: 3->3
[2026-07-01T01:50:23.319+0000][51.720s][info][gc,metaspace] GC(100) Metaspace: 41720K(42496K)->41720K(42496K) NonClass: 36584K(36992K)->36584K(36992K) Class: 5136K(5504K)->5136K(5504K)
[2026-07-01T01:50:23.319+0000][51.720s][info][gc          ] GC(100) Pause Young (Normal) (G1 Evacuation Pause) 256M->169M(272M) 17.911ms
[2026-07-01T01:50:23.319+0000][51.720s][info][gc,cpu      ] GC(100) User=0.05s Sys=0.00s Real=0.02s
[2026-07-01T01:50:23.451+0000][51.852s][info][gc,marking  ] GC(99) Concurrent Rebuild Remembered Sets and Scrub Regions 246.971ms
[2026-07-01T01:50:23.463+0000][51.865s][info][gc,start    ] GC(99) Pause Cleanup
[2026-07-01T01:50:23.463+0000][51.865s][info][gc          ] GC(99) Pause Cleanup 188M->188M(272M) 0.198ms
[2026-07-01T01:50:23.463+0000][51.865s][info][gc,cpu      ] GC(99) User=0.00s Sys=0.00s Real=0.00s
[2026-07-01T01:50:23.463+0000][51.865s][info][gc,marking  ] GC(99) Concurrent Clear Claimed Marks
[2026-07-01T01:50:23.463+0000][51.865s][info][gc,marking  ] GC(99) Concurrent Clear Claimed Marks 0.082ms
[2026-07-01T01:50:23.464+0000][51.865s][info][gc,marking  ] GC(99) Concurrent Cleanup for Next Mark
[2026-07-01T01:50:23.465+0000][51.866s][info][gc,marking  ] GC(99) Concurrent Cleanup for Next Mark 1.378ms
[2026-07-01T01:50:23.465+0000][51.866s][info][gc          ] GC(99) Concurrent Mark Cycle 836.893ms
[2026-07-01T01:50:23.857+0000][52.259s][info][gc,start    ] GC(101) Pause Young (Prepare Mixed) (G1 Evacuation Pause)
[2026-07-01T01:50:23.857+0000][52.259s][info][gc,task     ] GC(101) Using 2 workers of 2 for evacuation
[2026-07-01T01:50:23.871+0000][52.272s][info][gc,phases   ] GC(101)   Pre Evacuate Collection Set: 0.14ms
[2026-07-01T01:50:23.871+0000][52.272s][info][gc,phases   ] GC(101)   Merge Heap Roots: 0.42ms
[2026-07-01T01:50:23.871+0000][52.272s][info][gc,phases   ] GC(101)   Evacuate Collection Set: 12.09ms
[2026-07-01T01:50:23.871+0000][52.272s][info][gc,phases   ] GC(101)   Post Evacuate Collection Set: 0.44ms
[2026-07-01T01:50:23.871+0000][52.272s][info][gc,phases   ] GC(101)   Other: 0.05ms
[2026-07-01T01:50:23.871+0000][52.272s][info][gc,heap     ] GC(101) Eden regions: 86->0(86)
[2026-07-01T01:50:23.871+0000][52.272s][info][gc,heap     ] GC(101) Survivor regions: 7->7(12)
[2026-07-01T01:50:23.871+0000][52.272s][info][gc,heap     ] GC(101) Old regions: 161->161
[2026-07-01T01:50:23.871+0000][52.272s][info][gc,heap     ] GC(101) Humongous regions: 3->3
[2026-07-01T01:50:23.871+0000][52.272s][info][gc,metaspace] GC(101) Metaspace: 41735K(42560K)->41735K(42560K) NonClass: 36598K(37056K)->36598K(37056K) Class: 5137K(5504K)->5137K(5504K)
[2026-07-01T01:50:23.871+0000][52.272s][info][gc          ] GC(101) Pause Young (Prepare Mixed) (G1 Evacuation Pause) 255M->170M(272M) 13.279ms
[2026-07-01T01:50:23.871+0000][52.272s][info][gc,cpu      ] GC(101) User=0.03s Sys=0.00s Real=0.02s
[2026-07-01T01:50:24.580+0000][52.981s][info][gc,start    ] GC(102) Pause Young (Mixed) (G1 Evacuation Pause)
[2026-07-01T01:50:24.580+0000][52.981s][info][gc,task     ] GC(102) Using 2 workers of 2 for evacuation
[2026-07-01T01:50:24.598+0000][53.000s][info][gc,phases   ] GC(102)   Pre Evacuate Collection Set: 0.16ms
[2026-07-01T01:50:24.598+0000][53.000s][info][gc,phases   ] GC(102)   Merge Heap Roots: 0.26ms
[2026-07-01T01:50:24.598+0000][53.000s][info][gc,phases   ] GC(102)   Evacuate Collection Set: 17.45ms
[2026-07-01T01:50:24.598+0000][53.000s][info][gc,phases   ] GC(102)   Post Evacuate Collection Set: 0.42ms
[2026-07-01T01:50:24.598+0000][53.000s][info][gc,phases   ] GC(102)   Other: 0.07ms
[2026-07-01T01:50:24.598+0000][53.000s][info][gc,heap     ] GC(102) Eden regions: 86->0(86)
[2026-07-01T01:50:24.598+0000][53.000s][info][gc,heap     ] GC(102) Survivor regions: 7->7(12)
[2026-07-01T01:50:24.598+0000][53.000s][info][gc,heap     ] GC(102) Old regions: 161->161
[2026-07-01T01:50:24.598+0000][53.000s][info][gc,heap     ] GC(102) Humongous regions: 3->3
[2026-07-01T01:50:24.598+0000][53.000s][info][gc,metaspace] GC(102) Metaspace: 41735K(42560K)->41735K(42560K) NonClass: 36598K(37056K)->36598K(37056K) Class: 5137K(5504K)->5137K(5504K)
[2026-07-01T01:50:24.598+0000][53.000s][info][gc          ] GC(102) Pause Young (Mixed) (G1 Evacuation Pause) 256M->170M(272M) 18.555ms
[2026-07-01T01:50:24.599+0000][53.000s][info][gc,cpu      ] GC(102) User=0.04s Sys=0.00s Real=0.02s
[2026-07-01T01:50:25.285+0000][53.687s][info][gc,start    ] GC(103) Pause Young (Concurrent Start) (G1 Evacuation Pause)
[2026-07-01T01:50:25.285+0000][53.687s][info][gc,task     ] GC(103) Using 2 workers of 2 for evacuation
[2026-07-01T01:50:25.301+0000][53.703s][info][gc,phases   ] GC(103)   Pre Evacuate Collection Set: 0.16ms
[2026-07-01T01:50:25.301+0000][53.703s][info][gc,phases   ] GC(103)   Merge Heap Roots: 0.22ms
[2026-07-01T01:50:25.301+0000][53.703s][info][gc,phases   ] GC(103)   Evacuate Collection Set: 14.95ms
[2026-07-01T01:50:25.301+0000][53.703s][info][gc,phases   ] GC(103)   Post Evacuate Collection Set: 0.40ms
[2026-07-01T01:50:25.301+0000][53.703s][info][gc,phases   ] GC(103)   Other: 0.10ms
[2026-07-01T01:50:25.301+0000][53.703s][info][gc,heap     ] GC(103) Eden regions: 86->0(87)
[2026-07-01T01:50:25.301+0000][53.703s][info][gc,heap     ] GC(103) Survivor regions: 7->6(12)
[2026-07-01T01:50:25.301+0000][53.703s][info][gc,heap     ] GC(103) Old regions: 161->161
[2026-07-01T01:50:25.301+0000][53.703s][info][gc,heap     ] GC(103) Humongous regions: 3->3
[2026-07-01T01:50:25.301+0000][53.703s][info][gc,metaspace] GC(103) Metaspace: 41735K(42560K)->41735K(42560K) NonClass: 36598K(37056K)->36598K(37056K) Class: 5137K(5504K)->5137K(5504K)
[2026-07-01T01:50:25.301+0000][53.703s][info][gc          ] GC(103) Pause Young (Concurrent Start) (G1 Evacuation Pause) 256M->169M(272M) 16.029ms
[2026-07-01T01:50:25.301+0000][53.703s][info][gc          ] GC(104) Concurrent Mark Cycle
[2026-07-01T01:50:25.301+0000][53.703s][info][gc,marking  ] GC(104) Concurrent Scan Root Regions
[2026-07-01T01:50:25.302+0000][53.703s][info][gc,cpu      ] GC(103) User=0.03s Sys=0.00s Real=0.02s
[2026-07-01T01:50:25.314+0000][53.716s][info][gc,marking  ] GC(104) Concurrent Scan Root Regions 12.728ms
[2026-07-01T01:50:25.314+0000][53.716s][info][gc,marking  ] GC(104) Concurrent Mark
[2026-07-01T01:50:25.314+0000][53.716s][info][gc,marking  ] GC(104) Concurrent Mark From Roots
[2026-07-01T01:50:25.314+0000][53.716s][info][gc,task     ] GC(104) Using 1 workers of 1 for marking
[2026-07-01T01:50:25.672+0000][54.074s][info][gc,marking  ] GC(104) Concurrent Mark From Roots 357.936ms
[2026-07-01T01:50:25.672+0000][54.074s][info][gc,marking  ] GC(104) Concurrent Preclean
[2026-07-01T01:50:25.672+0000][54.074s][info][gc,marking  ] GC(104) Concurrent Preclean 0.066ms
[2026-07-01T01:50:25.672+0000][54.074s][info][gc,start    ] GC(104) Pause Remark
[2026-07-01T01:50:25.681+0000][54.083s][info][gc          ] GC(104) Pause Remark 204M->204M(272M) 9.034ms
[2026-07-01T01:50:25.681+0000][54.083s][info][gc,cpu      ] GC(104) User=0.01s Sys=0.00s Real=0.01s
[2026-07-01T01:50:25.684+0000][54.085s][info][gc,marking  ] GC(104) Concurrent Mark 369.737ms
[2026-07-01T01:50:25.684+0000][54.085s][info][gc,marking  ] GC(104) Concurrent Rebuild Remembered Sets and Scrub Regions
[2026-07-01T01:50:25.931+0000][54.333s][info][gc,marking  ] GC(104) Concurrent Rebuild Remembered Sets and Scrub Regions 247.422ms
[2026-07-01T01:50:25.932+0000][54.333s][info][gc,start    ] GC(104) Pause Cleanup
[2026-07-01T01:50:25.932+0000][54.333s][info][gc          ] GC(104) Pause Cleanup 249M->249M(272M) 0.142ms
[2026-07-01T01:50:25.932+0000][54.333s][info][gc,cpu      ] GC(104) User=0.00s Sys=0.00s Real=0.00s
[2026-07-01T01:50:25.932+0000][54.334s][info][gc,marking  ] GC(104) Concurrent Clear Claimed Marks
[2026-07-01T01:50:25.933+0000][54.334s][info][gc,marking  ] GC(104) Concurrent Clear Claimed Marks 0.371ms
[2026-07-01T01:50:25.933+0000][54.334s][info][gc,marking  ] GC(104) Concurrent Cleanup for Next Mark
[2026-07-01T01:50:25.933+0000][54.335s][info][gc,marking  ] GC(104) Concurrent Cleanup for Next Mark 0.532ms
[2026-07-01T01:50:25.933+0000][54.335s][info][gc          ] GC(104) Concurrent Mark Cycle 631.693ms
[2026-07-01T01:50:25.970+0000][54.371s][info][gc,start    ] GC(105) Pause Young (Prepare Mixed) (G1 Evacuation Pause)
[2026-07-01T01:50:25.970+0000][54.371s][info][gc,task     ] GC(105) Using 2 workers of 2 for evacuation
[2026-07-01T01:50:25.983+0000][54.384s][info][gc,phases   ] GC(105)   Pre Evacuate Collection Set: 0.20ms
[2026-07-01T01:50:25.983+0000][54.384s][info][gc,phases   ] GC(105)   Merge Heap Roots: 0.46ms
[2026-07-01T01:50:25.983+0000][54.384s][info][gc,phases   ] GC(105)   Evacuate Collection Set: 12.01ms
[2026-07-01T01:50:25.983+0000][54.384s][info][gc,phases   ] GC(105)   Post Evacuate Collection Set: 0.38ms
[2026-07-01T01:50:25.983+0000][54.384s][info][gc,phases   ] GC(105)   Other: 0.05ms
[2026-07-01T01:50:25.983+0000][54.384s][info][gc,heap     ] GC(105) Eden regions: 87->0(85)
[2026-07-01T01:50:25.983+0000][54.384s][info][gc,heap     ] GC(105) Survivor regions: 6->7(12)
[2026-07-01T01:50:25.983+0000][54.384s][info][gc,heap     ] GC(105) Old regions: 161->162
[2026-07-01T01:50:25.983+0000][54.384s][info][gc,heap     ] GC(105) Humongous regions: 3->3
[2026-07-01T01:50:25.983+0000][54.384s][info][gc,metaspace] GC(105) Metaspace: 41735K(42560K)->41735K(42560K) NonClass: 36598K(37056K)->36598K(37056K) Class: 5137K(5504K)->5137K(5504K)
[2026-07-01T01:50:25.983+0000][54.384s][info][gc          ] GC(105) Pause Young (Prepare Mixed) (G1 Evacuation Pause) 256M->170M(272M) 13.248ms
[2026-07-01T01:50:25.983+0000][54.384s][info][gc,cpu      ] GC(105) User=0.03s Sys=0.00s Real=0.01s
[2026-07-01T01:50:26.379+0000][54.781s][info][gc,start    ] GC(106) Pause Young (Mixed) (G1 Evacuation Pause)
[2026-07-01T01:50:26.379+0000][54.781s][info][gc,task     ] GC(106) Using 2 workers of 2 for evacuation
[2026-07-01T01:50:26.398+0000][54.799s][info][gc,phases   ] GC(106)   Pre Evacuate Collection Set: 0.14ms
[2026-07-01T01:50:26.398+0000][54.799s][info][gc,phases   ] GC(106)   Merge Heap Roots: 0.29ms
[2026-07-01T01:50:26.398+0000][54.799s][info][gc,phases   ] GC(106)   Evacuate Collection Set: 17.77ms
[2026-07-01T01:50:26.398+0000][54.799s][info][gc,phases   ] GC(106)   Post Evacuate Collection Set: 0.35ms
[2026-07-01T01:50:26.398+0000][54.799s][info][gc,phases   ] GC(106)   Other: 0.05ms
[2026-07-01T01:50:26.398+0000][54.799s][info][gc,heap     ] GC(106) Eden regions: 85->0(85)
[2026-07-01T01:50:26.398+0000][54.800s][info][gc,heap     ] GC(106) Survivor regions: 7->7(12)
[2026-07-01T01:50:26.398+0000][54.800s][info][gc,heap     ] GC(106) Old regions: 162->162
[2026-07-01T01:50:26.398+0000][54.800s][info][gc,heap     ] GC(106) Humongous regions: 3->3
[2026-07-01T01:50:26.398+0000][54.800s][info][gc,metaspace] GC(106) Metaspace: 41737K(42560K)->41737K(42560K) NonClass: 36599K(37056K)->36599K(37056K) Class: 5137K(5504K)->5137K(5504K)
[2026-07-01T01:50:26.398+0000][54.800s][info][gc          ] GC(106) Pause Young (Mixed) (G1 Evacuation Pause) 255M->170M(272M) 18.756ms
[2026-07-01T01:50:26.398+0000][54.800s][info][gc,cpu      ] GC(106) User=0.04s Sys=0.00s Real=0.02s
[2026-07-01T01:50:26.801+0000][55.203s][info][gc,start    ] GC(107) Pause Young (Concurrent Start) (G1 Evacuation Pause)
[2026-07-01T01:50:26.801+0000][55.203s][info][gc,task     ] GC(107) Using 2 workers of 2 for evacuation
[2026-07-01T01:50:26.813+0000][55.214s][info][gc,phases   ] GC(107)   Pre Evacuate Collection Set: 0.18ms
[2026-07-01T01:50:26.813+0000][55.214s][info][gc,phases   ] GC(107)   Merge Heap Roots: 0.21ms
[2026-07-01T01:50:26.813+0000][55.214s][info][gc,phases   ] GC(107)   Evacuate Collection Set: 10.65ms
[2026-07-01T01:50:26.813+0000][55.214s][info][gc,phases   ] GC(107)   Post Evacuate Collection Set: 0.37ms
[2026-07-01T01:50:26.813+0000][55.214s][info][gc,phases   ] GC(107)   Other: 0.07ms
[2026-07-01T01:50:26.813+0000][55.214s][info][gc,heap     ] GC(107) Eden regions: 85->0(85)
[2026-07-01T01:50:26.813+0000][55.214s][info][gc,heap     ] GC(107) Survivor regions: 7->7(12)
[2026-07-01T01:50:26.813+0000][55.214s][info][gc,heap     ] GC(107) Old regions: 162->162
[2026-07-01T01:50:26.813+0000][55.214s][info][gc,heap     ] GC(107) Humongous regions: 3->3
[2026-07-01T01:50:26.813+0000][55.214s][info][gc,metaspace] GC(107) Metaspace: 41737K(42560K)->41737K(42560K) NonClass: 36599K(37056K)->36599K(37056K) Class: 5137K(5504K)->5137K(5504K)
[2026-07-01T01:50:26.813+0000][55.214s][info][gc          ] GC(107) Pause Young (Concurrent Start) (G1 Evacuation Pause) 255M->171M(272M) 11.623ms
[2026-07-01T01:50:26.813+0000][55.214s][info][gc,cpu      ] GC(107) User=0.02s Sys=0.00s Real=0.01s
[2026-07-01T01:50:26.813+0000][55.214s][info][gc          ] GC(108) Concurrent Mark Cycle
[2026-07-01T01:50:26.813+0000][55.214s][info][gc,marking  ] GC(108) Concurrent Scan Root Regions
[2026-07-01T01:50:26.830+0000][55.231s][info][gc,marking  ] GC(108) Concurrent Scan Root Regions 16.851ms
[2026-07-01T01:50:26.830+0000][55.231s][info][gc,marking  ] GC(108) Concurrent Mark
[2026-07-01T01:50:26.830+0000][55.231s][info][gc,marking  ] GC(108) Concurrent Mark From Roots
[2026-07-01T01:50:26.830+0000][55.231s][info][gc,task     ] GC(108) Using 1 workers of 1 for marking
[2026-07-01T01:50:27.273+0000][55.675s][info][gc,start    ] GC(109) Pause Young (Normal) (G1 Evacuation Pause)
[2026-07-01T01:50:27.273+0000][55.675s][info][gc,task     ] GC(109) Using 2 workers of 2 for evacuation
[2026-07-01T01:50:27.287+0000][55.688s][info][gc,phases   ] GC(109)   Pre Evacuate Collection Set: 0.43ms
[2026-07-01T01:50:27.287+0000][55.688s][info][gc,phases   ] GC(109)   Merge Heap Roots: 0.34ms
[2026-07-01T01:50:27.287+0000][55.688s][info][gc,phases   ] GC(109)   Evacuate Collection Set: 12.32ms
[2026-07-01T01:50:27.287+0000][55.688s][info][gc,phases   ] GC(109)   Post Evacuate Collection Set: 0.36ms
[2026-07-01T01:50:27.287+0000][55.688s][info][gc,phases   ] GC(109)   Other: 0.06ms
[2026-07-01T01:50:27.287+0000][55.688s][info][gc,heap     ] GC(109) Eden regions: 85->0(85)
[2026-07-01T01:50:27.287+0000][55.688s][info][gc,heap     ] GC(109) Survivor regions: 7->6(12)
[2026-07-01T01:50:27.287+0000][55.688s][info][gc,heap     ] GC(109) Old regions: 162->163
[2026-07-01T01:50:27.287+0000][55.688s][info][gc,heap     ] GC(109) Humongous regions: 3->3
[2026-07-01T01:50:27.287+0000][55.688s][info][gc,metaspace] GC(109) Metaspace: 41737K(42560K)->41737K(42560K) NonClass: 36599K(37056K)->36599K(37056K) Class: 5137K(5504K)->5137K(5504K)
[2026-07-01T01:50:27.287+0000][55.688s][info][gc          ] GC(109) Pause Young (Normal) (G1 Evacuation Pause) 256M->171M(272M) 13.662ms
[2026-07-01T01:50:27.287+0000][55.688s][info][gc,cpu      ] GC(109) User=0.03s Sys=0.00s Real=0.01s
[2026-07-01T01:50:27.399+0000][55.800s][info][gc,marking  ] GC(108) Concurrent Mark From Roots 568.929ms
[2026-07-01T01:50:27.399+0000][55.800s][info][gc,marking  ] GC(108) Concurrent Preclean
[2026-07-01T01:50:27.399+0000][55.800s][info][gc,marking  ] GC(108) Concurrent Preclean 0.209ms
[2026-07-01T01:50:27.399+0000][55.800s][info][gc,start    ] GC(108) Pause Remark
[2026-07-01T01:50:27.405+0000][55.807s][info][gc          ] GC(108) Pause Remark 190M->190M(272M) 6.560ms
[2026-07-01T01:50:27.406+0000][55.807s][info][gc,cpu      ] GC(108) User=0.01s Sys=0.00s Real=0.00s
[2026-07-01T01:50:27.409+0000][55.810s][info][gc,marking  ] GC(108) Concurrent Mark 579.029ms
[2026-07-01T01:50:27.409+0000][55.810s][info][gc,marking  ] GC(108) Concurrent Rebuild Remembered Sets and Scrub Regions
[2026-07-01T01:50:27.678+0000][56.079s][info][gc,marking  ] GC(108) Concurrent Rebuild Remembered Sets and Scrub Regions 269.043ms
[2026-07-01T01:50:27.678+0000][56.079s][info][gc,start    ] GC(108) Pause Cleanup
[2026-07-01T01:50:27.678+0000][56.080s][info][gc          ] GC(108) Pause Cleanup 245M->245M(272M) 0.186ms
[2026-07-01T01:50:27.678+0000][56.080s][info][gc,cpu      ] GC(108) User=0.00s Sys=0.00s Real=0.01s
[2026-07-01T01:50:27.678+0000][56.080s][info][gc,marking  ] GC(108) Concurrent Clear Claimed Marks
[2026-07-01T01:50:27.678+0000][56.080s][info][gc,marking  ] GC(108) Concurrent Clear Claimed Marks 0.084ms
[2026-07-01T01:50:27.678+0000][56.080s][info][gc,marking  ] GC(108) Concurrent Cleanup for Next Mark
[2026-07-01T01:50:27.679+0000][56.081s][info][gc,marking  ] GC(108) Concurrent Cleanup for Next Mark 1.224ms
[2026-07-01T01:50:27.680+0000][56.081s][info][gc          ] GC(108) Concurrent Mark Cycle 866.793ms
[2026-07-01T01:50:27.725+0000][56.127s][info][gc,start    ] GC(110) Pause Young (Prepare Mixed) (G1 Evacuation Pause)
[2026-07-01T01:50:27.725+0000][56.127s][info][gc,task     ] GC(110) Using 2 workers of 2 for evacuation
[2026-07-01T01:50:27.741+0000][56.142s][info][gc,phases   ] GC(110)   Pre Evacuate Collection Set: 0.15ms
[2026-07-01T01:50:27.741+0000][56.142s][info][gc,phases   ] GC(110)   Merge Heap Roots: 0.38ms
[2026-07-01T01:50:27.741+0000][56.143s][info][gc,phases   ] GC(110)   Evacuate Collection Set: 14.71ms
[2026-07-01T01:50:27.741+0000][56.143s][info][gc,phases   ] GC(110)   Post Evacuate Collection Set: 0.48ms
[2026-07-01T01:50:27.741+0000][56.143s][info][gc,phases   ] GC(110)   Other: 0.05ms
[2026-07-01T01:50:27.741+0000][56.143s][info][gc,heap     ] GC(110) Eden regions: 85->0(84)
[2026-07-01T01:50:27.741+0000][56.143s][info][gc,heap     ] GC(110) Survivor regions: 6->7(12)
[2026-07-01T01:50:27.741+0000][56.143s][info][gc,heap     ] GC(110) Old regions: 163->163
[2026-07-01T01:50:27.741+0000][56.143s][info][gc,heap     ] GC(110) Humongous regions: 3->3
[2026-07-01T01:50:27.741+0000][56.143s][info][gc,metaspace] GC(110) Metaspace: 41737K(42560K)->41737K(42560K) NonClass: 36599K(37056K)->36599K(37056K) Class: 5137K(5504K)->5137K(5504K)
[2026-07-01T01:50:27.741+0000][56.143s][info][gc          ] GC(110) Pause Young (Prepare Mixed) (G1 Evacuation Pause) 256M->171M(272M) 15.948ms
[2026-07-01T01:50:27.741+0000][56.143s][info][gc,cpu      ] GC(110) User=0.03s Sys=0.00s Real=0.02s
[2026-07-01T01:50:28.108+0000][56.509s][info][gc,start    ] GC(111) Pause Young (Mixed) (G1 Evacuation Pause)
[2026-07-01T01:50:28.108+0000][56.509s][info][gc,task     ] GC(111) Using 2 workers of 2 for evacuation
[2026-07-01T01:50:28.121+0000][56.523s][info][gc,phases   ] GC(111)   Pre Evacuate Collection Set: 0.18ms
[2026-07-01T01:50:28.121+0000][56.523s][info][gc,phases   ] GC(111)   Merge Heap Roots: 0.27ms
[2026-07-01T01:50:28.121+0000][56.523s][info][gc,phases   ] GC(111)   Evacuate Collection Set: 12.19ms
[2026-07-01T01:50:28.121+0000][56.523s][info][gc,phases   ] GC(111)   Post Evacuate Collection Set: 0.46ms
[2026-07-01T01:50:28.121+0000][56.523s][info][gc,phases   ] GC(111)   Other: 0.05ms
[2026-07-01T01:50:28.121+0000][56.523s][info][gc,heap     ] GC(111) Eden regions: 84->0(85)
[2026-07-01T01:50:28.121+0000][56.523s][info][gc,heap     ] GC(111) Survivor regions: 7->6(12)
[2026-07-01T01:50:28.121+0000][56.523s][info][gc,heap     ] GC(111) Old regions: 163->163
[2026-07-01T01:50:28.121+0000][56.523s][info][gc,heap     ] GC(111) Humongous regions: 3->3
[2026-07-01T01:50:28.121+0000][56.523s][info][gc,metaspace] GC(111) Metaspace: 41740K(42560K)->41740K(42560K) NonClass: 36603K(37056K)->36603K(37056K) Class: 5137K(5504K)->5137K(5504K)
[2026-07-01T01:50:28.121+0000][56.523s][info][gc          ] GC(111) Pause Young (Mixed) (G1 Evacuation Pause) 255M->171M(272M) 13.322ms
[2026-07-01T01:50:28.121+0000][56.523s][info][gc,cpu      ] GC(111) User=0.03s Sys=0.00s Real=0.02s
[2026-07-01T01:50:28.573+0000][56.974s][info][gc,start    ] GC(112) Pause Young (Concurrent Start) (G1 Evacuation Pause)
[2026-07-01T01:50:28.573+0000][56.974s][info][gc,task     ] GC(112) Using 2 workers of 2 for evacuation
[2026-07-01T01:50:28.588+0000][56.990s][info][gc,phases   ] GC(112)   Pre Evacuate Collection Set: 0.16ms
[2026-07-01T01:50:28.588+0000][56.990s][info][gc,phases   ] GC(112)   Merge Heap Roots: 0.26ms
[2026-07-01T01:50:28.588+0000][56.990s][info][gc,phases   ] GC(112)   Evacuate Collection Set: 14.66ms
[2026-07-01T01:50:28.588+0000][56.990s][info][gc,phases   ] GC(112)   Post Evacuate Collection Set: 0.38ms
[2026-07-01T01:50:28.588+0000][56.990s][info][gc,phases   ] GC(112)   Other: 0.10ms
[2026-07-01T01:50:28.588+0000][56.990s][info][gc,heap     ] GC(112) Eden regions: 85->0(85)
[2026-07-01T01:50:28.588+0000][56.990s][info][gc,heap     ] GC(112) Survivor regions: 6->6(12)
[2026-07-01T01:50:28.588+0000][56.990s][info][gc,heap     ] GC(112) Old regions: 163->163
[2026-07-01T01:50:28.588+0000][56.990s][info][gc,heap     ] GC(112) Humongous regions: 3->3
[2026-07-01T01:50:28.588+0000][56.990s][info][gc,metaspace] GC(112) Metaspace: 41742K(42560K)->41742K(42560K) NonClass: 36604K(37056K)->36604K(37056K) Class: 5137K(5504K)->5137K(5504K)
[2026-07-01T01:50:28.588+0000][56.990s][info][gc          ] GC(112) Pause Young (Concurrent Start) (G1 Evacuation Pause) 256M->172M(272M) 15.760ms
[2026-07-01T01:50:28.588+0000][56.990s][info][gc          ] GC(113) Concurrent Mark Cycle
[2026-07-01T01:50:28.588+0000][56.990s][info][gc,marking  ] GC(113) Concurrent Scan Root Regions
[2026-07-01T01:50:28.589+0000][56.991s][info][gc,cpu      ] GC(112) User=0.03s Sys=0.00s Real=0.02s
[2026-07-01T01:50:28.599+0000][57.000s][info][gc,marking  ] GC(113) Concurrent Scan Root Regions 10.065ms
[2026-07-01T01:50:28.599+0000][57.000s][info][gc,marking  ] GC(113) Concurrent Mark
[2026-07-01T01:50:28.599+0000][57.000s][info][gc,marking  ] GC(113) Concurrent Mark From Roots
[2026-07-01T01:50:28.599+0000][57.000s][info][gc,task     ] GC(113) Using 1 workers of 1 for marking
[2026-07-01T01:50:28.940+0000][57.341s][info][gc,marking  ] GC(113) Concurrent Mark From Roots 341.108ms
[2026-07-01T01:50:28.940+0000][57.341s][info][gc,marking  ] GC(113) Concurrent Preclean
[2026-07-01T01:50:28.940+0000][57.341s][info][gc,marking  ] GC(113) Concurrent Preclean 0.063ms
[2026-07-01T01:50:28.940+0000][57.341s][info][gc,start    ] GC(113) Pause Remark
[2026-07-01T01:50:28.946+0000][57.348s][info][gc          ] GC(113) Pause Remark 209M->209M(272M) 6.587ms
[2026-07-01T01:50:28.946+0000][57.348s][info][gc,cpu      ] GC(113) User=0.01s Sys=0.00s Real=0.00s
[2026-07-01T01:50:28.947+0000][57.349s][info][gc,marking  ] GC(113) Concurrent Mark 348.517ms
[2026-07-01T01:50:28.947+0000][57.349s][info][gc,marking  ] GC(113) Concurrent Rebuild Remembered Sets and Scrub Regions
[2026-07-01T01:50:29.046+0000][57.448s][info][gc,marking  ] GC(113) Concurrent Rebuild Remembered Sets and Scrub Regions 99.167ms
[2026-07-01T01:50:29.046+0000][57.448s][info][gc,start    ] GC(113) Pause Cleanup
[2026-07-01T01:50:29.046+0000][57.448s][info][gc          ] GC(113) Pause Cleanup 218M->218M(272M) 0.128ms
[2026-07-01T01:50:29.047+0000][57.448s][info][gc,cpu      ] GC(113) User=0.00s Sys=0.00s Real=0.00s
[2026-07-01T01:50:29.047+0000][57.448s][info][gc,marking  ] GC(113) Concurrent Clear Claimed Marks
[2026-07-01T01:50:29.047+0000][57.448s][info][gc,marking  ] GC(113) Concurrent Clear Claimed Marks 0.080ms
[2026-07-01T01:50:29.047+0000][57.448s][info][gc,marking  ] GC(113) Concurrent Cleanup for Next Mark
[2026-07-01T01:50:29.047+0000][57.449s][info][gc,marking  ] GC(113) Concurrent Cleanup for Next Mark 0.457ms
[2026-07-01T01:50:29.047+0000][57.449s][info][gc          ] GC(113) Concurrent Mark Cycle 458.663ms
[2026-07-01T01:50:29.339+0000][57.740s][info][gc,start    ] GC(114) Pause Young (Prepare Mixed) (G1 Evacuation Pause)
[2026-07-01T01:50:29.339+0000][57.740s][info][gc,task     ] GC(114) Using 2 workers of 2 for evacuation
[2026-07-01T01:50:29.354+0000][57.756s][info][gc,phases   ] GC(114)   Pre Evacuate Collection Set: 0.20ms
[2026-07-01T01:50:29.354+0000][57.756s][info][gc,phases   ] GC(114)   Merge Heap Roots: 0.38ms
[2026-07-01T01:50:29.354+0000][57.756s][info][gc,phases   ] GC(114)   Evacuate Collection Set: 14.41ms
[2026-07-01T01:50:29.354+0000][57.756s][info][gc,phases   ] GC(114)   Post Evacuate Collection Set: 0.41ms
[2026-07-01T01:50:29.354+0000][57.756s][info][gc,phases   ] GC(114)   Other: 0.06ms
[2026-07-01T01:50:29.354+0000][57.756s][info][gc,heap     ] GC(114) Eden regions: 85->0(84)
[2026-07-01T01:50:29.354+0000][57.756s][info][gc,heap     ] GC(114) Survivor regions: 6->6(12)
[2026-07-01T01:50:29.354+0000][57.756s][info][gc,heap     ] GC(114) Old regions: 163->164
[2026-07-01T01:50:29.354+0000][57.756s][info][gc,heap     ] GC(114) Humongous regions: 3->3
[2026-07-01T01:50:29.354+0000][57.756s][info][gc,metaspace] GC(114) Metaspace: 41742K(42560K)->41742K(42560K) NonClass: 36605K(37056K)->36605K(37056K) Class: 5137K(5504K)->5137K(5504K)
[2026-07-01T01:50:29.354+0000][57.756s][info][gc          ] GC(114) Pause Young (Prepare Mixed) (G1 Evacuation Pause) 256M->172M(272M) 15.647ms
[2026-07-01T01:50:29.354+0000][57.756s][info][gc,cpu      ] GC(114) User=0.03s Sys=0.00s Real=0.01s
[2026-07-01T01:50:29.989+0000][58.390s][info][gc,start    ] GC(115) Pause Young (Mixed) (G1 Evacuation Pause)
[2026-07-01T01:50:29.989+0000][58.390s][info][gc,task     ] GC(115) Using 2 workers of 2 for evacuation
[2026-07-01T01:50:30.007+0000][58.408s][info][gc,phases   ] GC(115)   Pre Evacuate Collection Set: 0.18ms
[2026-07-01T01:50:30.007+0000][58.409s][info][gc,phases   ] GC(115)   Merge Heap Roots: 0.30ms
[2026-07-01T01:50:30.007+0000][58.409s][info][gc,phases   ] GC(115)   Evacuate Collection Set: 17.40ms
[2026-07-01T01:50:30.007+0000][58.409s][info][gc,phases   ] GC(115)   Post Evacuate Collection Set: 0.43ms
[2026-07-01T01:50:30.007+0000][58.409s][info][gc,phases   ] GC(115)   Other: 0.08ms
[2026-07-01T01:50:30.007+0000][58.409s][info][gc,heap     ] GC(115) Eden regions: 84->0(84)
[2026-07-01T01:50:30.007+0000][58.409s][info][gc,heap     ] GC(115) Survivor regions: 6->6(12)
[2026-07-01T01:50:30.007+0000][58.409s][info][gc,heap     ] GC(115) Old regions: 164->164
[2026-07-01T01:50:30.007+0000][58.409s][info][gc,heap     ] GC(115) Humongous regions: 3->3
[2026-07-01T01:50:30.007+0000][58.409s][info][gc,metaspace] GC(115) Metaspace: 41742K(42560K)->41742K(42560K) NonClass: 36605K(37056K)->36605K(37056K) Class: 5137K(5504K)->5137K(5504K)
[2026-07-01T01:50:30.007+0000][58.409s][info][gc          ] GC(115) Pause Young (Mixed) (G1 Evacuation Pause) 256M->172M(272M) 18.617ms
[2026-07-01T01:50:30.007+0000][58.409s][info][gc,cpu      ] GC(115) User=0.03s Sys=0.00s Real=0.01s
[2026-07-01T01:50:30.634+0000][59.035s][info][gc,start    ] GC(116) Pause Young (Concurrent Start) (G1 Evacuation Pause)
[2026-07-01T01:50:30.634+0000][59.035s][info][gc,task     ] GC(116) Using 2 workers of 2 for evacuation
[2026-07-01T01:50:30.650+0000][59.052s][info][gc,phases   ] GC(116)   Pre Evacuate Collection Set: 0.16ms
[2026-07-01T01:50:30.650+0000][59.052s][info][gc,phases   ] GC(116)   Merge Heap Roots: 0.29ms
[2026-07-01T01:50:30.650+0000][59.052s][info][gc,phases   ] GC(116)   Evacuate Collection Set: 15.24ms
[2026-07-01T01:50:30.650+0000][59.052s][info][gc,phases   ] GC(116)   Post Evacuate Collection Set: 0.43ms
[2026-07-01T01:50:30.650+0000][59.052s][info][gc,phases   ] GC(116)   Other: 0.09ms
[2026-07-01T01:50:30.650+0000][59.052s][info][gc,heap     ] GC(116) Eden regions: 84->0(84)
[2026-07-01T01:50:30.650+0000][59.052s][info][gc,heap     ] GC(116) Survivor regions: 6->6(12)
[2026-07-01T01:50:30.650+0000][59.052s][info][gc,heap     ] GC(116) Old regions: 164->164
[2026-07-01T01:50:30.650+0000][59.052s][info][gc,heap     ] GC(116) Humongous regions: 3->3
[2026-07-01T01:50:30.650+0000][59.052s][info][gc,metaspace] GC(116) Metaspace: 41743K(42560K)->41743K(42560K) NonClass: 36605K(37056K)->36605K(37056K) Class: 5137K(5504K)->5137K(5504K)
[2026-07-01T01:50:30.650+0000][59.052s][info][gc          ] GC(116) Pause Young (Concurrent Start) (G1 Evacuation Pause) 256M->172M(272M) 16.434ms
[2026-07-01T01:50:30.650+0000][59.052s][info][gc          ] GC(117) Concurrent Mark Cycle
[2026-07-01T01:50:30.650+0000][59.052s][info][gc,marking  ] GC(117) Concurrent Scan Root Regions
[2026-07-01T01:50:30.650+0000][59.052s][info][gc,cpu      ] GC(116) User=0.03s Sys=0.00s Real=0.02s
[2026-07-01T01:50:30.662+0000][59.064s][info][gc,marking  ] GC(117) Concurrent Scan Root Regions 12.025ms
[2026-07-01T01:50:30.662+0000][59.064s][info][gc,marking  ] GC(117) Concurrent Mark
[2026-07-01T01:50:30.662+0000][59.064s][info][gc,marking  ] GC(117) Concurrent Mark From Roots
[2026-07-01T01:50:30.662+0000][59.064s][info][gc,task     ] GC(117) Using 1 workers of 1 for marking
[2026-07-01T01:50:31.006+0000][59.408s][info][gc,marking  ] GC(117) Concurrent Mark From Roots 343.743ms
[2026-07-01T01:50:31.006+0000][59.408s][info][gc,marking  ] GC(117) Concurrent Preclean
[2026-07-01T01:50:31.006+0000][59.408s][info][gc,marking  ] GC(117) Concurrent Preclean 0.123ms
[2026-07-01T01:50:31.006+0000][59.408s][info][gc,start    ] GC(117) Pause Remark
[2026-07-01T01:50:31.021+0000][59.422s][info][gc          ] GC(117) Pause Remark 211M->211M(272M) 14.222ms
[2026-07-01T01:50:31.021+0000][59.422s][info][gc,cpu      ] GC(117) User=0.02s Sys=0.00s Real=0.02s
[2026-07-01T01:50:31.023+0000][59.425s][info][gc,marking  ] GC(117) Concurrent Mark 360.843ms
[2026-07-01T01:50:31.023+0000][59.425s][info][gc,marking  ] GC(117) Concurrent Rebuild Remembered Sets and Scrub Regions
[2026-07-01T01:50:31.120+0000][59.522s][info][gc,marking  ] GC(117) Concurrent Rebuild Remembered Sets and Scrub Regions 96.848ms
[2026-07-01T01:50:31.120+0000][59.522s][info][gc,start    ] GC(117) Pause Cleanup
[2026-07-01T01:50:31.120+0000][59.522s][info][gc          ] GC(117) Pause Cleanup 221M->221M(272M) 0.178ms
[2026-07-01T01:50:31.120+0000][59.522s][info][gc,cpu      ] GC(117) User=0.00s Sys=0.00s Real=0.00s
[2026-07-01T01:50:31.121+0000][59.522s][info][gc,marking  ] GC(117) Concurrent Clear Claimed Marks
[2026-07-01T01:50:31.121+0000][59.522s][info][gc,marking  ] GC(117) Concurrent Clear Claimed Marks 0.089ms
[2026-07-01T01:50:31.121+0000][59.522s][info][gc,marking  ] GC(117) Concurrent Cleanup for Next Mark
[2026-07-01T01:50:31.121+0000][59.523s][info][gc,marking  ] GC(117) Concurrent Cleanup for Next Mark 0.439ms
[2026-07-01T01:50:31.121+0000][59.523s][info][gc          ] GC(117) Concurrent Mark Cycle 470.902ms
[2026-07-01T01:50:31.346+0000][59.748s][info][gc,start    ] GC(118) Pause Young (Normal) (G1 Evacuation Pause)
[2026-07-01T01:50:31.346+0000][59.748s][info][gc,task     ] GC(118) Using 2 workers of 2 for evacuation
[2026-07-01T01:50:31.362+0000][59.763s][info][gc,phases   ] GC(118)   Pre Evacuate Collection Set: 0.18ms
[2026-07-01T01:50:31.362+0000][59.763s][info][gc,phases   ] GC(118)   Merge Heap Roots: 0.79ms
[2026-07-01T01:50:31.362+0000][59.763s][info][gc,phases   ] GC(118)   Evacuate Collection Set: 13.69ms
[2026-07-01T01:50:31.362+0000][59.763s][info][gc,phases   ] GC(118)   Post Evacuate Collection Set: 0.41ms
[2026-07-01T01:50:31.362+0000][59.763s][info][gc,phases   ] GC(118)   Other: 0.12ms
[2026-07-01T01:50:31.362+0000][59.763s][info][gc,heap     ] GC(118) Eden regions: 84->0(84)
[2026-07-01T01:50:31.362+0000][59.763s][info][gc,heap     ] GC(118) Survivor regions: 6->6(12)
[2026-07-01T01:50:31.362+0000][59.763s][info][gc,heap     ] GC(118) Old regions: 164->164
[2026-07-01T01:50:31.362+0000][59.763s][info][gc,heap     ] GC(118) Humongous regions: 3->3
[2026-07-01T01:50:31.362+0000][59.763s][info][gc,metaspace] GC(118) Metaspace: 41743K(42560K)->41743K(42560K) NonClass: 36605K(37056K)->36605K(37056K) Class: 5137K(5504K)->5137K(5504K)
[2026-07-01T01:50:31.362+0000][59.763s][info][gc          ] GC(118) Pause Young (Normal) (G1 Evacuation Pause) 256M->172M(272M) 15.389ms
[2026-07-01T01:50:31.362+0000][59.763s][info][gc,cpu      ] GC(118) User=0.02s Sys=0.00s Real=0.02s
[2026-07-01T01:50:31.758+0000][60.160s][info][gc,start    ] GC(119) Pause Young (Concurrent Start) (G1 Evacuation Pause)
[2026-07-01T01:50:31.758+0000][60.160s][info][gc,task     ] GC(119) Using 2 workers of 2 for evacuation
[2026-07-01T01:50:31.770+0000][60.172s][info][gc,phases   ] GC(119)   Pre Evacuate Collection Set: 0.19ms
[2026-07-01T01:50:31.770+0000][60.172s][info][gc,phases   ] GC(119)   Merge Heap Roots: 0.27ms
[2026-07-01T01:50:31.770+0000][60.172s][info][gc,phases   ] GC(119)   Evacuate Collection Set: 10.94ms
[2026-07-01T01:50:31.770+0000][60.172s][info][gc,phases   ] GC(119)   Post Evacuate Collection Set: 0.37ms
[2026-07-01T01:50:31.770+0000][60.172s][info][gc,phases   ] GC(119)   Other: 0.08ms
[2026-07-01T01:50:31.770+0000][60.172s][info][gc,heap     ] GC(119) Eden regions: 84->0(82)
[2026-07-01T01:50:31.770+0000][60.172s][info][gc,heap     ] GC(119) Survivor regions: 6->7(12)
[2026-07-01T01:50:31.770+0000][60.172s][info][gc,heap     ] GC(119) Old regions: 164->165
[2026-07-01T01:50:31.770+0000][60.172s][info][gc,heap     ] GC(119) Humongous regions: 3->3
[2026-07-01T01:50:31.770+0000][60.172s][info][gc,metaspace] GC(119) Metaspace: 41743K(42560K)->41743K(42560K) NonClass: 36605K(37056K)->36605K(37056K) Class: 5137K(5504K)->5137K(5504K)
[2026-07-01T01:50:31.770+0000][60.172s][info][gc          ] GC(119) Pause Young (Concurrent Start) (G1 Evacuation Pause) 256M->173M(272M) 11.994ms
[2026-07-01T01:50:31.770+0000][60.172s][info][gc,cpu      ] GC(119) User=0.03s Sys=0.00s Real=0.01s
[2026-07-01T01:50:31.771+0000][60.173s][info][gc          ] GC(120) Concurrent Mark Cycle
[2026-07-01T01:50:31.771+0000][60.173s][info][gc,marking  ] GC(120) Concurrent Scan Root Regions
[2026-07-01T01:50:31.785+0000][60.187s][info][gc,marking  ] GC(120) Concurrent Scan Root Regions 13.988ms
[2026-07-01T01:50:31.785+0000][60.187s][info][gc,marking  ] GC(120) Concurrent Mark
[2026-07-01T01:50:31.785+0000][60.187s][info][gc,marking  ] GC(120) Concurrent Mark From Roots
[2026-07-01T01:50:31.785+0000][60.187s][info][gc,task     ] GC(120) Using 1 workers of 1 for marking
[2026-07-01T01:50:32.220+0000][60.621s][info][gc,start    ] GC(121) Pause Young (Normal) (G1 Evacuation Pause)
[2026-07-01T01:50:32.220+0000][60.621s][info][gc,task     ] GC(121) Using 2 workers of 2 for evacuation
[2026-07-01T01:50:32.237+0000][60.638s][info][gc,phases   ] GC(121)   Pre Evacuate Collection Set: 0.16ms
[2026-07-01T01:50:32.237+0000][60.638s][info][gc,phases   ] GC(121)   Merge Heap Roots: 0.43ms
[2026-07-01T01:50:32.237+0000][60.638s][info][gc,phases   ] GC(121)   Evacuate Collection Set: 15.53ms
[2026-07-01T01:50:32.237+0000][60.638s][info][gc,phases   ] GC(121)   Post Evacuate Collection Set: 0.45ms
[2026-07-01T01:50:32.237+0000][60.638s][info][gc,phases   ] GC(121)   Other: 0.08ms
[2026-07-01T01:50:32.237+0000][60.638s][info][gc,heap     ] GC(121) Eden regions: 82->0(83)
[2026-07-01T01:50:32.237+0000][60.638s][info][gc,heap     ] GC(121) Survivor regions: 7->6(12)
[2026-07-01T01:50:32.237+0000][60.638s][info][gc,heap     ] GC(121) Old regions: 165->165
[2026-07-01T01:50:32.237+0000][60.638s][info][gc,heap     ] GC(121) Humongous regions: 3->3
[2026-07-01T01:50:32.237+0000][60.638s][info][gc,metaspace] GC(121) Metaspace: 41743K(42560K)->41743K(42560K) NonClass: 36605K(37056K)->36605K(37056K) Class: 5137K(5504K)->5137K(5504K)
[2026-07-01T01:50:32.237+0000][60.638s][info][gc          ] GC(121) Pause Young (Normal) (G1 Evacuation Pause) 255M->173M(272M) 16.805ms
[2026-07-01T01:50:32.237+0000][60.638s][info][gc,cpu      ] GC(121) User=0.03s Sys=0.00s Real=0.01s
[2026-07-01T01:50:32.375+0000][60.776s][info][gc,marking  ] GC(120) Concurrent Mark From Roots 589.563ms
[2026-07-01T01:50:32.375+0000][60.776s][info][gc,marking  ] GC(120) Concurrent Preclean
[2026-07-01T01:50:32.375+0000][60.776s][info][gc,marking  ] GC(120) Concurrent Preclean 0.093ms
[2026-07-01T01:50:32.375+0000][60.776s][info][gc,start    ] GC(120) Pause Remark
[2026-07-01T01:50:32.383+0000][60.784s][info][gc          ] GC(120) Pause Remark 200M->200M(272M) 7.902ms
[2026-07-01T01:50:32.383+0000][60.784s][info][gc,cpu      ] GC(120) User=0.01s Sys=0.00s Real=0.01s
[2026-07-01T01:50:32.385+0000][60.787s][info][gc,marking  ] GC(120) Concurrent Mark 599.909ms
[2026-07-01T01:50:32.385+0000][60.787s][info][gc,marking  ] GC(120) Concurrent Rebuild Remembered Sets and Scrub Regions
[2026-07-01T01:50:32.496+0000][60.898s][info][gc,marking  ] GC(120) Concurrent Rebuild Remembered Sets and Scrub Regions 111.078ms
[2026-07-01T01:50:32.497+0000][60.898s][info][gc,start    ] GC(120) Pause Cleanup
[2026-07-01T01:50:32.497+0000][60.899s][info][gc          ] GC(120) Pause Cleanup 219M->219M(272M) 0.279ms
[2026-07-01T01:50:32.497+0000][60.899s][info][gc,cpu      ] GC(120) User=0.00s Sys=0.00s Real=0.00s
[2026-07-01T01:50:32.498+0000][60.899s][info][gc,marking  ] GC(120) Concurrent Clear Claimed Marks
[2026-07-01T01:50:32.498+0000][60.899s][info][gc,marking  ] GC(120) Concurrent Clear Claimed Marks 0.334ms
[2026-07-01T01:50:32.498+0000][60.899s][info][gc,marking  ] GC(120) Concurrent Cleanup for Next Mark
[2026-07-01T01:50:32.499+0000][60.900s][info][gc,marking  ] GC(120) Concurrent Cleanup for Next Mark 0.584ms
[2026-07-01T01:50:32.499+0000][60.900s][info][gc          ] GC(120) Concurrent Mark Cycle 727.496ms
[2026-07-01T01:50:32.661+0000][61.062s][info][gc,start    ] GC(122) Pause Young (Normal) (G1 Evacuation Pause)
[2026-07-01T01:50:32.661+0000][61.063s][info][gc,task     ] GC(122) Using 2 workers of 2 for evacuation
[2026-07-01T01:50:32.673+0000][61.074s][info][gc,phases   ] GC(122)   Pre Evacuate Collection Set: 0.16ms
[2026-07-01T01:50:32.673+0000][61.074s][info][gc,phases   ] GC(122)   Merge Heap Roots: 0.40ms
[2026-07-01T01:50:32.673+0000][61.074s][info][gc,phases   ] GC(122)   Evacuate Collection Set: 10.46ms
[2026-07-01T01:50:32.673+0000][61.074s][info][gc,phases   ] GC(122)   Post Evacuate Collection Set: 0.34ms
[2026-07-01T01:50:32.673+0000][61.074s][info][gc,phases   ] GC(122)   Other: 0.05ms
[2026-07-01T01:50:32.673+0000][61.074s][info][gc,heap     ] GC(122) Eden regions: 83->0(83)
[2026-07-01T01:50:32.673+0000][61.074s][info][gc,heap     ] GC(122) Survivor regions: 6->6(12)
[2026-07-01T01:50:32.673+0000][61.074s][info][gc,heap     ] GC(122) Old regions: 165->165
[2026-07-01T01:50:32.673+0000][61.074s][info][gc,heap     ] GC(122) Humongous regions: 3->3
[2026-07-01T01:50:32.673+0000][61.074s][info][gc,metaspace] GC(122) Metaspace: 41743K(42560K)->41743K(42560K) NonClass: 36605K(37056K)->36605K(37056K) Class: 5137K(5504K)->5137K(5504K)
[2026-07-01T01:50:32.673+0000][61.074s][info][gc          ] GC(122) Pause Young (Normal) (G1 Evacuation Pause) 256M->173M(272M) 11.567ms
[2026-07-01T01:50:32.673+0000][61.074s][info][gc,cpu      ] GC(122) User=0.03s Sys=0.00s Real=0.01s
[2026-07-01T01:50:33.056+0000][61.457s][info][gc,start    ] GC(123) Pause Young (Concurrent Start) (G1 Evacuation Pause)
[2026-07-01T01:50:33.056+0000][61.457s][info][gc,task     ] GC(123) Using 2 workers of 2 for evacuation
[2026-07-01T01:50:33.068+0000][61.469s][info][gc,phases   ] GC(123)   Pre Evacuate Collection Set: 0.19ms
[2026-07-01T01:50:33.068+0000][61.469s][info][gc,phases   ] GC(123)   Merge Heap Roots: 0.28ms
[2026-07-01T01:50:33.068+0000][61.469s][info][gc,phases   ] GC(123)   Evacuate Collection Set: 11.28ms
[2026-07-01T01:50:33.068+0000][61.469s][info][gc,phases   ] GC(123)   Post Evacuate Collection Set: 0.36ms
[2026-07-01T01:50:33.068+0000][61.469s][info][gc,phases   ] GC(123)   Other: 0.07ms
[2026-07-01T01:50:33.068+0000][61.469s][info][gc,heap     ] GC(123) Eden regions: 83->0(81)
[2026-07-01T01:50:33.068+0000][61.469s][info][gc,heap     ] GC(123) Survivor regions: 6->7(12)
[2026-07-01T01:50:33.068+0000][61.469s][info][gc,heap     ] GC(123) Old regions: 165->166
[2026-07-01T01:50:33.068+0000][61.469s][info][gc,heap     ] GC(123) Humongous regions: 3->3
[2026-07-01T01:50:33.068+0000][61.469s][info][gc,metaspace] GC(123) Metaspace: 41743K(42560K)->41743K(42560K) NonClass: 36605K(37056K)->36605K(37056K) Class: 5137K(5504K)->5137K(5504K)
[2026-07-01T01:50:33.068+0000][61.470s][info][gc          ] GC(123) Pause Young (Concurrent Start) (G1 Evacuation Pause) 256M->174M(272M) 12.356ms
[2026-07-01T01:50:33.068+0000][61.470s][info][gc          ] GC(124) Concurrent Mark Cycle
[2026-07-01T01:50:33.068+0000][61.470s][info][gc,marking  ] GC(124) Concurrent Scan Root Regions
[2026-07-01T01:50:33.068+0000][61.470s][info][gc,cpu      ] GC(123) User=0.02s Sys=0.00s Real=0.02s
[2026-07-01T01:50:33.079+0000][61.480s][info][gc,marking  ] GC(124) Concurrent Scan Root Regions 10.766ms
[2026-07-01T01:50:33.079+0000][61.480s][info][gc,marking  ] GC(124) Concurrent Mark
[2026-07-01T01:50:33.079+0000][61.480s][info][gc,marking  ] GC(124) Concurrent Mark From Roots
[2026-07-01T01:50:33.079+0000][61.480s][info][gc,task     ] GC(124) Using 1 workers of 1 for marking
[2026-07-01T01:50:33.513+0000][61.914s][info][gc,start    ] GC(125) Pause Young (Normal) (G1 Evacuation Pause)
[2026-07-01T01:50:33.513+0000][61.914s][info][gc,task     ] GC(125) Using 2 workers of 2 for evacuation
[2026-07-01T01:50:33.524+0000][61.925s][info][gc,phases   ] GC(125)   Pre Evacuate Collection Set: 0.19ms
[2026-07-01T01:50:33.524+0000][61.925s][info][gc,phases   ] GC(125)   Merge Heap Roots: 0.21ms
[2026-07-01T01:50:33.524+0000][61.925s][info][gc,phases   ] GC(125)   Evacuate Collection Set: 10.08ms
[2026-07-01T01:50:33.524+0000][61.925s][info][gc,phases   ] GC(125)   Post Evacuate Collection Set: 0.33ms
[2026-07-01T01:50:33.524+0000][61.925s][info][gc,phases   ] GC(125)   Other: 0.05ms
[2026-07-01T01:50:33.524+0000][61.925s][info][gc,heap     ] GC(125) Eden regions: 81->0(82)
[2026-07-01T01:50:33.524+0000][61.925s][info][gc,heap     ] GC(125) Survivor regions: 7->6(11)
[2026-07-01T01:50:33.524+0000][61.925s][info][gc,heap     ] GC(125) Old regions: 166->166
[2026-07-01T01:50:33.524+0000][61.925s][info][gc,heap     ] GC(125) Humongous regions: 3->3
[2026-07-01T01:50:33.524+0000][61.925s][info][gc,metaspace] GC(125) Metaspace: 41743K(42560K)->41743K(42560K) NonClass: 36605K(37056K)->36605K(37056K) Class: 5137K(5504K)->5137K(5504K)
[2026-07-01T01:50:33.524+0000][61.925s][info][gc          ] GC(125) Pause Young (Normal) (G1 Evacuation Pause) 255M->174M(272M) 11.008ms
[2026-07-01T01:50:33.524+0000][61.925s][info][gc,cpu      ] GC(125) User=0.02s Sys=0.00s Real=0.01s
[2026-07-01T01:50:33.678+0000][62.079s][info][gc,marking  ] GC(124) Concurrent Mark From Roots 599.096ms
[2026-07-01T01:50:33.678+0000][62.080s][info][gc,marking  ] GC(124) Concurrent Preclean
[2026-07-01T01:50:33.679+0000][62.080s][info][gc,marking  ] GC(124) Concurrent Preclean 0.776ms
[2026-07-01T01:50:33.680+0000][62.081s][info][gc,start    ] GC(124) Pause Remark
[2026-07-01T01:50:33.688+0000][62.089s][info][gc          ] GC(124) Pause Remark 203M->203M(272M) 7.879ms
[2026-07-01T01:50:33.688+0000][62.089s][info][gc,cpu      ] GC(124) User=0.01s Sys=0.01s Real=0.00s
[2026-07-01T01:50:33.689+0000][62.091s][info][gc,marking  ] GC(124) Concurrent Mark 610.392ms
[2026-07-01T01:50:33.689+0000][62.091s][info][gc,marking  ] GC(124) Concurrent Rebuild Remembered Sets and Scrub Regions
[2026-07-01T01:50:33.841+0000][62.242s][info][gc,marking  ] GC(124) Concurrent Rebuild Remembered Sets and Scrub Regions 151.665ms
[2026-07-01T01:50:33.843+0000][62.245s][info][gc,start    ] GC(124) Pause Cleanup
[2026-07-01T01:50:33.843+0000][62.245s][info][gc          ] GC(124) Pause Cleanup 231M->231M(272M) 0.175ms
[2026-07-01T01:50:33.843+0000][62.245s][info][gc,cpu      ] GC(124) User=0.00s Sys=0.00s Real=0.00s
[2026-07-01T01:50:33.843+0000][62.245s][info][gc,marking  ] GC(124) Concurrent Clear Claimed Marks
[2026-07-01T01:50:33.844+0000][62.245s][info][gc,marking  ] GC(124) Concurrent Clear Claimed Marks 0.191ms
[2026-07-01T01:50:33.844+0000][62.245s][info][gc,marking  ] GC(124) Concurrent Cleanup for Next Mark
[2026-07-01T01:50:33.844+0000][62.246s][info][gc,marking  ] GC(124) Concurrent Cleanup for Next Mark 0.656ms
[2026-07-01T01:50:33.844+0000][62.246s][info][gc          ] GC(124) Concurrent Mark Cycle 776.289ms
[2026-07-01T01:50:33.956+0000][62.358s][info][gc,start    ] GC(126) Pause Young (Normal) (G1 Evacuation Pause)
[2026-07-01T01:50:33.957+0000][62.358s][info][gc,task     ] GC(126) Using 2 workers of 2 for evacuation
[2026-07-01T01:50:33.972+0000][62.374s][info][gc,phases   ] GC(126)   Pre Evacuate Collection Set: 0.25ms
[2026-07-01T01:50:33.972+0000][62.374s][info][gc,phases   ] GC(126)   Merge Heap Roots: 0.49ms
[2026-07-01T01:50:33.972+0000][62.374s][info][gc,phases   ] GC(126)   Evacuate Collection Set: 14.22ms
[2026-07-01T01:50:33.972+0000][62.374s][info][gc,phases   ] GC(126)   Post Evacuate Collection Set: 0.57ms
[2026-07-01T01:50:33.972+0000][62.374s][info][gc,phases   ] GC(126)   Other: 0.06ms
[2026-07-01T01:50:33.972+0000][62.374s][info][gc,heap     ] GC(126) Eden regions: 82->0(81)
[2026-07-01T01:50:33.972+0000][62.374s][info][gc,heap     ] GC(126) Survivor regions: 6->7(11)
[2026-07-01T01:50:33.972+0000][62.374s][info][gc,heap     ] GC(126) Old regions: 166->166
[2026-07-01T01:50:33.972+0000][62.374s][info][gc,heap     ] GC(126) Humongous regions: 3->3
[2026-07-01T01:50:33.972+0000][62.374s][info][gc,metaspace] GC(126) Metaspace: 41749K(42560K)->41749K(42560K) NonClass: 36612K(37056K)->36612K(37056K) Class: 5137K(5504K)->5137K(5504K)
[2026-07-01T01:50:33.972+0000][62.374s][info][gc          ] GC(126) Pause Young (Normal) (G1 Evacuation Pause) 256M->175M(272M) 15.747ms
[2026-07-01T01:50:33.972+0000][62.374s][info][gc,cpu      ] GC(126) User=0.03s Sys=0.00s Real=0.02s
[2026-07-01T01:50:34.325+0000][62.727s][info][gc,start    ] GC(127) Pause Young (Concurrent Start) (G1 Evacuation Pause)
[2026-07-01T01:50:34.325+0000][62.727s][info][gc,task     ] GC(127) Using 2 workers of 2 for evacuation
[2026-07-01T01:50:34.339+0000][62.740s][info][gc,phases   ] GC(127)   Pre Evacuate Collection Set: 0.19ms
[2026-07-01T01:50:34.339+0000][62.740s][info][gc,phases   ] GC(127)   Merge Heap Roots: 0.34ms
[2026-07-01T01:50:34.339+0000][62.740s][info][gc,phases   ] GC(127)   Evacuate Collection Set: 12.36ms
[2026-07-01T01:50:34.339+0000][62.740s][info][gc,phases   ] GC(127)   Post Evacuate Collection Set: 0.36ms
[2026-07-01T01:50:34.339+0000][62.740s][info][gc,phases   ] GC(127)   Other: 0.07ms
[2026-07-01T01:50:34.339+0000][62.740s][info][gc,heap     ] GC(127) Eden regions: 81->0(80)
[2026-07-01T01:50:34.339+0000][62.740s][info][gc,heap     ] GC(127) Survivor regions: 7->7(11)
[2026-07-01T01:50:34.339+0000][62.740s][info][gc,heap     ] GC(127) Old regions: 166->167
[2026-07-01T01:50:34.339+0000][62.740s][info][gc,heap     ] GC(127) Humongous regions: 3->3
[2026-07-01T01:50:34.339+0000][62.740s][info][gc,metaspace] GC(127) Metaspace: 41749K(42560K)->41749K(42560K) NonClass: 36612K(37056K)->36612K(37056K) Class: 5137K(5504K)->5137K(5504K)
[2026-07-01T01:50:34.339+0000][62.740s][info][gc          ] GC(127) Pause Young (Concurrent Start) (G1 Evacuation Pause) 256M->175M(272M) 13.464ms
[2026-07-01T01:50:34.339+0000][62.740s][info][gc,cpu      ] GC(127) User=0.02s Sys=0.00s Real=0.02s
[2026-07-01T01:50:34.339+0000][62.740s][info][gc          ] GC(128) Concurrent Mark Cycle
[2026-07-01T01:50:34.339+0000][62.740s][info][gc,marking  ] GC(128) Concurrent Scan Root Regions
[2026-07-01T01:50:34.351+0000][62.752s][info][gc,marking  ] GC(128) Concurrent Scan Root Regions 12.072ms
[2026-07-01T01:50:34.351+0000][62.752s][info][gc,marking  ] GC(128) Concurrent Mark
[2026-07-01T01:50:34.351+0000][62.752s][info][gc,marking  ] GC(128) Concurrent Mark From Roots
[2026-07-01T01:50:34.351+0000][62.752s][info][gc,task     ] GC(128) Using 1 workers of 1 for marking
[2026-07-01T01:50:34.765+0000][63.166s][info][gc,start    ] GC(129) Pause Young (Normal) (G1 Evacuation Pause)
[2026-07-01T01:50:34.765+0000][63.166s][info][gc,task     ] GC(129) Using 2 workers of 2 for evacuation
[2026-07-01T01:50:34.776+0000][63.178s][info][gc,phases   ] GC(129)   Pre Evacuate Collection Set: 0.11ms
[2026-07-01T01:50:34.776+0000][63.178s][info][gc,phases   ] GC(129)   Merge Heap Roots: 0.17ms
[2026-07-01T01:50:34.776+0000][63.178s][info][gc,phases   ] GC(129)   Evacuate Collection Set: 10.41ms
[2026-07-01T01:50:34.776+0000][63.178s][info][gc,phases   ] GC(129)   Post Evacuate Collection Set: 0.47ms
[2026-07-01T01:50:34.776+0000][63.178s][info][gc,phases   ] GC(129)   Other: 0.04ms
[2026-07-01T01:50:34.776+0000][63.178s][info][gc,heap     ] GC(129) Eden regions: 80->0(81)
[2026-07-01T01:50:34.776+0000][63.178s][info][gc,heap     ] GC(129) Survivor regions: 7->6(11)
[2026-07-01T01:50:34.776+0000][63.178s][info][gc,heap     ] GC(129) Old regions: 167->167
[2026-07-01T01:50:34.776+0000][63.178s][info][gc,heap     ] GC(129) Humongous regions: 3->3
[2026-07-01T01:50:34.776+0000][63.178s][info][gc,metaspace] GC(129) Metaspace: 41750K(42560K)->41750K(42560K) NonClass: 36612K(37056K)->36612K(37056K) Class: 5138K(5504K)->5138K(5504K)
[2026-07-01T01:50:34.776+0000][63.178s][info][gc          ] GC(129) Pause Young (Normal) (G1 Evacuation Pause) 255M->175M(272M) 11.377ms
[2026-07-01T01:50:34.776+0000][63.178s][info][gc,cpu      ] GC(129) User=0.02s Sys=0.00s Real=0.01s
[2026-07-01T01:50:35.011+0000][63.413s][info][gc,marking  ] GC(128) Concurrent Mark From Roots 660.336ms
[2026-07-01T01:50:35.011+0000][63.413s][info][gc,marking  ] GC(128) Concurrent Preclean
[2026-07-01T01:50:35.011+0000][63.413s][info][gc,marking  ] GC(128) Concurrent Preclean 0.063ms
[2026-07-01T01:50:35.011+0000][63.413s][info][gc,start    ] GC(128) Pause Remark
[2026-07-01T01:50:35.019+0000][63.420s][info][gc          ] GC(128) Pause Remark 223M->223M(272M) 7.109ms
[2026-07-01T01:50:35.019+0000][63.420s][info][gc,cpu      ] GC(128) User=0.01s Sys=0.00s Real=0.01s
[2026-07-01T01:50:35.024+0000][63.425s][info][gc,marking  ] GC(128) Concurrent Mark 672.814ms
[2026-07-01T01:50:35.024+0000][63.425s][info][gc,marking  ] GC(128) Concurrent Rebuild Remembered Sets and Scrub Regions
[2026-07-01T01:50:35.192+0000][63.593s][info][gc,start    ] GC(130) Pause Young (Normal) (G1 Evacuation Pause)
[2026-07-01T01:50:35.192+0000][63.593s][info][gc,task     ] GC(130) Using 2 workers of 2 for evacuation
[2026-07-01T01:50:35.208+0000][63.609s][info][gc,phases   ] GC(130)   Pre Evacuate Collection Set: 0.17ms
[2026-07-01T01:50:35.208+0000][63.609s][info][gc,phases   ] GC(130)   Merge Heap Roots: 0.60ms
[2026-07-01T01:50:35.208+0000][63.609s][info][gc,phases   ] GC(130)   Evacuate Collection Set: 14.92ms
[2026-07-01T01:50:35.208+0000][63.609s][info][gc,phases   ] GC(130)   Post Evacuate Collection Set: 0.47ms
[2026-07-01T01:50:35.208+0000][63.609s][info][gc,phases   ] GC(130)   Other: 0.05ms
[2026-07-01T01:50:35.208+0000][63.609s][info][gc,heap     ] GC(130) Eden regions: 81->0(81)
[2026-07-01T01:50:35.208+0000][63.610s][info][gc,heap     ] GC(130) Survivor regions: 6->6(11)
[2026-07-01T01:50:35.208+0000][63.610s][info][gc,heap     ] GC(130) Old regions: 167->167
[2026-07-01T01:50:35.208+0000][63.610s][info][gc,heap     ] GC(130) Humongous regions: 3->3
[2026-07-01T01:50:35.208+0000][63.610s][info][gc,metaspace] GC(130) Metaspace: 41750K(42560K)->41750K(42560K) NonClass: 36612K(37056K)->36612K(37056K) Class: 5138K(5504K)->5138K(5504K)
[2026-07-01T01:50:35.208+0000][63.610s][info][gc          ] GC(130) Pause Young (Normal) (G1 Evacuation Pause) 256M->175M(272M) 16.349ms
[2026-07-01T01:50:35.208+0000][63.610s][info][gc,cpu      ] GC(130) User=0.03s Sys=0.00s Real=0.02s
[2026-07-01T01:50:35.252+0000][63.654s][info][gc,marking  ] GC(128) Concurrent Rebuild Remembered Sets and Scrub Regions 228.387ms
[2026-07-01T01:50:35.254+0000][63.655s][info][gc,start    ] GC(128) Pause Cleanup
[2026-07-01T01:50:35.254+0000][63.655s][info][gc          ] GC(128) Pause Cleanup 185M->185M(272M) 0.186ms
[2026-07-01T01:50:35.254+0000][63.656s][info][gc,cpu      ] GC(128) User=0.00s Sys=0.00s Real=0.00s
[2026-07-01T01:50:35.256+0000][63.657s][info][gc,marking  ] GC(128) Concurrent Clear Claimed Marks
[2026-07-01T01:50:35.257+0000][63.658s][info][gc,marking  ] GC(128) Concurrent Clear Claimed Marks 1.146ms
[2026-07-01T01:50:35.257+0000][63.658s][info][gc,marking  ] GC(128) Concurrent Cleanup for Next Mark
[2026-07-01T01:50:35.259+0000][63.660s][info][gc,marking  ] GC(128) Concurrent Cleanup for Next Mark 1.775ms
[2026-07-01T01:50:35.259+0000][63.660s][info][gc          ] GC(128) Concurrent Mark Cycle 919.976ms
[2026-07-01T01:50:35.770+0000][64.171s][info][gc,start    ] GC(131) Pause Young (Normal) (G1 Evacuation Pause)
[2026-07-01T01:50:35.770+0000][64.171s][info][gc,task     ] GC(131) Using 2 workers of 2 for evacuation
[2026-07-01T01:50:35.799+0000][64.201s][info][gc,phases   ] GC(131)   Pre Evacuate Collection Set: 0.18ms
[2026-07-01T01:50:35.799+0000][64.201s][info][gc,phases   ] GC(131)   Merge Heap Roots: 0.50ms
[2026-07-01T01:50:35.799+0000][64.201s][info][gc,phases   ] GC(131)   Evacuate Collection Set: 28.16ms
[2026-07-01T01:50:35.799+0000][64.201s][info][gc,phases   ] GC(131)   Post Evacuate Collection Set: 0.70ms
[2026-07-01T01:50:35.799+0000][64.201s][info][gc,phases   ] GC(131)   Other: 0.06ms
[2026-07-01T01:50:35.799+0000][64.201s][info][gc,heap     ] GC(131) Eden regions: 81->0(81)
[2026-07-01T01:50:35.799+0000][64.201s][info][gc,heap     ] GC(131) Survivor regions: 6->6(11)
[2026-07-01T01:50:35.800+0000][64.201s][info][gc,heap     ] GC(131) Old regions: 167->167
[2026-07-01T01:50:35.800+0000][64.201s][info][gc,heap     ] GC(131) Humongous regions: 3->3
[2026-07-01T01:50:35.800+0000][64.201s][info][gc,metaspace] GC(131) Metaspace: 41751K(42560K)->41751K(42560K) NonClass: 36612K(37056K)->36612K(37056K) Class: 5138K(5504K)->5138K(5504K)
[2026-07-01T01:50:35.800+0000][64.201s][info][gc          ] GC(131) Pause Young (Normal) (G1 Evacuation Pause) 256M->175M(272M) 29.814ms
[2026-07-01T01:50:35.800+0000][64.201s][info][gc,cpu      ] GC(131) User=0.03s Sys=0.01s Real=0.03s
[2026-07-01T01:50:36.387+0000][64.788s][info][gc,start    ] GC(132) Pause Young (Concurrent Start) (G1 Evacuation Pause)
[2026-07-01T01:50:36.387+0000][64.788s][info][gc,task     ] GC(132) Using 2 workers of 2 for evacuation
[2026-07-01T01:50:36.410+0000][64.812s][info][gc,phases   ] GC(132)   Pre Evacuate Collection Set: 0.18ms
[2026-07-01T01:50:36.410+0000][64.812s][info][gc,phases   ] GC(132)   Merge Heap Roots: 0.43ms
[2026-07-01T01:50:36.410+0000][64.812s][info][gc,phases   ] GC(132)   Evacuate Collection Set: 22.27ms
[2026-07-01T01:50:36.410+0000][64.812s][info][gc,phases   ] GC(132)   Post Evacuate Collection Set: 0.40ms
[2026-07-01T01:50:36.410+0000][64.812s][info][gc,phases   ] GC(132)   Other: 0.09ms
[2026-07-01T01:50:36.410+0000][64.812s][info][gc,heap     ] GC(132) Eden regions: 81->0(80)
[2026-07-01T01:50:36.410+0000][64.812s][info][gc,heap     ] GC(132) Survivor regions: 6->6(11)
[2026-07-01T01:50:36.410+0000][64.812s][info][gc,heap     ] GC(132) Old regions: 167->168
[2026-07-01T01:50:36.410+0000][64.812s][info][gc,heap     ] GC(132) Humongous regions: 3->3
[2026-07-01T01:50:36.410+0000][64.812s][info][gc,metaspace] GC(132) Metaspace: 41751K(42560K)->41751K(42560K) NonClass: 36612K(37056K)->36612K(37056K) Class: 5138K(5504K)->5138K(5504K)
[2026-07-01T01:50:36.410+0000][64.812s][info][gc          ] GC(132) Pause Young (Concurrent Start) (G1 Evacuation Pause) 256M->176M(272M) 23.553ms
[2026-07-01T01:50:36.410+0000][64.812s][info][gc          ] GC(133) Concurrent Mark Cycle
[2026-07-01T01:50:36.410+0000][64.812s][info][gc,cpu      ] GC(132) User=0.03s Sys=0.00s Real=0.03s
[2026-07-01T01:50:36.410+0000][64.812s][info][gc,marking  ] GC(133) Concurrent Scan Root Regions
[2026-07-01T01:50:36.432+0000][64.834s][info][gc,marking  ] GC(133) Concurrent Scan Root Regions 21.869ms
[2026-07-01T01:50:36.432+0000][64.834s][info][gc,marking  ] GC(133) Concurrent Mark
[2026-07-01T01:50:36.432+0000][64.834s][info][gc,marking  ] GC(133) Concurrent Mark From Roots
[2026-07-01T01:50:36.432+0000][64.834s][info][gc,task     ] GC(133) Using 1 workers of 1 for marking
[2026-07-01T01:50:36.811+0000][65.213s][info][gc,marking  ] GC(133) Concurrent Mark From Roots 378.858ms
[2026-07-01T01:50:36.811+0000][65.213s][info][gc,marking  ] GC(133) Concurrent Preclean
[2026-07-01T01:50:36.811+0000][65.213s][info][gc,marking  ] GC(133) Concurrent Preclean 0.112ms
[2026-07-01T01:50:36.811+0000][65.213s][info][gc,start    ] GC(133) Pause Remark
[2026-07-01T01:50:36.818+0000][65.220s][info][gc          ] GC(133) Pause Remark 216M->216M(272M) 6.812ms
[2026-07-01T01:50:36.818+0000][65.220s][info][gc,cpu      ] GC(133) User=0.01s Sys=0.00s Real=0.01s
[2026-07-01T01:50:36.822+0000][65.224s][info][gc,marking  ] GC(133) Concurrent Mark 389.960ms
[2026-07-01T01:50:36.822+0000][65.224s][info][gc,marking  ] GC(133) Concurrent Rebuild Remembered Sets and Scrub Regions
[2026-07-01T01:50:36.942+0000][65.344s][info][gc,marking  ] GC(133) Concurrent Rebuild Remembered Sets and Scrub Regions 120.247ms
[2026-07-01T01:50:36.943+0000][65.344s][info][gc,start    ] GC(133) Pause Cleanup
[2026-07-01T01:50:36.943+0000][65.344s][info][gc          ] GC(133) Pause Cleanup 228M->228M(272M) 0.120ms
[2026-07-01T01:50:36.943+0000][65.344s][info][gc,cpu      ] GC(133) User=0.00s Sys=0.00s Real=0.00s
[2026-07-01T01:50:36.943+0000][65.344s][info][gc,marking  ] GC(133) Concurrent Clear Claimed Marks
[2026-07-01T01:50:36.943+0000][65.344s][info][gc,marking  ] GC(133) Concurrent Clear Claimed Marks 0.148ms
[2026-07-01T01:50:36.943+0000][65.344s][info][gc,marking  ] GC(133) Concurrent Cleanup for Next Mark
[2026-07-01T01:50:36.944+0000][65.345s][info][gc,marking  ] GC(133) Concurrent Cleanup for Next Mark 0.544ms
[2026-07-01T01:50:36.944+0000][65.345s][info][gc          ] GC(133) Concurrent Mark Cycle 533.229ms
[2026-07-01T01:50:37.171+0000][65.572s][info][gc,start    ] GC(134) Pause Young (Normal) (G1 Evacuation Pause)
[2026-07-01T01:50:37.171+0000][65.573s][info][gc,task     ] GC(134) Using 2 workers of 2 for evacuation
[2026-07-01T01:50:37.186+0000][65.588s][info][gc,phases   ] GC(134)   Pre Evacuate Collection Set: 0.14ms
[2026-07-01T01:50:37.186+0000][65.588s][info][gc,phases   ] GC(134)   Merge Heap Roots: 0.36ms
[2026-07-01T01:50:37.186+0000][65.588s][info][gc,phases   ] GC(134)   Evacuate Collection Set: 14.21ms
[2026-07-01T01:50:37.186+0000][65.588s][info][gc,phases   ] GC(134)   Post Evacuate Collection Set: 0.45ms
[2026-07-01T01:50:37.186+0000][65.588s][info][gc,phases   ] GC(134)   Other: 0.07ms
[2026-07-01T01:50:37.186+0000][65.588s][info][gc,heap     ] GC(134) Eden regions: 80->0(80)
[2026-07-01T01:50:37.186+0000][65.588s][info][gc,heap     ] GC(134) Survivor regions: 6->6(11)
[2026-07-01T01:50:37.186+0000][65.588s][info][gc,heap     ] GC(134) Old regions: 168->168
[2026-07-01T01:50:37.186+0000][65.588s][info][gc,heap     ] GC(134) Humongous regions: 3->3
[2026-07-01T01:50:37.186+0000][65.588s][info][gc,metaspace] GC(134) Metaspace: 41762K(42560K)->41762K(42560K) NonClass: 36624K(37056K)->36624K(37056K) Class: 5138K(5504K)->5138K(5504K)
[2026-07-01T01:50:37.186+0000][65.588s][info][gc          ] GC(134) Pause Young (Normal) (G1 Evacuation Pause) 256M->176M(272M) 15.412ms
[2026-07-01T01:50:37.186+0000][65.588s][info][gc,cpu      ] GC(134) User=0.03s Sys=0.00s Real=0.01s
[2026-07-01T01:50:37.750+0000][66.152s][info][gc,start    ] GC(135) Pause Young (Concurrent Start) (G1 Evacuation Pause)
[2026-07-01T01:50:37.751+0000][66.152s][info][gc,task     ] GC(135) Using 2 workers of 2 for evacuation
[2026-07-01T01:50:37.765+0000][66.167s][info][gc,phases   ] GC(135)   Pre Evacuate Collection Set: 0.15ms
[2026-07-01T01:50:37.766+0000][66.167s][info][gc,phases   ] GC(135)   Merge Heap Roots: 0.22ms
[2026-07-01T01:50:37.766+0000][66.167s][info][gc,phases   ] GC(135)   Evacuate Collection Set: 14.09ms
[2026-07-01T01:50:37.766+0000][66.167s][info][gc,phases   ] GC(135)   Post Evacuate Collection Set: 0.41ms
[2026-07-01T01:50:37.766+0000][66.167s][info][gc,phases   ] GC(135)   Other: 0.11ms
[2026-07-01T01:50:37.766+0000][66.167s][info][gc,heap     ] GC(135) Eden regions: 80->0(80)
[2026-07-01T01:50:37.766+0000][66.167s][info][gc,heap     ] GC(135) Survivor regions: 6->6(11)
[2026-07-01T01:50:37.766+0000][66.167s][info][gc,heap     ] GC(135) Old regions: 168->168
[2026-07-01T01:50:37.766+0000][66.167s][info][gc,heap     ] GC(135) Humongous regions: 3->3
[2026-07-01T01:50:37.766+0000][66.167s][info][gc,metaspace] GC(135) Metaspace: 41763K(42560K)->41763K(42560K) NonClass: 36625K(37056K)->36625K(37056K) Class: 5138K(5504K)->5138K(5504K)
[2026-07-01T01:50:37.766+0000][66.167s][info][gc          ] GC(135) Pause Young (Concurrent Start) (G1 Evacuation Pause) 256M->176M(272M) 15.180ms
[2026-07-01T01:50:37.766+0000][66.167s][info][gc          ] GC(136) Concurrent Mark Cycle
[2026-07-01T01:50:37.766+0000][66.167s][info][gc,cpu      ] GC(135) User=0.03s Sys=0.00s Real=0.01s
[2026-07-01T01:50:37.766+0000][66.167s][info][gc,marking  ] GC(136) Concurrent Scan Root Regions
[2026-07-01T01:50:37.778+0000][66.179s][info][gc,marking  ] GC(136) Concurrent Scan Root Regions 11.931ms
[2026-07-01T01:50:37.778+0000][66.179s][info][gc,marking  ] GC(136) Concurrent Mark
[2026-07-01T01:50:37.778+0000][66.179s][info][gc,marking  ] GC(136) Concurrent Mark From Roots
[2026-07-01T01:50:37.778+0000][66.179s][info][gc,task     ] GC(136) Using 1 workers of 1 for marking
[2026-07-01T01:50:38.167+0000][66.568s][info][gc,marking  ] GC(136) Concurrent Mark From Roots 388.860ms
[2026-07-01T01:50:38.167+0000][66.568s][info][gc,marking  ] GC(136) Concurrent Preclean
[2026-07-01T01:50:38.167+0000][66.568s][info][gc,marking  ] GC(136) Concurrent Preclean 0.113ms
[2026-07-01T01:50:38.167+0000][66.568s][info][gc,start    ] GC(136) Pause Remark
[2026-07-01T01:50:38.174+0000][66.576s][info][gc          ] GC(136) Pause Remark 217M->217M(272M) 7.313ms
[2026-07-01T01:50:38.174+0000][66.576s][info][gc,cpu      ] GC(136) User=0.02s Sys=0.00s Real=0.01s
[2026-07-01T01:50:38.178+0000][66.580s][info][gc,marking  ] GC(136) Concurrent Mark 400.668ms
[2026-07-01T01:50:38.178+0000][66.580s][info][gc,marking  ] GC(136) Concurrent Rebuild Remembered Sets and Scrub Regions
[2026-07-01T01:50:38.325+0000][66.726s][info][gc,marking  ] GC(136) Concurrent Rebuild Remembered Sets and Scrub Regions 146.310ms
[2026-07-01T01:50:38.325+0000][66.726s][info][gc,start    ] GC(136) Pause Cleanup
[2026-07-01T01:50:38.325+0000][66.726s][info][gc          ] GC(136) Pause Cleanup 233M->233M(272M) 0.123ms
[2026-07-01T01:50:38.325+0000][66.726s][info][gc,cpu      ] GC(136) User=0.00s Sys=0.00s Real=0.00s
[2026-07-01T01:50:38.325+0000][66.727s][info][gc,marking  ] GC(136) Concurrent Clear Claimed Marks
[2026-07-01T01:50:38.325+0000][66.727s][info][gc,marking  ] GC(136) Concurrent Clear Claimed Marks 0.080ms
[2026-07-01T01:50:38.325+0000][66.727s][info][gc,marking  ] GC(136) Concurrent Cleanup for Next Mark
[2026-07-01T01:50:38.326+0000][66.727s][info][gc,marking  ] GC(136) Concurrent Cleanup for Next Mark 0.602ms
[2026-07-01T01:50:38.326+0000][66.727s][info][gc          ] GC(136) Concurrent Mark Cycle 560.107ms
[2026-07-01T01:50:38.501+0000][66.902s][info][gc,start    ] GC(137) Pause Young (Normal) (G1 Evacuation Pause)
[2026-07-01T01:50:38.501+0000][66.902s][info][gc,task     ] GC(137) Using 2 workers of 2 for evacuation
[2026-07-01T01:50:38.516+0000][66.917s][info][gc,phases   ] GC(137)   Pre Evacuate Collection Set: 0.15ms
[2026-07-01T01:50:38.516+0000][66.917s][info][gc,phases   ] GC(137)   Merge Heap Roots: 0.39ms
[2026-07-01T01:50:38.516+0000][66.917s][info][gc,phases   ] GC(137)   Evacuate Collection Set: 14.18ms
[2026-07-01T01:50:38.516+0000][66.917s][info][gc,phases   ] GC(137)   Post Evacuate Collection Set: 0.43ms
[2026-07-01T01:50:38.516+0000][66.917s][info][gc,phases   ] GC(137)   Other: 0.07ms
[2026-07-01T01:50:38.516+0000][66.917s][info][gc,heap     ] GC(137) Eden regions: 80->0(80)
[2026-07-01T01:50:38.516+0000][66.917s][info][gc,heap     ] GC(137) Survivor regions: 6->6(11)
[2026-07-01T01:50:38.516+0000][66.917s][info][gc,heap     ] GC(137) Old regions: 168->168
[2026-07-01T01:50:38.516+0000][66.917s][info][gc,heap     ] GC(137) Humongous regions: 3->3
[2026-07-01T01:50:38.516+0000][66.917s][info][gc,metaspace] GC(137) Metaspace: 41764K(42560K)->41764K(42560K) NonClass: 36625K(37056K)->36625K(37056K) Class: 5138K(5504K)->5138K(5504K)
[2026-07-01T01:50:38.516+0000][66.918s][info][gc          ] GC(137) Pause Young (Normal) (G1 Evacuation Pause) 256M->176M(272M) 15.423ms
[2026-07-01T01:50:38.516+0000][66.918s][info][gc,cpu      ] GC(137) User=0.03s Sys=0.00s Real=0.01s
[2026-07-01T01:50:39.066+0000][67.467s][info][gc,start    ] GC(138) Pause Young (Concurrent Start) (G1 Evacuation Pause)
[2026-07-01T01:50:39.066+0000][67.467s][info][gc,task     ] GC(138) Using 2 workers of 2 for evacuation
[2026-07-01T01:50:39.080+0000][67.482s][info][gc,phases   ] GC(138)   Pre Evacuate Collection Set: 0.26ms
[2026-07-01T01:50:39.080+0000][67.482s][info][gc,phases   ] GC(138)   Merge Heap Roots: 0.28ms
[2026-07-01T01:50:39.080+0000][67.482s][info][gc,phases   ] GC(138)   Evacuate Collection Set: 13.38ms
[2026-07-01T01:50:39.080+0000][67.482s][info][gc,phases   ] GC(138)   Post Evacuate Collection Set: 0.37ms
[2026-07-01T01:50:39.080+0000][67.482s][info][gc,phases   ] GC(138)   Other: 0.09ms
[2026-07-01T01:50:39.080+0000][67.482s][info][gc,heap     ] GC(138) Eden regions: 80->0(79)
[2026-07-01T01:50:39.080+0000][67.482s][info][gc,heap     ] GC(138) Survivor regions: 6->6(11)
[2026-07-01T01:50:39.080+0000][67.482s][info][gc,heap     ] GC(138) Old regions: 168->169
[2026-07-01T01:50:39.080+0000][67.482s][info][gc,heap     ] GC(138) Humongous regions: 3->3
[2026-07-01T01:50:39.080+0000][67.482s][info][gc,metaspace] GC(138) Metaspace: 41764K(42560K)->41764K(42560K) NonClass: 36625K(37056K)->36625K(37056K) Class: 5138K(5504K)->5138K(5504K)
[2026-07-01T01:50:39.080+0000][67.482s][info][gc          ] GC(138) Pause Young (Concurrent Start) (G1 Evacuation Pause) 256M->177M(272M) 14.534ms
[2026-07-01T01:50:39.080+0000][67.482s][info][gc,cpu      ] GC(138) User=0.02s Sys=0.00s Real=0.02s
[2026-07-01T01:50:39.082+0000][67.484s][info][gc          ] GC(139) Concurrent Mark Cycle
[2026-07-01T01:50:39.082+0000][67.484s][info][gc,marking  ] GC(139) Concurrent Scan Root Regions
[2026-07-01T01:50:39.096+0000][67.498s][info][gc,marking  ] GC(139) Concurrent Scan Root Regions 14.073ms
[2026-07-01T01:50:39.096+0000][67.498s][info][gc,marking  ] GC(139) Concurrent Mark
[2026-07-01T01:50:39.096+0000][67.498s][info][gc,marking  ] GC(139) Concurrent Mark From Roots
[2026-07-01T01:50:39.096+0000][67.498s][info][gc,task     ] GC(139) Using 1 workers of 1 for marking
[2026-07-01T01:50:39.521+0000][67.922s][info][gc,marking  ] GC(139) Concurrent Mark From Roots 424.511ms
[2026-07-01T01:50:39.521+0000][67.922s][info][gc,marking  ] GC(139) Concurrent Preclean
[2026-07-01T01:50:39.521+0000][67.923s][info][gc,marking  ] GC(139) Concurrent Preclean 0.124ms
[2026-07-01T01:50:39.521+0000][67.923s][info][gc,start    ] GC(139) Pause Remark
[2026-07-01T01:50:39.529+0000][67.930s][info][gc          ] GC(139) Pause Remark 250M->250M(272M) 7.438ms
[2026-07-01T01:50:39.529+0000][67.930s][info][gc,cpu      ] GC(139) User=0.02s Sys=0.00s Real=0.01s
[2026-07-01T01:50:39.533+0000][67.934s][info][gc,marking  ] GC(139) Concurrent Mark 436.106ms
[2026-07-01T01:50:39.533+0000][67.934s][info][gc,marking  ] GC(139) Concurrent Rebuild Remembered Sets and Scrub Regions
[2026-07-01T01:50:39.559+0000][67.961s][info][gc,start    ] GC(140) Pause Young (Normal) (G1 Evacuation Pause)
[2026-07-01T01:50:39.559+0000][67.961s][info][gc,task     ] GC(140) Using 2 workers of 2 for evacuation
[2026-07-01T01:50:39.577+0000][67.979s][info][gc,phases   ] GC(140)   Pre Evacuate Collection Set: 0.62ms
[2026-07-01T01:50:39.577+0000][67.979s][info][gc,phases   ] GC(140)   Merge Heap Roots: 2.06ms
[2026-07-01T01:50:39.577+0000][67.979s][info][gc,phases   ] GC(140)   Evacuate Collection Set: 14.50ms
[2026-07-01T01:50:39.577+0000][67.979s][info][gc,phases   ] GC(140)   Post Evacuate Collection Set: 0.53ms
[2026-07-01T01:50:39.577+0000][67.979s][info][gc,phases   ] GC(140)   Other: 0.07ms
[2026-07-01T01:50:39.577+0000][67.979s][info][gc,heap     ] GC(140) Eden regions: 79->0(79)
[2026-07-01T01:50:39.577+0000][67.979s][info][gc,heap     ] GC(140) Survivor regions: 6->6(11)
[2026-07-01T01:50:39.577+0000][67.979s][info][gc,heap     ] GC(140) Old regions: 169->169
[2026-07-01T01:50:39.577+0000][67.979s][info][gc,heap     ] GC(140) Humongous regions: 3->3
[2026-07-01T01:50:39.577+0000][67.979s][info][gc,metaspace] GC(140) Metaspace: 41764K(42560K)->41764K(42560K) NonClass: 36625K(37056K)->36625K(37056K) Class: 5138K(5504K)->5138K(5504K)
[2026-07-01T01:50:39.577+0000][67.979s][info][gc          ] GC(140) Pause Young (Normal) (G1 Evacuation Pause) 256M->176M(272M) 17.976ms
[2026-07-01T01:50:39.577+0000][67.979s][info][gc,cpu      ] GC(140) User=0.03s Sys=0.00s Real=0.01s
[2026-07-01T01:50:39.676+0000][68.077s][info][gc,marking  ] GC(139) Concurrent Rebuild Remembered Sets and Scrub Regions 143.351ms
[2026-07-01T01:50:39.676+0000][68.078s][info][gc,start    ] GC(139) Pause Cleanup
[2026-07-01T01:50:39.676+0000][68.078s][info][gc          ] GC(139) Pause Cleanup 194M->194M(272M) 0.127ms
[2026-07-01T01:50:39.676+0000][68.078s][info][gc,cpu      ] GC(139) User=0.00s Sys=0.00s Real=0.00s
[2026-07-01T01:50:39.676+0000][68.078s][info][gc,marking  ] GC(139) Concurrent Clear Claimed Marks
[2026-07-01T01:50:39.676+0000][68.078s][info][gc,marking  ] GC(139) Concurrent Clear Claimed Marks 0.086ms
[2026-07-01T01:50:39.676+0000][68.078s][info][gc,marking  ] GC(139) Concurrent Cleanup for Next Mark
[2026-07-01T01:50:39.678+0000][68.079s][info][gc,marking  ] GC(139) Concurrent Cleanup for Next Mark 1.250ms
[2026-07-01T01:50:39.678+0000][68.079s][info][gc          ] GC(139) Concurrent Mark Cycle 595.397ms
[2026-07-01T01:50:39.963+0000][68.365s][info][gc,start    ] GC(141) Pause Young (Normal) (G1 Evacuation Pause)
[2026-07-01T01:50:39.963+0000][68.365s][info][gc,task     ] GC(141) Using 2 workers of 2 for evacuation
[2026-07-01T01:50:39.979+0000][68.381s][info][gc,phases   ] GC(141)   Pre Evacuate Collection Set: 0.14ms
[2026-07-01T01:50:39.979+0000][68.381s][info][gc,phases   ] GC(141)   Merge Heap Roots: 0.31ms
[2026-07-01T01:50:39.979+0000][68.381s][info][gc,phases   ] GC(141)   Evacuate Collection Set: 14.98ms
[2026-07-01T01:50:39.979+0000][68.381s][info][gc,phases   ] GC(141)   Post Evacuate Collection Set: 0.45ms
[2026-07-01T01:50:39.979+0000][68.381s][info][gc,phases   ] GC(141)   Other: 0.06ms
[2026-07-01T01:50:39.979+0000][68.381s][info][gc,heap     ] GC(141) Eden regions: 79->0(79)
[2026-07-01T01:50:39.979+0000][68.381s][info][gc,heap     ] GC(141) Survivor regions: 6->6(11)
[2026-07-01T01:50:39.979+0000][68.381s][info][gc,heap     ] GC(141) Old regions: 169->169
[2026-07-01T01:50:39.979+0000][68.381s][info][gc,heap     ] GC(141) Humongous regions: 3->3
[2026-07-01T01:50:39.979+0000][68.381s][info][gc,metaspace] GC(141) Metaspace: 41764K(42560K)->41764K(42560K) NonClass: 36625K(37056K)->36625K(37056K) Class: 5138K(5504K)->5138K(5504K)
[2026-07-01T01:50:39.979+0000][68.381s][info][gc          ] GC(141) Pause Young (Normal) (G1 Evacuation Pause) 255M->177M(272M) 16.119ms
[2026-07-01T01:50:39.979+0000][68.381s][info][gc,cpu      ] GC(141) User=0.03s Sys=0.00s Real=0.02s
[2026-07-01T01:50:40.341+0000][68.742s][info][gc,start    ] GC(142) Pause Young (Concurrent Start) (G1 Evacuation Pause)
[2026-07-01T01:50:40.341+0000][68.742s][info][gc,task     ] GC(142) Using 2 workers of 2 for evacuation
[2026-07-01T01:50:40.356+0000][68.757s][info][gc,phases   ] GC(142)   Pre Evacuate Collection Set: 0.15ms
[2026-07-01T01:50:40.356+0000][68.757s][info][gc,phases   ] GC(142)   Merge Heap Roots: 0.21ms
[2026-07-01T01:50:40.356+0000][68.757s][info][gc,phases   ] GC(142)   Evacuate Collection Set: 14.20ms
[2026-07-01T01:50:40.356+0000][68.757s][info][gc,phases   ] GC(142)   Post Evacuate Collection Set: 0.43ms
[2026-07-01T01:50:40.356+0000][68.757s][info][gc,phases   ] GC(142)   Other: 0.06ms
[2026-07-01T01:50:40.356+0000][68.757s][info][gc,heap     ] GC(142) Eden regions: 79->0(78)
[2026-07-01T01:50:40.356+0000][68.757s][info][gc,heap     ] GC(142) Survivor regions: 6->6(11)
[2026-07-01T01:50:40.356+0000][68.757s][info][gc,heap     ] GC(142) Old regions: 169->170
[2026-07-01T01:50:40.356+0000][68.757s][info][gc,heap     ] GC(142) Humongous regions: 3->3
[2026-07-01T01:50:40.356+0000][68.757s][info][gc,metaspace] GC(142) Metaspace: 41764K(42560K)->41764K(42560K) NonClass: 36625K(37056K)->36625K(37056K) Class: 5138K(5504K)->5138K(5504K)
[2026-07-01T01:50:40.356+0000][68.757s][info][gc          ] GC(142) Pause Young (Concurrent Start) (G1 Evacuation Pause) 256M->178M(272M) 15.213ms
[2026-07-01T01:50:40.356+0000][68.757s][info][gc          ] GC(143) Concurrent Mark Cycle
[2026-07-01T01:50:40.356+0000][68.757s][info][gc,marking  ] GC(143) Concurrent Scan Root Regions
[2026-07-01T01:50:40.356+0000][68.757s][info][gc,cpu      ] GC(142) User=0.03s Sys=0.00s Real=0.01s
[2026-07-01T01:50:40.369+0000][68.771s][info][gc,marking  ] GC(143) Concurrent Scan Root Regions 12.934ms
[2026-07-01T01:50:40.369+0000][68.771s][info][gc,marking  ] GC(143) Concurrent Mark
[2026-07-01T01:50:40.369+0000][68.771s][info][gc,marking  ] GC(143) Concurrent Mark From Roots
[2026-07-01T01:50:40.369+0000][68.771s][info][gc,task     ] GC(143) Using 1 workers of 1 for marking
[2026-07-01T01:50:40.773+0000][69.175s][info][gc,marking  ] GC(143) Concurrent Mark From Roots 404.026ms
[2026-07-01T01:50:40.774+0000][69.175s][info][gc,marking  ] GC(143) Concurrent Preclean
[2026-07-01T01:50:40.774+0000][69.176s][info][gc,marking  ] GC(143) Concurrent Preclean 0.669ms
[2026-07-01T01:50:40.775+0000][69.177s][info][gc,start    ] GC(143) Pause Remark
[2026-07-01T01:50:40.783+0000][69.184s][info][gc          ] GC(143) Pause Remark 247M->247M(272M) 7.476ms
[2026-07-01T01:50:40.783+0000][69.184s][info][gc,cpu      ] GC(143) User=0.01s Sys=0.00s Real=0.01s
[2026-07-01T01:50:40.785+0000][69.186s][info][gc,marking  ] GC(143) Concurrent Mark 415.144ms
[2026-07-01T01:50:40.785+0000][69.186s][info][gc,marking  ] GC(143) Concurrent Rebuild Remembered Sets and Scrub Regions
[2026-07-01T01:50:40.828+0000][69.230s][info][gc,start    ] GC(144) Pause Young (Normal) (G1 Evacuation Pause)
[2026-07-01T01:50:40.828+0000][69.230s][info][gc,task     ] GC(144) Using 2 workers of 2 for evacuation
[2026-07-01T01:50:40.841+0000][69.242s][info][gc,phases   ] GC(144)   Pre Evacuate Collection Set: 0.16ms
[2026-07-01T01:50:40.841+0000][69.242s][info][gc,phases   ] GC(144)   Merge Heap Roots: 0.49ms
[2026-07-01T01:50:40.841+0000][69.242s][info][gc,phases   ] GC(144)   Evacuate Collection Set: 11.58ms
[2026-07-01T01:50:40.841+0000][69.242s][info][gc,phases   ] GC(144)   Post Evacuate Collection Set: 0.34ms
[2026-07-01T01:50:40.841+0000][69.242s][info][gc,phases   ] GC(144)   Other: 0.06ms
[2026-07-01T01:50:40.841+0000][69.242s][info][gc,heap     ] GC(144) Eden regions: 78->0(78)
[2026-07-01T01:50:40.841+0000][69.242s][info][gc,heap     ] GC(144) Survivor regions: 6->6(11)
[2026-07-01T01:50:40.841+0000][69.242s][info][gc,heap     ] GC(144) Old regions: 170->170
[2026-07-01T01:50:40.841+0000][69.242s][info][gc,heap     ] GC(144) Humongous regions: 3->3
[2026-07-01T01:50:40.841+0000][69.242s][info][gc,metaspace] GC(144) Metaspace: 41764K(42560K)->41764K(42560K) NonClass: 36625K(37056K)->36625K(37056K) Class: 5138K(5504K)->5138K(5504K)
[2026-07-01T01:50:40.841+0000][69.242s][info][gc          ] GC(144) Pause Young (Normal) (G1 Evacuation Pause) 256M->178M(272M) 12.781ms
[2026-07-01T01:50:40.841+0000][69.242s][info][gc,cpu      ] GC(144) User=0.02s Sys=0.00s Real=0.01s
[2026-07-01T01:50:40.975+0000][69.377s][info][gc,marking  ] GC(143) Concurrent Rebuild Remembered Sets and Scrub Regions 190.596ms
[2026-07-01T01:50:40.975+0000][69.377s][info][gc,start    ] GC(143) Pause Cleanup
[2026-07-01T01:50:40.975+0000][69.377s][info][gc          ] GC(143) Pause Cleanup 205M->205M(272M) 0.143ms
[2026-07-01T01:50:40.975+0000][69.377s][info][gc,cpu      ] GC(143) User=0.00s Sys=0.00s Real=0.00s
[2026-07-01T01:50:40.976+0000][69.377s][info][gc,marking  ] GC(143) Concurrent Clear Claimed Marks
[2026-07-01T01:50:40.976+0000][69.377s][info][gc,marking  ] GC(143) Concurrent Clear Claimed Marks 0.083ms
[2026-07-01T01:50:40.976+0000][69.377s][info][gc,marking  ] GC(143) Concurrent Cleanup for Next Mark
[2026-07-01T01:50:40.977+0000][69.378s][info][gc,marking  ] GC(143) Concurrent Cleanup for Next Mark 1.095ms
[2026-07-01T01:50:40.977+0000][69.378s][info][gc          ] GC(143) Concurrent Mark Cycle 621.001ms
[2026-07-01T01:50:41.201+0000][69.603s][info][gc,start    ] GC(145) Pause Young (Normal) (G1 Evacuation Pause)
[2026-07-01T01:50:41.201+0000][69.603s][info][gc,task     ] GC(145) Using 2 workers of 2 for evacuation
[2026-07-01T01:50:41.212+0000][69.614s][info][gc,phases   ] GC(145)   Pre Evacuate Collection Set: 0.13ms
[2026-07-01T01:50:41.212+0000][69.614s][info][gc,phases   ] GC(145)   Merge Heap Roots: 0.26ms
[2026-07-01T01:50:41.212+0000][69.614s][info][gc,phases   ] GC(145)   Evacuate Collection Set: 10.12ms
[2026-07-01T01:50:41.212+0000][69.614s][info][gc,phases   ] GC(145)   Post Evacuate Collection Set: 0.35ms
[2026-07-01T01:50:41.212+0000][69.614s][info][gc,phases   ] GC(145)   Other: 0.04ms
[2026-07-01T01:50:41.212+0000][69.614s][info][gc,heap     ] GC(145) Eden regions: 78->0(78)
[2026-07-01T01:50:41.212+0000][69.614s][info][gc,heap     ] GC(145) Survivor regions: 6->6(11)
[2026-07-01T01:50:41.212+0000][69.614s][info][gc,heap     ] GC(145) Old regions: 170->170
[2026-07-01T01:50:41.212+0000][69.614s][info][gc,heap     ] GC(145) Humongous regions: 3->3
[2026-07-01T01:50:41.212+0000][69.614s][info][gc,metaspace] GC(145) Metaspace: 41769K(42560K)->41769K(42560K) NonClass: 36631K(37056K)->36631K(37056K) Class: 5138K(5504K)->5138K(5504K)
[2026-07-01T01:50:41.212+0000][69.614s][info][gc          ] GC(145) Pause Young (Normal) (G1 Evacuation Pause) 256M->178M(272M) 11.064ms
[2026-07-01T01:50:41.212+0000][69.614s][info][gc,cpu      ] GC(145) User=0.02s Sys=0.00s Real=0.01s
[2026-07-01T01:50:41.574+0000][69.975s][info][gc,start    ] GC(146) Pause Young (Concurrent Start) (G1 Evacuation Pause)
[2026-07-01T01:50:41.574+0000][69.975s][info][gc,task     ] GC(146) Using 2 workers of 2 for evacuation
[2026-07-01T01:50:41.586+0000][69.988s][info][gc,phases   ] GC(146)   Pre Evacuate Collection Set: 0.16ms
[2026-07-01T01:50:41.587+0000][69.988s][info][gc,phases   ] GC(146)   Merge Heap Roots: 0.28ms
[2026-07-01T01:50:41.587+0000][69.988s][info][gc,phases   ] GC(146)   Evacuate Collection Set: 11.89ms
[2026-07-01T01:50:41.587+0000][69.988s][info][gc,phases   ] GC(146)   Post Evacuate Collection Set: 0.32ms
[2026-07-01T01:50:41.587+0000][69.988s][info][gc,phases   ] GC(146)   Other: 0.07ms
[2026-07-01T01:50:41.587+0000][69.988s][info][gc,heap     ] GC(146) Eden regions: 78->0(78)
[2026-07-01T01:50:41.587+0000][69.988s][info][gc,heap     ] GC(146) Survivor regions: 6->6(11)
[2026-07-01T01:50:41.587+0000][69.988s][info][gc,heap     ] GC(146) Old regions: 170->170
[2026-07-01T01:50:41.587+0000][69.988s][info][gc,heap     ] GC(146) Humongous regions: 3->3
[2026-07-01T01:50:41.587+0000][69.988s][info][gc,metaspace] GC(146) Metaspace: 41771K(42624K)->41771K(42624K) NonClass: 36632K(37120K)->36632K(37120K) Class: 5138K(5504K)->5138K(5504K)
[2026-07-01T01:50:41.587+0000][69.988s][info][gc          ] GC(146) Pause Young (Concurrent Start) (G1 Evacuation Pause) 256M->178M(272M) 12.886ms
[2026-07-01T01:50:41.587+0000][69.988s][info][gc,cpu      ] GC(146) User=0.03s Sys=0.00s Real=0.01s
[2026-07-01T01:50:41.590+0000][69.992s][info][gc          ] GC(147) Concurrent Mark Cycle
[2026-07-01T01:50:41.590+0000][69.992s][info][gc,marking  ] GC(147) Concurrent Scan Root Regions
[2026-07-01T01:50:41.622+0000][70.023s][info][gc,marking  ] GC(147) Concurrent Scan Root Regions 31.771ms
[2026-07-01T01:50:41.622+0000][70.024s][info][gc,marking  ] GC(147) Concurrent Mark
[2026-07-01T01:50:41.622+0000][70.024s][info][gc,marking  ] GC(147) Concurrent Mark From Roots
[2026-07-01T01:50:41.622+0000][70.024s][info][gc,task     ] GC(147) Using 1 workers of 1 for marking
[2026-07-01T01:50:42.010+0000][70.412s][info][gc,start    ] GC(148) Pause Young (Normal) (G1 Evacuation Pause)
[2026-07-01T01:50:42.010+0000][70.412s][info][gc,task     ] GC(148) Using 2 workers of 2 for evacuation
[2026-07-01T01:50:42.022+0000][70.424s][info][gc,phases   ] GC(148)   Pre Evacuate Collection Set: 0.19ms
[2026-07-01T01:50:42.022+0000][70.424s][info][gc,phases   ] GC(148)   Merge Heap Roots: 0.41ms
[2026-07-01T01:50:42.022+0000][70.424s][info][gc,phases   ] GC(148)   Evacuate Collection Set: 10.71ms
[2026-07-01T01:50:42.022+0000][70.424s][info][gc,phases   ] GC(148)   Post Evacuate Collection Set: 0.36ms
[2026-07-01T01:50:42.022+0000][70.424s][info][gc,phases   ] GC(148)   Other: 0.07ms
[2026-07-01T01:50:42.022+0000][70.424s][info][gc,heap     ] GC(148) Eden regions: 78->0(77)
[2026-07-01T01:50:42.022+0000][70.424s][info][gc,heap     ] GC(148) Survivor regions: 6->6(11)
[2026-07-01T01:50:42.022+0000][70.424s][info][gc,heap     ] GC(148) Old regions: 170->171
[2026-07-01T01:50:42.022+0000][70.424s][info][gc,heap     ] GC(148) Humongous regions: 3->3
[2026-07-01T01:50:42.022+0000][70.424s][info][gc,metaspace] GC(148) Metaspace: 41771K(42624K)->41771K(42624K) NonClass: 36632K(37120K)->36632K(37120K) Class: 5138K(5504K)->5138K(5504K)
[2026-07-01T01:50:42.022+0000][70.424s][info][gc          ] GC(148) Pause Young (Normal) (G1 Evacuation Pause) 256M->179M(272M) 11.903ms
[2026-07-01T01:50:42.022+0000][70.424s][info][gc,cpu      ] GC(148) User=0.02s Sys=0.00s Real=0.01s
[2026-07-01T01:50:42.228+0000][70.630s][info][gc,marking  ] GC(147) Concurrent Mark From Roots 606.319ms
[2026-07-01T01:50:42.228+0000][70.630s][info][gc,marking  ] GC(147) Concurrent Preclean
[2026-07-01T01:50:42.229+0000][70.630s][info][gc,marking  ] GC(147) Concurrent Preclean 0.563ms
[2026-07-01T01:50:42.230+0000][70.632s][info][gc,start    ] GC(147) Pause Remark
[2026-07-01T01:50:42.236+0000][70.637s][info][gc          ] GC(147) Pause Remark 219M->219M(272M) 5.819ms
[2026-07-01T01:50:42.236+0000][70.637s][info][gc,cpu      ] GC(147) User=0.01s Sys=0.00s Real=0.00s
[2026-07-01T01:50:42.238+0000][70.640s][info][gc,marking  ] GC(147) Concurrent Mark 616.020ms
[2026-07-01T01:50:42.238+0000][70.640s][info][gc,marking  ] GC(147) Concurrent Rebuild Remembered Sets and Scrub Regions
[2026-07-01T01:50:42.414+0000][70.815s][info][gc,marking  ] GC(147) Concurrent Rebuild Remembered Sets and Scrub Regions 175.789ms
[2026-07-01T01:50:42.414+0000][70.815s][info][gc,start    ] GC(147) Pause Cleanup
[2026-07-01T01:50:42.414+0000][70.816s][info][gc          ] GC(147) Pause Cleanup 251M->251M(272M) 0.146ms
[2026-07-01T01:50:42.414+0000][70.816s][info][gc,cpu      ] GC(147) User=0.00s Sys=0.00s Real=0.00s
[2026-07-01T01:50:42.414+0000][70.816s][info][gc,marking  ] GC(147) Concurrent Clear Claimed Marks
[2026-07-01T01:50:42.414+0000][70.816s][info][gc,marking  ] GC(147) Concurrent Clear Claimed Marks 0.083ms
[2026-07-01T01:50:42.414+0000][70.816s][info][gc,marking  ] GC(147) Concurrent Cleanup for Next Mark
[2026-07-01T01:50:42.415+0000][70.816s][info][gc,marking  ] GC(147) Concurrent Cleanup for Next Mark 0.541ms
[2026-07-01T01:50:42.415+0000][70.816s][info][gc          ] GC(147) Concurrent Mark Cycle 824.666ms
[2026-07-01T01:50:42.439+0000][70.840s][info][gc,start    ] GC(149) Pause Young (Normal) (G1 Evacuation Pause)
[2026-07-01T01:50:42.439+0000][70.840s][info][gc,task     ] GC(149) Using 2 workers of 2 for evacuation
[2026-07-01T01:50:42.450+0000][70.851s][info][gc,phases   ] GC(149)   Pre Evacuate Collection Set: 0.48ms
[2026-07-01T01:50:42.450+0000][70.851s][info][gc,phases   ] GC(149)   Merge Heap Roots: 0.50ms
[2026-07-01T01:50:42.450+0000][70.851s][info][gc,phases   ] GC(149)   Evacuate Collection Set: 9.91ms
[2026-07-01T01:50:42.450+0000][70.851s][info][gc,phases   ] GC(149)   Post Evacuate Collection Set: 0.39ms
[2026-07-01T01:50:42.450+0000][70.851s][info][gc,phases   ] GC(149)   Other: 0.06ms
[2026-07-01T01:50:42.450+0000][70.851s][info][gc,heap     ] GC(149) Eden regions: 77->0(77)
[2026-07-01T01:50:42.450+0000][70.851s][info][gc,heap     ] GC(149) Survivor regions: 6->6(11)
[2026-07-01T01:50:42.450+0000][70.851s][info][gc,heap     ] GC(149) Old regions: 171->171
[2026-07-01T01:50:42.450+0000][70.851s][info][gc,heap     ] GC(149) Humongous regions: 3->3
[2026-07-01T01:50:42.450+0000][70.851s][info][gc,metaspace] GC(149) Metaspace: 41771K(42624K)->41771K(42624K) NonClass: 36632K(37120K)->36632K(37120K) Class: 5138K(5504K)->5138K(5504K)
[2026-07-01T01:50:42.450+0000][70.851s][info][gc          ] GC(149) Pause Young (Normal) (G1 Evacuation Pause) 256M->179M(272M) 11.491ms
[2026-07-01T01:50:42.450+0000][70.852s][info][gc,cpu      ] GC(149) User=0.02s Sys=0.00s Real=0.01s
[2026-07-01T01:50:42.801+0000][71.203s][info][gc,start    ] GC(150) Pause Young (Concurrent Start) (G1 Evacuation Pause)
[2026-07-01T01:50:42.801+0000][71.203s][info][gc,task     ] GC(150) Using 2 workers of 2 for evacuation
[2026-07-01T01:50:42.813+0000][71.214s][info][gc,phases   ] GC(150)   Pre Evacuate Collection Set: 0.19ms
[2026-07-01T01:50:42.813+0000][71.214s][info][gc,phases   ] GC(150)   Merge Heap Roots: 0.22ms
[2026-07-01T01:50:42.813+0000][71.214s][info][gc,phases   ] GC(150)   Evacuate Collection Set: 10.70ms
[2026-07-01T01:50:42.813+0000][71.214s][info][gc,phases   ] GC(150)   Post Evacuate Collection Set: 0.29ms
[2026-07-01T01:50:42.813+0000][71.214s][info][gc,phases   ] GC(150)   Other: 0.07ms
[2026-07-01T01:50:42.813+0000][71.214s][info][gc,heap     ] GC(150) Eden regions: 77->0(77)
[2026-07-01T01:50:42.813+0000][71.214s][info][gc,heap     ] GC(150) Survivor regions: 6->6(11)
[2026-07-01T01:50:42.813+0000][71.214s][info][gc,heap     ] GC(150) Old regions: 171->171
[2026-07-01T01:50:42.813+0000][71.214s][info][gc,heap     ] GC(150) Humongous regions: 3->3
[2026-07-01T01:50:42.813+0000][71.214s][info][gc,metaspace] GC(150) Metaspace: 41771K(42624K)->41771K(42624K) NonClass: 36632K(37120K)->36632K(37120K) Class: 5138K(5504K)->5138K(5504K)
[2026-07-01T01:50:42.813+0000][71.214s][info][gc          ] GC(150) Pause Young (Concurrent Start) (G1 Evacuation Pause) 256M->179M(272M) 11.624ms
[2026-07-01T01:50:42.813+0000][71.214s][info][gc          ] GC(151) Concurrent Mark Cycle
[2026-07-01T01:50:42.813+0000][71.214s][info][gc,marking  ] GC(151) Concurrent Scan Root Regions
[2026-07-01T01:50:42.813+0000][71.215s][info][gc,cpu      ] GC(150) User=0.02s Sys=0.00s Real=0.01s
[2026-07-01T01:50:42.822+0000][71.223s][info][gc,marking  ] GC(151) Concurrent Scan Root Regions 8.884ms
[2026-07-01T01:50:42.822+0000][71.223s][info][gc,marking  ] GC(151) Concurrent Mark
[2026-07-01T01:50:42.822+0000][71.223s][info][gc,marking  ] GC(151) Concurrent Mark From Roots
[2026-07-01T01:50:42.822+0000][71.223s][info][gc,task     ] GC(151) Using 1 workers of 1 for marking
[2026-07-01T01:50:43.249+0000][71.650s][info][gc,start    ] GC(152) Pause Young (Normal) (G1 Evacuation Pause)
[2026-07-01T01:50:43.249+0000][71.650s][info][gc,task     ] GC(152) Using 2 workers of 2 for evacuation
[2026-07-01T01:50:43.265+0000][71.666s][info][gc,phases   ] GC(152)   Pre Evacuate Collection Set: 0.16ms
[2026-07-01T01:50:43.265+0000][71.666s][info][gc,phases   ] GC(152)   Merge Heap Roots: 0.23ms
[2026-07-01T01:50:43.265+0000][71.666s][info][gc,phases   ] GC(152)   Evacuate Collection Set: 14.79ms
[2026-07-01T01:50:43.265+0000][71.666s][info][gc,phases   ] GC(152)   Post Evacuate Collection Set: 0.39ms
[2026-07-01T01:50:43.265+0000][71.666s][info][gc,phases   ] GC(152)   Other: 0.07ms
[2026-07-01T01:50:43.265+0000][71.666s][info][gc,heap     ] GC(152) Eden regions: 77->0(77)
[2026-07-01T01:50:43.265+0000][71.666s][info][gc,heap     ] GC(152) Survivor regions: 6->6(11)
[2026-07-01T01:50:43.265+0000][71.666s][info][gc,heap     ] GC(152) Old regions: 171->171
[2026-07-01T01:50:43.265+0000][71.666s][info][gc,heap     ] GC(152) Humongous regions: 3->3
[2026-07-01T01:50:43.265+0000][71.666s][info][gc,metaspace] GC(152) Metaspace: 41771K(42624K)->41771K(42624K) NonClass: 36632K(37120K)->36632K(37120K) Class: 5138K(5504K)->5138K(5504K)
[2026-07-01T01:50:43.265+0000][71.666s][info][gc          ] GC(152) Pause Young (Normal) (G1 Evacuation Pause) 256M->179M(272M) 15.801ms
[2026-07-01T01:50:43.265+0000][71.666s][info][gc,cpu      ] GC(152) User=0.03s Sys=0.00s Real=0.01s
[2026-07-01T01:50:43.362+0000][71.763s][info][gc,marking  ] GC(151) Concurrent Mark From Roots 540.086ms
[2026-07-01T01:50:43.362+0000][71.763s][info][gc,marking  ] GC(151) Concurrent Preclean
[2026-07-01T01:50:43.362+0000][71.764s][info][gc,marking  ] GC(151) Concurrent Preclean 0.103ms
[2026-07-01T01:50:43.362+0000][71.764s][info][gc,start    ] GC(151) Pause Remark
[2026-07-01T01:50:43.368+0000][71.770s][info][gc          ] GC(151) Pause Remark 198M->198M(272M) 6.098ms
[2026-07-01T01:50:43.368+0000][71.770s][info][gc,cpu      ] GC(151) User=0.01s Sys=0.00s Real=0.01s
[2026-07-01T01:50:43.370+0000][71.772s][info][gc,marking  ] GC(151) Concurrent Mark 548.542ms
[2026-07-01T01:50:43.370+0000][71.772s][info][gc,marking  ] GC(151) Concurrent Rebuild Remembered Sets and Scrub Regions
[2026-07-01T01:50:43.427+0000][71.828s][info][gc,marking  ] GC(151) Concurrent Rebuild Remembered Sets and Scrub Regions 56.483ms
[2026-07-01T01:50:43.427+0000][71.828s][info][gc,start    ] GC(151) Pause Cleanup
[2026-07-01T01:50:43.427+0000][71.829s][info][gc          ] GC(151) Pause Cleanup 207M->207M(272M) 0.047ms
[2026-07-01T01:50:43.427+0000][71.829s][info][gc,cpu      ] GC(151) User=0.00s Sys=0.00s Real=0.00s
[2026-07-01T01:50:43.428+0000][71.829s][info][gc,marking  ] GC(151) Concurrent Clear Claimed Marks
[2026-07-01T01:50:43.428+0000][71.829s][info][gc,marking  ] GC(151) Concurrent Clear Claimed Marks 0.093ms
[2026-07-01T01:50:43.428+0000][71.829s][info][gc,marking  ] GC(151) Concurrent Cleanup for Next Mark
[2026-07-01T01:50:43.428+0000][71.830s][info][gc,marking  ] GC(151) Concurrent Cleanup for Next Mark 0.774ms
[2026-07-01T01:50:43.428+0000][71.830s][info][gc          ] GC(151) Concurrent Mark Cycle 615.540ms
[2026-07-01T01:50:43.658+0000][72.059s][info][gc,start    ] GC(153) Pause Young (Normal) (G1 Evacuation Pause)
[2026-07-01T01:50:43.658+0000][72.059s][info][gc,task     ] GC(153) Using 2 workers of 2 for evacuation
[2026-07-01T01:50:43.673+0000][72.075s][info][gc,phases   ] GC(153)   Pre Evacuate Collection Set: 0.39ms
[2026-07-01T01:50:43.673+0000][72.075s][info][gc,phases   ] GC(153)   Merge Heap Roots: 0.22ms
[2026-07-01T01:50:43.673+0000][72.075s][info][gc,phases   ] GC(153)   Evacuate Collection Set: 14.05ms
[2026-07-01T01:50:43.673+0000][72.075s][info][gc,phases   ] GC(153)   Post Evacuate Collection Set: 0.44ms
[2026-07-01T01:50:43.673+0000][72.075s][info][gc,phases   ] GC(153)   Other: 0.06ms
[2026-07-01T01:50:43.673+0000][72.075s][info][gc,heap     ] GC(153) Eden regions: 77->0(76)
[2026-07-01T01:50:43.673+0000][72.075s][info][gc,heap     ] GC(153) Survivor regions: 6->6(11)
[2026-07-01T01:50:43.673+0000][72.075s][info][gc,heap     ] GC(153) Old regions: 171->172
[2026-07-01T01:50:43.673+0000][72.075s][info][gc,heap     ] GC(153) Humongous regions: 3->3
[2026-07-01T01:50:43.673+0000][72.075s][info][gc,metaspace] GC(153) Metaspace: 41771K(42624K)->41771K(42624K) NonClass: 36632K(37120K)->36632K(37120K) Class: 5138K(5504K)->5138K(5504K)
[2026-07-01T01:50:43.673+0000][72.075s][info][gc          ] GC(153) Pause Young (Normal) (G1 Evacuation Pause) 256M->180M(272M) 15.314ms
[2026-07-01T01:50:43.673+0000][72.075s][info][gc,cpu      ] GC(153) User=0.03s Sys=0.00s Real=0.02s
[2026-07-01T01:50:44.016+0000][72.418s][info][gc,start    ] GC(154) Pause Young (Concurrent Start) (G1 Evacuation Pause)
[2026-07-01T01:50:44.016+0000][72.418s][info][gc,task     ] GC(154) Using 2 workers of 2 for evacuation
[2026-07-01T01:50:44.031+0000][72.433s][info][gc,phases   ] GC(154)   Pre Evacuate Collection Set: 0.15ms
[2026-07-01T01:50:44.031+0000][72.433s][info][gc,phases   ] GC(154)   Merge Heap Roots: 0.20ms
[2026-07-01T01:50:44.031+0000][72.433s][info][gc,phases   ] GC(154)   Evacuate Collection Set: 14.13ms
[2026-07-01T01:50:44.031+0000][72.433s][info][gc,phases   ] GC(154)   Post Evacuate Collection Set: 0.44ms
[2026-07-01T01:50:44.031+0000][72.433s][info][gc,phases   ] GC(154)   Other: 0.07ms
[2026-07-01T01:50:44.031+0000][72.433s][info][gc,heap     ] GC(154) Eden regions: 76->0(76)
[2026-07-01T01:50:44.031+0000][72.433s][info][gc,heap     ] GC(154) Survivor regions: 6->6(11)
[2026-07-01T01:50:44.031+0000][72.433s][info][gc,heap     ] GC(154) Old regions: 172->172
[2026-07-01T01:50:44.031+0000][72.433s][info][gc,heap     ] GC(154) Humongous regions: 3->3
[2026-07-01T01:50:44.031+0000][72.433s][info][gc,metaspace] GC(154) Metaspace: 41771K(42624K)->41771K(42624K) NonClass: 36632K(37120K)->36632K(37120K) Class: 5138K(5504K)->5138K(5504K)
[2026-07-01T01:50:44.031+0000][72.433s][info][gc          ] GC(154) Pause Young (Concurrent Start) (G1 Evacuation Pause) 256M->179M(272M) 15.148ms
[2026-07-01T01:50:44.031+0000][72.433s][info][gc          ] GC(155) Concurrent Mark Cycle
[2026-07-01T01:50:44.031+0000][72.433s][info][gc,marking  ] GC(155) Concurrent Scan Root Regions
[2026-07-01T01:50:44.031+0000][72.433s][info][gc,cpu      ] GC(154) User=0.03s Sys=0.00s Real=0.02s
[2026-07-01T01:50:44.043+0000][72.445s][info][gc,marking  ] GC(155) Concurrent Scan Root Regions 11.645ms
[2026-07-01T01:50:44.043+0000][72.445s][info][gc,marking  ] GC(155) Concurrent Mark
[2026-07-01T01:50:44.043+0000][72.445s][info][gc,marking  ] GC(155) Concurrent Mark From Roots
[2026-07-01T01:50:44.043+0000][72.445s][info][gc,task     ] GC(155) Using 1 workers of 1 for marking
[2026-07-01T01:50:44.407+0000][72.808s][info][gc,marking  ] GC(155) Concurrent Mark From Roots 363.671ms
[2026-07-01T01:50:44.407+0000][72.808s][info][gc,marking  ] GC(155) Concurrent Preclean
[2026-07-01T01:50:44.407+0000][72.808s][info][gc,marking  ] GC(155) Concurrent Preclean 0.077ms
[2026-07-01T01:50:44.407+0000][72.808s][info][gc,start    ] GC(155) Pause Remark
[2026-07-01T01:50:44.414+0000][72.815s][info][gc          ] GC(155) Pause Remark 219M->219M(272M) 6.752ms
[2026-07-01T01:50:44.414+0000][72.815s][info][gc,cpu      ] GC(155) User=0.02s Sys=0.00s Real=0.01s
[2026-07-01T01:50:44.417+0000][72.818s][info][gc,marking  ] GC(155) Concurrent Mark 373.449ms
[2026-07-01T01:50:44.417+0000][72.818s][info][gc,marking  ] GC(155) Concurrent Rebuild Remembered Sets and Scrub Regions
[2026-07-01T01:50:44.529+0000][72.931s][info][gc,marking  ] GC(155) Concurrent Rebuild Remembered Sets and Scrub Regions 112.680ms
[2026-07-01T01:50:44.530+0000][72.932s][info][gc,start    ] GC(155) Pause Cleanup
[2026-07-01T01:50:44.530+0000][72.932s][info][gc          ] GC(155) Pause Cleanup 231M->231M(272M) 0.129ms
[2026-07-01T01:50:44.530+0000][72.932s][info][gc,cpu      ] GC(155) User=0.00s Sys=0.00s Real=0.00s
[2026-07-01T01:50:44.530+0000][72.932s][info][gc,marking  ] GC(155) Concurrent Clear Claimed Marks
[2026-07-01T01:50:44.530+0000][72.932s][info][gc,marking  ] GC(155) Concurrent Clear Claimed Marks 0.085ms
[2026-07-01T01:50:44.530+0000][72.932s][info][gc,marking  ] GC(155) Concurrent Cleanup for Next Mark
[2026-07-01T01:50:44.531+0000][72.932s][info][gc,marking  ] GC(155) Concurrent Cleanup for Next Mark 0.441ms
[2026-07-01T01:50:44.531+0000][72.932s][info][gc          ] GC(155) Concurrent Mark Cycle 499.530ms
[2026-07-01T01:50:44.714+0000][73.115s][info][gc,start    ] GC(156) Pause Young (Normal) (G1 Evacuation Pause)
[2026-07-01T01:50:44.714+0000][73.116s][info][gc,task     ] GC(156) Using 2 workers of 2 for evacuation
[2026-07-01T01:50:44.729+0000][73.130s][info][gc,phases   ] GC(156)   Pre Evacuate Collection Set: 0.15ms
[2026-07-01T01:50:44.729+0000][73.130s][info][gc,phases   ] GC(156)   Merge Heap Roots: 0.34ms
[2026-07-01T01:50:44.729+0000][73.130s][info][gc,phases   ] GC(156)   Evacuate Collection Set: 13.54ms
[2026-07-01T01:50:44.729+0000][73.130s][info][gc,phases   ] GC(156)   Post Evacuate Collection Set: 0.39ms
[2026-07-01T01:50:44.729+0000][73.130s][info][gc,phases   ] GC(156)   Other: 0.06ms
[2026-07-01T01:50:44.729+0000][73.130s][info][gc,heap     ] GC(156) Eden regions: 76->0(76)
[2026-07-01T01:50:44.729+0000][73.130s][info][gc,heap     ] GC(156) Survivor regions: 6->6(11)
[2026-07-01T01:50:44.729+0000][73.130s][info][gc,heap     ] GC(156) Old regions: 172->172
[2026-07-01T01:50:44.729+0000][73.130s][info][gc,heap     ] GC(156) Humongous regions: 3->3
[2026-07-01T01:50:44.729+0000][73.130s][info][gc,metaspace] GC(156) Metaspace: 41771K(42624K)->41771K(42624K) NonClass: 36632K(37120K)->36632K(37120K) Class: 5138K(5504K)->5138K(5504K)
[2026-07-01T01:50:44.729+0000][73.130s][info][gc          ] GC(156) Pause Young (Normal) (G1 Evacuation Pause) 255M->180M(272M) 14.687ms
[2026-07-01T01:50:44.729+0000][73.130s][info][gc,cpu      ] GC(156) User=0.03s Sys=0.00s Real=0.02s
[2026-07-01T01:50:45.294+0000][73.696s][info][gc,start    ] GC(157) Pause Young (Concurrent Start) (G1 Evacuation Pause)
[2026-07-01T01:50:45.294+0000][73.696s][info][gc,task     ] GC(157) Using 2 workers of 2 for evacuation
[2026-07-01T01:50:45.326+0000][73.727s][info][gc,phases   ] GC(157)   Pre Evacuate Collection Set: 0.14ms
[2026-07-01T01:50:45.326+0000][73.727s][info][gc,phases   ] GC(157)   Merge Heap Roots: 0.21ms
[2026-07-01T01:50:45.326+0000][73.727s][info][gc,phases   ] GC(157)   Evacuate Collection Set: 30.59ms
[2026-07-01T01:50:45.326+0000][73.727s][info][gc,phases   ] GC(157)   Post Evacuate Collection Set: 0.40ms
[2026-07-01T01:50:45.326+0000][73.727s][info][gc,phases   ] GC(157)   Other: 0.10ms
[2026-07-01T01:50:45.326+0000][73.727s][info][gc,heap     ] GC(157) Eden regions: 76->0(76)
[2026-07-01T01:50:45.326+0000][73.727s][info][gc,heap     ] GC(157) Survivor regions: 6->6(11)
[2026-07-01T01:50:45.326+0000][73.727s][info][gc,heap     ] GC(157) Old regions: 172->172
[2026-07-01T01:50:45.326+0000][73.727s][info][gc,heap     ] GC(157) Humongous regions: 3->3
[2026-07-01T01:50:45.326+0000][73.727s][info][gc,metaspace] GC(157) Metaspace: 41771K(42624K)->41771K(42624K) NonClass: 36632K(37120K)->36632K(37120K) Class: 5138K(5504K)->5138K(5504K)
[2026-07-01T01:50:45.326+0000][73.727s][info][gc          ] GC(157) Pause Young (Concurrent Start) (G1 Evacuation Pause) 256M->180M(272M) 31.655ms
[2026-07-01T01:50:45.326+0000][73.727s][info][gc          ] GC(158) Concurrent Mark Cycle
[2026-07-01T01:50:45.326+0000][73.727s][info][gc,cpu      ] GC(157) User=0.03s Sys=0.00s Real=0.03s
[2026-07-01T01:50:45.326+0000][73.727s][info][gc,marking  ] GC(158) Concurrent Scan Root Regions
[2026-07-01T01:50:45.341+0000][73.742s][info][gc,marking  ] GC(158) Concurrent Scan Root Regions 14.506ms
[2026-07-01T01:50:45.341+0000][73.742s][info][gc,marking  ] GC(158) Concurrent Mark
[2026-07-01T01:50:45.341+0000][73.742s][info][gc,marking  ] GC(158) Concurrent Mark From Roots
[2026-07-01T01:50:45.341+0000][73.742s][info][gc,task     ] GC(158) Using 1 workers of 1 for marking
[2026-07-01T01:50:45.690+0000][74.092s][info][gc,marking  ] GC(158) Concurrent Mark From Roots 349.524ms
[2026-07-01T01:50:45.690+0000][74.092s][info][gc,marking  ] GC(158) Concurrent Preclean
[2026-07-01T01:50:45.690+0000][74.092s][info][gc,marking  ] GC(158) Concurrent Preclean 0.097ms
[2026-07-01T01:50:45.690+0000][74.092s][info][gc,start    ] GC(158) Pause Remark
[2026-07-01T01:50:45.698+0000][74.099s][info][gc          ] GC(158) Pause Remark 221M->221M(272M) 7.287ms
[2026-07-01T01:50:45.698+0000][74.099s][info][gc,cpu      ] GC(158) User=0.01s Sys=0.00s Real=0.00s
[2026-07-01T01:50:45.699+0000][74.100s][info][gc,marking  ] GC(158) Concurrent Mark 358.168ms
[2026-07-01T01:50:45.699+0000][74.100s][info][gc,marking  ] GC(158) Concurrent Rebuild Remembered Sets and Scrub Regions
[2026-07-01T01:50:45.769+0000][74.171s][info][gc,marking  ] GC(158) Concurrent Rebuild Remembered Sets and Scrub Regions 70.661ms
[2026-07-01T01:50:45.770+0000][74.171s][info][gc,start    ] GC(158) Pause Cleanup
[2026-07-01T01:50:45.770+0000][74.171s][info][gc          ] GC(158) Pause Cleanup 230M->230M(272M) 0.047ms
[2026-07-01T01:50:45.770+0000][74.171s][info][gc,cpu      ] GC(158) User=0.00s Sys=0.00s Real=0.00s
[2026-07-01T01:50:45.770+0000][74.172s][info][gc,marking  ] GC(158) Concurrent Clear Claimed Marks
[2026-07-01T01:50:45.770+0000][74.172s][info][gc,marking  ] GC(158) Concurrent Clear Claimed Marks 0.115ms
[2026-07-01T01:50:45.770+0000][74.172s][info][gc,marking  ] GC(158) Concurrent Cleanup for Next Mark
[2026-07-01T01:50:45.771+0000][74.172s][info][gc,marking  ] GC(158) Concurrent Cleanup for Next Mark 0.442ms
[2026-07-01T01:50:45.771+0000][74.172s][info][gc          ] GC(158) Concurrent Mark Cycle 444.670ms
[2026-07-01T01:50:45.974+0000][74.375s][info][gc,start    ] GC(159) Pause Young (Normal) (G1 Evacuation Pause)
[2026-07-01T01:50:45.974+0000][74.375s][info][gc,task     ] GC(159) Using 2 workers of 2 for evacuation
[2026-07-01T01:50:45.988+0000][74.390s][info][gc,phases   ] GC(159)   Pre Evacuate Collection Set: 0.13ms
[2026-07-01T01:50:45.988+0000][74.390s][info][gc,phases   ] GC(159)   Merge Heap Roots: 0.22ms
[2026-07-01T01:50:45.988+0000][74.390s][info][gc,phases   ] GC(159)   Evacuate Collection Set: 13.69ms
[2026-07-01T01:50:45.988+0000][74.390s][info][gc,phases   ] GC(159)   Post Evacuate Collection Set: 0.41ms
[2026-07-01T01:50:45.988+0000][74.390s][info][gc,phases   ] GC(159)   Other: 0.07ms
[2026-07-01T01:50:45.988+0000][74.390s][info][gc,heap     ] GC(159) Eden regions: 76->0(75)
[2026-07-01T01:50:45.988+0000][74.390s][info][gc,heap     ] GC(159) Survivor regions: 6->6(11)
[2026-07-01T01:50:45.988+0000][74.390s][info][gc,heap     ] GC(159) Old regions: 172->173
[2026-07-01T01:50:45.988+0000][74.390s][info][gc,heap     ] GC(159) Humongous regions: 3->3
[2026-07-01T01:50:45.988+0000][74.390s][info][gc,metaspace] GC(159) Metaspace: 41772K(42624K)->41772K(42624K) NonClass: 36634K(37120K)->36634K(37120K) Class: 5138K(5504K)->5138K(5504K)
[2026-07-01T01:50:45.988+0000][74.390s][info][gc          ] GC(159) Pause Young (Normal) (G1 Evacuation Pause) 256M->181M(272M) 14.721ms
[2026-07-01T01:50:45.988+0000][74.390s][info][gc,cpu      ] GC(159) User=0.03s Sys=0.00s Real=0.02s
[2026-07-01T01:50:46.536+0000][74.937s][info][gc,start    ] GC(160) Pause Young (Concurrent Start) (G1 Evacuation Pause)
[2026-07-01T01:50:46.536+0000][74.937s][info][gc,task     ] GC(160) Using 2 workers of 2 for evacuation
[2026-07-01T01:50:46.566+0000][74.968s][info][gc,phases   ] GC(160)   Pre Evacuate Collection Set: 0.20ms
[2026-07-01T01:50:46.566+0000][74.968s][info][gc,phases   ] GC(160)   Merge Heap Roots: 0.22ms
[2026-07-01T01:50:46.566+0000][74.968s][info][gc,phases   ] GC(160)   Evacuate Collection Set: 28.74ms
[2026-07-01T01:50:46.566+0000][74.968s][info][gc,phases   ] GC(160)   Post Evacuate Collection Set: 1.27ms
[2026-07-01T01:50:46.566+0000][74.968s][info][gc,phases   ] GC(160)   Other: 0.12ms
[2026-07-01T01:50:46.566+0000][74.968s][info][gc,heap     ] GC(160) Eden regions: 75->0(157)
[2026-07-01T01:50:46.566+0000][74.968s][info][gc,heap     ] GC(160) Survivor regions: 6->6(11)
[2026-07-01T01:50:46.566+0000][74.968s][info][gc,heap     ] GC(160) Old regions: 173->173
[2026-07-01T01:50:46.566+0000][74.968s][info][gc,heap     ] GC(160) Humongous regions: 3->3
[2026-07-01T01:50:46.566+0000][74.968s][info][gc,metaspace] GC(160) Metaspace: 41772K(42624K)->41772K(42624K) NonClass: 36634K(37120K)->36634K(37120K) Class: 5138K(5504K)->5138K(5504K)
[2026-07-01T01:50:46.567+0000][74.968s][info][gc          ] GC(160) Pause Young (Concurrent Start) (G1 Evacuation Pause) 256M->181M(358M) 30.748ms
[2026-07-01T01:50:46.567+0000][74.968s][info][gc          ] GC(161) Concurrent Mark Cycle
[2026-07-01T01:50:46.567+0000][74.968s][info][gc,cpu      ] GC(160) User=0.03s Sys=0.00s Real=0.03s
[2026-07-01T01:50:46.567+0000][74.968s][info][gc,marking  ] GC(161) Concurrent Scan Root Regions
[2026-07-01T01:50:46.577+0000][74.978s][info][gc,marking  ] GC(161) Concurrent Scan Root Regions 10.440ms
[2026-07-01T01:50:46.577+0000][74.979s][info][gc,marking  ] GC(161) Concurrent Mark
[2026-07-01T01:50:46.577+0000][74.979s][info][gc,marking  ] GC(161) Concurrent Mark From Roots
[2026-07-01T01:50:46.577+0000][74.979s][info][gc,task     ] GC(161) Using 1 workers of 1 for marking
[2026-07-01T01:50:47.287+0000][75.688s][info][gc,marking  ] GC(161) Concurrent Mark From Roots 709.740ms
[2026-07-01T01:50:47.287+0000][75.688s][info][gc,marking  ] GC(161) Concurrent Preclean
[2026-07-01T01:50:47.287+0000][75.688s][info][gc,marking  ] GC(161) Concurrent Preclean 0.092ms
[2026-07-01T01:50:47.287+0000][75.689s][info][gc,start    ] GC(161) Pause Remark
[2026-07-01T01:50:47.301+0000][75.702s][info][gc          ] GC(161) Pause Remark 267M->267M(358M) 13.680ms
[2026-07-01T01:50:47.301+0000][75.702s][info][gc,cpu      ] GC(161) User=0.02s Sys=0.00s Real=0.02s
[2026-07-01T01:50:47.301+0000][75.703s][info][gc,marking  ] GC(161) Concurrent Mark 723.997ms
[2026-07-01T01:50:47.301+0000][75.703s][info][gc,marking  ] GC(161) Concurrent Rebuild Remembered Sets and Scrub Regions
[2026-07-01T01:50:47.523+0000][75.924s][info][gc,marking  ] GC(161) Concurrent Rebuild Remembered Sets and Scrub Regions 221.495ms
[2026-07-01T01:50:47.523+0000][75.924s][info][gc,start    ] GC(161) Pause Cleanup
[2026-07-01T01:50:47.523+0000][75.924s][info][gc          ] GC(161) Pause Cleanup 292M->292M(358M) 0.248ms
[2026-07-01T01:50:47.523+0000][75.925s][info][gc,cpu      ] GC(161) User=0.00s Sys=0.00s Real=0.00s
[2026-07-01T01:50:47.524+0000][75.925s][info][gc,marking  ] GC(161) Concurrent Clear Claimed Marks
[2026-07-01T01:50:47.524+0000][75.926s][info][gc,marking  ] GC(161) Concurrent Clear Claimed Marks 0.097ms
[2026-07-01T01:50:47.524+0000][75.926s][info][gc,marking  ] GC(161) Concurrent Cleanup for Next Mark
[2026-07-01T01:50:47.529+0000][75.930s][info][gc,marking  ] GC(161) Concurrent Cleanup for Next Mark 4.467ms
[2026-07-01T01:50:47.529+0000][75.930s][info][gc          ] GC(161) Concurrent Mark Cycle 962.317ms
[2026-07-01T01:50:47.869+0000][76.271s][info][gc,start    ] GC(162) Pause Young (Normal) (G1 Evacuation Pause)
[2026-07-01T01:50:47.870+0000][76.271s][info][gc,task     ] GC(162) Using 2 workers of 2 for evacuation
[2026-07-01T01:50:47.899+0000][76.301s][info][gc,phases   ] GC(162)   Pre Evacuate Collection Set: 0.27ms
[2026-07-01T01:50:47.899+0000][76.301s][info][gc,phases   ] GC(162)   Merge Heap Roots: 0.79ms
[2026-07-01T01:50:47.899+0000][76.301s][info][gc,phases   ] GC(162)   Evacuate Collection Set: 27.74ms
[2026-07-01T01:50:47.899+0000][76.301s][info][gc,phases   ] GC(162)   Post Evacuate Collection Set: 0.87ms
[2026-07-01T01:50:47.899+0000][76.301s][info][gc,phases   ] GC(162)   Other: 0.11ms
[2026-07-01T01:50:47.899+0000][76.301s][info][gc,heap     ] GC(162) Eden regions: 157->0(157)
[2026-07-01T01:50:47.899+0000][76.301s][info][gc,heap     ] GC(162) Survivor regions: 6->6(21)
[2026-07-01T01:50:47.899+0000][76.301s][info][gc,heap     ] GC(162) Old regions: 173->173
[2026-07-01T01:50:47.899+0000][76.301s][info][gc,heap     ] GC(162) Humongous regions: 3->3
[2026-07-01T01:50:47.899+0000][76.301s][info][gc,metaspace] GC(162) Metaspace: 41772K(42624K)->41772K(42624K) NonClass: 36634K(37120K)->36634K(37120K) Class: 5138K(5504K)->5138K(5504K)
[2026-07-01T01:50:47.899+0000][76.301s][info][gc          ] GC(162) Pause Young (Normal) (G1 Evacuation Pause) 338M->181M(358M) 29.971ms
[2026-07-01T01:50:47.899+0000][76.301s][info][gc,cpu      ] GC(162) User=0.03s Sys=0.00s Real=0.03s
[2026-07-01T01:50:49.042+0000][77.444s][info][gc,start    ] GC(163) Pause Young (Concurrent Start) (G1 Evacuation Pause)
[2026-07-01T01:50:49.042+0000][77.444s][info][gc,task     ] GC(163) Using 2 workers of 2 for evacuation
[2026-07-01T01:50:49.059+0000][77.460s][info][gc,phases   ] GC(163)   Pre Evacuate Collection Set: 0.23ms
[2026-07-01T01:50:49.059+0000][77.461s][info][gc,phases   ] GC(163)   Merge Heap Roots: 0.30ms
[2026-07-01T01:50:49.059+0000][77.461s][info][gc,phases   ] GC(163)   Evacuate Collection Set: 15.34ms
[2026-07-01T01:50:49.059+0000][77.461s][info][gc,phases   ] GC(163)   Post Evacuate Collection Set: 0.72ms
[2026-07-01T01:50:49.059+0000][77.461s][info][gc,phases   ] GC(163)   Other: 0.07ms
[2026-07-01T01:50:49.059+0000][77.461s][info][gc,heap     ] GC(163) Eden regions: 157->0(157)
[2026-07-01T01:50:49.059+0000][77.461s][info][gc,heap     ] GC(163) Survivor regions: 6->6(21)
[2026-07-01T01:50:49.059+0000][77.461s][info][gc,heap     ] GC(163) Old regions: 173->173
[2026-07-01T01:50:49.059+0000][77.461s][info][gc,heap     ] GC(163) Humongous regions: 3->3
[2026-07-01T01:50:49.059+0000][77.461s][info][gc,metaspace] GC(163) Metaspace: 41772K(42624K)->41772K(42624K) NonClass: 36634K(37120K)->36634K(37120K) Class: 5138K(5504K)->5138K(5504K)
[2026-07-01T01:50:49.059+0000][77.461s][info][gc          ] GC(163) Pause Young (Concurrent Start) (G1 Evacuation Pause) 338M->181M(358M) 16.890ms
[2026-07-01T01:50:49.059+0000][77.461s][info][gc          ] GC(164) Concurrent Mark Cycle
[2026-07-01T01:50:49.059+0000][77.461s][info][gc,marking  ] GC(164) Concurrent Scan Root Regions
[2026-07-01T01:50:49.059+0000][77.461s][info][gc,cpu      ] GC(163) User=0.03s Sys=0.00s Real=0.02s
[2026-07-01T01:50:49.079+0000][77.481s][info][gc,marking  ] GC(164) Concurrent Scan Root Regions 20.232ms
[2026-07-01T01:50:49.080+0000][77.481s][info][gc,marking  ] GC(164) Concurrent Mark
[2026-07-01T01:50:49.080+0000][77.481s][info][gc,marking  ] GC(164) Concurrent Mark From Roots
[2026-07-01T01:50:49.080+0000][77.481s][info][gc,task     ] GC(164) Using 1 workers of 1 for marking
[2026-07-01T01:50:49.783+0000][78.184s][info][gc,marking  ] GC(164) Concurrent Mark From Roots 703.164ms
[2026-07-01T01:50:49.783+0000][78.184s][info][gc,marking  ] GC(164) Concurrent Preclean
[2026-07-01T01:50:49.783+0000][78.184s][info][gc,marking  ] GC(164) Concurrent Preclean 0.121ms
[2026-07-01T01:50:49.783+0000][78.184s][info][gc,start    ] GC(164) Pause Remark
[2026-07-01T01:50:49.790+0000][78.192s][info][gc          ] GC(164) Pause Remark 286M->286M(358M) 7.492ms
[2026-07-01T01:50:49.791+0000][78.192s][info][gc,cpu      ] GC(164) User=0.01s Sys=0.00s Real=0.01s
[2026-07-01T01:50:49.794+0000][78.196s][info][gc,marking  ] GC(164) Concurrent Mark 714.538ms
[2026-07-01T01:50:49.794+0000][78.196s][info][gc,marking  ] GC(164) Concurrent Rebuild Remembered Sets and Scrub Regions
[2026-07-01T01:50:49.889+0000][78.291s][info][gc,marking  ] GC(164) Concurrent Rebuild Remembered Sets and Scrub Regions 95.231ms
[2026-07-01T01:50:49.889+0000][78.291s][info][gc,start    ] GC(164) Pause Cleanup
[2026-07-01T01:50:49.889+0000][78.291s][info][gc          ] GC(164) Pause Cleanup 303M->303M(358M) 0.046ms
[2026-07-01T01:50:49.889+0000][78.291s][info][gc,cpu      ] GC(164) User=0.00s Sys=0.00s Real=0.00s
[2026-07-01T01:50:49.891+0000][78.292s][info][gc,marking  ] GC(164) Concurrent Clear Claimed Marks
[2026-07-01T01:50:49.891+0000][78.292s][info][gc,marking  ] GC(164) Concurrent Clear Claimed Marks 0.121ms
[2026-07-01T01:50:49.891+0000][78.292s][info][gc,marking  ] GC(164) Concurrent Cleanup for Next Mark
[2026-07-01T01:50:49.893+0000][78.295s][info][gc,marking  ] GC(164) Concurrent Cleanup for Next Mark 2.628ms
[2026-07-01T01:50:49.894+0000][78.295s][info][gc          ] GC(164) Concurrent Mark Cycle 834.289ms
[2026-07-01T01:50:50.061+0000][78.462s][info][gc,start    ] GC(165) Pause Young (Normal) (G1 Evacuation Pause)
[2026-07-01T01:50:50.061+0000][78.462s][info][gc,task     ] GC(165) Using 2 workers of 2 for evacuation
[2026-07-01T01:50:50.073+0000][78.475s][info][gc,phases   ] GC(165)   Pre Evacuate Collection Set: 0.18ms
[2026-07-01T01:50:50.073+0000][78.475s][info][gc,phases   ] GC(165)   Merge Heap Roots: 0.24ms
[2026-07-01T01:50:50.073+0000][78.475s][info][gc,phases   ] GC(165)   Evacuate Collection Set: 11.38ms
[2026-07-01T01:50:50.073+0000][78.475s][info][gc,phases   ] GC(165)   Post Evacuate Collection Set: 0.44ms
[2026-07-01T01:50:50.073+0000][78.475s][info][gc,phases   ] GC(165)   Other: 0.06ms
[2026-07-01T01:50:50.073+0000][78.475s][info][gc,heap     ] GC(165) Eden regions: 157->0(155)
[2026-07-01T01:50:50.073+0000][78.475s][info][gc,heap     ] GC(165) Survivor regions: 6->7(21)
[2026-07-01T01:50:50.073+0000][78.475s][info][gc,heap     ] GC(165) Old regions: 173->174
[2026-07-01T01:50:50.073+0000][78.475s][info][gc,heap     ] GC(165) Humongous regions: 3->3
[2026-07-01T01:50:50.073+0000][78.475s][info][gc,metaspace] GC(165) Metaspace: 41772K(42624K)->41772K(42624K) NonClass: 36634K(37120K)->36634K(37120K) Class: 5138K(5504K)->5138K(5504K)
[2026-07-01T01:50:50.073+0000][78.475s][info][gc          ] GC(165) Pause Young (Normal) (G1 Evacuation Pause) 338M->182M(358M) 12.447ms
[2026-07-01T01:50:50.073+0000][78.475s][info][gc,cpu      ] GC(165) User=0.03s Sys=0.00s Real=0.01s
[2026-07-01T01:50:50.803+0000][79.205s][info][gc,start    ] GC(166) Pause Young (Concurrent Start) (G1 Evacuation Pause)
[2026-07-01T01:50:50.803+0000][79.205s][info][gc,task     ] GC(166) Using 2 workers of 2 for evacuation
[2026-07-01T01:50:50.816+0000][79.218s][info][gc,phases   ] GC(166)   Pre Evacuate Collection Set: 0.22ms
[2026-07-01T01:50:50.816+0000][79.218s][info][gc,phases   ] GC(166)   Merge Heap Roots: 0.32ms
[2026-07-01T01:50:50.816+0000][79.218s][info][gc,phases   ] GC(166)   Evacuate Collection Set: 12.12ms
[2026-07-01T01:50:50.816+0000][79.218s][info][gc,phases   ] GC(166)   Post Evacuate Collection Set: 0.41ms
[2026-07-01T01:50:50.816+0000][79.218s][info][gc,phases   ] GC(166)   Other: 0.07ms
[2026-07-01T01:50:50.816+0000][79.218s][info][gc,heap     ] GC(166) Eden regions: 155->0(155)
[2026-07-01T01:50:50.816+0000][79.218s][info][gc,heap     ] GC(166) Survivor regions: 7->7(21)
[2026-07-01T01:50:50.816+0000][79.218s][info][gc,heap     ] GC(166) Old regions: 174->174
[2026-07-01T01:50:50.816+0000][79.218s][info][gc,heap     ] GC(166) Humongous regions: 3->3
[2026-07-01T01:50:50.816+0000][79.218s][info][gc,metaspace] GC(166) Metaspace: 41772K(42624K)->41772K(42624K) NonClass: 36634K(37120K)->36634K(37120K) Class: 5138K(5504K)->5138K(5504K)
[2026-07-01T01:50:50.816+0000][79.218s][info][gc          ] GC(166) Pause Young (Concurrent Start) (G1 Evacuation Pause) 337M->183M(358M) 13.299ms
[2026-07-01T01:50:50.816+0000][79.218s][info][gc          ] GC(167) Concurrent Mark Cycle
[2026-07-01T01:50:50.816+0000][79.218s][info][gc,marking  ] GC(167) Concurrent Scan Root Regions
[2026-07-01T01:50:50.816+0000][79.218s][info][gc,cpu      ] GC(166) User=0.02s Sys=0.00s Real=0.01s
[2026-07-01T01:50:50.844+0000][79.245s][info][gc,marking  ] GC(167) Concurrent Scan Root Regions 27.163ms
[2026-07-01T01:50:50.844+0000][79.245s][info][gc,marking  ] GC(167) Concurrent Mark
[2026-07-01T01:50:50.844+0000][79.245s][info][gc,marking  ] GC(167) Concurrent Mark From Roots
[2026-07-01T01:50:50.844+0000][79.245s][info][gc,task     ] GC(167) Using 1 workers of 1 for marking
[2026-07-01T01:50:51.417+0000][79.818s][info][gc,marking  ] GC(167) Concurrent Mark From Roots 573.057ms
[2026-07-01T01:50:51.417+0000][79.818s][info][gc,marking  ] GC(167) Concurrent Preclean
[2026-07-01T01:50:51.417+0000][79.818s][info][gc,marking  ] GC(167) Concurrent Preclean 0.124ms
[2026-07-01T01:50:51.417+0000][79.818s][info][gc,start    ] GC(167) Pause Remark
[2026-07-01T01:50:51.426+0000][79.828s][info][gc          ] GC(167) Pause Remark 287M->287M(358M) 9.189ms
[2026-07-01T01:50:51.426+0000][79.828s][info][gc,cpu      ] GC(167) User=0.01s Sys=0.00s Real=0.01s
[2026-07-01T01:50:51.430+0000][79.832s][info][gc,marking  ] GC(167) Concurrent Mark 586.510ms
[2026-07-01T01:50:51.431+0000][79.832s][info][gc,marking  ] GC(167) Concurrent Rebuild Remembered Sets and Scrub Regions
[2026-07-01T01:50:51.578+0000][79.979s][info][gc,marking  ] GC(167) Concurrent Rebuild Remembered Sets and Scrub Regions 147.264ms
[2026-07-01T01:50:51.578+0000][79.980s][info][gc,start    ] GC(167) Pause Cleanup
[2026-07-01T01:50:51.578+0000][79.980s][info][gc          ] GC(167) Pause Cleanup 312M->312M(358M) 0.211ms
[2026-07-01T01:50:51.578+0000][79.980s][info][gc,cpu      ] GC(167) User=0.00s Sys=0.00s Real=0.00s
[2026-07-01T01:50:51.579+0000][79.981s][info][gc,marking  ] GC(167) Concurrent Clear Claimed Marks
[2026-07-01T01:50:51.580+0000][79.981s][info][gc,marking  ] GC(167) Concurrent Clear Claimed Marks 0.111ms
[2026-07-01T01:50:51.580+0000][79.981s][info][gc,marking  ] GC(167) Concurrent Cleanup for Next Mark
[2026-07-01T01:50:51.582+0000][79.983s][info][gc,marking  ] GC(167) Concurrent Cleanup for Next Mark 1.992ms
[2026-07-01T01:50:51.582+0000][79.983s][info][gc          ] GC(167) Concurrent Mark Cycle 765.230ms
[2026-07-01T01:50:51.696+0000][80.097s][info][gc,start    ] GC(168) Pause Young (Normal) (G1 Evacuation Pause)
[2026-07-01T01:50:51.696+0000][80.097s][info][gc,task     ] GC(168) Using 2 workers of 2 for evacuation
[2026-07-01T01:50:51.714+0000][80.115s][info][gc,phases   ] GC(168)   Pre Evacuate Collection Set: 0.23ms
[2026-07-01T01:50:51.714+0000][80.115s][info][gc,phases   ] GC(168)   Merge Heap Roots: 0.48ms
[2026-07-01T01:50:51.714+0000][80.115s][info][gc,phases   ] GC(168)   Evacuate Collection Set: 16.73ms
[2026-07-01T01:50:51.714+0000][80.115s][info][gc,phases   ] GC(168)   Post Evacuate Collection Set: 0.56ms
[2026-07-01T01:50:51.714+0000][80.115s][info][gc,phases   ] GC(168)   Other: 0.08ms
[2026-07-01T01:50:51.714+0000][80.115s][info][gc,heap     ] GC(168) Eden regions: 155->0(155)
[2026-07-01T01:50:51.714+0000][80.115s][info][gc,heap     ] GC(168) Survivor regions: 7->7(21)
[2026-07-01T01:50:51.714+0000][80.115s][info][gc,heap     ] GC(168) Old regions: 174->174
[2026-07-01T01:50:51.714+0000][80.115s][info][gc,heap     ] GC(168) Humongous regions: 3->3
[2026-07-01T01:50:51.714+0000][80.115s][info][gc,metaspace] GC(168) Metaspace: 41773K(42624K)->41773K(42624K) NonClass: 36635K(37120K)->36635K(37120K) Class: 5138K(5504K)->5138K(5504K)
[2026-07-01T01:50:51.714+0000][80.115s][info][gc          ] GC(168) Pause Young (Normal) (G1 Evacuation Pause) 338M->183M(358M) 18.242ms
[2026-07-01T01:50:51.714+0000][80.115s][info][gc,cpu      ] GC(168) User=0.03s Sys=0.00s Real=0.02s
[2026-07-01T01:50:52.422+0000][80.823s][info][gc,start    ] GC(169) Pause Young (Concurrent Start) (G1 Evacuation Pause)
[2026-07-01T01:50:52.422+0000][80.823s][info][gc,task     ] GC(169) Using 2 workers of 2 for evacuation
[2026-07-01T01:50:52.440+0000][80.842s][info][gc,phases   ] GC(169)   Pre Evacuate Collection Set: 0.20ms
[2026-07-01T01:50:52.440+0000][80.842s][info][gc,phases   ] GC(169)   Merge Heap Roots: 0.30ms
[2026-07-01T01:50:52.440+0000][80.842s][info][gc,phases   ] GC(169)   Evacuate Collection Set: 17.54ms
[2026-07-01T01:50:52.440+0000][80.842s][info][gc,phases   ] GC(169)   Post Evacuate Collection Set: 0.53ms
[2026-07-01T01:50:52.440+0000][80.842s][info][gc,phases   ] GC(169)   Other: 0.08ms
[2026-07-01T01:50:52.440+0000][80.842s][info][gc,heap     ] GC(169) Eden regions: 155->0(155)
[2026-07-01T01:50:52.440+0000][80.842s][info][gc,heap     ] GC(169) Survivor regions: 7->7(21)
[2026-07-01T01:50:52.440+0000][80.842s][info][gc,heap     ] GC(169) Old regions: 174->174
[2026-07-01T01:50:52.440+0000][80.842s][info][gc,heap     ] GC(169) Humongous regions: 3->3
[2026-07-01T01:50:52.440+0000][80.842s][info][gc,metaspace] GC(169) Metaspace: 41773K(42624K)->41773K(42624K) NonClass: 36635K(37120K)->36635K(37120K) Class: 5138K(5504K)->5138K(5504K)
[2026-07-01T01:50:52.440+0000][80.842s][info][gc          ] GC(169) Pause Young (Concurrent Start) (G1 Evacuation Pause) 338M->184M(358M) 18.831ms
[2026-07-01T01:50:52.440+0000][80.842s][info][gc          ] GC(170) Concurrent Mark Cycle
[2026-07-01T01:50:52.440+0000][80.842s][info][gc,cpu      ] GC(169) User=0.03s Sys=0.00s Real=0.02s
[2026-07-01T01:50:52.440+0000][80.842s][info][gc,marking  ] GC(170) Concurrent Scan Root Regions
[2026-07-01T01:50:52.481+0000][80.883s][info][gc,marking  ] GC(170) Concurrent Scan Root Regions 40.964ms
[2026-07-01T01:50:52.481+0000][80.883s][info][gc,marking  ] GC(170) Concurrent Mark
[2026-07-01T01:50:52.481+0000][80.883s][info][gc,marking  ] GC(170) Concurrent Mark From Roots
[2026-07-01T01:50:52.481+0000][80.883s][info][gc,task     ] GC(170) Using 1 workers of 1 for marking
[2026-07-01T01:50:53.262+0000][81.664s][info][gc,start    ] GC(171) Pause Young (Normal) (G1 Evacuation Pause)
[2026-07-01T01:50:53.262+0000][81.664s][info][gc,task     ] GC(171) Using 2 workers of 2 for evacuation
[2026-07-01T01:50:53.277+0000][81.679s][info][gc,phases   ] GC(171)   Pre Evacuate Collection Set: 0.15ms
[2026-07-01T01:50:53.277+0000][81.679s][info][gc,phases   ] GC(171)   Merge Heap Roots: 0.45ms
[2026-07-01T01:50:53.277+0000][81.679s][info][gc,phases   ] GC(171)   Evacuate Collection Set: 13.63ms
[2026-07-01T01:50:53.277+0000][81.679s][info][gc,phases   ] GC(171)   Post Evacuate Collection Set: 0.55ms
[2026-07-01T01:50:53.277+0000][81.679s][info][gc,phases   ] GC(171)   Other: 0.06ms
[2026-07-01T01:50:53.277+0000][81.679s][info][gc,heap     ] GC(171) Eden regions: 155->0(153)
[2026-07-01T01:50:53.277+0000][81.679s][info][gc,heap     ] GC(171) Survivor regions: 7->8(21)
[2026-07-01T01:50:53.277+0000][81.679s][info][gc,heap     ] GC(171) Old regions: 174->175
[2026-07-01T01:50:53.277+0000][81.679s][info][gc,heap     ] GC(171) Humongous regions: 3->3
[2026-07-01T01:50:53.277+0000][81.679s][info][gc,metaspace] GC(171) Metaspace: 41773K(42624K)->41773K(42624K) NonClass: 36635K(37120K)->36635K(37120K) Class: 5138K(5504K)->5138K(5504K)
[2026-07-01T01:50:53.277+0000][81.679s][info][gc          ] GC(171) Pause Young (Normal) (G1 Evacuation Pause) 339M->184M(358M) 15.011ms
[2026-07-01T01:50:53.277+0000][81.679s][info][gc,cpu      ] GC(171) User=0.03s Sys=0.00s Real=0.01s
[2026-07-01T01:50:53.280+0000][81.681s][info][gc,marking  ] GC(170) Concurrent Mark From Roots 798.082ms
[2026-07-01T01:50:53.280+0000][81.681s][info][gc,marking  ] GC(170) Concurrent Preclean
[2026-07-01T01:50:53.280+0000][81.681s][info][gc,marking  ] GC(170) Concurrent Preclean 0.114ms
[2026-07-01T01:50:53.280+0000][81.681s][info][gc,start    ] GC(170) Pause Remark
[2026-07-01T01:50:53.285+0000][81.687s][info][gc          ] GC(170) Pause Remark 185M->185M(358M) 5.616ms
[2026-07-01T01:50:53.285+0000][81.687s][info][gc,cpu      ] GC(170) User=0.01s Sys=0.00s Real=0.00s
[2026-07-01T01:50:53.286+0000][81.687s][info][gc,marking  ] GC(170) Concurrent Mark 804.469ms
[2026-07-01T01:50:53.286+0000][81.687s][info][gc,marking  ] GC(170) Concurrent Rebuild Remembered Sets and Scrub Regions
[2026-07-01T01:50:53.459+0000][81.860s][info][gc,marking  ] GC(170) Concurrent Rebuild Remembered Sets and Scrub Regions 172.788ms
[2026-07-01T01:50:53.459+0000][81.860s][info][gc,start    ] GC(170) Pause Cleanup
[2026-07-01T01:50:53.459+0000][81.861s][info][gc          ] GC(170) Pause Cleanup 216M->216M(358M) 0.176ms
[2026-07-01T01:50:53.459+0000][81.861s][info][gc,cpu      ] GC(170) User=0.00s Sys=0.00s Real=0.00s
[2026-07-01T01:50:53.460+0000][81.861s][info][gc,marking  ] GC(170) Concurrent Clear Claimed Marks
[2026-07-01T01:50:53.460+0000][81.861s][info][gc,marking  ] GC(170) Concurrent Clear Claimed Marks 0.090ms
[2026-07-01T01:50:53.460+0000][81.861s][info][gc,marking  ] GC(170) Concurrent Cleanup for Next Mark
[2026-07-01T01:50:53.460+0000][81.862s][info][gc,marking  ] GC(170) Concurrent Cleanup for Next Mark 0.643ms
[2026-07-01T01:50:53.460+0000][81.862s][info][gc          ] GC(170) Concurrent Mark Cycle 1019.941ms
[2026-07-01T01:50:54.021+0000][82.422s][info][gc,start    ] GC(172) Pause Young (Normal) (G1 Evacuation Pause)
[2026-07-01T01:50:54.021+0000][82.422s][info][gc,task     ] GC(172) Using 2 workers of 2 for evacuation
[2026-07-01T01:50:54.037+0000][82.438s][info][gc,phases   ] GC(172)   Pre Evacuate Collection Set: 0.22ms
[2026-07-01T01:50:54.037+0000][82.438s][info][gc,phases   ] GC(172)   Merge Heap Roots: 0.63ms
[2026-07-01T01:50:54.037+0000][82.438s][info][gc,phases   ] GC(172)   Evacuate Collection Set: 14.75ms
[2026-07-01T01:50:54.037+0000][82.438s][info][gc,phases   ] GC(172)   Post Evacuate Collection Set: 0.48ms
[2026-07-01T01:50:54.037+0000][82.438s][info][gc,phases   ] GC(172)   Other: 0.05ms
[2026-07-01T01:50:54.037+0000][82.438s][info][gc,heap     ] GC(172) Eden regions: 153->0(153)
[2026-07-01T01:50:54.037+0000][82.438s][info][gc,heap     ] GC(172) Survivor regions: 8->8(21)
[2026-07-01T01:50:54.037+0000][82.438s][info][gc,heap     ] GC(172) Old regions: 175->175
[2026-07-01T01:50:54.037+0000][82.438s][info][gc,heap     ] GC(172) Humongous regions: 3->3
[2026-07-01T01:50:54.037+0000][82.438s][info][gc,metaspace] GC(172) Metaspace: 41773K(42624K)->41773K(42624K) NonClass: 36635K(37120K)->36635K(37120K) Class: 5138K(5504K)->5138K(5504K)
[2026-07-01T01:50:54.037+0000][82.438s][info][gc          ] GC(172) Pause Young (Normal) (G1 Evacuation Pause) 337M->184M(358M) 16.271ms
[2026-07-01T01:50:54.037+0000][82.438s][info][gc,cpu      ] GC(172) User=0.03s Sys=0.00s Real=0.01s
[2026-07-01T01:50:54.747+0000][83.149s][info][gc,start    ] GC(173) Pause Young (Concurrent Start) (G1 Evacuation Pause)
[2026-07-01T01:50:54.748+0000][83.149s][info][gc,task     ] GC(173) Using 2 workers of 2 for evacuation
[2026-07-01T01:50:54.763+0000][83.164s][info][gc,phases   ] GC(173)   Pre Evacuate Collection Set: 0.20ms
[2026-07-01T01:50:54.763+0000][83.164s][info][gc,phases   ] GC(173)   Merge Heap Roots: 0.45ms
[2026-07-01T01:50:54.763+0000][83.164s][info][gc,phases   ] GC(173)   Evacuate Collection Set: 14.14ms
[2026-07-01T01:50:54.763+0000][83.164s][info][gc,phases   ] GC(173)   Post Evacuate Collection Set: 0.46ms
[2026-07-01T01:50:54.763+0000][83.164s][info][gc,phases   ] GC(173)   Other: 0.08ms
[2026-07-01T01:50:54.763+0000][83.164s][info][gc,heap     ] GC(173) Eden regions: 153->0(153)
[2026-07-01T01:50:54.763+0000][83.164s][info][gc,heap     ] GC(173) Survivor regions: 8->8(21)
[2026-07-01T01:50:54.763+0000][83.164s][info][gc,heap     ] GC(173) Old regions: 175->175
[2026-07-01T01:50:54.763+0000][83.164s][info][gc,heap     ] GC(173) Humongous regions: 3->3
[2026-07-01T01:50:54.763+0000][83.164s][info][gc,metaspace] GC(173) Metaspace: 41773K(42624K)->41773K(42624K) NonClass: 36635K(37120K)->36635K(37120K) Class: 5138K(5504K)->5138K(5504K)
[2026-07-01T01:50:54.763+0000][83.164s][info][gc          ] GC(173) Pause Young (Concurrent Start) (G1 Evacuation Pause) 337M->185M(358M) 15.479ms
[2026-07-01T01:50:54.763+0000][83.164s][info][gc,cpu      ] GC(173) User=0.03s Sys=0.00s Real=0.02s
[2026-07-01T01:50:54.765+0000][83.166s][info][gc          ] GC(174) Concurrent Mark Cycle
[2026-07-01T01:50:54.765+0000][83.166s][info][gc,marking  ] GC(174) Concurrent Scan Root Regions
[2026-07-01T01:50:54.786+0000][83.187s][info][gc,marking  ] GC(174) Concurrent Scan Root Regions 21.268ms
[2026-07-01T01:50:54.786+0000][83.187s][info][gc,marking  ] GC(174) Concurrent Mark
[2026-07-01T01:50:54.786+0000][83.187s][info][gc,marking  ] GC(174) Concurrent Mark From Roots
[2026-07-01T01:50:54.786+0000][83.187s][info][gc,task     ] GC(174) Using 1 workers of 1 for marking
[2026-07-01T01:50:55.455+0000][83.856s][info][gc,marking  ] GC(174) Concurrent Mark From Roots 668.931ms
[2026-07-01T01:50:55.456+0000][83.858s][info][gc,marking  ] GC(174) Concurrent Preclean
[2026-07-01T01:50:55.456+0000][83.858s][info][gc,marking  ] GC(174) Concurrent Preclean 0.066ms
[2026-07-01T01:50:55.457+0000][83.859s][info][gc,start    ] GC(174) Pause Remark
[2026-07-01T01:50:55.463+0000][83.864s][info][gc          ] GC(174) Pause Remark 315M->315M(358M) 5.591ms
[2026-07-01T01:50:55.463+0000][83.864s][info][gc,cpu      ] GC(174) User=0.01s Sys=0.00s Real=0.01s
[2026-07-01T01:50:55.465+0000][83.866s][info][gc,marking  ] GC(174) Concurrent Mark 678.846ms
[2026-07-01T01:50:55.465+0000][83.866s][info][gc,marking  ] GC(174) Concurrent Rebuild Remembered Sets and Scrub Regions
[2026-07-01T01:50:55.579+0000][83.981s][info][gc,start    ] GC(175) Pause Young (Normal) (G1 Evacuation Pause)
[2026-07-01T01:50:55.579+0000][83.981s][info][gc,task     ] GC(175) Using 2 workers of 2 for evacuation
[2026-07-01T01:50:55.597+0000][83.998s][info][gc,phases   ] GC(175)   Pre Evacuate Collection Set: 0.17ms
[2026-07-01T01:50:55.597+0000][83.998s][info][gc,phases   ] GC(175)   Merge Heap Roots: 0.50ms
[2026-07-01T01:50:55.597+0000][83.998s][info][gc,phases   ] GC(175)   Evacuate Collection Set: 15.99ms
[2026-07-01T01:50:55.597+0000][83.998s][info][gc,phases   ] GC(175)   Post Evacuate Collection Set: 0.80ms
[2026-07-01T01:50:55.597+0000][83.998s][info][gc,phases   ] GC(175)   Other: 0.06ms
[2026-07-01T01:50:55.597+0000][83.998s][info][gc,heap     ] GC(175) Eden regions: 153->0(153)
[2026-07-01T01:50:55.597+0000][83.998s][info][gc,heap     ] GC(175) Survivor regions: 8->8(21)
[2026-07-01T01:50:55.597+0000][83.998s][info][gc,heap     ] GC(175) Old regions: 175->175
[2026-07-01T01:50:55.597+0000][83.998s][info][gc,heap     ] GC(175) Humongous regions: 3->3
[2026-07-01T01:50:55.597+0000][83.998s][info][gc,metaspace] GC(175) Metaspace: 41774K(42624K)->41774K(42624K) NonClass: 36635K(37120K)->36635K(37120K) Class: 5138K(5504K)->5138K(5504K)
[2026-07-01T01:50:55.597+0000][83.999s][info][gc          ] GC(175) Pause Young (Normal) (G1 Evacuation Pause) 338M->185M(358M) 17.675ms
[2026-07-01T01:50:55.597+0000][83.999s][info][gc,cpu      ] GC(175) User=0.03s Sys=0.00s Real=0.01s
[2026-07-01T01:50:55.706+0000][84.108s][info][gc,marking  ] GC(174) Concurrent Rebuild Remembered Sets and Scrub Regions 241.249ms
[2026-07-01T01:50:55.706+0000][84.108s][info][gc,start    ] GC(174) Pause Cleanup
[2026-07-01T01:50:55.706+0000][84.108s][info][gc          ] GC(174) Pause Cleanup 207M->207M(358M) 0.312ms
[2026-07-01T01:50:55.707+0000][84.108s][info][gc,cpu      ] GC(174) User=0.00s Sys=0.00s Real=0.00s
[2026-07-01T01:50:55.707+0000][84.108s][info][gc,marking  ] GC(174) Concurrent Clear Claimed Marks
[2026-07-01T01:50:55.707+0000][84.108s][info][gc,marking  ] GC(174) Concurrent Clear Claimed Marks 0.084ms
[2026-07-01T01:50:55.707+0000][84.108s][info][gc,marking  ] GC(174) Concurrent Cleanup for Next Mark
[2026-07-01T01:50:55.708+0000][84.109s][info][gc,marking  ] GC(174) Concurrent Cleanup for Next Mark 0.903ms
[2026-07-01T01:50:55.708+0000][84.109s][info][gc          ] GC(174) Concurrent Mark Cycle 942.965ms
[2026-07-01T01:50:56.308+0000][84.709s][info][gc,start    ] GC(176) Pause Young (Normal) (G1 Evacuation Pause)
[2026-07-01T01:50:56.308+0000][84.709s][info][gc,task     ] GC(176) Using 2 workers of 2 for evacuation
[2026-07-01T01:50:56.329+0000][84.731s][info][gc,phases   ] GC(176)   Pre Evacuate Collection Set: 0.17ms
[2026-07-01T01:50:56.329+0000][84.731s][info][gc,phases   ] GC(176)   Merge Heap Roots: 0.45ms
[2026-07-01T01:50:56.329+0000][84.731s][info][gc,phases   ] GC(176)   Evacuate Collection Set: 20.39ms
[2026-07-01T01:50:56.329+0000][84.731s][info][gc,phases   ] GC(176)   Post Evacuate Collection Set: 0.65ms
[2026-07-01T01:50:56.329+0000][84.731s][info][gc,phases   ] GC(176)   Other: 0.07ms
[2026-07-01T01:50:56.329+0000][84.731s][info][gc,heap     ] GC(176) Eden regions: 153->0(151)
[2026-07-01T01:50:56.329+0000][84.731s][info][gc,heap     ] GC(176) Survivor regions: 8->9(21)
[2026-07-01T01:50:56.329+0000][84.731s][info][gc,heap     ] GC(176) Old regions: 175->176
[2026-07-01T01:50:56.329+0000][84.731s][info][gc,heap     ] GC(176) Humongous regions: 3->3
[2026-07-01T01:50:56.329+0000][84.731s][info][gc,metaspace] GC(176) Metaspace: 41781K(42624K)->41781K(42624K) NonClass: 36643K(37120K)->36643K(37120K) Class: 5138K(5504K)->5138K(5504K)
[2026-07-01T01:50:56.329+0000][84.731s][info][gc          ] GC(176) Pause Young (Normal) (G1 Evacuation Pause) 338M->186M(358M) 21.878ms
[2026-07-01T01:50:56.329+0000][84.731s][info][gc,cpu      ] GC(176) User=0.04s Sys=0.00s Real=0.03s
[2026-07-01T01:50:57.354+0000][85.756s][info][gc,start    ] GC(177) Pause Young (Concurrent Start) (G1 Evacuation Pause)
[2026-07-01T01:50:57.355+0000][85.756s][info][gc,task     ] GC(177) Using 2 workers of 2 for evacuation
[2026-07-01T01:50:57.393+0000][85.794s][info][gc,phases   ] GC(177)   Pre Evacuate Collection Set: 0.22ms
[2026-07-01T01:50:57.393+0000][85.794s][info][gc,phases   ] GC(177)   Merge Heap Roots: 0.42ms
[2026-07-01T01:50:57.393+0000][85.794s][info][gc,phases   ] GC(177)   Evacuate Collection Set: 36.86ms
[2026-07-01T01:50:57.393+0000][85.794s][info][gc,phases   ] GC(177)   Post Evacuate Collection Set: 0.59ms
[2026-07-01T01:50:57.393+0000][85.794s][info][gc,phases   ] GC(177)   Other: 0.08ms
[2026-07-01T01:50:57.393+0000][85.794s][info][gc,heap     ] GC(177) Eden regions: 151->0(151)
[2026-07-01T01:50:57.393+0000][85.794s][info][gc,heap     ] GC(177) Survivor regions: 9->9(20)
[2026-07-01T01:50:57.393+0000][85.794s][info][gc,heap     ] GC(177) Old regions: 176->176
[2026-07-01T01:50:57.393+0000][85.794s][info][gc,heap     ] GC(177) Humongous regions: 3->3
[2026-07-01T01:50:57.393+0000][85.794s][info][gc,metaspace] GC(177) Metaspace: 41785K(42624K)->41785K(42624K) NonClass: 36647K(37120K)->36647K(37120K) Class: 5138K(5504K)->5138K(5504K)
[2026-07-01T01:50:57.393+0000][85.794s][info][gc          ] GC(177) Pause Young (Concurrent Start) (G1 Evacuation Pause) 337M->186M(358M) 38.377ms
[2026-07-01T01:50:57.393+0000][85.794s][info][gc          ] GC(178) Concurrent Mark Cycle
[2026-07-01T01:50:57.393+0000][85.794s][info][gc,cpu      ] GC(177) User=0.05s Sys=0.00s Real=0.04s
[2026-07-01T01:50:57.393+0000][85.794s][info][gc,marking  ] GC(178) Concurrent Scan Root Regions
[2026-07-01T01:50:57.411+0000][85.813s][info][gc,marking  ] GC(178) Concurrent Scan Root Regions 18.510ms
[2026-07-01T01:50:57.411+0000][85.813s][info][gc,marking  ] GC(178) Concurrent Mark
[2026-07-01T01:50:57.411+0000][85.813s][info][gc,marking  ] GC(178) Concurrent Mark From Roots
[2026-07-01T01:50:57.411+0000][85.813s][info][gc,task     ] GC(178) Using 1 workers of 1 for marking
[2026-07-01T01:50:57.777+0000][86.179s][info][gc,marking  ] GC(178) Concurrent Mark From Roots 365.957ms
[2026-07-01T01:50:57.777+0000][86.179s][info][gc,marking  ] GC(178) Concurrent Preclean
[2026-07-01T01:50:57.778+0000][86.179s][info][gc,marking  ] GC(178) Concurrent Preclean 0.111ms
[2026-07-01T01:50:57.778+0000][86.179s][info][gc,start    ] GC(178) Pause Remark
[2026-07-01T01:50:57.786+0000][86.188s][info][gc          ] GC(178) Pause Remark 227M->227M(358M) 8.739ms
[2026-07-01T01:50:57.786+0000][86.188s][info][gc,cpu      ] GC(178) User=0.01s Sys=0.00s Real=0.01s
[2026-07-01T01:50:57.793+0000][86.194s][info][gc,marking  ] GC(178) Concurrent Mark 381.449ms
[2026-07-01T01:50:57.793+0000][86.194s][info][gc,marking  ] GC(178) Concurrent Rebuild Remembered Sets and Scrub Regions
[2026-07-01T01:50:58.049+0000][86.450s][info][gc,marking  ] GC(178) Concurrent Rebuild Remembered Sets and Scrub Regions 255.937ms
[2026-07-01T01:50:58.049+0000][86.450s][info][gc,start    ] GC(178) Pause Cleanup
[2026-07-01T01:50:58.051+0000][86.452s][info][gc          ] GC(178) Pause Cleanup 257M->257M(358M) 1.621ms
[2026-07-01T01:50:58.051+0000][86.452s][info][gc,cpu      ] GC(178) User=0.00s Sys=0.00s Real=0.00s
[2026-07-01T01:50:58.051+0000][86.453s][info][gc,marking  ] GC(178) Concurrent Clear Claimed Marks
[2026-07-01T01:50:58.051+0000][86.453s][info][gc,marking  ] GC(178) Concurrent Clear Claimed Marks 0.092ms
[2026-07-01T01:50:58.051+0000][86.453s][info][gc,marking  ] GC(178) Concurrent Cleanup for Next Mark
[2026-07-01T01:50:58.053+0000][86.455s][info][gc,marking  ] GC(178) Concurrent Cleanup for Next Mark 1.833ms
[2026-07-01T01:50:58.053+0000][86.455s][info][gc          ] GC(178) Concurrent Mark Cycle 660.430ms
[2026-07-01T01:50:58.672+0000][87.073s][info][gc,start    ] GC(179) Pause Young (Prepare Mixed) (G1 Evacuation Pause)
[2026-07-01T01:50:58.672+0000][87.073s][info][gc,task     ] GC(179) Using 2 workers of 2 for evacuation
[2026-07-01T01:50:58.718+0000][87.120s][info][gc,phases   ] GC(179)   Pre Evacuate Collection Set: 0.23ms
[2026-07-01T01:50:58.718+0000][87.120s][info][gc,phases   ] GC(179)   Merge Heap Roots: 1.06ms
[2026-07-01T01:50:58.719+0000][87.120s][info][gc,phases   ] GC(179)   Evacuate Collection Set: 44.18ms
[2026-07-01T01:50:58.719+0000][87.120s][info][gc,phases   ] GC(179)   Post Evacuate Collection Set: 1.02ms
[2026-07-01T01:50:58.719+0000][87.120s][info][gc,phases   ] GC(179)   Other: 0.06ms
[2026-07-01T01:50:58.719+0000][87.120s][info][gc,heap     ] GC(179) Eden regions: 151->0(151)
[2026-07-01T01:50:58.719+0000][87.120s][info][gc,heap     ] GC(179) Survivor regions: 9->9(20)
[2026-07-01T01:50:58.719+0000][87.120s][info][gc,heap     ] GC(179) Old regions: 176->176
[2026-07-01T01:50:58.719+0000][87.120s][info][gc,heap     ] GC(179) Humongous regions: 3->3
[2026-07-01T01:50:58.719+0000][87.120s][info][gc,metaspace] GC(179) Metaspace: 41785K(42624K)->41785K(42624K) NonClass: 36647K(37120K)->36647K(37120K) Class: 5138K(5504K)->5138K(5504K)
[2026-07-01T01:50:58.719+0000][87.120s][info][gc          ] GC(179) Pause Young (Prepare Mixed) (G1 Evacuation Pause) 337M->187M(358M) 46.748ms
[2026-07-01T01:50:58.719+0000][87.120s][info][gc,cpu      ] GC(179) User=0.05s Sys=0.00s Real=0.05s
[2026-07-01T01:50:59.776+0000][88.177s][info][gc,start    ] GC(180) Pause Young (Mixed) (G1 Evacuation Pause)
[2026-07-01T01:50:59.776+0000][88.177s][info][gc,task     ] GC(180) Using 2 workers of 2 for evacuation
[2026-07-01T01:50:59.822+0000][88.223s][info][gc,phases   ] GC(180)   Pre Evacuate Collection Set: 0.22ms
[2026-07-01T01:50:59.822+0000][88.223s][info][gc,phases   ] GC(180)   Merge Heap Roots: 0.57ms
[2026-07-01T01:50:59.822+0000][88.223s][info][gc,phases   ] GC(180)   Evacuate Collection Set: 43.73ms
[2026-07-01T01:50:59.822+0000][88.223s][info][gc,phases   ] GC(180)   Post Evacuate Collection Set: 0.93ms
[2026-07-01T01:50:59.822+0000][88.223s][info][gc,phases   ] GC(180)   Other: 0.07ms
[2026-07-01T01:50:59.822+0000][88.223s][info][gc,heap     ] GC(180) Eden regions: 151->0(151)
[2026-07-01T01:50:59.822+0000][88.223s][info][gc,heap     ] GC(180) Survivor regions: 9->9(20)
[2026-07-01T01:50:59.822+0000][88.223s][info][gc,heap     ] GC(180) Old regions: 176->176
[2026-07-01T01:50:59.822+0000][88.223s][info][gc,heap     ] GC(180) Humongous regions: 3->3
[2026-07-01T01:50:59.822+0000][88.223s][info][gc,metaspace] GC(180) Metaspace: 41785K(42624K)->41785K(42624K) NonClass: 36647K(37120K)->36647K(37120K) Class: 5138K(5504K)->5138K(5504K)
[2026-07-01T01:50:59.822+0000][88.223s][info][gc          ] GC(180) Pause Young (Mixed) (G1 Evacuation Pause) 338M->187M(358M) 45.720ms
[2026-07-01T01:50:59.822+0000][88.223s][info][gc,cpu      ] GC(180) User=0.04s Sys=0.00s Real=0.05s
[2026-07-01T01:51:00.911+0000][89.313s][info][gc,start    ] GC(181) Pause Young (Concurrent Start) (G1 Evacuation Pause)
[2026-07-01T01:51:00.911+0000][89.313s][info][gc,task     ] GC(181) Using 2 workers of 2 for evacuation
[2026-07-01T01:51:00.949+0000][89.350s][info][gc,phases   ] GC(181)   Pre Evacuate Collection Set: 0.24ms
[2026-07-01T01:51:00.949+0000][89.350s][info][gc,phases   ] GC(181)   Merge Heap Roots: 0.60ms
[2026-07-01T01:51:00.949+0000][89.351s][info][gc,phases   ] GC(181)   Evacuate Collection Set: 36.00ms
[2026-07-01T01:51:00.949+0000][89.351s][info][gc,phases   ] GC(181)   Post Evacuate Collection Set: 0.60ms
[2026-07-01T01:51:00.949+0000][89.351s][info][gc,phases   ] GC(181)   Other: 0.10ms
[2026-07-01T01:51:00.949+0000][89.351s][info][gc,heap     ] GC(181) Eden regions: 151->0(150)
[2026-07-01T01:51:00.949+0000][89.351s][info][gc,heap     ] GC(181) Survivor regions: 9->9(20)
[2026-07-01T01:51:00.949+0000][89.351s][info][gc,heap     ] GC(181) Old regions: 176->177
[2026-07-01T01:51:00.949+0000][89.351s][info][gc,heap     ] GC(181) Humongous regions: 3->3
[2026-07-01T01:51:00.949+0000][89.351s][info][gc,metaspace] GC(181) Metaspace: 41785K(42624K)->41785K(42624K) NonClass: 36647K(37120K)->36647K(37120K) Class: 5138K(5504K)->5138K(5504K)
[2026-07-01T01:51:00.949+0000][89.351s][info][gc          ] GC(181) Pause Young (Concurrent Start) (G1 Evacuation Pause) 338M->188M(358M) 37.779ms
[2026-07-01T01:51:00.949+0000][89.351s][info][gc          ] GC(182) Concurrent Mark Cycle
[2026-07-01T01:51:00.949+0000][89.351s][info][gc,cpu      ] GC(181) User=0.05s Sys=0.00s Real=0.04s
[2026-07-01T01:51:00.949+0000][89.351s][info][gc,marking  ] GC(182) Concurrent Scan Root Regions
[2026-07-01T01:51:00.968+0000][89.370s][info][gc,marking  ] GC(182) Concurrent Scan Root Regions 19.195ms
[2026-07-01T01:51:00.968+0000][89.370s][info][gc,marking  ] GC(182) Concurrent Mark
[2026-07-01T01:51:00.968+0000][89.370s][info][gc,marking  ] GC(182) Concurrent Mark From Roots
[2026-07-01T01:51:00.968+0000][89.370s][info][gc,task     ] GC(182) Using 1 workers of 1 for marking
[2026-07-01T01:51:01.348+0000][89.749s][info][gc,marking  ] GC(182) Concurrent Mark From Roots 379.135ms
[2026-07-01T01:51:01.348+0000][89.749s][info][gc,marking  ] GC(182) Concurrent Preclean
[2026-07-01T01:51:01.348+0000][89.749s][info][gc,marking  ] GC(182) Concurrent Preclean 0.059ms
[2026-07-01T01:51:01.348+0000][89.749s][info][gc,start    ] GC(182) Pause Remark
[2026-07-01T01:51:01.354+0000][89.756s][info][gc          ] GC(182) Pause Remark 234M->234M(358M) 6.622ms
[2026-07-01T01:51:01.354+0000][89.756s][info][gc,cpu      ] GC(182) User=0.01s Sys=0.00s Real=0.01s
[2026-07-01T01:51:01.355+0000][89.756s][info][gc,marking  ] GC(182) Concurrent Mark 386.262ms
[2026-07-01T01:51:01.355+0000][89.756s][info][gc,marking  ] GC(182) Concurrent Rebuild Remembered Sets and Scrub Regions
[2026-07-01T01:51:01.470+0000][89.871s][info][gc,marking  ] GC(182) Concurrent Rebuild Remembered Sets and Scrub Regions 115.126ms
[2026-07-01T01:51:01.470+0000][89.871s][info][gc,start    ] GC(182) Pause Cleanup
[2026-07-01T01:51:01.470+0000][89.872s][info][gc          ] GC(182) Pause Cleanup 246M->246M(358M) 0.158ms
[2026-07-01T01:51:01.470+0000][89.872s][info][gc,cpu      ] GC(182) User=0.00s Sys=0.00s Real=0.00s
[2026-07-01T01:51:01.470+0000][89.872s][info][gc,marking  ] GC(182) Concurrent Clear Claimed Marks
[2026-07-01T01:51:01.470+0000][89.872s][info][gc,marking  ] GC(182) Concurrent Clear Claimed Marks 0.104ms
[2026-07-01T01:51:01.470+0000][89.872s][info][gc,marking  ] GC(182) Concurrent Cleanup for Next Mark
[2026-07-01T01:51:01.471+0000][89.873s][info][gc,marking  ] GC(182) Concurrent Cleanup for Next Mark 1.111ms
[2026-07-01T01:51:01.471+0000][89.873s][info][gc          ] GC(182) Concurrent Mark Cycle 522.285ms
[2026-07-01T01:51:02.141+0000][90.543s][info][gc,start    ] GC(183) Pause Young (Normal) (G1 Evacuation Pause)
[2026-07-01T01:51:02.141+0000][90.543s][info][gc,task     ] GC(183) Using 2 workers of 2 for evacuation
[2026-07-01T01:51:02.183+0000][90.585s][info][gc,phases   ] GC(183)   Pre Evacuate Collection Set: 0.21ms
[2026-07-01T01:51:02.183+0000][90.585s][info][gc,phases   ] GC(183)   Merge Heap Roots: 1.09ms
[2026-07-01T01:51:02.183+0000][90.585s][info][gc,phases   ] GC(183)   Evacuate Collection Set: 39.83ms
[2026-07-01T01:51:02.183+0000][90.585s][info][gc,phases   ] GC(183)   Post Evacuate Collection Set: 0.70ms
[2026-07-01T01:51:02.183+0000][90.585s][info][gc,phases   ] GC(183)   Other: 0.07ms
[2026-07-01T01:51:02.183+0000][90.585s][info][gc,heap     ] GC(183) Eden regions: 150->0(150)
[2026-07-01T01:51:02.183+0000][90.585s][info][gc,heap     ] GC(183) Survivor regions: 9->9(20)
[2026-07-01T01:51:02.183+0000][90.585s][info][gc,heap     ] GC(183) Old regions: 177->177
[2026-07-01T01:51:02.183+0000][90.585s][info][gc,heap     ] GC(183) Humongous regions: 3->3
[2026-07-01T01:51:02.183+0000][90.585s][info][gc,metaspace] GC(183) Metaspace: 41785K(42624K)->41785K(42624K) NonClass: 36647K(37120K)->36647K(37120K) Class: 5138K(5504K)->5138K(5504K)
[2026-07-01T01:51:02.183+0000][90.585s][info][gc          ] GC(183) Pause Young (Normal) (G1 Evacuation Pause) 338M->188M(358M) 42.100ms
[2026-07-01T01:51:02.183+0000][90.585s][info][gc,cpu      ] GC(183) User=0.05s Sys=0.00s Real=0.04s
[2026-07-01T01:51:03.230+0000][91.632s][info][gc,start    ] GC(184) Pause Young (Concurrent Start) (G1 Evacuation Pause)
[2026-07-01T01:51:03.230+0000][91.632s][info][gc,task     ] GC(184) Using 2 workers of 2 for evacuation
[2026-07-01T01:51:03.255+0000][91.656s][info][gc,phases   ] GC(184)   Pre Evacuate Collection Set: 0.26ms
[2026-07-01T01:51:03.255+0000][91.656s][info][gc,phases   ] GC(184)   Merge Heap Roots: 0.34ms
[2026-07-01T01:51:03.255+0000][91.656s][info][gc,phases   ] GC(184)   Evacuate Collection Set: 23.11ms
[2026-07-01T01:51:03.255+0000][91.656s][info][gc,phases   ] GC(184)   Post Evacuate Collection Set: 0.69ms
[2026-07-01T01:51:03.255+0000][91.656s][info][gc,phases   ] GC(184)   Other: 0.08ms
[2026-07-01T01:51:03.255+0000][91.656s][info][gc,heap     ] GC(184) Eden regions: 150->0(149)
[2026-07-01T01:51:03.255+0000][91.656s][info][gc,heap     ] GC(184) Survivor regions: 9->9(20)
[2026-07-01T01:51:03.255+0000][91.656s][info][gc,heap     ] GC(184) Old regions: 177->178
[2026-07-01T01:51:03.255+0000][91.656s][info][gc,heap     ] GC(184) Humongous regions: 3->3
[2026-07-01T01:51:03.255+0000][91.656s][info][gc,metaspace] GC(184) Metaspace: 41785K(42624K)->41785K(42624K) NonClass: 36647K(37120K)->36647K(37120K) Class: 5138K(5504K)->5138K(5504K)
[2026-07-01T01:51:03.255+0000][91.656s][info][gc          ] GC(184) Pause Young (Concurrent Start) (G1 Evacuation Pause) 338M->189M(358M) 24.644ms
[2026-07-01T01:51:03.255+0000][91.656s][info][gc          ] GC(185) Concurrent Mark Cycle
[2026-07-01T01:51:03.255+0000][91.656s][info][gc,cpu      ] GC(184) User=0.05s Sys=0.00s Real=0.02s
[2026-07-01T01:51:03.255+0000][91.656s][info][gc,marking  ] GC(185) Concurrent Scan Root Regions
[2026-07-01T01:51:03.269+0000][91.670s][info][gc,marking  ] GC(185) Concurrent Scan Root Regions 13.645ms
[2026-07-01T01:51:03.269+0000][91.670s][info][gc,marking  ] GC(185) Concurrent Mark
[2026-07-01T01:51:03.269+0000][91.670s][info][gc,marking  ] GC(185) Concurrent Mark From Roots
[2026-07-01T01:51:03.269+0000][91.670s][info][gc,task     ] GC(185) Using 1 workers of 1 for marking
[2026-07-01T01:51:03.820+0000][92.222s][info][gc,marking  ] GC(185) Concurrent Mark From Roots 551.712ms
[2026-07-01T01:51:03.820+0000][92.222s][info][gc,marking  ] GC(185) Concurrent Preclean
[2026-07-01T01:51:03.821+0000][92.222s][info][gc,marking  ] GC(185) Concurrent Preclean 0.163ms
[2026-07-01T01:51:03.822+0000][92.223s][info][gc,start    ] GC(185) Pause Remark
[2026-07-01T01:51:03.829+0000][92.230s][info][gc          ] GC(185) Pause Remark 286M->286M(358M) 7.000ms
[2026-07-01T01:51:03.829+0000][92.230s][info][gc,cpu      ] GC(185) User=0.02s Sys=0.00s Real=0.01s
[2026-07-01T01:51:03.832+0000][92.233s][info][gc,marking  ] GC(185) Concurrent Mark 563.092ms
[2026-07-01T01:51:03.832+0000][92.233s][info][gc,marking  ] GC(185) Concurrent Rebuild Remembered Sets and Scrub Regions
[2026-07-01T01:51:04.030+0000][92.432s][info][gc,marking  ] GC(185) Concurrent Rebuild Remembered Sets and Scrub Regions 198.568ms
[2026-07-01T01:51:04.031+0000][92.432s][info][gc,start    ] GC(185) Pause Cleanup
[2026-07-01T01:51:04.031+0000][92.432s][info][gc          ] GC(185) Pause Cleanup 325M->325M(358M) 0.281ms
[2026-07-01T01:51:04.031+0000][92.432s][info][gc,cpu      ] GC(185) User=0.01s Sys=0.01s Real=0.00s
[2026-07-01T01:51:04.033+0000][92.434s][info][gc,marking  ] GC(185) Concurrent Clear Claimed Marks
[2026-07-01T01:51:04.033+0000][92.434s][info][gc,marking  ] GC(185) Concurrent Clear Claimed Marks 0.214ms
[2026-07-01T01:51:04.033+0000][92.434s][info][gc,marking  ] GC(185) Concurrent Cleanup for Next Mark
[2026-07-01T01:51:04.034+0000][92.436s][info][gc,marking  ] GC(185) Concurrent Cleanup for Next Mark 1.494ms
[2026-07-01T01:51:04.034+0000][92.436s][info][gc          ] GC(185) Concurrent Mark Cycle 779.455ms
[2026-07-01T01:51:04.097+0000][92.498s][info][gc,start    ] GC(186) Pause Young (Normal) (G1 Evacuation Pause)
[2026-07-01T01:51:04.097+0000][92.498s][info][gc,task     ] GC(186) Using 2 workers of 2 for evacuation
[2026-07-01T01:51:04.121+0000][92.523s][info][gc,phases   ] GC(186)   Pre Evacuate Collection Set: 0.15ms
[2026-07-01T01:51:04.121+0000][92.523s][info][gc,phases   ] GC(186)   Merge Heap Roots: 0.72ms
[2026-07-01T01:51:04.121+0000][92.523s][info][gc,phases   ] GC(186)   Evacuate Collection Set: 23.07ms
[2026-07-01T01:51:04.121+0000][92.523s][info][gc,phases   ] GC(186)   Post Evacuate Collection Set: 0.63ms
[2026-07-01T01:51:04.121+0000][92.523s][info][gc,phases   ] GC(186)   Other: 0.07ms
[2026-07-01T01:51:04.121+0000][92.523s][info][gc,heap     ] GC(186) Eden regions: 149->0(149)
[2026-07-01T01:51:04.121+0000][92.523s][info][gc,heap     ] GC(186) Survivor regions: 9->9(20)
[2026-07-01T01:51:04.121+0000][92.523s][info][gc,heap     ] GC(186) Old regions: 178->178
[2026-07-01T01:51:04.121+0000][92.523s][info][gc,heap     ] GC(186) Humongous regions: 3->3
[2026-07-01T01:51:04.121+0000][92.523s][info][gc,metaspace] GC(186) Metaspace: 41786K(42624K)->41786K(42624K) NonClass: 36648K(37120K)->36648K(37120K) Class: 5138K(5504K)->5138K(5504K)
[2026-07-01T01:51:04.121+0000][92.523s][info][gc          ] GC(186) Pause Young (Normal) (G1 Evacuation Pause) 338M->189M(358M) 24.805ms
[2026-07-01T01:51:04.121+0000][92.523s][info][gc,cpu      ] GC(186) User=0.05s Sys=0.00s Real=0.03s
[2026-07-01T01:51:04.805+0000][93.206s][info][gc,start    ] GC(187) Pause Young (Concurrent Start) (G1 Evacuation Pause)
[2026-07-01T01:51:04.805+0000][93.206s][info][gc,task     ] GC(187) Using 2 workers of 2 for evacuation
[2026-07-01T01:51:04.826+0000][93.227s][info][gc,phases   ] GC(187)   Pre Evacuate Collection Set: 0.20ms
[2026-07-01T01:51:04.826+0000][93.227s][info][gc,phases   ] GC(187)   Merge Heap Roots: 0.56ms
[2026-07-01T01:51:04.826+0000][93.227s][info][gc,phases   ] GC(187)   Evacuate Collection Set: 19.75ms
[2026-07-01T01:51:04.826+0000][93.227s][info][gc,phases   ] GC(187)   Post Evacuate Collection Set: 0.55ms
[2026-07-01T01:51:04.826+0000][93.227s][info][gc,phases   ] GC(187)   Other: 0.09ms
[2026-07-01T01:51:04.826+0000][93.227s][info][gc,heap     ] GC(187) Eden regions: 149->0(147)
[2026-07-01T01:51:04.826+0000][93.227s][info][gc,heap     ] GC(187) Survivor regions: 9->10(20)
[2026-07-01T01:51:04.826+0000][93.227s][info][gc,heap     ] GC(187) Old regions: 178->179
[2026-07-01T01:51:04.826+0000][93.228s][info][gc,heap     ] GC(187) Humongous regions: 3->3
[2026-07-01T01:51:04.826+0000][93.228s][info][gc,metaspace] GC(187) Metaspace: 41786K(42624K)->41786K(42624K) NonClass: 36648K(37120K)->36648K(37120K) Class: 5138K(5504K)->5138K(5504K)
[2026-07-01T01:51:04.826+0000][93.228s][info][gc          ] GC(187) Pause Young (Concurrent Start) (G1 Evacuation Pause) 338M->190M(358M) 21.331ms
[2026-07-01T01:51:04.826+0000][93.228s][info][gc          ] GC(188) Concurrent Mark Cycle
[2026-07-01T01:51:04.826+0000][93.228s][info][gc,marking  ] GC(188) Concurrent Scan Root Regions
[2026-07-01T01:51:04.826+0000][93.228s][info][gc,cpu      ] GC(187) User=0.04s Sys=0.00s Real=0.02s
[2026-07-01T01:51:04.847+0000][93.248s][info][gc,marking  ] GC(188) Concurrent Scan Root Regions 20.805ms
[2026-07-01T01:51:04.847+0000][93.248s][info][gc,marking  ] GC(188) Concurrent Mark
[2026-07-01T01:51:04.847+0000][93.248s][info][gc,marking  ] GC(188) Concurrent Mark From Roots
[2026-07-01T01:51:04.847+0000][93.248s][info][gc,task     ] GC(188) Using 1 workers of 1 for marking
[2026-07-01T01:51:05.514+0000][93.916s][info][gc,marking  ] GC(188) Concurrent Mark From Roots 667.454ms
[2026-07-01T01:51:05.514+0000][93.916s][info][gc,marking  ] GC(188) Concurrent Preclean
[2026-07-01T01:51:05.515+0000][93.917s][info][gc,marking  ] GC(188) Concurrent Preclean 0.758ms
[2026-07-01T01:51:05.515+0000][93.917s][info][gc,start    ] GC(188) Pause Remark
[2026-07-01T01:51:05.522+0000][93.924s][info][gc          ] GC(188) Pause Remark 314M->314M(358M) 6.943ms
[2026-07-01T01:51:05.522+0000][93.924s][info][gc,cpu      ] GC(188) User=0.01s Sys=0.00s Real=0.01s
[2026-07-01T01:51:05.525+0000][93.927s][info][gc,marking  ] GC(188) Concurrent Mark 678.514ms
[2026-07-01T01:51:05.526+0000][93.927s][info][gc,marking  ] GC(188) Concurrent Rebuild Remembered Sets and Scrub Regions
[2026-07-01T01:51:05.653+0000][94.055s][info][gc,start    ] GC(189) Pause Young (Normal) (G1 Evacuation Pause)
[2026-07-01T01:51:05.653+0000][94.055s][info][gc,task     ] GC(189) Using 2 workers of 2 for evacuation
[2026-07-01T01:51:05.677+0000][94.078s][info][gc,phases   ] GC(189)   Pre Evacuate Collection Set: 0.27ms
[2026-07-01T01:51:05.677+0000][94.078s][info][gc,phases   ] GC(189)   Merge Heap Roots: 0.56ms
[2026-07-01T01:51:05.677+0000][94.078s][info][gc,phases   ] GC(189)   Evacuate Collection Set: 22.30ms
[2026-07-01T01:51:05.677+0000][94.078s][info][gc,phases   ] GC(189)   Post Evacuate Collection Set: 0.54ms
[2026-07-01T01:51:05.677+0000][94.078s][info][gc,phases   ] GC(189)   Other: 0.07ms
[2026-07-01T01:51:05.677+0000][94.078s][info][gc,heap     ] GC(189) Eden regions: 147->0(148)
[2026-07-01T01:51:05.677+0000][94.078s][info][gc,heap     ] GC(189) Survivor regions: 10->9(20)
[2026-07-01T01:51:05.677+0000][94.078s][info][gc,heap     ] GC(189) Old regions: 179->179
[2026-07-01T01:51:05.677+0000][94.078s][info][gc,heap     ] GC(189) Humongous regions: 3->3
[2026-07-01T01:51:05.677+0000][94.078s][info][gc,metaspace] GC(189) Metaspace: 41786K(42624K)->41786K(42624K) NonClass: 36648K(37120K)->36648K(37120K) Class: 5138K(5504K)->5138K(5504K)
[2026-07-01T01:51:05.677+0000][94.078s][info][gc          ] GC(189) Pause Young (Normal) (G1 Evacuation Pause) 337M->190M(358M) 23.899ms
[2026-07-01T01:51:05.677+0000][94.078s][info][gc,cpu      ] GC(189) User=0.05s Sys=0.00s Real=0.02s
[2026-07-01T01:51:05.749+0000][94.150s][info][gc,marking  ] GC(188) Concurrent Rebuild Remembered Sets and Scrub Regions 223.431ms
[2026-07-01T01:51:05.749+0000][94.151s][info][gc,start    ] GC(188) Pause Cleanup
[2026-07-01T01:51:05.749+0000][94.151s][info][gc          ] GC(188) Pause Cleanup 206M->206M(358M) 0.164ms
[2026-07-01T01:51:05.749+0000][94.151s][info][gc,cpu      ] GC(188) User=0.00s Sys=0.00s Real=0.00s
[2026-07-01T01:51:05.750+0000][94.151s][info][gc,marking  ] GC(188) Concurrent Clear Claimed Marks
[2026-07-01T01:51:05.750+0000][94.151s][info][gc,marking  ] GC(188) Concurrent Clear Claimed Marks 0.110ms
[2026-07-01T01:51:05.750+0000][94.151s][info][gc,marking  ] GC(188) Concurrent Cleanup for Next Mark
[2026-07-01T01:51:05.750+0000][94.152s][info][gc,marking  ] GC(188) Concurrent Cleanup for Next Mark 0.603ms
[2026-07-01T01:51:05.750+0000][94.152s][info][gc          ] GC(188) Concurrent Mark Cycle 924.258ms
