[2026-07-01T02:14:02.041+0000][0.025s][info][gc,init] CardTable entry size: 512
[2026-07-01T02:14:02.041+0000][0.025s][info][gc     ] Using G1
[2026-07-01T02:14:02.042+0000][0.025s][info][gc,init] Version: 21.0.11+10-LTS (release)
[2026-07-01T02:14:02.042+0000][0.025s][info][gc,init] CPUs: 4 total, 2 available
[2026-07-01T02:14:02.042+0000][0.025s][info][gc,init] Memory: 2048M
[2026-07-01T02:14:02.042+0000][0.025s][info][gc,init] Large Page Support: Disabled
[2026-07-01T02:14:02.042+0000][0.025s][info][gc,init] NUMA Support: Disabled
[2026-07-01T02:14:02.042+0000][0.025s][info][gc,init] Compressed Oops: Enabled (32-bit)
[2026-07-01T02:14:02.042+0000][0.025s][info][gc,init] Heap Region Size: 1M
[2026-07-01T02:14:02.042+0000][0.025s][info][gc,init] Heap Min Capacity: 8M
[2026-07-01T02:14:02.042+0000][0.025s][info][gc,init] Heap Initial Capacity: 32M
[2026-07-01T02:14:02.042+0000][0.025s][info][gc,init] Heap Max Capacity: 512M
[2026-07-01T02:14:02.042+0000][0.025s][info][gc,init] Pre-touch: Disabled
[2026-07-01T02:14:02.042+0000][0.025s][info][gc,init] Parallel Workers: 2
[2026-07-01T02:14:02.042+0000][0.025s][info][gc,init] Concurrent Workers: 1
[2026-07-01T02:14:02.042+0000][0.025s][info][gc,init] Concurrent Refinement Workers: 2
[2026-07-01T02:14:02.042+0000][0.025s][info][gc,init] Periodic GC: Disabled
[2026-07-01T02:14:02.048+0000][0.032s][info][gc,metaspace] CDS archive(s) mapped at: [0x0000799433000000-0x0000799433c9b000-0x0000799433c9b000), size 13217792, SharedBaseAddress: 0x0000799433000000, ArchiveRelocationMode: 1.
[2026-07-01T02:14:02.048+0000][0.032s][info][gc,metaspace] Compressed class space mapped at: 0x0000799434000000-0x0000799474000000, reserved size: 1073741824
[2026-07-01T02:14:02.048+0000][0.032s][info][gc,metaspace] Narrow klass base: 0x0000799433000000, Narrow klass shift: 0, Narrow klass range: 0x100000000
[2026-07-01T02:14:02.191+0000][0.174s][info][gc,start    ] GC(0) Pause Young (Normal) (G1 Evacuation Pause)
[2026-07-01T02:14:02.191+0000][0.174s][info][gc,task     ] GC(0) Using 2 workers of 2 for evacuation
[2026-07-01T02:14:02.192+0000][0.176s][info][gc,phases   ] GC(0)   Pre Evacuate Collection Set: 0.07ms
[2026-07-01T02:14:02.192+0000][0.176s][info][gc,phases   ] GC(0)   Merge Heap Roots: 0.04ms
[2026-07-01T02:14:02.192+0000][0.176s][info][gc,phases   ] GC(0)   Evacuate Collection Set: 1.17ms
[2026-07-01T02:14:02.192+0000][0.176s][info][gc,phases   ] GC(0)   Post Evacuate Collection Set: 0.20ms
[2026-07-01T02:14:02.192+0000][0.176s][info][gc,phases   ] GC(0)   Other: 0.15ms
[2026-07-01T02:14:02.192+0000][0.176s][info][gc,heap     ] GC(0) Eden regions: 6->0(11)
[2026-07-01T02:14:02.192+0000][0.176s][info][gc,heap     ] GC(0) Survivor regions: 0->1(1)
[2026-07-01T02:14:02.192+0000][0.176s][info][gc,heap     ] GC(0) Old regions: 2->2
[2026-07-01T02:14:02.192+0000][0.176s][info][gc,heap     ] GC(0) Humongous regions: 0->0
[2026-07-01T02:14:02.192+0000][0.176s][info][gc,metaspace] GC(0) Metaspace: 1708K(1984K)->1708K(1984K) NonClass: 1521K(1664K)->1521K(1664K) Class: 187K(320K)->187K(320K)
[2026-07-01T02:14:02.192+0000][0.176s][info][gc          ] GC(0) Pause Young (Normal) (G1 Evacuation Pause) 7M->1M(34M) 1.756ms
[2026-07-01T02:14:02.192+0000][0.176s][info][gc,cpu      ] GC(0) User=0.00s Sys=0.00s Real=0.00s
[2026-07-01T02:14:02.372+0000][0.356s][info][gc,start    ] GC(1) Pause Young (Normal) (G1 Evacuation Pause)
[2026-07-01T02:14:02.373+0000][0.356s][info][gc,task     ] GC(1) Using 2 workers of 2 for evacuation
[2026-07-01T02:14:02.374+0000][0.358s][info][gc,phases   ] GC(1)   Pre Evacuate Collection Set: 0.08ms
[2026-07-01T02:14:02.374+0000][0.358s][info][gc,phases   ] GC(1)   Merge Heap Roots: 0.03ms
[2026-07-01T02:14:02.374+0000][0.358s][info][gc,phases   ] GC(1)   Evacuate Collection Set: 1.55ms
[2026-07-01T02:14:02.374+0000][0.358s][info][gc,phases   ] GC(1)   Post Evacuate Collection Set: 0.23ms
[2026-07-01T02:14:02.374+0000][0.358s][info][gc,phases   ] GC(1)   Other: 0.03ms
[2026-07-01T02:14:02.374+0000][0.358s][info][gc,heap     ] GC(1) Eden regions: 11->0(17)
[2026-07-01T02:14:02.374+0000][0.358s][info][gc,heap     ] GC(1) Survivor regions: 1->2(2)
[2026-07-01T02:14:02.375+0000][0.358s][info][gc,heap     ] GC(1) Old regions: 2->2
[2026-07-01T02:14:02.375+0000][0.358s][info][gc,heap     ] GC(1) Humongous regions: 0->0
[2026-07-01T02:14:02.375+0000][0.358s][info][gc,metaspace] GC(1) Metaspace: 3536K(3840K)->3536K(3840K) NonClass: 3152K(3328K)->3152K(3328K) Class: 384K(512K)->384K(512K)
[2026-07-01T02:14:02.375+0000][0.358s][info][gc          ] GC(1) Pause Young (Normal) (G1 Evacuation Pause) 12M->2M(34M) 2.051ms
[2026-07-01T02:14:02.375+0000][0.358s][info][gc,cpu      ] GC(1) User=0.00s Sys=0.00s Real=0.00s
[2026-07-01T02:14:02.647+0000][0.631s][info][gc,start    ] GC(2) Pause Young (Normal) (G1 Evacuation Pause)
[2026-07-01T02:14:02.647+0000][0.631s][info][gc,task     ] GC(2) Using 2 workers of 2 for evacuation
[2026-07-01T02:14:02.651+0000][0.635s][info][gc,phases   ] GC(2)   Pre Evacuate Collection Set: 0.08ms
[2026-07-01T02:14:02.651+0000][0.635s][info][gc,phases   ] GC(2)   Merge Heap Roots: 0.04ms
[2026-07-01T02:14:02.651+0000][0.635s][info][gc,phases   ] GC(2)   Evacuate Collection Set: 3.42ms
[2026-07-01T02:14:02.651+0000][0.635s][info][gc,phases   ] GC(2)   Post Evacuate Collection Set: 0.37ms
[2026-07-01T02:14:02.651+0000][0.635s][info][gc,phases   ] GC(2)   Other: 0.03ms
[2026-07-01T02:14:02.651+0000][0.635s][info][gc,heap     ] GC(2) Eden regions: 17->0(16)
[2026-07-01T02:14:02.651+0000][0.635s][info][gc,heap     ] GC(2) Survivor regions: 2->3(3)
[2026-07-01T02:14:02.651+0000][0.635s][info][gc,heap     ] GC(2) Old regions: 2->2
[2026-07-01T02:14:02.651+0000][0.635s][info][gc,heap     ] GC(2) Humongous regions: 0->0
[2026-07-01T02:14:02.651+0000][0.635s][info][gc,metaspace] GC(2) Metaspace: 7534K(7808K)->7534K(7808K) NonClass: 6650K(6784K)->6650K(6784K) Class: 883K(1024K)->883K(1024K)
[2026-07-01T02:14:02.651+0000][0.635s][info][gc          ] GC(2) Pause Young (Normal) (G1 Evacuation Pause) 19M->3M(34M) 4.046ms
[2026-07-01T02:14:02.651+0000][0.635s][info][gc,cpu      ] GC(2) User=0.00s Sys=0.00s Real=0.01s
[2026-07-01T02:14:02.942+0000][0.925s][info][gc,start    ] GC(3) Pause Young (Normal) (GCLocker Initiated GC)
[2026-07-01T02:14:02.942+0000][0.926s][info][gc,task     ] GC(3) Using 2 workers of 2 for evacuation
[2026-07-01T02:14:02.946+0000][0.930s][info][gc,phases   ] GC(3)   Pre Evacuate Collection Set: 0.04ms
[2026-07-01T02:14:02.946+0000][0.930s][info][gc,phases   ] GC(3)   Merge Heap Roots: 0.04ms
[2026-07-01T02:14:02.946+0000][0.930s][info][gc,phases   ] GC(3)   Evacuate Collection Set: 3.99ms
[2026-07-01T02:14:02.946+0000][0.930s][info][gc,phases   ] GC(3)   Post Evacuate Collection Set: 0.42ms
[2026-07-01T02:14:02.946+0000][0.930s][info][gc,phases   ] GC(3)   Other: 0.03ms
[2026-07-01T02:14:02.946+0000][0.930s][info][gc,heap     ] GC(3) Eden regions: 16->0(16)
[2026-07-01T02:14:02.946+0000][0.930s][info][gc,heap     ] GC(3) Survivor regions: 3->3(3)
[2026-07-01T02:14:02.946+0000][0.930s][info][gc,heap     ] GC(3) Old regions: 2->4
[2026-07-01T02:14:02.946+0000][0.930s][info][gc,heap     ] GC(3) Humongous regions: 0->0
[2026-07-01T02:14:02.946+0000][0.930s][info][gc,metaspace] GC(3) Metaspace: 10500K(10880K)->10500K(10880K) NonClass: 9154K(9344K)->9154K(9344K) Class: 1346K(1536K)->1346K(1536K)
[2026-07-01T02:14:02.947+0000][0.930s][info][gc          ] GC(3) Pause Young (Normal) (GCLocker Initiated GC) 19M->4M(34M) 4.628ms
[2026-07-01T02:14:02.947+0000][0.930s][info][gc,cpu      ] GC(3) User=0.01s Sys=0.01s Real=0.00s
[2026-07-01T02:14:03.084+0000][1.068s][info][gc,start    ] GC(4) Pause Young (Normal) (G1 Evacuation Pause)
[2026-07-01T02:14:03.084+0000][1.068s][info][gc,task     ] GC(4) Using 2 workers of 2 for evacuation
[2026-07-01T02:14:03.088+0000][1.072s][info][gc,phases   ] GC(4)   Pre Evacuate Collection Set: 0.08ms
[2026-07-01T02:14:03.088+0000][1.072s][info][gc,phases   ] GC(4)   Merge Heap Roots: 0.03ms
[2026-07-01T02:14:03.088+0000][1.072s][info][gc,phases   ] GC(4)   Evacuate Collection Set: 3.02ms
[2026-07-01T02:14:03.088+0000][1.072s][info][gc,phases   ] GC(4)   Post Evacuate Collection Set: 0.31ms
[2026-07-01T02:14:03.088+0000][1.072s][info][gc,phases   ] GC(4)   Other: 0.04ms
[2026-07-01T02:14:03.088+0000][1.072s][info][gc,heap     ] GC(4) Eden regions: 16->0(16)
[2026-07-01T02:14:03.088+0000][1.072s][info][gc,heap     ] GC(4) Survivor regions: 3->3(3)
[2026-07-01T02:14:03.088+0000][1.072s][info][gc,heap     ] GC(4) Old regions: 4->5
[2026-07-01T02:14:03.088+0000][1.072s][info][gc,heap     ] GC(4) Humongous regions: 0->0
[2026-07-01T02:14:03.088+0000][1.072s][info][gc,metaspace] GC(4) Metaspace: 14294K(14656K)->14294K(14656K) NonClass: 12527K(12736K)->12527K(12736K) Class: 1766K(1920K)->1766K(1920K)
[2026-07-01T02:14:03.088+0000][1.072s][info][gc          ] GC(4) Pause Young (Normal) (G1 Evacuation Pause) 20M->5M(34M) 3.597ms
[2026-07-01T02:14:03.088+0000][1.072s][info][gc,cpu      ] GC(4) User=0.00s Sys=0.01s Real=0.01s
[2026-07-01T02:14:03.274+0000][1.257s][info][gc,start    ] GC(5) Pause Young (Normal) (G1 Evacuation Pause)
[2026-07-01T02:14:03.274+0000][1.257s][info][gc,task     ] GC(5) Using 2 workers of 2 for evacuation
[2026-07-01T02:14:03.278+0000][1.262s][info][gc,phases   ] GC(5)   Pre Evacuate Collection Set: 0.07ms
[2026-07-01T02:14:03.278+0000][1.262s][info][gc,phases   ] GC(5)   Merge Heap Roots: 0.04ms
[2026-07-01T02:14:03.278+0000][1.262s][info][gc,phases   ] GC(5)   Evacuate Collection Set: 3.86ms
[2026-07-01T02:14:03.278+0000][1.262s][info][gc,phases   ] GC(5)   Post Evacuate Collection Set: 0.36ms
[2026-07-01T02:14:03.278+0000][1.262s][info][gc,phases   ] GC(5)   Other: 0.04ms
[2026-07-01T02:14:03.278+0000][1.262s][info][gc,heap     ] GC(5) Eden regions: 16->0(21)
[2026-07-01T02:14:03.278+0000][1.262s][info][gc,heap     ] GC(5) Survivor regions: 3->3(3)
[2026-07-01T02:14:03.278+0000][1.262s][info][gc,heap     ] GC(5) Old regions: 5->6
[2026-07-01T02:14:03.278+0000][1.262s][info][gc,heap     ] GC(5) Humongous regions: 0->0
[2026-07-01T02:14:03.278+0000][1.262s][info][gc,metaspace] GC(5) Metaspace: 17593K(17984K)->17593K(17984K) NonClass: 15388K(15616K)->15388K(15616K) Class: 2205K(2368K)->2205K(2368K)
[2026-07-01T02:14:03.278+0000][1.262s][info][gc          ] GC(5) Pause Young (Normal) (G1 Evacuation Pause) 21M->7M(41M) 4.484ms
[2026-07-01T02:14:03.278+0000][1.262s][info][gc,cpu      ] GC(5) User=0.02s Sys=0.00s Real=0.01s
[2026-07-01T02:14:03.573+0000][1.557s][info][gc,start    ] GC(6) Pause Young (Normal) (G1 Evacuation Pause)
[2026-07-01T02:14:03.573+0000][1.557s][info][gc,task     ] GC(6) Using 2 workers of 2 for evacuation
[2026-07-01T02:14:03.577+0000][1.561s][info][gc,phases   ] GC(6)   Pre Evacuate Collection Set: 0.08ms
[2026-07-01T02:14:03.577+0000][1.561s][info][gc,phases   ] GC(6)   Merge Heap Roots: 0.03ms
[2026-07-01T02:14:03.577+0000][1.561s][info][gc,phases   ] GC(6)   Evacuate Collection Set: 3.42ms
[2026-07-01T02:14:03.577+0000][1.561s][info][gc,phases   ] GC(6)   Post Evacuate Collection Set: 0.38ms
[2026-07-01T02:14:03.577+0000][1.561s][info][gc,phases   ] GC(6)   Other: 0.05ms
[2026-07-01T02:14:03.577+0000][1.561s][info][gc,heap     ] GC(6) Eden regions: 21->0(21)
[2026-07-01T02:14:03.577+0000][1.561s][info][gc,heap     ] GC(6) Survivor regions: 3->3(3)
[2026-07-01T02:14:03.577+0000][1.561s][info][gc,heap     ] GC(6) Old regions: 6->7
[2026-07-01T02:14:03.577+0000][1.561s][info][gc,heap     ] GC(6) Humongous regions: 0->0
[2026-07-01T02:14:03.577+0000][1.561s][info][gc,metaspace] GC(6) Metaspace: 19784K(20288K)->19784K(20288K) NonClass: 17313K(17600K)->17313K(17600K) Class: 2470K(2688K)->2470K(2688K)
[2026-07-01T02:14:03.577+0000][1.561s][info][gc          ] GC(6) Pause Young (Normal) (G1 Evacuation Pause) 28M->8M(41M) 4.080ms
[2026-07-01T02:14:03.577+0000][1.561s][info][gc,cpu      ] GC(6) User=0.01s Sys=0.00s Real=0.00s
[2026-07-01T02:14:03.845+0000][1.829s][info][gc,start    ] GC(7) Pause Young (Concurrent Start) (Metadata GC Threshold)
[2026-07-01T02:14:03.845+0000][1.829s][info][gc,task     ] GC(7) Using 2 workers of 2 for evacuation
[2026-07-01T02:14:03.849+0000][1.833s][info][gc,phases   ] GC(7)   Pre Evacuate Collection Set: 0.10ms
[2026-07-01T02:14:03.849+0000][1.833s][info][gc,phases   ] GC(7)   Merge Heap Roots: 0.04ms
[2026-07-01T02:14:03.849+0000][1.833s][info][gc,phases   ] GC(7)   Evacuate Collection Set: 3.15ms
[2026-07-01T02:14:03.849+0000][1.833s][info][gc,phases   ] GC(7)   Post Evacuate Collection Set: 0.33ms
[2026-07-01T02:14:03.849+0000][1.833s][info][gc,phases   ] GC(7)   Other: 0.06ms
[2026-07-01T02:14:03.849+0000][1.833s][info][gc,heap     ] GC(7) Eden regions: 21->0(21)
[2026-07-01T02:14:03.849+0000][1.833s][info][gc,heap     ] GC(7) Survivor regions: 3->3(3)
[2026-07-01T02:14:03.849+0000][1.833s][info][gc,heap     ] GC(7) Old regions: 7->8
[2026-07-01T02:14:03.849+0000][1.833s][info][gc,heap     ] GC(7) Humongous regions: 0->0
[2026-07-01T02:14:03.849+0000][1.833s][info][gc,metaspace] GC(7) Metaspace: 21088K(21504K)->21088K(21504K) NonClass: 18471K(18688K)->18471K(18688K) Class: 2617K(2816K)->2617K(2816K)
[2026-07-01T02:14:03.849+0000][1.833s][info][gc          ] GC(7) Pause Young (Concurrent Start) (Metadata GC Threshold) 28M->9M(41M) 3.793ms
[2026-07-01T02:14:03.849+0000][1.833s][info][gc,cpu      ] GC(7) User=0.01s Sys=0.00s Real=0.01s
[2026-07-01T02:14:03.849+0000][1.833s][info][gc          ] GC(8) Concurrent Mark Cycle
[2026-07-01T02:14:03.849+0000][1.833s][info][gc,marking  ] GC(8) Concurrent Scan Root Regions
[2026-07-01T02:14:03.852+0000][1.835s][info][gc,marking  ] GC(8) Concurrent Scan Root Regions 2.459ms
[2026-07-01T02:14:03.852+0000][1.835s][info][gc,marking  ] GC(8) Concurrent Mark
[2026-07-01T02:14:03.852+0000][1.835s][info][gc,marking  ] GC(8) Concurrent Mark From Roots
[2026-07-01T02:14:03.852+0000][1.835s][info][gc,task     ] GC(8) Using 1 workers of 1 for marking
[2026-07-01T02:14:03.858+0000][1.842s][info][gc,marking  ] GC(8) Concurrent Mark From Roots 6.428ms
[2026-07-01T02:14:03.858+0000][1.842s][info][gc,marking  ] GC(8) Concurrent Preclean
[2026-07-01T02:14:03.858+0000][1.842s][info][gc,marking  ] GC(8) Concurrent Preclean 0.032ms
[2026-07-01T02:14:03.858+0000][1.842s][info][gc,start    ] GC(8) Pause Remark
[2026-07-01T02:14:03.861+0000][1.845s][info][gc,heap     ] GC(8) Heap shrink completed: uncommitted 4 regions (4MB), heap size now 37MB
[2026-07-01T02:14:03.861+0000][1.845s][info][gc          ] GC(8) Pause Remark 10M->10M(37M) 2.862ms
[2026-07-01T02:14:03.861+0000][1.845s][info][gc,cpu      ] GC(8) User=0.00s Sys=0.00s Real=0.00s
[2026-07-01T02:14:03.861+0000][1.845s][info][gc,marking  ] GC(8) Concurrent Mark 9.506ms
[2026-07-01T02:14:03.861+0000][1.845s][info][gc,marking  ] GC(8) Concurrent Rebuild Remembered Sets and Scrub Regions
[2026-07-01T02:14:03.866+0000][1.849s][info][gc,marking  ] GC(8) Concurrent Rebuild Remembered Sets and Scrub Regions 4.544ms
[2026-07-01T02:14:03.866+0000][1.849s][info][gc,start    ] GC(8) Pause Cleanup
[2026-07-01T02:14:03.866+0000][1.849s][info][gc          ] GC(8) Pause Cleanup 10M->10M(37M) 0.070ms
[2026-07-01T02:14:03.866+0000][1.849s][info][gc,cpu      ] GC(8) User=0.00s Sys=0.00s Real=0.00s
[2026-07-01T02:14:03.866+0000][1.850s][info][gc,marking  ] GC(8) Concurrent Clear Claimed Marks
[2026-07-01T02:14:03.866+0000][1.850s][info][gc,marking  ] GC(8) Concurrent Clear Claimed Marks 0.027ms
[2026-07-01T02:14:03.866+0000][1.850s][info][gc,marking  ] GC(8) Concurrent Cleanup for Next Mark
[2026-07-01T02:14:03.866+0000][1.850s][info][gc,marking  ] GC(8) Concurrent Cleanup for Next Mark 0.306ms
[2026-07-01T02:14:03.866+0000][1.850s][info][gc          ] GC(8) Concurrent Mark Cycle 17.234ms
[2026-07-01T02:14:04.147+0000][2.131s][info][gc,start    ] GC(9) Pause Young (Prepare Mixed) (G1 Evacuation Pause)
[2026-07-01T02:14:04.147+0000][2.131s][info][gc,task     ] GC(9) Using 2 workers of 2 for evacuation
[2026-07-01T02:14:04.152+0000][2.136s][info][gc,phases   ] GC(9)   Pre Evacuate Collection Set: 0.09ms
[2026-07-01T02:14:04.152+0000][2.136s][info][gc,phases   ] GC(9)   Merge Heap Roots: 0.05ms
[2026-07-01T02:14:04.152+0000][2.136s][info][gc,phases   ] GC(9)   Evacuate Collection Set: 4.67ms
[2026-07-01T02:14:04.152+0000][2.136s][info][gc,phases   ] GC(9)   Post Evacuate Collection Set: 0.36ms
[2026-07-01T02:14:04.152+0000][2.136s][info][gc,phases   ] GC(9)   Other: 0.04ms
[2026-07-01T02:14:04.152+0000][2.136s][info][gc,heap     ] GC(9) Eden regions: 19->0(19)
[2026-07-01T02:14:04.152+0000][2.136s][info][gc,heap     ] GC(9) Survivor regions: 3->3(3)
[2026-07-01T02:14:04.152+0000][2.136s][info][gc,heap     ] GC(9) Old regions: 8->9
[2026-07-01T02:14:04.152+0000][2.136s][info][gc,heap     ] GC(9) Humongous regions: 0->0
[2026-07-01T02:14:04.152+0000][2.136s][info][gc,metaspace] GC(9) Metaspace: 22800K(23232K)->22800K(23232K) NonClass: 19946K(20160K)->19946K(20160K) Class: 2854K(3072K)->2854K(3072K)
[2026-07-01T02:14:04.152+0000][2.136s][info][gc          ] GC(9) Pause Young (Prepare Mixed) (G1 Evacuation Pause) 28M->10M(37M) 5.347ms
[2026-07-01T02:14:04.152+0000][2.136s][info][gc,cpu      ] GC(9) User=0.01s Sys=0.01s Real=0.01s
[2026-07-01T02:14:04.403+0000][2.387s][info][gc,start    ] GC(10) Pause Young (Mixed) (G1 Evacuation Pause)
[2026-07-01T02:14:04.403+0000][2.387s][info][gc,task     ] GC(10) Using 2 workers of 2 for evacuation
[2026-07-01T02:14:04.410+0000][2.393s][info][gc,phases   ] GC(10)   Pre Evacuate Collection Set: 0.10ms
[2026-07-01T02:14:04.410+0000][2.393s][info][gc,phases   ] GC(10)   Merge Heap Roots: 0.05ms
[2026-07-01T02:14:04.410+0000][2.393s][info][gc,phases   ] GC(10)   Evacuate Collection Set: 5.77ms
[2026-07-01T02:14:04.410+0000][2.393s][info][gc,phases   ] GC(10)   Post Evacuate Collection Set: 0.40ms
[2026-07-01T02:14:04.410+0000][2.393s][info][gc,phases   ] GC(10)   Other: 0.04ms
[2026-07-01T02:14:04.410+0000][2.393s][info][gc,heap     ] GC(10) Eden regions: 19->0(19)
[2026-07-01T02:14:04.410+0000][2.393s][info][gc,heap     ] GC(10) Survivor regions: 3->3(3)
[2026-07-01T02:14:04.410+0000][2.393s][info][gc,heap     ] GC(10) Old regions: 9->10
[2026-07-01T02:14:04.410+0000][2.393s][info][gc,heap     ] GC(10) Humongous regions: 0->0
[2026-07-01T02:14:04.410+0000][2.393s][info][gc,metaspace] GC(10) Metaspace: 26452K(27008K)->26452K(27008K) NonClass: 23101K(23424K)->23101K(23424K) Class: 3351K(3584K)->3351K(3584K)
[2026-07-01T02:14:04.410+0000][2.393s][info][gc          ] GC(10) Pause Young (Mixed) (G1 Evacuation Pause) 29M->12M(37M) 6.485ms
[2026-07-01T02:14:04.410+0000][2.393s][info][gc,cpu      ] GC(10) User=0.01s Sys=0.00s Real=0.01s
[2026-07-01T02:14:04.617+0000][2.600s][info][gc,start    ] GC(11) Pause Young (Normal) (G1 Evacuation Pause)
[2026-07-01T02:14:04.617+0000][2.600s][info][gc,task     ] GC(11) Using 2 workers of 2 for evacuation
[2026-07-01T02:14:04.642+0000][2.626s][info][gc,phases   ] GC(11)   Pre Evacuate Collection Set: 0.08ms
[2026-07-01T02:14:04.642+0000][2.626s][info][gc,phases   ] GC(11)   Merge Heap Roots: 0.04ms
[2026-07-01T02:14:04.642+0000][2.626s][info][gc,phases   ] GC(11)   Evacuate Collection Set: 24.93ms
[2026-07-01T02:14:04.642+0000][2.626s][info][gc,phases   ] GC(11)   Post Evacuate Collection Set: 0.52ms
[2026-07-01T02:14:04.642+0000][2.626s][info][gc,phases   ] GC(11)   Other: 0.04ms
[2026-07-01T02:14:04.642+0000][2.626s][info][gc,heap     ] GC(11) Eden regions: 19->0(25)
[2026-07-01T02:14:04.642+0000][2.626s][info][gc,heap     ] GC(11) Survivor regions: 3->2(3)
[2026-07-01T02:14:04.642+0000][2.626s][info][gc,heap     ] GC(11) Old regions: 10->13
[2026-07-01T02:14:04.642+0000][2.626s][info][gc,heap     ] GC(11) Humongous regions: 0->0
[2026-07-01T02:14:04.642+0000][2.626s][info][gc,metaspace] GC(11) Metaspace: 28815K(29440K)->28815K(29440K) NonClass: 25119K(25472K)->25119K(25472K) Class: 3695K(3968K)->3695K(3968K)
[2026-07-01T02:14:04.642+0000][2.626s][info][gc          ] GC(11) Pause Young (Normal) (G1 Evacuation Pause) 31M->13M(45M) 25.732ms
[2026-07-01T02:14:04.642+0000][2.626s][info][gc,cpu      ] GC(11) User=0.01s Sys=0.00s Real=0.03s
[2026-07-01T02:14:04.994+0000][2.977s][info][gc,start    ] GC(12) Pause Young (Normal) (G1 Evacuation Pause)
[2026-07-01T02:14:04.994+0000][2.977s][info][gc,task     ] GC(12) Using 2 workers of 2 for evacuation
[2026-07-01T02:14:05.000+0000][2.983s][info][gc,phases   ] GC(12)   Pre Evacuate Collection Set: 0.10ms
[2026-07-01T02:14:05.000+0000][2.983s][info][gc,phases   ] GC(12)   Merge Heap Roots: 0.05ms
[2026-07-01T02:14:05.000+0000][2.983s][info][gc,phases   ] GC(12)   Evacuate Collection Set: 5.25ms
[2026-07-01T02:14:05.000+0000][2.983s][info][gc,phases   ] GC(12)   Post Evacuate Collection Set: 0.53ms
[2026-07-01T02:14:05.000+0000][2.983s][info][gc,phases   ] GC(12)   Other: 0.06ms
[2026-07-01T02:14:05.000+0000][2.983s][info][gc,heap     ] GC(12) Eden regions: 25->0(22)
[2026-07-01T02:14:05.000+0000][2.983s][info][gc,heap     ] GC(12) Survivor regions: 2->4(4)
[2026-07-01T02:14:05.000+0000][2.983s][info][gc,heap     ] GC(12) Old regions: 13->13
[2026-07-01T02:14:05.000+0000][2.983s][info][gc,heap     ] GC(12) Humongous regions: 0->0
[2026-07-01T02:14:05.000+0000][2.983s][info][gc,metaspace] GC(12) Metaspace: 32419K(33088K)->32419K(33088K) NonClass: 28196K(28608K)->28196K(28608K) Class: 4222K(4480K)->4222K(4480K)
[2026-07-01T02:14:05.000+0000][2.983s][info][gc          ] GC(12) Pause Young (Normal) (G1 Evacuation Pause) 38M->15M(45M) 6.149ms
[2026-07-01T02:14:05.000+0000][2.983s][info][gc,cpu      ] GC(12) User=0.01s Sys=0.00s Real=0.01s
[2026-07-01T02:14:05.210+0000][3.194s][info][gc,start    ] GC(13) Pause Young (Normal) (G1 Evacuation Pause)
[2026-07-01T02:14:05.210+0000][3.194s][info][gc,task     ] GC(13) Using 2 workers of 2 for evacuation
[2026-07-01T02:14:05.245+0000][3.228s][info][gc,phases   ] GC(13)   Pre Evacuate Collection Set: 0.09ms
[2026-07-01T02:14:05.245+0000][3.228s][info][gc,phases   ] GC(13)   Merge Heap Roots: 0.05ms
[2026-07-01T02:14:05.245+0000][3.228s][info][gc,phases   ] GC(13)   Evacuate Collection Set: 33.55ms
[2026-07-01T02:14:05.245+0000][3.228s][info][gc,phases   ] GC(13)   Post Evacuate Collection Set: 0.44ms
[2026-07-01T02:14:05.245+0000][3.228s][info][gc,phases   ] GC(13)   Other: 0.04ms
[2026-07-01T02:14:05.245+0000][3.228s][info][gc,heap     ] GC(13) Eden regions: 22->0(15)
[2026-07-01T02:14:05.245+0000][3.228s][info][gc,heap     ] GC(13) Survivor regions: 4->4(4)
[2026-07-01T02:14:05.245+0000][3.228s][info][gc,heap     ] GC(13) Old regions: 13->20
[2026-07-01T02:14:05.245+0000][3.228s][info][gc,heap     ] GC(13) Humongous regions: 0->0
[2026-07-01T02:14:05.245+0000][3.228s][info][gc,metaspace] GC(13) Metaspace: 35430K(36160K)->35430K(36160K) NonClass: 30813K(31232K)->30813K(31232K) Class: 4616K(4928K)->4616K(4928K)
[2026-07-01T02:14:05.245+0000][3.228s][info][gc          ] GC(13) Pause Young (Normal) (G1 Evacuation Pause) 37M->23M(50M) 34.296ms
[2026-07-01T02:14:05.245+0000][3.228s][info][gc,cpu      ] GC(13) User=0.02s Sys=0.00s Real=0.03s
[2026-07-01T02:14:05.248+0000][3.232s][info][gc,start    ] GC(14) Pause Young (Concurrent Start) (Metadata GC Threshold)
[2026-07-01T02:14:05.249+0000][3.232s][info][gc,task     ] GC(14) Using 2 workers of 2 for evacuation
[2026-07-01T02:14:05.254+0000][3.238s][info][gc,phases   ] GC(14)   Pre Evacuate Collection Set: 0.08ms
[2026-07-01T02:14:05.254+0000][3.238s][info][gc,phases   ] GC(14)   Merge Heap Roots: 0.07ms
[2026-07-01T02:14:05.254+0000][3.238s][info][gc,phases   ] GC(14)   Evacuate Collection Set: 5.46ms
[2026-07-01T02:14:05.254+0000][3.238s][info][gc,phases   ] GC(14)   Post Evacuate Collection Set: 0.26ms
[2026-07-01T02:14:05.254+0000][3.238s][info][gc,phases   ] GC(14)   Other: 0.05ms
[2026-07-01T02:14:05.254+0000][3.238s][info][gc,heap     ] GC(14) Eden regions: 2->0(11)
[2026-07-01T02:14:05.254+0000][3.238s][info][gc,heap     ] GC(14) Survivor regions: 4->2(3)
[2026-07-01T02:14:05.254+0000][3.238s][info][gc,heap     ] GC(14) Old regions: 20->25
[2026-07-01T02:14:05.254+0000][3.238s][info][gc,heap     ] GC(14) Humongous regions: 0->0
[2026-07-01T02:14:05.254+0000][3.238s][info][gc,metaspace] GC(14) Metaspace: 35468K(36160K)->35468K(36160K) NonClass: 30849K(31232K)->30849K(31232K) Class: 4619K(4928K)->4619K(4928K)
[2026-07-01T02:14:05.254+0000][3.238s][info][gc          ] GC(14) Pause Young (Concurrent Start) (Metadata GC Threshold) 25M->25M(50M) 6.008ms
[2026-07-01T02:14:05.255+0000][3.238s][info][gc,cpu      ] GC(14) User=0.01s Sys=0.00s Real=0.00s
[2026-07-01T02:14:05.255+0000][3.238s][info][gc          ] GC(15) Concurrent Mark Cycle
[2026-07-01T02:14:05.255+0000][3.238s][info][gc,marking  ] GC(15) Concurrent Scan Root Regions
[2026-07-01T02:14:05.260+0000][3.244s][info][gc,marking  ] GC(15) Concurrent Scan Root Regions 5.453ms
[2026-07-01T02:14:05.260+0000][3.244s][info][gc,marking  ] GC(15) Concurrent Mark
[2026-07-01T02:14:05.260+0000][3.244s][info][gc,marking  ] GC(15) Concurrent Mark From Roots
[2026-07-01T02:14:05.260+0000][3.244s][info][gc,task     ] GC(15) Using 1 workers of 1 for marking
[2026-07-01T02:14:05.271+0000][3.254s][info][gc,start    ] GC(16) Pause Young (Normal) (G1 Evacuation Pause)
[2026-07-01T02:14:05.271+0000][3.254s][info][gc,task     ] GC(16) Using 2 workers of 2 for evacuation
[2026-07-01T02:14:05.277+0000][3.261s][info][gc,phases   ] GC(16)   Pre Evacuate Collection Set: 0.09ms
[2026-07-01T02:14:05.278+0000][3.261s][info][gc,phases   ] GC(16)   Merge Heap Roots: 0.03ms
[2026-07-01T02:14:05.278+0000][3.261s][info][gc,phases   ] GC(16)   Evacuate Collection Set: 5.69ms
[2026-07-01T02:14:05.278+0000][3.261s][info][gc,phases   ] GC(16)   Post Evacuate Collection Set: 0.81ms
[2026-07-01T02:14:05.278+0000][3.261s][info][gc,phases   ] GC(16)   Other: 0.03ms
[2026-07-01T02:14:05.278+0000][3.261s][info][gc,heap     ] GC(16) Eden regions: 11->0(50)
[2026-07-01T02:14:05.278+0000][3.261s][info][gc,heap     ] GC(16) Survivor regions: 2->2(2)
[2026-07-01T02:14:05.278+0000][3.261s][info][gc,heap     ] GC(16) Old regions: 25->32
[2026-07-01T02:14:05.278+0000][3.261s][info][gc,heap     ] GC(16) Humongous regions: 0->0
[2026-07-01T02:14:05.278+0000][3.261s][info][gc,metaspace] GC(16) Metaspace: 35532K(36224K)->35532K(36224K) NonClass: 30901K(31296K)->30901K(31296K) Class: 4631K(4928K)->4631K(4928K)
[2026-07-01T02:14:05.278+0000][3.261s][info][gc          ] GC(16) Pause Young (Normal) (G1 Evacuation Pause) 36M->33M(128M) 6.759ms
[2026-07-01T02:14:05.278+0000][3.261s][info][gc,cpu      ] GC(16) User=0.01s Sys=0.00s Real=0.00s
[2026-07-01T02:14:05.293+0000][3.277s][info][gc,marking  ] GC(15) Concurrent Mark From Roots 33.283ms
[2026-07-01T02:14:05.293+0000][3.277s][info][gc,marking  ] GC(15) Concurrent Preclean
[2026-07-01T02:14:05.293+0000][3.277s][info][gc,marking  ] GC(15) Concurrent Preclean 0.059ms
[2026-07-01T02:14:05.293+0000][3.277s][info][gc,start    ] GC(15) Pause Remark
[2026-07-01T02:14:05.298+0000][3.282s][info][gc,heap     ] GC(15) Heap shrink completed: uncommitted 11 regions (11MB), heap size now 117MB
[2026-07-01T02:14:05.298+0000][3.282s][info][gc          ] GC(15) Pause Remark 42M->42M(117M) 4.701ms
[2026-07-01T02:14:05.298+0000][3.282s][info][gc,cpu      ] GC(15) User=0.01s Sys=0.00s Real=0.01s
[2026-07-01T02:14:05.299+0000][3.282s][info][gc,marking  ] GC(15) Concurrent Mark 38.669ms
[2026-07-01T02:14:05.299+0000][3.282s][info][gc,marking  ] GC(15) Concurrent Rebuild Remembered Sets and Scrub Regions
[2026-07-01T02:14:05.344+0000][3.328s][info][gc,marking  ] GC(15) Concurrent Rebuild Remembered Sets and Scrub Regions 45.596ms
[2026-07-01T02:14:05.344+0000][3.328s][info][gc,start    ] GC(15) Pause Cleanup
[2026-07-01T02:14:05.344+0000][3.328s][info][gc          ] GC(15) Pause Cleanup 60M->60M(117M) 0.093ms
[2026-07-01T02:14:05.344+0000][3.328s][info][gc,cpu      ] GC(15) User=0.00s Sys=0.00s Real=0.00s
[2026-07-01T02:14:05.345+0000][3.328s][info][gc,marking  ] GC(15) Concurrent Clear Claimed Marks
[2026-07-01T02:14:05.345+0000][3.328s][info][gc,marking  ] GC(15) Concurrent Clear Claimed Marks 0.068ms
[2026-07-01T02:14:05.345+0000][3.328s][info][gc,marking  ] GC(15) Concurrent Cleanup for Next Mark
[2026-07-01T02:14:05.346+0000][3.329s][info][gc,marking  ] GC(15) Concurrent Cleanup for Next Mark 0.811ms
[2026-07-01T02:14:05.346+0000][3.329s][info][gc          ] GC(15) Concurrent Mark Cycle 91.138ms
[2026-07-01T02:14:05.373+0000][3.356s][info][gc,start    ] GC(17) Pause Young (Prepare Mixed) (G1 Evacuation Pause)
[2026-07-01T02:14:05.373+0000][3.357s][info][gc,task     ] GC(17) Using 2 workers of 2 for evacuation
[2026-07-01T02:14:05.401+0000][3.384s][info][gc,phases   ] GC(17)   Pre Evacuate Collection Set: 0.12ms
[2026-07-01T02:14:05.401+0000][3.384s][info][gc,phases   ] GC(17)   Merge Heap Roots: 0.06ms
[2026-07-01T02:14:05.401+0000][3.384s][info][gc,phases   ] GC(17)   Evacuate Collection Set: 27.32ms
[2026-07-01T02:14:05.401+0000][3.384s][info][gc,phases   ] GC(17)   Post Evacuate Collection Set: 0.29ms
[2026-07-01T02:14:05.401+0000][3.384s][info][gc,phases   ] GC(17)   Other: 0.06ms
[2026-07-01T02:14:05.401+0000][3.384s][info][gc,heap     ] GC(17) Eden regions: 50->0(21)
[2026-07-01T02:14:05.401+0000][3.384s][info][gc,heap     ] GC(17) Survivor regions: 2->7(7)
[2026-07-01T02:14:05.401+0000][3.384s][info][gc,heap     ] GC(17) Old regions: 32->68
[2026-07-01T02:14:05.401+0000][3.384s][info][gc,heap     ] GC(17) Humongous regions: 3->3
[2026-07-01T02:14:05.401+0000][3.384s][info][gc,metaspace] GC(17) Metaspace: 35534K(36224K)->35534K(36224K) NonClass: 30903K(31296K)->30903K(31296K) Class: 4631K(4928K)->4631K(4928K)
[2026-07-01T02:14:05.401+0000][3.384s][info][gc          ] GC(17) Pause Young (Prepare Mixed) (G1 Evacuation Pause) 86M->77M(130M) 27.985ms
[2026-07-01T02:14:05.401+0000][3.384s][info][gc,cpu      ] GC(17) User=0.05s Sys=0.00s Real=0.03s
[2026-07-01T02:14:05.416+0000][3.399s][info][gc,start    ] GC(18) Pause Young (Mixed) (G1 Evacuation Pause)
[2026-07-01T02:14:05.416+0000][3.399s][info][gc,task     ] GC(18) Using 2 workers of 2 for evacuation
[2026-07-01T02:14:05.431+0000][3.414s][info][gc,phases   ] GC(18)   Pre Evacuate Collection Set: 0.10ms
[2026-07-01T02:14:05.431+0000][3.414s][info][gc,phases   ] GC(18)   Merge Heap Roots: 0.05ms
[2026-07-01T02:14:05.431+0000][3.414s][info][gc,phases   ] GC(18)   Evacuate Collection Set: 14.32ms
[2026-07-01T02:14:05.431+0000][3.414s][info][gc,phases   ] GC(18)   Post Evacuate Collection Set: 0.28ms
[2026-07-01T02:14:05.431+0000][3.414s][info][gc,phases   ] GC(18)   Other: 0.05ms
[2026-07-01T02:14:05.431+0000][3.414s][info][gc,heap     ] GC(18) Eden regions: 21->0(12)
[2026-07-01T02:14:05.431+0000][3.414s][info][gc,heap     ] GC(18) Survivor regions: 7->4(4)
[2026-07-01T02:14:05.431+0000][3.414s][info][gc,heap     ] GC(18) Old regions: 68->89
[2026-07-01T02:14:05.431+0000][3.414s][info][gc,heap     ] GC(18) Humongous regions: 3->3
[2026-07-01T02:14:05.431+0000][3.414s][info][gc,metaspace] GC(18) Metaspace: 35534K(36224K)->35534K(36224K) NonClass: 30903K(31296K)->30903K(31296K) Class: 4631K(4928K)->4631K(4928K)
[2026-07-01T02:14:05.431+0000][3.414s][info][gc          ] GC(18) Pause Young (Mixed) (G1 Evacuation Pause) 98M->95M(130M) 14.936ms
[2026-07-01T02:14:05.431+0000][3.414s][info][gc,cpu      ] GC(18) User=0.03s Sys=0.00s Real=0.02s
[2026-07-01T02:14:05.436+0000][3.419s][info][gc,start    ] GC(19) Pause Young (Concurrent Start) (G1 Humongous Allocation)
[2026-07-01T02:14:05.436+0000][3.419s][info][gc,task     ] GC(19) Using 2 workers of 2 for evacuation
[2026-07-01T02:14:05.442+0000][3.425s][info][gc,phases   ] GC(19)   Pre Evacuate Collection Set: 0.09ms
[2026-07-01T02:14:05.442+0000][3.425s][info][gc,phases   ] GC(19)   Merge Heap Roots: 0.03ms
[2026-07-01T02:14:05.442+0000][3.425s][info][gc,phases   ] GC(19)   Evacuate Collection Set: 5.31ms
[2026-07-01T02:14:05.442+0000][3.425s][info][gc,phases   ] GC(19)   Post Evacuate Collection Set: 0.23ms
[2026-07-01T02:14:05.442+0000][3.425s][info][gc,phases   ] GC(19)   Other: 0.06ms
[2026-07-01T02:14:05.442+0000][3.425s][info][gc,heap     ] GC(19) Eden regions: 9->0(9)
[2026-07-01T02:14:05.442+0000][3.425s][info][gc,heap     ] GC(19) Survivor regions: 4->2(2)
[2026-07-01T02:14:05.442+0000][3.425s][info][gc,heap     ] GC(19) Old regions: 89->98
[2026-07-01T02:14:05.442+0000][3.425s][info][gc,heap     ] GC(19) Humongous regions: 3->3
[2026-07-01T02:14:05.442+0000][3.425s][info][gc,metaspace] GC(19) Metaspace: 35534K(36224K)->35534K(36224K) NonClass: 30903K(31296K)->30903K(31296K) Class: 4631K(4928K)->4631K(4928K)
[2026-07-01T02:14:05.442+0000][3.425s][info][gc          ] GC(19) Pause Young (Concurrent Start) (G1 Humongous Allocation) 104M->103M(130M) 5.827ms
[2026-07-01T02:14:05.442+0000][3.425s][info][gc,cpu      ] GC(19) User=0.01s Sys=0.00s Real=0.01s
[2026-07-01T02:14:05.442+0000][3.425s][info][gc          ] GC(20) Concurrent Mark Cycle
[2026-07-01T02:14:05.442+0000][3.425s][info][gc,marking  ] GC(20) Concurrent Scan Root Regions
[2026-07-01T02:14:05.446+0000][3.430s][info][gc,marking  ] GC(20) Concurrent Scan Root Regions 4.432ms
[2026-07-01T02:14:05.446+0000][3.430s][info][gc,marking  ] GC(20) Concurrent Mark
[2026-07-01T02:14:05.446+0000][3.430s][info][gc,marking  ] GC(20) Concurrent Mark From Roots
[2026-07-01T02:14:05.446+0000][3.430s][info][gc,task     ] GC(20) Using 1 workers of 1 for marking
[2026-07-01T02:14:05.462+0000][3.446s][info][gc,start    ] GC(21) Pause Young (Normal) (G1 Evacuation Pause)
[2026-07-01T02:14:05.462+0000][3.446s][info][gc,task     ] GC(21) Using 2 workers of 2 for evacuation
[2026-07-01T02:14:05.470+0000][3.454s][info][gc,phases   ] GC(21)   Pre Evacuate Collection Set: 0.09ms
[2026-07-01T02:14:05.470+0000][3.454s][info][gc,phases   ] GC(21)   Merge Heap Roots: 0.06ms
[2026-07-01T02:14:05.470+0000][3.454s][info][gc,phases   ] GC(21)   Evacuate Collection Set: 7.12ms
[2026-07-01T02:14:05.470+0000][3.454s][info][gc,phases   ] GC(21)   Post Evacuate Collection Set: 0.25ms
[2026-07-01T02:14:05.470+0000][3.454s][info][gc,phases   ] GC(21)   Other: 0.05ms
[2026-07-01T02:14:05.470+0000][3.454s][info][gc,heap     ] GC(21) Eden regions: 9->0(5)
[2026-07-01T02:14:05.470+0000][3.454s][info][gc,heap     ] GC(21) Survivor regions: 2->2(2)
[2026-07-01T02:14:05.470+0000][3.454s][info][gc,heap     ] GC(21) Old regions: 98->106
[2026-07-01T02:14:05.470+0000][3.454s][info][gc,heap     ] GC(21) Humongous regions: 6->6
[2026-07-01T02:14:05.470+0000][3.454s][info][gc,metaspace] GC(21) Metaspace: 35534K(36224K)->35534K(36224K) NonClass: 30903K(31296K)->30903K(31296K) Class: 4631K(4928K)->4631K(4928K)
[2026-07-01T02:14:05.470+0000][3.454s][info][gc          ] GC(21) Pause Young (Normal) (G1 Evacuation Pause) 115M->113M(130M) 7.704ms
[2026-07-01T02:14:05.470+0000][3.454s][info][gc,cpu      ] GC(21) User=0.02s Sys=0.00s Real=0.01s
[2026-07-01T02:14:05.474+0000][3.457s][info][gc,start    ] GC(22) Pause Young (Normal) (G1 Evacuation Pause)
[2026-07-01T02:14:05.474+0000][3.457s][info][gc,task     ] GC(22) Using 2 workers of 2 for evacuation
[2026-07-01T02:14:05.480+0000][3.464s][info][gc,phases   ] GC(22)   Pre Evacuate Collection Set: 0.09ms
[2026-07-01T02:14:05.480+0000][3.464s][info][gc,phases   ] GC(22)   Merge Heap Roots: 0.04ms
[2026-07-01T02:14:05.480+0000][3.464s][info][gc,phases   ] GC(22)   Evacuate Collection Set: 4.78ms
[2026-07-01T02:14:05.480+0000][3.464s][info][gc,phases   ] GC(22)   Post Evacuate Collection Set: 1.20ms
[2026-07-01T02:14:05.480+0000][3.464s][info][gc,phases   ] GC(22)   Other: 0.03ms
[2026-07-01T02:14:05.480+0000][3.464s][info][gc,heap     ] GC(22) Eden regions: 5->0(54)
[2026-07-01T02:14:05.480+0000][3.464s][info][gc,heap     ] GC(22) Survivor regions: 2->1(1)
[2026-07-01T02:14:05.480+0000][3.464s][info][gc,heap     ] GC(22) Old regions: 106->111
[2026-07-01T02:14:05.480+0000][3.464s][info][gc,heap     ] GC(22) Humongous regions: 6->6
[2026-07-01T02:14:05.480+0000][3.464s][info][gc,metaspace] GC(22) Metaspace: 35534K(36224K)->35534K(36224K) NonClass: 30903K(31296K)->30903K(31296K) Class: 4631K(4928K)->4631K(4928K)
[2026-07-01T02:14:05.480+0000][3.464s][info][gc          ] GC(22) Pause Young (Normal) (G1 Evacuation Pause) 118M->118M(283M) 6.273ms
[2026-07-01T02:14:05.480+0000][3.464s][info][gc,cpu      ] GC(22) User=0.01s Sys=0.01s Real=0.01s
[2026-07-01T02:14:05.557+0000][3.541s][info][gc,marking  ] GC(20) Concurrent Mark From Roots 110.826ms
[2026-07-01T02:14:05.557+0000][3.541s][info][gc,marking  ] GC(20) Concurrent Preclean
[2026-07-01T02:14:05.557+0000][3.541s][info][gc,marking  ] GC(20) Concurrent Preclean 0.071ms
[2026-07-01T02:14:05.557+0000][3.541s][info][gc,start    ] GC(20) Pause Remark
[2026-07-01T02:14:05.561+0000][3.545s][info][gc          ] GC(20) Pause Remark 156M->155M(283M) 3.960ms
[2026-07-01T02:14:05.561+0000][3.545s][info][gc,cpu      ] GC(20) User=0.00s Sys=0.00s Real=0.01s
[2026-07-01T02:14:05.561+0000][3.545s][info][gc,marking  ] GC(20) Concurrent Mark 115.050ms
[2026-07-01T02:14:05.561+0000][3.545s][info][gc,marking  ] GC(20) Concurrent Rebuild Remembered Sets and Scrub Regions
[2026-07-01T02:14:05.602+0000][3.585s][info][gc,marking  ] GC(20) Concurrent Rebuild Remembered Sets and Scrub Regions 40.602ms
[2026-07-01T02:14:05.602+0000][3.585s][info][gc,start    ] GC(20) Pause Cleanup
[2026-07-01T02:14:05.602+0000][3.586s][info][gc          ] GC(20) Pause Cleanup 155M->155M(283M) 0.143ms
[2026-07-01T02:14:05.602+0000][3.586s][info][gc,cpu      ] GC(20) User=0.00s Sys=0.00s Real=0.00s
[2026-07-01T02:14:05.602+0000][3.586s][info][gc,marking  ] GC(20) Concurrent Clear Claimed Marks
[2026-07-01T02:14:05.602+0000][3.586s][info][gc,marking  ] GC(20) Concurrent Clear Claimed Marks 0.065ms
[2026-07-01T02:14:05.602+0000][3.586s][info][gc,marking  ] GC(20) Concurrent Cleanup for Next Mark
[2026-07-01T02:14:05.603+0000][3.587s][info][gc,marking  ] GC(20) Concurrent Cleanup for Next Mark 0.843ms
[2026-07-01T02:14:05.603+0000][3.587s][info][gc          ] GC(20) Concurrent Mark Cycle 161.369ms
[2026-07-01T02:14:06.240+0000][4.224s][info][gc,start    ] GC(23) Pause Young (Prepare Mixed) (G1 Evacuation Pause)
[2026-07-01T02:14:06.240+0000][4.224s][info][gc,task     ] GC(23) Using 2 workers of 2 for evacuation
[2026-07-01T02:14:06.265+0000][4.249s][info][gc,phases   ] GC(23)   Pre Evacuate Collection Set: 0.46ms
[2026-07-01T02:14:06.265+0000][4.249s][info][gc,phases   ] GC(23)   Merge Heap Roots: 0.06ms
[2026-07-01T02:14:06.265+0000][4.249s][info][gc,phases   ] GC(23)   Evacuate Collection Set: 23.85ms
[2026-07-01T02:14:06.265+0000][4.249s][info][gc,phases   ] GC(23)   Post Evacuate Collection Set: 0.43ms
[2026-07-01T02:14:06.265+0000][4.249s][info][gc,phases   ] GC(23)   Other: 0.06ms
[2026-07-01T02:14:06.265+0000][4.249s][info][gc,heap     ] GC(23) Eden regions: 54->0(45)
[2026-07-01T02:14:06.265+0000][4.249s][info][gc,heap     ] GC(23) Survivor regions: 1->7(7)
[2026-07-01T02:14:06.265+0000][4.249s][info][gc,heap     ] GC(23) Old regions: 111->140
[2026-07-01T02:14:06.265+0000][4.249s][info][gc,heap     ] GC(23) Humongous regions: 5->5
[2026-07-01T02:14:06.265+0000][4.249s][info][gc,metaspace] GC(23) Metaspace: 38196K(38976K)->38196K(38976K) NonClass: 33195K(33600K)->33195K(33600K) Class: 5000K(5376K)->5000K(5376K)
[2026-07-01T02:14:06.265+0000][4.249s][info][gc          ] GC(23) Pause Young (Prepare Mixed) (G1 Evacuation Pause) 171M->151M(283M) 25.004ms
[2026-07-01T02:14:06.265+0000][4.249s][info][gc,cpu      ] GC(23) User=0.04s Sys=0.00s Real=0.02s
[2026-07-01T02:14:07.358+0000][5.342s][info][gc,start    ] GC(24) Pause Young (Mixed) (G1 Evacuation Pause)
[2026-07-01T02:14:07.358+0000][5.342s][info][gc,task     ] GC(24) Using 2 workers of 2 for evacuation
[2026-07-01T02:14:07.368+0000][5.352s][info][gc,phases   ] GC(24)   Pre Evacuate Collection Set: 0.17ms
[2026-07-01T02:14:07.368+0000][5.352s][info][gc,phases   ] GC(24)   Merge Heap Roots: 0.07ms
[2026-07-01T02:14:07.368+0000][5.352s][info][gc,phases   ] GC(24)   Evacuate Collection Set: 9.38ms
[2026-07-01T02:14:07.368+0000][5.352s][info][gc,phases   ] GC(24)   Post Evacuate Collection Set: 0.38ms
[2026-07-01T02:14:07.368+0000][5.352s][info][gc,phases   ] GC(24)   Other: 0.05ms
[2026-07-01T02:14:07.368+0000][5.352s][info][gc,heap     ] GC(24) Eden regions: 45->0(46)
[2026-07-01T02:14:07.368+0000][5.352s][info][gc,heap     ] GC(24) Survivor regions: 7->7(7)
[2026-07-01T02:14:07.368+0000][5.352s][info][gc,heap     ] GC(24) Old regions: 140->150
[2026-07-01T02:14:07.368+0000][5.352s][info][gc,heap     ] GC(24) Humongous regions: 5->5
[2026-07-01T02:14:07.368+0000][5.352s][info][gc,metaspace] GC(24) Metaspace: 39658K(40512K)->39658K(40512K) NonClass: 34512K(34944K)->34512K(34944K) Class: 5146K(5568K)->5146K(5568K)
[2026-07-01T02:14:07.368+0000][5.352s][info][gc          ] GC(24) Pause Young (Mixed) (G1 Evacuation Pause) 196M->161M(283M) 10.187ms
[2026-07-01T02:14:07.368+0000][5.352s][info][gc,cpu      ] GC(24) User=0.02s Sys=0.00s Real=0.01s
[2026-07-01T02:14:08.695+0000][6.679s][info][gc,start    ] GC(25) Pause Young (Concurrent Start) (G1 Evacuation Pause)
[2026-07-01T02:14:08.695+0000][6.679s][info][gc,task     ] GC(25) Using 2 workers of 2 for evacuation
[2026-07-01T02:14:08.700+0000][6.683s][info][gc,phases   ] GC(25)   Pre Evacuate Collection Set: 0.14ms
[2026-07-01T02:14:08.700+0000][6.683s][info][gc,phases   ] GC(25)   Merge Heap Roots: 0.08ms
[2026-07-01T02:14:08.700+0000][6.683s][info][gc,phases   ] GC(25)   Evacuate Collection Set: 3.96ms
[2026-07-01T02:14:08.700+0000][6.683s][info][gc,phases   ] GC(25)   Post Evacuate Collection Set: 0.27ms
[2026-07-01T02:14:08.700+0000][6.683s][info][gc,phases   ] GC(25)   Other: 0.09ms
[2026-07-01T02:14:08.700+0000][6.683s][info][gc,heap     ] GC(25) Eden regions: 46->0(51)
[2026-07-01T02:14:08.700+0000][6.683s][info][gc,heap     ] GC(25) Survivor regions: 7->1(7)
[2026-07-01T02:14:08.700+0000][6.683s][info][gc,heap     ] GC(25) Old regions: 150->157
[2026-07-01T02:14:08.700+0000][6.683s][info][gc,heap     ] GC(25) Humongous regions: 5->5
[2026-07-01T02:14:08.700+0000][6.683s][info][gc,metaspace] GC(25) Metaspace: 40457K(41344K)->40457K(41344K) NonClass: 35308K(35776K)->35308K(35776K) Class: 5148K(5568K)->5148K(5568K)
[2026-07-01T02:14:08.700+0000][6.683s][info][gc          ] GC(25) Pause Young (Concurrent Start) (G1 Evacuation Pause) 207M->163M(283M) 4.684ms
[2026-07-01T02:14:08.700+0000][6.683s][info][gc          ] GC(26) Concurrent Mark Cycle
[2026-07-01T02:14:08.700+0000][6.683s][info][gc,cpu      ] GC(25) User=0.01s Sys=0.00s Real=0.01s
[2026-07-01T02:14:08.700+0000][6.683s][info][gc,marking  ] GC(26) Concurrent Scan Root Regions
[2026-07-01T02:14:08.750+0000][6.733s][info][gc,marking  ] GC(26) Concurrent Scan Root Regions 50.012ms
[2026-07-01T02:14:08.750+0000][6.734s][info][gc,marking  ] GC(26) Concurrent Mark
[2026-07-01T02:14:08.750+0000][6.734s][info][gc,marking  ] GC(26) Concurrent Mark From Roots
[2026-07-01T02:14:08.750+0000][6.734s][info][gc,task     ] GC(26) Using 1 workers of 1 for marking
[2026-07-01T02:14:10.176+0000][8.159s][info][gc,start    ] GC(27) Pause Young (Normal) (G1 Evacuation Pause)
[2026-07-01T02:14:10.176+0000][8.159s][info][gc,task     ] GC(27) Using 2 workers of 2 for evacuation
[2026-07-01T02:14:10.179+0000][8.163s][info][gc,phases   ] GC(27)   Pre Evacuate Collection Set: 0.14ms
[2026-07-01T02:14:10.179+0000][8.163s][info][gc,phases   ] GC(27)   Merge Heap Roots: 0.10ms
[2026-07-01T02:14:10.179+0000][8.163s][info][gc,phases   ] GC(27)   Evacuate Collection Set: 2.66ms
[2026-07-01T02:14:10.179+0000][8.163s][info][gc,phases   ] GC(27)   Post Evacuate Collection Set: 0.29ms
[2026-07-01T02:14:10.179+0000][8.163s][info][gc,phases   ] GC(27)   Other: 0.04ms
[2026-07-01T02:14:10.179+0000][8.163s][info][gc,heap     ] GC(27) Eden regions: 51->0(55)
[2026-07-01T02:14:10.179+0000][8.163s][info][gc,heap     ] GC(27) Survivor regions: 1->1(7)
[2026-07-01T02:14:10.179+0000][8.163s][info][gc,heap     ] GC(27) Old regions: 157->157
[2026-07-01T02:14:10.179+0000][8.163s][info][gc,heap     ] GC(27) Humongous regions: 5->5
[2026-07-01T02:14:10.179+0000][8.163s][info][gc,metaspace] GC(27) Metaspace: 40736K(41600K)->40736K(41600K) NonClass: 35587K(36032K)->35587K(36032K) Class: 5148K(5568K)->5148K(5568K)
[2026-07-01T02:14:10.179+0000][8.163s][info][gc          ] GC(27) Pause Young (Normal) (G1 Evacuation Pause) 214M->162M(283M) 3.339ms
[2026-07-01T02:14:10.179+0000][8.163s][info][gc,cpu      ] GC(27) User=0.01s Sys=0.00s Real=0.01s
[2026-07-01T02:14:11.543+0000][9.526s][info][gc,marking  ] GC(26) Concurrent Mark From Roots 2792.778ms
[2026-07-01T02:14:11.543+0000][9.526s][info][gc,marking  ] GC(26) Concurrent Preclean
[2026-07-01T02:14:11.543+0000][9.526s][info][gc,marking  ] GC(26) Concurrent Preclean 0.133ms
[2026-07-01T02:14:11.550+0000][9.534s][info][gc,start    ] GC(26) Pause Remark
[2026-07-01T02:14:11.558+0000][9.541s][info][gc          ] GC(26) Pause Remark 216M->214M(283M) 7.622ms
[2026-07-01T02:14:11.558+0000][9.541s][info][gc,cpu      ] GC(26) User=0.02s Sys=0.00s Real=0.00s
[2026-07-01T02:14:11.565+0000][9.549s][info][gc,marking  ] GC(26) Concurrent Mark 2815.266ms
[2026-07-01T02:14:11.565+0000][9.549s][info][gc,marking  ] GC(26) Concurrent Rebuild Remembered Sets and Scrub Regions
[2026-07-01T02:14:11.576+0000][9.560s][info][gc,start    ] GC(28) Pause Young (Normal) (G1 Evacuation Pause)
[2026-07-01T02:14:11.576+0000][9.560s][info][gc,task     ] GC(28) Using 2 workers of 2 for evacuation
[2026-07-01T02:14:11.580+0000][9.564s][info][gc,phases   ] GC(28)   Pre Evacuate Collection Set: 0.15ms
[2026-07-01T02:14:11.580+0000][9.564s][info][gc,phases   ] GC(28)   Merge Heap Roots: 0.14ms
[2026-07-01T02:14:11.580+0000][9.564s][info][gc,phases   ] GC(28)   Evacuate Collection Set: 3.53ms
[2026-07-01T02:14:11.580+0000][9.564s][info][gc,phases   ] GC(28)   Post Evacuate Collection Set: 0.39ms
[2026-07-01T02:14:11.580+0000][9.564s][info][gc,phases   ] GC(28)   Other: 0.06ms
[2026-07-01T02:14:11.580+0000][9.564s][info][gc,heap     ] GC(28) Eden regions: 55->0(77)
[2026-07-01T02:14:11.580+0000][9.564s][info][gc,heap     ] GC(28) Survivor regions: 1->1(7)
[2026-07-01T02:14:11.580+0000][9.564s][info][gc,heap     ] GC(28) Old regions: 157->157
[2026-07-01T02:14:11.580+0000][9.564s][info][gc,heap     ] GC(28) Humongous regions: 3->3
[2026-07-01T02:14:11.580+0000][9.564s][info][gc,metaspace] GC(28) Metaspace: 40875K(41856K)->40875K(41856K) NonClass: 35741K(36288K)->35741K(36288K) Class: 5134K(5568K)->5134K(5568K)
[2026-07-01T02:14:11.580+0000][9.564s][info][gc          ] GC(28) Pause Young (Normal) (G1 Evacuation Pause) 215M->160M(283M) 4.407ms
[2026-07-01T02:14:11.580+0000][9.564s][info][gc,cpu      ] GC(28) User=0.01s Sys=0.00s Real=0.01s
[2026-07-01T02:14:11.966+0000][9.950s][info][gc,marking  ] GC(26) Concurrent Rebuild Remembered Sets and Scrub Regions 400.981ms
[2026-07-01T02:14:11.969+0000][9.953s][info][gc,start    ] GC(26) Pause Cleanup
[2026-07-01T02:14:11.969+0000][9.953s][info][gc          ] GC(26) Pause Cleanup 177M->177M(283M) 0.183ms
[2026-07-01T02:14:11.969+0000][9.953s][info][gc,cpu      ] GC(26) User=0.00s Sys=0.00s Real=0.00s
[2026-07-01T02:14:11.977+0000][9.961s][info][gc,marking  ] GC(26) Concurrent Clear Claimed Marks
[2026-07-01T02:14:11.977+0000][9.961s][info][gc,marking  ] GC(26) Concurrent Clear Claimed Marks 0.218ms
[2026-07-01T02:14:11.977+0000][9.961s][info][gc,marking  ] GC(26) Concurrent Cleanup for Next Mark
[2026-07-01T02:14:11.980+0000][9.963s][info][gc,marking  ] GC(26) Concurrent Cleanup for Next Mark 2.252ms
[2026-07-01T02:14:11.980+0000][9.963s][info][gc          ] GC(26) Concurrent Mark Cycle 3279.658ms
[2026-07-01T02:14:13.250+0000][11.234s][info][gc,start    ] GC(29) Pause Young (Prepare Mixed) (G1 Evacuation Pause)
[2026-07-01T02:14:13.250+0000][11.234s][info][gc,task     ] GC(29) Using 2 workers of 2 for evacuation
[2026-07-01T02:14:13.255+0000][11.239s][info][gc,phases   ] GC(29)   Pre Evacuate Collection Set: 0.12ms
[2026-07-01T02:14:13.255+0000][11.239s][info][gc,phases   ] GC(29)   Merge Heap Roots: 0.12ms
[2026-07-01T02:14:13.255+0000][11.239s][info][gc,phases   ] GC(29)   Evacuate Collection Set: 4.31ms
[2026-07-01T02:14:13.255+0000][11.239s][info][gc,phases   ] GC(29)   Post Evacuate Collection Set: 0.41ms
[2026-07-01T02:14:13.255+0000][11.239s][info][gc,phases   ] GC(29)   Other: 0.05ms
[2026-07-01T02:14:13.255+0000][11.239s][info][gc,heap     ] GC(29) Eden regions: 77->0(83)
[2026-07-01T02:14:13.255+0000][11.239s][info][gc,heap     ] GC(29) Survivor regions: 1->3(10)
[2026-07-01T02:14:13.255+0000][11.239s][info][gc,heap     ] GC(29) Old regions: 157->157
[2026-07-01T02:14:13.255+0000][11.239s][info][gc,heap     ] GC(29) Humongous regions: 3->3
[2026-07-01T02:14:13.255+0000][11.239s][info][gc,metaspace] GC(29) Metaspace: 41076K(41920K)->41076K(41920K) NonClass: 35941K(36352K)->35941K(36352K) Class: 5135K(5568K)->5135K(5568K)
[2026-07-01T02:14:13.255+0000][11.239s][info][gc          ] GC(29) Pause Young (Prepare Mixed) (G1 Evacuation Pause) 237M->162M(283M) 5.139ms
[2026-07-01T02:14:13.255+0000][11.239s][info][gc,cpu      ] GC(29) User=0.01s Sys=0.00s Real=0.00s
[2026-07-01T02:14:14.767+0000][12.750s][info][gc,start    ] GC(30) Pause Young (Mixed) (G1 Evacuation Pause)
[2026-07-01T02:14:14.767+0000][12.750s][info][gc,task     ] GC(30) Using 2 workers of 2 for evacuation
[2026-07-01T02:14:14.773+0000][12.757s][info][gc,phases   ] GC(30)   Pre Evacuate Collection Set: 0.16ms
[2026-07-01T02:14:14.773+0000][12.757s][info][gc,phases   ] GC(30)   Merge Heap Roots: 0.16ms
[2026-07-01T02:14:14.773+0000][12.757s][info][gc,phases   ] GC(30)   Evacuate Collection Set: 5.53ms
[2026-07-01T02:14:14.773+0000][12.757s][info][gc,phases   ] GC(30)   Post Evacuate Collection Set: 0.50ms
[2026-07-01T02:14:14.773+0000][12.757s][info][gc,phases   ] GC(30)   Other: 0.06ms
[2026-07-01T02:14:14.773+0000][12.757s][info][gc,heap     ] GC(30) Eden regions: 83->0(88)
[2026-07-01T02:14:14.773+0000][12.757s][info][gc,heap     ] GC(30) Survivor regions: 3->4(11)
[2026-07-01T02:14:14.773+0000][12.757s][info][gc,heap     ] GC(30) Old regions: 157->156
[2026-07-01T02:14:14.773+0000][12.757s][info][gc,heap     ] GC(30) Humongous regions: 3->3
[2026-07-01T02:14:14.773+0000][12.757s][info][gc,metaspace] GC(30) Metaspace: 41189K(42048K)->41189K(42048K) NonClass: 36053K(36480K)->36053K(36480K) Class: 5136K(5568K)->5136K(5568K)
[2026-07-01T02:14:14.773+0000][12.757s][info][gc          ] GC(30) Pause Young (Mixed) (G1 Evacuation Pause) 245M->161M(283M) 6.548ms
[2026-07-01T02:14:14.773+0000][12.757s][info][gc,cpu      ] GC(30) User=0.02s Sys=0.00s Real=0.01s
[2026-07-01T02:14:15.968+0000][13.952s][info][gc,start    ] GC(31) Pause Young (Concurrent Start) (G1 Evacuation Pause)
[2026-07-01T02:14:15.968+0000][13.952s][info][gc,task     ] GC(31) Using 2 workers of 2 for evacuation
[2026-07-01T02:14:15.975+0000][13.959s][info][gc,phases   ] GC(31)   Pre Evacuate Collection Set: 0.17ms
[2026-07-01T02:14:15.975+0000][13.959s][info][gc,phases   ] GC(31)   Merge Heap Roots: 0.15ms
[2026-07-01T02:14:15.975+0000][13.959s][info][gc,phases   ] GC(31)   Evacuate Collection Set: 5.75ms
[2026-07-01T02:14:15.975+0000][13.959s][info][gc,phases   ] GC(31)   Post Evacuate Collection Set: 0.41ms
[2026-07-01T02:14:15.975+0000][13.959s][info][gc,phases   ] GC(31)   Other: 0.09ms
[2026-07-01T02:14:15.975+0000][13.959s][info][gc,heap     ] GC(31) Eden regions: 88->0(96)
[2026-07-01T02:14:15.975+0000][13.959s][info][gc,heap     ] GC(31) Survivor regions: 4->4(12)
[2026-07-01T02:14:15.975+0000][13.959s][info][gc,heap     ] GC(31) Old regions: 156->156
[2026-07-01T02:14:15.975+0000][13.959s][info][gc,heap     ] GC(31) Humongous regions: 3->3
[2026-07-01T02:14:15.975+0000][13.959s][info][gc,metaspace] GC(31) Metaspace: 41462K(42304K)->41462K(42304K) NonClass: 36325K(36736K)->36325K(36736K) Class: 5137K(5568K)->5137K(5568K)
[2026-07-01T02:14:15.975+0000][13.959s][info][gc          ] GC(31) Pause Young (Concurrent Start) (G1 Evacuation Pause) 249M->162M(283M) 6.702ms
[2026-07-01T02:14:15.975+0000][13.959s][info][gc          ] GC(32) Concurrent Mark Cycle
[2026-07-01T02:14:15.975+0000][13.959s][info][gc,marking  ] GC(32) Concurrent Scan Root Regions
[2026-07-01T02:14:15.975+0000][13.959s][info][gc,cpu      ] GC(31) User=0.02s Sys=0.00s Real=0.00s
[2026-07-01T02:14:15.980+0000][13.964s][info][gc,marking  ] GC(32) Concurrent Scan Root Regions 4.940ms
[2026-07-01T02:14:15.980+0000][13.964s][info][gc,marking  ] GC(32) Concurrent Mark
[2026-07-01T02:14:15.980+0000][13.964s][info][gc,marking  ] GC(32) Concurrent Mark From Roots
[2026-07-01T02:14:15.980+0000][13.964s][info][gc,task     ] GC(32) Using 1 workers of 1 for marking
[2026-07-01T02:14:16.873+0000][14.857s][info][gc,marking  ] GC(32) Concurrent Mark From Roots 892.832ms
[2026-07-01T02:14:16.873+0000][14.857s][info][gc,marking  ] GC(32) Concurrent Preclean
[2026-07-01T02:14:16.873+0000][14.857s][info][gc,marking  ] GC(32) Concurrent Preclean 0.174ms
[2026-07-01T02:14:16.875+0000][14.858s][info][gc,start    ] GC(32) Pause Remark
[2026-07-01T02:14:16.882+0000][14.865s][info][gc          ] GC(32) Pause Remark 238M->238M(283M) 7.306ms
[2026-07-01T02:14:16.882+0000][14.866s][info][gc,cpu      ] GC(32) User=0.02s Sys=0.01s Real=0.01s
[2026-07-01T02:14:16.884+0000][14.868s][info][gc,marking  ] GC(32) Concurrent Mark 904.098ms
[2026-07-01T02:14:16.884+0000][14.868s][info][gc,marking  ] GC(32) Concurrent Rebuild Remembered Sets and Scrub Regions
[2026-07-01T02:14:17.103+0000][15.087s][info][gc,start    ] GC(33) Pause Young (Normal) (G1 Evacuation Pause)
[2026-07-01T02:14:17.103+0000][15.087s][info][gc,task     ] GC(33) Using 2 workers of 2 for evacuation
[2026-07-01T02:14:17.110+0000][15.094s][info][gc,phases   ] GC(33)   Pre Evacuate Collection Set: 0.21ms
[2026-07-01T02:14:17.110+0000][15.094s][info][gc,phases   ] GC(33)   Merge Heap Roots: 0.33ms
[2026-07-01T02:14:17.110+0000][15.094s][info][gc,phases   ] GC(33)   Evacuate Collection Set: 5.98ms
[2026-07-01T02:14:17.110+0000][15.094s][info][gc,phases   ] GC(33)   Post Evacuate Collection Set: 0.36ms
[2026-07-01T02:14:17.110+0000][15.094s][info][gc,phases   ] GC(33)   Other: 0.06ms
[2026-07-01T02:14:17.110+0000][15.094s][info][gc,heap     ] GC(33) Eden regions: 96->0(98)
[2026-07-01T02:14:17.110+0000][15.094s][info][gc,heap     ] GC(33) Survivor regions: 4->4(13)
[2026-07-01T02:14:17.110+0000][15.094s][info][gc,heap     ] GC(33) Old regions: 156->156
[2026-07-01T02:14:17.110+0000][15.094s][info][gc,heap     ] GC(33) Humongous regions: 3->3
[2026-07-01T02:14:17.110+0000][15.094s][info][gc,metaspace] GC(33) Metaspace: 41505K(42368K)->41505K(42368K) NonClass: 36368K(36800K)->36368K(36800K) Class: 5137K(5568K)->5137K(5568K)
[2026-07-01T02:14:17.110+0000][15.094s][info][gc          ] GC(33) Pause Young (Normal) (G1 Evacuation Pause) 258M->162M(283M) 7.075ms
[2026-07-01T02:14:17.110+0000][15.094s][info][gc,cpu      ] GC(33) User=0.01s Sys=0.00s Real=0.01s
[2026-07-01T02:14:17.214+0000][15.197s][info][gc,marking  ] GC(32) Concurrent Rebuild Remembered Sets and Scrub Regions 329.354ms
[2026-07-01T02:14:17.241+0000][15.224s][info][gc,start    ] GC(32) Pause Cleanup
[2026-07-01T02:14:17.241+0000][15.224s][info][gc          ] GC(32) Pause Cleanup 173M->173M(283M) 0.190ms
[2026-07-01T02:14:17.241+0000][15.224s][info][gc,cpu      ] GC(32) User=0.00s Sys=0.00s Real=0.00s
[2026-07-01T02:14:17.245+0000][15.229s][info][gc,marking  ] GC(32) Concurrent Clear Claimed Marks
[2026-07-01T02:14:17.245+0000][15.229s][info][gc,marking  ] GC(32) Concurrent Clear Claimed Marks 0.140ms
[2026-07-01T02:14:17.245+0000][15.229s][info][gc,marking  ] GC(32) Concurrent Cleanup for Next Mark
[2026-07-01T02:14:17.247+0000][15.231s][info][gc,marking  ] GC(32) Concurrent Cleanup for Next Mark 1.932ms
[2026-07-01T02:14:17.247+0000][15.231s][info][gc          ] GC(32) Concurrent Mark Cycle 1272.188ms
[2026-07-01T02:14:18.111+0000][16.095s][info][gc,start    ] GC(34) Pause Young (Prepare Mixed) (G1 Evacuation Pause)
[2026-07-01T02:14:18.112+0000][16.095s][info][gc,task     ] GC(34) Using 2 workers of 2 for evacuation
[2026-07-01T02:14:18.141+0000][16.124s][info][gc,phases   ] GC(34)   Pre Evacuate Collection Set: 2.62ms
[2026-07-01T02:14:18.141+0000][16.124s][info][gc,phases   ] GC(34)   Merge Heap Roots: 0.20ms
[2026-07-01T02:14:18.141+0000][16.124s][info][gc,phases   ] GC(34)   Evacuate Collection Set: 25.75ms
[2026-07-01T02:14:18.141+0000][16.124s][info][gc,phases   ] GC(34)   Post Evacuate Collection Set: 0.54ms
[2026-07-01T02:14:18.141+0000][16.124s][info][gc,phases   ] GC(34)   Other: 0.07ms
[2026-07-01T02:14:18.141+0000][16.124s][info][gc,heap     ] GC(34) Eden regions: 98->0(103)
[2026-07-01T02:14:18.141+0000][16.124s][info][gc,heap     ] GC(34) Survivor regions: 4->4(13)
[2026-07-01T02:14:18.141+0000][16.124s][info][gc,heap     ] GC(34) Old regions: 156->156
[2026-07-01T02:14:18.141+0000][16.124s][info][gc,heap     ] GC(34) Humongous regions: 3->3
[2026-07-01T02:14:18.141+0000][16.124s][info][gc,metaspace] GC(34) Metaspace: 41517K(42432K)->41517K(42432K) NonClass: 36380K(36864K)->36380K(36864K) Class: 5137K(5568K)->5137K(5568K)
[2026-07-01T02:14:18.141+0000][16.124s][info][gc          ] GC(34) Pause Young (Prepare Mixed) (G1 Evacuation Pause) 260M->162M(283M) 29.365ms
[2026-07-01T02:14:18.141+0000][16.124s][info][gc,cpu      ] GC(34) User=0.02s Sys=0.00s Real=0.03s
[2026-07-01T02:14:19.164+0000][17.147s][info][gc,start    ] GC(35) Pause Young (Mixed) (G1 Evacuation Pause)
[2026-07-01T02:14:19.164+0000][17.147s][info][gc,task     ] GC(35) Using 2 workers of 2 for evacuation
[2026-07-01T02:14:19.173+0000][17.157s][info][gc,phases   ] GC(35)   Pre Evacuate Collection Set: 0.16ms
[2026-07-01T02:14:19.173+0000][17.157s][info][gc,phases   ] GC(35)   Merge Heap Roots: 0.19ms
[2026-07-01T02:14:19.173+0000][17.157s][info][gc,phases   ] GC(35)   Evacuate Collection Set: 8.42ms
[2026-07-01T02:14:19.173+0000][17.157s][info][gc,phases   ] GC(35)   Post Evacuate Collection Set: 0.49ms
[2026-07-01T02:14:19.173+0000][17.157s][info][gc,phases   ] GC(35)   Other: 0.10ms
[2026-07-01T02:14:19.173+0000][17.157s][info][gc,heap     ] GC(35) Eden regions: 103->0(106)
[2026-07-01T02:14:19.173+0000][17.157s][info][gc,heap     ] GC(35) Survivor regions: 4->4(14)
[2026-07-01T02:14:19.173+0000][17.157s][info][gc,heap     ] GC(35) Old regions: 156->155
[2026-07-01T02:14:19.173+0000][17.157s][info][gc,heap     ] GC(35) Humongous regions: 3->3
[2026-07-01T02:14:19.173+0000][17.157s][info][gc,metaspace] GC(35) Metaspace: 41547K(42432K)->41547K(42432K) NonClass: 36410K(36864K)->36410K(36864K) Class: 5137K(5568K)->5137K(5568K)
[2026-07-01T02:14:19.173+0000][17.157s][info][gc          ] GC(35) Pause Young (Mixed) (G1 Evacuation Pause) 265M->161M(283M) 9.526ms
[2026-07-01T02:14:19.173+0000][17.157s][info][gc,cpu      ] GC(35) User=0.02s Sys=0.01s Real=0.01s
[2026-07-01T02:14:20.288+0000][18.271s][info][gc,start    ] GC(36) Pause Young (Concurrent Start) (G1 Evacuation Pause)
[2026-07-01T02:14:20.288+0000][18.271s][info][gc,task     ] GC(36) Using 2 workers of 2 for evacuation
[2026-07-01T02:14:20.297+0000][18.280s][info][gc,phases   ] GC(36)   Pre Evacuate Collection Set: 0.24ms
[2026-07-01T02:14:20.297+0000][18.280s][info][gc,phases   ] GC(36)   Merge Heap Roots: 0.24ms
[2026-07-01T02:14:20.297+0000][18.280s][info][gc,phases   ] GC(36)   Evacuate Collection Set: 7.96ms
[2026-07-01T02:14:20.297+0000][18.280s][info][gc,phases   ] GC(36)   Post Evacuate Collection Set: 0.42ms
[2026-07-01T02:14:20.297+0000][18.280s][info][gc,phases   ] GC(36)   Other: 0.09ms
[2026-07-01T02:14:20.297+0000][18.280s][info][gc,heap     ] GC(36) Eden regions: 106->0(105)
[2026-07-01T02:14:20.297+0000][18.280s][info][gc,heap     ] GC(36) Survivor regions: 4->5(14)
[2026-07-01T02:14:20.297+0000][18.280s][info][gc,heap     ] GC(36) Old regions: 155->155
[2026-07-01T02:14:20.297+0000][18.280s][info][gc,heap     ] GC(36) Humongous regions: 3->3
[2026-07-01T02:14:20.297+0000][18.280s][info][gc,metaspace] GC(36) Metaspace: 41549K(42432K)->41549K(42432K) NonClass: 36412K(36864K)->36412K(36864K) Class: 5137K(5568K)->5137K(5568K)
[2026-07-01T02:14:20.297+0000][18.280s][info][gc          ] GC(36) Pause Young (Concurrent Start) (G1 Evacuation Pause) 267M->161M(283M) 9.084ms
[2026-07-01T02:14:20.297+0000][18.280s][info][gc          ] GC(37) Concurrent Mark Cycle
[2026-07-01T02:14:20.297+0000][18.280s][info][gc,marking  ] GC(37) Concurrent Scan Root Regions
[2026-07-01T02:14:20.297+0000][18.280s][info][gc,cpu      ] GC(36) User=0.02s Sys=0.00s Real=0.01s
[2026-07-01T02:14:20.303+0000][18.286s][info][gc,marking  ] GC(37) Concurrent Scan Root Regions 5.957ms
[2026-07-01T02:14:20.303+0000][18.286s][info][gc,marking  ] GC(37) Concurrent Mark
[2026-07-01T02:14:20.303+0000][18.286s][info][gc,marking  ] GC(37) Concurrent Mark From Roots
[2026-07-01T02:14:20.303+0000][18.286s][info][gc,task     ] GC(37) Using 1 workers of 1 for marking
[2026-07-01T02:14:21.358+0000][19.342s][info][gc,marking  ] GC(37) Concurrent Mark From Roots 1055.364ms
[2026-07-01T02:14:21.358+0000][19.342s][info][gc,marking  ] GC(37) Concurrent Preclean
[2026-07-01T02:14:21.359+0000][19.342s][info][gc,marking  ] GC(37) Concurrent Preclean 0.516ms
[2026-07-01T02:14:21.359+0000][19.342s][info][gc,start    ] GC(37) Pause Remark
[2026-07-01T02:14:21.365+0000][19.348s][info][gc          ] GC(37) Pause Remark 254M->254M(283M) 5.916ms
[2026-07-01T02:14:21.365+0000][19.348s][info][gc,cpu      ] GC(37) User=0.01s Sys=0.00s Real=0.00s
[2026-07-01T02:14:21.372+0000][19.355s][info][gc,marking  ] GC(37) Concurrent Mark 1068.962ms
[2026-07-01T02:14:21.372+0000][19.355s][info][gc,marking  ] GC(37) Concurrent Rebuild Remembered Sets and Scrub Regions
[2026-07-01T02:14:21.489+0000][19.472s][info][gc,start    ] GC(38) Pause Young (Normal) (G1 Evacuation Pause)
[2026-07-01T02:14:21.489+0000][19.472s][info][gc,task     ] GC(38) Using 2 workers of 2 for evacuation
[2026-07-01T02:14:21.498+0000][19.481s][info][gc,phases   ] GC(38)   Pre Evacuate Collection Set: 0.15ms
[2026-07-01T02:14:21.498+0000][19.481s][info][gc,phases   ] GC(38)   Merge Heap Roots: 0.20ms
[2026-07-01T02:14:21.498+0000][19.481s][info][gc,phases   ] GC(38)   Evacuate Collection Set: 8.42ms
[2026-07-01T02:14:21.498+0000][19.481s][info][gc,phases   ] GC(38)   Post Evacuate Collection Set: 0.39ms
[2026-07-01T02:14:21.498+0000][19.481s][info][gc,phases   ] GC(38)   Other: 0.06ms
[2026-07-01T02:14:21.498+0000][19.481s][info][gc,heap     ] GC(38) Eden regions: 105->0(105)
[2026-07-01T02:14:21.498+0000][19.481s][info][gc,heap     ] GC(38) Survivor regions: 5->5(14)
[2026-07-01T02:14:21.498+0000][19.481s][info][gc,heap     ] GC(38) Old regions: 155->155
[2026-07-01T02:14:21.498+0000][19.481s][info][gc,heap     ] GC(38) Humongous regions: 3->3
[2026-07-01T02:14:21.498+0000][19.481s][info][gc,metaspace] GC(38) Metaspace: 41562K(42432K)->41562K(42432K) NonClass: 36425K(36864K)->36425K(36864K) Class: 5137K(5568K)->5137K(5568K)
[2026-07-01T02:14:21.498+0000][19.482s][info][gc          ] GC(38) Pause Young (Normal) (G1 Evacuation Pause) 266M->162M(283M) 9.365ms
[2026-07-01T02:14:21.498+0000][19.482s][info][gc,cpu      ] GC(38) User=0.02s Sys=0.00s Real=0.00s
[2026-07-01T02:14:21.761+0000][19.745s][info][gc,marking  ] GC(37) Concurrent Rebuild Remembered Sets and Scrub Regions 389.708ms
[2026-07-01T02:14:21.762+0000][19.745s][info][gc,start    ] GC(37) Pause Cleanup
[2026-07-01T02:14:21.762+0000][19.745s][info][gc          ] GC(37) Pause Cleanup 184M->184M(283M) 0.186ms
[2026-07-01T02:14:21.762+0000][19.745s][info][gc,cpu      ] GC(37) User=0.00s Sys=0.00s Real=0.00s
[2026-07-01T02:14:21.762+0000][19.746s][info][gc,marking  ] GC(37) Concurrent Clear Claimed Marks
[2026-07-01T02:14:21.763+0000][19.746s][info][gc,marking  ] GC(37) Concurrent Clear Claimed Marks 0.144ms
[2026-07-01T02:14:21.763+0000][19.746s][info][gc,marking  ] GC(37) Concurrent Cleanup for Next Mark
[2026-07-01T02:14:21.763+0000][19.747s][info][gc,marking  ] GC(37) Concurrent Cleanup for Next Mark 0.638ms
[2026-07-01T02:14:21.763+0000][19.747s][info][gc          ] GC(37) Concurrent Mark Cycle 1466.663ms
[2026-07-01T02:14:22.617+0000][20.601s][info][gc,start    ] GC(39) Pause Young (Prepare Mixed) (G1 Evacuation Pause)
[2026-07-01T02:14:22.617+0000][20.601s][info][gc,task     ] GC(39) Using 2 workers of 2 for evacuation
[2026-07-01T02:14:22.630+0000][20.613s][info][gc,phases   ] GC(39)   Pre Evacuate Collection Set: 0.15ms
[2026-07-01T02:14:22.630+0000][20.613s][info][gc,phases   ] GC(39)   Merge Heap Roots: 0.29ms
[2026-07-01T02:14:22.630+0000][20.613s][info][gc,phases   ] GC(39)   Evacuate Collection Set: 11.32ms
[2026-07-01T02:14:22.630+0000][20.613s][info][gc,phases   ] GC(39)   Post Evacuate Collection Set: 0.54ms
[2026-07-01T02:14:22.630+0000][20.613s][info][gc,phases   ] GC(39)   Other: 0.06ms
[2026-07-01T02:14:22.630+0000][20.613s][info][gc,heap     ] GC(39) Eden regions: 105->0(105)
[2026-07-01T02:14:22.630+0000][20.613s][info][gc,heap     ] GC(39) Survivor regions: 5->5(14)
[2026-07-01T02:14:22.630+0000][20.613s][info][gc,heap     ] GC(39) Old regions: 155->155
[2026-07-01T02:14:22.630+0000][20.613s][info][gc,heap     ] GC(39) Humongous regions: 3->3
[2026-07-01T02:14:22.630+0000][20.613s][info][gc,metaspace] GC(39) Metaspace: 41593K(42496K)->41593K(42496K) NonClass: 36456K(36928K)->36456K(36928K) Class: 5137K(5568K)->5137K(5568K)
[2026-07-01T02:14:22.630+0000][20.613s][info][gc          ] GC(39) Pause Young (Prepare Mixed) (G1 Evacuation Pause) 267M->162M(283M) 12.524ms
[2026-07-01T02:14:22.630+0000][20.613s][info][gc,cpu      ] GC(39) User=0.04s Sys=0.00s Real=0.02s
[2026-07-01T02:14:23.848+0000][21.832s][info][gc,start    ] GC(40) Pause Young (Mixed) (G1 Evacuation Pause)
[2026-07-01T02:14:23.849+0000][21.832s][info][gc,task     ] GC(40) Using 2 workers of 2 for evacuation
[2026-07-01T02:14:23.863+0000][21.847s][info][gc,phases   ] GC(40)   Pre Evacuate Collection Set: 0.16ms
[2026-07-01T02:14:23.863+0000][21.847s][info][gc,phases   ] GC(40)   Merge Heap Roots: 0.21ms
[2026-07-01T02:14:23.863+0000][21.847s][info][gc,phases   ] GC(40)   Evacuate Collection Set: 13.52ms
[2026-07-01T02:14:23.863+0000][21.847s][info][gc,phases   ] GC(40)   Post Evacuate Collection Set: 0.53ms
[2026-07-01T02:14:23.863+0000][21.847s][info][gc,phases   ] GC(40)   Other: 0.05ms
[2026-07-01T02:14:23.863+0000][21.847s][info][gc,heap     ] GC(40) Eden regions: 105->0(105)
[2026-07-01T02:14:23.863+0000][21.847s][info][gc,heap     ] GC(40) Survivor regions: 5->6(14)
[2026-07-01T02:14:23.863+0000][21.847s][info][gc,heap     ] GC(40) Old regions: 155->154
[2026-07-01T02:14:23.863+0000][21.847s][info][gc,heap     ] GC(40) Humongous regions: 3->3
[2026-07-01T02:14:23.863+0000][21.847s][info][gc,metaspace] GC(40) Metaspace: 41618K(42496K)->41618K(42496K) NonClass: 36480K(36928K)->36480K(36928K) Class: 5137K(5568K)->5137K(5568K)
[2026-07-01T02:14:23.863+0000][21.847s][info][gc          ] GC(40) Pause Young (Mixed) (G1 Evacuation Pause) 267M->162M(283M) 14.682ms
[2026-07-01T02:14:23.863+0000][21.847s][info][gc,cpu      ] GC(40) User=0.04s Sys=0.00s Real=0.01s
[2026-07-01T02:14:24.753+0000][22.737s][info][gc,start    ] GC(41) Pause Young (Concurrent Start) (G1 Evacuation Pause)
[2026-07-01T02:14:24.753+0000][22.737s][info][gc,task     ] GC(41) Using 2 workers of 2 for evacuation
[2026-07-01T02:14:24.765+0000][22.749s][info][gc,phases   ] GC(41)   Pre Evacuate Collection Set: 0.16ms
[2026-07-01T02:14:24.765+0000][22.749s][info][gc,phases   ] GC(41)   Merge Heap Roots: 0.19ms
[2026-07-01T02:14:24.765+0000][22.749s][info][gc,phases   ] GC(41)   Evacuate Collection Set: 11.05ms
[2026-07-01T02:14:24.765+0000][22.749s][info][gc,phases   ] GC(41)   Post Evacuate Collection Set: 0.43ms
[2026-07-01T02:14:24.765+0000][22.749s][info][gc,phases   ] GC(41)   Other: 0.07ms
[2026-07-01T02:14:24.765+0000][22.749s][info][gc,heap     ] GC(41) Eden regions: 105->0(105)
[2026-07-01T02:14:24.765+0000][22.749s][info][gc,heap     ] GC(41) Survivor regions: 6->6(14)
[2026-07-01T02:14:24.765+0000][22.749s][info][gc,heap     ] GC(41) Old regions: 154->154
[2026-07-01T02:14:24.765+0000][22.749s][info][gc,heap     ] GC(41) Humongous regions: 3->3
[2026-07-01T02:14:24.765+0000][22.749s][info][gc,metaspace] GC(41) Metaspace: 41620K(42496K)->41620K(42496K) NonClass: 36482K(36928K)->36482K(36928K) Class: 5137K(5568K)->5137K(5568K)
[2026-07-01T02:14:24.765+0000][22.749s][info][gc          ] GC(41) Pause Young (Concurrent Start) (G1 Evacuation Pause) 267M->162M(283M) 12.081ms
[2026-07-01T02:14:24.765+0000][22.749s][info][gc          ] GC(42) Concurrent Mark Cycle
[2026-07-01T02:14:24.765+0000][22.749s][info][gc,marking  ] GC(42) Concurrent Scan Root Regions
[2026-07-01T02:14:24.765+0000][22.749s][info][gc,cpu      ] GC(41) User=0.04s Sys=0.00s Real=0.01s
[2026-07-01T02:14:24.775+0000][22.758s][info][gc,marking  ] GC(42) Concurrent Scan Root Regions 9.556ms
[2026-07-01T02:14:24.775+0000][22.758s][info][gc,marking  ] GC(42) Concurrent Mark
[2026-07-01T02:14:24.775+0000][22.758s][info][gc,marking  ] GC(42) Concurrent Mark From Roots
[2026-07-01T02:14:24.775+0000][22.758s][info][gc,task     ] GC(42) Using 1 workers of 1 for marking
[2026-07-01T02:14:25.498+0000][23.482s][info][gc,marking  ] GC(42) Concurrent Mark From Roots 723.656ms
[2026-07-01T02:14:25.498+0000][23.482s][info][gc,marking  ] GC(42) Concurrent Preclean
[2026-07-01T02:14:25.499+0000][23.482s][info][gc,marking  ] GC(42) Concurrent Preclean 0.124ms
[2026-07-01T02:14:25.499+0000][23.482s][info][gc,start    ] GC(42) Pause Remark
[2026-07-01T02:14:25.517+0000][23.501s][info][gc          ] GC(42) Pause Remark 226M->226M(283M) 18.292ms
[2026-07-01T02:14:25.517+0000][23.501s][info][gc,cpu      ] GC(42) User=0.03s Sys=0.00s Real=0.01s
[2026-07-01T02:14:25.518+0000][23.502s][info][gc,marking  ] GC(42) Concurrent Mark 743.181ms
[2026-07-01T02:14:25.518+0000][23.502s][info][gc,marking  ] GC(42) Concurrent Rebuild Remembered Sets and Scrub Regions
[2026-07-01T02:14:25.645+0000][23.629s][info][gc,marking  ] GC(42) Concurrent Rebuild Remembered Sets and Scrub Regions 127.356ms
[2026-07-01T02:14:25.645+0000][23.629s][info][gc,start    ] GC(42) Pause Cleanup
[2026-07-01T02:14:25.646+0000][23.629s][info][gc          ] GC(42) Pause Cleanup 229M->229M(283M) 0.170ms
[2026-07-01T02:14:25.646+0000][23.629s][info][gc,cpu      ] GC(42) User=0.00s Sys=0.00s Real=0.00s
[2026-07-01T02:14:25.648+0000][23.631s][info][gc,marking  ] GC(42) Concurrent Clear Claimed Marks
[2026-07-01T02:14:25.648+0000][23.631s][info][gc,marking  ] GC(42) Concurrent Clear Claimed Marks 0.094ms
[2026-07-01T02:14:25.648+0000][23.631s][info][gc,marking  ] GC(42) Concurrent Cleanup for Next Mark
[2026-07-01T02:14:25.648+0000][23.632s][info][gc,marking  ] GC(42) Concurrent Cleanup for Next Mark 0.480ms
[2026-07-01T02:14:25.648+0000][23.632s][info][gc          ] GC(42) Concurrent Mark Cycle 883.038ms
[2026-07-01T02:14:26.084+0000][24.068s][info][gc,start    ] GC(43) Pause Young (Prepare Mixed) (G1 Evacuation Pause)
[2026-07-01T02:14:26.084+0000][24.068s][info][gc,task     ] GC(43) Using 2 workers of 2 for evacuation
[2026-07-01T02:14:26.100+0000][24.084s][info][gc,phases   ] GC(43)   Pre Evacuate Collection Set: 0.22ms
[2026-07-01T02:14:26.100+0000][24.084s][info][gc,phases   ] GC(43)   Merge Heap Roots: 0.42ms
[2026-07-01T02:14:26.100+0000][24.084s][info][gc,phases   ] GC(43)   Evacuate Collection Set: 14.37ms
[2026-07-01T02:14:26.100+0000][24.084s][info][gc,phases   ] GC(43)   Post Evacuate Collection Set: 0.82ms
[2026-07-01T02:14:26.100+0000][24.084s][info][gc,phases   ] GC(43)   Other: 0.06ms
[2026-07-01T02:14:26.100+0000][24.084s][info][gc,heap     ] GC(43) Eden regions: 105->0(104)
[2026-07-01T02:14:26.100+0000][24.084s][info][gc,heap     ] GC(43) Survivor regions: 6->7(14)
[2026-07-01T02:14:26.100+0000][24.084s][info][gc,heap     ] GC(43) Old regions: 154->154
[2026-07-01T02:14:26.100+0000][24.084s][info][gc,heap     ] GC(43) Humongous regions: 3->3
[2026-07-01T02:14:26.100+0000][24.084s][info][gc,metaspace] GC(43) Metaspace: 41626K(42496K)->41626K(42496K) NonClass: 36489K(36928K)->36489K(36928K) Class: 5137K(5568K)->5137K(5568K)
[2026-07-01T02:14:26.100+0000][24.084s][info][gc          ] GC(43) Pause Young (Prepare Mixed) (G1 Evacuation Pause) 267M->162M(283M) 16.102ms
[2026-07-01T02:14:26.100+0000][24.084s][info][gc,cpu      ] GC(43) User=0.04s Sys=0.00s Real=0.02s
[2026-07-01T02:14:27.151+0000][25.134s][info][gc,start    ] GC(44) Pause Young (Mixed) (G1 Evacuation Pause)
[2026-07-01T02:14:27.151+0000][25.134s][info][gc,task     ] GC(44) Using 2 workers of 2 for evacuation
[2026-07-01T02:14:27.169+0000][25.152s][info][gc,phases   ] GC(44)   Pre Evacuate Collection Set: 0.23ms
[2026-07-01T02:14:27.169+0000][25.152s][info][gc,phases   ] GC(44)   Merge Heap Roots: 0.44ms
[2026-07-01T02:14:27.169+0000][25.152s][info][gc,phases   ] GC(44)   Evacuate Collection Set: 16.61ms
[2026-07-01T02:14:27.169+0000][25.152s][info][gc,phases   ] GC(44)   Post Evacuate Collection Set: 0.53ms
[2026-07-01T02:14:27.169+0000][25.152s][info][gc,phases   ] GC(44)   Other: 0.05ms
[2026-07-01T02:14:27.169+0000][25.152s][info][gc,heap     ] GC(44) Eden regions: 104->0(105)
[2026-07-01T02:14:27.169+0000][25.152s][info][gc,heap     ] GC(44) Survivor regions: 7->7(14)
[2026-07-01T02:14:27.169+0000][25.152s][info][gc,heap     ] GC(44) Old regions: 154->153
[2026-07-01T02:14:27.169+0000][25.152s][info][gc,heap     ] GC(44) Humongous regions: 3->3
[2026-07-01T02:14:27.169+0000][25.152s][info][gc,metaspace] GC(44) Metaspace: 41626K(42496K)->41626K(42496K) NonClass: 36489K(36928K)->36489K(36928K) Class: 5137K(5568K)->5137K(5568K)
[2026-07-01T02:14:27.169+0000][25.152s][info][gc          ] GC(44) Pause Young (Mixed) (G1 Evacuation Pause) 266M->162M(283M) 17.986ms
[2026-07-01T02:14:27.169+0000][25.152s][info][gc,cpu      ] GC(44) User=0.03s Sys=0.00s Real=0.02s
[2026-07-01T02:14:28.042+0000][26.025s][info][gc,start    ] GC(45) Pause Young (Concurrent Start) (G1 Evacuation Pause)
[2026-07-01T02:14:28.042+0000][26.026s][info][gc,task     ] GC(45) Using 2 workers of 2 for evacuation
[2026-07-01T02:14:28.055+0000][26.038s][info][gc,phases   ] GC(45)   Pre Evacuate Collection Set: 0.16ms
[2026-07-01T02:14:28.055+0000][26.038s][info][gc,phases   ] GC(45)   Merge Heap Roots: 0.25ms
[2026-07-01T02:14:28.055+0000][26.038s][info][gc,phases   ] GC(45)   Evacuate Collection Set: 11.83ms
[2026-07-01T02:14:28.055+0000][26.038s][info][gc,phases   ] GC(45)   Post Evacuate Collection Set: 0.50ms
[2026-07-01T02:14:28.055+0000][26.038s][info][gc,phases   ] GC(45)   Other: 0.08ms
[2026-07-01T02:14:28.055+0000][26.038s][info][gc,heap     ] GC(45) Eden regions: 105->0(105)
[2026-07-01T02:14:28.055+0000][26.038s][info][gc,heap     ] GC(45) Survivor regions: 7->7(14)
[2026-07-01T02:14:28.055+0000][26.038s][info][gc,heap     ] GC(45) Old regions: 153->153
[2026-07-01T02:14:28.055+0000][26.038s][info][gc,heap     ] GC(45) Humongous regions: 3->3
[2026-07-01T02:14:28.055+0000][26.038s][info][gc,metaspace] GC(45) Metaspace: 41627K(42496K)->41627K(42496K) NonClass: 36489K(36928K)->36489K(36928K) Class: 5137K(5568K)->5137K(5568K)
[2026-07-01T02:14:28.055+0000][26.038s][info][gc          ] GC(45) Pause Young (Concurrent Start) (G1 Evacuation Pause) 267M->162M(283M) 12.967ms
[2026-07-01T02:14:28.055+0000][26.038s][info][gc          ] GC(46) Concurrent Mark Cycle
[2026-07-01T02:14:28.055+0000][26.038s][info][gc,marking  ] GC(46) Concurrent Scan Root Regions
[2026-07-01T02:14:28.055+0000][26.038s][info][gc,cpu      ] GC(45) User=0.02s Sys=0.00s Real=0.01s
[2026-07-01T02:14:28.074+0000][26.058s][info][gc,marking  ] GC(46) Concurrent Scan Root Regions 19.176ms
[2026-07-01T02:14:28.074+0000][26.058s][info][gc,marking  ] GC(46) Concurrent Mark
[2026-07-01T02:14:28.074+0000][26.058s][info][gc,marking  ] GC(46) Concurrent Mark From Roots
[2026-07-01T02:14:28.074+0000][26.058s][info][gc,task     ] GC(46) Using 1 workers of 1 for marking
[2026-07-01T02:14:28.898+0000][26.882s][info][gc,marking  ] GC(46) Concurrent Mark From Roots 823.895ms
[2026-07-01T02:14:28.898+0000][26.882s][info][gc,marking  ] GC(46) Concurrent Preclean
[2026-07-01T02:14:28.898+0000][26.882s][info][gc,marking  ] GC(46) Concurrent Preclean 0.407ms
[2026-07-01T02:14:28.899+0000][26.883s][info][gc,start    ] GC(46) Pause Remark
[2026-07-01T02:14:28.907+0000][26.890s][info][gc          ] GC(46) Pause Remark 233M->233M(283M) 7.017ms
[2026-07-01T02:14:28.907+0000][26.890s][info][gc,cpu      ] GC(46) User=0.01s Sys=0.00s Real=0.00s
[2026-07-01T02:14:28.912+0000][26.896s][info][gc,marking  ] GC(46) Concurrent Mark 837.928ms
[2026-07-01T02:14:28.912+0000][26.896s][info][gc,marking  ] GC(46) Concurrent Rebuild Remembered Sets and Scrub Regions
[2026-07-01T02:14:29.154+0000][27.138s][info][gc,marking  ] GC(46) Concurrent Rebuild Remembered Sets and Scrub Regions 242.081ms
[2026-07-01T02:14:29.154+0000][27.138s][info][gc,start    ] GC(46) Pause Cleanup
[2026-07-01T02:14:29.155+0000][27.138s][info][gc          ] GC(46) Pause Cleanup 252M->252M(283M) 0.153ms
[2026-07-01T02:14:29.155+0000][27.138s][info][gc,cpu      ] GC(46) User=0.00s Sys=0.00s Real=0.00s
[2026-07-01T02:14:29.158+0000][27.142s][info][gc,marking  ] GC(46) Concurrent Clear Claimed Marks
[2026-07-01T02:14:29.158+0000][27.142s][info][gc,marking  ] GC(46) Concurrent Clear Claimed Marks 0.116ms
[2026-07-01T02:14:29.158+0000][27.142s][info][gc,marking  ] GC(46) Concurrent Cleanup for Next Mark
[2026-07-01T02:14:29.179+0000][27.163s][info][gc,marking  ] GC(46) Concurrent Cleanup for Next Mark 21.155ms
[2026-07-01T02:14:29.179+0000][27.163s][info][gc          ] GC(46) Concurrent Mark Cycle 1124.484ms
[2026-07-01T02:14:29.285+0000][27.268s][info][gc,start    ] GC(47) Pause Young (Prepare Mixed) (G1 Evacuation Pause)
[2026-07-01T02:14:29.285+0000][27.269s][info][gc,task     ] GC(47) Using 2 workers of 2 for evacuation
[2026-07-01T02:14:29.297+0000][27.281s][info][gc,phases   ] GC(47)   Pre Evacuate Collection Set: 0.16ms
[2026-07-01T02:14:29.297+0000][27.281s][info][gc,phases   ] GC(47)   Merge Heap Roots: 0.32ms
[2026-07-01T02:14:29.297+0000][27.281s][info][gc,phases   ] GC(47)   Evacuate Collection Set: 11.36ms
[2026-07-01T02:14:29.297+0000][27.281s][info][gc,phases   ] GC(47)   Post Evacuate Collection Set: 0.46ms
[2026-07-01T02:14:29.297+0000][27.281s][info][gc,phases   ] GC(47)   Other: 0.05ms
[2026-07-01T02:14:29.297+0000][27.281s][info][gc,heap     ] GC(47) Eden regions: 105->0(104)
[2026-07-01T02:14:29.297+0000][27.281s][info][gc,heap     ] GC(47) Survivor regions: 7->7(14)
[2026-07-01T02:14:29.297+0000][27.281s][info][gc,heap     ] GC(47) Old regions: 153->154
[2026-07-01T02:14:29.297+0000][27.281s][info][gc,heap     ] GC(47) Humongous regions: 3->3
[2026-07-01T02:14:29.297+0000][27.281s][info][gc,metaspace] GC(47) Metaspace: 41629K(42496K)->41629K(42496K) NonClass: 36492K(36928K)->36492K(36928K) Class: 5137K(5568K)->5137K(5568K)
[2026-07-01T02:14:29.297+0000][27.281s][info][gc          ] GC(47) Pause Young (Prepare Mixed) (G1 Evacuation Pause) 267M->162M(283M) 12.501ms
[2026-07-01T02:14:29.297+0000][27.281s][info][gc,cpu      ] GC(47) User=0.02s Sys=0.00s Real=0.01s
[2026-07-01T02:14:30.290+0000][28.274s][info][gc,start    ] GC(48) Pause Young (Mixed) (G1 Evacuation Pause)
[2026-07-01T02:14:30.290+0000][28.274s][info][gc,task     ] GC(48) Using 2 workers of 2 for evacuation
[2026-07-01T02:14:30.309+0000][28.293s][info][gc,phases   ] GC(48)   Pre Evacuate Collection Set: 0.14ms
[2026-07-01T02:14:30.309+0000][28.293s][info][gc,phases   ] GC(48)   Merge Heap Roots: 0.25ms
[2026-07-01T02:14:30.309+0000][28.293s][info][gc,phases   ] GC(48)   Evacuate Collection Set: 17.96ms
[2026-07-01T02:14:30.309+0000][28.293s][info][gc,phases   ] GC(48)   Post Evacuate Collection Set: 0.48ms
[2026-07-01T02:14:30.309+0000][28.293s][info][gc,phases   ] GC(48)   Other: 0.05ms
[2026-07-01T02:14:30.309+0000][28.293s][info][gc,heap     ] GC(48) Eden regions: 104->0(105)
[2026-07-01T02:14:30.309+0000][28.293s][info][gc,heap     ] GC(48) Survivor regions: 7->7(14)
[2026-07-01T02:14:30.309+0000][28.293s][info][gc,heap     ] GC(48) Old regions: 154->153
[2026-07-01T02:14:30.309+0000][28.293s][info][gc,heap     ] GC(48) Humongous regions: 3->3
[2026-07-01T02:14:30.309+0000][28.293s][info][gc,metaspace] GC(48) Metaspace: 41629K(42496K)->41629K(42496K) NonClass: 36492K(36928K)->36492K(36928K) Class: 5137K(5568K)->5137K(5568K)
[2026-07-01T02:14:30.309+0000][28.293s][info][gc          ] GC(48) Pause Young (Mixed) (G1 Evacuation Pause) 266M->162M(283M) 19.103ms
[2026-07-01T02:14:30.309+0000][28.293s][info][gc,cpu      ] GC(48) User=0.04s Sys=0.00s Real=0.02s
[2026-07-01T02:14:31.293+0000][29.277s][info][gc,start    ] GC(49) Pause Young (Concurrent Start) (G1 Evacuation Pause)
[2026-07-01T02:14:31.293+0000][29.277s][info][gc,task     ] GC(49) Using 2 workers of 2 for evacuation
[2026-07-01T02:14:31.321+0000][29.305s][info][gc,phases   ] GC(49)   Pre Evacuate Collection Set: 0.20ms
[2026-07-01T02:14:31.321+0000][29.305s][info][gc,phases   ] GC(49)   Merge Heap Roots: 0.77ms
[2026-07-01T02:14:31.321+0000][29.305s][info][gc,phases   ] GC(49)   Evacuate Collection Set: 26.85ms
[2026-07-01T02:14:31.321+0000][29.305s][info][gc,phases   ] GC(49)   Post Evacuate Collection Set: 0.44ms
[2026-07-01T02:14:31.321+0000][29.305s][info][gc,phases   ] GC(49)   Other: 0.09ms
[2026-07-01T02:14:31.321+0000][29.305s][info][gc,heap     ] GC(49) Eden regions: 105->0(104)
[2026-07-01T02:14:31.321+0000][29.305s][info][gc,heap     ] GC(49) Survivor regions: 7->7(14)
[2026-07-01T02:14:31.321+0000][29.305s][info][gc,heap     ] GC(49) Old regions: 153->154
[2026-07-01T02:14:31.321+0000][29.305s][info][gc,heap     ] GC(49) Humongous regions: 3->3
[2026-07-01T02:14:31.321+0000][29.305s][info][gc,metaspace] GC(49) Metaspace: 41631K(42496K)->41631K(42496K) NonClass: 36493K(36928K)->36493K(36928K) Class: 5137K(5568K)->5137K(5568K)
[2026-07-01T02:14:31.321+0000][29.305s][info][gc          ] GC(49) Pause Young (Concurrent Start) (G1 Evacuation Pause) 267M->162M(283M) 28.543ms
[2026-07-01T02:14:31.322+0000][29.305s][info][gc          ] GC(50) Concurrent Mark Cycle
[2026-07-01T02:14:31.322+0000][29.305s][info][gc,cpu      ] GC(49) User=0.03s Sys=0.00s Real=0.03s
[2026-07-01T02:14:31.322+0000][29.305s][info][gc,marking  ] GC(50) Concurrent Scan Root Regions
[2026-07-01T02:14:31.347+0000][29.331s][info][gc,marking  ] GC(50) Concurrent Scan Root Regions 25.794ms
[2026-07-01T02:14:31.347+0000][29.331s][info][gc,marking  ] GC(50) Concurrent Mark
[2026-07-01T02:14:31.347+0000][29.331s][info][gc,marking  ] GC(50) Concurrent Mark From Roots
[2026-07-01T02:14:31.347+0000][29.331s][info][gc,task     ] GC(50) Using 1 workers of 1 for marking
[2026-07-01T02:14:32.001+0000][29.984s][info][gc,marking  ] GC(50) Concurrent Mark From Roots 653.332ms
[2026-07-01T02:14:32.001+0000][29.984s][info][gc,marking  ] GC(50) Concurrent Preclean
[2026-07-01T02:14:32.001+0000][29.985s][info][gc,marking  ] GC(50) Concurrent Preclean 0.123ms
[2026-07-01T02:14:32.005+0000][29.989s][info][gc,start    ] GC(50) Pause Remark
[2026-07-01T02:14:32.011+0000][29.995s][info][gc          ] GC(50) Pause Remark 227M->227M(283M) 5.755ms
[2026-07-01T02:14:32.011+0000][29.995s][info][gc,cpu      ] GC(50) User=0.01s Sys=0.00s Real=0.01s
[2026-07-01T02:14:32.014+0000][29.998s][info][gc,marking  ] GC(50) Concurrent Mark 666.728ms
[2026-07-01T02:14:32.014+0000][29.998s][info][gc,marking  ] GC(50) Concurrent Rebuild Remembered Sets and Scrub Regions
[2026-07-01T02:14:32.246+0000][30.229s][info][gc,marking  ] GC(50) Concurrent Rebuild Remembered Sets and Scrub Regions 231.687ms
[2026-07-01T02:14:32.246+0000][30.230s][info][gc,start    ] GC(50) Pause Cleanup
[2026-07-01T02:14:32.248+0000][30.232s][info][gc          ] GC(50) Pause Cleanup 248M->248M(283M) 2.160ms
[2026-07-01T02:14:32.248+0000][30.232s][info][gc,cpu      ] GC(50) User=0.00s Sys=0.00s Real=0.01s
[2026-07-01T02:14:32.250+0000][30.233s][info][gc,marking  ] GC(50) Concurrent Clear Claimed Marks
[2026-07-01T02:14:32.250+0000][30.234s][info][gc,marking  ] GC(50) Concurrent Clear Claimed Marks 0.094ms
[2026-07-01T02:14:32.250+0000][30.234s][info][gc,marking  ] GC(50) Concurrent Cleanup for Next Mark
[2026-07-01T02:14:32.252+0000][30.236s][info][gc,marking  ] GC(50) Concurrent Cleanup for Next Mark 2.434ms
[2026-07-01T02:14:32.252+0000][30.236s][info][gc          ] GC(50) Concurrent Mark Cycle 930.871ms
[2026-07-01T02:14:32.390+0000][30.374s][info][gc,start    ] GC(51) Pause Young (Prepare Mixed) (G1 Evacuation Pause)
[2026-07-01T02:14:32.390+0000][30.374s][info][gc,task     ] GC(51) Using 2 workers of 2 for evacuation
[2026-07-01T02:14:32.408+0000][30.392s][info][gc,phases   ] GC(51)   Pre Evacuate Collection Set: 0.16ms
[2026-07-01T02:14:32.408+0000][30.392s][info][gc,phases   ] GC(51)   Merge Heap Roots: 0.40ms
[2026-07-01T02:14:32.408+0000][30.392s][info][gc,phases   ] GC(51)   Evacuate Collection Set: 16.65ms
[2026-07-01T02:14:32.408+0000][30.392s][info][gc,phases   ] GC(51)   Post Evacuate Collection Set: 0.55ms
[2026-07-01T02:14:32.408+0000][30.392s][info][gc,phases   ] GC(51)   Other: 0.05ms
[2026-07-01T02:14:32.408+0000][30.392s][info][gc,heap     ] GC(51) Eden regions: 104->0(104)
[2026-07-01T02:14:32.408+0000][30.392s][info][gc,heap     ] GC(51) Survivor regions: 7->7(14)
[2026-07-01T02:14:32.408+0000][30.392s][info][gc,heap     ] GC(51) Old regions: 154->154
[2026-07-01T02:14:32.408+0000][30.392s][info][gc,heap     ] GC(51) Humongous regions: 3->3
[2026-07-01T02:14:32.408+0000][30.392s][info][gc,metaspace] GC(51) Metaspace: 41632K(42496K)->41632K(42496K) NonClass: 36494K(36928K)->36494K(36928K) Class: 5137K(5568K)->5137K(5568K)
[2026-07-01T02:14:32.408+0000][30.392s][info][gc          ] GC(51) Pause Young (Prepare Mixed) (G1 Evacuation Pause) 266M->163M(283M) 17.964ms
[2026-07-01T02:14:32.408+0000][30.392s][info][gc,cpu      ] GC(51) User=0.04s Sys=0.00s Real=0.02s
[2026-07-01T02:14:33.253+0000][31.237s][info][gc,start    ] GC(52) Pause Young (Mixed) (G1 Evacuation Pause)
[2026-07-01T02:14:33.253+0000][31.237s][info][gc,task     ] GC(52) Using 2 workers of 2 for evacuation
[2026-07-01T02:14:33.271+0000][31.254s][info][gc,phases   ] GC(52)   Pre Evacuate Collection Set: 0.53ms
[2026-07-01T02:14:33.271+0000][31.254s][info][gc,phases   ] GC(52)   Merge Heap Roots: 0.22ms
[2026-07-01T02:14:33.271+0000][31.254s][info][gc,phases   ] GC(52)   Evacuate Collection Set: 16.27ms
[2026-07-01T02:14:33.271+0000][31.254s][info][gc,phases   ] GC(52)   Post Evacuate Collection Set: 0.53ms
[2026-07-01T02:14:33.271+0000][31.254s][info][gc,phases   ] GC(52)   Other: 0.04ms
[2026-07-01T02:14:33.271+0000][31.254s][info][gc,heap     ] GC(52) Eden regions: 104->0(104)
[2026-07-01T02:14:33.271+0000][31.254s][info][gc,heap     ] GC(52) Survivor regions: 7->7(14)
[2026-07-01T02:14:33.271+0000][31.254s][info][gc,heap     ] GC(52) Old regions: 154->154
[2026-07-01T02:14:33.271+0000][31.254s][info][gc,heap     ] GC(52) Humongous regions: 3->3
[2026-07-01T02:14:33.271+0000][31.254s][info][gc,metaspace] GC(52) Metaspace: 41632K(42496K)->41632K(42496K) NonClass: 36494K(36928K)->36494K(36928K) Class: 5137K(5568K)->5137K(5568K)
[2026-07-01T02:14:33.271+0000][31.255s][info][gc          ] GC(52) Pause Young (Mixed) (G1 Evacuation Pause) 267M->163M(283M) 17.746ms
[2026-07-01T02:14:33.271+0000][31.255s][info][gc,cpu      ] GC(52) User=0.04s Sys=0.00s Real=0.02s
[2026-07-01T02:14:34.050+0000][32.034s][info][gc,start    ] GC(53) Pause Young (Concurrent Start) (G1 Evacuation Pause)
[2026-07-01T02:14:34.050+0000][32.034s][info][gc,task     ] GC(53) Using 2 workers of 2 for evacuation
[2026-07-01T02:14:34.067+0000][32.051s][info][gc,phases   ] GC(53)   Pre Evacuate Collection Set: 0.17ms
[2026-07-01T02:14:34.067+0000][32.051s][info][gc,phases   ] GC(53)   Merge Heap Roots: 0.27ms
[2026-07-01T02:14:34.067+0000][32.051s][info][gc,phases   ] GC(53)   Evacuate Collection Set: 16.21ms
[2026-07-01T02:14:34.067+0000][32.051s][info][gc,phases   ] GC(53)   Post Evacuate Collection Set: 0.57ms
[2026-07-01T02:14:34.067+0000][32.051s][info][gc,phases   ] GC(53)   Other: 0.08ms
[2026-07-01T02:14:34.067+0000][32.051s][info][gc,heap     ] GC(53) Eden regions: 104->0(104)
[2026-07-01T02:14:34.067+0000][32.051s][info][gc,heap     ] GC(53) Survivor regions: 7->7(14)
[2026-07-01T02:14:34.067+0000][32.051s][info][gc,heap     ] GC(53) Old regions: 154->154
[2026-07-01T02:14:34.067+0000][32.051s][info][gc,heap     ] GC(53) Humongous regions: 3->3
[2026-07-01T02:14:34.067+0000][32.051s][info][gc,metaspace] GC(53) Metaspace: 41637K(42496K)->41637K(42496K) NonClass: 36499K(36928K)->36499K(36928K) Class: 5137K(5568K)->5137K(5568K)
[2026-07-01T02:14:34.068+0000][32.051s][info][gc          ] GC(53) Pause Young (Concurrent Start) (G1 Evacuation Pause) 267M->163M(283M) 17.489ms
[2026-07-01T02:14:34.068+0000][32.051s][info][gc,cpu      ] GC(53) User=0.03s Sys=0.00s Real=0.01s
[2026-07-01T02:14:34.075+0000][32.059s][info][gc          ] GC(54) Concurrent Mark Cycle
[2026-07-01T02:14:34.075+0000][32.059s][info][gc,marking  ] GC(54) Concurrent Scan Root Regions
[2026-07-01T02:14:34.101+0000][32.084s][info][gc,marking  ] GC(54) Concurrent Scan Root Regions 25.790ms
[2026-07-01T02:14:34.101+0000][32.084s][info][gc,marking  ] GC(54) Concurrent Mark
[2026-07-01T02:14:34.101+0000][32.084s][info][gc,marking  ] GC(54) Concurrent Mark From Roots
[2026-07-01T02:14:34.101+0000][32.084s][info][gc,task     ] GC(54) Using 1 workers of 1 for marking
[2026-07-01T02:14:34.986+0000][32.969s][info][gc,marking  ] GC(54) Concurrent Mark From Roots 884.822ms
[2026-07-01T02:14:34.986+0000][32.970s][info][gc,marking  ] GC(54) Concurrent Preclean
[2026-07-01T02:14:34.987+0000][32.970s][info][gc,marking  ] GC(54) Concurrent Preclean 0.543ms
[2026-07-01T02:14:34.987+0000][32.970s][info][gc,start    ] GC(54) Pause Remark
[2026-07-01T02:14:35.003+0000][32.986s][info][gc          ] GC(54) Pause Remark 258M->258M(283M) 15.901ms
[2026-07-01T02:14:35.003+0000][32.986s][info][gc,cpu      ] GC(54) User=0.02s Sys=0.00s Real=0.02s
[2026-07-01T02:14:35.008+0000][32.992s][info][gc,marking  ] GC(54) Concurrent Mark 907.237ms
[2026-07-01T02:14:35.008+0000][32.992s][info][gc,marking  ] GC(54) Concurrent Rebuild Remembered Sets and Scrub Regions
[2026-07-01T02:14:35.152+0000][33.135s][info][gc,start    ] GC(55) Pause Young (Normal) (G1 Evacuation Pause)
[2026-07-01T02:14:35.152+0000][33.135s][info][gc,task     ] GC(55) Using 2 workers of 2 for evacuation
[2026-07-01T02:14:35.200+0000][33.184s][info][gc,phases   ] GC(55)   Pre Evacuate Collection Set: 0.14ms
[2026-07-01T02:14:35.200+0000][33.184s][info][gc,phases   ] GC(55)   Merge Heap Roots: 0.65ms
[2026-07-01T02:14:35.200+0000][33.184s][info][gc,phases   ] GC(55)   Evacuate Collection Set: 46.69ms
[2026-07-01T02:14:35.200+0000][33.184s][info][gc,phases   ] GC(55)   Post Evacuate Collection Set: 0.78ms
[2026-07-01T02:14:35.200+0000][33.184s][info][gc,phases   ] GC(55)   Other: 0.07ms
[2026-07-01T02:14:35.200+0000][33.184s][info][gc,heap     ] GC(55) Eden regions: 104->0(103)
[2026-07-01T02:14:35.200+0000][33.184s][info][gc,heap     ] GC(55) Survivor regions: 7->7(14)
[2026-07-01T02:14:35.200+0000][33.184s][info][gc,heap     ] GC(55) Old regions: 154->155
[2026-07-01T02:14:35.200+0000][33.184s][info][gc,heap     ] GC(55) Humongous regions: 3->3
[2026-07-01T02:14:35.200+0000][33.184s][info][gc,metaspace] GC(55) Metaspace: 41638K(42496K)->41638K(42496K) NonClass: 36500K(36928K)->36500K(36928K) Class: 5137K(5568K)->5137K(5568K)
[2026-07-01T02:14:35.200+0000][33.184s][info][gc          ] GC(55) Pause Young (Normal) (G1 Evacuation Pause) 267M->164M(283M) 48.549ms
[2026-07-01T02:14:35.200+0000][33.184s][info][gc,cpu      ] GC(55) User=0.04s Sys=0.00s Real=0.05s
[2026-07-01T02:14:35.217+0000][33.200s][info][gc,marking  ] GC(54) Concurrent Rebuild Remembered Sets and Scrub Regions 208.520ms
[2026-07-01T02:14:35.217+0000][33.200s][info][gc,start    ] GC(54) Pause Cleanup
[2026-07-01T02:14:35.217+0000][33.201s][info][gc          ] GC(54) Pause Cleanup 166M->166M(283M) 0.141ms
[2026-07-01T02:14:35.217+0000][33.201s][info][gc,cpu      ] GC(54) User=0.00s Sys=0.00s Real=0.00s
[2026-07-01T02:14:35.221+0000][33.205s][info][gc,marking  ] GC(54) Concurrent Clear Claimed Marks
[2026-07-01T02:14:35.221+0000][33.205s][info][gc,marking  ] GC(54) Concurrent Clear Claimed Marks 0.211ms
[2026-07-01T02:14:35.221+0000][33.205s][info][gc,marking  ] GC(54) Concurrent Cleanup for Next Mark
[2026-07-01T02:14:35.222+0000][33.205s][info][gc,marking  ] GC(54) Concurrent Cleanup for Next Mark 0.510ms
[2026-07-01T02:14:35.222+0000][33.205s][info][gc          ] GC(54) Concurrent Mark Cycle 1146.813ms
[2026-07-01T02:14:36.484+0000][34.468s][info][gc,start    ] GC(56) Pause Young (Prepare Mixed) (G1 Evacuation Pause)
[2026-07-01T02:14:36.484+0000][34.468s][info][gc,task     ] GC(56) Using 2 workers of 2 for evacuation
[2026-07-01T02:14:36.506+0000][34.489s][info][gc,phases   ] GC(56)   Pre Evacuate Collection Set: 0.17ms
[2026-07-01T02:14:36.506+0000][34.489s][info][gc,phases   ] GC(56)   Merge Heap Roots: 0.59ms
[2026-07-01T02:14:36.506+0000][34.489s][info][gc,phases   ] GC(56)   Evacuate Collection Set: 20.29ms
[2026-07-01T02:14:36.506+0000][34.489s][info][gc,phases   ] GC(56)   Post Evacuate Collection Set: 0.37ms
[2026-07-01T02:14:36.506+0000][34.489s][info][gc,phases   ] GC(56)   Other: 0.05ms
[2026-07-01T02:14:36.506+0000][34.489s][info][gc,heap     ] GC(56) Eden regions: 103->0(103)
[2026-07-01T02:14:36.506+0000][34.489s][info][gc,heap     ] GC(56) Survivor regions: 7->7(14)
[2026-07-01T02:14:36.506+0000][34.489s][info][gc,heap     ] GC(56) Old regions: 155->155
[2026-07-01T02:14:36.506+0000][34.489s][info][gc,heap     ] GC(56) Humongous regions: 3->3
[2026-07-01T02:14:36.506+0000][34.489s][info][gc,metaspace] GC(56) Metaspace: 41638K(42496K)->41638K(42496K) NonClass: 36500K(36928K)->36500K(36928K) Class: 5137K(5568K)->5137K(5568K)
[2026-07-01T02:14:36.506+0000][34.489s][info][gc          ] GC(56) Pause Young (Prepare Mixed) (G1 Evacuation Pause) 267M->164M(283M) 21.630ms
[2026-07-01T02:14:36.506+0000][34.489s][info][gc,cpu      ] GC(56) User=0.03s Sys=0.00s Real=0.02s
[2026-07-01T02:14:37.374+0000][35.357s][info][gc,start    ] GC(57) Pause Young (Mixed) (G1 Evacuation Pause)
[2026-07-01T02:14:37.374+0000][35.357s][info][gc,task     ] GC(57) Using 2 workers of 2 for evacuation
[2026-07-01T02:14:37.394+0000][35.378s][info][gc,phases   ] GC(57)   Pre Evacuate Collection Set: 0.19ms
[2026-07-01T02:14:37.394+0000][35.378s][info][gc,phases   ] GC(57)   Merge Heap Roots: 1.07ms
[2026-07-01T02:14:37.394+0000][35.378s][info][gc,phases   ] GC(57)   Evacuate Collection Set: 19.01ms
[2026-07-01T02:14:37.394+0000][35.378s][info][gc,phases   ] GC(57)   Post Evacuate Collection Set: 0.43ms
[2026-07-01T02:14:37.394+0000][35.378s][info][gc,phases   ] GC(57)   Other: 0.06ms
[2026-07-01T02:14:37.394+0000][35.378s][info][gc,heap     ] GC(57) Eden regions: 103->0(103)
[2026-07-01T02:14:37.394+0000][35.378s][info][gc,heap     ] GC(57) Survivor regions: 7->7(14)
[2026-07-01T02:14:37.394+0000][35.378s][info][gc,heap     ] GC(57) Old regions: 155->155
[2026-07-01T02:14:37.394+0000][35.378s][info][gc,heap     ] GC(57) Humongous regions: 3->3
[2026-07-01T02:14:37.394+0000][35.378s][info][gc,metaspace] GC(57) Metaspace: 41638K(42496K)->41638K(42496K) NonClass: 36500K(36928K)->36500K(36928K) Class: 5137K(5568K)->5137K(5568K)
[2026-07-01T02:14:37.395+0000][35.378s][info][gc          ] GC(57) Pause Young (Mixed) (G1 Evacuation Pause) 267M->164M(283M) 20.954ms
[2026-07-01T02:14:37.395+0000][35.378s][info][gc,cpu      ] GC(57) User=0.05s Sys=0.00s Real=0.02s
[2026-07-01T02:14:38.218+0000][36.202s][info][gc,start    ] GC(58) Pause Young (Concurrent Start) (G1 Evacuation Pause)
[2026-07-01T02:14:38.218+0000][36.202s][info][gc,task     ] GC(58) Using 2 workers of 2 for evacuation
[2026-07-01T02:14:38.245+0000][36.228s][info][gc,phases   ] GC(58)   Pre Evacuate Collection Set: 0.20ms
[2026-07-01T02:14:38.245+0000][36.228s][info][gc,phases   ] GC(58)   Merge Heap Roots: 0.31ms
[2026-07-01T02:14:38.245+0000][36.228s][info][gc,phases   ] GC(58)   Evacuate Collection Set: 25.58ms
[2026-07-01T02:14:38.245+0000][36.228s][info][gc,phases   ] GC(58)   Post Evacuate Collection Set: 0.51ms
[2026-07-01T02:14:38.245+0000][36.228s][info][gc,phases   ] GC(58)   Other: 0.07ms
[2026-07-01T02:14:38.245+0000][36.228s][info][gc,heap     ] GC(58) Eden regions: 103->0(102)
[2026-07-01T02:14:38.245+0000][36.228s][info][gc,heap     ] GC(58) Survivor regions: 7->7(14)
[2026-07-01T02:14:38.245+0000][36.228s][info][gc,heap     ] GC(58) Old regions: 155->156
[2026-07-01T02:14:38.245+0000][36.228s][info][gc,heap     ] GC(58) Humongous regions: 3->3
[2026-07-01T02:14:38.245+0000][36.228s][info][gc,metaspace] GC(58) Metaspace: 41641K(42496K)->41641K(42496K) NonClass: 36503K(36928K)->36503K(36928K) Class: 5138K(5568K)->5138K(5568K)
[2026-07-01T02:14:38.245+0000][36.228s][info][gc          ] GC(58) Pause Young (Concurrent Start) (G1 Evacuation Pause) 267M->165M(283M) 26.825ms
[2026-07-01T02:14:38.245+0000][36.228s][info][gc          ] GC(59) Concurrent Mark Cycle
[2026-07-01T02:14:38.245+0000][36.228s][info][gc,cpu      ] GC(58) User=0.03s Sys=0.00s Real=0.03s
[2026-07-01T02:14:38.245+0000][36.228s][info][gc,marking  ] GC(59) Concurrent Scan Root Regions
[2026-07-01T02:14:38.271+0000][36.255s][info][gc,marking  ] GC(59) Concurrent Scan Root Regions 26.714ms
[2026-07-01T02:14:38.272+0000][36.255s][info][gc,marking  ] GC(59) Concurrent Mark
[2026-07-01T02:14:38.272+0000][36.255s][info][gc,marking  ] GC(59) Concurrent Mark From Roots
[2026-07-01T02:14:38.272+0000][36.255s][info][gc,task     ] GC(59) Using 1 workers of 1 for marking
[2026-07-01T02:14:38.996+0000][36.980s][info][gc,marking  ] GC(59) Concurrent Mark From Roots 724.375ms
[2026-07-01T02:14:38.996+0000][36.980s][info][gc,marking  ] GC(59) Concurrent Preclean
[2026-07-01T02:14:38.996+0000][36.980s][info][gc,marking  ] GC(59) Concurrent Preclean 0.133ms
[2026-07-01T02:14:38.999+0000][36.983s][info][gc,start    ] GC(59) Pause Remark
[2026-07-01T02:14:39.006+0000][36.989s][info][gc          ] GC(59) Pause Remark 237M->237M(283M) 6.371ms
[2026-07-01T02:14:39.006+0000][36.989s][info][gc,cpu      ] GC(59) User=0.01s Sys=0.00s Real=0.00s
[2026-07-01T02:14:39.011+0000][36.995s][info][gc,marking  ] GC(59) Concurrent Mark 739.743ms
[2026-07-01T02:14:39.011+0000][36.995s][info][gc,marking  ] GC(59) Concurrent Rebuild Remembered Sets and Scrub Regions
[2026-07-01T02:14:39.208+0000][37.191s][info][gc,marking  ] GC(59) Concurrent Rebuild Remembered Sets and Scrub Regions 196.362ms
[2026-07-01T02:14:39.209+0000][37.193s][info][gc,start    ] GC(59) Pause Cleanup
[2026-07-01T02:14:39.209+0000][37.193s][info][gc          ] GC(59) Pause Cleanup 260M->260M(283M) 0.191ms
[2026-07-01T02:14:39.209+0000][37.193s][info][gc,cpu      ] GC(59) User=0.00s Sys=0.00s Real=0.00s
[2026-07-01T02:14:39.209+0000][37.193s][info][gc,marking  ] GC(59) Concurrent Clear Claimed Marks
[2026-07-01T02:14:39.209+0000][37.193s][info][gc,marking  ] GC(59) Concurrent Clear Claimed Marks 0.081ms
[2026-07-01T02:14:39.209+0000][37.193s][info][gc,marking  ] GC(59) Concurrent Cleanup for Next Mark
[2026-07-01T02:14:39.211+0000][37.194s][info][gc,marking  ] GC(59) Concurrent Cleanup for Next Mark 1.433ms
[2026-07-01T02:14:39.211+0000][37.194s][info][gc          ] GC(59) Concurrent Mark Cycle 966.063ms
[2026-07-01T02:14:39.257+0000][37.240s][info][gc,start    ] GC(60) Pause Young (Prepare Mixed) (G1 Evacuation Pause)
[2026-07-01T02:14:39.257+0000][37.240s][info][gc,task     ] GC(60) Using 2 workers of 2 for evacuation
[2026-07-01T02:14:39.271+0000][37.255s][info][gc,phases   ] GC(60)   Pre Evacuate Collection Set: 0.13ms
[2026-07-01T02:14:39.271+0000][37.255s][info][gc,phases   ] GC(60)   Merge Heap Roots: 0.42ms
[2026-07-01T02:14:39.271+0000][37.255s][info][gc,phases   ] GC(60)   Evacuate Collection Set: 13.63ms
[2026-07-01T02:14:39.271+0000][37.255s][info][gc,phases   ] GC(60)   Post Evacuate Collection Set: 0.46ms
[2026-07-01T02:14:39.271+0000][37.255s][info][gc,phases   ] GC(60)   Other: 0.06ms
[2026-07-01T02:14:39.271+0000][37.255s][info][gc,heap     ] GC(60) Eden regions: 102->0(102)
[2026-07-01T02:14:39.271+0000][37.255s][info][gc,heap     ] GC(60) Survivor regions: 7->7(14)
[2026-07-01T02:14:39.271+0000][37.255s][info][gc,heap     ] GC(60) Old regions: 156->156
[2026-07-01T02:14:39.271+0000][37.255s][info][gc,heap     ] GC(60) Humongous regions: 3->3
[2026-07-01T02:14:39.271+0000][37.255s][info][gc,metaspace] GC(60) Metaspace: 41641K(42496K)->41641K(42496K) NonClass: 36503K(36928K)->36503K(36928K) Class: 5138K(5568K)->5138K(5568K)
[2026-07-01T02:14:39.271+0000][37.255s][info][gc          ] GC(60) Pause Young (Prepare Mixed) (G1 Evacuation Pause) 267M->165M(283M) 14.842ms
[2026-07-01T02:14:39.271+0000][37.255s][info][gc,cpu      ] GC(60) User=0.04s Sys=0.00s Real=0.02s
[2026-07-01T02:14:39.999+0000][37.983s][info][gc,start    ] GC(61) Pause Young (Mixed) (G1 Evacuation Pause)
[2026-07-01T02:14:39.999+0000][37.983s][info][gc,task     ] GC(61) Using 2 workers of 2 for evacuation
[2026-07-01T02:14:40.012+0000][37.996s][info][gc,phases   ] GC(61)   Pre Evacuate Collection Set: 0.13ms
[2026-07-01T02:14:40.012+0000][37.996s][info][gc,phases   ] GC(61)   Merge Heap Roots: 0.27ms
[2026-07-01T02:14:40.012+0000][37.996s][info][gc,phases   ] GC(61)   Evacuate Collection Set: 12.47ms
[2026-07-01T02:14:40.012+0000][37.996s][info][gc,phases   ] GC(61)   Post Evacuate Collection Set: 0.42ms
[2026-07-01T02:14:40.012+0000][37.996s][info][gc,phases   ] GC(61)   Other: 0.06ms
[2026-07-01T02:14:40.012+0000][37.996s][info][gc,heap     ] GC(61) Eden regions: 102->0(102)
[2026-07-01T02:14:40.012+0000][37.996s][info][gc,heap     ] GC(61) Survivor regions: 7->7(14)
[2026-07-01T02:14:40.012+0000][37.996s][info][gc,heap     ] GC(61) Old regions: 156->156
[2026-07-01T02:14:40.012+0000][37.996s][info][gc,heap     ] GC(61) Humongous regions: 3->3
[2026-07-01T02:14:40.012+0000][37.996s][info][gc,metaspace] GC(61) Metaspace: 41642K(42496K)->41642K(42496K) NonClass: 36504K(36928K)->36504K(36928K) Class: 5138K(5568K)->5138K(5568K)
[2026-07-01T02:14:40.012+0000][37.996s][info][gc          ] GC(61) Pause Young (Mixed) (G1 Evacuation Pause) 267M->165M(283M) 13.501ms
[2026-07-01T02:14:40.012+0000][37.996s][info][gc,cpu      ] GC(61) User=0.03s Sys=0.00s Real=0.01s
[2026-07-01T02:14:40.839+0000][38.823s][info][gc,start    ] GC(62) Pause Young (Concurrent Start) (G1 Evacuation Pause)
[2026-07-01T02:14:40.839+0000][38.823s][info][gc,task     ] GC(62) Using 2 workers of 2 for evacuation
[2026-07-01T02:14:40.856+0000][38.839s][info][gc,phases   ] GC(62)   Pre Evacuate Collection Set: 0.21ms
[2026-07-01T02:14:40.856+0000][38.839s][info][gc,phases   ] GC(62)   Merge Heap Roots: 0.39ms
[2026-07-01T02:14:40.856+0000][38.839s][info][gc,phases   ] GC(62)   Evacuate Collection Set: 15.17ms
[2026-07-01T02:14:40.856+0000][38.839s][info][gc,phases   ] GC(62)   Post Evacuate Collection Set: 0.38ms
[2026-07-01T02:14:40.856+0000][38.839s][info][gc,phases   ] GC(62)   Other: 0.09ms
[2026-07-01T02:14:40.856+0000][38.839s][info][gc,heap     ] GC(62) Eden regions: 102->0(101)
[2026-07-01T02:14:40.856+0000][38.839s][info][gc,heap     ] GC(62) Survivor regions: 7->7(14)
[2026-07-01T02:14:40.856+0000][38.839s][info][gc,heap     ] GC(62) Old regions: 156->157
[2026-07-01T02:14:40.856+0000][38.839s][info][gc,heap     ] GC(62) Humongous regions: 3->3
[2026-07-01T02:14:40.856+0000][38.839s][info][gc,metaspace] GC(62) Metaspace: 41642K(42496K)->41642K(42496K) NonClass: 36504K(36928K)->36504K(36928K) Class: 5138K(5568K)->5138K(5568K)
[2026-07-01T02:14:40.856+0000][38.839s][info][gc          ] GC(62) Pause Young (Concurrent Start) (G1 Evacuation Pause) 267M->166M(283M) 16.385ms
[2026-07-01T02:14:40.856+0000][38.839s][info][gc,cpu      ] GC(62) User=0.03s Sys=0.00s Real=0.01s
[2026-07-01T02:14:40.861+0000][38.844s][info][gc          ] GC(63) Concurrent Mark Cycle
[2026-07-01T02:14:40.861+0000][38.844s][info][gc,marking  ] GC(63) Concurrent Scan Root Regions
[2026-07-01T02:14:40.887+0000][38.870s][info][gc,marking  ] GC(63) Concurrent Scan Root Regions 25.707ms
[2026-07-01T02:14:40.887+0000][38.870s][info][gc,marking  ] GC(63) Concurrent Mark
[2026-07-01T02:14:40.887+0000][38.870s][info][gc,marking  ] GC(63) Concurrent Mark From Roots
[2026-07-01T02:14:40.887+0000][38.870s][info][gc,task     ] GC(63) Using 1 workers of 1 for marking
[2026-07-01T02:14:41.549+0000][39.533s][info][gc,marking  ] GC(63) Concurrent Mark From Roots 662.355ms
[2026-07-01T02:14:41.549+0000][39.533s][info][gc,marking  ] GC(63) Concurrent Preclean
[2026-07-01T02:14:41.549+0000][39.533s][info][gc,marking  ] GC(63) Concurrent Preclean 0.177ms
[2026-07-01T02:14:41.549+0000][39.533s][info][gc,start    ] GC(63) Pause Remark
[2026-07-01T02:14:41.558+0000][39.541s][info][gc          ] GC(63) Pause Remark 241M->241M(283M) 8.542ms
[2026-07-01T02:14:41.558+0000][39.541s][info][gc,cpu      ] GC(63) User=0.02s Sys=0.00s Real=0.00s
[2026-07-01T02:14:41.567+0000][39.551s][info][gc,marking  ] GC(63) Concurrent Mark 680.478ms
[2026-07-01T02:14:41.567+0000][39.551s][info][gc,marking  ] GC(63) Concurrent Rebuild Remembered Sets and Scrub Regions
[2026-07-01T02:14:41.780+0000][39.764s][info][gc,start    ] GC(64) Pause Young (Normal) (G1 Evacuation Pause)
[2026-07-01T02:14:41.780+0000][39.764s][info][gc,task     ] GC(64) Using 2 workers of 2 for evacuation
[2026-07-01T02:14:41.796+0000][39.780s][info][gc,phases   ] GC(64)   Pre Evacuate Collection Set: 0.15ms
[2026-07-01T02:14:41.796+0000][39.780s][info][gc,phases   ] GC(64)   Merge Heap Roots: 0.38ms
[2026-07-01T02:14:41.796+0000][39.780s][info][gc,phases   ] GC(64)   Evacuate Collection Set: 15.00ms
[2026-07-01T02:14:41.796+0000][39.780s][info][gc,phases   ] GC(64)   Post Evacuate Collection Set: 0.43ms
[2026-07-01T02:14:41.796+0000][39.780s][info][gc,phases   ] GC(64)   Other: 0.06ms
[2026-07-01T02:14:41.796+0000][39.780s][info][gc,heap     ] GC(64) Eden regions: 101->0(101)
[2026-07-01T02:14:41.796+0000][39.780s][info][gc,heap     ] GC(64) Survivor regions: 7->7(14)
[2026-07-01T02:14:41.796+0000][39.780s][info][gc,heap     ] GC(64) Old regions: 157->157
[2026-07-01T02:14:41.796+0000][39.780s][info][gc,heap     ] GC(64) Humongous regions: 3->3
[2026-07-01T02:14:41.796+0000][39.780s][info][gc,metaspace] GC(64) Metaspace: 41645K(42496K)->41645K(42496K) NonClass: 36507K(36928K)->36507K(36928K) Class: 5138K(5568K)->5138K(5568K)
[2026-07-01T02:14:41.796+0000][39.780s][info][gc          ] GC(64) Pause Young (Normal) (G1 Evacuation Pause) 267M->166M(283M) 16.178ms
[2026-07-01T02:14:41.796+0000][39.780s][info][gc,cpu      ] GC(64) User=0.04s Sys=0.00s Real=0.01s
[2026-07-01T02:14:41.844+0000][39.828s][info][gc,marking  ] GC(63) Concurrent Rebuild Remembered Sets and Scrub Regions 277.309ms
[2026-07-01T02:14:41.845+0000][39.828s][info][gc,start    ] GC(63) Pause Cleanup
[2026-07-01T02:14:41.845+0000][39.829s][info][gc          ] GC(63) Pause Cleanup 171M->171M(283M) 0.129ms
[2026-07-01T02:14:41.845+0000][39.829s][info][gc,cpu      ] GC(63) User=0.00s Sys=0.00s Real=0.00s
[2026-07-01T02:14:41.849+0000][39.833s][info][gc,marking  ] GC(63) Concurrent Clear Claimed Marks
[2026-07-01T02:14:41.849+0000][39.833s][info][gc,marking  ] GC(63) Concurrent Clear Claimed Marks 0.092ms
[2026-07-01T02:14:41.849+0000][39.833s][info][gc,marking  ] GC(63) Concurrent Cleanup for Next Mark
[2026-07-01T02:14:41.853+0000][39.836s][info][gc,marking  ] GC(63) Concurrent Cleanup for Next Mark 3.562ms
[2026-07-01T02:14:41.853+0000][39.836s][info][gc          ] GC(63) Concurrent Mark Cycle 992.015ms
[2026-07-01T02:14:42.899+0000][40.882s][info][gc,start    ] GC(65) Pause Young (Prepare Mixed) (G1 Evacuation Pause)
[2026-07-01T02:14:42.899+0000][40.882s][info][gc,task     ] GC(65) Using 2 workers of 2 for evacuation
[2026-07-01T02:14:42.924+0000][40.908s][info][gc,phases   ] GC(65)   Pre Evacuate Collection Set: 0.17ms
[2026-07-01T02:14:42.924+0000][40.908s][info][gc,phases   ] GC(65)   Merge Heap Roots: 0.55ms
[2026-07-01T02:14:42.924+0000][40.908s][info][gc,phases   ] GC(65)   Evacuate Collection Set: 23.86ms
[2026-07-01T02:14:42.924+0000][40.908s][info][gc,phases   ] GC(65)   Post Evacuate Collection Set: 0.42ms
[2026-07-01T02:14:42.924+0000][40.908s][info][gc,phases   ] GC(65)   Other: 0.05ms
[2026-07-01T02:14:42.924+0000][40.908s][info][gc,heap     ] GC(65) Eden regions: 101->0(101)
[2026-07-01T02:14:42.924+0000][40.908s][info][gc,heap     ] GC(65) Survivor regions: 7->7(14)
[2026-07-01T02:14:42.924+0000][40.908s][info][gc,heap     ] GC(65) Old regions: 157->157
[2026-07-01T02:14:42.924+0000][40.908s][info][gc,heap     ] GC(65) Humongous regions: 3->3
[2026-07-01T02:14:42.924+0000][40.908s][info][gc,metaspace] GC(65) Metaspace: 41652K(42496K)->41652K(42496K) NonClass: 36513K(36928K)->36513K(36928K) Class: 5138K(5568K)->5138K(5568K)
[2026-07-01T02:14:42.924+0000][40.908s][info][gc          ] GC(65) Pause Young (Prepare Mixed) (G1 Evacuation Pause) 267M->166M(283M) 25.262ms
[2026-07-01T02:14:42.924+0000][40.908s][info][gc,cpu      ] GC(65) User=0.04s Sys=0.00s Real=0.02s
[2026-07-01T02:14:43.673+0000][41.657s][info][gc,start    ] GC(66) Pause Young (Mixed) (G1 Evacuation Pause)
[2026-07-01T02:14:43.673+0000][41.657s][info][gc,task     ] GC(66) Using 2 workers of 2 for evacuation
[2026-07-01T02:14:43.696+0000][41.680s][info][gc,phases   ] GC(66)   Pre Evacuate Collection Set: 0.17ms
[2026-07-01T02:14:43.696+0000][41.680s][info][gc,phases   ] GC(66)   Merge Heap Roots: 0.48ms
[2026-07-01T02:14:43.696+0000][41.680s][info][gc,phases   ] GC(66)   Evacuate Collection Set: 21.63ms
[2026-07-01T02:14:43.696+0000][41.680s][info][gc,phases   ] GC(66)   Post Evacuate Collection Set: 0.61ms
[2026-07-01T02:14:43.696+0000][41.680s][info][gc,phases   ] GC(66)   Other: 0.06ms
[2026-07-01T02:14:43.696+0000][41.680s][info][gc,heap     ] GC(66) Eden regions: 101->0(101)
[2026-07-01T02:14:43.696+0000][41.680s][info][gc,heap     ] GC(66) Survivor regions: 7->7(14)
[2026-07-01T02:14:43.696+0000][41.680s][info][gc,heap     ] GC(66) Old regions: 157->157
[2026-07-01T02:14:43.696+0000][41.680s][info][gc,heap     ] GC(66) Humongous regions: 3->3
[2026-07-01T02:14:43.696+0000][41.680s][info][gc,metaspace] GC(66) Metaspace: 41653K(42496K)->41653K(42496K) NonClass: 36515K(36928K)->36515K(36928K) Class: 5138K(5568K)->5138K(5568K)
[2026-07-01T02:14:43.696+0000][41.680s][info][gc          ] GC(66) Pause Young (Mixed) (G1 Evacuation Pause) 267M->166M(283M) 23.149ms
[2026-07-01T02:14:43.696+0000][41.680s][info][gc,cpu      ] GC(66) User=0.06s Sys=0.00s Real=0.02s
[2026-07-01T02:14:44.443+0000][42.427s][info][gc,start    ] GC(67) Pause Young (Concurrent Start) (G1 Evacuation Pause)
[2026-07-01T02:14:44.443+0000][42.427s][info][gc,task     ] GC(67) Using 2 workers of 2 for evacuation
[2026-07-01T02:14:44.496+0000][42.480s][info][gc,phases   ] GC(67)   Pre Evacuate Collection Set: 0.22ms
[2026-07-01T02:14:44.496+0000][42.480s][info][gc,phases   ] GC(67)   Merge Heap Roots: 0.40ms
[2026-07-01T02:14:44.496+0000][42.480s][info][gc,phases   ] GC(67)   Evacuate Collection Set: 51.45ms
[2026-07-01T02:14:44.496+0000][42.480s][info][gc,phases   ] GC(67)   Post Evacuate Collection Set: 0.47ms
[2026-07-01T02:14:44.496+0000][42.480s][info][gc,phases   ] GC(67)   Other: 0.11ms
[2026-07-01T02:14:44.496+0000][42.480s][info][gc,heap     ] GC(67) Eden regions: 101->0(100)
[2026-07-01T02:14:44.496+0000][42.480s][info][gc,heap     ] GC(67) Survivor regions: 7->7(14)
[2026-07-01T02:14:44.496+0000][42.480s][info][gc,heap     ] GC(67) Old regions: 157->158
[2026-07-01T02:14:44.496+0000][42.480s][info][gc,heap     ] GC(67) Humongous regions: 3->3
[2026-07-01T02:14:44.496+0000][42.480s][info][gc,metaspace] GC(67) Metaspace: 41654K(42496K)->41654K(42496K) NonClass: 36515K(36928K)->36515K(36928K) Class: 5138K(5568K)->5138K(5568K)
[2026-07-01T02:14:44.496+0000][42.480s][info][gc          ] GC(67) Pause Young (Concurrent Start) (G1 Evacuation Pause) 267M->167M(283M) 52.866ms
[2026-07-01T02:14:44.496+0000][42.480s][info][gc          ] GC(68) Concurrent Mark Cycle
[2026-07-01T02:14:44.496+0000][42.480s][info][gc,cpu      ] GC(67) User=0.04s Sys=0.00s Real=0.05s
[2026-07-01T02:14:44.496+0000][42.480s][info][gc,marking  ] GC(68) Concurrent Scan Root Regions
[2026-07-01T02:14:44.510+0000][42.494s][info][gc,marking  ] GC(68) Concurrent Scan Root Regions 14.061ms
[2026-07-01T02:14:44.510+0000][42.494s][info][gc,marking  ] GC(68) Concurrent Mark
[2026-07-01T02:14:44.510+0000][42.494s][info][gc,marking  ] GC(68) Concurrent Mark From Roots
[2026-07-01T02:14:44.510+0000][42.494s][info][gc,task     ] GC(68) Using 1 workers of 1 for marking
[2026-07-01T02:14:44.949+0000][42.933s][info][gc,marking  ] GC(68) Concurrent Mark From Roots 438.623ms
[2026-07-01T02:14:44.949+0000][42.933s][info][gc,marking  ] GC(68) Concurrent Preclean
[2026-07-01T02:14:44.949+0000][42.933s][info][gc,marking  ] GC(68) Concurrent Preclean 0.149ms
[2026-07-01T02:14:44.949+0000][42.933s][info][gc,start    ] GC(68) Pause Remark
[2026-07-01T02:14:44.957+0000][42.940s][info][gc          ] GC(68) Pause Remark 199M->199M(283M) 7.317ms
[2026-07-01T02:14:44.957+0000][42.940s][info][gc,cpu      ] GC(68) User=0.01s Sys=0.00s Real=0.00s
[2026-07-01T02:14:44.958+0000][42.942s][info][gc,marking  ] GC(68) Concurrent Mark 447.683ms
[2026-07-01T02:14:44.958+0000][42.942s][info][gc,marking  ] GC(68) Concurrent Rebuild Remembered Sets and Scrub Regions
[2026-07-01T02:14:45.095+0000][43.078s][info][gc,marking  ] GC(68) Concurrent Rebuild Remembered Sets and Scrub Regions 136.701ms
[2026-07-01T02:14:45.095+0000][43.078s][info][gc,start    ] GC(68) Pause Cleanup
[2026-07-01T02:14:45.095+0000][43.079s][info][gc          ] GC(68) Pause Cleanup 208M->208M(283M) 0.157ms
[2026-07-01T02:14:45.095+0000][43.079s][info][gc,cpu      ] GC(68) User=0.00s Sys=0.00s Real=0.00s
[2026-07-01T02:14:45.095+0000][43.079s][info][gc,marking  ] GC(68) Concurrent Clear Claimed Marks
[2026-07-01T02:14:45.095+0000][43.079s][info][gc,marking  ] GC(68) Concurrent Clear Claimed Marks 0.087ms
[2026-07-01T02:14:45.095+0000][43.079s][info][gc,marking  ] GC(68) Concurrent Cleanup for Next Mark
[2026-07-01T02:14:45.096+0000][43.079s][info][gc,marking  ] GC(68) Concurrent Cleanup for Next Mark 0.471ms
[2026-07-01T02:14:45.096+0000][43.079s][info][gc          ] GC(68) Concurrent Mark Cycle 599.509ms
[2026-07-01T02:14:45.556+0000][43.540s][info][gc,start    ] GC(69) Pause Young (Prepare Mixed) (G1 Evacuation Pause)
[2026-07-01T02:14:45.556+0000][43.540s][info][gc,task     ] GC(69) Using 2 workers of 2 for evacuation
[2026-07-01T02:14:45.568+0000][43.552s][info][gc,phases   ] GC(69)   Pre Evacuate Collection Set: 0.11ms
[2026-07-01T02:14:45.568+0000][43.552s][info][gc,phases   ] GC(69)   Merge Heap Roots: 0.34ms
[2026-07-01T02:14:45.568+0000][43.552s][info][gc,phases   ] GC(69)   Evacuate Collection Set: 11.48ms
[2026-07-01T02:14:45.568+0000][43.552s][info][gc,phases   ] GC(69)   Post Evacuate Collection Set: 0.44ms
[2026-07-01T02:14:45.568+0000][43.552s][info][gc,phases   ] GC(69)   Other: 0.06ms
[2026-07-01T02:14:45.569+0000][43.552s][info][gc,heap     ] GC(69) Eden regions: 100->0(100)
[2026-07-01T02:14:45.569+0000][43.552s][info][gc,heap     ] GC(69) Survivor regions: 7->7(14)
[2026-07-01T02:14:45.569+0000][43.552s][info][gc,heap     ] GC(69) Old regions: 158->158
[2026-07-01T02:14:45.569+0000][43.552s][info][gc,heap     ] GC(69) Humongous regions: 3->3
[2026-07-01T02:14:45.569+0000][43.552s][info][gc,metaspace] GC(69) Metaspace: 41655K(42496K)->41655K(42496K) NonClass: 36516K(36928K)->36516K(36928K) Class: 5139K(5568K)->5139K(5568K)
[2026-07-01T02:14:45.569+0000][43.552s][info][gc          ] GC(69) Pause Young (Prepare Mixed) (G1 Evacuation Pause) 267M->167M(283M) 12.623ms
[2026-07-01T02:14:45.569+0000][43.552s][info][gc,cpu      ] GC(69) User=0.02s Sys=0.01s Real=0.02s
[2026-07-01T02:14:46.225+0000][44.208s][info][gc,start    ] GC(70) Pause Young (Mixed) (G1 Evacuation Pause)
[2026-07-01T02:14:46.225+0000][44.208s][info][gc,task     ] GC(70) Using 2 workers of 2 for evacuation
[2026-07-01T02:14:46.239+0000][44.223s][info][gc,phases   ] GC(70)   Pre Evacuate Collection Set: 1.05ms
[2026-07-01T02:14:46.239+0000][44.223s][info][gc,phases   ] GC(70)   Merge Heap Roots: 0.22ms
[2026-07-01T02:14:46.239+0000][44.223s][info][gc,phases   ] GC(70)   Evacuate Collection Set: 12.82ms
[2026-07-01T02:14:46.239+0000][44.223s][info][gc,phases   ] GC(70)   Post Evacuate Collection Set: 0.37ms
[2026-07-01T02:14:46.239+0000][44.223s][info][gc,phases   ] GC(70)   Other: 0.05ms
[2026-07-01T02:14:46.239+0000][44.223s][info][gc,heap     ] GC(70) Eden regions: 100->0(100)
[2026-07-01T02:14:46.239+0000][44.223s][info][gc,heap     ] GC(70) Survivor regions: 7->7(14)
[2026-07-01T02:14:46.239+0000][44.223s][info][gc,heap     ] GC(70) Old regions: 158->158
[2026-07-01T02:14:46.239+0000][44.223s][info][gc,heap     ] GC(70) Humongous regions: 3->3
[2026-07-01T02:14:46.239+0000][44.223s][info][gc,metaspace] GC(70) Metaspace: 41656K(42496K)->41656K(42496K) NonClass: 36517K(36928K)->36517K(36928K) Class: 5139K(5568K)->5139K(5568K)
[2026-07-01T02:14:46.239+0000][44.223s][info][gc          ] GC(70) Pause Young (Mixed) (G1 Evacuation Pause) 267M->167M(283M) 14.660ms
[2026-07-01T02:14:46.239+0000][44.223s][info][gc,cpu      ] GC(70) User=0.03s Sys=0.00s Real=0.02s
[2026-07-01T02:14:47.161+0000][45.144s][info][gc,start    ] GC(71) Pause Young (Concurrent Start) (G1 Evacuation Pause)
[2026-07-01T02:14:47.161+0000][45.144s][info][gc,task     ] GC(71) Using 2 workers of 2 for evacuation
[2026-07-01T02:14:47.179+0000][45.162s][info][gc,phases   ] GC(71)   Pre Evacuate Collection Set: 0.25ms
[2026-07-01T02:14:47.179+0000][45.162s][info][gc,phases   ] GC(71)   Merge Heap Roots: 0.31ms
[2026-07-01T02:14:47.179+0000][45.162s][info][gc,phases   ] GC(71)   Evacuate Collection Set: 16.81ms
[2026-07-01T02:14:47.179+0000][45.162s][info][gc,phases   ] GC(71)   Post Evacuate Collection Set: 0.45ms
[2026-07-01T02:14:47.179+0000][45.162s][info][gc,phases   ] GC(71)   Other: 0.08ms
[2026-07-01T02:14:47.179+0000][45.162s][info][gc,heap     ] GC(71) Eden regions: 100->0(99)
[2026-07-01T02:14:47.179+0000][45.162s][info][gc,heap     ] GC(71) Survivor regions: 7->7(14)
[2026-07-01T02:14:47.179+0000][45.162s][info][gc,heap     ] GC(71) Old regions: 158->159
[2026-07-01T02:14:47.179+0000][45.162s][info][gc,heap     ] GC(71) Humongous regions: 3->3
[2026-07-01T02:14:47.179+0000][45.162s][info][gc,metaspace] GC(71) Metaspace: 41656K(42496K)->41656K(42496K) NonClass: 36517K(36928K)->36517K(36928K) Class: 5139K(5568K)->5139K(5568K)
[2026-07-01T02:14:47.179+0000][45.162s][info][gc          ] GC(71) Pause Young (Concurrent Start) (G1 Evacuation Pause) 267M->168M(283M) 18.090ms
[2026-07-01T02:14:47.179+0000][45.162s][info][gc          ] GC(72) Concurrent Mark Cycle
[2026-07-01T02:14:47.179+0000][45.163s][info][gc,cpu      ] GC(71) User=0.06s Sys=0.00s Real=0.02s
[2026-07-01T02:14:47.179+0000][45.163s][info][gc,marking  ] GC(72) Concurrent Scan Root Regions
[2026-07-01T02:14:47.208+0000][45.191s][info][gc,marking  ] GC(72) Concurrent Scan Root Regions 28.610ms
[2026-07-01T02:14:47.208+0000][45.191s][info][gc,marking  ] GC(72) Concurrent Mark
[2026-07-01T02:14:47.208+0000][45.191s][info][gc,marking  ] GC(72) Concurrent Mark From Roots
[2026-07-01T02:14:47.208+0000][45.191s][info][gc,task     ] GC(72) Using 1 workers of 1 for marking
[2026-07-01T02:14:47.680+0000][45.663s][info][gc,marking  ] GC(72) Concurrent Mark From Roots 472.253ms
[2026-07-01T02:14:47.680+0000][45.663s][info][gc,marking  ] GC(72) Concurrent Preclean
[2026-07-01T02:14:47.680+0000][45.664s][info][gc,marking  ] GC(72) Concurrent Preclean 0.078ms
[2026-07-01T02:14:47.680+0000][45.664s][info][gc,start    ] GC(72) Pause Remark
[2026-07-01T02:14:47.689+0000][45.673s][info][gc          ] GC(72) Pause Remark 212M->212M(283M) 9.260ms
[2026-07-01T02:14:47.689+0000][45.673s][info][gc,cpu      ] GC(72) User=0.01s Sys=0.00s Real=0.01s
[2026-07-01T02:14:47.695+0000][45.679s][info][gc,marking  ] GC(72) Concurrent Mark 487.847ms
[2026-07-01T02:14:47.695+0000][45.679s][info][gc,marking  ] GC(72) Concurrent Rebuild Remembered Sets and Scrub Regions
[2026-07-01T02:14:48.010+0000][45.994s][info][gc,marking  ] GC(72) Concurrent Rebuild Remembered Sets and Scrub Regions 314.483ms
[2026-07-01T02:14:48.010+0000][45.994s][info][gc,start    ] GC(72) Pause Cleanup
[2026-07-01T02:14:48.010+0000][45.994s][info][gc          ] GC(72) Pause Cleanup 244M->244M(283M) 0.150ms
[2026-07-01T02:14:48.010+0000][45.994s][info][gc,cpu      ] GC(72) User=0.00s Sys=0.00s Real=0.00s
[2026-07-01T02:14:48.010+0000][45.994s][info][gc,marking  ] GC(72) Concurrent Clear Claimed Marks
[2026-07-01T02:14:48.010+0000][45.994s][info][gc,marking  ] GC(72) Concurrent Clear Claimed Marks 0.081ms
[2026-07-01T02:14:48.010+0000][45.994s][info][gc,marking  ] GC(72) Concurrent Cleanup for Next Mark
[2026-07-01T02:14:48.011+0000][45.995s][info][gc,marking  ] GC(72) Concurrent Cleanup for Next Mark 0.456ms
[2026-07-01T02:14:48.011+0000][45.995s][info][gc          ] GC(72) Concurrent Mark Cycle 832.063ms
[2026-07-01T02:14:48.186+0000][46.170s][info][gc,start    ] GC(73) Pause Young (Prepare Mixed) (G1 Evacuation Pause)
[2026-07-01T02:14:48.186+0000][46.170s][info][gc,task     ] GC(73) Using 2 workers of 2 for evacuation
[2026-07-01T02:14:48.201+0000][46.185s][info][gc,phases   ] GC(73)   Pre Evacuate Collection Set: 0.20ms
[2026-07-01T02:14:48.201+0000][46.185s][info][gc,phases   ] GC(73)   Merge Heap Roots: 0.56ms
[2026-07-01T02:14:48.201+0000][46.185s][info][gc,phases   ] GC(73)   Evacuate Collection Set: 13.72ms
[2026-07-01T02:14:48.201+0000][46.185s][info][gc,phases   ] GC(73)   Post Evacuate Collection Set: 0.44ms
[2026-07-01T02:14:48.201+0000][46.185s][info][gc,phases   ] GC(73)   Other: 0.20ms
[2026-07-01T02:14:48.201+0000][46.185s][info][gc,heap     ] GC(73) Eden regions: 99->0(99)
[2026-07-01T02:14:48.201+0000][46.185s][info][gc,heap     ] GC(73) Survivor regions: 7->7(14)
[2026-07-01T02:14:48.201+0000][46.185s][info][gc,heap     ] GC(73) Old regions: 159->159
[2026-07-01T02:14:48.201+0000][46.185s][info][gc,heap     ] GC(73) Humongous regions: 3->3
[2026-07-01T02:14:48.201+0000][46.185s][info][gc,metaspace] GC(73) Metaspace: 41656K(42496K)->41656K(42496K) NonClass: 36517K(36928K)->36517K(36928K) Class: 5139K(5568K)->5139K(5568K)
[2026-07-01T02:14:48.201+0000][46.185s][info][gc          ] GC(73) Pause Young (Prepare Mixed) (G1 Evacuation Pause) 267M->168M(283M) 15.272ms
[2026-07-01T02:14:48.201+0000][46.185s][info][gc,cpu      ] GC(73) User=0.04s Sys=0.00s Real=0.02s
[2026-07-01T02:14:48.834+0000][46.818s][info][gc,start    ] GC(74) Pause Young (Mixed) (G1 Evacuation Pause)
[2026-07-01T02:14:48.834+0000][46.818s][info][gc,task     ] GC(74) Using 2 workers of 2 for evacuation
[2026-07-01T02:14:48.850+0000][46.833s][info][gc,phases   ] GC(74)   Pre Evacuate Collection Set: 0.33ms
[2026-07-01T02:14:48.850+0000][46.833s][info][gc,phases   ] GC(74)   Merge Heap Roots: 0.33ms
[2026-07-01T02:14:48.850+0000][46.833s][info][gc,phases   ] GC(74)   Evacuate Collection Set: 14.13ms
[2026-07-01T02:14:48.850+0000][46.833s][info][gc,phases   ] GC(74)   Post Evacuate Collection Set: 0.36ms
[2026-07-01T02:14:48.850+0000][46.833s][info][gc,phases   ] GC(74)   Other: 0.05ms
[2026-07-01T02:14:48.850+0000][46.833s][info][gc,heap     ] GC(74) Eden regions: 99->0(99)
[2026-07-01T02:14:48.850+0000][46.833s][info][gc,heap     ] GC(74) Survivor regions: 7->7(14)
[2026-07-01T02:14:48.850+0000][46.833s][info][gc,heap     ] GC(74) Old regions: 159->159
[2026-07-01T02:14:48.850+0000][46.833s][info][gc,heap     ] GC(74) Humongous regions: 3->3
[2026-07-01T02:14:48.850+0000][46.833s][info][gc,metaspace] GC(74) Metaspace: 41656K(42496K)->41656K(42496K) NonClass: 36517K(36928K)->36517K(36928K) Class: 5139K(5568K)->5139K(5568K)
[2026-07-01T02:14:48.850+0000][46.833s][info][gc          ] GC(74) Pause Young (Mixed) (G1 Evacuation Pause) 267M->168M(283M) 15.341ms
[2026-07-01T02:14:48.850+0000][46.833s][info][gc,cpu      ] GC(74) User=0.03s Sys=0.00s Real=0.02s
[2026-07-01T02:14:49.549+0000][47.532s][info][gc,start    ] GC(75) Pause Young (Concurrent Start) (G1 Evacuation Pause)
[2026-07-01T02:14:49.549+0000][47.532s][info][gc,task     ] GC(75) Using 2 workers of 2 for evacuation
[2026-07-01T02:14:49.563+0000][47.546s][info][gc,phases   ] GC(75)   Pre Evacuate Collection Set: 0.52ms
[2026-07-01T02:14:49.563+0000][47.546s][info][gc,phases   ] GC(75)   Merge Heap Roots: 0.22ms
[2026-07-01T02:14:49.563+0000][47.546s][info][gc,phases   ] GC(75)   Evacuate Collection Set: 12.78ms
[2026-07-01T02:14:49.563+0000][47.546s][info][gc,phases   ] GC(75)   Post Evacuate Collection Set: 0.33ms
[2026-07-01T02:14:49.563+0000][47.546s][info][gc,phases   ] GC(75)   Other: 0.09ms
[2026-07-01T02:14:49.563+0000][47.546s][info][gc,heap     ] GC(75) Eden regions: 99->0(99)
[2026-07-01T02:14:49.563+0000][47.546s][info][gc,heap     ] GC(75) Survivor regions: 7->7(14)
[2026-07-01T02:14:49.563+0000][47.546s][info][gc,heap     ] GC(75) Old regions: 159->159
[2026-07-01T02:14:49.563+0000][47.546s][info][gc,heap     ] GC(75) Humongous regions: 3->3
[2026-07-01T02:14:49.563+0000][47.546s][info][gc,metaspace] GC(75) Metaspace: 41656K(42496K)->41656K(42496K) NonClass: 36517K(36928K)->36517K(36928K) Class: 5139K(5568K)->5139K(5568K)
[2026-07-01T02:14:49.563+0000][47.547s][info][gc          ] GC(75) Pause Young (Concurrent Start) (G1 Evacuation Pause) 267M->169M(283M) 14.085ms
[2026-07-01T02:14:49.563+0000][47.547s][info][gc          ] GC(76) Concurrent Mark Cycle
[2026-07-01T02:14:49.563+0000][47.547s][info][gc,marking  ] GC(76) Concurrent Scan Root Regions
[2026-07-01T02:14:49.563+0000][47.547s][info][gc,cpu      ] GC(75) User=0.03s Sys=0.00s Real=0.01s
[2026-07-01T02:14:49.602+0000][47.585s][info][gc,marking  ] GC(76) Concurrent Scan Root Regions 38.715ms
[2026-07-01T02:14:49.602+0000][47.585s][info][gc,marking  ] GC(76) Concurrent Mark
[2026-07-01T02:14:49.602+0000][47.585s][info][gc,marking  ] GC(76) Concurrent Mark From Roots
[2026-07-01T02:14:49.602+0000][47.585s][info][gc,task     ] GC(76) Using 1 workers of 1 for marking
[2026-07-01T02:14:50.255+0000][48.239s][info][gc,marking  ] GC(76) Concurrent Mark From Roots 653.309ms
[2026-07-01T02:14:50.255+0000][48.239s][info][gc,marking  ] GC(76) Concurrent Preclean
[2026-07-01T02:14:50.255+0000][48.239s][info][gc,marking  ] GC(76) Concurrent Preclean 0.084ms
[2026-07-01T02:14:50.255+0000][48.239s][info][gc,start    ] GC(76) Pause Remark
[2026-07-01T02:14:50.267+0000][48.250s][info][gc          ] GC(76) Pause Remark 246M->246M(283M) 11.554ms
[2026-07-01T02:14:50.267+0000][48.250s][info][gc,cpu      ] GC(76) User=0.02s Sys=0.00s Real=0.01s
[2026-07-01T02:14:50.268+0000][48.252s][info][gc,marking  ] GC(76) Concurrent Mark 666.349ms
[2026-07-01T02:14:50.268+0000][48.252s][info][gc,marking  ] GC(76) Concurrent Rebuild Remembered Sets and Scrub Regions
[2026-07-01T02:14:50.411+0000][48.394s][info][gc,marking  ] GC(76) Concurrent Rebuild Remembered Sets and Scrub Regions 142.689ms
[2026-07-01T02:14:50.411+0000][48.395s][info][gc,start    ] GC(76) Pause Cleanup
[2026-07-01T02:14:50.411+0000][48.395s][info][gc          ] GC(76) Pause Cleanup 256M->256M(283M) 0.151ms
[2026-07-01T02:14:50.411+0000][48.395s][info][gc,cpu      ] GC(76) User=0.00s Sys=0.00s Real=0.00s
[2026-07-01T02:14:50.411+0000][48.395s][info][gc,marking  ] GC(76) Concurrent Clear Claimed Marks
[2026-07-01T02:14:50.411+0000][48.395s][info][gc,marking  ] GC(76) Concurrent Clear Claimed Marks 0.131ms
[2026-07-01T02:14:50.411+0000][48.395s][info][gc,marking  ] GC(76) Concurrent Cleanup for Next Mark
[2026-07-01T02:14:50.412+0000][48.395s][info][gc,marking  ] GC(76) Concurrent Cleanup for Next Mark 0.486ms
[2026-07-01T02:14:50.412+0000][48.395s][info][gc          ] GC(76) Concurrent Mark Cycle 848.857ms
[2026-07-01T02:14:50.551+0000][48.535s][info][gc,start    ] GC(77) Pause Young (Prepare Mixed) (G1 Evacuation Pause)
[2026-07-01T02:14:50.551+0000][48.535s][info][gc,task     ] GC(77) Using 2 workers of 2 for evacuation
[2026-07-01T02:14:50.569+0000][48.552s][info][gc,phases   ] GC(77)   Pre Evacuate Collection Set: 0.14ms
[2026-07-01T02:14:50.569+0000][48.552s][info][gc,phases   ] GC(77)   Merge Heap Roots: 0.45ms
[2026-07-01T02:14:50.569+0000][48.552s][info][gc,phases   ] GC(77)   Evacuate Collection Set: 16.53ms
[2026-07-01T02:14:50.569+0000][48.552s][info][gc,phases   ] GC(77)   Post Evacuate Collection Set: 0.48ms
[2026-07-01T02:14:50.569+0000][48.552s][info][gc,phases   ] GC(77)   Other: 0.07ms
[2026-07-01T02:14:50.569+0000][48.553s][info][gc,heap     ] GC(77) Eden regions: 99->0(98)
[2026-07-01T02:14:50.569+0000][48.553s][info][gc,heap     ] GC(77) Survivor regions: 7->7(14)
[2026-07-01T02:14:50.569+0000][48.553s][info][gc,heap     ] GC(77) Old regions: 159->160
[2026-07-01T02:14:50.569+0000][48.553s][info][gc,heap     ] GC(77) Humongous regions: 3->3
[2026-07-01T02:14:50.569+0000][48.553s][info][gc,metaspace] GC(77) Metaspace: 41657K(42496K)->41657K(42496K) NonClass: 36518K(36928K)->36518K(36928K) Class: 5139K(5568K)->5139K(5568K)
[2026-07-01T02:14:50.569+0000][48.553s][info][gc          ] GC(77) Pause Young (Prepare Mixed) (G1 Evacuation Pause) 268M->169M(283M) 17.847ms
[2026-07-01T02:14:50.569+0000][48.553s][info][gc,cpu      ] GC(77) User=0.03s Sys=0.01s Real=0.02s
[2026-07-01T02:14:51.617+0000][49.600s][info][gc,start    ] GC(78) Pause Young (Mixed) (G1 Evacuation Pause)
[2026-07-01T02:14:51.617+0000][49.601s][info][gc,task     ] GC(78) Using 2 workers of 2 for evacuation
[2026-07-01T02:14:51.664+0000][49.647s][info][gc,phases   ] GC(78)   Pre Evacuate Collection Set: 0.17ms
[2026-07-01T02:14:51.664+0000][49.647s][info][gc,phases   ] GC(78)   Merge Heap Roots: 0.31ms
[2026-07-01T02:14:51.664+0000][49.647s][info][gc,phases   ] GC(78)   Evacuate Collection Set: 45.33ms
[2026-07-01T02:14:51.664+0000][49.647s][info][gc,phases   ] GC(78)   Post Evacuate Collection Set: 0.80ms
[2026-07-01T02:14:51.664+0000][49.647s][info][gc,phases   ] GC(78)   Other: 0.07ms
[2026-07-01T02:14:51.664+0000][49.647s][info][gc,heap     ] GC(78) Eden regions: 98->0(98)
[2026-07-01T02:14:51.664+0000][49.647s][info][gc,heap     ] GC(78) Survivor regions: 7->7(14)
[2026-07-01T02:14:51.664+0000][49.647s][info][gc,heap     ] GC(78) Old regions: 160->160
[2026-07-01T02:14:51.664+0000][49.647s][info][gc,heap     ] GC(78) Humongous regions: 3->3
[2026-07-01T02:14:51.664+0000][49.647s][info][gc,metaspace] GC(78) Metaspace: 41662K(42496K)->41662K(42496K) NonClass: 36523K(36928K)->36523K(36928K) Class: 5139K(5568K)->5139K(5568K)
[2026-07-01T02:14:51.664+0000][49.647s][info][gc          ] GC(78) Pause Young (Mixed) (G1 Evacuation Pause) 267M->169M(283M) 46.858ms
[2026-07-01T02:14:51.664+0000][49.647s][info][gc,cpu      ] GC(78) User=0.04s Sys=0.00s Real=0.05s
[2026-07-01T02:14:52.486+0000][50.470s][info][gc,start    ] GC(79) Pause Young (Concurrent Start) (G1 Evacuation Pause)
[2026-07-01T02:14:52.486+0000][50.470s][info][gc,task     ] GC(79) Using 2 workers of 2 for evacuation
[2026-07-01T02:14:52.505+0000][50.488s][info][gc,phases   ] GC(79)   Pre Evacuate Collection Set: 0.23ms
[2026-07-01T02:14:52.505+0000][50.488s][info][gc,phases   ] GC(79)   Merge Heap Roots: 0.47ms
[2026-07-01T02:14:52.505+0000][50.488s][info][gc,phases   ] GC(79)   Evacuate Collection Set: 17.55ms
[2026-07-01T02:14:52.505+0000][50.488s][info][gc,phases   ] GC(79)   Post Evacuate Collection Set: 0.45ms
[2026-07-01T02:14:52.505+0000][50.489s][info][gc,phases   ] GC(79)   Other: 0.09ms
[2026-07-01T02:14:52.505+0000][50.489s][info][gc,heap     ] GC(79) Eden regions: 98->0(98)
[2026-07-01T02:14:52.505+0000][50.489s][info][gc,heap     ] GC(79) Survivor regions: 7->7(14)
[2026-07-01T02:14:52.505+0000][50.489s][info][gc,heap     ] GC(79) Old regions: 160->160
[2026-07-01T02:14:52.505+0000][50.489s][info][gc,heap     ] GC(79) Humongous regions: 3->3
[2026-07-01T02:14:52.505+0000][50.489s][info][gc,metaspace] GC(79) Metaspace: 41662K(42496K)->41662K(42496K) NonClass: 36523K(36928K)->36523K(36928K) Class: 5139K(5568K)->5139K(5568K)
[2026-07-01T02:14:52.505+0000][50.489s][info][gc          ] GC(79) Pause Young (Concurrent Start) (G1 Evacuation Pause) 267M->169M(283M) 18.952ms
[2026-07-01T02:14:52.505+0000][50.489s][info][gc          ] GC(80) Concurrent Mark Cycle
[2026-07-01T02:14:52.505+0000][50.489s][info][gc,marking  ] GC(80) Concurrent Scan Root Regions
[2026-07-01T02:14:52.505+0000][50.489s][info][gc,cpu      ] GC(79) User=0.03s Sys=0.00s Real=0.02s
[2026-07-01T02:14:52.525+0000][50.508s][info][gc,marking  ] GC(80) Concurrent Scan Root Regions 19.578ms
[2026-07-01T02:14:52.525+0000][50.508s][info][gc,marking  ] GC(80) Concurrent Mark
[2026-07-01T02:14:52.525+0000][50.508s][info][gc,marking  ] GC(80) Concurrent Mark From Roots
[2026-07-01T02:14:52.525+0000][50.508s][info][gc,task     ] GC(80) Using 1 workers of 1 for marking
[2026-07-01T02:14:53.019+0000][51.002s][info][gc,marking  ] GC(80) Concurrent Mark From Roots 493.941ms
[2026-07-01T02:14:53.019+0000][51.002s][info][gc,marking  ] GC(80) Concurrent Preclean
[2026-07-01T02:14:53.019+0000][51.002s][info][gc,marking  ] GC(80) Concurrent Preclean 0.151ms
[2026-07-01T02:14:53.019+0000][51.002s][info][gc,start    ] GC(80) Pause Remark
[2026-07-01T02:14:53.042+0000][51.026s][info][gc          ] GC(80) Pause Remark 233M->233M(284M) 23.493ms
[2026-07-01T02:14:53.042+0000][51.026s][info][gc,cpu      ] GC(80) User=0.02s Sys=0.00s Real=0.02s
[2026-07-01T02:14:53.044+0000][51.028s][info][gc,marking  ] GC(80) Concurrent Mark 519.809ms
[2026-07-01T02:14:53.044+0000][51.028s][info][gc,marking  ] GC(80) Concurrent Rebuild Remembered Sets and Scrub Regions
[2026-07-01T02:14:53.185+0000][51.169s][info][gc,marking  ] GC(80) Concurrent Rebuild Remembered Sets and Scrub Regions 140.502ms
[2026-07-01T02:14:53.185+0000][51.169s][info][gc,start    ] GC(80) Pause Cleanup
[2026-07-01T02:14:53.185+0000][51.169s][info][gc          ] GC(80) Pause Cleanup 247M->247M(284M) 0.142ms
[2026-07-01T02:14:53.185+0000][51.169s][info][gc,cpu      ] GC(80) User=0.01s Sys=0.00s Real=0.00s
[2026-07-01T02:14:53.188+0000][51.171s][info][gc,marking  ] GC(80) Concurrent Clear Claimed Marks
[2026-07-01T02:14:53.188+0000][51.171s][info][gc,marking  ] GC(80) Concurrent Clear Claimed Marks 0.097ms
[2026-07-01T02:14:53.188+0000][51.171s][info][gc,marking  ] GC(80) Concurrent Cleanup for Next Mark
[2026-07-01T02:14:53.189+0000][51.172s][info][gc,marking  ] GC(80) Concurrent Cleanup for Next Mark 0.980ms
[2026-07-01T02:14:53.189+0000][51.172s][info][gc          ] GC(80) Concurrent Mark Cycle 683.724ms
[2026-07-01T02:14:53.317+0000][51.300s][info][gc,start    ] GC(81) Pause Young (Prepare Mixed) (G1 Evacuation Pause)
[2026-07-01T02:14:53.317+0000][51.301s][info][gc,task     ] GC(81) Using 2 workers of 2 for evacuation
[2026-07-01T02:14:53.336+0000][51.320s][info][gc,phases   ] GC(81)   Pre Evacuate Collection Set: 0.23ms
[2026-07-01T02:14:53.336+0000][51.320s][info][gc,phases   ] GC(81)   Merge Heap Roots: 0.62ms
[2026-07-01T02:14:53.336+0000][51.320s][info][gc,phases   ] GC(81)   Evacuate Collection Set: 17.69ms
[2026-07-01T02:14:53.336+0000][51.320s][info][gc,phases   ] GC(81)   Post Evacuate Collection Set: 0.44ms
[2026-07-01T02:14:53.336+0000][51.320s][info][gc,phases   ] GC(81)   Other: 0.13ms
[2026-07-01T02:14:53.336+0000][51.320s][info][gc,heap     ] GC(81) Eden regions: 98->0(98)
[2026-07-01T02:14:53.336+0000][51.320s][info][gc,heap     ] GC(81) Survivor regions: 7->7(14)
[2026-07-01T02:14:53.336+0000][51.320s][info][gc,heap     ] GC(81) Old regions: 160->161
[2026-07-01T02:14:53.336+0000][51.320s][info][gc,heap     ] GC(81) Humongous regions: 3->3
[2026-07-01T02:14:53.336+0000][51.320s][info][gc,metaspace] GC(81) Metaspace: 41663K(42496K)->41663K(42496K) NonClass: 36524K(36928K)->36524K(36928K) Class: 5139K(5568K)->5139K(5568K)
[2026-07-01T02:14:53.336+0000][51.320s][info][gc          ] GC(81) Pause Young (Prepare Mixed) (G1 Evacuation Pause) 267M->170M(284M) 19.290ms
[2026-07-01T02:14:53.336+0000][51.320s][info][gc,cpu      ] GC(81) User=0.04s Sys=0.00s Real=0.02s
[2026-07-01T02:14:53.956+0000][51.939s][info][gc,start    ] GC(82) Pause Young (Mixed) (G1 Evacuation Pause)
[2026-07-01T02:14:53.956+0000][51.939s][info][gc,task     ] GC(82) Using 2 workers of 2 for evacuation
[2026-07-01T02:14:53.975+0000][51.959s][info][gc,phases   ] GC(82)   Pre Evacuate Collection Set: 0.16ms
[2026-07-01T02:14:53.975+0000][51.959s][info][gc,phases   ] GC(82)   Merge Heap Roots: 0.27ms
[2026-07-01T02:14:53.975+0000][51.959s][info][gc,phases   ] GC(82)   Evacuate Collection Set: 18.41ms
[2026-07-01T02:14:53.975+0000][51.959s][info][gc,phases   ] GC(82)   Post Evacuate Collection Set: 0.45ms
[2026-07-01T02:14:53.975+0000][51.959s][info][gc,phases   ] GC(82)   Other: 0.06ms
[2026-07-01T02:14:53.975+0000][51.959s][info][gc,heap     ] GC(82) Eden regions: 98->0(98)
[2026-07-01T02:14:53.975+0000][51.959s][info][gc,heap     ] GC(82) Survivor regions: 7->7(14)
[2026-07-01T02:14:53.975+0000][51.959s][info][gc,heap     ] GC(82) Old regions: 161->161
[2026-07-01T02:14:53.975+0000][51.959s][info][gc,heap     ] GC(82) Humongous regions: 3->3
[2026-07-01T02:14:53.975+0000][51.959s][info][gc,metaspace] GC(82) Metaspace: 41674K(42496K)->41674K(42496K) NonClass: 36533K(36928K)->36533K(36928K) Class: 5140K(5568K)->5140K(5568K)
[2026-07-01T02:14:53.975+0000][51.959s][info][gc          ] GC(82) Pause Young (Mixed) (G1 Evacuation Pause) 268M->170M(284M) 19.518ms
[2026-07-01T02:14:53.975+0000][51.959s][info][gc,cpu      ] GC(82) User=0.04s Sys=0.00s Real=0.02s
[2026-07-01T02:14:54.470+0000][52.454s][info][gc,start    ] GC(83) Pause Young (Concurrent Start) (G1 Evacuation Pause)
[2026-07-01T02:14:54.470+0000][52.454s][info][gc,task     ] GC(83) Using 2 workers of 2 for evacuation
[2026-07-01T02:14:54.483+0000][52.466s][info][gc,phases   ] GC(83)   Pre Evacuate Collection Set: 0.23ms
[2026-07-01T02:14:54.483+0000][52.466s][info][gc,phases   ] GC(83)   Merge Heap Roots: 0.35ms
[2026-07-01T02:14:54.483+0000][52.466s][info][gc,phases   ] GC(83)   Evacuate Collection Set: 11.65ms
[2026-07-01T02:14:54.483+0000][52.466s][info][gc,phases   ] GC(83)   Post Evacuate Collection Set: 0.33ms
[2026-07-01T02:14:54.483+0000][52.466s][info][gc,phases   ] GC(83)   Other: 0.08ms
[2026-07-01T02:14:54.483+0000][52.466s][info][gc,heap     ] GC(83) Eden regions: 98->0(98)
[2026-07-01T02:14:54.483+0000][52.466s][info][gc,heap     ] GC(83) Survivor regions: 7->7(14)
[2026-07-01T02:14:54.483+0000][52.466s][info][gc,heap     ] GC(83) Old regions: 161->161
[2026-07-01T02:14:54.483+0000][52.466s][info][gc,heap     ] GC(83) Humongous regions: 3->3
[2026-07-01T02:14:54.483+0000][52.466s][info][gc,metaspace] GC(83) Metaspace: 41675K(42496K)->41675K(42496K) NonClass: 36534K(36928K)->36534K(36928K) Class: 5140K(5568K)->5140K(5568K)
[2026-07-01T02:14:54.483+0000][52.466s][info][gc          ] GC(83) Pause Young (Concurrent Start) (G1 Evacuation Pause) 268M->170M(284M) 12.801ms
[2026-07-01T02:14:54.483+0000][52.467s][info][gc          ] GC(84) Concurrent Mark Cycle
[2026-07-01T02:14:54.483+0000][52.467s][info][gc,marking  ] GC(84) Concurrent Scan Root Regions
[2026-07-01T02:14:54.483+0000][52.467s][info][gc,cpu      ] GC(83) User=0.03s Sys=0.00s Real=0.01s
[2026-07-01T02:14:54.512+0000][52.496s][info][gc,marking  ] GC(84) Concurrent Scan Root Regions 29.490ms
[2026-07-01T02:14:54.512+0000][52.496s][info][gc,marking  ] GC(84) Concurrent Mark
[2026-07-01T02:14:54.512+0000][52.496s][info][gc,marking  ] GC(84) Concurrent Mark From Roots
[2026-07-01T02:14:54.512+0000][52.496s][info][gc,task     ] GC(84) Using 1 workers of 1 for marking
[2026-07-01T02:14:55.043+0000][53.026s][info][gc,marking  ] GC(84) Concurrent Mark From Roots 530.150ms
[2026-07-01T02:14:55.043+0000][53.026s][info][gc,marking  ] GC(84) Concurrent Preclean
[2026-07-01T02:14:55.043+0000][53.026s][info][gc,marking  ] GC(84) Concurrent Preclean 0.162ms
[2026-07-01T02:14:55.043+0000][53.027s][info][gc,start    ] GC(84) Pause Remark
[2026-07-01T02:14:55.049+0000][53.033s][info][gc          ] GC(84) Pause Remark 248M->248M(285M) 6.367ms
[2026-07-01T02:14:55.049+0000][53.033s][info][gc,cpu      ] GC(84) User=0.01s Sys=0.00s Real=0.01s
[2026-07-01T02:14:55.053+0000][53.037s][info][gc,marking  ] GC(84) Concurrent Mark 540.663ms
[2026-07-01T02:14:55.053+0000][53.037s][info][gc,marking  ] GC(84) Concurrent Rebuild Remembered Sets and Scrub Regions
[2026-07-01T02:14:55.170+0000][53.153s][info][gc,start    ] GC(85) Pause Young (Normal) (G1 Evacuation Pause)
[2026-07-01T02:14:55.170+0000][53.153s][info][gc,task     ] GC(85) Using 2 workers of 2 for evacuation
[2026-07-01T02:14:55.190+0000][53.173s][info][gc,phases   ] GC(85)   Pre Evacuate Collection Set: 0.15ms
[2026-07-01T02:14:55.190+0000][53.173s][info][gc,phases   ] GC(85)   Merge Heap Roots: 0.44ms
[2026-07-01T02:14:55.190+0000][53.173s][info][gc,phases   ] GC(85)   Evacuate Collection Set: 18.73ms
[2026-07-01T02:14:55.190+0000][53.173s][info][gc,phases   ] GC(85)   Post Evacuate Collection Set: 0.56ms
[2026-07-01T02:14:55.190+0000][53.173s][info][gc,phases   ] GC(85)   Other: 0.05ms
[2026-07-01T02:14:55.190+0000][53.173s][info][gc,heap     ] GC(85) Eden regions: 98->0(98)
[2026-07-01T02:14:55.190+0000][53.173s][info][gc,heap     ] GC(85) Survivor regions: 7->7(14)
[2026-07-01T02:14:55.190+0000][53.173s][info][gc,heap     ] GC(85) Old regions: 161->162
[2026-07-01T02:14:55.190+0000][53.173s][info][gc,heap     ] GC(85) Humongous regions: 3->3
[2026-07-01T02:14:55.190+0000][53.173s][info][gc,metaspace] GC(85) Metaspace: 41675K(42496K)->41675K(42496K) NonClass: 36534K(36928K)->36534K(36928K) Class: 5140K(5568K)->5140K(5568K)
[2026-07-01T02:14:55.190+0000][53.174s][info][gc          ] GC(85) Pause Young (Normal) (G1 Evacuation Pause) 268M->171M(285M) 20.124ms
[2026-07-01T02:14:55.190+0000][53.174s][info][gc,cpu      ] GC(85) User=0.03s Sys=0.00s Real=0.02s
[2026-07-01T02:14:55.261+0000][53.244s][info][gc,marking  ] GC(84) Concurrent Rebuild Remembered Sets and Scrub Regions 207.625ms
[2026-07-01T02:14:55.261+0000][53.245s][info][gc,start    ] GC(84) Pause Cleanup
[2026-07-01T02:14:55.261+0000][53.245s][info][gc          ] GC(84) Pause Cleanup 177M->177M(285M) 0.174ms
[2026-07-01T02:14:55.261+0000][53.245s][info][gc,cpu      ] GC(84) User=0.00s Sys=0.00s Real=0.00s
[2026-07-01T02:14:55.261+0000][53.245s][info][gc,marking  ] GC(84) Concurrent Clear Claimed Marks
[2026-07-01T02:14:55.262+0000][53.245s][info][gc,marking  ] GC(84) Concurrent Clear Claimed Marks 0.096ms
[2026-07-01T02:14:55.262+0000][53.245s][info][gc,marking  ] GC(84) Concurrent Cleanup for Next Mark
[2026-07-01T02:14:55.263+0000][53.247s][info][gc,marking  ] GC(84) Concurrent Cleanup for Next Mark 1.942ms
[2026-07-01T02:14:55.264+0000][53.247s][info][gc          ] GC(84) Concurrent Mark Cycle 780.578ms
[2026-07-01T02:14:56.067+0000][54.051s][info][gc,start    ] GC(86) Pause Young (Prepare Mixed) (G1 Evacuation Pause)
[2026-07-01T02:14:56.067+0000][54.051s][info][gc,task     ] GC(86) Using 2 workers of 2 for evacuation
[2026-07-01T02:14:56.094+0000][54.078s][info][gc,phases   ] GC(86)   Pre Evacuate Collection Set: 0.15ms
[2026-07-01T02:14:56.094+0000][54.078s][info][gc,phases   ] GC(86)   Merge Heap Roots: 0.61ms
[2026-07-01T02:14:56.094+0000][54.078s][info][gc,phases   ] GC(86)   Evacuate Collection Set: 25.92ms
[2026-07-01T02:14:56.094+0000][54.078s][info][gc,phases   ] GC(86)   Post Evacuate Collection Set: 0.46ms
[2026-07-01T02:14:56.094+0000][54.078s][info][gc,phases   ] GC(86)   Other: 0.08ms
[2026-07-01T02:14:56.094+0000][54.078s][info][gc,heap     ] GC(86) Eden regions: 98->0(98)
[2026-07-01T02:14:56.094+0000][54.078s][info][gc,heap     ] GC(86) Survivor regions: 7->7(14)
[2026-07-01T02:14:56.094+0000][54.078s][info][gc,heap     ] GC(86) Old regions: 162->162
[2026-07-01T02:14:56.094+0000][54.078s][info][gc,heap     ] GC(86) Humongous regions: 3->3
[2026-07-01T02:14:56.094+0000][54.078s][info][gc,metaspace] GC(86) Metaspace: 41675K(42496K)->41675K(42496K) NonClass: 36534K(36928K)->36534K(36928K) Class: 5140K(5568K)->5140K(5568K)
[2026-07-01T02:14:56.094+0000][54.078s][info][gc          ] GC(86) Pause Young (Prepare Mixed) (G1 Evacuation Pause) 269M->171M(285M) 27.418ms
[2026-07-01T02:14:56.094+0000][54.078s][info][gc,cpu      ] GC(86) User=0.04s Sys=0.00s Real=0.03s
[2026-07-01T02:14:56.850+0000][54.833s][info][gc,start    ] GC(87) Pause Young (Mixed) (G1 Evacuation Pause)
[2026-07-01T02:14:56.850+0000][54.833s][info][gc,task     ] GC(87) Using 2 workers of 2 for evacuation
[2026-07-01T02:14:56.870+0000][54.854s][info][gc,phases   ] GC(87)   Pre Evacuate Collection Set: 0.17ms
[2026-07-01T02:14:56.870+0000][54.854s][info][gc,phases   ] GC(87)   Merge Heap Roots: 0.34ms
[2026-07-01T02:14:56.870+0000][54.854s][info][gc,phases   ] GC(87)   Evacuate Collection Set: 19.29ms
[2026-07-01T02:14:56.870+0000][54.854s][info][gc,phases   ] GC(87)   Post Evacuate Collection Set: 0.48ms
[2026-07-01T02:14:56.870+0000][54.854s][info][gc,phases   ] GC(87)   Other: 0.08ms
[2026-07-01T02:14:56.870+0000][54.854s][info][gc,heap     ] GC(87) Eden regions: 98->0(98)
[2026-07-01T02:14:56.870+0000][54.854s][info][gc,heap     ] GC(87) Survivor regions: 7->7(14)
[2026-07-01T02:14:56.870+0000][54.854s][info][gc,heap     ] GC(87) Old regions: 162->162
[2026-07-01T02:14:56.870+0000][54.854s][info][gc,heap     ] GC(87) Humongous regions: 3->3
[2026-07-01T02:14:56.870+0000][54.854s][info][gc,metaspace] GC(87) Metaspace: 41675K(42496K)->41675K(42496K) NonClass: 36534K(36928K)->36534K(36928K) Class: 5140K(5568K)->5140K(5568K)
[2026-07-01T02:14:56.870+0000][54.854s][info][gc          ] GC(87) Pause Young (Mixed) (G1 Evacuation Pause) 269M->171M(285M) 20.562ms
[2026-07-01T02:14:56.870+0000][54.854s][info][gc,cpu      ] GC(87) User=0.04s Sys=0.00s Real=0.02s
[2026-07-01T02:14:57.457+0000][55.440s][info][gc,start    ] GC(88) Pause Young (Concurrent Start) (G1 Evacuation Pause)
[2026-07-01T02:14:57.457+0000][55.440s][info][gc,task     ] GC(88) Using 2 workers of 2 for evacuation
[2026-07-01T02:14:57.470+0000][55.453s][info][gc,phases   ] GC(88)   Pre Evacuate Collection Set: 0.16ms
[2026-07-01T02:14:57.470+0000][55.453s][info][gc,phases   ] GC(88)   Merge Heap Roots: 0.31ms
[2026-07-01T02:14:57.470+0000][55.453s][info][gc,phases   ] GC(88)   Evacuate Collection Set: 12.13ms
[2026-07-01T02:14:57.470+0000][55.453s][info][gc,phases   ] GC(88)   Post Evacuate Collection Set: 0.34ms
[2026-07-01T02:14:57.470+0000][55.453s][info][gc,phases   ] GC(88)   Other: 0.07ms
[2026-07-01T02:14:57.470+0000][55.453s][info][gc,heap     ] GC(88) Eden regions: 98->0(97)
[2026-07-01T02:14:57.470+0000][55.453s][info][gc,heap     ] GC(88) Survivor regions: 7->7(14)
[2026-07-01T02:14:57.470+0000][55.453s][info][gc,heap     ] GC(88) Old regions: 162->163
[2026-07-01T02:14:57.470+0000][55.453s][info][gc,heap     ] GC(88) Humongous regions: 3->3
[2026-07-01T02:14:57.470+0000][55.453s][info][gc,metaspace] GC(88) Metaspace: 41676K(42496K)->41676K(42496K) NonClass: 36535K(36928K)->36535K(36928K) Class: 5140K(5568K)->5140K(5568K)
[2026-07-01T02:14:57.470+0000][55.453s][info][gc          ] GC(88) Pause Young (Concurrent Start) (G1 Evacuation Pause) 269M->171M(285M) 13.174ms
[2026-07-01T02:14:57.470+0000][55.453s][info][gc,cpu      ] GC(88) User=0.03s Sys=0.00s Real=0.02s
[2026-07-01T02:14:57.470+0000][55.453s][info][gc          ] GC(89) Concurrent Mark Cycle
[2026-07-01T02:14:57.470+0000][55.453s][info][gc,marking  ] GC(89) Concurrent Scan Root Regions
[2026-07-01T02:14:57.487+0000][55.471s][info][gc,marking  ] GC(89) Concurrent Scan Root Regions 17.096ms
[2026-07-01T02:14:57.487+0000][55.471s][info][gc,marking  ] GC(89) Concurrent Mark
[2026-07-01T02:14:57.487+0000][55.471s][info][gc,marking  ] GC(89) Concurrent Mark From Roots
[2026-07-01T02:14:57.487+0000][55.471s][info][gc,task     ] GC(89) Using 1 workers of 1 for marking
[2026-07-01T02:14:57.957+0000][55.940s][info][gc,marking  ] GC(89) Concurrent Mark From Roots 469.533ms
[2026-07-01T02:14:57.957+0000][55.940s][info][gc,marking  ] GC(89) Concurrent Preclean
[2026-07-01T02:14:57.957+0000][55.940s][info][gc,marking  ] GC(89) Concurrent Preclean 0.235ms
[2026-07-01T02:14:57.957+0000][55.941s][info][gc,start    ] GC(89) Pause Remark
[2026-07-01T02:14:57.964+0000][55.947s][info][gc          ] GC(89) Pause Remark 256M->256M(289M) 6.531ms
[2026-07-01T02:14:57.964+0000][55.947s][info][gc,cpu      ] GC(89) User=0.02s Sys=0.00s Real=0.01s
[2026-07-01T02:14:57.966+0000][55.950s][info][gc,marking  ] GC(89) Concurrent Mark 479.286ms
[2026-07-01T02:14:57.966+0000][55.950s][info][gc,marking  ] GC(89) Concurrent Rebuild Remembered Sets and Scrub Regions
[2026-07-01T02:14:58.030+0000][56.013s][info][gc,start    ] GC(90) Pause Young (Normal) (G1 Evacuation Pause)
[2026-07-01T02:14:58.030+0000][56.013s][info][gc,task     ] GC(90) Using 2 workers of 2 for evacuation
[2026-07-01T02:14:58.044+0000][56.027s][info][gc,phases   ] GC(90)   Pre Evacuate Collection Set: 0.17ms
[2026-07-01T02:14:58.044+0000][56.027s][info][gc,phases   ] GC(90)   Merge Heap Roots: 0.41ms
[2026-07-01T02:14:58.044+0000][56.027s][info][gc,phases   ] GC(90)   Evacuate Collection Set: 12.97ms
[2026-07-01T02:14:58.044+0000][56.027s][info][gc,phases   ] GC(90)   Post Evacuate Collection Set: 0.37ms
[2026-07-01T02:14:58.044+0000][56.027s][info][gc,phases   ] GC(90)   Other: 0.05ms
[2026-07-01T02:14:58.044+0000][56.027s][info][gc,heap     ] GC(90) Eden regions: 97->0(101)
[2026-07-01T02:14:58.044+0000][56.027s][info][gc,heap     ] GC(90) Survivor regions: 7->7(13)
[2026-07-01T02:14:58.044+0000][56.027s][info][gc,heap     ] GC(90) Old regions: 163->163
[2026-07-01T02:14:58.044+0000][56.027s][info][gc,heap     ] GC(90) Humongous regions: 3->3
[2026-07-01T02:14:58.044+0000][56.027s][info][gc,metaspace] GC(90) Metaspace: 41676K(42496K)->41676K(42496K) NonClass: 36536K(36928K)->36536K(36928K) Class: 5140K(5568K)->5140K(5568K)
[2026-07-01T02:14:58.044+0000][56.027s][info][gc          ] GC(90) Pause Young (Normal) (G1 Evacuation Pause) 268M->172M(289M) 14.107ms
[2026-07-01T02:14:58.044+0000][56.027s][info][gc,cpu      ] GC(90) User=0.03s Sys=0.00s Real=0.01s
[2026-07-01T02:14:58.177+0000][56.161s][info][gc,marking  ] GC(89) Concurrent Rebuild Remembered Sets and Scrub Regions 210.849ms
[2026-07-01T02:14:58.177+0000][56.161s][info][gc,start    ] GC(89) Pause Cleanup
[2026-07-01T02:14:58.178+0000][56.161s][info][gc          ] GC(89) Pause Cleanup 198M->198M(289M) 0.169ms
[2026-07-01T02:14:58.178+0000][56.161s][info][gc,cpu      ] GC(89) User=0.00s Sys=0.00s Real=0.00s
[2026-07-01T02:14:58.179+0000][56.163s][info][gc,marking  ] GC(89) Concurrent Clear Claimed Marks
[2026-07-01T02:14:58.180+0000][56.163s][info][gc,marking  ] GC(89) Concurrent Clear Claimed Marks 0.095ms
[2026-07-01T02:14:58.180+0000][56.163s][info][gc,marking  ] GC(89) Concurrent Cleanup for Next Mark
[2026-07-01T02:14:58.180+0000][56.164s][info][gc,marking  ] GC(89) Concurrent Cleanup for Next Mark 0.591ms
[2026-07-01T02:14:58.180+0000][56.164s][info][gc          ] GC(89) Concurrent Mark Cycle 710.364ms
[2026-07-01T02:14:58.528+0000][56.512s][info][gc,start    ] GC(91) Pause Young (Prepare Mixed) (G1 Evacuation Pause)
[2026-07-01T02:14:58.528+0000][56.512s][info][gc,task     ] GC(91) Using 2 workers of 2 for evacuation
[2026-07-01T02:14:58.542+0000][56.526s][info][gc,phases   ] GC(91)   Pre Evacuate Collection Set: 0.14ms
[2026-07-01T02:14:58.542+0000][56.526s][info][gc,phases   ] GC(91)   Merge Heap Roots: 0.45ms
[2026-07-01T02:14:58.542+0000][56.526s][info][gc,phases   ] GC(91)   Evacuate Collection Set: 12.98ms
[2026-07-01T02:14:58.542+0000][56.526s][info][gc,phases   ] GC(91)   Post Evacuate Collection Set: 0.37ms
[2026-07-01T02:14:58.542+0000][56.526s][info][gc,phases   ] GC(91)   Other: 0.05ms
[2026-07-01T02:14:58.542+0000][56.526s][info][gc,heap     ] GC(91) Eden regions: 101->0(101)
[2026-07-01T02:14:58.542+0000][56.526s][info][gc,heap     ] GC(91) Survivor regions: 7->7(14)
[2026-07-01T02:14:58.542+0000][56.526s][info][gc,heap     ] GC(91) Old regions: 163->163
[2026-07-01T02:14:58.542+0000][56.526s][info][gc,heap     ] GC(91) Humongous regions: 3->3
[2026-07-01T02:14:58.542+0000][56.526s][info][gc,metaspace] GC(91) Metaspace: 41681K(42496K)->41681K(42496K) NonClass: 36540K(36928K)->36540K(36928K) Class: 5140K(5568K)->5140K(5568K)
[2026-07-01T02:14:58.542+0000][56.526s][info][gc          ] GC(91) Pause Young (Prepare Mixed) (G1 Evacuation Pause) 273M->172M(289M) 14.168ms
[2026-07-01T02:14:58.542+0000][56.526s][info][gc,cpu      ] GC(91) User=0.03s Sys=0.00s Real=0.01s
[2026-07-01T02:14:59.004+0000][56.988s][info][gc,start    ] GC(92) Pause Young (Mixed) (G1 Evacuation Pause)
[2026-07-01T02:14:59.004+0000][56.988s][info][gc,task     ] GC(92) Using 2 workers of 2 for evacuation
[2026-07-01T02:14:59.018+0000][57.001s][info][gc,phases   ] GC(92)   Pre Evacuate Collection Set: 0.20ms
[2026-07-01T02:14:59.018+0000][57.001s][info][gc,phases   ] GC(92)   Merge Heap Roots: 0.32ms
[2026-07-01T02:14:59.018+0000][57.001s][info][gc,phases   ] GC(92)   Evacuate Collection Set: 12.69ms
[2026-07-01T02:14:59.018+0000][57.001s][info][gc,phases   ] GC(92)   Post Evacuate Collection Set: 0.36ms
[2026-07-01T02:14:59.018+0000][57.001s][info][gc,phases   ] GC(92)   Other: 0.05ms
[2026-07-01T02:14:59.018+0000][57.001s][info][gc,heap     ] GC(92) Eden regions: 101->0(101)
[2026-07-01T02:14:59.018+0000][57.001s][info][gc,heap     ] GC(92) Survivor regions: 7->7(14)
[2026-07-01T02:14:59.018+0000][57.001s][info][gc,heap     ] GC(92) Old regions: 163->163
[2026-07-01T02:14:59.018+0000][57.001s][info][gc,heap     ] GC(92) Humongous regions: 3->3
[2026-07-01T02:14:59.018+0000][57.001s][info][gc,metaspace] GC(92) Metaspace: 41681K(42496K)->41681K(42496K) NonClass: 36541K(36928K)->36541K(36928K) Class: 5140K(5568K)->5140K(5568K)
[2026-07-01T02:14:59.018+0000][57.001s][info][gc          ] GC(92) Pause Young (Mixed) (G1 Evacuation Pause) 273M->172M(289M) 13.752ms
[2026-07-01T02:14:59.018+0000][57.001s][info][gc,cpu      ] GC(92) User=0.03s Sys=0.00s Real=0.01s
[2026-07-01T02:14:59.509+0000][57.493s][info][gc,start    ] GC(93) Pause Young (Concurrent Start) (G1 Evacuation Pause)
[2026-07-01T02:14:59.509+0000][57.493s][info][gc,task     ] GC(93) Using 2 workers of 2 for evacuation
[2026-07-01T02:14:59.522+0000][57.506s][info][gc,phases   ] GC(93)   Pre Evacuate Collection Set: 0.17ms
[2026-07-01T02:14:59.522+0000][57.506s][info][gc,phases   ] GC(93)   Merge Heap Roots: 0.37ms
[2026-07-01T02:14:59.522+0000][57.506s][info][gc,phases   ] GC(93)   Evacuate Collection Set: 11.87ms
[2026-07-01T02:14:59.522+0000][57.506s][info][gc,phases   ] GC(93)   Post Evacuate Collection Set: 0.38ms
[2026-07-01T02:14:59.522+0000][57.506s][info][gc,phases   ] GC(93)   Other: 0.10ms
[2026-07-01T02:14:59.522+0000][57.506s][info][gc,heap     ] GC(93) Eden regions: 101->0(100)
[2026-07-01T02:14:59.522+0000][57.506s][info][gc,heap     ] GC(93) Survivor regions: 7->7(14)
[2026-07-01T02:14:59.522+0000][57.506s][info][gc,heap     ] GC(93) Old regions: 163->164
[2026-07-01T02:14:59.522+0000][57.506s][info][gc,heap     ] GC(93) Humongous regions: 3->3
[2026-07-01T02:14:59.522+0000][57.506s][info][gc,metaspace] GC(93) Metaspace: 41681K(42496K)->41681K(42496K) NonClass: 36541K(36928K)->36541K(36928K) Class: 5140K(5568K)->5140K(5568K)
[2026-07-01T02:14:59.522+0000][57.506s][info][gc          ] GC(93) Pause Young (Concurrent Start) (G1 Evacuation Pause) 273M->172M(289M) 13.060ms
[2026-07-01T02:14:59.522+0000][57.506s][info][gc,cpu      ] GC(93) User=0.03s Sys=0.00s Real=0.01s
[2026-07-01T02:14:59.522+0000][57.506s][info][gc          ] GC(94) Concurrent Mark Cycle
[2026-07-01T02:14:59.522+0000][57.506s][info][gc,marking  ] GC(94) Concurrent Scan Root Regions
[2026-07-01T02:14:59.535+0000][57.518s][info][gc,marking  ] GC(94) Concurrent Scan Root Regions 12.232ms
[2026-07-01T02:14:59.535+0000][57.518s][info][gc,marking  ] GC(94) Concurrent Mark
[2026-07-01T02:14:59.535+0000][57.518s][info][gc,marking  ] GC(94) Concurrent Mark From Roots
[2026-07-01T02:14:59.535+0000][57.518s][info][gc,task     ] GC(94) Using 1 workers of 1 for marking
[2026-07-01T02:14:59.900+0000][57.884s][info][gc,marking  ] GC(94) Concurrent Mark From Roots 365.660ms
[2026-07-01T02:14:59.900+0000][57.884s][info][gc,marking  ] GC(94) Concurrent Preclean
[2026-07-01T02:14:59.900+0000][57.884s][info][gc,marking  ] GC(94) Concurrent Preclean 0.071ms
[2026-07-01T02:14:59.902+0000][57.885s][info][gc,start    ] GC(94) Pause Remark
[2026-07-01T02:14:59.908+0000][57.892s][info][gc          ] GC(94) Pause Remark 233M->233M(290M) 6.870ms
[2026-07-01T02:14:59.908+0000][57.892s][info][gc,cpu      ] GC(94) User=0.01s Sys=0.00s Real=0.01s
[2026-07-01T02:14:59.914+0000][57.898s][info][gc,marking  ] GC(94) Concurrent Mark 379.858ms
[2026-07-01T02:14:59.915+0000][57.898s][info][gc,marking  ] GC(94) Concurrent Rebuild Remembered Sets and Scrub Regions
[2026-07-01T02:15:00.054+0000][58.037s][info][gc,marking  ] GC(94) Concurrent Rebuild Remembered Sets and Scrub Regions 139.274ms
[2026-07-01T02:15:00.056+0000][58.040s][info][gc,start    ] GC(94) Pause Cleanup
[2026-07-01T02:15:00.056+0000][58.040s][info][gc          ] GC(94) Pause Cleanup 252M->252M(290M) 0.152ms
[2026-07-01T02:15:00.056+0000][58.040s][info][gc,cpu      ] GC(94) User=0.00s Sys=0.00s Real=0.00s
[2026-07-01T02:15:00.056+0000][58.040s][info][gc,marking  ] GC(94) Concurrent Clear Claimed Marks
[2026-07-01T02:15:00.056+0000][58.040s][info][gc,marking  ] GC(94) Concurrent Clear Claimed Marks 0.088ms
[2026-07-01T02:15:00.056+0000][58.040s][info][gc,marking  ] GC(94) Concurrent Cleanup for Next Mark
[2026-07-01T02:15:00.058+0000][58.042s][info][gc,marking  ] GC(94) Concurrent Cleanup for Next Mark 1.833ms
[2026-07-01T02:15:00.058+0000][58.042s][info][gc          ] GC(94) Concurrent Mark Cycle 535.976ms
[2026-07-01T02:15:00.166+0000][58.150s][info][gc,start    ] GC(95) Pause Young (Prepare Mixed) (G1 Evacuation Pause)
[2026-07-01T02:15:00.166+0000][58.150s][info][gc,task     ] GC(95) Using 2 workers of 2 for evacuation
[2026-07-01T02:15:00.183+0000][58.167s][info][gc,phases   ] GC(95)   Pre Evacuate Collection Set: 0.19ms
[2026-07-01T02:15:00.183+0000][58.167s][info][gc,phases   ] GC(95)   Merge Heap Roots: 0.55ms
[2026-07-01T02:15:00.183+0000][58.167s][info][gc,phases   ] GC(95)   Evacuate Collection Set: 15.47ms
[2026-07-01T02:15:00.183+0000][58.167s][info][gc,phases   ] GC(95)   Post Evacuate Collection Set: 0.40ms
[2026-07-01T02:15:00.183+0000][58.167s][info][gc,phases   ] GC(95)   Other: 0.06ms
[2026-07-01T02:15:00.183+0000][58.167s][info][gc,heap     ] GC(95) Eden regions: 100->0(101)
[2026-07-01T02:15:00.183+0000][58.167s][info][gc,heap     ] GC(95) Survivor regions: 7->7(14)
[2026-07-01T02:15:00.183+0000][58.167s][info][gc,heap     ] GC(95) Old regions: 164->164
[2026-07-01T02:15:00.183+0000][58.167s][info][gc,heap     ] GC(95) Humongous regions: 3->3
[2026-07-01T02:15:00.183+0000][58.167s][info][gc,metaspace] GC(95) Metaspace: 41681K(42496K)->41681K(42496K) NonClass: 36541K(36928K)->36541K(36928K) Class: 5140K(5568K)->5140K(5568K)
[2026-07-01T02:15:00.183+0000][58.167s][info][gc          ] GC(95) Pause Young (Prepare Mixed) (G1 Evacuation Pause) 272M->173M(290M) 16.840ms
[2026-07-01T02:15:00.183+0000][58.167s][info][gc,cpu      ] GC(95) User=0.05s Sys=0.00s Real=0.02s
[2026-07-01T02:15:00.906+0000][58.889s][info][gc,start    ] GC(96) Pause Young (Mixed) (G1 Evacuation Pause)
[2026-07-01T02:15:00.906+0000][58.890s][info][gc,task     ] GC(96) Using 2 workers of 2 for evacuation
[2026-07-01T02:15:00.927+0000][58.910s][info][gc,phases   ] GC(96)   Pre Evacuate Collection Set: 0.17ms
[2026-07-01T02:15:00.927+0000][58.910s][info][gc,phases   ] GC(96)   Merge Heap Roots: 0.37ms
[2026-07-01T02:15:00.927+0000][58.910s][info][gc,phases   ] GC(96)   Evacuate Collection Set: 19.71ms
[2026-07-01T02:15:00.927+0000][58.910s][info][gc,phases   ] GC(96)   Post Evacuate Collection Set: 0.51ms
[2026-07-01T02:15:00.927+0000][58.910s][info][gc,phases   ] GC(96)   Other: 0.06ms
[2026-07-01T02:15:00.927+0000][58.910s][info][gc,heap     ] GC(96) Eden regions: 101->0(101)
[2026-07-01T02:15:00.927+0000][58.910s][info][gc,heap     ] GC(96) Survivor regions: 7->7(14)
[2026-07-01T02:15:00.927+0000][58.910s][info][gc,heap     ] GC(96) Old regions: 164->164
[2026-07-01T02:15:00.927+0000][58.910s][info][gc,heap     ] GC(96) Humongous regions: 3->3
[2026-07-01T02:15:00.927+0000][58.910s][info][gc,metaspace] GC(96) Metaspace: 41681K(42496K)->41681K(42496K) NonClass: 36541K(36928K)->36541K(36928K) Class: 5140K(5568K)->5140K(5568K)
[2026-07-01T02:15:00.927+0000][58.910s][info][gc          ] GC(96) Pause Young (Mixed) (G1 Evacuation Pause) 274M->173M(290M) 21.005ms
[2026-07-01T02:15:00.927+0000][58.910s][info][gc,cpu      ] GC(96) User=0.04s Sys=0.00s Real=0.02s
[2026-07-01T02:15:01.618+0000][59.601s][info][gc,start    ] GC(97) Pause Young (Concurrent Start) (G1 Evacuation Pause)
[2026-07-01T02:15:01.618+0000][59.602s][info][gc,task     ] GC(97) Using 2 workers of 2 for evacuation
[2026-07-01T02:15:01.637+0000][59.620s][info][gc,phases   ] GC(97)   Pre Evacuate Collection Set: 0.21ms
[2026-07-01T02:15:01.637+0000][59.620s][info][gc,phases   ] GC(97)   Merge Heap Roots: 0.31ms
[2026-07-01T02:15:01.637+0000][59.620s][info][gc,phases   ] GC(97)   Evacuate Collection Set: 17.55ms
[2026-07-01T02:15:01.637+0000][59.620s][info][gc,phases   ] GC(97)   Post Evacuate Collection Set: 0.45ms
[2026-07-01T02:15:01.637+0000][59.620s][info][gc,phases   ] GC(97)   Other: 0.09ms
[2026-07-01T02:15:01.637+0000][59.620s][info][gc,heap     ] GC(97) Eden regions: 101->0(100)
[2026-07-01T02:15:01.637+0000][59.620s][info][gc,heap     ] GC(97) Survivor regions: 7->7(14)
[2026-07-01T02:15:01.637+0000][59.620s][info][gc,heap     ] GC(97) Old regions: 164->165
[2026-07-01T02:15:01.637+0000][59.620s][info][gc,heap     ] GC(97) Humongous regions: 3->3
[2026-07-01T02:15:01.637+0000][59.620s][info][gc,metaspace] GC(97) Metaspace: 41688K(42560K)->41688K(42560K) NonClass: 36547K(36992K)->36547K(36992K) Class: 5140K(5568K)->5140K(5568K)
[2026-07-01T02:15:01.637+0000][59.620s][info][gc          ] GC(97) Pause Young (Concurrent Start) (G1 Evacuation Pause) 274M->174M(290M) 18.820ms
[2026-07-01T02:15:01.637+0000][59.620s][info][gc          ] GC(98) Concurrent Mark Cycle
[2026-07-01T02:15:01.637+0000][59.620s][info][gc,marking  ] GC(98) Concurrent Scan Root Regions
[2026-07-01T02:15:01.637+0000][59.620s][info][gc,cpu      ] GC(97) User=0.04s Sys=0.00s Real=0.02s
[2026-07-01T02:15:01.649+0000][59.632s][info][gc,marking  ] GC(98) Concurrent Scan Root Regions 12.086ms
[2026-07-01T02:15:01.649+0000][59.632s][info][gc,marking  ] GC(98) Concurrent Mark
[2026-07-01T02:15:01.649+0000][59.632s][info][gc,marking  ] GC(98) Concurrent Mark From Roots
[2026-07-01T02:15:01.649+0000][59.632s][info][gc,task     ] GC(98) Using 1 workers of 1 for marking
[2026-07-01T02:15:01.963+0000][59.947s][info][gc,marking  ] GC(98) Concurrent Mark From Roots 314.086ms
[2026-07-01T02:15:01.963+0000][59.947s][info][gc,marking  ] GC(98) Concurrent Preclean
[2026-07-01T02:15:01.963+0000][59.947s][info][gc,marking  ] GC(98) Concurrent Preclean 0.343ms
[2026-07-01T02:15:01.963+0000][59.947s][info][gc,start    ] GC(98) Pause Remark
[2026-07-01T02:15:01.977+0000][59.960s][info][gc          ] GC(98) Pause Remark 206M->206M(292M) 13.212ms
[2026-07-01T02:15:01.977+0000][59.960s][info][gc,cpu      ] GC(98) User=0.01s Sys=0.00s Real=0.01s
[2026-07-01T02:15:01.980+0000][59.964s][info][gc,marking  ] GC(98) Concurrent Mark 331.626ms
[2026-07-01T02:15:01.980+0000][59.964s][info][gc,marking  ] GC(98) Concurrent Rebuild Remembered Sets and Scrub Regions
[2026-07-01T02:15:02.123+0000][60.106s][info][gc,marking  ] GC(98) Concurrent Rebuild Remembered Sets and Scrub Regions 142.402ms
[2026-07-01T02:15:02.123+0000][60.107s][info][gc,start    ] GC(98) Pause Cleanup
[2026-07-01T02:15:02.123+0000][60.107s][info][gc          ] GC(98) Pause Cleanup 222M->222M(292M) 0.171ms
[2026-07-01T02:15:02.123+0000][60.107s][info][gc,cpu      ] GC(98) User=0.00s Sys=0.00s Real=0.00s
[2026-07-01T02:15:02.123+0000][60.107s][info][gc,marking  ] GC(98) Concurrent Clear Claimed Marks
[2026-07-01T02:15:02.123+0000][60.107s][info][gc,marking  ] GC(98) Concurrent Clear Claimed Marks 0.084ms
[2026-07-01T02:15:02.123+0000][60.107s][info][gc,marking  ] GC(98) Concurrent Cleanup for Next Mark
[2026-07-01T02:15:02.125+0000][60.109s][info][gc,marking  ] GC(98) Concurrent Cleanup for Next Mark 1.809ms
[2026-07-01T02:15:02.125+0000][60.109s][info][gc          ] GC(98) Concurrent Mark Cycle 488.481ms
[2026-07-01T02:15:02.550+0000][60.534s][info][gc,start    ] GC(99) Pause Young (Prepare Mixed) (G1 Evacuation Pause)
[2026-07-01T02:15:02.550+0000][60.534s][info][gc,task     ] GC(99) Using 2 workers of 2 for evacuation
[2026-07-01T02:15:02.576+0000][60.560s][info][gc,phases   ] GC(99)   Pre Evacuate Collection Set: 0.17ms
[2026-07-01T02:15:02.576+0000][60.560s][info][gc,phases   ] GC(99)   Merge Heap Roots: 0.75ms
[2026-07-01T02:15:02.576+0000][60.560s][info][gc,phases   ] GC(99)   Evacuate Collection Set: 24.35ms
[2026-07-01T02:15:02.576+0000][60.560s][info][gc,phases   ] GC(99)   Post Evacuate Collection Set: 0.50ms
[2026-07-01T02:15:02.576+0000][60.560s][info][gc,phases   ] GC(99)   Other: 0.08ms
[2026-07-01T02:15:02.576+0000][60.560s][info][gc,heap     ] GC(99) Eden regions: 99->0(101)
[2026-07-01T02:15:02.576+0000][60.560s][info][gc,heap     ] GC(99) Survivor regions: 7->7(14)
[2026-07-01T02:15:02.576+0000][60.560s][info][gc,heap     ] GC(99) Old regions: 165->165
[2026-07-01T02:15:02.576+0000][60.560s][info][gc,heap     ] GC(99) Humongous regions: 3->3
[2026-07-01T02:15:02.576+0000][60.560s][info][gc,metaspace] GC(99) Metaspace: 41688K(42560K)->41688K(42560K) NonClass: 36547K(36992K)->36547K(36992K) Class: 5140K(5568K)->5140K(5568K)
[2026-07-01T02:15:02.576+0000][60.560s][info][gc          ] GC(99) Pause Young (Prepare Mixed) (G1 Evacuation Pause) 273M->174M(292M) 26.037ms
[2026-07-01T02:15:02.576+0000][60.560s][info][gc,cpu      ] GC(99) User=0.04s Sys=0.00s Real=0.02s
[2026-07-01T02:15:03.372+0000][61.355s][info][gc,start    ] GC(100) Pause Young (Mixed) (G1 Evacuation Pause)
[2026-07-01T02:15:03.372+0000][61.356s][info][gc,task     ] GC(100) Using 2 workers of 2 for evacuation
[2026-07-01T02:15:03.392+0000][61.375s][info][gc,phases   ] GC(100)   Pre Evacuate Collection Set: 0.18ms
[2026-07-01T02:15:03.392+0000][61.375s][info][gc,phases   ] GC(100)   Merge Heap Roots: 0.46ms
[2026-07-01T02:15:03.392+0000][61.375s][info][gc,phases   ] GC(100)   Evacuate Collection Set: 18.53ms
[2026-07-01T02:15:03.392+0000][61.375s][info][gc,phases   ] GC(100)   Post Evacuate Collection Set: 0.41ms
[2026-07-01T02:15:03.392+0000][61.375s][info][gc,phases   ] GC(100)   Other: 0.09ms
[2026-07-01T02:15:03.392+0000][61.375s][info][gc,heap     ] GC(100) Eden regions: 101->0(101)
[2026-07-01T02:15:03.392+0000][61.375s][info][gc,heap     ] GC(100) Survivor regions: 7->7(14)
[2026-07-01T02:15:03.392+0000][61.375s][info][gc,heap     ] GC(100) Old regions: 165->165
[2026-07-01T02:15:03.392+0000][61.375s][info][gc,heap     ] GC(100) Humongous regions: 3->3
[2026-07-01T02:15:03.392+0000][61.375s][info][gc,metaspace] GC(100) Metaspace: 41688K(42560K)->41688K(42560K) NonClass: 36547K(36992K)->36547K(36992K) Class: 5140K(5568K)->5140K(5568K)
[2026-07-01T02:15:03.392+0000][61.375s][info][gc          ] GC(100) Pause Young (Mixed) (G1 Evacuation Pause) 275M->174M(292M) 19.870ms
[2026-07-01T02:15:03.392+0000][61.375s][info][gc,cpu      ] GC(100) User=0.03s Sys=0.00s Real=0.02s
[2026-07-01T02:15:03.894+0000][61.878s][info][gc,start    ] GC(101) Pause Young (Concurrent Start) (G1 Evacuation Pause)
[2026-07-01T02:15:03.894+0000][61.878s][info][gc,task     ] GC(101) Using 2 workers of 2 for evacuation
[2026-07-01T02:15:03.907+0000][61.891s][info][gc,phases   ] GC(101)   Pre Evacuate Collection Set: 0.20ms
[2026-07-01T02:15:03.907+0000][61.891s][info][gc,phases   ] GC(101)   Merge Heap Roots: 0.32ms
[2026-07-01T02:15:03.907+0000][61.891s][info][gc,phases   ] GC(101)   Evacuate Collection Set: 11.88ms
[2026-07-01T02:15:03.907+0000][61.891s][info][gc,phases   ] GC(101)   Post Evacuate Collection Set: 0.34ms
[2026-07-01T02:15:03.907+0000][61.891s][info][gc,phases   ] GC(101)   Other: 0.07ms
[2026-07-01T02:15:03.907+0000][61.891s][info][gc,heap     ] GC(101) Eden regions: 101->0(100)
[2026-07-01T02:15:03.907+0000][61.891s][info][gc,heap     ] GC(101) Survivor regions: 7->7(14)
[2026-07-01T02:15:03.907+0000][61.891s][info][gc,heap     ] GC(101) Old regions: 165->166
[2026-07-01T02:15:03.907+0000][61.891s][info][gc,heap     ] GC(101) Humongous regions: 3->3
[2026-07-01T02:15:03.907+0000][61.891s][info][gc,metaspace] GC(101) Metaspace: 41688K(42560K)->41688K(42560K) NonClass: 36547K(36992K)->36547K(36992K) Class: 5140K(5568K)->5140K(5568K)
[2026-07-01T02:15:03.907+0000][61.891s][info][gc          ] GC(101) Pause Young (Concurrent Start) (G1 Evacuation Pause) 275M->175M(292M) 12.977ms
[2026-07-01T02:15:03.907+0000][61.891s][info][gc          ] GC(102) Concurrent Mark Cycle
[2026-07-01T02:15:03.907+0000][61.891s][info][gc,marking  ] GC(102) Concurrent Scan Root Regions
[2026-07-01T02:15:03.907+0000][61.891s][info][gc,cpu      ] GC(101) User=0.03s Sys=0.00s Real=0.01s
[2026-07-01T02:15:03.920+0000][61.904s][info][gc,marking  ] GC(102) Concurrent Scan Root Regions 12.922ms
[2026-07-01T02:15:03.920+0000][61.904s][info][gc,marking  ] GC(102) Concurrent Mark
[2026-07-01T02:15:03.920+0000][61.904s][info][gc,marking  ] GC(102) Concurrent Mark From Roots
[2026-07-01T02:15:03.920+0000][61.904s][info][gc,task     ] GC(102) Using 1 workers of 1 for marking
[2026-07-01T02:15:04.419+0000][62.402s][info][gc,start    ] GC(103) Pause Young (Normal) (G1 Evacuation Pause)
[2026-07-01T02:15:04.419+0000][62.402s][info][gc,task     ] GC(103) Using 2 workers of 2 for evacuation
[2026-07-01T02:15:04.432+0000][62.416s][info][gc,phases   ] GC(103)   Pre Evacuate Collection Set: 0.16ms
[2026-07-01T02:15:04.432+0000][62.416s][info][gc,phases   ] GC(103)   Merge Heap Roots: 0.43ms
[2026-07-01T02:15:04.432+0000][62.416s][info][gc,phases   ] GC(103)   Evacuate Collection Set: 12.34ms
[2026-07-01T02:15:04.432+0000][62.416s][info][gc,phases   ] GC(103)   Post Evacuate Collection Set: 0.35ms
[2026-07-01T02:15:04.432+0000][62.416s][info][gc,phases   ] GC(103)   Other: 0.07ms
[2026-07-01T02:15:04.432+0000][62.416s][info][gc,heap     ] GC(103) Eden regions: 100->0(100)
[2026-07-01T02:15:04.432+0000][62.416s][info][gc,heap     ] GC(103) Survivor regions: 7->7(14)
[2026-07-01T02:15:04.432+0000][62.416s][info][gc,heap     ] GC(103) Old regions: 166->166
[2026-07-01T02:15:04.432+0000][62.416s][info][gc,heap     ] GC(103) Humongous regions: 3->3
[2026-07-01T02:15:04.432+0000][62.416s][info][gc,metaspace] GC(103) Metaspace: 41700K(42560K)->41700K(42560K) NonClass: 36560K(36992K)->36560K(36992K) Class: 5140K(5568K)->5140K(5568K)
[2026-07-01T02:15:04.432+0000][62.416s][info][gc          ] GC(103) Pause Young (Normal) (G1 Evacuation Pause) 275M->175M(292M) 13.523ms
[2026-07-01T02:15:04.432+0000][62.416s][info][gc,cpu      ] GC(103) User=0.03s Sys=0.00s Real=0.01s
[2026-07-01T02:15:04.838+0000][62.822s][info][gc,marking  ] GC(102) Concurrent Mark From Roots 918.106ms
[2026-07-01T02:15:04.838+0000][62.822s][info][gc,marking  ] GC(102) Concurrent Preclean
[2026-07-01T02:15:04.839+0000][62.823s][info][gc,marking  ] GC(102) Concurrent Preclean 0.636ms
[2026-07-01T02:15:04.839+0000][62.823s][info][gc,start    ] GC(102) Pause Remark
[2026-07-01T02:15:04.846+0000][62.829s][info][gc          ] GC(102) Pause Remark 247M->247M(294M) 6.450ms
[2026-07-01T02:15:04.846+0000][62.829s][info][gc,cpu      ] GC(102) User=0.01s Sys=0.00s Real=0.00s
[2026-07-01T02:15:04.850+0000][62.834s][info][gc,marking  ] GC(102) Concurrent Mark 930.226ms
[2026-07-01T02:15:04.851+0000][62.834s][info][gc,marking  ] GC(102) Concurrent Rebuild Remembered Sets and Scrub Regions
[2026-07-01T02:15:04.989+0000][62.973s][info][gc,start    ] GC(104) Pause Young (Normal) (G1 Evacuation Pause)
[2026-07-01T02:15:04.990+0000][62.973s][info][gc,task     ] GC(104) Using 2 workers of 2 for evacuation
[2026-07-01T02:15:05.004+0000][62.987s][info][gc,phases   ] GC(104)   Pre Evacuate Collection Set: 0.20ms
[2026-07-01T02:15:05.004+0000][62.987s][info][gc,phases   ] GC(104)   Merge Heap Roots: 0.44ms
[2026-07-01T02:15:05.004+0000][62.987s][info][gc,phases   ] GC(104)   Evacuate Collection Set: 13.24ms
[2026-07-01T02:15:05.004+0000][62.987s][info][gc,phases   ] GC(104)   Post Evacuate Collection Set: 0.42ms
[2026-07-01T02:15:05.004+0000][62.987s][info][gc,phases   ] GC(104)   Other: 0.07ms
[2026-07-01T02:15:05.004+0000][62.987s][info][gc,heap     ] GC(104) Eden regions: 100->0(102)
[2026-07-01T02:15:05.004+0000][62.987s][info][gc,heap     ] GC(104) Survivor regions: 7->7(14)
[2026-07-01T02:15:05.004+0000][62.987s][info][gc,heap     ] GC(104) Old regions: 166->166
[2026-07-01T02:15:05.004+0000][62.988s][info][gc,heap     ] GC(104) Humongous regions: 3->3
[2026-07-01T02:15:05.004+0000][62.988s][info][gc,metaspace] GC(104) Metaspace: 41701K(42560K)->41701K(42560K) NonClass: 36560K(36992K)->36560K(36992K) Class: 5140K(5568K)->5140K(5568K)
[2026-07-01T02:15:05.004+0000][62.988s][info][gc          ] GC(104) Pause Young (Normal) (G1 Evacuation Pause) 275M->175M(294M) 14.519ms
[2026-07-01T02:15:05.004+0000][62.988s][info][gc,cpu      ] GC(104) User=0.02s Sys=0.00s Real=0.01s
[2026-07-01T02:15:05.091+0000][63.075s][info][gc,marking  ] GC(102) Concurrent Rebuild Remembered Sets and Scrub Regions 240.782ms
[2026-07-01T02:15:05.091+0000][63.075s][info][gc,start    ] GC(102) Pause Cleanup
[2026-07-01T02:15:05.092+0000][63.075s][info][gc          ] GC(102) Pause Cleanup 192M->192M(294M) 0.203ms
[2026-07-01T02:15:05.092+0000][63.075s][info][gc,cpu      ] GC(102) User=0.00s Sys=0.00s Real=0.00s
[2026-07-01T02:15:05.093+0000][63.077s][info][gc,marking  ] GC(102) Concurrent Clear Claimed Marks
[2026-07-01T02:15:05.093+0000][63.077s][info][gc,marking  ] GC(102) Concurrent Clear Claimed Marks 0.102ms
[2026-07-01T02:15:05.093+0000][63.077s][info][gc,marking  ] GC(102) Concurrent Cleanup for Next Mark
[2026-07-01T02:15:05.094+0000][63.078s][info][gc,marking  ] GC(102) Concurrent Cleanup for Next Mark 0.757ms
[2026-07-01T02:15:05.094+0000][63.078s][info][gc          ] GC(102) Concurrent Mark Cycle 1186.670ms
[2026-07-01T02:15:05.508+0000][63.491s][info][gc,start    ] GC(105) Pause Young (Prepare Mixed) (G1 Evacuation Pause)
[2026-07-01T02:15:05.508+0000][63.491s][info][gc,task     ] GC(105) Using 2 workers of 2 for evacuation
[2026-07-01T02:15:05.521+0000][63.504s][info][gc,phases   ] GC(105)   Pre Evacuate Collection Set: 0.16ms
[2026-07-01T02:15:05.521+0000][63.504s][info][gc,phases   ] GC(105)   Merge Heap Roots: 0.50ms
[2026-07-01T02:15:05.521+0000][63.504s][info][gc,phases   ] GC(105)   Evacuate Collection Set: 11.97ms
[2026-07-01T02:15:05.521+0000][63.504s][info][gc,phases   ] GC(105)   Post Evacuate Collection Set: 0.39ms
[2026-07-01T02:15:05.521+0000][63.504s][info][gc,phases   ] GC(105)   Other: 0.05ms
[2026-07-01T02:15:05.521+0000][63.504s][info][gc,heap     ] GC(105) Eden regions: 102->0(101)
[2026-07-01T02:15:05.521+0000][63.504s][info][gc,heap     ] GC(105) Survivor regions: 7->7(14)
[2026-07-01T02:15:05.521+0000][63.504s][info][gc,heap     ] GC(105) Old regions: 166->167
[2026-07-01T02:15:05.521+0000][63.504s][info][gc,heap     ] GC(105) Humongous regions: 3->3
[2026-07-01T02:15:05.521+0000][63.504s][info][gc,metaspace] GC(105) Metaspace: 41701K(42560K)->41701K(42560K) NonClass: 36561K(36992K)->36561K(36992K) Class: 5140K(5568K)->5140K(5568K)
[2026-07-01T02:15:05.521+0000][63.504s][info][gc          ] GC(105) Pause Young (Prepare Mixed) (G1 Evacuation Pause) 277M->176M(294M) 13.228ms
[2026-07-01T02:15:05.521+0000][63.504s][info][gc,cpu      ] GC(105) User=0.02s Sys=0.00s Real=0.02s
[2026-07-01T02:15:05.983+0000][63.966s][info][gc,start    ] GC(106) Pause Young (Mixed) (G1 Evacuation Pause)
[2026-07-01T02:15:05.983+0000][63.967s][info][gc,task     ] GC(106) Using 2 workers of 2 for evacuation
[2026-07-01T02:15:05.998+0000][63.981s][info][gc,phases   ] GC(106)   Pre Evacuate Collection Set: 0.22ms
[2026-07-01T02:15:05.998+0000][63.981s][info][gc,phases   ] GC(106)   Merge Heap Roots: 0.33ms
[2026-07-01T02:15:05.998+0000][63.981s][info][gc,phases   ] GC(106)   Evacuate Collection Set: 13.92ms
[2026-07-01T02:15:05.998+0000][63.981s][info][gc,phases   ] GC(106)   Post Evacuate Collection Set: 0.38ms
[2026-07-01T02:15:05.998+0000][63.981s][info][gc,phases   ] GC(106)   Other: 0.06ms
[2026-07-01T02:15:05.998+0000][63.981s][info][gc,heap     ] GC(106) Eden regions: 101->0(101)
[2026-07-01T02:15:05.998+0000][63.981s][info][gc,heap     ] GC(106) Survivor regions: 7->7(14)
[2026-07-01T02:15:05.998+0000][63.982s][info][gc,heap     ] GC(106) Old regions: 167->167
[2026-07-01T02:15:05.998+0000][63.982s][info][gc,heap     ] GC(106) Humongous regions: 3->3
[2026-07-01T02:15:05.998+0000][63.982s][info][gc,metaspace] GC(106) Metaspace: 41701K(42560K)->41701K(42560K) NonClass: 36561K(36992K)->36561K(36992K) Class: 5140K(5568K)->5140K(5568K)
[2026-07-01T02:15:05.998+0000][63.982s][info][gc          ] GC(106) Pause Young (Mixed) (G1 Evacuation Pause) 277M->176M(294M) 15.058ms
[2026-07-01T02:15:05.998+0000][63.982s][info][gc,cpu      ] GC(106) User=0.03s Sys=0.00s Real=0.01s
[2026-07-01T02:15:06.474+0000][64.457s][info][gc,start    ] GC(107) Pause Young (Concurrent Start) (G1 Evacuation Pause)
[2026-07-01T02:15:06.474+0000][64.457s][info][gc,task     ] GC(107) Using 2 workers of 2 for evacuation
[2026-07-01T02:15:06.487+0000][64.471s][info][gc,phases   ] GC(107)   Pre Evacuate Collection Set: 0.18ms
[2026-07-01T02:15:06.487+0000][64.471s][info][gc,phases   ] GC(107)   Merge Heap Roots: 0.29ms
[2026-07-01T02:15:06.487+0000][64.471s][info][gc,phases   ] GC(107)   Evacuate Collection Set: 12.60ms
[2026-07-01T02:15:06.487+0000][64.471s][info][gc,phases   ] GC(107)   Post Evacuate Collection Set: 0.37ms
[2026-07-01T02:15:06.487+0000][64.471s][info][gc,phases   ] GC(107)   Other: 0.07ms
[2026-07-01T02:15:06.487+0000][64.471s][info][gc,heap     ] GC(107) Eden regions: 101->0(101)
[2026-07-01T02:15:06.487+0000][64.471s][info][gc,heap     ] GC(107) Survivor regions: 7->7(14)
[2026-07-01T02:15:06.487+0000][64.471s][info][gc,heap     ] GC(107) Old regions: 167->167
[2026-07-01T02:15:06.487+0000][64.471s][info][gc,heap     ] GC(107) Humongous regions: 3->3
[2026-07-01T02:15:06.487+0000][64.471s][info][gc,metaspace] GC(107) Metaspace: 41707K(42560K)->41707K(42560K) NonClass: 36566K(36992K)->36566K(36992K) Class: 5140K(5568K)->5140K(5568K)
[2026-07-01T02:15:06.487+0000][64.471s][info][gc          ] GC(107) Pause Young (Concurrent Start) (G1 Evacuation Pause) 277M->176M(294M) 13.667ms
[2026-07-01T02:15:06.487+0000][64.471s][info][gc,cpu      ] GC(107) User=0.03s Sys=0.00s Real=0.01s
[2026-07-01T02:15:06.487+0000][64.471s][info][gc          ] GC(108) Concurrent Mark Cycle
[2026-07-01T02:15:06.487+0000][64.471s][info][gc,marking  ] GC(108) Concurrent Scan Root Regions
[2026-07-01T02:15:06.526+0000][64.510s][info][gc,marking  ] GC(108) Concurrent Scan Root Regions 38.761ms
[2026-07-01T02:15:06.526+0000][64.510s][info][gc,marking  ] GC(108) Concurrent Mark
[2026-07-01T02:15:06.526+0000][64.510s][info][gc,marking  ] GC(108) Concurrent Mark From Roots
[2026-07-01T02:15:06.526+0000][64.510s][info][gc,task     ] GC(108) Using 1 workers of 1 for marking
[2026-07-01T02:15:07.092+0000][65.076s][info][gc,start    ] GC(109) Pause Young (Normal) (G1 Evacuation Pause)
[2026-07-01T02:15:07.092+0000][65.076s][info][gc,task     ] GC(109) Using 2 workers of 2 for evacuation
[2026-07-01T02:15:07.106+0000][65.089s][info][gc,phases   ] GC(109)   Pre Evacuate Collection Set: 0.14ms
[2026-07-01T02:15:07.106+0000][65.089s][info][gc,phases   ] GC(109)   Merge Heap Roots: 0.33ms
[2026-07-01T02:15:07.106+0000][65.089s][info][gc,phases   ] GC(109)   Evacuate Collection Set: 12.47ms
[2026-07-01T02:15:07.106+0000][65.089s][info][gc,phases   ] GC(109)   Post Evacuate Collection Set: 0.32ms
[2026-07-01T02:15:07.106+0000][65.089s][info][gc,phases   ] GC(109)   Other: 0.05ms
[2026-07-01T02:15:07.106+0000][65.089s][info][gc,heap     ] GC(109) Eden regions: 101->0(100)
[2026-07-01T02:15:07.106+0000][65.089s][info][gc,heap     ] GC(109) Survivor regions: 7->7(14)
[2026-07-01T02:15:07.106+0000][65.089s][info][gc,heap     ] GC(109) Old regions: 167->168
[2026-07-01T02:15:07.106+0000][65.089s][info][gc,heap     ] GC(109) Humongous regions: 3->3
[2026-07-01T02:15:07.106+0000][65.089s][info][gc,metaspace] GC(109) Metaspace: 41707K(42560K)->41707K(42560K) NonClass: 36566K(36992K)->36566K(36992K) Class: 5140K(5568K)->5140K(5568K)
[2026-07-01T02:15:07.106+0000][65.089s][info][gc          ] GC(109) Pause Young (Normal) (G1 Evacuation Pause) 277M->177M(294M) 13.467ms
[2026-07-01T02:15:07.106+0000][65.089s][info][gc,cpu      ] GC(109) User=0.02s Sys=0.00s Real=0.01s
[2026-07-01T02:15:07.153+0000][65.137s][info][gc,marking  ] GC(108) Concurrent Mark From Roots 626.920ms
[2026-07-01T02:15:07.153+0000][65.137s][info][gc,marking  ] GC(108) Concurrent Preclean
[2026-07-01T02:15:07.154+0000][65.137s][info][gc,marking  ] GC(108) Concurrent Preclean 0.328ms
[2026-07-01T02:15:07.155+0000][65.138s][info][gc,start    ] GC(108) Pause Remark
[2026-07-01T02:15:07.160+0000][65.144s][info][gc          ] GC(108) Pause Remark 186M->186M(297M) 5.501ms
[2026-07-01T02:15:07.160+0000][65.144s][info][gc,cpu      ] GC(108) User=0.01s Sys=0.00s Real=0.01s
[2026-07-01T02:15:07.164+0000][65.148s][info][gc,marking  ] GC(108) Concurrent Mark 637.995ms
[2026-07-01T02:15:07.164+0000][65.148s][info][gc,marking  ] GC(108) Concurrent Rebuild Remembered Sets and Scrub Regions
[2026-07-01T02:15:07.332+0000][65.316s][info][gc,marking  ] GC(108) Concurrent Rebuild Remembered Sets and Scrub Regions 167.774ms
[2026-07-01T02:15:07.332+0000][65.316s][info][gc,start    ] GC(108) Pause Cleanup
[2026-07-01T02:15:07.332+0000][65.316s][info][gc          ] GC(108) Pause Cleanup 217M->217M(297M) 0.145ms
[2026-07-01T02:15:07.332+0000][65.316s][info][gc,cpu      ] GC(108) User=0.00s Sys=0.00s Real=0.00s
[2026-07-01T02:15:07.332+0000][65.316s][info][gc,marking  ] GC(108) Concurrent Clear Claimed Marks
[2026-07-01T02:15:07.332+0000][65.316s][info][gc,marking  ] GC(108) Concurrent Clear Claimed Marks 0.088ms
[2026-07-01T02:15:07.332+0000][65.316s][info][gc,marking  ] GC(108) Concurrent Cleanup for Next Mark
[2026-07-01T02:15:07.335+0000][65.318s][info][gc,marking  ] GC(108) Concurrent Cleanup for Next Mark 2.139ms
[2026-07-01T02:15:07.335+0000][65.318s][info][gc          ] GC(108) Concurrent Mark Cycle 847.315ms
[2026-07-01T02:15:07.607+0000][65.591s][info][gc,start    ] GC(110) Pause Young (Prepare Mixed) (G1 Evacuation Pause)
[2026-07-01T02:15:07.608+0000][65.591s][info][gc,task     ] GC(110) Using 2 workers of 2 for evacuation
[2026-07-01T02:15:07.621+0000][65.604s][info][gc,phases   ] GC(110)   Pre Evacuate Collection Set: 0.25ms
[2026-07-01T02:15:07.621+0000][65.604s][info][gc,phases   ] GC(110)   Merge Heap Roots: 0.51ms
[2026-07-01T02:15:07.621+0000][65.604s][info][gc,phases   ] GC(110)   Evacuate Collection Set: 11.94ms
[2026-07-01T02:15:07.621+0000][65.604s][info][gc,phases   ] GC(110)   Post Evacuate Collection Set: 0.37ms
[2026-07-01T02:15:07.621+0000][65.604s][info][gc,phases   ] GC(110)   Other: 0.05ms
[2026-07-01T02:15:07.621+0000][65.604s][info][gc,heap     ] GC(110) Eden regions: 100->0(103)
[2026-07-01T02:15:07.621+0000][65.604s][info][gc,heap     ] GC(110) Survivor regions: 7->7(14)
[2026-07-01T02:15:07.621+0000][65.604s][info][gc,heap     ] GC(110) Old regions: 168->168
[2026-07-01T02:15:07.621+0000][65.604s][info][gc,heap     ] GC(110) Humongous regions: 3->3
[2026-07-01T02:15:07.621+0000][65.604s][info][gc,metaspace] GC(110) Metaspace: 41707K(42560K)->41707K(42560K) NonClass: 36566K(36992K)->36566K(36992K) Class: 5140K(5568K)->5140K(5568K)
[2026-07-01T02:15:07.621+0000][65.604s][info][gc          ] GC(110) Pause Young (Prepare Mixed) (G1 Evacuation Pause) 277M->177M(297M) 13.295ms
[2026-07-01T02:15:07.621+0000][65.604s][info][gc,cpu      ] GC(110) User=0.03s Sys=0.00s Real=0.02s
[2026-07-01T02:15:08.264+0000][66.248s][info][gc,start    ] GC(111) Pause Young (Mixed) (G1 Evacuation Pause)
[2026-07-01T02:15:08.264+0000][66.248s][info][gc,task     ] GC(111) Using 2 workers of 2 for evacuation
[2026-07-01T02:15:08.285+0000][66.268s][info][gc,phases   ] GC(111)   Pre Evacuate Collection Set: 0.15ms
[2026-07-01T02:15:08.285+0000][66.268s][info][gc,phases   ] GC(111)   Merge Heap Roots: 0.27ms
[2026-07-01T02:15:08.285+0000][66.268s][info][gc,phases   ] GC(111)   Evacuate Collection Set: 19.02ms
[2026-07-01T02:15:08.285+0000][66.268s][info][gc,phases   ] GC(111)   Post Evacuate Collection Set: 0.68ms
[2026-07-01T02:15:08.285+0000][66.268s][info][gc,phases   ] GC(111)   Other: 0.06ms
[2026-07-01T02:15:08.285+0000][66.268s][info][gc,heap     ] GC(111) Eden regions: 103->0(103)
[2026-07-01T02:15:08.285+0000][66.268s][info][gc,heap     ] GC(111) Survivor regions: 7->7(14)
[2026-07-01T02:15:08.285+0000][66.268s][info][gc,heap     ] GC(111) Old regions: 168->168
[2026-07-01T02:15:08.285+0000][66.268s][info][gc,heap     ] GC(111) Humongous regions: 3->3
[2026-07-01T02:15:08.285+0000][66.268s][info][gc,metaspace] GC(111) Metaspace: 41707K(42560K)->41707K(42560K) NonClass: 36566K(36992K)->36566K(36992K) Class: 5140K(5568K)->5140K(5568K)
[2026-07-01T02:15:08.285+0000][66.268s][info][gc          ] GC(111) Pause Young (Mixed) (G1 Evacuation Pause) 280M->177M(297M) 20.378ms
[2026-07-01T02:15:08.285+0000][66.268s][info][gc,cpu      ] GC(111) User=0.04s Sys=0.00s Real=0.02s
[2026-07-01T02:15:09.060+0000][67.044s][info][gc,start    ] GC(112) Pause Young (Concurrent Start) (G1 Evacuation Pause)
[2026-07-01T02:15:09.060+0000][67.044s][info][gc,task     ] GC(112) Using 2 workers of 2 for evacuation
[2026-07-01T02:15:09.078+0000][67.062s][info][gc,phases   ] GC(112)   Pre Evacuate Collection Set: 0.19ms
[2026-07-01T02:15:09.078+0000][67.062s][info][gc,phases   ] GC(112)   Merge Heap Roots: 0.24ms
[2026-07-01T02:15:09.078+0000][67.062s][info][gc,phases   ] GC(112)   Evacuate Collection Set: 16.80ms
[2026-07-01T02:15:09.078+0000][67.062s][info][gc,phases   ] GC(112)   Post Evacuate Collection Set: 0.40ms
[2026-07-01T02:15:09.078+0000][67.062s][info][gc,phases   ] GC(112)   Other: 0.10ms
[2026-07-01T02:15:09.078+0000][67.062s][info][gc,heap     ] GC(112) Eden regions: 103->0(103)
[2026-07-01T02:15:09.078+0000][67.062s][info][gc,heap     ] GC(112) Survivor regions: 7->7(14)
[2026-07-01T02:15:09.078+0000][67.062s][info][gc,heap     ] GC(112) Old regions: 168->168
[2026-07-01T02:15:09.078+0000][67.062s][info][gc,heap     ] GC(112) Humongous regions: 3->3
[2026-07-01T02:15:09.078+0000][67.062s][info][gc,metaspace] GC(112) Metaspace: 41707K(42560K)->41707K(42560K) NonClass: 36566K(36992K)->36566K(36992K) Class: 5140K(5568K)->5140K(5568K)
[2026-07-01T02:15:09.078+0000][67.062s][info][gc          ] GC(112) Pause Young (Concurrent Start) (G1 Evacuation Pause) 280M->178M(297M) 17.924ms
[2026-07-01T02:15:09.078+0000][67.062s][info][gc,cpu      ] GC(112) User=0.03s Sys=0.00s Real=0.02s
[2026-07-01T02:15:09.078+0000][67.062s][info][gc          ] GC(113) Concurrent Mark Cycle
[2026-07-01T02:15:09.078+0000][67.062s][info][gc,marking  ] GC(113) Concurrent Scan Root Regions
[2026-07-01T02:15:09.089+0000][67.072s][info][gc,marking  ] GC(113) Concurrent Scan Root Regions 10.347ms
[2026-07-01T02:15:09.089+0000][67.072s][info][gc,marking  ] GC(113) Concurrent Mark
[2026-07-01T02:15:09.089+0000][67.072s][info][gc,marking  ] GC(113) Concurrent Mark From Roots
[2026-07-01T02:15:09.089+0000][67.072s][info][gc,task     ] GC(113) Using 1 workers of 1 for marking
[2026-07-01T02:15:09.446+0000][67.429s][info][gc,marking  ] GC(113) Concurrent Mark From Roots 357.173ms
[2026-07-01T02:15:09.446+0000][67.429s][info][gc,marking  ] GC(113) Concurrent Preclean
[2026-07-01T02:15:09.446+0000][67.430s][info][gc,marking  ] GC(113) Concurrent Preclean 0.070ms
[2026-07-01T02:15:09.446+0000][67.430s][info][gc,start    ] GC(113) Pause Remark
[2026-07-01T02:15:09.453+0000][67.436s][info][gc          ] GC(113) Pause Remark 216M->216M(297M) 6.599ms
[2026-07-01T02:15:09.453+0000][67.436s][info][gc,cpu      ] GC(113) User=0.01s Sys=0.00s Real=0.01s
[2026-07-01T02:15:09.453+0000][67.436s][info][gc,marking  ] GC(113) Concurrent Mark 364.148ms
[2026-07-01T02:15:09.453+0000][67.436s][info][gc,marking  ] GC(113) Concurrent Rebuild Remembered Sets and Scrub Regions
[2026-07-01T02:15:09.578+0000][67.562s][info][gc,marking  ] GC(113) Concurrent Rebuild Remembered Sets and Scrub Regions 125.157ms
[2026-07-01T02:15:09.578+0000][67.562s][info][gc,start    ] GC(113) Pause Cleanup
[2026-07-01T02:15:09.578+0000][67.562s][info][gc          ] GC(113) Pause Cleanup 230M->230M(297M) 0.118ms
[2026-07-01T02:15:09.578+0000][67.562s][info][gc,cpu      ] GC(113) User=0.00s Sys=0.00s Real=0.00s
[2026-07-01T02:15:09.578+0000][67.562s][info][gc,marking  ] GC(113) Concurrent Clear Claimed Marks
[2026-07-01T02:15:09.578+0000][67.562s][info][gc,marking  ] GC(113) Concurrent Clear Claimed Marks 0.079ms
[2026-07-01T02:15:09.578+0000][67.562s][info][gc,marking  ] GC(113) Concurrent Cleanup for Next Mark
[2026-07-01T02:15:09.579+0000][67.562s][info][gc,marking  ] GC(113) Concurrent Cleanup for Next Mark 0.476ms
[2026-07-01T02:15:09.579+0000][67.562s][info][gc          ] GC(113) Concurrent Mark Cycle 500.595ms
[2026-07-01T02:15:09.980+0000][67.963s][info][gc,start    ] GC(114) Pause Young (Prepare Mixed) (G1 Evacuation Pause)
[2026-07-01T02:15:09.980+0000][67.963s][info][gc,task     ] GC(114) Using 2 workers of 2 for evacuation
[2026-07-01T02:15:09.998+0000][67.981s][info][gc,phases   ] GC(114)   Pre Evacuate Collection Set: 0.19ms
[2026-07-01T02:15:09.998+0000][67.981s][info][gc,phases   ] GC(114)   Merge Heap Roots: 0.41ms
[2026-07-01T02:15:09.998+0000][67.981s][info][gc,phases   ] GC(114)   Evacuate Collection Set: 16.66ms
[2026-07-01T02:15:09.998+0000][67.981s][info][gc,phases   ] GC(114)   Post Evacuate Collection Set: 0.41ms
[2026-07-01T02:15:09.998+0000][67.981s][info][gc,phases   ] GC(114)   Other: 0.06ms
[2026-07-01T02:15:09.998+0000][67.981s][info][gc,heap     ] GC(114) Eden regions: 103->0(102)
[2026-07-01T02:15:09.998+0000][67.981s][info][gc,heap     ] GC(114) Survivor regions: 7->7(14)
[2026-07-01T02:15:09.998+0000][67.981s][info][gc,heap     ] GC(114) Old regions: 168->169
[2026-07-01T02:15:09.998+0000][67.981s][info][gc,heap     ] GC(114) Humongous regions: 3->3
[2026-07-01T02:15:09.998+0000][67.981s][info][gc,metaspace] GC(114) Metaspace: 41707K(42560K)->41707K(42560K) NonClass: 36566K(36992K)->36566K(36992K) Class: 5140K(5568K)->5140K(5568K)
[2026-07-01T02:15:09.998+0000][67.981s][info][gc          ] GC(114) Pause Young (Prepare Mixed) (G1 Evacuation Pause) 281M->178M(297M) 17.924ms
[2026-07-01T02:15:09.998+0000][67.981s][info][gc,cpu      ] GC(114) User=0.04s Sys=0.00s Real=0.01s
[2026-07-01T02:15:10.745+0000][68.728s][info][gc,start    ] GC(115) Pause Young (Mixed) (G1 Evacuation Pause)
[2026-07-01T02:15:10.745+0000][68.728s][info][gc,task     ] GC(115) Using 2 workers of 2 for evacuation
[2026-07-01T02:15:10.765+0000][68.748s][info][gc,phases   ] GC(115)   Pre Evacuate Collection Set: 0.19ms
[2026-07-01T02:15:10.765+0000][68.748s][info][gc,phases   ] GC(115)   Merge Heap Roots: 0.27ms
[2026-07-01T02:15:10.765+0000][68.748s][info][gc,phases   ] GC(115)   Evacuate Collection Set: 18.79ms
[2026-07-01T02:15:10.765+0000][68.748s][info][gc,phases   ] GC(115)   Post Evacuate Collection Set: 0.66ms
[2026-07-01T02:15:10.765+0000][68.748s][info][gc,phases   ] GC(115)   Other: 0.06ms
[2026-07-01T02:15:10.765+0000][68.748s][info][gc,heap     ] GC(115) Eden regions: 102->0(102)
[2026-07-01T02:15:10.765+0000][68.748s][info][gc,heap     ] GC(115) Survivor regions: 7->7(14)
[2026-07-01T02:15:10.765+0000][68.748s][info][gc,heap     ] GC(115) Old regions: 169->169
[2026-07-01T02:15:10.765+0000][68.748s][info][gc,heap     ] GC(115) Humongous regions: 3->3
[2026-07-01T02:15:10.765+0000][68.748s][info][gc,metaspace] GC(115) Metaspace: 41707K(42560K)->41707K(42560K) NonClass: 36566K(36992K)->36566K(36992K) Class: 5140K(5568K)->5140K(5568K)
[2026-07-01T02:15:10.765+0000][68.748s][info][gc          ] GC(115) Pause Young (Mixed) (G1 Evacuation Pause) 280M->178M(297M) 20.168ms
[2026-07-01T02:15:10.765+0000][68.749s][info][gc,cpu      ] GC(115) User=0.04s Sys=0.00s Real=0.02s
[2026-07-01T02:15:11.564+0000][69.548s][info][gc,start    ] GC(116) Pause Young (Concurrent Start) (G1 Evacuation Pause)
[2026-07-01T02:15:11.564+0000][69.548s][info][gc,task     ] GC(116) Using 2 workers of 2 for evacuation
[2026-07-01T02:15:11.607+0000][69.590s][info][gc,phases   ] GC(116)   Pre Evacuate Collection Set: 0.18ms
[2026-07-01T02:15:11.607+0000][69.590s][info][gc,phases   ] GC(116)   Merge Heap Roots: 0.40ms
[2026-07-01T02:15:11.607+0000][69.590s][info][gc,phases   ] GC(116)   Evacuate Collection Set: 41.16ms
[2026-07-01T02:15:11.607+0000][69.590s][info][gc,phases   ] GC(116)   Post Evacuate Collection Set: 0.69ms
[2026-07-01T02:15:11.607+0000][69.590s][info][gc,phases   ] GC(116)   Other: 0.08ms
[2026-07-01T02:15:11.607+0000][69.591s][info][gc,heap     ] GC(116) Eden regions: 102->0(102)
[2026-07-01T02:15:11.607+0000][69.591s][info][gc,heap     ] GC(116) Survivor regions: 7->7(14)
[2026-07-01T02:15:11.607+0000][69.591s][info][gc,heap     ] GC(116) Old regions: 169->169
[2026-07-01T02:15:11.607+0000][69.591s][info][gc,heap     ] GC(116) Humongous regions: 3->3
[2026-07-01T02:15:11.607+0000][69.591s][info][gc,metaspace] GC(116) Metaspace: 41710K(42560K)->41710K(42560K) NonClass: 36569K(36992K)->36569K(36992K) Class: 5140K(5568K)->5140K(5568K)
[2026-07-01T02:15:11.607+0000][69.591s][info][gc          ] GC(116) Pause Young (Concurrent Start) (G1 Evacuation Pause) 280M->178M(297M) 42.698ms
[2026-07-01T02:15:11.607+0000][69.591s][info][gc          ] GC(117) Concurrent Mark Cycle
[2026-07-01T02:15:11.607+0000][69.591s][info][gc,marking  ] GC(117) Concurrent Scan Root Regions
[2026-07-01T02:15:11.607+0000][69.591s][info][gc,cpu      ] GC(116) User=0.04s Sys=0.00s Real=0.04s
[2026-07-01T02:15:11.622+0000][69.606s][info][gc,marking  ] GC(117) Concurrent Scan Root Regions 15.004ms
[2026-07-01T02:15:11.622+0000][69.606s][info][gc,marking  ] GC(117) Concurrent Mark
[2026-07-01T02:15:11.622+0000][69.606s][info][gc,marking  ] GC(117) Concurrent Mark From Roots
[2026-07-01T02:15:11.622+0000][69.606s][info][gc,task     ] GC(117) Using 1 workers of 1 for marking
[2026-07-01T02:15:11.969+0000][69.953s][info][gc,marking  ] GC(117) Concurrent Mark From Roots 347.300ms
[2026-07-01T02:15:11.969+0000][69.953s][info][gc,marking  ] GC(117) Concurrent Preclean
[2026-07-01T02:15:11.970+0000][69.953s][info][gc,marking  ] GC(117) Concurrent Preclean 0.132ms
[2026-07-01T02:15:11.970+0000][69.953s][info][gc,start    ] GC(117) Pause Remark
[2026-07-01T02:15:11.982+0000][69.966s][info][gc          ] GC(117) Pause Remark 222M->222M(299M) 12.446ms
[2026-07-01T02:15:11.982+0000][69.966s][info][gc,cpu      ] GC(117) User=0.01s Sys=0.00s Real=0.01s
[2026-07-01T02:15:11.987+0000][69.971s][info][gc,marking  ] GC(117) Concurrent Mark 364.974ms
[2026-07-01T02:15:11.987+0000][69.971s][info][gc,marking  ] GC(117) Concurrent Rebuild Remembered Sets and Scrub Regions
[2026-07-01T02:15:12.138+0000][70.121s][info][gc,marking  ] GC(117) Concurrent Rebuild Remembered Sets and Scrub Regions 150.525ms
[2026-07-01T02:15:12.138+0000][70.121s][info][gc,start    ] GC(117) Pause Cleanup
[2026-07-01T02:15:12.138+0000][70.122s][info][gc          ] GC(117) Pause Cleanup 245M->245M(299M) 0.143ms
[2026-07-01T02:15:12.138+0000][70.122s][info][gc,cpu      ] GC(117) User=0.00s Sys=0.00s Real=0.00s
[2026-07-01T02:15:12.138+0000][70.122s][info][gc,marking  ] GC(117) Concurrent Clear Claimed Marks
[2026-07-01T02:15:12.138+0000][70.122s][info][gc,marking  ] GC(117) Concurrent Clear Claimed Marks 0.094ms
[2026-07-01T02:15:12.138+0000][70.122s][info][gc,marking  ] GC(117) Concurrent Cleanup for Next Mark
[2026-07-01T02:15:12.139+0000][70.123s][info][gc,marking  ] GC(117) Concurrent Cleanup for Next Mark 0.654ms
[2026-07-01T02:15:12.139+0000][70.123s][info][gc          ] GC(117) Concurrent Mark Cycle 531.964ms
[2026-07-01T02:15:12.300+0000][70.284s][info][gc,start    ] GC(118) Pause Young (Prepare Mixed) (G1 Evacuation Pause)
[2026-07-01T02:15:12.300+0000][70.284s][info][gc,task     ] GC(118) Using 2 workers of 2 for evacuation
[2026-07-01T02:15:12.314+0000][70.297s][info][gc,phases   ] GC(118)   Pre Evacuate Collection Set: 0.19ms
[2026-07-01T02:15:12.314+0000][70.297s][info][gc,phases   ] GC(118)   Merge Heap Roots: 0.47ms
[2026-07-01T02:15:12.314+0000][70.297s][info][gc,phases   ] GC(118)   Evacuate Collection Set: 12.34ms
[2026-07-01T02:15:12.314+0000][70.297s][info][gc,phases   ] GC(118)   Post Evacuate Collection Set: 0.41ms
[2026-07-01T02:15:12.314+0000][70.297s][info][gc,phases   ] GC(118)   Other: 0.05ms
[2026-07-01T02:15:12.314+0000][70.297s][info][gc,heap     ] GC(118) Eden regions: 102->0(103)
[2026-07-01T02:15:12.314+0000][70.297s][info][gc,heap     ] GC(118) Survivor regions: 7->7(14)
[2026-07-01T02:15:12.314+0000][70.297s][info][gc,heap     ] GC(118) Old regions: 169->170
[2026-07-01T02:15:12.314+0000][70.297s][info][gc,heap     ] GC(118) Humongous regions: 3->3
[2026-07-01T02:15:12.314+0000][70.297s][info][gc,metaspace] GC(118) Metaspace: 41717K(42560K)->41717K(42560K) NonClass: 36576K(36992K)->36576K(36992K) Class: 5141K(5568K)->5141K(5568K)
[2026-07-01T02:15:12.314+0000][70.297s][info][gc          ] GC(118) Pause Young (Prepare Mixed) (G1 Evacuation Pause) 280M->179M(299M) 13.628ms
[2026-07-01T02:15:12.314+0000][70.297s][info][gc,cpu      ] GC(118) User=0.03s Sys=0.00s Real=0.01s
[2026-07-01T02:15:12.794+0000][70.777s][info][gc,start    ] GC(119) Pause Young (Mixed) (G1 Evacuation Pause)
[2026-07-01T02:15:12.794+0000][70.777s][info][gc,task     ] GC(119) Using 2 workers of 2 for evacuation
[2026-07-01T02:15:12.808+0000][70.792s][info][gc,phases   ] GC(119)   Pre Evacuate Collection Set: 0.16ms
[2026-07-01T02:15:12.808+0000][70.792s][info][gc,phases   ] GC(119)   Merge Heap Roots: 0.33ms
[2026-07-01T02:15:12.808+0000][70.792s][info][gc,phases   ] GC(119)   Evacuate Collection Set: 13.45ms
[2026-07-01T02:15:12.808+0000][70.792s][info][gc,phases   ] GC(119)   Post Evacuate Collection Set: 0.38ms
[2026-07-01T02:15:12.808+0000][70.792s][info][gc,phases   ] GC(119)   Other: 0.06ms
[2026-07-01T02:15:12.808+0000][70.792s][info][gc,heap     ] GC(119) Eden regions: 103->0(103)
[2026-07-01T02:15:12.808+0000][70.792s][info][gc,heap     ] GC(119) Survivor regions: 7->7(14)
[2026-07-01T02:15:12.808+0000][70.792s][info][gc,heap     ] GC(119) Old regions: 170->170
[2026-07-01T02:15:12.808+0000][70.792s][info][gc,heap     ] GC(119) Humongous regions: 3->3
[2026-07-01T02:15:12.808+0000][70.792s][info][gc,metaspace] GC(119) Metaspace: 41717K(42560K)->41717K(42560K) NonClass: 36576K(36992K)->36576K(36992K) Class: 5141K(5568K)->5141K(5568K)
[2026-07-01T02:15:12.808+0000][70.792s][info][gc          ] GC(119) Pause Young (Mixed) (G1 Evacuation Pause) 282M->179M(299M) 14.576ms
[2026-07-01T02:15:12.808+0000][70.792s][info][gc,cpu      ] GC(119) User=0.03s Sys=0.00s Real=0.02s
[2026-07-01T02:15:13.264+0000][71.247s][info][gc,start    ] GC(120) Pause Young (Concurrent Start) (G1 Evacuation Pause)
[2026-07-01T02:15:13.264+0000][71.247s][info][gc,task     ] GC(120) Using 2 workers of 2 for evacuation
[2026-07-01T02:15:13.282+0000][71.265s][info][gc,phases   ] GC(120)   Pre Evacuate Collection Set: 0.22ms
[2026-07-01T02:15:13.282+0000][71.265s][info][gc,phases   ] GC(120)   Merge Heap Roots: 0.26ms
[2026-07-01T02:15:13.282+0000][71.265s][info][gc,phases   ] GC(120)   Evacuate Collection Set: 16.98ms
[2026-07-01T02:15:13.282+0000][71.265s][info][gc,phases   ] GC(120)   Post Evacuate Collection Set: 0.41ms
[2026-07-01T02:15:13.282+0000][71.265s][info][gc,phases   ] GC(120)   Other: 0.06ms
[2026-07-01T02:15:13.282+0000][71.265s][info][gc,heap     ] GC(120) Eden regions: 103->0(103)
[2026-07-01T02:15:13.282+0000][71.265s][info][gc,heap     ] GC(120) Survivor regions: 7->7(14)
[2026-07-01T02:15:13.282+0000][71.265s][info][gc,heap     ] GC(120) Old regions: 170->170
[2026-07-01T02:15:13.282+0000][71.265s][info][gc,heap     ] GC(120) Humongous regions: 3->3
[2026-07-01T02:15:13.282+0000][71.265s][info][gc,metaspace] GC(120) Metaspace: 41717K(42560K)->41717K(42560K) NonClass: 36576K(36992K)->36576K(36992K) Class: 5141K(5568K)->5141K(5568K)
[2026-07-01T02:15:13.282+0000][71.265s][info][gc          ] GC(120) Pause Young (Concurrent Start) (G1 Evacuation Pause) 282M->179M(299M) 18.106ms
[2026-07-01T02:15:13.282+0000][71.265s][info][gc,cpu      ] GC(120) User=0.04s Sys=0.00s Real=0.02s
[2026-07-01T02:15:13.286+0000][71.269s][info][gc          ] GC(121) Concurrent Mark Cycle
[2026-07-01T02:15:13.286+0000][71.269s][info][gc,marking  ] GC(121) Concurrent Scan Root Regions
[2026-07-01T02:15:13.300+0000][71.284s][info][gc,marking  ] GC(121) Concurrent Scan Root Regions 14.337ms
[2026-07-01T02:15:13.300+0000][71.284s][info][gc,marking  ] GC(121) Concurrent Mark
[2026-07-01T02:15:13.300+0000][71.284s][info][gc,marking  ] GC(121) Concurrent Mark From Roots
[2026-07-01T02:15:13.300+0000][71.284s][info][gc,task     ] GC(121) Using 1 workers of 1 for marking
[2026-07-01T02:15:13.863+0000][71.847s][info][gc,start    ] GC(122) Pause Young (Normal) (G1 Evacuation Pause)
[2026-07-01T02:15:13.864+0000][71.847s][info][gc,task     ] GC(122) Using 2 workers of 2 for evacuation
[2026-07-01T02:15:13.881+0000][71.865s][info][gc,phases   ] GC(122)   Pre Evacuate Collection Set: 0.16ms
[2026-07-01T02:15:13.881+0000][71.865s][info][gc,phases   ] GC(122)   Merge Heap Roots: 0.50ms
[2026-07-01T02:15:13.881+0000][71.865s][info][gc,phases   ] GC(122)   Evacuate Collection Set: 16.41ms
[2026-07-01T02:15:13.881+0000][71.865s][info][gc,phases   ] GC(122)   Post Evacuate Collection Set: 0.40ms
[2026-07-01T02:15:13.881+0000][71.865s][info][gc,phases   ] GC(122)   Other: 0.06ms
[2026-07-01T02:15:13.881+0000][71.865s][info][gc,heap     ] GC(122) Eden regions: 103->0(102)
[2026-07-01T02:15:13.881+0000][71.865s][info][gc,heap     ] GC(122) Survivor regions: 7->7(14)
[2026-07-01T02:15:13.881+0000][71.865s][info][gc,heap     ] GC(122) Old regions: 170->171
[2026-07-01T02:15:13.881+0000][71.865s][info][gc,heap     ] GC(122) Humongous regions: 3->3
[2026-07-01T02:15:13.881+0000][71.865s][info][gc,metaspace] GC(122) Metaspace: 41717K(42560K)->41717K(42560K) NonClass: 36576K(36992K)->36576K(36992K) Class: 5141K(5568K)->5141K(5568K)
[2026-07-01T02:15:13.881+0000][71.865s][info][gc          ] GC(122) Pause Young (Normal) (G1 Evacuation Pause) 282M->180M(299M) 17.679ms
[2026-07-01T02:15:13.881+0000][71.865s][info][gc,cpu      ] GC(122) User=0.03s Sys=0.00s Real=0.02s
[2026-07-01T02:15:13.934+0000][71.918s][info][gc,marking  ] GC(121) Concurrent Mark From Roots 634.089ms
[2026-07-01T02:15:13.934+0000][71.918s][info][gc,marking  ] GC(121) Concurrent Preclean
[2026-07-01T02:15:13.934+0000][71.918s][info][gc,marking  ] GC(121) Concurrent Preclean 0.179ms
[2026-07-01T02:15:13.938+0000][71.921s][info][gc,start    ] GC(121) Pause Remark
[2026-07-01T02:15:13.943+0000][71.927s][info][gc          ] GC(121) Pause Remark 190M->190M(302M) 5.672ms
[2026-07-01T02:15:13.943+0000][71.927s][info][gc,cpu      ] GC(121) User=0.01s Sys=0.00s Real=0.01s
[2026-07-01T02:15:13.945+0000][71.929s][info][gc,marking  ] GC(121) Concurrent Mark 644.953ms
[2026-07-01T02:15:13.945+0000][71.929s][info][gc,marking  ] GC(121) Concurrent Rebuild Remembered Sets and Scrub Regions
[2026-07-01T02:15:14.078+0000][72.061s][info][gc,marking  ] GC(121) Concurrent Rebuild Remembered Sets and Scrub Regions 132.738ms
[2026-07-01T02:15:14.078+0000][72.062s][info][gc,start    ] GC(121) Pause Cleanup
[2026-07-01T02:15:14.078+0000][72.062s][info][gc          ] GC(121) Pause Cleanup 212M->212M(302M) 0.163ms
[2026-07-01T02:15:14.078+0000][72.062s][info][gc,cpu      ] GC(121) User=0.01s Sys=0.00s Real=0.01s
[2026-07-01T02:15:14.081+0000][72.065s][info][gc,marking  ] GC(121) Concurrent Clear Claimed Marks
[2026-07-01T02:15:14.081+0000][72.065s][info][gc,marking  ] GC(121) Concurrent Clear Claimed Marks 0.256ms
[2026-07-01T02:15:14.081+0000][72.065s][info][gc,marking  ] GC(121) Concurrent Cleanup for Next Mark
[2026-07-01T02:15:14.082+0000][72.066s][info][gc,marking  ] GC(121) Concurrent Cleanup for Next Mark 0.608ms
[2026-07-01T02:15:14.082+0000][72.066s][info][gc          ] GC(121) Concurrent Mark Cycle 796.857ms
[2026-07-01T02:15:14.420+0000][72.404s][info][gc,start    ] GC(123) Pause Young (Prepare Mixed) (G1 Evacuation Pause)
[2026-07-01T02:15:14.420+0000][72.404s][info][gc,task     ] GC(123) Using 2 workers of 2 for evacuation
[2026-07-01T02:15:14.434+0000][72.418s][info][gc,phases   ] GC(123)   Pre Evacuate Collection Set: 0.23ms
[2026-07-01T02:15:14.434+0000][72.418s][info][gc,phases   ] GC(123)   Merge Heap Roots: 0.46ms
[2026-07-01T02:15:14.434+0000][72.418s][info][gc,phases   ] GC(123)   Evacuate Collection Set: 12.85ms
[2026-07-01T02:15:14.434+0000][72.418s][info][gc,phases   ] GC(123)   Post Evacuate Collection Set: 0.45ms
[2026-07-01T02:15:14.434+0000][72.418s][info][gc,phases   ] GC(123)   Other: 0.07ms
[2026-07-01T02:15:14.434+0000][72.418s][info][gc,heap     ] GC(123) Eden regions: 102->0(105)
[2026-07-01T02:15:14.434+0000][72.418s][info][gc,heap     ] GC(123) Survivor regions: 7->7(14)
[2026-07-01T02:15:14.434+0000][72.418s][info][gc,heap     ] GC(123) Old regions: 171->171
[2026-07-01T02:15:14.434+0000][72.418s][info][gc,heap     ] GC(123) Humongous regions: 3->3
[2026-07-01T02:15:14.434+0000][72.418s][info][gc,metaspace] GC(123) Metaspace: 41717K(42560K)->41717K(42560K) NonClass: 36576K(36992K)->36576K(36992K) Class: 5141K(5568K)->5141K(5568K)
[2026-07-01T02:15:14.434+0000][72.418s][info][gc          ] GC(123) Pause Young (Prepare Mixed) (G1 Evacuation Pause) 282M->180M(302M) 14.339ms
[2026-07-01T02:15:14.434+0000][72.418s][info][gc,cpu      ] GC(123) User=0.02s Sys=0.00s Real=0.01s
[2026-07-01T02:15:14.933+0000][72.916s][info][gc,start    ] GC(124) Pause Young (Mixed) (G1 Evacuation Pause)
[2026-07-01T02:15:14.933+0000][72.916s][info][gc,task     ] GC(124) Using 2 workers of 2 for evacuation
[2026-07-01T02:15:14.951+0000][72.934s][info][gc,phases   ] GC(124)   Pre Evacuate Collection Set: 0.22ms
[2026-07-01T02:15:14.951+0000][72.934s][info][gc,phases   ] GC(124)   Merge Heap Roots: 0.46ms
[2026-07-01T02:15:14.951+0000][72.934s][info][gc,phases   ] GC(124)   Evacuate Collection Set: 16.98ms
[2026-07-01T02:15:14.951+0000][72.934s][info][gc,phases   ] GC(124)   Post Evacuate Collection Set: 0.46ms
[2026-07-01T02:15:14.951+0000][72.934s][info][gc,phases   ] GC(124)   Other: 0.06ms
[2026-07-01T02:15:14.951+0000][72.934s][info][gc,heap     ] GC(124) Eden regions: 105->0(105)
[2026-07-01T02:15:14.951+0000][72.934s][info][gc,heap     ] GC(124) Survivor regions: 7->7(14)
[2026-07-01T02:15:14.951+0000][72.934s][info][gc,heap     ] GC(124) Old regions: 171->171
[2026-07-01T02:15:14.951+0000][72.934s][info][gc,heap     ] GC(124) Humongous regions: 3->3
[2026-07-01T02:15:14.951+0000][72.934s][info][gc,metaspace] GC(124) Metaspace: 41717K(42560K)->41717K(42560K) NonClass: 36576K(36992K)->36576K(36992K) Class: 5141K(5568K)->5141K(5568K)
[2026-07-01T02:15:14.951+0000][72.934s][info][gc          ] GC(124) Pause Young (Mixed) (G1 Evacuation Pause) 285M->180M(302M) 18.338ms
[2026-07-01T02:15:14.951+0000][72.934s][info][gc,cpu      ] GC(124) User=0.04s Sys=0.00s Real=0.02s
[2026-07-01T02:15:15.426+0000][73.410s][info][gc,start    ] GC(125) Pause Young (Concurrent Start) (G1 Evacuation Pause)
[2026-07-01T02:15:15.426+0000][73.410s][info][gc,task     ] GC(125) Using 2 workers of 2 for evacuation
[2026-07-01T02:15:15.441+0000][73.425s][info][gc,phases   ] GC(125)   Pre Evacuate Collection Set: 0.22ms
[2026-07-01T02:15:15.441+0000][73.425s][info][gc,phases   ] GC(125)   Merge Heap Roots: 0.25ms
[2026-07-01T02:15:15.441+0000][73.425s][info][gc,phases   ] GC(125)   Evacuate Collection Set: 13.80ms
[2026-07-01T02:15:15.441+0000][73.425s][info][gc,phases   ] GC(125)   Post Evacuate Collection Set: 0.36ms
[2026-07-01T02:15:15.441+0000][73.425s][info][gc,phases   ] GC(125)   Other: 0.09ms
[2026-07-01T02:15:15.441+0000][73.425s][info][gc,heap     ] GC(125) Eden regions: 105->0(104)
[2026-07-01T02:15:15.441+0000][73.425s][info][gc,heap     ] GC(125) Survivor regions: 7->7(14)
[2026-07-01T02:15:15.441+0000][73.425s][info][gc,heap     ] GC(125) Old regions: 171->172
[2026-07-01T02:15:15.441+0000][73.425s][info][gc,heap     ] GC(125) Humongous regions: 3->3
[2026-07-01T02:15:15.441+0000][73.425s][info][gc,metaspace] GC(125) Metaspace: 41717K(42560K)->41717K(42560K) NonClass: 36576K(36992K)->36576K(36992K) Class: 5141K(5568K)->5141K(5568K)
[2026-07-01T02:15:15.441+0000][73.425s][info][gc          ] GC(125) Pause Young (Concurrent Start) (G1 Evacuation Pause) 285M->181M(302M) 14.901ms
[2026-07-01T02:15:15.441+0000][73.425s][info][gc          ] GC(126) Concurrent Mark Cycle
[2026-07-01T02:15:15.441+0000][73.425s][info][gc,marking  ] GC(126) Concurrent Scan Root Regions
[2026-07-01T02:15:15.441+0000][73.425s][info][gc,cpu      ] GC(125) User=0.03s Sys=0.00s Real=0.02s
[2026-07-01T02:15:15.453+0000][73.437s][info][gc,marking  ] GC(126) Concurrent Scan Root Regions 11.945ms
[2026-07-01T02:15:15.453+0000][73.437s][info][gc,marking  ] GC(126) Concurrent Mark
[2026-07-01T02:15:15.453+0000][73.437s][info][gc,marking  ] GC(126) Concurrent Mark From Roots
[2026-07-01T02:15:15.453+0000][73.437s][info][gc,task     ] GC(126) Using 1 workers of 1 for marking
[2026-07-01T02:15:16.007+0000][73.990s][info][gc,start    ] GC(127) Pause Young (Normal) (G1 Evacuation Pause)
[2026-07-01T02:15:16.007+0000][73.990s][info][gc,task     ] GC(127) Using 2 workers of 2 for evacuation
[2026-07-01T02:15:16.021+0000][74.004s][info][gc,phases   ] GC(127)   Pre Evacuate Collection Set: 0.20ms
[2026-07-01T02:15:16.021+0000][74.004s][info][gc,phases   ] GC(127)   Merge Heap Roots: 0.33ms
[2026-07-01T02:15:16.021+0000][74.004s][info][gc,phases   ] GC(127)   Evacuate Collection Set: 12.89ms
[2026-07-01T02:15:16.021+0000][74.004s][info][gc,phases   ] GC(127)   Post Evacuate Collection Set: 0.36ms
[2026-07-01T02:15:16.021+0000][74.004s][info][gc,phases   ] GC(127)   Other: 0.05ms
[2026-07-01T02:15:16.021+0000][74.004s][info][gc,heap     ] GC(127) Eden regions: 104->0(104)
[2026-07-01T02:15:16.021+0000][74.004s][info][gc,heap     ] GC(127) Survivor regions: 7->7(14)
[2026-07-01T02:15:16.021+0000][74.004s][info][gc,heap     ] GC(127) Old regions: 172->172
[2026-07-01T02:15:16.021+0000][74.004s][info][gc,heap     ] GC(127) Humongous regions: 3->3
[2026-07-01T02:15:16.021+0000][74.004s][info][gc,metaspace] GC(127) Metaspace: 41717K(42560K)->41717K(42560K) NonClass: 36576K(36992K)->36576K(36992K) Class: 5141K(5568K)->5141K(5568K)
[2026-07-01T02:15:16.021+0000][74.004s][info][gc          ] GC(127) Pause Young (Normal) (G1 Evacuation Pause) 285M->181M(302M) 13.984ms
[2026-07-01T02:15:16.021+0000][74.004s][info][gc,cpu      ] GC(127) User=0.03s Sys=0.00s Real=0.02s
[2026-07-01T02:15:16.097+0000][74.080s][info][gc,marking  ] GC(126) Concurrent Mark From Roots 643.435ms
[2026-07-01T02:15:16.097+0000][74.080s][info][gc,marking  ] GC(126) Concurrent Preclean
[2026-07-01T02:15:16.097+0000][74.080s][info][gc,marking  ] GC(126) Concurrent Preclean 0.168ms
[2026-07-01T02:15:16.098+0000][74.082s][info][gc,start    ] GC(126) Pause Remark
[2026-07-01T02:15:16.104+0000][74.088s][info][gc          ] GC(126) Pause Remark 194M->194M(304M) 5.845ms
[2026-07-01T02:15:16.104+0000][74.088s][info][gc,cpu      ] GC(126) User=0.01s Sys=0.00s Real=0.00s
[2026-07-01T02:15:16.105+0000][74.089s][info][gc,marking  ] GC(126) Concurrent Mark 651.934ms
[2026-07-01T02:15:16.105+0000][74.089s][info][gc,marking  ] GC(126) Concurrent Rebuild Remembered Sets and Scrub Regions
[2026-07-01T02:15:16.255+0000][74.238s][info][gc,marking  ] GC(126) Concurrent Rebuild Remembered Sets and Scrub Regions 149.616ms
[2026-07-01T02:15:16.255+0000][74.239s][info][gc,start    ] GC(126) Pause Cleanup
[2026-07-01T02:15:16.255+0000][74.239s][info][gc          ] GC(126) Pause Cleanup 220M->220M(304M) 0.174ms
[2026-07-01T02:15:16.255+0000][74.239s][info][gc,cpu      ] GC(126) User=0.01s Sys=0.00s Real=0.00s
[2026-07-01T02:15:16.256+0000][74.239s][info][gc,marking  ] GC(126) Concurrent Clear Claimed Marks
[2026-07-01T02:15:16.256+0000][74.239s][info][gc,marking  ] GC(126) Concurrent Clear Claimed Marks 0.100ms
[2026-07-01T02:15:16.256+0000][74.239s][info][gc,marking  ] GC(126) Concurrent Cleanup for Next Mark
[2026-07-01T02:15:16.258+0000][74.241s][info][gc,marking  ] GC(126) Concurrent Cleanup for Next Mark 2.140ms
[2026-07-01T02:15:16.258+0000][74.241s][info][gc          ] GC(126) Concurrent Mark Cycle 816.741ms
[2026-07-01T02:15:16.545+0000][74.528s][info][gc,start    ] GC(128) Pause Young (Normal) (G1 Evacuation Pause)
[2026-07-01T02:15:16.545+0000][74.528s][info][gc,task     ] GC(128) Using 2 workers of 2 for evacuation
[2026-07-01T02:15:16.563+0000][74.546s][info][gc,phases   ] GC(128)   Pre Evacuate Collection Set: 0.22ms
[2026-07-01T02:15:16.563+0000][74.546s][info][gc,phases   ] GC(128)   Merge Heap Roots: 0.44ms
[2026-07-01T02:15:16.563+0000][74.546s][info][gc,phases   ] GC(128)   Evacuate Collection Set: 16.78ms
[2026-07-01T02:15:16.563+0000][74.546s][info][gc,phases   ] GC(128)   Post Evacuate Collection Set: 0.43ms
[2026-07-01T02:15:16.563+0000][74.546s][info][gc,phases   ] GC(128)   Other: 0.05ms
[2026-07-01T02:15:16.563+0000][74.546s][info][gc,heap     ] GC(128) Eden regions: 104->0(106)
[2026-07-01T02:15:16.563+0000][74.546s][info][gc,heap     ] GC(128) Survivor regions: 7->7(14)
[2026-07-01T02:15:16.563+0000][74.546s][info][gc,heap     ] GC(128) Old regions: 172->172
[2026-07-01T02:15:16.563+0000][74.546s][info][gc,heap     ] GC(128) Humongous regions: 3->3
[2026-07-01T02:15:16.563+0000][74.546s][info][gc,metaspace] GC(128) Metaspace: 41717K(42560K)->41717K(42560K) NonClass: 36576K(36992K)->36576K(36992K) Class: 5141K(5568K)->5141K(5568K)
[2026-07-01T02:15:16.563+0000][74.546s][info][gc          ] GC(128) Pause Young (Normal) (G1 Evacuation Pause) 285M->181M(304M) 18.072ms
[2026-07-01T02:15:16.563+0000][74.546s][info][gc,cpu      ] GC(128) User=0.03s Sys=0.00s Real=0.02s
[2026-07-01T02:15:17.098+0000][75.082s][info][gc,start    ] GC(129) Pause Young (Concurrent Start) (G1 Evacuation Pause)
[2026-07-01T02:15:17.098+0000][75.082s][info][gc,task     ] GC(129) Using 2 workers of 2 for evacuation
[2026-07-01T02:15:17.117+0000][75.100s][info][gc,phases   ] GC(129)   Pre Evacuate Collection Set: 0.24ms
[2026-07-01T02:15:17.117+0000][75.100s][info][gc,phases   ] GC(129)   Merge Heap Roots: 0.41ms
[2026-07-01T02:15:17.117+0000][75.100s][info][gc,phases   ] GC(129)   Evacuate Collection Set: 17.35ms
[2026-07-01T02:15:17.117+0000][75.100s][info][gc,phases   ] GC(129)   Post Evacuate Collection Set: 0.34ms
[2026-07-01T02:15:17.117+0000][75.100s][info][gc,phases   ] GC(129)   Other: 0.07ms
[2026-07-01T02:15:17.117+0000][75.100s][info][gc,heap     ] GC(129) Eden regions: 106->0(105)
[2026-07-01T02:15:17.117+0000][75.100s][info][gc,heap     ] GC(129) Survivor regions: 7->7(15)
[2026-07-01T02:15:17.117+0000][75.100s][info][gc,heap     ] GC(129) Old regions: 172->173
[2026-07-01T02:15:17.117+0000][75.100s][info][gc,heap     ] GC(129) Humongous regions: 3->3
[2026-07-01T02:15:17.117+0000][75.100s][info][gc,metaspace] GC(129) Metaspace: 41717K(42560K)->41717K(42560K) NonClass: 36576K(36992K)->36576K(36992K) Class: 5141K(5568K)->5141K(5568K)
[2026-07-01T02:15:17.117+0000][75.100s][info][gc          ] GC(129) Pause Young (Concurrent Start) (G1 Evacuation Pause) 287M->182M(304M) 18.567ms
[2026-07-01T02:15:17.117+0000][75.100s][info][gc          ] GC(130) Concurrent Mark Cycle
[2026-07-01T02:15:17.117+0000][75.100s][info][gc,marking  ] GC(130) Concurrent Scan Root Regions
[2026-07-01T02:15:17.117+0000][75.100s][info][gc,cpu      ] GC(129) User=0.03s Sys=0.00s Real=0.01s
[2026-07-01T02:15:17.137+0000][75.120s][info][gc,marking  ] GC(130) Concurrent Scan Root Regions 19.915ms
[2026-07-01T02:15:17.137+0000][75.120s][info][gc,marking  ] GC(130) Concurrent Mark
[2026-07-01T02:15:17.137+0000][75.120s][info][gc,marking  ] GC(130) Concurrent Mark From Roots
[2026-07-01T02:15:17.137+0000][75.120s][info][gc,task     ] GC(130) Using 1 workers of 1 for marking
[2026-07-01T02:15:17.581+0000][75.564s][info][gc,marking  ] GC(130) Concurrent Mark From Roots 443.946ms
[2026-07-01T02:15:17.581+0000][75.564s][info][gc,marking  ] GC(130) Concurrent Preclean
[2026-07-01T02:15:17.581+0000][75.564s][info][gc,marking  ] GC(130) Concurrent Preclean 0.075ms
[2026-07-01T02:15:17.581+0000][75.564s][info][gc,start    ] GC(130) Pause Remark
[2026-07-01T02:15:17.588+0000][75.572s][info][gc          ] GC(130) Pause Remark 248M->248M(305M) 7.402ms
[2026-07-01T02:15:17.588+0000][75.572s][info][gc,cpu      ] GC(130) User=0.01s Sys=0.00s Real=0.01s
[2026-07-01T02:15:17.592+0000][75.576s][info][gc,marking  ] GC(130) Concurrent Mark 455.308ms
[2026-07-01T02:15:17.592+0000][75.576s][info][gc,marking  ] GC(130) Concurrent Rebuild Remembered Sets and Scrub Regions
[2026-07-01T02:15:17.727+0000][75.711s][info][gc,marking  ] GC(130) Concurrent Rebuild Remembered Sets and Scrub Regions 135.084ms
[2026-07-01T02:15:17.729+0000][75.713s][info][gc,start    ] GC(130) Pause Cleanup
[2026-07-01T02:15:17.729+0000][75.713s][info][gc          ] GC(130) Pause Cleanup 262M->262M(305M) 0.144ms
[2026-07-01T02:15:17.729+0000][75.713s][info][gc,cpu      ] GC(130) User=0.00s Sys=0.00s Real=0.00s
[2026-07-01T02:15:17.730+0000][75.713s][info][gc,marking  ] GC(130) Concurrent Clear Claimed Marks
[2026-07-01T02:15:17.730+0000][75.714s][info][gc,marking  ] GC(130) Concurrent Clear Claimed Marks 0.250ms
[2026-07-01T02:15:17.730+0000][75.714s][info][gc,marking  ] GC(130) Concurrent Cleanup for Next Mark
[2026-07-01T02:15:17.731+0000][75.714s][info][gc,marking  ] GC(130) Concurrent Cleanup for Next Mark 0.578ms
[2026-07-01T02:15:17.731+0000][75.714s][info][gc          ] GC(130) Concurrent Mark Cycle 613.821ms
[2026-07-01T02:15:17.907+0000][75.891s][info][gc,start    ] GC(131) Pause Young (Prepare Mixed) (G1 Evacuation Pause)
[2026-07-01T02:15:17.907+0000][75.891s][info][gc,task     ] GC(131) Using 2 workers of 2 for evacuation
[2026-07-01T02:15:17.926+0000][75.909s][info][gc,phases   ] GC(131)   Pre Evacuate Collection Set: 0.17ms
[2026-07-01T02:15:17.926+0000][75.909s][info][gc,phases   ] GC(131)   Merge Heap Roots: 0.50ms
[2026-07-01T02:15:17.926+0000][75.909s][info][gc,phases   ] GC(131)   Evacuate Collection Set: 17.38ms
[2026-07-01T02:15:17.926+0000][75.909s][info][gc,phases   ] GC(131)   Post Evacuate Collection Set: 0.48ms
[2026-07-01T02:15:17.926+0000][75.909s][info][gc,phases   ] GC(131)   Other: 0.06ms
[2026-07-01T02:15:17.926+0000][75.909s][info][gc,heap     ] GC(131) Eden regions: 105->0(106)
[2026-07-01T02:15:17.926+0000][75.909s][info][gc,heap     ] GC(131) Survivor regions: 7->7(14)
[2026-07-01T02:15:17.926+0000][75.909s][info][gc,heap     ] GC(131) Old regions: 173->173
[2026-07-01T02:15:17.926+0000][75.909s][info][gc,heap     ] GC(131) Humongous regions: 3->3
[2026-07-01T02:15:17.926+0000][75.909s][info][gc,metaspace] GC(131) Metaspace: 41717K(42560K)->41717K(42560K) NonClass: 36576K(36992K)->36576K(36992K) Class: 5141K(5568K)->5141K(5568K)
[2026-07-01T02:15:17.926+0000][75.909s][info][gc          ] GC(131) Pause Young (Prepare Mixed) (G1 Evacuation Pause) 287M->182M(305M) 18.798ms
[2026-07-01T02:15:17.926+0000][75.909s][info][gc,cpu      ] GC(131) User=0.04s Sys=0.00s Real=0.02s
[2026-07-01T02:15:18.711+0000][76.694s][info][gc,start    ] GC(132) Pause Young (Mixed) (G1 Evacuation Pause)
[2026-07-01T02:15:18.711+0000][76.694s][info][gc,task     ] GC(132) Using 2 workers of 2 for evacuation
[2026-07-01T02:15:18.755+0000][76.739s][info][gc,phases   ] GC(132)   Pre Evacuate Collection Set: 0.18ms
[2026-07-01T02:15:18.755+0000][76.739s][info][gc,phases   ] GC(132)   Merge Heap Roots: 0.47ms
[2026-07-01T02:15:18.755+0000][76.739s][info][gc,phases   ] GC(132)   Evacuate Collection Set: 42.94ms
[2026-07-01T02:15:18.755+0000][76.739s][info][gc,phases   ] GC(132)   Post Evacuate Collection Set: 0.69ms
[2026-07-01T02:15:18.755+0000][76.739s][info][gc,phases   ] GC(132)   Other: 0.06ms
[2026-07-01T02:15:18.755+0000][76.739s][info][gc,heap     ] GC(132) Eden regions: 106->0(106)
[2026-07-01T02:15:18.755+0000][76.739s][info][gc,heap     ] GC(132) Survivor regions: 7->7(15)
[2026-07-01T02:15:18.755+0000][76.739s][info][gc,heap     ] GC(132) Old regions: 173->173
[2026-07-01T02:15:18.755+0000][76.739s][info][gc,heap     ] GC(132) Humongous regions: 3->3
[2026-07-01T02:15:18.755+0000][76.739s][info][gc,metaspace] GC(132) Metaspace: 41717K(42560K)->41717K(42560K) NonClass: 36576K(36992K)->36576K(36992K) Class: 5141K(5568K)->5141K(5568K)
[2026-07-01T02:15:18.755+0000][76.739s][info][gc          ] GC(132) Pause Young (Mixed) (G1 Evacuation Pause) 288M->182M(305M) 44.558ms
[2026-07-01T02:15:18.755+0000][76.739s][info][gc,cpu      ] GC(132) User=0.04s Sys=0.00s Real=0.04s
[2026-07-01T02:15:19.513+0000][77.496s][info][gc,start    ] GC(133) Pause Young (Concurrent Start) (G1 Evacuation Pause)
[2026-07-01T02:15:19.513+0000][77.496s][info][gc,task     ] GC(133) Using 2 workers of 2 for evacuation
[2026-07-01T02:15:19.548+0000][77.531s][info][gc,phases   ] GC(133)   Pre Evacuate Collection Set: 0.24ms
[2026-07-01T02:15:19.548+0000][77.531s][info][gc,phases   ] GC(133)   Merge Heap Roots: 0.45ms
[2026-07-01T02:15:19.548+0000][77.531s][info][gc,phases   ] GC(133)   Evacuate Collection Set: 33.67ms
[2026-07-01T02:15:19.548+0000][77.531s][info][gc,phases   ] GC(133)   Post Evacuate Collection Set: 0.46ms
[2026-07-01T02:15:19.548+0000][77.531s][info][gc,phases   ] GC(133)   Other: 0.07ms
[2026-07-01T02:15:19.548+0000][77.531s][info][gc,heap     ] GC(133) Eden regions: 106->0(106)
[2026-07-01T02:15:19.548+0000][77.531s][info][gc,heap     ] GC(133) Survivor regions: 7->7(15)
[2026-07-01T02:15:19.548+0000][77.531s][info][gc,heap     ] GC(133) Old regions: 173->173
[2026-07-01T02:15:19.548+0000][77.531s][info][gc,heap     ] GC(133) Humongous regions: 3->3
[2026-07-01T02:15:19.548+0000][77.531s][info][gc,metaspace] GC(133) Metaspace: 41717K(42560K)->41717K(42560K) NonClass: 36576K(36992K)->36576K(36992K) Class: 5141K(5568K)->5141K(5568K)
[2026-07-01T02:15:19.548+0000][77.531s][info][gc          ] GC(133) Pause Young (Concurrent Start) (G1 Evacuation Pause) 288M->182M(305M) 35.103ms
[2026-07-01T02:15:19.548+0000][77.531s][info][gc          ] GC(134) Concurrent Mark Cycle
[2026-07-01T02:15:19.548+0000][77.531s][info][gc,cpu      ] GC(133) User=0.04s Sys=0.00s Real=0.03s
[2026-07-01T02:15:19.548+0000][77.531s][info][gc,marking  ] GC(134) Concurrent Scan Root Regions
[2026-07-01T02:15:19.562+0000][77.546s][info][gc,marking  ] GC(134) Concurrent Scan Root Regions 14.272ms
[2026-07-01T02:15:19.562+0000][77.546s][info][gc,marking  ] GC(134) Concurrent Mark
[2026-07-01T02:15:19.562+0000][77.546s][info][gc,marking  ] GC(134) Concurrent Mark From Roots
[2026-07-01T02:15:19.562+0000][77.546s][info][gc,task     ] GC(134) Using 1 workers of 1 for marking
[2026-07-01T02:15:19.954+0000][77.937s][info][gc,marking  ] GC(134) Concurrent Mark From Roots 391.763ms
[2026-07-01T02:15:19.954+0000][77.937s][info][gc,marking  ] GC(134) Concurrent Preclean
[2026-07-01T02:15:19.954+0000][77.938s][info][gc,marking  ] GC(134) Concurrent Preclean 0.057ms
[2026-07-01T02:15:19.954+0000][77.938s][info][gc,start    ] GC(134) Pause Remark
[2026-07-01T02:15:19.961+0000][77.945s][info][gc          ] GC(134) Pause Remark 228M->228M(305M) 7.079ms
[2026-07-01T02:15:19.961+0000][77.945s][info][gc,cpu      ] GC(134) User=0.02s Sys=0.00s Real=0.01s
[2026-07-01T02:15:19.963+0000][77.946s][info][gc,marking  ] GC(134) Concurrent Mark 400.544ms
[2026-07-01T02:15:19.963+0000][77.946s][info][gc,marking  ] GC(134) Concurrent Rebuild Remembered Sets and Scrub Regions
[2026-07-01T02:15:20.018+0000][78.001s][info][gc,marking  ] GC(134) Concurrent Rebuild Remembered Sets and Scrub Regions 55.100ms
[2026-07-01T02:15:20.018+0000][78.001s][info][gc,start    ] GC(134) Pause Cleanup
[2026-07-01T02:15:20.018+0000][78.002s][info][gc          ] GC(134) Pause Cleanup 234M->234M(305M) 0.047ms
[2026-07-01T02:15:20.018+0000][78.002s][info][gc,cpu      ] GC(134) User=0.00s Sys=0.00s Real=0.00s
[2026-07-01T02:15:20.018+0000][78.002s][info][gc,marking  ] GC(134) Concurrent Clear Claimed Marks
[2026-07-01T02:15:20.018+0000][78.002s][info][gc,marking  ] GC(134) Concurrent Clear Claimed Marks 0.109ms
[2026-07-01T02:15:20.018+0000][78.002s][info][gc,marking  ] GC(134) Concurrent Cleanup for Next Mark
[2026-07-01T02:15:20.019+0000][78.002s][info][gc,marking  ] GC(134) Concurrent Cleanup for Next Mark 0.470ms
[2026-07-01T02:15:20.019+0000][78.002s][info][gc          ] GC(134) Concurrent Mark Cycle 470.875ms
[2026-07-01T02:15:20.419+0000][78.402s][info][gc,start    ] GC(135) Pause Young (Normal) (G1 Evacuation Pause)
[2026-07-01T02:15:20.419+0000][78.402s][info][gc,task     ] GC(135) Using 2 workers of 2 for evacuation
[2026-07-01T02:15:20.450+0000][78.433s][info][gc,phases   ] GC(135)   Pre Evacuate Collection Set: 0.16ms
[2026-07-01T02:15:20.450+0000][78.433s][info][gc,phases   ] GC(135)   Merge Heap Roots: 0.26ms
[2026-07-01T02:15:20.450+0000][78.433s][info][gc,phases   ] GC(135)   Evacuate Collection Set: 30.08ms
[2026-07-01T02:15:20.450+0000][78.433s][info][gc,phases   ] GC(135)   Post Evacuate Collection Set: 0.46ms
[2026-07-01T02:15:20.450+0000][78.433s][info][gc,phases   ] GC(135)   Other: 0.06ms
[2026-07-01T02:15:20.450+0000][78.433s][info][gc,heap     ] GC(135) Eden regions: 106->0(105)
[2026-07-01T02:15:20.450+0000][78.433s][info][gc,heap     ] GC(135) Survivor regions: 7->7(15)
[2026-07-01T02:15:20.450+0000][78.433s][info][gc,heap     ] GC(135) Old regions: 173->174
[2026-07-01T02:15:20.450+0000][78.433s][info][gc,heap     ] GC(135) Humongous regions: 3->3
[2026-07-01T02:15:20.450+0000][78.433s][info][gc,metaspace] GC(135) Metaspace: 41717K(42560K)->41717K(42560K) NonClass: 36576K(36992K)->36576K(36992K) Class: 5141K(5568K)->5141K(5568K)
[2026-07-01T02:15:20.450+0000][78.434s][info][gc          ] GC(135) Pause Young (Normal) (G1 Evacuation Pause) 288M->183M(305M) 31.212ms
[2026-07-01T02:15:20.450+0000][78.434s][info][gc,cpu      ] GC(135) User=0.04s Sys=0.00s Real=0.03s
[2026-07-01T02:15:21.235+0000][79.218s][info][gc,start    ] GC(136) Pause Young (Concurrent Start) (G1 Evacuation Pause)
[2026-07-01T02:15:21.235+0000][79.218s][info][gc,task     ] GC(136) Using 2 workers of 2 for evacuation
[2026-07-01T02:15:21.256+0000][79.239s][info][gc,phases   ] GC(136)   Pre Evacuate Collection Set: 0.20ms
[2026-07-01T02:15:21.256+0000][79.239s][info][gc,phases   ] GC(136)   Merge Heap Roots: 0.30ms
[2026-07-01T02:15:21.256+0000][79.239s][info][gc,phases   ] GC(136)   Evacuate Collection Set: 19.82ms
[2026-07-01T02:15:21.256+0000][79.239s][info][gc,phases   ] GC(136)   Post Evacuate Collection Set: 0.46ms
[2026-07-01T02:15:21.256+0000][79.239s][info][gc,phases   ] GC(136)   Other: 0.10ms
[2026-07-01T02:15:21.256+0000][79.239s][info][gc,heap     ] GC(136) Eden regions: 105->0(105)
[2026-07-01T02:15:21.256+0000][79.239s][info][gc,heap     ] GC(136) Survivor regions: 7->7(14)
[2026-07-01T02:15:21.256+0000][79.239s][info][gc,heap     ] GC(136) Old regions: 174->174
[2026-07-01T02:15:21.256+0000][79.239s][info][gc,heap     ] GC(136) Humongous regions: 3->3
[2026-07-01T02:15:21.256+0000][79.239s][info][gc,metaspace] GC(136) Metaspace: 41717K(42560K)->41717K(42560K) NonClass: 36576K(36992K)->36576K(36992K) Class: 5141K(5568K)->5141K(5568K)
[2026-07-01T02:15:21.256+0000][79.239s][info][gc          ] GC(136) Pause Young (Concurrent Start) (G1 Evacuation Pause) 288M->183M(305M) 21.068ms
[2026-07-01T02:15:21.256+0000][79.239s][info][gc          ] GC(137) Concurrent Mark Cycle
[2026-07-01T02:15:21.256+0000][79.239s][info][gc,cpu      ] GC(136) User=0.04s Sys=0.00s Real=0.02s
[2026-07-01T02:15:21.256+0000][79.239s][info][gc,marking  ] GC(137) Concurrent Scan Root Regions
[2026-07-01T02:15:21.270+0000][79.254s][info][gc,marking  ] GC(137) Concurrent Scan Root Regions 14.604ms
[2026-07-01T02:15:21.270+0000][79.254s][info][gc,marking  ] GC(137) Concurrent Mark
[2026-07-01T02:15:21.270+0000][79.254s][info][gc,marking  ] GC(137) Concurrent Mark From Roots
[2026-07-01T02:15:21.270+0000][79.254s][info][gc,task     ] GC(137) Using 1 workers of 1 for marking
[2026-07-01T02:15:21.654+0000][79.638s][info][gc,marking  ] GC(137) Concurrent Mark From Roots 383.802ms
[2026-07-01T02:15:21.654+0000][79.638s][info][gc,marking  ] GC(137) Concurrent Preclean
[2026-07-01T02:15:21.654+0000][79.638s][info][gc,marking  ] GC(137) Concurrent Preclean 0.154ms
[2026-07-01T02:15:21.655+0000][79.638s][info][gc,start    ] GC(137) Pause Remark
[2026-07-01T02:15:21.664+0000][79.648s][info][gc          ] GC(137) Pause Remark 223M->223M(307M) 9.377ms
[2026-07-01T02:15:21.664+0000][79.648s][info][gc,cpu      ] GC(137) User=0.01s Sys=0.00s Real=0.01s
[2026-07-01T02:15:21.665+0000][79.648s][info][gc,marking  ] GC(137) Concurrent Mark 394.248ms
[2026-07-01T02:15:21.665+0000][79.648s][info][gc,marking  ] GC(137) Concurrent Rebuild Remembered Sets and Scrub Regions
[2026-07-01T02:15:21.795+0000][79.778s][info][gc,marking  ] GC(137) Concurrent Rebuild Remembered Sets and Scrub Regions 129.849ms
[2026-07-01T02:15:21.795+0000][79.778s][info][gc,start    ] GC(137) Pause Cleanup
[2026-07-01T02:15:21.795+0000][79.778s][info][gc          ] GC(137) Pause Cleanup 237M->237M(307M) 0.142ms
[2026-07-01T02:15:21.795+0000][79.778s][info][gc,cpu      ] GC(137) User=0.00s Sys=0.00s Real=0.00s
[2026-07-01T02:15:21.795+0000][79.779s][info][gc,marking  ] GC(137) Concurrent Clear Claimed Marks
[2026-07-01T02:15:21.795+0000][79.779s][info][gc,marking  ] GC(137) Concurrent Clear Claimed Marks 0.092ms
[2026-07-01T02:15:21.795+0000][79.779s][info][gc,marking  ] GC(137) Concurrent Cleanup for Next Mark
[2026-07-01T02:15:21.796+0000][79.779s][info][gc,marking  ] GC(137) Concurrent Cleanup for Next Mark 0.621ms
[2026-07-01T02:15:21.796+0000][79.779s][info][gc          ] GC(137) Concurrent Mark Cycle 539.995ms
[2026-07-01T02:15:22.199+0000][80.182s][info][gc,start    ] GC(138) Pause Young (Normal) (G1 Evacuation Pause)
[2026-07-01T02:15:22.199+0000][80.182s][info][gc,task     ] GC(138) Using 2 workers of 2 for evacuation
[2026-07-01T02:15:22.239+0000][80.222s][info][gc,phases   ] GC(138)   Pre Evacuate Collection Set: 0.21ms
[2026-07-01T02:15:22.239+0000][80.222s][info][gc,phases   ] GC(138)   Merge Heap Roots: 0.48ms
[2026-07-01T02:15:22.239+0000][80.222s][info][gc,phases   ] GC(138)   Evacuate Collection Set: 38.41ms
[2026-07-01T02:15:22.239+0000][80.222s][info][gc,phases   ] GC(138)   Post Evacuate Collection Set: 0.80ms
[2026-07-01T02:15:22.239+0000][80.222s][info][gc,phases   ] GC(138)   Other: 0.07ms
[2026-07-01T02:15:22.239+0000][80.222s][info][gc,heap     ] GC(138) Eden regions: 105->0(107)
[2026-07-01T02:15:22.239+0000][80.222s][info][gc,heap     ] GC(138) Survivor regions: 7->7(14)
[2026-07-01T02:15:22.239+0000][80.222s][info][gc,heap     ] GC(138) Old regions: 174->174
[2026-07-01T02:15:22.239+0000][80.222s][info][gc,heap     ] GC(138) Humongous regions: 3->3
[2026-07-01T02:15:22.239+0000][80.222s][info][gc,metaspace] GC(138) Metaspace: 41719K(42560K)->41719K(42560K) NonClass: 36578K(36992K)->36578K(36992K) Class: 5141K(5568K)->5141K(5568K)
[2026-07-01T02:15:22.239+0000][80.222s][info][gc          ] GC(138) Pause Young (Normal) (G1 Evacuation Pause) 288M->183M(307M) 40.157ms
[2026-07-01T02:15:22.239+0000][80.222s][info][gc,cpu      ] GC(138) User=0.04s Sys=0.00s Real=0.04s
[2026-07-01T02:15:23.039+0000][81.023s][info][gc,start    ] GC(139) Pause Young (Concurrent Start) (G1 Evacuation Pause)
[2026-07-01T02:15:23.039+0000][81.023s][info][gc,task     ] GC(139) Using 2 workers of 2 for evacuation
[2026-07-01T02:15:23.058+0000][81.042s][info][gc,phases   ] GC(139)   Pre Evacuate Collection Set: 0.17ms
[2026-07-01T02:15:23.058+0000][81.042s][info][gc,phases   ] GC(139)   Merge Heap Roots: 0.32ms
[2026-07-01T02:15:23.058+0000][81.042s][info][gc,phases   ] GC(139)   Evacuate Collection Set: 17.64ms
[2026-07-01T02:15:23.058+0000][81.042s][info][gc,phases   ] GC(139)   Post Evacuate Collection Set: 0.57ms
[2026-07-01T02:15:23.058+0000][81.042s][info][gc,phases   ] GC(139)   Other: 0.08ms
[2026-07-01T02:15:23.058+0000][81.042s][info][gc,heap     ] GC(139) Eden regions: 107->0(106)
[2026-07-01T02:15:23.058+0000][81.042s][info][gc,heap     ] GC(139) Survivor regions: 7->7(15)
[2026-07-01T02:15:23.058+0000][81.042s][info][gc,heap     ] GC(139) Old regions: 174->175
[2026-07-01T02:15:23.058+0000][81.042s][info][gc,heap     ] GC(139) Humongous regions: 3->3
[2026-07-01T02:15:23.058+0000][81.042s][info][gc,metaspace] GC(139) Metaspace: 41719K(42560K)->41719K(42560K) NonClass: 36578K(36992K)->36578K(36992K) Class: 5141K(5568K)->5141K(5568K)
[2026-07-01T02:15:23.058+0000][81.042s][info][gc          ] GC(139) Pause Young (Concurrent Start) (G1 Evacuation Pause) 290M->184M(307M) 18.978ms
[2026-07-01T02:15:23.058+0000][81.042s][info][gc          ] GC(140) Concurrent Mark Cycle
[2026-07-01T02:15:23.058+0000][81.042s][info][gc,cpu      ] GC(139) User=0.03s Sys=0.00s Real=0.02s
[2026-07-01T02:15:23.058+0000][81.042s][info][gc,marking  ] GC(140) Concurrent Scan Root Regions
[2026-07-01T02:15:23.074+0000][81.058s][info][gc,marking  ] GC(140) Concurrent Scan Root Regions 16.077ms
[2026-07-01T02:15:23.074+0000][81.058s][info][gc,marking  ] GC(140) Concurrent Mark
[2026-07-01T02:15:23.074+0000][81.058s][info][gc,marking  ] GC(140) Concurrent Mark From Roots
[2026-07-01T02:15:23.074+0000][81.058s][info][gc,task     ] GC(140) Using 1 workers of 1 for marking
[2026-07-01T02:15:23.490+0000][81.473s][info][gc,marking  ] GC(140) Concurrent Mark From Roots 415.331ms
[2026-07-01T02:15:23.490+0000][81.473s][info][gc,marking  ] GC(140) Concurrent Preclean
[2026-07-01T02:15:23.490+0000][81.474s][info][gc,marking  ] GC(140) Concurrent Preclean 0.162ms
[2026-07-01T02:15:23.490+0000][81.474s][info][gc,start    ] GC(140) Pause Remark
[2026-07-01T02:15:23.498+0000][81.482s][info][gc          ] GC(140) Pause Remark 239M->239M(309M) 8.248ms
[2026-07-01T02:15:23.498+0000][81.482s][info][gc,cpu      ] GC(140) User=0.01s Sys=0.00s Real=0.01s
[2026-07-01T02:15:23.501+0000][81.485s][info][gc,marking  ] GC(140) Concurrent Mark 426.830ms
[2026-07-01T02:15:23.501+0000][81.485s][info][gc,marking  ] GC(140) Concurrent Rebuild Remembered Sets and Scrub Regions
[2026-07-01T02:15:23.772+0000][81.756s][info][gc,start    ] GC(141) Pause Young (Normal) (G1 Evacuation Pause)
[2026-07-01T02:15:23.773+0000][81.756s][info][gc,task     ] GC(141) Using 2 workers of 2 for evacuation
[2026-07-01T02:15:23.787+0000][81.771s][info][gc,phases   ] GC(141)   Pre Evacuate Collection Set: 0.34ms
[2026-07-01T02:15:23.787+0000][81.771s][info][gc,phases   ] GC(141)   Merge Heap Roots: 0.68ms
[2026-07-01T02:15:23.787+0000][81.771s][info][gc,phases   ] GC(141)   Evacuate Collection Set: 13.35ms
[2026-07-01T02:15:23.787+0000][81.771s][info][gc,phases   ] GC(141)   Post Evacuate Collection Set: 0.45ms
[2026-07-01T02:15:23.787+0000][81.771s][info][gc,phases   ] GC(141)   Other: 0.06ms
[2026-07-01T02:15:23.787+0000][81.771s][info][gc,heap     ] GC(141) Eden regions: 106->0(108)
[2026-07-01T02:15:23.787+0000][81.771s][info][gc,heap     ] GC(141) Survivor regions: 7->7(15)
[2026-07-01T02:15:23.787+0000][81.771s][info][gc,heap     ] GC(141) Old regions: 175->175
[2026-07-01T02:15:23.787+0000][81.771s][info][gc,heap     ] GC(141) Humongous regions: 3->3
[2026-07-01T02:15:23.787+0000][81.771s][info][gc,metaspace] GC(141) Metaspace: 41719K(42560K)->41719K(42560K) NonClass: 36578K(36992K)->36578K(36992K) Class: 5141K(5568K)->5141K(5568K)
[2026-07-01T02:15:23.788+0000][81.771s][info][gc          ] GC(141) Pause Young (Normal) (G1 Evacuation Pause) 290M->184M(309M) 15.031ms
[2026-07-01T02:15:23.788+0000][81.771s][info][gc,cpu      ] GC(141) User=0.03s Sys=0.00s Real=0.01s
[2026-07-01T02:15:23.797+0000][81.781s][info][gc,marking  ] GC(140) Concurrent Rebuild Remembered Sets and Scrub Regions 296.139ms
[2026-07-01T02:15:23.798+0000][81.781s][info][gc,start    ] GC(140) Pause Cleanup
[2026-07-01T02:15:23.799+0000][81.782s][info][gc          ] GC(140) Pause Cleanup 187M->187M(309M) 0.964ms
[2026-07-01T02:15:23.799+0000][81.782s][info][gc,cpu      ] GC(140) User=0.00s Sys=0.00s Real=0.01s
[2026-07-01T02:15:23.800+0000][81.784s][info][gc,marking  ] GC(140) Concurrent Clear Claimed Marks
[2026-07-01T02:15:23.801+0000][81.785s][info][gc,marking  ] GC(140) Concurrent Clear Claimed Marks 0.876ms
[2026-07-01T02:15:23.801+0000][81.785s][info][gc,marking  ] GC(140) Concurrent Cleanup for Next Mark
[2026-07-01T02:15:23.803+0000][81.787s][info][gc,marking  ] GC(140) Concurrent Cleanup for Next Mark 1.682ms
[2026-07-01T02:15:23.803+0000][81.787s][info][gc          ] GC(140) Concurrent Mark Cycle 744.689ms
[2026-07-01T02:15:24.287+0000][82.270s][info][gc,start    ] GC(142) Pause Young (Normal) (G1 Evacuation Pause)
[2026-07-01T02:15:24.287+0000][82.270s][info][gc,task     ] GC(142) Using 2 workers of 2 for evacuation
[2026-07-01T02:15:24.301+0000][82.284s][info][gc,phases   ] GC(142)   Pre Evacuate Collection Set: 0.18ms
[2026-07-01T02:15:24.301+0000][82.284s][info][gc,phases   ] GC(142)   Merge Heap Roots: 0.41ms
[2026-07-01T02:15:24.301+0000][82.284s][info][gc,phases   ] GC(142)   Evacuate Collection Set: 13.04ms
[2026-07-01T02:15:24.301+0000][82.284s][info][gc,phases   ] GC(142)   Post Evacuate Collection Set: 0.38ms
[2026-07-01T02:15:24.301+0000][82.284s][info][gc,phases   ] GC(142)   Other: 0.06ms
[2026-07-01T02:15:24.301+0000][82.284s][info][gc,heap     ] GC(142) Eden regions: 108->0(108)
[2026-07-01T02:15:24.301+0000][82.284s][info][gc,heap     ] GC(142) Survivor regions: 7->7(15)
[2026-07-01T02:15:24.301+0000][82.284s][info][gc,heap     ] GC(142) Old regions: 175->175
[2026-07-01T02:15:24.301+0000][82.284s][info][gc,heap     ] GC(142) Humongous regions: 3->3
[2026-07-01T02:15:24.301+0000][82.284s][info][gc,metaspace] GC(142) Metaspace: 41719K(42560K)->41719K(42560K) NonClass: 36578K(36992K)->36578K(36992K) Class: 5141K(5568K)->5141K(5568K)
[2026-07-01T02:15:24.301+0000][82.284s][info][gc          ] GC(142) Pause Young (Normal) (G1 Evacuation Pause) 292M->184M(309M) 14.217ms
[2026-07-01T02:15:24.301+0000][82.284s][info][gc,cpu      ] GC(142) User=0.02s Sys=0.00s Real=0.02s
[2026-07-01T02:15:24.793+0000][82.776s][info][gc,start    ] GC(143) Pause Young (Concurrent Start) (G1 Evacuation Pause)
[2026-07-01T02:15:24.793+0000][82.777s][info][gc,task     ] GC(143) Using 2 workers of 2 for evacuation
[2026-07-01T02:15:24.808+0000][82.791s][info][gc,phases   ] GC(143)   Pre Evacuate Collection Set: 0.20ms
[2026-07-01T02:15:24.808+0000][82.791s][info][gc,phases   ] GC(143)   Merge Heap Roots: 0.34ms
[2026-07-01T02:15:24.808+0000][82.791s][info][gc,phases   ] GC(143)   Evacuate Collection Set: 13.58ms
[2026-07-01T02:15:24.808+0000][82.791s][info][gc,phases   ] GC(143)   Post Evacuate Collection Set: 0.40ms
[2026-07-01T02:15:24.808+0000][82.791s][info][gc,phases   ] GC(143)   Other: 0.09ms
[2026-07-01T02:15:24.808+0000][82.791s][info][gc,heap     ] GC(143) Eden regions: 108->0(107)
[2026-07-01T02:15:24.808+0000][82.791s][info][gc,heap     ] GC(143) Survivor regions: 7->7(15)
[2026-07-01T02:15:24.808+0000][82.791s][info][gc,heap     ] GC(143) Old regions: 175->176
[2026-07-01T02:15:24.808+0000][82.791s][info][gc,heap     ] GC(143) Humongous regions: 3->3
[2026-07-01T02:15:24.808+0000][82.791s][info][gc,metaspace] GC(143) Metaspace: 41719K(42560K)->41719K(42560K) NonClass: 36578K(36992K)->36578K(36992K) Class: 5141K(5568K)->5141K(5568K)
[2026-07-01T02:15:24.808+0000][82.791s][info][gc          ] GC(143) Pause Young (Concurrent Start) (G1 Evacuation Pause) 292M->185M(309M) 14.776ms
[2026-07-01T02:15:24.808+0000][82.791s][info][gc          ] GC(144) Concurrent Mark Cycle
[2026-07-01T02:15:24.808+0000][82.791s][info][gc,marking  ] GC(144) Concurrent Scan Root Regions
[2026-07-01T02:15:24.808+0000][82.791s][info][gc,cpu      ] GC(143) User=0.03s Sys=0.00s Real=0.01s
[2026-07-01T02:15:24.819+0000][82.802s][info][gc,marking  ] GC(144) Concurrent Scan Root Regions 11.143ms
[2026-07-01T02:15:24.819+0000][82.802s][info][gc,marking  ] GC(144) Concurrent Mark
[2026-07-01T02:15:24.819+0000][82.802s][info][gc,marking  ] GC(144) Concurrent Mark From Roots
[2026-07-01T02:15:24.819+0000][82.802s][info][gc,task     ] GC(144) Using 1 workers of 1 for marking
[2026-07-01T02:15:25.426+0000][83.409s][info][gc,start    ] GC(145) Pause Young (Normal) (G1 Evacuation Pause)
[2026-07-01T02:15:25.426+0000][83.409s][info][gc,task     ] GC(145) Using 2 workers of 2 for evacuation
[2026-07-01T02:15:25.444+0000][83.427s][info][gc,phases   ] GC(145)   Pre Evacuate Collection Set: 0.18ms
[2026-07-01T02:15:25.444+0000][83.427s][info][gc,phases   ] GC(145)   Merge Heap Roots: 0.26ms
[2026-07-01T02:15:25.444+0000][83.427s][info][gc,phases   ] GC(145)   Evacuate Collection Set: 17.12ms
[2026-07-01T02:15:25.444+0000][83.427s][info][gc,phases   ] GC(145)   Post Evacuate Collection Set: 0.35ms
[2026-07-01T02:15:25.444+0000][83.427s][info][gc,phases   ] GC(145)   Other: 0.06ms
[2026-07-01T02:15:25.444+0000][83.427s][info][gc,heap     ] GC(145) Eden regions: 107->0(107)
[2026-07-01T02:15:25.444+0000][83.427s][info][gc,heap     ] GC(145) Survivor regions: 7->7(15)
[2026-07-01T02:15:25.444+0000][83.427s][info][gc,heap     ] GC(145) Old regions: 176->176
[2026-07-01T02:15:25.444+0000][83.427s][info][gc,heap     ] GC(145) Humongous regions: 3->3
[2026-07-01T02:15:25.444+0000][83.427s][info][gc,metaspace] GC(145) Metaspace: 41719K(42560K)->41719K(42560K) NonClass: 36578K(36992K)->36578K(36992K) Class: 5141K(5568K)->5141K(5568K)
[2026-07-01T02:15:25.444+0000][83.427s][info][gc          ] GC(145) Pause Young (Normal) (G1 Evacuation Pause) 292M->185M(309M) 18.131ms
[2026-07-01T02:15:25.444+0000][83.427s][info][gc,cpu      ] GC(145) User=0.04s Sys=0.00s Real=0.02s
[2026-07-01T02:15:25.480+0000][83.464s][info][gc,marking  ] GC(144) Concurrent Mark From Roots 661.084ms
[2026-07-01T02:15:25.480+0000][83.464s][info][gc,marking  ] GC(144) Concurrent Preclean
[2026-07-01T02:15:25.481+0000][83.465s][info][gc,marking  ] GC(144) Concurrent Preclean 0.811ms
[2026-07-01T02:15:25.481+0000][83.465s][info][gc,start    ] GC(144) Pause Remark
[2026-07-01T02:15:25.488+0000][83.471s][info][gc          ] GC(144) Pause Remark 194M->194M(310M) 6.595ms
[2026-07-01T02:15:25.488+0000][83.471s][info][gc,cpu      ] GC(144) User=0.01s Sys=0.00s Real=0.00s
[2026-07-01T02:15:25.489+0000][83.473s][info][gc,marking  ] GC(144) Concurrent Mark 670.579ms
[2026-07-01T02:15:25.490+0000][83.473s][info][gc,marking  ] GC(144) Concurrent Rebuild Remembered Sets and Scrub Regions
[2026-07-01T02:15:25.695+0000][83.679s][info][gc,marking  ] GC(144) Concurrent Rebuild Remembered Sets and Scrub Regions 205.786ms
[2026-07-01T02:15:25.696+0000][83.679s][info][gc,start    ] GC(144) Pause Cleanup
[2026-07-01T02:15:25.696+0000][83.679s][info][gc          ] GC(144) Pause Cleanup 233M->233M(310M) 0.290ms
[2026-07-01T02:15:25.696+0000][83.680s][info][gc,cpu      ] GC(144) User=0.00s Sys=0.00s Real=0.00s
[2026-07-01T02:15:25.698+0000][83.682s][info][gc,marking  ] GC(144) Concurrent Clear Claimed Marks
[2026-07-01T02:15:25.699+0000][83.682s][info][gc,marking  ] GC(144) Concurrent Clear Claimed Marks 0.355ms
[2026-07-01T02:15:25.699+0000][83.682s][info][gc,marking  ] GC(144) Concurrent Cleanup for Next Mark
[2026-07-01T02:15:25.699+0000][83.683s][info][gc,marking  ] GC(144) Concurrent Cleanup for Next Mark 0.681ms
[2026-07-01T02:15:25.700+0000][83.683s][info][gc          ] GC(144) Concurrent Mark Cycle 891.909ms
[2026-07-01T02:15:25.968+0000][83.952s][info][gc,start    ] GC(146) Pause Young (Normal) (G1 Evacuation Pause)
[2026-07-01T02:15:25.969+0000][83.952s][info][gc,task     ] GC(146) Using 2 workers of 2 for evacuation
[2026-07-01T02:15:25.988+0000][83.972s][info][gc,phases   ] GC(146)   Pre Evacuate Collection Set: 0.17ms
[2026-07-01T02:15:25.988+0000][83.972s][info][gc,phases   ] GC(146)   Merge Heap Roots: 0.77ms
[2026-07-01T02:15:25.988+0000][83.972s][info][gc,phases   ] GC(146)   Evacuate Collection Set: 18.10ms
[2026-07-01T02:15:25.988+0000][83.972s][info][gc,phases   ] GC(146)   Post Evacuate Collection Set: 0.43ms
[2026-07-01T02:15:25.988+0000][83.972s][info][gc,phases   ] GC(146)   Other: 0.07ms
[2026-07-01T02:15:25.988+0000][83.972s][info][gc,heap     ] GC(146) Eden regions: 107->0(108)
[2026-07-01T02:15:25.988+0000][83.972s][info][gc,heap     ] GC(146) Survivor regions: 7->7(15)
[2026-07-01T02:15:25.988+0000][83.972s][info][gc,heap     ] GC(146) Old regions: 176->176
[2026-07-01T02:15:25.988+0000][83.972s][info][gc,heap     ] GC(146) Humongous regions: 3->3
[2026-07-01T02:15:25.988+0000][83.972s][info][gc,metaspace] GC(146) Metaspace: 41719K(42560K)->41719K(42560K) NonClass: 36578K(36992K)->36578K(36992K) Class: 5141K(5568K)->5141K(5568K)
[2026-07-01T02:15:25.988+0000][83.972s][info][gc          ] GC(146) Pause Young (Normal) (G1 Evacuation Pause) 292M->185M(310M) 19.751ms
[2026-07-01T02:15:25.988+0000][83.972s][info][gc,cpu      ] GC(146) User=0.03s Sys=0.00s Real=0.02s
[2026-07-01T02:15:26.476+0000][84.459s][info][gc,start    ] GC(147) Pause Young (Concurrent Start) (G1 Evacuation Pause)
[2026-07-01T02:15:26.476+0000][84.459s][info][gc,task     ] GC(147) Using 2 workers of 2 for evacuation
[2026-07-01T02:15:26.489+0000][84.473s][info][gc,phases   ] GC(147)   Pre Evacuate Collection Set: 0.15ms
[2026-07-01T02:15:26.489+0000][84.473s][info][gc,phases   ] GC(147)   Merge Heap Roots: 0.22ms
[2026-07-01T02:15:26.489+0000][84.473s][info][gc,phases   ] GC(147)   Evacuate Collection Set: 12.84ms
[2026-07-01T02:15:26.489+0000][84.473s][info][gc,phases   ] GC(147)   Post Evacuate Collection Set: 0.40ms
[2026-07-01T02:15:26.489+0000][84.473s][info][gc,phases   ] GC(147)   Other: 0.08ms
[2026-07-01T02:15:26.489+0000][84.473s][info][gc,heap     ] GC(147) Eden regions: 108->0(106)
[2026-07-01T02:15:26.489+0000][84.473s][info][gc,heap     ] GC(147) Survivor regions: 7->8(15)
[2026-07-01T02:15:26.489+0000][84.473s][info][gc,heap     ] GC(147) Old regions: 176->177
[2026-07-01T02:15:26.489+0000][84.473s][info][gc,heap     ] GC(147) Humongous regions: 3->3
[2026-07-01T02:15:26.489+0000][84.473s][info][gc,metaspace] GC(147) Metaspace: 41719K(42560K)->41719K(42560K) NonClass: 36578K(36992K)->36578K(36992K) Class: 5141K(5568K)->5141K(5568K)
[2026-07-01T02:15:26.489+0000][84.473s][info][gc          ] GC(147) Pause Young (Concurrent Start) (G1 Evacuation Pause) 293M->186M(310M) 13.851ms
[2026-07-01T02:15:26.489+0000][84.473s][info][gc          ] GC(148) Concurrent Mark Cycle
[2026-07-01T02:15:26.489+0000][84.473s][info][gc,marking  ] GC(148) Concurrent Scan Root Regions
[2026-07-01T02:15:26.489+0000][84.473s][info][gc,cpu      ] GC(147) User=0.03s Sys=0.00s Real=0.02s
[2026-07-01T02:15:26.510+0000][84.494s][info][gc,marking  ] GC(148) Concurrent Scan Root Regions 21.039ms
[2026-07-01T02:15:26.511+0000][84.494s][info][gc,marking  ] GC(148) Concurrent Mark
[2026-07-01T02:15:26.511+0000][84.494s][info][gc,marking  ] GC(148) Concurrent Mark From Roots
[2026-07-01T02:15:26.511+0000][84.494s][info][gc,task     ] GC(148) Using 1 workers of 1 for marking
[2026-07-01T02:15:27.064+0000][85.048s][info][gc,start    ] GC(149) Pause Young (Normal) (G1 Evacuation Pause)
[2026-07-01T02:15:27.064+0000][85.048s][info][gc,task     ] GC(149) Using 2 workers of 2 for evacuation
[2026-07-01T02:15:27.078+0000][85.062s][info][gc,phases   ] GC(149)   Pre Evacuate Collection Set: 0.21ms
[2026-07-01T02:15:27.078+0000][85.062s][info][gc,phases   ] GC(149)   Merge Heap Roots: 0.38ms
[2026-07-01T02:15:27.078+0000][85.062s][info][gc,phases   ] GC(149)   Evacuate Collection Set: 13.04ms
[2026-07-01T02:15:27.078+0000][85.062s][info][gc,phases   ] GC(149)   Post Evacuate Collection Set: 0.36ms
[2026-07-01T02:15:27.078+0000][85.062s][info][gc,phases   ] GC(149)   Other: 0.06ms
[2026-07-01T02:15:27.078+0000][85.062s][info][gc,heap     ] GC(149) Eden regions: 106->0(107)
[2026-07-01T02:15:27.078+0000][85.062s][info][gc,heap     ] GC(149) Survivor regions: 8->7(15)
[2026-07-01T02:15:27.078+0000][85.062s][info][gc,heap     ] GC(149) Old regions: 177->177
[2026-07-01T02:15:27.078+0000][85.062s][info][gc,heap     ] GC(149) Humongous regions: 3->3
[2026-07-01T02:15:27.078+0000][85.062s][info][gc,metaspace] GC(149) Metaspace: 41719K(42560K)->41719K(42560K) NonClass: 36578K(36992K)->36578K(36992K) Class: 5141K(5568K)->5141K(5568K)
[2026-07-01T02:15:27.079+0000][85.062s][info][gc          ] GC(149) Pause Young (Normal) (G1 Evacuation Pause) 292M->186M(310M) 14.211ms
[2026-07-01T02:15:27.079+0000][85.062s][info][gc,cpu      ] GC(149) User=0.03s Sys=0.00s Real=0.02s
[2026-07-01T02:15:27.118+0000][85.102s][info][gc,marking  ] GC(148) Concurrent Mark From Roots 607.609ms
[2026-07-01T02:15:27.118+0000][85.102s][info][gc,marking  ] GC(148) Concurrent Preclean
[2026-07-01T02:15:27.118+0000][85.102s][info][gc,marking  ] GC(148) Concurrent Preclean 0.117ms
[2026-07-01T02:15:27.118+0000][85.102s][info][gc,start    ] GC(148) Pause Remark
[2026-07-01T02:15:27.124+0000][85.107s][info][gc          ] GC(148) Pause Remark 194M->194M(312M) 5.536ms
[2026-07-01T02:15:27.124+0000][85.108s][info][gc,cpu      ] GC(148) User=0.01s Sys=0.00s Real=0.00s
[2026-07-01T02:15:27.128+0000][85.111s][info][gc,marking  ] GC(148) Concurrent Mark 617.298ms
[2026-07-01T02:15:27.128+0000][85.111s][info][gc,marking  ] GC(148) Concurrent Rebuild Remembered Sets and Scrub Regions
[2026-07-01T02:15:27.418+0000][85.402s][info][gc,marking  ] GC(148) Concurrent Rebuild Remembered Sets and Scrub Regions 290.448ms
[2026-07-01T02:15:27.419+0000][85.402s][info][gc,start    ] GC(148) Pause Cleanup
[2026-07-01T02:15:27.419+0000][85.403s][info][gc          ] GC(148) Pause Cleanup 252M->252M(312M) 0.182ms
[2026-07-01T02:15:27.419+0000][85.403s][info][gc,cpu      ] GC(148) User=0.00s Sys=0.00s Real=0.00s
[2026-07-01T02:15:27.420+0000][85.403s][info][gc,marking  ] GC(148) Concurrent Clear Claimed Marks
[2026-07-01T02:15:27.420+0000][85.403s][info][gc,marking  ] GC(148) Concurrent Clear Claimed Marks 0.154ms
[2026-07-01T02:15:27.420+0000][85.403s][info][gc,marking  ] GC(148) Concurrent Cleanup for Next Mark
[2026-07-01T02:15:27.422+0000][85.406s][info][gc,marking  ] GC(148) Concurrent Cleanup for Next Mark 2.253ms
[2026-07-01T02:15:27.422+0000][85.406s][info][gc          ] GC(148) Concurrent Mark Cycle 932.661ms
[2026-07-01T02:15:27.597+0000][85.580s][info][gc,start    ] GC(150) Pause Young (Normal) (G1 Evacuation Pause)
[2026-07-01T02:15:27.597+0000][85.580s][info][gc,task     ] GC(150) Using 2 workers of 2 for evacuation
[2026-07-01T02:15:27.610+0000][85.593s][info][gc,phases   ] GC(150)   Pre Evacuate Collection Set: 0.12ms
[2026-07-01T02:15:27.610+0000][85.593s][info][gc,phases   ] GC(150)   Merge Heap Roots: 0.36ms
[2026-07-01T02:15:27.610+0000][85.593s][info][gc,phases   ] GC(150)   Evacuate Collection Set: 11.96ms
[2026-07-01T02:15:27.610+0000][85.593s][info][gc,phases   ] GC(150)   Post Evacuate Collection Set: 0.39ms
[2026-07-01T02:15:27.610+0000][85.593s][info][gc,phases   ] GC(150)   Other: 0.05ms
[2026-07-01T02:15:27.610+0000][85.593s][info][gc,heap     ] GC(150) Eden regions: 106->0(108)
[2026-07-01T02:15:27.610+0000][85.593s][info][gc,heap     ] GC(150) Survivor regions: 7->7(15)
[2026-07-01T02:15:27.610+0000][85.593s][info][gc,heap     ] GC(150) Old regions: 177->177
[2026-07-01T02:15:27.610+0000][85.593s][info][gc,heap     ] GC(150) Humongous regions: 3->3
[2026-07-01T02:15:27.610+0000][85.593s][info][gc,metaspace] GC(150) Metaspace: 41719K(42560K)->41719K(42560K) NonClass: 36578K(36992K)->36578K(36992K) Class: 5141K(5568K)->5141K(5568K)
[2026-07-01T02:15:27.610+0000][85.593s][info][gc          ] GC(150) Pause Young (Normal) (G1 Evacuation Pause) 292M->186M(312M) 13.055ms
[2026-07-01T02:15:27.610+0000][85.593s][info][gc,cpu      ] GC(150) User=0.03s Sys=0.00s Real=0.02s
[2026-07-01T02:15:28.103+0000][86.087s][info][gc,start    ] GC(151) Pause Young (Concurrent Start) (G1 Evacuation Pause)
[2026-07-01T02:15:28.103+0000][86.087s][info][gc,task     ] GC(151) Using 2 workers of 2 for evacuation
[2026-07-01T02:15:28.117+0000][86.101s][info][gc,phases   ] GC(151)   Pre Evacuate Collection Set: 0.18ms
[2026-07-01T02:15:28.117+0000][86.101s][info][gc,phases   ] GC(151)   Merge Heap Roots: 0.32ms
[2026-07-01T02:15:28.117+0000][86.101s][info][gc,phases   ] GC(151)   Evacuate Collection Set: 12.62ms
[2026-07-01T02:15:28.117+0000][86.101s][info][gc,phases   ] GC(151)   Post Evacuate Collection Set: 0.38ms
[2026-07-01T02:15:28.117+0000][86.101s][info][gc,phases   ] GC(151)   Other: 0.08ms
[2026-07-01T02:15:28.117+0000][86.101s][info][gc,heap     ] GC(151) Eden regions: 108->0(107)
[2026-07-01T02:15:28.117+0000][86.101s][info][gc,heap     ] GC(151) Survivor regions: 7->7(15)
[2026-07-01T02:15:28.117+0000][86.101s][info][gc,heap     ] GC(151) Old regions: 177->178
[2026-07-01T02:15:28.117+0000][86.101s][info][gc,heap     ] GC(151) Humongous regions: 3->3
[2026-07-01T02:15:28.117+0000][86.101s][info][gc,metaspace] GC(151) Metaspace: 41727K(42560K)->41727K(42560K) NonClass: 36585K(36992K)->36585K(36992K) Class: 5141K(5568K)->5141K(5568K)
[2026-07-01T02:15:28.117+0000][86.101s][info][gc          ] GC(151) Pause Young (Concurrent Start) (G1 Evacuation Pause) 294M->187M(312M) 13.772ms
[2026-07-01T02:15:28.117+0000][86.101s][info][gc          ] GC(152) Concurrent Mark Cycle
[2026-07-01T02:15:28.117+0000][86.101s][info][gc,cpu      ] GC(151) User=0.03s Sys=0.00s Real=0.01s
[2026-07-01T02:15:28.117+0000][86.101s][info][gc,marking  ] GC(152) Concurrent Scan Root Regions
[2026-07-01T02:15:28.137+0000][86.120s][info][gc,marking  ] GC(152) Concurrent Scan Root Regions 19.386ms
[2026-07-01T02:15:28.137+0000][86.120s][info][gc,marking  ] GC(152) Concurrent Mark
[2026-07-01T02:15:28.137+0000][86.120s][info][gc,marking  ] GC(152) Concurrent Mark From Roots
[2026-07-01T02:15:28.137+0000][86.120s][info][gc,task     ] GC(152) Using 1 workers of 1 for marking
[2026-07-01T02:15:28.703+0000][86.687s][info][gc,start    ] GC(153) Pause Young (Normal) (G1 Evacuation Pause)
[2026-07-01T02:15:28.703+0000][86.687s][info][gc,task     ] GC(153) Using 2 workers of 2 for evacuation
[2026-07-01T02:15:28.723+0000][86.706s][info][gc,phases   ] GC(153)   Pre Evacuate Collection Set: 0.19ms
[2026-07-01T02:15:28.723+0000][86.706s][info][gc,phases   ] GC(153)   Merge Heap Roots: 0.35ms
[2026-07-01T02:15:28.723+0000][86.706s][info][gc,phases   ] GC(153)   Evacuate Collection Set: 18.29ms
[2026-07-01T02:15:28.723+0000][86.706s][info][gc,phases   ] GC(153)   Post Evacuate Collection Set: 0.42ms
[2026-07-01T02:15:28.723+0000][86.706s][info][gc,phases   ] GC(153)   Other: 0.07ms
[2026-07-01T02:15:28.723+0000][86.706s][info][gc,heap     ] GC(153) Eden regions: 107->0(107)
[2026-07-01T02:15:28.723+0000][86.706s][info][gc,heap     ] GC(153) Survivor regions: 7->7(15)
[2026-07-01T02:15:28.723+0000][86.706s][info][gc,heap     ] GC(153) Old regions: 178->178
[2026-07-01T02:15:28.723+0000][86.706s][info][gc,heap     ] GC(153) Humongous regions: 3->3
[2026-07-01T02:15:28.723+0000][86.706s][info][gc,metaspace] GC(153) Metaspace: 41727K(42560K)->41727K(42560K) NonClass: 36585K(36992K)->36585K(36992K) Class: 5141K(5568K)->5141K(5568K)
[2026-07-01T02:15:28.723+0000][86.706s][info][gc          ] GC(153) Pause Young (Normal) (G1 Evacuation Pause) 294M->187M(312M) 19.491ms
[2026-07-01T02:15:28.723+0000][86.706s][info][gc,cpu      ] GC(153) User=0.04s Sys=0.00s Real=0.02s
[2026-07-01T02:15:28.730+0000][86.713s][info][gc,marking  ] GC(152) Concurrent Mark From Roots 593.133ms
[2026-07-01T02:15:28.730+0000][86.713s][info][gc,marking  ] GC(152) Concurrent Preclean
[2026-07-01T02:15:28.730+0000][86.714s][info][gc,marking  ] GC(152) Concurrent Preclean 0.380ms
[2026-07-01T02:15:28.730+0000][86.714s][info][gc,start    ] GC(152) Pause Remark
[2026-07-01T02:15:28.736+0000][86.720s][info][gc          ] GC(152) Pause Remark 189M->189M(314M) 5.872ms
[2026-07-01T02:15:28.736+0000][86.720s][info][gc,cpu      ] GC(152) User=0.01s Sys=0.00s Real=0.00s
[2026-07-01T02:15:28.737+0000][86.721s][info][gc,marking  ] GC(152) Concurrent Mark 600.839ms
[2026-07-01T02:15:28.737+0000][86.721s][info][gc,marking  ] GC(152) Concurrent Rebuild Remembered Sets and Scrub Regions
[2026-07-01T02:15:28.882+0000][86.866s][info][gc,marking  ] GC(152) Concurrent Rebuild Remembered Sets and Scrub Regions 144.777ms
[2026-07-01T02:15:28.883+0000][86.866s][info][gc,start    ] GC(152) Pause Cleanup
[2026-07-01T02:15:28.883+0000][86.866s][info][gc          ] GC(152) Pause Cleanup 215M->215M(314M) 0.171ms
[2026-07-01T02:15:28.883+0000][86.866s][info][gc,cpu      ] GC(152) User=0.00s Sys=0.00s Real=0.00s
[2026-07-01T02:15:28.883+0000][86.867s][info][gc,marking  ] GC(152) Concurrent Clear Claimed Marks
[2026-07-01T02:15:28.884+0000][86.867s][info][gc,marking  ] GC(152) Concurrent Clear Claimed Marks 0.094ms
[2026-07-01T02:15:28.884+0000][86.867s][info][gc,marking  ] GC(152) Concurrent Cleanup for Next Mark
[2026-07-01T02:15:28.884+0000][86.868s][info][gc,marking  ] GC(152) Concurrent Cleanup for Next Mark 0.620ms
[2026-07-01T02:15:28.884+0000][86.868s][info][gc          ] GC(152) Concurrent Mark Cycle 767.073ms
[2026-07-01T02:15:29.241+0000][87.225s][info][gc,start    ] GC(154) Pause Young (Prepare Mixed) (G1 Evacuation Pause)
[2026-07-01T02:15:29.241+0000][87.225s][info][gc,task     ] GC(154) Using 2 workers of 2 for evacuation
[2026-07-01T02:15:29.254+0000][87.238s][info][gc,phases   ] GC(154)   Pre Evacuate Collection Set: 0.14ms
[2026-07-01T02:15:29.254+0000][87.238s][info][gc,phases   ] GC(154)   Merge Heap Roots: 0.35ms
[2026-07-01T02:15:29.254+0000][87.238s][info][gc,phases   ] GC(154)   Evacuate Collection Set: 12.12ms
[2026-07-01T02:15:29.254+0000][87.238s][info][gc,phases   ] GC(154)   Post Evacuate Collection Set: 0.39ms
[2026-07-01T02:15:29.255+0000][87.238s][info][gc,phases   ] GC(154)   Other: 0.05ms
[2026-07-01T02:15:29.255+0000][87.238s][info][gc,heap     ] GC(154) Eden regions: 107->0(109)
[2026-07-01T02:15:29.255+0000][87.238s][info][gc,heap     ] GC(154) Survivor regions: 7->7(15)
[2026-07-01T02:15:29.255+0000][87.238s][info][gc,heap     ] GC(154) Old regions: 178->178
[2026-07-01T02:15:29.255+0000][87.238s][info][gc,heap     ] GC(154) Humongous regions: 3->3
[2026-07-01T02:15:29.255+0000][87.238s][info][gc,metaspace] GC(154) Metaspace: 41733K(42560K)->41733K(42560K) NonClass: 36591K(36992K)->36591K(36992K) Class: 5141K(5568K)->5141K(5568K)
[2026-07-01T02:15:29.255+0000][87.238s][info][gc          ] GC(154) Pause Young (Prepare Mixed) (G1 Evacuation Pause) 294M->187M(314M) 13.202ms
[2026-07-01T02:15:29.255+0000][87.238s][info][gc,cpu      ] GC(154) User=0.03s Sys=0.00s Real=0.01s
[2026-07-01T02:15:29.741+0000][87.725s][info][gc,start    ] GC(155) Pause Young (Mixed) (G1 Evacuation Pause)
[2026-07-01T02:15:29.741+0000][87.725s][info][gc,task     ] GC(155) Using 2 workers of 2 for evacuation
[2026-07-01T02:15:29.757+0000][87.740s][info][gc,phases   ] GC(155)   Pre Evacuate Collection Set: 0.21ms
[2026-07-01T02:15:29.757+0000][87.740s][info][gc,phases   ] GC(155)   Merge Heap Roots: 0.32ms
[2026-07-01T02:15:29.757+0000][87.740s][info][gc,phases   ] GC(155)   Evacuate Collection Set: 14.41ms
[2026-07-01T02:15:29.757+0000][87.740s][info][gc,phases   ] GC(155)   Post Evacuate Collection Set: 0.35ms
[2026-07-01T02:15:29.757+0000][87.740s][info][gc,phases   ] GC(155)   Other: 0.06ms
[2026-07-01T02:15:29.757+0000][87.740s][info][gc,heap     ] GC(155) Eden regions: 109->0(107)
[2026-07-01T02:15:29.757+0000][87.740s][info][gc,heap     ] GC(155) Survivor regions: 7->8(15)
[2026-07-01T02:15:29.757+0000][87.740s][info][gc,heap     ] GC(155) Old regions: 178->179
[2026-07-01T02:15:29.757+0000][87.740s][info][gc,heap     ] GC(155) Humongous regions: 3->3
[2026-07-01T02:15:29.757+0000][87.740s][info][gc,metaspace] GC(155) Metaspace: 41733K(42560K)->41733K(42560K) NonClass: 36591K(36992K)->36591K(36992K) Class: 5141K(5568K)->5141K(5568K)
[2026-07-01T02:15:29.757+0000][87.740s][info][gc          ] GC(155) Pause Young (Mixed) (G1 Evacuation Pause) 296M->188M(314M) 15.521ms
[2026-07-01T02:15:29.757+0000][87.741s][info][gc,cpu      ] GC(155) User=0.02s Sys=0.01s Real=0.01s
[2026-07-01T02:15:30.245+0000][88.228s][info][gc,start    ] GC(156) Pause Young (Concurrent Start) (G1 Evacuation Pause)
[2026-07-01T02:15:30.245+0000][88.229s][info][gc,task     ] GC(156) Using 2 workers of 2 for evacuation
[2026-07-01T02:15:30.263+0000][88.247s][info][gc,phases   ] GC(156)   Pre Evacuate Collection Set: 0.20ms
[2026-07-01T02:15:30.263+0000][88.247s][info][gc,phases   ] GC(156)   Merge Heap Roots: 0.41ms
[2026-07-01T02:15:30.263+0000][88.247s][info][gc,phases   ] GC(156)   Evacuate Collection Set: 17.07ms
[2026-07-01T02:15:30.263+0000][88.247s][info][gc,phases   ] GC(156)   Post Evacuate Collection Set: 0.39ms
[2026-07-01T02:15:30.263+0000][88.247s][info][gc,phases   ] GC(156)   Other: 0.08ms
[2026-07-01T02:15:30.263+0000][88.247s][info][gc,heap     ] GC(156) Eden regions: 107->0(108)
[2026-07-01T02:15:30.263+0000][88.247s][info][gc,heap     ] GC(156) Survivor regions: 8->7(15)
[2026-07-01T02:15:30.263+0000][88.247s][info][gc,heap     ] GC(156) Old regions: 179->179
[2026-07-01T02:15:30.263+0000][88.247s][info][gc,heap     ] GC(156) Humongous regions: 3->3
[2026-07-01T02:15:30.263+0000][88.247s][info][gc,metaspace] GC(156) Metaspace: 41733K(42560K)->41733K(42560K) NonClass: 36591K(36992K)->36591K(36992K) Class: 5141K(5568K)->5141K(5568K)
[2026-07-01T02:15:30.263+0000][88.247s][info][gc          ] GC(156) Pause Young (Concurrent Start) (G1 Evacuation Pause) 295M->188M(314M) 18.304ms
[2026-07-01T02:15:30.263+0000][88.247s][info][gc          ] GC(157) Concurrent Mark Cycle
[2026-07-01T02:15:30.263+0000][88.247s][info][gc,cpu      ] GC(156) User=0.03s Sys=0.00s Real=0.02s
[2026-07-01T02:15:30.263+0000][88.247s][info][gc,marking  ] GC(157) Concurrent Scan Root Regions
[2026-07-01T02:15:30.294+0000][88.278s][info][gc,marking  ] GC(157) Concurrent Scan Root Regions 31.121ms
[2026-07-01T02:15:30.294+0000][88.278s][info][gc,marking  ] GC(157) Concurrent Mark
[2026-07-01T02:15:30.294+0000][88.278s][info][gc,marking  ] GC(157) Concurrent Mark From Roots
[2026-07-01T02:15:30.294+0000][88.278s][info][gc,task     ] GC(157) Using 1 workers of 1 for marking
[2026-07-01T02:15:30.853+0000][88.837s][info][gc,start    ] GC(158) Pause Young (Normal) (G1 Evacuation Pause)
[2026-07-01T02:15:30.853+0000][88.837s][info][gc,task     ] GC(158) Using 2 workers of 2 for evacuation
[2026-07-01T02:15:30.867+0000][88.850s][info][gc,phases   ] GC(158)   Pre Evacuate Collection Set: 0.13ms
[2026-07-01T02:15:30.867+0000][88.850s][info][gc,phases   ] GC(158)   Merge Heap Roots: 0.24ms
[2026-07-01T02:15:30.867+0000][88.850s][info][gc,phases   ] GC(158)   Evacuate Collection Set: 12.62ms
[2026-07-01T02:15:30.867+0000][88.850s][info][gc,phases   ] GC(158)   Post Evacuate Collection Set: 0.40ms
[2026-07-01T02:15:30.867+0000][88.850s][info][gc,phases   ] GC(158)   Other: 0.05ms
[2026-07-01T02:15:30.867+0000][88.850s][info][gc,heap     ] GC(158) Eden regions: 108->0(108)
[2026-07-01T02:15:30.867+0000][88.850s][info][gc,heap     ] GC(158) Survivor regions: 7->7(15)
[2026-07-01T02:15:30.867+0000][88.850s][info][gc,heap     ] GC(158) Old regions: 179->179
[2026-07-01T02:15:30.867+0000][88.850s][info][gc,heap     ] GC(158) Humongous regions: 3->3
[2026-07-01T02:15:30.867+0000][88.850s][info][gc,metaspace] GC(158) Metaspace: 41733K(42560K)->41733K(42560K) NonClass: 36591K(36992K)->36591K(36992K) Class: 5141K(5568K)->5141K(5568K)
[2026-07-01T02:15:30.867+0000][88.850s][info][gc          ] GC(158) Pause Young (Normal) (G1 Evacuation Pause) 296M->188M(314M) 13.584ms
[2026-07-01T02:15:30.867+0000][88.850s][info][gc,cpu      ] GC(158) User=0.02s Sys=0.00s Real=0.01s
[2026-07-01T02:15:31.027+0000][89.010s][info][gc,marking  ] GC(157) Concurrent Mark From Roots 732.372ms
[2026-07-01T02:15:31.027+0000][89.010s][info][gc,marking  ] GC(157) Concurrent Preclean
[2026-07-01T02:15:31.027+0000][89.011s][info][gc,marking  ] GC(157) Concurrent Preclean 0.243ms
[2026-07-01T02:15:31.027+0000][89.011s][info][gc,start    ] GC(157) Pause Remark
[2026-07-01T02:15:31.033+0000][89.017s][info][gc          ] GC(157) Pause Remark 221M->221M(315M) 5.502ms
[2026-07-01T02:15:31.033+0000][89.017s][info][gc,cpu      ] GC(157) User=0.01s Sys=0.00s Real=0.01s
[2026-07-01T02:15:31.037+0000][89.020s][info][gc,marking  ] GC(157) Concurrent Mark 742.328ms
[2026-07-01T02:15:31.037+0000][89.020s][info][gc,marking  ] GC(157) Concurrent Rebuild Remembered Sets and Scrub Regions
[2026-07-01T02:15:31.218+0000][89.202s][info][gc,marking  ] GC(157) Concurrent Rebuild Remembered Sets and Scrub Regions 181.615ms
[2026-07-01T02:15:31.218+0000][89.202s][info][gc,start    ] GC(157) Pause Cleanup
[2026-07-01T02:15:31.219+0000][89.202s][info][gc          ] GC(157) Pause Cleanup 260M->260M(315M) 0.056ms
[2026-07-01T02:15:31.219+0000][89.202s][info][gc,cpu      ] GC(157) User=0.00s Sys=0.00s Real=0.00s
[2026-07-01T02:15:31.219+0000][89.202s][info][gc,marking  ] GC(157) Concurrent Clear Claimed Marks
[2026-07-01T02:15:31.219+0000][89.203s][info][gc,marking  ] GC(157) Concurrent Clear Claimed Marks 0.235ms
[2026-07-01T02:15:31.219+0000][89.203s][info][gc,marking  ] GC(157) Concurrent Cleanup for Next Mark
[2026-07-01T02:15:31.222+0000][89.206s][info][gc,marking  ] GC(157) Concurrent Cleanup for Next Mark 2.941ms
[2026-07-01T02:15:31.222+0000][89.206s][info][gc          ] GC(157) Concurrent Mark Cycle 958.939ms
[2026-07-01T02:15:31.431+0000][89.415s][info][gc,start    ] GC(159) Pause Young (Normal) (G1 Evacuation Pause)
[2026-07-01T02:15:31.431+0000][89.415s][info][gc,task     ] GC(159) Using 2 workers of 2 for evacuation
[2026-07-01T02:15:31.458+0000][89.442s][info][gc,phases   ] GC(159)   Pre Evacuate Collection Set: 0.20ms
[2026-07-01T02:15:31.459+0000][89.442s][info][gc,phases   ] GC(159)   Merge Heap Roots: 0.46ms
[2026-07-01T02:15:31.459+0000][89.442s][info][gc,phases   ] GC(159)   Evacuate Collection Set: 26.31ms
[2026-07-01T02:15:31.459+0000][89.442s][info][gc,phases   ] GC(159)   Post Evacuate Collection Set: 0.43ms
[2026-07-01T02:15:31.459+0000][89.442s][info][gc,phases   ] GC(159)   Other: 0.07ms
[2026-07-01T02:15:31.459+0000][89.442s][info][gc,heap     ] GC(159) Eden regions: 108->0(108)
[2026-07-01T02:15:31.459+0000][89.442s][info][gc,heap     ] GC(159) Survivor regions: 7->7(15)
[2026-07-01T02:15:31.459+0000][89.442s][info][gc,heap     ] GC(159) Old regions: 179->180
[2026-07-01T02:15:31.459+0000][89.442s][info][gc,heap     ] GC(159) Humongous regions: 3->3
[2026-07-01T02:15:31.459+0000][89.442s][info][gc,metaspace] GC(159) Metaspace: 41733K(42560K)->41733K(42560K) NonClass: 36592K(36992K)->36592K(36992K) Class: 5141K(5568K)->5141K(5568K)
[2026-07-01T02:15:31.459+0000][89.442s][info][gc          ] GC(159) Pause Young (Normal) (G1 Evacuation Pause) 296M->189M(315M) 27.641ms
[2026-07-01T02:15:31.459+0000][89.442s][info][gc,cpu      ] GC(159) User=0.04s Sys=0.00s Real=0.03s
[2026-07-01T02:15:32.226+0000][90.209s][info][gc,start    ] GC(160) Pause Young (Concurrent Start) (G1 Evacuation Pause)
[2026-07-01T02:15:32.226+0000][90.209s][info][gc,task     ] GC(160) Using 2 workers of 2 for evacuation
[2026-07-01T02:15:32.259+0000][90.242s][info][gc,phases   ] GC(160)   Pre Evacuate Collection Set: 0.20ms
[2026-07-01T02:15:32.259+0000][90.242s][info][gc,phases   ] GC(160)   Merge Heap Roots: 0.44ms
[2026-07-01T02:15:32.259+0000][90.242s][info][gc,phases   ] GC(160)   Evacuate Collection Set: 31.72ms
[2026-07-01T02:15:32.259+0000][90.242s][info][gc,phases   ] GC(160)   Post Evacuate Collection Set: 0.41ms
[2026-07-01T02:15:32.259+0000][90.242s][info][gc,phases   ] GC(160)   Other: 0.09ms
[2026-07-01T02:15:32.259+0000][90.242s][info][gc,heap     ] GC(160) Eden regions: 108->0(108)
[2026-07-01T02:15:32.259+0000][90.242s][info][gc,heap     ] GC(160) Survivor regions: 7->7(15)
[2026-07-01T02:15:32.259+0000][90.242s][info][gc,heap     ] GC(160) Old regions: 180->180
[2026-07-01T02:15:32.259+0000][90.242s][info][gc,heap     ] GC(160) Humongous regions: 3->3
[2026-07-01T02:15:32.259+0000][90.242s][info][gc,metaspace] GC(160) Metaspace: 41734K(42560K)->41734K(42560K) NonClass: 36592K(36992K)->36592K(36992K) Class: 5141K(5568K)->5141K(5568K)
[2026-07-01T02:15:32.259+0000][90.242s][info][gc          ] GC(160) Pause Young (Concurrent Start) (G1 Evacuation Pause) 297M->189M(315M) 33.041ms
[2026-07-01T02:15:32.259+0000][90.242s][info][gc          ] GC(161) Concurrent Mark Cycle
[2026-07-01T02:15:32.259+0000][90.242s][info][gc,marking  ] GC(161) Concurrent Scan Root Regions
[2026-07-01T02:15:32.259+0000][90.242s][info][gc,cpu      ] GC(160) User=0.03s Sys=0.00s Real=0.04s
[2026-07-01T02:15:32.273+0000][90.256s][info][gc,marking  ] GC(161) Concurrent Scan Root Regions 13.863ms
[2026-07-01T02:15:32.273+0000][90.256s][info][gc,marking  ] GC(161) Concurrent Mark
[2026-07-01T02:15:32.273+0000][90.256s][info][gc,marking  ] GC(161) Concurrent Mark From Roots
[2026-07-01T02:15:32.273+0000][90.256s][info][gc,task     ] GC(161) Using 1 workers of 1 for marking
[2026-07-01T02:15:32.669+0000][90.653s][info][gc,marking  ] GC(161) Concurrent Mark From Roots 396.430ms
[2026-07-01T02:15:32.669+0000][90.653s][info][gc,marking  ] GC(161) Concurrent Preclean
[2026-07-01T02:15:32.669+0000][90.653s][info][gc,marking  ] GC(161) Concurrent Preclean 0.179ms
[2026-07-01T02:15:32.669+0000][90.653s][info][gc,start    ] GC(161) Pause Remark
[2026-07-01T02:15:32.676+0000][90.660s][info][gc          ] GC(161) Pause Remark 228M->228M(317M) 6.639ms
[2026-07-01T02:15:32.676+0000][90.660s][info][gc,cpu      ] GC(161) User=0.01s Sys=0.00s Real=0.00s
[2026-07-01T02:15:32.679+0000][90.662s][info][gc,marking  ] GC(161) Concurrent Mark 406.019ms
[2026-07-01T02:15:32.679+0000][90.662s][info][gc,marking  ] GC(161) Concurrent Rebuild Remembered Sets and Scrub Regions
[2026-07-01T02:15:32.812+0000][90.796s][info][gc,marking  ] GC(161) Concurrent Rebuild Remembered Sets and Scrub Regions 133.468ms
[2026-07-01T02:15:32.812+0000][90.796s][info][gc,start    ] GC(161) Pause Cleanup
[2026-07-01T02:15:32.812+0000][90.796s][info][gc          ] GC(161) Pause Cleanup 239M->239M(317M) 0.200ms
[2026-07-01T02:15:32.812+0000][90.796s][info][gc,cpu      ] GC(161) User=0.01s Sys=0.00s Real=0.00s
[2026-07-01T02:15:32.813+0000][90.796s][info][gc,marking  ] GC(161) Concurrent Clear Claimed Marks
[2026-07-01T02:15:32.813+0000][90.797s][info][gc,marking  ] GC(161) Concurrent Clear Claimed Marks 0.089ms
[2026-07-01T02:15:32.813+0000][90.797s][info][gc,marking  ] GC(161) Concurrent Cleanup for Next Mark
[2026-07-01T02:15:32.814+0000][90.797s][info][gc,marking  ] GC(161) Concurrent Cleanup for Next Mark 0.578ms
[2026-07-01T02:15:32.814+0000][90.797s][info][gc          ] GC(161) Concurrent Mark Cycle 554.892ms
[2026-07-01T02:15:33.267+0000][91.250s][info][gc,start    ] GC(162) Pause Young (Prepare Mixed) (G1 Evacuation Pause)
[2026-07-01T02:15:33.267+0000][91.250s][info][gc,task     ] GC(162) Using 2 workers of 2 for evacuation
[2026-07-01T02:15:33.306+0000][91.289s][info][gc,phases   ] GC(162)   Pre Evacuate Collection Set: 0.17ms
[2026-07-01T02:15:33.306+0000][91.289s][info][gc,phases   ] GC(162)   Merge Heap Roots: 0.80ms
[2026-07-01T02:15:33.306+0000][91.289s][info][gc,phases   ] GC(162)   Evacuate Collection Set: 37.18ms
[2026-07-01T02:15:33.306+0000][91.289s][info][gc,phases   ] GC(162)   Post Evacuate Collection Set: 0.71ms
[2026-07-01T02:15:33.306+0000][91.289s][info][gc,phases   ] GC(162)   Other: 0.06ms
[2026-07-01T02:15:33.306+0000][91.289s][info][gc,heap     ] GC(162) Eden regions: 108->0(110)
[2026-07-01T02:15:33.306+0000][91.289s][info][gc,heap     ] GC(162) Survivor regions: 7->7(15)
[2026-07-01T02:15:33.306+0000][91.289s][info][gc,heap     ] GC(162) Old regions: 180->180
[2026-07-01T02:15:33.306+0000][91.289s][info][gc,heap     ] GC(162) Humongous regions: 3->3
[2026-07-01T02:15:33.306+0000][91.289s][info][gc,metaspace] GC(162) Metaspace: 41734K(42560K)->41734K(42560K) NonClass: 36592K(36992K)->36592K(36992K) Class: 5141K(5568K)->5141K(5568K)
[2026-07-01T02:15:33.306+0000][91.289s][info][gc          ] GC(162) Pause Young (Prepare Mixed) (G1 Evacuation Pause) 297M->190M(317M) 39.111ms
[2026-07-01T02:15:33.306+0000][91.289s][info][gc,cpu      ] GC(162) User=0.04s Sys=0.00s Real=0.04s
[2026-07-01T02:15:34.092+0000][92.076s][info][gc,start    ] GC(163) Pause Young (Mixed) (G1 Evacuation Pause)
[2026-07-01T02:15:34.092+0000][92.076s][info][gc,task     ] GC(163) Using 2 workers of 2 for evacuation
[2026-07-01T02:15:34.120+0000][92.104s][info][gc,phases   ] GC(163)   Pre Evacuate Collection Set: 0.17ms
[2026-07-01T02:15:34.121+0000][92.104s][info][gc,phases   ] GC(163)   Merge Heap Roots: 0.50ms
[2026-07-01T02:15:34.121+0000][92.104s][info][gc,phases   ] GC(163)   Evacuate Collection Set: 27.20ms
[2026-07-01T02:15:34.121+0000][92.104s][info][gc,phases   ] GC(163)   Post Evacuate Collection Set: 0.40ms
[2026-07-01T02:15:34.121+0000][92.104s][info][gc,phases   ] GC(163)   Other: 0.07ms
[2026-07-01T02:15:34.121+0000][92.104s][info][gc,heap     ] GC(163) Eden regions: 110->0(109)
[2026-07-01T02:15:34.121+0000][92.104s][info][gc,heap     ] GC(163) Survivor regions: 7->7(15)
[2026-07-01T02:15:34.121+0000][92.104s][info][gc,heap     ] GC(163) Old regions: 180->181
[2026-07-01T02:15:34.121+0000][92.104s][info][gc,heap     ] GC(163) Humongous regions: 3->3
[2026-07-01T02:15:34.121+0000][92.104s][info][gc,metaspace] GC(163) Metaspace: 41734K(42560K)->41734K(42560K) NonClass: 36592K(36992K)->36592K(36992K) Class: 5141K(5568K)->5141K(5568K)
[2026-07-01T02:15:34.121+0000][92.104s][info][gc          ] GC(163) Pause Young (Mixed) (G1 Evacuation Pause) 300M->190M(317M) 28.544ms
[2026-07-01T02:15:34.121+0000][92.104s][info][gc,cpu      ] GC(163) User=0.04s Sys=0.00s Real=0.03s
[2026-07-01T02:15:34.910+0000][92.893s][info][gc,start    ] GC(164) Pause Young (Concurrent Start) (G1 Evacuation Pause)
[2026-07-01T02:15:34.910+0000][92.893s][info][gc,task     ] GC(164) Using 2 workers of 2 for evacuation
[2026-07-01T02:15:34.928+0000][92.912s][info][gc,phases   ] GC(164)   Pre Evacuate Collection Set: 0.19ms
[2026-07-01T02:15:34.928+0000][92.912s][info][gc,phases   ] GC(164)   Merge Heap Roots: 0.26ms
[2026-07-01T02:15:34.928+0000][92.912s][info][gc,phases   ] GC(164)   Evacuate Collection Set: 17.49ms
[2026-07-01T02:15:34.928+0000][92.912s][info][gc,phases   ] GC(164)   Post Evacuate Collection Set: 0.42ms
[2026-07-01T02:15:34.928+0000][92.912s][info][gc,phases   ] GC(164)   Other: 0.09ms
[2026-07-01T02:15:34.928+0000][92.912s][info][gc,heap     ] GC(164) Eden regions: 109->0(109)
[2026-07-01T02:15:34.928+0000][92.912s][info][gc,heap     ] GC(164) Survivor regions: 7->7(15)
[2026-07-01T02:15:34.928+0000][92.912s][info][gc,heap     ] GC(164) Old regions: 181->181
[2026-07-01T02:15:34.928+0000][92.912s][info][gc,heap     ] GC(164) Humongous regions: 3->3
[2026-07-01T02:15:34.928+0000][92.912s][info][gc,metaspace] GC(164) Metaspace: 41734K(42560K)->41734K(42560K) NonClass: 36592K(36992K)->36592K(36992K) Class: 5141K(5568K)->5141K(5568K)
[2026-07-01T02:15:34.928+0000][92.912s][info][gc          ] GC(164) Pause Young (Concurrent Start) (G1 Evacuation Pause) 299M->190M(317M) 18.642ms
[2026-07-01T02:15:34.928+0000][92.912s][info][gc          ] GC(165) Concurrent Mark Cycle
[2026-07-01T02:15:34.929+0000][92.912s][info][gc,marking  ] GC(165) Concurrent Scan Root Regions
[2026-07-01T02:15:34.929+0000][92.912s][info][gc,cpu      ] GC(164) User=0.03s Sys=0.00s Real=0.02s
[2026-07-01T02:15:34.949+0000][92.932s][info][gc,marking  ] GC(165) Concurrent Scan Root Regions 20.370ms
[2026-07-01T02:15:34.949+0000][92.933s][info][gc,marking  ] GC(165) Concurrent Mark
[2026-07-01T02:15:34.949+0000][92.933s][info][gc,marking  ] GC(165) Concurrent Mark From Roots
[2026-07-01T02:15:34.949+0000][92.933s][info][gc,task     ] GC(165) Using 1 workers of 1 for marking
[2026-07-01T02:15:35.331+0000][93.314s][info][gc,marking  ] GC(165) Concurrent Mark From Roots 381.810ms
[2026-07-01T02:15:35.331+0000][93.314s][info][gc,marking  ] GC(165) Concurrent Preclean
[2026-07-01T02:15:35.331+0000][93.315s][info][gc,marking  ] GC(165) Concurrent Preclean 0.378ms
[2026-07-01T02:15:35.331+0000][93.315s][info][gc,start    ] GC(165) Pause Remark
[2026-07-01T02:15:35.345+0000][93.329s][info][gc          ] GC(165) Pause Remark 230M->230M(319M) 14.200ms
[2026-07-01T02:15:35.346+0000][93.329s][info][gc,cpu      ] GC(165) User=0.01s Sys=0.01s Real=0.01s
[2026-07-01T02:15:35.348+0000][93.332s][info][gc,marking  ] GC(165) Concurrent Mark 399.132ms
[2026-07-01T02:15:35.348+0000][93.332s][info][gc,marking  ] GC(165) Concurrent Rebuild Remembered Sets and Scrub Regions
[2026-07-01T02:15:35.477+0000][93.460s][info][gc,marking  ] GC(165) Concurrent Rebuild Remembered Sets and Scrub Regions 128.544ms
[2026-07-01T02:15:35.477+0000][93.460s][info][gc,start    ] GC(165) Pause Cleanup
[2026-07-01T02:15:35.477+0000][93.461s][info][gc          ] GC(165) Pause Cleanup 245M->245M(319M) 0.201ms
[2026-07-01T02:15:35.477+0000][93.461s][info][gc,cpu      ] GC(165) User=0.00s Sys=0.00s Real=0.00s
[2026-07-01T02:15:35.478+0000][93.461s][info][gc,marking  ] GC(165) Concurrent Clear Claimed Marks
[2026-07-01T02:15:35.478+0000][93.461s][info][gc,marking  ] GC(165) Concurrent Clear Claimed Marks 0.098ms
[2026-07-01T02:15:35.478+0000][93.461s][info][gc,marking  ] GC(165) Concurrent Cleanup for Next Mark
[2026-07-01T02:15:35.479+0000][93.462s][info][gc,marking  ] GC(165) Concurrent Cleanup for Next Mark 0.789ms
[2026-07-01T02:15:35.479+0000][93.462s][info][gc          ] GC(165) Concurrent Mark Cycle 550.174ms
[2026-07-01T02:15:35.911+0000][93.895s][info][gc,start    ] GC(166) Pause Young (Prepare Mixed) (G1 Evacuation Pause)
[2026-07-01T02:15:35.911+0000][93.895s][info][gc,task     ] GC(166) Using 2 workers of 2 for evacuation
[2026-07-01T02:15:35.951+0000][93.934s][info][gc,phases   ] GC(166)   Pre Evacuate Collection Set: 0.18ms
[2026-07-01T02:15:35.951+0000][93.934s][info][gc,phases   ] GC(166)   Merge Heap Roots: 0.90ms
[2026-07-01T02:15:35.951+0000][93.934s][info][gc,phases   ] GC(166)   Evacuate Collection Set: 37.52ms
[2026-07-01T02:15:35.951+0000][93.934s][info][gc,phases   ] GC(166)   Post Evacuate Collection Set: 0.78ms
[2026-07-01T02:15:35.951+0000][93.934s][info][gc,phases   ] GC(166)   Other: 0.05ms
[2026-07-01T02:15:35.951+0000][93.934s][info][gc,heap     ] GC(166) Eden regions: 109->0(111)
[2026-07-01T02:15:35.951+0000][93.934s][info][gc,heap     ] GC(166) Survivor regions: 7->7(15)
[2026-07-01T02:15:35.951+0000][93.934s][info][gc,heap     ] GC(166) Old regions: 181->181
[2026-07-01T02:15:35.951+0000][93.934s][info][gc,heap     ] GC(166) Humongous regions: 3->3
[2026-07-01T02:15:35.951+0000][93.934s][info][gc,metaspace] GC(166) Metaspace: 41734K(42560K)->41734K(42560K) NonClass: 36592K(36992K)->36592K(36992K) Class: 5141K(5568K)->5141K(5568K)
[2026-07-01T02:15:35.951+0000][93.934s][info][gc          ] GC(166) Pause Young (Prepare Mixed) (G1 Evacuation Pause) 299M->190M(319M) 39.615ms
[2026-07-01T02:15:35.951+0000][93.935s][info][gc,cpu      ] GC(166) User=0.03s Sys=0.00s Real=0.04s
