[2026-07-01T02:25:11.760+0000][0.008s][info][gc,init] CardTable entry size: 512
[2026-07-01T02:25:11.760+0000][0.008s][info][gc     ] Using G1
[2026-07-01T02:25:11.761+0000][0.009s][info][gc,init] Version: 21.0.11+10-LTS (release)
[2026-07-01T02:25:11.761+0000][0.009s][info][gc,init] CPUs: 4 total, 2 available
[2026-07-01T02:25:11.761+0000][0.009s][info][gc,init] Memory: 2048M
[2026-07-01T02:25:11.761+0000][0.009s][info][gc,init] Large Page Support: Disabled
[2026-07-01T02:25:11.761+0000][0.009s][info][gc,init] NUMA Support: Disabled
[2026-07-01T02:25:11.761+0000][0.009s][info][gc,init] Compressed Oops: Enabled (32-bit)
[2026-07-01T02:25:11.761+0000][0.009s][info][gc,init] Heap Region Size: 1M
[2026-07-01T02:25:11.761+0000][0.009s][info][gc,init] Heap Min Capacity: 8M
[2026-07-01T02:25:11.761+0000][0.009s][info][gc,init] Heap Initial Capacity: 32M
[2026-07-01T02:25:11.761+0000][0.009s][info][gc,init] Heap Max Capacity: 1470M
[2026-07-01T02:25:11.761+0000][0.009s][info][gc,init] Pre-touch: Disabled
[2026-07-01T02:25:11.761+0000][0.009s][info][gc,init] Parallel Workers: 2
[2026-07-01T02:25:11.761+0000][0.009s][info][gc,init] Concurrent Workers: 1
[2026-07-01T02:25:11.761+0000][0.009s][info][gc,init] Concurrent Refinement Workers: 2
[2026-07-01T02:25:11.761+0000][0.009s][info][gc,init] Periodic GC: Enabled
[2026-07-01T02:25:11.761+0000][0.009s][info][gc,init] Periodic GC Interval: 10000ms
[2026-07-01T02:25:11.761+0000][0.009s][info][gc,init] G1 Time-Based Heap Sizing enabled (uncommit-only)
[2026-07-01T02:25:11.761+0000][0.009s][info][gc,init]   evaluation_interval=60000ms, uncommit_delay=300000ms, min_regions_to_uncommit=10
[2026-07-01T02:25:11.768+0000][0.016s][info][gc,metaspace] CDS archive(s) mapped at: [0x00007ad293000000-0x00007ad293c9b000-0x00007ad293c9b000), size 13217792, SharedBaseAddress: 0x00007ad293000000, ArchiveRelocationMode: 1.
[2026-07-01T02:25:11.768+0000][0.016s][info][gc,metaspace] Compressed class space mapped at: 0x00007ad294000000-0x00007ad2d4000000, reserved size: 1073741824
[2026-07-01T02:25:11.768+0000][0.016s][info][gc,metaspace] Narrow klass base: 0x00007ad293000000, Narrow klass shift: 0, Narrow klass range: 0x100000000
[2026-07-01T02:25:12.242+0000][0.490s][info][gc,start    ] GC(0) Pause Young (Normal) (G1 Evacuation Pause)
[2026-07-01T02:25:12.243+0000][0.491s][info][gc,task     ] GC(0) Using 2 workers of 2 for evacuation
[2026-07-01T02:25:12.247+0000][0.495s][info][gc,phases   ] GC(0)   Pre Evacuate Collection Set: 0.06ms
[2026-07-01T02:25:12.247+0000][0.495s][info][gc,phases   ] GC(0)   Merge Heap Roots: 0.09ms
[2026-07-01T02:25:12.247+0000][0.495s][info][gc,phases   ] GC(0)   Evacuate Collection Set: 1.56ms
[2026-07-01T02:25:12.247+0000][0.495s][info][gc,phases   ] GC(0)   Post Evacuate Collection Set: 1.69ms
[2026-07-01T02:25:12.247+0000][0.495s][info][gc,phases   ] GC(0)   Other: 1.24ms
[2026-07-01T02:25:12.247+0000][0.495s][info][gc,heap     ] GC(0) Eden regions: 6->0(10)
[2026-07-01T02:25:12.247+0000][0.495s][info][gc,heap     ] GC(0) Survivor regions: 0->1(1)
[2026-07-01T02:25:12.247+0000][0.495s][info][gc,heap     ] GC(0) Old regions: 2->2
[2026-07-01T02:25:12.247+0000][0.495s][info][gc,heap     ] GC(0) Humongous regions: 0->0
[2026-07-01T02:25:12.247+0000][0.495s][info][gc,metaspace] GC(0) Metaspace: 1723K(1984K)->1723K(1984K) NonClass: 1535K(1664K)->1535K(1664K) Class: 187K(320K)->187K(320K)
[2026-07-01T02:25:12.247+0000][0.495s][info][gc          ] GC(0) Pause Young (Normal) (G1 Evacuation Pause) 7M->1M(34M) 4.834ms
[2026-07-01T02:25:12.247+0000][0.495s][info][gc,cpu      ] GC(0) User=0.00s Sys=0.00s Real=0.00s
[2026-07-01T02:25:12.580+0000][0.828s][info][gc,start    ] GC(1) Pause Young (Normal) (G1 Evacuation Pause)
[2026-07-01T02:25:12.580+0000][0.828s][info][gc,task     ] GC(1) Using 2 workers of 2 for evacuation
[2026-07-01T02:25:12.582+0000][0.831s][info][gc,phases   ] GC(1)   Pre Evacuate Collection Set: 0.09ms
[2026-07-01T02:25:12.583+0000][0.831s][info][gc,phases   ] GC(1)   Merge Heap Roots: 0.03ms
[2026-07-01T02:25:12.583+0000][0.831s][info][gc,phases   ] GC(1)   Evacuate Collection Set: 2.15ms
[2026-07-01T02:25:12.583+0000][0.831s][info][gc,phases   ] GC(1)   Post Evacuate Collection Set: 0.17ms
[2026-07-01T02:25:12.583+0000][0.831s][info][gc,phases   ] GC(1)   Other: 0.05ms
[2026-07-01T02:25:12.583+0000][0.831s][info][gc,heap     ] GC(1) Eden regions: 10->0(17)
[2026-07-01T02:25:12.583+0000][0.831s][info][gc,heap     ] GC(1) Survivor regions: 1->2(2)
[2026-07-01T02:25:12.583+0000][0.831s][info][gc,heap     ] GC(1) Old regions: 2->2
[2026-07-01T02:25:12.583+0000][0.831s][info][gc,heap     ] GC(1) Humongous regions: 0->0
[2026-07-01T02:25:12.583+0000][0.831s][info][gc,metaspace] GC(1) Metaspace: 3448K(3712K)->3448K(3712K) NonClass: 3081K(3200K)->3081K(3200K) Class: 367K(512K)->367K(512K)
[2026-07-01T02:25:12.583+0000][0.831s][info][gc          ] GC(1) Pause Young (Normal) (G1 Evacuation Pause) 11M->2M(34M) 2.607ms
[2026-07-01T02:25:12.583+0000][0.831s][info][gc,cpu      ] GC(1) User=0.01s Sys=0.00s Real=0.00s
[2026-07-01T02:25:13.009+0000][1.257s][info][gc,start    ] GC(2) Pause Young (Normal) (G1 Evacuation Pause)
[2026-07-01T02:25:13.009+0000][1.257s][info][gc,task     ] GC(2) Using 2 workers of 2 for evacuation
[2026-07-01T02:25:13.032+0000][1.280s][info][gc,phases   ] GC(2)   Pre Evacuate Collection Set: 0.05ms
[2026-07-01T02:25:13.032+0000][1.280s][info][gc,phases   ] GC(2)   Merge Heap Roots: 0.03ms
[2026-07-01T02:25:13.032+0000][1.280s][info][gc,phases   ] GC(2)   Evacuate Collection Set: 22.51ms
[2026-07-01T02:25:13.032+0000][1.280s][info][gc,phases   ] GC(2)   Post Evacuate Collection Set: 0.44ms
[2026-07-01T02:25:13.032+0000][1.280s][info][gc,phases   ] GC(2)   Other: 0.04ms
[2026-07-01T02:25:13.032+0000][1.280s][info][gc,heap     ] GC(2) Eden regions: 17->0(16)
[2026-07-01T02:25:13.032+0000][1.280s][info][gc,heap     ] GC(2) Survivor regions: 2->3(3)
[2026-07-01T02:25:13.032+0000][1.280s][info][gc,heap     ] GC(2) Old regions: 2->2
[2026-07-01T02:25:13.032+0000][1.280s][info][gc,heap     ] GC(2) Humongous regions: 0->0
[2026-07-01T02:25:13.032+0000][1.280s][info][gc,metaspace] GC(2) Metaspace: 7276K(7552K)->7276K(7552K) NonClass: 6422K(6528K)->6422K(6528K) Class: 853K(1024K)->853K(1024K)
[2026-07-01T02:25:13.032+0000][1.280s][info][gc          ] GC(2) Pause Young (Normal) (G1 Evacuation Pause) 19M->3M(34M) 23.183ms
[2026-07-01T02:25:13.032+0000][1.280s][info][gc,cpu      ] GC(2) User=0.01s Sys=0.00s Real=0.02s
[2026-07-01T02:25:13.273+0000][1.521s][info][gc,start    ] GC(3) Pause Young (Normal) (G1 Evacuation Pause)
[2026-07-01T02:25:13.273+0000][1.521s][info][gc,task     ] GC(3) Using 2 workers of 2 for evacuation
[2026-07-01T02:25:13.277+0000][1.525s][info][gc,phases   ] GC(3)   Pre Evacuate Collection Set: 0.08ms
[2026-07-01T02:25:13.277+0000][1.525s][info][gc,phases   ] GC(3)   Merge Heap Roots: 0.04ms
[2026-07-01T02:25:13.277+0000][1.525s][info][gc,phases   ] GC(3)   Evacuate Collection Set: 3.62ms
[2026-07-01T02:25:13.277+0000][1.525s][info][gc,phases   ] GC(3)   Post Evacuate Collection Set: 0.33ms
[2026-07-01T02:25:13.277+0000][1.525s][info][gc,phases   ] GC(3)   Other: 0.04ms
[2026-07-01T02:25:13.277+0000][1.525s][info][gc,heap     ] GC(3) Eden regions: 16->0(16)
[2026-07-01T02:25:13.277+0000][1.525s][info][gc,heap     ] GC(3) Survivor regions: 3->3(3)
[2026-07-01T02:25:13.277+0000][1.525s][info][gc,heap     ] GC(3) Old regions: 2->4
[2026-07-01T02:25:13.277+0000][1.525s][info][gc,heap     ] GC(3) Humongous regions: 0->0
[2026-07-01T02:25:13.277+0000][1.525s][info][gc,metaspace] GC(3) Metaspace: 10296K(10624K)->10296K(10624K) NonClass: 8970K(9152K)->8970K(9152K) Class: 1326K(1472K)->1326K(1472K)
[2026-07-01T02:25:13.277+0000][1.525s][info][gc          ] GC(3) Pause Young (Normal) (G1 Evacuation Pause) 19M->4M(34M) 4.229ms
[2026-07-01T02:25:13.277+0000][1.525s][info][gc,cpu      ] GC(3) User=0.01s Sys=0.00s Real=0.00s
[2026-07-01T02:25:13.457+0000][1.705s][info][gc,start    ] GC(4) Pause Young (Normal) (G1 Evacuation Pause)
[2026-07-01T02:25:13.457+0000][1.705s][info][gc,task     ] GC(4) Using 2 workers of 2 for evacuation
[2026-07-01T02:25:13.462+0000][1.710s][info][gc,phases   ] GC(4)   Pre Evacuate Collection Set: 0.34ms
[2026-07-01T02:25:13.462+0000][1.710s][info][gc,phases   ] GC(4)   Merge Heap Roots: 0.05ms
[2026-07-01T02:25:13.462+0000][1.710s][info][gc,phases   ] GC(4)   Evacuate Collection Set: 4.15ms
[2026-07-01T02:25:13.462+0000][1.710s][info][gc,phases   ] GC(4)   Post Evacuate Collection Set: 0.34ms
[2026-07-01T02:25:13.462+0000][1.710s][info][gc,phases   ] GC(4)   Other: 0.04ms
[2026-07-01T02:25:13.462+0000][1.710s][info][gc,heap     ] GC(4) Eden regions: 16->0(16)
[2026-07-01T02:25:13.462+0000][1.710s][info][gc,heap     ] GC(4) Survivor regions: 3->3(3)
[2026-07-01T02:25:13.462+0000][1.710s][info][gc,heap     ] GC(4) Old regions: 4->5
[2026-07-01T02:25:13.462+0000][1.710s][info][gc,heap     ] GC(4) Humongous regions: 0->0
[2026-07-01T02:25:13.462+0000][1.710s][info][gc,metaspace] GC(4) Metaspace: 13903K(14272K)->13903K(14272K) NonClass: 12165K(12352K)->12165K(12352K) Class: 1737K(1920K)->1737K(1920K)
[2026-07-01T02:25:13.462+0000][1.710s][info][gc          ] GC(4) Pause Young (Normal) (G1 Evacuation Pause) 20M->5M(34M) 5.040ms
[2026-07-01T02:25:13.462+0000][1.710s][info][gc,cpu      ] GC(4) User=0.01s Sys=0.00s Real=0.01s
[2026-07-01T02:25:13.637+0000][1.885s][info][gc,start    ] GC(5) Pause Young (Normal) (G1 Evacuation Pause)
[2026-07-01T02:25:13.637+0000][1.885s][info][gc,task     ] GC(5) Using 2 workers of 2 for evacuation
[2026-07-01T02:25:13.640+0000][1.888s][info][gc,phases   ] GC(5)   Pre Evacuate Collection Set: 0.10ms
[2026-07-01T02:25:13.640+0000][1.888s][info][gc,phases   ] GC(5)   Merge Heap Roots: 0.05ms
[2026-07-01T02:25:13.640+0000][1.888s][info][gc,phases   ] GC(5)   Evacuate Collection Set: 2.74ms
[2026-07-01T02:25:13.640+0000][1.888s][info][gc,phases   ] GC(5)   Post Evacuate Collection Set: 0.32ms
[2026-07-01T02:25:13.640+0000][1.888s][info][gc,phases   ] GC(5)   Other: 0.04ms
[2026-07-01T02:25:13.640+0000][1.888s][info][gc,heap     ] GC(5) Eden regions: 16->0(17)
[2026-07-01T02:25:13.640+0000][1.888s][info][gc,heap     ] GC(5) Survivor regions: 3->2(3)
[2026-07-01T02:25:13.640+0000][1.888s][info][gc,heap     ] GC(5) Old regions: 5->6
[2026-07-01T02:25:13.640+0000][1.888s][info][gc,heap     ] GC(5) Humongous regions: 0->0
[2026-07-01T02:25:13.640+0000][1.888s][info][gc,metaspace] GC(5) Metaspace: 17188K(17600K)->17188K(17600K) NonClass: 15019K(15232K)->15019K(15232K) Class: 2168K(2368K)->2168K(2368K)
[2026-07-01T02:25:13.640+0000][1.888s][info][gc          ] GC(5) Pause Young (Normal) (G1 Evacuation Pause) 21M->6M(34M) 3.348ms
[2026-07-01T02:25:13.640+0000][1.888s][info][gc,cpu      ] GC(5) User=0.00s Sys=0.00s Real=0.01s
[2026-07-01T02:25:13.847+0000][2.095s][info][gc,start    ] GC(6) Pause Young (Normal) (G1 Evacuation Pause)
[2026-07-01T02:25:13.847+0000][2.095s][info][gc,task     ] GC(6) Using 2 workers of 2 for evacuation
[2026-07-01T02:25:13.851+0000][2.099s][info][gc,phases   ] GC(6)   Pre Evacuate Collection Set: 0.10ms
[2026-07-01T02:25:13.851+0000][2.099s][info][gc,phases   ] GC(6)   Merge Heap Roots: 0.04ms
[2026-07-01T02:25:13.851+0000][2.099s][info][gc,phases   ] GC(6)   Evacuate Collection Set: 3.16ms
[2026-07-01T02:25:13.851+0000][2.099s][info][gc,phases   ] GC(6)   Post Evacuate Collection Set: 0.41ms
[2026-07-01T02:25:13.851+0000][2.099s][info][gc,phases   ] GC(6)   Other: 0.07ms
[2026-07-01T02:25:13.851+0000][2.099s][info][gc,heap     ] GC(6) Eden regions: 17->0(22)
[2026-07-01T02:25:13.851+0000][2.099s][info][gc,heap     ] GC(6) Survivor regions: 2->3(3)
[2026-07-01T02:25:13.851+0000][2.099s][info][gc,heap     ] GC(6) Old regions: 6->7
[2026-07-01T02:25:13.851+0000][2.099s][info][gc,heap     ] GC(6) Humongous regions: 0->0
[2026-07-01T02:25:13.851+0000][2.099s][info][gc,metaspace] GC(6) Metaspace: 19409K(19840K)->19409K(19840K) NonClass: 16983K(17280K)->16983K(17280K) Class: 2425K(2560K)->2425K(2560K)
[2026-07-01T02:25:13.851+0000][2.099s][info][gc          ] GC(6) Pause Young (Normal) (G1 Evacuation Pause) 23M->8M(43M) 3.903ms
[2026-07-01T02:25:13.851+0000][2.099s][info][gc,cpu      ] GC(6) User=0.01s Sys=0.00s Real=0.01s
[2026-07-01T02:25:14.147+0000][2.395s][info][gc,start    ] GC(7) Pause Young (Normal) (G1 Evacuation Pause)
[2026-07-01T02:25:14.147+0000][2.395s][info][gc,task     ] GC(7) Using 2 workers of 2 for evacuation
[2026-07-01T02:25:14.150+0000][2.398s][info][gc,phases   ] GC(7)   Pre Evacuate Collection Set: 0.09ms
[2026-07-01T02:25:14.150+0000][2.398s][info][gc,phases   ] GC(7)   Merge Heap Roots: 0.05ms
[2026-07-01T02:25:14.150+0000][2.398s][info][gc,phases   ] GC(7)   Evacuate Collection Set: 3.07ms
[2026-07-01T02:25:14.150+0000][2.398s][info][gc,phases   ] GC(7)   Post Evacuate Collection Set: 0.35ms
[2026-07-01T02:25:14.150+0000][2.398s][info][gc,phases   ] GC(7)   Other: 0.05ms
[2026-07-01T02:25:14.150+0000][2.398s][info][gc,heap     ] GC(7) Eden regions: 22->0(22)
[2026-07-01T02:25:14.150+0000][2.398s][info][gc,heap     ] GC(7) Survivor regions: 3->3(4)
[2026-07-01T02:25:14.150+0000][2.398s][info][gc,heap     ] GC(7) Old regions: 7->8
[2026-07-01T02:25:14.150+0000][2.398s][info][gc,heap     ] GC(7) Humongous regions: 0->0
[2026-07-01T02:25:14.150+0000][2.398s][info][gc,metaspace] GC(7) Metaspace: 20783K(21248K)->20783K(21248K) NonClass: 18206K(18432K)->18206K(18432K) Class: 2577K(2816K)->2577K(2816K)
[2026-07-01T02:25:14.150+0000][2.398s][info][gc          ] GC(7) Pause Young (Normal) (G1 Evacuation Pause) 30M->9M(43M) 3.737ms
[2026-07-01T02:25:14.150+0000][2.398s][info][gc,cpu      ] GC(7) User=0.01s Sys=0.00s Real=0.01s
[2026-07-01T02:25:14.182+0000][2.430s][info][gc,start    ] GC(8) Pause Young (Concurrent Start) (Metadata GC Threshold)
[2026-07-01T02:25:14.182+0000][2.430s][info][gc,task     ] GC(8) Using 2 workers of 2 for evacuation
[2026-07-01T02:25:14.187+0000][2.435s][info][gc,phases   ] GC(8)   Pre Evacuate Collection Set: 0.13ms
[2026-07-01T02:25:14.187+0000][2.435s][info][gc,phases   ] GC(8)   Merge Heap Roots: 0.05ms
[2026-07-01T02:25:14.187+0000][2.435s][info][gc,phases   ] GC(8)   Evacuate Collection Set: 3.93ms
[2026-07-01T02:25:14.187+0000][2.435s][info][gc,phases   ] GC(8)   Post Evacuate Collection Set: 0.33ms
[2026-07-01T02:25:14.187+0000][2.435s][info][gc,phases   ] GC(8)   Other: 0.08ms
[2026-07-01T02:25:14.187+0000][2.435s][info][gc,heap     ] GC(8) Eden regions: 3->0(23)
[2026-07-01T02:25:14.187+0000][2.435s][info][gc,heap     ] GC(8) Survivor regions: 3->2(4)
[2026-07-01T02:25:14.187+0000][2.435s][info][gc,heap     ] GC(8) Old regions: 8->9
[2026-07-01T02:25:14.187+0000][2.435s][info][gc,heap     ] GC(8) Humongous regions: 0->0
[2026-07-01T02:25:14.187+0000][2.435s][info][gc,metaspace] GC(8) Metaspace: 21063K(21504K)->21063K(21504K) NonClass: 18451K(18688K)->18451K(18688K) Class: 2612K(2816K)->2612K(2816K)
[2026-07-01T02:25:14.187+0000][2.435s][info][gc          ] GC(8) Pause Young (Concurrent Start) (Metadata GC Threshold) 12M->9M(43M) 4.643ms
[2026-07-01T02:25:14.187+0000][2.435s][info][gc,cpu      ] GC(8) User=0.01s Sys=0.01s Real=0.00s
[2026-07-01T02:25:14.187+0000][2.435s][info][gc          ] GC(9) Concurrent Mark Cycle
[2026-07-01T02:25:14.187+0000][2.435s][info][gc,marking  ] GC(9) Concurrent Scan Root Regions
[2026-07-01T02:25:14.188+0000][2.437s][info][gc,marking  ] GC(9) Concurrent Scan Root Regions 1.836ms
[2026-07-01T02:25:14.189+0000][2.437s][info][gc,marking  ] GC(9) Concurrent Mark
[2026-07-01T02:25:14.189+0000][2.437s][info][gc,marking  ] GC(9) Concurrent Mark From Roots
[2026-07-01T02:25:14.189+0000][2.437s][info][gc,task     ] GC(9) Using 1 workers of 1 for marking
[2026-07-01T02:25:14.196+0000][2.444s][info][gc,marking  ] GC(9) Concurrent Mark From Roots 7.347ms
[2026-07-01T02:25:14.196+0000][2.444s][info][gc,marking  ] GC(9) Concurrent Preclean
[2026-07-01T02:25:14.196+0000][2.444s][info][gc,marking  ] GC(9) Concurrent Preclean 0.024ms
[2026-07-01T02:25:14.196+0000][2.444s][info][gc,start    ] GC(9) Pause Remark
[2026-07-01T02:25:14.199+0000][2.447s][info][gc,heap     ] GC(9) Heap shrink completed: uncommitted 21 regions (21MB), heap size now 22MB
[2026-07-01T02:25:14.199+0000][2.447s][info][gc          ] GC(9) Pause Remark 10M->10M(22M) 2.918ms
[2026-07-01T02:25:14.199+0000][2.447s][info][gc,cpu      ] GC(9) User=0.01s Sys=0.00s Real=0.01s
[2026-07-01T02:25:14.199+0000][2.447s][info][gc,marking  ] GC(9) Concurrent Mark 10.468ms
[2026-07-01T02:25:14.199+0000][2.447s][info][gc,marking  ] GC(9) Concurrent Rebuild Remembered Sets and Scrub Regions
[2026-07-01T02:25:14.203+0000][2.451s][info][gc,marking  ] GC(9) Concurrent Rebuild Remembered Sets and Scrub Regions 4.039ms
[2026-07-01T02:25:14.203+0000][2.451s][info][gc,start    ] GC(9) Pause Cleanup
[2026-07-01T02:25:14.203+0000][2.451s][info][gc          ] GC(9) Pause Cleanup 10M->10M(22M) 0.065ms
[2026-07-01T02:25:14.203+0000][2.451s][info][gc,cpu      ] GC(9) User=0.00s Sys=0.00s Real=0.00s
[2026-07-01T02:25:14.203+0000][2.451s][info][gc,marking  ] GC(9) Concurrent Clear Claimed Marks
[2026-07-01T02:25:14.203+0000][2.451s][info][gc,marking  ] GC(9) Concurrent Clear Claimed Marks 0.023ms
[2026-07-01T02:25:14.203+0000][2.451s][info][gc,marking  ] GC(9) Concurrent Cleanup for Next Mark
[2026-07-01T02:25:14.203+0000][2.452s][info][gc,marking  ] GC(9) Concurrent Cleanup for Next Mark 0.140ms
[2026-07-01T02:25:14.203+0000][2.452s][info][gc          ] GC(9) Concurrent Mark Cycle 16.794ms
[2026-07-01T02:25:14.351+0000][2.599s][info][gc,start    ] GC(10) Pause Young (Prepare Mixed) (G1 Evacuation Pause)
[2026-07-01T02:25:14.351+0000][2.599s][info][gc,task     ] GC(10) Using 2 workers of 2 for evacuation
[2026-07-01T02:25:14.354+0000][2.602s][info][gc,phases   ] GC(10)   Pre Evacuate Collection Set: 0.09ms
[2026-07-01T02:25:14.354+0000][2.602s][info][gc,phases   ] GC(10)   Merge Heap Roots: 0.06ms
[2026-07-01T02:25:14.354+0000][2.602s][info][gc,phases   ] GC(10)   Evacuate Collection Set: 2.90ms
[2026-07-01T02:25:14.354+0000][2.602s][info][gc,phases   ] GC(10)   Post Evacuate Collection Set: 0.28ms
[2026-07-01T02:25:14.354+0000][2.602s][info][gc,phases   ] GC(10)   Other: 0.05ms
[2026-07-01T02:25:14.354+0000][2.602s][info][gc,heap     ] GC(10) Eden regions: 11->0(11)
[2026-07-01T02:25:14.354+0000][2.602s][info][gc,heap     ] GC(10) Survivor regions: 2->1(2)
[2026-07-01T02:25:14.354+0000][2.602s][info][gc,heap     ] GC(10) Old regions: 9->11
[2026-07-01T02:25:14.354+0000][2.602s][info][gc,heap     ] GC(10) Humongous regions: 0->0
[2026-07-01T02:25:14.354+0000][2.602s][info][gc,metaspace] GC(10) Metaspace: 22028K(22528K)->22028K(22528K) NonClass: 19274K(19520K)->19274K(19520K) Class: 2753K(3008K)->2753K(3008K)
[2026-07-01T02:25:14.354+0000][2.602s][info][gc          ] GC(10) Pause Young (Prepare Mixed) (G1 Evacuation Pause) 20M->10M(25M) 3.493ms
[2026-07-01T02:25:14.354+0000][2.602s][info][gc,cpu      ] GC(10) User=0.01s Sys=0.00s Real=0.00s
[2026-07-01T02:25:14.487+0000][2.735s][info][gc,start    ] GC(11) Pause Young (Mixed) (G1 Evacuation Pause)
[2026-07-01T02:25:14.487+0000][2.735s][info][gc,task     ] GC(11) Using 2 workers of 2 for evacuation
[2026-07-01T02:25:14.490+0000][2.738s][info][gc,phases   ] GC(11)   Pre Evacuate Collection Set: 0.09ms
[2026-07-01T02:25:14.490+0000][2.738s][info][gc,phases   ] GC(11)   Merge Heap Roots: 0.05ms
[2026-07-01T02:25:14.490+0000][2.738s][info][gc,phases   ] GC(11)   Evacuate Collection Set: 2.03ms
[2026-07-01T02:25:14.490+0000][2.738s][info][gc,phases   ] GC(11)   Post Evacuate Collection Set: 0.30ms
[2026-07-01T02:25:14.490+0000][2.738s][info][gc,phases   ] GC(11)   Other: 0.05ms
[2026-07-01T02:25:14.490+0000][2.738s][info][gc,heap     ] GC(11) Eden regions: 11->0(15)
[2026-07-01T02:25:14.490+0000][2.738s][info][gc,heap     ] GC(11) Survivor regions: 1->2(2)
[2026-07-01T02:25:14.490+0000][2.738s][info][gc,heap     ] GC(11) Old regions: 11->10
[2026-07-01T02:25:14.490+0000][2.738s][info][gc,heap     ] GC(11) Humongous regions: 0->0
[2026-07-01T02:25:14.490+0000][2.738s][info][gc,metaspace] GC(11) Metaspace: 23209K(23744K)->23209K(23744K) NonClass: 20288K(20608K)->20288K(20608K) Class: 2920K(3136K)->2920K(3136K)
[2026-07-01T02:25:14.490+0000][2.738s][info][gc          ] GC(11) Pause Young (Mixed) (G1 Evacuation Pause) 21M->10M(30M) 2.654ms
[2026-07-01T02:25:14.490+0000][2.738s][info][gc,cpu      ] GC(11) User=0.00s Sys=0.00s Real=0.01s
[2026-07-01T02:25:14.687+0000][2.936s][info][gc,start    ] GC(12) Pause Young (Normal) (G1 Evacuation Pause)
[2026-07-01T02:25:14.687+0000][2.936s][info][gc,task     ] GC(12) Using 2 workers of 2 for evacuation
[2026-07-01T02:25:14.692+0000][2.940s][info][gc,phases   ] GC(12)   Pre Evacuate Collection Set: 0.08ms
[2026-07-01T02:25:14.692+0000][2.940s][info][gc,phases   ] GC(12)   Merge Heap Roots: 0.05ms
[2026-07-01T02:25:14.692+0000][2.940s][info][gc,phases   ] GC(12)   Evacuate Collection Set: 3.59ms
[2026-07-01T02:25:14.692+0000][2.940s][info][gc,phases   ] GC(12)   Post Evacuate Collection Set: 0.32ms
[2026-07-01T02:25:14.692+0000][2.940s][info][gc,phases   ] GC(12)   Other: 0.05ms
[2026-07-01T02:25:14.692+0000][2.940s][info][gc,heap     ] GC(12) Eden regions: 15->0(13)
[2026-07-01T02:25:14.692+0000][2.940s][info][gc,heap     ] GC(12) Survivor regions: 2->3(3)
[2026-07-01T02:25:14.692+0000][2.940s][info][gc,heap     ] GC(12) Old regions: 10->10
[2026-07-01T02:25:14.692+0000][2.940s][info][gc,heap     ] GC(12) Humongous regions: 0->0
[2026-07-01T02:25:14.692+0000][2.940s][info][gc,metaspace] GC(12) Metaspace: 26194K(26752K)->26194K(26752K) NonClass: 22872K(23168K)->22872K(23168K) Class: 3322K(3584K)->3322K(3584K)
[2026-07-01T02:25:14.692+0000][2.940s][info][gc          ] GC(12) Pause Young (Normal) (G1 Evacuation Pause) 25M->12M(30M) 4.216ms
[2026-07-01T02:25:14.692+0000][2.940s][info][gc,cpu      ] GC(12) User=0.02s Sys=0.00s Real=0.01s
[2026-07-01T02:25:14.831+0000][3.079s][info][gc,start    ] GC(13) Pause Young (Normal) (G1 Evacuation Pause)
[2026-07-01T02:25:14.831+0000][3.079s][info][gc,task     ] GC(13) Using 2 workers of 2 for evacuation
[2026-07-01T02:25:14.836+0000][3.084s][info][gc,phases   ] GC(13)   Pre Evacuate Collection Set: 0.08ms
[2026-07-01T02:25:14.836+0000][3.084s][info][gc,phases   ] GC(13)   Merge Heap Roots: 0.05ms
[2026-07-01T02:25:14.836+0000][3.084s][info][gc,phases   ] GC(13)   Evacuate Collection Set: 4.56ms
[2026-07-01T02:25:14.836+0000][3.084s][info][gc,phases   ] GC(13)   Post Evacuate Collection Set: 0.40ms
[2026-07-01T02:25:14.836+0000][3.085s][info][gc,phases   ] GC(13)   Other: 0.05ms
[2026-07-01T02:25:14.836+0000][3.085s][info][gc,heap     ] GC(13) Eden regions: 13->0(13)
[2026-07-01T02:25:14.836+0000][3.085s][info][gc,heap     ] GC(13) Survivor regions: 3->1(2)
[2026-07-01T02:25:14.836+0000][3.085s][info][gc,heap     ] GC(13) Old regions: 10->13
[2026-07-01T02:25:14.836+0000][3.085s][info][gc,heap     ] GC(13) Humongous regions: 0->0
[2026-07-01T02:25:14.836+0000][3.085s][info][gc,metaspace] GC(13) Metaspace: 27993K(28608K)->27993K(28608K) NonClass: 24428K(24768K)->24428K(24768K) Class: 3565K(3840K)->3565K(3840K)
[2026-07-01T02:25:14.836+0000][3.085s][info][gc          ] GC(13) Pause Young (Normal) (G1 Evacuation Pause) 25M->13M(30M) 5.251ms
[2026-07-01T02:25:14.836+0000][3.085s][info][gc,cpu      ] GC(13) User=0.01s Sys=0.00s Real=0.00s
[2026-07-01T02:25:14.999+0000][3.247s][info][gc,start    ] GC(14) Pause Young (Normal) (G1 Evacuation Pause)
[2026-07-01T02:25:14.999+0000][3.247s][info][gc,task     ] GC(14) Using 2 workers of 2 for evacuation
[2026-07-01T02:25:15.003+0000][3.251s][info][gc,phases   ] GC(14)   Pre Evacuate Collection Set: 0.08ms
[2026-07-01T02:25:15.003+0000][3.251s][info][gc,phases   ] GC(14)   Merge Heap Roots: 0.06ms
[2026-07-01T02:25:15.003+0000][3.251s][info][gc,phases   ] GC(14)   Evacuate Collection Set: 3.08ms
[2026-07-01T02:25:15.003+0000][3.251s][info][gc,phases   ] GC(14)   Post Evacuate Collection Set: 0.35ms
[2026-07-01T02:25:15.003+0000][3.251s][info][gc,phases   ] GC(14)   Other: 0.05ms
[2026-07-01T02:25:15.003+0000][3.251s][info][gc,heap     ] GC(14) Eden regions: 13->0(12)
[2026-07-01T02:25:15.003+0000][3.251s][info][gc,heap     ] GC(14) Survivor regions: 1->2(2)
[2026-07-01T02:25:15.003+0000][3.251s][info][gc,heap     ] GC(14) Old regions: 13->13
[2026-07-01T02:25:15.003+0000][3.251s][info][gc,heap     ] GC(14) Humongous regions: 0->0
[2026-07-01T02:25:15.003+0000][3.251s][info][gc,metaspace] GC(14) Metaspace: 29667K(30272K)->29667K(30272K) NonClass: 25854K(26176K)->25854K(26176K) Class: 3812K(4096K)->3812K(4096K)
[2026-07-01T02:25:15.003+0000][3.251s][info][gc          ] GC(14) Pause Young (Normal) (G1 Evacuation Pause) 26M->14M(30M) 3.756ms
[2026-07-01T02:25:15.003+0000][3.251s][info][gc,cpu      ] GC(14) User=0.01s Sys=0.00s Real=0.00s
[2026-07-01T02:25:15.146+0000][3.394s][info][gc,start    ] GC(15) Pause Young (Normal) (G1 Evacuation Pause)
[2026-07-01T02:25:15.146+0000][3.394s][info][gc,task     ] GC(15) Using 2 workers of 2 for evacuation
[2026-07-01T02:25:15.150+0000][3.398s][info][gc,phases   ] GC(15)   Pre Evacuate Collection Set: 0.09ms
[2026-07-01T02:25:15.150+0000][3.398s][info][gc,phases   ] GC(15)   Merge Heap Roots: 0.05ms
[2026-07-01T02:25:15.150+0000][3.398s][info][gc,phases   ] GC(15)   Evacuate Collection Set: 3.64ms
[2026-07-01T02:25:15.150+0000][3.398s][info][gc,phases   ] GC(15)   Post Evacuate Collection Set: 0.43ms
[2026-07-01T02:25:15.150+0000][3.398s][info][gc,phases   ] GC(15)   Other: 0.05ms
[2026-07-01T02:25:15.150+0000][3.398s][info][gc,heap     ] GC(15) Eden regions: 12->0(16)
[2026-07-01T02:25:15.150+0000][3.398s][info][gc,heap     ] GC(15) Survivor regions: 2->1(2)
[2026-07-01T02:25:15.150+0000][3.398s][info][gc,heap     ] GC(15) Old regions: 13->15
[2026-07-01T02:25:15.150+0000][3.398s][info][gc,heap     ] GC(15) Humongous regions: 0->0
[2026-07-01T02:25:15.150+0000][3.398s][info][gc,metaspace] GC(15) Metaspace: 31430K(32064K)->31430K(32064K) NonClass: 27372K(27776K)->27372K(27776K) Class: 4058K(4288K)->4058K(4288K)
[2026-07-01T02:25:15.150+0000][3.398s][info][gc          ] GC(15) Pause Young (Normal) (G1 Evacuation Pause) 26M->15M(36M) 4.384ms
[2026-07-01T02:25:15.150+0000][3.398s][info][gc,cpu      ] GC(15) User=0.01s Sys=0.00s Real=0.01s
[2026-07-01T02:25:15.401+0000][3.649s][info][gc,start    ] GC(16) Pause Young (Normal) (G1 Evacuation Pause)
[2026-07-01T02:25:15.401+0000][3.649s][info][gc,task     ] GC(16) Using 2 workers of 2 for evacuation
[2026-07-01T02:25:15.405+0000][3.653s][info][gc,phases   ] GC(16)   Pre Evacuate Collection Set: 0.09ms
[2026-07-01T02:25:15.405+0000][3.653s][info][gc,phases   ] GC(16)   Merge Heap Roots: 0.06ms
[2026-07-01T02:25:15.405+0000][3.653s][info][gc,phases   ] GC(16)   Evacuate Collection Set: 3.68ms
[2026-07-01T02:25:15.405+0000][3.653s][info][gc,phases   ] GC(16)   Post Evacuate Collection Set: 0.40ms
[2026-07-01T02:25:15.405+0000][3.653s][info][gc,phases   ] GC(16)   Other: 0.04ms
[2026-07-01T02:25:15.405+0000][3.653s][info][gc,heap     ] GC(16) Eden regions: 16->0(14)
[2026-07-01T02:25:15.405+0000][3.653s][info][gc,heap     ] GC(16) Survivor regions: 1->3(3)
[2026-07-01T02:25:15.405+0000][3.653s][info][gc,heap     ] GC(16) Old regions: 15->15
[2026-07-01T02:25:15.405+0000][3.653s][info][gc,heap     ] GC(16) Humongous regions: 0->0
[2026-07-01T02:25:15.405+0000][3.653s][info][gc,metaspace] GC(16) Metaspace: 34816K(35520K)->34816K(35520K) NonClass: 30266K(30656K)->30266K(30656K) Class: 4549K(4864K)->4549K(4864K)
[2026-07-01T02:25:15.405+0000][3.653s][info][gc          ] GC(16) Pause Young (Normal) (G1 Evacuation Pause) 31M->16M(36M) 4.396ms
[2026-07-01T02:25:15.405+0000][3.653s][info][gc,cpu      ] GC(16) User=0.01s Sys=0.00s Real=0.00s
[2026-07-01T02:25:15.467+0000][3.715s][info][gc,start    ] GC(17) Pause Young (Concurrent Start) (Metadata GC Threshold)
[2026-07-01T02:25:15.467+0000][3.715s][info][gc,task     ] GC(17) Using 2 workers of 2 for evacuation
[2026-07-01T02:25:15.470+0000][3.718s][info][gc,phases   ] GC(17)   Pre Evacuate Collection Set: 0.10ms
[2026-07-01T02:25:15.470+0000][3.718s][info][gc,phases   ] GC(17)   Merge Heap Roots: 0.05ms
[2026-07-01T02:25:15.470+0000][3.718s][info][gc,phases   ] GC(17)   Evacuate Collection Set: 2.87ms
[2026-07-01T02:25:15.470+0000][3.718s][info][gc,phases   ] GC(17)   Post Evacuate Collection Set: 0.28ms
[2026-07-01T02:25:15.470+0000][3.718s][info][gc,phases   ] GC(17)   Other: 0.06ms
[2026-07-01T02:25:15.470+0000][3.718s][info][gc,heap     ] GC(17) Eden regions: 4->0(14)
[2026-07-01T02:25:15.470+0000][3.718s][info][gc,heap     ] GC(17) Survivor regions: 3->1(3)
[2026-07-01T02:25:15.470+0000][3.718s][info][gc,heap     ] GC(17) Old regions: 15->17
[2026-07-01T02:25:15.470+0000][3.718s][info][gc,heap     ] GC(17) Humongous regions: 0->0
[2026-07-01T02:25:15.470+0000][3.718s][info][gc,metaspace] GC(17) Metaspace: 35486K(36160K)->35486K(36160K) NonClass: 30863K(31232K)->30863K(31232K) Class: 4622K(4928K)->4622K(4928K)
[2026-07-01T02:25:15.470+0000][3.718s][info][gc          ] GC(17) Pause Young (Concurrent Start) (Metadata GC Threshold) 20M->17M(36M) 3.490ms
[2026-07-01T02:25:15.470+0000][3.718s][info][gc,cpu      ] GC(17) User=0.01s Sys=0.00s Real=0.01s
[2026-07-01T02:25:15.470+0000][3.718s][info][gc          ] GC(18) Concurrent Mark Cycle
[2026-07-01T02:25:15.470+0000][3.718s][info][gc,marking  ] GC(18) Concurrent Scan Root Regions
[2026-07-01T02:25:15.473+0000][3.721s][info][gc,marking  ] GC(18) Concurrent Scan Root Regions 2.724ms
[2026-07-01T02:25:15.473+0000][3.721s][info][gc,marking  ] GC(18) Concurrent Mark
[2026-07-01T02:25:15.473+0000][3.721s][info][gc,marking  ] GC(18) Concurrent Mark From Roots
[2026-07-01T02:25:15.473+0000][3.721s][info][gc,task     ] GC(18) Using 1 workers of 1 for marking
[2026-07-01T02:25:15.537+0000][3.785s][info][gc,marking  ] GC(18) Concurrent Mark From Roots 63.850ms
[2026-07-01T02:25:15.537+0000][3.785s][info][gc,marking  ] GC(18) Concurrent Preclean
[2026-07-01T02:25:15.537+0000][3.785s][info][gc,marking  ] GC(18) Concurrent Preclean 0.219ms
[2026-07-01T02:25:15.537+0000][3.785s][info][gc,start    ] GC(18) Pause Remark
[2026-07-01T02:25:15.542+0000][3.790s][info][gc          ] GC(18) Pause Remark 23M->23M(36M) 4.565ms
[2026-07-01T02:25:15.542+0000][3.790s][info][gc,cpu      ] GC(18) User=0.01s Sys=0.00s Real=0.01s
[2026-07-01T02:25:15.542+0000][3.790s][info][gc,marking  ] GC(18) Concurrent Mark 68.921ms
[2026-07-01T02:25:15.542+0000][3.790s][info][gc,marking  ] GC(18) Concurrent Rebuild Remembered Sets and Scrub Regions
[2026-07-01T02:25:15.556+0000][3.804s][info][gc,marking  ] GC(18) Concurrent Rebuild Remembered Sets and Scrub Regions 14.249ms
[2026-07-01T02:25:15.556+0000][3.804s][info][gc,start    ] GC(18) Pause Cleanup
[2026-07-01T02:25:15.556+0000][3.805s][info][gc          ] GC(18) Pause Cleanup 28M->28M(36M) 0.079ms
[2026-07-01T02:25:15.556+0000][3.805s][info][gc,cpu      ] GC(18) User=0.00s Sys=0.00s Real=0.00s
[2026-07-01T02:25:15.558+0000][3.806s][info][gc,marking  ] GC(18) Concurrent Clear Claimed Marks
[2026-07-01T02:25:15.558+0000][3.806s][info][gc,marking  ] GC(18) Concurrent Clear Claimed Marks 0.071ms
[2026-07-01T02:25:15.558+0000][3.806s][info][gc,marking  ] GC(18) Concurrent Cleanup for Next Mark
[2026-07-01T02:25:15.558+0000][3.806s][info][gc,marking  ] GC(18) Concurrent Cleanup for Next Mark 0.152ms
[2026-07-01T02:25:15.558+0000][3.806s][info][gc          ] GC(18) Concurrent Mark Cycle 88.035ms
[2026-07-01T02:25:15.561+0000][3.809s][info][gc,start    ] GC(19) Pause Young (Prepare Mixed) (G1 Evacuation Pause)
[2026-07-01T02:25:15.561+0000][3.809s][info][gc,task     ] GC(19) Using 2 workers of 2 for evacuation
[2026-07-01T02:25:15.572+0000][3.820s][info][gc,phases   ] GC(19)   Pre Evacuate Collection Set: 0.12ms
[2026-07-01T02:25:15.572+0000][3.820s][info][gc,phases   ] GC(19)   Merge Heap Roots: 0.05ms
[2026-07-01T02:25:15.572+0000][3.820s][info][gc,phases   ] GC(19)   Evacuate Collection Set: 10.42ms
[2026-07-01T02:25:15.572+0000][3.820s][info][gc,phases   ] GC(19)   Post Evacuate Collection Set: 0.47ms
[2026-07-01T02:25:15.572+0000][3.820s][info][gc,phases   ] GC(19)   Other: 0.04ms
[2026-07-01T02:25:15.572+0000][3.820s][info][gc,heap     ] GC(19) Eden regions: 14->0(6)
[2026-07-01T02:25:15.572+0000][3.820s][info][gc,heap     ] GC(19) Survivor regions: 1->2(2)
[2026-07-01T02:25:15.572+0000][3.820s][info][gc,heap     ] GC(19) Old regions: 17->27
[2026-07-01T02:25:15.572+0000][3.820s][info][gc,heap     ] GC(19) Humongous regions: 0->0
[2026-07-01T02:25:15.572+0000][3.820s][info][gc,metaspace] GC(19) Metaspace: 35539K(36288K)->35539K(36288K) NonClass: 30906K(31360K)->30906K(31360K) Class: 4633K(4928K)->4633K(4928K)
[2026-07-01T02:25:15.572+0000][3.820s][info][gc          ] GC(19) Pause Young (Prepare Mixed) (G1 Evacuation Pause) 31M->28M(44M) 11.195ms
[2026-07-01T02:25:15.572+0000][3.820s][info][gc,cpu      ] GC(19) User=0.02s Sys=0.00s Real=0.01s
[2026-07-01T02:25:15.577+0000][3.825s][info][gc,start    ] GC(20) Pause Young (Mixed) (G1 Evacuation Pause)
[2026-07-01T02:25:15.577+0000][3.825s][info][gc,task     ] GC(20) Using 2 workers of 2 for evacuation
[2026-07-01T02:25:15.584+0000][3.832s][info][gc,phases   ] GC(20)   Pre Evacuate Collection Set: 0.07ms
[2026-07-01T02:25:15.584+0000][3.832s][info][gc,phases   ] GC(20)   Merge Heap Roots: 0.11ms
[2026-07-01T02:25:15.584+0000][3.832s][info][gc,phases   ] GC(20)   Evacuate Collection Set: 6.54ms
[2026-07-01T02:25:15.584+0000][3.832s][info][gc,phases   ] GC(20)   Post Evacuate Collection Set: 0.24ms
[2026-07-01T02:25:15.584+0000][3.832s][info][gc,phases   ] GC(20)   Other: 0.04ms
[2026-07-01T02:25:15.584+0000][3.832s][info][gc,heap     ] GC(20) Eden regions: 6->0(3)
[2026-07-01T02:25:15.584+0000][3.832s][info][gc,heap     ] GC(20) Survivor regions: 2->1(1)
[2026-07-01T02:25:15.584+0000][3.832s][info][gc,heap     ] GC(20) Old regions: 27->33
[2026-07-01T02:25:15.584+0000][3.832s][info][gc,heap     ] GC(20) Humongous regions: 0->0
[2026-07-01T02:25:15.584+0000][3.832s][info][gc,metaspace] GC(20) Metaspace: 35539K(36288K)->35539K(36288K) NonClass: 30906K(31360K)->30906K(31360K) Class: 4633K(4928K)->4633K(4928K)
[2026-07-01T02:25:15.584+0000][3.832s][info][gc          ] GC(20) Pause Young (Mixed) (G1 Evacuation Pause) 34M->34M(44M) 7.092ms
[2026-07-01T02:25:15.584+0000][3.832s][info][gc,cpu      ] GC(20) User=0.02s Sys=0.00s Real=0.01s
[2026-07-01T02:25:15.587+0000][3.835s][info][gc,start    ] GC(21) Pause Young (Concurrent Start) (G1 Evacuation Pause)
[2026-07-01T02:25:15.587+0000][3.835s][info][gc,task     ] GC(21) Using 2 workers of 2 for evacuation
[2026-07-01T02:25:15.590+0000][3.838s][info][gc,phases   ] GC(21)   Pre Evacuate Collection Set: 0.09ms
[2026-07-01T02:25:15.590+0000][3.838s][info][gc,phases   ] GC(21)   Merge Heap Roots: 0.04ms
[2026-07-01T02:25:15.590+0000][3.838s][info][gc,phases   ] GC(21)   Evacuate Collection Set: 1.95ms
[2026-07-01T02:25:15.590+0000][3.838s][info][gc,phases   ] GC(21)   Post Evacuate Collection Set: 0.81ms
[2026-07-01T02:25:15.590+0000][3.838s][info][gc,phases   ] GC(21)   Other: 0.06ms
[2026-07-01T02:25:15.590+0000][3.838s][info][gc,heap     ] GC(21) Eden regions: 3->0(42)
[2026-07-01T02:25:15.590+0000][3.838s][info][gc,heap     ] GC(21) Survivor regions: 1->1(1)
[2026-07-01T02:25:15.590+0000][3.838s][info][gc,heap     ] GC(21) Old regions: 33->36
[2026-07-01T02:25:15.590+0000][3.838s][info][gc,heap     ] GC(21) Humongous regions: 0->0
[2026-07-01T02:25:15.590+0000][3.838s][info][gc,metaspace] GC(21) Metaspace: 35539K(36288K)->35539K(36288K) NonClass: 30906K(31360K)->30906K(31360K) Class: 4633K(4928K)->4633K(4928K)
[2026-07-01T02:25:15.590+0000][3.838s][info][gc          ] GC(21) Pause Young (Concurrent Start) (G1 Evacuation Pause) 37M->37M(132M) 3.020ms
[2026-07-01T02:25:15.590+0000][3.838s][info][gc,cpu      ] GC(21) User=0.01s Sys=0.00s Real=0.01s
[2026-07-01T02:25:15.590+0000][3.838s][info][gc          ] GC(22) Concurrent Mark Cycle
[2026-07-01T02:25:15.590+0000][3.838s][info][gc,marking  ] GC(22) Concurrent Scan Root Regions
[2026-07-01T02:25:15.595+0000][3.843s][info][gc,marking  ] GC(22) Concurrent Scan Root Regions 5.255ms
[2026-07-01T02:25:15.595+0000][3.843s][info][gc,marking  ] GC(22) Concurrent Mark
[2026-07-01T02:25:15.595+0000][3.843s][info][gc,marking  ] GC(22) Concurrent Mark From Roots
[2026-07-01T02:25:15.595+0000][3.843s][info][gc,task     ] GC(22) Using 1 workers of 1 for marking
[2026-07-01T02:25:15.667+0000][3.915s][info][gc,marking  ] GC(22) Concurrent Mark From Roots 72.229ms
[2026-07-01T02:25:15.667+0000][3.915s][info][gc,marking  ] GC(22) Concurrent Preclean
[2026-07-01T02:25:15.667+0000][3.915s][info][gc,marking  ] GC(22) Concurrent Preclean 0.055ms
[2026-07-01T02:25:15.668+0000][3.916s][info][gc,start    ] GC(22) Pause Remark
[2026-07-01T02:25:15.672+0000][3.920s][info][gc,heap     ] GC(22) Heap shrink completed: uncommitted 52 regions (52MB), heap size now 80MB
[2026-07-01T02:25:15.672+0000][3.920s][info][gc          ] GC(22) Pause Remark 75M->75M(80M) 4.044ms
[2026-07-01T02:25:15.672+0000][3.920s][info][gc,cpu      ] GC(22) User=0.01s Sys=0.00s Real=0.01s
[2026-07-01T02:25:15.672+0000][3.920s][info][gc,marking  ] GC(22) Concurrent Mark 76.593ms
[2026-07-01T02:25:15.672+0000][3.920s][info][gc,marking  ] GC(22) Concurrent Rebuild Remembered Sets and Scrub Regions
[2026-07-01T02:25:15.676+0000][3.924s][info][gc,start    ] GC(23) Pause Young (Normal) (G1 Evacuation Pause)
[2026-07-01T02:25:15.676+0000][3.924s][info][gc,task     ] GC(23) Using 2 workers of 2 for evacuation
[2026-07-01T02:25:15.701+0000][3.949s][info][gc,phases   ] GC(23)   Pre Evacuate Collection Set: 0.10ms
[2026-07-01T02:25:15.701+0000][3.949s][info][gc,phases   ] GC(23)   Merge Heap Roots: 0.07ms
[2026-07-01T02:25:15.701+0000][3.949s][info][gc,phases   ] GC(23)   Evacuate Collection Set: 24.64ms
[2026-07-01T02:25:15.701+0000][3.949s][info][gc,phases   ] GC(23)   Post Evacuate Collection Set: 0.28ms
[2026-07-01T02:25:15.701+0000][3.949s][info][gc,phases   ] GC(23)   Other: 0.05ms
[2026-07-01T02:25:15.701+0000][3.949s][info][gc,heap     ] GC(23) Eden regions: 40->0(15)
[2026-07-01T02:25:15.701+0000][3.949s][info][gc,heap     ] GC(23) Survivor regions: 1->6(6)
[2026-07-01T02:25:15.701+0000][3.949s][info][gc,heap     ] GC(23) Old regions: 36->64
[2026-07-01T02:25:15.701+0000][3.949s][info][gc,heap     ] GC(23) Humongous regions: 3->3
[2026-07-01T02:25:15.701+0000][3.949s][info][gc,metaspace] GC(23) Metaspace: 35546K(36288K)->35546K(36288K) NonClass: 30912K(31360K)->30912K(31360K) Class: 4633K(4928K)->4633K(4928K)
[2026-07-01T02:25:15.701+0000][3.949s][info][gc          ] GC(23) Pause Young (Normal) (G1 Evacuation Pause) 80M->73M(114M) 25.252ms
[2026-07-01T02:25:15.701+0000][3.949s][info][gc,cpu      ] GC(23) User=0.04s Sys=0.01s Real=0.03s
[2026-07-01T02:25:15.715+0000][3.963s][info][gc,marking  ] GC(22) Concurrent Rebuild Remembered Sets and Scrub Regions 43.614ms
[2026-07-01T02:25:15.731+0000][3.979s][info][gc,start    ] GC(22) Pause Cleanup
[2026-07-01T02:25:15.731+0000][3.979s][info][gc          ] GC(22) Pause Cleanup 87M->87M(114M) 0.113ms
[2026-07-01T02:25:15.731+0000][3.979s][info][gc,cpu      ] GC(22) User=0.00s Sys=0.00s Real=0.00s
[2026-07-01T02:25:15.731+0000][3.979s][info][gc,marking  ] GC(22) Concurrent Clear Claimed Marks
[2026-07-01T02:25:15.731+0000][3.980s][info][gc,marking  ] GC(22) Concurrent Clear Claimed Marks 0.081ms
[2026-07-01T02:25:15.731+0000][3.980s][info][gc,marking  ] GC(22) Concurrent Cleanup for Next Mark
[2026-07-01T02:25:15.732+0000][3.980s][info][gc,marking  ] GC(22) Concurrent Cleanup for Next Mark 0.657ms
[2026-07-01T02:25:15.732+0000][3.980s][info][gc          ] GC(22) Concurrent Mark Cycle 142.368ms
[2026-07-01T02:25:15.732+0000][3.980s][info][gc,start    ] GC(24) Pause Young (Prepare Mixed) (G1 Evacuation Pause)
[2026-07-01T02:25:15.732+0000][3.980s][info][gc,task     ] GC(24) Using 2 workers of 2 for evacuation
[2026-07-01T02:25:15.743+0000][3.991s][info][gc,phases   ] GC(24)   Pre Evacuate Collection Set: 0.09ms
[2026-07-01T02:25:15.743+0000][3.991s][info][gc,phases   ] GC(24)   Merge Heap Roots: 0.06ms
[2026-07-01T02:25:15.743+0000][3.991s][info][gc,phases   ] GC(24)   Evacuate Collection Set: 10.37ms
[2026-07-01T02:25:15.743+0000][3.991s][info][gc,phases   ] GC(24)   Post Evacuate Collection Set: 0.27ms
[2026-07-01T02:25:15.743+0000][3.991s][info][gc,phases   ] GC(24)   Other: 0.05ms
[2026-07-01T02:25:15.743+0000][3.991s][info][gc,heap     ] GC(24) Eden regions: 15->0(9)
[2026-07-01T02:25:15.743+0000][3.991s][info][gc,heap     ] GC(24) Survivor regions: 6->3(3)
[2026-07-01T02:25:15.743+0000][3.991s][info][gc,heap     ] GC(24) Old regions: 64->80
[2026-07-01T02:25:15.743+0000][3.991s][info][gc,heap     ] GC(24) Humongous regions: 3->3
[2026-07-01T02:25:15.743+0000][3.991s][info][gc,metaspace] GC(24) Metaspace: 35547K(36288K)->35547K(36288K) NonClass: 30913K(31360K)->30913K(31360K) Class: 4633K(4928K)->4633K(4928K)
[2026-07-01T02:25:15.743+0000][3.991s][info][gc          ] GC(24) Pause Young (Prepare Mixed) (G1 Evacuation Pause) 88M->86M(114M) 10.930ms
[2026-07-01T02:25:15.743+0000][3.991s][info][gc,cpu      ] GC(24) User=0.02s Sys=0.00s Real=0.01s
[2026-07-01T02:25:15.754+0000][4.002s][info][gc,start    ] GC(25) Pause Young (Mixed) (G1 Evacuation Pause)
[2026-07-01T02:25:15.754+0000][4.002s][info][gc,task     ] GC(25) Using 2 workers of 2 for evacuation
[2026-07-01T02:25:15.760+0000][4.008s][info][gc,phases   ] GC(25)   Pre Evacuate Collection Set: 0.10ms
[2026-07-01T02:25:15.760+0000][4.008s][info][gc,phases   ] GC(25)   Merge Heap Roots: 0.04ms
[2026-07-01T02:25:15.760+0000][4.008s][info][gc,phases   ] GC(25)   Evacuate Collection Set: 5.28ms
[2026-07-01T02:25:15.760+0000][4.008s][info][gc,phases   ] GC(25)   Post Evacuate Collection Set: 0.24ms
[2026-07-01T02:25:15.760+0000][4.008s][info][gc,phases   ] GC(25)   Other: 0.04ms
[2026-07-01T02:25:15.760+0000][4.008s][info][gc,heap     ] GC(25) Eden regions: 9->0(7)
[2026-07-01T02:25:15.760+0000][4.008s][info][gc,heap     ] GC(25) Survivor regions: 3->2(2)
[2026-07-01T02:25:15.760+0000][4.008s][info][gc,heap     ] GC(25) Old regions: 80->87
[2026-07-01T02:25:15.760+0000][4.008s][info][gc,heap     ] GC(25) Humongous regions: 3->3
[2026-07-01T02:25:15.760+0000][4.008s][info][gc,metaspace] GC(25) Metaspace: 35561K(36288K)->35561K(36288K) NonClass: 30927K(31360K)->30927K(31360K) Class: 4633K(4928K)->4633K(4928K)
[2026-07-01T02:25:15.760+0000][4.008s][info][gc          ] GC(25) Pause Young (Mixed) (G1 Evacuation Pause) 95M->92M(114M) 5.777ms
[2026-07-01T02:25:15.760+0000][4.008s][info][gc,cpu      ] GC(25) User=0.01s Sys=0.00s Real=0.01s
[2026-07-01T02:25:15.767+0000][4.015s][info][gc,start    ] GC(26) Pause Young (Concurrent Start) (G1 Evacuation Pause)
[2026-07-01T02:25:15.767+0000][4.015s][info][gc,task     ] GC(26) Using 2 workers of 2 for evacuation
[2026-07-01T02:25:15.774+0000][4.023s][info][gc,phases   ] GC(26)   Pre Evacuate Collection Set: 0.13ms
[2026-07-01T02:25:15.775+0000][4.023s][info][gc,phases   ] GC(26)   Merge Heap Roots: 0.04ms
[2026-07-01T02:25:15.775+0000][4.023s][info][gc,phases   ] GC(26)   Evacuate Collection Set: 7.32ms
[2026-07-01T02:25:15.775+0000][4.023s][info][gc,phases   ] GC(26)   Post Evacuate Collection Set: 0.27ms
[2026-07-01T02:25:15.775+0000][4.023s][info][gc,phases   ] GC(26)   Other: 0.06ms
[2026-07-01T02:25:15.775+0000][4.023s][info][gc,heap     ] GC(26) Eden regions: 7->0(4)
[2026-07-01T02:25:15.775+0000][4.023s][info][gc,heap     ] GC(26) Survivor regions: 2->2(2)
[2026-07-01T02:25:15.775+0000][4.023s][info][gc,heap     ] GC(26) Old regions: 87->93
[2026-07-01T02:25:15.775+0000][4.023s][info][gc,heap     ] GC(26) Humongous regions: 3->3
[2026-07-01T02:25:15.775+0000][4.023s][info][gc,metaspace] GC(26) Metaspace: 35624K(36352K)->35624K(36352K) NonClass: 30976K(31424K)->30976K(31424K) Class: 4647K(4928K)->4647K(4928K)
[2026-07-01T02:25:15.775+0000][4.023s][info][gc          ] GC(26) Pause Young (Concurrent Start) (G1 Evacuation Pause) 99M->98M(114M) 7.916ms
[2026-07-01T02:25:15.775+0000][4.023s][info][gc,cpu      ] GC(26) User=0.01s Sys=0.00s Real=0.01s
[2026-07-01T02:25:15.775+0000][4.023s][info][gc          ] GC(27) Concurrent Mark Cycle
[2026-07-01T02:25:15.775+0000][4.023s][info][gc,marking  ] GC(27) Concurrent Scan Root Regions
[2026-07-01T02:25:15.780+0000][4.028s][info][gc,marking  ] GC(27) Concurrent Scan Root Regions 4.981ms
[2026-07-01T02:25:15.780+0000][4.028s][info][gc,marking  ] GC(27) Concurrent Mark
[2026-07-01T02:25:15.780+0000][4.028s][info][gc,marking  ] GC(27) Concurrent Mark From Roots
[2026-07-01T02:25:15.780+0000][4.028s][info][gc,task     ] GC(27) Using 1 workers of 1 for marking
[2026-07-01T02:25:15.781+0000][4.029s][info][gc,start    ] GC(28) Pause Young (Normal) (G1 Evacuation Pause)
[2026-07-01T02:25:15.781+0000][4.029s][info][gc,task     ] GC(28) Using 2 workers of 2 for evacuation
[2026-07-01T02:25:15.788+0000][4.036s][info][gc,phases   ] GC(28)   Pre Evacuate Collection Set: 0.10ms
[2026-07-01T02:25:15.788+0000][4.036s][info][gc,phases   ] GC(28)   Merge Heap Roots: 0.04ms
[2026-07-01T02:25:15.788+0000][4.036s][info][gc,phases   ] GC(28)   Evacuate Collection Set: 5.16ms
[2026-07-01T02:25:15.788+0000][4.036s][info][gc,phases   ] GC(28)   Post Evacuate Collection Set: 1.80ms
[2026-07-01T02:25:15.788+0000][4.036s][info][gc,phases   ] GC(28)   Other: 0.03ms
[2026-07-01T02:25:15.788+0000][4.036s][info][gc,heap     ] GC(28) Eden regions: 4->0(77)
[2026-07-01T02:25:15.788+0000][4.036s][info][gc,heap     ] GC(28) Survivor regions: 2->1(1)
[2026-07-01T02:25:15.788+0000][4.036s][info][gc,heap     ] GC(28) Old regions: 93->98
[2026-07-01T02:25:15.788+0000][4.036s][info][gc,heap     ] GC(28) Humongous regions: 3->3
[2026-07-01T02:25:15.788+0000][4.036s][info][gc,metaspace] GC(28) Metaspace: 35741K(36480K)->35741K(36480K) NonClass: 31081K(31488K)->31081K(31488K) Class: 4659K(4992K)->4659K(4992K)
[2026-07-01T02:25:15.788+0000][4.036s][info][gc          ] GC(28) Pause Young (Normal) (G1 Evacuation Pause) 102M->101M(342M) 7.223ms
[2026-07-01T02:25:15.788+0000][4.036s][info][gc,cpu      ] GC(28) User=0.01s Sys=0.00s Real=0.01s
[2026-07-01T02:25:16.054+0000][4.302s][info][gc,marking  ] GC(27) Concurrent Mark From Roots 273.998ms
[2026-07-01T02:25:16.054+0000][4.302s][info][gc,marking  ] GC(27) Concurrent Preclean
[2026-07-01T02:25:16.054+0000][4.302s][info][gc,marking  ] GC(27) Concurrent Preclean 0.051ms
[2026-07-01T02:25:16.054+0000][4.302s][info][gc,start    ] GC(27) Pause Remark
[2026-07-01T02:25:16.060+0000][4.308s][info][gc,heap     ] GC(27) Heap shrink completed: uncommitted 134 regions (134MB), heap size now 208MB
[2026-07-01T02:25:16.060+0000][4.308s][info][gc          ] GC(27) Pause Remark 172M->171M(208M) 6.165ms
[2026-07-01T02:25:16.060+0000][4.308s][info][gc,cpu      ] GC(27) User=0.01s Sys=0.00s Real=0.01s
[2026-07-01T02:25:16.062+0000][4.310s][info][gc,marking  ] GC(27) Concurrent Mark 282.013ms
[2026-07-01T02:25:16.062+0000][4.310s][info][gc,marking  ] GC(27) Concurrent Rebuild Remembered Sets and Scrub Regions
[2026-07-01T02:25:16.151+0000][4.399s][info][gc,start    ] GC(29) Pause Young (Normal) (G1 Evacuation Pause)
[2026-07-01T02:25:16.151+0000][4.399s][info][gc,task     ] GC(29) Using 2 workers of 2 for evacuation
[2026-07-01T02:25:16.190+0000][4.439s][info][gc,phases   ] GC(29)   Pre Evacuate Collection Set: 0.11ms
[2026-07-01T02:25:16.190+0000][4.439s][info][gc,phases   ] GC(29)   Merge Heap Roots: 0.16ms
[2026-07-01T02:25:16.190+0000][4.439s][info][gc,phases   ] GC(29)   Evacuate Collection Set: 38.24ms
[2026-07-01T02:25:16.190+0000][4.439s][info][gc,phases   ] GC(29)   Post Evacuate Collection Set: 0.60ms
[2026-07-01T02:25:16.190+0000][4.439s][info][gc,phases   ] GC(29)   Other: 0.06ms
[2026-07-01T02:25:16.191+0000][4.439s][info][gc,heap     ] GC(29) Eden regions: 77->0(27)
[2026-07-01T02:25:16.191+0000][4.439s][info][gc,heap     ] GC(29) Survivor regions: 1->10(10)
[2026-07-01T02:25:16.191+0000][4.439s][info][gc,heap     ] GC(29) Old regions: 98->140
[2026-07-01T02:25:16.191+0000][4.439s][info][gc,heap     ] GC(29) Humongous regions: 5->5
[2026-07-01T02:25:16.191+0000][4.439s][info][gc,metaspace] GC(29) Metaspace: 38315K(39104K)->38315K(39104K) NonClass: 33301K(33728K)->33301K(33728K) Class: 5013K(5376K)->5013K(5376K)
[2026-07-01T02:25:16.191+0000][4.439s][info][gc          ] GC(29) Pause Young (Normal) (G1 Evacuation Pause) 180M->154M(233M) 39.301ms
[2026-07-01T02:25:16.191+0000][4.439s][info][gc,cpu      ] GC(29) User=0.06s Sys=0.01s Real=0.04s
[2026-07-01T02:25:16.361+0000][4.609s][info][gc,marking  ] GC(27) Concurrent Rebuild Remembered Sets and Scrub Regions 298.860ms
[2026-07-01T02:25:16.365+0000][4.613s][info][gc,start    ] GC(27) Pause Cleanup
[2026-07-01T02:25:16.365+0000][4.613s][info][gc          ] GC(27) Pause Cleanup 166M->166M(233M) 0.157ms
[2026-07-01T02:25:16.365+0000][4.613s][info][gc,cpu      ] GC(27) User=0.00s Sys=0.00s Real=0.00s
[2026-07-01T02:25:16.375+0000][4.623s][info][gc,marking  ] GC(27) Concurrent Clear Claimed Marks
[2026-07-01T02:25:16.375+0000][4.624s][info][gc,marking  ] GC(27) Concurrent Clear Claimed Marks 0.376ms
[2026-07-01T02:25:16.375+0000][4.624s][info][gc,marking  ] GC(27) Concurrent Cleanup for Next Mark
[2026-07-01T02:25:16.390+0000][4.638s][info][gc,marking  ] GC(27) Concurrent Cleanup for Next Mark 14.794ms
[2026-07-01T02:25:16.390+0000][4.638s][info][gc          ] GC(27) Concurrent Mark Cycle 615.730ms
[2026-07-01T02:25:16.768+0000][5.016s][info][gc,start    ] GC(30) Pause Young (Prepare Mixed) (G1 Evacuation Pause)
[2026-07-01T02:25:16.768+0000][5.017s][info][gc,task     ] GC(30) Using 2 workers of 2 for evacuation
[2026-07-01T02:25:16.786+0000][5.034s][info][gc,phases   ] GC(30)   Pre Evacuate Collection Set: 0.17ms
[2026-07-01T02:25:16.786+0000][5.034s][info][gc,phases   ] GC(30)   Merge Heap Roots: 0.29ms
[2026-07-01T02:25:16.786+0000][5.034s][info][gc,phases   ] GC(30)   Evacuate Collection Set: 16.53ms
[2026-07-01T02:25:16.786+0000][5.034s][info][gc,phases   ] GC(30)   Post Evacuate Collection Set: 0.49ms
[2026-07-01T02:25:16.786+0000][5.034s][info][gc,phases   ] GC(30)   Other: 0.07ms
[2026-07-01T02:25:16.786+0000][5.034s][info][gc,heap     ] GC(30) Eden regions: 27->0(27)
[2026-07-01T02:25:16.786+0000][5.034s][info][gc,heap     ] GC(30) Survivor regions: 10->5(5)
[2026-07-01T02:25:16.786+0000][5.034s][info][gc,heap     ] GC(30) Old regions: 140->154
[2026-07-01T02:25:16.786+0000][5.034s][info][gc,heap     ] GC(30) Humongous regions: 5->5
[2026-07-01T02:25:16.786+0000][5.034s][info][gc,metaspace] GC(30) Metaspace: 39326K(40192K)->39326K(40192K) NonClass: 34186K(34624K)->34186K(34624K) Class: 5139K(5568K)->5139K(5568K)
[2026-07-01T02:25:16.786+0000][5.034s][info][gc          ] GC(30) Pause Young (Prepare Mixed) (G1 Evacuation Pause) 181M->163M(233M) 17.693ms
[2026-07-01T02:25:16.786+0000][5.034s][info][gc,cpu      ] GC(30) User=0.03s Sys=0.00s Real=0.01s
[2026-07-01T02:25:17.772+0000][6.020s][info][gc,start    ] GC(31) Pause Young (Mixed) (G1 Evacuation Pause)
[2026-07-01T02:25:17.772+0000][6.020s][info][gc,task     ] GC(31) Using 2 workers of 2 for evacuation
[2026-07-01T02:25:17.777+0000][6.025s][info][gc,phases   ] GC(31)   Pre Evacuate Collection Set: 0.14ms
[2026-07-01T02:25:17.777+0000][6.025s][info][gc,phases   ] GC(31)   Merge Heap Roots: 0.09ms
[2026-07-01T02:25:17.777+0000][6.025s][info][gc,phases   ] GC(31)   Evacuate Collection Set: 4.49ms
[2026-07-01T02:25:17.777+0000][6.025s][info][gc,phases   ] GC(31)   Post Evacuate Collection Set: 0.38ms
[2026-07-01T02:25:17.777+0000][6.025s][info][gc,phases   ] GC(31)   Other: 0.06ms
[2026-07-01T02:25:17.777+0000][6.025s][info][gc,heap     ] GC(31) Eden regions: 27->0(30)
[2026-07-01T02:25:17.777+0000][6.025s][info][gc,heap     ] GC(31) Survivor regions: 5->1(4)
[2026-07-01T02:25:17.777+0000][6.025s][info][gc,heap     ] GC(31) Old regions: 154->158
[2026-07-01T02:25:17.777+0000][6.025s][info][gc,heap     ] GC(31) Humongous regions: 5->5
[2026-07-01T02:25:17.777+0000][6.025s][info][gc,metaspace] GC(31) Metaspace: 39778K(40640K)->39778K(40640K) NonClass: 34634K(35072K)->34634K(35072K) Class: 5143K(5568K)->5143K(5568K)
[2026-07-01T02:25:17.777+0000][6.025s][info][gc          ] GC(31) Pause Young (Mixed) (G1 Evacuation Pause) 190M->163M(233M) 5.274ms
[2026-07-01T02:25:17.777+0000][6.025s][info][gc,cpu      ] GC(31) User=0.01s Sys=0.00s Real=0.00s
[2026-07-01T02:25:18.787+0000][7.035s][info][gc,start    ] GC(32) Pause Young (Concurrent Start) (G1 Evacuation Pause)
[2026-07-01T02:25:18.787+0000][7.035s][info][gc,task     ] GC(32) Using 2 workers of 2 for evacuation
[2026-07-01T02:25:18.791+0000][7.039s][info][gc,phases   ] GC(32)   Pre Evacuate Collection Set: 0.19ms
[2026-07-01T02:25:18.791+0000][7.039s][info][gc,phases   ] GC(32)   Merge Heap Roots: 0.09ms
[2026-07-01T02:25:18.791+0000][7.039s][info][gc,phases   ] GC(32)   Evacuate Collection Set: 3.43ms
[2026-07-01T02:25:18.791+0000][7.039s][info][gc,phases   ] GC(32)   Post Evacuate Collection Set: 0.36ms
[2026-07-01T02:25:18.791+0000][7.039s][info][gc,phases   ] GC(32)   Other: 0.10ms
[2026-07-01T02:25:18.791+0000][7.039s][info][gc,heap     ] GC(32) Eden regions: 30->0(33)
[2026-07-01T02:25:18.791+0000][7.039s][info][gc,heap     ] GC(32) Survivor regions: 1->1(4)
[2026-07-01T02:25:18.791+0000][7.039s][info][gc,heap     ] GC(32) Old regions: 158->158
[2026-07-01T02:25:18.791+0000][7.039s][info][gc,heap     ] GC(32) Humongous regions: 5->5
[2026-07-01T02:25:18.791+0000][7.039s][info][gc,metaspace] GC(32) Metaspace: 40439K(41280K)->40439K(41280K) NonClass: 35295K(35712K)->35295K(35712K) Class: 5143K(5568K)->5143K(5568K)
[2026-07-01T02:25:18.791+0000][7.039s][info][gc          ] GC(32) Pause Young (Concurrent Start) (G1 Evacuation Pause) 193M->162M(233M) 4.354ms
[2026-07-01T02:25:18.791+0000][7.039s][info][gc          ] GC(33) Concurrent Mark Cycle
[2026-07-01T02:25:18.791+0000][7.039s][info][gc,marking  ] GC(33) Concurrent Scan Root Regions
[2026-07-01T02:25:18.792+0000][7.040s][info][gc,marking  ] GC(33) Concurrent Scan Root Regions 0.677ms
[2026-07-01T02:25:18.792+0000][7.040s][info][gc,marking  ] GC(33) Concurrent Mark
[2026-07-01T02:25:18.791+0000][7.039s][info][gc,cpu      ] GC(32) User=0.01s Sys=0.01s Real=0.01s
[2026-07-01T02:25:18.792+0000][7.040s][info][gc,marking  ] GC(33) Concurrent Mark From Roots
[2026-07-01T02:25:18.792+0000][7.040s][info][gc,task     ] GC(33) Using 1 workers of 1 for marking
[2026-07-01T02:25:19.853+0000][8.101s][info][gc,start    ] GC(34) Pause Young (Normal) (G1 Evacuation Pause)
[2026-07-01T02:25:19.853+0000][8.101s][info][gc,task     ] GC(34) Using 2 workers of 2 for evacuation
[2026-07-01T02:25:19.856+0000][8.104s][info][gc,phases   ] GC(34)   Pre Evacuate Collection Set: 0.24ms
[2026-07-01T02:25:19.856+0000][8.104s][info][gc,phases   ] GC(34)   Merge Heap Roots: 0.11ms
[2026-07-01T02:25:19.856+0000][8.104s][info][gc,phases   ] GC(34)   Evacuate Collection Set: 2.46ms
[2026-07-01T02:25:19.856+0000][8.104s][info][gc,phases   ] GC(34)   Post Evacuate Collection Set: 0.29ms
[2026-07-01T02:25:19.856+0000][8.104s][info][gc,phases   ] GC(34)   Other: 0.08ms
[2026-07-01T02:25:19.856+0000][8.104s][info][gc,heap     ] GC(34) Eden regions: 33->0(36)
[2026-07-01T02:25:19.856+0000][8.104s][info][gc,heap     ] GC(34) Survivor regions: 1->1(5)
[2026-07-01T02:25:19.856+0000][8.104s][info][gc,heap     ] GC(34) Old regions: 158->158
[2026-07-01T02:25:19.856+0000][8.104s][info][gc,heap     ] GC(34) Humongous regions: 5->5
[2026-07-01T02:25:19.856+0000][8.104s][info][gc,metaspace] GC(34) Metaspace: 40607K(41472K)->40607K(41472K) NonClass: 35463K(35904K)->35463K(35904K) Class: 5143K(5568K)->5143K(5568K)
[2026-07-01T02:25:19.856+0000][8.105s][info][gc          ] GC(34) Pause Young (Normal) (G1 Evacuation Pause) 195M->162M(233M) 3.334ms
[2026-07-01T02:25:19.856+0000][8.105s][info][gc,cpu      ] GC(34) User=0.01s Sys=0.00s Real=0.00s
[2026-07-01T02:25:20.931+0000][9.179s][info][gc,start    ] GC(35) Pause Young (Normal) (G1 Evacuation Pause)
[2026-07-01T02:25:20.931+0000][9.179s][info][gc,task     ] GC(35) Using 2 workers of 2 for evacuation
[2026-07-01T02:25:20.936+0000][9.184s][info][gc,phases   ] GC(35)   Pre Evacuate Collection Set: 0.13ms
[2026-07-01T02:25:20.936+0000][9.184s][info][gc,phases   ] GC(35)   Merge Heap Roots: 0.12ms
[2026-07-01T02:25:20.936+0000][9.184s][info][gc,phases   ] GC(35)   Evacuate Collection Set: 3.99ms
[2026-07-01T02:25:20.936+0000][9.184s][info][gc,phases   ] GC(35)   Post Evacuate Collection Set: 0.39ms
[2026-07-01T02:25:20.936+0000][9.184s][info][gc,phases   ] GC(35)   Other: 0.05ms
[2026-07-01T02:25:20.936+0000][9.184s][info][gc,heap     ] GC(35) Eden regions: 36->0(39)
[2026-07-01T02:25:20.936+0000][9.184s][info][gc,heap     ] GC(35) Survivor regions: 1->1(5)
[2026-07-01T02:25:20.936+0000][9.184s][info][gc,heap     ] GC(35) Old regions: 158->158
[2026-07-01T02:25:20.936+0000][9.184s][info][gc,heap     ] GC(35) Humongous regions: 5->5
[2026-07-01T02:25:20.936+0000][9.184s][info][gc,metaspace] GC(35) Metaspace: 40750K(41600K)->40750K(41600K) NonClass: 35605K(36032K)->35605K(36032K) Class: 5144K(5568K)->5144K(5568K)
[2026-07-01T02:25:20.936+0000][9.184s][info][gc          ] GC(35) Pause Young (Normal) (G1 Evacuation Pause) 198M->162M(233M) 4.803ms
[2026-07-01T02:25:20.936+0000][9.184s][info][gc,cpu      ] GC(35) User=0.02s Sys=0.00s Real=0.00s
[2026-07-01T02:25:21.171+0000][9.419s][info][gc,marking  ] GC(33) Concurrent Mark From Roots 2373.957ms
[2026-07-01T02:25:21.171+0000][9.419s][info][gc,marking  ] GC(33) Concurrent Preclean
[2026-07-01T02:25:21.171+0000][9.419s][info][gc,marking  ] GC(33) Concurrent Preclean 0.126ms
[2026-07-01T02:25:21.174+0000][9.422s][info][gc,start    ] GC(33) Pause Remark
[2026-07-01T02:25:21.182+0000][9.430s][info][gc          ] GC(33) Pause Remark 171M->169M(233M) 7.621ms
[2026-07-01T02:25:21.182+0000][9.430s][info][gc,cpu      ] GC(33) User=0.02s Sys=0.00s Real=0.01s
[2026-07-01T02:25:21.188+0000][9.436s][info][gc,marking  ] GC(33) Concurrent Mark 2395.994ms
[2026-07-01T02:25:21.188+0000][9.436s][info][gc,marking  ] GC(33) Concurrent Rebuild Remembered Sets and Scrub Regions
[2026-07-01T02:25:21.782+0000][10.030s][info][gc,marking  ] GC(33) Concurrent Rebuild Remembered Sets and Scrub Regions 594.205ms
[2026-07-01T02:25:21.786+0000][10.034s][info][gc,start    ] GC(33) Pause Cleanup
[2026-07-01T02:25:21.786+0000][10.034s][info][gc          ] GC(33) Pause Cleanup 192M->192M(233M) 0.219ms
[2026-07-01T02:25:21.786+0000][10.034s][info][gc,cpu      ] GC(33) User=0.00s Sys=0.00s Real=0.00s
[2026-07-01T02:25:21.788+0000][10.036s][info][gc,marking  ] GC(33) Concurrent Clear Claimed Marks
[2026-07-01T02:25:21.788+0000][10.036s][info][gc,marking  ] GC(33) Concurrent Clear Claimed Marks 0.237ms
[2026-07-01T02:25:21.788+0000][10.036s][info][gc,marking  ] GC(33) Concurrent Cleanup for Next Mark
[2026-07-01T02:25:21.790+0000][10.038s][info][gc,marking  ] GC(33) Concurrent Cleanup for Next Mark 1.664ms
[2026-07-01T02:25:21.790+0000][10.038s][info][gc          ] GC(33) Concurrent Mark Cycle 2998.572ms
[2026-07-01T02:25:21.969+0000][10.217s][info][gc,start    ] GC(36) Pause Young (Prepare Mixed) (G1 Evacuation Pause)
[2026-07-01T02:25:21.969+0000][10.217s][info][gc,task     ] GC(36) Using 2 workers of 2 for evacuation
[2026-07-01T02:25:21.974+0000][10.222s][info][gc,phases   ] GC(36)   Pre Evacuate Collection Set: 0.12ms
[2026-07-01T02:25:21.974+0000][10.222s][info][gc,phases   ] GC(36)   Merge Heap Roots: 0.14ms
[2026-07-01T02:25:21.974+0000][10.222s][info][gc,phases   ] GC(36)   Evacuate Collection Set: 3.98ms
[2026-07-01T02:25:21.974+0000][10.222s][info][gc,phases   ] GC(36)   Post Evacuate Collection Set: 0.31ms
[2026-07-01T02:25:21.974+0000][10.222s][info][gc,phases   ] GC(36)   Other: 0.07ms
[2026-07-01T02:25:21.974+0000][10.222s][info][gc,heap     ] GC(36) Eden regions: 39->0(43)
[2026-07-01T02:25:21.974+0000][10.222s][info][gc,heap     ] GC(36) Survivor regions: 1->1(5)
[2026-07-01T02:25:21.974+0000][10.222s][info][gc,heap     ] GC(36) Old regions: 158->158
[2026-07-01T02:25:21.974+0000][10.222s][info][gc,heap     ] GC(36) Humongous regions: 3->3
[2026-07-01T02:25:21.974+0000][10.222s][info][gc,metaspace] GC(36) Metaspace: 40909K(41792K)->40909K(41792K) NonClass: 35774K(36224K)->35774K(36224K) Class: 5134K(5568K)->5134K(5568K)
[2026-07-01T02:25:21.974+0000][10.222s][info][gc          ] GC(36) Pause Young (Prepare Mixed) (G1 Evacuation Pause) 199M->160M(233M) 4.809ms
[2026-07-01T02:25:21.974+0000][10.222s][info][gc,cpu      ] GC(36) User=0.01s Sys=0.00s Real=0.00s
[2026-07-01T02:25:22.997+0000][11.245s][info][gc,start    ] GC(37) Pause Young (Mixed) (G1 Evacuation Pause)
[2026-07-01T02:25:22.997+0000][11.245s][info][gc,task     ] GC(37) Using 2 workers of 2 for evacuation
[2026-07-01T02:25:23.003+0000][11.251s][info][gc,phases   ] GC(37)   Pre Evacuate Collection Set: 0.14ms
[2026-07-01T02:25:23.003+0000][11.251s][info][gc,phases   ] GC(37)   Merge Heap Roots: 0.14ms
[2026-07-01T02:25:23.003+0000][11.251s][info][gc,phases   ] GC(37)   Evacuate Collection Set: 5.07ms
[2026-07-01T02:25:23.003+0000][11.251s][info][gc,phases   ] GC(37)   Post Evacuate Collection Set: 0.49ms
[2026-07-01T02:25:23.003+0000][11.251s][info][gc,phases   ] GC(37)   Other: 0.06ms
[2026-07-01T02:25:23.003+0000][11.251s][info][gc,heap     ] GC(37) Eden regions: 43->0(46)
[2026-07-01T02:25:23.003+0000][11.251s][info][gc,heap     ] GC(37) Survivor regions: 1->2(6)
[2026-07-01T02:25:23.003+0000][11.251s][info][gc,heap     ] GC(37) Old regions: 158->156
[2026-07-01T02:25:23.003+0000][11.251s][info][gc,heap     ] GC(37) Humongous regions: 3->3
[2026-07-01T02:25:23.003+0000][11.251s][info][gc,metaspace] GC(37) Metaspace: 41057K(41920K)->41057K(41920K) NonClass: 35922K(36352K)->35922K(36352K) Class: 5135K(5568K)->5135K(5568K)
[2026-07-01T02:25:23.003+0000][11.251s][info][gc          ] GC(37) Pause Young (Mixed) (G1 Evacuation Pause) 203M->160M(233M) 6.082ms
[2026-07-01T02:25:23.003+0000][11.251s][info][gc,cpu      ] GC(37) User=0.01s Sys=0.01s Real=0.01s
[2026-07-01T02:25:23.852+0000][12.100s][info][gc,start    ] GC(38) Pause Young (Concurrent Start) (G1 Evacuation Pause)
[2026-07-01T02:25:23.852+0000][12.100s][info][gc,task     ] GC(38) Using 2 workers of 2 for evacuation
[2026-07-01T02:25:23.857+0000][12.105s][info][gc,phases   ] GC(38)   Pre Evacuate Collection Set: 0.11ms
[2026-07-01T02:25:23.857+0000][12.105s][info][gc,phases   ] GC(38)   Merge Heap Roots: 0.10ms
[2026-07-01T02:25:23.857+0000][12.105s][info][gc,phases   ] GC(38)   Evacuate Collection Set: 3.84ms
[2026-07-01T02:25:23.857+0000][12.105s][info][gc,phases   ] GC(38)   Post Evacuate Collection Set: 0.25ms
[2026-07-01T02:25:23.857+0000][12.105s][info][gc,phases   ] GC(38)   Other: 0.05ms
[2026-07-01T02:25:23.857+0000][12.105s][info][gc,heap     ] GC(38) Eden regions: 46->0(48)
[2026-07-01T02:25:23.857+0000][12.105s][info][gc,heap     ] GC(38) Survivor regions: 2->3(6)
[2026-07-01T02:25:23.857+0000][12.105s][info][gc,heap     ] GC(38) Old regions: 156->156
[2026-07-01T02:25:23.857+0000][12.105s][info][gc,heap     ] GC(38) Humongous regions: 3->3
[2026-07-01T02:25:23.857+0000][12.105s][info][gc,metaspace] GC(38) Metaspace: 41149K(41984K)->41149K(41984K) NonClass: 36014K(36416K)->36014K(36416K) Class: 5135K(5568K)->5135K(5568K)
[2026-07-01T02:25:23.857+0000][12.105s][info][gc          ] GC(38) Pause Young (Concurrent Start) (G1 Evacuation Pause) 206M->161M(233M) 4.497ms
[2026-07-01T02:25:23.857+0000][12.105s][info][gc,cpu      ] GC(38) User=0.01s Sys=0.00s Real=0.00s
[2026-07-01T02:25:23.857+0000][12.105s][info][gc          ] GC(39) Concurrent Mark Cycle
[2026-07-01T02:25:23.857+0000][12.105s][info][gc,marking  ] GC(39) Concurrent Scan Root Regions
[2026-07-01T02:25:23.878+0000][12.126s][info][gc,marking  ] GC(39) Concurrent Scan Root Regions 21.427ms
[2026-07-01T02:25:23.878+0000][12.126s][info][gc,marking  ] GC(39) Concurrent Mark
[2026-07-01T02:25:23.878+0000][12.126s][info][gc,marking  ] GC(39) Concurrent Mark From Roots
[2026-07-01T02:25:23.878+0000][12.126s][info][gc,task     ] GC(39) Using 1 workers of 1 for marking
[2026-07-01T02:25:24.768+0000][13.016s][info][gc,marking  ] GC(39) Concurrent Mark From Roots 889.836ms
[2026-07-01T02:25:24.768+0000][13.016s][info][gc,marking  ] GC(39) Concurrent Preclean
[2026-07-01T02:25:24.768+0000][13.016s][info][gc,marking  ] GC(39) Concurrent Preclean 0.072ms
[2026-07-01T02:25:24.777+0000][13.026s][info][gc,start    ] GC(39) Pause Remark
[2026-07-01T02:25:24.783+0000][13.031s][info][gc          ] GC(39) Pause Remark 207M->207M(233M) 5.859ms
[2026-07-01T02:25:24.783+0000][13.031s][info][gc,cpu      ] GC(39) User=0.01s Sys=0.00s Real=0.01s
[2026-07-01T02:25:24.788+0000][13.036s][info][gc,marking  ] GC(39) Concurrent Mark 909.301ms
[2026-07-01T02:25:24.788+0000][13.036s][info][gc,marking  ] GC(39) Concurrent Rebuild Remembered Sets and Scrub Regions
[2026-07-01T02:25:24.842+0000][13.090s][info][gc,start    ] GC(40) Pause Young (Normal) (G1 Evacuation Pause)
[2026-07-01T02:25:24.842+0000][13.090s][info][gc,task     ] GC(40) Using 2 workers of 2 for evacuation
[2026-07-01T02:25:24.848+0000][13.097s][info][gc,phases   ] GC(40)   Pre Evacuate Collection Set: 0.15ms
[2026-07-01T02:25:24.848+0000][13.097s][info][gc,phases   ] GC(40)   Merge Heap Roots: 0.20ms
[2026-07-01T02:25:24.848+0000][13.097s][info][gc,phases   ] GC(40)   Evacuate Collection Set: 5.89ms
[2026-07-01T02:25:24.848+0000][13.097s][info][gc,phases   ] GC(40)   Post Evacuate Collection Set: 0.45ms
[2026-07-01T02:25:24.849+0000][13.097s][info][gc,phases   ] GC(40)   Other: 0.05ms
[2026-07-01T02:25:24.849+0000][13.097s][info][gc,heap     ] GC(40) Eden regions: 48->0(50)
[2026-07-01T02:25:24.849+0000][13.097s][info][gc,heap     ] GC(40) Survivor regions: 3->4(7)
[2026-07-01T02:25:24.849+0000][13.097s][info][gc,heap     ] GC(40) Old regions: 156->156
[2026-07-01T02:25:24.849+0000][13.097s][info][gc,heap     ] GC(40) Humongous regions: 3->3
[2026-07-01T02:25:24.849+0000][13.097s][info][gc,metaspace] GC(40) Metaspace: 41223K(42112K)->41223K(42112K) NonClass: 36087K(36544K)->36087K(36544K) Class: 5136K(5568K)->5136K(5568K)
[2026-07-01T02:25:24.849+0000][13.097s][info][gc          ] GC(40) Pause Young (Normal) (G1 Evacuation Pause) 209M->162M(233M) 6.930ms
[2026-07-01T02:25:24.849+0000][13.097s][info][gc,cpu      ] GC(40) User=0.01s Sys=0.00s Real=0.01s
[2026-07-01T02:25:25.348+0000][13.596s][info][gc,marking  ] GC(39) Concurrent Rebuild Remembered Sets and Scrub Regions 560.052ms
[2026-07-01T02:25:25.348+0000][13.596s][info][gc,start    ] GC(39) Pause Cleanup
[2026-07-01T02:25:25.348+0000][13.596s][info][gc          ] GC(39) Pause Cleanup 191M->191M(233M) 0.143ms
[2026-07-01T02:25:25.348+0000][13.596s][info][gc,cpu      ] GC(39) User=0.00s Sys=0.00s Real=0.00s
[2026-07-01T02:25:25.358+0000][13.606s][info][gc,marking  ] GC(39) Concurrent Clear Claimed Marks
[2026-07-01T02:25:25.358+0000][13.606s][info][gc,marking  ] GC(39) Concurrent Clear Claimed Marks 0.093ms
[2026-07-01T02:25:25.358+0000][13.606s][info][gc,marking  ] GC(39) Concurrent Cleanup for Next Mark
[2026-07-01T02:25:25.359+0000][13.607s][info][gc,marking  ] GC(39) Concurrent Cleanup for Next Mark 0.436ms
[2026-07-01T02:25:25.359+0000][13.607s][info][gc          ] GC(39) Concurrent Mark Cycle 1502.006ms
[2026-07-01T02:25:25.596+0000][13.844s][info][gc,start    ] GC(41) Pause Young (Prepare Mixed) (G1 Evacuation Pause)
[2026-07-01T02:25:25.596+0000][13.844s][info][gc,task     ] GC(41) Using 2 workers of 2 for evacuation
[2026-07-01T02:25:25.602+0000][13.850s][info][gc,phases   ] GC(41)   Pre Evacuate Collection Set: 0.10ms
[2026-07-01T02:25:25.602+0000][13.850s][info][gc,phases   ] GC(41)   Merge Heap Roots: 0.18ms
[2026-07-01T02:25:25.602+0000][13.850s][info][gc,phases   ] GC(41)   Evacuate Collection Set: 5.35ms
[2026-07-01T02:25:25.602+0000][13.850s][info][gc,phases   ] GC(41)   Post Evacuate Collection Set: 0.45ms
[2026-07-01T02:25:25.602+0000][13.850s][info][gc,phases   ] GC(41)   Other: 0.04ms
[2026-07-01T02:25:25.602+0000][13.851s][info][gc,heap     ] GC(41) Eden regions: 50->0(52)
[2026-07-01T02:25:25.602+0000][13.851s][info][gc,heap     ] GC(41) Survivor regions: 4->4(7)
[2026-07-01T02:25:25.602+0000][13.851s][info][gc,heap     ] GC(41) Old regions: 156->156
[2026-07-01T02:25:25.602+0000][13.851s][info][gc,heap     ] GC(41) Humongous regions: 3->3
[2026-07-01T02:25:25.602+0000][13.851s][info][gc,metaspace] GC(41) Metaspace: 41382K(42240K)->41382K(42240K) NonClass: 36245K(36672K)->36245K(36672K) Class: 5137K(5568K)->5137K(5568K)
[2026-07-01T02:25:25.602+0000][13.851s][info][gc          ] GC(41) Pause Young (Prepare Mixed) (G1 Evacuation Pause) 212M->162M(233M) 6.252ms
[2026-07-01T02:25:25.602+0000][13.851s][info][gc,cpu      ] GC(41) User=0.02s Sys=0.00s Real=0.01s
[2026-07-01T02:25:26.247+0000][14.495s][info][gc,start    ] GC(42) Pause Young (Mixed) (G1 Evacuation Pause)
[2026-07-01T02:25:26.247+0000][14.495s][info][gc,task     ] GC(42) Using 2 workers of 2 for evacuation
[2026-07-01T02:25:26.253+0000][14.501s][info][gc,phases   ] GC(42)   Pre Evacuate Collection Set: 0.14ms
[2026-07-01T02:25:26.253+0000][14.501s][info][gc,phases   ] GC(42)   Merge Heap Roots: 0.14ms
[2026-07-01T02:25:26.253+0000][14.501s][info][gc,phases   ] GC(42)   Evacuate Collection Set: 5.38ms
[2026-07-01T02:25:26.253+0000][14.501s][info][gc,phases   ] GC(42)   Post Evacuate Collection Set: 0.42ms
[2026-07-01T02:25:26.253+0000][14.501s][info][gc,phases   ] GC(42)   Other: 0.05ms
[2026-07-01T02:25:26.253+0000][14.501s][info][gc,heap     ] GC(42) Eden regions: 52->0(55)
[2026-07-01T02:25:26.253+0000][14.501s][info][gc,heap     ] GC(42) Survivor regions: 4->4(7)
[2026-07-01T02:25:26.253+0000][14.501s][info][gc,heap     ] GC(42) Old regions: 156->154
[2026-07-01T02:25:26.253+0000][14.501s][info][gc,heap     ] GC(42) Humongous regions: 3->3
[2026-07-01T02:25:26.253+0000][14.501s][info][gc,metaspace] GC(42) Metaspace: 41496K(42368K)->41496K(42368K) NonClass: 36357K(36800K)->36357K(36800K) Class: 5138K(5568K)->5138K(5568K)
[2026-07-01T02:25:26.253+0000][14.501s][info][gc          ] GC(42) Pause Young (Mixed) (G1 Evacuation Pause) 214M->160M(233M) 6.276ms
[2026-07-01T02:25:26.253+0000][14.501s][info][gc,cpu      ] GC(42) User=0.01s Sys=0.00s Real=0.01s
[2026-07-01T02:25:26.839+0000][15.087s][info][gc,start    ] GC(43) Pause Young (Concurrent Start) (G1 Evacuation Pause)
[2026-07-01T02:25:26.839+0000][15.087s][info][gc,task     ] GC(43) Using 2 workers of 2 for evacuation
[2026-07-01T02:25:26.846+0000][15.094s][info][gc,phases   ] GC(43)   Pre Evacuate Collection Set: 0.19ms
[2026-07-01T02:25:26.846+0000][15.094s][info][gc,phases   ] GC(43)   Merge Heap Roots: 0.16ms
[2026-07-01T02:25:26.846+0000][15.094s][info][gc,phases   ] GC(43)   Evacuate Collection Set: 6.21ms
[2026-07-01T02:25:26.846+0000][15.094s][info][gc,phases   ] GC(43)   Post Evacuate Collection Set: 0.35ms
[2026-07-01T02:25:26.846+0000][15.094s][info][gc,phases   ] GC(43)   Other: 0.07ms
[2026-07-01T02:25:26.846+0000][15.094s][info][gc,heap     ] GC(43) Eden regions: 55->0(57)
[2026-07-01T02:25:26.846+0000][15.094s][info][gc,heap     ] GC(43) Survivor regions: 4->4(8)
[2026-07-01T02:25:26.846+0000][15.094s][info][gc,heap     ] GC(43) Old regions: 154->154
[2026-07-01T02:25:26.846+0000][15.094s][info][gc,heap     ] GC(43) Humongous regions: 3->3
[2026-07-01T02:25:26.846+0000][15.094s][info][gc,metaspace] GC(43) Metaspace: 41525K(42368K)->41525K(42368K) NonClass: 36387K(36800K)->36387K(36800K) Class: 5138K(5568K)->5138K(5568K)
[2026-07-01T02:25:26.846+0000][15.094s][info][gc          ] GC(43) Pause Young (Concurrent Start) (G1 Evacuation Pause) 215M->160M(233M) 7.116ms
[2026-07-01T02:25:26.846+0000][15.094s][info][gc          ] GC(44) Concurrent Mark Cycle
[2026-07-01T02:25:26.846+0000][15.094s][info][gc,marking  ] GC(44) Concurrent Scan Root Regions
[2026-07-01T02:25:26.846+0000][15.094s][info][gc,cpu      ] GC(43) User=0.02s Sys=0.00s Real=0.00s
[2026-07-01T02:25:26.857+0000][15.105s][info][gc,marking  ] GC(44) Concurrent Scan Root Regions 11.574ms
[2026-07-01T02:25:26.857+0000][15.105s][info][gc,marking  ] GC(44) Concurrent Mark
[2026-07-01T02:25:26.857+0000][15.105s][info][gc,marking  ] GC(44) Concurrent Mark From Roots
[2026-07-01T02:25:26.857+0000][15.105s][info][gc,task     ] GC(44) Using 1 workers of 1 for marking
[2026-07-01T02:25:27.590+0000][15.838s][info][gc,start    ] GC(45) Pause Young (Normal) (G1 Evacuation Pause)
[2026-07-01T02:25:27.590+0000][15.838s][info][gc,task     ] GC(45) Using 2 workers of 2 for evacuation
[2026-07-01T02:25:27.596+0000][15.844s][info][gc,phases   ] GC(45)   Pre Evacuate Collection Set: 0.14ms
[2026-07-01T02:25:27.596+0000][15.844s][info][gc,phases   ] GC(45)   Merge Heap Roots: 0.14ms
[2026-07-01T02:25:27.596+0000][15.844s][info][gc,phases   ] GC(45)   Evacuate Collection Set: 5.25ms
[2026-07-01T02:25:27.596+0000][15.844s][info][gc,phases   ] GC(45)   Post Evacuate Collection Set: 0.41ms
[2026-07-01T02:25:27.596+0000][15.844s][info][gc,phases   ] GC(45)   Other: 0.05ms
[2026-07-01T02:25:27.596+0000][15.844s][info][gc,heap     ] GC(45) Eden regions: 57->0(59)
[2026-07-01T02:25:27.596+0000][15.844s][info][gc,heap     ] GC(45) Survivor regions: 4->4(8)
[2026-07-01T02:25:27.596+0000][15.844s][info][gc,heap     ] GC(45) Old regions: 154->154
[2026-07-01T02:25:27.596+0000][15.844s][info][gc,heap     ] GC(45) Humongous regions: 3->3
[2026-07-01T02:25:27.596+0000][15.844s][info][gc,metaspace] GC(45) Metaspace: 41526K(42368K)->41526K(42368K) NonClass: 36388K(36800K)->36388K(36800K) Class: 5138K(5568K)->5138K(5568K)
[2026-07-01T02:25:27.596+0000][15.844s][info][gc          ] GC(45) Pause Young (Normal) (G1 Evacuation Pause) 217M->160M(233M) 6.128ms
[2026-07-01T02:25:27.596+0000][15.844s][info][gc,cpu      ] GC(45) User=0.01s Sys=0.00s Real=0.00s
[2026-07-01T02:25:27.894+0000][16.142s][info][gc,marking  ] GC(44) Concurrent Mark From Roots 1035.891ms
[2026-07-01T02:25:27.894+0000][16.142s][info][gc,marking  ] GC(44) Concurrent Preclean
[2026-07-01T02:25:27.895+0000][16.143s][info][gc,marking  ] GC(44) Concurrent Preclean 0.750ms
[2026-07-01T02:25:27.896+0000][16.145s][info][gc,start    ] GC(44) Pause Remark
[2026-07-01T02:25:27.902+0000][16.150s][info][gc          ] GC(44) Pause Remark 189M->189M(233M) 5.453ms
[2026-07-01T02:25:27.902+0000][16.150s][info][gc,cpu      ] GC(44) User=0.01s Sys=0.00s Real=0.01s
[2026-07-01T02:25:27.933+0000][16.181s][info][gc,marking  ] GC(44) Concurrent Mark 1075.770ms
[2026-07-01T02:25:27.933+0000][16.181s][info][gc,marking  ] GC(44) Concurrent Rebuild Remembered Sets and Scrub Regions
[2026-07-01T02:25:28.281+0000][16.530s][info][gc,start    ] GC(46) Pause Young (Normal) (G1 Evacuation Pause)
[2026-07-01T02:25:28.281+0000][16.530s][info][gc,task     ] GC(46) Using 2 workers of 2 for evacuation
[2026-07-01T02:25:28.289+0000][16.537s][info][gc,phases   ] GC(46)   Pre Evacuate Collection Set: 0.13ms
[2026-07-01T02:25:28.289+0000][16.537s][info][gc,phases   ] GC(46)   Merge Heap Roots: 0.21ms
[2026-07-01T02:25:28.289+0000][16.537s][info][gc,phases   ] GC(46)   Evacuate Collection Set: 6.95ms
[2026-07-01T02:25:28.289+0000][16.537s][info][gc,phases   ] GC(46)   Post Evacuate Collection Set: 0.43ms
[2026-07-01T02:25:28.289+0000][16.537s][info][gc,phases   ] GC(46)   Other: 0.06ms
[2026-07-01T02:25:28.289+0000][16.537s][info][gc,heap     ] GC(46) Eden regions: 59->0(58)
[2026-07-01T02:25:28.289+0000][16.537s][info][gc,heap     ] GC(46) Survivor regions: 4->5(8)
[2026-07-01T02:25:28.289+0000][16.537s][info][gc,heap     ] GC(46) Old regions: 154->154
[2026-07-01T02:25:28.289+0000][16.537s][info][gc,heap     ] GC(46) Humongous regions: 3->3
[2026-07-01T02:25:28.289+0000][16.537s][info][gc,metaspace] GC(46) Metaspace: 41530K(42432K)->41530K(42432K) NonClass: 36392K(36864K)->36392K(36864K) Class: 5138K(5568K)->5138K(5568K)
[2026-07-01T02:25:28.289+0000][16.537s][info][gc          ] GC(46) Pause Young (Normal) (G1 Evacuation Pause) 219M->161M(233M) 7.926ms
[2026-07-01T02:25:28.289+0000][16.537s][info][gc,cpu      ] GC(46) User=0.02s Sys=0.00s Real=0.01s
[2026-07-01T02:25:28.294+0000][16.542s][info][gc,marking  ] GC(44) Concurrent Rebuild Remembered Sets and Scrub Regions 360.528ms
[2026-07-01T02:25:28.294+0000][16.542s][info][gc,start    ] GC(44) Pause Cleanup
[2026-07-01T02:25:28.294+0000][16.542s][info][gc          ] GC(44) Pause Cleanup 161M->161M(233M) 0.109ms
[2026-07-01T02:25:28.294+0000][16.542s][info][gc,cpu      ] GC(44) User=0.00s Sys=0.00s Real=0.00s
[2026-07-01T02:25:28.294+0000][16.542s][info][gc,marking  ] GC(44) Concurrent Clear Claimed Marks
[2026-07-01T02:25:28.294+0000][16.542s][info][gc,marking  ] GC(44) Concurrent Clear Claimed Marks 0.086ms
[2026-07-01T02:25:28.294+0000][16.542s][info][gc,marking  ] GC(44) Concurrent Cleanup for Next Mark
[2026-07-01T02:25:28.295+0000][16.543s][info][gc,marking  ] GC(44) Concurrent Cleanup for Next Mark 0.729ms
[2026-07-01T02:25:28.295+0000][16.543s][info][gc          ] GC(44) Concurrent Mark Cycle 1449.365ms
[2026-07-01T02:25:28.939+0000][17.187s][info][gc,start    ] GC(47) Pause Young (Prepare Mixed) (G1 Evacuation Pause)
[2026-07-01T02:25:28.939+0000][17.187s][info][gc,task     ] GC(47) Using 2 workers of 2 for evacuation
[2026-07-01T02:25:28.949+0000][17.197s][info][gc,phases   ] GC(47)   Pre Evacuate Collection Set: 0.16ms
[2026-07-01T02:25:28.949+0000][17.197s][info][gc,phases   ] GC(47)   Merge Heap Roots: 0.27ms
[2026-07-01T02:25:28.949+0000][17.197s][info][gc,phases   ] GC(47)   Evacuate Collection Set: 9.01ms
[2026-07-01T02:25:28.949+0000][17.197s][info][gc,phases   ] GC(47)   Post Evacuate Collection Set: 0.49ms
[2026-07-01T02:25:28.949+0000][17.197s][info][gc,phases   ] GC(47)   Other: 0.06ms
[2026-07-01T02:25:28.949+0000][17.197s][info][gc,heap     ] GC(47) Eden regions: 58->0(58)
[2026-07-01T02:25:28.949+0000][17.197s][info][gc,heap     ] GC(47) Survivor regions: 5->5(8)
[2026-07-01T02:25:28.949+0000][17.197s][info][gc,heap     ] GC(47) Old regions: 154->154
[2026-07-01T02:25:28.949+0000][17.197s][info][gc,heap     ] GC(47) Humongous regions: 3->3
[2026-07-01T02:25:28.949+0000][17.197s][info][gc,metaspace] GC(47) Metaspace: 41531K(42432K)->41531K(42432K) NonClass: 36392K(36864K)->36392K(36864K) Class: 5138K(5568K)->5138K(5568K)
[2026-07-01T02:25:28.949+0000][17.197s][info][gc          ] GC(47) Pause Young (Prepare Mixed) (G1 Evacuation Pause) 219M->161M(233M) 10.183ms
[2026-07-01T02:25:28.949+0000][17.197s][info][gc,cpu      ] GC(47) User=0.02s Sys=0.00s Real=0.01s
[2026-07-01T02:25:29.557+0000][17.805s][info][gc,start    ] GC(48) Pause Young (Mixed) (G1 Evacuation Pause)
[2026-07-01T02:25:29.557+0000][17.805s][info][gc,task     ] GC(48) Using 2 workers of 2 for evacuation
[2026-07-01T02:25:29.565+0000][17.813s][info][gc,phases   ] GC(48)   Pre Evacuate Collection Set: 0.10ms
[2026-07-01T02:25:29.565+0000][17.813s][info][gc,phases   ] GC(48)   Merge Heap Roots: 0.16ms
[2026-07-01T02:25:29.565+0000][17.813s][info][gc,phases   ] GC(48)   Evacuate Collection Set: 6.87ms
[2026-07-01T02:25:29.565+0000][17.813s][info][gc,phases   ] GC(48)   Post Evacuate Collection Set: 0.37ms
[2026-07-01T02:25:29.565+0000][17.813s][info][gc,phases   ] GC(48)   Other: 0.06ms
[2026-07-01T02:25:29.565+0000][17.813s][info][gc,heap     ] GC(48) Eden regions: 58->0(59)
[2026-07-01T02:25:29.565+0000][17.813s][info][gc,heap     ] GC(48) Survivor regions: 5->5(8)
[2026-07-01T02:25:29.565+0000][17.813s][info][gc,heap     ] GC(48) Old regions: 154->153
[2026-07-01T02:25:29.565+0000][17.813s][info][gc,heap     ] GC(48) Humongous regions: 3->3
[2026-07-01T02:25:29.565+0000][17.813s][info][gc,metaspace] GC(48) Metaspace: 41567K(42432K)->41567K(42432K) NonClass: 36428K(36864K)->36428K(36864K) Class: 5138K(5568K)->5138K(5568K)
[2026-07-01T02:25:29.565+0000][17.813s][info][gc          ] GC(48) Pause Young (Mixed) (G1 Evacuation Pause) 219M->160M(233M) 7.693ms
[2026-07-01T02:25:29.565+0000][17.813s][info][gc,cpu      ] GC(48) User=0.01s Sys=0.00s Real=0.01s
[2026-07-01T02:25:30.106+0000][18.354s][info][gc,start    ] GC(49) Pause Young (Concurrent Start) (G1 Evacuation Pause)
[2026-07-01T02:25:30.106+0000][18.354s][info][gc,task     ] GC(49) Using 2 workers of 2 for evacuation
[2026-07-01T02:25:30.133+0000][18.382s][info][gc,phases   ] GC(49)   Pre Evacuate Collection Set: 0.16ms
[2026-07-01T02:25:30.133+0000][18.382s][info][gc,phases   ] GC(49)   Merge Heap Roots: 0.18ms
[2026-07-01T02:25:30.133+0000][18.382s][info][gc,phases   ] GC(49)   Evacuate Collection Set: 26.72ms
[2026-07-01T02:25:30.133+0000][18.382s][info][gc,phases   ] GC(49)   Post Evacuate Collection Set: 0.43ms
[2026-07-01T02:25:30.133+0000][18.382s][info][gc,phases   ] GC(49)   Other: 0.06ms
[2026-07-01T02:25:30.133+0000][18.382s][info][gc,heap     ] GC(49) Eden regions: 59->0(58)
[2026-07-01T02:25:30.133+0000][18.382s][info][gc,heap     ] GC(49) Survivor regions: 5->5(8)
[2026-07-01T02:25:30.134+0000][18.382s][info][gc,heap     ] GC(49) Old regions: 153->154
[2026-07-01T02:25:30.134+0000][18.382s][info][gc,heap     ] GC(49) Humongous regions: 3->3
[2026-07-01T02:25:30.134+0000][18.382s][info][gc,metaspace] GC(49) Metaspace: 41571K(42432K)->41571K(42432K) NonClass: 36432K(36864K)->36432K(36864K) Class: 5138K(5568K)->5138K(5568K)
[2026-07-01T02:25:30.134+0000][18.382s][info][gc          ] GC(49) Pause Young (Concurrent Start) (G1 Evacuation Pause) 219M->160M(233M) 27.701ms
[2026-07-01T02:25:30.134+0000][18.382s][info][gc          ] GC(50) Concurrent Mark Cycle
[2026-07-01T02:25:30.134+0000][18.382s][info][gc,marking  ] GC(50) Concurrent Scan Root Regions
[2026-07-01T02:25:30.134+0000][18.382s][info][gc,cpu      ] GC(49) User=0.02s Sys=0.00s Real=0.03s
[2026-07-01T02:25:30.147+0000][18.395s][info][gc,marking  ] GC(50) Concurrent Scan Root Regions 13.022ms
[2026-07-01T02:25:30.147+0000][18.395s][info][gc,marking  ] GC(50) Concurrent Mark
[2026-07-01T02:25:30.147+0000][18.395s][info][gc,marking  ] GC(50) Concurrent Mark From Roots
[2026-07-01T02:25:30.147+0000][18.395s][info][gc,task     ] GC(50) Using 1 workers of 1 for marking
[2026-07-01T02:25:30.842+0000][19.090s][info][gc,marking  ] GC(50) Concurrent Mark From Roots 694.673ms
[2026-07-01T02:25:30.842+0000][19.090s][info][gc,marking  ] GC(50) Concurrent Preclean
[2026-07-01T02:25:30.842+0000][19.090s][info][gc,marking  ] GC(50) Concurrent Preclean 0.125ms
[2026-07-01T02:25:30.843+0000][19.091s][info][gc,start    ] GC(50) Pause Remark
[2026-07-01T02:25:30.849+0000][19.097s][info][gc          ] GC(50) Pause Remark 217M->217M(233M) 5.925ms
[2026-07-01T02:25:30.849+0000][19.097s][info][gc,cpu      ] GC(50) User=0.01s Sys=0.00s Real=0.01s
[2026-07-01T02:25:30.858+0000][19.106s][info][gc,marking  ] GC(50) Concurrent Mark 711.446ms
[2026-07-01T02:25:30.858+0000][19.106s][info][gc,marking  ] GC(50) Concurrent Rebuild Remembered Sets and Scrub Regions
[2026-07-01T02:25:30.867+0000][19.115s][info][gc,start    ] GC(51) Pause Young (Normal) (G1 Evacuation Pause)
[2026-07-01T02:25:30.867+0000][19.115s][info][gc,task     ] GC(51) Using 2 workers of 2 for evacuation
[2026-07-01T02:25:30.876+0000][19.124s][info][gc,phases   ] GC(51)   Pre Evacuate Collection Set: 0.12ms
[2026-07-01T02:25:30.876+0000][19.124s][info][gc,phases   ] GC(51)   Merge Heap Roots: 0.19ms
[2026-07-01T02:25:30.876+0000][19.124s][info][gc,phases   ] GC(51)   Evacuate Collection Set: 7.63ms
[2026-07-01T02:25:30.876+0000][19.124s][info][gc,phases   ] GC(51)   Post Evacuate Collection Set: 0.38ms
[2026-07-01T02:25:30.876+0000][19.124s][info][gc,phases   ] GC(51)   Other: 0.05ms
[2026-07-01T02:25:30.876+0000][19.124s][info][gc,heap     ] GC(51) Eden regions: 58->0(58)
[2026-07-01T02:25:30.876+0000][19.124s][info][gc,heap     ] GC(51) Survivor regions: 5->5(8)
[2026-07-01T02:25:30.876+0000][19.124s][info][gc,heap     ] GC(51) Old regions: 154->154
[2026-07-01T02:25:30.876+0000][19.124s][info][gc,heap     ] GC(51) Humongous regions: 3->3
[2026-07-01T02:25:30.876+0000][19.124s][info][gc,metaspace] GC(51) Metaspace: 41577K(42432K)->41577K(42432K) NonClass: 36438K(36864K)->36438K(36864K) Class: 5138K(5568K)->5138K(5568K)
[2026-07-01T02:25:30.876+0000][19.124s][info][gc          ] GC(51) Pause Young (Normal) (G1 Evacuation Pause) 218M->160M(233M) 8.486ms
[2026-07-01T02:25:30.876+0000][19.124s][info][gc,cpu      ] GC(51) User=0.02s Sys=0.00s Real=0.01s
[2026-07-01T02:25:31.092+0000][19.340s][info][gc,marking  ] GC(50) Concurrent Rebuild Remembered Sets and Scrub Regions 233.881ms
[2026-07-01T02:25:31.093+0000][19.341s][info][gc,start    ] GC(50) Pause Cleanup
[2026-07-01T02:25:31.093+0000][19.341s][info][gc          ] GC(50) Pause Cleanup 177M->177M(233M) 0.200ms
[2026-07-01T02:25:31.093+0000][19.341s][info][gc,cpu      ] GC(50) User=0.00s Sys=0.00s Real=0.00s
[2026-07-01T02:25:31.095+0000][19.343s][info][gc,marking  ] GC(50) Concurrent Clear Claimed Marks
[2026-07-01T02:25:31.095+0000][19.343s][info][gc,marking  ] GC(50) Concurrent Clear Claimed Marks 0.103ms
[2026-07-01T02:25:31.095+0000][19.343s][info][gc,marking  ] GC(50) Concurrent Cleanup for Next Mark
[2026-07-01T02:25:31.096+0000][19.344s][info][gc,marking  ] GC(50) Concurrent Cleanup for Next Mark 0.872ms
[2026-07-01T02:25:31.096+0000][19.344s][info][gc          ] GC(50) Concurrent Mark Cycle 962.151ms
[2026-07-01T02:25:31.576+0000][19.824s][info][gc,start    ] GC(52) Pause Young (Prepare Mixed) (G1 Evacuation Pause)
[2026-07-01T02:25:31.576+0000][19.824s][info][gc,task     ] GC(52) Using 2 workers of 2 for evacuation
[2026-07-01T02:25:31.594+0000][19.842s][info][gc,phases   ] GC(52)   Pre Evacuate Collection Set: 0.18ms
[2026-07-01T02:25:31.594+0000][19.842s][info][gc,phases   ] GC(52)   Merge Heap Roots: 8.22ms
[2026-07-01T02:25:31.594+0000][19.842s][info][gc,phases   ] GC(52)   Evacuate Collection Set: 9.61ms
[2026-07-01T02:25:31.594+0000][19.842s][info][gc,phases   ] GC(52)   Post Evacuate Collection Set: 0.47ms
[2026-07-01T02:25:31.594+0000][19.842s][info][gc,phases   ] GC(52)   Other: 0.06ms
[2026-07-01T02:25:31.594+0000][19.842s][info][gc,heap     ] GC(52) Eden regions: 58->0(58)
[2026-07-01T02:25:31.594+0000][19.842s][info][gc,heap     ] GC(52) Survivor regions: 5->5(8)
[2026-07-01T02:25:31.594+0000][19.842s][info][gc,heap     ] GC(52) Old regions: 154->154
[2026-07-01T02:25:31.594+0000][19.842s][info][gc,heap     ] GC(52) Humongous regions: 3->3
[2026-07-01T02:25:31.594+0000][19.842s][info][gc,metaspace] GC(52) Metaspace: 41577K(42432K)->41577K(42432K) NonClass: 36438K(36864K)->36438K(36864K) Class: 5138K(5568K)->5138K(5568K)
[2026-07-01T02:25:31.594+0000][19.842s][info][gc          ] GC(52) Pause Young (Prepare Mixed) (G1 Evacuation Pause) 218M->160M(233M) 18.689ms
[2026-07-01T02:25:31.594+0000][19.842s][info][gc,cpu      ] GC(52) User=0.02s Sys=0.00s Real=0.02s
[2026-07-01T02:25:32.098+0000][20.346s][info][gc,start    ] GC(53) Pause Young (Mixed) (G1 Evacuation Pause)
[2026-07-01T02:25:32.098+0000][20.346s][info][gc,task     ] GC(53) Using 2 workers of 2 for evacuation
[2026-07-01T02:25:32.108+0000][20.356s][info][gc,phases   ] GC(53)   Pre Evacuate Collection Set: 0.11ms
[2026-07-01T02:25:32.108+0000][20.356s][info][gc,phases   ] GC(53)   Merge Heap Roots: 0.15ms
[2026-07-01T02:25:32.108+0000][20.356s][info][gc,phases   ] GC(53)   Evacuate Collection Set: 9.19ms
[2026-07-01T02:25:32.108+0000][20.356s][info][gc,phases   ] GC(53)   Post Evacuate Collection Set: 0.46ms
[2026-07-01T02:25:32.108+0000][20.356s][info][gc,phases   ] GC(53)   Other: 0.05ms
[2026-07-01T02:25:32.108+0000][20.356s][info][gc,heap     ] GC(53) Eden regions: 58->0(59)
[2026-07-01T02:25:32.108+0000][20.356s][info][gc,heap     ] GC(53) Survivor regions: 5->5(8)
[2026-07-01T02:25:32.108+0000][20.356s][info][gc,heap     ] GC(53) Old regions: 154->153
[2026-07-01T02:25:32.108+0000][20.356s][info][gc,heap     ] GC(53) Humongous regions: 3->3
[2026-07-01T02:25:32.108+0000][20.356s][info][gc,metaspace] GC(53) Metaspace: 41589K(42432K)->41589K(42432K) NonClass: 36450K(36864K)->36450K(36864K) Class: 5138K(5568K)->5138K(5568K)
[2026-07-01T02:25:32.108+0000][20.356s][info][gc          ] GC(53) Pause Young (Mixed) (G1 Evacuation Pause) 218M->160M(233M) 10.112ms
[2026-07-01T02:25:32.108+0000][20.356s][info][gc,cpu      ] GC(53) User=0.03s Sys=0.00s Real=0.01s
[2026-07-01T02:25:32.660+0000][20.908s][info][gc,start    ] GC(54) Pause Young (Concurrent Start) (G1 Evacuation Pause)
[2026-07-01T02:25:32.660+0000][20.908s][info][gc,task     ] GC(54) Using 2 workers of 2 for evacuation
[2026-07-01T02:25:32.670+0000][20.918s][info][gc,phases   ] GC(54)   Pre Evacuate Collection Set: 0.19ms
[2026-07-01T02:25:32.670+0000][20.918s][info][gc,phases   ] GC(54)   Merge Heap Roots: 0.15ms
[2026-07-01T02:25:32.670+0000][20.918s][info][gc,phases   ] GC(54)   Evacuate Collection Set: 9.72ms
[2026-07-01T02:25:32.670+0000][20.918s][info][gc,phases   ] GC(54)   Post Evacuate Collection Set: 0.53ms
[2026-07-01T02:25:32.670+0000][20.918s][info][gc,phases   ] GC(54)   Other: 0.10ms
[2026-07-01T02:25:32.670+0000][20.918s][info][gc,heap     ] GC(54) Eden regions: 59->0(59)
[2026-07-01T02:25:32.670+0000][20.918s][info][gc,heap     ] GC(54) Survivor regions: 5->4(8)
[2026-07-01T02:25:32.670+0000][20.918s][info][gc,heap     ] GC(54) Old regions: 153->154
[2026-07-01T02:25:32.670+0000][20.918s][info][gc,heap     ] GC(54) Humongous regions: 3->3
[2026-07-01T02:25:32.670+0000][20.918s][info][gc,metaspace] GC(54) Metaspace: 41591K(42432K)->41591K(42432K) NonClass: 36452K(36864K)->36452K(36864K) Class: 5138K(5568K)->5138K(5568K)
[2026-07-01T02:25:32.670+0000][20.919s][info][gc          ] GC(54) Pause Young (Concurrent Start) (G1 Evacuation Pause) 219M->160M(233M) 10.858ms
[2026-07-01T02:25:32.670+0000][20.919s][info][gc          ] GC(55) Concurrent Mark Cycle
[2026-07-01T02:25:32.670+0000][20.919s][info][gc,cpu      ] GC(54) User=0.03s Sys=0.00s Real=0.01s
[2026-07-01T02:25:32.670+0000][20.919s][info][gc,marking  ] GC(55) Concurrent Scan Root Regions
[2026-07-01T02:25:32.686+0000][20.934s][info][gc,marking  ] GC(55) Concurrent Scan Root Regions 15.573ms
[2026-07-01T02:25:32.686+0000][20.934s][info][gc,marking  ] GC(55) Concurrent Mark
[2026-07-01T02:25:32.686+0000][20.934s][info][gc,marking  ] GC(55) Concurrent Mark From Roots
[2026-07-01T02:25:32.686+0000][20.934s][info][gc,task     ] GC(55) Using 1 workers of 1 for marking
[2026-07-01T02:25:33.374+0000][21.622s][info][gc,start    ] GC(56) Pause Young (Normal) (G1 Evacuation Pause)
[2026-07-01T02:25:33.374+0000][21.622s][info][gc,task     ] GC(56) Using 2 workers of 2 for evacuation
[2026-07-01T02:25:33.384+0000][21.632s][info][gc,phases   ] GC(56)   Pre Evacuate Collection Set: 0.14ms
[2026-07-01T02:25:33.384+0000][21.632s][info][gc,phases   ] GC(56)   Merge Heap Roots: 0.15ms
[2026-07-01T02:25:33.384+0000][21.632s][info][gc,phases   ] GC(56)   Evacuate Collection Set: 8.69ms
[2026-07-01T02:25:33.384+0000][21.632s][info][gc,phases   ] GC(56)   Post Evacuate Collection Set: 0.37ms
[2026-07-01T02:25:33.384+0000][21.632s][info][gc,phases   ] GC(56)   Other: 0.04ms
[2026-07-01T02:25:33.384+0000][21.632s][info][gc,heap     ] GC(56) Eden regions: 59->0(58)
[2026-07-01T02:25:33.384+0000][21.632s][info][gc,heap     ] GC(56) Survivor regions: 4->5(8)
[2026-07-01T02:25:33.384+0000][21.632s][info][gc,heap     ] GC(56) Old regions: 154->154
[2026-07-01T02:25:33.384+0000][21.632s][info][gc,heap     ] GC(56) Humongous regions: 3->3
[2026-07-01T02:25:33.384+0000][21.632s][info][gc,metaspace] GC(56) Metaspace: 41591K(42432K)->41591K(42432K) NonClass: 36453K(36864K)->36453K(36864K) Class: 5138K(5568K)->5138K(5568K)
[2026-07-01T02:25:33.384+0000][21.632s][info][gc          ] GC(56) Pause Young (Normal) (G1 Evacuation Pause) 219M->160M(233M) 9.535ms
[2026-07-01T02:25:33.384+0000][21.632s][info][gc,cpu      ] GC(56) User=0.01s Sys=0.00s Real=0.01s
[2026-07-01T02:25:33.597+0000][21.846s][info][gc,marking  ] GC(55) Concurrent Mark From Roots 911.392ms
[2026-07-01T02:25:33.598+0000][21.846s][info][gc,marking  ] GC(55) Concurrent Preclean
[2026-07-01T02:25:33.598+0000][21.846s][info][gc,marking  ] GC(55) Concurrent Preclean 0.124ms
[2026-07-01T02:25:33.598+0000][21.846s][info][gc,start    ] GC(55) Pause Remark
[2026-07-01T02:25:33.604+0000][21.852s][info][gc          ] GC(55) Pause Remark 178M->178M(233M) 5.669ms
[2026-07-01T02:25:33.604+0000][21.852s][info][gc,cpu      ] GC(55) User=0.02s Sys=0.00s Real=0.01s
[2026-07-01T02:25:33.637+0000][21.885s][info][gc,marking  ] GC(55) Concurrent Mark 950.560ms
[2026-07-01T02:25:33.637+0000][21.885s][info][gc,marking  ] GC(55) Concurrent Rebuild Remembered Sets and Scrub Regions
[2026-07-01T02:25:33.957+0000][22.205s][info][gc,marking  ] GC(55) Concurrent Rebuild Remembered Sets and Scrub Regions 320.345ms
[2026-07-01T02:25:33.958+0000][22.206s][info][gc,start    ] GC(55) Pause Cleanup
[2026-07-01T02:25:33.958+0000][22.206s][info][gc          ] GC(55) Pause Cleanup 205M->205M(233M) 0.180ms
[2026-07-01T02:25:33.958+0000][22.206s][info][gc,cpu      ] GC(55) User=0.00s Sys=0.00s Real=0.00s
[2026-07-01T02:25:33.959+0000][22.207s][info][gc,marking  ] GC(55) Concurrent Clear Claimed Marks
[2026-07-01T02:25:33.959+0000][22.207s][info][gc,marking  ] GC(55) Concurrent Clear Claimed Marks 0.095ms
[2026-07-01T02:25:33.959+0000][22.207s][info][gc,marking  ] GC(55) Concurrent Cleanup for Next Mark
[2026-07-01T02:25:33.962+0000][22.210s][info][gc,marking  ] GC(55) Concurrent Cleanup for Next Mark 3.144ms
[2026-07-01T02:25:33.962+0000][22.210s][info][gc          ] GC(55) Concurrent Mark Cycle 1291.919ms
[2026-07-01T02:25:34.084+0000][22.332s][info][gc,start    ] GC(57) Pause Young (Prepare Mixed) (G1 Evacuation Pause)
[2026-07-01T02:25:34.084+0000][22.332s][info][gc,task     ] GC(57) Using 2 workers of 2 for evacuation
[2026-07-01T02:25:34.101+0000][22.349s][info][gc,phases   ] GC(57)   Pre Evacuate Collection Set: 0.19ms
[2026-07-01T02:25:34.101+0000][22.349s][info][gc,phases   ] GC(57)   Merge Heap Roots: 0.46ms
[2026-07-01T02:25:34.101+0000][22.349s][info][gc,phases   ] GC(57)   Evacuate Collection Set: 16.11ms
[2026-07-01T02:25:34.101+0000][22.349s][info][gc,phases   ] GC(57)   Post Evacuate Collection Set: 0.39ms
[2026-07-01T02:25:34.101+0000][22.349s][info][gc,phases   ] GC(57)   Other: 0.06ms
[2026-07-01T02:25:34.101+0000][22.349s][info][gc,heap     ] GC(57) Eden regions: 58->0(58)
[2026-07-01T02:25:34.101+0000][22.349s][info][gc,heap     ] GC(57) Survivor regions: 5->5(8)
[2026-07-01T02:25:34.101+0000][22.349s][info][gc,heap     ] GC(57) Old regions: 154->154
[2026-07-01T02:25:34.101+0000][22.349s][info][gc,heap     ] GC(57) Humongous regions: 3->3
[2026-07-01T02:25:34.101+0000][22.349s][info][gc,metaspace] GC(57) Metaspace: 41638K(42496K)->41638K(42496K) NonClass: 36499K(36928K)->36499K(36928K) Class: 5138K(5568K)->5138K(5568K)
[2026-07-01T02:25:34.101+0000][22.349s][info][gc          ] GC(57) Pause Young (Prepare Mixed) (G1 Evacuation Pause) 218M->161M(233M) 17.409ms
[2026-07-01T02:25:34.101+0000][22.349s][info][gc,cpu      ] GC(57) User=0.03s Sys=0.00s Real=0.02s
[2026-07-01T02:25:34.681+0000][22.929s][info][gc,start    ] GC(58) Pause Young (Mixed) (G1 Evacuation Pause)
[2026-07-01T02:25:34.681+0000][22.929s][info][gc,task     ] GC(58) Using 2 workers of 2 for evacuation
[2026-07-01T02:25:34.694+0000][22.943s][info][gc,phases   ] GC(58)   Pre Evacuate Collection Set: 0.13ms
[2026-07-01T02:25:34.694+0000][22.943s][info][gc,phases   ] GC(58)   Merge Heap Roots: 0.19ms
[2026-07-01T02:25:34.694+0000][22.943s][info][gc,phases   ] GC(58)   Evacuate Collection Set: 12.47ms
[2026-07-01T02:25:34.695+0000][22.943s][info][gc,phases   ] GC(58)   Post Evacuate Collection Set: 0.73ms
[2026-07-01T02:25:34.695+0000][22.943s][info][gc,phases   ] GC(58)   Other: 0.06ms
[2026-07-01T02:25:34.695+0000][22.943s][info][gc,heap     ] GC(58) Eden regions: 58->0(59)
[2026-07-01T02:25:34.695+0000][22.943s][info][gc,heap     ] GC(58) Survivor regions: 5->5(8)
[2026-07-01T02:25:34.695+0000][22.943s][info][gc,heap     ] GC(58) Old regions: 154->153
[2026-07-01T02:25:34.695+0000][22.943s][info][gc,heap     ] GC(58) Humongous regions: 3->3
[2026-07-01T02:25:34.695+0000][22.943s][info][gc,metaspace] GC(58) Metaspace: 41642K(42496K)->41642K(42496K) NonClass: 36503K(36928K)->36503K(36928K) Class: 5138K(5568K)->5138K(5568K)
[2026-07-01T02:25:34.695+0000][22.943s][info][gc          ] GC(58) Pause Young (Mixed) (G1 Evacuation Pause) 219M->160M(233M) 13.772ms
[2026-07-01T02:25:34.695+0000][22.943s][info][gc,cpu      ] GC(58) User=0.04s Sys=0.01s Real=0.01s
[2026-07-01T02:25:35.212+0000][23.460s][info][gc,start    ] GC(59) Pause Young (Concurrent Start) (G1 Evacuation Pause)
[2026-07-01T02:25:35.212+0000][23.461s][info][gc,task     ] GC(59) Using 2 workers of 2 for evacuation
[2026-07-01T02:25:35.236+0000][23.484s][info][gc,phases   ] GC(59)   Pre Evacuate Collection Set: 0.23ms
[2026-07-01T02:25:35.236+0000][23.484s][info][gc,phases   ] GC(59)   Merge Heap Roots: 0.31ms
[2026-07-01T02:25:35.236+0000][23.484s][info][gc,phases   ] GC(59)   Evacuate Collection Set: 22.91ms
[2026-07-01T02:25:35.236+0000][23.484s][info][gc,phases   ] GC(59)   Post Evacuate Collection Set: 0.33ms
[2026-07-01T02:25:35.236+0000][23.484s][info][gc,phases   ] GC(59)   Other: 0.09ms
[2026-07-01T02:25:35.236+0000][23.484s][info][gc,heap     ] GC(59) Eden regions: 59->0(58)
[2026-07-01T02:25:35.236+0000][23.484s][info][gc,heap     ] GC(59) Survivor regions: 5->5(8)
[2026-07-01T02:25:35.236+0000][23.484s][info][gc,heap     ] GC(59) Old regions: 153->154
[2026-07-01T02:25:35.236+0000][23.484s][info][gc,heap     ] GC(59) Humongous regions: 3->3
[2026-07-01T02:25:35.236+0000][23.484s][info][gc,metaspace] GC(59) Metaspace: 41642K(42496K)->41642K(42496K) NonClass: 36504K(36928K)->36504K(36928K) Class: 5138K(5568K)->5138K(5568K)
[2026-07-01T02:25:35.236+0000][23.484s][info][gc          ] GC(59) Pause Young (Concurrent Start) (G1 Evacuation Pause) 219M->161M(233M) 24.191ms
[2026-07-01T02:25:35.236+0000][23.485s][info][gc          ] GC(60) Concurrent Mark Cycle
[2026-07-01T02:25:35.236+0000][23.485s][info][gc,marking  ] GC(60) Concurrent Scan Root Regions
[2026-07-01T02:25:35.236+0000][23.485s][info][gc,cpu      ] GC(59) User=0.02s Sys=0.00s Real=0.02s
[2026-07-01T02:25:35.264+0000][23.512s][info][gc,marking  ] GC(60) Concurrent Scan Root Regions 27.690ms
[2026-07-01T02:25:35.264+0000][23.512s][info][gc,marking  ] GC(60) Concurrent Mark
[2026-07-01T02:25:35.265+0000][23.513s][info][gc,marking  ] GC(60) Concurrent Mark From Roots
[2026-07-01T02:25:35.265+0000][23.513s][info][gc,task     ] GC(60) Using 1 workers of 1 for marking
[2026-07-01T02:25:35.854+0000][24.102s][info][gc,start    ] GC(61) Pause Young (Normal) (G1 Evacuation Pause)
[2026-07-01T02:25:35.854+0000][24.102s][info][gc,task     ] GC(61) Using 2 workers of 2 for evacuation
[2026-07-01T02:25:35.865+0000][24.113s][info][gc,phases   ] GC(61)   Pre Evacuate Collection Set: 0.17ms
[2026-07-01T02:25:35.865+0000][24.113s][info][gc,phases   ] GC(61)   Merge Heap Roots: 0.19ms
[2026-07-01T02:25:35.865+0000][24.113s][info][gc,phases   ] GC(61)   Evacuate Collection Set: 10.19ms
[2026-07-01T02:25:35.865+0000][24.113s][info][gc,phases   ] GC(61)   Post Evacuate Collection Set: 0.41ms
[2026-07-01T02:25:35.865+0000][24.113s][info][gc,phases   ] GC(61)   Other: 0.07ms
[2026-07-01T02:25:35.865+0000][24.113s][info][gc,heap     ] GC(61) Eden regions: 58->0(58)
[2026-07-01T02:25:35.865+0000][24.113s][info][gc,heap     ] GC(61) Survivor regions: 5->5(8)
[2026-07-01T02:25:35.865+0000][24.113s][info][gc,heap     ] GC(61) Old regions: 154->154
[2026-07-01T02:25:35.865+0000][24.113s][info][gc,heap     ] GC(61) Humongous regions: 3->3
[2026-07-01T02:25:35.865+0000][24.113s][info][gc,metaspace] GC(61) Metaspace: 41643K(42496K)->41643K(42496K) NonClass: 36505K(36928K)->36505K(36928K) Class: 5138K(5568K)->5138K(5568K)
[2026-07-01T02:25:35.865+0000][24.113s][info][gc          ] GC(61) Pause Young (Normal) (G1 Evacuation Pause) 219M->161M(233M) 11.182ms
[2026-07-01T02:25:35.865+0000][24.113s][info][gc,cpu      ] GC(61) User=0.02s Sys=0.00s Real=0.01s
[2026-07-01T02:25:36.436+0000][24.684s][info][gc,marking  ] GC(60) Concurrent Mark From Roots 1171.681ms
[2026-07-01T02:25:36.436+0000][24.684s][info][gc,marking  ] GC(60) Concurrent Preclean
[2026-07-01T02:25:36.437+0000][24.685s][info][gc,marking  ] GC(60) Concurrent Preclean 0.814ms
[2026-07-01T02:25:36.439+0000][24.687s][info][gc,start    ] GC(60) Pause Remark
[2026-07-01T02:25:36.445+0000][24.693s][info][gc          ] GC(60) Pause Remark 212M->212M(233M) 6.738ms
[2026-07-01T02:25:36.445+0000][24.693s][info][gc,cpu      ] GC(60) User=0.02s Sys=0.00s Real=0.00s
[2026-07-01T02:25:36.450+0000][24.698s][info][gc,marking  ] GC(60) Concurrent Mark 1185.921ms
[2026-07-01T02:25:36.450+0000][24.698s][info][gc,marking  ] GC(60) Concurrent Rebuild Remembered Sets and Scrub Regions
[2026-07-01T02:25:36.497+0000][24.745s][info][gc,start    ] GC(62) Pause Young (Normal) (G1 Evacuation Pause)
[2026-07-01T02:25:36.497+0000][24.745s][info][gc,task     ] GC(62) Using 2 workers of 2 for evacuation
[2026-07-01T02:25:36.536+0000][24.784s][info][gc,phases   ] GC(62)   Pre Evacuate Collection Set: 0.17ms
[2026-07-01T02:25:36.536+0000][24.784s][info][gc,phases   ] GC(62)   Merge Heap Roots: 0.24ms
[2026-07-01T02:25:36.536+0000][24.784s][info][gc,phases   ] GC(62)   Evacuate Collection Set: 37.34ms
[2026-07-01T02:25:36.536+0000][24.784s][info][gc,phases   ] GC(62)   Post Evacuate Collection Set: 0.46ms
[2026-07-01T02:25:36.536+0000][24.784s][info][gc,phases   ] GC(62)   Other: 0.05ms
[2026-07-01T02:25:36.536+0000][24.784s][info][gc,heap     ] GC(62) Eden regions: 58->0(59)
[2026-07-01T02:25:36.536+0000][24.784s][info][gc,heap     ] GC(62) Survivor regions: 5->4(8)
[2026-07-01T02:25:36.536+0000][24.784s][info][gc,heap     ] GC(62) Old regions: 154->154
[2026-07-01T02:25:36.536+0000][24.784s][info][gc,heap     ] GC(62) Humongous regions: 3->3
[2026-07-01T02:25:36.536+0000][24.784s][info][gc,metaspace] GC(62) Metaspace: 41649K(42496K)->41649K(42496K) NonClass: 36511K(36928K)->36511K(36928K) Class: 5138K(5568K)->5138K(5568K)
[2026-07-01T02:25:36.536+0000][24.784s][info][gc          ] GC(62) Pause Young (Normal) (G1 Evacuation Pause) 219M->160M(233M) 38.414ms
[2026-07-01T02:25:36.536+0000][24.784s][info][gc,cpu      ] GC(62) User=0.03s Sys=0.00s Real=0.04s
[2026-07-01T02:25:36.996+0000][25.244s][info][gc,marking  ] GC(60) Concurrent Rebuild Remembered Sets and Scrub Regions 546.175ms
[2026-07-01T02:25:36.997+0000][25.246s][info][gc,start    ] GC(60) Pause Cleanup
[2026-07-01T02:25:36.998+0000][25.246s][info][gc          ] GC(60) Pause Cleanup 209M->209M(233M) 0.250ms
[2026-07-01T02:25:36.998+0000][25.246s][info][gc,cpu      ] GC(60) User=0.00s Sys=0.00s Real=0.00s
[2026-07-01T02:25:36.998+0000][25.246s][info][gc,marking  ] GC(60) Concurrent Clear Claimed Marks
[2026-07-01T02:25:36.998+0000][25.246s][info][gc,marking  ] GC(60) Concurrent Clear Claimed Marks 0.114ms
[2026-07-01T02:25:36.998+0000][25.246s][info][gc,marking  ] GC(60) Concurrent Cleanup for Next Mark
[2026-07-01T02:25:36.999+0000][25.247s][info][gc,marking  ] GC(60) Concurrent Cleanup for Next Mark 0.386ms
[2026-07-01T02:25:36.999+0000][25.247s][info][gc          ] GC(60) Concurrent Mark Cycle 1762.283ms
[2026-07-01T02:25:37.100+0000][25.348s][info][gc,start    ] GC(63) Pause Young (Prepare Mixed) (G1 Evacuation Pause)
[2026-07-01T02:25:37.100+0000][25.348s][info][gc,task     ] GC(63) Using 2 workers of 2 for evacuation
[2026-07-01T02:25:37.109+0000][25.357s][info][gc,phases   ] GC(63)   Pre Evacuate Collection Set: 0.14ms
[2026-07-01T02:25:37.109+0000][25.357s][info][gc,phases   ] GC(63)   Merge Heap Roots: 0.31ms
[2026-07-01T02:25:37.109+0000][25.357s][info][gc,phases   ] GC(63)   Evacuate Collection Set: 7.93ms
[2026-07-01T02:25:37.109+0000][25.357s][info][gc,phases   ] GC(63)   Post Evacuate Collection Set: 0.35ms
[2026-07-01T02:25:37.109+0000][25.357s][info][gc,phases   ] GC(63)   Other: 0.05ms
[2026-07-01T02:25:37.109+0000][25.357s][info][gc,heap     ] GC(63) Eden regions: 59->0(58)
[2026-07-01T02:25:37.109+0000][25.357s][info][gc,heap     ] GC(63) Survivor regions: 4->5(8)
[2026-07-01T02:25:37.109+0000][25.357s][info][gc,heap     ] GC(63) Old regions: 154->154
[2026-07-01T02:25:37.109+0000][25.357s][info][gc,heap     ] GC(63) Humongous regions: 3->3
[2026-07-01T02:25:37.109+0000][25.357s][info][gc,metaspace] GC(63) Metaspace: 41650K(42496K)->41650K(42496K) NonClass: 36511K(36928K)->36511K(36928K) Class: 5138K(5568K)->5138K(5568K)
[2026-07-01T02:25:37.109+0000][25.357s][info][gc          ] GC(63) Pause Young (Prepare Mixed) (G1 Evacuation Pause) 219M->161M(233M) 8.929ms
[2026-07-01T02:25:37.109+0000][25.357s][info][gc,cpu      ] GC(63) User=0.02s Sys=0.00s Real=0.01s
[2026-07-01T02:25:37.739+0000][25.987s][info][gc,start    ] GC(64) Pause Young (Mixed) (G1 Evacuation Pause)
[2026-07-01T02:25:37.739+0000][25.987s][info][gc,task     ] GC(64) Using 2 workers of 2 for evacuation
[2026-07-01T02:25:37.782+0000][26.030s][info][gc,phases   ] GC(64)   Pre Evacuate Collection Set: 3.10ms
[2026-07-01T02:25:37.782+0000][26.030s][info][gc,phases   ] GC(64)   Merge Heap Roots: 0.31ms
[2026-07-01T02:25:37.782+0000][26.031s][info][gc,phases   ] GC(64)   Evacuate Collection Set: 36.30ms
[2026-07-01T02:25:37.782+0000][26.031s][info][gc,phases   ] GC(64)   Post Evacuate Collection Set: 3.46ms
[2026-07-01T02:25:37.782+0000][26.031s][info][gc,phases   ] GC(64)   Other: 0.06ms
[2026-07-01T02:25:37.782+0000][26.031s][info][gc,heap     ] GC(64) Eden regions: 58->0(188)
[2026-07-01T02:25:37.782+0000][26.031s][info][gc,heap     ] GC(64) Survivor regions: 5->5(8)
[2026-07-01T02:25:37.782+0000][26.031s][info][gc,heap     ] GC(64) Old regions: 154->154
[2026-07-01T02:25:37.782+0000][26.031s][info][gc,heap     ] GC(64) Humongous regions: 3->3
[2026-07-01T02:25:37.782+0000][26.031s][info][gc,metaspace] GC(64) Metaspace: 41650K(42496K)->41650K(42496K) NonClass: 36511K(36928K)->36511K(36928K) Class: 5138K(5568K)->5138K(5568K)
[2026-07-01T02:25:37.782+0000][26.031s][info][gc          ] GC(64) Pause Young (Mixed) (G1 Evacuation Pause) 219M->161M(371M) 43.432ms
[2026-07-01T02:25:37.783+0000][26.031s][info][gc,cpu      ] GC(64) User=0.02s Sys=0.00s Real=0.04s
[2026-07-01T02:25:39.582+0000][27.830s][info][gc,start    ] GC(65) Pause Young (Concurrent Start) (G1 Evacuation Pause)
[2026-07-01T02:25:39.582+0000][27.830s][info][gc,task     ] GC(65) Using 2 workers of 2 for evacuation
[2026-07-01T02:25:39.596+0000][27.844s][info][gc,phases   ] GC(65)   Pre Evacuate Collection Set: 0.51ms
[2026-07-01T02:25:39.596+0000][27.844s][info][gc,phases   ] GC(65)   Merge Heap Roots: 0.29ms
[2026-07-01T02:25:39.596+0000][27.844s][info][gc,phases   ] GC(65)   Evacuate Collection Set: 12.05ms
[2026-07-01T02:25:39.596+0000][27.844s][info][gc,phases   ] GC(65)   Post Evacuate Collection Set: 0.54ms
[2026-07-01T02:25:39.596+0000][27.844s][info][gc,phases   ] GC(65)   Other: 0.23ms
[2026-07-01T02:25:39.596+0000][27.844s][info][gc,heap     ] GC(65) Eden regions: 188->0(189)
[2026-07-01T02:25:39.596+0000][27.844s][info][gc,heap     ] GC(65) Survivor regions: 5->5(25)
[2026-07-01T02:25:39.596+0000][27.844s][info][gc,heap     ] GC(65) Old regions: 154->154
[2026-07-01T02:25:39.596+0000][27.844s][info][gc,heap     ] GC(65) Humongous regions: 3->3
[2026-07-01T02:25:39.596+0000][27.844s][info][gc,metaspace] GC(65) Metaspace: 41650K(42496K)->41650K(42496K) NonClass: 36512K(36928K)->36512K(36928K) Class: 5138K(5568K)->5138K(5568K)
[2026-07-01T02:25:39.596+0000][27.844s][info][gc          ] GC(65) Pause Young (Concurrent Start) (G1 Evacuation Pause) 349M->161M(371M) 13.793ms
[2026-07-01T02:25:39.596+0000][27.844s][info][gc,cpu      ] GC(65) User=0.02s Sys=0.00s Real=0.01s
[2026-07-01T02:25:39.596+0000][27.844s][info][gc          ] GC(66) Concurrent Mark Cycle
[2026-07-01T02:25:39.596+0000][27.844s][info][gc,marking  ] GC(66) Concurrent Scan Root Regions
[2026-07-01T02:25:39.637+0000][27.885s][info][gc,marking  ] GC(66) Concurrent Scan Root Regions 41.192ms
[2026-07-01T02:25:39.637+0000][27.885s][info][gc,marking  ] GC(66) Concurrent Mark
[2026-07-01T02:25:39.637+0000][27.885s][info][gc,marking  ] GC(66) Concurrent Mark From Roots
[2026-07-01T02:25:39.637+0000][27.885s][info][gc,task     ] GC(66) Using 1 workers of 1 for marking
[2026-07-01T02:25:40.578+0000][28.826s][info][gc,marking  ] GC(66) Concurrent Mark From Roots 940.418ms
[2026-07-01T02:25:40.578+0000][28.826s][info][gc,marking  ] GC(66) Concurrent Preclean
[2026-07-01T02:25:40.578+0000][28.826s][info][gc,marking  ] GC(66) Concurrent Preclean 0.131ms
[2026-07-01T02:25:40.578+0000][28.826s][info][gc,start    ] GC(66) Pause Remark
[2026-07-01T02:25:40.586+0000][28.834s][info][gc,heap     ] GC(66) Heap shrink completed: uncommitted 47 regions (47MB), heap size now 324MB
[2026-07-01T02:25:40.586+0000][28.835s][info][gc          ] GC(66) Pause Remark 248M->248M(324M) 8.026ms
[2026-07-01T02:25:40.586+0000][28.835s][info][gc,cpu      ] GC(66) User=0.01s Sys=0.00s Real=0.00s
[2026-07-01T02:25:40.591+0000][28.839s][info][gc,marking  ] GC(66) Concurrent Mark 953.407ms
[2026-07-01T02:25:40.591+0000][28.839s][info][gc,marking  ] GC(66) Concurrent Rebuild Remembered Sets and Scrub Regions
[2026-07-01T02:25:40.866+0000][29.114s][info][gc,marking  ] GC(66) Concurrent Rebuild Remembered Sets and Scrub Regions 275.502ms
[2026-07-01T02:25:40.866+0000][29.114s][info][gc,start    ] GC(66) Pause Cleanup
[2026-07-01T02:25:40.866+0000][29.114s][info][gc          ] GC(66) Pause Cleanup 273M->273M(324M) 0.152ms
[2026-07-01T02:25:40.866+0000][29.114s][info][gc,cpu      ] GC(66) User=0.00s Sys=0.00s Real=0.00s
[2026-07-01T02:25:40.867+0000][29.115s][info][gc,marking  ] GC(66) Concurrent Clear Claimed Marks
[2026-07-01T02:25:40.867+0000][29.115s][info][gc,marking  ] GC(66) Concurrent Clear Claimed Marks 0.078ms
[2026-07-01T02:25:40.867+0000][29.115s][info][gc,marking  ] GC(66) Concurrent Cleanup for Next Mark
[2026-07-01T02:25:40.868+0000][29.116s][info][gc,marking  ] GC(66) Concurrent Cleanup for Next Mark 1.202ms
[2026-07-01T02:25:40.868+0000][29.116s][info][gc          ] GC(66) Concurrent Mark Cycle 1272.162ms
[2026-07-01T02:25:41.293+0000][29.541s][info][gc,start    ] GC(67) Pause Young (Prepare Mixed) (G1 Evacuation Pause)
[2026-07-01T02:25:41.293+0000][29.541s][info][gc,task     ] GC(67) Using 2 workers of 2 for evacuation
[2026-07-01T02:25:41.308+0000][29.556s][info][gc,phases   ] GC(67)   Pre Evacuate Collection Set: 0.34ms
[2026-07-01T02:25:41.308+0000][29.556s][info][gc,phases   ] GC(67)   Merge Heap Roots: 0.42ms
[2026-07-01T02:25:41.308+0000][29.556s][info][gc,phases   ] GC(67)   Evacuate Collection Set: 13.37ms
[2026-07-01T02:25:41.308+0000][29.556s][info][gc,phases   ] GC(67)   Post Evacuate Collection Set: 0.63ms
[2026-07-01T02:25:41.308+0000][29.556s][info][gc,phases   ] GC(67)   Other: 0.18ms
[2026-07-01T02:25:41.308+0000][29.556s][info][gc,heap     ] GC(67) Eden regions: 162->0(150)
[2026-07-01T02:25:41.308+0000][29.556s][info][gc,heap     ] GC(67) Survivor regions: 5->6(25)
[2026-07-01T02:25:41.308+0000][29.556s][info][gc,heap     ] GC(67) Old regions: 154->154
[2026-07-01T02:25:41.308+0000][29.556s][info][gc,heap     ] GC(67) Humongous regions: 3->3
[2026-07-01T02:25:41.308+0000][29.556s][info][gc,metaspace] GC(67) Metaspace: 41654K(42496K)->41654K(42496K) NonClass: 36516K(36928K)->36516K(36928K) Class: 5138K(5568K)->5138K(5568K)
[2026-07-01T02:25:41.308+0000][29.556s][info][gc          ] GC(67) Pause Young (Prepare Mixed) (G1 Evacuation Pause) 323M->162M(330M) 15.100ms
[2026-07-01T02:25:41.308+0000][29.556s][info][gc,cpu      ] GC(67) User=0.02s Sys=0.00s Real=0.01s
[2026-07-01T02:25:42.937+0000][31.185s][info][gc,start    ] GC(68) Pause Young (Mixed) (G1 Evacuation Pause)
[2026-07-01T02:25:42.937+0000][31.185s][info][gc,task     ] GC(68) Using 2 workers of 2 for evacuation
[2026-07-01T02:25:42.967+0000][31.216s][info][gc,phases   ] GC(68)   Pre Evacuate Collection Set: 0.22ms
[2026-07-01T02:25:42.967+0000][31.216s][info][gc,phases   ] GC(68)   Merge Heap Roots: 0.37ms
[2026-07-01T02:25:42.967+0000][31.216s][info][gc,phases   ] GC(68)   Evacuate Collection Set: 29.25ms
[2026-07-01T02:25:42.968+0000][31.216s][info][gc,phases   ] GC(68)   Post Evacuate Collection Set: 0.72ms
[2026-07-01T02:25:42.968+0000][31.216s][info][gc,phases   ] GC(68)   Other: 0.06ms
[2026-07-01T02:25:42.968+0000][31.216s][info][gc,heap     ] GC(68) Eden regions: 150->0(150)
[2026-07-01T02:25:42.968+0000][31.216s][info][gc,heap     ] GC(68) Survivor regions: 6->6(20)
[2026-07-01T02:25:42.968+0000][31.216s][info][gc,heap     ] GC(68) Old regions: 154->154
[2026-07-01T02:25:42.968+0000][31.216s][info][gc,heap     ] GC(68) Humongous regions: 3->3
[2026-07-01T02:25:42.968+0000][31.216s][info][gc,metaspace] GC(68) Metaspace: 41657K(42496K)->41657K(42496K) NonClass: 36519K(36928K)->36519K(36928K) Class: 5138K(5568K)->5138K(5568K)
[2026-07-01T02:25:42.968+0000][31.216s][info][gc          ] GC(68) Pause Young (Mixed) (G1 Evacuation Pause) 312M->162M(330M) 30.818ms
[2026-07-01T02:25:42.968+0000][31.216s][info][gc,cpu      ] GC(68) User=0.03s Sys=0.00s Real=0.03s
[2026-07-01T02:25:44.232+0000][32.480s][info][gc,start    ] GC(69) Pause Young (Concurrent Start) (G1 Evacuation Pause)
[2026-07-01T02:25:44.232+0000][32.480s][info][gc,task     ] GC(69) Using 2 workers of 2 for evacuation
[2026-07-01T02:25:44.248+0000][32.496s][info][gc,phases   ] GC(69)   Pre Evacuate Collection Set: 0.21ms
[2026-07-01T02:25:44.248+0000][32.496s][info][gc,phases   ] GC(69)   Merge Heap Roots: 0.24ms
[2026-07-01T02:25:44.248+0000][32.496s][info][gc,phases   ] GC(69)   Evacuate Collection Set: 14.64ms
[2026-07-01T02:25:44.248+0000][32.496s][info][gc,phases   ] GC(69)   Post Evacuate Collection Set: 0.45ms
[2026-07-01T02:25:44.248+0000][32.496s][info][gc,phases   ] GC(69)   Other: 0.08ms
[2026-07-01T02:25:44.248+0000][32.496s][info][gc,heap     ] GC(69) Eden regions: 150->0(150)
[2026-07-01T02:25:44.248+0000][32.496s][info][gc,heap     ] GC(69) Survivor regions: 6->6(20)
[2026-07-01T02:25:44.248+0000][32.496s][info][gc,heap     ] GC(69) Old regions: 154->154
[2026-07-01T02:25:44.248+0000][32.496s][info][gc,heap     ] GC(69) Humongous regions: 3->3
[2026-07-01T02:25:44.248+0000][32.496s][info][gc,metaspace] GC(69) Metaspace: 41659K(42496K)->41659K(42496K) NonClass: 36520K(36928K)->36520K(36928K) Class: 5138K(5568K)->5138K(5568K)
[2026-07-01T02:25:44.248+0000][32.496s][info][gc          ] GC(69) Pause Young (Concurrent Start) (G1 Evacuation Pause) 312M->162M(330M) 15.733ms
[2026-07-01T02:25:44.248+0000][32.496s][info][gc          ] GC(70) Concurrent Mark Cycle
[2026-07-01T02:25:44.248+0000][32.496s][info][gc,marking  ] GC(70) Concurrent Scan Root Regions
[2026-07-01T02:25:44.248+0000][32.496s][info][gc,cpu      ] GC(69) User=0.02s Sys=0.00s Real=0.01s
[2026-07-01T02:25:44.279+0000][32.528s][info][gc,marking  ] GC(70) Concurrent Scan Root Regions 31.780ms
[2026-07-01T02:25:44.279+0000][32.528s][info][gc,marking  ] GC(70) Concurrent Mark
[2026-07-01T02:25:44.279+0000][32.528s][info][gc,marking  ] GC(70) Concurrent Mark From Roots
[2026-07-01T02:25:44.279+0000][32.528s][info][gc,task     ] GC(70) Using 1 workers of 1 for marking
[2026-07-01T02:25:44.998+0000][33.247s][info][gc,marking  ] GC(70) Concurrent Mark From Roots 718.994ms
[2026-07-01T02:25:44.999+0000][33.247s][info][gc,marking  ] GC(70) Concurrent Preclean
[2026-07-01T02:25:44.999+0000][33.247s][info][gc,marking  ] GC(70) Concurrent Preclean 0.126ms
[2026-07-01T02:25:44.999+0000][33.247s][info][gc,start    ] GC(70) Pause Remark
[2026-07-01T02:25:45.005+0000][33.253s][info][gc,heap     ] GC(70) Heap shrink completed: uncommitted 4 regions (4MB), heap size now 326MB
[2026-07-01T02:25:45.005+0000][33.253s][info][gc          ] GC(70) Pause Remark 247M->247M(326M) 6.001ms
[2026-07-01T02:25:45.005+0000][33.253s][info][gc,cpu      ] GC(70) User=0.01s Sys=0.00s Real=0.00s
[2026-07-01T02:25:45.034+0000][33.282s][info][gc,marking  ] GC(70) Concurrent Mark 754.386ms
[2026-07-01T02:25:45.034+0000][33.282s][info][gc,marking  ] GC(70) Concurrent Rebuild Remembered Sets and Scrub Regions
[2026-07-01T02:25:45.369+0000][33.617s][info][gc,marking  ] GC(70) Concurrent Rebuild Remembered Sets and Scrub Regions 335.231ms
[2026-07-01T02:25:45.369+0000][33.617s][info][gc,start    ] GC(70) Pause Cleanup
[2026-07-01T02:25:45.370+0000][33.618s][info][gc          ] GC(70) Pause Cleanup 282M->282M(326M) 0.214ms
[2026-07-01T02:25:45.370+0000][33.618s][info][gc,cpu      ] GC(70) User=0.00s Sys=0.00s Real=0.00s
[2026-07-01T02:25:45.370+0000][33.618s][info][gc,marking  ] GC(70) Concurrent Clear Claimed Marks
[2026-07-01T02:25:45.370+0000][33.618s][info][gc,marking  ] GC(70) Concurrent Clear Claimed Marks 0.091ms
[2026-07-01T02:25:45.370+0000][33.618s][info][gc,marking  ] GC(70) Concurrent Cleanup for Next Mark
[2026-07-01T02:25:45.372+0000][33.620s][info][gc,marking  ] GC(70) Concurrent Cleanup for Next Mark 2.043ms
[2026-07-01T02:25:45.372+0000][33.620s][info][gc          ] GC(70) Concurrent Mark Cycle 1124.231ms
[2026-07-01T02:25:45.612+0000][33.860s][info][gc,start    ] GC(71) Pause Young (Prepare Mixed) (G1 Evacuation Pause)
[2026-07-01T02:25:45.612+0000][33.860s][info][gc,task     ] GC(71) Using 2 workers of 2 for evacuation
[2026-07-01T02:25:45.624+0000][33.872s][info][gc,phases   ] GC(71)   Pre Evacuate Collection Set: 0.26ms
[2026-07-01T02:25:45.624+0000][33.872s][info][gc,phases   ] GC(71)   Merge Heap Roots: 0.49ms
[2026-07-01T02:25:45.624+0000][33.872s][info][gc,phases   ] GC(71)   Evacuate Collection Set: 10.76ms
[2026-07-01T02:25:45.624+0000][33.872s][info][gc,phases   ] GC(71)   Post Evacuate Collection Set: 0.40ms
[2026-07-01T02:25:45.624+0000][33.872s][info][gc,phases   ] GC(71)   Other: 0.06ms
[2026-07-01T02:25:45.624+0000][33.872s][info][gc,heap     ] GC(71) Eden regions: 150->0(144)
[2026-07-01T02:25:45.624+0000][33.872s][info][gc,heap     ] GC(71) Survivor regions: 6->7(20)
[2026-07-01T02:25:45.624+0000][33.872s][info][gc,heap     ] GC(71) Old regions: 154->155
[2026-07-01T02:25:45.624+0000][33.872s][info][gc,heap     ] GC(71) Humongous regions: 3->3
[2026-07-01T02:25:45.624+0000][33.872s][info][gc,metaspace] GC(71) Metaspace: 41667K(42560K)->41667K(42560K) NonClass: 36528K(36992K)->36528K(36992K) Class: 5139K(5568K)->5139K(5568K)
[2026-07-01T02:25:45.624+0000][33.872s][info][gc          ] GC(71) Pause Young (Prepare Mixed) (G1 Evacuation Pause) 312M->163M(326M) 12.149ms
[2026-07-01T02:25:45.624+0000][33.872s][info][gc,cpu      ] GC(71) User=0.03s Sys=0.00s Real=0.01s
[2026-07-01T02:25:46.853+0000][35.101s][info][gc,start    ] GC(72) Pause Young (Mixed) (G1 Evacuation Pause)
[2026-07-01T02:25:46.853+0000][35.102s][info][gc,task     ] GC(72) Using 2 workers of 2 for evacuation
[2026-07-01T02:25:46.873+0000][35.121s][info][gc,phases   ] GC(72)   Pre Evacuate Collection Set: 0.16ms
[2026-07-01T02:25:46.873+0000][35.121s][info][gc,phases   ] GC(72)   Merge Heap Roots: 0.31ms
[2026-07-01T02:25:46.873+0000][35.121s][info][gc,phases   ] GC(72)   Evacuate Collection Set: 18.20ms
[2026-07-01T02:25:46.873+0000][35.121s][info][gc,phases   ] GC(72)   Post Evacuate Collection Set: 0.51ms
[2026-07-01T02:25:46.873+0000][35.121s][info][gc,phases   ] GC(72)   Other: 0.06ms
[2026-07-01T02:25:46.873+0000][35.121s][info][gc,heap     ] GC(72) Eden regions: 144->0(144)
[2026-07-01T02:25:46.873+0000][35.121s][info][gc,heap     ] GC(72) Survivor regions: 7->7(19)
[2026-07-01T02:25:46.873+0000][35.121s][info][gc,heap     ] GC(72) Old regions: 155->155
[2026-07-01T02:25:46.873+0000][35.121s][info][gc,heap     ] GC(72) Humongous regions: 3->3
[2026-07-01T02:25:46.873+0000][35.121s][info][gc,metaspace] GC(72) Metaspace: 41667K(42560K)->41667K(42560K) NonClass: 36528K(36992K)->36528K(36992K) Class: 5139K(5568K)->5139K(5568K)
[2026-07-01T02:25:46.873+0000][35.121s][info][gc          ] GC(72) Pause Young (Mixed) (G1 Evacuation Pause) 307M->163M(326M) 19.422ms
[2026-07-01T02:25:46.873+0000][35.121s][info][gc,cpu      ] GC(72) User=0.05s Sys=0.00s Real=0.02s
[2026-07-01T02:25:48.034+0000][36.282s][info][gc,start    ] GC(73) Pause Young (Concurrent Start) (G1 Evacuation Pause)
[2026-07-01T02:25:48.034+0000][36.283s][info][gc,task     ] GC(73) Using 2 workers of 2 for evacuation
[2026-07-01T02:25:48.052+0000][36.300s][info][gc,phases   ] GC(73)   Pre Evacuate Collection Set: 0.23ms
[2026-07-01T02:25:48.052+0000][36.300s][info][gc,phases   ] GC(73)   Merge Heap Roots: 0.23ms
[2026-07-01T02:25:48.052+0000][36.300s][info][gc,phases   ] GC(73)   Evacuate Collection Set: 16.47ms
[2026-07-01T02:25:48.052+0000][36.300s][info][gc,phases   ] GC(73)   Post Evacuate Collection Set: 0.45ms
[2026-07-01T02:25:48.052+0000][36.300s][info][gc,phases   ] GC(73)   Other: 0.07ms
[2026-07-01T02:25:48.052+0000][36.300s][info][gc,heap     ] GC(73) Eden regions: 144->0(144)
[2026-07-01T02:25:48.052+0000][36.300s][info][gc,heap     ] GC(73) Survivor regions: 7->7(19)
[2026-07-01T02:25:48.052+0000][36.300s][info][gc,heap     ] GC(73) Old regions: 155->155
[2026-07-01T02:25:48.052+0000][36.300s][info][gc,heap     ] GC(73) Humongous regions: 3->3
[2026-07-01T02:25:48.052+0000][36.300s][info][gc,metaspace] GC(73) Metaspace: 41670K(42560K)->41670K(42560K) NonClass: 36530K(36992K)->36530K(36992K) Class: 5139K(5568K)->5139K(5568K)
[2026-07-01T02:25:48.052+0000][36.300s][info][gc          ] GC(73) Pause Young (Concurrent Start) (G1 Evacuation Pause) 307M->164M(326M) 17.606ms
[2026-07-01T02:25:48.052+0000][36.300s][info][gc          ] GC(74) Concurrent Mark Cycle
[2026-07-01T02:25:48.052+0000][36.300s][info][gc,marking  ] GC(74) Concurrent Scan Root Regions
[2026-07-01T02:25:48.052+0000][36.300s][info][gc,cpu      ] GC(73) User=0.04s Sys=0.00s Real=0.02s
[2026-07-01T02:25:48.066+0000][36.315s][info][gc,marking  ] GC(74) Concurrent Scan Root Regions 14.347ms
[2026-07-01T02:25:48.066+0000][36.315s][info][gc,marking  ] GC(74) Concurrent Mark
[2026-07-01T02:25:48.066+0000][36.315s][info][gc,marking  ] GC(74) Concurrent Mark From Roots
[2026-07-01T02:25:48.066+0000][36.315s][info][gc,task     ] GC(74) Using 1 workers of 1 for marking
[2026-07-01T02:25:48.693+0000][36.941s][info][gc,marking  ] GC(74) Concurrent Mark From Roots 626.352ms
[2026-07-01T02:25:48.693+0000][36.941s][info][gc,marking  ] GC(74) Concurrent Preclean
[2026-07-01T02:25:48.693+0000][36.941s][info][gc,marking  ] GC(74) Concurrent Preclean 0.122ms
[2026-07-01T02:25:48.693+0000][36.941s][info][gc,start    ] GC(74) Pause Remark
[2026-07-01T02:25:48.710+0000][36.958s][info][gc          ] GC(74) Pause Remark 223M->223M(326M) 16.934ms
[2026-07-01T02:25:48.710+0000][36.958s][info][gc,cpu      ] GC(74) User=0.03s Sys=0.01s Real=0.02s
[2026-07-01T02:25:48.712+0000][36.960s][info][gc,marking  ] GC(74) Concurrent Mark 645.095ms
[2026-07-01T02:25:48.712+0000][36.960s][info][gc,marking  ] GC(74) Concurrent Rebuild Remembered Sets and Scrub Regions
[2026-07-01T02:25:49.173+0000][37.421s][info][gc,marking  ] GC(74) Concurrent Rebuild Remembered Sets and Scrub Regions 461.572ms
[2026-07-01T02:25:49.173+0000][37.421s][info][gc,start    ] GC(74) Pause Cleanup
[2026-07-01T02:25:49.173+0000][37.422s][info][gc          ] GC(74) Pause Cleanup 267M->267M(326M) 0.146ms
[2026-07-01T02:25:49.173+0000][37.422s][info][gc,cpu      ] GC(74) User=0.00s Sys=0.00s Real=0.00s
[2026-07-01T02:25:49.175+0000][37.423s][info][gc,marking  ] GC(74) Concurrent Clear Claimed Marks
[2026-07-01T02:25:49.176+0000][37.424s][info][gc,marking  ] GC(74) Concurrent Clear Claimed Marks 1.032ms
[2026-07-01T02:25:49.176+0000][37.424s][info][gc,marking  ] GC(74) Concurrent Cleanup for Next Mark
[2026-07-01T02:25:49.185+0000][37.433s][info][gc,marking  ] GC(74) Concurrent Cleanup for Next Mark 8.892ms
[2026-07-01T02:25:49.185+0000][37.433s][info][gc          ] GC(74) Concurrent Mark Cycle 1132.832ms
[2026-07-01T02:25:49.491+0000][37.739s][info][gc,start    ] GC(75) Pause Young (Prepare Mixed) (G1 Evacuation Pause)
[2026-07-01T02:25:49.491+0000][37.739s][info][gc,task     ] GC(75) Using 2 workers of 2 for evacuation
[2026-07-01T02:25:49.513+0000][37.761s][info][gc,phases   ] GC(75)   Pre Evacuate Collection Set: 0.26ms
[2026-07-01T02:25:49.513+0000][37.761s][info][gc,phases   ] GC(75)   Merge Heap Roots: 1.05ms
[2026-07-01T02:25:49.513+0000][37.762s][info][gc,phases   ] GC(75)   Evacuate Collection Set: 20.66ms
[2026-07-01T02:25:49.513+0000][37.762s][info][gc,phases   ] GC(75)   Post Evacuate Collection Set: 0.59ms
[2026-07-01T02:25:49.513+0000][37.762s][info][gc,phases   ] GC(75)   Other: 0.08ms
[2026-07-01T02:25:49.513+0000][37.762s][info][gc,heap     ] GC(75) Eden regions: 144->0(143)
[2026-07-01T02:25:49.513+0000][37.762s][info][gc,heap     ] GC(75) Survivor regions: 7->8(19)
[2026-07-01T02:25:49.513+0000][37.762s][info][gc,heap     ] GC(75) Old regions: 155->155
[2026-07-01T02:25:49.513+0000][37.762s][info][gc,heap     ] GC(75) Humongous regions: 3->3
[2026-07-01T02:25:49.513+0000][37.762s][info][gc,metaspace] GC(75) Metaspace: 41671K(42560K)->41671K(42560K) NonClass: 36531K(36992K)->36531K(36992K) Class: 5139K(5568K)->5139K(5568K)
[2026-07-01T02:25:49.513+0000][37.762s][info][gc          ] GC(75) Pause Young (Prepare Mixed) (G1 Evacuation Pause) 308M->164M(326M) 22.828ms
[2026-07-01T02:25:49.514+0000][37.762s][info][gc,cpu      ] GC(75) User=0.05s Sys=0.00s Real=0.02s
[2026-07-01T02:25:50.652+0000][38.900s][info][gc,start    ] GC(76) Pause Young (Mixed) (G1 Evacuation Pause)
[2026-07-01T02:25:50.652+0000][38.900s][info][gc,task     ] GC(76) Using 2 workers of 2 for evacuation
[2026-07-01T02:25:50.672+0000][38.920s][info][gc,phases   ] GC(76)   Pre Evacuate Collection Set: 0.24ms
[2026-07-01T02:25:50.672+0000][38.920s][info][gc,phases   ] GC(76)   Merge Heap Roots: 0.32ms
[2026-07-01T02:25:50.672+0000][38.920s][info][gc,phases   ] GC(76)   Evacuate Collection Set: 19.03ms
[2026-07-01T02:25:50.672+0000][38.920s][info][gc,phases   ] GC(76)   Post Evacuate Collection Set: 0.49ms
[2026-07-01T02:25:50.672+0000][38.920s][info][gc,phases   ] GC(76)   Other: 0.06ms
[2026-07-01T02:25:50.672+0000][38.920s][info][gc,heap     ] GC(76) Eden regions: 143->0(144)
[2026-07-01T02:25:50.672+0000][38.920s][info][gc,heap     ] GC(76) Survivor regions: 8->7(19)
[2026-07-01T02:25:50.672+0000][38.920s][info][gc,heap     ] GC(76) Old regions: 155->155
[2026-07-01T02:25:50.672+0000][38.920s][info][gc,heap     ] GC(76) Humongous regions: 3->3
[2026-07-01T02:25:50.672+0000][38.920s][info][gc,metaspace] GC(76) Metaspace: 41671K(42560K)->41671K(42560K) NonClass: 36531K(36992K)->36531K(36992K) Class: 5139K(5568K)->5139K(5568K)
[2026-07-01T02:25:50.672+0000][38.920s][info][gc          ] GC(76) Pause Young (Mixed) (G1 Evacuation Pause) 307M->164M(326M) 20.341ms
[2026-07-01T02:25:50.672+0000][38.920s][info][gc,cpu      ] GC(76) User=0.06s Sys=0.00s Real=0.02s
[2026-07-01T02:25:51.978+0000][40.226s][info][gc,start    ] GC(77) Pause Young (Concurrent Start) (G1 Evacuation Pause)
[2026-07-01T02:25:51.978+0000][40.226s][info][gc,task     ] GC(77) Using 2 workers of 2 for evacuation
[2026-07-01T02:25:51.992+0000][40.240s][info][gc,phases   ] GC(77)   Pre Evacuate Collection Set: 0.27ms
[2026-07-01T02:25:51.992+0000][40.240s][info][gc,phases   ] GC(77)   Merge Heap Roots: 0.43ms
[2026-07-01T02:25:51.992+0000][40.240s][info][gc,phases   ] GC(77)   Evacuate Collection Set: 12.87ms
[2026-07-01T02:25:51.992+0000][40.240s][info][gc,phases   ] GC(77)   Post Evacuate Collection Set: 0.42ms
[2026-07-01T02:25:51.992+0000][40.240s][info][gc,phases   ] GC(77)   Other: 0.10ms
[2026-07-01T02:25:51.992+0000][40.240s][info][gc,heap     ] GC(77) Eden regions: 144->0(143)
[2026-07-01T02:25:51.992+0000][40.240s][info][gc,heap     ] GC(77) Survivor regions: 7->8(19)
[2026-07-01T02:25:51.992+0000][40.240s][info][gc,heap     ] GC(77) Old regions: 155->155
[2026-07-01T02:25:51.992+0000][40.240s][info][gc,heap     ] GC(77) Humongous regions: 3->3
[2026-07-01T02:25:51.992+0000][40.240s][info][gc,metaspace] GC(77) Metaspace: 41671K(42560K)->41671K(42560K) NonClass: 36532K(36992K)->36532K(36992K) Class: 5139K(5568K)->5139K(5568K)
[2026-07-01T02:25:51.992+0000][40.240s][info][gc          ] GC(77) Pause Young (Concurrent Start) (G1 Evacuation Pause) 308M->165M(326M) 14.279ms
[2026-07-01T02:25:51.992+0000][40.240s][info][gc          ] GC(78) Concurrent Mark Cycle
[2026-07-01T02:25:51.992+0000][40.240s][info][gc,marking  ] GC(78) Concurrent Scan Root Regions
[2026-07-01T02:25:51.992+0000][40.240s][info][gc,cpu      ] GC(77) User=0.03s Sys=0.00s Real=0.02s
[2026-07-01T02:25:52.014+0000][40.262s][info][gc,marking  ] GC(78) Concurrent Scan Root Regions 22.243ms
[2026-07-01T02:25:52.014+0000][40.262s][info][gc,marking  ] GC(78) Concurrent Mark
[2026-07-01T02:25:52.014+0000][40.262s][info][gc,marking  ] GC(78) Concurrent Mark From Roots
[2026-07-01T02:25:52.014+0000][40.262s][info][gc,task     ] GC(78) Using 1 workers of 1 for marking
[2026-07-01T02:25:52.689+0000][40.937s][info][gc,marking  ] GC(78) Concurrent Mark From Roots 675.032ms
[2026-07-01T02:25:52.689+0000][40.937s][info][gc,marking  ] GC(78) Concurrent Preclean
[2026-07-01T02:25:52.689+0000][40.938s][info][gc,marking  ] GC(78) Concurrent Preclean 0.129ms
[2026-07-01T02:25:52.690+0000][40.938s][info][gc,start    ] GC(78) Pause Remark
[2026-07-01T02:25:52.698+0000][40.946s][info][gc          ] GC(78) Pause Remark 232M->232M(326M) 8.482ms
[2026-07-01T02:25:52.698+0000][40.946s][info][gc,cpu      ] GC(78) User=0.02s Sys=0.00s Real=0.01s
[2026-07-01T02:25:52.700+0000][40.948s][info][gc,marking  ] GC(78) Concurrent Mark 685.419ms
[2026-07-01T02:25:52.700+0000][40.948s][info][gc,marking  ] GC(78) Concurrent Rebuild Remembered Sets and Scrub Regions
[2026-07-01T02:25:52.901+0000][41.149s][info][gc,marking  ] GC(78) Concurrent Rebuild Remembered Sets and Scrub Regions 201.500ms
[2026-07-01T02:25:52.901+0000][41.149s][info][gc,start    ] GC(78) Pause Cleanup
[2026-07-01T02:25:52.901+0000][41.149s][info][gc          ] GC(78) Pause Cleanup 243M->243M(326M) 0.138ms
[2026-07-01T02:25:52.901+0000][41.150s][info][gc,cpu      ] GC(78) User=0.00s Sys=0.00s Real=0.00s
[2026-07-01T02:25:52.901+0000][41.150s][info][gc,marking  ] GC(78) Concurrent Clear Claimed Marks
[2026-07-01T02:25:52.902+0000][41.150s][info][gc,marking  ] GC(78) Concurrent Clear Claimed Marks 0.091ms
[2026-07-01T02:25:52.902+0000][41.150s][info][gc,marking  ] GC(78) Concurrent Cleanup for Next Mark
[2026-07-01T02:25:52.903+0000][41.151s][info][gc,marking  ] GC(78) Concurrent Cleanup for Next Mark 1.309ms
[2026-07-01T02:25:52.903+0000][41.151s][info][gc          ] GC(78) Concurrent Mark Cycle 910.990ms
[2026-07-01T02:25:53.531+0000][41.779s][info][gc,start    ] GC(79) Pause Young (Prepare Mixed) (G1 Evacuation Pause)
[2026-07-01T02:25:53.531+0000][41.779s][info][gc,task     ] GC(79) Using 2 workers of 2 for evacuation
[2026-07-01T02:25:53.548+0000][41.796s][info][gc,phases   ] GC(79)   Pre Evacuate Collection Set: 0.15ms
[2026-07-01T02:25:53.548+0000][41.796s][info][gc,phases   ] GC(79)   Merge Heap Roots: 0.41ms
[2026-07-01T02:25:53.548+0000][41.796s][info][gc,phases   ] GC(79)   Evacuate Collection Set: 15.34ms
[2026-07-01T02:25:53.548+0000][41.796s][info][gc,phases   ] GC(79)   Post Evacuate Collection Set: 0.50ms
[2026-07-01T02:25:53.548+0000][41.796s][info][gc,phases   ] GC(79)   Other: 0.06ms
[2026-07-01T02:25:53.548+0000][41.796s][info][gc,heap     ] GC(79) Eden regions: 143->0(143)
[2026-07-01T02:25:53.548+0000][41.796s][info][gc,heap     ] GC(79) Survivor regions: 8->8(19)
[2026-07-01T02:25:53.548+0000][41.796s][info][gc,heap     ] GC(79) Old regions: 155->155
[2026-07-01T02:25:53.548+0000][41.796s][info][gc,heap     ] GC(79) Humongous regions: 3->3
[2026-07-01T02:25:53.548+0000][41.796s][info][gc,metaspace] GC(79) Metaspace: 41672K(42560K)->41672K(42560K) NonClass: 36532K(36992K)->36532K(36992K) Class: 5139K(5568K)->5139K(5568K)
[2026-07-01T02:25:53.548+0000][41.796s][info][gc          ] GC(79) Pause Young (Prepare Mixed) (G1 Evacuation Pause) 308M->165M(326M) 16.661ms
[2026-07-01T02:25:53.548+0000][41.796s][info][gc,cpu      ] GC(79) User=0.05s Sys=0.00s Real=0.01s
[2026-07-01T02:25:54.487+0000][42.735s][info][gc,start    ] GC(80) Pause Young (Mixed) (G1 Evacuation Pause)
[2026-07-01T02:25:54.487+0000][42.735s][info][gc,task     ] GC(80) Using 2 workers of 2 for evacuation
[2026-07-01T02:25:54.526+0000][42.774s][info][gc,phases   ] GC(80)   Pre Evacuate Collection Set: 0.28ms
[2026-07-01T02:25:54.526+0000][42.774s][info][gc,phases   ] GC(80)   Merge Heap Roots: 0.39ms
[2026-07-01T02:25:54.526+0000][42.774s][info][gc,phases   ] GC(80)   Evacuate Collection Set: 37.61ms
[2026-07-01T02:25:54.526+0000][42.774s][info][gc,phases   ] GC(80)   Post Evacuate Collection Set: 0.63ms
[2026-07-01T02:25:54.526+0000][42.774s][info][gc,phases   ] GC(80)   Other: 0.06ms
[2026-07-01T02:25:54.526+0000][42.774s][info][gc,heap     ] GC(80) Eden regions: 143->0(143)
[2026-07-01T02:25:54.526+0000][42.774s][info][gc,heap     ] GC(80) Survivor regions: 8->8(19)
[2026-07-01T02:25:54.526+0000][42.774s][info][gc,heap     ] GC(80) Old regions: 155->155
[2026-07-01T02:25:54.526+0000][42.774s][info][gc,heap     ] GC(80) Humongous regions: 3->3
[2026-07-01T02:25:54.526+0000][42.774s][info][gc,metaspace] GC(80) Metaspace: 41672K(42560K)->41672K(42560K) NonClass: 36533K(36992K)->36533K(36992K) Class: 5139K(5568K)->5139K(5568K)
[2026-07-01T02:25:54.526+0000][42.774s][info][gc          ] GC(80) Pause Young (Mixed) (G1 Evacuation Pause) 308M->165M(326M) 39.150ms
[2026-07-01T02:25:54.526+0000][42.774s][info][gc,cpu      ] GC(80) User=0.05s Sys=0.00s Real=0.04s
[2026-07-01T02:25:56.033+0000][44.281s][info][gc,start    ] GC(81) Pause Young (Concurrent Start) (G1 Evacuation Pause)
[2026-07-01T02:25:56.033+0000][44.281s][info][gc,task     ] GC(81) Using 2 workers of 2 for evacuation
[2026-07-01T02:25:56.056+0000][44.304s][info][gc,phases   ] GC(81)   Pre Evacuate Collection Set: 0.61ms
[2026-07-01T02:25:56.056+0000][44.304s][info][gc,phases   ] GC(81)   Merge Heap Roots: 0.29ms
[2026-07-01T02:25:56.056+0000][44.304s][info][gc,phases   ] GC(81)   Evacuate Collection Set: 20.72ms
[2026-07-01T02:25:56.056+0000][44.304s][info][gc,phases   ] GC(81)   Post Evacuate Collection Set: 0.55ms
[2026-07-01T02:25:56.056+0000][44.304s][info][gc,phases   ] GC(81)   Other: 0.08ms
[2026-07-01T02:25:56.056+0000][44.304s][info][gc,heap     ] GC(81) Eden regions: 143->0(141)
[2026-07-01T02:25:56.056+0000][44.304s][info][gc,heap     ] GC(81) Survivor regions: 8->9(19)
[2026-07-01T02:25:56.056+0000][44.304s][info][gc,heap     ] GC(81) Old regions: 155->156
[2026-07-01T02:25:56.056+0000][44.304s][info][gc,heap     ] GC(81) Humongous regions: 3->3
[2026-07-01T02:25:56.056+0000][44.304s][info][gc,metaspace] GC(81) Metaspace: 41674K(42560K)->41674K(42560K) NonClass: 36534K(36992K)->36534K(36992K) Class: 5139K(5568K)->5139K(5568K)
[2026-07-01T02:25:56.056+0000][44.304s][info][gc          ] GC(81) Pause Young (Concurrent Start) (G1 Evacuation Pause) 308M->166M(326M) 22.397ms
[2026-07-01T02:25:56.056+0000][44.304s][info][gc,cpu      ] GC(81) User=0.07s Sys=0.00s Real=0.02s
[2026-07-01T02:25:56.060+0000][44.308s][info][gc          ] GC(82) Concurrent Mark Cycle
[2026-07-01T02:25:56.060+0000][44.308s][info][gc,marking  ] GC(82) Concurrent Scan Root Regions
[2026-07-01T02:25:56.084+0000][44.332s][info][gc,marking  ] GC(82) Concurrent Scan Root Regions 23.784ms
[2026-07-01T02:25:56.084+0000][44.332s][info][gc,marking  ] GC(82) Concurrent Mark
[2026-07-01T02:25:56.084+0000][44.332s][info][gc,marking  ] GC(82) Concurrent Mark From Roots
[2026-07-01T02:25:56.084+0000][44.332s][info][gc,task     ] GC(82) Using 1 workers of 1 for marking
[2026-07-01T02:25:56.784+0000][45.032s][info][gc,marking  ] GC(82) Concurrent Mark From Roots 699.956ms
[2026-07-01T02:25:56.784+0000][45.032s][info][gc,marking  ] GC(82) Concurrent Preclean
[2026-07-01T02:25:56.784+0000][45.032s][info][gc,marking  ] GC(82) Concurrent Preclean 0.057ms
[2026-07-01T02:25:56.784+0000][45.032s][info][gc,start    ] GC(82) Pause Remark
[2026-07-01T02:25:56.793+0000][45.041s][info][gc          ] GC(82) Pause Remark 243M->243M(326M) 8.700ms
[2026-07-01T02:25:56.793+0000][45.041s][info][gc,cpu      ] GC(82) User=0.02s Sys=0.00s Real=0.01s
[2026-07-01T02:25:56.796+0000][45.044s][info][gc,marking  ] GC(82) Concurrent Mark 712.088ms
[2026-07-01T02:25:56.796+0000][45.044s][info][gc,marking  ] GC(82) Concurrent Rebuild Remembered Sets and Scrub Regions
[2026-07-01T02:25:57.065+0000][45.313s][info][gc,marking  ] GC(82) Concurrent Rebuild Remembered Sets and Scrub Regions 268.618ms
[2026-07-01T02:25:57.065+0000][45.313s][info][gc,start    ] GC(82) Pause Cleanup
[2026-07-01T02:25:57.065+0000][45.314s][info][gc          ] GC(82) Pause Cleanup 276M->276M(326M) 0.253ms
[2026-07-01T02:25:57.065+0000][45.314s][info][gc,cpu      ] GC(82) User=0.00s Sys=0.00s Real=0.00s
[2026-07-01T02:25:57.068+0000][45.316s][info][gc,marking  ] GC(82) Concurrent Clear Claimed Marks
[2026-07-01T02:25:57.068+0000][45.316s][info][gc,marking  ] GC(82) Concurrent Clear Claimed Marks 0.095ms
[2026-07-01T02:25:57.068+0000][45.316s][info][gc,marking  ] GC(82) Concurrent Cleanup for Next Mark
[2026-07-01T02:25:57.069+0000][45.317s][info][gc,marking  ] GC(82) Concurrent Cleanup for Next Mark 0.558ms
[2026-07-01T02:25:57.069+0000][45.317s][info][gc          ] GC(82) Concurrent Mark Cycle 1008.746ms
[2026-07-01T02:25:57.284+0000][45.532s][info][gc,start    ] GC(83) Pause Young (Prepare Mixed) (G1 Evacuation Pause)
[2026-07-01T02:25:57.284+0000][45.533s][info][gc,task     ] GC(83) Using 2 workers of 2 for evacuation
[2026-07-01T02:25:57.308+0000][45.556s][info][gc,phases   ] GC(83)   Pre Evacuate Collection Set: 0.22ms
[2026-07-01T02:25:57.308+0000][45.556s][info][gc,phases   ] GC(83)   Merge Heap Roots: 1.22ms
[2026-07-01T02:25:57.308+0000][45.556s][info][gc,phases   ] GC(83)   Evacuate Collection Set: 21.08ms
[2026-07-01T02:25:57.308+0000][45.556s][info][gc,phases   ] GC(83)   Post Evacuate Collection Set: 0.55ms
[2026-07-01T02:25:57.308+0000][45.556s][info][gc,phases   ] GC(83)   Other: 0.05ms
[2026-07-01T02:25:57.308+0000][45.556s][info][gc,heap     ] GC(83) Eden regions: 141->0(141)
[2026-07-01T02:25:57.308+0000][45.556s][info][gc,heap     ] GC(83) Survivor regions: 9->9(19)
[2026-07-01T02:25:57.308+0000][45.556s][info][gc,heap     ] GC(83) Old regions: 156->156
[2026-07-01T02:25:57.308+0000][45.556s][info][gc,heap     ] GC(83) Humongous regions: 3->3
[2026-07-01T02:25:57.308+0000][45.556s][info][gc,metaspace] GC(83) Metaspace: 41679K(42560K)->41679K(42560K) NonClass: 36539K(36992K)->36539K(36992K) Class: 5139K(5568K)->5139K(5568K)
[2026-07-01T02:25:57.308+0000][45.556s][info][gc          ] GC(83) Pause Young (Prepare Mixed) (G1 Evacuation Pause) 307M->167M(326M) 23.269ms
[2026-07-01T02:25:57.308+0000][45.556s][info][gc,cpu      ] GC(83) User=0.05s Sys=0.00s Real=0.02s
[2026-07-01T02:25:58.422+0000][46.670s][info][gc,start    ] GC(84) Pause Young (Mixed) (G1 Evacuation Pause)
[2026-07-01T02:25:58.422+0000][46.670s][info][gc,task     ] GC(84) Using 2 workers of 2 for evacuation
[2026-07-01T02:25:58.451+0000][46.699s][info][gc,phases   ] GC(84)   Pre Evacuate Collection Set: 0.19ms
[2026-07-01T02:25:58.451+0000][46.699s][info][gc,phases   ] GC(84)   Merge Heap Roots: 0.33ms
[2026-07-01T02:25:58.451+0000][46.699s][info][gc,phases   ] GC(84)   Evacuate Collection Set: 28.27ms
[2026-07-01T02:25:58.451+0000][46.699s][info][gc,phases   ] GC(84)   Post Evacuate Collection Set: 0.56ms
[2026-07-01T02:25:58.451+0000][46.699s][info][gc,phases   ] GC(84)   Other: 0.08ms
[2026-07-01T02:25:58.451+0000][46.699s][info][gc,heap     ] GC(84) Eden regions: 141->0(140)
[2026-07-01T02:25:58.451+0000][46.699s][info][gc,heap     ] GC(84) Survivor regions: 9->10(19)
[2026-07-01T02:25:58.451+0000][46.699s][info][gc,heap     ] GC(84) Old regions: 156->156
[2026-07-01T02:25:58.451+0000][46.699s][info][gc,heap     ] GC(84) Humongous regions: 3->3
[2026-07-01T02:25:58.451+0000][46.699s][info][gc,metaspace] GC(84) Metaspace: 41679K(42560K)->41679K(42560K) NonClass: 36539K(36992K)->36539K(36992K) Class: 5139K(5568K)->5139K(5568K)
[2026-07-01T02:25:58.451+0000][46.700s][info][gc          ] GC(84) Pause Young (Mixed) (G1 Evacuation Pause) 308M->167M(326M) 29.633ms
[2026-07-01T02:25:58.451+0000][46.700s][info][gc,cpu      ] GC(84) User=0.05s Sys=0.00s Real=0.03s
[2026-07-01T02:25:59.613+0000][47.861s][info][gc,start    ] GC(85) Pause Young (Concurrent Start) (G1 Evacuation Pause)
[2026-07-01T02:25:59.613+0000][47.861s][info][gc,task     ] GC(85) Using 2 workers of 2 for evacuation
[2026-07-01T02:25:59.630+0000][47.878s][info][gc,phases   ] GC(85)   Pre Evacuate Collection Set: 0.18ms
[2026-07-01T02:25:59.630+0000][47.878s][info][gc,phases   ] GC(85)   Merge Heap Roots: 0.37ms
[2026-07-01T02:25:59.630+0000][47.878s][info][gc,phases   ] GC(85)   Evacuate Collection Set: 15.91ms
[2026-07-01T02:25:59.630+0000][47.878s][info][gc,phases   ] GC(85)   Post Evacuate Collection Set: 0.40ms
[2026-07-01T02:25:59.630+0000][47.878s][info][gc,phases   ] GC(85)   Other: 0.07ms
[2026-07-01T02:25:59.630+0000][47.878s][info][gc,heap     ] GC(85) Eden regions: 140->0(140)
[2026-07-01T02:25:59.630+0000][47.878s][info][gc,heap     ] GC(85) Survivor regions: 10->10(19)
[2026-07-01T02:25:59.630+0000][47.878s][info][gc,heap     ] GC(85) Old regions: 156->156
[2026-07-01T02:25:59.630+0000][47.878s][info][gc,heap     ] GC(85) Humongous regions: 3->3
[2026-07-01T02:25:59.630+0000][47.878s][info][gc,metaspace] GC(85) Metaspace: 41679K(42560K)->41679K(42560K) NonClass: 36539K(36992K)->36539K(36992K) Class: 5139K(5568K)->5139K(5568K)
[2026-07-01T02:25:59.630+0000][47.878s][info][gc          ] GC(85) Pause Young (Concurrent Start) (G1 Evacuation Pause) 307M->168M(326M) 17.083ms
[2026-07-01T02:25:59.630+0000][47.878s][info][gc          ] GC(86) Concurrent Mark Cycle
[2026-07-01T02:25:59.630+0000][47.878s][info][gc,cpu      ] GC(85) User=0.03s Sys=0.00s Real=0.02s
[2026-07-01T02:25:59.630+0000][47.879s][info][gc,marking  ] GC(86) Concurrent Scan Root Regions
[2026-07-01T02:25:59.664+0000][47.912s][info][gc,marking  ] GC(86) Concurrent Scan Root Regions 33.099ms
[2026-07-01T02:25:59.664+0000][47.912s][info][gc,marking  ] GC(86) Concurrent Mark
[2026-07-01T02:25:59.664+0000][47.912s][info][gc,marking  ] GC(86) Concurrent Mark From Roots
[2026-07-01T02:25:59.664+0000][47.912s][info][gc,task     ] GC(86) Using 1 workers of 1 for marking
[2026-07-01T02:26:00.362+0000][48.610s][info][gc,marking  ] GC(86) Concurrent Mark From Roots 698.519ms
[2026-07-01T02:26:00.362+0000][48.610s][info][gc,marking  ] GC(86) Concurrent Preclean
[2026-07-01T02:26:00.363+0000][48.611s][info][gc,marking  ] GC(86) Concurrent Preclean 1.143ms
[2026-07-01T02:26:00.365+0000][48.613s][info][gc,start    ] GC(86) Pause Remark
[2026-07-01T02:26:00.373+0000][48.621s][info][gc          ] GC(86) Pause Remark 247M->247M(326M) 7.870ms
[2026-07-01T02:26:00.373+0000][48.621s][info][gc,cpu      ] GC(86) User=0.02s Sys=0.00s Real=0.01s
[2026-07-01T02:26:00.376+0000][48.624s][info][gc,marking  ] GC(86) Concurrent Mark 712.735ms
[2026-07-01T02:26:00.376+0000][48.624s][info][gc,marking  ] GC(86) Concurrent Rebuild Remembered Sets and Scrub Regions
[2026-07-01T02:26:00.677+0000][48.925s][info][gc,marking  ] GC(86) Concurrent Rebuild Remembered Sets and Scrub Regions 300.350ms
[2026-07-01T02:26:00.677+0000][48.925s][info][gc,start    ] GC(86) Pause Cleanup
[2026-07-01T02:26:00.677+0000][48.925s][info][gc          ] GC(86) Pause Cleanup 286M->286M(326M) 0.121ms
[2026-07-01T02:26:00.677+0000][48.925s][info][gc,cpu      ] GC(86) User=0.00s Sys=0.00s Real=0.00s
[2026-07-01T02:26:00.677+0000][48.925s][info][gc,marking  ] GC(86) Concurrent Clear Claimed Marks
[2026-07-01T02:26:00.677+0000][48.925s][info][gc,marking  ] GC(86) Concurrent Clear Claimed Marks 0.072ms
[2026-07-01T02:26:00.677+0000][48.925s][info][gc,marking  ] GC(86) Concurrent Cleanup for Next Mark
[2026-07-01T02:26:00.678+0000][48.926s][info][gc,marking  ] GC(86) Concurrent Cleanup for Next Mark 0.604ms
[2026-07-01T02:26:00.678+0000][48.926s][info][gc          ] GC(86) Concurrent Mark Cycle 1047.232ms
[2026-07-01T02:26:00.819+0000][49.067s][info][gc,start    ] GC(87) Pause Young (Prepare Mixed) (G1 Evacuation Pause)
[2026-07-01T02:26:00.819+0000][49.067s][info][gc,task     ] GC(87) Using 2 workers of 2 for evacuation
[2026-07-01T02:26:00.848+0000][49.096s][info][gc,phases   ] GC(87)   Pre Evacuate Collection Set: 0.17ms
[2026-07-01T02:26:00.848+0000][49.096s][info][gc,phases   ] GC(87)   Merge Heap Roots: 0.56ms
[2026-07-01T02:26:00.848+0000][49.096s][info][gc,phases   ] GC(87)   Evacuate Collection Set: 27.34ms
[2026-07-01T02:26:00.848+0000][49.096s][info][gc,phases   ] GC(87)   Post Evacuate Collection Set: 0.55ms
[2026-07-01T02:26:00.848+0000][49.096s][info][gc,phases   ] GC(87)   Other: 0.06ms
[2026-07-01T02:26:00.848+0000][49.096s][info][gc,heap     ] GC(87) Eden regions: 140->0(140)
[2026-07-01T02:26:00.848+0000][49.096s][info][gc,heap     ] GC(87) Survivor regions: 10->9(19)
[2026-07-01T02:26:00.848+0000][49.096s][info][gc,heap     ] GC(87) Old regions: 156->157
[2026-07-01T02:26:00.848+0000][49.096s][info][gc,heap     ] GC(87) Humongous regions: 3->3
[2026-07-01T02:26:00.848+0000][49.096s][info][gc,metaspace] GC(87) Metaspace: 41681K(42560K)->41681K(42560K) NonClass: 36541K(36992K)->36541K(36992K) Class: 5139K(5568K)->5139K(5568K)
[2026-07-01T02:26:00.848+0000][49.096s][info][gc          ] GC(87) Pause Young (Prepare Mixed) (G1 Evacuation Pause) 308M->168M(326M) 28.818ms
[2026-07-01T02:26:00.848+0000][49.096s][info][gc,cpu      ] GC(87) User=0.05s Sys=0.00s Real=0.02s
[2026-07-01T02:26:01.684+0000][49.932s][info][gc,start    ] GC(88) Pause Young (Mixed) (G1 Evacuation Pause)
[2026-07-01T02:26:01.684+0000][49.932s][info][gc,task     ] GC(88) Using 2 workers of 2 for evacuation
[2026-07-01T02:26:01.714+0000][49.962s][info][gc,phases   ] GC(88)   Pre Evacuate Collection Set: 1.33ms
[2026-07-01T02:26:01.714+0000][49.962s][info][gc,phases   ] GC(88)   Merge Heap Roots: 0.41ms
[2026-07-01T02:26:01.714+0000][49.962s][info][gc,phases   ] GC(88)   Evacuate Collection Set: 25.77ms
[2026-07-01T02:26:01.714+0000][49.962s][info][gc,phases   ] GC(88)   Post Evacuate Collection Set: 2.26ms
[2026-07-01T02:26:01.714+0000][49.962s][info][gc,phases   ] GC(88)   Other: 0.06ms
[2026-07-01T02:26:01.714+0000][49.962s][info][gc,heap     ] GC(88) Eden regions: 140->0(140)
[2026-07-01T02:26:01.714+0000][49.962s][info][gc,heap     ] GC(88) Survivor regions: 9->9(19)
[2026-07-01T02:26:01.714+0000][49.962s][info][gc,heap     ] GC(88) Old regions: 157->157
[2026-07-01T02:26:01.714+0000][49.962s][info][gc,heap     ] GC(88) Humongous regions: 3->3
[2026-07-01T02:26:01.714+0000][49.962s][info][gc,metaspace] GC(88) Metaspace: 41681K(42560K)->41681K(42560K) NonClass: 36541K(36992K)->36541K(36992K) Class: 5139K(5568K)->5139K(5568K)
[2026-07-01T02:26:01.714+0000][49.962s][info][gc          ] GC(88) Pause Young (Mixed) (G1 Evacuation Pause) 308M->168M(326M) 30.002ms
[2026-07-01T02:26:01.714+0000][49.962s][info][gc,cpu      ] GC(88) User=0.06s Sys=0.00s Real=0.03s
[2026-07-01T02:26:03.308+0000][51.556s][info][gc,start    ] GC(89) Pause Young (Concurrent Start) (G1 Evacuation Pause)
[2026-07-01T02:26:03.308+0000][51.556s][info][gc,task     ] GC(89) Using 2 workers of 2 for evacuation
[2026-07-01T02:26:03.335+0000][51.583s][info][gc,phases   ] GC(89)   Pre Evacuate Collection Set: 0.22ms
[2026-07-01T02:26:03.335+0000][51.583s][info][gc,phases   ] GC(89)   Merge Heap Roots: 0.41ms
[2026-07-01T02:26:03.335+0000][51.583s][info][gc,phases   ] GC(89)   Evacuate Collection Set: 24.53ms
[2026-07-01T02:26:03.335+0000][51.583s][info][gc,phases   ] GC(89)   Post Evacuate Collection Set: 1.82ms
[2026-07-01T02:26:03.335+0000][51.583s][info][gc,phases   ] GC(89)   Other: 0.09ms
[2026-07-01T02:26:03.335+0000][51.583s][info][gc,heap     ] GC(89) Eden regions: 140->0(276)
[2026-07-01T02:26:03.335+0000][51.583s][info][gc,heap     ] GC(89) Survivor regions: 9->9(19)
[2026-07-01T02:26:03.335+0000][51.583s][info][gc,heap     ] GC(89) Old regions: 157->158
[2026-07-01T02:26:03.335+0000][51.583s][info][gc,heap     ] GC(89) Humongous regions: 3->3
[2026-07-01T02:26:03.335+0000][51.583s][info][gc,metaspace] GC(89) Metaspace: 41681K(42560K)->41681K(42560K) NonClass: 36541K(36992K)->36541K(36992K) Class: 5139K(5568K)->5139K(5568K)
[2026-07-01T02:26:03.335+0000][51.583s][info][gc          ] GC(89) Pause Young (Concurrent Start) (G1 Evacuation Pause) 308M->169M(476M) 27.260ms
[2026-07-01T02:26:03.335+0000][51.583s][info][gc          ] GC(90) Concurrent Mark Cycle
[2026-07-01T02:26:03.335+0000][51.583s][info][gc,cpu      ] GC(89) User=0.07s Sys=0.00s Real=0.03s
[2026-07-01T02:26:03.335+0000][51.583s][info][gc,marking  ] GC(90) Concurrent Scan Root Regions
[2026-07-01T02:26:03.363+0000][51.611s][info][gc,marking  ] GC(90) Concurrent Scan Root Regions 28.114ms
[2026-07-01T02:26:03.363+0000][51.611s][info][gc,marking  ] GC(90) Concurrent Mark
[2026-07-01T02:26:03.363+0000][51.611s][info][gc,marking  ] GC(90) Concurrent Mark From Roots
[2026-07-01T02:26:03.363+0000][51.611s][info][gc,task     ] GC(90) Using 1 workers of 1 for marking
[2026-07-01T02:26:03.779+0000][52.027s][info][gc,marking  ] GC(90) Concurrent Mark From Roots 415.700ms
[2026-07-01T02:26:03.779+0000][52.027s][info][gc,marking  ] GC(90) Concurrent Preclean
[2026-07-01T02:26:03.779+0000][52.027s][info][gc,marking  ] GC(90) Concurrent Preclean 0.134ms
[2026-07-01T02:26:03.779+0000][52.027s][info][gc,start    ] GC(90) Pause Remark
[2026-07-01T02:26:03.788+0000][52.036s][info][gc,heap     ] GC(90) Heap shrink completed: uncommitted 136 regions (136MB), heap size now 340MB
[2026-07-01T02:26:03.788+0000][52.036s][info][gc          ] GC(90) Pause Remark 197M->197M(340M) 8.701ms
[2026-07-01T02:26:03.788+0000][52.036s][info][gc,cpu      ] GC(90) User=0.02s Sys=0.00s Real=0.00s
[2026-07-01T02:26:03.788+0000][52.036s][info][gc,marking  ] GC(90) Concurrent Mark 424.972ms
[2026-07-01T02:26:03.788+0000][52.036s][info][gc,marking  ] GC(90) Concurrent Rebuild Remembered Sets and Scrub Regions
[2026-07-01T02:26:04.144+0000][52.392s][info][gc,marking  ] GC(90) Concurrent Rebuild Remembered Sets and Scrub Regions 356.056ms
[2026-07-01T02:26:04.145+0000][52.393s][info][gc,start    ] GC(90) Pause Cleanup
[2026-07-01T02:26:04.145+0000][52.393s][info][gc          ] GC(90) Pause Cleanup 235M->235M(340M) 0.374ms
[2026-07-01T02:26:04.145+0000][52.393s][info][gc,cpu      ] GC(90) User=0.00s Sys=0.00s Real=0.00s
[2026-07-01T02:26:04.146+0000][52.394s][info][gc,marking  ] GC(90) Concurrent Clear Claimed Marks
[2026-07-01T02:26:04.146+0000][52.394s][info][gc,marking  ] GC(90) Concurrent Clear Claimed Marks 0.119ms
[2026-07-01T02:26:04.146+0000][52.394s][info][gc,marking  ] GC(90) Concurrent Cleanup for Next Mark
[2026-07-01T02:26:04.149+0000][52.397s][info][gc,marking  ] GC(90) Concurrent Cleanup for Next Mark 3.466ms
[2026-07-01T02:26:04.149+0000][52.397s][info][gc          ] GC(90) Concurrent Mark Cycle 814.250ms
[2026-07-01T02:26:04.777+0000][53.025s][info][gc,start    ] GC(91) Pause Young (Prepare Mixed) (G1 Evacuation Pause)
[2026-07-01T02:26:04.777+0000][53.025s][info][gc,task     ] GC(91) Using 2 workers of 2 for evacuation
[2026-07-01T02:26:04.801+0000][53.049s][info][gc,phases   ] GC(91)   Pre Evacuate Collection Set: 0.29ms
[2026-07-01T02:26:04.801+0000][53.049s][info][gc,phases   ] GC(91)   Merge Heap Roots: 0.67ms
[2026-07-01T02:26:04.801+0000][53.049s][info][gc,phases   ] GC(91)   Evacuate Collection Set: 22.63ms
[2026-07-01T02:26:04.801+0000][53.049s][info][gc,phases   ] GC(91)   Post Evacuate Collection Set: 0.56ms
[2026-07-01T02:26:04.801+0000][53.049s][info][gc,phases   ] GC(91)   Other: 0.08ms
[2026-07-01T02:26:04.801+0000][53.049s][info][gc,heap     ] GC(91) Eden regions: 170->0(161)
[2026-07-01T02:26:04.801+0000][53.049s][info][gc,heap     ] GC(91) Survivor regions: 9->9(26)
[2026-07-01T02:26:04.801+0000][53.049s][info][gc,heap     ] GC(91) Old regions: 158->159
[2026-07-01T02:26:04.801+0000][53.049s][info][gc,heap     ] GC(91) Humongous regions: 3->3
[2026-07-01T02:26:04.801+0000][53.049s][info][gc,metaspace] GC(91) Metaspace: 41692K(42560K)->41692K(42560K) NonClass: 36551K(36992K)->36551K(36992K) Class: 5140K(5568K)->5140K(5568K)
[2026-07-01T02:26:04.801+0000][53.049s][info][gc          ] GC(91) Pause Young (Prepare Mixed) (G1 Evacuation Pause) 339M->169M(350M) 24.380ms
[2026-07-01T02:26:04.801+0000][53.049s][info][gc,cpu      ] GC(91) User=0.04s Sys=0.00s Real=0.03s
[2026-07-01T02:26:05.700+0000][53.948s][info][gc,start    ] GC(92) Pause Young (Mixed) (G1 Evacuation Pause)
[2026-07-01T02:26:05.700+0000][53.948s][info][gc,task     ] GC(92) Using 2 workers of 2 for evacuation
[2026-07-01T02:26:05.720+0000][53.968s][info][gc,phases   ] GC(92)   Pre Evacuate Collection Set: 0.18ms
[2026-07-01T02:26:05.720+0000][53.968s][info][gc,phases   ] GC(92)   Merge Heap Roots: 0.40ms
[2026-07-01T02:26:05.720+0000][53.968s][info][gc,phases   ] GC(92)   Evacuate Collection Set: 18.19ms
[2026-07-01T02:26:05.720+0000][53.968s][info][gc,phases   ] GC(92)   Post Evacuate Collection Set: 0.46ms
[2026-07-01T02:26:05.720+0000][53.968s][info][gc,phases   ] GC(92)   Other: 0.06ms
[2026-07-01T02:26:05.720+0000][53.968s][info][gc,heap     ] GC(92) Eden regions: 161->0(161)
[2026-07-01T02:26:05.720+0000][53.968s][info][gc,heap     ] GC(92) Survivor regions: 9->9(22)
[2026-07-01T02:26:05.720+0000][53.968s][info][gc,heap     ] GC(92) Old regions: 159->159
[2026-07-01T02:26:05.720+0000][53.968s][info][gc,heap     ] GC(92) Humongous regions: 3->3
[2026-07-01T02:26:05.720+0000][53.968s][info][gc,metaspace] GC(92) Metaspace: 41692K(42560K)->41692K(42560K) NonClass: 36551K(36992K)->36551K(36992K) Class: 5140K(5568K)->5140K(5568K)
[2026-07-01T02:26:05.720+0000][53.968s][info][gc          ] GC(92) Pause Young (Mixed) (G1 Evacuation Pause) 330M->170M(350M) 19.453ms
[2026-07-01T02:26:05.720+0000][53.968s][info][gc,cpu      ] GC(92) User=0.03s Sys=0.00s Real=0.02s
[2026-07-01T02:26:06.692+0000][54.940s][info][gc,start    ] GC(93) Pause Young (Concurrent Start) (G1 Evacuation Pause)
[2026-07-01T02:26:06.692+0000][54.940s][info][gc,task     ] GC(93) Using 2 workers of 2 for evacuation
[2026-07-01T02:26:06.717+0000][54.965s][info][gc,phases   ] GC(93)   Pre Evacuate Collection Set: 0.27ms
[2026-07-01T02:26:06.717+0000][54.965s][info][gc,phases   ] GC(93)   Merge Heap Roots: 0.39ms
[2026-07-01T02:26:06.717+0000][54.965s][info][gc,phases   ] GC(93)   Evacuate Collection Set: 23.04ms
[2026-07-01T02:26:06.717+0000][54.965s][info][gc,phases   ] GC(93)   Post Evacuate Collection Set: 0.52ms
[2026-07-01T02:26:06.717+0000][54.965s][info][gc,phases   ] GC(93)   Other: 0.07ms
[2026-07-01T02:26:06.717+0000][54.965s][info][gc,heap     ] GC(93) Eden regions: 161->0(161)
[2026-07-01T02:26:06.717+0000][54.965s][info][gc,heap     ] GC(93) Survivor regions: 9->9(22)
[2026-07-01T02:26:06.717+0000][54.965s][info][gc,heap     ] GC(93) Old regions: 159->159
[2026-07-01T02:26:06.717+0000][54.965s][info][gc,heap     ] GC(93) Humongous regions: 3->3
[2026-07-01T02:26:06.717+0000][54.965s][info][gc,metaspace] GC(93) Metaspace: 41692K(42560K)->41692K(42560K) NonClass: 36551K(36992K)->36551K(36992K) Class: 5140K(5568K)->5140K(5568K)
[2026-07-01T02:26:06.717+0000][54.965s][info][gc          ] GC(93) Pause Young (Concurrent Start) (G1 Evacuation Pause) 331M->170M(350M) 24.478ms
[2026-07-01T02:26:06.717+0000][54.965s][info][gc          ] GC(94) Concurrent Mark Cycle
[2026-07-01T02:26:06.717+0000][54.965s][info][gc,marking  ] GC(94) Concurrent Scan Root Regions
[2026-07-01T02:26:06.717+0000][54.965s][info][gc,cpu      ] GC(93) User=0.04s Sys=0.00s Real=0.02s
[2026-07-01T02:26:06.737+0000][54.985s][info][gc,marking  ] GC(94) Concurrent Scan Root Regions 20.393ms
[2026-07-01T02:26:06.737+0000][54.985s][info][gc,marking  ] GC(94) Concurrent Mark
[2026-07-01T02:26:06.737+0000][54.985s][info][gc,marking  ] GC(94) Concurrent Mark From Roots
[2026-07-01T02:26:06.737+0000][54.985s][info][gc,task     ] GC(94) Using 1 workers of 1 for marking
[2026-07-01T02:26:07.040+0000][55.289s][info][gc,marking  ] GC(94) Concurrent Mark From Roots 303.218ms
[2026-07-01T02:26:07.041+0000][55.289s][info][gc,marking  ] GC(94) Concurrent Preclean
[2026-07-01T02:26:07.041+0000][55.289s][info][gc,marking  ] GC(94) Concurrent Preclean 0.131ms
[2026-07-01T02:26:07.041+0000][55.289s][info][gc,start    ] GC(94) Pause Remark
[2026-07-01T02:26:07.049+0000][55.297s][info][gc,heap     ] GC(94) Heap shrink completed: uncommitted 8 regions (8MB), heap size now 342MB
[2026-07-01T02:26:07.049+0000][55.297s][info][gc          ] GC(94) Pause Remark 201M->201M(342M) 8.006ms
[2026-07-01T02:26:07.049+0000][55.297s][info][gc,cpu      ] GC(94) User=0.01s Sys=0.00s Real=0.01s
[2026-07-01T02:26:07.049+0000][55.297s][info][gc,marking  ] GC(94) Concurrent Mark 311.612ms
[2026-07-01T02:26:07.049+0000][55.297s][info][gc,marking  ] GC(94) Concurrent Rebuild Remembered Sets and Scrub Regions
[2026-07-01T02:26:07.242+0000][55.490s][info][gc,marking  ] GC(94) Concurrent Rebuild Remembered Sets and Scrub Regions 192.728ms
[2026-07-01T02:26:07.242+0000][55.490s][info][gc,start    ] GC(94) Pause Cleanup
[2026-07-01T02:26:07.242+0000][55.490s][info][gc          ] GC(94) Pause Cleanup 223M->223M(342M) 0.178ms
[2026-07-01T02:26:07.242+0000][55.490s][info][gc,cpu      ] GC(94) User=0.00s Sys=0.00s Real=0.00s
[2026-07-01T02:26:07.242+0000][55.490s][info][gc,marking  ] GC(94) Concurrent Clear Claimed Marks
[2026-07-01T02:26:07.242+0000][55.490s][info][gc,marking  ] GC(94) Concurrent Clear Claimed Marks 0.082ms
[2026-07-01T02:26:07.242+0000][55.490s][info][gc,marking  ] GC(94) Concurrent Cleanup for Next Mark
[2026-07-01T02:26:07.243+0000][55.491s][info][gc,marking  ] GC(94) Concurrent Cleanup for Next Mark 0.600ms
[2026-07-01T02:26:07.243+0000][55.491s][info][gc          ] GC(94) Concurrent Mark Cycle 526.065ms
[2026-07-01T02:26:08.087+0000][56.335s][info][gc,start    ] GC(95) Pause Young (Prepare Mixed) (G1 Evacuation Pause)
[2026-07-01T02:26:08.087+0000][56.335s][info][gc,task     ] GC(95) Using 2 workers of 2 for evacuation
[2026-07-01T02:26:08.111+0000][56.359s][info][gc,phases   ] GC(95)   Pre Evacuate Collection Set: 0.22ms
[2026-07-01T02:26:08.111+0000][56.359s][info][gc,phases   ] GC(95)   Merge Heap Roots: 0.55ms
[2026-07-01T02:26:08.111+0000][56.359s][info][gc,phases   ] GC(95)   Evacuate Collection Set: 22.83ms
[2026-07-01T02:26:08.111+0000][56.359s][info][gc,phases   ] GC(95)   Post Evacuate Collection Set: 0.60ms
[2026-07-01T02:26:08.111+0000][56.359s][info][gc,phases   ] GC(95)   Other: 0.06ms
[2026-07-01T02:26:08.111+0000][56.359s][info][gc,heap     ] GC(95) Eden regions: 161->0(152)
[2026-07-01T02:26:08.111+0000][56.359s][info][gc,heap     ] GC(95) Survivor regions: 9->9(22)
[2026-07-01T02:26:08.111+0000][56.359s][info][gc,heap     ] GC(95) Old regions: 159->160
[2026-07-01T02:26:08.111+0000][56.359s][info][gc,heap     ] GC(95) Humongous regions: 3->3
[2026-07-01T02:26:08.111+0000][56.359s][info][gc,metaspace] GC(95) Metaspace: 41697K(42624K)->41697K(42624K) NonClass: 36556K(37056K)->36556K(37056K) Class: 5140K(5568K)->5140K(5568K)
[2026-07-01T02:26:08.111+0000][56.359s][info][gc          ] GC(95) Pause Young (Prepare Mixed) (G1 Evacuation Pause) 331M->171M(342M) 24.448ms
[2026-07-01T02:26:08.111+0000][56.359s][info][gc,cpu      ] GC(95) User=0.05s Sys=0.00s Real=0.03s
[2026-07-01T02:26:09.025+0000][57.274s][info][gc,start    ] GC(96) Pause Young (Mixed) (G1 Evacuation Pause)
[2026-07-01T02:26:09.026+0000][57.274s][info][gc,task     ] GC(96) Using 2 workers of 2 for evacuation
[2026-07-01T02:26:09.043+0000][57.291s][info][gc,phases   ] GC(96)   Pre Evacuate Collection Set: 0.19ms
[2026-07-01T02:26:09.043+0000][57.291s][info][gc,phases   ] GC(96)   Merge Heap Roots: 0.38ms
[2026-07-01T02:26:09.043+0000][57.291s][info][gc,phases   ] GC(96)   Evacuate Collection Set: 15.92ms
[2026-07-01T02:26:09.043+0000][57.291s][info][gc,phases   ] GC(96)   Post Evacuate Collection Set: 0.46ms
[2026-07-01T02:26:09.043+0000][57.291s][info][gc,phases   ] GC(96)   Other: 0.07ms
[2026-07-01T02:26:09.043+0000][57.291s][info][gc,heap     ] GC(96) Eden regions: 152->0(151)
[2026-07-01T02:26:09.043+0000][57.291s][info][gc,heap     ] GC(96) Survivor regions: 9->10(21)
[2026-07-01T02:26:09.043+0000][57.291s][info][gc,heap     ] GC(96) Old regions: 160->160
[2026-07-01T02:26:09.043+0000][57.291s][info][gc,heap     ] GC(96) Humongous regions: 3->3
[2026-07-01T02:26:09.043+0000][57.291s][info][gc,metaspace] GC(96) Metaspace: 41699K(42624K)->41699K(42624K) NonClass: 36558K(37056K)->36558K(37056K) Class: 5140K(5568K)->5140K(5568K)
[2026-07-01T02:26:09.043+0000][57.291s][info][gc          ] GC(96) Pause Young (Mixed) (G1 Evacuation Pause) 323M->172M(342M) 17.210ms
[2026-07-01T02:26:09.043+0000][57.291s][info][gc,cpu      ] GC(96) User=0.03s Sys=0.00s Real=0.02s
[2026-07-01T02:26:09.756+0000][58.004s][info][gc,start    ] GC(97) Pause Young (Concurrent Start) (G1 Evacuation Pause)
[2026-07-01T02:26:09.756+0000][58.004s][info][gc,task     ] GC(97) Using 2 workers of 2 for evacuation
[2026-07-01T02:26:09.772+0000][58.020s][info][gc,phases   ] GC(97)   Pre Evacuate Collection Set: 0.14ms
[2026-07-01T02:26:09.772+0000][58.020s][info][gc,phases   ] GC(97)   Merge Heap Roots: 0.27ms
[2026-07-01T02:26:09.772+0000][58.020s][info][gc,phases   ] GC(97)   Evacuate Collection Set: 15.57ms
[2026-07-01T02:26:09.772+0000][58.020s][info][gc,phases   ] GC(97)   Post Evacuate Collection Set: 0.42ms
[2026-07-01T02:26:09.772+0000][58.020s][info][gc,phases   ] GC(97)   Other: 0.06ms
[2026-07-01T02:26:09.772+0000][58.020s][info][gc,heap     ] GC(97) Eden regions: 151->0(152)
[2026-07-01T02:26:09.772+0000][58.020s][info][gc,heap     ] GC(97) Survivor regions: 10->9(21)
[2026-07-01T02:26:09.772+0000][58.020s][info][gc,heap     ] GC(97) Old regions: 160->160
[2026-07-01T02:26:09.772+0000][58.020s][info][gc,heap     ] GC(97) Humongous regions: 3->3
[2026-07-01T02:26:09.772+0000][58.020s][info][gc,metaspace] GC(97) Metaspace: 41699K(42624K)->41699K(42624K) NonClass: 36558K(37056K)->36558K(37056K) Class: 5140K(5568K)->5140K(5568K)
[2026-07-01T02:26:09.772+0000][58.020s][info][gc          ] GC(97) Pause Young (Concurrent Start) (G1 Evacuation Pause) 323M->172M(342M) 16.603ms
[2026-07-01T02:26:09.772+0000][58.020s][info][gc          ] GC(98) Concurrent Mark Cycle
[2026-07-01T02:26:09.772+0000][58.020s][info][gc,marking  ] GC(98) Concurrent Scan Root Regions
[2026-07-01T02:26:09.773+0000][58.021s][info][gc,cpu      ] GC(97) User=0.03s Sys=0.00s Real=0.02s
[2026-07-01T02:26:09.798+0000][58.046s][info][gc,marking  ] GC(98) Concurrent Scan Root Regions 25.487ms
[2026-07-01T02:26:09.798+0000][58.046s][info][gc,marking  ] GC(98) Concurrent Mark
[2026-07-01T02:26:09.798+0000][58.046s][info][gc,marking  ] GC(98) Concurrent Mark From Roots
[2026-07-01T02:26:09.798+0000][58.046s][info][gc,task     ] GC(98) Using 1 workers of 1 for marking
[2026-07-01T02:26:10.170+0000][58.418s][info][gc,marking  ] GC(98) Concurrent Mark From Roots 371.756ms
[2026-07-01T02:26:10.170+0000][58.418s][info][gc,marking  ] GC(98) Concurrent Preclean
[2026-07-01T02:26:10.170+0000][58.418s][info][gc,marking  ] GC(98) Concurrent Preclean 0.147ms
[2026-07-01T02:26:10.170+0000][58.418s][info][gc,start    ] GC(98) Pause Remark
[2026-07-01T02:26:10.177+0000][58.425s][info][gc          ] GC(98) Pause Remark 235M->235M(342M) 7.041ms
[2026-07-01T02:26:10.177+0000][58.425s][info][gc,cpu      ] GC(98) User=0.02s Sys=0.00s Real=0.00s
[2026-07-01T02:26:10.180+0000][58.428s][info][gc,marking  ] GC(98) Concurrent Mark 381.711ms
[2026-07-01T02:26:10.180+0000][58.428s][info][gc,marking  ] GC(98) Concurrent Rebuild Remembered Sets and Scrub Regions
[2026-07-01T02:26:10.499+0000][58.748s][info][gc,marking  ] GC(98) Concurrent Rebuild Remembered Sets and Scrub Regions 319.845ms
[2026-07-01T02:26:10.500+0000][58.748s][info][gc,start    ] GC(98) Pause Cleanup
[2026-07-01T02:26:10.500+0000][58.748s][info][gc          ] GC(98) Pause Cleanup 296M->296M(342M) 0.161ms
[2026-07-01T02:26:10.500+0000][58.748s][info][gc,cpu      ] GC(98) User=0.00s Sys=0.00s Real=0.00s
[2026-07-01T02:26:10.502+0000][58.750s][info][gc,marking  ] GC(98) Concurrent Clear Claimed Marks
[2026-07-01T02:26:10.502+0000][58.750s][info][gc,marking  ] GC(98) Concurrent Clear Claimed Marks 0.099ms
[2026-07-01T02:26:10.502+0000][58.750s][info][gc,marking  ] GC(98) Concurrent Cleanup for Next Mark
[2026-07-01T02:26:10.503+0000][58.751s][info][gc,marking  ] GC(98) Concurrent Cleanup for Next Mark 0.535ms
[2026-07-01T02:26:10.503+0000][58.751s][info][gc          ] GC(98) Concurrent Mark Cycle 730.486ms
[2026-07-01T02:26:10.634+0000][58.882s][info][gc,start    ] GC(99) Pause Young (Prepare Mixed) (G1 Evacuation Pause)
[2026-07-01T02:26:10.634+0000][58.882s][info][gc,task     ] GC(99) Using 2 workers of 2 for evacuation
[2026-07-01T02:26:10.658+0000][58.906s][info][gc,phases   ] GC(99)   Pre Evacuate Collection Set: 0.37ms
[2026-07-01T02:26:10.658+0000][58.906s][info][gc,phases   ] GC(99)   Merge Heap Roots: 0.63ms
[2026-07-01T02:26:10.658+0000][58.906s][info][gc,phases   ] GC(99)   Evacuate Collection Set: 22.67ms
[2026-07-01T02:26:10.658+0000][58.906s][info][gc,phases   ] GC(99)   Post Evacuate Collection Set: 0.56ms
[2026-07-01T02:26:10.658+0000][58.906s][info][gc,phases   ] GC(99)   Other: 0.05ms
[2026-07-01T02:26:10.658+0000][58.906s][info][gc,heap     ] GC(99) Eden regions: 152->0(150)
[2026-07-01T02:26:10.658+0000][58.906s][info][gc,heap     ] GC(99) Survivor regions: 9->10(21)
[2026-07-01T02:26:10.658+0000][58.906s][info][gc,heap     ] GC(99) Old regions: 160->161
[2026-07-01T02:26:10.658+0000][58.906s][info][gc,heap     ] GC(99) Humongous regions: 3->3
[2026-07-01T02:26:10.658+0000][58.906s][info][gc,metaspace] GC(99) Metaspace: 41700K(42624K)->41700K(42624K) NonClass: 36559K(37056K)->36559K(37056K) Class: 5140K(5568K)->5140K(5568K)
[2026-07-01T02:26:10.658+0000][58.906s][info][gc          ] GC(99) Pause Young (Prepare Mixed) (G1 Evacuation Pause) 324M->173M(342M) 24.423ms
[2026-07-01T02:26:10.658+0000][58.906s][info][gc,cpu      ] GC(99) User=0.05s Sys=0.00s Real=0.02s
[2026-07-01T02:26:11.406+0000][59.654s][info][gc,start    ] GC(100) Pause Young (Mixed) (G1 Evacuation Pause)
[2026-07-01T02:26:11.406+0000][59.654s][info][gc,task     ] GC(100) Using 2 workers of 2 for evacuation
[2026-07-01T02:26:11.424+0000][59.672s][info][gc,phases   ] GC(100)   Pre Evacuate Collection Set: 0.17ms
[2026-07-01T02:26:11.424+0000][59.672s][info][gc,phases   ] GC(100)   Merge Heap Roots: 0.33ms
[2026-07-01T02:26:11.424+0000][59.672s][info][gc,phases   ] GC(100)   Evacuate Collection Set: 17.52ms
[2026-07-01T02:26:11.424+0000][59.672s][info][gc,phases   ] GC(100)   Post Evacuate Collection Set: 0.53ms
[2026-07-01T02:26:11.424+0000][59.672s][info][gc,phases   ] GC(100)   Other: 0.05ms
[2026-07-01T02:26:11.424+0000][59.672s][info][gc,heap     ] GC(100) Eden regions: 150->0(150)
[2026-07-01T02:26:11.424+0000][59.672s][info][gc,heap     ] GC(100) Survivor regions: 10->10(20)
[2026-07-01T02:26:11.424+0000][59.672s][info][gc,heap     ] GC(100) Old regions: 161->161
[2026-07-01T02:26:11.424+0000][59.672s][info][gc,heap     ] GC(100) Humongous regions: 3->3
[2026-07-01T02:26:11.424+0000][59.672s][info][gc,metaspace] GC(100) Metaspace: 41700K(42624K)->41700K(42624K) NonClass: 36559K(37056K)->36559K(37056K) Class: 5140K(5568K)->5140K(5568K)
[2026-07-01T02:26:11.424+0000][59.672s][info][gc          ] GC(100) Pause Young (Mixed) (G1 Evacuation Pause) 323M->173M(342M) 18.752ms
[2026-07-01T02:26:11.424+0000][59.672s][info][gc,cpu      ] GC(100) User=0.04s Sys=0.00s Real=0.02s
[2026-07-01T02:26:12.351+0000][60.599s][info][gc,start    ] GC(101) Pause Young (Concurrent Start) (G1 Evacuation Pause)
[2026-07-01T02:26:12.351+0000][60.599s][info][gc,task     ] GC(101) Using 2 workers of 2 for evacuation
[2026-07-01T02:26:12.375+0000][60.623s][info][gc,phases   ] GC(101)   Pre Evacuate Collection Set: 0.28ms
[2026-07-01T02:26:12.375+0000][60.623s][info][gc,phases   ] GC(101)   Merge Heap Roots: 0.40ms
[2026-07-01T02:26:12.375+0000][60.623s][info][gc,phases   ] GC(101)   Evacuate Collection Set: 22.78ms
[2026-07-01T02:26:12.375+0000][60.623s][info][gc,phases   ] GC(101)   Post Evacuate Collection Set: 0.61ms
[2026-07-01T02:26:12.375+0000][60.623s][info][gc,phases   ] GC(101)   Other: 0.08ms
[2026-07-01T02:26:12.375+0000][60.623s][info][gc,heap     ] GC(101) Eden regions: 150->0(149)
[2026-07-01T02:26:12.375+0000][60.623s][info][gc,heap     ] GC(101) Survivor regions: 10->10(20)
[2026-07-01T02:26:12.375+0000][60.623s][info][gc,heap     ] GC(101) Old regions: 161->162
[2026-07-01T02:26:12.375+0000][60.623s][info][gc,heap     ] GC(101) Humongous regions: 3->3
[2026-07-01T02:26:12.375+0000][60.623s][info][gc,metaspace] GC(101) Metaspace: 41700K(42624K)->41700K(42624K) NonClass: 36559K(37056K)->36559K(37056K) Class: 5140K(5568K)->5140K(5568K)
[2026-07-01T02:26:12.375+0000][60.623s][info][gc          ] GC(101) Pause Young (Concurrent Start) (G1 Evacuation Pause) 323M->174M(342M) 24.350ms
[2026-07-01T02:26:12.375+0000][60.623s][info][gc          ] GC(102) Concurrent Mark Cycle
[2026-07-01T02:26:12.375+0000][60.623s][info][gc,marking  ] GC(102) Concurrent Scan Root Regions
[2026-07-01T02:26:12.375+0000][60.623s][info][gc,cpu      ] GC(101) User=0.04s Sys=0.00s Real=0.02s
[2026-07-01T02:26:12.400+0000][60.649s][info][gc,marking  ] GC(102) Concurrent Scan Root Regions 25.165ms
[2026-07-01T02:26:12.401+0000][60.649s][info][gc,marking  ] GC(102) Concurrent Mark
[2026-07-01T02:26:12.401+0000][60.649s][info][gc,marking  ] GC(102) Concurrent Mark From Roots
[2026-07-01T02:26:12.401+0000][60.649s][info][gc,task     ] GC(102) Using 1 workers of 1 for marking
[2026-07-01T02:26:12.764+0000][61.012s][info][gc,marking  ] GC(102) Concurrent Mark From Roots 363.379ms
[2026-07-01T02:26:12.764+0000][61.012s][info][gc,marking  ] GC(102) Concurrent Preclean
[2026-07-01T02:26:12.764+0000][61.012s][info][gc,marking  ] GC(102) Concurrent Preclean 0.142ms
[2026-07-01T02:26:12.764+0000][61.013s][info][gc,start    ] GC(102) Pause Remark
[2026-07-01T02:26:12.778+0000][61.026s][info][gc          ] GC(102) Pause Remark 213M->213M(342M) 13.905ms
[2026-07-01T02:26:12.778+0000][61.027s][info][gc,cpu      ] GC(102) User=0.02s Sys=0.00s Real=0.02s
[2026-07-01T02:26:12.783+0000][61.031s][info][gc,marking  ] GC(102) Concurrent Mark 382.859ms
[2026-07-01T02:26:12.783+0000][61.031s][info][gc,marking  ] GC(102) Concurrent Rebuild Remembered Sets and Scrub Regions
[2026-07-01T02:26:12.960+0000][61.208s][info][gc,marking  ] GC(102) Concurrent Rebuild Remembered Sets and Scrub Regions 176.525ms
[2026-07-01T02:26:12.960+0000][61.208s][info][gc,start    ] GC(102) Pause Cleanup
[2026-07-01T02:26:12.960+0000][61.208s][info][gc          ] GC(102) Pause Cleanup 234M->234M(342M) 0.208ms
[2026-07-01T02:26:12.960+0000][61.208s][info][gc,cpu      ] GC(102) User=0.00s Sys=0.00s Real=0.00s
[2026-07-01T02:26:12.961+0000][61.209s][info][gc,marking  ] GC(102) Concurrent Clear Claimed Marks
[2026-07-01T02:26:12.961+0000][61.209s][info][gc,marking  ] GC(102) Concurrent Clear Claimed Marks 0.100ms
[2026-07-01T02:26:12.961+0000][61.209s][info][gc,marking  ] GC(102) Concurrent Cleanup for Next Mark
[2026-07-01T02:26:12.962+0000][61.210s][info][gc,marking  ] GC(102) Concurrent Cleanup for Next Mark 0.616ms
[2026-07-01T02:26:12.962+0000][61.210s][info][gc          ] GC(102) Concurrent Mark Cycle 586.478ms
[2026-07-01T02:26:13.673+0000][61.921s][info][gc,start    ] GC(103) Pause Young (Prepare Mixed) (G1 Evacuation Pause)
[2026-07-01T02:26:13.673+0000][61.921s][info][gc,task     ] GC(103) Using 2 workers of 2 for evacuation
[2026-07-01T02:26:13.734+0000][61.982s][info][gc,phases   ] GC(103)   Pre Evacuate Collection Set: 0.25ms
[2026-07-01T02:26:13.734+0000][61.982s][info][gc,phases   ] GC(103)   Merge Heap Roots: 1.14ms
[2026-07-01T02:26:13.734+0000][61.982s][info][gc,phases   ] GC(103)   Evacuate Collection Set: 58.36ms
[2026-07-01T02:26:13.734+0000][61.982s][info][gc,phases   ] GC(103)   Post Evacuate Collection Set: 0.98ms
[2026-07-01T02:26:13.734+0000][61.982s][info][gc,phases   ] GC(103)   Other: 0.10ms
[2026-07-01T02:26:13.734+0000][61.982s][info][gc,heap     ] GC(103) Eden regions: 149->0(150)
[2026-07-01T02:26:13.734+0000][61.982s][info][gc,heap     ] GC(103) Survivor regions: 10->9(20)
[2026-07-01T02:26:13.734+0000][61.982s][info][gc,heap     ] GC(103) Old regions: 162->162
[2026-07-01T02:26:13.734+0000][61.982s][info][gc,heap     ] GC(103) Humongous regions: 3->3
[2026-07-01T02:26:13.734+0000][61.982s][info][gc,metaspace] GC(103) Metaspace: 41700K(42624K)->41700K(42624K) NonClass: 36559K(37056K)->36559K(37056K) Class: 5140K(5568K)->5140K(5568K)
[2026-07-01T02:26:13.734+0000][61.982s][info][gc          ] GC(103) Pause Young (Prepare Mixed) (G1 Evacuation Pause) 323M->173M(342M) 61.045ms
[2026-07-01T02:26:13.734+0000][61.982s][info][gc,cpu      ] GC(103) User=0.05s Sys=0.00s Real=0.06s
[2026-07-01T02:26:14.828+0000][63.076s][info][gc,start    ] GC(104) Pause Young (Mixed) (G1 Evacuation Pause)
[2026-07-01T02:26:14.828+0000][63.076s][info][gc,task     ] GC(104) Using 2 workers of 2 for evacuation
[2026-07-01T02:26:14.856+0000][63.104s][info][gc,phases   ] GC(104)   Pre Evacuate Collection Set: 0.23ms
[2026-07-01T02:26:14.856+0000][63.104s][info][gc,phases   ] GC(104)   Merge Heap Roots: 0.57ms
[2026-07-01T02:26:14.856+0000][63.104s][info][gc,phases   ] GC(104)   Evacuate Collection Set: 26.15ms
[2026-07-01T02:26:14.856+0000][63.104s][info][gc,phases   ] GC(104)   Post Evacuate Collection Set: 0.56ms
[2026-07-01T02:26:14.856+0000][63.104s][info][gc,phases   ] GC(104)   Other: 0.06ms
[2026-07-01T02:26:14.856+0000][63.104s][info][gc,heap     ] GC(104) Eden regions: 150->0(148)
[2026-07-01T02:26:14.856+0000][63.104s][info][gc,heap     ] GC(104) Survivor regions: 9->10(20)
[2026-07-01T02:26:14.856+0000][63.104s][info][gc,heap     ] GC(104) Old regions: 162->163
[2026-07-01T02:26:14.856+0000][63.104s][info][gc,heap     ] GC(104) Humongous regions: 3->3
[2026-07-01T02:26:14.856+0000][63.104s][info][gc,metaspace] GC(104) Metaspace: 41700K(42624K)->41700K(42624K) NonClass: 36559K(37056K)->36559K(37056K) Class: 5140K(5568K)->5140K(5568K)
[2026-07-01T02:26:14.856+0000][63.104s][info][gc          ] GC(104) Pause Young (Mixed) (G1 Evacuation Pause) 323M->174M(342M) 27.719ms
[2026-07-01T02:26:14.856+0000][63.104s][info][gc,cpu      ] GC(104) User=0.05s Sys=0.00s Real=0.02s
[2026-07-01T02:26:15.595+0000][63.843s][info][gc,start    ] GC(105) Pause Young (Concurrent Start) (G1 Evacuation Pause)
[2026-07-01T02:26:15.595+0000][63.843s][info][gc,task     ] GC(105) Using 2 workers of 2 for evacuation
[2026-07-01T02:26:15.621+0000][63.870s][info][gc,phases   ] GC(105)   Pre Evacuate Collection Set: 0.30ms
[2026-07-01T02:26:15.621+0000][63.870s][info][gc,phases   ] GC(105)   Merge Heap Roots: 0.36ms
[2026-07-01T02:26:15.621+0000][63.870s][info][gc,phases   ] GC(105)   Evacuate Collection Set: 24.84ms
[2026-07-01T02:26:15.621+0000][63.870s][info][gc,phases   ] GC(105)   Post Evacuate Collection Set: 0.61ms
[2026-07-01T02:26:15.621+0000][63.870s][info][gc,phases   ] GC(105)   Other: 0.09ms
[2026-07-01T02:26:15.621+0000][63.870s][info][gc,heap     ] GC(105) Eden regions: 148->0(148)
[2026-07-01T02:26:15.621+0000][63.870s][info][gc,heap     ] GC(105) Survivor regions: 10->10(20)
[2026-07-01T02:26:15.622+0000][63.870s][info][gc,heap     ] GC(105) Old regions: 163->163
[2026-07-01T02:26:15.622+0000][63.870s][info][gc,heap     ] GC(105) Humongous regions: 3->3
[2026-07-01T02:26:15.622+0000][63.870s][info][gc,metaspace] GC(105) Metaspace: 41701K(42624K)->41701K(42624K) NonClass: 36559K(37056K)->36559K(37056K) Class: 5141K(5568K)->5141K(5568K)
[2026-07-01T02:26:15.622+0000][63.870s][info][gc          ] GC(105) Pause Young (Concurrent Start) (G1 Evacuation Pause) 322M->175M(342M) 26.362ms
[2026-07-01T02:26:15.622+0000][63.870s][info][gc          ] GC(106) Concurrent Mark Cycle
[2026-07-01T02:26:15.622+0000][63.870s][info][gc,marking  ] GC(106) Concurrent Scan Root Regions
[2026-07-01T02:26:15.622+0000][63.870s][info][gc,cpu      ] GC(105) User=0.05s Sys=0.00s Real=0.03s
[2026-07-01T02:26:15.640+0000][63.888s][info][gc,marking  ] GC(106) Concurrent Scan Root Regions 18.464ms
[2026-07-01T02:26:15.640+0000][63.888s][info][gc,marking  ] GC(106) Concurrent Mark
[2026-07-01T02:26:15.640+0000][63.888s][info][gc,marking  ] GC(106) Concurrent Mark From Roots
[2026-07-01T02:26:15.640+0000][63.888s][info][gc,task     ] GC(106) Using 1 workers of 1 for marking
[2026-07-01T02:26:16.021+0000][64.269s][info][gc,marking  ] GC(106) Concurrent Mark From Roots 380.706ms
[2026-07-01T02:26:16.021+0000][64.269s][info][gc,marking  ] GC(106) Concurrent Preclean
[2026-07-01T02:26:16.021+0000][64.269s][info][gc,marking  ] GC(106) Concurrent Preclean 0.126ms
[2026-07-01T02:26:16.032+0000][64.280s][info][gc,start    ] GC(106) Pause Remark
[2026-07-01T02:26:16.038+0000][64.287s][info][gc          ] GC(106) Pause Remark 239M->239M(342M) 6.741ms
[2026-07-01T02:26:16.038+0000][64.287s][info][gc,cpu      ] GC(106) User=0.02s Sys=0.00s Real=0.01s
[2026-07-01T02:26:16.040+0000][64.288s][info][gc,marking  ] GC(106) Concurrent Mark 399.895ms
[2026-07-01T02:26:16.040+0000][64.288s][info][gc,marking  ] GC(106) Concurrent Rebuild Remembered Sets and Scrub Regions
[2026-07-01T02:26:16.333+0000][64.581s][info][gc,marking  ] GC(106) Concurrent Rebuild Remembered Sets and Scrub Regions 292.745ms
[2026-07-01T02:26:16.333+0000][64.581s][info][gc,start    ] GC(106) Pause Cleanup
[2026-07-01T02:26:16.334+0000][64.582s][info][gc          ] GC(106) Pause Cleanup 293M->293M(342M) 0.569ms
[2026-07-01T02:26:16.334+0000][64.582s][info][gc,cpu      ] GC(106) User=0.00s Sys=0.00s Real=0.00s
[2026-07-01T02:26:16.335+0000][64.583s][info][gc,marking  ] GC(106) Concurrent Clear Claimed Marks
[2026-07-01T02:26:16.337+0000][64.585s][info][gc,marking  ] GC(106) Concurrent Clear Claimed Marks 1.966ms
[2026-07-01T02:26:16.337+0000][64.585s][info][gc,marking  ] GC(106) Concurrent Cleanup for Next Mark
[2026-07-01T02:26:16.338+0000][64.586s][info][gc,marking  ] GC(106) Concurrent Cleanup for Next Mark 1.027ms
[2026-07-01T02:26:16.338+0000][64.586s][info][gc          ] GC(106) Concurrent Mark Cycle 716.155ms
[2026-07-01T02:26:16.469+0000][64.717s][info][gc,start    ] GC(107) Pause Young (Prepare Mixed) (G1 Evacuation Pause)
[2026-07-01T02:26:16.469+0000][64.717s][info][gc,task     ] GC(107) Using 2 workers of 2 for evacuation
[2026-07-01T02:26:16.491+0000][64.739s][info][gc,phases   ] GC(107)   Pre Evacuate Collection Set: 0.17ms
[2026-07-01T02:26:16.491+0000][64.739s][info][gc,phases   ] GC(107)   Merge Heap Roots: 0.61ms
[2026-07-01T02:26:16.491+0000][64.739s][info][gc,phases   ] GC(107)   Evacuate Collection Set: 20.53ms
[2026-07-01T02:26:16.491+0000][64.739s][info][gc,phases   ] GC(107)   Post Evacuate Collection Set: 0.57ms
[2026-07-01T02:26:16.491+0000][64.739s][info][gc,phases   ] GC(107)   Other: 0.05ms
[2026-07-01T02:26:16.491+0000][64.739s][info][gc,heap     ] GC(107) Eden regions: 148->0(147)
[2026-07-01T02:26:16.491+0000][64.739s][info][gc,heap     ] GC(107) Survivor regions: 10->10(20)
[2026-07-01T02:26:16.491+0000][64.739s][info][gc,heap     ] GC(107) Old regions: 163->164
[2026-07-01T02:26:16.491+0000][64.739s][info][gc,heap     ] GC(107) Humongous regions: 3->3
[2026-07-01T02:26:16.491+0000][64.739s][info][gc,metaspace] GC(107) Metaspace: 41702K(42624K)->41702K(42624K) NonClass: 36560K(37056K)->36560K(37056K) Class: 5141K(5568K)->5141K(5568K)
[2026-07-01T02:26:16.491+0000][64.739s][info][gc          ] GC(107) Pause Young (Prepare Mixed) (G1 Evacuation Pause) 323M->175M(342M) 22.073ms
[2026-07-01T02:26:16.491+0000][64.739s][info][gc,cpu      ] GC(107) User=0.05s Sys=0.00s Real=0.02s
[2026-07-01T02:26:17.212+0000][65.460s][info][gc,start    ] GC(108) Pause Young (Mixed) (G1 Evacuation Pause)
[2026-07-01T02:26:17.212+0000][65.460s][info][gc,task     ] GC(108) Using 2 workers of 2 for evacuation
[2026-07-01T02:26:17.238+0000][65.486s][info][gc,phases   ] GC(108)   Pre Evacuate Collection Set: 0.20ms
[2026-07-01T02:26:17.238+0000][65.486s][info][gc,phases   ] GC(108)   Merge Heap Roots: 0.39ms
[2026-07-01T02:26:17.238+0000][65.486s][info][gc,phases   ] GC(108)   Evacuate Collection Set: 25.05ms
[2026-07-01T02:26:17.238+0000][65.486s][info][gc,phases   ] GC(108)   Post Evacuate Collection Set: 0.53ms
[2026-07-01T02:26:17.238+0000][65.486s][info][gc,phases   ] GC(108)   Other: 0.07ms
[2026-07-01T02:26:17.238+0000][65.486s][info][gc,heap     ] GC(108) Eden regions: 147->0(147)
[2026-07-01T02:26:17.238+0000][65.486s][info][gc,heap     ] GC(108) Survivor regions: 10->10(20)
[2026-07-01T02:26:17.238+0000][65.486s][info][gc,heap     ] GC(108) Old regions: 164->164
[2026-07-01T02:26:17.238+0000][65.486s][info][gc,heap     ] GC(108) Humongous regions: 3->3
[2026-07-01T02:26:17.238+0000][65.486s][info][gc,metaspace] GC(108) Metaspace: 41702K(42624K)->41702K(42624K) NonClass: 36560K(37056K)->36560K(37056K) Class: 5141K(5568K)->5141K(5568K)
[2026-07-01T02:26:17.238+0000][65.486s][info][gc          ] GC(108) Pause Young (Mixed) (G1 Evacuation Pause) 322M->176M(342M) 26.427ms
[2026-07-01T02:26:17.238+0000][65.486s][info][gc,cpu      ] GC(108) User=0.05s Sys=0.00s Real=0.03s
[2026-07-01T02:26:17.904+0000][66.152s][info][gc,start    ] GC(109) Pause Young (Concurrent Start) (G1 Evacuation Pause)
[2026-07-01T02:26:17.904+0000][66.152s][info][gc,task     ] GC(109) Using 2 workers of 2 for evacuation
[2026-07-01T02:26:17.922+0000][66.170s][info][gc,phases   ] GC(109)   Pre Evacuate Collection Set: 0.23ms
[2026-07-01T02:26:17.922+0000][66.170s][info][gc,phases   ] GC(109)   Merge Heap Roots: 0.40ms
[2026-07-01T02:26:17.922+0000][66.170s][info][gc,phases   ] GC(109)   Evacuate Collection Set: 16.79ms
[2026-07-01T02:26:17.922+0000][66.170s][info][gc,phases   ] GC(109)   Post Evacuate Collection Set: 0.52ms
[2026-07-01T02:26:17.922+0000][66.170s][info][gc,phases   ] GC(109)   Other: 0.12ms
[2026-07-01T02:26:17.922+0000][66.170s][info][gc,heap     ] GC(109) Eden regions: 147->0(146)
[2026-07-01T02:26:17.922+0000][66.170s][info][gc,heap     ] GC(109) Survivor regions: 10->10(20)
[2026-07-01T02:26:17.922+0000][66.170s][info][gc,heap     ] GC(109) Old regions: 164->165
[2026-07-01T02:26:17.922+0000][66.170s][info][gc,heap     ] GC(109) Humongous regions: 3->3
[2026-07-01T02:26:17.922+0000][66.170s][info][gc,metaspace] GC(109) Metaspace: 41702K(42624K)->41702K(42624K) NonClass: 36561K(37056K)->36561K(37056K) Class: 5141K(5568K)->5141K(5568K)
[2026-07-01T02:26:17.922+0000][66.170s][info][gc          ] GC(109) Pause Young (Concurrent Start) (G1 Evacuation Pause) 323M->176M(342M) 18.219ms
[2026-07-01T02:26:17.922+0000][66.170s][info][gc          ] GC(110) Concurrent Mark Cycle
[2026-07-01T02:26:17.922+0000][66.170s][info][gc,marking  ] GC(110) Concurrent Scan Root Regions
[2026-07-01T02:26:17.922+0000][66.170s][info][gc,cpu      ] GC(109) User=0.04s Sys=0.00s Real=0.02s
[2026-07-01T02:26:17.969+0000][66.218s][info][gc,marking  ] GC(110) Concurrent Scan Root Regions 47.134ms
[2026-07-01T02:26:17.970+0000][66.218s][info][gc,marking  ] GC(110) Concurrent Mark
[2026-07-01T02:26:17.970+0000][66.218s][info][gc,marking  ] GC(110) Concurrent Mark From Roots
[2026-07-01T02:26:17.970+0000][66.218s][info][gc,task     ] GC(110) Using 1 workers of 1 for marking
[2026-07-01T02:26:18.355+0000][66.603s][info][gc,marking  ] GC(110) Concurrent Mark From Roots 385.411ms
[2026-07-01T02:26:18.355+0000][66.603s][info][gc,marking  ] GC(110) Concurrent Preclean
[2026-07-01T02:26:18.355+0000][66.603s][info][gc,marking  ] GC(110) Concurrent Preclean 0.050ms
[2026-07-01T02:26:18.355+0000][66.603s][info][gc,start    ] GC(110) Pause Remark
[2026-07-01T02:26:18.362+0000][66.610s][info][gc          ] GC(110) Pause Remark 247M->247M(342M) 6.422ms
[2026-07-01T02:26:18.362+0000][66.610s][info][gc,cpu      ] GC(110) User=0.01s Sys=0.00s Real=0.01s
[2026-07-01T02:26:18.366+0000][66.614s][info][gc,marking  ] GC(110) Concurrent Mark 396.102ms
[2026-07-01T02:26:18.366+0000][66.614s][info][gc,marking  ] GC(110) Concurrent Rebuild Remembered Sets and Scrub Regions
[2026-07-01T02:26:18.672+0000][66.920s][info][gc,marking  ] GC(110) Concurrent Rebuild Remembered Sets and Scrub Regions 306.646ms
[2026-07-01T02:26:18.672+0000][66.921s][info][gc,start    ] GC(110) Pause Cleanup
[2026-07-01T02:26:18.673+0000][66.921s][info][gc          ] GC(110) Pause Cleanup 304M->304M(342M) 0.190ms
[2026-07-01T02:26:18.673+0000][66.921s][info][gc,cpu      ] GC(110) User=0.00s Sys=0.00s Real=0.00s
[2026-07-01T02:26:18.673+0000][66.921s][info][gc,marking  ] GC(110) Concurrent Clear Claimed Marks
[2026-07-01T02:26:18.674+0000][66.922s][info][gc,marking  ] GC(110) Concurrent Clear Claimed Marks 0.639ms
[2026-07-01T02:26:18.674+0000][66.922s][info][gc,marking  ] GC(110) Concurrent Cleanup for Next Mark
[2026-07-01T02:26:18.675+0000][66.923s][info][gc,marking  ] GC(110) Concurrent Cleanup for Next Mark 1.528ms
[2026-07-01T02:26:18.675+0000][66.923s][info][gc          ] GC(110) Concurrent Mark Cycle 752.780ms
[2026-07-01T02:26:18.753+0000][67.001s][info][gc,start    ] GC(111) Pause Young (Prepare Mixed) (G1 Evacuation Pause)
[2026-07-01T02:26:18.753+0000][67.001s][info][gc,task     ] GC(111) Using 2 workers of 2 for evacuation
[2026-07-01T02:26:18.770+0000][67.018s][info][gc,phases   ] GC(111)   Pre Evacuate Collection Set: 0.13ms
[2026-07-01T02:26:18.770+0000][67.018s][info][gc,phases   ] GC(111)   Merge Heap Roots: 0.49ms
[2026-07-01T02:26:18.770+0000][67.018s][info][gc,phases   ] GC(111)   Evacuate Collection Set: 15.56ms
[2026-07-01T02:26:18.770+0000][67.018s][info][gc,phases   ] GC(111)   Post Evacuate Collection Set: 0.61ms
[2026-07-01T02:26:18.770+0000][67.018s][info][gc,phases   ] GC(111)   Other: 0.09ms
[2026-07-01T02:26:18.770+0000][67.018s][info][gc,heap     ] GC(111) Eden regions: 146->0(146)
[2026-07-01T02:26:18.770+0000][67.018s][info][gc,heap     ] GC(111) Survivor regions: 10->10(20)
[2026-07-01T02:26:18.770+0000][67.018s][info][gc,heap     ] GC(111) Old regions: 165->165
[2026-07-01T02:26:18.770+0000][67.018s][info][gc,heap     ] GC(111) Humongous regions: 3->3
[2026-07-01T02:26:18.770+0000][67.018s][info][gc,metaspace] GC(111) Metaspace: 41702K(42624K)->41702K(42624K) NonClass: 36561K(37056K)->36561K(37056K) Class: 5141K(5568K)->5141K(5568K)
[2026-07-01T02:26:18.770+0000][67.018s][info][gc          ] GC(111) Pause Young (Prepare Mixed) (G1 Evacuation Pause) 322M->177M(342M) 17.044ms
[2026-07-01T02:26:18.770+0000][67.018s][info][gc,cpu      ] GC(111) User=0.03s Sys=0.00s Real=0.02s
[2026-07-01T02:26:19.563+0000][67.812s][info][gc,start    ] GC(112) Pause Young (Mixed) (G1 Evacuation Pause)
[2026-07-01T02:26:19.564+0000][67.812s][info][gc,task     ] GC(112) Using 2 workers of 2 for evacuation
[2026-07-01T02:26:19.626+0000][67.874s][info][gc,phases   ] GC(112)   Pre Evacuate Collection Set: 0.22ms
[2026-07-01T02:26:19.626+0000][67.874s][info][gc,phases   ] GC(112)   Merge Heap Roots: 0.60ms
[2026-07-01T02:26:19.626+0000][67.874s][info][gc,phases   ] GC(112)   Evacuate Collection Set: 60.28ms
[2026-07-01T02:26:19.626+0000][67.874s][info][gc,phases   ] GC(112)   Post Evacuate Collection Set: 0.92ms
[2026-07-01T02:26:19.626+0000][67.874s][info][gc,phases   ] GC(112)   Other: 0.09ms
[2026-07-01T02:26:19.626+0000][67.874s][info][gc,heap     ] GC(112) Eden regions: 146->0(145)
[2026-07-01T02:26:19.626+0000][67.874s][info][gc,heap     ] GC(112) Survivor regions: 10->10(20)
[2026-07-01T02:26:19.626+0000][67.874s][info][gc,heap     ] GC(112) Old regions: 165->166
[2026-07-01T02:26:19.626+0000][67.874s][info][gc,heap     ] GC(112) Humongous regions: 3->3
[2026-07-01T02:26:19.626+0000][67.874s][info][gc,metaspace] GC(112) Metaspace: 41709K(42624K)->41709K(42624K) NonClass: 36567K(37056K)->36567K(37056K) Class: 5141K(5568K)->5141K(5568K)
[2026-07-01T02:26:19.626+0000][67.874s][info][gc          ] GC(112) Pause Young (Mixed) (G1 Evacuation Pause) 323M->177M(342M) 62.286ms
[2026-07-01T02:26:19.626+0000][67.874s][info][gc,cpu      ] GC(112) User=0.05s Sys=0.00s Real=0.06s
[2026-07-01T02:26:20.784+0000][69.032s][info][gc,start    ] GC(113) Pause Young (Concurrent Start) (G1 Evacuation Pause)
[2026-07-01T02:26:20.784+0000][69.032s][info][gc,task     ] GC(113) Using 2 workers of 2 for evacuation
[2026-07-01T02:26:20.824+0000][69.072s][info][gc,phases   ] GC(113)   Pre Evacuate Collection Set: 0.25ms
[2026-07-01T02:26:20.824+0000][69.073s][info][gc,phases   ] GC(113)   Merge Heap Roots: 0.67ms
[2026-07-01T02:26:20.824+0000][69.073s][info][gc,phases   ] GC(113)   Evacuate Collection Set: 39.03ms
[2026-07-01T02:26:20.824+0000][69.073s][info][gc,phases   ] GC(113)   Post Evacuate Collection Set: 0.62ms
[2026-07-01T02:26:20.824+0000][69.073s][info][gc,phases   ] GC(113)   Other: 0.09ms
[2026-07-01T02:26:20.824+0000][69.073s][info][gc,heap     ] GC(113) Eden regions: 145->0(145)
[2026-07-01T02:26:20.824+0000][69.073s][info][gc,heap     ] GC(113) Survivor regions: 10->10(20)
[2026-07-01T02:26:20.824+0000][69.073s][info][gc,heap     ] GC(113) Old regions: 166->166
[2026-07-01T02:26:20.824+0000][69.073s][info][gc,heap     ] GC(113) Humongous regions: 3->3
[2026-07-01T02:26:20.824+0000][69.073s][info][gc,metaspace] GC(113) Metaspace: 41709K(42624K)->41709K(42624K) NonClass: 36567K(37056K)->36567K(37056K) Class: 5141K(5568K)->5141K(5568K)
[2026-07-01T02:26:20.825+0000][69.073s][info][gc          ] GC(113) Pause Young (Concurrent Start) (G1 Evacuation Pause) 322M->178M(342M) 40.849ms
[2026-07-01T02:26:20.825+0000][69.073s][info][gc          ] GC(114) Concurrent Mark Cycle
[2026-07-01T02:26:20.825+0000][69.073s][info][gc,cpu      ] GC(113) User=0.05s Sys=0.00s Real=0.04s
[2026-07-01T02:26:20.825+0000][69.073s][info][gc,marking  ] GC(114) Concurrent Scan Root Regions
[2026-07-01T02:26:20.847+0000][69.095s][info][gc,marking  ] GC(114) Concurrent Scan Root Regions 21.995ms
[2026-07-01T02:26:20.847+0000][69.095s][info][gc,marking  ] GC(114) Concurrent Mark
[2026-07-01T02:26:20.847+0000][69.095s][info][gc,marking  ] GC(114) Concurrent Mark From Roots
[2026-07-01T02:26:20.847+0000][69.095s][info][gc,task     ] GC(114) Using 1 workers of 1 for marking
[2026-07-01T02:26:21.211+0000][69.459s][info][gc,marking  ] GC(114) Concurrent Mark From Roots 364.575ms
[2026-07-01T02:26:21.211+0000][69.459s][info][gc,marking  ] GC(114) Concurrent Preclean
[2026-07-01T02:26:21.212+0000][69.460s][info][gc,marking  ] GC(114) Concurrent Preclean 0.220ms
[2026-07-01T02:26:21.212+0000][69.460s][info][gc,start    ] GC(114) Pause Remark
[2026-07-01T02:26:21.219+0000][69.467s][info][gc          ] GC(114) Pause Remark 216M->216M(342M) 7.094ms
[2026-07-01T02:26:21.219+0000][69.467s][info][gc,cpu      ] GC(114) User=0.01s Sys=0.00s Real=0.01s
[2026-07-01T02:26:21.222+0000][69.471s][info][gc,marking  ] GC(114) Concurrent Mark 375.878ms
[2026-07-01T02:26:21.223+0000][69.471s][info][gc,marking  ] GC(114) Concurrent Rebuild Remembered Sets and Scrub Regions
[2026-07-01T02:26:21.401+0000][69.649s][info][gc,marking  ] GC(114) Concurrent Rebuild Remembered Sets and Scrub Regions 178.014ms
[2026-07-01T02:26:21.401+0000][69.649s][info][gc,start    ] GC(114) Pause Cleanup
[2026-07-01T02:26:21.401+0000][69.649s][info][gc          ] GC(114) Pause Cleanup 235M->235M(342M) 0.178ms
[2026-07-01T02:26:21.401+0000][69.649s][info][gc,cpu      ] GC(114) User=0.00s Sys=0.00s Real=0.00s
[2026-07-01T02:26:21.401+0000][69.649s][info][gc,marking  ] GC(114) Concurrent Clear Claimed Marks
[2026-07-01T02:26:21.401+0000][69.649s][info][gc,marking  ] GC(114) Concurrent Clear Claimed Marks 0.343ms
[2026-07-01T02:26:21.401+0000][69.649s][info][gc,marking  ] GC(114) Concurrent Cleanup for Next Mark
[2026-07-01T02:26:21.402+0000][69.650s][info][gc,marking  ] GC(114) Concurrent Cleanup for Next Mark 0.650ms
[2026-07-01T02:26:21.402+0000][69.650s][info][gc          ] GC(114) Concurrent Mark Cycle 577.533ms
[2026-07-01T02:26:22.149+0000][70.397s][info][gc,start    ] GC(115) Pause Young (Prepare Mixed) (G1 Evacuation Pause)
[2026-07-01T02:26:22.149+0000][70.397s][info][gc,task     ] GC(115) Using 2 workers of 2 for evacuation
[2026-07-01T02:26:22.177+0000][70.425s][info][gc,phases   ] GC(115)   Pre Evacuate Collection Set: 0.21ms
[2026-07-01T02:26:22.177+0000][70.425s][info][gc,phases   ] GC(115)   Merge Heap Roots: 1.00ms
[2026-07-01T02:26:22.177+0000][70.425s][info][gc,phases   ] GC(115)   Evacuate Collection Set: 25.99ms
[2026-07-01T02:26:22.177+0000][70.425s][info][gc,phases   ] GC(115)   Post Evacuate Collection Set: 0.60ms
[2026-07-01T02:26:22.177+0000][70.425s][info][gc,phases   ] GC(115)   Other: 0.08ms
[2026-07-01T02:26:22.177+0000][70.425s][info][gc,heap     ] GC(115) Eden regions: 145->0(145)
[2026-07-01T02:26:22.177+0000][70.425s][info][gc,heap     ] GC(115) Survivor regions: 10->9(20)
[2026-07-01T02:26:22.177+0000][70.425s][info][gc,heap     ] GC(115) Old regions: 166->167
[2026-07-01T02:26:22.177+0000][70.425s][info][gc,heap     ] GC(115) Humongous regions: 3->3
[2026-07-01T02:26:22.177+0000][70.425s][info][gc,metaspace] GC(115) Metaspace: 41711K(42624K)->41711K(42624K) NonClass: 36569K(37056K)->36569K(37056K) Class: 5141K(5568K)->5141K(5568K)
[2026-07-01T02:26:22.177+0000][70.425s][info][gc          ] GC(115) Pause Young (Prepare Mixed) (G1 Evacuation Pause) 323M->178M(342M) 28.069ms
[2026-07-01T02:26:22.177+0000][70.425s][info][gc,cpu      ] GC(115) User=0.05s Sys=0.00s Real=0.02s
[2026-07-01T02:26:23.271+0000][71.519s][info][gc,start    ] GC(116) Pause Young (Mixed) (G1 Evacuation Pause)
[2026-07-01T02:26:23.271+0000][71.519s][info][gc,task     ] GC(116) Using 2 workers of 2 for evacuation
[2026-07-01T02:26:23.299+0000][71.547s][info][gc,phases   ] GC(116)   Pre Evacuate Collection Set: 0.19ms
[2026-07-01T02:26:23.299+0000][71.547s][info][gc,phases   ] GC(116)   Merge Heap Roots: 0.60ms
[2026-07-01T02:26:23.299+0000][71.547s][info][gc,phases   ] GC(116)   Evacuate Collection Set: 25.48ms
[2026-07-01T02:26:23.299+0000][71.547s][info][gc,phases   ] GC(116)   Post Evacuate Collection Set: 1.97ms
[2026-07-01T02:26:23.299+0000][71.547s][info][gc,phases   ] GC(116)   Other: 0.06ms
[2026-07-01T02:26:23.299+0000][71.547s][info][gc,heap     ] GC(116) Eden regions: 145->0(317)
[2026-07-01T02:26:23.299+0000][71.547s][info][gc,heap     ] GC(116) Survivor regions: 9->10(20)
[2026-07-01T02:26:23.299+0000][71.547s][info][gc,heap     ] GC(116) Old regions: 167->167
[2026-07-01T02:26:23.299+0000][71.547s][info][gc,heap     ] GC(116) Humongous regions: 3->3
[2026-07-01T02:26:23.299+0000][71.547s][info][gc,metaspace] GC(116) Metaspace: 41722K(42624K)->41722K(42624K) NonClass: 36581K(37056K)->36581K(37056K) Class: 5141K(5568K)->5141K(5568K)
[2026-07-01T02:26:23.299+0000][71.547s][info][gc          ] GC(116) Pause Young (Mixed) (G1 Evacuation Pause) 323M->179M(546M) 28.443ms
[2026-07-01T02:26:23.299+0000][71.547s][info][gc,cpu      ] GC(116) User=0.05s Sys=0.00s Real=0.03s
[2026-07-01T02:26:24.813+0000][73.061s][info][gc,start    ] GC(117) Pause Young (Normal) (G1 Evacuation Pause)
[2026-07-01T02:26:24.813+0000][73.061s][info][gc,task     ] GC(117) Using 2 workers of 2 for evacuation
[2026-07-01T02:26:24.839+0000][73.087s][info][gc,phases   ] GC(117)   Pre Evacuate Collection Set: 0.22ms
[2026-07-01T02:26:24.839+0000][73.087s][info][gc,phases   ] GC(117)   Merge Heap Roots: 0.47ms
[2026-07-01T02:26:24.839+0000][73.087s][info][gc,phases   ] GC(117)   Evacuate Collection Set: 24.49ms
[2026-07-01T02:26:24.839+0000][73.087s][info][gc,phases   ] GC(117)   Post Evacuate Collection Set: 0.70ms
[2026-07-01T02:26:24.839+0000][73.087s][info][gc,phases   ] GC(117)   Other: 0.14ms
[2026-07-01T02:26:24.839+0000][73.087s][info][gc,heap     ] GC(117) Eden regions: 317->0(317)
[2026-07-01T02:26:24.839+0000][73.087s][info][gc,heap     ] GC(117) Survivor regions: 10->10(41)
[2026-07-01T02:26:24.839+0000][73.087s][info][gc,heap     ] GC(117) Old regions: 167->168
[2026-07-01T02:26:24.839+0000][73.087s][info][gc,heap     ] GC(117) Humongous regions: 3->3
[2026-07-01T02:26:24.839+0000][73.087s][info][gc,metaspace] GC(117) Metaspace: 41727K(42624K)->41727K(42624K) NonClass: 36586K(37056K)->36586K(37056K) Class: 5141K(5568K)->5141K(5568K)
[2026-07-01T02:26:24.839+0000][73.087s][info][gc          ] GC(117) Pause Young (Normal) (G1 Evacuation Pause) 496M->180M(546M) 26.196ms
[2026-07-01T02:26:24.839+0000][73.087s][info][gc,cpu      ] GC(117) User=0.04s Sys=0.01s Real=0.03s
[2026-07-01T02:26:26.324+0000][74.572s][info][gc,start    ] GC(118) Pause Young (Normal) (G1 Evacuation Pause)
[2026-07-01T02:26:26.324+0000][74.572s][info][gc,task     ] GC(118) Using 2 workers of 2 for evacuation
[2026-07-01T02:26:26.349+0000][74.597s][info][gc,phases   ] GC(118)   Pre Evacuate Collection Set: 0.28ms
[2026-07-01T02:26:26.349+0000][74.597s][info][gc,phases   ] GC(118)   Merge Heap Roots: 0.63ms
[2026-07-01T02:26:26.349+0000][74.597s][info][gc,phases   ] GC(118)   Evacuate Collection Set: 23.80ms
[2026-07-01T02:26:26.349+0000][74.597s][info][gc,phases   ] GC(118)   Post Evacuate Collection Set: 0.54ms
[2026-07-01T02:26:26.349+0000][74.597s][info][gc,phases   ] GC(118)   Other: 0.10ms
[2026-07-01T02:26:26.349+0000][74.597s][info][gc,heap     ] GC(118) Eden regions: 317->0(317)
[2026-07-01T02:26:26.349+0000][74.597s][info][gc,heap     ] GC(118) Survivor regions: 10->10(41)
[2026-07-01T02:26:26.349+0000][74.597s][info][gc,heap     ] GC(118) Old regions: 168->168
[2026-07-01T02:26:26.349+0000][74.597s][info][gc,heap     ] GC(118) Humongous regions: 3->3
[2026-07-01T02:26:26.349+0000][74.597s][info][gc,metaspace] GC(118) Metaspace: 41727K(42624K)->41727K(42624K) NonClass: 36586K(37056K)->36586K(37056K) Class: 5141K(5568K)->5141K(5568K)
[2026-07-01T02:26:26.349+0000][74.597s][info][gc          ] GC(118) Pause Young (Normal) (G1 Evacuation Pause) 497M->180M(546M) 25.507ms
[2026-07-01T02:26:26.349+0000][74.598s][info][gc,cpu      ] GC(118) User=0.04s Sys=0.00s Real=0.03s
[2026-07-01T02:26:27.852+0000][76.100s][info][gc,start    ] GC(119) Pause Young (Concurrent Start) (G1 Evacuation Pause)
[2026-07-01T02:26:27.852+0000][76.100s][info][gc,task     ] GC(119) Using 2 workers of 2 for evacuation
[2026-07-01T02:26:27.875+0000][76.124s][info][gc,phases   ] GC(119)   Pre Evacuate Collection Set: 0.33ms
[2026-07-01T02:26:27.875+0000][76.124s][info][gc,phases   ] GC(119)   Merge Heap Roots: 0.69ms
[2026-07-01T02:26:27.875+0000][76.124s][info][gc,phases   ] GC(119)   Evacuate Collection Set: 22.08ms
[2026-07-01T02:26:27.875+0000][76.124s][info][gc,phases   ] GC(119)   Post Evacuate Collection Set: 0.53ms
[2026-07-01T02:26:27.875+0000][76.124s][info][gc,phases   ] GC(119)   Other: 0.13ms
[2026-07-01T02:26:27.876+0000][76.124s][info][gc,heap     ] GC(119) Eden regions: 317->0(316)
[2026-07-01T02:26:27.876+0000][76.124s][info][gc,heap     ] GC(119) Survivor regions: 10->11(41)
[2026-07-01T02:26:27.876+0000][76.124s][info][gc,heap     ] GC(119) Old regions: 168->169
[2026-07-01T02:26:27.876+0000][76.124s][info][gc,heap     ] GC(119) Humongous regions: 3->3
[2026-07-01T02:26:27.876+0000][76.124s][info][gc,metaspace] GC(119) Metaspace: 41727K(42624K)->41727K(42624K) NonClass: 36586K(37056K)->36586K(37056K) Class: 5141K(5568K)->5141K(5568K)
[2026-07-01T02:26:27.876+0000][76.124s][info][gc          ] GC(119) Pause Young (Concurrent Start) (G1 Evacuation Pause) 497M->181M(546M) 23.919ms
[2026-07-01T02:26:27.876+0000][76.124s][info][gc          ] GC(120) Concurrent Mark Cycle
[2026-07-01T02:26:27.876+0000][76.124s][info][gc,marking  ] GC(120) Concurrent Scan Root Regions
[2026-07-01T02:26:27.876+0000][76.124s][info][gc,cpu      ] GC(119) User=0.05s Sys=0.00s Real=0.02s
[2026-07-01T02:26:27.916+0000][76.164s][info][gc,marking  ] GC(120) Concurrent Scan Root Regions 40.375ms
[2026-07-01T02:26:27.916+0000][76.164s][info][gc,marking  ] GC(120) Concurrent Mark
[2026-07-01T02:26:27.916+0000][76.164s][info][gc,marking  ] GC(120) Concurrent Mark From Roots
[2026-07-01T02:26:27.916+0000][76.164s][info][gc,task     ] GC(120) Using 1 workers of 1 for marking
[2026-07-01T02:26:28.419+0000][76.667s][info][gc,marking  ] GC(120) Concurrent Mark From Roots 502.506ms
[2026-07-01T02:26:28.419+0000][76.667s][info][gc,marking  ] GC(120) Concurrent Preclean
[2026-07-01T02:26:28.419+0000][76.667s][info][gc,marking  ] GC(120) Concurrent Preclean 0.210ms
[2026-07-01T02:26:28.420+0000][76.668s][info][gc,start    ] GC(120) Pause Remark
[2026-07-01T02:26:28.427+0000][76.675s][info][gc,heap     ] GC(120) Heap shrink completed: uncommitted 180 regions (180MB), heap size now 366MB
[2026-07-01T02:26:28.427+0000][76.675s][info][gc          ] GC(120) Pause Remark 276M->276M(366M) 7.166ms
[2026-07-01T02:26:28.427+0000][76.675s][info][gc,cpu      ] GC(120) User=0.01s Sys=0.00s Real=0.00s
[2026-07-01T02:26:28.429+0000][76.677s][info][gc,marking  ] GC(120) Concurrent Mark 512.770ms
[2026-07-01T02:26:28.429+0000][76.677s][info][gc,marking  ] GC(120) Concurrent Rebuild Remembered Sets and Scrub Regions
[2026-07-01T02:26:28.684+0000][76.932s][info][gc,marking  ] GC(120) Concurrent Rebuild Remembered Sets and Scrub Regions 255.445ms
[2026-07-01T02:26:28.684+0000][76.932s][info][gc,start    ] GC(120) Pause Cleanup
[2026-07-01T02:26:28.685+0000][76.933s][info][gc          ] GC(120) Pause Cleanup 320M->320M(366M) 0.211ms
[2026-07-01T02:26:28.685+0000][76.933s][info][gc,cpu      ] GC(120) User=0.00s Sys=0.00s Real=0.00s
[2026-07-01T02:26:28.685+0000][76.933s][info][gc,marking  ] GC(120) Concurrent Clear Claimed Marks
[2026-07-01T02:26:28.685+0000][76.933s][info][gc,marking  ] GC(120) Concurrent Clear Claimed Marks 0.091ms
[2026-07-01T02:26:28.685+0000][76.933s][info][gc,marking  ] GC(120) Concurrent Cleanup for Next Mark
[2026-07-01T02:26:28.686+0000][76.935s][info][gc,marking  ] GC(120) Concurrent Cleanup for Next Mark 1.722ms
[2026-07-01T02:26:28.687+0000][76.935s][info][gc          ] GC(120) Concurrent Mark Cycle 810.945ms
[2026-07-01T02:26:29.047+0000][77.295s][info][gc,start    ] GC(121) Pause Young (Prepare Mixed) (G1 Evacuation Pause)
[2026-07-01T02:26:29.047+0000][77.295s][info][gc,task     ] GC(121) Using 2 workers of 2 for evacuation
[2026-07-01T02:26:29.106+0000][77.354s][info][gc,phases   ] GC(121)   Pre Evacuate Collection Set: 0.26ms
[2026-07-01T02:26:29.106+0000][77.354s][info][gc,phases   ] GC(121)   Merge Heap Roots: 0.70ms
[2026-07-01T02:26:29.106+0000][77.354s][info][gc,phases   ] GC(121)   Evacuate Collection Set: 56.74ms
[2026-07-01T02:26:29.106+0000][77.354s][info][gc,phases   ] GC(121)   Post Evacuate Collection Set: 0.60ms
[2026-07-01T02:26:29.106+0000][77.354s][info][gc,phases   ] GC(121)   Other: 0.06ms
[2026-07-01T02:26:29.106+0000][77.354s][info][gc,heap     ] GC(121) Eden regions: 183->0(174)
[2026-07-01T02:26:29.106+0000][77.354s][info][gc,heap     ] GC(121) Survivor regions: 11->11(28)
[2026-07-01T02:26:29.106+0000][77.354s][info][gc,heap     ] GC(121) Old regions: 169->170
[2026-07-01T02:26:29.106+0000][77.354s][info][gc,heap     ] GC(121) Humongous regions: 3->3
[2026-07-01T02:26:29.106+0000][77.354s][info][gc,metaspace] GC(121) Metaspace: 41733K(42624K)->41733K(42624K) NonClass: 36591K(37056K)->36591K(37056K) Class: 5141K(5568K)->5141K(5568K)
[2026-07-01T02:26:29.106+0000][77.354s][info][gc          ] GC(121) Pause Young (Prepare Mixed) (G1 Evacuation Pause) 364M->182M(378M) 58.563ms
[2026-07-01T02:26:29.106+0000][77.354s][info][gc,cpu      ] GC(121) User=0.05s Sys=0.01s Real=0.06s
[2026-07-01T02:26:30.422+0000][78.670s][info][gc,start    ] GC(122) Pause Young (Mixed) (G1 Evacuation Pause)
[2026-07-01T02:26:30.422+0000][78.670s][info][gc,task     ] GC(122) Using 2 workers of 2 for evacuation
[2026-07-01T02:26:30.453+0000][78.701s][info][gc,phases   ] GC(122)   Pre Evacuate Collection Set: 0.19ms
[2026-07-01T02:26:30.453+0000][78.701s][info][gc,phases   ] GC(122)   Merge Heap Roots: 0.39ms
[2026-07-01T02:26:30.453+0000][78.701s][info][gc,phases   ] GC(122)   Evacuate Collection Set: 30.14ms
[2026-07-01T02:26:30.453+0000][78.701s][info][gc,phases   ] GC(122)   Post Evacuate Collection Set: 0.62ms
[2026-07-01T02:26:30.453+0000][78.701s][info][gc,phases   ] GC(122)   Other: 0.07ms
[2026-07-01T02:26:30.453+0000][78.701s][info][gc,heap     ] GC(122) Eden regions: 174->0(174)
[2026-07-01T02:26:30.453+0000][78.701s][info][gc,heap     ] GC(122) Survivor regions: 11->11(24)
[2026-07-01T02:26:30.453+0000][78.701s][info][gc,heap     ] GC(122) Old regions: 170->170
[2026-07-01T02:26:30.453+0000][78.701s][info][gc,heap     ] GC(122) Humongous regions: 3->3
[2026-07-01T02:26:30.453+0000][78.701s][info][gc,metaspace] GC(122) Metaspace: 41733K(42624K)->41733K(42624K) NonClass: 36591K(37056K)->36591K(37056K) Class: 5141K(5568K)->5141K(5568K)
[2026-07-01T02:26:30.453+0000][78.701s][info][gc          ] GC(122) Pause Young (Mixed) (G1 Evacuation Pause) 356M->182M(378M) 31.615ms
[2026-07-01T02:26:30.453+0000][78.701s][info][gc,cpu      ] GC(122) User=0.05s Sys=0.01s Real=0.03s
[2026-07-01T02:26:31.866+0000][80.114s][info][gc,start    ] GC(123) Pause Young (Concurrent Start) (G1 Evacuation Pause)
[2026-07-01T02:26:31.866+0000][80.114s][info][gc,task     ] GC(123) Using 2 workers of 2 for evacuation
[2026-07-01T02:26:31.894+0000][80.142s][info][gc,phases   ] GC(123)   Pre Evacuate Collection Set: 0.28ms
[2026-07-01T02:26:31.894+0000][80.142s][info][gc,phases   ] GC(123)   Merge Heap Roots: 0.48ms
[2026-07-01T02:26:31.894+0000][80.142s][info][gc,phases   ] GC(123)   Evacuate Collection Set: 26.85ms
[2026-07-01T02:26:31.894+0000][80.142s][info][gc,phases   ] GC(123)   Post Evacuate Collection Set: 0.56ms
[2026-07-01T02:26:31.894+0000][80.142s][info][gc,phases   ] GC(123)   Other: 0.14ms
[2026-07-01T02:26:31.894+0000][80.142s][info][gc,heap     ] GC(123) Eden regions: 174->0(174)
[2026-07-01T02:26:31.894+0000][80.142s][info][gc,heap     ] GC(123) Survivor regions: 11->11(24)
[2026-07-01T02:26:31.894+0000][80.142s][info][gc,heap     ] GC(123) Old regions: 170->170
[2026-07-01T02:26:31.894+0000][80.142s][info][gc,heap     ] GC(123) Humongous regions: 3->3
[2026-07-01T02:26:31.894+0000][80.142s][info][gc,metaspace] GC(123) Metaspace: 41733K(42624K)->41733K(42624K) NonClass: 36591K(37056K)->36591K(37056K) Class: 5141K(5568K)->5141K(5568K)
[2026-07-01T02:26:31.894+0000][80.142s][info][gc          ] GC(123) Pause Young (Concurrent Start) (G1 Evacuation Pause) 356M->183M(378M) 28.511ms
[2026-07-01T02:26:31.894+0000][80.142s][info][gc,cpu      ] GC(123) User=0.05s Sys=0.01s Real=0.03s
[2026-07-01T02:26:31.897+0000][80.145s][info][gc          ] GC(124) Concurrent Mark Cycle
[2026-07-01T02:26:31.897+0000][80.145s][info][gc,marking  ] GC(124) Concurrent Scan Root Regions
[2026-07-01T02:26:31.915+0000][80.163s][info][gc,marking  ] GC(124) Concurrent Scan Root Regions 18.257ms
[2026-07-01T02:26:31.915+0000][80.163s][info][gc,marking  ] GC(124) Concurrent Mark
[2026-07-01T02:26:31.915+0000][80.163s][info][gc,marking  ] GC(124) Concurrent Mark From Roots
[2026-07-01T02:26:31.915+0000][80.163s][info][gc,task     ] GC(124) Using 1 workers of 1 for marking
[2026-07-01T02:26:32.269+0000][80.517s][info][gc,marking  ] GC(124) Concurrent Mark From Roots 354.123ms
[2026-07-01T02:26:32.269+0000][80.517s][info][gc,marking  ] GC(124) Concurrent Preclean
[2026-07-01T02:26:32.270+0000][80.518s][info][gc,marking  ] GC(124) Concurrent Preclean 0.146ms
[2026-07-01T02:26:32.270+0000][80.518s][info][gc,start    ] GC(124) Pause Remark
[2026-07-01T02:26:32.277+0000][80.525s][info][gc,heap     ] GC(124) Heap shrink completed: uncommitted 10 regions (10MB), heap size now 368MB
[2026-07-01T02:26:32.277+0000][80.525s][info][gc          ] GC(124) Pause Remark 222M->222M(368M) 7.370ms
[2026-07-01T02:26:32.277+0000][80.525s][info][gc,cpu      ] GC(124) User=0.01s Sys=0.00s Real=0.00s
[2026-07-01T02:26:32.278+0000][80.526s][info][gc,marking  ] GC(124) Concurrent Mark 363.124ms
[2026-07-01T02:26:32.278+0000][80.526s][info][gc,marking  ] GC(124) Concurrent Rebuild Remembered Sets and Scrub Regions
[2026-07-01T02:26:32.465+0000][80.713s][info][gc,marking  ] GC(124) Concurrent Rebuild Remembered Sets and Scrub Regions 186.547ms
[2026-07-01T02:26:32.465+0000][80.713s][info][gc,start    ] GC(124) Pause Cleanup
[2026-07-01T02:26:32.465+0000][80.713s][info][gc          ] GC(124) Pause Cleanup 238M->238M(368M) 0.184ms
[2026-07-01T02:26:32.465+0000][80.713s][info][gc,cpu      ] GC(124) User=0.00s Sys=0.00s Real=0.00s
[2026-07-01T02:26:32.466+0000][80.714s][info][gc,marking  ] GC(124) Concurrent Clear Claimed Marks
[2026-07-01T02:26:32.466+0000][80.714s][info][gc,marking  ] GC(124) Concurrent Clear Claimed Marks 0.285ms
[2026-07-01T02:26:32.466+0000][80.714s][info][gc,marking  ] GC(124) Concurrent Cleanup for Next Mark
[2026-07-01T02:26:32.467+0000][80.715s][info][gc,marking  ] GC(124) Concurrent Cleanup for Next Mark 0.977ms
[2026-07-01T02:26:32.467+0000][80.715s][info][gc          ] GC(124) Concurrent Mark Cycle 570.024ms
[2026-07-01T02:26:33.398+0000][81.646s][info][gc,start    ] GC(125) Pause Young (Prepare Mixed) (G1 Evacuation Pause)
[2026-07-01T02:26:33.398+0000][81.646s][info][gc,task     ] GC(125) Using 2 workers of 2 for evacuation
[2026-07-01T02:26:33.445+0000][81.693s][info][gc,phases   ] GC(125)   Pre Evacuate Collection Set: 0.22ms
[2026-07-01T02:26:33.445+0000][81.693s][info][gc,phases   ] GC(125)   Merge Heap Roots: 1.15ms
[2026-07-01T02:26:33.445+0000][81.693s][info][gc,phases   ] GC(125)   Evacuate Collection Set: 44.48ms
[2026-07-01T02:26:33.445+0000][81.693s][info][gc,phases   ] GC(125)   Post Evacuate Collection Set: 0.56ms
[2026-07-01T02:26:33.445+0000][81.693s][info][gc,phases   ] GC(125)   Other: 0.07ms
[2026-07-01T02:26:33.445+0000][81.693s][info][gc,heap     ] GC(125) Eden regions: 175->0(166)
[2026-07-01T02:26:33.445+0000][81.693s][info][gc,heap     ] GC(125) Survivor regions: 11->11(24)
[2026-07-01T02:26:33.445+0000][81.693s][info][gc,heap     ] GC(125) Old regions: 170->171
[2026-07-01T02:26:33.445+0000][81.693s][info][gc,heap     ] GC(125) Humongous regions: 3->3
[2026-07-01T02:26:33.445+0000][81.693s][info][gc,metaspace] GC(125) Metaspace: 41733K(42624K)->41733K(42624K) NonClass: 36591K(37056K)->36591K(37056K) Class: 5141K(5568K)->5141K(5568K)
[2026-07-01T02:26:33.445+0000][81.693s][info][gc          ] GC(125) Pause Young (Prepare Mixed) (G1 Evacuation Pause) 358M->183M(371M) 46.697ms
[2026-07-01T02:26:33.445+0000][81.693s][info][gc,cpu      ] GC(125) User=0.06s Sys=0.00s Real=0.04s
[2026-07-01T02:26:34.490+0000][82.738s][info][gc,start    ] GC(126) Pause Young (Mixed) (G1 Evacuation Pause)
[2026-07-01T02:26:34.490+0000][82.738s][info][gc,task     ] GC(126) Using 2 workers of 2 for evacuation
[2026-07-01T02:26:34.510+0000][82.758s][info][gc,phases   ] GC(126)   Pre Evacuate Collection Set: 0.19ms
[2026-07-01T02:26:34.510+0000][82.758s][info][gc,phases   ] GC(126)   Merge Heap Roots: 0.46ms
[2026-07-01T02:26:34.510+0000][82.758s][info][gc,phases   ] GC(126)   Evacuate Collection Set: 19.08ms
[2026-07-01T02:26:34.510+0000][82.758s][info][gc,phases   ] GC(126)   Post Evacuate Collection Set: 0.47ms
[2026-07-01T02:26:34.510+0000][82.758s][info][gc,phases   ] GC(126)   Other: 0.07ms
[2026-07-01T02:26:34.510+0000][82.758s][info][gc,heap     ] GC(126) Eden regions: 166->0(166)
[2026-07-01T02:26:34.510+0000][82.758s][info][gc,heap     ] GC(126) Survivor regions: 11->11(23)
[2026-07-01T02:26:34.510+0000][82.758s][info][gc,heap     ] GC(126) Old regions: 171->171
[2026-07-01T02:26:34.510+0000][82.758s][info][gc,heap     ] GC(126) Humongous regions: 3->3
[2026-07-01T02:26:34.510+0000][82.758s][info][gc,metaspace] GC(126) Metaspace: 41733K(42624K)->41733K(42624K) NonClass: 36591K(37056K)->36591K(37056K) Class: 5141K(5568K)->5141K(5568K)
[2026-07-01T02:26:34.510+0000][82.758s][info][gc          ] GC(126) Pause Young (Mixed) (G1 Evacuation Pause) 349M->184M(371M) 20.414ms
[2026-07-01T02:26:34.510+0000][82.758s][info][gc,cpu      ] GC(126) User=0.04s Sys=0.00s Real=0.02s
[2026-07-01T02:26:35.306+0000][83.554s][info][gc,start    ] GC(127) Pause Young (Concurrent Start) (G1 Evacuation Pause)
[2026-07-01T02:26:35.306+0000][83.554s][info][gc,task     ] GC(127) Using 2 workers of 2 for evacuation
[2026-07-01T02:26:35.335+0000][83.583s][info][gc,phases   ] GC(127)   Pre Evacuate Collection Set: 0.24ms
[2026-07-01T02:26:35.335+0000][83.583s][info][gc,phases   ] GC(127)   Merge Heap Roots: 0.64ms
[2026-07-01T02:26:35.335+0000][83.583s][info][gc,phases   ] GC(127)   Evacuate Collection Set: 27.82ms
[2026-07-01T02:26:35.335+0000][83.583s][info][gc,phases   ] GC(127)   Post Evacuate Collection Set: 0.52ms
[2026-07-01T02:26:35.335+0000][83.583s][info][gc,phases   ] GC(127)   Other: 0.08ms
[2026-07-01T02:26:35.335+0000][83.583s][info][gc,heap     ] GC(127) Eden regions: 166->0(165)
[2026-07-01T02:26:35.335+0000][83.583s][info][gc,heap     ] GC(127) Survivor regions: 11->11(23)
[2026-07-01T02:26:35.335+0000][83.583s][info][gc,heap     ] GC(127) Old regions: 171->172
[2026-07-01T02:26:35.335+0000][83.583s][info][gc,heap     ] GC(127) Humongous regions: 3->3
[2026-07-01T02:26:35.335+0000][83.583s][info][gc,metaspace] GC(127) Metaspace: 41733K(42624K)->41733K(42624K) NonClass: 36591K(37056K)->36591K(37056K) Class: 5141K(5568K)->5141K(5568K)
[2026-07-01T02:26:35.335+0000][83.583s][info][gc          ] GC(127) Pause Young (Concurrent Start) (G1 Evacuation Pause) 350M->185M(371M) 29.476ms
[2026-07-01T02:26:35.335+0000][83.583s][info][gc,cpu      ] GC(127) User=0.06s Sys=0.00s Real=0.03s
[2026-07-01T02:26:35.338+0000][83.586s][info][gc          ] GC(128) Concurrent Mark Cycle
[2026-07-01T02:26:35.338+0000][83.586s][info][gc,marking  ] GC(128) Concurrent Scan Root Regions
[2026-07-01T02:26:35.358+0000][83.606s][info][gc,marking  ] GC(128) Concurrent Scan Root Regions 20.213ms
[2026-07-01T02:26:35.358+0000][83.606s][info][gc,marking  ] GC(128) Concurrent Mark
[2026-07-01T02:26:35.358+0000][83.606s][info][gc,marking  ] GC(128) Concurrent Mark From Roots
[2026-07-01T02:26:35.358+0000][83.606s][info][gc,task     ] GC(128) Using 1 workers of 1 for marking
[2026-07-01T02:26:35.802+0000][84.050s][info][gc,marking  ] GC(128) Concurrent Mark From Roots 443.971ms
[2026-07-01T02:26:35.802+0000][84.050s][info][gc,marking  ] GC(128) Concurrent Preclean
[2026-07-01T02:26:35.803+0000][84.051s][info][gc,marking  ] GC(128) Concurrent Preclean 0.231ms
[2026-07-01T02:26:35.803+0000][84.051s][info][gc,start    ] GC(128) Pause Remark
[2026-07-01T02:26:35.811+0000][84.060s][info][gc          ] GC(128) Pause Remark 260M->260M(371M) 8.478ms
[2026-07-01T02:26:35.811+0000][84.060s][info][gc,cpu      ] GC(128) User=0.01s Sys=0.00s Real=0.01s
[2026-07-01T02:26:35.813+0000][84.061s][info][gc,marking  ] GC(128) Concurrent Mark 454.821ms
[2026-07-01T02:26:35.813+0000][84.061s][info][gc,marking  ] GC(128) Concurrent Rebuild Remembered Sets and Scrub Regions
[2026-07-01T02:26:36.127+0000][84.375s][info][gc,marking  ] GC(128) Concurrent Rebuild Remembered Sets and Scrub Regions 314.102ms
[2026-07-01T02:26:36.127+0000][84.375s][info][gc,start    ] GC(128) Pause Cleanup
[2026-07-01T02:26:36.129+0000][84.377s][info][gc          ] GC(128) Pause Cleanup 320M->320M(371M) 1.865ms
[2026-07-01T02:26:36.129+0000][84.377s][info][gc,cpu      ] GC(128) User=0.00s Sys=0.01s Real=0.01s
[2026-07-01T02:26:36.131+0000][84.379s][info][gc,marking  ] GC(128) Concurrent Clear Claimed Marks
[2026-07-01T02:26:36.131+0000][84.379s][info][gc,marking  ] GC(128) Concurrent Clear Claimed Marks 0.098ms
[2026-07-01T02:26:36.131+0000][84.379s][info][gc,marking  ] GC(128) Concurrent Cleanup for Next Mark
[2026-07-01T02:26:36.132+0000][84.380s][info][gc,marking  ] GC(128) Concurrent Cleanup for Next Mark 1.374ms
[2026-07-01T02:26:36.132+0000][84.381s][info][gc          ] GC(128) Concurrent Mark Cycle 794.408ms
[2026-07-01T02:26:36.272+0000][84.520s][info][gc,start    ] GC(129) Pause Young (Prepare Mixed) (G1 Evacuation Pause)
[2026-07-01T02:26:36.272+0000][84.520s][info][gc,task     ] GC(129) Using 2 workers of 2 for evacuation
[2026-07-01T02:26:36.301+0000][84.549s][info][gc,phases   ] GC(129)   Pre Evacuate Collection Set: 0.20ms
[2026-07-01T02:26:36.301+0000][84.549s][info][gc,phases   ] GC(129)   Merge Heap Roots: 0.68ms
[2026-07-01T02:26:36.301+0000][84.549s][info][gc,phases   ] GC(129)   Evacuate Collection Set: 27.42ms
[2026-07-01T02:26:36.301+0000][84.549s][info][gc,phases   ] GC(129)   Post Evacuate Collection Set: 0.49ms
[2026-07-01T02:26:36.301+0000][84.549s][info][gc,phases   ] GC(129)   Other: 0.06ms
[2026-07-01T02:26:36.301+0000][84.549s][info][gc,heap     ] GC(129) Eden regions: 165->0(164)
[2026-07-01T02:26:36.301+0000][84.549s][info][gc,heap     ] GC(129) Survivor regions: 11->12(22)
[2026-07-01T02:26:36.301+0000][84.549s][info][gc,heap     ] GC(129) Old regions: 172->172
[2026-07-01T02:26:36.301+0000][84.549s][info][gc,heap     ] GC(129) Humongous regions: 3->3
[2026-07-01T02:26:36.301+0000][84.549s][info][gc,metaspace] GC(129) Metaspace: 41733K(42624K)->41733K(42624K) NonClass: 36591K(37056K)->36591K(37056K) Class: 5141K(5568K)->5141K(5568K)
[2026-07-01T02:26:36.301+0000][84.549s][info][gc          ] GC(129) Pause Young (Prepare Mixed) (G1 Evacuation Pause) 350M->186M(371M) 29.015ms
[2026-07-01T02:26:36.301+0000][84.549s][info][gc,cpu      ] GC(129) User=0.05s Sys=0.00s Real=0.03s
[2026-07-01T02:26:37.059+0000][85.307s][info][gc,start    ] GC(130) Pause Young (Mixed) (G1 Evacuation Pause)
[2026-07-01T02:26:37.059+0000][85.307s][info][gc,task     ] GC(130) Using 2 workers of 2 for evacuation
[2026-07-01T02:26:37.089+0000][85.337s][info][gc,phases   ] GC(130)   Pre Evacuate Collection Set: 0.23ms
[2026-07-01T02:26:37.089+0000][85.337s][info][gc,phases   ] GC(130)   Merge Heap Roots: 0.71ms
[2026-07-01T02:26:37.089+0000][85.337s][info][gc,phases   ] GC(130)   Evacuate Collection Set: 28.76ms
[2026-07-01T02:26:37.089+0000][85.337s][info][gc,phases   ] GC(130)   Post Evacuate Collection Set: 0.43ms
[2026-07-01T02:26:37.089+0000][85.337s][info][gc,phases   ] GC(130)   Other: 0.05ms
[2026-07-01T02:26:37.089+0000][85.337s][info][gc,heap     ] GC(130) Eden regions: 164->0(164)
[2026-07-01T02:26:37.089+0000][85.337s][info][gc,heap     ] GC(130) Survivor regions: 12->12(22)
[2026-07-01T02:26:37.089+0000][85.337s][info][gc,heap     ] GC(130) Old regions: 172->172
[2026-07-01T02:26:37.089+0000][85.337s][info][gc,heap     ] GC(130) Humongous regions: 3->3
[2026-07-01T02:26:37.089+0000][85.337s][info][gc,metaspace] GC(130) Metaspace: 41733K(42624K)->41733K(42624K) NonClass: 36591K(37056K)->36591K(37056K) Class: 5141K(5568K)->5141K(5568K)
[2026-07-01T02:26:37.089+0000][85.337s][info][gc          ] GC(130) Pause Young (Mixed) (G1 Evacuation Pause) 350M->186M(371M) 30.374ms
[2026-07-01T02:26:37.089+0000][85.337s][info][gc,cpu      ] GC(130) User=0.06s Sys=0.00s Real=0.03s
[2026-07-01T02:26:37.872+0000][86.120s][info][gc,start    ] GC(131) Pause Young (Concurrent Start) (G1 Evacuation Pause)
[2026-07-01T02:26:37.872+0000][86.120s][info][gc,task     ] GC(131) Using 2 workers of 2 for evacuation
[2026-07-01T02:26:37.892+0000][86.140s][info][gc,phases   ] GC(131)   Pre Evacuate Collection Set: 0.19ms
[2026-07-01T02:26:37.892+0000][86.140s][info][gc,phases   ] GC(131)   Merge Heap Roots: 0.40ms
[2026-07-01T02:26:37.892+0000][86.140s][info][gc,phases   ] GC(131)   Evacuate Collection Set: 18.76ms
[2026-07-01T02:26:37.892+0000][86.140s][info][gc,phases   ] GC(131)   Post Evacuate Collection Set: 0.44ms
[2026-07-01T02:26:37.892+0000][86.140s][info][gc,phases   ] GC(131)   Other: 0.07ms
[2026-07-01T02:26:37.892+0000][86.140s][info][gc,heap     ] GC(131) Eden regions: 164->0(164)
[2026-07-01T02:26:37.892+0000][86.140s][info][gc,heap     ] GC(131) Survivor regions: 12->11(22)
[2026-07-01T02:26:37.892+0000][86.140s][info][gc,heap     ] GC(131) Old regions: 172->173
[2026-07-01T02:26:37.892+0000][86.140s][info][gc,heap     ] GC(131) Humongous regions: 3->3
[2026-07-01T02:26:37.892+0000][86.140s][info][gc,metaspace] GC(131) Metaspace: 41734K(42624K)->41734K(42624K) NonClass: 36592K(37056K)->36592K(37056K) Class: 5141K(5568K)->5141K(5568K)
[2026-07-01T02:26:37.892+0000][86.140s][info][gc          ] GC(131) Pause Young (Concurrent Start) (G1 Evacuation Pause) 350M->186M(371M) 20.016ms
[2026-07-01T02:26:37.892+0000][86.140s][info][gc          ] GC(132) Concurrent Mark Cycle
[2026-07-01T02:26:37.892+0000][86.140s][info][gc,marking  ] GC(132) Concurrent Scan Root Regions
[2026-07-01T02:26:37.892+0000][86.140s][info][gc,cpu      ] GC(131) User=0.04s Sys=0.01s Real=0.02s
[2026-07-01T02:26:37.924+0000][86.172s][info][gc,marking  ] GC(132) Concurrent Scan Root Regions 31.740ms
[2026-07-01T02:26:37.924+0000][86.172s][info][gc,marking  ] GC(132) Concurrent Mark
[2026-07-01T02:26:37.924+0000][86.172s][info][gc,marking  ] GC(132) Concurrent Mark From Roots
[2026-07-01T02:26:37.924+0000][86.172s][info][gc,task     ] GC(132) Using 1 workers of 1 for marking
[2026-07-01T02:26:38.508+0000][86.756s][info][gc,marking  ] GC(132) Concurrent Mark From Roots 584.421ms
[2026-07-01T02:26:38.508+0000][86.756s][info][gc,marking  ] GC(132) Concurrent Preclean
[2026-07-01T02:26:38.509+0000][86.757s][info][gc,marking  ] GC(132) Concurrent Preclean 0.210ms
[2026-07-01T02:26:38.509+0000][86.757s][info][gc,start    ] GC(132) Pause Remark
[2026-07-01T02:26:38.515+0000][86.763s][info][gc          ] GC(132) Pause Remark 296M->296M(371M) 6.523ms
[2026-07-01T02:26:38.515+0000][86.763s][info][gc,cpu      ] GC(132) User=0.01s Sys=0.00s Real=0.00s
[2026-07-01T02:26:38.518+0000][86.766s][info][gc,marking  ] GC(132) Concurrent Mark 593.980ms
[2026-07-01T02:26:38.518+0000][86.766s][info][gc,marking  ] GC(132) Concurrent Rebuild Remembered Sets and Scrub Regions
[2026-07-01T02:26:38.723+0000][86.971s][info][gc,marking  ] GC(132) Concurrent Rebuild Remembered Sets and Scrub Regions 204.897ms
[2026-07-01T02:26:38.723+0000][86.971s][info][gc,start    ] GC(132) Pause Cleanup
[2026-07-01T02:26:38.723+0000][86.971s][info][gc          ] GC(132) Pause Cleanup 331M->331M(371M) 0.163ms
[2026-07-01T02:26:38.723+0000][86.971s][info][gc,cpu      ] GC(132) User=0.00s Sys=0.00s Real=0.00s
[2026-07-01T02:26:38.723+0000][86.971s][info][gc,marking  ] GC(132) Concurrent Clear Claimed Marks
[2026-07-01T02:26:38.723+0000][86.972s][info][gc,marking  ] GC(132) Concurrent Clear Claimed Marks 0.147ms
[2026-07-01T02:26:38.723+0000][86.972s][info][gc,marking  ] GC(132) Concurrent Cleanup for Next Mark
[2026-07-01T02:26:38.724+0000][86.972s][info][gc,marking  ] GC(132) Concurrent Cleanup for Next Mark 0.670ms
[2026-07-01T02:26:38.724+0000][86.972s][info][gc          ] GC(132) Concurrent Mark Cycle 832.119ms
[2026-07-01T02:26:38.819+0000][87.067s][info][gc,start    ] GC(133) Pause Young (Prepare Mixed) (G1 Evacuation Pause)
[2026-07-01T02:26:38.819+0000][87.067s][info][gc,task     ] GC(133) Using 2 workers of 2 for evacuation
[2026-07-01T02:26:38.841+0000][87.089s][info][gc,phases   ] GC(133)   Pre Evacuate Collection Set: 0.23ms
[2026-07-01T02:26:38.841+0000][87.089s][info][gc,phases   ] GC(133)   Merge Heap Roots: 0.86ms
[2026-07-01T02:26:38.841+0000][87.089s][info][gc,phases   ] GC(133)   Evacuate Collection Set: 20.29ms
[2026-07-01T02:26:38.841+0000][87.089s][info][gc,phases   ] GC(133)   Post Evacuate Collection Set: 0.49ms
[2026-07-01T02:26:38.841+0000][87.089s][info][gc,phases   ] GC(133)   Other: 0.05ms
[2026-07-01T02:26:38.841+0000][87.089s][info][gc,heap     ] GC(133) Eden regions: 164->0(162)
[2026-07-01T02:26:38.841+0000][87.089s][info][gc,heap     ] GC(133) Survivor regions: 11->12(22)
[2026-07-01T02:26:38.841+0000][87.089s][info][gc,heap     ] GC(133) Old regions: 173->174
[2026-07-01T02:26:38.841+0000][87.089s][info][gc,heap     ] GC(133) Humongous regions: 3->3
[2026-07-01T02:26:38.841+0000][87.089s][info][gc,metaspace] GC(133) Metaspace: 41734K(42624K)->41734K(42624K) NonClass: 36592K(37056K)->36592K(37056K) Class: 5141K(5568K)->5141K(5568K)
[2026-07-01T02:26:38.841+0000][87.089s][info][gc          ] GC(133) Pause Young (Prepare Mixed) (G1 Evacuation Pause) 350M->187M(371M) 22.069ms
[2026-07-01T02:26:38.841+0000][87.089s][info][gc,cpu      ] GC(133) User=0.04s Sys=0.00s Real=0.02s
[2026-07-01T02:26:39.593+0000][87.841s][info][gc,start    ] GC(134) Pause Young (Mixed) (G1 Evacuation Pause)
[2026-07-01T02:26:39.593+0000][87.841s][info][gc,task     ] GC(134) Using 2 workers of 2 for evacuation
[2026-07-01T02:26:39.622+0000][87.870s][info][gc,phases   ] GC(134)   Pre Evacuate Collection Set: 0.51ms
[2026-07-01T02:26:39.622+0000][87.870s][info][gc,phases   ] GC(134)   Merge Heap Roots: 0.65ms
[2026-07-01T02:26:39.622+0000][87.870s][info][gc,phases   ] GC(134)   Evacuate Collection Set: 26.23ms
[2026-07-01T02:26:39.622+0000][87.870s][info][gc,phases   ] GC(134)   Post Evacuate Collection Set: 1.70ms
[2026-07-01T02:26:39.622+0000][87.870s][info][gc,phases   ] GC(134)   Other: 0.08ms
[2026-07-01T02:26:39.622+0000][87.870s][info][gc,heap     ] GC(134) Eden regions: 162->0(343)
[2026-07-01T02:26:39.622+0000][87.870s][info][gc,heap     ] GC(134) Survivor regions: 12->11(22)
[2026-07-01T02:26:39.622+0000][87.870s][info][gc,heap     ] GC(134) Old regions: 174->174
[2026-07-01T02:26:39.622+0000][87.870s][info][gc,heap     ] GC(134) Humongous regions: 3->3
[2026-07-01T02:26:39.622+0000][87.871s][info][gc,metaspace] GC(134) Metaspace: 41736K(42624K)->41736K(42624K) NonClass: 36594K(37056K)->36594K(37056K) Class: 5141K(5568K)->5141K(5568K)
[2026-07-01T02:26:39.622+0000][87.871s][info][gc          ] GC(134) Pause Young (Mixed) (G1 Evacuation Pause) 349M->187M(591M) 29.345ms
[2026-07-01T02:26:39.622+0000][87.871s][info][gc,cpu      ] GC(134) User=0.05s Sys=0.00s Real=0.03s
[2026-07-01T02:26:41.222+0000][89.470s][info][gc,start    ] GC(135) Pause Young (Normal) (G1 Evacuation Pause)
[2026-07-01T02:26:41.222+0000][89.470s][info][gc,task     ] GC(135) Using 2 workers of 2 for evacuation
[2026-07-01T02:26:41.249+0000][89.497s][info][gc,phases   ] GC(135)   Pre Evacuate Collection Set: 0.30ms
[2026-07-01T02:26:41.249+0000][89.497s][info][gc,phases   ] GC(135)   Merge Heap Roots: 0.79ms
[2026-07-01T02:26:41.249+0000][89.497s][info][gc,phases   ] GC(135)   Evacuate Collection Set: 25.49ms
[2026-07-01T02:26:41.249+0000][89.497s][info][gc,phases   ] GC(135)   Post Evacuate Collection Set: 0.58ms
[2026-07-01T02:26:41.249+0000][89.497s][info][gc,phases   ] GC(135)   Other: 0.12ms
[2026-07-01T02:26:41.249+0000][89.497s][info][gc,heap     ] GC(135) Eden regions: 343->0(342)
[2026-07-01T02:26:41.249+0000][89.497s][info][gc,heap     ] GC(135) Survivor regions: 11->12(45)
[2026-07-01T02:26:41.249+0000][89.497s][info][gc,heap     ] GC(135) Old regions: 174->174
[2026-07-01T02:26:41.249+0000][89.497s][info][gc,heap     ] GC(135) Humongous regions: 3->3
[2026-07-01T02:26:41.249+0000][89.497s][info][gc,metaspace] GC(135) Metaspace: 41736K(42624K)->41736K(42624K) NonClass: 36594K(37056K)->36594K(37056K) Class: 5141K(5568K)->5141K(5568K)
[2026-07-01T02:26:41.249+0000][89.497s][info][gc          ] GC(135) Pause Young (Normal) (G1 Evacuation Pause) 530M->189M(591M) 27.446ms
[2026-07-01T02:26:41.249+0000][89.497s][info][gc,cpu      ] GC(135) User=0.05s Sys=0.00s Real=0.03s
[2026-07-01T02:26:43.558+0000][91.806s][info][gc,start    ] GC(136) Pause Young (Normal) (G1 Evacuation Pause)
[2026-07-01T02:26:43.558+0000][91.806s][info][gc,task     ] GC(136) Using 2 workers of 2 for evacuation
[2026-07-01T02:26:43.631+0000][91.879s][info][gc,phases   ] GC(136)   Pre Evacuate Collection Set: 0.23ms
[2026-07-01T02:26:43.631+0000][91.879s][info][gc,phases   ] GC(136)   Merge Heap Roots: 0.43ms
[2026-07-01T02:26:43.631+0000][91.879s][info][gc,phases   ] GC(136)   Evacuate Collection Set: 70.99ms
[2026-07-01T02:26:43.631+0000][91.879s][info][gc,phases   ] GC(136)   Post Evacuate Collection Set: 1.06ms
[2026-07-01T02:26:43.631+0000][91.879s][info][gc,phases   ] GC(136)   Other: 0.07ms
[2026-07-01T02:26:43.631+0000][91.879s][info][gc,heap     ] GC(136) Eden regions: 342->0(342)
[2026-07-01T02:26:43.631+0000][91.879s][info][gc,heap     ] GC(136) Survivor regions: 12->12(45)
[2026-07-01T02:26:43.631+0000][91.879s][info][gc,heap     ] GC(136) Old regions: 174->175
[2026-07-01T02:26:43.631+0000][91.879s][info][gc,heap     ] GC(136) Humongous regions: 3->3
[2026-07-01T02:26:43.631+0000][91.879s][info][gc,metaspace] GC(136) Metaspace: 41736K(42624K)->41736K(42624K) NonClass: 36594K(37056K)->36594K(37056K) Class: 5141K(5568K)->5141K(5568K)
[2026-07-01T02:26:43.631+0000][91.879s][info][gc          ] GC(136) Pause Young (Normal) (G1 Evacuation Pause) 531M->189M(591M) 72.977ms
[2026-07-01T02:26:43.631+0000][91.879s][info][gc,cpu      ] GC(136) User=0.07s Sys=0.00s Real=0.07s
[2026-07-01T02:26:46.222+0000][94.470s][info][gc,start    ] GC(137) Pause Young (Concurrent Start) (G1 Evacuation Pause)
[2026-07-01T02:26:46.222+0000][94.470s][info][gc,task     ] GC(137) Using 2 workers of 2 for evacuation
[2026-07-01T02:26:46.258+0000][94.506s][info][gc,phases   ] GC(137)   Pre Evacuate Collection Set: 0.37ms
[2026-07-01T02:26:46.258+0000][94.506s][info][gc,phases   ] GC(137)   Merge Heap Roots: 0.43ms
[2026-07-01T02:26:46.258+0000][94.506s][info][gc,phases   ] GC(137)   Evacuate Collection Set: 32.70ms
[2026-07-01T02:26:46.258+0000][94.506s][info][gc,phases   ] GC(137)   Post Evacuate Collection Set: 2.16ms
[2026-07-01T02:26:46.258+0000][94.506s][info][gc,phases   ] GC(137)   Other: 0.09ms
[2026-07-01T02:26:46.258+0000][94.506s][info][gc,heap     ] GC(137) Eden regions: 342->0(342)
[2026-07-01T02:26:46.258+0000][94.506s][info][gc,heap     ] GC(137) Survivor regions: 12->12(45)
[2026-07-01T02:26:46.258+0000][94.506s][info][gc,heap     ] GC(137) Old regions: 175->176
[2026-07-01T02:26:46.258+0000][94.506s][info][gc,heap     ] GC(137) Humongous regions: 3->3
[2026-07-01T02:26:46.258+0000][94.506s][info][gc,metaspace] GC(137) Metaspace: 41736K(42624K)->41736K(42624K) NonClass: 36594K(37056K)->36594K(37056K) Class: 5141K(5568K)->5141K(5568K)
[2026-07-01T02:26:46.258+0000][94.506s][info][gc          ] GC(137) Pause Young (Concurrent Start) (G1 Evacuation Pause) 531M->191M(591M) 35.991ms
[2026-07-01T02:26:46.258+0000][94.506s][info][gc,cpu      ] GC(137) User=0.07s Sys=0.00s Real=0.03s
[2026-07-01T02:26:46.258+0000][94.506s][info][gc          ] GC(138) Concurrent Mark Cycle
[2026-07-01T02:26:46.258+0000][94.506s][info][gc,marking  ] GC(138) Concurrent Scan Root Regions
[2026-07-01T02:26:46.282+0000][94.530s][info][gc,marking  ] GC(138) Concurrent Scan Root Regions 24.051ms
[2026-07-01T02:26:46.282+0000][94.530s][info][gc,marking  ] GC(138) Concurrent Mark
[2026-07-01T02:26:46.282+0000][94.530s][info][gc,marking  ] GC(138) Concurrent Mark From Roots
[2026-07-01T02:26:46.282+0000][94.530s][info][gc,task     ] GC(138) Using 1 workers of 1 for marking
[2026-07-01T02:26:46.623+0000][94.871s][info][gc,marking  ] GC(138) Concurrent Mark From Roots 341.353ms
[2026-07-01T02:26:46.623+0000][94.871s][info][gc,marking  ] GC(138) Concurrent Preclean
[2026-07-01T02:26:46.624+0000][94.872s][info][gc,marking  ] GC(138) Concurrent Preclean 0.151ms
[2026-07-01T02:26:46.624+0000][94.872s][info][gc,start    ] GC(138) Pause Remark
[2026-07-01T02:26:46.630+0000][94.878s][info][gc,heap     ] GC(138) Heap shrink completed: uncommitted 209 regions (209MB), heap size now 382MB
[2026-07-01T02:26:46.630+0000][94.878s][info][gc          ] GC(138) Pause Remark 197M->197M(382M) 6.341ms
[2026-07-01T02:26:46.630+0000][94.878s][info][gc,cpu      ] GC(138) User=0.02s Sys=0.00s Real=0.01s
[2026-07-01T02:26:46.630+0000][94.878s][info][gc,marking  ] GC(138) Concurrent Mark 348.056ms
[2026-07-01T02:26:46.630+0000][94.878s][info][gc,marking  ] GC(138) Concurrent Rebuild Remembered Sets and Scrub Regions
[2026-07-01T02:26:46.788+0000][95.036s][info][gc,marking  ] GC(138) Concurrent Rebuild Remembered Sets and Scrub Regions 158.265ms
[2026-07-01T02:26:46.788+0000][95.037s][info][gc,start    ] GC(138) Pause Cleanup
[2026-07-01T02:26:46.789+0000][95.037s][info][gc          ] GC(138) Pause Cleanup 197M->197M(382M) 0.188ms
[2026-07-01T02:26:46.789+0000][95.037s][info][gc,cpu      ] GC(138) User=0.00s Sys=0.00s Real=0.00s
[2026-07-01T02:26:46.789+0000][95.037s][info][gc,marking  ] GC(138) Concurrent Clear Claimed Marks
[2026-07-01T02:26:46.789+0000][95.037s][info][gc,marking  ] GC(138) Concurrent Clear Claimed Marks 0.090ms
[2026-07-01T02:26:46.789+0000][95.037s][info][gc,marking  ] GC(138) Concurrent Cleanup for Next Mark
[2026-07-01T02:26:46.791+0000][95.039s][info][gc,marking  ] GC(138) Concurrent Cleanup for Next Mark 2.301ms
[2026-07-01T02:26:46.791+0000][95.039s][info][gc          ] GC(138) Concurrent Mark Cycle 533.415ms
