[2026-07-01T01:47:55.886+0000][0.022s][info][gc,init] CardTable entry size: 512
[2026-07-01T01:47:55.886+0000][0.022s][info][gc     ] Using Serial
[2026-07-01T01:47:55.886+0000][0.023s][info][gc,init] Version: 21.0.11+10-LTS (release)
[2026-07-01T01:47:55.886+0000][0.023s][info][gc,init] CPUs: 4 total, 2 available
[2026-07-01T01:47:55.886+0000][0.023s][info][gc,init] Memory: 1024M
[2026-07-01T01:47:55.886+0000][0.023s][info][gc,init] Large Page Support: Disabled
[2026-07-01T01:47:55.886+0000][0.023s][info][gc,init] NUMA Support: Disabled
[2026-07-01T01:47:55.886+0000][0.023s][info][gc,init] Compressed Oops: Enabled (32-bit)
[2026-07-01T01:47:55.886+0000][0.023s][info][gc,init] Heap Min Capacity: 8M
[2026-07-01T01:47:55.886+0000][0.023s][info][gc,init] Heap Initial Capacity: 16M
[2026-07-01T01:47:55.886+0000][0.023s][info][gc,init] Heap Max Capacity: 256M
[2026-07-01T01:47:55.886+0000][0.023s][info][gc,init] Pre-touch: Disabled
[2026-07-01T01:47:55.893+0000][0.030s][info][gc,metaspace] CDS archive(s) mapped at: [0x00007d23bb000000-0x00007d23bbc9b000-0x00007d23bbc9b000), size 13217792, SharedBaseAddress: 0x00007d23bb000000, ArchiveRelocationMode: 1.
[2026-07-01T01:47:55.893+0000][0.030s][info][gc,metaspace] Compressed class space mapped at: 0x00007d23bc000000-0x00007d23fc000000, reserved size: 1073741824
[2026-07-01T01:47:55.893+0000][0.030s][info][gc,metaspace] Narrow klass base: 0x00007d23bb000000, Narrow klass shift: 0, Narrow klass range: 0x100000000
[2026-07-01T01:47:56.030+0000][0.167s][info][gc,start    ] GC(0) Pause Young (Allocation Failure)
[2026-07-01T01:47:56.032+0000][0.168s][info][gc,heap     ] GC(0) DefNew: 4416K(4928K)->512K(4928K) Eden: 4416K(4416K)->0K(4416K) From: 0K(512K)->512K(512K)
[2026-07-01T01:47:56.032+0000][0.168s][info][gc,heap     ] GC(0) Tenured: 1073K(10944K)->1143K(10944K)
[2026-07-01T01:47:56.032+0000][0.168s][info][gc,metaspace] GC(0) Metaspace: 1655K(1920K)->1655K(1920K) NonClass: 1470K(1600K)->1470K(1600K) Class: 184K(320K)->184K(320K)
[2026-07-01T01:47:56.032+0000][0.168s][info][gc          ] GC(0) Pause Young (Allocation Failure) 5M->1M(15M) 1.714ms
[2026-07-01T01:47:56.032+0000][0.168s][info][gc,cpu      ] GC(0) User=0.00s Sys=0.00s Real=0.00s
[2026-07-01T01:47:56.083+0000][0.219s][info][gc,start    ] GC(1) Pause Young (Allocation Failure)
[2026-07-01T01:47:56.084+0000][0.221s][info][gc,heap     ] GC(1) DefNew: 4928K(4928K)->253K(4928K) Eden: 4416K(4416K)->0K(4416K) From: 512K(512K)->253K(512K)
[2026-07-01T01:47:56.084+0000][0.221s][info][gc,heap     ] GC(1) Tenured: 1143K(10944K)->1645K(10944K)
[2026-07-01T01:47:56.084+0000][0.221s][info][gc,metaspace] GC(1) Metaspace: 2023K(2240K)->2023K(2240K) NonClass: 1805K(1920K)->1805K(1920K) Class: 218K(320K)->218K(320K)
[2026-07-01T01:47:56.084+0000][0.221s][info][gc          ] GC(1) Pause Young (Allocation Failure) 5M->1M(15M) 1.645ms
[2026-07-01T01:47:56.084+0000][0.221s][info][gc,cpu      ] GC(1) User=0.01s Sys=0.00s Real=0.00s
[2026-07-01T01:47:56.152+0000][0.288s][info][gc,start    ] GC(2) Pause Young (Allocation Failure)
[2026-07-01T01:47:56.153+0000][0.289s][info][gc,heap     ] GC(2) DefNew: 4666K(4928K)->511K(4928K) Eden: 4413K(4416K)->0K(4416K) From: 253K(512K)->511K(512K)
[2026-07-01T01:47:56.153+0000][0.289s][info][gc,heap     ] GC(2) Tenured: 1645K(10944K)->1694K(10944K)
[2026-07-01T01:47:56.153+0000][0.289s][info][gc,metaspace] GC(2) Metaspace: 2755K(3008K)->2755K(3008K) NonClass: 2475K(2624K)->2475K(2624K) Class: 280K(384K)->280K(384K)
[2026-07-01T01:47:56.153+0000][0.289s][info][gc          ] GC(2) Pause Young (Allocation Failure) 6M->2M(15M) 0.990ms
[2026-07-01T01:47:56.153+0000][0.289s][info][gc,cpu      ] GC(2) User=0.00s Sys=0.00s Real=0.00s
[2026-07-01T01:47:56.248+0000][0.384s][info][gc,start    ] GC(3) Pause Young (Allocation Failure)
[2026-07-01T01:47:56.249+0000][0.386s][info][gc,heap     ] GC(3) DefNew: 4927K(4928K)->261K(4928K) Eden: 4416K(4416K)->0K(4416K) From: 511K(512K)->261K(512K)
[2026-07-01T01:47:56.249+0000][0.386s][info][gc,heap     ] GC(3) Tenured: 1694K(10944K)->2196K(10944K)
[2026-07-01T01:47:56.249+0000][0.386s][info][gc,metaspace] GC(3) Metaspace: 3707K(3968K)->3707K(3968K) NonClass: 3313K(3456K)->3313K(3456K) Class: 394K(512K)->394K(512K)
[2026-07-01T01:47:56.249+0000][0.386s][info][gc          ] GC(3) Pause Young (Allocation Failure) 6M->2M(15M) 1.336ms
[2026-07-01T01:47:56.249+0000][0.386s][info][gc,cpu      ] GC(3) User=0.00s Sys=0.00s Real=0.00s
[2026-07-01T01:47:56.296+0000][0.432s][info][gc,start    ] GC(4) Pause Young (Allocation Failure)
[2026-07-01T01:47:56.297+0000][0.433s][info][gc,heap     ] GC(4) DefNew: 4661K(4928K)->410K(4928K) Eden: 4400K(4416K)->0K(4416K) From: 261K(512K)->410K(512K)
[2026-07-01T01:47:56.297+0000][0.433s][info][gc,heap     ] GC(4) Tenured: 2196K(10944K)->2436K(10944K)
[2026-07-01T01:47:56.297+0000][0.433s][info][gc,metaspace] GC(4) Metaspace: 4504K(4800K)->4504K(4800K) NonClass: 3999K(4160K)->3999K(4160K) Class: 505K(640K)->505K(640K)
[2026-07-01T01:47:56.297+0000][0.433s][info][gc          ] GC(4) Pause Young (Allocation Failure) 6M->2M(15M) 1.293ms
[2026-07-01T01:47:56.297+0000][0.433s][info][gc,cpu      ] GC(4) User=0.00s Sys=0.00s Real=0.00s
[2026-07-01T01:47:56.369+0000][0.505s][info][gc,start    ] GC(5) Pause Young (Allocation Failure)
[2026-07-01T01:47:56.370+0000][0.506s][info][gc,heap     ] GC(5) DefNew: 4826K(4928K)->247K(4928K) Eden: 4416K(4416K)->0K(4416K) From: 410K(512K)->247K(512K)
[2026-07-01T01:47:56.370+0000][0.506s][info][gc,heap     ] GC(5) Tenured: 2436K(10944K)->2765K(10944K)
[2026-07-01T01:47:56.370+0000][0.506s][info][gc,metaspace] GC(5) Metaspace: 5657K(5952K)->5657K(5952K) NonClass: 5000K(5184K)->5000K(5184K) Class: 656K(768K)->656K(768K)
[2026-07-01T01:47:56.370+0000][0.506s][info][gc          ] GC(5) Pause Young (Allocation Failure) 7M->2M(15M) 1.514ms
[2026-07-01T01:47:56.370+0000][0.506s][info][gc,cpu      ] GC(5) User=0.00s Sys=0.00s Real=0.00s
[2026-07-01T01:47:56.415+0000][0.551s][info][gc,start    ] GC(6) Pause Young (Allocation Failure)
[2026-07-01T01:47:56.416+0000][0.553s][info][gc,heap     ] GC(6) DefNew: 4663K(4928K)->464K(4928K) Eden: 4416K(4416K)->0K(4416K) From: 247K(512K)->464K(512K)
[2026-07-01T01:47:56.416+0000][0.553s][info][gc,heap     ] GC(6) Tenured: 2765K(10944K)->2765K(10944K)
[2026-07-01T01:47:56.416+0000][0.553s][info][gc,metaspace] GC(6) Metaspace: 6643K(6912K)->6643K(6912K) NonClass: 5860K(6016K)->5860K(6016K) Class: 783K(896K)->783K(896K)
[2026-07-01T01:47:56.416+0000][0.553s][info][gc          ] GC(6) Pause Young (Allocation Failure) 7M->3M(15M) 1.187ms
[2026-07-01T01:47:56.416+0000][0.553s][info][gc,cpu      ] GC(6) User=0.01s Sys=0.00s Real=0.00s
[2026-07-01T01:47:56.496+0000][0.632s][info][gc,start    ] GC(7) Pause Young (Allocation Failure)
[2026-07-01T01:47:56.498+0000][0.634s][info][gc,heap     ] GC(7) DefNew: 4880K(4928K)->512K(4928K) Eden: 4416K(4416K)->0K(4416K) From: 464K(512K)->512K(512K)
[2026-07-01T01:47:56.498+0000][0.634s][info][gc,heap     ] GC(7) Tenured: 2765K(10944K)->3246K(10944K)
[2026-07-01T01:47:56.498+0000][0.634s][info][gc,metaspace] GC(7) Metaspace: 7960K(8256K)->7960K(8256K) NonClass: 7022K(7232K)->7022K(7232K) Class: 938K(1024K)->938K(1024K)
[2026-07-01T01:47:56.498+0000][0.634s][info][gc          ] GC(7) Pause Young (Allocation Failure) 7M->3M(15M) 2.106ms
[2026-07-01T01:47:56.498+0000][0.634s][info][gc,cpu      ] GC(7) User=0.00s Sys=0.00s Real=0.00s
[2026-07-01T01:47:56.565+0000][0.701s][info][gc,start    ] GC(8) Pause Young (Allocation Failure)
[2026-07-01T01:47:56.566+0000][0.703s][info][gc,heap     ] GC(8) DefNew: 4928K(4928K)->304K(4928K) Eden: 4416K(4416K)->0K(4416K) From: 512K(512K)->304K(512K)
[2026-07-01T01:47:56.567+0000][0.703s][info][gc,heap     ] GC(8) Tenured: 3246K(10944K)->3727K(10944K)
[2026-07-01T01:47:56.567+0000][0.703s][info][gc,metaspace] GC(8) Metaspace: 8732K(9024K)->8732K(9024K) NonClass: 7674K(7808K)->7674K(7808K) Class: 1057K(1216K)->1057K(1216K)
[2026-07-01T01:47:56.567+0000][0.703s][info][gc          ] GC(8) Pause Young (Allocation Failure) 7M->3M(15M) 1.819ms
[2026-07-01T01:47:56.567+0000][0.703s][info][gc,cpu      ] GC(8) User=0.01s Sys=0.00s Real=0.00s
[2026-07-01T01:47:56.646+0000][0.782s][info][gc,start    ] GC(9) Pause Young (Allocation Failure)
[2026-07-01T01:47:56.647+0000][0.784s][info][gc,heap     ] GC(9) DefNew: 4720K(4928K)->268K(4928K) Eden: 4416K(4416K)->0K(4416K) From: 304K(512K)->268K(512K)
[2026-07-01T01:47:56.647+0000][0.784s][info][gc,heap     ] GC(9) Tenured: 3727K(10944K)->4010K(10944K)
[2026-07-01T01:47:56.647+0000][0.784s][info][gc,metaspace] GC(9) Metaspace: 9395K(9792K)->9395K(9792K) NonClass: 8241K(8448K)->8241K(8448K) Class: 1153K(1344K)->1153K(1344K)
[2026-07-01T01:47:56.647+0000][0.784s][info][gc          ] GC(9) Pause Young (Allocation Failure) 8M->4M(15M) 1.523ms
[2026-07-01T01:47:56.647+0000][0.784s][info][gc,cpu      ] GC(9) User=0.01s Sys=0.00s Real=0.00s
[2026-07-01T01:47:56.691+0000][0.827s][info][gc,start    ] GC(10) Pause Young (Allocation Failure)
[2026-07-01T01:47:56.692+0000][0.829s][info][gc,heap     ] GC(10) DefNew: 4684K(4928K)->241K(4928K) Eden: 4416K(4416K)->0K(4416K) From: 268K(512K)->241K(512K)
[2026-07-01T01:47:56.692+0000][0.829s][info][gc,heap     ] GC(10) Tenured: 4010K(10944K)->4265K(10944K)
[2026-07-01T01:47:56.692+0000][0.829s][info][gc,metaspace] GC(10) Metaspace: 10121K(10496K)->10121K(10496K) NonClass: 8824K(9024K)->8824K(9024K) Class: 1297K(1472K)->1297K(1472K)
[2026-07-01T01:47:56.692+0000][0.829s][info][gc          ] GC(10) Pause Young (Allocation Failure) 8M->4M(15M) 1.566ms
[2026-07-01T01:47:56.692+0000][0.829s][info][gc,cpu      ] GC(10) User=0.01s Sys=0.00s Real=0.00s
[2026-07-01T01:47:56.746+0000][0.882s][info][gc,start    ] GC(11) Pause Young (GCLocker Initiated GC)
[2026-07-01T01:47:56.747+0000][0.883s][info][gc,heap     ] GC(11) DefNew: 4659K(4928K)->439K(4928K) Eden: 4414K(4416K)->0K(4416K) From: 244K(512K)->439K(512K)
[2026-07-01T01:47:56.747+0000][0.883s][info][gc,heap     ] GC(11) Tenured: 4265K(10944K)->4265K(10944K)
[2026-07-01T01:47:56.747+0000][0.883s][info][gc,metaspace] GC(11) Metaspace: 11130K(11520K)->11130K(11520K) NonClass: 9711K(9920K)->9711K(9920K) Class: 1418K(1600K)->1418K(1600K)
[2026-07-01T01:47:56.747+0000][0.883s][info][gc          ] GC(11) Pause Young (GCLocker Initiated GC) 8M->4M(15M) 1.262ms
[2026-07-01T01:47:56.747+0000][0.883s][info][gc,cpu      ] GC(11) User=0.01s Sys=0.00s Real=0.00s
[2026-07-01T01:47:56.768+0000][0.904s][info][gc,start    ] GC(12) Pause Young (Allocation Failure)
[2026-07-01T01:47:56.769+0000][0.905s][info][gc,heap     ] GC(12) DefNew: 4855K(4928K)->379K(4928K) Eden: 4415K(4416K)->0K(4416K) From: 439K(512K)->379K(512K)
[2026-07-01T01:47:56.769+0000][0.905s][info][gc,heap     ] GC(12) Tenured: 4265K(10944K)->4489K(10944K)
[2026-07-01T01:47:56.769+0000][0.905s][info][gc,metaspace] GC(12) Metaspace: 12140K(12480K)->12140K(12480K) NonClass: 10616K(10816K)->10616K(10816K) Class: 1524K(1664K)->1524K(1664K)
[2026-07-01T01:47:56.769+0000][0.905s][info][gc          ] GC(12) Pause Young (Allocation Failure) 8M->4M(15M) 1.422ms
[2026-07-01T01:47:56.769+0000][0.905s][info][gc,cpu      ] GC(12) User=0.01s Sys=0.00s Real=0.01s
[2026-07-01T01:47:56.841+0000][0.977s][info][gc,start    ] GC(13) Pause Young (Allocation Failure)
[2026-07-01T01:47:56.843+0000][0.979s][info][gc,heap     ] GC(13) DefNew: 4795K(4928K)->511K(4928K) Eden: 4416K(4416K)->0K(4416K) From: 379K(512K)->511K(512K)
[2026-07-01T01:47:56.843+0000][0.979s][info][gc,heap     ] GC(13) Tenured: 4489K(10944K)->4839K(10944K)
[2026-07-01T01:47:56.843+0000][0.979s][info][gc,metaspace] GC(13) Metaspace: 12935K(13312K)->12935K(13312K) NonClass: 11318K(11520K)->11318K(11520K) Class: 1617K(1792K)->1617K(1792K)
[2026-07-01T01:47:56.843+0000][0.979s][info][gc          ] GC(13) Pause Young (Allocation Failure) 9M->5M(15M) 2.452ms
[2026-07-01T01:47:56.843+0000][0.979s][info][gc,cpu      ] GC(13) User=0.00s Sys=0.00s Real=0.00s
[2026-07-01T01:47:56.872+0000][1.008s][info][gc,start    ] GC(14) Pause Young (Allocation Failure)
[2026-07-01T01:47:56.874+0000][1.010s][info][gc,heap     ] GC(14) DefNew: 4927K(4928K)->493K(4928K) Eden: 4416K(4416K)->0K(4416K) From: 511K(512K)->493K(512K)
[2026-07-01T01:47:56.874+0000][1.010s][info][gc,heap     ] GC(14) Tenured: 4839K(10944K)->5341K(10944K)
[2026-07-01T01:47:56.874+0000][1.010s][info][gc,metaspace] GC(14) Metaspace: 13864K(14272K)->13864K(14272K) NonClass: 12128K(12352K)->12128K(12352K) Class: 1736K(1920K)->1736K(1920K)
[2026-07-01T01:47:56.874+0000][1.010s][info][gc          ] GC(14) Pause Young (Allocation Failure) 9M->5M(15M) 2.040ms
[2026-07-01T01:47:56.874+0000][1.010s][info][gc,cpu      ] GC(14) User=0.00s Sys=0.00s Real=0.00s
[2026-07-01T01:47:56.940+0000][1.076s][info][gc,start    ] GC(15) Pause Young (Allocation Failure)
[2026-07-01T01:47:56.942+0000][1.078s][info][gc,heap     ] GC(15) DefNew: 4909K(4928K)->217K(4928K) Eden: 4416K(4416K)->0K(4416K) From: 493K(512K)->217K(512K)
[2026-07-01T01:47:56.942+0000][1.078s][info][gc,heap     ] GC(15) Tenured: 5341K(10944K)->5706K(10944K)
[2026-07-01T01:47:56.942+0000][1.078s][info][gc,metaspace] GC(15) Metaspace: 14830K(15232K)->14830K(15232K) NonClass: 12978K(13184K)->12978K(13184K) Class: 1852K(2048K)->1852K(2048K)
[2026-07-01T01:47:56.942+0000][1.078s][info][gc          ] GC(15) Pause Young (Allocation Failure) 10M->5M(15M) 1.731ms
[2026-07-01T01:47:56.942+0000][1.078s][info][gc,cpu      ] GC(15) User=0.00s Sys=0.00s Real=0.00s
[2026-07-01T01:47:56.966+0000][1.103s][info][gc,start    ] GC(16) Pause Young (Allocation Failure)
[2026-07-01T01:47:56.968+0000][1.104s][info][gc,heap     ] GC(16) DefNew: 4633K(4928K)->368K(4928K) Eden: 4416K(4416K)->0K(4416K) From: 217K(512K)->368K(512K)
[2026-07-01T01:47:56.968+0000][1.104s][info][gc,heap     ] GC(16) Tenured: 5706K(10944K)->5706K(10944K)
[2026-07-01T01:47:56.968+0000][1.104s][info][gc,metaspace] GC(16) Metaspace: 15655K(16064K)->15655K(16064K) NonClass: 13673K(13888K)->13673K(13888K) Class: 1981K(2176K)->1981K(2176K)
[2026-07-01T01:47:56.968+0000][1.104s][info][gc          ] GC(16) Pause Young (Allocation Failure) 10M->5M(15M) 1.415ms
[2026-07-01T01:47:56.968+0000][1.104s][info][gc,cpu      ] GC(16) User=0.01s Sys=0.00s Real=0.00s
[2026-07-01T01:47:56.989+0000][1.125s][info][gc,start    ] GC(17) Pause Young (Allocation Failure)
[2026-07-01T01:47:56.991+0000][1.127s][info][gc,heap     ] GC(17) DefNew: 4784K(4928K)->274K(4928K) Eden: 4416K(4416K)->0K(4416K) From: 368K(512K)->274K(512K)
[2026-07-01T01:47:56.991+0000][1.127s][info][gc,heap     ] GC(17) Tenured: 5706K(10944K)->5899K(10944K)
[2026-07-01T01:47:56.991+0000][1.127s][info][gc,metaspace] GC(17) Metaspace: 16569K(17024K)->16569K(17024K) NonClass: 14473K(14720K)->14473K(14720K) Class: 2095K(2304K)->2095K(2304K)
[2026-07-01T01:47:56.991+0000][1.127s][info][gc          ] GC(17) Pause Young (Allocation Failure) 10M->6M(15M) 1.895ms
[2026-07-01T01:47:56.991+0000][1.127s][info][gc,cpu      ] GC(17) User=0.00s Sys=0.00s Real=0.00s
[2026-07-01T01:47:57.059+0000][1.195s][info][gc,start    ] GC(18) Pause Young (Allocation Failure)
[2026-07-01T01:47:57.062+0000][1.198s][info][gc,heap     ] GC(18) DefNew: 4690K(4928K)->511K(4928K) Eden: 4416K(4416K)->0K(4416K) From: 274K(512K)->511K(512K)
[2026-07-01T01:47:57.062+0000][1.198s][info][gc,heap     ] GC(18) Tenured: 5899K(10944K)->6228K(10944K)
[2026-07-01T01:47:57.062+0000][1.198s][info][gc,metaspace] GC(18) Metaspace: 17551K(17984K)->17551K(17984K) NonClass: 15335K(15552K)->15335K(15552K) Class: 2215K(2432K)->2215K(2432K)
[2026-07-01T01:47:57.062+0000][1.198s][info][gc          ] GC(18) Pause Young (Allocation Failure) 10M->6M(15M) 3.358ms
[2026-07-01T01:47:57.062+0000][1.198s][info][gc,cpu      ] GC(18) User=0.00s Sys=0.00s Real=0.00s
[2026-07-01T01:47:57.142+0000][1.278s][info][gc,start    ] GC(19) Pause Young (Allocation Failure)
[2026-07-01T01:47:57.145+0000][1.281s][info][gc,heap     ] GC(19) DefNew: 4927K(4928K)->511K(4928K) Eden: 4416K(4416K)->0K(4416K) From: 511K(512K)->511K(512K)
[2026-07-01T01:47:57.145+0000][1.281s][info][gc,heap     ] GC(19) Tenured: 6228K(10944K)->6811K(10944K)
[2026-07-01T01:47:57.145+0000][1.281s][info][gc,metaspace] GC(19) Metaspace: 18348K(18752K)->18348K(18752K) NonClass: 16042K(16256K)->16042K(16256K) Class: 2305K(2496K)->2305K(2496K)
[2026-07-01T01:47:57.145+0000][1.281s][info][gc          ] GC(19) Pause Young (Allocation Failure) 10M->7M(15M) 3.274ms
[2026-07-01T01:47:57.145+0000][1.281s][info][gc,cpu      ] GC(19) User=0.00s Sys=0.00s Real=0.00s
[2026-07-01T01:47:57.181+0000][1.317s][info][gc,start    ] GC(20) Pause Young (Allocation Failure)
[2026-07-01T01:47:57.183+0000][1.319s][info][gc,heap     ] GC(20) DefNew: 4913K(4928K)->400K(4928K) Eden: 4401K(4416K)->0K(4416K) From: 511K(512K)->400K(512K)
[2026-07-01T01:47:57.183+0000][1.319s][info][gc,heap     ] GC(20) Tenured: 6811K(10944K)->7317K(10944K)
[2026-07-01T01:47:57.183+0000][1.319s][info][gc,metaspace] GC(20) Metaspace: 18767K(19200K)->18767K(19200K) NonClass: 16420K(16704K)->16420K(16704K) Class: 2346K(2496K)->2346K(2496K)
[2026-07-01T01:47:57.183+0000][1.319s][info][gc          ] GC(20) Pause Young (Allocation Failure) 11M->7M(15M) 2.345ms
[2026-07-01T01:47:57.183+0000][1.319s][info][gc,cpu      ] GC(20) User=0.00s Sys=0.00s Real=0.00s
[2026-07-01T01:47:57.213+0000][1.350s][info][gc,start    ] GC(21) Pause Young (Allocation Failure)
[2026-07-01T01:47:57.215+0000][1.351s][info][gc,heap     ] GC(21) DefNew: 4816K(4928K)->215K(4928K) Eden: 4416K(4416K)->0K(4416K) From: 400K(512K)->215K(512K)
[2026-07-01T01:47:57.215+0000][1.351s][info][gc,heap     ] GC(21) Tenured: 7317K(10944K)->7552K(10944K)
[2026-07-01T01:47:57.215+0000][1.351s][info][gc,metaspace] GC(21) Metaspace: 19194K(19584K)->19194K(19584K) NonClass: 16795K(17024K)->16795K(17024K) Class: 2399K(2560K)->2399K(2560K)
[2026-07-01T01:47:57.215+0000][1.351s][info][gc          ] GC(21) Pause Young (Allocation Failure) 11M->7M(15M) 1.268ms
[2026-07-01T01:47:57.215+0000][1.351s][info][gc,cpu      ] GC(21) User=0.00s Sys=0.00s Real=0.00s
[2026-07-01T01:47:57.295+0000][1.431s][info][gc,start    ] GC(22) Pause Young (Allocation Failure)
[2026-07-01T01:47:57.296+0000][1.433s][info][gc,heap     ] GC(22) DefNew: 4631K(4928K)->469K(4928K) Eden: 4416K(4416K)->0K(4416K) From: 215K(512K)->469K(512K)
[2026-07-01T01:47:57.296+0000][1.433s][info][gc,heap     ] GC(22) Tenured: 7552K(10944K)->7552K(10944K)
[2026-07-01T01:47:57.296+0000][1.433s][info][gc,metaspace] GC(22) Metaspace: 19513K(20032K)->19513K(20032K) NonClass: 17068K(17344K)->17068K(17344K) Class: 2444K(2688K)->2444K(2688K)
[2026-07-01T01:47:57.296+0000][1.433s][info][gc          ] GC(22) Pause Young (Allocation Failure) 11M->7M(15M) 1.581ms
[2026-07-01T01:47:57.296+0000][1.433s][info][gc,cpu      ] GC(22) User=0.01s Sys=0.00s Real=0.00s
[2026-07-01T01:47:57.362+0000][1.498s][info][gc,start    ] GC(23) Pause Young (Allocation Failure)
[2026-07-01T01:47:57.364+0000][1.500s][info][gc,heap     ] GC(23) DefNew: 4885K(4928K)->287K(4928K) Eden: 4416K(4416K)->0K(4416K) From: 469K(512K)->287K(512K)
[2026-07-01T01:47:57.364+0000][1.500s][info][gc,heap     ] GC(23) Tenured: 7552K(10944K)->8003K(10944K)
[2026-07-01T01:47:57.364+0000][1.500s][info][gc,metaspace] GC(23) Metaspace: 19880K(20288K)->19880K(20288K) NonClass: 17391K(17600K)->17391K(17600K) Class: 2489K(2688K)->2489K(2688K)
[2026-07-01T01:47:57.364+0000][1.500s][info][gc          ] GC(23) Pause Young (Allocation Failure) 12M->8M(15M) 1.881ms
[2026-07-01T01:47:57.364+0000][1.500s][info][gc,cpu      ] GC(23) User=0.00s Sys=0.00s Real=0.00s
[2026-07-01T01:47:57.397+0000][1.533s][info][gc,start    ] GC(24) Pause Young (Allocation Failure)
[2026-07-01T01:47:57.398+0000][1.534s][info][gc,heap     ] GC(24) DefNew: 4703K(4928K)->257K(4928K) Eden: 4416K(4416K)->0K(4416K) From: 287K(512K)->257K(512K)
[2026-07-01T01:47:57.398+0000][1.534s][info][gc,heap     ] GC(24) Tenured: 8003K(10944K)->8264K(10944K)
[2026-07-01T01:47:57.398+0000][1.534s][info][gc,metaspace] GC(24) Metaspace: 20064K(20544K)->20064K(20544K) NonClass: 17556K(17792K)->17556K(17792K) Class: 2508K(2752K)->2508K(2752K)
[2026-07-01T01:47:57.398+0000][1.534s][info][gc          ] GC(24) Pause Young (Allocation Failure) 12M->8M(15M) 1.594ms
[2026-07-01T01:47:57.398+0000][1.535s][info][gc,cpu      ] GC(24) User=0.00s Sys=0.00s Real=0.01s
[2026-07-01T01:47:57.445+0000][1.582s][info][gc,start    ] GC(25) Pause Young (Allocation Failure)
[2026-07-01T01:47:57.447+0000][1.583s][info][gc,heap     ] GC(25) DefNew: 4673K(4928K)->297K(4928K) Eden: 4416K(4416K)->0K(4416K) From: 257K(512K)->297K(512K)
[2026-07-01T01:47:57.447+0000][1.583s][info][gc,heap     ] GC(25) Tenured: 8264K(10944K)->8503K(10944K)
[2026-07-01T01:47:57.447+0000][1.583s][info][gc,metaspace] GC(25) Metaspace: 20220K(20672K)->20220K(20672K) NonClass: 17699K(17920K)->17699K(17920K) Class: 2520K(2752K)->2520K(2752K)
[2026-07-01T01:47:57.447+0000][1.583s][info][gc          ] GC(25) Pause Young (Allocation Failure) 12M->8M(15M) 1.497ms
[2026-07-01T01:47:57.447+0000][1.583s][info][gc,cpu      ] GC(25) User=0.01s Sys=0.00s Real=0.00s
[2026-07-01T01:47:57.477+0000][1.613s][info][gc,start    ] GC(26) Pause Young (Allocation Failure)
[2026-07-01T01:47:57.479+0000][1.615s][info][gc,heap     ] GC(26) DefNew: 4713K(4928K)->298K(4928K) Eden: 4416K(4416K)->0K(4416K) From: 297K(512K)->298K(512K)
[2026-07-01T01:47:57.479+0000][1.615s][info][gc,heap     ] GC(26) Tenured: 8503K(10944K)->8784K(10944K)
[2026-07-01T01:47:57.479+0000][1.615s][info][gc,metaspace] GC(26) Metaspace: 20357K(20800K)->20357K(20800K) NonClass: 17823K(18048K)->17823K(18048K) Class: 2534K(2752K)->2534K(2752K)
[2026-07-01T01:47:57.479+0000][1.615s][info][gc          ] GC(26) Pause Young (Allocation Failure) 12M->8M(15M) 1.674ms
[2026-07-01T01:47:57.479+0000][1.615s][info][gc,cpu      ] GC(26) User=0.00s Sys=0.00s Real=0.01s
[2026-07-01T01:47:57.543+0000][1.679s][info][gc,start    ] GC(27) Pause Young (Allocation Failure)
[2026-07-01T01:47:57.545+0000][1.681s][info][gc,heap     ] GC(27) DefNew: 4714K(4928K)->225K(4928K) Eden: 4416K(4416K)->0K(4416K) From: 298K(512K)->225K(512K)
[2026-07-01T01:47:57.545+0000][1.681s][info][gc,heap     ] GC(27) Tenured: 8784K(10944K)->9038K(10944K)
[2026-07-01T01:47:57.545+0000][1.681s][info][gc,metaspace] GC(27) Metaspace: 20817K(21312K)->20817K(21312K) NonClass: 18222K(18496K)->18222K(18496K) Class: 2594K(2816K)->2594K(2816K)
[2026-07-01T01:47:57.545+0000][1.681s][info][gc          ] GC(27) Pause Young (Allocation Failure) 13M->9M(15M) 2.166ms
[2026-07-01T01:47:57.545+0000][1.681s][info][gc,cpu      ] GC(27) User=0.01s Sys=0.00s Real=0.00s
[2026-07-01T01:47:57.560+0000][1.696s][info][gc,start    ] GC(28) Pause Full (Metadata GC Threshold)
[2026-07-01T01:47:57.560+0000][1.696s][info][gc,phases,start] GC(28) Phase 1: Mark live objects
[2026-07-01T01:47:57.571+0000][1.708s][info][gc,phases      ] GC(28) Phase 1: Mark live objects 11.510ms
[2026-07-01T01:47:57.571+0000][1.708s][info][gc,phases,start] GC(28) Phase 2: Compute new object addresses
[2026-07-01T01:47:57.574+0000][1.710s][info][gc,phases      ] GC(28) Phase 2: Compute new object addresses 2.662ms
[2026-07-01T01:47:57.574+0000][1.710s][info][gc,phases,start] GC(28) Phase 3: Adjust pointers
[2026-07-01T01:47:57.580+0000][1.716s][info][gc,phases      ] GC(28) Phase 3: Adjust pointers 5.600ms
[2026-07-01T01:47:57.580+0000][1.716s][info][gc,phases,start] GC(28) Phase 4: Move objects
[2026-07-01T01:47:57.580+0000][1.716s][info][gc,phases      ] GC(28) Phase 4: Move objects 0.417ms
[2026-07-01T01:47:57.580+0000][1.717s][info][gc,heap        ] GC(28) DefNew: 2188K(4928K)->0K(6976K) Eden: 1963K(4416K)->0K(6208K) From: 225K(512K)->0K(768K)
[2026-07-01T01:47:57.580+0000][1.717s][info][gc,heap        ] GC(28) Tenured: 9038K(10944K)->9267K(15448K)
[2026-07-01T01:47:57.580+0000][1.717s][info][gc,metaspace   ] GC(28) Metaspace: 21057K(21504K)->21057K(21504K) NonClass: 18435K(18688K)->18435K(18688K) Class: 2622K(2816K)->2622K(2816K)
[2026-07-01T01:47:57.581+0000][1.717s][info][gc             ] GC(28) Pause Full (Metadata GC Threshold) 10M->9M(21M) 20.600ms
[2026-07-01T01:47:57.581+0000][1.717s][info][gc,cpu         ] GC(28) User=0.02s Sys=0.00s Real=0.02s
[2026-07-01T01:47:57.633+0000][1.769s][info][gc,start       ] GC(29) Pause Young (Allocation Failure)
[2026-07-01T01:47:57.640+0000][1.776s][info][gc,heap        ] GC(29) DefNew: 6208K(6976K)->362K(6976K) Eden: 6208K(6208K)->0K(6208K) From: 0K(768K)->362K(768K)
[2026-07-01T01:47:57.640+0000][1.776s][info][gc,heap        ] GC(29) Tenured: 9267K(15448K)->9267K(15448K)
[2026-07-01T01:47:57.640+0000][1.776s][info][gc,metaspace   ] GC(29) Metaspace: 21583K(22080K)->21583K(22080K) NonClass: 18879K(19136K)->18879K(19136K) Class: 2703K(2944K)->2703K(2944K)
[2026-07-01T01:47:57.640+0000][1.776s][info][gc             ] GC(29) Pause Young (Allocation Failure) 15M->9M(21M) 7.324ms
[2026-07-01T01:47:57.640+0000][1.776s][info][gc,cpu         ] GC(29) User=0.00s Sys=0.00s Real=0.01s
[2026-07-01T01:47:57.689+0000][1.825s][info][gc,start       ] GC(30) Pause Young (Allocation Failure)
[2026-07-01T01:47:57.691+0000][1.827s][info][gc,heap        ] GC(30) DefNew: 6570K(6976K)->707K(6976K) Eden: 6208K(6208K)->0K(6208K) From: 362K(768K)->707K(768K)
[2026-07-01T01:47:57.691+0000][1.827s][info][gc,heap        ] GC(30) Tenured: 9267K(15448K)->9267K(15448K)
[2026-07-01T01:47:57.691+0000][1.827s][info][gc,metaspace   ] GC(30) Metaspace: 22041K(22528K)->22041K(22528K) NonClass: 19271K(19520K)->19271K(19520K) Class: 2770K(3008K)->2770K(3008K)
[2026-07-01T01:47:57.691+0000][1.827s][info][gc             ] GC(30) Pause Young (Allocation Failure) 15M->9M(21M) 2.035ms
[2026-07-01T01:47:57.691+0000][1.827s][info][gc,cpu         ] GC(30) User=0.00s Sys=0.00s Real=0.00s
[2026-07-01T01:47:57.772+0000][1.908s][info][gc,start       ] GC(31) Pause Young (Allocation Failure)
[2026-07-01T01:47:57.775+0000][1.911s][info][gc,heap        ] GC(31) DefNew: 6915K(6976K)->767K(6976K) Eden: 6208K(6208K)->0K(6208K) From: 707K(768K)->767K(768K)
[2026-07-01T01:47:57.775+0000][1.911s][info][gc,heap        ] GC(31) Tenured: 9267K(15448K)->9665K(15448K)
[2026-07-01T01:47:57.775+0000][1.911s][info][gc,metaspace   ] GC(31) Metaspace: 22653K(23168K)->22653K(23168K) NonClass: 19810K(20096K)->19810K(20096K) Class: 2843K(3072K)->2843K(3072K)
[2026-07-01T01:47:57.775+0000][1.911s][info][gc             ] GC(31) Pause Young (Allocation Failure) 15M->10M(21M) 2.732ms
[2026-07-01T01:47:57.775+0000][1.911s][info][gc,cpu         ] GC(31) User=0.00s Sys=0.00s Real=0.00s
[2026-07-01T01:47:57.857+0000][1.993s][info][gc,start       ] GC(32) Pause Young (Allocation Failure)
[2026-07-01T01:47:57.860+0000][1.996s][info][gc,heap        ] GC(32) DefNew: 6975K(6976K)->645K(6976K) Eden: 6208K(6208K)->0K(6208K) From: 767K(768K)->645K(768K)
[2026-07-01T01:47:57.860+0000][1.996s][info][gc,heap        ] GC(32) Tenured: 9665K(15448K)->10368K(15448K)
[2026-07-01T01:47:57.860+0000][1.996s][info][gc,metaspace   ] GC(32) Metaspace: 23548K(24064K)->23548K(24064K) NonClass: 20576K(20864K)->20576K(20864K) Class: 2971K(3200K)->2971K(3200K)
[2026-07-01T01:47:57.860+0000][1.996s][info][gc             ] GC(32) Pause Young (Allocation Failure) 16M->10M(21M) 3.048ms
[2026-07-01T01:47:57.860+0000][1.996s][info][gc,cpu         ] GC(32) User=0.01s Sys=0.00s Real=0.01s
[2026-07-01T01:47:57.919+0000][2.055s][info][gc,start       ] GC(33) Pause Young (Allocation Failure)
[2026-07-01T01:47:57.923+0000][2.059s][info][gc,heap        ] GC(33) DefNew: 6853K(6976K)->619K(6976K) Eden: 6208K(6208K)->0K(6208K) From: 645K(768K)->619K(768K)
[2026-07-01T01:47:57.923+0000][2.059s][info][gc,heap        ] GC(33) Tenured: 10368K(15448K)->10965K(15448K)
[2026-07-01T01:47:57.923+0000][2.059s][info][gc,metaspace   ] GC(33) Metaspace: 24535K(25024K)->24535K(25024K) NonClass: 21375K(21632K)->21375K(21632K) Class: 3160K(3392K)->3160K(3392K)
[2026-07-01T01:47:57.923+0000][2.059s][info][gc             ] GC(33) Pause Young (Allocation Failure) 16M->11M(21M) 3.643ms
[2026-07-01T01:47:57.923+0000][2.059s][info][gc,cpu         ] GC(33) User=0.01s Sys=0.00s Real=0.00s
[2026-07-01T01:47:58.008+0000][2.144s][info][gc,start       ] GC(34) Pause Young (Allocation Failure)
[2026-07-01T01:47:58.011+0000][2.147s][info][gc,heap        ] GC(34) DefNew: 6827K(6976K)->641K(6976K) Eden: 6208K(6208K)->0K(6208K) From: 619K(768K)->641K(768K)
[2026-07-01T01:47:58.011+0000][2.147s][info][gc,heap        ] GC(34) Tenured: 10965K(15448K)->11563K(15448K)
[2026-07-01T01:47:58.011+0000][2.147s][info][gc,metaspace   ] GC(34) Metaspace: 26003K(26560K)->26003K(26560K) NonClass: 22691K(22976K)->22691K(22976K) Class: 3312K(3584K)->3312K(3584K)
[2026-07-01T01:47:58.011+0000][2.147s][info][gc             ] GC(34) Pause Young (Allocation Failure) 17M->11M(21M) 2.610ms
[2026-07-01T01:47:58.011+0000][2.147s][info][gc,cpu         ] GC(34) User=0.00s Sys=0.00s Real=0.00s
[2026-07-01T01:47:58.075+0000][2.211s][info][gc,start       ] GC(35) Pause Young (Allocation Failure)
[2026-07-01T01:47:58.078+0000][2.214s][info][gc,heap        ] GC(35) DefNew: 6849K(6976K)->421K(6976K) Eden: 6208K(6208K)->0K(6208K) From: 641K(768K)->421K(768K)
[2026-07-01T01:47:58.078+0000][2.214s][info][gc,heap        ] GC(35) Tenured: 11563K(15448K)->12187K(15448K)
[2026-07-01T01:47:58.078+0000][2.214s][info][gc,metaspace   ] GC(35) Metaspace: 27071K(27648K)->27071K(27648K) NonClass: 23628K(23936K)->23628K(23936K) Class: 3442K(3712K)->3442K(3712K)
[2026-07-01T01:47:58.078+0000][2.214s][info][gc             ] GC(35) Pause Young (Allocation Failure) 17M->12M(21M) 3.012ms
[2026-07-01T01:47:58.078+0000][2.214s][info][gc,cpu         ] GC(35) User=0.01s Sys=0.00s Real=0.01s
[2026-07-01T01:47:58.111+0000][2.248s][info][gc,start       ] GC(36) Pause Young (Allocation Failure)
[2026-07-01T01:47:58.114+0000][2.250s][info][gc,heap        ] GC(36) DefNew: 6629K(6976K)->171K(6976K) Eden: 6208K(6208K)->0K(6208K) From: 421K(768K)->171K(768K)
[2026-07-01T01:47:58.114+0000][2.250s][info][gc,heap        ] GC(36) Tenured: 12187K(15448K)->12572K(15448K)
[2026-07-01T01:47:58.114+0000][2.250s][info][gc,metaspace   ] GC(36) Metaspace: 27750K(28352K)->27750K(28352K) NonClass: 24219K(24576K)->24219K(24576K) Class: 3530K(3776K)->3530K(3776K)
[2026-07-01T01:47:58.114+0000][2.250s][info][gc             ] GC(36) Pause Young (Allocation Failure) 18M->12M(21M) 2.281ms
[2026-07-01T01:47:58.114+0000][2.250s][info][gc,cpu         ] GC(36) User=0.00s Sys=0.00s Real=0.00s
[2026-07-01T01:47:58.189+0000][2.325s][info][gc,start       ] GC(37) Pause Young (Allocation Failure)
[2026-07-01T01:47:58.192+0000][2.329s][info][gc,heap        ] GC(37) DefNew: 6379K(6976K)->749K(6976K) Eden: 6208K(6208K)->0K(6208K) From: 171K(768K)->749K(768K)
[2026-07-01T01:47:58.192+0000][2.329s][info][gc,heap        ] GC(37) Tenured: 12572K(15448K)->12572K(15448K)
[2026-07-01T01:47:58.192+0000][2.329s][info][gc,metaspace   ] GC(37) Metaspace: 28344K(28928K)->28344K(28928K) NonClass: 24714K(25024K)->24714K(25024K) Class: 3630K(3904K)->3630K(3904K)
[2026-07-01T01:47:58.192+0000][2.329s][info][gc             ] GC(37) Pause Young (Allocation Failure) 18M->13M(21M) 3.509ms
[2026-07-01T01:47:58.192+0000][2.329s][info][gc,cpu         ] GC(37) User=0.01s Sys=0.00s Real=0.00s
[2026-07-01T01:47:58.289+0000][2.425s][info][gc,start       ] GC(38) Pause Young (Allocation Failure)
[2026-07-01T01:47:58.293+0000][2.429s][info][gc,heap        ] GC(38) DefNew: 6957K(6976K)->709K(6976K) Eden: 6208K(6208K)->0K(6208K) From: 749K(768K)->709K(768K)
[2026-07-01T01:47:58.293+0000][2.429s][info][gc,heap        ] GC(38) Tenured: 12572K(15448K)->13299K(15448K)
[2026-07-01T01:47:58.293+0000][2.429s][info][gc,metaspace   ] GC(38) Metaspace: 29175K(29760K)->29175K(29760K) NonClass: 25427K(25728K)->25427K(25728K) Class: 3747K(4032K)->3747K(4032K)
[2026-07-01T01:47:58.293+0000][2.429s][info][gc             ] GC(38) Pause Young (Allocation Failure) 19M->13M(21M) 4.356ms
[2026-07-01T01:47:58.293+0000][2.429s][info][gc,cpu         ] GC(38) User=0.01s Sys=0.00s Real=0.00s
[2026-07-01T01:47:58.369+0000][2.505s][info][gc,start       ] GC(39) Pause Young (Allocation Failure)
[2026-07-01T01:47:58.373+0000][2.510s][info][gc,heap        ] GC(39) DefNew: 6917K(6976K)->584K(6976K) Eden: 6208K(6208K)->0K(6208K) From: 709K(768K)->584K(768K)
[2026-07-01T01:47:58.373+0000][2.510s][info][gc,heap        ] GC(39) Tenured: 13299K(15448K)->13990K(15448K)
[2026-07-01T01:47:58.373+0000][2.510s][info][gc,metaspace   ] GC(39) Metaspace: 30283K(30912K)->30283K(30912K) NonClass: 26382K(26752K)->26382K(26752K) Class: 3901K(4160K)->3901K(4160K)
[2026-07-01T01:47:58.373+0000][2.510s][info][gc             ] GC(39) Pause Young (Allocation Failure) 19M->14M(21M) 4.600ms
[2026-07-01T01:47:58.373+0000][2.510s][info][gc,cpu         ] GC(39) User=0.01s Sys=0.00s Real=0.00s
[2026-07-01T01:47:58.444+0000][2.580s][info][gc,start       ] GC(40) Pause Young (Allocation Failure)
[2026-07-01T01:47:58.447+0000][2.583s][info][gc,heap        ] GC(40) DefNew: 6792K(6976K)->321K(6976K) Eden: 6208K(6208K)->0K(6208K) From: 584K(768K)->321K(768K)
[2026-07-01T01:47:58.447+0000][2.583s][info][gc,heap        ] GC(40) Tenured: 13990K(15448K)->14555K(15448K)
[2026-07-01T01:47:58.447+0000][2.583s][info][gc,metaspace   ] GC(40) Metaspace: 31112K(31744K)->31112K(31744K) NonClass: 27097K(27456K)->27097K(27456K) Class: 4015K(4288K)->4015K(4288K)
[2026-07-01T01:47:58.447+0000][2.583s][info][gc             ] GC(40) Pause Young (Allocation Failure) 20M->14M(21M) 3.139ms
[2026-07-01T01:47:58.447+0000][2.583s][info][gc,cpu         ] GC(40) User=0.00s Sys=0.00s Real=0.00s
[2026-07-01T01:47:58.514+0000][2.651s][info][gc,start       ] GC(41) Pause Young (Allocation Failure)
[2026-07-01T01:47:58.517+0000][2.653s][info][gc,heap        ] GC(41) DefNew: 6529K(6976K)->701K(6976K) Eden: 6208K(6208K)->0K(6208K) From: 321K(768K)->701K(768K)
[2026-07-01T01:47:58.517+0000][2.653s][info][gc,heap        ] GC(41) Tenured: 14555K(15448K)->14555K(15448K)
[2026-07-01T01:47:58.517+0000][2.653s][info][gc,metaspace   ] GC(41) Metaspace: 31755K(32384K)->31755K(32384K) NonClass: 27626K(27968K)->27626K(27968K) Class: 4128K(4416K)->4128K(4416K)
[2026-07-01T01:47:58.517+0000][2.653s][info][gc             ] GC(41) Pause Young (Allocation Failure) 20M->14M(21M) 2.764ms
[2026-07-01T01:47:58.517+0000][2.653s][info][gc,cpu         ] GC(41) User=0.01s Sys=0.00s Real=0.00s
[2026-07-01T01:47:58.619+0000][2.755s][info][gc,start       ] GC(42) Pause Young (Allocation Failure)
[2026-07-01T01:47:58.643+0000][2.779s][info][gc,heap        ] GC(42) DefNew: 6909K(6976K)->603K(6976K) Eden: 6208K(6208K)->0K(6208K) From: 701K(768K)->603K(768K)
[2026-07-01T01:47:58.643+0000][2.779s][info][gc,heap        ] GC(42) Tenured: 14555K(15448K)->15235K(15448K)
[2026-07-01T01:47:58.643+0000][2.779s][info][gc,metaspace   ] GC(42) Metaspace: 32904K(33600K)->32904K(33600K) NonClass: 28610K(28992K)->28610K(28992K) Class: 4294K(4608K)->4294K(4608K)
[2026-07-01T01:47:58.643+0000][2.779s][info][gc             ] GC(42) Pause Young (Allocation Failure) 20M->15M(21M) 23.973ms
[2026-07-01T01:47:58.643+0000][2.779s][info][gc,cpu         ] GC(42) User=0.02s Sys=0.00s Real=0.02s
[2026-07-01T01:47:58.744+0000][2.881s][info][gc,start       ] GC(43) Pause Young (Allocation Failure)
[2026-07-01T01:47:58.749+0000][2.885s][info][gc             ] GC(43) Pause Young (Allocation Failure) 21M->16M(22M) 4.481ms
[2026-07-01T01:47:58.749+0000][2.885s][info][gc,cpu         ] GC(43) User=0.01s Sys=0.00s Real=0.01s
[2026-07-01T01:47:58.749+0000][2.885s][info][gc,start       ] GC(44) Pause Full (Allocation Failure)
[2026-07-01T01:47:58.749+0000][2.885s][info][gc,phases,start] GC(44) Phase 1: Mark live objects
[2026-07-01T01:47:58.768+0000][2.904s][info][gc,phases      ] GC(44) Phase 1: Mark live objects 19.072ms
[2026-07-01T01:47:58.768+0000][2.904s][info][gc,phases,start] GC(44) Phase 2: Compute new object addresses
[2026-07-01T01:47:58.772+0000][2.908s][info][gc,phases      ] GC(44) Phase 2: Compute new object addresses 4.075ms
[2026-07-01T01:47:58.772+0000][2.908s][info][gc,phases,start] GC(44) Phase 3: Adjust pointers
[2026-07-01T01:47:58.782+0000][2.918s][info][gc,phases      ] GC(44) Phase 3: Adjust pointers 9.558ms
[2026-07-01T01:47:58.782+0000][2.918s][info][gc,phases,start] GC(44) Phase 4: Move objects
[2026-07-01T01:47:58.784+0000][2.920s][info][gc,phases      ] GC(44) Phase 4: Move objects 1.974ms
[2026-07-01T01:47:58.784+0000][2.920s][info][gc,heap        ] GC(44) DefNew: 6811K(6976K)->0K(11520K) Eden: 6208K(6208K)->0K(10240K) From: 603K(768K)->0K(1280K)
[2026-07-01T01:47:58.784+0000][2.920s][info][gc,heap        ] GC(44) Tenured: 15235K(15448K)->15316K(25528K)
[2026-07-01T01:47:58.784+0000][2.920s][info][gc,metaspace   ] GC(44) Metaspace: 34895K(35584K)->34895K(35584K) NonClass: 30337K(30720K)->30337K(30720K) Class: 4558K(4864K)->4558K(4864K)
[2026-07-01T01:47:58.784+0000][2.920s][info][gc             ] GC(44) Pause Full (Allocation Failure) 16M->14M(36M) 35.136ms
[2026-07-01T01:47:58.784+0000][2.920s][info][gc,cpu         ] GC(44) User=0.03s Sys=0.00s Real=0.03s
[2026-07-01T01:47:58.833+0000][2.969s][info][gc,start       ] GC(45) Pause Young (Allocation Failure)
[2026-07-01T01:47:58.840+0000][2.976s][info][gc,heap        ] GC(45) DefNew: 10240K(11520K)->1280K(11520K) Eden: 10240K(10240K)->0K(10240K) From: 0K(1280K)->1280K(1280K)
[2026-07-01T01:47:58.840+0000][2.976s][info][gc,heap        ] GC(45) Tenured: 15316K(25528K)->19496K(25528K)
[2026-07-01T01:47:58.840+0000][2.976s][info][gc,metaspace   ] GC(45) Metaspace: 35370K(36032K)->35370K(36032K) NonClass: 30747K(31104K)->30747K(31104K) Class: 4622K(4928K)->4622K(4928K)
[2026-07-01T01:47:58.840+0000][2.976s][info][gc             ] GC(45) Pause Young (Allocation Failure) 24M->20M(36M) 6.744ms
[2026-07-01T01:47:58.840+0000][2.976s][info][gc,cpu         ] GC(45) User=0.01s Sys=0.00s Real=0.01s
[2026-07-01T01:47:58.856+0000][2.992s][info][gc,start       ] GC(46) Pause Young (Allocation Failure)
[2026-07-01T01:47:58.866+0000][3.002s][info][gc             ] GC(46) Pause Young (Allocation Failure) 30M->28M(38M) 9.937ms
[2026-07-01T01:47:58.866+0000][3.002s][info][gc,cpu         ] GC(46) User=0.02s Sys=0.01s Real=0.01s
[2026-07-01T01:47:58.866+0000][3.002s][info][gc,start       ] GC(47) Pause Full (Allocation Failure)
[2026-07-01T01:47:58.866+0000][3.002s][info][gc,phases,start] GC(47) Phase 1: Mark live objects
[2026-07-01T01:47:58.892+0000][3.028s][info][gc,phases      ] GC(47) Phase 1: Mark live objects 25.526ms
[2026-07-01T01:47:58.892+0000][3.028s][info][gc,phases,start] GC(47) Phase 2: Compute new object addresses
[2026-07-01T01:47:58.899+0000][3.035s][info][gc,phases      ] GC(47) Phase 2: Compute new object addresses 7.052ms
[2026-07-01T01:47:58.899+0000][3.035s][info][gc,phases,start] GC(47) Phase 3: Adjust pointers
[2026-07-01T01:47:58.911+0000][3.047s][info][gc,phases      ] GC(47) Phase 3: Adjust pointers 11.921ms
[2026-07-01T01:47:58.911+0000][3.047s][info][gc,phases,start] GC(47) Phase 4: Move objects
[2026-07-01T01:47:58.911+0000][3.047s][info][gc,phases      ] GC(47) Phase 4: Move objects 0.259ms
[2026-07-01T01:47:58.911+0000][3.047s][info][gc,heap        ] GC(47) DefNew: 11520K(11520K)->1279K(20800K) Eden: 10240K(10240K)->1279K(18496K) From: 1280K(1280K)->0K(2304K)
[2026-07-01T01:47:58.911+0000][3.047s][info][gc,heap        ] GC(47) Tenured: 19496K(25528K)->27663K(46108K)
[2026-07-01T01:47:58.911+0000][3.047s][info][gc,metaspace   ] GC(47) Metaspace: 35374K(36032K)->35374K(36032K) NonClass: 30751K(31104K)->30751K(31104K) Class: 4622K(4928K)->4622K(4928K)
[2026-07-01T01:47:58.911+0000][3.047s][info][gc             ] GC(47) Pause Full (Allocation Failure) 28M->28M(65M) 45.152ms
[2026-07-01T01:47:58.911+0000][3.047s][info][gc,cpu         ] GC(47) User=0.06s Sys=0.00s Real=0.05s
[2026-07-01T01:47:58.943+0000][3.080s][info][gc,start       ] GC(48) Pause Young (Allocation Failure)
[2026-07-01T01:47:58.970+0000][3.107s][info][gc,heap        ] GC(48) DefNew: 18496K(20800K)->2304K(20800K) Eden: 18496K(18496K)->0K(18496K) From: 0K(2304K)->2304K(2304K)
[2026-07-01T01:47:58.970+0000][3.107s][info][gc,heap        ] GC(48) Tenured: 27663K(46108K)->39063K(46108K)
[2026-07-01T01:47:58.970+0000][3.107s][info][gc,metaspace   ] GC(48) Metaspace: 35958K(36672K)->35958K(36672K) NonClass: 31266K(31680K)->31266K(31680K) Class: 4692K(4992K)->4692K(4992K)
[2026-07-01T01:47:58.970+0000][3.107s][info][gc             ] GC(48) Pause Young (Allocation Failure) 45M->40M(65M) 26.939ms
[2026-07-01T01:47:58.970+0000][3.107s][info][gc,cpu         ] GC(48) User=0.03s Sys=0.00s Real=0.03s
[2026-07-01T01:47:58.985+0000][3.122s][info][gc,start       ] GC(49) Pause Young (Allocation Failure)
[2026-07-01T01:47:59.004+0000][3.140s][info][gc             ] GC(49) Pause Young (Allocation Failure) 58M->54M(72M) 18.718ms
[2026-07-01T01:47:59.004+0000][3.140s][info][gc,cpu         ] GC(49) User=0.01s Sys=0.01s Real=0.02s
[2026-07-01T01:47:59.004+0000][3.140s][info][gc,start       ] GC(50) Pause Full (Allocation Failure)
[2026-07-01T01:47:59.004+0000][3.140s][info][gc,phases,start] GC(50) Phase 1: Mark live objects
[2026-07-01T01:47:59.040+0000][3.176s][info][gc,phases      ] GC(50) Phase 1: Mark live objects 35.503ms
[2026-07-01T01:47:59.040+0000][3.176s][info][gc,phases,start] GC(50) Phase 2: Compute new object addresses
[2026-07-01T01:47:59.052+0000][3.188s][info][gc,phases      ] GC(50) Phase 2: Compute new object addresses 12.514ms
[2026-07-01T01:47:59.052+0000][3.188s][info][gc,phases,start] GC(50) Phase 3: Adjust pointers
[2026-07-01T01:47:59.072+0000][3.208s][info][gc,phases      ] GC(50) Phase 3: Adjust pointers 19.339ms
[2026-07-01T01:47:59.072+0000][3.208s][info][gc,phases,start] GC(50) Phase 4: Move objects
[2026-07-01T01:47:59.084+0000][3.220s][info][gc,phases      ] GC(50) Phase 4: Move objects 11.896ms
[2026-07-01T01:47:59.084+0000][3.220s][info][gc,heap        ] GC(50) DefNew: 20800K(20800K)->1291K(40128K) Eden: 18496K(18496K)->1291K(35712K) From: 2304K(2304K)->0K(4416K)
[2026-07-01T01:47:59.084+0000][3.220s][info][gc,heap        ] GC(50) Tenured: 39063K(46108K)->53403K(89008K)
[2026-07-01T01:47:59.084+0000][3.220s][info][gc,metaspace   ] GC(50) Metaspace: 36265K(37056K)->36265K(37056K) NonClass: 31541K(32000K)->31541K(32000K) Class: 4724K(5056K)->4724K(5056K)
[2026-07-01T01:47:59.084+0000][3.220s][info][gc             ] GC(50) Pause Full (Allocation Failure) 54M->53M(126M) 79.717ms
[2026-07-01T01:47:59.084+0000][3.220s][info][gc,cpu         ] GC(50) User=0.08s Sys=0.00s Real=0.08s
[2026-07-01T01:47:59.108+0000][3.244s][info][gc,start       ] GC(51) Pause Young (Allocation Failure)
[2026-07-01T01:47:59.161+0000][3.298s][info][gc,heap        ] GC(51) DefNew: 35712K(40128K)->4416K(40128K) Eden: 35712K(35712K)->0K(35712K) From: 0K(4416K)->4416K(4416K)
[2026-07-01T01:47:59.161+0000][3.298s][info][gc,heap        ] GC(51) Tenured: 53403K(89008K)->77518K(89008K)
[2026-07-01T01:47:59.161+0000][3.298s][info][gc,metaspace   ] GC(51) Metaspace: 36485K(37184K)->36485K(37184K) NonClass: 31729K(32128K)->31729K(32128K) Class: 4755K(5056K)->4755K(5056K)
[2026-07-01T01:47:59.162+0000][3.298s][info][gc             ] GC(51) Pause Young (Allocation Failure) 87M->80M(126M) 53.691ms
[2026-07-01T01:47:59.162+0000][3.298s][info][gc,cpu         ] GC(51) User=0.06s Sys=0.01s Real=0.06s
[2026-07-01T01:47:59.189+0000][3.325s][info][gc,start       ] GC(52) Pause Young (Allocation Failure)
[2026-07-01T01:47:59.231+0000][3.367s][info][gc             ] GC(52) Pause Young (Allocation Failure) 114M->107M(142M) 42.744ms
[2026-07-01T01:47:59.231+0000][3.367s][info][gc,cpu         ] GC(52) User=0.04s Sys=0.00s Real=0.04s
[2026-07-01T01:47:59.231+0000][3.367s][info][gc,start       ] GC(53) Pause Full (Allocation Failure)
[2026-07-01T01:47:59.231+0000][3.367s][info][gc,phases,start] GC(53) Phase 1: Mark live objects
[2026-07-01T01:47:59.288+0000][3.424s][info][gc,phases      ] GC(53) Phase 1: Mark live objects 56.763ms
[2026-07-01T01:47:59.288+0000][3.424s][info][gc,phases,start] GC(53) Phase 2: Compute new object addresses
[2026-07-01T01:47:59.312+0000][3.448s][info][gc,phases      ] GC(53) Phase 2: Compute new object addresses 24.034ms
[2026-07-01T01:47:59.312+0000][3.448s][info][gc,phases,start] GC(53) Phase 3: Adjust pointers
[2026-07-01T01:47:59.342+0000][3.478s][info][gc,phases      ] GC(53) Phase 3: Adjust pointers 29.682ms
[2026-07-01T01:47:59.342+0000][3.478s][info][gc,phases,start] GC(53) Phase 4: Move objects
[2026-07-01T01:47:59.343+0000][3.479s][info][gc,phases      ] GC(53) Phase 4: Move objects 0.771ms
[2026-07-01T01:47:59.343+0000][3.479s][info][gc,heap        ] GC(53) DefNew: 40128K(40128K)->4399K(78656K) Eden: 35712K(35712K)->4399K(69952K) From: 4416K(4416K)->0K(8704K)
[2026-07-01T01:47:59.343+0000][3.479s][info][gc,heap        ] GC(53) Tenured: 77518K(89008K)->105546K(174784K)
[2026-07-01T01:47:59.343+0000][3.479s][info][gc,metaspace   ] GC(53) Metaspace: 36776K(37504K)->36776K(37504K) NonClass: 31975K(32384K)->31975K(32384K) Class: 4801K(5120K)->4801K(5120K)
[2026-07-01T01:47:59.343+0000][3.479s][info][gc             ] GC(53) Pause Full (Allocation Failure) 107M->107M(247M) 111.771ms
[2026-07-01T01:47:59.343+0000][3.479s][info][gc,cpu         ] GC(53) User=0.11s Sys=0.00s Real=0.11s
[2026-07-01T01:48:00.542+0000][4.678s][info][gc,start       ] GC(54) Pause Young (Allocation Failure)
[2026-07-01T01:48:00.631+0000][4.767s][info][gc,heap        ] GC(54) DefNew: 69952K(78656K)->8703K(78656K) Eden: 69952K(69952K)->0K(69952K) From: 0K(8704K)->8703K(8704K)
[2026-07-01T01:48:00.631+0000][4.767s][info][gc,heap        ] GC(54) Tenured: 105546K(174784K)->142970K(174784K)
[2026-07-01T01:48:00.631+0000][4.767s][info][gc,metaspace   ] GC(54) Metaspace: 38499K(39232K)->38499K(39232K) NonClass: 33461K(33856K)->33461K(33856K) Class: 5037K(5376K)->5037K(5376K)
[2026-07-01T01:48:00.631+0000][4.768s][info][gc             ] GC(54) Pause Young (Allocation Failure) 171M->148M(247M) 89.631ms
[2026-07-01T01:48:00.631+0000][4.768s][info][gc,cpu         ] GC(54) User=0.08s Sys=0.00s Real=0.09s
[2026-07-01T01:48:02.660+0000][6.796s][info][gc,start       ] GC(55) Pause Young (Allocation Failure)
[2026-07-01T01:48:02.660+0000][6.796s][info][gc             ] GC(55) Pause Young (Allocation Failure) 216M->216M(247M) 0.082ms
[2026-07-01T01:48:02.660+0000][6.796s][info][gc,cpu         ] GC(55) User=0.00s Sys=0.00s Real=0.00s
[2026-07-01T01:48:02.660+0000][6.796s][info][gc,start       ] GC(56) Pause Full (Allocation Failure)
[2026-07-01T01:48:02.660+0000][6.796s][info][gc,phases,start] GC(56) Phase 1: Mark live objects
[2026-07-01T01:48:02.741+0000][6.877s][info][gc,phases      ] GC(56) Phase 1: Mark live objects 80.481ms
[2026-07-01T01:48:02.741+0000][6.877s][info][gc,phases,start] GC(56) Phase 2: Compute new object addresses
[2026-07-01T01:48:02.785+0000][6.921s][info][gc,phases      ] GC(56) Phase 2: Compute new object addresses 44.037ms
[2026-07-01T01:48:02.785+0000][6.921s][info][gc,phases,start] GC(56) Phase 3: Adjust pointers
[2026-07-01T01:48:02.826+0000][6.962s][info][gc,phases      ] GC(56) Phase 3: Adjust pointers 41.052ms
[2026-07-01T01:48:02.826+0000][6.962s][info][gc,phases,start] GC(56) Phase 4: Move objects
[2026-07-01T01:48:02.831+0000][6.967s][info][gc,phases      ] GC(56) Phase 4: Move objects 4.908ms
[2026-07-01T01:48:02.831+0000][6.967s][info][gc,heap        ] GC(56) DefNew: 78655K(78656K)->0K(78656K) Eden: 69952K(69952K)->0K(69952K) From: 8703K(8704K)->0K(8704K)
[2026-07-01T01:48:02.831+0000][6.967s][info][gc,heap        ] GC(56) Tenured: 142970K(174784K)->157873K(174784K)
[2026-07-01T01:48:02.831+0000][6.967s][info][gc,metaspace   ] GC(56) Metaspace: 40324K(41152K)->40278K(41152K) NonClass: 35186K(35648K)->35152K(35648K) Class: 5138K(5504K)->5126K(5504K)
[2026-07-01T01:48:02.831+0000][6.967s][info][gc             ] GC(56) Pause Full (Allocation Failure) 216M->154M(247M) 171.048ms
[2026-07-01T01:48:02.831+0000][6.967s][info][gc,cpu         ] GC(56) User=0.17s Sys=0.01s Real=0.17s
[2026-07-01T01:48:04.841+0000][8.977s][info][gc,start       ] GC(57) Pause Young (Allocation Failure)
[2026-07-01T01:48:04.841+0000][8.977s][info][gc             ] GC(57) Pause Young (Allocation Failure) 222M->222M(247M) 0.091ms
[2026-07-01T01:48:04.841+0000][8.977s][info][gc,cpu         ] GC(57) User=0.00s Sys=0.00s Real=0.00s
[2026-07-01T01:48:04.841+0000][8.977s][info][gc,start       ] GC(58) Pause Full (Allocation Failure)
[2026-07-01T01:48:04.841+0000][8.977s][info][gc,phases,start] GC(58) Phase 1: Mark live objects
[2026-07-01T01:48:04.918+0000][9.054s][info][gc,phases      ] GC(58) Phase 1: Mark live objects 76.304ms
[2026-07-01T01:48:04.918+0000][9.054s][info][gc,phases,start] GC(58) Phase 2: Compute new object addresses
[2026-07-01T01:48:04.963+0000][9.099s][info][gc,phases      ] GC(58) Phase 2: Compute new object addresses 45.354ms
[2026-07-01T01:48:04.963+0000][9.099s][info][gc,phases,start] GC(58) Phase 3: Adjust pointers
[2026-07-01T01:48:05.002+0000][9.139s][info][gc,phases      ] GC(58) Phase 3: Adjust pointers 39.430ms
[2026-07-01T01:48:05.002+0000][9.139s][info][gc,phases,start] GC(58) Phase 4: Move objects
[2026-07-01T01:48:05.003+0000][9.139s][info][gc,phases      ] GC(58) Phase 4: Move objects 0.305ms
[2026-07-01T01:48:05.003+0000][9.139s][info][gc,heap        ] GC(58) DefNew: 69952K(78656K)->0K(78656K) Eden: 69952K(69952K)->0K(69952K) From: 0K(8704K)->0K(8704K)
[2026-07-01T01:48:05.003+0000][9.139s][info][gc,heap        ] GC(58) Tenured: 157873K(174784K)->158270K(174784K)
[2026-07-01T01:48:05.003+0000][9.139s][info][gc,metaspace   ] GC(58) Metaspace: 40581K(41408K)->40581K(41408K) NonClass: 35455K(35904K)->35455K(35904K) Class: 5126K(5504K)->5126K(5504K)
[2026-07-01T01:48:05.003+0000][9.139s][info][gc             ] GC(58) Pause Full (Allocation Failure) 222M->154M(247M) 161.792ms
[2026-07-01T01:48:05.003+0000][9.139s][info][gc,cpu         ] GC(58) User=0.16s Sys=0.00s Real=0.16s
[2026-07-01T01:48:06.598+0000][10.735s][info][gc,start       ] GC(59) Pause Young (Allocation Failure)
[2026-07-01T01:48:06.598+0000][10.735s][info][gc             ] GC(59) Pause Young (Allocation Failure) 222M->222M(247M) 0.085ms
[2026-07-01T01:48:06.598+0000][10.735s][info][gc,cpu         ] GC(59) User=0.00s Sys=0.00s Real=0.00s
[2026-07-01T01:48:06.599+0000][10.735s][info][gc,start       ] GC(60) Pause Full (Allocation Failure)
[2026-07-01T01:48:06.599+0000][10.735s][info][gc,phases,start] GC(60) Phase 1: Mark live objects
[2026-07-01T01:48:06.702+0000][10.839s][info][gc,phases      ] GC(60) Phase 1: Mark live objects 103.866ms
[2026-07-01T01:48:06.702+0000][10.839s][info][gc,phases,start] GC(60) Phase 2: Compute new object addresses
[2026-07-01T01:48:06.748+0000][10.884s][info][gc,phases      ] GC(60) Phase 2: Compute new object addresses 45.142ms
[2026-07-01T01:48:06.748+0000][10.884s][info][gc,phases,start] GC(60) Phase 3: Adjust pointers
[2026-07-01T01:48:06.792+0000][10.928s][info][gc,phases      ] GC(60) Phase 3: Adjust pointers 44.029ms
[2026-07-01T01:48:06.792+0000][10.928s][info][gc,phases,start] GC(60) Phase 4: Move objects
[2026-07-01T01:48:06.823+0000][10.959s][info][gc,phases      ] GC(60) Phase 4: Move objects 31.429ms
[2026-07-01T01:48:06.823+0000][10.960s][info][gc,heap        ] GC(60) DefNew: 69952K(78656K)->0K(78656K) Eden: 69952K(69952K)->0K(69952K) From: 0K(8704K)->0K(8704K)
[2026-07-01T01:48:06.823+0000][10.960s][info][gc,heap        ] GC(60) Tenured: 158270K(174784K)->156280K(174784K)
[2026-07-01T01:48:06.823+0000][10.960s][info][gc,metaspace   ] GC(60) Metaspace: 40943K(41728K)->40943K(41728K) NonClass: 35815K(36224K)->35815K(36224K) Class: 5128K(5504K)->5128K(5504K)
[2026-07-01T01:48:06.823+0000][10.960s][info][gc             ] GC(60) Pause Full (Allocation Failure) 222M->152M(247M) 224.937ms
[2026-07-01T01:48:06.823+0000][10.960s][info][gc,cpu         ] GC(60) User=0.24s Sys=0.00s Real=0.22s
[2026-07-01T01:48:07.989+0000][12.125s][info][gc,start       ] GC(61) Pause Young (Allocation Failure)
[2026-07-01T01:48:07.989+0000][12.125s][info][gc             ] GC(61) Pause Young (Allocation Failure) 220M->220M(247M) 0.075ms
[2026-07-01T01:48:07.989+0000][12.125s][info][gc,cpu         ] GC(61) User=0.00s Sys=0.00s Real=0.00s
[2026-07-01T01:48:07.989+0000][12.125s][info][gc,start       ] GC(62) Pause Full (Allocation Failure)
[2026-07-01T01:48:07.989+0000][12.125s][info][gc,phases,start] GC(62) Phase 1: Mark live objects
[2026-07-01T01:48:08.067+0000][12.203s][info][gc,phases      ] GC(62) Phase 1: Mark live objects 78.002ms
[2026-07-01T01:48:08.067+0000][12.203s][info][gc,phases,start] GC(62) Phase 2: Compute new object addresses
[2026-07-01T01:48:08.112+0000][12.249s][info][gc,phases      ] GC(62) Phase 2: Compute new object addresses 45.436ms
[2026-07-01T01:48:08.112+0000][12.249s][info][gc,phases,start] GC(62) Phase 3: Adjust pointers
[2026-07-01T01:48:08.153+0000][12.289s][info][gc,phases      ] GC(62) Phase 3: Adjust pointers 40.569ms
[2026-07-01T01:48:08.153+0000][12.289s][info][gc,phases,start] GC(62) Phase 4: Move objects
[2026-07-01T01:48:08.154+0000][12.290s][info][gc,phases      ] GC(62) Phase 4: Move objects 0.588ms
[2026-07-01T01:48:08.154+0000][12.290s][info][gc,heap        ] GC(62) DefNew: 69952K(78656K)->0K(78656K) Eden: 69952K(69952K)->0K(69952K) From: 0K(8704K)->0K(8704K)
[2026-07-01T01:48:08.154+0000][12.290s][info][gc,heap        ] GC(62) Tenured: 156280K(174784K)->158341K(174784K)
[2026-07-01T01:48:08.154+0000][12.290s][info][gc,metaspace   ] GC(62) Metaspace: 41108K(41856K)->41108K(41856K) NonClass: 35979K(36352K)->35979K(36352K) Class: 5128K(5504K)->5128K(5504K)
[2026-07-01T01:48:08.154+0000][12.290s][info][gc             ] GC(62) Pause Full (Allocation Failure) 220M->154M(247M) 165.020ms
[2026-07-01T01:48:08.154+0000][12.290s][info][gc,cpu         ] GC(62) User=0.16s Sys=0.00s Real=0.16s
[2026-07-01T01:48:09.176+0000][13.312s][info][gc,start       ] GC(63) Pause Young (Allocation Failure)
[2026-07-01T01:48:09.176+0000][13.312s][info][gc             ] GC(63) Pause Young (Allocation Failure) 222M->222M(247M) 0.083ms
[2026-07-01T01:48:09.176+0000][13.312s][info][gc,cpu         ] GC(63) User=0.00s Sys=0.00s Real=0.00s
[2026-07-01T01:48:09.176+0000][13.312s][info][gc,start       ] GC(64) Pause Full (Allocation Failure)
[2026-07-01T01:48:09.176+0000][13.312s][info][gc,phases,start] GC(64) Phase 1: Mark live objects
[2026-07-01T01:48:09.253+0000][13.390s][info][gc,phases      ] GC(64) Phase 1: Mark live objects 77.630ms
[2026-07-01T01:48:09.253+0000][13.390s][info][gc,phases,start] GC(64) Phase 2: Compute new object addresses
[2026-07-01T01:48:09.299+0000][13.436s][info][gc,phases      ] GC(64) Phase 2: Compute new object addresses 45.923ms
[2026-07-01T01:48:09.299+0000][13.436s][info][gc,phases,start] GC(64) Phase 3: Adjust pointers
[2026-07-01T01:48:09.340+0000][13.476s][info][gc,phases      ] GC(64) Phase 3: Adjust pointers 40.420ms
[2026-07-01T01:48:09.340+0000][13.476s][info][gc,phases,start] GC(64) Phase 4: Move objects
[2026-07-01T01:48:09.341+0000][13.477s][info][gc,phases      ] GC(64) Phase 4: Move objects 0.614ms
[2026-07-01T01:48:09.341+0000][13.477s][info][gc,heap        ] GC(64) DefNew: 69952K(78656K)->0K(78656K) Eden: 69952K(69952K)->0K(69952K) From: 0K(8704K)->0K(8704K)
[2026-07-01T01:48:09.341+0000][13.477s][info][gc,heap        ] GC(64) Tenured: 158341K(174784K)->158756K(174784K)
[2026-07-01T01:48:09.341+0000][13.477s][info][gc,metaspace   ] GC(64) Metaspace: 41228K(42048K)->41228K(42048K) NonClass: 36098K(36544K)->36098K(36544K) Class: 5129K(5504K)->5129K(5504K)
[2026-07-01T01:48:09.341+0000][13.477s][info][gc             ] GC(64) Pause Full (Allocation Failure) 222M->155M(247M) 165.006ms
[2026-07-01T01:48:09.341+0000][13.477s][info][gc,cpu         ] GC(64) User=0.16s Sys=0.00s Real=0.17s
[2026-07-01T01:48:10.178+0000][14.315s][info][gc,start       ] GC(65) Pause Young (Allocation Failure)
[2026-07-01T01:48:10.179+0000][14.315s][info][gc             ] GC(65) Pause Young (Allocation Failure) 223M->223M(247M) 0.085ms
[2026-07-01T01:48:10.179+0000][14.315s][info][gc,cpu         ] GC(65) User=0.00s Sys=0.00s Real=0.00s
[2026-07-01T01:48:10.179+0000][14.315s][info][gc,start       ] GC(66) Pause Full (Allocation Failure)
[2026-07-01T01:48:10.179+0000][14.315s][info][gc,phases,start] GC(66) Phase 1: Mark live objects
[2026-07-01T01:48:10.257+0000][14.393s][info][gc,phases      ] GC(66) Phase 1: Mark live objects 78.441ms
[2026-07-01T01:48:10.257+0000][14.393s][info][gc,phases,start] GC(66) Phase 2: Compute new object addresses
[2026-07-01T01:48:10.303+0000][14.439s][info][gc,phases      ] GC(66) Phase 2: Compute new object addresses 46.169ms
[2026-07-01T01:48:10.303+0000][14.439s][info][gc,phases,start] GC(66) Phase 3: Adjust pointers
[2026-07-01T01:48:10.345+0000][14.481s][info][gc,phases      ] GC(66) Phase 3: Adjust pointers 41.665ms
[2026-07-01T01:48:10.345+0000][14.481s][info][gc,phases,start] GC(66) Phase 4: Move objects
[2026-07-01T01:48:10.345+0000][14.481s][info][gc,phases      ] GC(66) Phase 4: Move objects 0.310ms
[2026-07-01T01:48:10.346+0000][14.482s][info][gc,heap        ] GC(66) DefNew: 69952K(78656K)->0K(78656K) Eden: 69952K(69952K)->0K(69952K) From: 0K(8704K)->0K(8704K)
[2026-07-01T01:48:10.346+0000][14.482s][info][gc,heap        ] GC(66) Tenured: 158756K(174784K)->159194K(174784K)
[2026-07-01T01:48:10.346+0000][14.482s][info][gc,metaspace   ] GC(66) Metaspace: 41423K(42240K)->41423K(42240K) NonClass: 36292K(36736K)->36292K(36736K) Class: 5130K(5504K)->5130K(5504K)
[2026-07-01T01:48:10.346+0000][14.482s][info][gc             ] GC(66) Pause Full (Allocation Failure) 223M->155M(247M) 167.019ms
[2026-07-01T01:48:10.346+0000][14.482s][info][gc,cpu         ] GC(66) User=0.17s Sys=0.01s Real=0.16s
[2026-07-01T01:48:10.997+0000][15.133s][info][gc,start       ] GC(67) Pause Young (Allocation Failure)
[2026-07-01T01:48:10.997+0000][15.133s][info][gc             ] GC(67) Pause Young (Allocation Failure) 223M->223M(247M) 0.100ms
[2026-07-01T01:48:10.997+0000][15.133s][info][gc,cpu         ] GC(67) User=0.00s Sys=0.00s Real=0.00s
[2026-07-01T01:48:10.997+0000][15.133s][info][gc,start       ] GC(68) Pause Full (Allocation Failure)
[2026-07-01T01:48:10.997+0000][15.133s][info][gc,phases,start] GC(68) Phase 1: Mark live objects
[2026-07-01T01:48:11.110+0000][15.246s][info][gc,phases      ] GC(68) Phase 1: Mark live objects 113.455ms
[2026-07-01T01:48:11.110+0000][15.246s][info][gc,phases,start] GC(68) Phase 2: Compute new object addresses
[2026-07-01T01:48:11.159+0000][15.295s][info][gc,phases      ] GC(68) Phase 2: Compute new object addresses 48.294ms
[2026-07-01T01:48:11.159+0000][15.295s][info][gc,phases,start] GC(68) Phase 3: Adjust pointers
[2026-07-01T01:48:11.204+0000][15.340s][info][gc,phases      ] GC(68) Phase 3: Adjust pointers 45.492ms
[2026-07-01T01:48:11.204+0000][15.340s][info][gc,phases,start] GC(68) Phase 4: Move objects
[2026-07-01T01:48:11.232+0000][15.368s][info][gc,phases      ] GC(68) Phase 4: Move objects 27.664ms
[2026-07-01T01:48:11.232+0000][15.368s][info][gc,heap        ] GC(68) DefNew: 69952K(78656K)->0K(78656K) Eden: 69952K(69952K)->0K(69952K) From: 0K(8704K)->0K(8704K)
[2026-07-01T01:48:11.232+0000][15.368s][info][gc,heap        ] GC(68) Tenured: 159194K(174784K)->156854K(174784K)
[2026-07-01T01:48:11.232+0000][15.368s][info][gc,metaspace   ] GC(68) Metaspace: 41459K(42304K)->41459K(42304K) NonClass: 36329K(36800K)->36329K(36800K) Class: 5130K(5504K)->5130K(5504K)
[2026-07-01T01:48:11.232+0000][15.368s][info][gc             ] GC(68) Pause Full (Allocation Failure) 223M->153M(247M) 235.382ms
[2026-07-01T01:48:11.232+0000][15.368s][info][gc,cpu         ] GC(68) User=0.35s Sys=0.00s Real=0.24s
[2026-07-01T01:48:11.971+0000][16.107s][info][gc,start       ] GC(69) Pause Young (Allocation Failure)
[2026-07-01T01:48:11.971+0000][16.107s][info][gc             ] GC(69) Pause Young (Allocation Failure) 221M->221M(247M) 0.092ms
[2026-07-01T01:48:11.971+0000][16.107s][info][gc,cpu         ] GC(69) User=0.00s Sys=0.00s Real=0.00s
[2026-07-01T01:48:11.971+0000][16.107s][info][gc,start       ] GC(70) Pause Full (Allocation Failure)
[2026-07-01T01:48:11.971+0000][16.107s][info][gc,phases,start] GC(70) Phase 1: Mark live objects
[2026-07-01T01:48:12.052+0000][16.188s][info][gc,phases      ] GC(70) Phase 1: Mark live objects 80.873ms
[2026-07-01T01:48:12.052+0000][16.188s][info][gc,phases,start] GC(70) Phase 2: Compute new object addresses
[2026-07-01T01:48:12.098+0000][16.234s][info][gc,phases      ] GC(70) Phase 2: Compute new object addresses 46.326ms
[2026-07-01T01:48:12.098+0000][16.234s][info][gc,phases,start] GC(70) Phase 3: Adjust pointers
[2026-07-01T01:48:12.141+0000][16.277s][info][gc,phases      ] GC(70) Phase 3: Adjust pointers 42.675ms
[2026-07-01T01:48:12.141+0000][16.277s][info][gc,phases,start] GC(70) Phase 4: Move objects
[2026-07-01T01:48:12.141+0000][16.277s][info][gc,phases      ] GC(70) Phase 4: Move objects 0.432ms
[2026-07-01T01:48:12.141+0000][16.277s][info][gc,heap        ] GC(70) DefNew: 69952K(78656K)->0K(78656K) Eden: 69952K(69952K)->0K(69952K) From: 0K(8704K)->0K(8704K)
[2026-07-01T01:48:12.141+0000][16.278s][info][gc,heap        ] GC(70) Tenured: 156854K(174784K)->157676K(174784K)
[2026-07-01T01:48:12.141+0000][16.278s][info][gc,metaspace   ] GC(70) Metaspace: 41470K(42304K)->41470K(42304K) NonClass: 36339K(36800K)->36339K(36800K) Class: 5131K(5504K)->5131K(5504K)
[2026-07-01T01:48:12.141+0000][16.278s][info][gc             ] GC(70) Pause Full (Allocation Failure) 221M->153M(247M) 170.721ms
[2026-07-01T01:48:12.141+0000][16.278s][info][gc,cpu         ] GC(70) User=0.18s Sys=0.00s Real=0.17s
[2026-07-01T01:48:12.782+0000][16.918s][info][gc,start       ] GC(71) Pause Young (Allocation Failure)
[2026-07-01T01:48:12.782+0000][16.918s][info][gc             ] GC(71) Pause Young (Allocation Failure) 222M->222M(247M) 0.079ms
[2026-07-01T01:48:12.782+0000][16.919s][info][gc,cpu         ] GC(71) User=0.00s Sys=0.00s Real=0.00s
[2026-07-01T01:48:12.782+0000][16.919s][info][gc,start       ] GC(72) Pause Full (Allocation Failure)
[2026-07-01T01:48:12.782+0000][16.919s][info][gc,phases,start] GC(72) Phase 1: Mark live objects
[2026-07-01T01:48:12.862+0000][16.998s][info][gc,phases      ] GC(72) Phase 1: Mark live objects 79.524ms
[2026-07-01T01:48:12.862+0000][16.998s][info][gc,phases,start] GC(72) Phase 2: Compute new object addresses
[2026-07-01T01:48:12.908+0000][17.044s][info][gc,phases      ] GC(72) Phase 2: Compute new object addresses 46.176ms
[2026-07-01T01:48:12.908+0000][17.044s][info][gc,phases,start] GC(72) Phase 3: Adjust pointers
[2026-07-01T01:48:12.951+0000][17.087s][info][gc,phases      ] GC(72) Phase 3: Adjust pointers 42.546ms
[2026-07-01T01:48:12.951+0000][17.087s][info][gc,phases,start] GC(72) Phase 4: Move objects
[2026-07-01T01:48:12.951+0000][17.087s][info][gc,phases      ] GC(72) Phase 4: Move objects 0.264ms
[2026-07-01T01:48:12.951+0000][17.087s][info][gc,heap        ] GC(72) DefNew: 69952K(78656K)->0K(78656K) Eden: 69952K(69952K)->0K(69952K) From: 0K(8704K)->0K(8704K)
[2026-07-01T01:48:12.951+0000][17.087s][info][gc,heap        ] GC(72) Tenured: 157676K(174784K)->158024K(174784K)
[2026-07-01T01:48:12.951+0000][17.087s][info][gc,metaspace   ] GC(72) Metaspace: 41473K(42304K)->41473K(42304K) NonClass: 36342K(36800K)->36342K(36800K) Class: 5131K(5504K)->5131K(5504K)
[2026-07-01T01:48:12.951+0000][17.087s][info][gc             ] GC(72) Pause Full (Allocation Failure) 222M->154M(247M) 168.920ms
[2026-07-01T01:48:12.951+0000][17.087s][info][gc,cpu         ] GC(72) User=0.17s Sys=0.00s Real=0.17s
[2026-07-01T01:48:13.664+0000][17.800s][info][gc,start       ] GC(73) Pause Young (Allocation Failure)
[2026-07-01T01:48:13.664+0000][17.800s][info][gc             ] GC(73) Pause Young (Allocation Failure) 222M->222M(247M) 0.112ms
[2026-07-01T01:48:13.664+0000][17.800s][info][gc,cpu         ] GC(73) User=0.00s Sys=0.00s Real=0.00s
[2026-07-01T01:48:13.664+0000][17.800s][info][gc,start       ] GC(74) Pause Full (Allocation Failure)
[2026-07-01T01:48:13.664+0000][17.800s][info][gc,phases,start] GC(74) Phase 1: Mark live objects
[2026-07-01T01:48:13.779+0000][17.915s][info][gc,phases      ] GC(74) Phase 1: Mark live objects 114.860ms
[2026-07-01T01:48:13.779+0000][17.915s][info][gc,phases,start] GC(74) Phase 2: Compute new object addresses
[2026-07-01T01:48:13.826+0000][17.962s][info][gc,phases      ] GC(74) Phase 2: Compute new object addresses 46.484ms
[2026-07-01T01:48:13.826+0000][17.962s][info][gc,phases,start] GC(74) Phase 3: Adjust pointers
[2026-07-01T01:48:13.869+0000][18.005s][info][gc,phases      ] GC(74) Phase 3: Adjust pointers 42.938ms
[2026-07-01T01:48:13.869+0000][18.005s][info][gc,phases,start] GC(74) Phase 4: Move objects
[2026-07-01T01:48:13.869+0000][18.005s][info][gc,phases      ] GC(74) Phase 4: Move objects 0.431ms
[2026-07-01T01:48:13.869+0000][18.005s][info][gc,heap        ] GC(74) DefNew: 69952K(78656K)->0K(78656K) Eden: 69952K(69952K)->0K(69952K) From: 0K(8704K)->0K(8704K)
[2026-07-01T01:48:13.869+0000][18.005s][info][gc,heap        ] GC(74) Tenured: 158024K(174784K)->159338K(174784K)
[2026-07-01T01:48:13.869+0000][18.005s][info][gc,metaspace   ] GC(74) Metaspace: 41496K(42304K)->41496K(42304K) NonClass: 36365K(36800K)->36365K(36800K) Class: 5131K(5504K)->5131K(5504K)
[2026-07-01T01:48:13.869+0000][18.005s][info][gc             ] GC(74) Pause Full (Allocation Failure) 222M->155M(247M) 205.153ms
[2026-07-01T01:48:13.869+0000][18.005s][info][gc,cpu         ] GC(74) User=0.22s Sys=0.00s Real=0.21s
[2026-07-01T01:48:14.483+0000][18.619s][info][gc,start       ] GC(75) Pause Young (Allocation Failure)
[2026-07-01T01:48:14.483+0000][18.619s][info][gc             ] GC(75) Pause Young (Allocation Failure) 223M->223M(247M) 0.094ms
[2026-07-01T01:48:14.483+0000][18.619s][info][gc,cpu         ] GC(75) User=0.00s Sys=0.00s Real=0.00s
[2026-07-01T01:48:14.483+0000][18.619s][info][gc,start       ] GC(76) Pause Full (Allocation Failure)
[2026-07-01T01:48:14.483+0000][18.619s][info][gc,phases,start] GC(76) Phase 1: Mark live objects
[2026-07-01T01:48:14.564+0000][18.700s][info][gc,phases      ] GC(76) Phase 1: Mark live objects 80.467ms
[2026-07-01T01:48:14.564+0000][18.700s][info][gc,phases,start] GC(76) Phase 2: Compute new object addresses
[2026-07-01T01:48:14.610+0000][18.746s][info][gc,phases      ] GC(76) Phase 2: Compute new object addresses 45.772ms
[2026-07-01T01:48:14.610+0000][18.746s][info][gc,phases,start] GC(76) Phase 3: Adjust pointers
[2026-07-01T01:48:14.656+0000][18.792s][info][gc,phases      ] GC(76) Phase 3: Adjust pointers 46.606ms
[2026-07-01T01:48:14.656+0000][18.792s][info][gc,phases,start] GC(76) Phase 4: Move objects
[2026-07-01T01:48:14.684+0000][18.820s][info][gc,phases      ] GC(76) Phase 4: Move objects 27.539ms
[2026-07-01T01:48:14.684+0000][18.820s][info][gc,heap        ] GC(76) DefNew: 69952K(78656K)->0K(78656K) Eden: 69952K(69952K)->0K(69952K) From: 0K(8704K)->0K(8704K)
[2026-07-01T01:48:14.684+0000][18.820s][info][gc,heap        ] GC(76) Tenured: 159338K(174784K)->157512K(174784K)
[2026-07-01T01:48:14.684+0000][18.820s][info][gc,metaspace   ] GC(76) Metaspace: 41515K(42304K)->41515K(42304K) NonClass: 36384K(36800K)->36384K(36800K) Class: 5131K(5504K)->5131K(5504K)
[2026-07-01T01:48:14.684+0000][18.820s][info][gc             ] GC(76) Pause Full (Allocation Failure) 223M->153M(247M) 200.822ms
[2026-07-01T01:48:14.684+0000][18.820s][info][gc,cpu         ] GC(76) User=0.20s Sys=0.00s Real=0.20s
[2026-07-01T01:48:15.290+0000][19.426s][info][gc,start       ] GC(77) Pause Young (Allocation Failure)
[2026-07-01T01:48:15.290+0000][19.426s][info][gc             ] GC(77) Pause Young (Allocation Failure) 222M->222M(247M) 0.078ms
[2026-07-01T01:48:15.290+0000][19.426s][info][gc,cpu         ] GC(77) User=0.00s Sys=0.00s Real=0.00s
[2026-07-01T01:48:15.290+0000][19.426s][info][gc,start       ] GC(78) Pause Full (Allocation Failure)
[2026-07-01T01:48:15.290+0000][19.426s][info][gc,phases,start] GC(78) Phase 1: Mark live objects
[2026-07-01T01:48:15.371+0000][19.507s][info][gc,phases      ] GC(78) Phase 1: Mark live objects 80.747ms
[2026-07-01T01:48:15.371+0000][19.507s][info][gc,phases,start] GC(78) Phase 2: Compute new object addresses
[2026-07-01T01:48:15.417+0000][19.553s][info][gc,phases      ] GC(78) Phase 2: Compute new object addresses 46.387ms
[2026-07-01T01:48:15.417+0000][19.553s][info][gc,phases,start] GC(78) Phase 3: Adjust pointers
[2026-07-01T01:48:15.461+0000][19.597s][info][gc,phases      ] GC(78) Phase 3: Adjust pointers 43.852ms
[2026-07-01T01:48:15.461+0000][19.597s][info][gc,phases,start] GC(78) Phase 4: Move objects
[2026-07-01T01:48:15.461+0000][19.598s][info][gc,phases      ] GC(78) Phase 4: Move objects 0.324ms
[2026-07-01T01:48:15.462+0000][19.598s][info][gc,heap        ] GC(78) DefNew: 69952K(78656K)->0K(78656K) Eden: 69952K(69952K)->0K(69952K) From: 0K(8704K)->0K(8704K)
[2026-07-01T01:48:15.462+0000][19.598s][info][gc,heap        ] GC(78) Tenured: 157512K(174784K)->157948K(174784K)
[2026-07-01T01:48:15.462+0000][19.598s][info][gc,metaspace   ] GC(78) Metaspace: 41516K(42304K)->41516K(42304K) NonClass: 36385K(36800K)->36385K(36800K) Class: 5131K(5504K)->5131K(5504K)
[2026-07-01T01:48:15.462+0000][19.598s][info][gc             ] GC(78) Pause Full (Allocation Failure) 222M->154M(247M) 171.724ms
[2026-07-01T01:48:15.462+0000][19.598s][info][gc,cpu         ] GC(78) User=0.17s Sys=0.00s Real=0.17s
[2026-07-01T01:48:16.140+0000][20.276s][info][gc,start       ] GC(79) Pause Young (Allocation Failure)
[2026-07-01T01:48:16.140+0000][20.277s][info][gc             ] GC(79) Pause Young (Allocation Failure) 222M->222M(247M) 0.113ms
[2026-07-01T01:48:16.140+0000][20.277s][info][gc,cpu         ] GC(79) User=0.00s Sys=0.00s Real=0.00s
[2026-07-01T01:48:16.140+0000][20.277s][info][gc,start       ] GC(80) Pause Full (Allocation Failure)
[2026-07-01T01:48:16.140+0000][20.277s][info][gc,phases,start] GC(80) Phase 1: Mark live objects
[2026-07-01T01:48:16.258+0000][20.394s][info][gc,phases      ] GC(80) Phase 1: Mark live objects 117.599ms
[2026-07-01T01:48:16.258+0000][20.394s][info][gc,phases,start] GC(80) Phase 2: Compute new object addresses
[2026-07-01T01:48:16.305+0000][20.441s][info][gc,phases      ] GC(80) Phase 2: Compute new object addresses 46.502ms
[2026-07-01T01:48:16.305+0000][20.441s][info][gc,phases,start] GC(80) Phase 3: Adjust pointers
[2026-07-01T01:48:16.348+0000][20.484s][info][gc,phases      ] GC(80) Phase 3: Adjust pointers 43.394ms
[2026-07-01T01:48:16.348+0000][20.484s][info][gc,phases,start] GC(80) Phase 4: Move objects
[2026-07-01T01:48:16.349+0000][20.485s][info][gc,phases      ] GC(80) Phase 4: Move objects 0.501ms
[2026-07-01T01:48:16.349+0000][20.485s][info][gc,heap        ] GC(80) DefNew: 69952K(78656K)->0K(78656K) Eden: 69952K(69952K)->0K(69952K) From: 0K(8704K)->0K(8704K)
[2026-07-01T01:48:16.349+0000][20.485s][info][gc,heap        ] GC(80) Tenured: 157948K(174784K)->159262K(174784K)
[2026-07-01T01:48:16.349+0000][20.485s][info][gc,metaspace   ] GC(80) Metaspace: 41518K(42304K)->41518K(42304K) NonClass: 36387K(36800K)->36387K(36800K) Class: 5131K(5504K)->5131K(5504K)
[2026-07-01T01:48:16.349+0000][20.485s][info][gc             ] GC(80) Pause Full (Allocation Failure) 222M->155M(247M) 208.414ms
[2026-07-01T01:48:16.349+0000][20.485s][info][gc,cpu         ] GC(80) User=0.20s Sys=0.00s Real=0.21s
[2026-07-01T01:48:16.950+0000][21.086s][info][gc,start       ] GC(81) Pause Young (Allocation Failure)
[2026-07-01T01:48:16.950+0000][21.086s][info][gc             ] GC(81) Pause Young (Allocation Failure) 223M->223M(247M) 0.090ms
[2026-07-01T01:48:16.950+0000][21.086s][info][gc,cpu         ] GC(81) User=0.00s Sys=0.00s Real=0.00s
[2026-07-01T01:48:16.950+0000][21.086s][info][gc,start       ] GC(82) Pause Full (Allocation Failure)
[2026-07-01T01:48:16.950+0000][21.086s][info][gc,phases,start] GC(82) Phase 1: Mark live objects
[2026-07-01T01:48:17.031+0000][21.168s][info][gc,phases      ] GC(82) Phase 1: Mark live objects 81.122ms
[2026-07-01T01:48:17.031+0000][21.168s][info][gc,phases,start] GC(82) Phase 2: Compute new object addresses
[2026-07-01T01:48:17.078+0000][21.214s][info][gc,phases      ] GC(82) Phase 2: Compute new object addresses 46.550ms
[2026-07-01T01:48:17.078+0000][21.214s][info][gc,phases,start] GC(82) Phase 3: Adjust pointers
[2026-07-01T01:48:17.122+0000][21.258s][info][gc,phases      ] GC(82) Phase 3: Adjust pointers 43.702ms
[2026-07-01T01:48:17.122+0000][21.258s][info][gc,phases,start] GC(82) Phase 4: Move objects
[2026-07-01T01:48:17.122+0000][21.259s][info][gc,phases      ] GC(82) Phase 4: Move objects 0.766ms
[2026-07-01T01:48:17.123+0000][21.259s][info][gc,heap        ] GC(82) DefNew: 69952K(78656K)->0K(78656K) Eden: 69952K(69952K)->0K(69952K) From: 0K(8704K)->0K(8704K)
[2026-07-01T01:48:17.123+0000][21.259s][info][gc,heap        ] GC(82) Tenured: 159262K(174784K)->160532K(174784K)
[2026-07-01T01:48:17.123+0000][21.259s][info][gc,metaspace   ] GC(82) Metaspace: 41529K(42304K)->41529K(42304K) NonClass: 36398K(36800K)->36398K(36800K) Class: 5131K(5504K)->5131K(5504K)
[2026-07-01T01:48:17.123+0000][21.259s][info][gc             ] GC(82) Pause Full (Allocation Failure) 223M->156M(247M) 172.545ms
[2026-07-01T01:48:17.123+0000][21.259s][info][gc,cpu         ] GC(82) User=0.17s Sys=0.00s Real=0.17s
[2026-07-01T01:48:17.666+0000][21.803s][info][gc,start       ] GC(83) Pause Young (Allocation Failure)
[2026-07-01T01:48:17.666+0000][21.803s][info][gc             ] GC(83) Pause Young (Allocation Failure) 225M->225M(247M) 0.118ms
[2026-07-01T01:48:17.667+0000][21.803s][info][gc,cpu         ] GC(83) User=0.00s Sys=0.00s Real=0.00s
[2026-07-01T01:48:17.667+0000][21.803s][info][gc,start       ] GC(84) Pause Full (Allocation Failure)
[2026-07-01T01:48:17.667+0000][21.803s][info][gc,phases,start] GC(84) Phase 1: Mark live objects
[2026-07-01T01:48:17.749+0000][21.885s][info][gc,phases      ] GC(84) Phase 1: Mark live objects 82.169ms
[2026-07-01T01:48:17.749+0000][21.885s][info][gc,phases,start] GC(84) Phase 2: Compute new object addresses
[2026-07-01T01:48:17.795+0000][21.931s][info][gc,phases      ] GC(84) Phase 2: Compute new object addresses 46.122ms
[2026-07-01T01:48:17.795+0000][21.931s][info][gc,phases,start] GC(84) Phase 3: Adjust pointers
[2026-07-01T01:48:17.842+0000][21.979s][info][gc,phases      ] GC(84) Phase 3: Adjust pointers 47.515ms
[2026-07-01T01:48:17.842+0000][21.979s][info][gc,phases,start] GC(84) Phase 4: Move objects
[2026-07-01T01:48:17.870+0000][22.007s][info][gc,phases      ] GC(84) Phase 4: Move objects 27.984ms
[2026-07-01T01:48:17.871+0000][22.007s][info][gc,heap        ] GC(84) DefNew: 69952K(78656K)->0K(78656K) Eden: 69952K(69952K)->0K(69952K) From: 0K(8704K)->0K(8704K)
[2026-07-01T01:48:17.871+0000][22.007s][info][gc,heap        ] GC(84) Tenured: 160532K(174784K)->158122K(174784K)
[2026-07-01T01:48:17.871+0000][22.007s][info][gc,metaspace   ] GC(84) Metaspace: 41557K(42368K)->41557K(42368K) NonClass: 36426K(36864K)->36426K(36864K) Class: 5131K(5504K)->5131K(5504K)
[2026-07-01T01:48:17.871+0000][22.007s][info][gc             ] GC(84) Pause Full (Allocation Failure) 225M->154M(247M) 204.218ms
[2026-07-01T01:48:17.871+0000][22.007s][info][gc,cpu         ] GC(84) User=0.23s Sys=0.00s Real=0.21s
[2026-07-01T01:48:18.463+0000][22.599s][info][gc,start       ] GC(85) Pause Young (Allocation Failure)
[2026-07-01T01:48:18.463+0000][22.599s][info][gc             ] GC(85) Pause Young (Allocation Failure) 222M->222M(247M) 0.100ms
[2026-07-01T01:48:18.463+0000][22.599s][info][gc,cpu         ] GC(85) User=0.00s Sys=0.00s Real=0.00s
[2026-07-01T01:48:18.463+0000][22.599s][info][gc,start       ] GC(86) Pause Full (Allocation Failure)
[2026-07-01T01:48:18.463+0000][22.599s][info][gc,phases,start] GC(86) Phase 1: Mark live objects
[2026-07-01T01:48:18.605+0000][22.742s][info][gc,phases      ] GC(86) Phase 1: Mark live objects 142.059ms
[2026-07-01T01:48:18.605+0000][22.742s][info][gc,phases,start] GC(86) Phase 2: Compute new object addresses
[2026-07-01T01:48:18.671+0000][22.807s][info][gc,phases      ] GC(86) Phase 2: Compute new object addresses 65.878ms
[2026-07-01T01:48:18.671+0000][22.808s][info][gc,phases,start] GC(86) Phase 3: Adjust pointers
[2026-07-01T01:48:18.724+0000][22.860s][info][gc,phases      ] GC(86) Phase 3: Adjust pointers 52.754ms
[2026-07-01T01:48:18.724+0000][22.860s][info][gc,phases,start] GC(86) Phase 4: Move objects
[2026-07-01T01:48:18.725+0000][22.861s][info][gc,phases      ] GC(86) Phase 4: Move objects 0.458ms
[2026-07-01T01:48:18.725+0000][22.861s][info][gc,heap        ] GC(86) DefNew: 69952K(78656K)->0K(78656K) Eden: 69952K(69952K)->0K(69952K) From: 0K(8704K)->0K(8704K)
[2026-07-01T01:48:18.725+0000][22.861s][info][gc,heap        ] GC(86) Tenured: 158122K(174784K)->159241K(174784K)
[2026-07-01T01:48:18.725+0000][22.861s][info][gc,metaspace   ] GC(86) Metaspace: 41574K(42368K)->41574K(42368K) NonClass: 36443K(36864K)->36443K(36864K) Class: 5131K(5504K)->5131K(5504K)
[2026-07-01T01:48:18.725+0000][22.861s][info][gc             ] GC(86) Pause Full (Allocation Failure) 222M->155M(247M) 261.597ms
[2026-07-01T01:48:18.725+0000][22.861s][info][gc,cpu         ] GC(86) User=0.26s Sys=0.00s Real=0.26s
[2026-07-01T01:48:19.348+0000][23.484s][info][gc,start       ] GC(87) Pause Young (Allocation Failure)
[2026-07-01T01:48:19.348+0000][23.484s][info][gc             ] GC(87) Pause Young (Allocation Failure) 223M->223M(247M) 0.100ms
[2026-07-01T01:48:19.348+0000][23.484s][info][gc,cpu         ] GC(87) User=0.00s Sys=0.00s Real=0.00s
[2026-07-01T01:48:19.348+0000][23.484s][info][gc,start       ] GC(88) Pause Full (Allocation Failure)
[2026-07-01T01:48:19.348+0000][23.484s][info][gc,phases,start] GC(88) Phase 1: Mark live objects
[2026-07-01T01:48:19.442+0000][23.578s][info][gc,phases      ] GC(88) Phase 1: Mark live objects 93.850ms
[2026-07-01T01:48:19.442+0000][23.578s][info][gc,phases,start] GC(88) Phase 2: Compute new object addresses
[2026-07-01T01:48:19.489+0000][23.625s][info][gc,phases      ] GC(88) Phase 2: Compute new object addresses 46.898ms
[2026-07-01T01:48:19.489+0000][23.625s][info][gc,phases,start] GC(88) Phase 3: Adjust pointers
[2026-07-01T01:48:19.533+0000][23.669s][info][gc,phases      ] GC(88) Phase 3: Adjust pointers 44.264ms
[2026-07-01T01:48:19.533+0000][23.669s][info][gc,phases,start] GC(88) Phase 4: Move objects
[2026-07-01T01:48:19.533+0000][23.670s][info][gc,phases      ] GC(88) Phase 4: Move objects 0.461ms
[2026-07-01T01:48:19.534+0000][23.670s][info][gc,heap        ] GC(88) DefNew: 69951K(78656K)->0K(78656K) Eden: 69951K(69952K)->0K(69952K) From: 0K(8704K)->0K(8704K)
[2026-07-01T01:48:19.534+0000][23.670s][info][gc,heap        ] GC(88) Tenured: 159241K(174784K)->160466K(174784K)
[2026-07-01T01:48:19.534+0000][23.670s][info][gc,metaspace   ] GC(88) Metaspace: 41579K(42368K)->41579K(42368K) NonClass: 36448K(36864K)->36448K(36864K) Class: 5131K(5504K)->5131K(5504K)
[2026-07-01T01:48:19.534+0000][23.670s][info][gc             ] GC(88) Pause Full (Allocation Failure) 223M->156M(247M) 185.891ms
[2026-07-01T01:48:19.534+0000][23.670s][info][gc,cpu         ] GC(88) User=0.22s Sys=0.00s Real=0.19s
[2026-07-01T01:48:20.101+0000][24.237s][info][gc,start       ] GC(89) Pause Young (Allocation Failure)
[2026-07-01T01:48:20.101+0000][24.237s][info][gc             ] GC(89) Pause Young (Allocation Failure) 225M->225M(247M) 0.094ms
[2026-07-01T01:48:20.101+0000][24.237s][info][gc,cpu         ] GC(89) User=0.00s Sys=0.00s Real=0.00s
[2026-07-01T01:48:20.101+0000][24.237s][info][gc,start       ] GC(90) Pause Full (Allocation Failure)
[2026-07-01T01:48:20.101+0000][24.237s][info][gc,phases,start] GC(90) Phase 1: Mark live objects
[2026-07-01T01:48:20.183+0000][24.320s][info][gc,phases      ] GC(90) Phase 1: Mark live objects 82.230ms
[2026-07-01T01:48:20.183+0000][24.320s][info][gc,phases,start] GC(90) Phase 2: Compute new object addresses
[2026-07-01T01:48:20.230+0000][24.366s][info][gc,phases      ] GC(90) Phase 2: Compute new object addresses 46.701ms
[2026-07-01T01:48:20.230+0000][24.366s][info][gc,phases,start] GC(90) Phase 3: Adjust pointers
[2026-07-01T01:48:20.274+0000][24.411s][info][gc,phases      ] GC(90) Phase 3: Adjust pointers 44.189ms
[2026-07-01T01:48:20.274+0000][24.411s][info][gc,phases,start] GC(90) Phase 4: Move objects
[2026-07-01T01:48:20.275+0000][24.411s][info][gc,phases      ] GC(90) Phase 4: Move objects 0.276ms
[2026-07-01T01:48:20.275+0000][24.411s][info][gc,heap        ] GC(90) DefNew: 69952K(78656K)->0K(78656K) Eden: 69952K(69952K)->0K(69952K) From: 0K(8704K)->0K(8704K)
[2026-07-01T01:48:20.275+0000][24.411s][info][gc,heap        ] GC(90) Tenured: 160466K(174784K)->160858K(174784K)
[2026-07-01T01:48:20.275+0000][24.411s][info][gc,metaspace   ] GC(90) Metaspace: 41582K(42368K)->41582K(42368K) NonClass: 36450K(36864K)->36450K(36864K) Class: 5131K(5504K)->5131K(5504K)
[2026-07-01T01:48:20.275+0000][24.411s][info][gc             ] GC(90) Pause Full (Allocation Failure) 225M->157M(247M) 173.782ms
[2026-07-01T01:48:20.275+0000][24.411s][info][gc,cpu         ] GC(90) User=0.17s Sys=0.00s Real=0.17s
[2026-07-01T01:48:20.898+0000][25.034s][info][gc,start       ] GC(91) Pause Young (Allocation Failure)
[2026-07-01T01:48:20.898+0000][25.034s][info][gc             ] GC(91) Pause Young (Allocation Failure) 225M->225M(247M) 0.108ms
[2026-07-01T01:48:20.898+0000][25.034s][info][gc,cpu         ] GC(91) User=0.00s Sys=0.00s Real=0.01s
[2026-07-01T01:48:20.898+0000][25.034s][info][gc,start       ] GC(92) Pause Full (Allocation Failure)
[2026-07-01T01:48:20.898+0000][25.034s][info][gc,phases,start] GC(92) Phase 1: Mark live objects
[2026-07-01T01:48:21.047+0000][25.183s][info][gc,phases      ] GC(92) Phase 1: Mark live objects 148.524ms
[2026-07-01T01:48:21.047+0000][25.183s][info][gc,phases,start] GC(92) Phase 2: Compute new object addresses
[2026-07-01T01:48:21.111+0000][25.248s][info][gc,phases      ] GC(92) Phase 2: Compute new object addresses 64.648ms
[2026-07-01T01:48:21.111+0000][25.248s][info][gc,phases,start] GC(92) Phase 3: Adjust pointers
[2026-07-01T01:48:21.177+0000][25.313s][info][gc,phases      ] GC(92) Phase 3: Adjust pointers 65.378ms
[2026-07-01T01:48:21.177+0000][25.313s][info][gc,phases,start] GC(92) Phase 4: Move objects
[2026-07-01T01:48:21.205+0000][25.341s][info][gc,phases      ] GC(92) Phase 4: Move objects 28.092ms
[2026-07-01T01:48:21.205+0000][25.341s][info][gc,heap        ] GC(92) DefNew: 69952K(78656K)->0K(78656K) Eden: 69952K(69952K)->0K(69952K) From: 0K(8704K)->0K(8704K)
[2026-07-01T01:48:21.205+0000][25.341s][info][gc,heap        ] GC(92) Tenured: 160858K(174784K)->158790K(174784K)
[2026-07-01T01:48:21.205+0000][25.341s][info][gc,metaspace   ] GC(92) Metaspace: 41590K(42368K)->41590K(42368K) NonClass: 36458K(36864K)->36458K(36864K) Class: 5131K(5504K)->5131K(5504K)
[2026-07-01T01:48:21.205+0000][25.341s][info][gc             ] GC(92) Pause Full (Allocation Failure) 225M->155M(247M) 307.116ms
[2026-07-01T01:48:21.205+0000][25.341s][info][gc,cpu         ] GC(92) User=0.31s Sys=0.00s Real=0.30s
[2026-07-01T01:48:21.780+0000][25.916s][info][gc,start       ] GC(93) Pause Young (Allocation Failure)
[2026-07-01T01:48:21.780+0000][25.916s][info][gc             ] GC(93) Pause Young (Allocation Failure) 223M->223M(247M) 0.110ms
[2026-07-01T01:48:21.780+0000][25.916s][info][gc,cpu         ] GC(93) User=0.00s Sys=0.00s Real=0.00s
[2026-07-01T01:48:21.780+0000][25.916s][info][gc,start       ] GC(94) Pause Full (Allocation Failure)
[2026-07-01T01:48:21.780+0000][25.916s][info][gc,phases,start] GC(94) Phase 1: Mark live objects
[2026-07-01T01:48:21.872+0000][26.008s][info][gc,phases      ] GC(94) Phase 1: Mark live objects 91.759ms
[2026-07-01T01:48:21.872+0000][26.008s][info][gc,phases,start] GC(94) Phase 2: Compute new object addresses
[2026-07-01T01:48:21.918+0000][26.054s][info][gc,phases      ] GC(94) Phase 2: Compute new object addresses 46.610ms
[2026-07-01T01:48:21.918+0000][26.054s][info][gc,phases,start] GC(94) Phase 3: Adjust pointers
[2026-07-01T01:48:21.963+0000][26.099s][info][gc,phases      ] GC(94) Phase 3: Adjust pointers 44.778ms
[2026-07-01T01:48:21.963+0000][26.099s][info][gc,phases,start] GC(94) Phase 4: Move objects
[2026-07-01T01:48:21.964+0000][26.100s][info][gc,phases      ] GC(94) Phase 4: Move objects 0.522ms
[2026-07-01T01:48:21.964+0000][26.100s][info][gc,heap        ] GC(94) DefNew: 69952K(78656K)->0K(78656K) Eden: 69952K(69952K)->0K(69952K) From: 0K(8704K)->0K(8704K)
[2026-07-01T01:48:21.964+0000][26.100s][info][gc,heap        ] GC(94) Tenured: 158790K(174784K)->160060K(174784K)
[2026-07-01T01:48:21.964+0000][26.100s][info][gc,metaspace   ] GC(94) Metaspace: 41590K(42368K)->41590K(42368K) NonClass: 36459K(36864K)->36459K(36864K) Class: 5131K(5504K)->5131K(5504K)
[2026-07-01T01:48:21.964+0000][26.100s][info][gc             ] GC(94) Pause Full (Allocation Failure) 223M->156M(247M) 184.101ms
[2026-07-01T01:48:21.964+0000][26.100s][info][gc,cpu         ] GC(94) User=0.22s Sys=0.00s Real=0.18s
[2026-07-01T01:48:22.548+0000][26.684s][info][gc,start       ] GC(95) Pause Young (Allocation Failure)
[2026-07-01T01:48:22.548+0000][26.684s][info][gc             ] GC(95) Pause Young (Allocation Failure) 224M->224M(247M) 0.103ms
[2026-07-01T01:48:22.548+0000][26.684s][info][gc,cpu         ] GC(95) User=0.01s Sys=0.00s Real=0.00s
[2026-07-01T01:48:22.548+0000][26.684s][info][gc,start       ] GC(96) Pause Full (Allocation Failure)
[2026-07-01T01:48:22.548+0000][26.684s][info][gc,phases,start] GC(96) Phase 1: Mark live objects
[2026-07-01T01:48:22.631+0000][26.767s][info][gc,phases      ] GC(96) Phase 1: Mark live objects 83.058ms
[2026-07-01T01:48:22.631+0000][26.767s][info][gc,phases,start] GC(96) Phase 2: Compute new object addresses
[2026-07-01T01:48:22.678+0000][26.814s][info][gc,phases      ] GC(96) Phase 2: Compute new object addresses 46.664ms
[2026-07-01T01:48:22.678+0000][26.814s][info][gc,phases,start] GC(96) Phase 3: Adjust pointers
[2026-07-01T01:48:22.723+0000][26.859s][info][gc,phases      ] GC(96) Phase 3: Adjust pointers 44.494ms
[2026-07-01T01:48:22.723+0000][26.859s][info][gc,phases,start] GC(96) Phase 4: Move objects
[2026-07-01T01:48:22.723+0000][26.859s][info][gc,phases      ] GC(96) Phase 4: Move objects 0.333ms
[2026-07-01T01:48:22.723+0000][26.859s][info][gc,heap        ] GC(96) DefNew: 69952K(78656K)->0K(78656K) Eden: 69952K(69952K)->0K(69952K) From: 0K(8704K)->0K(8704K)
[2026-07-01T01:48:22.723+0000][26.859s][info][gc,heap        ] GC(96) Tenured: 160060K(174784K)->160592K(174784K)
[2026-07-01T01:48:22.723+0000][26.859s][info][gc,metaspace   ] GC(96) Metaspace: 41591K(42368K)->41591K(42368K) NonClass: 36459K(36864K)->36459K(36864K) Class: 5131K(5504K)->5131K(5504K)
[2026-07-01T01:48:22.723+0000][26.859s][info][gc             ] GC(96) Pause Full (Allocation Failure) 224M->156M(247M) 174.937ms
[2026-07-01T01:48:22.723+0000][26.859s][info][gc,cpu         ] GC(96) User=0.18s Sys=0.00s Real=0.17s
[2026-07-01T01:48:23.271+0000][27.407s][info][gc,start       ] GC(97) Pause Young (Allocation Failure)
[2026-07-01T01:48:23.271+0000][27.407s][info][gc             ] GC(97) Pause Young (Allocation Failure) 225M->225M(247M) 0.087ms
[2026-07-01T01:48:23.271+0000][27.407s][info][gc,cpu         ] GC(97) User=0.00s Sys=0.00s Real=0.00s
[2026-07-01T01:48:23.271+0000][27.407s][info][gc,start       ] GC(98) Pause Full (Allocation Failure)
[2026-07-01T01:48:23.271+0000][27.407s][info][gc,phases,start] GC(98) Phase 1: Mark live objects
[2026-07-01T01:48:23.354+0000][27.490s][info][gc,phases      ] GC(98) Phase 1: Mark live objects 83.071ms
[2026-07-01T01:48:23.354+0000][27.490s][info][gc,phases,start] GC(98) Phase 2: Compute new object addresses
[2026-07-01T01:48:23.401+0000][27.537s][info][gc,phases      ] GC(98) Phase 2: Compute new object addresses 46.776ms
[2026-07-01T01:48:23.401+0000][27.537s][info][gc,phases,start] GC(98) Phase 3: Adjust pointers
[2026-07-01T01:48:23.446+0000][27.582s][info][gc,phases      ] GC(98) Phase 3: Adjust pointers 45.056ms
[2026-07-01T01:48:23.446+0000][27.582s][info][gc,phases,start] GC(98) Phase 4: Move objects
[2026-07-01T01:48:23.447+0000][27.583s][info][gc,phases      ] GC(98) Phase 4: Move objects 0.466ms
[2026-07-01T01:48:23.447+0000][27.583s][info][gc,heap        ] GC(98) DefNew: 69952K(78656K)->0K(78656K) Eden: 69952K(69952K)->0K(69952K) From: 0K(8704K)->0K(8704K)
[2026-07-01T01:48:23.447+0000][27.583s][info][gc,heap        ] GC(98) Tenured: 160592K(174784K)->161868K(174784K)
[2026-07-01T01:48:23.447+0000][27.583s][info][gc,metaspace   ] GC(98) Metaspace: 41591K(42368K)->41591K(42368K) NonClass: 36459K(36864K)->36459K(36864K) Class: 5131K(5504K)->5131K(5504K)
[2026-07-01T01:48:23.447+0000][27.583s][info][gc             ] GC(98) Pause Full (Allocation Failure) 225M->158M(247M) 175.769ms
[2026-07-01T01:48:23.447+0000][27.583s][info][gc,cpu         ] GC(98) User=0.17s Sys=0.00s Real=0.17s
[2026-07-01T01:48:24.147+0000][28.283s][info][gc,start       ] GC(99) Pause Young (Allocation Failure)
[2026-07-01T01:48:24.147+0000][28.284s][info][gc             ] GC(99) Pause Young (Allocation Failure) 226M->226M(247M) 0.119ms
[2026-07-01T01:48:24.147+0000][28.284s][info][gc,cpu         ] GC(99) User=0.00s Sys=0.00s Real=0.00s
[2026-07-01T01:48:24.147+0000][28.284s][info][gc,start       ] GC(100) Pause Full (Allocation Failure)
[2026-07-01T01:48:24.147+0000][28.284s][info][gc,phases,start] GC(100) Phase 1: Mark live objects
[2026-07-01T01:48:24.292+0000][28.429s][info][gc,phases      ] GC(100) Phase 1: Mark live objects 144.992ms
[2026-07-01T01:48:24.292+0000][28.429s][info][gc,phases,start] GC(100) Phase 2: Compute new object addresses
[2026-07-01T01:48:24.358+0000][28.494s][info][gc,phases      ] GC(100) Phase 2: Compute new object addresses 65.498ms
[2026-07-01T01:48:24.358+0000][28.494s][info][gc,phases,start] GC(100) Phase 3: Adjust pointers
[2026-07-01T01:48:24.430+0000][28.566s][info][gc,phases      ] GC(100) Phase 3: Adjust pointers 71.607ms
[2026-07-01T01:48:24.430+0000][28.566s][info][gc,phases,start] GC(100) Phase 4: Move objects
[2026-07-01T01:48:24.465+0000][28.601s][info][gc,phases      ] GC(100) Phase 4: Move objects 35.038ms
[2026-07-01T01:48:24.465+0000][28.601s][info][gc,heap        ] GC(100) DefNew: 69952K(78656K)->0K(78656K) Eden: 69952K(69952K)->0K(69952K) From: 0K(8704K)->0K(8704K)
[2026-07-01T01:48:24.465+0000][28.601s][info][gc,heap        ] GC(100) Tenured: 161868K(174784K)->159431K(174784K)
[2026-07-01T01:48:24.465+0000][28.601s][info][gc,metaspace   ] GC(100) Metaspace: 41592K(42368K)->41592K(42368K) NonClass: 36460K(36864K)->36460K(36864K) Class: 5131K(5504K)->5131K(5504K)
[2026-07-01T01:48:24.465+0000][28.601s][info][gc             ] GC(100) Pause Full (Allocation Failure) 226M->155M(247M) 317.663ms
[2026-07-01T01:48:24.465+0000][28.601s][info][gc,cpu         ] GC(100) User=0.32s Sys=0.00s Real=0.32s
[2026-07-01T01:48:25.013+0000][29.149s][info][gc,start       ] GC(101) Pause Young (Allocation Failure)
[2026-07-01T01:48:25.014+0000][29.150s][info][gc             ] GC(101) Pause Young (Allocation Failure) 224M->224M(247M) 0.927ms
[2026-07-01T01:48:25.014+0000][29.150s][info][gc,cpu         ] GC(101) User=0.00s Sys=0.00s Real=0.00s
[2026-07-01T01:48:25.014+0000][29.150s][info][gc,start       ] GC(102) Pause Full (Allocation Failure)
[2026-07-01T01:48:25.014+0000][29.150s][info][gc,phases,start] GC(102) Phase 1: Mark live objects
[2026-07-01T01:48:25.107+0000][29.243s][info][gc,phases      ] GC(102) Phase 1: Mark live objects 93.251ms
[2026-07-01T01:48:25.107+0000][29.243s][info][gc,phases,start] GC(102) Phase 2: Compute new object addresses
[2026-07-01T01:48:25.154+0000][29.290s][info][gc,phases      ] GC(102) Phase 2: Compute new object addresses 46.835ms
[2026-07-01T01:48:25.154+0000][29.290s][info][gc,phases,start] GC(102) Phase 3: Adjust pointers
[2026-07-01T01:48:25.199+0000][29.336s][info][gc,phases      ] GC(102) Phase 3: Adjust pointers 45.543ms
[2026-07-01T01:48:25.200+0000][29.336s][info][gc,phases,start] GC(102) Phase 4: Move objects
[2026-07-01T01:48:25.200+0000][29.336s][info][gc,phases      ] GC(102) Phase 4: Move objects 0.361ms
[2026-07-01T01:48:25.200+0000][29.336s][info][gc,heap        ] GC(102) DefNew: 69952K(78656K)->0K(78656K) Eden: 69952K(69952K)->0K(69952K) From: 0K(8704K)->0K(8704K)
[2026-07-01T01:48:25.200+0000][29.336s][info][gc,heap        ] GC(102) Tenured: 159431K(174784K)->159956K(174784K)
[2026-07-01T01:48:25.200+0000][29.336s][info][gc,metaspace   ] GC(102) Metaspace: 41598K(42368K)->41598K(42368K) NonClass: 36466K(36864K)->36466K(36864K) Class: 5131K(5504K)->5131K(5504K)
[2026-07-01T01:48:25.200+0000][29.336s][info][gc             ] GC(102) Pause Full (Allocation Failure) 224M->156M(247M) 186.455ms
[2026-07-01T01:48:25.200+0000][29.336s][info][gc,cpu         ] GC(102) User=0.20s Sys=0.00s Real=0.19s
[2026-07-01T01:48:25.688+0000][29.824s][info][gc,start       ] GC(103) Pause Young (Allocation Failure)
[2026-07-01T01:48:25.688+0000][29.824s][info][gc             ] GC(103) Pause Young (Allocation Failure) 224M->224M(247M) 0.082ms
[2026-07-01T01:48:25.688+0000][29.824s][info][gc,cpu         ] GC(103) User=0.00s Sys=0.00s Real=0.00s
[2026-07-01T01:48:25.688+0000][29.824s][info][gc,start       ] GC(104) Pause Full (Allocation Failure)
[2026-07-01T01:48:25.688+0000][29.824s][info][gc,phases,start] GC(104) Phase 1: Mark live objects
[2026-07-01T01:48:25.772+0000][29.908s][info][gc,phases      ] GC(104) Phase 1: Mark live objects 84.003ms
[2026-07-01T01:48:25.772+0000][29.908s][info][gc,phases,start] GC(104) Phase 2: Compute new object addresses
[2026-07-01T01:48:25.819+0000][29.955s][info][gc,phases      ] GC(104) Phase 2: Compute new object addresses 47.243ms
[2026-07-01T01:48:25.819+0000][29.955s][info][gc,phases,start] GC(104) Phase 3: Adjust pointers
[2026-07-01T01:48:25.864+0000][30.000s][info][gc,phases      ] GC(104) Phase 3: Adjust pointers 45.096ms
[2026-07-01T01:48:25.864+0000][30.001s][info][gc,phases,start] GC(104) Phase 4: Move objects
[2026-07-01T01:48:25.865+0000][30.001s][info][gc,phases      ] GC(104) Phase 4: Move objects 0.527ms
[2026-07-01T01:48:25.865+0000][30.001s][info][gc,heap        ] GC(104) DefNew: 69951K(78656K)->0K(78656K) Eden: 69951K(69952K)->0K(69952K) From: 0K(8704K)->0K(8704K)
[2026-07-01T01:48:25.865+0000][30.001s][info][gc,heap        ] GC(104) Tenured: 159956K(174784K)->161535K(174784K)
[2026-07-01T01:48:25.865+0000][30.001s][info][gc,metaspace   ] GC(104) Metaspace: 41598K(42368K)->41598K(42368K) NonClass: 36466K(36864K)->36466K(36864K) Class: 5131K(5504K)->5131K(5504K)
[2026-07-01T01:48:25.865+0000][30.001s][info][gc             ] GC(104) Pause Full (Allocation Failure) 224M->157M(247M) 177.278ms
[2026-07-01T01:48:25.865+0000][30.001s][info][gc,cpu         ] GC(104) User=0.18s Sys=0.00s Real=0.18s
[2026-07-01T01:48:26.340+0000][30.476s][info][gc,start       ] GC(105) Pause Young (Allocation Failure)
[2026-07-01T01:48:26.340+0000][30.477s][info][gc             ] GC(105) Pause Young (Allocation Failure) 226M->226M(247M) 0.113ms
[2026-07-01T01:48:26.340+0000][30.477s][info][gc,cpu         ] GC(105) User=0.00s Sys=0.00s Real=0.00s
[2026-07-01T01:48:26.340+0000][30.477s][info][gc,start       ] GC(106) Pause Full (Allocation Failure)
[2026-07-01T01:48:26.341+0000][30.477s][info][gc,phases,start] GC(106) Phase 1: Mark live objects
[2026-07-01T01:48:26.426+0000][30.562s][info][gc,phases      ] GC(106) Phase 1: Mark live objects 85.258ms
[2026-07-01T01:48:26.426+0000][30.562s][info][gc,phases,start] GC(106) Phase 2: Compute new object addresses
[2026-07-01T01:48:26.473+0000][30.609s][info][gc,phases      ] GC(106) Phase 2: Compute new object addresses 47.134ms
[2026-07-01T01:48:26.473+0000][30.609s][info][gc,phases,start] GC(106) Phase 3: Adjust pointers
[2026-07-01T01:48:26.519+0000][30.655s][info][gc,phases      ] GC(106) Phase 3: Adjust pointers 45.886ms
[2026-07-01T01:48:26.519+0000][30.655s][info][gc,phases,start] GC(106) Phase 4: Move objects
[2026-07-01T01:48:26.519+0000][30.655s][info][gc,phases      ] GC(106) Phase 4: Move objects 0.420ms
[2026-07-01T01:48:26.520+0000][30.656s][info][gc,heap        ] GC(106) DefNew: 69952K(78656K)->0K(78656K) Eden: 69952K(69952K)->0K(69952K) From: 0K(8704K)->0K(8704K)
[2026-07-01T01:48:26.520+0000][30.656s][info][gc,heap        ] GC(106) Tenured: 161535K(174784K)->162454K(174784K)
[2026-07-01T01:48:26.520+0000][30.656s][info][gc,metaspace   ] GC(106) Metaspace: 41599K(42368K)->41599K(42368K) NonClass: 36467K(36864K)->36467K(36864K) Class: 5131K(5504K)->5131K(5504K)
[2026-07-01T01:48:26.520+0000][30.656s][info][gc             ] GC(106) Pause Full (Allocation Failure) 226M->158M(247M) 179.124ms
[2026-07-01T01:48:26.520+0000][30.656s][info][gc,cpu         ] GC(106) User=0.18s Sys=0.00s Real=0.18s
[2026-07-01T01:48:27.040+0000][31.176s][info][gc,start       ] GC(107) Pause Young (Allocation Failure)
[2026-07-01T01:48:27.040+0000][31.177s][info][gc             ] GC(107) Pause Young (Allocation Failure) 226M->226M(247M) 0.076ms
[2026-07-01T01:48:27.040+0000][31.177s][info][gc,cpu         ] GC(107) User=0.00s Sys=0.00s Real=0.00s
[2026-07-01T01:48:27.040+0000][31.177s][info][gc,start       ] GC(108) Pause Full (Allocation Failure)
[2026-07-01T01:48:27.040+0000][31.177s][info][gc,phases,start] GC(108) Phase 1: Mark live objects
[2026-07-01T01:48:27.125+0000][31.261s][info][gc,phases      ] GC(108) Phase 1: Mark live objects 84.898ms
[2026-07-01T01:48:27.125+0000][31.261s][info][gc,phases,start] GC(108) Phase 2: Compute new object addresses
[2026-07-01T01:48:27.172+0000][31.308s][info][gc,phases      ] GC(108) Phase 2: Compute new object addresses 46.647ms
[2026-07-01T01:48:27.172+0000][31.308s][info][gc,phases,start] GC(108) Phase 3: Adjust pointers
[2026-07-01T01:48:27.221+0000][31.357s][info][gc,phases      ] GC(108) Phase 3: Adjust pointers 49.071ms
[2026-07-01T01:48:27.221+0000][31.357s][info][gc,phases,start] GC(108) Phase 4: Move objects
[2026-07-01T01:48:27.250+0000][31.386s][info][gc,phases      ] GC(108) Phase 4: Move objects 28.424ms
[2026-07-01T01:48:27.250+0000][31.386s][info][gc,heap        ] GC(108) DefNew: 69952K(78656K)->0K(78656K) Eden: 69952K(69952K)->0K(69952K) From: 0K(8704K)->0K(8704K)
[2026-07-01T01:48:27.250+0000][31.386s][info][gc,heap        ] GC(108) Tenured: 162454K(174784K)->160164K(174784K)
[2026-07-01T01:48:27.250+0000][31.386s][info][gc,metaspace   ] GC(108) Metaspace: 41604K(42368K)->41604K(42368K) NonClass: 36472K(36864K)->36472K(36864K) Class: 5132K(5504K)->5132K(5504K)
[2026-07-01T01:48:27.250+0000][31.386s][info][gc             ] GC(108) Pause Full (Allocation Failure) 226M->156M(247M) 209.490ms
[2026-07-01T01:48:27.250+0000][31.386s][info][gc,cpu         ] GC(108) User=0.21s Sys=0.01s Real=0.21s
[2026-07-01T01:48:27.742+0000][31.878s][info][gc,start       ] GC(109) Pause Young (Allocation Failure)
[2026-07-01T01:48:27.742+0000][31.878s][info][gc             ] GC(109) Pause Young (Allocation Failure) 224M->224M(247M) 0.098ms
[2026-07-01T01:48:27.742+0000][31.878s][info][gc,cpu         ] GC(109) User=0.00s Sys=0.00s Real=0.00s
[2026-07-01T01:48:27.742+0000][31.879s][info][gc,start       ] GC(110) Pause Full (Allocation Failure)
[2026-07-01T01:48:27.742+0000][31.879s][info][gc,phases,start] GC(110) Phase 1: Mark live objects
[2026-07-01T01:48:27.827+0000][31.963s][info][gc,phases      ] GC(110) Phase 1: Mark live objects 84.569ms
[2026-07-01T01:48:27.827+0000][31.963s][info][gc,phases,start] GC(110) Phase 2: Compute new object addresses
[2026-07-01T01:48:27.874+0000][32.010s][info][gc,phases      ] GC(110) Phase 2: Compute new object addresses 47.074ms
[2026-07-01T01:48:27.874+0000][32.010s][info][gc,phases,start] GC(110) Phase 3: Adjust pointers
[2026-07-01T01:48:27.920+0000][32.056s][info][gc,phases      ] GC(110) Phase 3: Adjust pointers 45.783ms
[2026-07-01T01:48:27.920+0000][32.056s][info][gc,phases,start] GC(110) Phase 4: Move objects
[2026-07-01T01:48:27.920+0000][32.057s][info][gc,phases      ] GC(110) Phase 4: Move objects 0.475ms
[2026-07-01T01:48:27.921+0000][32.057s][info][gc,heap        ] GC(110) DefNew: 69951K(78656K)->0K(78656K) Eden: 69951K(69952K)->0K(69952K) From: 0K(8704K)->0K(8704K)
[2026-07-01T01:48:27.921+0000][32.057s][info][gc,heap        ] GC(110) Tenured: 160164K(174784K)->161583K(174784K)
[2026-07-01T01:48:27.921+0000][32.057s][info][gc,metaspace   ] GC(110) Metaspace: 41604K(42368K)->41604K(42368K) NonClass: 36472K(36864K)->36472K(36864K) Class: 5132K(5504K)->5132K(5504K)
[2026-07-01T01:48:27.921+0000][32.057s][info][gc             ] GC(110) Pause Full (Allocation Failure) 224M->157M(247M) 178.349ms
[2026-07-01T01:48:27.921+0000][32.057s][info][gc,cpu         ] GC(110) User=0.18s Sys=0.00s Real=0.18s
[2026-07-01T01:48:28.553+0000][32.689s][info][gc,start       ] GC(111) Pause Young (Allocation Failure)
[2026-07-01T01:48:28.553+0000][32.689s][info][gc             ] GC(111) Pause Young (Allocation Failure) 226M->226M(247M) 0.121ms
[2026-07-01T01:48:28.553+0000][32.689s][info][gc,cpu         ] GC(111) User=0.00s Sys=0.00s Real=0.00s
[2026-07-01T01:48:28.553+0000][32.689s][info][gc,start       ] GC(112) Pause Full (Allocation Failure)
[2026-07-01T01:48:28.553+0000][32.689s][info][gc,phases,start] GC(112) Phase 1: Mark live objects
[2026-07-01T01:48:28.698+0000][32.835s][info][gc,phases      ] GC(112) Phase 1: Mark live objects 145.422ms
[2026-07-01T01:48:28.698+0000][32.835s][info][gc,phases,start] GC(112) Phase 2: Compute new object addresses
[2026-07-01T01:48:28.764+0000][32.900s][info][gc,phases      ] GC(112) Phase 2: Compute new object addresses 65.891ms
[2026-07-01T01:48:28.764+0000][32.900s][info][gc,phases,start] GC(112) Phase 3: Adjust pointers
[2026-07-01T01:48:28.831+0000][32.967s][info][gc,phases      ] GC(112) Phase 3: Adjust pointers 66.329ms
[2026-07-01T01:48:28.831+0000][32.967s][info][gc,phases,start] GC(112) Phase 4: Move objects
[2026-07-01T01:48:28.831+0000][32.967s][info][gc,phases      ] GC(112) Phase 4: Move objects 0.399ms
[2026-07-01T01:48:28.831+0000][32.968s][info][gc,heap        ] GC(112) DefNew: 69952K(78656K)->0K(78656K) Eden: 69952K(69952K)->0K(69952K) From: 0K(8704K)->0K(8704K)
[2026-07-01T01:48:28.831+0000][32.968s][info][gc,heap        ] GC(112) Tenured: 161583K(174784K)->162310K(174784K)
[2026-07-01T01:48:28.831+0000][32.968s][info][gc,metaspace   ] GC(112) Metaspace: 41604K(42368K)->41604K(42368K) NonClass: 36472K(36864K)->36472K(36864K) Class: 5132K(5504K)->5132K(5504K)
[2026-07-01T01:48:28.831+0000][32.968s][info][gc             ] GC(112) Pause Full (Allocation Failure) 226M->158M(247M) 278.526ms
[2026-07-01T01:48:28.831+0000][32.968s][info][gc,cpu         ] GC(112) User=0.28s Sys=0.01s Real=0.28s
[2026-07-01T01:48:29.350+0000][33.486s][info][gc,start       ] GC(113) Pause Young (Allocation Failure)
[2026-07-01T01:48:29.350+0000][33.486s][info][gc             ] GC(113) Pause Young (Allocation Failure) 226M->226M(247M) 0.106ms
[2026-07-01T01:48:29.350+0000][33.486s][info][gc,cpu         ] GC(113) User=0.00s Sys=0.00s Real=0.00s
[2026-07-01T01:48:29.350+0000][33.486s][info][gc,start       ] GC(114) Pause Full (Allocation Failure)
[2026-07-01T01:48:29.350+0000][33.486s][info][gc,phases,start] GC(114) Phase 1: Mark live objects
[2026-07-01T01:48:29.437+0000][33.573s][info][gc,phases      ] GC(114) Phase 1: Mark live objects 86.805ms
[2026-07-01T01:48:29.437+0000][33.573s][info][gc,phases,start] GC(114) Phase 2: Compute new object addresses
[2026-07-01T01:48:29.485+0000][33.621s][info][gc,phases      ] GC(114) Phase 2: Compute new object addresses 47.695ms
[2026-07-01T01:48:29.485+0000][33.621s][info][gc,phases,start] GC(114) Phase 3: Adjust pointers
[2026-07-01T01:48:29.532+0000][33.668s][info][gc,phases      ] GC(114) Phase 3: Adjust pointers 47.079ms
[2026-07-01T01:48:29.532+0000][33.668s][info][gc,phases,start] GC(114) Phase 4: Move objects
[2026-07-01T01:48:29.533+0000][33.669s][info][gc,phases      ] GC(114) Phase 4: Move objects 0.701ms
[2026-07-01T01:48:29.533+0000][33.669s][info][gc,heap        ] GC(114) DefNew: 69952K(78656K)->0K(78656K) Eden: 69952K(69952K)->0K(69952K) From: 0K(8704K)->0K(8704K)
[2026-07-01T01:48:29.533+0000][33.669s][info][gc,heap        ] GC(114) Tenured: 162310K(174784K)->163195K(174784K)
[2026-07-01T01:48:29.533+0000][33.669s][info][gc,metaspace   ] GC(114) Metaspace: 41606K(42368K)->41606K(42368K) NonClass: 36474K(36864K)->36474K(36864K) Class: 5132K(5504K)->5132K(5504K)
[2026-07-01T01:48:29.533+0000][33.669s][info][gc             ] GC(114) Pause Full (Allocation Failure) 226M->159M(247M) 182.708ms
[2026-07-01T01:48:29.533+0000][33.669s][info][gc,cpu         ] GC(114) User=0.18s Sys=0.01s Real=0.18s
[2026-07-01T01:48:30.018+0000][34.154s][info][gc,start       ] GC(115) Pause Young (Allocation Failure)
[2026-07-01T01:48:30.018+0000][34.154s][info][gc             ] GC(115) Pause Young (Allocation Failure) 227M->227M(247M) 0.104ms
[2026-07-01T01:48:30.018+0000][34.154s][info][gc,cpu         ] GC(115) User=0.00s Sys=0.00s Real=0.00s
[2026-07-01T01:48:30.018+0000][34.154s][info][gc,start       ] GC(116) Pause Full (Allocation Failure)
[2026-07-01T01:48:30.018+0000][34.154s][info][gc,phases,start] GC(116) Phase 1: Mark live objects
[2026-07-01T01:48:30.106+0000][34.242s][info][gc,phases      ] GC(116) Phase 1: Mark live objects 87.452ms
[2026-07-01T01:48:30.106+0000][34.242s][info][gc,phases,start] GC(116) Phase 2: Compute new object addresses
[2026-07-01T01:48:30.153+0000][34.289s][info][gc,phases      ] GC(116) Phase 2: Compute new object addresses 46.961ms
[2026-07-01T01:48:30.153+0000][34.289s][info][gc,phases,start] GC(116) Phase 3: Adjust pointers
[2026-07-01T01:48:30.203+0000][34.339s][info][gc,phases      ] GC(116) Phase 3: Adjust pointers 50.342ms
[2026-07-01T01:48:30.203+0000][34.339s][info][gc,phases,start] GC(116) Phase 4: Move objects
[2026-07-01T01:48:30.232+0000][34.368s][info][gc,phases      ] GC(116) Phase 4: Move objects 28.441ms
[2026-07-01T01:48:30.232+0000][34.368s][info][gc,heap        ] GC(116) DefNew: 69952K(78656K)->0K(78656K) Eden: 69952K(69952K)->0K(69952K) From: 0K(8704K)->0K(8704K)
[2026-07-01T01:48:30.232+0000][34.368s][info][gc,heap        ] GC(116) Tenured: 163195K(174784K)->160874K(174784K)
[2026-07-01T01:48:30.232+0000][34.368s][info][gc,metaspace   ] GC(116) Metaspace: 41606K(42368K)->41606K(42368K) NonClass: 36474K(36864K)->36474K(36864K) Class: 5132K(5504K)->5132K(5504K)
[2026-07-01T01:48:30.232+0000][34.368s][info][gc             ] GC(116) Pause Full (Allocation Failure) 227M->157M(247M) 213.633ms
[2026-07-01T01:48:30.232+0000][34.368s][info][gc,cpu         ] GC(116) User=0.21s Sys=0.00s Real=0.21s
[2026-07-01T01:48:30.833+0000][34.969s][info][gc,start       ] GC(117) Pause Young (Allocation Failure)
[2026-07-01T01:48:30.833+0000][34.969s][info][gc             ] GC(117) Pause Young (Allocation Failure) 225M->225M(247M) 0.073ms
[2026-07-01T01:48:30.833+0000][34.969s][info][gc,cpu         ] GC(117) User=0.00s Sys=0.00s Real=0.00s
[2026-07-01T01:48:30.833+0000][34.969s][info][gc,start       ] GC(118) Pause Full (Allocation Failure)
[2026-07-01T01:48:30.833+0000][34.969s][info][gc,phases,start] GC(118) Phase 1: Mark live objects
[2026-07-01T01:48:30.921+0000][35.057s][info][gc,phases      ] GC(118) Phase 1: Mark live objects 88.109ms
[2026-07-01T01:48:30.921+0000][35.057s][info][gc,phases,start] GC(118) Phase 2: Compute new object addresses
[2026-07-01T01:48:30.968+0000][35.104s][info][gc,phases      ] GC(118) Phase 2: Compute new object addresses 47.198ms
[2026-07-01T01:48:30.968+0000][35.104s][info][gc,phases,start] GC(118) Phase 3: Adjust pointers
[2026-07-01T01:48:31.015+0000][35.151s][info][gc,phases      ] GC(118) Phase 3: Adjust pointers 46.834ms
[2026-07-01T01:48:31.015+0000][35.151s][info][gc,phases,start] GC(118) Phase 4: Move objects
[2026-07-01T01:48:31.016+0000][35.152s][info][gc,phases      ] GC(118) Phase 4: Move objects 0.590ms
[2026-07-01T01:48:31.016+0000][35.152s][info][gc,heap        ] GC(118) DefNew: 69952K(78656K)->0K(78656K) Eden: 69952K(69952K)->0K(69952K) From: 0K(8704K)->0K(8704K)
[2026-07-01T01:48:31.016+0000][35.152s][info][gc,heap        ] GC(118) Tenured: 160874K(174784K)->162932K(174784K)
[2026-07-01T01:48:31.016+0000][35.152s][info][gc,metaspace   ] GC(118) Metaspace: 41606K(42368K)->41606K(42368K) NonClass: 36474K(36864K)->36474K(36864K) Class: 5132K(5504K)->5132K(5504K)
[2026-07-01T01:48:31.016+0000][35.152s][info][gc             ] GC(118) Pause Full (Allocation Failure) 225M->159M(247M) 183.152ms
[2026-07-01T01:48:31.016+0000][35.152s][info][gc,cpu         ] GC(118) User=0.18s Sys=0.00s Real=0.18s
[2026-07-01T01:48:31.599+0000][35.735s][info][gc,start       ] GC(119) Pause Young (Allocation Failure)
[2026-07-01T01:48:31.599+0000][35.736s][info][gc             ] GC(119) Pause Young (Allocation Failure) 227M->227M(247M) 0.106ms
[2026-07-01T01:48:31.599+0000][35.736s][info][gc,cpu         ] GC(119) User=0.01s Sys=0.00s Real=0.00s
[2026-07-01T01:48:31.599+0000][35.736s][info][gc,start       ] GC(120) Pause Full (Allocation Failure)
[2026-07-01T01:48:31.599+0000][35.736s][info][gc,phases,start] GC(120) Phase 1: Mark live objects
[2026-07-01T01:48:31.693+0000][35.829s][info][gc,phases      ] GC(120) Phase 1: Mark live objects 93.202ms
[2026-07-01T01:48:31.693+0000][35.829s][info][gc,phases,start] GC(120) Phase 2: Compute new object addresses
[2026-07-01T01:48:31.741+0000][35.877s][info][gc,phases      ] GC(120) Phase 2: Compute new object addresses 48.002ms
[2026-07-01T01:48:31.741+0000][35.877s][info][gc,phases,start] GC(120) Phase 3: Adjust pointers
[2026-07-01T01:48:31.789+0000][35.925s][info][gc,phases      ] GC(120) Phase 3: Adjust pointers 48.043ms
[2026-07-01T01:48:31.789+0000][35.925s][info][gc,phases,start] GC(120) Phase 4: Move objects
[2026-07-01T01:48:31.789+0000][35.925s][info][gc,phases      ] GC(120) Phase 4: Move objects 0.317ms
[2026-07-01T01:48:31.789+0000][35.925s][info][gc,heap        ] GC(120) DefNew: 69952K(78656K)->0K(78656K) Eden: 69952K(69952K)->0K(69952K) From: 0K(8704K)->0K(8704K)
[2026-07-01T01:48:31.789+0000][35.925s][info][gc,heap        ] GC(120) Tenured: 162932K(174784K)->163294K(174784K)
[2026-07-01T01:48:31.789+0000][35.926s][info][gc,metaspace   ] GC(120) Metaspace: 41606K(42368K)->41606K(42368K) NonClass: 36474K(36864K)->36474K(36864K) Class: 5132K(5504K)->5132K(5504K)
[2026-07-01T01:48:31.789+0000][35.926s][info][gc             ] GC(120) Pause Full (Allocation Failure) 227M->159M(247M) 189.986ms
[2026-07-01T01:48:31.789+0000][35.926s][info][gc,cpu         ] GC(120) User=0.19s Sys=0.00s Real=0.19s
[2026-07-01T01:48:32.345+0000][36.481s][info][gc,start       ] GC(121) Pause Young (Allocation Failure)
[2026-07-01T01:48:32.345+0000][36.481s][info][gc             ] GC(121) Pause Young (Allocation Failure) 227M->227M(247M) 0.126ms
[2026-07-01T01:48:32.345+0000][36.481s][info][gc,cpu         ] GC(121) User=0.00s Sys=0.00s Real=0.00s
[2026-07-01T01:48:32.345+0000][36.481s][info][gc,start       ] GC(122) Pause Full (Allocation Failure)
[2026-07-01T01:48:32.345+0000][36.481s][info][gc,phases,start] GC(122) Phase 1: Mark live objects
[2026-07-01T01:48:32.436+0000][36.572s][info][gc,phases      ] GC(122) Phase 1: Mark live objects 90.564ms
[2026-07-01T01:48:32.436+0000][36.572s][info][gc,phases,start] GC(122) Phase 2: Compute new object addresses
[2026-07-01T01:48:32.483+0000][36.619s][info][gc,phases      ] GC(122) Phase 2: Compute new object addresses 47.529ms
[2026-07-01T01:48:32.483+0000][36.619s][info][gc,phases,start] GC(122) Phase 3: Adjust pointers
[2026-07-01T01:48:32.531+0000][36.667s][info][gc,phases      ] GC(122) Phase 3: Adjust pointers 47.895ms
[2026-07-01T01:48:32.531+0000][36.667s][info][gc,phases,start] GC(122) Phase 4: Move objects
[2026-07-01T01:48:32.532+0000][36.668s][info][gc,phases      ] GC(122) Phase 4: Move objects 0.300ms
[2026-07-01T01:48:32.532+0000][36.668s][info][gc,heap        ] GC(122) DefNew: 69952K(78656K)->0K(78656K) Eden: 69952K(69952K)->0K(69952K) From: 0K(8704K)->0K(8704K)
[2026-07-01T01:48:32.532+0000][36.668s][info][gc,heap        ] GC(122) Tenured: 163294K(174784K)->163687K(174784K)
[2026-07-01T01:48:32.532+0000][36.668s][info][gc,metaspace   ] GC(122) Metaspace: 41606K(42368K)->41606K(42368K) NonClass: 36474K(36864K)->36474K(36864K) Class: 5132K(5504K)->5132K(5504K)
[2026-07-01T01:48:32.532+0000][36.668s][info][gc             ] GC(122) Pause Full (Allocation Failure) 227M->159M(247M) 186.707ms
[2026-07-01T01:48:32.532+0000][36.668s][info][gc,cpu         ] GC(122) User=0.19s Sys=0.01s Real=0.19s
[2026-07-01T01:48:33.156+0000][37.292s][info][gc,start       ] GC(123) Pause Young (Allocation Failure)
[2026-07-01T01:48:33.156+0000][37.293s][info][gc             ] GC(123) Pause Young (Allocation Failure) 228M->228M(247M) 0.245ms
[2026-07-01T01:48:33.157+0000][37.293s][info][gc,cpu         ] GC(123) User=0.00s Sys=0.00s Real=0.00s
[2026-07-01T01:48:33.157+0000][37.293s][info][gc,start       ] GC(124) Pause Full (Allocation Failure)
[2026-07-01T01:48:33.157+0000][37.293s][info][gc,phases,start] GC(124) Phase 1: Mark live objects
[2026-07-01T01:48:33.246+0000][37.383s][info][gc,phases      ] GC(124) Phase 1: Mark live objects 89.930ms
[2026-07-01T01:48:33.247+0000][37.383s][info][gc,phases,start] GC(124) Phase 2: Compute new object addresses
[2026-07-01T01:48:33.293+0000][37.430s][info][gc,phases      ] GC(124) Phase 2: Compute new object addresses 46.875ms
[2026-07-01T01:48:33.293+0000][37.430s][info][gc,phases,start] GC(124) Phase 3: Adjust pointers
[2026-07-01T01:48:33.344+0000][37.480s][info][gc,phases      ] GC(124) Phase 3: Adjust pointers 50.832ms
[2026-07-01T01:48:33.344+0000][37.480s][info][gc,phases,start] GC(124) Phase 4: Move objects
[2026-07-01T01:48:33.374+0000][37.510s][info][gc,phases      ] GC(124) Phase 4: Move objects 29.227ms
[2026-07-01T01:48:33.374+0000][37.510s][info][gc,heap        ] GC(124) DefNew: 69952K(78656K)->0K(78656K) Eden: 69952K(69952K)->0K(69952K) From: 0K(8704K)->0K(8704K)
[2026-07-01T01:48:33.374+0000][37.510s][info][gc,heap        ] GC(124) Tenured: 163687K(174784K)->161544K(174784K)
[2026-07-01T01:48:33.374+0000][37.510s][info][gc,metaspace   ] GC(124) Metaspace: 41611K(42368K)->41611K(42368K) NonClass: 36479K(36864K)->36479K(36864K) Class: 5132K(5504K)->5132K(5504K)
[2026-07-01T01:48:33.374+0000][37.510s][info][gc             ] GC(124) Pause Full (Allocation Failure) 228M->157M(247M) 217.292ms
[2026-07-01T01:48:33.374+0000][37.510s][info][gc,cpu         ] GC(124) User=0.22s Sys=0.00s Real=0.22s
[2026-07-01T01:48:33.934+0000][38.070s][info][gc,start       ] GC(125) Pause Young (Allocation Failure)
[2026-07-01T01:48:33.934+0000][38.071s][info][gc             ] GC(125) Pause Young (Allocation Failure) 226M->226M(247M) 0.116ms
[2026-07-01T01:48:33.934+0000][38.071s][info][gc,cpu         ] GC(125) User=0.00s Sys=0.00s Real=0.00s
[2026-07-01T01:48:33.934+0000][38.071s][info][gc,start       ] GC(126) Pause Full (Allocation Failure)
[2026-07-01T01:48:33.934+0000][38.071s][info][gc,phases,start] GC(126) Phase 1: Mark live objects
[2026-07-01T01:48:34.042+0000][38.178s][info][gc,phases      ] GC(126) Phase 1: Mark live objects 107.065ms
[2026-07-01T01:48:34.042+0000][38.178s][info][gc,phases,start] GC(126) Phase 2: Compute new object addresses
[2026-07-01T01:48:34.089+0000][38.225s][info][gc,phases      ] GC(126) Phase 2: Compute new object addresses 47.331ms
[2026-07-01T01:48:34.089+0000][38.225s][info][gc,phases,start] GC(126) Phase 3: Adjust pointers
[2026-07-01T01:48:34.136+0000][38.272s][info][gc,phases      ] GC(126) Phase 3: Adjust pointers 46.859ms
[2026-07-01T01:48:34.136+0000][38.272s][info][gc,phases,start] GC(126) Phase 4: Move objects
[2026-07-01T01:48:34.136+0000][38.272s][info][gc,phases      ] GC(126) Phase 4: Move objects 0.300ms
[2026-07-01T01:48:34.136+0000][38.273s][info][gc,heap        ] GC(126) DefNew: 69952K(78656K)->0K(78656K) Eden: 69952K(69952K)->0K(69952K) From: 0K(8704K)->0K(8704K)
[2026-07-01T01:48:34.136+0000][38.273s][info][gc,heap        ] GC(126) Tenured: 161544K(174784K)->161861K(174784K)
[2026-07-01T01:48:34.136+0000][38.273s][info][gc,metaspace   ] GC(126) Metaspace: 41611K(42368K)->41611K(42368K) NonClass: 36479K(36864K)->36479K(36864K) Class: 5132K(5504K)->5132K(5504K)
[2026-07-01T01:48:34.136+0000][38.273s][info][gc             ] GC(126) Pause Full (Allocation Failure) 226M->158M(247M) 201.957ms
[2026-07-01T01:48:34.136+0000][38.273s][info][gc,cpu         ] GC(126) User=0.20s Sys=0.00s Real=0.20s
[2026-07-01T01:48:34.585+0000][38.721s][info][gc,start       ] GC(127) Pause Young (Allocation Failure)
[2026-07-01T01:48:34.585+0000][38.721s][info][gc             ] GC(127) Pause Young (Allocation Failure) 226M->226M(247M) 0.096ms
[2026-07-01T01:48:34.585+0000][38.721s][info][gc,cpu         ] GC(127) User=0.00s Sys=0.00s Real=0.00s
[2026-07-01T01:48:34.585+0000][38.721s][info][gc,start       ] GC(128) Pause Full (Allocation Failure)
[2026-07-01T01:48:34.585+0000][38.721s][info][gc,phases,start] GC(128) Phase 1: Mark live objects
[2026-07-01T01:48:34.678+0000][38.814s][info][gc,phases      ] GC(128) Phase 1: Mark live objects 92.964ms
[2026-07-01T01:48:34.678+0000][38.814s][info][gc,phases,start] GC(128) Phase 2: Compute new object addresses
[2026-07-01T01:48:34.725+0000][38.861s][info][gc,phases      ] GC(128) Phase 2: Compute new object addresses 47.433ms
[2026-07-01T01:48:34.725+0000][38.861s][info][gc,phases,start] GC(128) Phase 3: Adjust pointers
[2026-07-01T01:48:34.773+0000][38.909s][info][gc,phases      ] GC(128) Phase 3: Adjust pointers 47.927ms
[2026-07-01T01:48:34.773+0000][38.909s][info][gc,phases,start] GC(128) Phase 4: Move objects
[2026-07-01T01:48:34.774+0000][38.910s][info][gc,phases      ] GC(128) Phase 4: Move objects 0.390ms
[2026-07-01T01:48:34.774+0000][38.910s][info][gc,heap        ] GC(128) DefNew: 69952K(78656K)->0K(78656K) Eden: 69952K(69952K)->0K(69952K) From: 0K(8704K)->0K(8704K)
[2026-07-01T01:48:34.774+0000][38.910s][info][gc,heap        ] GC(128) Tenured: 161861K(174784K)->162710K(174784K)
[2026-07-01T01:48:34.774+0000][38.910s][info][gc,metaspace   ] GC(128) Metaspace: 41611K(42368K)->41611K(42368K) NonClass: 36479K(36864K)->36479K(36864K) Class: 5132K(5504K)->5132K(5504K)
[2026-07-01T01:48:34.774+0000][38.910s][info][gc             ] GC(128) Pause Full (Allocation Failure) 226M->158M(247M) 189.101ms
[2026-07-01T01:48:34.774+0000][38.910s][info][gc,cpu         ] GC(128) User=0.20s Sys=0.00s Real=0.19s
[2026-07-01T01:48:35.383+0000][39.519s][info][gc,start       ] GC(129) Pause Young (Allocation Failure)
[2026-07-01T01:48:35.383+0000][39.519s][info][gc             ] GC(129) Pause Young (Allocation Failure) 227M->227M(247M) 0.204ms
[2026-07-01T01:48:35.383+0000][39.519s][info][gc,cpu         ] GC(129) User=0.00s Sys=0.00s Real=0.00s
[2026-07-01T01:48:35.383+0000][39.519s][info][gc,start       ] GC(130) Pause Full (Allocation Failure)
[2026-07-01T01:48:35.383+0000][39.519s][info][gc,phases,start] GC(130) Phase 1: Mark live objects
[2026-07-01T01:48:35.488+0000][39.624s][info][gc,phases      ] GC(130) Phase 1: Mark live objects 104.948ms
[2026-07-01T01:48:35.488+0000][39.624s][info][gc,phases,start] GC(130) Phase 2: Compute new object addresses
[2026-07-01T01:48:35.535+0000][39.672s][info][gc,phases      ] GC(130) Phase 2: Compute new object addresses 47.558ms
[2026-07-01T01:48:35.536+0000][39.672s][info][gc,phases,start] GC(130) Phase 3: Adjust pointers
[2026-07-01T01:48:35.585+0000][39.721s][info][gc,phases      ] GC(130) Phase 3: Adjust pointers 49.591ms
[2026-07-01T01:48:35.585+0000][39.721s][info][gc,phases,start] GC(130) Phase 4: Move objects
[2026-07-01T01:48:35.586+0000][39.722s][info][gc,phases      ] GC(130) Phase 4: Move objects 0.535ms
[2026-07-01T01:48:35.586+0000][39.722s][info][gc,heap        ] GC(130) DefNew: 69952K(78656K)->0K(78656K) Eden: 69952K(69952K)->0K(69952K) From: 0K(8704K)->0K(8704K)
[2026-07-01T01:48:35.586+0000][39.722s][info][gc,heap        ] GC(130) Tenured: 162710K(174784K)->164355K(174784K)
[2026-07-01T01:48:35.586+0000][39.722s][info][gc,metaspace   ] GC(130) Metaspace: 41616K(42368K)->41616K(42368K) NonClass: 36484K(36864K)->36484K(36864K) Class: 5132K(5504K)->5132K(5504K)
[2026-07-01T01:48:35.586+0000][39.722s][info][gc             ] GC(130) Pause Full (Allocation Failure) 227M->160M(247M) 203.057ms
[2026-07-01T01:48:35.586+0000][39.722s][info][gc,cpu         ] GC(130) User=0.23s Sys=0.01s Real=0.20s
[2026-07-01T01:48:36.019+0000][40.155s][info][gc,start       ] GC(131) Pause Young (Allocation Failure)
[2026-07-01T01:48:36.019+0000][40.155s][info][gc             ] GC(131) Pause Young (Allocation Failure) 228M->228M(247M) 0.094ms
[2026-07-01T01:48:36.019+0000][40.155s][info][gc,cpu         ] GC(131) User=0.00s Sys=0.00s Real=0.00s
[2026-07-01T01:48:36.019+0000][40.155s][info][gc,start       ] GC(132) Pause Full (Allocation Failure)
[2026-07-01T01:48:36.019+0000][40.155s][info][gc,phases,start] GC(132) Phase 1: Mark live objects
[2026-07-01T01:48:36.112+0000][40.248s][info][gc,phases      ] GC(132) Phase 1: Mark live objects 92.804ms
[2026-07-01T01:48:36.112+0000][40.248s][info][gc,phases,start] GC(132) Phase 2: Compute new object addresses
[2026-07-01T01:48:36.159+0000][40.295s][info][gc,phases      ] GC(132) Phase 2: Compute new object addresses 47.603ms
[2026-07-01T01:48:36.159+0000][40.295s][info][gc,phases,start] GC(132) Phase 3: Adjust pointers
[2026-07-01T01:48:36.212+0000][40.348s][info][gc,phases      ] GC(132) Phase 3: Adjust pointers 52.969ms
[2026-07-01T01:48:36.212+0000][40.348s][info][gc,phases,start] GC(132) Phase 4: Move objects
[2026-07-01T01:48:36.241+0000][40.378s][info][gc,phases      ] GC(132) Phase 4: Move objects 29.156ms
[2026-07-01T01:48:36.242+0000][40.378s][info][gc,heap        ] GC(132) DefNew: 69952K(78656K)->0K(78656K) Eden: 69952K(69952K)->0K(69952K) From: 0K(8704K)->0K(8704K)
[2026-07-01T01:48:36.242+0000][40.378s][info][gc,heap        ] GC(132) Tenured: 164355K(174784K)->162203K(174784K)
[2026-07-01T01:48:36.242+0000][40.378s][info][gc,metaspace   ] GC(132) Metaspace: 41616K(42368K)->41616K(42368K) NonClass: 36484K(36864K)->36484K(36864K) Class: 5132K(5504K)->5132K(5504K)
[2026-07-01T01:48:36.242+0000][40.378s][info][gc             ] GC(132) Pause Full (Allocation Failure) 228M->158M(247M) 222.973ms
[2026-07-01T01:48:36.242+0000][40.378s][info][gc,cpu         ] GC(132) User=0.22s Sys=0.00s Real=0.22s
[2026-07-01T01:48:36.943+0000][41.079s][info][gc,start       ] GC(133) Pause Young (Allocation Failure)
[2026-07-01T01:48:36.943+0000][41.079s][info][gc             ] GC(133) Pause Young (Allocation Failure) 226M->226M(247M) 0.114ms
[2026-07-01T01:48:36.943+0000][41.079s][info][gc,cpu         ] GC(133) User=0.00s Sys=0.00s Real=0.00s
[2026-07-01T01:48:36.943+0000][41.079s][info][gc,start       ] GC(134) Pause Full (Allocation Failure)
[2026-07-01T01:48:36.943+0000][41.079s][info][gc,phases,start] GC(134) Phase 1: Mark live objects
[2026-07-01T01:48:37.051+0000][41.188s][info][gc,phases      ] GC(134) Phase 1: Mark live objects 108.588ms
[2026-07-01T01:48:37.052+0000][41.188s][info][gc,phases,start] GC(134) Phase 2: Compute new object addresses
[2026-07-01T01:48:37.099+0000][41.235s][info][gc,phases      ] GC(134) Phase 2: Compute new object addresses 47.774ms
[2026-07-01T01:48:37.099+0000][41.235s][info][gc,phases,start] GC(134) Phase 3: Adjust pointers
[2026-07-01T01:48:37.148+0000][41.285s][info][gc,phases      ] GC(134) Phase 3: Adjust pointers 49.089ms
[2026-07-01T01:48:37.148+0000][41.285s][info][gc,phases,start] GC(134) Phase 4: Move objects
[2026-07-01T01:48:37.149+0000][41.285s][info][gc,phases      ] GC(134) Phase 4: Move objects 0.539ms
[2026-07-01T01:48:37.149+0000][41.285s][info][gc,heap        ] GC(134) DefNew: 69951K(78656K)->0K(78656K) Eden: 69951K(69952K)->0K(69952K) From: 0K(8704K)->0K(8704K)
[2026-07-01T01:48:37.149+0000][41.285s][info][gc,heap        ] GC(134) Tenured: 162203K(174784K)->163769K(174784K)
[2026-07-01T01:48:37.149+0000][41.285s][info][gc,metaspace   ] GC(134) Metaspace: 41616K(42368K)->41616K(42368K) NonClass: 36484K(36864K)->36484K(36864K) Class: 5132K(5504K)->5132K(5504K)
[2026-07-01T01:48:37.149+0000][41.285s][info][gc             ] GC(134) Pause Full (Allocation Failure) 226M->159M(247M) 206.431ms
[2026-07-01T01:48:37.149+0000][41.285s][info][gc,cpu         ] GC(134) User=0.20s Sys=0.00s Real=0.21s
[2026-07-01T01:48:37.652+0000][41.788s][info][gc,start       ] GC(135) Pause Young (Allocation Failure)
[2026-07-01T01:48:37.652+0000][41.788s][info][gc             ] GC(135) Pause Young (Allocation Failure) 228M->228M(247M) 0.116ms
[2026-07-01T01:48:37.652+0000][41.788s][info][gc,cpu         ] GC(135) User=0.00s Sys=0.01s Real=0.00s
[2026-07-01T01:48:37.652+0000][41.788s][info][gc,start       ] GC(136) Pause Full (Allocation Failure)
[2026-07-01T01:48:37.652+0000][41.788s][info][gc,phases,start] GC(136) Phase 1: Mark live objects
[2026-07-01T01:48:37.746+0000][41.882s][info][gc,phases      ] GC(136) Phase 1: Mark live objects 93.611ms
[2026-07-01T01:48:37.746+0000][41.882s][info][gc,phases,start] GC(136) Phase 2: Compute new object addresses
[2026-07-01T01:48:37.794+0000][41.930s][info][gc,phases      ] GC(136) Phase 2: Compute new object addresses 47.946ms
[2026-07-01T01:48:37.794+0000][41.930s][info][gc,phases,start] GC(136) Phase 3: Adjust pointers
[2026-07-01T01:48:37.843+0000][41.979s][info][gc,phases      ] GC(136) Phase 3: Adjust pointers 49.581ms
[2026-07-01T01:48:37.843+0000][41.979s][info][gc,phases,start] GC(136) Phase 4: Move objects
[2026-07-01T01:48:37.844+0000][41.980s][info][gc,phases      ] GC(136) Phase 4: Move objects 0.744ms
[2026-07-01T01:48:37.844+0000][41.980s][info][gc,heap        ] GC(136) DefNew: 69952K(78656K)->0K(78656K) Eden: 69952K(69952K)->0K(69952K) From: 0K(8704K)->0K(8704K)
[2026-07-01T01:48:37.844+0000][41.980s][info][gc,heap        ] GC(136) Tenured: 163769K(174784K)->164776K(174784K)
[2026-07-01T01:48:37.844+0000][41.980s][info][gc,metaspace   ] GC(136) Metaspace: 41617K(42368K)->41617K(42368K) NonClass: 36485K(36864K)->36485K(36864K) Class: 5132K(5504K)->5132K(5504K)
[2026-07-01T01:48:37.844+0000][41.980s][info][gc             ] GC(136) Pause Full (Allocation Failure) 228M->160M(247M) 192.356ms
[2026-07-01T01:48:37.844+0000][41.981s][info][gc,cpu         ] GC(136) User=0.19s Sys=0.00s Real=0.19s
[2026-07-01T01:48:38.349+0000][42.485s][info][gc,start       ] GC(137) Pause Young (Allocation Failure)
[2026-07-01T01:48:38.349+0000][42.485s][info][gc             ] GC(137) Pause Young (Allocation Failure) 229M->229M(247M) 0.285ms
[2026-07-01T01:48:38.349+0000][42.485s][info][gc,cpu         ] GC(137) User=0.01s Sys=0.00s Real=0.00s
[2026-07-01T01:48:38.349+0000][42.485s][info][gc,start       ] GC(138) Pause Full (Allocation Failure)
[2026-07-01T01:48:38.349+0000][42.485s][info][gc,phases,start] GC(138) Phase 1: Mark live objects
[2026-07-01T01:48:38.452+0000][42.588s][info][gc,phases      ] GC(138) Phase 1: Mark live objects 103.011ms
[2026-07-01T01:48:38.452+0000][42.588s][info][gc,phases,start] GC(138) Phase 2: Compute new object addresses
[2026-07-01T01:48:38.500+0000][42.636s][info][gc,phases      ] GC(138) Phase 2: Compute new object addresses 48.153ms
[2026-07-01T01:48:38.500+0000][42.637s][info][gc,phases,start] GC(138) Phase 3: Adjust pointers
[2026-07-01T01:48:38.550+0000][42.687s][info][gc,phases      ] GC(138) Phase 3: Adjust pointers 50.119ms
[2026-07-01T01:48:38.551+0000][42.687s][info][gc,phases,start] GC(138) Phase 4: Move objects
[2026-07-01T01:48:38.551+0000][42.687s][info][gc,phases      ] GC(138) Phase 4: Move objects 0.384ms
[2026-07-01T01:48:38.551+0000][42.687s][info][gc,heap        ] GC(138) DefNew: 69952K(78656K)->0K(78656K) Eden: 69952K(69952K)->0K(69952K) From: 0K(8704K)->0K(8704K)
[2026-07-01T01:48:38.551+0000][42.687s][info][gc,heap        ] GC(138) Tenured: 164776K(174784K)->165289K(174784K)
[2026-07-01T01:48:38.551+0000][42.687s][info][gc,metaspace   ] GC(138) Metaspace: 41618K(42368K)->41618K(42368K) NonClass: 36486K(36864K)->36486K(36864K) Class: 5132K(5504K)->5132K(5504K)
[2026-07-01T01:48:38.551+0000][42.687s][info][gc             ] GC(138) Pause Full (Allocation Failure) 229M->161M(247M) 202.118ms
[2026-07-01T01:48:38.551+0000][42.687s][info][gc,cpu         ] GC(138) User=0.22s Sys=0.00s Real=0.20s
[2026-07-01T01:48:39.351+0000][43.487s][info][gc,start       ] GC(139) Pause Young (Allocation Failure)
[2026-07-01T01:48:39.351+0000][43.487s][info][gc             ] GC(139) Pause Young (Allocation Failure) 229M->229M(247M) 0.120ms
[2026-07-01T01:48:39.351+0000][43.487s][info][gc,cpu         ] GC(139) User=0.00s Sys=0.00s Real=0.00s
[2026-07-01T01:48:39.351+0000][43.487s][info][gc,start       ] GC(140) Pause Full (Allocation Failure)
[2026-07-01T01:48:39.351+0000][43.487s][info][gc,phases,start] GC(140) Phase 1: Mark live objects
[2026-07-01T01:48:39.469+0000][43.606s][info][gc,phases      ] GC(140) Phase 1: Mark live objects 118.146ms
[2026-07-01T01:48:39.469+0000][43.606s][info][gc,phases,start] GC(140) Phase 2: Compute new object addresses
[2026-07-01T01:48:39.517+0000][43.653s][info][gc,phases      ] GC(140) Phase 2: Compute new object addresses 47.391ms
[2026-07-01T01:48:39.517+0000][43.653s][info][gc,phases,start] GC(140) Phase 3: Adjust pointers
[2026-07-01T01:48:39.571+0000][43.707s][info][gc,phases      ] GC(140) Phase 3: Adjust pointers 53.703ms
[2026-07-01T01:48:39.571+0000][43.707s][info][gc,phases,start] GC(140) Phase 4: Move objects
[2026-07-01T01:48:39.602+0000][43.738s][info][gc,phases      ] GC(140) Phase 4: Move objects 31.703ms
[2026-07-01T01:48:39.603+0000][43.739s][info][gc,heap        ] GC(140) DefNew: 69952K(78656K)->0K(78656K) Eden: 69952K(69952K)->0K(69952K) From: 0K(8704K)->0K(8704K)
[2026-07-01T01:48:39.603+0000][43.739s][info][gc,heap        ] GC(140) Tenured: 165289K(174784K)->162805K(174784K)
[2026-07-01T01:48:39.603+0000][43.739s][info][gc,metaspace   ] GC(140) Metaspace: 41620K(42368K)->41620K(42368K) NonClass: 36488K(36864K)->36488K(36864K) Class: 5132K(5504K)->5132K(5504K)
[2026-07-01T01:48:39.603+0000][43.739s][info][gc             ] GC(140) Pause Full (Allocation Failure) 229M->158M(247M) 251.383ms
[2026-07-01T01:48:39.603+0000][43.739s][info][gc,cpu         ] GC(140) User=0.26s Sys=0.00s Real=0.25s
[2026-07-01T01:48:40.063+0000][44.199s][info][gc,start       ] GC(141) Pause Young (Allocation Failure)
[2026-07-01T01:48:40.063+0000][44.200s][info][gc             ] GC(141) Pause Young (Allocation Failure) 227M->227M(247M) 0.097ms
[2026-07-01T01:48:40.063+0000][44.200s][info][gc,cpu         ] GC(141) User=0.00s Sys=0.00s Real=0.00s
[2026-07-01T01:48:40.063+0000][44.200s][info][gc,start       ] GC(142) Pause Full (Allocation Failure)
[2026-07-01T01:48:40.063+0000][44.200s][info][gc,phases,start] GC(142) Phase 1: Mark live objects
[2026-07-01T01:48:40.157+0000][44.293s][info][gc,phases      ] GC(142) Phase 1: Mark live objects 93.805ms
[2026-07-01T01:48:40.157+0000][44.293s][info][gc,phases,start] GC(142) Phase 2: Compute new object addresses
[2026-07-01T01:48:40.206+0000][44.342s][info][gc,phases      ] GC(142) Phase 2: Compute new object addresses 48.755ms
[2026-07-01T01:48:40.206+0000][44.342s][info][gc,phases,start] GC(142) Phase 3: Adjust pointers
[2026-07-01T01:48:40.256+0000][44.392s][info][gc,phases      ] GC(142) Phase 3: Adjust pointers 49.541ms
[2026-07-01T01:48:40.256+0000][44.392s][info][gc,phases,start] GC(142) Phase 4: Move objects
[2026-07-01T01:48:40.256+0000][44.392s][info][gc,phases      ] GC(142) Phase 4: Move objects 0.349ms
[2026-07-01T01:48:40.256+0000][44.392s][info][gc,heap        ] GC(142) DefNew: 69952K(78656K)->0K(78656K) Eden: 69952K(69952K)->0K(69952K) From: 0K(8704K)->0K(8704K)
[2026-07-01T01:48:40.256+0000][44.392s][info][gc,heap        ] GC(142) Tenured: 162805K(174784K)->163301K(174784K)
[2026-07-01T01:48:40.256+0000][44.392s][info][gc,metaspace   ] GC(142) Metaspace: 41620K(42368K)->41620K(42368K) NonClass: 36488K(36864K)->36488K(36864K) Class: 5132K(5504K)->5132K(5504K)
[2026-07-01T01:48:40.256+0000][44.392s][info][gc             ] GC(142) Pause Full (Allocation Failure) 227M->159M(247M) 192.883ms
[2026-07-01T01:48:40.256+0000][44.393s][info][gc,cpu         ] GC(142) User=0.19s Sys=0.00s Real=0.19s
[2026-07-01T01:48:40.686+0000][44.822s][info][gc,start       ] GC(143) Pause Young (Allocation Failure)
[2026-07-01T01:48:40.686+0000][44.822s][info][gc             ] GC(143) Pause Young (Allocation Failure) 227M->227M(247M) 0.082ms
[2026-07-01T01:48:40.686+0000][44.822s][info][gc,cpu         ] GC(143) User=0.00s Sys=0.00s Real=0.00s
[2026-07-01T01:48:40.686+0000][44.822s][info][gc,start       ] GC(144) Pause Full (Allocation Failure)
[2026-07-01T01:48:40.686+0000][44.822s][info][gc,phases,start] GC(144) Phase 1: Mark live objects
[2026-07-01T01:48:40.779+0000][44.915s][info][gc,phases      ] GC(144) Phase 1: Mark live objects 93.129ms
[2026-07-01T01:48:40.779+0000][44.915s][info][gc,phases,start] GC(144) Phase 2: Compute new object addresses
[2026-07-01T01:48:40.827+0000][44.963s][info][gc,phases      ] GC(144) Phase 2: Compute new object addresses 47.928ms
[2026-07-01T01:48:40.827+0000][44.963s][info][gc,phases,start] GC(144) Phase 3: Adjust pointers
[2026-07-01T01:48:40.876+0000][45.012s][info][gc,phases      ] GC(144) Phase 3: Adjust pointers 48.784ms
[2026-07-01T01:48:40.876+0000][45.012s][info][gc,phases,start] GC(144) Phase 4: Move objects
[2026-07-01T01:48:40.876+0000][45.012s][info][gc,phases      ] GC(144) Phase 4: Move objects 0.367ms
[2026-07-01T01:48:40.877+0000][45.013s][info][gc,heap        ] GC(144) DefNew: 69952K(78656K)->0K(78656K) Eden: 69952K(69952K)->0K(69952K) From: 0K(8704K)->0K(8704K)
[2026-07-01T01:48:40.877+0000][45.013s][info][gc,heap        ] GC(144) Tenured: 163301K(174784K)->164045K(174784K)
[2026-07-01T01:48:40.877+0000][45.013s][info][gc,metaspace   ] GC(144) Metaspace: 41621K(42368K)->41621K(42368K) NonClass: 36489K(36864K)->36489K(36864K) Class: 5132K(5504K)->5132K(5504K)
[2026-07-01T01:48:40.877+0000][45.013s][info][gc             ] GC(144) Pause Full (Allocation Failure) 227M->160M(247M) 190.597ms
[2026-07-01T01:48:40.877+0000][45.013s][info][gc,cpu         ] GC(144) User=0.19s Sys=0.01s Real=0.19s
[2026-07-01T01:48:41.414+0000][45.550s][info][gc,start       ] GC(145) Pause Young (Allocation Failure)
[2026-07-01T01:48:41.414+0000][45.551s][info][gc             ] GC(145) Pause Young (Allocation Failure) 228M->228M(247M) 0.109ms
[2026-07-01T01:48:41.414+0000][45.551s][info][gc,cpu         ] GC(145) User=0.00s Sys=0.00s Real=0.00s
[2026-07-01T01:48:41.414+0000][45.551s][info][gc,start       ] GC(146) Pause Full (Allocation Failure)
[2026-07-01T01:48:41.414+0000][45.551s][info][gc,phases,start] GC(146) Phase 1: Mark live objects
[2026-07-01T01:48:41.570+0000][45.706s][info][gc,phases      ] GC(146) Phase 1: Mark live objects 155.309ms
[2026-07-01T01:48:41.570+0000][45.706s][info][gc,phases,start] GC(146) Phase 2: Compute new object addresses
[2026-07-01T01:48:41.640+0000][45.777s][info][gc,phases      ] GC(146) Phase 2: Compute new object addresses 70.574ms
[2026-07-01T01:48:41.640+0000][45.777s][info][gc,phases,start] GC(146) Phase 3: Adjust pointers
[2026-07-01T01:48:41.694+0000][45.830s][info][gc,phases      ] GC(146) Phase 3: Adjust pointers 53.239ms
[2026-07-01T01:48:41.694+0000][45.830s][info][gc,phases,start] GC(146) Phase 4: Move objects
[2026-07-01T01:48:41.694+0000][45.830s][info][gc,phases      ] GC(146) Phase 4: Move objects 0.591ms
[2026-07-01T01:48:41.695+0000][45.831s][info][gc,heap        ] GC(146) DefNew: 69952K(78656K)->0K(78656K) Eden: 69952K(69952K)->0K(69952K) From: 0K(8704K)->0K(8704K)
[2026-07-01T01:48:41.695+0000][45.831s][info][gc,heap        ] GC(146) Tenured: 164045K(174784K)->165830K(174784K)
[2026-07-01T01:48:41.695+0000][45.831s][info][gc,metaspace   ] GC(146) Metaspace: 41621K(42368K)->41621K(42368K) NonClass: 36489K(36864K)->36489K(36864K) Class: 5132K(5504K)->5132K(5504K)
[2026-07-01T01:48:41.695+0000][45.831s][info][gc             ] GC(146) Pause Full (Allocation Failure) 228M->161M(247M) 280.151ms
[2026-07-01T01:48:41.695+0000][45.831s][info][gc,cpu         ] GC(146) User=0.28s Sys=0.00s Real=0.28s
[2026-07-01T01:48:42.093+0000][46.229s][info][gc,start       ] GC(147) Pause Young (Allocation Failure)
[2026-07-01T01:48:42.093+0000][46.229s][info][gc             ] GC(147) Pause Young (Allocation Failure) 230M->230M(247M) 0.124ms
[2026-07-01T01:48:42.093+0000][46.229s][info][gc,cpu         ] GC(147) User=0.00s Sys=0.00s Real=0.00s
[2026-07-01T01:48:42.093+0000][46.229s][info][gc,start       ] GC(148) Pause Full (Allocation Failure)
[2026-07-01T01:48:42.093+0000][46.229s][info][gc,phases,start] GC(148) Phase 1: Mark live objects
[2026-07-01T01:48:42.191+0000][46.327s][info][gc,phases      ] GC(148) Phase 1: Mark live objects 97.431ms
[2026-07-01T01:48:42.191+0000][46.327s][info][gc,phases,start] GC(148) Phase 2: Compute new object addresses
[2026-07-01T01:48:42.238+0000][46.375s][info][gc,phases      ] GC(148) Phase 2: Compute new object addresses 47.683ms
[2026-07-01T01:48:42.238+0000][46.375s][info][gc,phases,start] GC(148) Phase 3: Adjust pointers
[2026-07-01T01:48:42.292+0000][46.428s][info][gc,phases      ] GC(148) Phase 3: Adjust pointers 53.505ms
[2026-07-01T01:48:42.292+0000][46.428s][info][gc,phases,start] GC(148) Phase 4: Move objects
[2026-07-01T01:48:42.321+0000][46.457s][info][gc,phases      ] GC(148) Phase 4: Move objects 29.189ms
[2026-07-01T01:48:42.321+0000][46.458s][info][gc,heap        ] GC(148) DefNew: 69952K(78656K)->0K(78656K) Eden: 69952K(69952K)->0K(69952K) From: 0K(8704K)->0K(8704K)
[2026-07-01T01:48:42.321+0000][46.458s][info][gc,heap        ] GC(148) Tenured: 165830K(174784K)->163634K(174784K)
[2026-07-01T01:48:42.321+0000][46.458s][info][gc,metaspace   ] GC(148) Metaspace: 41621K(42368K)->41621K(42368K) NonClass: 36489K(36864K)->36489K(36864K) Class: 5132K(5504K)->5132K(5504K)
[2026-07-01T01:48:42.321+0000][46.458s][info][gc             ] GC(148) Pause Full (Allocation Failure) 230M->159M(247M) 228.249ms
[2026-07-01T01:48:42.321+0000][46.458s][info][gc,cpu         ] GC(148) User=0.23s Sys=0.00s Real=0.23s
[2026-07-01T01:48:42.765+0000][46.902s][info][gc,start       ] GC(149) Pause Young (Allocation Failure)
[2026-07-01T01:48:42.765+0000][46.902s][info][gc             ] GC(149) Pause Young (Allocation Failure) 228M->228M(247M) 0.087ms
[2026-07-01T01:48:42.766+0000][46.902s][info][gc,cpu         ] GC(149) User=0.00s Sys=0.00s Real=0.00s
[2026-07-01T01:48:42.766+0000][46.902s][info][gc,start       ] GC(150) Pause Full (Allocation Failure)
[2026-07-01T01:48:42.766+0000][46.902s][info][gc,phases,start] GC(150) Phase 1: Mark live objects
[2026-07-01T01:48:42.863+0000][46.999s][info][gc,phases      ] GC(150) Phase 1: Mark live objects 97.554ms
[2026-07-01T01:48:42.863+0000][46.999s][info][gc,phases,start] GC(150) Phase 2: Compute new object addresses
[2026-07-01T01:48:42.911+0000][47.047s][info][gc,phases      ] GC(150) Phase 2: Compute new object addresses 47.962ms
[2026-07-01T01:48:42.911+0000][47.047s][info][gc,phases,start] GC(150) Phase 3: Adjust pointers
[2026-07-01T01:48:42.960+0000][47.096s][info][gc,phases      ] GC(150) Phase 3: Adjust pointers 49.151ms
[2026-07-01T01:48:42.960+0000][47.097s][info][gc,phases,start] GC(150) Phase 4: Move objects
[2026-07-01T01:48:42.961+0000][47.097s][info][gc,phases      ] GC(150) Phase 4: Move objects 0.437ms
[2026-07-01T01:48:42.961+0000][47.097s][info][gc,heap        ] GC(150) DefNew: 69952K(78656K)->0K(78656K) Eden: 69952K(69952K)->0K(69952K) From: 0K(8704K)->0K(8704K)
[2026-07-01T01:48:42.961+0000][47.097s][info][gc,heap        ] GC(150) Tenured: 163634K(174784K)->164867K(174784K)
[2026-07-01T01:48:42.961+0000][47.097s][info][gc,metaspace   ] GC(150) Metaspace: 41621K(42368K)->41621K(42368K) NonClass: 36489K(36864K)->36489K(36864K) Class: 5132K(5504K)->5132K(5504K)
[2026-07-01T01:48:42.961+0000][47.097s][info][gc             ] GC(150) Pause Full (Allocation Failure) 228M->161M(247M) 195.524ms
[2026-07-01T01:48:42.961+0000][47.097s][info][gc,cpu         ] GC(150) User=0.20s Sys=0.00s Real=0.20s
[2026-07-01T01:48:43.545+0000][47.681s][info][gc,start       ] GC(151) Pause Young (Allocation Failure)
[2026-07-01T01:48:43.545+0000][47.681s][info][gc             ] GC(151) Pause Young (Allocation Failure) 229M->229M(247M) 0.082ms
[2026-07-01T01:48:43.545+0000][47.681s][info][gc,cpu         ] GC(151) User=0.00s Sys=0.00s Real=0.00s
[2026-07-01T01:48:43.545+0000][47.681s][info][gc,start       ] GC(152) Pause Full (Allocation Failure)
[2026-07-01T01:48:43.545+0000][47.681s][info][gc,phases,start] GC(152) Phase 1: Mark live objects
[2026-07-01T01:48:43.703+0000][47.839s][info][gc,phases      ] GC(152) Phase 1: Mark live objects 157.798ms
[2026-07-01T01:48:43.703+0000][47.839s][info][gc,phases,start] GC(152) Phase 2: Compute new object addresses
[2026-07-01T01:48:43.772+0000][47.908s][info][gc,phases      ] GC(152) Phase 2: Compute new object addresses 68.920ms
[2026-07-01T01:48:43.772+0000][47.908s][info][gc,phases,start] GC(152) Phase 3: Adjust pointers
[2026-07-01T01:48:43.825+0000][47.961s][info][gc,phases      ] GC(152) Phase 3: Adjust pointers 53.248ms
[2026-07-01T01:48:43.825+0000][47.961s][info][gc,phases,start] GC(152) Phase 4: Move objects
[2026-07-01T01:48:43.825+0000][47.962s][info][gc,phases      ] GC(152) Phase 4: Move objects 0.465ms
[2026-07-01T01:48:43.826+0000][47.962s][info][gc,heap        ] GC(152) DefNew: 69952K(78656K)->0K(78656K) Eden: 69952K(69952K)->0K(69952K) From: 0K(8704K)->0K(8704K)
[2026-07-01T01:48:43.826+0000][47.962s][info][gc,heap        ] GC(152) Tenured: 164867K(174784K)->166036K(174784K)
[2026-07-01T01:48:43.826+0000][47.962s][info][gc,metaspace   ] GC(152) Metaspace: 41622K(42368K)->41622K(42368K) NonClass: 36489K(36864K)->36489K(36864K) Class: 5132K(5504K)->5132K(5504K)
[2026-07-01T01:48:43.826+0000][47.962s][info][gc             ] GC(152) Pause Full (Allocation Failure) 229M->162M(247M) 280.845ms
[2026-07-01T01:48:43.826+0000][47.962s][info][gc,cpu         ] GC(152) User=0.28s Sys=0.00s Real=0.28s
[2026-07-01T01:48:44.250+0000][48.386s][info][gc,start       ] GC(153) Pause Young (Allocation Failure)
[2026-07-01T01:48:44.250+0000][48.387s][info][gc             ] GC(153) Pause Young (Allocation Failure) 230M->230M(247M) 0.096ms
[2026-07-01T01:48:44.250+0000][48.387s][info][gc,cpu         ] GC(153) User=0.00s Sys=0.00s Real=0.00s
[2026-07-01T01:48:44.250+0000][48.387s][info][gc,start       ] GC(154) Pause Full (Allocation Failure)
[2026-07-01T01:48:44.250+0000][48.387s][info][gc,phases,start] GC(154) Phase 1: Mark live objects
[2026-07-01T01:48:44.347+0000][48.483s][info][gc,phases      ] GC(154) Phase 1: Mark live objects 96.690ms
[2026-07-01T01:48:44.347+0000][48.483s][info][gc,phases,start] GC(154) Phase 2: Compute new object addresses
[2026-07-01T01:48:44.395+0000][48.532s][info][gc,phases      ] GC(154) Phase 2: Compute new object addresses 48.316ms
[2026-07-01T01:48:44.395+0000][48.532s][info][gc,phases,start] GC(154) Phase 3: Adjust pointers
[2026-07-01T01:48:44.446+0000][48.582s][info][gc,phases      ] GC(154) Phase 3: Adjust pointers 50.177ms
[2026-07-01T01:48:44.446+0000][48.582s][info][gc,phases,start] GC(154) Phase 4: Move objects
[2026-07-01T01:48:44.446+0000][48.582s][info][gc,phases      ] GC(154) Phase 4: Move objects 0.332ms
[2026-07-01T01:48:44.446+0000][48.582s][info][gc,heap        ] GC(154) DefNew: 69952K(78656K)->0K(78656K) Eden: 69952K(69952K)->0K(69952K) From: 0K(8704K)->0K(8704K)
[2026-07-01T01:48:44.446+0000][48.582s][info][gc,heap        ] GC(154) Tenured: 166036K(174784K)->166477K(174784K)
[2026-07-01T01:48:44.446+0000][48.582s][info][gc,metaspace   ] GC(154) Metaspace: 41622K(42368K)->41622K(42368K) NonClass: 36490K(36864K)->36490K(36864K) Class: 5132K(5504K)->5132K(5504K)
[2026-07-01T01:48:44.446+0000][48.583s][info][gc             ] GC(154) Pause Full (Allocation Failure) 230M->162M(247M) 195.942ms
[2026-07-01T01:48:44.446+0000][48.583s][info][gc,cpu         ] GC(154) User=0.20s Sys=0.00s Real=0.19s
[2026-07-01T01:48:44.875+0000][49.011s][info][gc,start       ] GC(155) Pause Young (Allocation Failure)
[2026-07-01T01:48:44.875+0000][49.011s][info][gc             ] GC(155) Pause Young (Allocation Failure) 230M->230M(247M) 0.093ms
[2026-07-01T01:48:44.875+0000][49.011s][info][gc,cpu         ] GC(155) User=0.00s Sys=0.00s Real=0.00s
[2026-07-01T01:48:44.875+0000][49.011s][info][gc,start       ] GC(156) Pause Full (Allocation Failure)
[2026-07-01T01:48:44.875+0000][49.011s][info][gc,phases,start] GC(156) Phase 1: Mark live objects
[2026-07-01T01:48:44.972+0000][49.109s][info][gc,phases      ] GC(156) Phase 1: Mark live objects 97.718ms
[2026-07-01T01:48:44.973+0000][49.109s][info][gc,phases,start] GC(156) Phase 2: Compute new object addresses
[2026-07-01T01:48:45.021+0000][49.157s][info][gc,phases      ] GC(156) Phase 2: Compute new object addresses 48.605ms
[2026-07-01T01:48:45.021+0000][49.157s][info][gc,phases,start] GC(156) Phase 3: Adjust pointers
[2026-07-01T01:48:45.075+0000][49.211s][info][gc,phases      ] GC(156) Phase 3: Adjust pointers 54.122ms
[2026-07-01T01:48:45.075+0000][49.211s][info][gc,phases,start] GC(156) Phase 4: Move objects
[2026-07-01T01:48:45.105+0000][49.241s][info][gc,phases      ] GC(156) Phase 4: Move objects 29.221ms
[2026-07-01T01:48:45.105+0000][49.241s][info][gc,heap        ] GC(156) DefNew: 69952K(78656K)->0K(78656K) Eden: 69952K(69952K)->0K(69952K) From: 0K(8704K)->0K(8704K)
[2026-07-01T01:48:45.105+0000][49.241s][info][gc,heap        ] GC(156) Tenured: 166477K(174784K)->164291K(174784K)
[2026-07-01T01:48:45.105+0000][49.241s][info][gc,metaspace   ] GC(156) Metaspace: 41622K(42368K)->41622K(42368K) NonClass: 36490K(36864K)->36490K(36864K) Class: 5132K(5504K)->5132K(5504K)
[2026-07-01T01:48:45.105+0000][49.241s][info][gc             ] GC(156) Pause Full (Allocation Failure) 230M->160M(247M) 230.100ms
[2026-07-01T01:48:45.105+0000][49.241s][info][gc,cpu         ] GC(156) User=0.23s Sys=0.00s Real=0.23s
[2026-07-01T01:48:45.490+0000][49.627s][info][gc,start       ] GC(157) Pause Young (Allocation Failure)
[2026-07-01T01:48:45.491+0000][49.627s][info][gc             ] GC(157) Pause Young (Allocation Failure) 228M->228M(247M) 0.095ms
[2026-07-01T01:48:45.491+0000][49.627s][info][gc,cpu         ] GC(157) User=0.00s Sys=0.00s Real=0.00s
[2026-07-01T01:48:45.491+0000][49.627s][info][gc,start       ] GC(158) Pause Full (Allocation Failure)
[2026-07-01T01:48:45.491+0000][49.627s][info][gc,phases,start] GC(158) Phase 1: Mark live objects
[2026-07-01T01:48:45.590+0000][49.726s][info][gc,phases      ] GC(158) Phase 1: Mark live objects 99.331ms
[2026-07-01T01:48:45.590+0000][49.726s][info][gc,phases,start] GC(158) Phase 2: Compute new object addresses
[2026-07-01T01:48:45.638+0000][49.775s][info][gc,phases      ] GC(158) Phase 2: Compute new object addresses 48.402ms
[2026-07-01T01:48:45.638+0000][49.775s][info][gc,phases,start] GC(158) Phase 3: Adjust pointers
[2026-07-01T01:48:45.690+0000][49.826s][info][gc,phases      ] GC(158) Phase 3: Adjust pointers 51.307ms
[2026-07-01T01:48:45.690+0000][49.826s][info][gc,phases,start] GC(158) Phase 4: Move objects
[2026-07-01T01:48:45.690+0000][49.826s][info][gc,phases      ] GC(158) Phase 4: Move objects 0.408ms
[2026-07-01T01:48:45.690+0000][49.827s][info][gc,heap        ] GC(158) DefNew: 69952K(78656K)->0K(78656K) Eden: 69952K(69952K)->0K(69952K) From: 0K(8704K)->0K(8704K)
[2026-07-01T01:48:45.690+0000][49.827s][info][gc,heap        ] GC(158) Tenured: 164291K(174784K)->165064K(174784K)
[2026-07-01T01:48:45.690+0000][49.827s][info][gc,metaspace   ] GC(158) Metaspace: 41625K(42368K)->41625K(42368K) NonClass: 36493K(36864K)->36493K(36864K) Class: 5132K(5504K)->5132K(5504K)
[2026-07-01T01:48:45.691+0000][49.827s][info][gc             ] GC(158) Pause Full (Allocation Failure) 228M->161M(247M) 199.883ms
[2026-07-01T01:48:45.691+0000][49.827s][info][gc,cpu         ] GC(158) User=0.20s Sys=0.01s Real=0.20s
[2026-07-01T01:48:46.270+0000][50.406s][info][gc,start       ] GC(159) Pause Young (Allocation Failure)
[2026-07-01T01:48:46.270+0000][50.406s][info][gc             ] GC(159) Pause Young (Allocation Failure) 229M->229M(247M) 0.098ms
[2026-07-01T01:48:46.270+0000][50.406s][info][gc,cpu         ] GC(159) User=0.00s Sys=0.00s Real=0.00s
[2026-07-01T01:48:46.270+0000][50.406s][info][gc,start       ] GC(160) Pause Full (Allocation Failure)
[2026-07-01T01:48:46.270+0000][50.406s][info][gc,phases,start] GC(160) Phase 1: Mark live objects
[2026-07-01T01:48:46.434+0000][50.570s][info][gc,phases      ] GC(160) Phase 1: Mark live objects 164.115ms
[2026-07-01T01:48:46.434+0000][50.570s][info][gc,phases,start] GC(160) Phase 2: Compute new object addresses
[2026-07-01T01:48:46.503+0000][50.639s][info][gc,phases      ] GC(160) Phase 2: Compute new object addresses 69.110ms
[2026-07-01T01:48:46.503+0000][50.639s][info][gc,phases,start] GC(160) Phase 3: Adjust pointers
[2026-07-01T01:48:46.577+0000][50.713s][info][gc,phases      ] GC(160) Phase 3: Adjust pointers 73.400ms
[2026-07-01T01:48:46.577+0000][50.713s][info][gc,phases,start] GC(160) Phase 4: Move objects
[2026-07-01T01:48:46.577+0000][50.713s][info][gc,phases      ] GC(160) Phase 4: Move objects 0.410ms
[2026-07-01T01:48:46.577+0000][50.714s][info][gc,heap        ] GC(160) DefNew: 69952K(78656K)->0K(78656K) Eden: 69952K(69952K)->0K(69952K) From: 0K(8704K)->0K(8704K)
[2026-07-01T01:48:46.577+0000][50.714s][info][gc,heap        ] GC(160) Tenured: 165064K(174784K)->165679K(174784K)
[2026-07-01T01:48:46.577+0000][50.714s][info][gc,metaspace   ] GC(160) Metaspace: 41625K(42368K)->41625K(42368K) NonClass: 36493K(36864K)->36493K(36864K) Class: 5132K(5504K)->5132K(5504K)
[2026-07-01T01:48:46.578+0000][50.714s][info][gc             ] GC(160) Pause Full (Allocation Failure) 229M->161M(247M) 307.507ms
[2026-07-01T01:48:46.578+0000][50.714s][info][gc,cpu         ] GC(160) User=0.31s Sys=0.00s Real=0.30s
[2026-07-01T01:48:47.115+0000][51.251s][info][gc,start       ] GC(161) Pause Young (Allocation Failure)
[2026-07-01T01:48:47.115+0000][51.251s][info][gc             ] GC(161) Pause Young (Allocation Failure) 230M->230M(247M) 0.104ms
[2026-07-01T01:48:47.115+0000][51.251s][info][gc,cpu         ] GC(161) User=0.00s Sys=0.00s Real=0.00s
[2026-07-01T01:48:47.115+0000][51.251s][info][gc,start       ] GC(162) Pause Full (Allocation Failure)
[2026-07-01T01:48:47.115+0000][51.251s][info][gc,phases,start] GC(162) Phase 1: Mark live objects
[2026-07-01T01:48:47.227+0000][51.364s][info][gc,phases      ] GC(162) Phase 1: Mark live objects 112.111ms
[2026-07-01T01:48:47.227+0000][51.364s][info][gc,phases,start] GC(162) Phase 2: Compute new object addresses
[2026-07-01T01:48:47.276+0000][51.412s][info][gc,phases      ] GC(162) Phase 2: Compute new object addresses 48.509ms
[2026-07-01T01:48:47.276+0000][51.412s][info][gc,phases,start] GC(162) Phase 3: Adjust pointers
[2026-07-01T01:48:47.327+0000][51.463s][info][gc,phases      ] GC(162) Phase 3: Adjust pointers 50.569ms
[2026-07-01T01:48:47.327+0000][51.463s][info][gc,phases,start] GC(162) Phase 4: Move objects
[2026-07-01T01:48:47.327+0000][51.464s][info][gc,phases      ] GC(162) Phase 4: Move objects 0.865ms
[2026-07-01T01:48:47.328+0000][51.464s][info][gc,heap        ] GC(162) DefNew: 69952K(78656K)->0K(78656K) Eden: 69952K(69952K)->0K(69952K) From: 0K(8704K)->0K(8704K)
[2026-07-01T01:48:47.328+0000][51.464s][info][gc,heap        ] GC(162) Tenured: 165679K(174784K)->167470K(174784K)
[2026-07-01T01:48:47.328+0000][51.464s][info][gc,metaspace   ] GC(162) Metaspace: 41625K(42368K)->41625K(42368K) NonClass: 36493K(36864K)->36493K(36864K) Class: 5132K(5504K)->5132K(5504K)
[2026-07-01T01:48:47.328+0000][51.464s][info][gc             ] GC(162) Pause Full (Allocation Failure) 230M->163M(247M) 212.479ms
[2026-07-01T01:48:47.328+0000][51.464s][info][gc,cpu         ] GC(162) User=0.22s Sys=0.00s Real=0.21s
[2026-07-01T01:48:47.719+0000][51.855s][info][gc,start       ] GC(163) Pause Young (Allocation Failure)
[2026-07-01T01:48:47.719+0000][51.855s][info][gc             ] GC(163) Pause Young (Allocation Failure) 231M->231M(247M) 0.097ms
[2026-07-01T01:48:47.719+0000][51.855s][info][gc,cpu         ] GC(163) User=0.00s Sys=0.00s Real=0.00s
[2026-07-01T01:48:47.719+0000][51.855s][info][gc,start       ] GC(164) Pause Full (Allocation Failure)
[2026-07-01T01:48:47.719+0000][51.855s][info][gc,phases,start] GC(164) Phase 1: Mark live objects
[2026-07-01T01:48:47.821+0000][51.957s][info][gc,phases      ] GC(164) Phase 1: Mark live objects 101.767ms
[2026-07-01T01:48:47.821+0000][51.957s][info][gc,phases,start] GC(164) Phase 2: Compute new object addresses
[2026-07-01T01:48:47.870+0000][52.006s][info][gc,phases      ] GC(164) Phase 2: Compute new object addresses 48.509ms
[2026-07-01T01:48:47.870+0000][52.006s][info][gc,phases,start] GC(164) Phase 3: Adjust pointers
[2026-07-01T01:48:47.925+0000][52.061s][info][gc,phases      ] GC(164) Phase 3: Adjust pointers 55.128ms
[2026-07-01T01:48:47.925+0000][52.061s][info][gc,phases,start] GC(164) Phase 4: Move objects
[2026-07-01T01:48:47.955+0000][52.091s][info][gc,phases      ] GC(164) Phase 4: Move objects 29.830ms
[2026-07-01T01:48:47.955+0000][52.091s][info][gc,heap        ] GC(164) DefNew: 69952K(78656K)->0K(78656K) Eden: 69952K(69952K)->0K(69952K) From: 0K(8704K)->0K(8704K)
[2026-07-01T01:48:47.955+0000][52.091s][info][gc,heap        ] GC(164) Tenured: 167470K(174784K)->165039K(174784K)
[2026-07-01T01:48:47.955+0000][52.091s][info][gc,metaspace   ] GC(164) Metaspace: 41625K(42368K)->41625K(42368K) NonClass: 36493K(36864K)->36493K(36864K) Class: 5132K(5504K)->5132K(5504K)
[2026-07-01T01:48:47.955+0000][52.091s][info][gc             ] GC(164) Pause Full (Allocation Failure) 231M->161M(247M) 235.676ms
[2026-07-01T01:48:47.955+0000][52.091s][info][gc,cpu         ] GC(164) User=0.24s Sys=0.00s Real=0.23s
[2026-07-01T01:48:48.378+0000][52.514s][info][gc,start       ] GC(165) Pause Young (Allocation Failure)
[2026-07-01T01:48:48.378+0000][52.514s][info][gc             ] GC(165) Pause Young (Allocation Failure) 229M->229M(247M) 0.111ms
[2026-07-01T01:48:48.378+0000][52.514s][info][gc,cpu         ] GC(165) User=0.00s Sys=0.00s Real=0.00s
[2026-07-01T01:48:48.378+0000][52.514s][info][gc,start       ] GC(166) Pause Full (Allocation Failure)
[2026-07-01T01:48:48.378+0000][52.514s][info][gc,phases,start] GC(166) Phase 1: Mark live objects
[2026-07-01T01:48:48.480+0000][52.616s][info][gc,phases      ] GC(166) Phase 1: Mark live objects 101.706ms
[2026-07-01T01:48:48.480+0000][52.616s][info][gc,phases,start] GC(166) Phase 2: Compute new object addresses
[2026-07-01T01:48:48.528+0000][52.664s][info][gc,phases      ] GC(166) Phase 2: Compute new object addresses 48.588ms
[2026-07-01T01:48:48.528+0000][52.664s][info][gc,phases,start] GC(166) Phase 3: Adjust pointers
[2026-07-01T01:48:48.580+0000][52.716s][info][gc,phases      ] GC(166) Phase 3: Adjust pointers 51.432ms
[2026-07-01T01:48:48.580+0000][52.716s][info][gc,phases,start] GC(166) Phase 4: Move objects
[2026-07-01T01:48:48.580+0000][52.716s][info][gc,phases      ] GC(166) Phase 4: Move objects 0.529ms
[2026-07-01T01:48:48.581+0000][52.717s][info][gc,heap        ] GC(166) DefNew: 69952K(78656K)->0K(78656K) Eden: 69952K(69952K)->0K(69952K) From: 0K(8704K)->0K(8704K)
[2026-07-01T01:48:48.581+0000][52.717s][info][gc,heap        ] GC(166) Tenured: 165039K(174784K)->166415K(174784K)
[2026-07-01T01:48:48.581+0000][52.717s][info][gc,metaspace   ] GC(166) Metaspace: 41625K(42368K)->41625K(42368K) NonClass: 36493K(36864K)->36493K(36864K) Class: 5132K(5504K)->5132K(5504K)
[2026-07-01T01:48:48.581+0000][52.717s][info][gc             ] GC(166) Pause Full (Allocation Failure) 229M->162M(247M) 202.687ms
[2026-07-01T01:48:48.581+0000][52.717s][info][gc,cpu         ] GC(166) User=0.20s Sys=0.00s Real=0.21s
[2026-07-01T01:48:49.031+0000][53.167s][info][gc,start       ] GC(167) Pause Young (Allocation Failure)
[2026-07-01T01:48:49.031+0000][53.167s][info][gc             ] GC(167) Pause Young (Allocation Failure) 230M->230M(247M) 0.108ms
[2026-07-01T01:48:49.031+0000][53.167s][info][gc,cpu         ] GC(167) User=0.00s Sys=0.00s Real=0.00s
[2026-07-01T01:48:49.031+0000][53.167s][info][gc,start       ] GC(168) Pause Full (Allocation Failure)
[2026-07-01T01:48:49.031+0000][53.167s][info][gc,phases,start] GC(168) Phase 1: Mark live objects
[2026-07-01T01:48:49.131+0000][53.267s][info][gc,phases      ] GC(168) Phase 1: Mark live objects 99.888ms
[2026-07-01T01:48:49.131+0000][53.267s][info][gc,phases,start] GC(168) Phase 2: Compute new object addresses
[2026-07-01T01:48:49.180+0000][53.316s][info][gc,phases      ] GC(168) Phase 2: Compute new object addresses 48.638ms
[2026-07-01T01:48:49.180+0000][53.316s][info][gc,phases,start] GC(168) Phase 3: Adjust pointers
[2026-07-01T01:48:49.231+0000][53.367s][info][gc,phases      ] GC(168) Phase 3: Adjust pointers 51.198ms
[2026-07-01T01:48:49.231+0000][53.367s][info][gc,phases,start] GC(168) Phase 4: Move objects
[2026-07-01T01:48:49.232+0000][53.368s][info][gc,phases      ] GC(168) Phase 4: Move objects 0.425ms
[2026-07-01T01:48:49.232+0000][53.368s][info][gc,heap        ] GC(168) DefNew: 69952K(78656K)->0K(78656K) Eden: 69952K(69952K)->0K(69952K) From: 0K(8704K)->0K(8704K)
[2026-07-01T01:48:49.232+0000][53.368s][info][gc,heap        ] GC(168) Tenured: 166415K(174784K)->167548K(174784K)
[2026-07-01T01:48:49.232+0000][53.368s][info][gc,metaspace   ] GC(168) Metaspace: 41625K(42368K)->41625K(42368K) NonClass: 36493K(36864K)->36493K(36864K) Class: 5132K(5504K)->5132K(5504K)
[2026-07-01T01:48:49.232+0000][53.368s][info][gc             ] GC(168) Pause Full (Allocation Failure) 230M->163M(247M) 200.551ms
[2026-07-01T01:48:49.232+0000][53.368s][info][gc,cpu         ] GC(168) User=0.20s Sys=0.00s Real=0.20s
[2026-07-01T01:48:49.751+0000][53.887s][info][gc,start       ] GC(169) Pause Young (Allocation Failure)
[2026-07-01T01:48:49.751+0000][53.887s][info][gc             ] GC(169) Pause Young (Allocation Failure) 231M->231M(247M) 0.110ms
[2026-07-01T01:48:49.751+0000][53.887s][info][gc,cpu         ] GC(169) User=0.00s Sys=0.00s Real=0.00s
[2026-07-01T01:48:49.751+0000][53.887s][info][gc,start       ] GC(170) Pause Full (Allocation Failure)
[2026-07-01T01:48:49.751+0000][53.887s][info][gc,phases,start] GC(170) Phase 1: Mark live objects
[2026-07-01T01:48:49.916+0000][54.052s][info][gc,phases      ] GC(170) Phase 1: Mark live objects 164.928ms
[2026-07-01T01:48:49.916+0000][54.052s][info][gc,phases,start] GC(170) Phase 2: Compute new object addresses
[2026-07-01T01:48:49.985+0000][54.121s][info][gc,phases      ] GC(170) Phase 2: Compute new object addresses 68.710ms
[2026-07-01T01:48:49.985+0000][54.121s][info][gc,phases,start] GC(170) Phase 3: Adjust pointers
[2026-07-01T01:48:50.059+0000][54.195s][info][gc,phases      ] GC(170) Phase 3: Adjust pointers 74.265ms
[2026-07-01T01:48:50.059+0000][54.195s][info][gc,phases,start] GC(170) Phase 4: Move objects
[2026-07-01T01:48:50.060+0000][54.196s][info][gc,phases      ] GC(170) Phase 4: Move objects 0.320ms
[2026-07-01T01:48:50.060+0000][54.196s][info][gc,heap        ] GC(170) DefNew: 69952K(78656K)->0K(78656K) Eden: 69952K(69952K)->0K(69952K) From: 0K(8704K)->0K(8704K)
[2026-07-01T01:48:50.060+0000][54.196s][info][gc,heap        ] GC(170) Tenured: 167548K(174784K)->167906K(174784K)
[2026-07-01T01:48:50.060+0000][54.196s][info][gc,metaspace   ] GC(170) Metaspace: 41627K(42368K)->41627K(42368K) NonClass: 36494K(36864K)->36494K(36864K) Class: 5132K(5504K)->5132K(5504K)
[2026-07-01T01:48:50.060+0000][54.196s][info][gc             ] GC(170) Pause Full (Allocation Failure) 231M->163M(247M) 308.716ms
[2026-07-01T01:48:50.060+0000][54.196s][info][gc,cpu         ] GC(170) User=0.31s Sys=0.00s Real=0.31s
[2026-07-01T01:48:50.697+0000][54.833s][info][gc,start       ] GC(171) Pause Young (Allocation Failure)
[2026-07-01T01:48:50.697+0000][54.833s][info][gc             ] GC(171) Pause Young (Allocation Failure) 232M->232M(247M) 0.096ms
[2026-07-01T01:48:50.697+0000][54.833s][info][gc,cpu         ] GC(171) User=0.00s Sys=0.00s Real=0.00s
[2026-07-01T01:48:50.697+0000][54.833s][info][gc,start       ] GC(172) Pause Full (Allocation Failure)
[2026-07-01T01:48:50.697+0000][54.833s][info][gc,phases,start] GC(172) Phase 1: Mark live objects
[2026-07-01T01:48:50.837+0000][54.974s][info][gc,phases      ] GC(172) Phase 1: Mark live objects 140.659ms
[2026-07-01T01:48:50.838+0000][54.974s][info][gc,phases,start] GC(172) Phase 2: Compute new object addresses
[2026-07-01T01:48:50.886+0000][55.022s][info][gc,phases      ] GC(172) Phase 2: Compute new object addresses 48.070ms
[2026-07-01T01:48:50.886+0000][55.022s][info][gc,phases,start] GC(172) Phase 3: Adjust pointers
[2026-07-01T01:48:50.941+0000][55.077s][info][gc,phases      ] GC(172) Phase 3: Adjust pointers 55.473ms
[2026-07-01T01:48:50.941+0000][55.077s][info][gc,phases,start] GC(172) Phase 4: Move objects
[2026-07-01T01:48:50.971+0000][55.107s][info][gc,phases      ] GC(172) Phase 4: Move objects 29.546ms
[2026-07-01T01:48:50.971+0000][55.107s][info][gc,heap        ] GC(172) DefNew: 69952K(78656K)->0K(78656K) Eden: 69952K(69952K)->0K(69952K) From: 0K(8704K)->0K(8704K)
[2026-07-01T01:48:50.971+0000][55.107s][info][gc,heap        ] GC(172) Tenured: 167906K(174784K)->165701K(174784K)
[2026-07-01T01:48:50.971+0000][55.107s][info][gc,metaspace   ] GC(172) Metaspace: 41632K(42432K)->41632K(42432K) NonClass: 36499K(36928K)->36499K(36928K) Class: 5133K(5504K)->5133K(5504K)
[2026-07-01T01:48:50.971+0000][55.107s][info][gc             ] GC(172) Pause Full (Allocation Failure) 232M->161M(247M) 274.203ms
[2026-07-01T01:48:50.971+0000][55.107s][info][gc,cpu         ] GC(172) User=0.28s Sys=0.00s Real=0.28s
[2026-07-01T01:48:51.361+0000][55.497s][info][gc,start       ] GC(173) Pause Young (Allocation Failure)
[2026-07-01T01:48:51.361+0000][55.497s][info][gc             ] GC(173) Pause Young (Allocation Failure) 230M->230M(247M) 0.098ms
[2026-07-01T01:48:51.361+0000][55.497s][info][gc,cpu         ] GC(173) User=0.00s Sys=0.00s Real=0.00s
[2026-07-01T01:48:51.361+0000][55.497s][info][gc,start       ] GC(174) Pause Full (Allocation Failure)
[2026-07-01T01:48:51.361+0000][55.497s][info][gc,phases,start] GC(174) Phase 1: Mark live objects
[2026-07-01T01:48:51.463+0000][55.600s][info][gc,phases      ] GC(174) Phase 1: Mark live objects 102.496ms
[2026-07-01T01:48:51.463+0000][55.600s][info][gc,phases,start] GC(174) Phase 2: Compute new object addresses
[2026-07-01T01:48:51.512+0000][55.648s][info][gc,phases      ] GC(174) Phase 2: Compute new object addresses 48.633ms
[2026-07-01T01:48:51.512+0000][55.648s][info][gc,phases,start] GC(174) Phase 3: Adjust pointers
[2026-07-01T01:48:51.564+0000][55.700s][info][gc,phases      ] GC(174) Phase 3: Adjust pointers 51.662ms
[2026-07-01T01:48:51.564+0000][55.700s][info][gc,phases,start] GC(174) Phase 4: Move objects
[2026-07-01T01:48:51.564+0000][55.700s][info][gc,phases      ] GC(174) Phase 4: Move objects 0.370ms
[2026-07-01T01:48:51.564+0000][55.701s][info][gc,heap        ] GC(174) DefNew: 69952K(78656K)->0K(78656K) Eden: 69952K(69952K)->0K(69952K) From: 0K(8704K)->0K(8704K)
[2026-07-01T01:48:51.564+0000][55.701s][info][gc,heap        ] GC(174) Tenured: 165701K(174784K)->166445K(174784K)
[2026-07-01T01:48:51.564+0000][55.701s][info][gc,metaspace   ] GC(174) Metaspace: 41643K(42496K)->41643K(42496K) NonClass: 36508K(36992K)->36508K(36992K) Class: 5134K(5504K)->5134K(5504K)
[2026-07-01T01:48:51.564+0000][55.701s][info][gc             ] GC(174) Pause Full (Allocation Failure) 230M->162M(247M) 203.566ms
[2026-07-01T01:48:51.565+0000][55.701s][info][gc,cpu         ] GC(174) User=0.21s Sys=0.00s Real=0.20s
[2026-07-01T01:48:51.993+0000][56.129s][info][gc,start       ] GC(175) Pause Young (Allocation Failure)
[2026-07-01T01:48:51.993+0000][56.129s][info][gc             ] GC(175) Pause Young (Allocation Failure) 230M->230M(247M) 0.121ms
[2026-07-01T01:48:51.993+0000][56.129s][info][gc,cpu         ] GC(175) User=0.00s Sys=0.00s Real=0.00s
[2026-07-01T01:48:51.993+0000][56.129s][info][gc,start       ] GC(176) Pause Full (Allocation Failure)
[2026-07-01T01:48:51.993+0000][56.129s][info][gc,phases,start] GC(176) Phase 1: Mark live objects
[2026-07-01T01:48:52.096+0000][56.232s][info][gc,phases      ] GC(176) Phase 1: Mark live objects 103.196ms
[2026-07-01T01:48:52.096+0000][56.232s][info][gc,phases,start] GC(176) Phase 2: Compute new object addresses
[2026-07-01T01:48:52.145+0000][56.281s][info][gc,phases      ] GC(176) Phase 2: Compute new object addresses 48.786ms
[2026-07-01T01:48:52.145+0000][56.281s][info][gc,phases,start] GC(176) Phase 3: Adjust pointers
[2026-07-01T01:48:52.197+0000][56.333s][info][gc,phases      ] GC(176) Phase 3: Adjust pointers 51.958ms
[2026-07-01T01:48:52.197+0000][56.333s][info][gc,phases,start] GC(176) Phase 4: Move objects
[2026-07-01T01:48:52.198+0000][56.334s][info][gc,phases      ] GC(176) Phase 4: Move objects 0.360ms
[2026-07-01T01:48:52.198+0000][56.334s][info][gc,heap        ] GC(176) DefNew: 69952K(78656K)->0K(78656K) Eden: 69952K(69952K)->0K(69952K) From: 0K(8704K)->0K(8704K)
[2026-07-01T01:48:52.198+0000][56.334s][info][gc,heap        ] GC(176) Tenured: 166445K(174784K)->167087K(174784K)
[2026-07-01T01:48:52.198+0000][56.334s][info][gc,metaspace   ] GC(176) Metaspace: 41643K(42496K)->41643K(42496K) NonClass: 36508K(36992K)->36508K(36992K) Class: 5134K(5504K)->5134K(5504K)
[2026-07-01T01:48:52.198+0000][56.334s][info][gc             ] GC(176) Pause Full (Allocation Failure) 230M->163M(247M) 204.726ms
[2026-07-01T01:48:52.198+0000][56.334s][info][gc,cpu         ] GC(176) User=0.20s Sys=0.00s Real=0.20s
[2026-07-01T01:48:52.576+0000][56.712s][info][gc,start       ] GC(177) Pause Young (Allocation Failure)
[2026-07-01T01:48:52.576+0000][56.712s][info][gc,heap        ] GC(177) DefNew: 69952K(78656K)->69952K(78656K) Eden: 69952K(69952K)->69952K(69952K) From: 0K(8704K)->0K(8704K)
[2026-07-01T01:48:52.576+0000][56.712s][info][gc,heap        ] GC(177) Tenured: 167087K(174784K)->167087K(174784K)
[2026-07-01T01:48:52.576+0000][56.712s][info][gc,metaspace   ] GC(177) Metaspace: 41643K(42496K)->41643K(42496K) NonClass: 36508K(36992K)->36508K(36992K) Class: 5134K(5504K)->5134K(5504K)
[2026-07-01T01:48:52.576+0000][56.712s][info][gc             ] GC(177) Pause Young (Allocation Failure) 231M->231M(247M) 0.124ms
[2026-07-01T01:48:52.576+0000][56.712s][info][gc,cpu         ] GC(177) User=0.00s Sys=0.00s Real=0.00s
[2026-07-01T01:48:52.576+0000][56.712s][info][gc,start       ] GC(178) Pause Full (Allocation Failure)
[2026-07-01T01:48:52.576+0000][56.712s][info][gc,phases,start] GC(178) Phase 1: Mark live objects
[2026-07-01T01:48:52.682+0000][56.818s][info][gc,phases      ] GC(178) Phase 1: Mark live objects 106.418ms
[2026-07-01T01:48:52.682+0000][56.819s][info][gc,phases,start] GC(178) Phase 2: Compute new object addresses
[2026-07-01T01:48:52.731+0000][56.867s][info][gc,phases      ] GC(178) Phase 2: Compute new object addresses 48.213ms
[2026-07-01T01:48:52.731+0000][56.867s][info][gc,phases,start] GC(178) Phase 3: Adjust pointers
[2026-07-01T01:48:52.787+0000][56.923s][info][gc,phases      ] GC(178) Phase 3: Adjust pointers 55.975ms
[2026-07-01T01:48:52.787+0000][56.923s][info][gc,phases,start] GC(178) Phase 4: Move objects
[2026-07-01T01:48:52.820+0000][56.956s][info][gc,phases      ] GC(178) Phase 4: Move objects 33.651ms
[2026-07-01T01:48:52.821+0000][56.957s][info][gc,heap        ] GC(178) DefNew: 69952K(78656K)->0K(78656K) Eden: 69952K(69952K)->0K(69952K) From: 0K(8704K)->0K(8704K)
[2026-07-01T01:48:52.821+0000][56.957s][info][gc,heap        ] GC(178) Tenured: 167087K(174784K)->164104K(174784K)
[2026-07-01T01:48:52.821+0000][56.957s][info][gc,metaspace   ] GC(178) Metaspace: 41643K(42496K)->41241K(42496K) NonClass: 36508K(36992K)->36217K(36992K) Class: 5134K(5504K)->5024K(5504K)
[2026-07-01T01:48:52.821+0000][56.957s][info][gc             ] GC(178) Pause Full (Allocation Failure) 231M->160M(247M) 244.941ms
[2026-07-01T01:48:52.821+0000][56.957s][info][gc,cpu         ] GC(178) User=0.24s Sys=0.00s Real=0.25s
[2026-07-01T01:48:53.204+0000][57.341s][info][gc,start       ] GC(179) Pause Young (Allocation Failure)
[2026-07-01T01:48:53.205+0000][57.341s][info][gc             ] GC(179) Pause Young (Allocation Failure) 228M->228M(247M) 0.098ms
[2026-07-01T01:48:53.205+0000][57.341s][info][gc,cpu         ] GC(179) User=0.00s Sys=0.00s Real=0.00s
[2026-07-01T01:48:53.205+0000][57.341s][info][gc,start       ] GC(180) Pause Full (Allocation Failure)
[2026-07-01T01:48:53.205+0000][57.341s][info][gc,phases,start] GC(180) Phase 1: Mark live objects
[2026-07-01T01:48:53.312+0000][57.448s][info][gc,phases      ] GC(180) Phase 1: Mark live objects 107.572ms
[2026-07-01T01:48:53.312+0000][57.448s][info][gc,phases,start] GC(180) Phase 2: Compute new object addresses
[2026-07-01T01:48:53.360+0000][57.496s][info][gc,phases      ] GC(180) Phase 2: Compute new object addresses 47.808ms
[2026-07-01T01:48:53.360+0000][57.496s][info][gc,phases,start] GC(180) Phase 3: Adjust pointers
[2026-07-01T01:48:53.416+0000][57.552s][info][gc,phases      ] GC(180) Phase 3: Adjust pointers 56.184ms
[2026-07-01T01:48:53.416+0000][57.552s][info][gc,phases,start] GC(180) Phase 4: Move objects
[2026-07-01T01:48:53.449+0000][57.585s][info][gc,phases      ] GC(180) Phase 4: Move objects 32.319ms
[2026-07-01T01:48:53.449+0000][57.585s][info][gc,heap        ] GC(180) DefNew: 69952K(78656K)->0K(78656K) Eden: 69952K(69952K)->0K(69952K) From: 0K(8704K)->0K(8704K)
[2026-07-01T01:48:53.449+0000][57.585s][info][gc,heap        ] GC(180) Tenured: 164104K(174784K)->164381K(174784K)
[2026-07-01T01:48:53.449+0000][57.585s][info][gc,metaspace   ] GC(180) Metaspace: 41277K(42496K)->41267K(42496K) NonClass: 36247K(36992K)->36239K(36992K) Class: 5030K(5504K)->5027K(5504K)
[2026-07-01T01:48:53.449+0000][57.585s][info][gc             ] GC(180) Pause Full (Allocation Failure) 228M->160M(247M) 244.336ms
[2026-07-01T01:48:53.449+0000][57.585s][info][gc,cpu         ] GC(180) User=0.24s Sys=0.00s Real=0.25s
[2026-07-01T01:48:53.848+0000][57.984s][info][gc,start       ] GC(181) Pause Young (Allocation Failure)
[2026-07-01T01:48:53.848+0000][57.984s][info][gc             ] GC(181) Pause Young (Allocation Failure) 228M->228M(247M) 0.128ms
[2026-07-01T01:48:53.848+0000][57.984s][info][gc,cpu         ] GC(181) User=0.00s Sys=0.00s Real=0.01s
[2026-07-01T01:48:53.848+0000][57.984s][info][gc,start       ] GC(182) Pause Full (Allocation Failure)
[2026-07-01T01:48:53.848+0000][57.984s][info][gc,phases,start] GC(182) Phase 1: Mark live objects
[2026-07-01T01:48:53.964+0000][58.100s][info][gc,phases      ] GC(182) Phase 1: Mark live objects 115.888ms
[2026-07-01T01:48:53.964+0000][58.100s][info][gc,phases,start] GC(182) Phase 2: Compute new object addresses
[2026-07-01T01:48:54.013+0000][58.149s][info][gc,phases      ] GC(182) Phase 2: Compute new object addresses 48.587ms
[2026-07-01T01:48:54.013+0000][58.149s][info][gc,phases,start] GC(182) Phase 3: Adjust pointers
[2026-07-01T01:48:54.065+0000][58.201s][info][gc,phases      ] GC(182) Phase 3: Adjust pointers 51.865ms
[2026-07-01T01:48:54.065+0000][58.201s][info][gc,phases,start] GC(182) Phase 4: Move objects
[2026-07-01T01:48:54.065+0000][58.201s][info][gc,phases      ] GC(182) Phase 4: Move objects 0.474ms
[2026-07-01T01:48:54.065+0000][58.201s][info][gc,heap        ] GC(182) DefNew: 69952K(78656K)->0K(78656K) Eden: 69952K(69952K)->0K(69952K) From: 0K(8704K)->0K(8704K)
[2026-07-01T01:48:54.065+0000][58.201s][info][gc,heap        ] GC(182) Tenured: 164381K(174784K)->165576K(174784K)
[2026-07-01T01:48:54.065+0000][58.201s][info][gc,metaspace   ] GC(182) Metaspace: 41267K(42496K)->41267K(42496K) NonClass: 36239K(36992K)->36239K(36992K) Class: 5027K(5504K)->5027K(5504K)
[2026-07-01T01:48:54.065+0000][58.202s][info][gc             ] GC(182) Pause Full (Allocation Failure) 228M->161M(247M) 217.225ms
[2026-07-01T01:48:54.065+0000][58.202s][info][gc,cpu         ] GC(182) User=0.28s Sys=0.00s Real=0.21s
[2026-07-01T01:48:54.571+0000][58.707s][info][gc,start       ] GC(183) Pause Young (Allocation Failure)
[2026-07-01T01:48:54.571+0000][58.707s][info][gc             ] GC(183) Pause Young (Allocation Failure) 230M->230M(247M) 0.106ms
[2026-07-01T01:48:54.571+0000][58.707s][info][gc,cpu         ] GC(183) User=0.00s Sys=0.00s Real=0.00s
[2026-07-01T01:48:54.571+0000][58.707s][info][gc,start       ] GC(184) Pause Full (Allocation Failure)
[2026-07-01T01:48:54.571+0000][58.707s][info][gc,phases,start] GC(184) Phase 1: Mark live objects
[2026-07-01T01:48:54.767+0000][58.904s][info][gc,phases      ] GC(184) Phase 1: Mark live objects 196.750ms
[2026-07-01T01:48:54.768+0000][58.904s][info][gc,phases,start] GC(184) Phase 2: Compute new object addresses
[2026-07-01T01:48:54.836+0000][58.972s][info][gc,phases      ] GC(184) Phase 2: Compute new object addresses 68.106ms
[2026-07-01T01:48:54.836+0000][58.972s][info][gc,phases,start] GC(184) Phase 3: Adjust pointers
[2026-07-01T01:48:54.909+0000][59.045s][info][gc,phases      ] GC(184) Phase 3: Adjust pointers 72.873ms
[2026-07-01T01:48:54.909+0000][59.045s][info][gc,phases,start] GC(184) Phase 4: Move objects
[2026-07-01T01:48:54.909+0000][59.045s][info][gc,phases      ] GC(184) Phase 4: Move objects 0.532ms
[2026-07-01T01:48:54.909+0000][59.046s][info][gc,heap        ] GC(184) DefNew: 69952K(78656K)->0K(78656K) Eden: 69952K(69952K)->0K(69952K) From: 0K(8704K)->0K(8704K)
[2026-07-01T01:48:54.909+0000][59.046s][info][gc,heap        ] GC(184) Tenured: 165576K(174784K)->166832K(174784K)
[2026-07-01T01:48:54.909+0000][59.046s][info][gc,metaspace   ] GC(184) Metaspace: 41279K(42496K)->41279K(42496K) NonClass: 36251K(36992K)->36251K(36992K) Class: 5027K(5504K)->5027K(5504K)
[2026-07-01T01:48:54.909+0000][59.046s][info][gc             ] GC(184) Pause Full (Allocation Failure) 230M->162M(247M) 338.720ms
[2026-07-01T01:48:54.909+0000][59.046s][info][gc,cpu         ] GC(184) User=0.31s Sys=0.00s Real=0.34s
[2026-07-01T01:48:55.354+0000][59.490s][info][gc,start       ] GC(185) Pause Young (Allocation Failure)
[2026-07-01T01:48:55.354+0000][59.490s][info][gc             ] GC(185) Pause Young (Allocation Failure) 231M->231M(247M) 0.110ms
[2026-07-01T01:48:55.354+0000][59.490s][info][gc,cpu         ] GC(185) User=0.00s Sys=0.00s Real=0.00s
[2026-07-01T01:48:55.354+0000][59.490s][info][gc,start       ] GC(186) Pause Full (Allocation Failure)
[2026-07-01T01:48:55.354+0000][59.490s][info][gc,phases,start] GC(186) Phase 1: Mark live objects
[2026-07-01T01:48:55.537+0000][59.673s][info][gc,phases      ] GC(186) Phase 1: Mark live objects 182.372ms
[2026-07-01T01:48:55.537+0000][59.673s][info][gc,phases,start] GC(186) Phase 2: Compute new object addresses
[2026-07-01T01:48:55.586+0000][59.722s][info][gc,phases      ] GC(186) Phase 2: Compute new object addresses 48.921ms
[2026-07-01T01:48:55.586+0000][59.722s][info][gc,phases,start] GC(186) Phase 3: Adjust pointers
[2026-07-01T01:48:55.638+0000][59.774s][info][gc,phases      ] GC(186) Phase 3: Adjust pointers 51.967ms
[2026-07-01T01:48:55.638+0000][59.774s][info][gc,phases,start] GC(186) Phase 4: Move objects
[2026-07-01T01:48:55.638+0000][59.774s][info][gc,phases      ] GC(186) Phase 4: Move objects 0.307ms
[2026-07-01T01:48:55.638+0000][59.774s][info][gc,heap        ] GC(186) DefNew: 69952K(78656K)->0K(78656K) Eden: 69952K(69952K)->0K(69952K) From: 0K(8704K)->0K(8704K)
[2026-07-01T01:48:55.638+0000][59.774s][info][gc,heap        ] GC(186) Tenured: 166832K(174784K)->167305K(174784K)
[2026-07-01T01:48:55.638+0000][59.774s][info][gc,metaspace   ] GC(186) Metaspace: 41284K(42496K)->41284K(42496K) NonClass: 36256K(36992K)->36256K(36992K) Class: 5027K(5504K)->5027K(5504K)
[2026-07-01T01:48:55.638+0000][59.774s][info][gc             ] GC(186) Pause Full (Allocation Failure) 231M->163M(247M) 283.978ms
[2026-07-01T01:48:55.638+0000][59.774s][info][gc,cpu         ] GC(186) User=0.26s Sys=0.00s Real=0.29s
[2026-07-01T01:48:55.971+0000][60.107s][info][gc,start       ] GC(187) Pause Young (Allocation Failure)
[2026-07-01T01:48:55.971+0000][60.107s][info][gc             ] GC(187) Pause Young (Allocation Failure) 231M->231M(247M) 0.109ms
[2026-07-01T01:48:55.971+0000][60.107s][info][gc,cpu         ] GC(187) User=0.00s Sys=0.00s Real=0.00s
[2026-07-01T01:48:55.971+0000][60.107s][info][gc,start       ] GC(188) Pause Full (Allocation Failure)
[2026-07-01T01:48:55.971+0000][60.107s][info][gc,phases,start] GC(188) Phase 1: Mark live objects
[2026-07-01T01:48:56.075+0000][60.211s][info][gc,phases      ] GC(188) Phase 1: Mark live objects 103.689ms
[2026-07-01T01:48:56.075+0000][60.211s][info][gc,phases,start] GC(188) Phase 2: Compute new object addresses
[2026-07-01T01:48:56.123+0000][60.259s][info][gc,phases      ] GC(188) Phase 2: Compute new object addresses 47.908ms
[2026-07-01T01:48:56.123+0000][60.259s][info][gc,phases,start] GC(188) Phase 3: Adjust pointers
[2026-07-01T01:48:56.179+0000][60.315s][info][gc,phases      ] GC(188) Phase 3: Adjust pointers 56.451ms
[2026-07-01T01:48:56.179+0000][60.315s][info][gc,phases,start] GC(188) Phase 4: Move objects
[2026-07-01T01:48:56.212+0000][60.348s][info][gc,phases      ] GC(188) Phase 4: Move objects 33.050ms
[2026-07-01T01:48:56.213+0000][60.349s][info][gc,heap        ] GC(188) DefNew: 69952K(78656K)->0K(78656K) Eden: 69952K(69952K)->0K(69952K) From: 0K(8704K)->0K(8704K)
[2026-07-01T01:48:56.213+0000][60.349s][info][gc,heap        ] GC(188) Tenured: 167305K(174784K)->165177K(174784K)
[2026-07-01T01:48:56.213+0000][60.349s][info][gc,metaspace   ] GC(188) Metaspace: 41287K(42496K)->41287K(42496K) NonClass: 36259K(36992K)->36259K(36992K) Class: 5027K(5504K)->5027K(5504K)
[2026-07-01T01:48:56.213+0000][60.349s][info][gc             ] GC(188) Pause Full (Allocation Failure) 231M->161M(247M) 241.505ms
[2026-07-01T01:48:56.213+0000][60.349s][info][gc,cpu         ] GC(188) User=0.24s Sys=0.00s Real=0.24s
[2026-07-01T01:48:56.544+0000][60.681s][info][gc,start       ] GC(189) Pause Young (Allocation Failure)
[2026-07-01T01:48:56.545+0000][60.681s][info][gc             ] GC(189) Pause Young (Allocation Failure) 229M->229M(247M) 0.125ms
[2026-07-01T01:48:56.545+0000][60.681s][info][gc,cpu         ] GC(189) User=0.00s Sys=0.00s Real=0.00s
[2026-07-01T01:48:56.545+0000][60.681s][info][gc,start       ] GC(190) Pause Full (Allocation Failure)
[2026-07-01T01:48:56.545+0000][60.681s][info][gc,phases,start] GC(190) Phase 1: Mark live objects
[2026-07-01T01:48:56.648+0000][60.784s][info][gc,phases      ] GC(190) Phase 1: Mark live objects 103.068ms
[2026-07-01T01:48:56.648+0000][60.784s][info][gc,phases,start] GC(190) Phase 2: Compute new object addresses
[2026-07-01T01:48:56.697+0000][60.833s][info][gc,phases      ] GC(190) Phase 2: Compute new object addresses 48.910ms
[2026-07-01T01:48:56.697+0000][60.833s][info][gc,phases,start] GC(190) Phase 3: Adjust pointers
[2026-07-01T01:48:56.749+0000][60.885s][info][gc,phases      ] GC(190) Phase 3: Adjust pointers 52.212ms
[2026-07-01T01:48:56.749+0000][60.885s][info][gc,phases,start] GC(190) Phase 4: Move objects
[2026-07-01T01:48:56.749+0000][60.886s][info][gc,phases      ] GC(190) Phase 4: Move objects 0.424ms
[2026-07-01T01:48:56.750+0000][60.886s][info][gc,heap        ] GC(190) DefNew: 69952K(78656K)->0K(78656K) Eden: 69952K(69952K)->0K(69952K) From: 0K(8704K)->0K(8704K)
[2026-07-01T01:48:56.750+0000][60.886s][info][gc,heap        ] GC(190) Tenured: 165177K(174784K)->166039K(174784K)
[2026-07-01T01:48:56.750+0000][60.886s][info][gc,metaspace   ] GC(190) Metaspace: 41288K(42496K)->41288K(42496K) NonClass: 36260K(36992K)->36260K(36992K) Class: 5027K(5504K)->5027K(5504K)
[2026-07-01T01:48:56.750+0000][60.886s][info][gc             ] GC(190) Pause Full (Allocation Failure) 229M->162M(247M) 204.999ms
[2026-07-01T01:48:56.750+0000][60.886s][info][gc,cpu         ] GC(190) User=0.21s Sys=0.00s Real=0.21s
[2026-07-01T01:48:57.077+0000][61.214s][info][gc,start       ] GC(191) Pause Young (Allocation Failure)
[2026-07-01T01:48:57.078+0000][61.214s][info][gc             ] GC(191) Pause Young (Allocation Failure) 230M->230M(247M) 0.117ms
[2026-07-01T01:48:57.078+0000][61.214s][info][gc,cpu         ] GC(191) User=0.00s Sys=0.00s Real=0.00s
[2026-07-01T01:48:57.078+0000][61.214s][info][gc,start       ] GC(192) Pause Full (Allocation Failure)
[2026-07-01T01:48:57.078+0000][61.214s][info][gc,phases,start] GC(192) Phase 1: Mark live objects
[2026-07-01T01:48:57.182+0000][61.318s][info][gc,phases      ] GC(192) Phase 1: Mark live objects 104.667ms
[2026-07-01T01:48:57.182+0000][61.318s][info][gc,phases,start] GC(192) Phase 2: Compute new object addresses
[2026-07-01T01:48:57.231+0000][61.367s][info][gc,phases      ] GC(192) Phase 2: Compute new object addresses 48.751ms
[2026-07-01T01:48:57.231+0000][61.367s][info][gc,phases,start] GC(192) Phase 3: Adjust pointers
[2026-07-01T01:48:57.283+0000][61.419s][info][gc,phases      ] GC(192) Phase 3: Adjust pointers 52.026ms
[2026-07-01T01:48:57.283+0000][61.419s][info][gc,phases,start] GC(192) Phase 4: Move objects
[2026-07-01T01:48:57.284+0000][61.420s][info][gc,phases      ] GC(192) Phase 4: Move objects 0.405ms
[2026-07-01T01:48:57.284+0000][61.420s][info][gc,heap        ] GC(192) DefNew: 69952K(78656K)->0K(78656K) Eden: 69952K(69952K)->0K(69952K) From: 0K(8704K)->0K(8704K)
[2026-07-01T01:48:57.284+0000][61.420s][info][gc,heap        ] GC(192) Tenured: 166039K(174784K)->166880K(174784K)
[2026-07-01T01:48:57.284+0000][61.420s][info][gc,metaspace   ] GC(192) Metaspace: 41288K(42496K)->41288K(42496K) NonClass: 36260K(36992K)->36260K(36992K) Class: 5027K(5504K)->5027K(5504K)
[2026-07-01T01:48:57.284+0000][61.420s][info][gc             ] GC(192) Pause Full (Allocation Failure) 230M->162M(247M) 206.229ms
[2026-07-01T01:48:57.284+0000][61.420s][info][gc,cpu         ] GC(192) User=0.21s Sys=0.00s Real=0.21s
[2026-07-01T01:48:57.616+0000][61.752s][info][gc,start       ] GC(193) Pause Young (Allocation Failure)
[2026-07-01T01:48:57.616+0000][61.752s][info][gc             ] GC(193) Pause Young (Allocation Failure) 231M->231M(247M) 0.100ms
[2026-07-01T01:48:57.616+0000][61.752s][info][gc,cpu         ] GC(193) User=0.00s Sys=0.00s Real=0.00s
[2026-07-01T01:48:57.616+0000][61.752s][info][gc,start       ] GC(194) Pause Full (Allocation Failure)
[2026-07-01T01:48:57.616+0000][61.752s][info][gc,phases,start] GC(194) Phase 1: Mark live objects
[2026-07-01T01:48:57.721+0000][61.857s][info][gc,phases      ] GC(194) Phase 1: Mark live objects 104.943ms
[2026-07-01T01:48:57.721+0000][61.857s][info][gc,phases,start] GC(194) Phase 2: Compute new object addresses
[2026-07-01T01:48:57.770+0000][61.906s][info][gc,phases      ] GC(194) Phase 2: Compute new object addresses 48.889ms
[2026-07-01T01:48:57.770+0000][61.906s][info][gc,phases,start] GC(194) Phase 3: Adjust pointers
[2026-07-01T01:48:57.822+0000][61.959s][info][gc,phases      ] GC(194) Phase 3: Adjust pointers 52.618ms
[2026-07-01T01:48:57.822+0000][61.959s][info][gc,phases,start] GC(194) Phase 4: Move objects
[2026-07-01T01:48:57.823+0000][61.959s][info][gc,phases      ] GC(194) Phase 4: Move objects 0.552ms
[2026-07-01T01:48:57.823+0000][61.959s][info][gc,heap        ] GC(194) DefNew: 69951K(78656K)->0K(78656K) Eden: 69951K(69952K)->0K(69952K) From: 0K(8704K)->0K(8704K)
[2026-07-01T01:48:57.823+0000][61.959s][info][gc,heap        ] GC(194) Tenured: 166880K(174784K)->168489K(174784K)
[2026-07-01T01:48:57.823+0000][61.959s][info][gc,metaspace   ] GC(194) Metaspace: 41288K(42496K)->41288K(42496K) NonClass: 36260K(36992K)->36260K(36992K) Class: 5027K(5504K)->5027K(5504K)
[2026-07-01T01:48:57.823+0000][61.959s][info][gc             ] GC(194) Pause Full (Allocation Failure) 231M->164M(247M) 207.401ms
[2026-07-01T01:48:57.823+0000][61.959s][info][gc,cpu         ] GC(194) User=0.21s Sys=0.00s Real=0.21s
[2026-07-01T01:48:58.138+0000][62.274s][info][gc,start       ] GC(195) Pause Young (Allocation Failure)
[2026-07-01T01:48:58.138+0000][62.274s][info][gc             ] GC(195) Pause Young (Allocation Failure) 232M->232M(247M) 0.431ms
[2026-07-01T01:48:58.138+0000][62.274s][info][gc,cpu         ] GC(195) User=0.00s Sys=0.00s Real=0.01s
[2026-07-01T01:48:58.138+0000][62.274s][info][gc,start       ] GC(196) Pause Full (Allocation Failure)
[2026-07-01T01:48:58.138+0000][62.274s][info][gc,phases,start] GC(196) Phase 1: Mark live objects
[2026-07-01T01:48:58.244+0000][62.380s][info][gc,phases      ] GC(196) Phase 1: Mark live objects 106.120ms
[2026-07-01T01:48:58.244+0000][62.380s][info][gc,phases,start] GC(196) Phase 2: Compute new object addresses
[2026-07-01T01:48:58.293+0000][62.429s][info][gc,phases      ] GC(196) Phase 2: Compute new object addresses 48.582ms
[2026-07-01T01:48:58.293+0000][62.429s][info][gc,phases,start] GC(196) Phase 3: Adjust pointers
[2026-07-01T01:48:58.351+0000][62.487s][info][gc,phases      ] GC(196) Phase 3: Adjust pointers 57.560ms
[2026-07-01T01:48:58.351+0000][62.487s][info][gc,phases,start] GC(196) Phase 4: Move objects
[2026-07-01T01:48:58.384+0000][62.520s][info][gc,phases      ] GC(196) Phase 4: Move objects 33.048ms
[2026-07-01T01:48:58.384+0000][62.520s][info][gc,heap        ] GC(196) DefNew: 69951K(78656K)->0K(78656K) Eden: 69951K(69952K)->0K(69952K) From: 0K(8704K)->0K(8704K)
[2026-07-01T01:48:58.384+0000][62.520s][info][gc,heap        ] GC(196) Tenured: 168489K(174784K)->165921K(174784K)
[2026-07-01T01:48:58.384+0000][62.520s][info][gc,metaspace   ] GC(196) Metaspace: 41288K(42496K)->41288K(42496K) NonClass: 36260K(36992K)->36260K(36992K) Class: 5027K(5504K)->5027K(5504K)
[2026-07-01T01:48:58.384+0000][62.520s][info][gc             ] GC(196) Pause Full (Allocation Failure) 232M->162M(247M) 245.736ms
[2026-07-01T01:48:58.384+0000][62.520s][info][gc,cpu         ] GC(196) User=0.25s Sys=0.00s Real=0.24s
[2026-07-01T01:48:58.712+0000][62.848s][info][gc,start       ] GC(197) Pause Young (Allocation Failure)
[2026-07-01T01:48:58.712+0000][62.849s][info][gc             ] GC(197) Pause Young (Allocation Failure) 230M->230M(247M) 0.092ms
[2026-07-01T01:48:58.712+0000][62.849s][info][gc,cpu         ] GC(197) User=0.00s Sys=0.00s Real=0.00s
[2026-07-01T01:48:58.712+0000][62.849s][info][gc,start       ] GC(198) Pause Full (Allocation Failure)
[2026-07-01T01:48:58.712+0000][62.849s][info][gc,phases,start] GC(198) Phase 1: Mark live objects
[2026-07-01T01:48:58.819+0000][62.955s][info][gc,phases      ] GC(198) Phase 1: Mark live objects 106.678ms
[2026-07-01T01:48:58.819+0000][62.955s][info][gc,phases,start] GC(198) Phase 2: Compute new object addresses
[2026-07-01T01:48:58.868+0000][63.004s][info][gc,phases      ] GC(198) Phase 2: Compute new object addresses 48.866ms
[2026-07-01T01:48:58.868+0000][63.004s][info][gc,phases,start] GC(198) Phase 3: Adjust pointers
[2026-07-01T01:48:58.921+0000][63.057s][info][gc,phases      ] GC(198) Phase 3: Adjust pointers 52.788ms
[2026-07-01T01:48:58.921+0000][63.057s][info][gc,phases,start] GC(198) Phase 4: Move objects
[2026-07-01T01:48:58.921+0000][63.058s][info][gc,phases      ] GC(198) Phase 4: Move objects 0.464ms
[2026-07-01T01:48:58.922+0000][63.058s][info][gc,heap        ] GC(198) DefNew: 69952K(78656K)->0K(78656K) Eden: 69952K(69952K)->0K(69952K) From: 0K(8704K)->0K(8704K)
[2026-07-01T01:48:58.922+0000][63.058s][info][gc,heap        ] GC(198) Tenured: 165921K(174784K)->167105K(174784K)
[2026-07-01T01:48:58.922+0000][63.058s][info][gc,metaspace   ] GC(198) Metaspace: 41289K(42496K)->41289K(42496K) NonClass: 36260K(36992K)->36260K(36992K) Class: 5028K(5504K)->5028K(5504K)
[2026-07-01T01:48:58.922+0000][63.058s][info][gc             ] GC(198) Pause Full (Allocation Failure) 230M->163M(247M) 209.190ms
[2026-07-01T01:48:58.922+0000][63.058s][info][gc,cpu         ] GC(198) User=0.21s Sys=0.00s Real=0.21s
[2026-07-01T01:48:59.249+0000][63.385s][info][gc,start       ] GC(199) Pause Young (Allocation Failure)
[2026-07-01T01:48:59.249+0000][63.385s][info][gc             ] GC(199) Pause Young (Allocation Failure) 231M->231M(247M) 0.083ms
[2026-07-01T01:48:59.249+0000][63.385s][info][gc,cpu         ] GC(199) User=0.00s Sys=0.00s Real=0.00s
[2026-07-01T01:48:59.249+0000][63.385s][info][gc,start       ] GC(200) Pause Full (Allocation Failure)
[2026-07-01T01:48:59.249+0000][63.385s][info][gc,phases,start] GC(200) Phase 1: Mark live objects
[2026-07-01T01:48:59.357+0000][63.494s][info][gc,phases      ] GC(200) Phase 1: Mark live objects 108.204ms
[2026-07-01T01:48:59.357+0000][63.494s][info][gc,phases,start] GC(200) Phase 2: Compute new object addresses
[2026-07-01T01:48:59.407+0000][63.543s][info][gc,phases      ] GC(200) Phase 2: Compute new object addresses 49.280ms
[2026-07-01T01:48:59.407+0000][63.543s][info][gc,phases,start] GC(200) Phase 3: Adjust pointers
[2026-07-01T01:48:59.460+0000][63.596s][info][gc,phases      ] GC(200) Phase 3: Adjust pointers 53.366ms
[2026-07-01T01:48:59.460+0000][63.596s][info][gc,phases,start] GC(200) Phase 4: Move objects
[2026-07-01T01:48:59.461+0000][63.597s][info][gc,phases      ] GC(200) Phase 4: Move objects 0.473ms
[2026-07-01T01:48:59.461+0000][63.597s][info][gc,heap        ] GC(200) DefNew: 69952K(78656K)->0K(78656K) Eden: 69952K(69952K)->0K(69952K) From: 0K(8704K)->0K(8704K)
[2026-07-01T01:48:59.461+0000][63.597s][info][gc,heap        ] GC(200) Tenured: 167105K(174784K)->168427K(174784K)
[2026-07-01T01:48:59.461+0000][63.597s][info][gc,metaspace   ] GC(200) Metaspace: 41289K(42496K)->41289K(42496K) NonClass: 36260K(36992K)->36260K(36992K) Class: 5028K(5504K)->5028K(5504K)
[2026-07-01T01:48:59.461+0000][63.597s][info][gc             ] GC(200) Pause Full (Allocation Failure) 231M->164M(247M) 211.705ms
[2026-07-01T01:48:59.461+0000][63.597s][info][gc,cpu         ] GC(200) User=0.21s Sys=0.00s Real=0.21s
[2026-07-01T01:48:59.888+0000][64.024s][info][gc,start       ] GC(201) Pause Young (Allocation Failure)
[2026-07-01T01:48:59.888+0000][64.024s][info][gc             ] GC(201) Pause Young (Allocation Failure) 232M->232M(247M) 0.136ms
[2026-07-01T01:48:59.888+0000][64.024s][info][gc,cpu         ] GC(201) User=0.00s Sys=0.00s Real=0.00s
[2026-07-01T01:48:59.888+0000][64.025s][info][gc,start       ] GC(202) Pause Full (Allocation Failure)
[2026-07-01T01:48:59.888+0000][64.025s][info][gc,phases,start] GC(202) Phase 1: Mark live objects
[2026-07-01T01:49:00.077+0000][64.213s][info][gc,phases      ] GC(202) Phase 1: Mark live objects 188.569ms
[2026-07-01T01:49:00.077+0000][64.213s][info][gc,phases,start] GC(202) Phase 2: Compute new object addresses
[2026-07-01T01:49:00.148+0000][64.284s][info][gc,phases      ] GC(202) Phase 2: Compute new object addresses 70.907ms
[2026-07-01T01:49:00.148+0000][64.284s][info][gc,phases,start] GC(202) Phase 3: Adjust pointers
[2026-07-01T01:49:00.225+0000][64.362s][info][gc,phases      ] GC(202) Phase 3: Adjust pointers 77.477ms
[2026-07-01T01:49:00.225+0000][64.362s][info][gc,phases,start] GC(202) Phase 4: Move objects
[2026-07-01T01:49:00.226+0000][64.362s][info][gc,phases      ] GC(202) Phase 4: Move objects 0.623ms
[2026-07-01T01:49:00.226+0000][64.363s][info][gc,heap        ] GC(202) DefNew: 69952K(78656K)->0K(78656K) Eden: 69952K(69952K)->0K(69952K) From: 0K(8704K)->0K(8704K)
[2026-07-01T01:49:00.226+0000][64.363s][info][gc,heap        ] GC(202) Tenured: 168427K(174784K)->168844K(174784K)
[2026-07-01T01:49:00.226+0000][64.363s][info][gc,metaspace   ] GC(202) Metaspace: 41289K(42496K)->41289K(42496K) NonClass: 36261K(36992K)->36261K(36992K) Class: 5028K(5504K)->5028K(5504K)
[2026-07-01T01:49:00.226+0000][64.363s][info][gc             ] GC(202) Pause Full (Allocation Failure) 232M->164M(247M) 338.046ms
[2026-07-01T01:49:00.226+0000][64.363s][info][gc,cpu         ] GC(202) User=0.32s Sys=0.00s Real=0.33s
[2026-07-01T01:49:00.711+0000][64.847s][info][gc,start       ] GC(203) Pause Young (Allocation Failure)
[2026-07-01T01:49:00.711+0000][64.847s][info][gc             ] GC(203) Pause Young (Allocation Failure) 233M->233M(247M) 0.118ms
[2026-07-01T01:49:00.711+0000][64.847s][info][gc,cpu         ] GC(203) User=0.00s Sys=0.00s Real=0.00s
[2026-07-01T01:49:00.711+0000][64.847s][info][gc,start       ] GC(204) Pause Full (Allocation Failure)
[2026-07-01T01:49:00.711+0000][64.847s][info][gc,phases,start] GC(204) Phase 1: Mark live objects
[2026-07-01T01:49:00.884+0000][65.020s][info][gc,phases      ] GC(204) Phase 1: Mark live objects 172.518ms
[2026-07-01T01:49:00.884+0000][65.020s][info][gc,phases,start] GC(204) Phase 2: Compute new object addresses
[2026-07-01T01:49:00.949+0000][65.085s][info][gc,phases      ] GC(204) Phase 2: Compute new object addresses 65.298ms
[2026-07-01T01:49:00.949+0000][65.085s][info][gc,phases,start] GC(204) Phase 3: Adjust pointers
[2026-07-01T01:49:01.028+0000][65.164s][info][gc,phases      ] GC(204) Phase 3: Adjust pointers 78.570ms
[2026-07-01T01:49:01.028+0000][65.164s][info][gc,phases,start] GC(204) Phase 4: Move objects
[2026-07-01T01:49:01.058+0000][65.195s][info][gc,phases      ] GC(204) Phase 4: Move objects 30.616ms
[2026-07-01T01:49:01.059+0000][65.195s][info][gc,heap        ] GC(204) DefNew: 69952K(78656K)->0K(78656K) Eden: 69952K(69952K)->0K(69952K) From: 0K(8704K)->0K(8704K)
[2026-07-01T01:49:01.059+0000][65.195s][info][gc,heap        ] GC(204) Tenured: 168844K(174784K)->166565K(174784K)
[2026-07-01T01:49:01.059+0000][65.195s][info][gc,metaspace   ] GC(204) Metaspace: 41289K(42496K)->41289K(42496K) NonClass: 36261K(36992K)->36261K(36992K) Class: 5028K(5504K)->5028K(5504K)
[2026-07-01T01:49:01.059+0000][65.195s][info][gc             ] GC(204) Pause Full (Allocation Failure) 233M->162M(247M) 347.481ms
[2026-07-01T01:49:01.059+0000][65.195s][info][gc,cpu         ] GC(204) User=0.35s Sys=0.00s Real=0.35s
[2026-07-01T01:49:01.399+0000][65.536s][info][gc,start       ] GC(205) Pause Young (Allocation Failure)
[2026-07-01T01:49:01.399+0000][65.536s][info][gc             ] GC(205) Pause Young (Allocation Failure) 230M->230M(247M) 0.095ms
[2026-07-01T01:49:01.400+0000][65.536s][info][gc,cpu         ] GC(205) User=0.00s Sys=0.00s Real=0.00s
[2026-07-01T01:49:01.400+0000][65.536s][info][gc,start       ] GC(206) Pause Full (Allocation Failure)
[2026-07-01T01:49:01.400+0000][65.536s][info][gc,phases,start] GC(206) Phase 1: Mark live objects
[2026-07-01T01:49:01.506+0000][65.642s][info][gc,phases      ] GC(206) Phase 1: Mark live objects 106.590ms
[2026-07-01T01:49:01.506+0000][65.642s][info][gc,phases,start] GC(206) Phase 2: Compute new object addresses
[2026-07-01T01:49:01.555+0000][65.692s][info][gc,phases      ] GC(206) Phase 2: Compute new object addresses 49.233ms
[2026-07-01T01:49:01.555+0000][65.692s][info][gc,phases,start] GC(206) Phase 3: Adjust pointers
[2026-07-01T01:49:01.609+0000][65.745s][info][gc,phases      ] GC(206) Phase 3: Adjust pointers 53.572ms
[2026-07-01T01:49:01.609+0000][65.745s][info][gc,phases,start] GC(206) Phase 4: Move objects
[2026-07-01T01:49:01.610+0000][65.746s][info][gc,phases      ] GC(206) Phase 4: Move objects 0.443ms
[2026-07-01T01:49:01.610+0000][65.746s][info][gc,heap        ] GC(206) DefNew: 69952K(78656K)->0K(78656K) Eden: 69952K(69952K)->0K(69952K) From: 0K(8704K)->0K(8704K)
[2026-07-01T01:49:01.610+0000][65.746s][info][gc,heap        ] GC(206) Tenured: 166565K(174784K)->167419K(174784K)
[2026-07-01T01:49:01.610+0000][65.746s][info][gc,metaspace   ] GC(206) Metaspace: 41289K(42496K)->41289K(42496K) NonClass: 36261K(36992K)->36261K(36992K) Class: 5028K(5504K)->5028K(5504K)
[2026-07-01T01:49:01.610+0000][65.746s][info][gc             ] GC(206) Pause Full (Allocation Failure) 230M->163M(247M) 210.240ms
[2026-07-01T01:49:01.610+0000][65.746s][info][gc,cpu         ] GC(206) User=0.21s Sys=0.00s Real=0.21s
[2026-07-01T01:49:01.980+0000][66.116s][info][gc,start       ] GC(207) Pause Young (Allocation Failure)
[2026-07-01T01:49:01.980+0000][66.116s][info][gc             ] GC(207) Pause Young (Allocation Failure) 231M->231M(247M) 0.101ms
[2026-07-01T01:49:01.980+0000][66.116s][info][gc,cpu         ] GC(207) User=0.00s Sys=0.00s Real=0.00s
[2026-07-01T01:49:01.980+0000][66.116s][info][gc,start       ] GC(208) Pause Full (Allocation Failure)
[2026-07-01T01:49:01.980+0000][66.116s][info][gc,phases,start] GC(208) Phase 1: Mark live objects
[2026-07-01T01:49:02.091+0000][66.227s][info][gc,phases      ] GC(208) Phase 1: Mark live objects 110.770ms
[2026-07-01T01:49:02.091+0000][66.227s][info][gc,phases,start] GC(208) Phase 2: Compute new object addresses
[2026-07-01T01:49:02.140+0000][66.276s][info][gc,phases      ] GC(208) Phase 2: Compute new object addresses 49.368ms
[2026-07-01T01:49:02.140+0000][66.276s][info][gc,phases,start] GC(208) Phase 3: Adjust pointers
[2026-07-01T01:49:02.195+0000][66.331s][info][gc,phases      ] GC(208) Phase 3: Adjust pointers 54.434ms
[2026-07-01T01:49:02.195+0000][66.331s][info][gc,phases,start] GC(208) Phase 4: Move objects
[2026-07-01T01:49:02.195+0000][66.331s][info][gc,phases      ] GC(208) Phase 4: Move objects 0.387ms
[2026-07-01T01:49:02.195+0000][66.332s][info][gc,heap        ] GC(208) DefNew: 69952K(78656K)->0K(78656K) Eden: 69952K(69952K)->0K(69952K) From: 0K(8704K)->0K(8704K)
[2026-07-01T01:49:02.195+0000][66.332s][info][gc,heap        ] GC(208) Tenured: 167419K(174784K)->168195K(174784K)
[2026-07-01T01:49:02.195+0000][66.332s][info][gc,metaspace   ] GC(208) Metaspace: 41290K(42496K)->41290K(42496K) NonClass: 36262K(36992K)->36262K(36992K) Class: 5028K(5504K)->5028K(5504K)
[2026-07-01T01:49:02.195+0000][66.332s][info][gc             ] GC(208) Pause Full (Allocation Failure) 231M->164M(247M) 215.365ms
[2026-07-01T01:49:02.195+0000][66.332s][info][gc,cpu         ] GC(208) User=0.22s Sys=0.00s Real=0.21s
[2026-07-01T01:49:02.524+0000][66.660s][info][gc,start       ] GC(209) Pause Young (Allocation Failure)
[2026-07-01T01:49:02.524+0000][66.660s][info][gc             ] GC(209) Pause Young (Allocation Failure) 232M->232M(247M) 0.120ms
[2026-07-01T01:49:02.524+0000][66.660s][info][gc,cpu         ] GC(209) User=0.00s Sys=0.00s Real=0.00s
[2026-07-01T01:49:02.524+0000][66.660s][info][gc,start       ] GC(210) Pause Full (Allocation Failure)
[2026-07-01T01:49:02.524+0000][66.660s][info][gc,phases,start] GC(210) Phase 1: Mark live objects
[2026-07-01T01:49:02.631+0000][66.767s][info][gc,phases      ] GC(210) Phase 1: Mark live objects 106.776ms
[2026-07-01T01:49:02.631+0000][66.767s][info][gc,phases,start] GC(210) Phase 2: Compute new object addresses
[2026-07-01T01:49:02.681+0000][66.817s][info][gc,phases      ] GC(210) Phase 2: Compute new object addresses 49.738ms
[2026-07-01T01:49:02.681+0000][66.817s][info][gc,phases,start] GC(210) Phase 3: Adjust pointers
[2026-07-01T01:49:02.733+0000][66.870s][info][gc,phases      ] GC(210) Phase 3: Adjust pointers 52.690ms
[2026-07-01T01:49:02.733+0000][66.870s][info][gc,phases,start] GC(210) Phase 4: Move objects
[2026-07-01T01:49:02.734+0000][66.870s][info][gc,phases      ] GC(210) Phase 4: Move objects 0.542ms
[2026-07-01T01:49:02.734+0000][66.870s][info][gc,heap        ] GC(210) DefNew: 69952K(78656K)->0K(78656K) Eden: 69952K(69952K)->0K(69952K) From: 0K(8704K)->0K(8704K)
[2026-07-01T01:49:02.734+0000][66.870s][info][gc,heap        ] GC(210) Tenured: 168195K(174784K)->169822K(174784K)
[2026-07-01T01:49:02.734+0000][66.870s][info][gc,metaspace   ] GC(210) Metaspace: 41291K(42496K)->41291K(42496K) NonClass: 36263K(36992K)->36263K(36992K) Class: 5028K(5504K)->5028K(5504K)
[2026-07-01T01:49:02.734+0000][66.870s][info][gc             ] GC(210) Pause Full (Allocation Failure) 232M->165M(247M) 210.140ms
[2026-07-01T01:49:02.734+0000][66.870s][info][gc,cpu         ] GC(210) User=0.21s Sys=0.00s Real=0.21s
[2026-07-01T01:49:03.045+0000][67.181s][info][gc,start       ] GC(211) Pause Young (Allocation Failure)
[2026-07-01T01:49:03.045+0000][67.181s][info][gc             ] GC(211) Pause Young (Allocation Failure) 234M->234M(247M) 0.125ms
[2026-07-01T01:49:03.045+0000][67.181s][info][gc,cpu         ] GC(211) User=0.00s Sys=0.00s Real=0.00s
[2026-07-01T01:49:03.045+0000][67.181s][info][gc,start       ] GC(212) Pause Full (Allocation Failure)
[2026-07-01T01:49:03.045+0000][67.181s][info][gc,phases,start] GC(212) Phase 1: Mark live objects
[2026-07-01T01:49:03.152+0000][67.288s][info][gc,phases      ] GC(212) Phase 1: Mark live objects 107.237ms
[2026-07-01T01:49:03.152+0000][67.288s][info][gc,phases,start] GC(212) Phase 2: Compute new object addresses
[2026-07-01T01:49:03.202+0000][67.338s][info][gc,phases      ] GC(212) Phase 2: Compute new object addresses 49.496ms
[2026-07-01T01:49:03.202+0000][67.338s][info][gc,phases,start] GC(212) Phase 3: Adjust pointers
[2026-07-01T01:49:03.259+0000][67.395s][info][gc,phases      ] GC(212) Phase 3: Adjust pointers 57.319ms
[2026-07-01T01:49:03.259+0000][67.395s][info][gc,phases,start] GC(212) Phase 4: Move objects
[2026-07-01T01:49:03.289+0000][67.426s][info][gc,phases      ] GC(212) Phase 4: Move objects 30.307ms
[2026-07-01T01:49:03.290+0000][67.426s][info][gc,heap        ] GC(212) DefNew: 69952K(78656K)->0K(78656K) Eden: 69952K(69952K)->0K(69952K) From: 0K(8704K)->0K(8704K)
[2026-07-01T01:49:03.290+0000][67.426s][info][gc,heap        ] GC(212) Tenured: 169822K(174784K)->167354K(174784K)
[2026-07-01T01:49:03.290+0000][67.426s][info][gc,metaspace   ] GC(212) Metaspace: 41291K(42496K)->41291K(42496K) NonClass: 36263K(36992K)->36263K(36992K) Class: 5028K(5504K)->5028K(5504K)
[2026-07-01T01:49:03.290+0000][67.426s][info][gc             ] GC(212) Pause Full (Allocation Failure) 234M->163M(247M) 244.794ms
[2026-07-01T01:49:03.290+0000][67.426s][info][gc,cpu         ] GC(212) User=0.24s Sys=0.00s Real=0.25s
[2026-07-01T01:49:03.615+0000][67.751s][info][gc,start       ] GC(213) Pause Young (Allocation Failure)
[2026-07-01T01:49:03.615+0000][67.751s][info][gc             ] GC(213) Pause Young (Allocation Failure) 231M->231M(247M) 0.084ms
[2026-07-01T01:49:03.615+0000][67.751s][info][gc,cpu         ] GC(213) User=0.00s Sys=0.00s Real=0.00s
[2026-07-01T01:49:03.615+0000][67.751s][info][gc,start       ] GC(214) Pause Full (Allocation Failure)
[2026-07-01T01:49:03.615+0000][67.751s][info][gc,phases,start] GC(214) Phase 1: Mark live objects
[2026-07-01T01:49:03.724+0000][67.860s][info][gc,phases      ] GC(214) Phase 1: Mark live objects 109.408ms
[2026-07-01T01:49:03.724+0000][67.861s][info][gc,phases,start] GC(214) Phase 2: Compute new object addresses
[2026-07-01T01:49:03.774+0000][67.910s][info][gc,phases      ] GC(214) Phase 2: Compute new object addresses 49.468ms
[2026-07-01T01:49:03.774+0000][67.910s][info][gc,phases,start] GC(214) Phase 3: Adjust pointers
[2026-07-01T01:49:03.829+0000][67.965s][info][gc,phases      ] GC(214) Phase 3: Adjust pointers 55.056ms
[2026-07-01T01:49:03.829+0000][67.965s][info][gc,phases,start] GC(214) Phase 4: Move objects
[2026-07-01T01:49:03.829+0000][67.966s][info][gc,phases      ] GC(214) Phase 4: Move objects 0.476ms
[2026-07-01T01:49:03.830+0000][67.966s][info][gc,heap        ] GC(214) DefNew: 69952K(78656K)->0K(78656K) Eden: 69952K(69952K)->0K(69952K) From: 0K(8704K)->0K(8704K)
[2026-07-01T01:49:03.830+0000][67.966s][info][gc,heap        ] GC(214) Tenured: 167354K(174784K)->168548K(174784K)
[2026-07-01T01:49:03.830+0000][67.966s][info][gc,metaspace   ] GC(214) Metaspace: 41291K(42496K)->41291K(42496K) NonClass: 36263K(36992K)->36263K(36992K) Class: 5028K(5504K)->5028K(5504K)
[2026-07-01T01:49:03.830+0000][67.966s][info][gc             ] GC(214) Pause Full (Allocation Failure) 231M->164M(247M) 214.793ms
[2026-07-01T01:49:03.830+0000][67.966s][info][gc,cpu         ] GC(214) User=0.22s Sys=0.01s Real=0.22s
[2026-07-01T01:49:04.148+0000][68.284s][info][gc,start       ] GC(215) Pause Young (Allocation Failure)
[2026-07-01T01:49:04.148+0000][68.285s][info][gc             ] GC(215) Pause Young (Allocation Failure) 232M->232M(247M) 0.097ms
[2026-07-01T01:49:04.148+0000][68.285s][info][gc,cpu         ] GC(215) User=0.00s Sys=0.00s Real=0.00s
[2026-07-01T01:49:04.148+0000][68.285s][info][gc,start       ] GC(216) Pause Full (Allocation Failure)
[2026-07-01T01:49:04.148+0000][68.285s][info][gc,phases,start] GC(216) Phase 1: Mark live objects
[2026-07-01T01:49:04.260+0000][68.396s][info][gc,phases      ] GC(216) Phase 1: Mark live objects 111.811ms
[2026-07-01T01:49:04.260+0000][68.396s][info][gc,phases,start] GC(216) Phase 2: Compute new object addresses
[2026-07-01T01:49:04.310+0000][68.446s][info][gc,phases      ] GC(216) Phase 2: Compute new object addresses 49.503ms
[2026-07-01T01:49:04.310+0000][68.446s][info][gc,phases,start] GC(216) Phase 3: Adjust pointers
[2026-07-01T01:49:04.364+0000][68.500s][info][gc,phases      ] GC(216) Phase 3: Adjust pointers 54.162ms
[2026-07-01T01:49:04.364+0000][68.500s][info][gc,phases,start] GC(216) Phase 4: Move objects
[2026-07-01T01:49:04.365+0000][68.501s][info][gc,phases      ] GC(216) Phase 4: Move objects 0.530ms
[2026-07-01T01:49:04.365+0000][68.501s][info][gc,heap        ] GC(216) DefNew: 69952K(78656K)->0K(78656K) Eden: 69952K(69952K)->0K(69952K) From: 0K(8704K)->0K(8704K)
[2026-07-01T01:49:04.365+0000][68.501s][info][gc,heap        ] GC(216) Tenured: 168548K(174784K)->169864K(174784K)
[2026-07-01T01:49:04.365+0000][68.501s][info][gc,metaspace   ] GC(216) Metaspace: 41291K(42496K)->41291K(42496K) NonClass: 36263K(36992K)->36263K(36992K) Class: 5028K(5504K)->5028K(5504K)
[2026-07-01T01:49:04.365+0000][68.501s][info][gc             ] GC(216) Pause Full (Allocation Failure) 232M->165M(247M) 216.389ms
[2026-07-01T01:49:04.365+0000][68.501s][info][gc,cpu         ] GC(216) User=0.22s Sys=0.00s Real=0.21s
[2026-07-01T01:49:04.694+0000][68.830s][info][gc,start       ] GC(217) Pause Young (Allocation Failure)
[2026-07-01T01:49:04.694+0000][68.830s][info][gc             ] GC(217) Pause Young (Allocation Failure) 234M->234M(247M) 0.102ms
[2026-07-01T01:49:04.694+0000][68.830s][info][gc,cpu         ] GC(217) User=0.00s Sys=0.00s Real=0.00s
[2026-07-01T01:49:04.694+0000][68.830s][info][gc,start       ] GC(218) Pause Full (Allocation Failure)
[2026-07-01T01:49:04.694+0000][68.830s][info][gc,phases,start] GC(218) Phase 1: Mark live objects
[2026-07-01T01:49:04.808+0000][68.944s][info][gc,phases      ] GC(218) Phase 1: Mark live objects 113.492ms
[2026-07-01T01:49:04.808+0000][68.944s][info][gc,phases,start] GC(218) Phase 2: Compute new object addresses
[2026-07-01T01:49:04.857+0000][68.994s][info][gc,phases      ] GC(218) Phase 2: Compute new object addresses 49.790ms
[2026-07-01T01:49:04.857+0000][68.994s][info][gc,phases,start] GC(218) Phase 3: Adjust pointers
[2026-07-01T01:49:04.912+0000][69.048s][info][gc,phases      ] GC(218) Phase 3: Adjust pointers 54.514ms
[2026-07-01T01:49:04.912+0000][69.048s][info][gc,phases,start] GC(218) Phase 4: Move objects
[2026-07-01T01:49:04.912+0000][69.048s][info][gc,phases      ] GC(218) Phase 4: Move objects 0.325ms
[2026-07-01T01:49:04.913+0000][69.049s][info][gc,heap        ] GC(218) DefNew: 69952K(78656K)->0K(78656K) Eden: 69952K(69952K)->0K(69952K) From: 0K(8704K)->0K(8704K)
[2026-07-01T01:49:04.913+0000][69.049s][info][gc,heap        ] GC(218) Tenured: 169864K(174784K)->170384K(174784K)
[2026-07-01T01:49:04.913+0000][69.049s][info][gc,metaspace   ] GC(218) Metaspace: 41293K(42496K)->41293K(42496K) NonClass: 36265K(36992K)->36265K(36992K) Class: 5028K(5504K)->5028K(5504K)
[2026-07-01T01:49:04.913+0000][69.049s][info][gc             ] GC(218) Pause Full (Allocation Failure) 234M->166M(247M) 218.532ms
[2026-07-01T01:49:04.913+0000][69.049s][info][gc,cpu         ] GC(218) User=0.21s Sys=0.00s Real=0.22s
[2026-07-01T01:49:05.237+0000][69.374s][info][gc,start       ] GC(219) Pause Young (Allocation Failure)
[2026-07-01T01:49:05.238+0000][69.374s][info][gc             ] GC(219) Pause Young (Allocation Failure) 234M->234M(247M) 0.137ms
[2026-07-01T01:49:05.238+0000][69.374s][info][gc,cpu         ] GC(219) User=0.00s Sys=0.00s Real=0.00s
[2026-07-01T01:49:05.238+0000][69.374s][info][gc,start       ] GC(220) Pause Full (Allocation Failure)
[2026-07-01T01:49:05.238+0000][69.374s][info][gc,phases,start] GC(220) Phase 1: Mark live objects
[2026-07-01T01:49:05.347+0000][69.483s][info][gc,phases      ] GC(220) Phase 1: Mark live objects 109.629ms
[2026-07-01T01:49:05.347+0000][69.483s][info][gc,phases,start] GC(220) Phase 2: Compute new object addresses
[2026-07-01T01:49:05.396+0000][69.532s][info][gc,phases      ] GC(220) Phase 2: Compute new object addresses 48.852ms
[2026-07-01T01:49:05.396+0000][69.532s][info][gc,phases,start] GC(220) Phase 3: Adjust pointers
[2026-07-01T01:49:05.454+0000][69.590s][info][gc,phases      ] GC(220) Phase 3: Adjust pointers 57.672ms
[2026-07-01T01:49:05.454+0000][69.590s][info][gc,phases,start] GC(220) Phase 4: Move objects
[2026-07-01T01:49:05.485+0000][69.621s][info][gc,phases      ] GC(220) Phase 4: Move objects 30.872ms
[2026-07-01T01:49:05.485+0000][69.621s][info][gc,heap        ] GC(220) DefNew: 69951K(78656K)->0K(78656K) Eden: 69951K(69952K)->0K(69952K) From: 0K(8704K)->0K(8704K)
[2026-07-01T01:49:05.485+0000][69.621s][info][gc,heap        ] GC(220) Tenured: 170384K(174784K)->167996K(174784K)
[2026-07-01T01:49:05.485+0000][69.621s][info][gc,metaspace   ] GC(220) Metaspace: 41293K(42496K)->41293K(42496K) NonClass: 36265K(36992K)->36265K(36992K) Class: 5028K(5504K)->5028K(5504K)
[2026-07-01T01:49:05.485+0000][69.621s][info][gc             ] GC(220) Pause Full (Allocation Failure) 234M->164M(247M) 247.467ms
[2026-07-01T01:49:05.485+0000][69.621s][info][gc,cpu         ] GC(220) User=0.24s Sys=0.00s Real=0.25s
[2026-07-01T01:49:05.839+0000][69.975s][info][gc,start       ] GC(221) Pause Young (Allocation Failure)
[2026-07-01T01:49:05.839+0000][69.975s][info][gc             ] GC(221) Pause Young (Allocation Failure) 232M->232M(247M) 0.110ms
[2026-07-01T01:49:05.839+0000][69.975s][info][gc,cpu         ] GC(221) User=0.00s Sys=0.00s Real=0.00s
[2026-07-01T01:49:05.839+0000][69.975s][info][gc,start       ] GC(222) Pause Full (Allocation Failure)
[2026-07-01T01:49:05.839+0000][69.975s][info][gc,phases,start] GC(222) Phase 1: Mark live objects
[2026-07-01T01:49:06.017+0000][70.153s][info][gc,phases      ] GC(222) Phase 1: Mark live objects 177.279ms
[2026-07-01T01:49:06.017+0000][70.153s][info][gc,phases,start] GC(222) Phase 2: Compute new object addresses
[2026-07-01T01:49:06.084+0000][70.220s][info][gc,phases      ] GC(222) Phase 2: Compute new object addresses 67.486ms
[2026-07-01T01:49:06.084+0000][70.220s][info][gc,phases,start] GC(222) Phase 3: Adjust pointers
[2026-07-01T01:49:06.162+0000][70.298s][info][gc,phases      ] GC(222) Phase 3: Adjust pointers 77.354ms
[2026-07-01T01:49:06.162+0000][70.298s][info][gc,phases,start] GC(222) Phase 4: Move objects
[2026-07-01T01:49:06.162+0000][70.298s][info][gc,phases      ] GC(222) Phase 4: Move objects 0.435ms
[2026-07-01T01:49:06.162+0000][70.298s][info][gc,heap        ] GC(222) DefNew: 69952K(78656K)->0K(78656K) Eden: 69952K(69952K)->0K(69952K) From: 0K(8704K)->0K(8704K)
[2026-07-01T01:49:06.162+0000][70.298s][info][gc,heap        ] GC(222) Tenured: 167996K(174784K)->168783K(174784K)
[2026-07-01T01:49:06.162+0000][70.298s][info][gc,metaspace   ] GC(222) Metaspace: 41293K(42496K)->41293K(42496K) NonClass: 36265K(36992K)->36265K(36992K) Class: 5028K(5504K)->5028K(5504K)
[2026-07-01T01:49:06.162+0000][70.298s][info][gc             ] GC(222) Pause Full (Allocation Failure) 232M->164M(247M) 322.998ms
[2026-07-01T01:49:06.162+0000][70.299s][info][gc,cpu         ] GC(222) User=0.32s Sys=0.00s Real=0.32s
[2026-07-01T01:49:06.604+0000][70.741s][info][gc,start       ] GC(223) Pause Young (Allocation Failure)
[2026-07-01T01:49:06.605+0000][70.741s][info][gc             ] GC(223) Pause Young (Allocation Failure) 233M->233M(247M) 0.112ms
[2026-07-01T01:49:06.605+0000][70.741s][info][gc,cpu         ] GC(223) User=0.00s Sys=0.00s Real=0.00s
[2026-07-01T01:49:06.605+0000][70.741s][info][gc,start       ] GC(224) Pause Full (Allocation Failure)
[2026-07-01T01:49:06.605+0000][70.741s][info][gc,phases,start] GC(224) Phase 1: Mark live objects
[2026-07-01T01:49:06.782+0000][70.918s][info][gc,phases      ] GC(224) Phase 1: Mark live objects 177.361ms
[2026-07-01T01:49:06.782+0000][70.918s][info][gc,phases,start] GC(224) Phase 2: Compute new object addresses
[2026-07-01T01:49:06.850+0000][70.986s][info][gc,phases      ] GC(224) Phase 2: Compute new object addresses 67.665ms
[2026-07-01T01:49:06.850+0000][70.986s][info][gc,phases,start] GC(224) Phase 3: Adjust pointers
[2026-07-01T01:49:06.928+0000][71.064s][info][gc,phases      ] GC(224) Phase 3: Adjust pointers 77.877ms
[2026-07-01T01:49:06.928+0000][71.064s][info][gc,phases,start] GC(224) Phase 4: Move objects
[2026-07-01T01:49:06.928+0000][71.064s][info][gc,phases      ] GC(224) Phase 4: Move objects 0.471ms
[2026-07-01T01:49:06.928+0000][71.065s][info][gc,heap        ] GC(224) DefNew: 69952K(78656K)->0K(78656K) Eden: 69952K(69952K)->0K(69952K) From: 0K(8704K)->0K(8704K)
[2026-07-01T01:49:06.928+0000][71.065s][info][gc,heap        ] GC(224) Tenured: 168783K(174784K)->169681K(174784K)
[2026-07-01T01:49:06.928+0000][71.065s][info][gc,metaspace   ] GC(224) Metaspace: 41294K(42496K)->41294K(42496K) NonClass: 36266K(36992K)->36266K(36992K) Class: 5028K(5504K)->5028K(5504K)
[2026-07-01T01:49:06.928+0000][71.065s][info][gc             ] GC(224) Pause Full (Allocation Failure) 233M->165M(247M) 323.851ms
[2026-07-01T01:49:06.928+0000][71.065s][info][gc,cpu         ] GC(224) User=0.32s Sys=0.00s Real=0.33s
[2026-07-01T01:49:07.365+0000][71.501s][info][gc,start       ] GC(225) Pause Young (Allocation Failure)
[2026-07-01T01:49:07.365+0000][71.502s][info][gc             ] GC(225) Pause Young (Allocation Failure) 234M->234M(247M) 0.094ms
[2026-07-01T01:49:07.365+0000][71.502s][info][gc,cpu         ] GC(225) User=0.00s Sys=0.00s Real=0.00s
[2026-07-01T01:49:07.365+0000][71.502s][info][gc,start       ] GC(226) Pause Full (Allocation Failure)
[2026-07-01T01:49:07.365+0000][71.502s][info][gc,phases,start] GC(226) Phase 1: Mark live objects
[2026-07-01T01:49:07.537+0000][71.673s][info][gc,phases      ] GC(226) Phase 1: Mark live objects 171.898ms
[2026-07-01T01:49:07.537+0000][71.674s][info][gc,phases,start] GC(226) Phase 2: Compute new object addresses
[2026-07-01T01:49:07.587+0000][71.724s][info][gc,phases      ] GC(226) Phase 2: Compute new object addresses 49.980ms
[2026-07-01T01:49:07.587+0000][71.724s][info][gc,phases,start] GC(226) Phase 3: Adjust pointers
[2026-07-01T01:49:07.643+0000][71.779s][info][gc,phases      ] GC(226) Phase 3: Adjust pointers 55.564ms
[2026-07-01T01:49:07.643+0000][71.779s][info][gc,phases,start] GC(226) Phase 4: Move objects
[2026-07-01T01:49:07.644+0000][71.780s][info][gc,phases      ] GC(226) Phase 4: Move objects 0.706ms
[2026-07-01T01:49:07.644+0000][71.780s][info][gc,heap        ] GC(226) DefNew: 69952K(78656K)->0K(78656K) Eden: 69952K(69952K)->0K(69952K) From: 0K(8704K)->0K(8704K)
[2026-07-01T01:49:07.644+0000][71.780s][info][gc,heap        ] GC(226) Tenured: 169681K(174784K)->171082K(174784K)
[2026-07-01T01:49:07.644+0000][71.780s][info][gc,metaspace   ] GC(226) Metaspace: 41295K(42496K)->41295K(42496K) NonClass: 36266K(36992K)->36266K(36992K) Class: 5028K(5504K)->5028K(5504K)
[2026-07-01T01:49:07.644+0000][71.780s][info][gc             ] GC(226) Pause Full (Allocation Failure) 234M->167M(247M) 278.535ms
[2026-07-01T01:49:07.644+0000][71.780s][info][gc,cpu         ] GC(226) User=0.28s Sys=0.00s Real=0.28s
[2026-07-01T01:49:07.968+0000][72.105s][info][gc,start       ] GC(227) Pause Young (Allocation Failure)
[2026-07-01T01:49:07.969+0000][72.105s][info][gc             ] GC(227) Pause Young (Allocation Failure) 235M->235M(247M) 0.146ms
[2026-07-01T01:49:07.969+0000][72.105s][info][gc,cpu         ] GC(227) User=0.00s Sys=0.00s Real=0.00s
[2026-07-01T01:49:07.969+0000][72.105s][info][gc,start       ] GC(228) Pause Full (Allocation Failure)
[2026-07-01T01:49:07.969+0000][72.105s][info][gc,phases,start] GC(228) Phase 1: Mark live objects
[2026-07-01T01:49:08.083+0000][72.219s][info][gc,phases      ] GC(228) Phase 1: Mark live objects 113.879ms
[2026-07-01T01:49:08.083+0000][72.219s][info][gc,phases,start] GC(228) Phase 2: Compute new object addresses
[2026-07-01T01:49:08.132+0000][72.268s][info][gc,phases      ] GC(228) Phase 2: Compute new object addresses 49.477ms
[2026-07-01T01:49:08.132+0000][72.268s][info][gc,phases,start] GC(228) Phase 3: Adjust pointers
[2026-07-01T01:49:08.191+0000][72.327s][info][gc,phases      ] GC(228) Phase 3: Adjust pointers 58.830ms
[2026-07-01T01:49:08.191+0000][72.327s][info][gc,phases,start] GC(228) Phase 4: Move objects
[2026-07-01T01:49:08.222+0000][72.358s][info][gc,phases      ] GC(228) Phase 4: Move objects 31.105ms
[2026-07-01T01:49:08.222+0000][72.358s][info][gc,heap        ] GC(228) DefNew: 69952K(78656K)->0K(78656K) Eden: 69952K(69952K)->0K(69952K) From: 0K(8704K)->0K(8704K)
[2026-07-01T01:49:08.222+0000][72.359s][info][gc,heap        ] GC(228) Tenured: 171082K(174784K)->168831K(174784K)
[2026-07-01T01:49:08.222+0000][72.359s][info][gc,metaspace   ] GC(228) Metaspace: 41295K(42496K)->41295K(42496K) NonClass: 36266K(36992K)->36266K(36992K) Class: 5028K(5504K)->5028K(5504K)
[2026-07-01T01:49:08.222+0000][72.359s][info][gc             ] GC(228) Pause Full (Allocation Failure) 235M->164M(247M) 253.739ms
[2026-07-01T01:49:08.222+0000][72.359s][info][gc,cpu         ] GC(228) User=0.25s Sys=0.00s Real=0.25s
[2026-07-01T01:49:08.551+0000][72.687s][info][gc,start       ] GC(229) Pause Young (Allocation Failure)
[2026-07-01T01:49:08.551+0000][72.687s][info][gc             ] GC(229) Pause Young (Allocation Failure) 233M->233M(247M) 0.109ms
[2026-07-01T01:49:08.551+0000][72.687s][info][gc,cpu         ] GC(229) User=0.00s Sys=0.00s Real=0.00s
[2026-07-01T01:49:08.551+0000][72.687s][info][gc,start       ] GC(230) Pause Full (Allocation Failure)
[2026-07-01T01:49:08.551+0000][72.687s][info][gc,phases,start] GC(230) Phase 1: Mark live objects
[2026-07-01T01:49:08.664+0000][72.800s][info][gc,phases      ] GC(230) Phase 1: Mark live objects 112.475ms
[2026-07-01T01:49:08.664+0000][72.800s][info][gc,phases,start] GC(230) Phase 2: Compute new object addresses
[2026-07-01T01:49:08.713+0000][72.850s][info][gc,phases      ] GC(230) Phase 2: Compute new object addresses 49.666ms
[2026-07-01T01:49:08.713+0000][72.850s][info][gc,phases,start] GC(230) Phase 3: Adjust pointers
[2026-07-01T01:49:08.768+0000][72.904s][info][gc,phases      ] GC(230) Phase 3: Adjust pointers 54.272ms
[2026-07-01T01:49:08.768+0000][72.904s][info][gc,phases,start] GC(230) Phase 4: Move objects
[2026-07-01T01:49:08.768+0000][72.904s][info][gc,phases      ] GC(230) Phase 4: Move objects 0.470ms
[2026-07-01T01:49:08.768+0000][72.905s][info][gc,heap        ] GC(230) DefNew: 69945K(78656K)->0K(78656K) Eden: 69945K(69952K)->0K(69952K) From: 0K(8704K)->0K(8704K)
[2026-07-01T01:49:08.768+0000][72.905s][info][gc,heap        ] GC(230) Tenured: 168831K(174784K)->170006K(174784K)
[2026-07-01T01:49:08.768+0000][72.905s][info][gc,metaspace   ] GC(230) Metaspace: 41295K(42496K)->41295K(42496K) NonClass: 36267K(36992K)->36267K(36992K) Class: 5028K(5504K)->5028K(5504K)
[2026-07-01T01:49:08.768+0000][72.905s][info][gc             ] GC(230) Pause Full (Allocation Failure) 233M->166M(247M) 217.266ms
[2026-07-01T01:49:08.769+0000][72.905s][info][gc,cpu         ] GC(230) User=0.22s Sys=0.00s Real=0.22s
[2026-07-01T01:49:09.094+0000][73.230s][info][gc,start       ] GC(231) Pause Young (Allocation Failure)
[2026-07-01T01:49:09.094+0000][73.230s][info][gc             ] GC(231) Pause Young (Allocation Failure) 234M->234M(247M) 0.108ms
[2026-07-01T01:49:09.094+0000][73.230s][info][gc,cpu         ] GC(231) User=0.00s Sys=0.00s Real=0.00s
[2026-07-01T01:49:09.094+0000][73.230s][info][gc,start       ] GC(232) Pause Full (Allocation Failure)
[2026-07-01T01:49:09.094+0000][73.230s][info][gc,phases,start] GC(232) Phase 1: Mark live objects
[2026-07-01T01:49:09.204+0000][73.340s][info][gc,phases      ] GC(232) Phase 1: Mark live objects 109.962ms
[2026-07-01T01:49:09.204+0000][73.340s][info][gc,phases,start] GC(232) Phase 2: Compute new object addresses
[2026-07-01T01:49:09.254+0000][73.390s][info][gc,phases      ] GC(232) Phase 2: Compute new object addresses 49.826ms
[2026-07-01T01:49:09.254+0000][73.390s][info][gc,phases,start] GC(232) Phase 3: Adjust pointers
[2026-07-01T01:49:09.308+0000][73.444s][info][gc,phases      ] GC(232) Phase 3: Adjust pointers 54.684ms
[2026-07-01T01:49:09.308+0000][73.444s][info][gc,phases,start] GC(232) Phase 4: Move objects
[2026-07-01T01:49:09.309+0000][73.445s][info][gc,phases      ] GC(232) Phase 4: Move objects 0.450ms
[2026-07-01T01:49:09.309+0000][73.445s][info][gc,heap        ] GC(232) DefNew: 69952K(78656K)->0K(78656K) Eden: 69952K(69952K)->0K(69952K) From: 0K(8704K)->0K(8704K)
[2026-07-01T01:49:09.309+0000][73.445s][info][gc,heap        ] GC(232) Tenured: 170006K(174784K)->171258K(174784K)
[2026-07-01T01:49:09.309+0000][73.445s][info][gc,metaspace   ] GC(232) Metaspace: 41295K(42496K)->41295K(42496K) NonClass: 36267K(36992K)->36267K(36992K) Class: 5028K(5504K)->5028K(5504K)
[2026-07-01T01:49:09.309+0000][73.445s][info][gc             ] GC(232) Pause Full (Allocation Failure) 234M->167M(247M) 215.301ms
[2026-07-01T01:49:09.309+0000][73.445s][info][gc,cpu         ] GC(232) User=0.21s Sys=0.00s Real=0.22s
[2026-07-01T01:49:09.628+0000][73.764s][info][gc,start       ] GC(233) Pause Young (Allocation Failure)
[2026-07-01T01:49:09.628+0000][73.764s][info][gc             ] GC(233) Pause Young (Allocation Failure) 235M->235M(247M) 0.139ms
[2026-07-01T01:49:09.628+0000][73.765s][info][gc,cpu         ] GC(233) User=0.00s Sys=0.00s Real=0.01s
[2026-07-01T01:49:09.628+0000][73.765s][info][gc,start       ] GC(234) Pause Full (Allocation Failure)
[2026-07-01T01:49:09.628+0000][73.765s][info][gc,phases,start] GC(234) Phase 1: Mark live objects
[2026-07-01T01:49:09.741+0000][73.877s][info][gc,phases      ] GC(234) Phase 1: Mark live objects 112.543ms
[2026-07-01T01:49:09.741+0000][73.877s][info][gc,phases,start] GC(234) Phase 2: Compute new object addresses
[2026-07-01T01:49:09.791+0000][73.927s][info][gc,phases      ] GC(234) Phase 2: Compute new object addresses 50.121ms
[2026-07-01T01:49:09.791+0000][73.927s][info][gc,phases,start] GC(234) Phase 3: Adjust pointers
[2026-07-01T01:49:09.846+0000][73.983s][info][gc,phases      ] GC(234) Phase 3: Adjust pointers 55.220ms
[2026-07-01T01:49:09.846+0000][73.983s][info][gc,phases,start] GC(234) Phase 4: Move objects
[2026-07-01T01:49:09.847+0000][73.983s][info][gc,phases      ] GC(234) Phase 4: Move objects 0.330ms
[2026-07-01T01:49:09.847+0000][73.983s][info][gc,heap        ] GC(234) DefNew: 69952K(78656K)->0K(78656K) Eden: 69952K(69952K)->0K(69952K) From: 0K(8704K)->0K(8704K)
[2026-07-01T01:49:09.847+0000][73.983s][info][gc,heap        ] GC(234) Tenured: 171258K(174784K)->171864K(174784K)
[2026-07-01T01:49:09.847+0000][73.983s][info][gc,metaspace   ] GC(234) Metaspace: 41295K(42496K)->41295K(42496K) NonClass: 36267K(36992K)->36267K(36992K) Class: 5028K(5504K)->5028K(5504K)
[2026-07-01T01:49:09.847+0000][73.983s][info][gc             ] GC(234) Pause Full (Allocation Failure) 235M->167M(247M) 218.592ms
[2026-07-01T01:49:09.847+0000][73.983s][info][gc,cpu         ] GC(234) User=0.22s Sys=0.00s Real=0.21s
[2026-07-01T01:49:10.168+0000][74.304s][info][gc,start       ] GC(235) Pause Young (Allocation Failure)
[2026-07-01T01:49:10.168+0000][74.304s][info][gc             ] GC(235) Pause Young (Allocation Failure) 236M->236M(247M) 0.100ms
[2026-07-01T01:49:10.168+0000][74.304s][info][gc,cpu         ] GC(235) User=0.01s Sys=0.00s Real=0.00s
[2026-07-01T01:49:10.168+0000][74.304s][info][gc,start       ] GC(236) Pause Full (Allocation Failure)
[2026-07-01T01:49:10.168+0000][74.304s][info][gc,phases,start] GC(236) Phase 1: Mark live objects
[2026-07-01T01:49:10.282+0000][74.418s][info][gc,phases      ] GC(236) Phase 1: Mark live objects 114.144ms
[2026-07-01T01:49:10.282+0000][74.418s][info][gc,phases,start] GC(236) Phase 2: Compute new object addresses
[2026-07-01T01:49:10.332+0000][74.468s][info][gc,phases      ] GC(236) Phase 2: Compute new object addresses 49.407ms
[2026-07-01T01:49:10.332+0000][74.468s][info][gc,phases,start] GC(236) Phase 3: Adjust pointers
[2026-07-01T01:49:10.391+0000][74.527s][info][gc,phases      ] GC(236) Phase 3: Adjust pointers 59.056ms
[2026-07-01T01:49:10.391+0000][74.527s][info][gc,phases,start] GC(236) Phase 4: Move objects
[2026-07-01T01:49:10.422+0000][74.558s][info][gc,phases      ] GC(236) Phase 4: Move objects 30.945ms
[2026-07-01T01:49:10.422+0000][74.558s][info][gc,heap        ] GC(236) DefNew: 69952K(78656K)->0K(78656K) Eden: 69952K(69952K)->0K(69952K) From: 0K(8704K)->0K(8704K)
[2026-07-01T01:49:10.422+0000][74.558s][info][gc,heap        ] GC(236) Tenured: 171864K(174784K)->169518K(174784K)
[2026-07-01T01:49:10.422+0000][74.558s][info][gc,metaspace   ] GC(236) Metaspace: 41310K(42496K)->41310K(42496K) NonClass: 36282K(36992K)->36282K(36992K) Class: 5028K(5504K)->5028K(5504K)
[2026-07-01T01:49:10.422+0000][74.558s][info][gc             ] GC(236) Pause Full (Allocation Failure) 236M->165M(247M) 253.968ms
[2026-07-01T01:49:10.422+0000][74.558s][info][gc,cpu         ] GC(236) User=0.25s Sys=0.00s Real=0.26s
[2026-07-01T01:49:10.747+0000][74.883s][info][gc,start       ] GC(237) Pause Young (Allocation Failure)
[2026-07-01T01:49:10.747+0000][74.883s][info][gc             ] GC(237) Pause Young (Allocation Failure) 233M->233M(247M) 0.126ms
[2026-07-01T01:49:10.747+0000][74.883s][info][gc,cpu         ] GC(237) User=0.00s Sys=0.00s Real=0.00s
[2026-07-01T01:49:10.747+0000][74.883s][info][gc,start       ] GC(238) Pause Full (Allocation Failure)
[2026-07-01T01:49:10.747+0000][74.883s][info][gc,phases,start] GC(238) Phase 1: Mark live objects
[2026-07-01T01:49:10.864+0000][75.000s][info][gc,phases      ] GC(238) Phase 1: Mark live objects 116.450ms
[2026-07-01T01:49:10.864+0000][75.000s][info][gc,phases,start] GC(238) Phase 2: Compute new object addresses
[2026-07-01T01:49:10.914+0000][75.050s][info][gc,phases      ] GC(238) Phase 2: Compute new object addresses 50.047ms
[2026-07-01T01:49:10.914+0000][75.050s][info][gc,phases,start] GC(238) Phase 3: Adjust pointers
[2026-07-01T01:49:10.968+0000][75.104s][info][gc,phases      ] GC(238) Phase 3: Adjust pointers 54.428ms
[2026-07-01T01:49:10.968+0000][75.104s][info][gc,phases,start] GC(238) Phase 4: Move objects
[2026-07-01T01:49:10.969+0000][75.105s][info][gc,phases      ] GC(238) Phase 4: Move objects 0.442ms
[2026-07-01T01:49:10.969+0000][75.105s][info][gc,heap        ] GC(238) DefNew: 69952K(78656K)->0K(78656K) Eden: 69952K(69952K)->0K(69952K) From: 0K(8704K)->0K(8704K)
[2026-07-01T01:49:10.969+0000][75.105s][info][gc,heap        ] GC(238) Tenured: 169518K(174784K)->170451K(174784K)
[2026-07-01T01:49:10.969+0000][75.105s][info][gc,metaspace   ] GC(238) Metaspace: 41310K(42496K)->41310K(42496K) NonClass: 36282K(36992K)->36282K(36992K) Class: 5028K(5504K)->5028K(5504K)
[2026-07-01T01:49:10.969+0000][75.105s][info][gc             ] GC(238) Pause Full (Allocation Failure) 233M->166M(247M) 221.762ms
[2026-07-01T01:49:10.969+0000][75.105s][info][gc,cpu         ] GC(238) User=0.22s Sys=0.00s Real=0.23s
[2026-07-01T01:49:11.304+0000][75.441s][info][gc,start       ] GC(239) Pause Young (Allocation Failure)
[2026-07-01T01:49:11.304+0000][75.441s][info][gc             ] GC(239) Pause Young (Allocation Failure) 234M->234M(247M) 0.100ms
[2026-07-01T01:49:11.305+0000][75.441s][info][gc,cpu         ] GC(239) User=0.00s Sys=0.00s Real=0.00s
[2026-07-01T01:49:11.305+0000][75.441s][info][gc,start       ] GC(240) Pause Full (Allocation Failure)
[2026-07-01T01:49:11.305+0000][75.441s][info][gc,phases,start] GC(240) Phase 1: Mark live objects
[2026-07-01T01:49:11.421+0000][75.557s][info][gc,phases      ] GC(240) Phase 1: Mark live objects 116.767ms
[2026-07-01T01:49:11.421+0000][75.558s][info][gc,phases,start] GC(240) Phase 2: Compute new object addresses
[2026-07-01T01:49:11.472+0000][75.608s][info][gc,phases      ] GC(240) Phase 2: Compute new object addresses 50.329ms
[2026-07-01T01:49:11.472+0000][75.608s][info][gc,phases,start] GC(240) Phase 3: Adjust pointers
[2026-07-01T01:49:11.528+0000][75.665s][info][gc,phases      ] GC(240) Phase 3: Adjust pointers 56.623ms
[2026-07-01T01:49:11.528+0000][75.665s][info][gc,phases,start] GC(240) Phase 4: Move objects
[2026-07-01T01:49:11.529+0000][75.665s][info][gc,phases      ] GC(240) Phase 4: Move objects 0.407ms
[2026-07-01T01:49:11.529+0000][75.665s][info][gc,heap        ] GC(240) DefNew: 69952K(78656K)->0K(78656K) Eden: 69952K(69952K)->0K(69952K) From: 0K(8704K)->0K(8704K)
[2026-07-01T01:49:11.529+0000][75.665s][info][gc,heap        ] GC(240) Tenured: 170451K(174784K)->171321K(174784K)
[2026-07-01T01:49:11.529+0000][75.665s][info][gc,metaspace   ] GC(240) Metaspace: 41310K(42496K)->41310K(42496K) NonClass: 36282K(36992K)->36282K(36992K) Class: 5028K(5504K)->5028K(5504K)
[2026-07-01T01:49:11.529+0000][75.665s][info][gc             ] GC(240) Pause Full (Allocation Failure) 234M->167M(247M) 224.507ms
[2026-07-01T01:49:11.529+0000][75.665s][info][gc,cpu         ] GC(240) User=0.23s Sys=0.00s Real=0.23s
[2026-07-01T01:49:11.849+0000][75.985s][info][gc,start       ] GC(241) Pause Young (Allocation Failure)
[2026-07-01T01:49:11.849+0000][75.985s][info][gc             ] GC(241) Pause Young (Allocation Failure) 235M->235M(247M) 0.086ms
[2026-07-01T01:49:11.849+0000][75.985s][info][gc,cpu         ] GC(241) User=0.00s Sys=0.00s Real=0.00s
[2026-07-01T01:49:11.849+0000][75.985s][info][gc,start       ] GC(242) Pause Full (Allocation Failure)
[2026-07-01T01:49:11.849+0000][75.985s][info][gc,phases,start] GC(242) Phase 1: Mark live objects
[2026-07-01T01:49:11.964+0000][76.100s][info][gc,phases      ] GC(242) Phase 1: Mark live objects 114.941ms
[2026-07-01T01:49:11.964+0000][76.100s][info][gc,phases,start] GC(242) Phase 2: Compute new object addresses
[2026-07-01T01:49:12.014+0000][76.150s][info][gc,phases      ] GC(242) Phase 2: Compute new object addresses 50.348ms
[2026-07-01T01:49:12.014+0000][76.150s][info][gc,phases,start] GC(242) Phase 3: Adjust pointers
[2026-07-01T01:49:12.070+0000][76.207s][info][gc,phases      ] GC(242) Phase 3: Adjust pointers 56.070ms
[2026-07-01T01:49:12.070+0000][76.207s][info][gc,phases,start] GC(242) Phase 4: Move objects
[2026-07-01T01:49:12.071+0000][76.207s][info][gc,phases      ] GC(242) Phase 4: Move objects 0.876ms
[2026-07-01T01:49:12.071+0000][76.208s][info][gc,heap        ] GC(242) DefNew: 69952K(78656K)->0K(78656K) Eden: 69952K(69952K)->0K(69952K) From: 0K(8704K)->0K(8704K)
[2026-07-01T01:49:12.071+0000][76.208s][info][gc,heap        ] GC(242) Tenured: 171321K(174784K)->172790K(174784K)
[2026-07-01T01:49:12.071+0000][76.208s][info][gc,metaspace   ] GC(242) Metaspace: 41312K(42496K)->41312K(42496K) NonClass: 36283K(36992K)->36283K(36992K) Class: 5028K(5504K)->5028K(5504K)
[2026-07-01T01:49:12.071+0000][76.208s][info][gc             ] GC(242) Pause Full (Allocation Failure) 235M->168M(247M) 222.636ms
[2026-07-01T01:49:12.072+0000][76.208s][info][gc,cpu         ] GC(242) User=0.22s Sys=0.00s Real=0.22s
[2026-07-01T01:49:12.387+0000][76.524s][info][gc,start       ] GC(243) Pause Young (Allocation Failure)
[2026-07-01T01:49:12.388+0000][76.524s][info][gc             ] GC(243) Pause Young (Allocation Failure) 237M->237M(247M) 0.129ms
[2026-07-01T01:49:12.388+0000][76.524s][info][gc,cpu         ] GC(243) User=0.00s Sys=0.00s Real=0.00s
[2026-07-01T01:49:12.388+0000][76.524s][info][gc,start       ] GC(244) Pause Full (Allocation Failure)
[2026-07-01T01:49:12.388+0000][76.524s][info][gc,phases,start] GC(244) Phase 1: Mark live objects
[2026-07-01T01:49:12.506+0000][76.642s][info][gc,phases      ] GC(244) Phase 1: Mark live objects 118.548ms
[2026-07-01T01:49:12.506+0000][76.642s][info][gc,phases,start] GC(244) Phase 2: Compute new object addresses
[2026-07-01T01:49:12.556+0000][76.692s][info][gc,phases      ] GC(244) Phase 2: Compute new object addresses 50.002ms
[2026-07-01T01:49:12.556+0000][76.692s][info][gc,phases,start] GC(244) Phase 3: Adjust pointers
[2026-07-01T01:49:12.618+0000][76.754s][info][gc,phases      ] GC(244) Phase 3: Adjust pointers 61.526ms
[2026-07-01T01:49:12.618+0000][76.754s][info][gc,phases,start] GC(244) Phase 4: Move objects
[2026-07-01T01:49:12.651+0000][76.787s][info][gc,phases      ] GC(244) Phase 4: Move objects 32.965ms
[2026-07-01T01:49:12.651+0000][76.787s][info][gc,heap        ] GC(244) DefNew: 69952K(78656K)->0K(78656K) Eden: 69952K(69952K)->0K(69952K) From: 0K(8704K)->0K(8704K)
[2026-07-01T01:49:12.651+0000][76.787s][info][gc,heap        ] GC(244) Tenured: 172790K(174784K)->170323K(174784K)
[2026-07-01T01:49:12.651+0000][76.787s][info][gc,metaspace   ] GC(244) Metaspace: 41313K(42496K)->41313K(42496K) NonClass: 36285K(36992K)->36285K(36992K) Class: 5028K(5504K)->5028K(5504K)
[2026-07-01T01:49:12.651+0000][76.787s][info][gc             ] GC(244) Pause Full (Allocation Failure) 237M->166M(247M) 263.487ms
[2026-07-01T01:49:12.651+0000][76.787s][info][gc,cpu         ] GC(244) User=0.27s Sys=0.00s Real=0.27s
[2026-07-01T01:49:12.973+0000][77.109s][info][gc,start       ] GC(245) Pause Young (Allocation Failure)
[2026-07-01T01:49:12.973+0000][77.109s][info][gc             ] GC(245) Pause Young (Allocation Failure) 234M->234M(247M) 0.098ms
[2026-07-01T01:49:12.973+0000][77.109s][info][gc,cpu         ] GC(245) User=0.00s Sys=0.00s Real=0.00s
[2026-07-01T01:49:12.973+0000][77.109s][info][gc,start       ] GC(246) Pause Full (Allocation Failure)
[2026-07-01T01:49:12.973+0000][77.109s][info][gc,phases,start] GC(246) Phase 1: Mark live objects
[2026-07-01T01:49:13.093+0000][77.229s][info][gc,phases      ] GC(246) Phase 1: Mark live objects 120.167ms
[2026-07-01T01:49:13.093+0000][77.229s][info][gc,phases,start] GC(246) Phase 2: Compute new object addresses
[2026-07-01T01:49:13.144+0000][77.280s][info][gc,phases      ] GC(246) Phase 2: Compute new object addresses 50.423ms
[2026-07-01T01:49:13.144+0000][77.280s][info][gc,phases,start] GC(246) Phase 3: Adjust pointers
[2026-07-01T01:49:13.200+0000][77.336s][info][gc,phases      ] GC(246) Phase 3: Adjust pointers 56.665ms
[2026-07-01T01:49:13.200+0000][77.337s][info][gc,phases,start] GC(246) Phase 4: Move objects
[2026-07-01T01:49:13.201+0000][77.337s][info][gc,phases      ] GC(246) Phase 4: Move objects 0.472ms
[2026-07-01T01:49:13.201+0000][77.337s][info][gc,heap        ] GC(246) DefNew: 69952K(78656K)->0K(78656K) Eden: 69952K(69952K)->0K(69952K) From: 0K(8704K)->0K(8704K)
[2026-07-01T01:49:13.201+0000][77.337s][info][gc,heap        ] GC(246) Tenured: 170323K(174784K)->171553K(174784K)
[2026-07-01T01:49:13.201+0000][77.337s][info][gc,metaspace   ] GC(246) Metaspace: 41313K(42496K)->41313K(42496K) NonClass: 36285K(36992K)->36285K(36992K) Class: 5028K(5504K)->5028K(5504K)
[2026-07-01T01:49:13.201+0000][77.337s][info][gc             ] GC(246) Pause Full (Allocation Failure) 234M->167M(247M) 228.129ms
[2026-07-01T01:49:13.201+0000][77.337s][info][gc,cpu         ] GC(246) User=0.22s Sys=0.00s Real=0.23s
[2026-07-01T01:49:13.514+0000][77.650s][info][gc,start       ] GC(247) Pause Young (Allocation Failure)
[2026-07-01T01:49:13.514+0000][77.650s][info][gc             ] GC(247) Pause Young (Allocation Failure) 235M->235M(247M) 0.105ms
[2026-07-01T01:49:13.514+0000][77.650s][info][gc,cpu         ] GC(247) User=0.00s Sys=0.00s Real=0.00s
[2026-07-01T01:49:13.514+0000][77.650s][info][gc,start       ] GC(248) Pause Full (Allocation Failure)
[2026-07-01T01:49:13.514+0000][77.650s][info][gc,phases,start] GC(248) Phase 1: Mark live objects
[2026-07-01T01:49:13.632+0000][77.768s][info][gc,phases      ] GC(248) Phase 1: Mark live objects 118.360ms
[2026-07-01T01:49:13.632+0000][77.768s][info][gc,phases,start] GC(248) Phase 2: Compute new object addresses
[2026-07-01T01:49:13.703+0000][77.839s][info][gc,phases      ] GC(248) Phase 2: Compute new object addresses 70.674ms
[2026-07-01T01:49:13.703+0000][77.839s][info][gc,phases,start] GC(248) Phase 3: Adjust pointers
[2026-07-01T01:49:13.784+0000][77.920s][info][gc,phases      ] GC(248) Phase 3: Adjust pointers 80.795ms
[2026-07-01T01:49:13.784+0000][77.920s][info][gc,phases,start] GC(248) Phase 4: Move objects
[2026-07-01T01:49:13.784+0000][77.920s][info][gc,phases      ] GC(248) Phase 4: Move objects 0.582ms
[2026-07-01T01:49:13.785+0000][77.921s][info][gc,heap        ] GC(248) DefNew: 69952K(78656K)->0K(78656K) Eden: 69952K(69952K)->0K(69952K) From: 0K(8704K)->0K(8704K)
[2026-07-01T01:49:13.785+0000][77.921s][info][gc,heap        ] GC(248) Tenured: 171553K(174784K)->172857K(174784K)
[2026-07-01T01:49:13.785+0000][77.921s][info][gc,metaspace   ] GC(248) Metaspace: 41314K(42496K)->41314K(42496K) NonClass: 36285K(36992K)->36285K(36992K) Class: 5028K(5504K)->5028K(5504K)
[2026-07-01T01:49:13.785+0000][77.921s][info][gc             ] GC(248) Pause Full (Allocation Failure) 235M->168M(247M) 270.893ms
[2026-07-01T01:49:13.785+0000][77.921s][info][gc,cpu         ] GC(248) User=0.27s Sys=0.00s Real=0.27s
[2026-07-01T01:49:14.254+0000][78.391s][info][gc,start       ] GC(249) Pause Young (Allocation Failure)
[2026-07-01T01:49:14.255+0000][78.391s][info][gc             ] GC(249) Pause Young (Allocation Failure) 237M->237M(247M) 0.114ms
[2026-07-01T01:49:14.255+0000][78.391s][info][gc,cpu         ] GC(249) User=0.00s Sys=0.00s Real=0.00s
[2026-07-01T01:49:14.255+0000][78.391s][info][gc,start       ] GC(250) Pause Full (Allocation Failure)
[2026-07-01T01:49:14.255+0000][78.391s][info][gc,phases,start] GC(250) Phase 1: Mark live objects
[2026-07-01T01:49:14.443+0000][78.580s][info][gc,phases      ] GC(250) Phase 1: Mark live objects 188.829ms
[2026-07-01T01:49:14.444+0000][78.580s][info][gc,phases,start] GC(250) Phase 2: Compute new object addresses
[2026-07-01T01:49:14.515+0000][78.651s][info][gc,phases      ] GC(250) Phase 2: Compute new object addresses 71.364ms
[2026-07-01T01:49:14.515+0000][78.651s][info][gc,phases,start] GC(250) Phase 3: Adjust pointers
[2026-07-01T01:49:14.596+0000][78.732s][info][gc,phases      ] GC(250) Phase 3: Adjust pointers 81.357ms
[2026-07-01T01:49:14.596+0000][78.733s][info][gc,phases,start] GC(250) Phase 4: Move objects
[2026-07-01T01:49:14.597+0000][78.733s][info][gc,phases      ] GC(250) Phase 4: Move objects 0.374ms
[2026-07-01T01:49:14.597+0000][78.733s][info][gc,heap        ] GC(250) DefNew: 69952K(78656K)->0K(78656K) Eden: 69952K(69952K)->0K(69952K) From: 0K(8704K)->0K(8704K)
[2026-07-01T01:49:14.597+0000][78.733s][info][gc,heap        ] GC(250) Tenured: 172857K(174784K)->173426K(174784K)
[2026-07-01T01:49:14.597+0000][78.733s][info][gc,metaspace   ] GC(250) Metaspace: 41314K(42496K)->41314K(42496K) NonClass: 36286K(36992K)->36286K(36992K) Class: 5028K(5504K)->5028K(5504K)
[2026-07-01T01:49:14.597+0000][78.733s][info][gc             ] GC(250) Pause Full (Allocation Failure) 237M->169M(247M) 342.387ms
[2026-07-01T01:49:14.597+0000][78.733s][info][gc,cpu         ] GC(250) User=0.35s Sys=0.00s Real=0.34s
[2026-07-01T01:49:15.072+0000][79.209s][info][gc,start       ] GC(251) Pause Young (Allocation Failure)
[2026-07-01T01:49:15.073+0000][79.209s][info][gc             ] GC(251) Pause Young (Allocation Failure) 237M->237M(247M) 0.096ms
[2026-07-01T01:49:15.073+0000][79.209s][info][gc,cpu         ] GC(251) User=0.00s Sys=0.00s Real=0.00s
[2026-07-01T01:49:15.073+0000][79.209s][info][gc,start       ] GC(252) Pause Full (Allocation Failure)
[2026-07-01T01:49:15.073+0000][79.209s][info][gc,phases,start] GC(252) Phase 1: Mark live objects
[2026-07-01T01:49:15.262+0000][79.398s][info][gc,phases      ] GC(252) Phase 1: Mark live objects 189.549ms
[2026-07-01T01:49:15.262+0000][79.398s][info][gc,phases,start] GC(252) Phase 2: Compute new object addresses
[2026-07-01T01:49:15.331+0000][79.467s][info][gc,phases      ] GC(252) Phase 2: Compute new object addresses 68.986ms
[2026-07-01T01:49:15.331+0000][79.467s][info][gc,phases,start] GC(252) Phase 3: Adjust pointers
[2026-07-01T01:49:15.420+0000][79.556s][info][gc,phases      ] GC(252) Phase 3: Adjust pointers 88.693ms
[2026-07-01T01:49:15.420+0000][79.556s][info][gc,phases,start] GC(252) Phase 4: Move objects
[2026-07-01T01:49:15.459+0000][79.596s][info][gc,phases      ] GC(252) Phase 4: Move objects 39.401ms
[2026-07-01T01:49:15.460+0000][79.596s][info][gc,heap        ] GC(252) DefNew: 69952K(78656K)->0K(78656K) Eden: 69952K(69952K)->0K(69952K) From: 0K(8704K)->0K(8704K)
[2026-07-01T01:49:15.460+0000][79.596s][info][gc,heap        ] GC(252) Tenured: 173426K(174784K)->170924K(174784K)
[2026-07-01T01:49:15.460+0000][79.596s][info][gc,metaspace   ] GC(252) Metaspace: 41314K(42496K)->41314K(42496K) NonClass: 36286K(36992K)->36286K(36992K) Class: 5028K(5504K)->5028K(5504K)
[2026-07-01T01:49:15.460+0000][79.596s][info][gc             ] GC(252) Pause Full (Allocation Failure) 237M->166M(247M) 387.131ms
[2026-07-01T01:49:15.460+0000][79.596s][info][gc,cpu         ] GC(252) User=0.39s Sys=0.00s Real=0.39s
[2026-07-01T01:49:15.904+0000][80.040s][info][gc,start       ] GC(253) Pause Young (Allocation Failure)
[2026-07-01T01:49:15.904+0000][80.040s][info][gc             ] GC(253) Pause Young (Allocation Failure) 235M->235M(247M) 0.097ms
[2026-07-01T01:49:15.904+0000][80.040s][info][gc,cpu         ] GC(253) User=0.00s Sys=0.00s Real=0.00s
[2026-07-01T01:49:15.904+0000][80.040s][info][gc,start       ] GC(254) Pause Full (Allocation Failure)
[2026-07-01T01:49:15.904+0000][80.040s][info][gc,phases,start] GC(254) Phase 1: Mark live objects
[2026-07-01T01:49:16.096+0000][80.232s][info][gc,phases      ] GC(254) Phase 1: Mark live objects 191.546ms
[2026-07-01T01:49:16.096+0000][80.232s][info][gc,phases,start] GC(254) Phase 2: Compute new object addresses
[2026-07-01T01:49:16.147+0000][80.283s][info][gc,phases      ] GC(254) Phase 2: Compute new object addresses 50.785ms
[2026-07-01T01:49:16.147+0000][80.283s][info][gc,phases,start] GC(254) Phase 3: Adjust pointers
[2026-07-01T01:49:16.203+0000][80.339s][info][gc,phases      ] GC(254) Phase 3: Adjust pointers 56.121ms
[2026-07-01T01:49:16.203+0000][80.339s][info][gc,phases,start] GC(254) Phase 4: Move objects
[2026-07-01T01:49:16.203+0000][80.339s][info][gc,phases      ] GC(254) Phase 4: Move objects 0.368ms
[2026-07-01T01:49:16.203+0000][80.339s][info][gc,heap        ] GC(254) DefNew: 69952K(78656K)->0K(78656K) Eden: 69952K(69952K)->0K(69952K) From: 0K(8704K)->0K(8704K)
[2026-07-01T01:49:16.203+0000][80.339s][info][gc,heap        ] GC(254) Tenured: 170924K(174784K)->171728K(174784K)
[2026-07-01T01:49:16.203+0000][80.340s][info][gc,metaspace   ] GC(254) Metaspace: 41314K(42496K)->41314K(42496K) NonClass: 36286K(36992K)->36286K(36992K) Class: 5028K(5504K)->5028K(5504K)
[2026-07-01T01:49:16.203+0000][80.340s][info][gc             ] GC(254) Pause Full (Allocation Failure) 235M->167M(247M) 299.201ms
[2026-07-01T01:49:16.203+0000][80.340s][info][gc,cpu         ] GC(254) User=0.27s Sys=0.00s Real=0.30s
[2026-07-01T01:49:16.525+0000][80.661s][info][gc,start       ] GC(255) Pause Young (Allocation Failure)
[2026-07-01T01:49:16.525+0000][80.661s][info][gc             ] GC(255) Pause Young (Allocation Failure) 236M->236M(247M) 0.095ms
[2026-07-01T01:49:16.525+0000][80.661s][info][gc,cpu         ] GC(255) User=0.00s Sys=0.00s Real=0.00s
[2026-07-01T01:49:16.525+0000][80.661s][info][gc,start       ] GC(256) Pause Full (Allocation Failure)
[2026-07-01T01:49:16.525+0000][80.661s][info][gc,phases,start] GC(256) Phase 1: Mark live objects
[2026-07-01T01:49:16.645+0000][80.781s][info][gc,phases      ] GC(256) Phase 1: Mark live objects 120.011ms
[2026-07-01T01:49:16.645+0000][80.781s][info][gc,phases,start] GC(256) Phase 2: Compute new object addresses
[2026-07-01T01:49:16.696+0000][80.832s][info][gc,phases      ] GC(256) Phase 2: Compute new object addresses 50.605ms
[2026-07-01T01:49:16.696+0000][80.832s][info][gc,phases,start] GC(256) Phase 3: Adjust pointers
[2026-07-01T01:49:16.752+0000][80.888s][info][gc,phases      ] GC(256) Phase 3: Adjust pointers 56.311ms
[2026-07-01T01:49:16.752+0000][80.888s][info][gc,phases,start] GC(256) Phase 4: Move objects
[2026-07-01T01:49:16.752+0000][80.888s][info][gc,phases      ] GC(256) Phase 4: Move objects 0.430ms
[2026-07-01T01:49:16.753+0000][80.889s][info][gc,heap        ] GC(256) DefNew: 69952K(78656K)->0K(78656K) Eden: 69952K(69952K)->0K(69952K) From: 0K(8704K)->0K(8704K)
[2026-07-01T01:49:16.753+0000][80.889s][info][gc,heap        ] GC(256) Tenured: 171728K(174784K)->172684K(174784K)
[2026-07-01T01:49:16.753+0000][80.889s][info][gc,metaspace   ] GC(256) Metaspace: 41314K(42496K)->41314K(42496K) NonClass: 36286K(36992K)->36286K(36992K) Class: 5028K(5504K)->5028K(5504K)
[2026-07-01T01:49:16.753+0000][80.889s][info][gc             ] GC(256) Pause Full (Allocation Failure) 236M->168M(247M) 227.739ms
[2026-07-01T01:49:16.753+0000][80.889s][info][gc,cpu         ] GC(256) User=0.23s Sys=0.00s Real=0.23s
[2026-07-01T01:49:17.087+0000][81.223s][info][gc,start       ] GC(257) Pause Young (Allocation Failure)
[2026-07-01T01:49:17.087+0000][81.224s][info][gc             ] GC(257) Pause Young (Allocation Failure) 236M->236M(247M) 0.098ms
[2026-07-01T01:49:17.087+0000][81.224s][info][gc,cpu         ] GC(257) User=0.00s Sys=0.00s Real=0.00s
[2026-07-01T01:49:17.087+0000][81.224s][info][gc,start       ] GC(258) Pause Full (Allocation Failure)
[2026-07-01T01:49:17.087+0000][81.224s][info][gc,phases,start] GC(258) Phase 1: Mark live objects
[2026-07-01T01:49:17.208+0000][81.345s][info][gc,phases      ] GC(258) Phase 1: Mark live objects 121.020ms
[2026-07-01T01:49:17.208+0000][81.345s][info][gc,phases,start] GC(258) Phase 2: Compute new object addresses
[2026-07-01T01:49:17.260+0000][81.397s][info][gc,phases      ] GC(258) Phase 2: Compute new object addresses 51.929ms
[2026-07-01T01:49:17.260+0000][81.397s][info][gc,phases,start] GC(258) Phase 3: Adjust pointers
[2026-07-01T01:49:17.318+0000][81.454s][info][gc,phases      ] GC(258) Phase 3: Adjust pointers 57.452ms
[2026-07-01T01:49:17.318+0000][81.454s][info][gc,phases,start] GC(258) Phase 4: Move objects
[2026-07-01T01:49:17.319+0000][81.455s][info][gc,phases      ] GC(258) Phase 4: Move objects 0.549ms
[2026-07-01T01:49:17.319+0000][81.455s][info][gc,heap        ] GC(258) DefNew: 69952K(78656K)->0K(78656K) Eden: 69952K(69952K)->0K(69952K) From: 0K(8704K)->0K(8704K)
[2026-07-01T01:49:17.319+0000][81.455s][info][gc,heap        ] GC(258) Tenured: 172684K(174784K)->174129K(174784K)
[2026-07-01T01:49:17.319+0000][81.455s][info][gc,metaspace   ] GC(258) Metaspace: 41314K(42496K)->41314K(42496K) NonClass: 36286K(36992K)->36286K(36992K) Class: 5028K(5504K)->5028K(5504K)
[2026-07-01T01:49:17.319+0000][81.455s][info][gc             ] GC(258) Pause Full (Allocation Failure) 236M->170M(247M) 231.340ms
[2026-07-01T01:49:17.319+0000][81.455s][info][gc,cpu         ] GC(258) User=0.23s Sys=0.00s Real=0.24s
[2026-07-01T01:49:17.629+0000][81.765s][info][gc,start       ] GC(259) Pause Young (Allocation Failure)
[2026-07-01T01:49:17.629+0000][81.765s][info][gc             ] GC(259) Pause Young (Allocation Failure) 238M->238M(247M) 0.101ms
[2026-07-01T01:49:17.629+0000][81.765s][info][gc,cpu         ] GC(259) User=0.00s Sys=0.00s Real=0.00s
[2026-07-01T01:49:17.629+0000][81.765s][info][gc,start       ] GC(260) Pause Full (Allocation Failure)
[2026-07-01T01:49:17.629+0000][81.765s][info][gc,phases,start] GC(260) Phase 1: Mark live objects
[2026-07-01T01:49:17.752+0000][81.888s][info][gc,phases      ] GC(260) Phase 1: Mark live objects 123.247ms
[2026-07-01T01:49:17.752+0000][81.888s][info][gc,phases,start] GC(260) Phase 2: Compute new object addresses
[2026-07-01T01:49:17.803+0000][81.939s][info][gc,phases      ] GC(260) Phase 2: Compute new object addresses 50.511ms
[2026-07-01T01:49:17.803+0000][81.939s][info][gc,phases,start] GC(260) Phase 3: Adjust pointers
[2026-07-01T01:49:17.866+0000][82.002s][info][gc,phases      ] GC(260) Phase 3: Adjust pointers 63.400ms
[2026-07-01T01:49:17.866+0000][82.002s][info][gc,phases,start] GC(260) Phase 4: Move objects
[2026-07-01T01:49:17.898+0000][82.034s][info][gc,phases      ] GC(260) Phase 4: Move objects 31.882ms
[2026-07-01T01:49:17.898+0000][82.034s][info][gc,heap        ] GC(260) DefNew: 69952K(78656K)->0K(78656K) Eden: 69952K(69952K)->0K(69952K) From: 0K(8704K)->0K(8704K)
[2026-07-01T01:49:17.898+0000][82.035s][info][gc,heap        ] GC(260) Tenured: 174129K(174784K)->171751K(174784K)
[2026-07-01T01:49:17.898+0000][82.035s][info][gc,metaspace   ] GC(260) Metaspace: 41314K(42496K)->41314K(42496K) NonClass: 36286K(36992K)->36286K(36992K) Class: 5028K(5504K)->5028K(5504K)
[2026-07-01T01:49:17.898+0000][82.035s][info][gc             ] GC(260) Pause Full (Allocation Failure) 238M->167M(247M) 269.464ms
[2026-07-01T01:49:17.898+0000][82.035s][info][gc,cpu         ] GC(260) User=0.27s Sys=0.00s Real=0.27s
[2026-07-01T01:49:18.212+0000][82.348s][info][gc,start       ] GC(261) Pause Young (Allocation Failure)
[2026-07-01T01:49:18.212+0000][82.348s][info][gc             ] GC(261) Pause Young (Allocation Failure) 236M->236M(247M) 0.110ms
[2026-07-01T01:49:18.212+0000][82.348s][info][gc,cpu         ] GC(261) User=0.00s Sys=0.00s Real=0.00s
[2026-07-01T01:49:18.212+0000][82.348s][info][gc,start       ] GC(262) Pause Full (Allocation Failure)
[2026-07-01T01:49:18.212+0000][82.348s][info][gc,phases,start] GC(262) Phase 1: Mark live objects
[2026-07-01T01:49:18.333+0000][82.469s][info][gc,phases      ] GC(262) Phase 1: Mark live objects 121.211ms
[2026-07-01T01:49:18.333+0000][82.469s][info][gc,phases,start] GC(262) Phase 2: Compute new object addresses
[2026-07-01T01:49:18.384+0000][82.520s][info][gc,phases      ] GC(262) Phase 2: Compute new object addresses 50.746ms
[2026-07-01T01:49:18.384+0000][82.520s][info][gc,phases,start] GC(262) Phase 3: Adjust pointers
[2026-07-01T01:49:18.441+0000][82.577s][info][gc,phases      ] GC(262) Phase 3: Adjust pointers 57.201ms
[2026-07-01T01:49:18.441+0000][82.577s][info][gc,phases,start] GC(262) Phase 4: Move objects
[2026-07-01T01:49:18.442+0000][82.578s][info][gc,phases      ] GC(262) Phase 4: Move objects 0.497ms
[2026-07-01T01:49:18.442+0000][82.578s][info][gc,heap        ] GC(262) DefNew: 69952K(78656K)->0K(78656K) Eden: 69952K(69952K)->0K(69952K) From: 0K(8704K)->0K(8704K)
[2026-07-01T01:49:18.442+0000][82.578s][info][gc,heap        ] GC(262) Tenured: 171751K(174784K)->172993K(174784K)
[2026-07-01T01:49:18.442+0000][82.578s][info][gc,metaspace   ] GC(262) Metaspace: 41316K(42496K)->41316K(42496K) NonClass: 36287K(36992K)->36287K(36992K) Class: 5028K(5504K)->5028K(5504K)
[2026-07-01T01:49:18.442+0000][82.578s][info][gc             ] GC(262) Pause Full (Allocation Failure) 236M->168M(247M) 230.052ms
[2026-07-01T01:49:18.442+0000][82.578s][info][gc,cpu         ] GC(262) User=0.23s Sys=0.00s Real=0.23s
[2026-07-01T01:49:18.752+0000][82.889s][info][gc,start       ] GC(263) Pause Young (Allocation Failure)
[2026-07-01T01:49:18.753+0000][82.889s][info][gc             ] GC(263) Pause Young (Allocation Failure) 237M->237M(247M) 0.105ms
[2026-07-01T01:49:18.753+0000][82.889s][info][gc,cpu         ] GC(263) User=0.00s Sys=0.00s Real=0.00s
[2026-07-01T01:49:18.753+0000][82.889s][info][gc,start       ] GC(264) Pause Full (Allocation Failure)
[2026-07-01T01:49:18.753+0000][82.889s][info][gc,phases,start] GC(264) Phase 1: Mark live objects
[2026-07-01T01:49:18.875+0000][83.011s][info][gc,phases      ] GC(264) Phase 1: Mark live objects 122.550ms
[2026-07-01T01:49:18.875+0000][83.011s][info][gc,phases,start] GC(264) Phase 2: Compute new object addresses
[2026-07-01T01:49:18.926+0000][83.062s][info][gc,phases      ] GC(264) Phase 2: Compute new object addresses 50.830ms
[2026-07-01T01:49:18.926+0000][83.062s][info][gc,phases,start] GC(264) Phase 3: Adjust pointers
[2026-07-01T01:49:18.983+0000][83.119s][info][gc,phases      ] GC(264) Phase 3: Adjust pointers 57.025ms
[2026-07-01T01:49:18.983+0000][83.119s][info][gc,phases,start] GC(264) Phase 4: Move objects
[2026-07-01T01:49:18.984+0000][83.120s][info][gc,phases      ] GC(264) Phase 4: Move objects 0.478ms
[2026-07-01T01:49:18.984+0000][83.120s][info][gc,heap        ] GC(264) DefNew: 69952K(78656K)->0K(78656K) Eden: 69952K(69952K)->0K(69952K) From: 0K(8704K)->0K(8704K)
[2026-07-01T01:49:18.984+0000][83.120s][info][gc,heap        ] GC(264) Tenured: 172993K(174784K)->174272K(174784K)
[2026-07-01T01:49:18.984+0000][83.120s][info][gc,metaspace   ] GC(264) Metaspace: 41316K(42496K)->41316K(42496K) NonClass: 36288K(36992K)->36288K(36992K) Class: 5028K(5504K)->5028K(5504K)
[2026-07-01T01:49:18.984+0000][83.120s][info][gc             ] GC(264) Pause Full (Allocation Failure) 237M->170M(247M) 231.257ms
[2026-07-01T01:49:18.984+0000][83.120s][info][gc,cpu         ] GC(264) User=0.23s Sys=0.00s Real=0.23s
[2026-07-01T01:49:19.290+0000][83.426s][info][gc,start       ] GC(265) Pause Young (Allocation Failure)
[2026-07-01T01:49:19.290+0000][83.426s][info][gc             ] GC(265) Pause Young (Allocation Failure) 238M->238M(247M) 0.123ms
[2026-07-01T01:49:19.290+0000][83.426s][info][gc,cpu         ] GC(265) User=0.00s Sys=0.00s Real=0.00s
[2026-07-01T01:49:19.290+0000][83.426s][info][gc,start       ] GC(266) Pause Full (Allocation Failure)
[2026-07-01T01:49:19.290+0000][83.426s][info][gc,phases,start] GC(266) Phase 1: Mark live objects
[2026-07-01T01:49:19.412+0000][83.549s][info][gc,phases      ] GC(266) Phase 1: Mark live objects 122.335ms
[2026-07-01T01:49:19.413+0000][83.549s][info][gc,phases,start] GC(266) Phase 2: Compute new object addresses
[2026-07-01T01:49:19.464+0000][83.600s][info][gc,phases      ] GC(266) Phase 2: Compute new object addresses 50.984ms
[2026-07-01T01:49:19.464+0000][83.600s][info][gc,phases,start] GC(266) Phase 3: Adjust pointers
[2026-07-01T01:49:19.522+0000][83.658s][info][gc,phases      ] GC(266) Phase 3: Adjust pointers 58.330ms
[2026-07-01T01:49:19.522+0000][83.658s][info][gc,phases,start] GC(266) Phase 4: Move objects
[2026-07-01T01:49:19.522+0000][83.659s][info][gc,phases      ] GC(266) Phase 4: Move objects 0.426ms
[2026-07-01T01:49:19.523+0000][83.659s][info][gc,heap        ] GC(266) DefNew: 69952K(78656K)->284K(78656K) Eden: 69952K(69952K)->284K(69952K) From: 0K(8704K)->0K(8704K)
[2026-07-01T01:49:19.523+0000][83.659s][info][gc,heap        ] GC(266) Tenured: 174272K(174784K)->174783K(174784K)
[2026-07-01T01:49:19.523+0000][83.659s][info][gc,metaspace   ] GC(266) Metaspace: 41320K(42496K)->41320K(42496K) NonClass: 36291K(36992K)->36291K(36992K) Class: 5028K(5504K)->5028K(5504K)
[2026-07-01T01:49:19.523+0000][83.659s][info][gc             ] GC(266) Pause Full (Allocation Failure) 238M->170M(247M) 232.503ms
[2026-07-01T01:49:19.523+0000][83.659s][info][gc,cpu         ] GC(266) User=0.23s Sys=0.00s Real=0.23s
[2026-07-01T01:49:19.945+0000][84.081s][info][gc,start       ] GC(267) Pause Full (Allocation Failure)
[2026-07-01T01:49:19.945+0000][84.081s][info][gc,phases,start] GC(267) Phase 1: Mark live objects
[2026-07-01T01:49:20.064+0000][84.200s][info][gc,phases      ] GC(267) Phase 1: Mark live objects 119.178ms
[2026-07-01T01:49:20.064+0000][84.200s][info][gc,phases,start] GC(267) Phase 2: Compute new object addresses
[2026-07-01T01:49:20.117+0000][84.253s][info][gc,phases      ] GC(267) Phase 2: Compute new object addresses 52.565ms
[2026-07-01T01:49:20.117+0000][84.253s][info][gc,phases,start] GC(267) Phase 3: Adjust pointers
[2026-07-01T01:49:20.179+0000][84.315s][info][gc,phases      ] GC(267) Phase 3: Adjust pointers 62.097ms
[2026-07-01T01:49:20.179+0000][84.315s][info][gc,phases,start] GC(267) Phase 4: Move objects
[2026-07-01T01:49:20.212+0000][84.348s][info][gc,phases      ] GC(267) Phase 4: Move objects 33.126ms
[2026-07-01T01:49:20.212+0000][84.348s][info][gc,heap        ] GC(267) DefNew: 78656K(78656K)->0K(78656K) Eden: 69952K(69952K)->0K(69952K) From: 8704K(8704K)->0K(8704K)
[2026-07-01T01:49:20.212+0000][84.349s][info][gc,heap        ] GC(267) Tenured: 174784K(174784K)->172499K(174784K)
[2026-07-01T01:49:20.212+0000][84.349s][info][gc,metaspace   ] GC(267) Metaspace: 41320K(42496K)->41320K(42496K) NonClass: 36291K(36992K)->36291K(36992K) Class: 5028K(5504K)->5028K(5504K)
[2026-07-01T01:49:20.212+0000][84.349s][info][gc             ] GC(267) Pause Full (Allocation Failure) 247M->168M(247M) 267.448ms
[2026-07-01T01:49:20.212+0000][84.349s][info][gc,cpu         ] GC(267) User=0.27s Sys=0.00s Real=0.27s
[2026-07-01T01:49:20.532+0000][84.669s][info][gc,start       ] GC(268) Pause Young (Allocation Failure)
[2026-07-01T01:49:20.533+0000][84.669s][info][gc             ] GC(268) Pause Young (Allocation Failure) 236M->236M(247M) 0.121ms
[2026-07-01T01:49:20.533+0000][84.669s][info][gc,cpu         ] GC(268) User=0.00s Sys=0.00s Real=0.00s
[2026-07-01T01:49:20.533+0000][84.669s][info][gc,start       ] GC(269) Pause Full (Allocation Failure)
[2026-07-01T01:49:20.533+0000][84.669s][info][gc,phases,start] GC(269) Phase 1: Mark live objects
[2026-07-01T01:49:20.656+0000][84.793s][info][gc,phases      ] GC(269) Phase 1: Mark live objects 123.786ms
[2026-07-01T01:49:20.656+0000][84.793s][info][gc,phases,start] GC(269) Phase 2: Compute new object addresses
[2026-07-01T01:49:20.708+0000][84.844s][info][gc,phases      ] GC(269) Phase 2: Compute new object addresses 51.129ms
[2026-07-01T01:49:20.708+0000][84.844s][info][gc,phases,start] GC(269) Phase 3: Adjust pointers
[2026-07-01T01:49:20.765+0000][84.901s][info][gc,phases      ] GC(269) Phase 3: Adjust pointers 57.437ms
[2026-07-01T01:49:20.765+0000][84.901s][info][gc,phases,start] GC(269) Phase 4: Move objects
[2026-07-01T01:49:20.765+0000][84.902s][info][gc,phases      ] GC(269) Phase 4: Move objects 0.370ms
[2026-07-01T01:49:20.766+0000][84.902s][info][gc,heap        ] GC(269) DefNew: 69952K(78656K)->0K(78656K) Eden: 69952K(69952K)->0K(69952K) From: 0K(8704K)->0K(8704K)
[2026-07-01T01:49:20.766+0000][84.902s][info][gc,heap        ] GC(269) Tenured: 172499K(174784K)->173298K(174784K)
[2026-07-01T01:49:20.766+0000][84.902s][info][gc,metaspace   ] GC(269) Metaspace: 41321K(42496K)->41321K(42496K) NonClass: 36293K(36992K)->36293K(36992K) Class: 5028K(5504K)->5028K(5504K)
[2026-07-01T01:49:20.766+0000][84.902s][info][gc             ] GC(269) Pause Full (Allocation Failure) 236M->169M(247M) 233.112ms
[2026-07-01T01:49:20.766+0000][84.902s][info][gc,cpu         ] GC(269) User=0.23s Sys=0.00s Real=0.23s
[2026-07-01T01:49:21.084+0000][85.220s][info][gc,start       ] GC(270) Pause Young (Allocation Failure)
[2026-07-01T01:49:21.084+0000][85.220s][info][gc             ] GC(270) Pause Young (Allocation Failure) 237M->237M(247M) 0.095ms
[2026-07-01T01:49:21.084+0000][85.220s][info][gc,cpu         ] GC(270) User=0.00s Sys=0.00s Real=0.00s
[2026-07-01T01:49:21.084+0000][85.220s][info][gc,start       ] GC(271) Pause Full (Allocation Failure)
[2026-07-01T01:49:21.084+0000][85.220s][info][gc,phases,start] GC(271) Phase 1: Mark live objects
[2026-07-01T01:49:21.208+0000][85.344s][info][gc,phases      ] GC(271) Phase 1: Mark live objects 124.088ms
[2026-07-01T01:49:21.208+0000][85.344s][info][gc,phases,start] GC(271) Phase 2: Compute new object addresses
[2026-07-01T01:49:21.259+0000][85.395s][info][gc,phases      ] GC(271) Phase 2: Compute new object addresses 51.059ms
[2026-07-01T01:49:21.259+0000][85.395s][info][gc,phases,start] GC(271) Phase 3: Adjust pointers
[2026-07-01T01:49:21.317+0000][85.453s][info][gc,phases      ] GC(271) Phase 3: Adjust pointers 57.621ms
[2026-07-01T01:49:21.317+0000][85.453s][info][gc,phases,start] GC(271) Phase 4: Move objects
[2026-07-01T01:49:21.317+0000][85.453s][info][gc,phases      ] GC(271) Phase 4: Move objects 0.397ms
[2026-07-01T01:49:21.317+0000][85.453s][info][gc,heap        ] GC(271) DefNew: 69952K(78656K)->0K(78656K) Eden: 69952K(69952K)->0K(69952K) From: 0K(8704K)->0K(8704K)
[2026-07-01T01:49:21.317+0000][85.453s][info][gc,heap        ] GC(271) Tenured: 173298K(174784K)->174292K(174784K)
[2026-07-01T01:49:21.317+0000][85.453s][info][gc,metaspace   ] GC(271) Metaspace: 41321K(42496K)->41321K(42496K) NonClass: 36293K(36992K)->36293K(36992K) Class: 5028K(5504K)->5028K(5504K)
[2026-07-01T01:49:21.317+0000][85.453s][info][gc             ] GC(271) Pause Full (Allocation Failure) 237M->170M(247M) 233.568ms
[2026-07-01T01:49:21.317+0000][85.453s][info][gc,cpu         ] GC(271) User=0.23s Sys=0.00s Real=0.23s
[2026-07-01T01:49:21.629+0000][85.765s][info][gc,start       ] GC(272) Pause Young (Allocation Failure)
[2026-07-01T01:49:21.629+0000][85.765s][info][gc             ] GC(272) Pause Young (Allocation Failure) 238M->238M(247M) 0.112ms
[2026-07-01T01:49:21.629+0000][85.765s][info][gc,cpu         ] GC(272) User=0.00s Sys=0.00s Real=0.00s
[2026-07-01T01:49:21.629+0000][85.765s][info][gc,start       ] GC(273) Pause Full (Allocation Failure)
[2026-07-01T01:49:21.629+0000][85.765s][info][gc,phases,start] GC(273) Phase 1: Mark live objects
[2026-07-01T01:49:21.753+0000][85.889s][info][gc,phases      ] GC(273) Phase 1: Mark live objects 123.528ms
[2026-07-01T01:49:21.753+0000][85.889s][info][gc,phases,start] GC(273) Phase 2: Compute new object addresses
[2026-07-01T01:49:21.804+0000][85.940s][info][gc,phases      ] GC(273) Phase 2: Compute new object addresses 51.376ms
[2026-07-01T01:49:21.804+0000][85.940s][info][gc,phases,start] GC(273) Phase 3: Adjust pointers
[2026-07-01T01:49:21.862+0000][85.998s][info][gc,phases      ] GC(273) Phase 3: Adjust pointers 57.517ms
[2026-07-01T01:49:21.862+0000][85.998s][info][gc,phases,start] GC(273) Phase 4: Move objects
[2026-07-01T01:49:21.862+0000][85.998s][info][gc,phases      ] GC(273) Phase 4: Move objects 0.462ms
[2026-07-01T01:49:21.862+0000][85.999s][info][gc,heap        ] GC(273) DefNew: 69952K(78656K)->765K(78656K) Eden: 69952K(69952K)->765K(69952K) From: 0K(8704K)->0K(8704K)
[2026-07-01T01:49:21.862+0000][85.999s][info][gc,heap        ] GC(273) Tenured: 174292K(174784K)->174779K(174784K)
[2026-07-01T01:49:21.862+0000][85.999s][info][gc,metaspace   ] GC(273) Metaspace: 41321K(42496K)->41321K(42496K) NonClass: 36293K(36992K)->36293K(36992K) Class: 5028K(5504K)->5028K(5504K)
[2026-07-01T01:49:21.862+0000][85.999s][info][gc             ] GC(273) Pause Full (Allocation Failure) 238M->171M(247M) 233.272ms
[2026-07-01T01:49:21.862+0000][85.999s][info][gc,cpu         ] GC(273) User=0.23s Sys=0.00s Real=0.23s
[2026-07-01T01:49:22.279+0000][86.415s][info][gc,start       ] GC(274) Pause Full (Allocation Failure)
[2026-07-01T01:49:22.279+0000][86.415s][info][gc,phases,start] GC(274) Phase 1: Mark live objects
[2026-07-01T01:49:22.404+0000][86.540s][info][gc,phases      ] GC(274) Phase 1: Mark live objects 125.228ms
[2026-07-01T01:49:22.404+0000][86.540s][info][gc,phases,start] GC(274) Phase 2: Compute new object addresses
[2026-07-01T01:49:22.457+0000][86.594s][info][gc,phases      ] GC(274) Phase 2: Compute new object addresses 53.122ms
[2026-07-01T01:49:22.457+0000][86.594s][info][gc,phases,start] GC(274) Phase 3: Adjust pointers
[2026-07-01T01:49:22.520+0000][86.656s][info][gc,phases      ] GC(274) Phase 3: Adjust pointers 62.754ms
[2026-07-01T01:49:22.520+0000][86.656s][info][gc,phases,start] GC(274) Phase 4: Move objects
[2026-07-01T01:49:22.552+0000][86.688s][info][gc,phases      ] GC(274) Phase 4: Move objects 31.990ms
[2026-07-01T01:49:22.552+0000][86.689s][info][gc,heap        ] GC(274) DefNew: 78656K(78656K)->0K(78656K) Eden: 69952K(69952K)->0K(69952K) From: 8704K(8704K)->0K(8704K)
[2026-07-01T01:49:22.552+0000][86.689s][info][gc,heap        ] GC(274) Tenured: 174783K(174784K)->173129K(174784K)
[2026-07-01T01:49:22.552+0000][86.689s][info][gc,metaspace   ] GC(274) Metaspace: 41321K(42496K)->41321K(42496K) NonClass: 36293K(36992K)->36293K(36992K) Class: 5028K(5504K)->5028K(5504K)
[2026-07-01T01:49:22.552+0000][86.689s][info][gc             ] GC(274) Pause Full (Allocation Failure) 247M->169M(247M) 273.594ms
[2026-07-01T01:49:22.552+0000][86.689s][info][gc,cpu         ] GC(274) User=0.27s Sys=0.00s Real=0.27s
[2026-07-01T01:49:22.855+0000][86.992s][info][gc,start       ] GC(275) Pause Young (Allocation Failure)
[2026-07-01T01:49:22.856+0000][86.992s][info][gc             ] GC(275) Pause Young (Allocation Failure) 237M->237M(247M) 0.129ms
[2026-07-01T01:49:22.856+0000][86.992s][info][gc,cpu         ] GC(275) User=0.00s Sys=0.00s Real=0.00s
[2026-07-01T01:49:22.856+0000][86.992s][info][gc,start       ] GC(276) Pause Full (Allocation Failure)
[2026-07-01T01:49:22.856+0000][86.992s][info][gc,phases,start] GC(276) Phase 1: Mark live objects
[2026-07-01T01:49:22.980+0000][87.117s][info][gc,phases      ] GC(276) Phase 1: Mark live objects 124.806ms
[2026-07-01T01:49:22.981+0000][87.117s][info][gc,phases,start] GC(276) Phase 2: Compute new object addresses
[2026-07-01T01:49:23.032+0000][87.168s][info][gc,phases      ] GC(276) Phase 2: Compute new object addresses 51.219ms
[2026-07-01T01:49:23.032+0000][87.168s][info][gc,phases,start] GC(276) Phase 3: Adjust pointers
[2026-07-01T01:49:23.090+0000][87.226s][info][gc,phases      ] GC(276) Phase 3: Adjust pointers 58.541ms
[2026-07-01T01:49:23.090+0000][87.227s][info][gc,phases,start] GC(276) Phase 4: Move objects
[2026-07-01T01:49:23.091+0000][87.227s][info][gc,phases      ] GC(276) Phase 4: Move objects 0.475ms
[2026-07-01T01:49:23.091+0000][87.227s][info][gc,heap        ] GC(276) DefNew: 69952K(78656K)->0K(78656K) Eden: 69952K(69952K)->0K(69952K) From: 0K(8704K)->0K(8704K)
[2026-07-01T01:49:23.091+0000][87.227s][info][gc,heap        ] GC(276) Tenured: 173129K(174784K)->174469K(174784K)
[2026-07-01T01:49:23.091+0000][87.227s][info][gc,metaspace   ] GC(276) Metaspace: 41321K(42496K)->41321K(42496K) NonClass: 36293K(36992K)->36293K(36992K) Class: 5028K(5504K)->5028K(5504K)
[2026-07-01T01:49:23.091+0000][87.227s][info][gc             ] GC(276) Pause Full (Allocation Failure) 237M->170M(247M) 235.423ms
[2026-07-01T01:49:23.091+0000][87.227s][info][gc,cpu         ] GC(276) User=0.24s Sys=0.00s Real=0.24s
[2026-07-01T01:49:23.418+0000][87.554s][info][gc,start       ] GC(277) Pause Young (Allocation Failure)
[2026-07-01T01:49:23.418+0000][87.554s][info][gc             ] GC(277) Pause Young (Allocation Failure) 238M->238M(247M) 0.096ms
[2026-07-01T01:49:23.418+0000][87.554s][info][gc,cpu         ] GC(277) User=0.00s Sys=0.00s Real=0.00s
[2026-07-01T01:49:23.418+0000][87.554s][info][gc,start       ] GC(278) Pause Full (Allocation Failure)
[2026-07-01T01:49:23.418+0000][87.554s][info][gc,phases,start] GC(278) Phase 1: Mark live objects
[2026-07-01T01:49:23.611+0000][87.747s][info][gc,phases      ] GC(278) Phase 1: Mark live objects 193.307ms
[2026-07-01T01:49:23.611+0000][87.747s][info][gc,phases,start] GC(278) Phase 2: Compute new object addresses
[2026-07-01T01:49:23.683+0000][87.819s][info][gc,phases      ] GC(278) Phase 2: Compute new object addresses 71.631ms
[2026-07-01T01:49:23.683+0000][87.819s][info][gc,phases,start] GC(278) Phase 3: Adjust pointers
[2026-07-01T01:49:23.768+0000][87.904s][info][gc,phases      ] GC(278) Phase 3: Adjust pointers 85.099ms
[2026-07-01T01:49:23.768+0000][87.904s][info][gc,phases,start] GC(278) Phase 4: Move objects
[2026-07-01T01:49:23.768+0000][87.905s][info][gc,phases      ] GC(278) Phase 4: Move objects 0.427ms
[2026-07-01T01:49:23.769+0000][87.905s][info][gc,heap        ] GC(278) DefNew: 69952K(78656K)->574K(78656K) Eden: 69952K(69952K)->574K(69952K) From: 0K(8704K)->0K(8704K)
[2026-07-01T01:49:23.769+0000][87.905s][info][gc,heap        ] GC(278) Tenured: 174469K(174784K)->174776K(174784K)
[2026-07-01T01:49:23.769+0000][87.905s][info][gc,metaspace   ] GC(278) Metaspace: 41321K(42496K)->41321K(42496K) NonClass: 36293K(36992K)->36293K(36992K) Class: 5028K(5504K)->5028K(5504K)
[2026-07-01T01:49:23.769+0000][87.905s][info][gc             ] GC(278) Pause Full (Allocation Failure) 238M->171M(247M) 350.936ms
[2026-07-01T01:49:23.769+0000][87.905s][info][gc,cpu         ] GC(278) User=0.35s Sys=0.00s Real=0.36s
[2026-07-01T01:49:24.297+0000][88.433s][info][gc,start       ] GC(279) Pause Full (Allocation Failure)
[2026-07-01T01:49:24.297+0000][88.433s][info][gc,phases,start] GC(279) Phase 1: Mark live objects
[2026-07-01T01:49:24.493+0000][88.629s][info][gc,phases      ] GC(279) Phase 1: Mark live objects 195.817ms
[2026-07-01T01:49:24.493+0000][88.629s][info][gc,phases,start] GC(279) Phase 2: Compute new object addresses
[2026-07-01T01:49:24.567+0000][88.703s][info][gc,phases      ] GC(279) Phase 2: Compute new object addresses 74.617ms
[2026-07-01T01:49:24.567+0000][88.703s][info][gc,phases,start] GC(279) Phase 3: Adjust pointers
[2026-07-01T01:49:24.652+0000][88.788s][info][gc,phases      ] GC(279) Phase 3: Adjust pointers 84.663ms
[2026-07-01T01:49:24.652+0000][88.788s][info][gc,phases,start] GC(279) Phase 4: Move objects
[2026-07-01T01:49:24.653+0000][88.789s][info][gc,phases      ] GC(279) Phase 4: Move objects 0.685ms
[2026-07-01T01:49:24.653+0000][88.789s][info][gc,heap        ] GC(279) DefNew: 78655K(78656K)->1505K(78656K) Eden: 69952K(69952K)->1505K(69952K) From: 8703K(8704K)->0K(8704K)
[2026-07-01T01:49:24.653+0000][88.789s][info][gc,heap        ] GC(279) Tenured: 174783K(174784K)->174783K(174784K)
[2026-07-01T01:49:24.653+0000][88.789s][info][gc,metaspace   ] GC(279) Metaspace: 41322K(42496K)->41322K(42496K) NonClass: 36293K(36992K)->36293K(36992K) Class: 5028K(5504K)->5028K(5504K)
[2026-07-01T01:49:24.653+0000][88.789s][info][gc             ] GC(279) Pause Full (Allocation Failure) 247M->172M(247M) 356.321ms
[2026-07-01T01:49:24.653+0000][88.789s][info][gc,cpu         ] GC(279) User=0.35s Sys=0.00s Real=0.36s
[2026-07-01T01:49:25.196+0000][89.333s][info][gc,start       ] GC(280) Pause Full (Allocation Failure)
[2026-07-01T01:49:25.196+0000][89.333s][info][gc,phases,start] GC(280) Phase 1: Mark live objects
[2026-07-01T01:49:25.397+0000][89.533s][info][gc,phases      ] GC(280) Phase 1: Mark live objects 200.272ms
[2026-07-01T01:49:25.397+0000][89.533s][info][gc,phases,start] GC(280) Phase 2: Compute new object addresses
[2026-07-01T01:49:25.469+0000][89.605s][info][gc,phases      ] GC(280) Phase 2: Compute new object addresses 72.159ms
[2026-07-01T01:49:25.469+0000][89.605s][info][gc,phases,start] GC(280) Phase 3: Adjust pointers
[2026-07-01T01:49:25.562+0000][89.698s][info][gc,phases      ] GC(280) Phase 3: Adjust pointers 93.109ms
[2026-07-01T01:49:25.562+0000][89.698s][info][gc,phases,start] GC(280) Phase 4: Move objects
[2026-07-01T01:49:25.602+0000][89.739s][info][gc,phases      ] GC(280) Phase 4: Move objects 40.169ms
[2026-07-01T01:49:25.603+0000][89.739s][info][gc,heap        ] GC(280) DefNew: 78655K(78656K)->0K(78656K) Eden: 69952K(69952K)->0K(69952K) From: 8703K(8704K)->0K(8704K)
[2026-07-01T01:49:25.603+0000][89.739s][info][gc,heap        ] GC(280) Tenured: 174783K(174784K)->173944K(174784K)
[2026-07-01T01:49:25.603+0000][89.739s][info][gc,metaspace   ] GC(280) Metaspace: 41322K(42496K)->41322K(42496K) NonClass: 36293K(36992K)->36293K(36992K) Class: 5028K(5504K)->5028K(5504K)
[2026-07-01T01:49:25.603+0000][89.739s][info][gc             ] GC(280) Pause Full (Allocation Failure) 247M->169M(247M) 406.290ms
[2026-07-01T01:49:25.603+0000][89.739s][info][gc,cpu         ] GC(280) User=0.41s Sys=0.00s Real=0.41s
[2026-07-01T01:49:26.026+0000][90.163s][info][gc,start       ] GC(281) Pause Young (Allocation Failure)
[2026-07-01T01:49:26.026+0000][90.163s][info][gc             ] GC(281) Pause Young (Allocation Failure) 238M->238M(247M) 0.094ms
[2026-07-01T01:49:26.027+0000][90.163s][info][gc,cpu         ] GC(281) User=0.00s Sys=0.00s Real=0.00s
[2026-07-01T01:49:26.027+0000][90.163s][info][gc,start       ] GC(282) Pause Full (Allocation Failure)
[2026-07-01T01:49:26.027+0000][90.163s][info][gc,phases,start] GC(282) Phase 1: Mark live objects
[2026-07-01T01:49:26.221+0000][90.357s][info][gc,phases      ] GC(282) Phase 1: Mark live objects 194.499ms
[2026-07-01T01:49:26.221+0000][90.357s][info][gc,phases,start] GC(282) Phase 2: Compute new object addresses
[2026-07-01T01:49:26.287+0000][90.423s][info][gc,phases      ] GC(282) Phase 2: Compute new object addresses 66.135ms
[2026-07-01T01:49:26.287+0000][90.423s][info][gc,phases,start] GC(282) Phase 3: Adjust pointers
[2026-07-01T01:49:26.358+0000][90.494s][info][gc,phases      ] GC(282) Phase 3: Adjust pointers 70.267ms
[2026-07-01T01:49:26.358+0000][90.494s][info][gc,phases,start] GC(282) Phase 4: Move objects
[2026-07-01T01:49:26.358+0000][90.494s][info][gc,phases      ] GC(282) Phase 4: Move objects 0.393ms
[2026-07-01T01:49:26.358+0000][90.494s][info][gc,heap        ] GC(282) DefNew: 69951K(78656K)->0K(78656K) Eden: 69951K(69952K)->0K(69952K) From: 0K(8704K)->0K(8704K)
[2026-07-01T01:49:26.358+0000][90.494s][info][gc,heap        ] GC(282) Tenured: 173944K(174784K)->174691K(174784K)
[2026-07-01T01:49:26.358+0000][90.494s][info][gc,metaspace   ] GC(282) Metaspace: 41322K(42496K)->41322K(42496K) NonClass: 36293K(36992K)->36293K(36992K) Class: 5028K(5504K)->5028K(5504K)
[2026-07-01T01:49:26.358+0000][90.494s][info][gc             ] GC(282) Pause Full (Allocation Failure) 238M->170M(247M) 331.717ms
[2026-07-01T01:49:26.358+0000][90.494s][info][gc,cpu         ] GC(282) User=0.33s Sys=0.00s Real=0.34s
[2026-07-01T01:49:26.727+0000][90.863s][info][gc,start       ] GC(283) Pause Young (Allocation Failure)
[2026-07-01T01:49:26.727+0000][90.863s][info][gc             ] GC(283) Pause Young (Allocation Failure) 238M->238M(247M) 0.093ms
[2026-07-01T01:49:26.727+0000][90.863s][info][gc,cpu         ] GC(283) User=0.00s Sys=0.00s Real=0.00s
[2026-07-01T01:49:26.727+0000][90.863s][info][gc,start       ] GC(284) Pause Full (Allocation Failure)
[2026-07-01T01:49:26.727+0000][90.863s][info][gc,phases,start] GC(284) Phase 1: Mark live objects
[2026-07-01T01:49:26.854+0000][90.990s][info][gc,phases      ] GC(284) Phase 1: Mark live objects 126.575ms
[2026-07-01T01:49:26.854+0000][90.990s][info][gc,phases,start] GC(284) Phase 2: Compute new object addresses
[2026-07-01T01:49:26.905+0000][91.041s][info][gc,phases      ] GC(284) Phase 2: Compute new object addresses 51.552ms
[2026-07-01T01:49:26.905+0000][91.041s][info][gc,phases,start] GC(284) Phase 3: Adjust pointers
[2026-07-01T01:49:26.964+0000][91.100s][info][gc,phases      ] GC(284) Phase 3: Adjust pointers 59.154ms
[2026-07-01T01:49:26.964+0000][91.101s][info][gc,phases,start] GC(284) Phase 4: Move objects
[2026-07-01T01:49:26.965+0000][91.101s][info][gc,phases      ] GC(284) Phase 4: Move objects 0.473ms
[2026-07-01T01:49:26.965+0000][91.101s][info][gc,heap        ] GC(284) DefNew: 69952K(78656K)->1180K(78656K) Eden: 69952K(69952K)->1180K(69952K) From: 0K(8704K)->0K(8704K)
[2026-07-01T01:49:26.965+0000][91.101s][info][gc,heap        ] GC(284) Tenured: 174691K(174784K)->174776K(174784K)
[2026-07-01T01:49:26.965+0000][91.101s][info][gc,metaspace   ] GC(284) Metaspace: 41322K(42496K)->41322K(42496K) NonClass: 36294K(36992K)->36294K(36992K) Class: 5028K(5504K)->5028K(5504K)
[2026-07-01T01:49:26.965+0000][91.101s][info][gc             ] GC(284) Pause Full (Allocation Failure) 238M->171M(247M) 238.158ms
[2026-07-01T01:49:26.965+0000][91.101s][info][gc,cpu         ] GC(284) User=0.24s Sys=0.00s Real=0.24s
[2026-07-01T01:49:27.371+0000][91.507s][info][gc,start       ] GC(285) Pause Full (Allocation Failure)
[2026-07-01T01:49:27.371+0000][91.507s][info][gc,phases,start] GC(285) Phase 1: Mark live objects
[2026-07-01T01:49:27.499+0000][91.635s][info][gc,phases      ] GC(285) Phase 1: Mark live objects 127.443ms
[2026-07-01T01:49:27.499+0000][91.635s][info][gc,phases,start] GC(285) Phase 2: Compute new object addresses
[2026-07-01T01:49:27.553+0000][91.689s][info][gc,phases      ] GC(285) Phase 2: Compute new object addresses 54.025ms
[2026-07-01T01:49:27.553+0000][91.689s][info][gc,phases,start] GC(285) Phase 3: Adjust pointers
[2026-07-01T01:49:27.613+0000][91.749s][info][gc,phases      ] GC(285) Phase 3: Adjust pointers 60.039ms
[2026-07-01T01:49:27.613+0000][91.749s][info][gc,phases,start] GC(285) Phase 4: Move objects
[2026-07-01T01:49:27.613+0000][91.750s][info][gc,phases      ] GC(285) Phase 4: Move objects 0.745ms
[2026-07-01T01:49:27.614+0000][91.750s][info][gc,heap        ] GC(285) DefNew: 78656K(78656K)->2212K(78656K) Eden: 69952K(69952K)->2212K(69952K) From: 8704K(8704K)->0K(8704K)
[2026-07-01T01:49:27.614+0000][91.750s][info][gc,heap        ] GC(285) Tenured: 174784K(174784K)->174784K(174784K)
[2026-07-01T01:49:27.614+0000][91.750s][info][gc,metaspace   ] GC(285) Metaspace: 41340K(42560K)->41340K(42560K) NonClass: 36311K(37056K)->36311K(37056K) Class: 5028K(5504K)->5028K(5504K)
[2026-07-01T01:49:27.614+0000][91.750s][info][gc             ] GC(285) Pause Full (Allocation Failure) 247M->172M(247M) 242.755ms
[2026-07-01T01:49:27.614+0000][91.750s][info][gc,cpu         ] GC(285) User=0.24s Sys=0.00s Real=0.24s
[2026-07-01T01:49:28.023+0000][92.159s][info][gc,start       ] GC(286) Pause Full (Allocation Failure)
[2026-07-01T01:49:28.023+0000][92.159s][info][gc,phases,start] GC(286) Phase 1: Mark live objects
[2026-07-01T01:49:28.163+0000][92.299s][info][gc,phases      ] GC(286) Phase 1: Mark live objects 139.735ms
[2026-07-01T01:49:28.163+0000][92.299s][info][gc,phases,start] GC(286) Phase 2: Compute new object addresses
[2026-07-01T01:49:28.216+0000][92.352s][info][gc,phases      ] GC(286) Phase 2: Compute new object addresses 53.306ms
[2026-07-01T01:49:28.216+0000][92.352s][info][gc,phases,start] GC(286) Phase 3: Adjust pointers
[2026-07-01T01:49:28.281+0000][92.418s][info][gc,phases      ] GC(286) Phase 3: Adjust pointers 65.044ms
[2026-07-01T01:49:28.281+0000][92.418s][info][gc,phases,start] GC(286) Phase 4: Move objects
[2026-07-01T01:49:28.314+0000][92.451s][info][gc,phases      ] GC(286) Phase 4: Move objects 32.967ms
[2026-07-01T01:49:28.315+0000][92.451s][info][gc,heap        ] GC(286) DefNew: 78655K(78656K)->143K(78656K) Eden: 69952K(69952K)->143K(69952K) From: 8703K(8704K)->0K(8704K)
[2026-07-01T01:49:28.315+0000][92.451s][info][gc,heap        ] GC(286) Tenured: 174784K(174784K)->174784K(174784K)
[2026-07-01T01:49:28.315+0000][92.451s][info][gc,metaspace   ] GC(286) Metaspace: 41340K(42560K)->41340K(42560K) NonClass: 36311K(37056K)->36311K(37056K) Class: 5028K(5504K)->5028K(5504K)
[2026-07-01T01:49:28.315+0000][92.451s][info][gc             ] GC(286) Pause Full (Allocation Failure) 247M->170M(247M) 291.598ms
[2026-07-01T01:49:28.315+0000][92.451s][info][gc,cpu         ] GC(286) User=0.28s Sys=0.00s Real=0.29s
[2026-07-01T01:49:28.757+0000][92.894s][info][gc,start       ] GC(287) Pause Full (Allocation Failure)
[2026-07-01T01:49:28.758+0000][92.894s][info][gc,phases,start] GC(287) Phase 1: Mark live objects
[2026-07-01T01:49:28.887+0000][93.023s][info][gc,phases      ] GC(287) Phase 1: Mark live objects 129.364ms
[2026-07-01T01:49:28.887+0000][93.023s][info][gc,phases,start] GC(287) Phase 2: Compute new object addresses
[2026-07-01T01:49:28.941+0000][93.077s][info][gc,phases      ] GC(287) Phase 2: Compute new object addresses 54.139ms
[2026-07-01T01:49:28.941+0000][93.077s][info][gc,phases,start] GC(287) Phase 3: Adjust pointers
[2026-07-01T01:49:29.001+0000][93.138s][info][gc,phases      ] GC(287) Phase 3: Adjust pointers 60.295ms
[2026-07-01T01:49:29.001+0000][93.138s][info][gc,phases,start] GC(287) Phase 4: Move objects
[2026-07-01T01:49:29.002+0000][93.138s][info][gc,phases      ] GC(287) Phase 4: Move objects 0.690ms
[2026-07-01T01:49:29.002+0000][93.139s][info][gc,heap        ] GC(287) DefNew: 78656K(78656K)->1502K(78656K) Eden: 69952K(69952K)->1502K(69952K) From: 8704K(8704K)->0K(8704K)
[2026-07-01T01:49:29.002+0000][93.139s][info][gc,heap        ] GC(287) Tenured: 174784K(174784K)->174784K(174784K)
[2026-07-01T01:49:29.002+0000][93.139s][info][gc,metaspace   ] GC(287) Metaspace: 41340K(42560K)->41340K(42560K) NonClass: 36311K(37056K)->36311K(37056K) Class: 5028K(5504K)->5028K(5504K)
[2026-07-01T01:49:29.002+0000][93.139s][info][gc             ] GC(287) Pause Full (Allocation Failure) 247M->172M(247M) 244.964ms
[2026-07-01T01:49:29.002+0000][93.139s][info][gc,cpu         ] GC(287) User=0.25s Sys=0.00s Real=0.25s
[2026-07-01T01:49:29.407+0000][93.543s][info][gc,start       ] GC(288) Pause Full (Allocation Failure)
[2026-07-01T01:49:29.407+0000][93.543s][info][gc,phases,start] GC(288) Phase 1: Mark live objects
[2026-07-01T01:49:29.537+0000][93.673s][info][gc,phases      ] GC(288) Phase 1: Mark live objects 130.082ms
[2026-07-01T01:49:29.537+0000][93.674s][info][gc,phases,start] GC(288) Phase 2: Compute new object addresses
[2026-07-01T01:49:29.592+0000][93.728s][info][gc,phases      ] GC(288) Phase 2: Compute new object addresses 54.171ms
[2026-07-01T01:49:29.592+0000][93.728s][info][gc,phases,start] GC(288) Phase 3: Adjust pointers
[2026-07-01T01:49:29.653+0000][93.789s][info][gc,phases      ] GC(288) Phase 3: Adjust pointers 61.560ms
[2026-07-01T01:49:29.653+0000][93.789s][info][gc,phases,start] GC(288) Phase 4: Move objects
[2026-07-01T01:49:29.654+0000][93.790s][info][gc,phases      ] GC(288) Phase 4: Move objects 0.829ms
[2026-07-01T01:49:29.654+0000][93.790s][info][gc,heap        ] GC(288) DefNew: 78656K(78656K)->2286K(78656K) Eden: 69952K(69952K)->2286K(69952K) From: 8704K(8704K)->0K(8704K)
[2026-07-01T01:49:29.654+0000][93.790s][info][gc,heap        ] GC(288) Tenured: 174784K(174784K)->174784K(174784K)
[2026-07-01T01:49:29.654+0000][93.790s][info][gc,metaspace   ] GC(288) Metaspace: 41340K(42560K)->41340K(42560K) NonClass: 36312K(37056K)->36312K(37056K) Class: 5028K(5504K)->5028K(5504K)
[2026-07-01T01:49:29.654+0000][93.790s][info][gc             ] GC(288) Pause Full (Allocation Failure) 247M->172M(247M) 247.130ms
[2026-07-01T01:49:29.654+0000][93.790s][info][gc,cpu         ] GC(288) User=0.24s Sys=0.00s Real=0.25s
[2026-07-01T01:49:30.064+0000][94.200s][info][gc,start       ] GC(289) Pause Full (Allocation Failure)
[2026-07-01T01:49:30.064+0000][94.201s][info][gc,phases,start] GC(289) Phase 1: Mark live objects
[2026-07-01T01:49:30.196+0000][94.332s][info][gc,phases      ] GC(289) Phase 1: Mark live objects 131.819ms
[2026-07-01T01:49:30.196+0000][94.332s][info][gc,phases,start] GC(289) Phase 2: Compute new object addresses
[2026-07-01T01:49:30.250+0000][94.386s][info][gc,phases      ] GC(289) Phase 2: Compute new object addresses 53.930ms
[2026-07-01T01:49:30.250+0000][94.386s][info][gc,phases,start] GC(289) Phase 3: Adjust pointers
[2026-07-01T01:49:30.310+0000][94.446s][info][gc,phases      ] GC(289) Phase 3: Adjust pointers 59.776ms
[2026-07-01T01:49:30.310+0000][94.446s][info][gc,phases,start] GC(289) Phase 4: Move objects
[2026-07-01T01:49:30.311+0000][94.447s][info][gc,phases      ] GC(289) Phase 4: Move objects 0.830ms
[2026-07-01T01:49:30.311+0000][94.447s][info][gc,heap        ] GC(289) DefNew: 78655K(78656K)->2575K(78656K) Eden: 69952K(69952K)->2575K(69952K) From: 8703K(8704K)->0K(8704K)
[2026-07-01T01:49:30.311+0000][94.447s][info][gc,heap        ] GC(289) Tenured: 174784K(174784K)->174784K(174784K)
[2026-07-01T01:49:30.311+0000][94.447s][info][gc,metaspace   ] GC(289) Metaspace: 41341K(42560K)->41341K(42560K) NonClass: 36312K(37056K)->36312K(37056K) Class: 5028K(5504K)->5028K(5504K)
[2026-07-01T01:49:30.311+0000][94.447s][info][gc             ] GC(289) Pause Full (Allocation Failure) 247M->173M(247M) 247.121ms
[2026-07-01T01:49:30.311+0000][94.447s][info][gc,cpu         ] GC(289) User=0.24s Sys=0.00s Real=0.25s
