[2026-07-01T02:15:37.497+0000][0.023s][info][gc,init] CardTable entry size: 512
[2026-07-01T02:15:37.497+0000][0.023s][info][gc     ] Using G1
[2026-07-01T02:15:37.498+0000][0.024s][info][gc,init] Version: 21.0.11+10-LTS (release)
[2026-07-01T02:15:37.498+0000][0.024s][info][gc,init] CPUs: 4 total, 2 available
[2026-07-01T02:15:37.498+0000][0.024s][info][gc,init] Memory: 2048M
[2026-07-01T02:15:37.498+0000][0.024s][info][gc,init] Large Page Support: Disabled
[2026-07-01T02:15:37.498+0000][0.024s][info][gc,init] NUMA Support: Disabled
[2026-07-01T02:15:37.498+0000][0.024s][info][gc,init] Compressed Oops: Enabled (32-bit)
[2026-07-01T02:15:37.498+0000][0.024s][info][gc,init] Heap Region Size: 1M
[2026-07-01T02:15:37.498+0000][0.024s][info][gc,init] Heap Min Capacity: 8M
[2026-07-01T02:15:37.498+0000][0.024s][info][gc,init] Heap Initial Capacity: 32M
[2026-07-01T02:15:37.498+0000][0.024s][info][gc,init] Heap Max Capacity: 512M
[2026-07-01T02:15:37.498+0000][0.024s][info][gc,init] Pre-touch: Disabled
[2026-07-01T02:15:37.498+0000][0.024s][info][gc,init] Parallel Workers: 2
[2026-07-01T02:15:37.498+0000][0.024s][info][gc,init] Concurrent Workers: 1
[2026-07-01T02:15:37.498+0000][0.024s][info][gc,init] Concurrent Refinement Workers: 2
[2026-07-01T02:15:37.498+0000][0.024s][info][gc,init] Periodic GC: Disabled
[2026-07-01T02:15:37.511+0000][0.037s][info][gc,metaspace] CDS archive(s) mapped at: [0x00007367bb000000-0x00007367bbc9b000-0x00007367bbc9b000), size 13217792, SharedBaseAddress: 0x00007367bb000000, ArchiveRelocationMode: 1.
[2026-07-01T02:15:37.511+0000][0.037s][info][gc,metaspace] Compressed class space mapped at: 0x00007367bc000000-0x00007367fc000000, reserved size: 1073741824
[2026-07-01T02:15:37.511+0000][0.037s][info][gc,metaspace] Narrow klass base: 0x00007367bb000000, Narrow klass shift: 0, Narrow klass range: 0x100000000
[2026-07-01T02:15:37.665+0000][0.191s][info][gc,start    ] GC(0) Pause Young (Normal) (G1 Evacuation Pause)
[2026-07-01T02:15:37.665+0000][0.191s][info][gc,task     ] GC(0) Using 2 workers of 2 for evacuation
[2026-07-01T02:15:37.666+0000][0.192s][info][gc,phases   ] GC(0)   Pre Evacuate Collection Set: 0.06ms
[2026-07-01T02:15:37.666+0000][0.192s][info][gc,phases   ] GC(0)   Merge Heap Roots: 0.05ms
[2026-07-01T02:15:37.666+0000][0.192s][info][gc,phases   ] GC(0)   Evacuate Collection Set: 1.10ms
[2026-07-01T02:15:37.666+0000][0.192s][info][gc,phases   ] GC(0)   Post Evacuate Collection Set: 0.21ms
[2026-07-01T02:15:37.666+0000][0.192s][info][gc,phases   ] GC(0)   Other: 0.14ms
[2026-07-01T02:15:37.666+0000][0.192s][info][gc,heap     ] GC(0) Eden regions: 6->0(10)
[2026-07-01T02:15:37.666+0000][0.192s][info][gc,heap     ] GC(0) Survivor regions: 0->1(1)
[2026-07-01T02:15:37.666+0000][0.192s][info][gc,heap     ] GC(0) Old regions: 2->2
[2026-07-01T02:15:37.666+0000][0.192s][info][gc,heap     ] GC(0) Humongous regions: 0->0
[2026-07-01T02:15:37.666+0000][0.192s][info][gc,metaspace] GC(0) Metaspace: 1711K(1984K)->1711K(1984K) NonClass: 1523K(1664K)->1523K(1664K) Class: 187K(320K)->187K(320K)
[2026-07-01T02:15:37.666+0000][0.192s][info][gc          ] GC(0) Pause Young (Normal) (G1 Evacuation Pause) 7M->1M(34M) 1.699ms
[2026-07-01T02:15:37.666+0000][0.193s][info][gc,cpu      ] GC(0) User=0.00s Sys=0.00s Real=0.00s
[2026-07-01T02:15:37.866+0000][0.392s][info][gc,start    ] GC(1) Pause Young (Normal) (G1 Evacuation Pause)
[2026-07-01T02:15:37.866+0000][0.392s][info][gc,task     ] GC(1) Using 2 workers of 2 for evacuation
[2026-07-01T02:15:37.869+0000][0.395s][info][gc,phases   ] GC(1)   Pre Evacuate Collection Set: 0.09ms
[2026-07-01T02:15:37.869+0000][0.395s][info][gc,phases   ] GC(1)   Merge Heap Roots: 0.03ms
[2026-07-01T02:15:37.869+0000][0.395s][info][gc,phases   ] GC(1)   Evacuate Collection Set: 2.16ms
[2026-07-01T02:15:37.869+0000][0.395s][info][gc,phases   ] GC(1)   Post Evacuate Collection Set: 0.22ms
[2026-07-01T02:15:37.869+0000][0.395s][info][gc,phases   ] GC(1)   Other: 0.04ms
[2026-07-01T02:15:37.869+0000][0.395s][info][gc,heap     ] GC(1) Eden regions: 10->0(17)
[2026-07-01T02:15:37.869+0000][0.395s][info][gc,heap     ] GC(1) Survivor regions: 1->2(2)
[2026-07-01T02:15:37.869+0000][0.395s][info][gc,heap     ] GC(1) Old regions: 2->2
[2026-07-01T02:15:37.869+0000][0.395s][info][gc,heap     ] GC(1) Humongous regions: 0->0
[2026-07-01T02:15:37.869+0000][0.395s][info][gc,metaspace] GC(1) Metaspace: 3460K(3776K)->3460K(3776K) NonClass: 3090K(3264K)->3090K(3264K) Class: 369K(512K)->369K(512K)
[2026-07-01T02:15:37.869+0000][0.395s][info][gc          ] GC(1) Pause Young (Normal) (G1 Evacuation Pause) 11M->2M(34M) 2.666ms
[2026-07-01T02:15:37.869+0000][0.395s][info][gc,cpu      ] GC(1) User=0.01s Sys=0.00s Real=0.01s
[2026-07-01T02:15:38.155+0000][0.681s][info][gc,start    ] GC(2) Pause Young (Normal) (G1 Evacuation Pause)
[2026-07-01T02:15:38.155+0000][0.681s][info][gc,task     ] GC(2) Using 2 workers of 2 for evacuation
[2026-07-01T02:15:38.158+0000][0.684s][info][gc,phases   ] GC(2)   Pre Evacuate Collection Set: 0.07ms
[2026-07-01T02:15:38.158+0000][0.684s][info][gc,phases   ] GC(2)   Merge Heap Roots: 0.03ms
[2026-07-01T02:15:38.158+0000][0.684s][info][gc,phases   ] GC(2)   Evacuate Collection Set: 2.29ms
[2026-07-01T02:15:38.158+0000][0.684s][info][gc,phases   ] GC(2)   Post Evacuate Collection Set: 0.36ms
[2026-07-01T02:15:38.158+0000][0.684s][info][gc,phases   ] GC(2)   Other: 0.03ms
[2026-07-01T02:15:38.158+0000][0.684s][info][gc,heap     ] GC(2) Eden regions: 17->0(16)
[2026-07-01T02:15:38.158+0000][0.684s][info][gc,heap     ] GC(2) Survivor regions: 2->3(3)
[2026-07-01T02:15:38.158+0000][0.684s][info][gc,heap     ] GC(2) Old regions: 2->2
[2026-07-01T02:15:38.158+0000][0.684s][info][gc,heap     ] GC(2) Humongous regions: 0->0
[2026-07-01T02:15:38.158+0000][0.684s][info][gc,metaspace] GC(2) Metaspace: 7318K(7616K)->7318K(7616K) NonClass: 6459K(6592K)->6459K(6592K) Class: 858K(1024K)->858K(1024K)
[2026-07-01T02:15:38.158+0000][0.684s][info][gc          ] GC(2) Pause Young (Normal) (G1 Evacuation Pause) 19M->3M(34M) 2.900ms
[2026-07-01T02:15:38.158+0000][0.684s][info][gc,cpu      ] GC(2) User=0.00s Sys=0.00s Real=0.00s
[2026-07-01T02:15:38.418+0000][0.944s][info][gc,start    ] GC(3) Pause Young (Normal) (G1 Evacuation Pause)
[2026-07-01T02:15:38.418+0000][0.944s][info][gc,task     ] GC(3) Using 2 workers of 2 for evacuation
[2026-07-01T02:15:38.421+0000][0.948s][info][gc,phases   ] GC(3)   Pre Evacuate Collection Set: 0.07ms
[2026-07-01T02:15:38.421+0000][0.948s][info][gc,phases   ] GC(3)   Merge Heap Roots: 0.04ms
[2026-07-01T02:15:38.421+0000][0.948s][info][gc,phases   ] GC(3)   Evacuate Collection Set: 3.25ms
[2026-07-01T02:15:38.421+0000][0.948s][info][gc,phases   ] GC(3)   Post Evacuate Collection Set: 0.34ms
[2026-07-01T02:15:38.421+0000][0.948s][info][gc,phases   ] GC(3)   Other: 0.03ms
[2026-07-01T02:15:38.421+0000][0.948s][info][gc,heap     ] GC(3) Eden regions: 16->0(16)
[2026-07-01T02:15:38.421+0000][0.948s][info][gc,heap     ] GC(3) Survivor regions: 3->3(3)
[2026-07-01T02:15:38.421+0000][0.948s][info][gc,heap     ] GC(3) Old regions: 2->4
[2026-07-01T02:15:38.421+0000][0.948s][info][gc,heap     ] GC(3) Humongous regions: 0->0
[2026-07-01T02:15:38.421+0000][0.948s][info][gc,metaspace] GC(3) Metaspace: 10268K(10624K)->10268K(10624K) NonClass: 8941K(9152K)->8941K(9152K) Class: 1327K(1472K)->1327K(1472K)
[2026-07-01T02:15:38.422+0000][0.948s][info][gc          ] GC(3) Pause Young (Normal) (G1 Evacuation Pause) 19M->4M(34M) 3.842ms
[2026-07-01T02:15:38.422+0000][0.948s][info][gc,cpu      ] GC(3) User=0.01s Sys=0.00s Real=0.01s
[2026-07-01T02:15:38.557+0000][1.083s][info][gc,start    ] GC(4) Pause Young (Normal) (GCLocker Initiated GC)
[2026-07-01T02:15:38.557+0000][1.083s][info][gc,task     ] GC(4) Using 2 workers of 2 for evacuation
[2026-07-01T02:15:38.561+0000][1.087s][info][gc,phases   ] GC(4)   Pre Evacuate Collection Set: 0.08ms
[2026-07-01T02:15:38.561+0000][1.087s][info][gc,phases   ] GC(4)   Merge Heap Roots: 0.03ms
[2026-07-01T02:15:38.561+0000][1.087s][info][gc,phases   ] GC(4)   Evacuate Collection Set: 3.49ms
[2026-07-01T02:15:38.561+0000][1.087s][info][gc,phases   ] GC(4)   Post Evacuate Collection Set: 0.29ms
[2026-07-01T02:15:38.561+0000][1.087s][info][gc,phases   ] GC(4)   Other: 0.04ms
[2026-07-01T02:15:38.561+0000][1.087s][info][gc,heap     ] GC(4) Eden regions: 16->0(16)
[2026-07-01T02:15:38.561+0000][1.087s][info][gc,heap     ] GC(4) Survivor regions: 3->3(3)
[2026-07-01T02:15:38.561+0000][1.087s][info][gc,heap     ] GC(4) Old regions: 4->5
[2026-07-01T02:15:38.561+0000][1.087s][info][gc,heap     ] GC(4) Humongous regions: 0->0
[2026-07-01T02:15:38.561+0000][1.087s][info][gc,metaspace] GC(4) Metaspace: 13841K(14208K)->13841K(14208K) NonClass: 12112K(12352K)->12112K(12352K) Class: 1728K(1856K)->1728K(1856K)
[2026-07-01T02:15:38.561+0000][1.087s][info][gc          ] GC(4) Pause Young (Normal) (GCLocker Initiated GC) 20M->5M(34M) 4.038ms
[2026-07-01T02:15:38.561+0000][1.087s][info][gc,cpu      ] GC(4) User=0.01s Sys=0.00s Real=0.01s
[2026-07-01T02:15:38.745+0000][1.271s][info][gc,start    ] GC(5) Pause Young (Normal) (G1 Evacuation Pause)
[2026-07-01T02:15:38.745+0000][1.271s][info][gc,task     ] GC(5) Using 2 workers of 2 for evacuation
[2026-07-01T02:15:38.749+0000][1.275s][info][gc,phases   ] GC(5)   Pre Evacuate Collection Set: 0.05ms
[2026-07-01T02:15:38.749+0000][1.275s][info][gc,phases   ] GC(5)   Merge Heap Roots: 0.06ms
[2026-07-01T02:15:38.749+0000][1.275s][info][gc,phases   ] GC(5)   Evacuate Collection Set: 3.35ms
[2026-07-01T02:15:38.749+0000][1.275s][info][gc,phases   ] GC(5)   Post Evacuate Collection Set: 0.26ms
[2026-07-01T02:15:38.749+0000][1.275s][info][gc,phases   ] GC(5)   Other: 0.04ms
[2026-07-01T02:15:38.749+0000][1.275s][info][gc,heap     ] GC(5) Eden regions: 16->0(16)
[2026-07-01T02:15:38.749+0000][1.275s][info][gc,heap     ] GC(5) Survivor regions: 3->3(3)
[2026-07-01T02:15:38.749+0000][1.275s][info][gc,heap     ] GC(5) Old regions: 5->6
[2026-07-01T02:15:38.749+0000][1.275s][info][gc,heap     ] GC(5) Humongous regions: 0->0
[2026-07-01T02:15:38.749+0000][1.275s][info][gc,metaspace] GC(5) Metaspace: 17306K(17792K)->17306K(17792K) NonClass: 15137K(15424K)->15137K(15424K) Class: 2169K(2368K)->2169K(2368K)
[2026-07-01T02:15:38.749+0000][1.275s][info][gc          ] GC(5) Pause Young (Normal) (G1 Evacuation Pause) 21M->6M(34M) 3.884ms
[2026-07-01T02:15:38.749+0000][1.275s][info][gc,cpu      ] GC(5) User=0.01s Sys=0.00s Real=0.01s
[2026-07-01T02:15:38.942+0000][1.468s][info][gc,start    ] GC(6) Pause Young (Normal) (G1 Evacuation Pause)
[2026-07-01T02:15:38.942+0000][1.468s][info][gc,task     ] GC(6) Using 2 workers of 2 for evacuation
[2026-07-01T02:15:38.946+0000][1.472s][info][gc,phases   ] GC(6)   Pre Evacuate Collection Set: 0.07ms
[2026-07-01T02:15:38.946+0000][1.472s][info][gc,phases   ] GC(6)   Merge Heap Roots: 0.04ms
[2026-07-01T02:15:38.946+0000][1.472s][info][gc,phases   ] GC(6)   Evacuate Collection Set: 2.85ms
[2026-07-01T02:15:38.946+0000][1.472s][info][gc,phases   ] GC(6)   Post Evacuate Collection Set: 0.38ms
[2026-07-01T02:15:38.946+0000][1.472s][info][gc,phases   ] GC(6)   Other: 0.04ms
[2026-07-01T02:15:38.946+0000][1.472s][info][gc,heap     ] GC(6) Eden regions: 16->0(21)
[2026-07-01T02:15:38.946+0000][1.472s][info][gc,heap     ] GC(6) Survivor regions: 3->3(3)
[2026-07-01T02:15:38.946+0000][1.472s][info][gc,heap     ] GC(6) Old regions: 6->7
[2026-07-01T02:15:38.946+0000][1.472s][info][gc,heap     ] GC(6) Humongous regions: 0->0
[2026-07-01T02:15:38.946+0000][1.472s][info][gc,metaspace] GC(6) Metaspace: 19334K(19712K)->19334K(19712K) NonClass: 16914K(17152K)->16914K(17152K) Class: 2419K(2560K)->2419K(2560K)
[2026-07-01T02:15:38.946+0000][1.472s][info][gc          ] GC(6) Pause Young (Normal) (G1 Evacuation Pause) 22M->7M(41M) 3.487ms
[2026-07-01T02:15:38.946+0000][1.472s][info][gc,cpu      ] GC(6) User=0.01s Sys=0.00s Real=0.00s
[2026-07-01T02:15:39.153+0000][1.679s][info][gc,start    ] GC(7) Pause Young (Normal) (G1 Evacuation Pause)
[2026-07-01T02:15:39.153+0000][1.680s][info][gc,task     ] GC(7) Using 2 workers of 2 for evacuation
[2026-07-01T02:15:39.158+0000][1.684s][info][gc,phases   ] GC(7)   Pre Evacuate Collection Set: 0.09ms
[2026-07-01T02:15:39.158+0000][1.684s][info][gc,phases   ] GC(7)   Merge Heap Roots: 0.04ms
[2026-07-01T02:15:39.158+0000][1.684s][info][gc,phases   ] GC(7)   Evacuate Collection Set: 4.09ms
[2026-07-01T02:15:39.158+0000][1.684s][info][gc,phases   ] GC(7)   Post Evacuate Collection Set: 0.35ms
[2026-07-01T02:15:39.158+0000][1.684s][info][gc,phases   ] GC(7)   Other: 0.05ms
[2026-07-01T02:15:39.158+0000][1.684s][info][gc,heap     ] GC(7) Eden regions: 21->0(21)
[2026-07-01T02:15:39.158+0000][1.684s][info][gc,heap     ] GC(7) Survivor regions: 3->3(3)
[2026-07-01T02:15:39.158+0000][1.684s][info][gc,heap     ] GC(7) Old regions: 7->8
[2026-07-01T02:15:39.158+0000][1.684s][info][gc,heap     ] GC(7) Humongous regions: 0->0
[2026-07-01T02:15:39.158+0000][1.684s][info][gc,metaspace] GC(7) Metaspace: 20442K(20864K)->20442K(20864K) NonClass: 17902K(18112K)->17902K(18112K) Class: 2540K(2752K)->2540K(2752K)
[2026-07-01T02:15:39.158+0000][1.684s][info][gc          ] GC(7) Pause Young (Normal) (G1 Evacuation Pause) 28M->8M(41M) 4.759ms
[2026-07-01T02:15:39.158+0000][1.684s][info][gc,cpu      ] GC(7) User=0.01s Sys=0.00s Real=0.01s
[2026-07-01T02:15:39.227+0000][1.753s][info][gc,start    ] GC(8) Pause Young (Concurrent Start) (Metadata GC Threshold)
[2026-07-01T02:15:39.227+0000][1.753s][info][gc,task     ] GC(8) Using 2 workers of 2 for evacuation
[2026-07-01T02:15:39.231+0000][1.758s][info][gc,phases   ] GC(8)   Pre Evacuate Collection Set: 0.09ms
[2026-07-01T02:15:39.231+0000][1.758s][info][gc,phases   ] GC(8)   Merge Heap Roots: 0.04ms
[2026-07-01T02:15:39.231+0000][1.758s][info][gc,phases   ] GC(8)   Evacuate Collection Set: 3.79ms
[2026-07-01T02:15:39.231+0000][1.758s][info][gc,phases   ] GC(8)   Post Evacuate Collection Set: 0.35ms
[2026-07-01T02:15:39.231+0000][1.758s][info][gc,phases   ] GC(8)   Other: 0.07ms
[2026-07-01T02:15:39.231+0000][1.758s][info][gc,heap     ] GC(8) Eden regions: 5->0(22)
[2026-07-01T02:15:39.231+0000][1.758s][info][gc,heap     ] GC(8) Survivor regions: 3->2(3)
[2026-07-01T02:15:39.231+0000][1.758s][info][gc,heap     ] GC(8) Old regions: 8->9
[2026-07-01T02:15:39.231+0000][1.758s][info][gc,heap     ] GC(8) Humongous regions: 0->0
[2026-07-01T02:15:39.231+0000][1.758s][info][gc,metaspace] GC(8) Metaspace: 21060K(21504K)->21060K(21504K) NonClass: 18437K(18688K)->18437K(18688K) Class: 2622K(2816K)->2622K(2816K)
[2026-07-01T02:15:39.231+0000][1.758s][info][gc          ] GC(8) Pause Young (Concurrent Start) (Metadata GC Threshold) 13M->9M(41M) 4.479ms
[2026-07-01T02:15:39.231+0000][1.758s][info][gc,cpu      ] GC(8) User=0.01s Sys=0.00s Real=0.01s
[2026-07-01T02:15:39.231+0000][1.758s][info][gc          ] GC(9) Concurrent Mark Cycle
[2026-07-01T02:15:39.232+0000][1.758s][info][gc,marking  ] GC(9) Concurrent Scan Root Regions
[2026-07-01T02:15:39.234+0000][1.760s][info][gc,marking  ] GC(9) Concurrent Scan Root Regions 2.183ms
[2026-07-01T02:15:39.234+0000][1.760s][info][gc,marking  ] GC(9) Concurrent Mark
[2026-07-01T02:15:39.234+0000][1.760s][info][gc,marking  ] GC(9) Concurrent Mark From Roots
[2026-07-01T02:15:39.234+0000][1.760s][info][gc,task     ] GC(9) Using 1 workers of 1 for marking
[2026-07-01T02:15:39.249+0000][1.775s][info][gc,marking  ] GC(9) Concurrent Mark From Roots 14.994ms
[2026-07-01T02:15:39.249+0000][1.775s][info][gc,marking  ] GC(9) Concurrent Preclean
[2026-07-01T02:15:39.249+0000][1.775s][info][gc,marking  ] GC(9) Concurrent Preclean 0.029ms
[2026-07-01T02:15:39.249+0000][1.775s][info][gc,start    ] GC(9) Pause Remark
[2026-07-01T02:15:39.252+0000][1.778s][info][gc,heap     ] GC(9) Heap shrink completed: uncommitted 4 regions (4MB), heap size now 37MB
[2026-07-01T02:15:39.252+0000][1.778s][info][gc          ] GC(9) Pause Remark 11M->11M(37M) 2.952ms
[2026-07-01T02:15:39.252+0000][1.778s][info][gc,cpu      ] GC(9) User=0.00s Sys=0.00s Real=0.00s
[2026-07-01T02:15:39.252+0000][1.778s][info][gc,marking  ] GC(9) Concurrent Mark 18.314ms
[2026-07-01T02:15:39.252+0000][1.778s][info][gc,marking  ] GC(9) Concurrent Rebuild Remembered Sets and Scrub Regions
[2026-07-01T02:15:39.257+0000][1.784s][info][gc,marking  ] GC(9) Concurrent Rebuild Remembered Sets and Scrub Regions 5.349ms
[2026-07-01T02:15:39.258+0000][1.784s][info][gc,start    ] GC(9) Pause Cleanup
[2026-07-01T02:15:39.258+0000][1.784s][info][gc          ] GC(9) Pause Cleanup 11M->11M(37M) 0.070ms
[2026-07-01T02:15:39.258+0000][1.784s][info][gc,cpu      ] GC(9) User=0.00s Sys=0.00s Real=0.00s
[2026-07-01T02:15:39.258+0000][1.784s][info][gc,marking  ] GC(9) Concurrent Clear Claimed Marks
[2026-07-01T02:15:39.258+0000][1.784s][info][gc,marking  ] GC(9) Concurrent Clear Claimed Marks 0.025ms
[2026-07-01T02:15:39.258+0000][1.784s][info][gc,marking  ] GC(9) Concurrent Cleanup for Next Mark
[2026-07-01T02:15:39.258+0000][1.784s][info][gc,marking  ] GC(9) Concurrent Cleanup for Next Mark 0.277ms
[2026-07-01T02:15:39.258+0000][1.784s][info][gc          ] GC(9) Concurrent Mark Cycle 26.498ms
[2026-07-01T02:15:39.542+0000][2.068s][info][gc,start    ] GC(10) Pause Young (Prepare Mixed) (G1 Evacuation Pause)
[2026-07-01T02:15:39.542+0000][2.068s][info][gc,task     ] GC(10) Using 2 workers of 2 for evacuation
[2026-07-01T02:15:39.547+0000][2.073s][info][gc,phases   ] GC(10)   Pre Evacuate Collection Set: 0.08ms
[2026-07-01T02:15:39.547+0000][2.073s][info][gc,phases   ] GC(10)   Merge Heap Roots: 0.05ms
[2026-07-01T02:15:39.547+0000][2.073s][info][gc,phases   ] GC(10)   Evacuate Collection Set: 3.92ms
[2026-07-01T02:15:39.547+0000][2.073s][info][gc,phases   ] GC(10)   Post Evacuate Collection Set: 0.32ms
[2026-07-01T02:15:39.547+0000][2.073s][info][gc,phases   ] GC(10)   Other: 0.03ms
[2026-07-01T02:15:39.547+0000][2.073s][info][gc,heap     ] GC(10) Eden regions: 20->0(19)
[2026-07-01T02:15:39.547+0000][2.073s][info][gc,heap     ] GC(10) Survivor regions: 2->3(3)
[2026-07-01T02:15:39.547+0000][2.073s][info][gc,heap     ] GC(10) Old regions: 9->9
[2026-07-01T02:15:39.547+0000][2.073s][info][gc,heap     ] GC(10) Humongous regions: 0->0
[2026-07-01T02:15:39.547+0000][2.073s][info][gc,metaspace] GC(10) Metaspace: 22935K(23424K)->22935K(23424K) NonClass: 20051K(20288K)->20051K(20288K) Class: 2883K(3136K)->2883K(3136K)
[2026-07-01T02:15:39.547+0000][2.073s][info][gc          ] GC(10) Pause Young (Prepare Mixed) (G1 Evacuation Pause) 29M->10M(37M) 4.491ms
[2026-07-01T02:15:39.547+0000][2.073s][info][gc,cpu      ] GC(10) User=0.00s Sys=0.00s Real=0.00s
[2026-07-01T02:15:39.814+0000][2.340s][info][gc,start    ] GC(11) Pause Young (Mixed) (G1 Evacuation Pause)
[2026-07-01T02:15:39.814+0000][2.340s][info][gc,task     ] GC(11) Using 2 workers of 2 for evacuation
[2026-07-01T02:15:39.821+0000][2.347s][info][gc,phases   ] GC(11)   Pre Evacuate Collection Set: 0.09ms
[2026-07-01T02:15:39.821+0000][2.347s][info][gc,phases   ] GC(11)   Merge Heap Roots: 0.04ms
[2026-07-01T02:15:39.821+0000][2.347s][info][gc,phases   ] GC(11)   Evacuate Collection Set: 6.18ms
[2026-07-01T02:15:39.821+0000][2.347s][info][gc,phases   ] GC(11)   Post Evacuate Collection Set: 0.41ms
[2026-07-01T02:15:39.821+0000][2.347s][info][gc,phases   ] GC(11)   Other: 0.04ms
[2026-07-01T02:15:39.821+0000][2.347s][info][gc,heap     ] GC(11) Eden regions: 19->0(19)
[2026-07-01T02:15:39.821+0000][2.347s][info][gc,heap     ] GC(11) Survivor regions: 3->3(3)
[2026-07-01T02:15:39.821+0000][2.347s][info][gc,heap     ] GC(11) Old regions: 9->10
[2026-07-01T02:15:39.821+0000][2.347s][info][gc,heap     ] GC(11) Humongous regions: 0->0
[2026-07-01T02:15:39.821+0000][2.347s][info][gc,metaspace] GC(11) Metaspace: 26817K(27392K)->26817K(27392K) NonClass: 23427K(23744K)->23427K(23744K) Class: 3389K(3648K)->3389K(3648K)
[2026-07-01T02:15:39.821+0000][2.347s][info][gc          ] GC(11) Pause Young (Mixed) (G1 Evacuation Pause) 29M->12M(37M) 6.892ms
[2026-07-01T02:15:39.821+0000][2.347s][info][gc,cpu      ] GC(11) User=0.01s Sys=0.00s Real=0.01s
[2026-07-01T02:15:39.993+0000][2.520s][info][gc,start    ] GC(12) Pause Young (Normal) (G1 Evacuation Pause)
[2026-07-01T02:15:39.993+0000][2.520s][info][gc,task     ] GC(12) Using 2 workers of 2 for evacuation
[2026-07-01T02:15:40.018+0000][2.544s][info][gc,phases   ] GC(12)   Pre Evacuate Collection Set: 0.07ms
[2026-07-01T02:15:40.018+0000][2.544s][info][gc,phases   ] GC(12)   Merge Heap Roots: 0.05ms
[2026-07-01T02:15:40.018+0000][2.544s][info][gc,phases   ] GC(12)   Evacuate Collection Set: 23.69ms
[2026-07-01T02:15:40.018+0000][2.544s][info][gc,phases   ] GC(12)   Post Evacuate Collection Set: 0.45ms
[2026-07-01T02:15:40.018+0000][2.544s][info][gc,phases   ] GC(12)   Other: 0.04ms
[2026-07-01T02:15:40.018+0000][2.544s][info][gc,heap     ] GC(12) Eden regions: 19->0(25)
[2026-07-01T02:15:40.018+0000][2.544s][info][gc,heap     ] GC(12) Survivor regions: 3->2(3)
[2026-07-01T02:15:40.018+0000][2.544s][info][gc,heap     ] GC(12) Old regions: 10->13
[2026-07-01T02:15:40.018+0000][2.544s][info][gc,heap     ] GC(12) Humongous regions: 0->0
[2026-07-01T02:15:40.018+0000][2.544s][info][gc,metaspace] GC(12) Metaspace: 28951K(29504K)->28951K(29504K) NonClass: 25238K(25536K)->25238K(25536K) Class: 3712K(3968K)->3712K(3968K)
[2026-07-01T02:15:40.018+0000][2.544s][info][gc          ] GC(12) Pause Young (Normal) (G1 Evacuation Pause) 31M->13M(45M) 24.422ms
[2026-07-01T02:15:40.018+0000][2.544s][info][gc,cpu      ] GC(12) User=0.01s Sys=0.00s Real=0.02s
[2026-07-01T02:15:40.339+0000][2.865s][info][gc,start    ] GC(13) Pause Young (Normal) (G1 Evacuation Pause)
[2026-07-01T02:15:40.339+0000][2.865s][info][gc,task     ] GC(13) Using 2 workers of 2 for evacuation
[2026-07-01T02:15:40.343+0000][2.869s][info][gc,phases   ] GC(13)   Pre Evacuate Collection Set: 0.08ms
[2026-07-01T02:15:40.343+0000][2.869s][info][gc,phases   ] GC(13)   Merge Heap Roots: 0.05ms
[2026-07-01T02:15:40.343+0000][2.869s][info][gc,phases   ] GC(13)   Evacuate Collection Set: 3.71ms
[2026-07-01T02:15:40.343+0000][2.869s][info][gc,phases   ] GC(13)   Post Evacuate Collection Set: 0.40ms
[2026-07-01T02:15:40.343+0000][2.869s][info][gc,phases   ] GC(13)   Other: 0.05ms
[2026-07-01T02:15:40.343+0000][2.869s][info][gc,heap     ] GC(13) Eden regions: 25->0(22)
[2026-07-01T02:15:40.343+0000][2.869s][info][gc,heap     ] GC(13) Survivor regions: 2->4(4)
[2026-07-01T02:15:40.343+0000][2.869s][info][gc,heap     ] GC(13) Old regions: 13->13
[2026-07-01T02:15:40.343+0000][2.869s][info][gc,heap     ] GC(13) Humongous regions: 0->0
[2026-07-01T02:15:40.343+0000][2.869s][info][gc,metaspace] GC(13) Metaspace: 32734K(33408K)->32734K(33408K) NonClass: 28472K(28864K)->28472K(28864K) Class: 4262K(4544K)->4262K(4544K)
[2026-07-01T02:15:40.343+0000][2.869s][info][gc          ] GC(13) Pause Young (Normal) (G1 Evacuation Pause) 38M->15M(45M) 4.414ms
[2026-07-01T02:15:40.343+0000][2.869s][info][gc,cpu      ] GC(13) User=0.01s Sys=0.00s Real=0.00s
[2026-07-01T02:15:40.534+0000][3.060s][info][gc,start    ] GC(14) Pause Young (Concurrent Start) (Metadata GC Threshold)
[2026-07-01T02:15:40.534+0000][3.060s][info][gc,task     ] GC(14) Using 2 workers of 2 for evacuation
[2026-07-01T02:15:40.539+0000][3.066s][info][gc,phases   ] GC(14)   Pre Evacuate Collection Set: 0.10ms
[2026-07-01T02:15:40.539+0000][3.066s][info][gc,phases   ] GC(14)   Merge Heap Roots: 0.05ms
[2026-07-01T02:15:40.539+0000][3.066s][info][gc,phases   ] GC(14)   Evacuate Collection Set: 4.47ms
[2026-07-01T02:15:40.539+0000][3.066s][info][gc,phases   ] GC(14)   Post Evacuate Collection Set: 0.43ms
[2026-07-01T02:15:40.539+0000][3.066s][info][gc,phases   ] GC(14)   Other: 0.07ms
[2026-07-01T02:15:40.539+0000][3.066s][info][gc,heap     ] GC(14) Eden regions: 13->0(22)
[2026-07-01T02:15:40.539+0000][3.066s][info][gc,heap     ] GC(14) Survivor regions: 4->3(4)
[2026-07-01T02:15:40.539+0000][3.066s][info][gc,heap     ] GC(14) Old regions: 13->14
[2026-07-01T02:15:40.539+0000][3.066s][info][gc,heap     ] GC(14) Humongous regions: 0->0
[2026-07-01T02:15:40.539+0000][3.066s][info][gc,metaspace] GC(14) Metaspace: 35736K(36416K)->35736K(36416K) NonClass: 31093K(31488K)->31093K(31488K) Class: 4643K(4928K)->4643K(4928K)
[2026-07-01T02:15:40.539+0000][3.066s][info][gc          ] GC(14) Pause Young (Concurrent Start) (Metadata GC Threshold) 28M->16M(45M) 5.250ms
[2026-07-01T02:15:40.540+0000][3.066s][info][gc,cpu      ] GC(14) User=0.01s Sys=0.00s Real=0.01s
[2026-07-01T02:15:40.540+0000][3.066s][info][gc          ] GC(15) Concurrent Mark Cycle
[2026-07-01T02:15:40.540+0000][3.066s][info][gc,marking  ] GC(15) Concurrent Scan Root Regions
[2026-07-01T02:15:40.544+0000][3.070s][info][gc,marking  ] GC(15) Concurrent Scan Root Regions 4.769ms
[2026-07-01T02:15:40.544+0000][3.070s][info][gc,marking  ] GC(15) Concurrent Mark
[2026-07-01T02:15:40.544+0000][3.070s][info][gc,marking  ] GC(15) Concurrent Mark From Roots
[2026-07-01T02:15:40.544+0000][3.070s][info][gc,task     ] GC(15) Using 1 workers of 1 for marking
[2026-07-01T02:15:40.566+0000][3.092s][info][gc,marking  ] GC(15) Concurrent Mark From Roots 21.490ms
[2026-07-01T02:15:40.566+0000][3.092s][info][gc,marking  ] GC(15) Concurrent Preclean
[2026-07-01T02:15:40.566+0000][3.092s][info][gc,marking  ] GC(15) Concurrent Preclean 0.084ms
[2026-07-01T02:15:40.614+0000][3.140s][info][gc,start    ] GC(15) Pause Remark
[2026-07-01T02:15:40.618+0000][3.144s][info][gc          ] GC(15) Pause Remark 20M->20M(45M) 4.403ms
[2026-07-01T02:15:40.618+0000][3.144s][info][gc,cpu      ] GC(15) User=0.01s Sys=0.00s Real=0.01s
[2026-07-01T02:15:40.620+0000][3.146s][info][gc,marking  ] GC(15) Concurrent Mark 75.835ms
[2026-07-01T02:15:40.620+0000][3.146s][info][gc,marking  ] GC(15) Concurrent Rebuild Remembered Sets and Scrub Regions
[2026-07-01T02:15:40.633+0000][3.159s][info][gc,marking  ] GC(15) Concurrent Rebuild Remembered Sets and Scrub Regions 12.685ms
[2026-07-01T02:15:40.633+0000][3.159s][info][gc,start    ] GC(15) Pause Cleanup
[2026-07-01T02:15:40.633+0000][3.159s][info][gc          ] GC(15) Pause Cleanup 25M->25M(45M) 0.080ms
[2026-07-01T02:15:40.633+0000][3.159s][info][gc,cpu      ] GC(15) User=0.00s Sys=0.00s Real=0.00s
[2026-07-01T02:15:40.633+0000][3.159s][info][gc,marking  ] GC(15) Concurrent Clear Claimed Marks
[2026-07-01T02:15:40.633+0000][3.159s][info][gc,marking  ] GC(15) Concurrent Clear Claimed Marks 0.051ms
[2026-07-01T02:15:40.633+0000][3.159s][info][gc,marking  ] GC(15) Concurrent Cleanup for Next Mark
[2026-07-01T02:15:40.633+0000][3.160s][info][gc,marking  ] GC(15) Concurrent Cleanup for Next Mark 0.134ms
[2026-07-01T02:15:40.633+0000][3.160s][info][gc          ] GC(15) Concurrent Mark Cycle 93.899ms
[2026-07-01T02:15:40.654+0000][3.180s][info][gc,start    ] GC(16) Pause Young (Prepare Mixed) (G1 Evacuation Pause)
[2026-07-01T02:15:40.654+0000][3.180s][info][gc,task     ] GC(16) Using 2 workers of 2 for evacuation
[2026-07-01T02:15:40.669+0000][3.195s][info][gc,phases   ] GC(16)   Pre Evacuate Collection Set: 0.08ms
[2026-07-01T02:15:40.669+0000][3.195s][info][gc,phases   ] GC(16)   Merge Heap Roots: 0.06ms
[2026-07-01T02:15:40.669+0000][3.195s][info][gc,phases   ] GC(16)   Evacuate Collection Set: 14.74ms
[2026-07-01T02:15:40.669+0000][3.195s][info][gc,phases   ] GC(16)   Post Evacuate Collection Set: 0.40ms
[2026-07-01T02:15:40.669+0000][3.195s][info][gc,phases   ] GC(16)   Other: 0.04ms
[2026-07-01T02:15:40.669+0000][3.195s][info][gc,heap     ] GC(16) Eden regions: 22->0(12)
[2026-07-01T02:15:40.669+0000][3.195s][info][gc,heap     ] GC(16) Survivor regions: 3->4(4)
[2026-07-01T02:15:40.669+0000][3.195s][info][gc,heap     ] GC(16) Old regions: 14->28
[2026-07-01T02:15:40.669+0000][3.195s][info][gc,heap     ] GC(16) Humongous regions: 0->0
[2026-07-01T02:15:40.669+0000][3.195s][info][gc,metaspace] GC(16) Metaspace: 36597K(37312K)->36597K(37312K) NonClass: 31832K(32256K)->31832K(32256K) Class: 4765K(5056K)->4765K(5056K)
[2026-07-01T02:15:40.669+0000][3.195s][info][gc          ] GC(16) Pause Young (Prepare Mixed) (G1 Evacuation Pause) 38M->31M(57M) 15.442ms
[2026-07-01T02:15:40.669+0000][3.195s][info][gc,cpu      ] GC(16) User=0.03s Sys=0.01s Real=0.02s
[2026-07-01T02:15:40.716+0000][3.243s][info][gc,start    ] GC(17) Pause Young (Mixed) (G1 Evacuation Pause)
[2026-07-01T02:15:40.716+0000][3.243s][info][gc,task     ] GC(17) Using 2 workers of 2 for evacuation
[2026-07-01T02:15:40.728+0000][3.254s][info][gc,phases   ] GC(17)   Pre Evacuate Collection Set: 0.08ms
[2026-07-01T02:15:40.728+0000][3.254s][info][gc,phases   ] GC(17)   Merge Heap Roots: 0.12ms
[2026-07-01T02:15:40.728+0000][3.254s][info][gc,phases   ] GC(17)   Evacuate Collection Set: 10.58ms
[2026-07-01T02:15:40.728+0000][3.254s][info][gc,phases   ] GC(17)   Post Evacuate Collection Set: 0.33ms
[2026-07-01T02:15:40.728+0000][3.254s][info][gc,phases   ] GC(17)   Other: 0.03ms
[2026-07-01T02:15:40.728+0000][3.254s][info][gc,heap     ] GC(17) Eden regions: 12->0(6)
[2026-07-01T02:15:40.728+0000][3.254s][info][gc,heap     ] GC(17) Survivor regions: 4->2(2)
[2026-07-01T02:15:40.728+0000][3.254s][info][gc,heap     ] GC(17) Old regions: 28->38
[2026-07-01T02:15:40.728+0000][3.254s][info][gc,heap     ] GC(17) Humongous regions: 1->1
[2026-07-01T02:15:40.728+0000][3.254s][info][gc,metaspace] GC(17) Metaspace: 36806K(37504K)->36806K(37504K) NonClass: 32008K(32384K)->32008K(32384K) Class: 4798K(5120K)->4798K(5120K)
[2026-07-01T02:15:40.728+0000][3.254s][info][gc          ] GC(17) Pause Young (Mixed) (G1 Evacuation Pause) 44M->41M(58M) 11.274ms
[2026-07-01T02:15:40.728+0000][3.254s][info][gc,cpu      ] GC(17) User=0.02s Sys=0.00s Real=0.01s
[2026-07-01T02:15:40.733+0000][3.259s][info][gc,start    ] GC(18) Pause Young (Concurrent Start) (G1 Evacuation Pause)
[2026-07-01T02:15:40.733+0000][3.259s][info][gc,task     ] GC(18) Using 2 workers of 2 for evacuation
[2026-07-01T02:15:40.740+0000][3.266s][info][gc,phases   ] GC(18)   Pre Evacuate Collection Set: 0.11ms
[2026-07-01T02:15:40.740+0000][3.266s][info][gc,phases   ] GC(18)   Merge Heap Roots: 0.04ms
[2026-07-01T02:15:40.740+0000][3.266s][info][gc,phases   ] GC(18)   Evacuate Collection Set: 6.70ms
[2026-07-01T02:15:40.740+0000][3.266s][info][gc,phases   ] GC(18)   Post Evacuate Collection Set: 0.29ms
[2026-07-01T02:15:40.740+0000][3.266s][info][gc,phases   ] GC(18)   Other: 0.07ms
[2026-07-01T02:15:40.740+0000][3.266s][info][gc,heap     ] GC(18) Eden regions: 6->0(3)
[2026-07-01T02:15:40.740+0000][3.266s][info][gc,heap     ] GC(18) Survivor regions: 2->1(1)
[2026-07-01T02:15:40.740+0000][3.266s][info][gc,heap     ] GC(18) Old regions: 38->45
[2026-07-01T02:15:40.740+0000][3.266s][info][gc,heap     ] GC(18) Humongous regions: 1->1
[2026-07-01T02:15:40.740+0000][3.266s][info][gc,metaspace] GC(18) Metaspace: 36848K(37568K)->36848K(37568K) NonClass: 32041K(32448K)->32041K(32448K) Class: 4806K(5120K)->4806K(5120K)
[2026-07-01T02:15:40.740+0000][3.266s][info][gc          ] GC(18) Pause Young (Concurrent Start) (G1 Evacuation Pause) 47M->46M(58M) 7.316ms
[2026-07-01T02:15:40.740+0000][3.266s][info][gc,cpu      ] GC(18) User=0.02s Sys=0.00s Real=0.01s
[2026-07-01T02:15:40.740+0000][3.266s][info][gc          ] GC(19) Concurrent Mark Cycle
[2026-07-01T02:15:40.740+0000][3.266s][info][gc,marking  ] GC(19) Concurrent Scan Root Regions
[2026-07-01T02:15:40.743+0000][3.269s][info][gc,marking  ] GC(19) Concurrent Scan Root Regions 2.942ms
[2026-07-01T02:15:40.743+0000][3.269s][info][gc,marking  ] GC(19) Concurrent Mark
[2026-07-01T02:15:40.743+0000][3.269s][info][gc,marking  ] GC(19) Concurrent Mark From Roots
[2026-07-01T02:15:40.743+0000][3.269s][info][gc,task     ] GC(19) Using 1 workers of 1 for marking
[2026-07-01T02:15:40.747+0000][3.273s][info][gc,start    ] GC(20) Pause Young (Normal) (G1 Evacuation Pause)
[2026-07-01T02:15:40.747+0000][3.273s][info][gc,task     ] GC(20) Using 2 workers of 2 for evacuation
[2026-07-01T02:15:40.751+0000][3.278s][info][gc,phases   ] GC(20)   Pre Evacuate Collection Set: 0.10ms
[2026-07-01T02:15:40.751+0000][3.278s][info][gc,phases   ] GC(20)   Merge Heap Roots: 0.04ms
[2026-07-01T02:15:40.751+0000][3.278s][info][gc,phases   ] GC(20)   Evacuate Collection Set: 3.55ms
[2026-07-01T02:15:40.751+0000][3.278s][info][gc,phases   ] GC(20)   Post Evacuate Collection Set: 0.97ms
[2026-07-01T02:15:40.751+0000][3.278s][info][gc,phases   ] GC(20)   Other: 0.04ms
[2026-07-01T02:15:40.751+0000][3.278s][info][gc,heap     ] GC(20) Eden regions: 3->0(57)
[2026-07-01T02:15:40.751+0000][3.278s][info][gc,heap     ] GC(20) Survivor regions: 1->1(1)
[2026-07-01T02:15:40.751+0000][3.278s][info][gc,heap     ] GC(20) Old regions: 45->48
[2026-07-01T02:15:40.751+0000][3.278s][info][gc,heap     ] GC(20) Humongous regions: 1->1
[2026-07-01T02:15:40.751+0000][3.278s][info][gc,metaspace] GC(20) Metaspace: 36854K(37568K)->36854K(37568K) NonClass: 32047K(32448K)->32047K(32448K) Class: 4807K(5120K)->4807K(5120K)
[2026-07-01T02:15:40.751+0000][3.278s][info][gc          ] GC(20) Pause Young (Normal) (G1 Evacuation Pause) 49M->49M(174M) 4.784ms
[2026-07-01T02:15:40.751+0000][3.278s][info][gc,cpu      ] GC(20) User=0.01s Sys=0.00s Real=0.01s
[2026-07-01T02:15:40.853+0000][3.379s][info][gc,marking  ] GC(19) Concurrent Mark From Roots 109.905ms
[2026-07-01T02:15:40.853+0000][3.379s][info][gc,marking  ] GC(19) Concurrent Preclean
[2026-07-01T02:15:40.853+0000][3.379s][info][gc,marking  ] GC(19) Concurrent Preclean 0.069ms
[2026-07-01T02:15:40.854+0000][3.380s][info][gc,start    ] GC(19) Pause Remark
[2026-07-01T02:15:40.858+0000][3.384s][info][gc          ] GC(19) Pause Remark 108M->108M(174M) 4.583ms
[2026-07-01T02:15:40.858+0000][3.384s][info][gc,cpu      ] GC(19) User=0.01s Sys=0.00s Real=0.01s
[2026-07-01T02:15:40.858+0000][3.384s][info][gc,marking  ] GC(19) Concurrent Mark 115.286ms
[2026-07-01T02:15:40.858+0000][3.384s][info][gc,marking  ] GC(19) Concurrent Rebuild Remembered Sets and Scrub Regions
[2026-07-01T02:15:40.859+0000][3.385s][info][gc,start    ] GC(21) Pause Young (Normal) (G1 Evacuation Pause)
[2026-07-01T02:15:40.859+0000][3.385s][info][gc,task     ] GC(21) Using 2 workers of 2 for evacuation
[2026-07-01T02:15:40.933+0000][3.459s][info][gc,phases   ] GC(21)   Pre Evacuate Collection Set: 0.11ms
[2026-07-01T02:15:40.933+0000][3.459s][info][gc,phases   ] GC(21)   Merge Heap Roots: 0.06ms
[2026-07-01T02:15:40.933+0000][3.459s][info][gc,phases   ] GC(21)   Evacuate Collection Set: 72.88ms
[2026-07-01T02:15:40.933+0000][3.459s][info][gc,phases   ] GC(21)   Post Evacuate Collection Set: 0.41ms
[2026-07-01T02:15:40.933+0000][3.459s][info][gc,phases   ] GC(21)   Other: 0.04ms
[2026-07-01T02:15:40.933+0000][3.459s][info][gc,heap     ] GC(21) Eden regions: 57->0(29)
[2026-07-01T02:15:40.933+0000][3.459s][info][gc,heap     ] GC(21) Survivor regions: 1->8(8)
[2026-07-01T02:15:40.933+0000][3.459s][info][gc,heap     ] GC(21) Old regions: 48->84
[2026-07-01T02:15:40.933+0000][3.459s][info][gc,heap     ] GC(21) Humongous regions: 3->3
[2026-07-01T02:15:40.933+0000][3.459s][info][gc,metaspace] GC(21) Metaspace: 37758K(38464K)->37758K(38464K) NonClass: 32816K(33216K)->32816K(33216K) Class: 4941K(5248K)->4941K(5248K)
[2026-07-01T02:15:40.933+0000][3.459s][info][gc          ] GC(21) Pause Young (Normal) (G1 Evacuation Pause) 108M->94M(174M) 73.606ms
[2026-07-01T02:15:40.933+0000][3.459s][info][gc,cpu      ] GC(21) User=0.06s Sys=0.01s Real=0.07s
[2026-07-01T02:15:40.964+0000][3.490s][info][gc,marking  ] GC(19) Concurrent Rebuild Remembered Sets and Scrub Regions 105.214ms
[2026-07-01T02:15:40.964+0000][3.490s][info][gc,start    ] GC(19) Pause Cleanup
[2026-07-01T02:15:40.964+0000][3.490s][info][gc          ] GC(19) Pause Cleanup 110M->110M(174M) 0.119ms
[2026-07-01T02:15:40.964+0000][3.490s][info][gc,cpu      ] GC(19) User=0.00s Sys=0.00s Real=0.00s
[2026-07-01T02:15:40.964+0000][3.490s][info][gc,marking  ] GC(19) Concurrent Clear Claimed Marks
[2026-07-01T02:15:40.964+0000][3.490s][info][gc,marking  ] GC(19) Concurrent Clear Claimed Marks 0.063ms
[2026-07-01T02:15:40.964+0000][3.490s][info][gc,marking  ] GC(19) Concurrent Cleanup for Next Mark
[2026-07-01T02:15:40.965+0000][3.491s][info][gc,marking  ] GC(19) Concurrent Cleanup for Next Mark 0.986ms
[2026-07-01T02:15:40.965+0000][3.491s][info][gc          ] GC(19) Concurrent Mark Cycle 224.948ms
[2026-07-01T02:15:41.015+0000][3.541s][info][gc,start    ] GC(22) Pause Young (Prepare Mixed) (G1 Evacuation Pause)
[2026-07-01T02:15:41.015+0000][3.541s][info][gc,task     ] GC(22) Using 2 workers of 2 for evacuation
[2026-07-01T02:15:41.038+0000][3.564s][info][gc,phases   ] GC(22)   Pre Evacuate Collection Set: 0.13ms
[2026-07-01T02:15:41.038+0000][3.564s][info][gc,phases   ] GC(22)   Merge Heap Roots: 0.10ms
[2026-07-01T02:15:41.038+0000][3.564s][info][gc,phases   ] GC(22)   Evacuate Collection Set: 22.20ms
[2026-07-01T02:15:41.038+0000][3.564s][info][gc,phases   ] GC(22)   Post Evacuate Collection Set: 0.50ms
[2026-07-01T02:15:41.038+0000][3.564s][info][gc,phases   ] GC(22)   Other: 0.05ms
[2026-07-01T02:15:41.038+0000][3.564s][info][gc,heap     ] GC(22) Eden regions: 29->0(19)
[2026-07-01T02:15:41.038+0000][3.564s][info][gc,heap     ] GC(22) Survivor regions: 8->5(5)
[2026-07-01T02:15:41.038+0000][3.564s][info][gc,heap     ] GC(22) Old regions: 84->110
[2026-07-01T02:15:41.038+0000][3.564s][info][gc,heap     ] GC(22) Humongous regions: 6->6
[2026-07-01T02:15:41.038+0000][3.564s][info][gc,metaspace] GC(22) Metaspace: 38160K(38976K)->38160K(38976K) NonClass: 33163K(33600K)->33163K(33600K) Class: 4996K(5376K)->4996K(5376K)
[2026-07-01T02:15:41.038+0000][3.564s][info][gc          ] GC(22) Pause Young (Prepare Mixed) (G1 Evacuation Pause) 126M->120M(174M) 23.115ms
[2026-07-01T02:15:41.038+0000][3.564s][info][gc,cpu      ] GC(22) User=0.05s Sys=0.00s Real=0.03s
[2026-07-01T02:15:41.051+0000][3.577s][info][gc,start    ] GC(23) Pause Young (Mixed) (G1 Evacuation Pause)
[2026-07-01T02:15:41.051+0000][3.577s][info][gc,task     ] GC(23) Using 2 workers of 2 for evacuation
[2026-07-01T02:15:41.063+0000][3.590s][info][gc,phases   ] GC(23)   Pre Evacuate Collection Set: 0.11ms
[2026-07-01T02:15:41.063+0000][3.590s][info][gc,phases   ] GC(23)   Merge Heap Roots: 0.05ms
[2026-07-01T02:15:41.063+0000][3.590s][info][gc,phases   ] GC(23)   Evacuate Collection Set: 12.13ms
[2026-07-01T02:15:41.063+0000][3.590s][info][gc,phases   ] GC(23)   Post Evacuate Collection Set: 0.31ms
[2026-07-01T02:15:41.063+0000][3.590s][info][gc,phases   ] GC(23)   Other: 0.04ms
[2026-07-01T02:15:41.063+0000][3.590s][info][gc,heap     ] GC(23) Eden regions: 19->0(13)
[2026-07-01T02:15:41.063+0000][3.590s][info][gc,heap     ] GC(23) Survivor regions: 5->3(3)
[2026-07-01T02:15:41.063+0000][3.590s][info][gc,heap     ] GC(23) Old regions: 110->126
[2026-07-01T02:15:41.063+0000][3.590s][info][gc,heap     ] GC(23) Humongous regions: 6->6
[2026-07-01T02:15:41.063+0000][3.590s][info][gc,metaspace] GC(23) Metaspace: 38168K(38976K)->38168K(38976K) NonClass: 33172K(33600K)->33172K(33600K) Class: 4996K(5376K)->4996K(5376K)
[2026-07-01T02:15:41.064+0000][3.590s][info][gc          ] GC(23) Pause Young (Mixed) (G1 Evacuation Pause) 139M->134M(174M) 12.764ms
[2026-07-01T02:15:41.064+0000][3.590s][info][gc,cpu      ] GC(23) User=0.03s Sys=0.00s Real=0.01s
[2026-07-01T02:15:41.073+0000][3.599s][info][gc,start    ] GC(24) Pause Young (Concurrent Start) (G1 Evacuation Pause)
[2026-07-01T02:15:41.073+0000][3.599s][info][gc,task     ] GC(24) Using 2 workers of 2 for evacuation
[2026-07-01T02:15:41.080+0000][3.606s][info][gc,phases   ] GC(24)   Pre Evacuate Collection Set: 0.11ms
[2026-07-01T02:15:41.080+0000][3.606s][info][gc,phases   ] GC(24)   Merge Heap Roots: 0.03ms
[2026-07-01T02:15:41.080+0000][3.606s][info][gc,phases   ] GC(24)   Evacuate Collection Set: 6.87ms
[2026-07-01T02:15:41.080+0000][3.606s][info][gc,phases   ] GC(24)   Post Evacuate Collection Set: 0.25ms
[2026-07-01T02:15:41.080+0000][3.606s][info][gc,phases   ] GC(24)   Other: 0.06ms
[2026-07-01T02:15:41.080+0000][3.606s][info][gc,heap     ] GC(24) Eden regions: 13->0(9)
[2026-07-01T02:15:41.080+0000][3.606s][info][gc,heap     ] GC(24) Survivor regions: 3->2(2)
[2026-07-01T02:15:41.080+0000][3.606s][info][gc,heap     ] GC(24) Old regions: 126->138
[2026-07-01T02:15:41.080+0000][3.606s][info][gc,heap     ] GC(24) Humongous regions: 6->6
[2026-07-01T02:15:41.080+0000][3.606s][info][gc,metaspace] GC(24) Metaspace: 38174K(38976K)->38174K(38976K) NonClass: 33177K(33600K)->33177K(33600K) Class: 4996K(5376K)->4996K(5376K)
[2026-07-01T02:15:41.080+0000][3.606s][info][gc          ] GC(24) Pause Young (Concurrent Start) (G1 Evacuation Pause) 147M->146M(174M) 7.435ms
[2026-07-01T02:15:41.080+0000][3.606s][info][gc,cpu      ] GC(24) User=0.01s Sys=0.00s Real=0.01s
[2026-07-01T02:15:41.080+0000][3.606s][info][gc          ] GC(25) Concurrent Mark Cycle
[2026-07-01T02:15:41.080+0000][3.606s][info][gc,marking  ] GC(25) Concurrent Scan Root Regions
[2026-07-01T02:15:41.088+0000][3.614s][info][gc,marking  ] GC(25) Concurrent Scan Root Regions 7.954ms
[2026-07-01T02:15:41.088+0000][3.614s][info][gc,marking  ] GC(25) Concurrent Mark
[2026-07-01T02:15:41.088+0000][3.614s][info][gc,marking  ] GC(25) Concurrent Mark From Roots
[2026-07-01T02:15:41.088+0000][3.614s][info][gc,task     ] GC(25) Using 1 workers of 1 for marking
[2026-07-01T02:15:41.229+0000][3.755s][info][gc,marking  ] GC(25) Concurrent Mark From Roots 141.033ms
[2026-07-01T02:15:41.229+0000][3.755s][info][gc,marking  ] GC(25) Concurrent Preclean
[2026-07-01T02:15:41.229+0000][3.755s][info][gc,marking  ] GC(25) Concurrent Preclean 0.066ms
[2026-07-01T02:15:41.229+0000][3.755s][info][gc,start    ] GC(25) Pause Remark
[2026-07-01T02:15:41.233+0000][3.759s][info][gc          ] GC(25) Pause Remark 150M->147M(239M) 3.728ms
[2026-07-01T02:15:41.233+0000][3.759s][info][gc,cpu      ] GC(25) User=0.00s Sys=0.00s Real=0.00s
[2026-07-01T02:15:41.233+0000][3.759s][info][gc,marking  ] GC(25) Concurrent Mark 145.063ms
[2026-07-01T02:15:41.233+0000][3.759s][info][gc,marking  ] GC(25) Concurrent Rebuild Remembered Sets and Scrub Regions
[2026-07-01T02:15:41.281+0000][3.807s][info][gc,marking  ] GC(25) Concurrent Rebuild Remembered Sets and Scrub Regions 47.884ms
[2026-07-01T02:15:41.281+0000][3.807s][info][gc,start    ] GC(25) Pause Cleanup
[2026-07-01T02:15:41.281+0000][3.807s][info][gc          ] GC(25) Pause Cleanup 147M->147M(239M) 0.169ms
[2026-07-01T02:15:41.281+0000][3.807s][info][gc,cpu      ] GC(25) User=0.00s Sys=0.00s Real=0.00s
[2026-07-01T02:15:41.281+0000][3.807s][info][gc,marking  ] GC(25) Concurrent Clear Claimed Marks
[2026-07-01T02:15:41.281+0000][3.807s][info][gc,marking  ] GC(25) Concurrent Clear Claimed Marks 0.075ms
[2026-07-01T02:15:41.281+0000][3.808s][info][gc,marking  ] GC(25) Concurrent Cleanup for Next Mark
[2026-07-01T02:15:41.282+0000][3.808s][info][gc,marking  ] GC(25) Concurrent Cleanup for Next Mark 0.847ms
[2026-07-01T02:15:41.282+0000][3.808s][info][gc          ] GC(25) Concurrent Mark Cycle 202.247ms
[2026-07-01T02:15:42.042+0000][4.568s][info][gc,start    ] GC(26) Pause Young (Prepare Mixed) (G1 Evacuation Pause)
[2026-07-01T02:15:42.042+0000][4.568s][info][gc,task     ] GC(26) Using 2 workers of 2 for evacuation
[2026-07-01T02:15:42.047+0000][4.573s][info][gc,phases   ] GC(26)   Pre Evacuate Collection Set: 0.09ms
[2026-07-01T02:15:42.047+0000][4.573s][info][gc,phases   ] GC(26)   Merge Heap Roots: 0.04ms
[2026-07-01T02:15:42.047+0000][4.573s][info][gc,phases   ] GC(26)   Evacuate Collection Set: 4.97ms
[2026-07-01T02:15:42.047+0000][4.573s][info][gc,phases   ] GC(26)   Post Evacuate Collection Set: 0.32ms
[2026-07-01T02:15:42.047+0000][4.573s][info][gc,phases   ] GC(26)   Other: 0.04ms
[2026-07-01T02:15:42.047+0000][4.573s][info][gc,heap     ] GC(26) Eden regions: 9->0(30)
[2026-07-01T02:15:42.047+0000][4.573s][info][gc,heap     ] GC(26) Survivor regions: 2->2(2)
[2026-07-01T02:15:42.047+0000][4.573s][info][gc,heap     ] GC(26) Old regions: 138->145
[2026-07-01T02:15:42.047+0000][4.573s][info][gc,heap     ] GC(26) Humongous regions: 3->3
[2026-07-01T02:15:42.047+0000][4.573s][info][gc,metaspace] GC(26) Metaspace: 38363K(39168K)->38363K(39168K) NonClass: 33344K(33792K)->33344K(33792K) Class: 5018K(5376K)->5018K(5376K)
[2026-07-01T02:15:42.047+0000][4.573s][info][gc          ] GC(26) Pause Young (Prepare Mixed) (G1 Evacuation Pause) 152M->150M(239M) 5.593ms
[2026-07-01T02:15:42.047+0000][4.573s][info][gc,cpu      ] GC(26) User=0.01s Sys=0.01s Real=0.00s
[2026-07-01T02:15:42.741+0000][5.267s][info][gc,start    ] GC(27) Pause Young (Mixed) (G1 Evacuation Pause)
[2026-07-01T02:15:42.741+0000][5.267s][info][gc,task     ] GC(27) Using 2 workers of 2 for evacuation
[2026-07-01T02:15:42.747+0000][5.273s][info][gc,phases   ] GC(27)   Pre Evacuate Collection Set: 0.16ms
[2026-07-01T02:15:42.747+0000][5.273s][info][gc,phases   ] GC(27)   Merge Heap Roots: 0.07ms
[2026-07-01T02:15:42.747+0000][5.273s][info][gc,phases   ] GC(27)   Evacuate Collection Set: 5.59ms
[2026-07-01T02:15:42.747+0000][5.273s][info][gc,phases   ] GC(27)   Post Evacuate Collection Set: 0.35ms
[2026-07-01T02:15:42.747+0000][5.273s][info][gc,phases   ] GC(27)   Other: 0.06ms
[2026-07-01T02:15:42.747+0000][5.273s][info][gc,heap     ] GC(27) Eden regions: 30->0(29)
[2026-07-01T02:15:42.747+0000][5.273s][info][gc,heap     ] GC(27) Survivor regions: 2->4(4)
[2026-07-01T02:15:42.747+0000][5.273s][info][gc,heap     ] GC(27) Old regions: 145->152
[2026-07-01T02:15:42.747+0000][5.273s][info][gc,heap     ] GC(27) Humongous regions: 3->3
[2026-07-01T02:15:42.747+0000][5.273s][info][gc,metaspace] GC(27) Metaspace: 40317K(41152K)->40317K(41152K) NonClass: 35179K(35648K)->35179K(35648K) Class: 5137K(5504K)->5137K(5504K)
[2026-07-01T02:15:42.747+0000][5.273s][info][gc          ] GC(27) Pause Young (Mixed) (G1 Evacuation Pause) 180M->159M(239M) 6.342ms
[2026-07-01T02:15:42.747+0000][5.273s][info][gc,cpu      ] GC(27) User=0.01s Sys=0.00s Real=0.00s
[2026-07-01T02:15:43.630+0000][6.157s][info][gc,start    ] GC(28) Pause Young (Concurrent Start) (G1 Evacuation Pause)
[2026-07-01T02:15:43.631+0000][6.157s][info][gc,task     ] GC(28) Using 2 workers of 2 for evacuation
[2026-07-01T02:15:43.634+0000][6.161s][info][gc,phases   ] GC(28)   Pre Evacuate Collection Set: 0.15ms
[2026-07-01T02:15:43.634+0000][6.161s][info][gc,phases   ] GC(28)   Merge Heap Roots: 0.08ms
[2026-07-01T02:15:43.634+0000][6.161s][info][gc,phases   ] GC(28)   Evacuate Collection Set: 3.23ms
[2026-07-01T02:15:43.634+0000][6.161s][info][gc,phases   ] GC(28)   Post Evacuate Collection Set: 0.30ms
[2026-07-01T02:15:43.634+0000][6.161s][info][gc,phases   ] GC(28)   Other: 0.08ms
[2026-07-01T02:15:43.634+0000][6.161s][info][gc,heap     ] GC(28) Eden regions: 29->0(32)
[2026-07-01T02:15:43.634+0000][6.161s][info][gc,heap     ] GC(28) Survivor regions: 4->1(5)
[2026-07-01T02:15:43.634+0000][6.161s][info][gc,heap     ] GC(28) Old regions: 152->157
[2026-07-01T02:15:43.634+0000][6.161s][info][gc,heap     ] GC(28) Humongous regions: 3->3
[2026-07-01T02:15:43.634+0000][6.161s][info][gc,metaspace] GC(28) Metaspace: 40413K(41216K)->40413K(41216K) NonClass: 35272K(35712K)->35272K(35712K) Class: 5141K(5504K)->5141K(5504K)
[2026-07-01T02:15:43.634+0000][6.161s][info][gc          ] GC(28) Pause Young (Concurrent Start) (G1 Evacuation Pause) 188M->160M(239M) 3.982ms
[2026-07-01T02:15:43.634+0000][6.161s][info][gc,cpu      ] GC(28) User=0.00s Sys=0.01s Real=0.00s
[2026-07-01T02:15:43.634+0000][6.161s][info][gc          ] GC(29) Concurrent Mark Cycle
[2026-07-01T02:15:43.634+0000][6.161s][info][gc,marking  ] GC(29) Concurrent Scan Root Regions
[2026-07-01T02:15:43.645+0000][6.172s][info][gc,marking  ] GC(29) Concurrent Scan Root Regions 10.964ms
[2026-07-01T02:15:43.645+0000][6.172s][info][gc,marking  ] GC(29) Concurrent Mark
[2026-07-01T02:15:43.645+0000][6.172s][info][gc,marking  ] GC(29) Concurrent Mark From Roots
[2026-07-01T02:15:43.645+0000][6.172s][info][gc,task     ] GC(29) Using 1 workers of 1 for marking
[2026-07-01T02:15:44.668+0000][7.194s][info][gc,start    ] GC(30) Pause Young (Normal) (G1 Evacuation Pause)
[2026-07-01T02:15:44.668+0000][7.194s][info][gc,task     ] GC(30) Using 2 workers of 2 for evacuation
[2026-07-01T02:15:44.672+0000][7.198s][info][gc,phases   ] GC(30)   Pre Evacuate Collection Set: 0.14ms
[2026-07-01T02:15:44.672+0000][7.198s][info][gc,phases   ] GC(30)   Merge Heap Roots: 0.10ms
[2026-07-01T02:15:44.672+0000][7.198s][info][gc,phases   ] GC(30)   Evacuate Collection Set: 2.72ms
[2026-07-01T02:15:44.672+0000][7.198s][info][gc,phases   ] GC(30)   Post Evacuate Collection Set: 0.26ms
[2026-07-01T02:15:44.672+0000][7.198s][info][gc,phases   ] GC(30)   Other: 0.05ms
[2026-07-01T02:15:44.672+0000][7.198s][info][gc,heap     ] GC(30) Eden regions: 32->0(36)
[2026-07-01T02:15:44.672+0000][7.198s][info][gc,heap     ] GC(30) Survivor regions: 1->1(5)
[2026-07-01T02:15:44.672+0000][7.198s][info][gc,heap     ] GC(30) Old regions: 157->157
[2026-07-01T02:15:44.672+0000][7.198s][info][gc,heap     ] GC(30) Humongous regions: 3->3
[2026-07-01T02:15:44.672+0000][7.198s][info][gc,metaspace] GC(30) Metaspace: 40568K(41408K)->40568K(41408K) NonClass: 35427K(35904K)->35427K(35904K) Class: 5141K(5504K)->5141K(5504K)
[2026-07-01T02:15:44.672+0000][7.198s][info][gc          ] GC(30) Pause Young (Normal) (G1 Evacuation Pause) 192M->160M(239M) 3.405ms
[2026-07-01T02:15:44.672+0000][7.198s][info][gc,cpu      ] GC(30) User=0.01s Sys=0.00s Real=0.00s
[2026-07-01T02:15:45.322+0000][7.848s][info][gc,marking  ] GC(29) Concurrent Mark From Roots 1676.790ms
[2026-07-01T02:15:45.322+0000][7.848s][info][gc,marking  ] GC(29) Concurrent Preclean
[2026-07-01T02:15:45.322+0000][7.849s][info][gc,marking  ] GC(29) Concurrent Preclean 0.072ms
[2026-07-01T02:15:45.323+0000][7.849s][info][gc,start    ] GC(29) Pause Remark
[2026-07-01T02:15:45.330+0000][7.856s][info][gc          ] GC(29) Pause Remark 184M->184M(269M) 7.595ms
[2026-07-01T02:15:45.330+0000][7.856s][info][gc,cpu      ] GC(29) User=0.01s Sys=0.00s Real=0.01s
[2026-07-01T02:15:45.336+0000][7.862s][info][gc,marking  ] GC(29) Concurrent Mark 1690.265ms
[2026-07-01T02:15:45.336+0000][7.862s][info][gc,marking  ] GC(29) Concurrent Rebuild Remembered Sets and Scrub Regions
[2026-07-01T02:15:45.642+0000][8.168s][info][gc,start    ] GC(31) Pause Young (Normal) (G1 Evacuation Pause)
[2026-07-01T02:15:45.642+0000][8.168s][info][gc,task     ] GC(31) Using 2 workers of 2 for evacuation
[2026-07-01T02:15:45.647+0000][8.173s][info][gc,phases   ] GC(31)   Pre Evacuate Collection Set: 0.14ms
[2026-07-01T02:15:45.647+0000][8.173s][info][gc,phases   ] GC(31)   Merge Heap Roots: 0.13ms
[2026-07-01T02:15:45.647+0000][8.173s][info][gc,phases   ] GC(31)   Evacuate Collection Set: 4.10ms
[2026-07-01T02:15:45.647+0000][8.173s][info][gc,phases   ] GC(31)   Post Evacuate Collection Set: 0.34ms
[2026-07-01T02:15:45.647+0000][8.173s][info][gc,phases   ] GC(31)   Other: 0.10ms
[2026-07-01T02:15:45.647+0000][8.173s][info][gc,heap     ] GC(31) Eden regions: 36->0(51)
[2026-07-01T02:15:45.647+0000][8.173s][info][gc,heap     ] GC(31) Survivor regions: 1->1(5)
[2026-07-01T02:15:45.647+0000][8.173s][info][gc,heap     ] GC(31) Old regions: 157->157
[2026-07-01T02:15:45.647+0000][8.173s][info][gc,heap     ] GC(31) Humongous regions: 3->3
[2026-07-01T02:15:45.647+0000][8.173s][info][gc,metaspace] GC(31) Metaspace: 40815K(41664K)->40815K(41664K) NonClass: 35679K(36160K)->35679K(36160K) Class: 5136K(5504K)->5136K(5504K)
[2026-07-01T02:15:45.647+0000][8.173s][info][gc          ] GC(31) Pause Young (Normal) (G1 Evacuation Pause) 196M->160M(269M) 5.006ms
[2026-07-01T02:15:45.647+0000][8.173s][info][gc,cpu      ] GC(31) User=0.01s Sys=0.00s Real=0.00s
[2026-07-01T02:15:46.143+0000][8.669s][info][gc,marking  ] GC(29) Concurrent Rebuild Remembered Sets and Scrub Regions 807.538ms
[2026-07-01T02:15:46.146+0000][8.672s][info][gc,start    ] GC(29) Pause Cleanup
[2026-07-01T02:15:46.146+0000][8.673s][info][gc          ] GC(29) Pause Cleanup 179M->179M(269M) 0.176ms
[2026-07-01T02:15:46.146+0000][8.673s][info][gc,cpu      ] GC(29) User=0.00s Sys=0.00s Real=0.00s
[2026-07-01T02:15:46.148+0000][8.674s][info][gc,marking  ] GC(29) Concurrent Clear Claimed Marks
[2026-07-01T02:15:46.148+0000][8.674s][info][gc,marking  ] GC(29) Concurrent Clear Claimed Marks 0.112ms
[2026-07-01T02:15:46.148+0000][8.674s][info][gc,marking  ] GC(29) Concurrent Cleanup for Next Mark
[2026-07-01T02:15:46.152+0000][8.678s][info][gc,marking  ] GC(29) Concurrent Cleanup for Next Mark 3.292ms
[2026-07-01T02:15:46.152+0000][8.678s][info][gc          ] GC(29) Concurrent Mark Cycle 2517.063ms
[2026-07-01T02:15:46.840+0000][9.366s][info][gc,start    ] GC(32) Pause Young (Prepare Mixed) (G1 Evacuation Pause)
[2026-07-01T02:15:46.840+0000][9.366s][info][gc,task     ] GC(32) Using 2 workers of 2 for evacuation
[2026-07-01T02:15:46.845+0000][9.371s][info][gc,phases   ] GC(32)   Pre Evacuate Collection Set: 0.24ms
[2026-07-01T02:15:46.845+0000][9.371s][info][gc,phases   ] GC(32)   Merge Heap Roots: 0.12ms
[2026-07-01T02:15:46.845+0000][9.371s][info][gc,phases   ] GC(32)   Evacuate Collection Set: 3.97ms
[2026-07-01T02:15:46.845+0000][9.371s][info][gc,phases   ] GC(32)   Post Evacuate Collection Set: 0.35ms
[2026-07-01T02:15:46.845+0000][9.371s][info][gc,phases   ] GC(32)   Other: 0.06ms
[2026-07-01T02:15:46.845+0000][9.371s][info][gc,heap     ] GC(32) Eden regions: 51->0(56)
[2026-07-01T02:15:46.845+0000][9.371s][info][gc,heap     ] GC(32) Survivor regions: 1->1(7)
[2026-07-01T02:15:46.845+0000][9.371s][info][gc,heap     ] GC(32) Old regions: 157->157
[2026-07-01T02:15:46.845+0000][9.371s][info][gc,heap     ] GC(32) Humongous regions: 3->3
[2026-07-01T02:15:46.845+0000][9.371s][info][gc,metaspace] GC(32) Metaspace: 40979K(41792K)->40979K(41792K) NonClass: 35843K(36288K)->35843K(36288K) Class: 5136K(5504K)->5136K(5504K)
[2026-07-01T02:15:46.845+0000][9.371s][info][gc          ] GC(32) Pause Young (Prepare Mixed) (G1 Evacuation Pause) 211M->160M(269M) 4.890ms
[2026-07-01T02:15:46.845+0000][9.371s][info][gc,cpu      ] GC(32) User=0.00s Sys=0.00s Real=0.00s
[2026-07-01T02:15:47.977+0000][10.503s][info][gc,start    ] GC(33) Pause Young (Mixed) (G1 Evacuation Pause)
[2026-07-01T02:15:47.977+0000][10.503s][info][gc,task     ] GC(33) Using 2 workers of 2 for evacuation
[2026-07-01T02:15:47.982+0000][10.508s][info][gc,phases   ] GC(33)   Pre Evacuate Collection Set: 0.16ms
[2026-07-01T02:15:47.982+0000][10.508s][info][gc,phases   ] GC(33)   Merge Heap Roots: 0.12ms
[2026-07-01T02:15:47.982+0000][10.508s][info][gc,phases   ] GC(33)   Evacuate Collection Set: 4.32ms
[2026-07-01T02:15:47.982+0000][10.508s][info][gc,phases   ] GC(33)   Post Evacuate Collection Set: 0.26ms
[2026-07-01T02:15:47.982+0000][10.508s][info][gc,phases   ] GC(33)   Other: 0.04ms
[2026-07-01T02:15:47.982+0000][10.508s][info][gc,heap     ] GC(33) Eden regions: 56->0(61)
[2026-07-01T02:15:47.982+0000][10.508s][info][gc,heap     ] GC(33) Survivor regions: 1->2(8)
[2026-07-01T02:15:47.982+0000][10.508s][info][gc,heap     ] GC(33) Old regions: 157->156
[2026-07-01T02:15:47.982+0000][10.508s][info][gc,heap     ] GC(33) Humongous regions: 3->3
[2026-07-01T02:15:47.982+0000][10.508s][info][gc,metaspace] GC(33) Metaspace: 41104K(41856K)->41104K(41856K) NonClass: 35966K(36352K)->35966K(36352K) Class: 5137K(5504K)->5137K(5504K)
[2026-07-01T02:15:47.982+0000][10.508s][info][gc          ] GC(33) Pause Young (Mixed) (G1 Evacuation Pause) 216M->160M(269M) 5.025ms
[2026-07-01T02:15:47.982+0000][10.508s][info][gc,cpu      ] GC(33) User=0.01s Sys=0.00s Real=0.01s
[2026-07-01T02:15:49.036+0000][11.562s][info][gc,start    ] GC(34) Pause Young (Concurrent Start) (G1 Evacuation Pause)
[2026-07-01T02:15:49.036+0000][11.563s][info][gc,task     ] GC(34) Using 2 workers of 2 for evacuation
[2026-07-01T02:15:49.050+0000][11.576s][info][gc,phases   ] GC(34)   Pre Evacuate Collection Set: 0.18ms
[2026-07-01T02:15:49.050+0000][11.576s][info][gc,phases   ] GC(34)   Merge Heap Roots: 0.16ms
[2026-07-01T02:15:49.050+0000][11.576s][info][gc,phases   ] GC(34)   Evacuate Collection Set: 12.30ms
[2026-07-01T02:15:49.050+0000][11.576s][info][gc,phases   ] GC(34)   Post Evacuate Collection Set: 0.61ms
[2026-07-01T02:15:49.050+0000][11.576s][info][gc,phases   ] GC(34)   Other: 0.11ms
[2026-07-01T02:15:49.050+0000][11.576s][info][gc,heap     ] GC(34) Eden regions: 61->0(73)
[2026-07-01T02:15:49.050+0000][11.576s][info][gc,heap     ] GC(34) Survivor regions: 2->4(8)
[2026-07-01T02:15:49.050+0000][11.576s][info][gc,heap     ] GC(34) Old regions: 156->156
[2026-07-01T02:15:49.050+0000][11.576s][info][gc,heap     ] GC(34) Humongous regions: 3->3
[2026-07-01T02:15:49.050+0000][11.576s][info][gc,metaspace] GC(34) Metaspace: 41280K(42112K)->41280K(42112K) NonClass: 36143K(36608K)->36143K(36608K) Class: 5137K(5504K)->5137K(5504K)
[2026-07-01T02:15:49.050+0000][11.576s][info][gc          ] GC(34) Pause Young (Concurrent Start) (G1 Evacuation Pause) 221M->161M(269M) 13.530ms
[2026-07-01T02:15:49.050+0000][11.576s][info][gc          ] GC(35) Concurrent Mark Cycle
[2026-07-01T02:15:49.050+0000][11.576s][info][gc,marking  ] GC(35) Concurrent Scan Root Regions
[2026-07-01T02:15:49.050+0000][11.576s][info][gc,cpu      ] GC(34) User=0.01s Sys=0.00s Real=0.02s
[2026-07-01T02:15:49.069+0000][11.595s][info][gc,marking  ] GC(35) Concurrent Scan Root Regions 19.213ms
[2026-07-01T02:15:49.069+0000][11.595s][info][gc,marking  ] GC(35) Concurrent Mark
[2026-07-01T02:15:49.069+0000][11.595s][info][gc,marking  ] GC(35) Concurrent Mark From Roots
[2026-07-01T02:15:49.072+0000][11.598s][info][gc,task     ] GC(35) Using 1 workers of 1 for marking
[2026-07-01T02:15:49.941+0000][12.467s][info][gc,marking  ] GC(35) Concurrent Mark From Roots 871.995ms
[2026-07-01T02:15:49.941+0000][12.467s][info][gc,marking  ] GC(35) Concurrent Preclean
[2026-07-01T02:15:49.941+0000][12.467s][info][gc,marking  ] GC(35) Concurrent Preclean 0.079ms
[2026-07-01T02:15:49.944+0000][12.470s][info][gc,start    ] GC(35) Pause Remark
[2026-07-01T02:15:49.951+0000][12.477s][info][gc          ] GC(35) Pause Remark 218M->218M(272M) 6.726ms
[2026-07-01T02:15:49.951+0000][12.477s][info][gc,cpu      ] GC(35) User=0.02s Sys=0.00s Real=0.01s
[2026-07-01T02:15:49.957+0000][12.483s][info][gc,marking  ] GC(35) Concurrent Mark 888.019ms
[2026-07-01T02:15:49.957+0000][12.483s][info][gc,marking  ] GC(35) Concurrent Rebuild Remembered Sets and Scrub Regions
[2026-07-01T02:15:50.241+0000][12.767s][info][gc,marking  ] GC(35) Concurrent Rebuild Remembered Sets and Scrub Regions 284.036ms
[2026-07-01T02:15:50.241+0000][12.768s][info][gc,start    ] GC(35) Pause Cleanup
[2026-07-01T02:15:50.242+0000][12.768s][info][gc          ] GC(35) Pause Cleanup 234M->234M(272M) 0.431ms
[2026-07-01T02:15:50.242+0000][12.768s][info][gc,cpu      ] GC(35) User=0.00s Sys=0.00s Real=0.00s
[2026-07-01T02:15:50.243+0000][12.769s][info][gc,marking  ] GC(35) Concurrent Clear Claimed Marks
[2026-07-01T02:15:50.243+0000][12.769s][info][gc,marking  ] GC(35) Concurrent Clear Claimed Marks 0.092ms
[2026-07-01T02:15:50.243+0000][12.769s][info][gc,marking  ] GC(35) Concurrent Cleanup for Next Mark
[2026-07-01T02:15:50.243+0000][12.769s][info][gc,marking  ] GC(35) Concurrent Cleanup for Next Mark 0.541ms
[2026-07-01T02:15:50.243+0000][12.769s][info][gc          ] GC(35) Concurrent Mark Cycle 1193.344ms
[2026-07-01T02:15:50.268+0000][12.794s][info][gc,start    ] GC(36) Pause Young (Prepare Mixed) (G1 Evacuation Pause)
[2026-07-01T02:15:50.268+0000][12.794s][info][gc,task     ] GC(36) Using 2 workers of 2 for evacuation
[2026-07-01T02:15:50.275+0000][12.801s][info][gc,phases   ] GC(36)   Pre Evacuate Collection Set: 0.21ms
[2026-07-01T02:15:50.275+0000][12.801s][info][gc,phases   ] GC(36)   Merge Heap Roots: 0.17ms
[2026-07-01T02:15:50.275+0000][12.801s][info][gc,phases   ] GC(36)   Evacuate Collection Set: 6.02ms
[2026-07-01T02:15:50.275+0000][12.801s][info][gc,phases   ] GC(36)   Post Evacuate Collection Set: 0.44ms
[2026-07-01T02:15:50.275+0000][12.801s][info][gc,phases   ] GC(36)   Other: 0.07ms
[2026-07-01T02:15:50.275+0000][12.801s][info][gc,heap     ] GC(36) Eden regions: 73->0(82)
[2026-07-01T02:15:50.275+0000][12.801s][info][gc,heap     ] GC(36) Survivor regions: 4->4(10)
[2026-07-01T02:15:50.275+0000][12.801s][info][gc,heap     ] GC(36) Old regions: 156->156
[2026-07-01T02:15:50.275+0000][12.801s][info][gc,heap     ] GC(36) Humongous regions: 3->3
[2026-07-01T02:15:50.275+0000][12.801s][info][gc,metaspace] GC(36) Metaspace: 41417K(42240K)->41417K(42240K) NonClass: 36277K(36736K)->36277K(36736K) Class: 5139K(5504K)->5139K(5504K)
[2026-07-01T02:15:50.275+0000][12.801s][info][gc          ] GC(36) Pause Young (Prepare Mixed) (G1 Evacuation Pause) 234M->161M(272M) 7.105ms
[2026-07-01T02:15:50.275+0000][12.801s][info][gc,cpu      ] GC(36) User=0.01s Sys=0.00s Real=0.01s
[2026-07-01T02:15:51.166+0000][13.692s][info][gc,start    ] GC(37) Pause Young (Mixed) (G1 Evacuation Pause)
[2026-07-01T02:15:51.166+0000][13.692s][info][gc,task     ] GC(37) Using 2 workers of 2 for evacuation
[2026-07-01T02:15:51.175+0000][13.701s][info][gc,phases   ] GC(37)   Pre Evacuate Collection Set: 0.15ms
[2026-07-01T02:15:51.175+0000][13.701s][info][gc,phases   ] GC(37)   Merge Heap Roots: 0.12ms
[2026-07-01T02:15:51.175+0000][13.701s][info][gc,phases   ] GC(37)   Evacuate Collection Set: 8.36ms
[2026-07-01T02:15:51.175+0000][13.701s][info][gc,phases   ] GC(37)   Post Evacuate Collection Set: 0.47ms
[2026-07-01T02:15:51.175+0000][13.701s][info][gc,phases   ] GC(37)   Other: 0.05ms
[2026-07-01T02:15:51.175+0000][13.701s][info][gc,heap     ] GC(37) Eden regions: 82->0(88)
[2026-07-01T02:15:51.175+0000][13.701s][info][gc,heap     ] GC(37) Survivor regions: 4->4(11)
[2026-07-01T02:15:51.175+0000][13.701s][info][gc,heap     ] GC(37) Old regions: 156->155
[2026-07-01T02:15:51.175+0000][13.701s][info][gc,heap     ] GC(37) Humongous regions: 3->3
[2026-07-01T02:15:51.175+0000][13.701s][info][gc,metaspace] GC(37) Metaspace: 41525K(42304K)->41525K(42304K) NonClass: 36385K(36800K)->36385K(36800K) Class: 5139K(5504K)->5139K(5504K)
[2026-07-01T02:15:51.175+0000][13.701s][info][gc          ] GC(37) Pause Young (Mixed) (G1 Evacuation Pause) 243M->160M(272M) 9.293ms
[2026-07-01T02:15:51.175+0000][13.701s][info][gc,cpu      ] GC(37) User=0.03s Sys=0.00s Real=0.01s
[2026-07-01T02:15:52.218+0000][14.744s][info][gc,start    ] GC(38) Pause Young (Concurrent Start) (G1 Evacuation Pause)
[2026-07-01T02:15:52.218+0000][14.744s][info][gc,task     ] GC(38) Using 2 workers of 2 for evacuation
[2026-07-01T02:15:52.227+0000][14.753s][info][gc,phases   ] GC(38)   Pre Evacuate Collection Set: 0.16ms
[2026-07-01T02:15:52.227+0000][14.753s][info][gc,phases   ] GC(38)   Merge Heap Roots: 0.15ms
[2026-07-01T02:15:52.227+0000][14.753s][info][gc,phases   ] GC(38)   Evacuate Collection Set: 8.00ms
[2026-07-01T02:15:52.227+0000][14.753s][info][gc,phases   ] GC(38)   Post Evacuate Collection Set: 0.50ms
[2026-07-01T02:15:52.227+0000][14.753s][info][gc,phases   ] GC(38)   Other: 0.09ms
[2026-07-01T02:15:52.227+0000][14.753s][info][gc,heap     ] GC(38) Eden regions: 88->0(91)
[2026-07-01T02:15:52.227+0000][14.753s][info][gc,heap     ] GC(38) Survivor regions: 4->4(12)
[2026-07-01T02:15:52.227+0000][14.753s][info][gc,heap     ] GC(38) Old regions: 155->155
[2026-07-01T02:15:52.227+0000][14.753s][info][gc,heap     ] GC(38) Humongous regions: 3->3
[2026-07-01T02:15:52.227+0000][14.753s][info][gc,metaspace] GC(38) Metaspace: 41548K(42368K)->41548K(42368K) NonClass: 36408K(36864K)->36408K(36864K) Class: 5139K(5504K)->5139K(5504K)
[2026-07-01T02:15:52.227+0000][14.753s][info][gc          ] GC(38) Pause Young (Concurrent Start) (G1 Evacuation Pause) 248M->161M(272M) 9.032ms
[2026-07-01T02:15:52.227+0000][14.753s][info][gc          ] GC(39) Concurrent Mark Cycle
[2026-07-01T02:15:52.227+0000][14.753s][info][gc,marking  ] GC(39) Concurrent Scan Root Regions
[2026-07-01T02:15:52.227+0000][14.753s][info][gc,cpu      ] GC(38) User=0.02s Sys=0.01s Real=0.00s
[2026-07-01T02:15:52.254+0000][14.780s][info][gc,marking  ] GC(39) Concurrent Scan Root Regions 26.587ms
[2026-07-01T02:15:52.254+0000][14.780s][info][gc,marking  ] GC(39) Concurrent Mark
[2026-07-01T02:15:52.254+0000][14.780s][info][gc,marking  ] GC(39) Concurrent Mark From Roots
[2026-07-01T02:15:52.254+0000][14.780s][info][gc,task     ] GC(39) Using 1 workers of 1 for marking
[2026-07-01T02:15:53.234+0000][15.760s][info][gc,marking  ] GC(39) Concurrent Mark From Roots 980.182ms
[2026-07-01T02:15:53.234+0000][15.760s][info][gc,marking  ] GC(39) Concurrent Preclean
[2026-07-01T02:15:53.234+0000][15.760s][info][gc,marking  ] GC(39) Concurrent Preclean 0.071ms
[2026-07-01T02:15:53.234+0000][15.760s][info][gc,start    ] GC(39) Pause Remark
[2026-07-01T02:15:53.247+0000][15.773s][info][gc          ] GC(39) Pause Remark 235M->235M(272M) 12.777ms
[2026-07-01T02:15:53.247+0000][15.773s][info][gc,cpu      ] GC(39) User=0.01s Sys=0.00s Real=0.01s
[2026-07-01T02:15:53.250+0000][15.777s][info][gc,marking  ] GC(39) Concurrent Mark 996.481ms
[2026-07-01T02:15:53.250+0000][15.777s][info][gc,marking  ] GC(39) Concurrent Rebuild Remembered Sets and Scrub Regions
[2026-07-01T02:15:53.452+0000][15.978s][info][gc,start    ] GC(40) Pause Young (Normal) (G1 Evacuation Pause)
[2026-07-01T02:15:53.452+0000][15.978s][info][gc,task     ] GC(40) Using 2 workers of 2 for evacuation
[2026-07-01T02:15:53.463+0000][15.989s][info][gc,phases   ] GC(40)   Pre Evacuate Collection Set: 0.21ms
[2026-07-01T02:15:53.463+0000][15.989s][info][gc,phases   ] GC(40)   Merge Heap Roots: 0.27ms
[2026-07-01T02:15:53.463+0000][15.989s][info][gc,phases   ] GC(40)   Evacuate Collection Set: 9.66ms
[2026-07-01T02:15:53.463+0000][15.989s][info][gc,phases   ] GC(40)   Post Evacuate Collection Set: 0.54ms
[2026-07-01T02:15:53.463+0000][15.989s][info][gc,phases   ] GC(40)   Other: 0.14ms
[2026-07-01T02:15:53.463+0000][15.989s][info][gc,heap     ] GC(40) Eden regions: 91->0(94)
[2026-07-01T02:15:53.463+0000][15.989s][info][gc,heap     ] GC(40) Survivor regions: 4->5(12)
[2026-07-01T02:15:53.463+0000][15.989s][info][gc,heap     ] GC(40) Old regions: 155->155
[2026-07-01T02:15:53.463+0000][15.989s][info][gc,heap     ] GC(40) Humongous regions: 3->3
[2026-07-01T02:15:53.463+0000][15.989s][info][gc,metaspace] GC(40) Metaspace: 41558K(42368K)->41558K(42368K) NonClass: 36418K(36864K)->36418K(36864K) Class: 5139K(5504K)->5139K(5504K)
[2026-07-01T02:15:53.463+0000][15.989s][info][gc          ] GC(40) Pause Young (Normal) (G1 Evacuation Pause) 252M->161M(272M) 10.976ms
[2026-07-01T02:15:53.463+0000][15.989s][info][gc,cpu      ] GC(40) User=0.02s Sys=0.00s Real=0.01s
[2026-07-01T02:15:53.526+0000][16.052s][info][gc,marking  ] GC(39) Concurrent Rebuild Remembered Sets and Scrub Regions 275.695ms
[2026-07-01T02:15:53.528+0000][16.054s][info][gc,start    ] GC(39) Pause Cleanup
[2026-07-01T02:15:53.528+0000][16.054s][info][gc          ] GC(39) Pause Cleanup 168M->168M(272M) 0.158ms
[2026-07-01T02:15:53.528+0000][16.054s][info][gc,cpu      ] GC(39) User=0.00s Sys=0.00s Real=0.00s
[2026-07-01T02:15:53.529+0000][16.055s][info][gc,marking  ] GC(39) Concurrent Clear Claimed Marks
[2026-07-01T02:15:53.529+0000][16.055s][info][gc,marking  ] GC(39) Concurrent Clear Claimed Marks 0.098ms
[2026-07-01T02:15:53.529+0000][16.055s][info][gc,marking  ] GC(39) Concurrent Cleanup for Next Mark
[2026-07-01T02:15:53.529+0000][16.055s][info][gc,marking  ] GC(39) Concurrent Cleanup for Next Mark 0.485ms
[2026-07-01T02:15:53.529+0000][16.055s][info][gc          ] GC(39) Concurrent Mark Cycle 1301.867ms
[2026-07-01T02:15:54.383+0000][16.909s][info][gc,start    ] GC(41) Pause Young (Prepare Mixed) (G1 Evacuation Pause)
[2026-07-01T02:15:54.383+0000][16.909s][info][gc,task     ] GC(41) Using 2 workers of 2 for evacuation
[2026-07-01T02:15:54.391+0000][16.917s][info][gc,phases   ] GC(41)   Pre Evacuate Collection Set: 0.14ms
[2026-07-01T02:15:54.391+0000][16.917s][info][gc,phases   ] GC(41)   Merge Heap Roots: 0.18ms
[2026-07-01T02:15:54.391+0000][16.917s][info][gc,phases   ] GC(41)   Evacuate Collection Set: 7.47ms
[2026-07-01T02:15:54.391+0000][16.917s][info][gc,phases   ] GC(41)   Post Evacuate Collection Set: 0.43ms
[2026-07-01T02:15:54.391+0000][16.917s][info][gc,phases   ] GC(41)   Other: 0.05ms
[2026-07-01T02:15:54.391+0000][16.917s][info][gc,heap     ] GC(41) Eden regions: 94->0(94)
[2026-07-01T02:15:54.391+0000][16.917s][info][gc,heap     ] GC(41) Survivor regions: 5->5(13)
[2026-07-01T02:15:54.391+0000][16.917s][info][gc,heap     ] GC(41) Old regions: 155->155
[2026-07-01T02:15:54.391+0000][16.917s][info][gc,heap     ] GC(41) Humongous regions: 3->3
[2026-07-01T02:15:54.391+0000][16.917s][info][gc,metaspace] GC(41) Metaspace: 41591K(42368K)->41591K(42368K) NonClass: 36451K(36864K)->36451K(36864K) Class: 5139K(5504K)->5139K(5504K)
[2026-07-01T02:15:54.391+0000][16.917s][info][gc          ] GC(41) Pause Young (Prepare Mixed) (G1 Evacuation Pause) 255M->161M(272M) 8.420ms
[2026-07-01T02:15:54.391+0000][16.917s][info][gc,cpu      ] GC(41) User=0.02s Sys=0.00s Real=0.01s
[2026-07-01T02:15:55.522+0000][18.048s][info][gc,start    ] GC(42) Pause Young (Mixed) (G1 Evacuation Pause)
[2026-07-01T02:15:55.522+0000][18.048s][info][gc,task     ] GC(42) Using 2 workers of 2 for evacuation
[2026-07-01T02:15:55.531+0000][18.057s][info][gc,phases   ] GC(42)   Pre Evacuate Collection Set: 0.16ms
[2026-07-01T02:15:55.531+0000][18.057s][info][gc,phases   ] GC(42)   Merge Heap Roots: 0.30ms
[2026-07-01T02:15:55.531+0000][18.057s][info][gc,phases   ] GC(42)   Evacuate Collection Set: 8.52ms
[2026-07-01T02:15:55.531+0000][18.057s][info][gc,phases   ] GC(42)   Post Evacuate Collection Set: 0.41ms
[2026-07-01T02:15:55.531+0000][18.057s][info][gc,phases   ] GC(42)   Other: 0.09ms
[2026-07-01T02:15:55.531+0000][18.057s][info][gc,heap     ] GC(42) Eden regions: 94->0(95)
[2026-07-01T02:15:55.531+0000][18.057s][info][gc,heap     ] GC(42) Survivor regions: 5->5(13)
[2026-07-01T02:15:55.531+0000][18.058s][info][gc,heap     ] GC(42) Old regions: 155->154
[2026-07-01T02:15:55.531+0000][18.058s][info][gc,heap     ] GC(42) Humongous regions: 3->3
[2026-07-01T02:15:55.531+0000][18.058s][info][gc,metaspace] GC(42) Metaspace: 41591K(42368K)->41591K(42368K) NonClass: 36451K(36864K)->36451K(36864K) Class: 5139K(5504K)->5139K(5504K)
[2026-07-01T02:15:55.531+0000][18.058s][info][gc          ] GC(42) Pause Young (Mixed) (G1 Evacuation Pause) 255M->161M(272M) 9.624ms
[2026-07-01T02:15:55.531+0000][18.058s][info][gc,cpu      ] GC(42) User=0.02s Sys=0.00s Real=0.01s
[2026-07-01T02:15:56.471+0000][18.997s][info][gc,start    ] GC(43) Pause Young (Concurrent Start) (G1 Evacuation Pause)
[2026-07-01T02:15:56.471+0000][18.997s][info][gc,task     ] GC(43) Using 2 workers of 2 for evacuation
[2026-07-01T02:15:56.484+0000][19.010s][info][gc,phases   ] GC(43)   Pre Evacuate Collection Set: 1.00ms
[2026-07-01T02:15:56.484+0000][19.010s][info][gc,phases   ] GC(43)   Merge Heap Roots: 0.18ms
[2026-07-01T02:15:56.484+0000][19.010s][info][gc,phases   ] GC(43)   Evacuate Collection Set: 10.65ms
[2026-07-01T02:15:56.484+0000][19.010s][info][gc,phases   ] GC(43)   Post Evacuate Collection Set: 0.51ms
[2026-07-01T02:15:56.484+0000][19.010s][info][gc,phases   ] GC(43)   Other: 0.06ms
[2026-07-01T02:15:56.484+0000][19.010s][info][gc,heap     ] GC(43) Eden regions: 95->0(94)
[2026-07-01T02:15:56.484+0000][19.010s][info][gc,heap     ] GC(43) Survivor regions: 5->6(13)
[2026-07-01T02:15:56.484+0000][19.010s][info][gc,heap     ] GC(43) Old regions: 154->154
[2026-07-01T02:15:56.484+0000][19.010s][info][gc,heap     ] GC(43) Humongous regions: 3->3
[2026-07-01T02:15:56.484+0000][19.010s][info][gc,metaspace] GC(43) Metaspace: 41595K(42368K)->41595K(42368K) NonClass: 36456K(36864K)->36456K(36864K) Class: 5139K(5504K)->5139K(5504K)
[2026-07-01T02:15:56.484+0000][19.010s][info][gc          ] GC(43) Pause Young (Concurrent Start) (G1 Evacuation Pause) 256M->161M(272M) 12.552ms
[2026-07-01T02:15:56.484+0000][19.010s][info][gc          ] GC(44) Concurrent Mark Cycle
[2026-07-01T02:15:56.484+0000][19.010s][info][gc,cpu      ] GC(43) User=0.04s Sys=0.00s Real=0.01s
[2026-07-01T02:15:56.484+0000][19.010s][info][gc,marking  ] GC(44) Concurrent Scan Root Regions
[2026-07-01T02:15:56.529+0000][19.055s][info][gc,marking  ] GC(44) Concurrent Scan Root Regions 45.238ms
[2026-07-01T02:15:56.529+0000][19.055s][info][gc,marking  ] GC(44) Concurrent Mark
[2026-07-01T02:15:56.529+0000][19.055s][info][gc,marking  ] GC(44) Concurrent Mark From Roots
[2026-07-01T02:15:56.529+0000][19.055s][info][gc,task     ] GC(44) Using 1 workers of 1 for marking
[2026-07-01T02:15:57.376+0000][19.902s][info][gc,marking  ] GC(44) Concurrent Mark From Roots 846.486ms
[2026-07-01T02:15:57.376+0000][19.902s][info][gc,marking  ] GC(44) Concurrent Preclean
[2026-07-01T02:15:57.376+0000][19.902s][info][gc,marking  ] GC(44) Concurrent Preclean 0.078ms
[2026-07-01T02:15:57.383+0000][19.909s][info][gc,start    ] GC(44) Pause Remark
[2026-07-01T02:15:57.390+0000][19.916s][info][gc          ] GC(44) Pause Remark 221M->221M(272M) 7.184ms
[2026-07-01T02:15:57.390+0000][19.916s][info][gc,cpu      ] GC(44) User=0.01s Sys=0.00s Real=0.01s
[2026-07-01T02:15:57.415+0000][19.941s][info][gc,marking  ] GC(44) Concurrent Mark 886.326ms
[2026-07-01T02:15:57.415+0000][19.941s][info][gc,marking  ] GC(44) Concurrent Rebuild Remembered Sets and Scrub Regions
[2026-07-01T02:15:57.661+0000][20.187s][info][gc,marking  ] GC(44) Concurrent Rebuild Remembered Sets and Scrub Regions 245.494ms
[2026-07-01T02:15:57.661+0000][20.187s][info][gc,start    ] GC(44) Pause Cleanup
[2026-07-01T02:15:57.661+0000][20.187s][info][gc          ] GC(44) Pause Cleanup 244M->244M(272M) 0.172ms
[2026-07-01T02:15:57.661+0000][20.187s][info][gc,cpu      ] GC(44) User=0.00s Sys=0.00s Real=0.00s
[2026-07-01T02:15:57.661+0000][20.187s][info][gc,marking  ] GC(44) Concurrent Clear Claimed Marks
[2026-07-01T02:15:57.661+0000][20.187s][info][gc,marking  ] GC(44) Concurrent Clear Claimed Marks 0.087ms
[2026-07-01T02:15:57.661+0000][20.187s][info][gc,marking  ] GC(44) Concurrent Cleanup for Next Mark
[2026-07-01T02:15:57.662+0000][20.188s][info][gc,marking  ] GC(44) Concurrent Cleanup for Next Mark 1.027ms
[2026-07-01T02:15:57.662+0000][20.188s][info][gc          ] GC(44) Concurrent Mark Cycle 1178.661ms
[2026-07-01T02:15:57.814+0000][20.340s][info][gc,start    ] GC(45) Pause Young (Prepare Mixed) (G1 Evacuation Pause)
[2026-07-01T02:15:57.814+0000][20.340s][info][gc,task     ] GC(45) Using 2 workers of 2 for evacuation
[2026-07-01T02:15:57.824+0000][20.350s][info][gc,phases   ] GC(45)   Pre Evacuate Collection Set: 0.12ms
[2026-07-01T02:15:57.824+0000][20.350s][info][gc,phases   ] GC(45)   Merge Heap Roots: 0.27ms
[2026-07-01T02:15:57.824+0000][20.350s][info][gc,phases   ] GC(45)   Evacuate Collection Set: 8.94ms
[2026-07-01T02:15:57.824+0000][20.350s][info][gc,phases   ] GC(45)   Post Evacuate Collection Set: 0.56ms
[2026-07-01T02:15:57.824+0000][20.350s][info][gc,phases   ] GC(45)   Other: 0.04ms
[2026-07-01T02:15:57.824+0000][20.350s][info][gc,heap     ] GC(45) Eden regions: 94->0(94)
[2026-07-01T02:15:57.824+0000][20.350s][info][gc,heap     ] GC(45) Survivor regions: 6->6(13)
[2026-07-01T02:15:57.824+0000][20.350s][info][gc,heap     ] GC(45) Old regions: 154->154
[2026-07-01T02:15:57.824+0000][20.350s][info][gc,heap     ] GC(45) Humongous regions: 3->3
[2026-07-01T02:15:57.824+0000][20.350s][info][gc,metaspace] GC(45) Metaspace: 41602K(42368K)->41602K(42368K) NonClass: 36462K(36864K)->36462K(36864K) Class: 5139K(5504K)->5139K(5504K)
[2026-07-01T02:15:57.824+0000][20.350s][info][gc          ] GC(45) Pause Young (Prepare Mixed) (G1 Evacuation Pause) 255M->161M(272M) 10.068ms
[2026-07-01T02:15:57.824+0000][20.350s][info][gc,cpu      ] GC(45) User=0.02s Sys=0.00s Real=0.01s
[2026-07-01T02:15:58.730+0000][21.256s][info][gc,start    ] GC(46) Pause Young (Mixed) (G1 Evacuation Pause)
[2026-07-01T02:15:58.730+0000][21.256s][info][gc,task     ] GC(46) Using 2 workers of 2 for evacuation
[2026-07-01T02:15:58.743+0000][21.269s][info][gc,phases   ] GC(46)   Pre Evacuate Collection Set: 0.21ms
[2026-07-01T02:15:58.743+0000][21.269s][info][gc,phases   ] GC(46)   Merge Heap Roots: 0.38ms
[2026-07-01T02:15:58.743+0000][21.269s][info][gc,phases   ] GC(46)   Evacuate Collection Set: 11.72ms
[2026-07-01T02:15:58.743+0000][21.269s][info][gc,phases   ] GC(46)   Post Evacuate Collection Set: 0.56ms
[2026-07-01T02:15:58.743+0000][21.269s][info][gc,phases   ] GC(46)   Other: 0.04ms
[2026-07-01T02:15:58.743+0000][21.269s][info][gc,heap     ] GC(46) Eden regions: 94->0(95)
[2026-07-01T02:15:58.743+0000][21.269s][info][gc,heap     ] GC(46) Survivor regions: 6->6(13)
[2026-07-01T02:15:58.743+0000][21.269s][info][gc,heap     ] GC(46) Old regions: 154->153
[2026-07-01T02:15:58.743+0000][21.269s][info][gc,heap     ] GC(46) Humongous regions: 3->3
[2026-07-01T02:15:58.743+0000][21.269s][info][gc,metaspace] GC(46) Metaspace: 41610K(42368K)->41610K(42368K) NonClass: 36470K(36864K)->36470K(36864K) Class: 5139K(5504K)->5139K(5504K)
[2026-07-01T02:15:58.743+0000][21.269s][info][gc          ] GC(46) Pause Young (Mixed) (G1 Evacuation Pause) 255M->161M(272M) 13.021ms
[2026-07-01T02:15:58.743+0000][21.269s][info][gc,cpu      ] GC(46) User=0.03s Sys=0.00s Real=0.01s
[2026-07-01T02:15:59.766+0000][22.292s][info][gc,start    ] GC(47) Pause Young (Concurrent Start) (G1 Evacuation Pause)
[2026-07-01T02:15:59.766+0000][22.292s][info][gc,task     ] GC(47) Using 2 workers of 2 for evacuation
[2026-07-01T02:15:59.780+0000][22.306s][info][gc,phases   ] GC(47)   Pre Evacuate Collection Set: 0.21ms
[2026-07-01T02:15:59.780+0000][22.306s][info][gc,phases   ] GC(47)   Merge Heap Roots: 0.18ms
[2026-07-01T02:15:59.780+0000][22.306s][info][gc,phases   ] GC(47)   Evacuate Collection Set: 12.75ms
[2026-07-01T02:15:59.780+0000][22.306s][info][gc,phases   ] GC(47)   Post Evacuate Collection Set: 0.51ms
[2026-07-01T02:15:59.780+0000][22.306s][info][gc,phases   ] GC(47)   Other: 0.07ms
[2026-07-01T02:15:59.780+0000][22.306s][info][gc,heap     ] GC(47) Eden regions: 95->0(94)
[2026-07-01T02:15:59.780+0000][22.306s][info][gc,heap     ] GC(47) Survivor regions: 6->6(13)
[2026-07-01T02:15:59.780+0000][22.306s][info][gc,heap     ] GC(47) Old regions: 153->154
[2026-07-01T02:15:59.780+0000][22.306s][info][gc,heap     ] GC(47) Humongous regions: 3->3
[2026-07-01T02:15:59.780+0000][22.306s][info][gc,metaspace] GC(47) Metaspace: 41642K(42432K)->41642K(42432K) NonClass: 36502K(36928K)->36502K(36928K) Class: 5140K(5504K)->5140K(5504K)
[2026-07-01T02:15:59.780+0000][22.306s][info][gc          ] GC(47) Pause Young (Concurrent Start) (G1 Evacuation Pause) 256M->161M(272M) 13.926ms
[2026-07-01T02:15:59.780+0000][22.306s][info][gc          ] GC(48) Concurrent Mark Cycle
[2026-07-01T02:15:59.780+0000][22.306s][info][gc,marking  ] GC(48) Concurrent Scan Root Regions
[2026-07-01T02:15:59.780+0000][22.306s][info][gc,cpu      ] GC(47) User=0.02s Sys=0.00s Real=0.02s
[2026-07-01T02:15:59.817+0000][22.343s][info][gc,marking  ] GC(48) Concurrent Scan Root Regions 37.586ms
[2026-07-01T02:15:59.817+0000][22.344s][info][gc,marking  ] GC(48) Concurrent Mark
[2026-07-01T02:15:59.817+0000][22.344s][info][gc,marking  ] GC(48) Concurrent Mark From Roots
[2026-07-01T02:15:59.817+0000][22.344s][info][gc,task     ] GC(48) Using 1 workers of 1 for marking
[2026-07-01T02:16:00.858+0000][23.384s][info][gc,start    ] GC(49) Pause Young (Normal) (G1 Evacuation Pause)
[2026-07-01T02:16:00.858+0000][23.384s][info][gc,task     ] GC(49) Using 2 workers of 2 for evacuation
[2026-07-01T02:16:00.873+0000][23.399s][info][gc,phases   ] GC(49)   Pre Evacuate Collection Set: 0.15ms
[2026-07-01T02:16:00.873+0000][23.399s][info][gc,phases   ] GC(49)   Merge Heap Roots: 0.33ms
[2026-07-01T02:16:00.873+0000][23.399s][info][gc,phases   ] GC(49)   Evacuate Collection Set: 13.87ms
[2026-07-01T02:16:00.873+0000][23.399s][info][gc,phases   ] GC(49)   Post Evacuate Collection Set: 0.51ms
[2026-07-01T02:16:00.873+0000][23.399s][info][gc,phases   ] GC(49)   Other: 0.05ms
[2026-07-01T02:16:00.873+0000][23.399s][info][gc,heap     ] GC(49) Eden regions: 94->0(94)
[2026-07-01T02:16:00.873+0000][23.399s][info][gc,heap     ] GC(49) Survivor regions: 6->6(13)
[2026-07-01T02:16:00.873+0000][23.399s][info][gc,heap     ] GC(49) Old regions: 154->154
[2026-07-01T02:16:00.873+0000][23.399s][info][gc,heap     ] GC(49) Humongous regions: 3->3
[2026-07-01T02:16:00.873+0000][23.399s][info][gc,metaspace] GC(49) Metaspace: 41645K(42432K)->41645K(42432K) NonClass: 36505K(36928K)->36505K(36928K) Class: 5140K(5504K)->5140K(5504K)
[2026-07-01T02:16:00.873+0000][23.399s][info][gc          ] GC(49) Pause Young (Normal) (G1 Evacuation Pause) 255M->162M(272M) 15.061ms
[2026-07-01T02:16:00.873+0000][23.399s][info][gc,cpu      ] GC(49) User=0.03s Sys=0.00s Real=0.01s
[2026-07-01T02:16:00.926+0000][23.452s][info][gc,marking  ] GC(48) Concurrent Mark From Roots 1108.429ms
[2026-07-01T02:16:00.926+0000][23.452s][info][gc,marking  ] GC(48) Concurrent Preclean
[2026-07-01T02:16:00.926+0000][23.452s][info][gc,marking  ] GC(48) Concurrent Preclean 0.089ms
[2026-07-01T02:16:00.926+0000][23.452s][info][gc,start    ] GC(48) Pause Remark
[2026-07-01T02:16:00.934+0000][23.460s][info][gc          ] GC(48) Pause Remark 166M->166M(272M) 7.558ms
[2026-07-01T02:16:00.934+0000][23.460s][info][gc,cpu      ] GC(48) User=0.01s Sys=0.00s Real=0.01s
[2026-07-01T02:16:00.936+0000][23.462s][info][gc,marking  ] GC(48) Concurrent Mark 1118.729ms
[2026-07-01T02:16:00.936+0000][23.462s][info][gc,marking  ] GC(48) Concurrent Rebuild Remembered Sets and Scrub Regions
[2026-07-01T02:16:01.323+0000][23.849s][info][gc,marking  ] GC(48) Concurrent Rebuild Remembered Sets and Scrub Regions 386.840ms
[2026-07-01T02:16:01.325+0000][23.851s][info][gc,start    ] GC(48) Pause Cleanup
[2026-07-01T02:16:01.326+0000][23.852s][info][gc          ] GC(48) Pause Cleanup 202M->202M(272M) 0.388ms
[2026-07-01T02:16:01.326+0000][23.852s][info][gc,cpu      ] GC(48) User=0.00s Sys=0.00s Real=0.00s
[2026-07-01T02:16:01.328+0000][23.854s][info][gc,marking  ] GC(48) Concurrent Clear Claimed Marks
[2026-07-01T02:16:01.328+0000][23.854s][info][gc,marking  ] GC(48) Concurrent Clear Claimed Marks 0.093ms
[2026-07-01T02:16:01.328+0000][23.854s][info][gc,marking  ] GC(48) Concurrent Cleanup for Next Mark
[2026-07-01T02:16:01.329+0000][23.855s][info][gc,marking  ] GC(48) Concurrent Cleanup for Next Mark 1.566ms
[2026-07-01T02:16:01.329+0000][23.855s][info][gc          ] GC(48) Concurrent Mark Cycle 1549.511ms
[2026-07-01T02:16:01.833+0000][24.359s][info][gc,start    ] GC(50) Pause Young (Prepare Mixed) (G1 Evacuation Pause)
[2026-07-01T02:16:01.833+0000][24.359s][info][gc,task     ] GC(50) Using 2 workers of 2 for evacuation
[2026-07-01T02:16:01.845+0000][24.371s][info][gc,phases   ] GC(50)   Pre Evacuate Collection Set: 0.15ms
[2026-07-01T02:16:01.845+0000][24.371s][info][gc,phases   ] GC(50)   Merge Heap Roots: 0.42ms
[2026-07-01T02:16:01.845+0000][24.371s][info][gc,phases   ] GC(50)   Evacuate Collection Set: 10.95ms
[2026-07-01T02:16:01.845+0000][24.371s][info][gc,phases   ] GC(50)   Post Evacuate Collection Set: 0.50ms
[2026-07-01T02:16:01.845+0000][24.371s][info][gc,phases   ] GC(50)   Other: 0.05ms
[2026-07-01T02:16:01.845+0000][24.371s][info][gc,heap     ] GC(50) Eden regions: 94->0(94)
[2026-07-01T02:16:01.845+0000][24.371s][info][gc,heap     ] GC(50) Survivor regions: 6->6(13)
[2026-07-01T02:16:01.845+0000][24.371s][info][gc,heap     ] GC(50) Old regions: 154->154
[2026-07-01T02:16:01.845+0000][24.371s][info][gc,heap     ] GC(50) Humongous regions: 3->3
[2026-07-01T02:16:01.845+0000][24.371s][info][gc,metaspace] GC(50) Metaspace: 41661K(42432K)->41661K(42432K) NonClass: 36521K(36928K)->36521K(36928K) Class: 5140K(5504K)->5140K(5504K)
[2026-07-01T02:16:01.845+0000][24.371s][info][gc          ] GC(50) Pause Young (Prepare Mixed) (G1 Evacuation Pause) 256M->162M(272M) 12.247ms
[2026-07-01T02:16:01.845+0000][24.371s][info][gc,cpu      ] GC(50) User=0.02s Sys=0.00s Real=0.01s
[2026-07-01T02:16:02.724+0000][25.250s][info][gc,start    ] GC(51) Pause Young (Mixed) (G1 Evacuation Pause)
[2026-07-01T02:16:02.724+0000][25.250s][info][gc,task     ] GC(51) Using 2 workers of 2 for evacuation
[2026-07-01T02:16:02.736+0000][25.262s][info][gc,phases   ] GC(51)   Pre Evacuate Collection Set: 0.16ms
[2026-07-01T02:16:02.736+0000][25.262s][info][gc,phases   ] GC(51)   Merge Heap Roots: 0.19ms
[2026-07-01T02:16:02.736+0000][25.262s][info][gc,phases   ] GC(51)   Evacuate Collection Set: 10.87ms
[2026-07-01T02:16:02.736+0000][25.262s][info][gc,phases   ] GC(51)   Post Evacuate Collection Set: 0.44ms
[2026-07-01T02:16:02.736+0000][25.262s][info][gc,phases   ] GC(51)   Other: 0.06ms
[2026-07-01T02:16:02.736+0000][25.262s][info][gc,heap     ] GC(51) Eden regions: 94->0(93)
[2026-07-01T02:16:02.736+0000][25.262s][info][gc,heap     ] GC(51) Survivor regions: 6->7(13)
[2026-07-01T02:16:02.736+0000][25.262s][info][gc,heap     ] GC(51) Old regions: 154->154
[2026-07-01T02:16:02.736+0000][25.262s][info][gc,heap     ] GC(51) Humongous regions: 3->3
[2026-07-01T02:16:02.736+0000][25.262s][info][gc,metaspace] GC(51) Metaspace: 41663K(42432K)->41663K(42432K) NonClass: 36523K(36928K)->36523K(36928K) Class: 5140K(5504K)->5140K(5504K)
[2026-07-01T02:16:02.736+0000][25.262s][info][gc          ] GC(51) Pause Young (Mixed) (G1 Evacuation Pause) 256M->163M(272M) 11.867ms
[2026-07-01T02:16:02.736+0000][25.262s][info][gc,cpu      ] GC(51) User=0.03s Sys=0.00s Real=0.01s
[2026-07-01T02:16:03.617+0000][26.143s][info][gc,start    ] GC(52) Pause Young (Concurrent Start) (G1 Evacuation Pause)
[2026-07-01T02:16:03.617+0000][26.143s][info][gc,task     ] GC(52) Using 2 workers of 2 for evacuation
[2026-07-01T02:16:03.648+0000][26.174s][info][gc,phases   ] GC(52)   Pre Evacuate Collection Set: 0.21ms
[2026-07-01T02:16:03.648+0000][26.174s][info][gc,phases   ] GC(52)   Merge Heap Roots: 0.35ms
[2026-07-01T02:16:03.648+0000][26.174s][info][gc,phases   ] GC(52)   Evacuate Collection Set: 29.73ms
[2026-07-01T02:16:03.648+0000][26.174s][info][gc,phases   ] GC(52)   Post Evacuate Collection Set: 0.79ms
[2026-07-01T02:16:03.648+0000][26.174s][info][gc,phases   ] GC(52)   Other: 0.09ms
[2026-07-01T02:16:03.648+0000][26.174s][info][gc,heap     ] GC(52) Eden regions: 93->0(93)
[2026-07-01T02:16:03.648+0000][26.174s][info][gc,heap     ] GC(52) Survivor regions: 7->7(13)
[2026-07-01T02:16:03.648+0000][26.174s][info][gc,heap     ] GC(52) Old regions: 154->154
[2026-07-01T02:16:03.648+0000][26.174s][info][gc,heap     ] GC(52) Humongous regions: 3->3
[2026-07-01T02:16:03.648+0000][26.174s][info][gc,metaspace] GC(52) Metaspace: 41665K(42432K)->41665K(42432K) NonClass: 36524K(36928K)->36524K(36928K) Class: 5140K(5504K)->5140K(5504K)
[2026-07-01T02:16:03.648+0000][26.174s][info][gc          ] GC(52) Pause Young (Concurrent Start) (G1 Evacuation Pause) 256M->163M(272M) 31.359ms
[2026-07-01T02:16:03.648+0000][26.174s][info][gc          ] GC(53) Concurrent Mark Cycle
[2026-07-01T02:16:03.648+0000][26.174s][info][gc,marking  ] GC(53) Concurrent Scan Root Regions
[2026-07-01T02:16:03.649+0000][26.175s][info][gc,cpu      ] GC(52) User=0.03s Sys=0.00s Real=0.04s
[2026-07-01T02:16:03.670+0000][26.196s][info][gc,marking  ] GC(53) Concurrent Scan Root Regions 21.753ms
[2026-07-01T02:16:03.670+0000][26.196s][info][gc,marking  ] GC(53) Concurrent Mark
[2026-07-01T02:16:03.670+0000][26.196s][info][gc,marking  ] GC(53) Concurrent Mark From Roots
[2026-07-01T02:16:03.670+0000][26.196s][info][gc,task     ] GC(53) Using 1 workers of 1 for marking
[2026-07-01T02:16:04.269+0000][26.795s][info][gc,marking  ] GC(53) Concurrent Mark From Roots 598.606ms
[2026-07-01T02:16:04.269+0000][26.795s][info][gc,marking  ] GC(53) Concurrent Preclean
[2026-07-01T02:16:04.269+0000][26.795s][info][gc,marking  ] GC(53) Concurrent Preclean 0.084ms
[2026-07-01T02:16:04.269+0000][26.795s][info][gc,start    ] GC(53) Pause Remark
[2026-07-01T02:16:04.285+0000][26.811s][info][gc          ] GC(53) Pause Remark 210M->210M(274M) 15.604ms
[2026-07-01T02:16:04.285+0000][26.811s][info][gc,cpu      ] GC(53) User=0.01s Sys=0.00s Real=0.01s
[2026-07-01T02:16:04.288+0000][26.814s][info][gc,marking  ] GC(53) Concurrent Mark 617.990ms
[2026-07-01T02:16:04.288+0000][26.814s][info][gc,marking  ] GC(53) Concurrent Rebuild Remembered Sets and Scrub Regions
[2026-07-01T02:16:04.449+0000][26.975s][info][gc,marking  ] GC(53) Concurrent Rebuild Remembered Sets and Scrub Regions 160.630ms
[2026-07-01T02:16:04.461+0000][26.987s][info][gc,start    ] GC(53) Pause Cleanup
[2026-07-01T02:16:04.461+0000][26.987s][info][gc          ] GC(53) Pause Cleanup 221M->221M(274M) 0.418ms
[2026-07-01T02:16:04.461+0000][26.987s][info][gc,cpu      ] GC(53) User=0.00s Sys=0.00s Real=0.00s
[2026-07-01T02:16:04.461+0000][26.987s][info][gc,marking  ] GC(53) Concurrent Clear Claimed Marks
[2026-07-01T02:16:04.462+0000][26.988s][info][gc,marking  ] GC(53) Concurrent Clear Claimed Marks 0.380ms
[2026-07-01T02:16:04.462+0000][26.988s][info][gc,marking  ] GC(53) Concurrent Cleanup for Next Mark
[2026-07-01T02:16:04.465+0000][26.991s][info][gc,marking  ] GC(53) Concurrent Cleanup for Next Mark 3.038ms
[2026-07-01T02:16:04.465+0000][26.991s][info][gc          ] GC(53) Concurrent Mark Cycle 816.496ms
[2026-07-01T02:16:04.746+0000][27.273s][info][gc,start    ] GC(54) Pause Young (Prepare Mixed) (G1 Evacuation Pause)
[2026-07-01T02:16:04.746+0000][27.273s][info][gc,task     ] GC(54) Using 2 workers of 2 for evacuation
[2026-07-01T02:16:04.762+0000][27.288s][info][gc,phases   ] GC(54)   Pre Evacuate Collection Set: 0.13ms
[2026-07-01T02:16:04.762+0000][27.288s][info][gc,phases   ] GC(54)   Merge Heap Roots: 0.34ms
[2026-07-01T02:16:04.762+0000][27.288s][info][gc,phases   ] GC(54)   Evacuate Collection Set: 14.67ms
[2026-07-01T02:16:04.762+0000][27.288s][info][gc,phases   ] GC(54)   Post Evacuate Collection Set: 0.61ms
[2026-07-01T02:16:04.762+0000][27.288s][info][gc,phases   ] GC(54)   Other: 0.06ms
[2026-07-01T02:16:04.762+0000][27.288s][info][gc,heap     ] GC(54) Eden regions: 93->0(94)
[2026-07-01T02:16:04.762+0000][27.288s][info][gc,heap     ] GC(54) Survivor regions: 7->7(13)
[2026-07-01T02:16:04.762+0000][27.288s][info][gc,heap     ] GC(54) Old regions: 154->155
[2026-07-01T02:16:04.762+0000][27.288s][info][gc,heap     ] GC(54) Humongous regions: 3->3
[2026-07-01T02:16:04.762+0000][27.288s][info][gc,metaspace] GC(54) Metaspace: 41667K(42432K)->41667K(42432K) NonClass: 36526K(36928K)->36526K(36928K) Class: 5140K(5504K)->5140K(5504K)
[2026-07-01T02:16:04.762+0000][27.288s][info][gc          ] GC(54) Pause Young (Prepare Mixed) (G1 Evacuation Pause) 256M->163M(274M) 15.957ms
[2026-07-01T02:16:04.762+0000][27.288s][info][gc,cpu      ] GC(54) User=0.03s Sys=0.00s Real=0.02s
[2026-07-01T02:16:05.593+0000][28.119s][info][gc,start    ] GC(55) Pause Young (Mixed) (G1 Evacuation Pause)
[2026-07-01T02:16:05.593+0000][28.119s][info][gc,task     ] GC(55) Using 2 workers of 2 for evacuation
[2026-07-01T02:16:05.618+0000][28.144s][info][gc,phases   ] GC(55)   Pre Evacuate Collection Set: 0.12ms
[2026-07-01T02:16:05.618+0000][28.144s][info][gc,phases   ] GC(55)   Merge Heap Roots: 0.24ms
[2026-07-01T02:16:05.618+0000][28.144s][info][gc,phases   ] GC(55)   Evacuate Collection Set: 24.24ms
[2026-07-01T02:16:05.618+0000][28.144s][info][gc,phases   ] GC(55)   Post Evacuate Collection Set: 0.40ms
[2026-07-01T02:16:05.618+0000][28.144s][info][gc,phases   ] GC(55)   Other: 0.05ms
[2026-07-01T02:16:05.618+0000][28.144s][info][gc,heap     ] GC(55) Eden regions: 94->0(94)
[2026-07-01T02:16:05.618+0000][28.144s][info][gc,heap     ] GC(55) Survivor regions: 7->7(13)
[2026-07-01T02:16:05.618+0000][28.144s][info][gc,heap     ] GC(55) Old regions: 155->155
[2026-07-01T02:16:05.618+0000][28.144s][info][gc,heap     ] GC(55) Humongous regions: 3->3
[2026-07-01T02:16:05.618+0000][28.144s][info][gc,metaspace] GC(55) Metaspace: 41667K(42432K)->41667K(42432K) NonClass: 36527K(36928K)->36527K(36928K) Class: 5140K(5504K)->5140K(5504K)
[2026-07-01T02:16:05.618+0000][28.144s][info][gc          ] GC(55) Pause Young (Mixed) (G1 Evacuation Pause) 257M->163M(274M) 25.199ms
[2026-07-01T02:16:05.618+0000][28.144s][info][gc,cpu      ] GC(55) User=0.02s Sys=0.00s Real=0.02s
[2026-07-01T02:16:06.429+0000][28.955s][info][gc,start    ] GC(56) Pause Young (Concurrent Start) (G1 Evacuation Pause)
[2026-07-01T02:16:06.429+0000][28.955s][info][gc,task     ] GC(56) Using 2 workers of 2 for evacuation
[2026-07-01T02:16:06.445+0000][28.971s][info][gc,phases   ] GC(56)   Pre Evacuate Collection Set: 0.17ms
[2026-07-01T02:16:06.445+0000][28.971s][info][gc,phases   ] GC(56)   Merge Heap Roots: 0.26ms
[2026-07-01T02:16:06.445+0000][28.971s][info][gc,phases   ] GC(56)   Evacuate Collection Set: 15.35ms
[2026-07-01T02:16:06.445+0000][28.971s][info][gc,phases   ] GC(56)   Post Evacuate Collection Set: 0.46ms
[2026-07-01T02:16:06.445+0000][28.971s][info][gc,phases   ] GC(56)   Other: 0.08ms
[2026-07-01T02:16:06.445+0000][28.971s][info][gc,heap     ] GC(56) Eden regions: 94->0(94)
[2026-07-01T02:16:06.445+0000][28.971s][info][gc,heap     ] GC(56) Survivor regions: 7->7(13)
[2026-07-01T02:16:06.445+0000][28.971s][info][gc,heap     ] GC(56) Old regions: 155->155
[2026-07-01T02:16:06.445+0000][28.971s][info][gc,heap     ] GC(56) Humongous regions: 3->3
[2026-07-01T02:16:06.445+0000][28.971s][info][gc,metaspace] GC(56) Metaspace: 41667K(42432K)->41667K(42432K) NonClass: 36527K(36928K)->36527K(36928K) Class: 5140K(5504K)->5140K(5504K)
[2026-07-01T02:16:06.445+0000][28.971s][info][gc          ] GC(56) Pause Young (Concurrent Start) (G1 Evacuation Pause) 257M->163M(274M) 16.493ms
[2026-07-01T02:16:06.445+0000][28.971s][info][gc          ] GC(57) Concurrent Mark Cycle
[2026-07-01T02:16:06.445+0000][28.972s][info][gc,marking  ] GC(57) Concurrent Scan Root Regions
[2026-07-01T02:16:06.445+0000][28.971s][info][gc,cpu      ] GC(56) User=0.03s Sys=0.01s Real=0.01s
[2026-07-01T02:16:06.489+0000][29.015s][info][gc,marking  ] GC(57) Concurrent Scan Root Regions 43.701ms
[2026-07-01T02:16:06.489+0000][29.015s][info][gc,marking  ] GC(57) Concurrent Mark
[2026-07-01T02:16:06.489+0000][29.015s][info][gc,marking  ] GC(57) Concurrent Mark From Roots
[2026-07-01T02:16:06.489+0000][29.015s][info][gc,task     ] GC(57) Using 1 workers of 1 for marking
[2026-07-01T02:16:07.280+0000][29.806s][info][gc,marking  ] GC(57) Concurrent Mark From Roots 790.625ms
[2026-07-01T02:16:07.280+0000][29.806s][info][gc,marking  ] GC(57) Concurrent Preclean
[2026-07-01T02:16:07.280+0000][29.806s][info][gc,marking  ] GC(57) Concurrent Preclean 0.105ms
[2026-07-01T02:16:07.280+0000][29.807s][info][gc,start    ] GC(57) Pause Remark
[2026-07-01T02:16:07.287+0000][29.813s][info][gc          ] GC(57) Pause Remark 244M->244M(275M) 6.823ms
[2026-07-01T02:16:07.287+0000][29.813s][info][gc,cpu      ] GC(57) User=0.02s Sys=0.00s Real=0.00s
[2026-07-01T02:16:07.321+0000][29.847s][info][gc,marking  ] GC(57) Concurrent Mark 831.969ms
[2026-07-01T02:16:07.321+0000][29.847s][info][gc,marking  ] GC(57) Concurrent Rebuild Remembered Sets and Scrub Regions
[2026-07-01T02:16:07.460+0000][29.986s][info][gc,start    ] GC(58) Pause Young (Normal) (G1 Evacuation Pause)
[2026-07-01T02:16:07.460+0000][29.986s][info][gc,task     ] GC(58) Using 2 workers of 2 for evacuation
[2026-07-01T02:16:07.473+0000][29.999s][info][gc,phases   ] GC(58)   Pre Evacuate Collection Set: 0.16ms
[2026-07-01T02:16:07.473+0000][29.999s][info][gc,phases   ] GC(58)   Merge Heap Roots: 0.25ms
[2026-07-01T02:16:07.473+0000][29.999s][info][gc,phases   ] GC(58)   Evacuate Collection Set: 11.70ms
[2026-07-01T02:16:07.473+0000][29.999s][info][gc,phases   ] GC(58)   Post Evacuate Collection Set: 0.39ms
[2026-07-01T02:16:07.473+0000][29.999s][info][gc,phases   ] GC(58)   Other: 0.05ms
[2026-07-01T02:16:07.473+0000][29.999s][info][gc,heap     ] GC(58) Eden regions: 94->0(96)
[2026-07-01T02:16:07.473+0000][29.999s][info][gc,heap     ] GC(58) Survivor regions: 7->6(13)
[2026-07-01T02:16:07.473+0000][29.999s][info][gc,heap     ] GC(58) Old regions: 155->155
[2026-07-01T02:16:07.473+0000][29.999s][info][gc,heap     ] GC(58) Humongous regions: 3->3
[2026-07-01T02:16:07.473+0000][29.999s][info][gc,metaspace] GC(58) Metaspace: 41672K(42432K)->41672K(42432K) NonClass: 36531K(36928K)->36531K(36928K) Class: 5140K(5504K)->5140K(5504K)
[2026-07-01T02:16:07.473+0000][29.999s][info][gc          ] GC(58) Pause Young (Normal) (G1 Evacuation Pause) 257M->163M(275M) 12.707ms
[2026-07-01T02:16:07.473+0000][29.999s][info][gc,cpu      ] GC(58) User=0.03s Sys=0.00s Real=0.01s
[2026-07-01T02:16:07.726+0000][30.252s][info][gc,marking  ] GC(57) Concurrent Rebuild Remembered Sets and Scrub Regions 404.841ms
[2026-07-01T02:16:07.727+0000][30.253s][info][gc,start    ] GC(57) Pause Cleanup
[2026-07-01T02:16:07.727+0000][30.253s][info][gc          ] GC(57) Pause Cleanup 188M->188M(275M) 0.171ms
[2026-07-01T02:16:07.727+0000][30.253s][info][gc,cpu      ] GC(57) User=0.00s Sys=0.00s Real=0.00s
[2026-07-01T02:16:07.732+0000][30.258s][info][gc,marking  ] GC(57) Concurrent Clear Claimed Marks
[2026-07-01T02:16:07.732+0000][30.258s][info][gc,marking  ] GC(57) Concurrent Clear Claimed Marks 0.083ms
[2026-07-01T02:16:07.732+0000][30.258s][info][gc,marking  ] GC(57) Concurrent Cleanup for Next Mark
[2026-07-01T02:16:07.732+0000][30.259s][info][gc,marking  ] GC(57) Concurrent Cleanup for Next Mark 0.633ms
[2026-07-01T02:16:07.732+0000][30.259s][info][gc          ] GC(57) Concurrent Mark Cycle 1287.133ms
[2026-07-01T02:16:08.523+0000][31.049s][info][gc,start    ] GC(59) Pause Young (Prepare Mixed) (G1 Evacuation Pause)
[2026-07-01T02:16:08.523+0000][31.049s][info][gc,task     ] GC(59) Using 2 workers of 2 for evacuation
[2026-07-01T02:16:08.557+0000][31.083s][info][gc,phases   ] GC(59)   Pre Evacuate Collection Set: 0.19ms
[2026-07-01T02:16:08.557+0000][31.083s][info][gc,phases   ] GC(59)   Merge Heap Roots: 0.60ms
[2026-07-01T02:16:08.557+0000][31.083s][info][gc,phases   ] GC(59)   Evacuate Collection Set: 31.84ms
[2026-07-01T02:16:08.557+0000][31.083s][info][gc,phases   ] GC(59)   Post Evacuate Collection Set: 0.74ms
[2026-07-01T02:16:08.557+0000][31.083s][info][gc,phases   ] GC(59)   Other: 0.06ms
[2026-07-01T02:16:08.557+0000][31.083s][info][gc,heap     ] GC(59) Eden regions: 96->0(95)
[2026-07-01T02:16:08.557+0000][31.083s][info][gc,heap     ] GC(59) Survivor regions: 6->6(13)
[2026-07-01T02:16:08.557+0000][31.083s][info][gc,heap     ] GC(59) Old regions: 155->156
[2026-07-01T02:16:08.557+0000][31.083s][info][gc,heap     ] GC(59) Humongous regions: 3->3
[2026-07-01T02:16:08.557+0000][31.083s][info][gc,metaspace] GC(59) Metaspace: 41672K(42432K)->41672K(42432K) NonClass: 36531K(36928K)->36531K(36928K) Class: 5140K(5504K)->5140K(5504K)
[2026-07-01T02:16:08.557+0000][31.083s][info][gc          ] GC(59) Pause Young (Prepare Mixed) (G1 Evacuation Pause) 259M->164M(275M) 33.744ms
[2026-07-01T02:16:08.557+0000][31.083s][info][gc,cpu      ] GC(59) User=0.05s Sys=0.00s Real=0.03s
[2026-07-01T02:16:09.354+0000][31.880s][info][gc,start    ] GC(60) Pause Young (Mixed) (G1 Evacuation Pause)
[2026-07-01T02:16:09.354+0000][31.880s][info][gc,task     ] GC(60) Using 2 workers of 2 for evacuation
[2026-07-01T02:16:09.400+0000][31.926s][info][gc,phases   ] GC(60)   Pre Evacuate Collection Set: 0.55ms
[2026-07-01T02:16:09.400+0000][31.926s][info][gc,phases   ] GC(60)   Merge Heap Roots: 1.48ms
[2026-07-01T02:16:09.400+0000][31.926s][info][gc,phases   ] GC(60)   Evacuate Collection Set: 43.25ms
[2026-07-01T02:16:09.400+0000][31.926s][info][gc,phases   ] GC(60)   Post Evacuate Collection Set: 0.70ms
[2026-07-01T02:16:09.400+0000][31.926s][info][gc,phases   ] GC(60)   Other: 0.05ms
[2026-07-01T02:16:09.400+0000][31.926s][info][gc,heap     ] GC(60) Eden regions: 95->0(94)
[2026-07-01T02:16:09.400+0000][31.926s][info][gc,heap     ] GC(60) Survivor regions: 6->7(13)
[2026-07-01T02:16:09.400+0000][31.926s][info][gc,heap     ] GC(60) Old regions: 156->156
[2026-07-01T02:16:09.400+0000][31.926s][info][gc,heap     ] GC(60) Humongous regions: 3->3
[2026-07-01T02:16:09.400+0000][31.926s][info][gc,metaspace] GC(60) Metaspace: 41672K(42432K)->41672K(42432K) NonClass: 36531K(36928K)->36531K(36928K) Class: 5140K(5504K)->5140K(5504K)
[2026-07-01T02:16:09.400+0000][31.926s][info][gc          ] GC(60) Pause Young (Mixed) (G1 Evacuation Pause) 259M->164M(275M) 46.250ms
[2026-07-01T02:16:09.400+0000][31.926s][info][gc,cpu      ] GC(60) User=0.05s Sys=0.00s Real=0.05s
[2026-07-01T02:16:10.228+0000][32.754s][info][gc,start    ] GC(61) Pause Young (Concurrent Start) (G1 Evacuation Pause)
[2026-07-01T02:16:10.229+0000][32.755s][info][gc,task     ] GC(61) Using 2 workers of 2 for evacuation
[2026-07-01T02:16:10.246+0000][32.772s][info][gc,phases   ] GC(61)   Pre Evacuate Collection Set: 0.52ms
[2026-07-01T02:16:10.246+0000][32.772s][info][gc,phases   ] GC(61)   Merge Heap Roots: 0.82ms
[2026-07-01T02:16:10.246+0000][32.772s][info][gc,phases   ] GC(61)   Evacuate Collection Set: 15.58ms
[2026-07-01T02:16:10.246+0000][32.772s][info][gc,phases   ] GC(61)   Post Evacuate Collection Set: 0.47ms
[2026-07-01T02:16:10.246+0000][32.772s][info][gc,phases   ] GC(61)   Other: 0.09ms
[2026-07-01T02:16:10.246+0000][32.772s][info][gc,heap     ] GC(61) Eden regions: 94->0(94)
[2026-07-01T02:16:10.246+0000][32.772s][info][gc,heap     ] GC(61) Survivor regions: 7->7(13)
[2026-07-01T02:16:10.246+0000][32.772s][info][gc,heap     ] GC(61) Old regions: 156->156
[2026-07-01T02:16:10.246+0000][32.772s][info][gc,heap     ] GC(61) Humongous regions: 3->3
[2026-07-01T02:16:10.246+0000][32.772s][info][gc,metaspace] GC(61) Metaspace: 41673K(42432K)->41673K(42432K) NonClass: 36532K(36928K)->36532K(36928K) Class: 5140K(5504K)->5140K(5504K)
[2026-07-01T02:16:10.246+0000][32.772s][info][gc          ] GC(61) Pause Young (Concurrent Start) (G1 Evacuation Pause) 258M->164M(275M) 17.932ms
[2026-07-01T02:16:10.246+0000][32.772s][info][gc,cpu      ] GC(61) User=0.04s Sys=0.00s Real=0.01s
[2026-07-01T02:16:10.246+0000][32.772s][info][gc          ] GC(62) Concurrent Mark Cycle
[2026-07-01T02:16:10.246+0000][32.772s][info][gc,marking  ] GC(62) Concurrent Scan Root Regions
[2026-07-01T02:16:10.282+0000][32.808s][info][gc,marking  ] GC(62) Concurrent Scan Root Regions 35.381ms
[2026-07-01T02:16:10.282+0000][32.808s][info][gc,marking  ] GC(62) Concurrent Mark
[2026-07-01T02:16:10.282+0000][32.808s][info][gc,marking  ] GC(62) Concurrent Mark From Roots
[2026-07-01T02:16:10.282+0000][32.808s][info][gc,task     ] GC(62) Using 1 workers of 1 for marking
[2026-07-01T02:16:11.080+0000][33.606s][info][gc,marking  ] GC(62) Concurrent Mark From Roots 798.042ms
[2026-07-01T02:16:11.080+0000][33.606s][info][gc,marking  ] GC(62) Concurrent Preclean
[2026-07-01T02:16:11.080+0000][33.606s][info][gc,marking  ] GC(62) Concurrent Preclean 0.069ms
[2026-07-01T02:16:11.080+0000][33.607s][info][gc,start    ] GC(62) Pause Remark
[2026-07-01T02:16:11.087+0000][33.613s][info][gc          ] GC(62) Pause Remark 252M->252M(277M) 6.128ms
[2026-07-01T02:16:11.087+0000][33.613s][info][gc,cpu      ] GC(62) User=0.01s Sys=0.00s Real=0.00s
[2026-07-01T02:16:11.089+0000][33.615s][info][gc,marking  ] GC(62) Concurrent Mark 807.119ms
[2026-07-01T02:16:11.089+0000][33.615s][info][gc,marking  ] GC(62) Concurrent Rebuild Remembered Sets and Scrub Regions
[2026-07-01T02:16:11.153+0000][33.679s][info][gc,start    ] GC(63) Pause Young (Normal) (G1 Evacuation Pause)
[2026-07-01T02:16:11.153+0000][33.679s][info][gc,task     ] GC(63) Using 2 workers of 2 for evacuation
[2026-07-01T02:16:11.168+0000][33.694s][info][gc,phases   ] GC(63)   Pre Evacuate Collection Set: 0.15ms
[2026-07-01T02:16:11.168+0000][33.694s][info][gc,phases   ] GC(63)   Merge Heap Roots: 0.26ms
[2026-07-01T02:16:11.168+0000][33.694s][info][gc,phases   ] GC(63)   Evacuate Collection Set: 13.61ms
[2026-07-01T02:16:11.168+0000][33.694s][info][gc,phases   ] GC(63)   Post Evacuate Collection Set: 0.45ms
[2026-07-01T02:16:11.168+0000][33.694s][info][gc,phases   ] GC(63)   Other: 0.10ms
[2026-07-01T02:16:11.168+0000][33.694s][info][gc,heap     ] GC(63) Eden regions: 94->0(96)
[2026-07-01T02:16:11.168+0000][33.694s][info][gc,heap     ] GC(63) Survivor regions: 7->7(13)
[2026-07-01T02:16:11.168+0000][33.694s][info][gc,heap     ] GC(63) Old regions: 156->156
[2026-07-01T02:16:11.168+0000][33.694s][info][gc,heap     ] GC(63) Humongous regions: 3->3
[2026-07-01T02:16:11.168+0000][33.694s][info][gc,metaspace] GC(63) Metaspace: 41676K(42432K)->41676K(42432K) NonClass: 36535K(36928K)->36535K(36928K) Class: 5140K(5504K)->5140K(5504K)
[2026-07-01T02:16:11.168+0000][33.694s][info][gc          ] GC(63) Pause Young (Normal) (G1 Evacuation Pause) 258M->165M(277M) 14.798ms
[2026-07-01T02:16:11.168+0000][33.694s][info][gc,cpu      ] GC(63) User=0.04s Sys=0.00s Real=0.01s
[2026-07-01T02:16:11.357+0000][33.883s][info][gc,marking  ] GC(62) Concurrent Rebuild Remembered Sets and Scrub Regions 268.224ms
[2026-07-01T02:16:11.358+0000][33.884s][info][gc,start    ] GC(62) Pause Cleanup
[2026-07-01T02:16:11.358+0000][33.884s][info][gc          ] GC(62) Pause Cleanup 185M->185M(277M) 0.379ms
[2026-07-01T02:16:11.358+0000][33.884s][info][gc,cpu      ] GC(62) User=0.00s Sys=0.00s Real=0.01s
[2026-07-01T02:16:11.361+0000][33.887s][info][gc,marking  ] GC(62) Concurrent Clear Claimed Marks
[2026-07-01T02:16:11.361+0000][33.887s][info][gc,marking  ] GC(62) Concurrent Clear Claimed Marks 0.097ms
[2026-07-01T02:16:11.361+0000][33.887s][info][gc,marking  ] GC(62) Concurrent Cleanup for Next Mark
[2026-07-01T02:16:11.365+0000][33.891s][info][gc,marking  ] GC(62) Concurrent Cleanup for Next Mark 3.975ms
[2026-07-01T02:16:11.365+0000][33.891s][info][gc          ] GC(62) Concurrent Mark Cycle 1118.662ms
[2026-07-01T02:16:11.954+0000][34.480s][info][gc,start    ] GC(64) Pause Young (Prepare Mixed) (G1 Evacuation Pause)
[2026-07-01T02:16:11.954+0000][34.480s][info][gc,task     ] GC(64) Using 2 workers of 2 for evacuation
[2026-07-01T02:16:11.968+0000][34.494s][info][gc,phases   ] GC(64)   Pre Evacuate Collection Set: 0.14ms
[2026-07-01T02:16:11.968+0000][34.494s][info][gc,phases   ] GC(64)   Merge Heap Roots: 0.38ms
[2026-07-01T02:16:11.968+0000][34.494s][info][gc,phases   ] GC(64)   Evacuate Collection Set: 12.36ms
[2026-07-01T02:16:11.968+0000][34.494s][info][gc,phases   ] GC(64)   Post Evacuate Collection Set: 0.39ms
[2026-07-01T02:16:11.968+0000][34.494s][info][gc,phases   ] GC(64)   Other: 0.07ms
[2026-07-01T02:16:11.968+0000][34.494s][info][gc,heap     ] GC(64) Eden regions: 96->0(96)
[2026-07-01T02:16:11.968+0000][34.494s][info][gc,heap     ] GC(64) Survivor regions: 7->6(13)
[2026-07-01T02:16:11.968+0000][34.494s][info][gc,heap     ] GC(64) Old regions: 156->157
[2026-07-01T02:16:11.968+0000][34.494s][info][gc,heap     ] GC(64) Humongous regions: 3->3
[2026-07-01T02:16:11.968+0000][34.494s][info][gc,metaspace] GC(64) Metaspace: 41677K(42432K)->41677K(42432K) NonClass: 36537K(36928K)->36537K(36928K) Class: 5140K(5504K)->5140K(5504K)
[2026-07-01T02:16:11.968+0000][34.494s][info][gc          ] GC(64) Pause Young (Prepare Mixed) (G1 Evacuation Pause) 261M->165M(277M) 13.493ms
[2026-07-01T02:16:11.968+0000][34.494s][info][gc,cpu      ] GC(64) User=0.03s Sys=0.00s Real=0.01s
[2026-07-01T02:16:12.865+0000][35.391s][info][gc,start    ] GC(65) Pause Young (Mixed) (G1 Evacuation Pause)
[2026-07-01T02:16:12.865+0000][35.391s][info][gc,task     ] GC(65) Using 2 workers of 2 for evacuation
[2026-07-01T02:16:12.883+0000][35.409s][info][gc,phases   ] GC(65)   Pre Evacuate Collection Set: 0.15ms
[2026-07-01T02:16:12.883+0000][35.409s][info][gc,phases   ] GC(65)   Merge Heap Roots: 0.22ms
[2026-07-01T02:16:12.883+0000][35.409s][info][gc,phases   ] GC(65)   Evacuate Collection Set: 16.97ms
[2026-07-01T02:16:12.883+0000][35.409s][info][gc,phases   ] GC(65)   Post Evacuate Collection Set: 0.37ms
[2026-07-01T02:16:12.883+0000][35.409s][info][gc,phases   ] GC(65)   Other: 0.05ms
[2026-07-01T02:16:12.883+0000][35.409s][info][gc,heap     ] GC(65) Eden regions: 96->0(96)
[2026-07-01T02:16:12.883+0000][35.409s][info][gc,heap     ] GC(65) Survivor regions: 6->7(13)
[2026-07-01T02:16:12.883+0000][35.409s][info][gc,heap     ] GC(65) Old regions: 157->156
[2026-07-01T02:16:12.883+0000][35.409s][info][gc,heap     ] GC(65) Humongous regions: 3->3
[2026-07-01T02:16:12.883+0000][35.409s][info][gc,metaspace] GC(65) Metaspace: 41679K(42432K)->41679K(42432K) NonClass: 36538K(36928K)->36538K(36928K) Class: 5140K(5504K)->5140K(5504K)
[2026-07-01T02:16:12.883+0000][35.409s][info][gc          ] GC(65) Pause Young (Mixed) (G1 Evacuation Pause) 261M->165M(277M) 17.926ms
[2026-07-01T02:16:12.883+0000][35.409s][info][gc,cpu      ] GC(65) User=0.03s Sys=0.00s Real=0.02s
[2026-07-01T02:16:13.583+0000][36.109s][info][gc,start    ] GC(66) Pause Young (Concurrent Start) (G1 Evacuation Pause)
[2026-07-01T02:16:13.583+0000][36.109s][info][gc,task     ] GC(66) Using 2 workers of 2 for evacuation
[2026-07-01T02:16:13.596+0000][36.123s][info][gc,phases   ] GC(66)   Pre Evacuate Collection Set: 0.17ms
[2026-07-01T02:16:13.596+0000][36.123s][info][gc,phases   ] GC(66)   Merge Heap Roots: 0.25ms
[2026-07-01T02:16:13.596+0000][36.123s][info][gc,phases   ] GC(66)   Evacuate Collection Set: 12.24ms
[2026-07-01T02:16:13.596+0000][36.123s][info][gc,phases   ] GC(66)   Post Evacuate Collection Set: 0.40ms
[2026-07-01T02:16:13.596+0000][36.123s][info][gc,phases   ] GC(66)   Other: 0.08ms
[2026-07-01T02:16:13.596+0000][36.123s][info][gc,heap     ] GC(66) Eden regions: 96->0(95)
[2026-07-01T02:16:13.596+0000][36.123s][info][gc,heap     ] GC(66) Survivor regions: 7->7(13)
[2026-07-01T02:16:13.596+0000][36.123s][info][gc,heap     ] GC(66) Old regions: 156->157
[2026-07-01T02:16:13.596+0000][36.123s][info][gc,heap     ] GC(66) Humongous regions: 3->3
[2026-07-01T02:16:13.596+0000][36.123s][info][gc,metaspace] GC(66) Metaspace: 41682K(42432K)->41682K(42432K) NonClass: 36541K(36928K)->36541K(36928K) Class: 5141K(5504K)->5141K(5504K)
[2026-07-01T02:16:13.596+0000][36.123s][info][gc          ] GC(66) Pause Young (Concurrent Start) (G1 Evacuation Pause) 261M->165M(277M) 13.384ms
[2026-07-01T02:16:13.596+0000][36.123s][info][gc          ] GC(67) Concurrent Mark Cycle
[2026-07-01T02:16:13.597+0000][36.123s][info][gc,marking  ] GC(67) Concurrent Scan Root Regions
[2026-07-01T02:16:13.597+0000][36.123s][info][gc,cpu      ] GC(66) User=0.03s Sys=0.00s Real=0.01s
[2026-07-01T02:16:13.659+0000][36.185s][info][gc,marking  ] GC(67) Concurrent Scan Root Regions 62.350ms
[2026-07-01T02:16:13.659+0000][36.185s][info][gc,marking  ] GC(67) Concurrent Mark
[2026-07-01T02:16:13.659+0000][36.185s][info][gc,marking  ] GC(67) Concurrent Mark From Roots
[2026-07-01T02:16:13.659+0000][36.185s][info][gc,task     ] GC(67) Using 1 workers of 1 for marking
[2026-07-01T02:16:14.387+0000][36.913s][info][gc,marking  ] GC(67) Concurrent Mark From Roots 727.773ms
[2026-07-01T02:16:14.387+0000][36.913s][info][gc,marking  ] GC(67) Concurrent Preclean
[2026-07-01T02:16:14.387+0000][36.913s][info][gc,marking  ] GC(67) Concurrent Preclean 0.101ms
[2026-07-01T02:16:14.387+0000][36.913s][info][gc,start    ] GC(67) Pause Remark
[2026-07-01T02:16:14.397+0000][36.924s][info][gc          ] GC(67) Pause Remark 240M->240M(279M) 10.248ms
[2026-07-01T02:16:14.397+0000][36.924s][info][gc,cpu      ] GC(67) User=0.01s Sys=0.00s Real=0.01s
[2026-07-01T02:16:14.399+0000][36.925s][info][gc,marking  ] GC(67) Concurrent Mark 740.167ms
[2026-07-01T02:16:14.399+0000][36.925s][info][gc,marking  ] GC(67) Concurrent Rebuild Remembered Sets and Scrub Regions
[2026-07-01T02:16:14.576+0000][37.102s][info][gc,marking  ] GC(67) Concurrent Rebuild Remembered Sets and Scrub Regions 176.766ms
[2026-07-01T02:16:14.576+0000][37.102s][info][gc,start    ] GC(67) Pause Cleanup
[2026-07-01T02:16:14.576+0000][37.102s][info][gc          ] GC(67) Pause Cleanup 254M->254M(279M) 0.171ms
[2026-07-01T02:16:14.576+0000][37.102s][info][gc,cpu      ] GC(67) User=0.00s Sys=0.00s Real=0.00s
[2026-07-01T02:16:14.578+0000][37.104s][info][gc,marking  ] GC(67) Concurrent Clear Claimed Marks
[2026-07-01T02:16:14.578+0000][37.104s][info][gc,marking  ] GC(67) Concurrent Clear Claimed Marks 0.137ms
[2026-07-01T02:16:14.578+0000][37.104s][info][gc,marking  ] GC(67) Concurrent Cleanup for Next Mark
[2026-07-01T02:16:14.579+0000][37.105s][info][gc,marking  ] GC(67) Concurrent Cleanup for Next Mark 0.592ms
[2026-07-01T02:16:14.579+0000][37.105s][info][gc          ] GC(67) Concurrent Mark Cycle 982.278ms
[2026-07-01T02:16:14.652+0000][37.178s][info][gc,start    ] GC(68) Pause Young (Prepare Mixed) (G1 Evacuation Pause)
[2026-07-01T02:16:14.652+0000][37.178s][info][gc,task     ] GC(68) Using 2 workers of 2 for evacuation
[2026-07-01T02:16:14.665+0000][37.191s][info][gc,phases   ] GC(68)   Pre Evacuate Collection Set: 0.20ms
[2026-07-01T02:16:14.665+0000][37.191s][info][gc,phases   ] GC(68)   Merge Heap Roots: 0.77ms
[2026-07-01T02:16:14.665+0000][37.191s][info][gc,phases   ] GC(68)   Evacuate Collection Set: 11.77ms
[2026-07-01T02:16:14.665+0000][37.191s][info][gc,phases   ] GC(68)   Post Evacuate Collection Set: 0.43ms
[2026-07-01T02:16:14.665+0000][37.191s][info][gc,phases   ] GC(68)   Other: 0.07ms
[2026-07-01T02:16:14.665+0000][37.191s][info][gc,heap     ] GC(68) Eden regions: 95->0(97)
[2026-07-01T02:16:14.665+0000][37.191s][info][gc,heap     ] GC(68) Survivor regions: 7->7(13)
[2026-07-01T02:16:14.665+0000][37.191s][info][gc,heap     ] GC(68) Old regions: 157->157
[2026-07-01T02:16:14.665+0000][37.191s][info][gc,heap     ] GC(68) Humongous regions: 3->3
[2026-07-01T02:16:14.665+0000][37.191s][info][gc,metaspace] GC(68) Metaspace: 41683K(42432K)->41683K(42432K) NonClass: 36541K(36928K)->36541K(36928K) Class: 5141K(5504K)->5141K(5504K)
[2026-07-01T02:16:14.665+0000][37.191s][info][gc          ] GC(68) Pause Young (Prepare Mixed) (G1 Evacuation Pause) 260M->166M(279M) 13.396ms
[2026-07-01T02:16:14.665+0000][37.191s][info][gc,cpu      ] GC(68) User=0.03s Sys=0.00s Real=0.01s
[2026-07-01T02:16:15.531+0000][38.058s][info][gc,start    ] GC(69) Pause Young (Mixed) (G1 Evacuation Pause)
[2026-07-01T02:16:15.531+0000][38.058s][info][gc,task     ] GC(69) Using 2 workers of 2 for evacuation
[2026-07-01T02:16:15.545+0000][38.071s][info][gc,phases   ] GC(69)   Pre Evacuate Collection Set: 0.17ms
[2026-07-01T02:16:15.545+0000][38.071s][info][gc,phases   ] GC(69)   Merge Heap Roots: 0.44ms
[2026-07-01T02:16:15.545+0000][38.071s][info][gc,phases   ] GC(69)   Evacuate Collection Set: 12.73ms
[2026-07-01T02:16:15.545+0000][38.071s][info][gc,phases   ] GC(69)   Post Evacuate Collection Set: 0.39ms
[2026-07-01T02:16:15.545+0000][38.071s][info][gc,phases   ] GC(69)   Other: 0.05ms
[2026-07-01T02:16:15.545+0000][38.071s][info][gc,heap     ] GC(69) Eden regions: 97->0(97)
[2026-07-01T02:16:15.545+0000][38.071s][info][gc,heap     ] GC(69) Survivor regions: 7->7(13)
[2026-07-01T02:16:15.545+0000][38.071s][info][gc,heap     ] GC(69) Old regions: 157->157
[2026-07-01T02:16:15.545+0000][38.071s][info][gc,heap     ] GC(69) Humongous regions: 3->3
[2026-07-01T02:16:15.545+0000][38.071s][info][gc,metaspace] GC(69) Metaspace: 41683K(42432K)->41683K(42432K) NonClass: 36541K(36928K)->36541K(36928K) Class: 5141K(5504K)->5141K(5504K)
[2026-07-01T02:16:15.545+0000][38.071s][info][gc          ] GC(69) Pause Young (Mixed) (G1 Evacuation Pause) 263M->166M(279M) 13.952ms
[2026-07-01T02:16:15.545+0000][38.071s][info][gc,cpu      ] GC(69) User=0.02s Sys=0.00s Real=0.01s
[2026-07-01T02:16:16.269+0000][38.795s][info][gc,start    ] GC(70) Pause Young (Concurrent Start) (G1 Evacuation Pause)
[2026-07-01T02:16:16.269+0000][38.796s][info][gc,task     ] GC(70) Using 2 workers of 2 for evacuation
[2026-07-01T02:16:16.289+0000][38.815s][info][gc,phases   ] GC(70)   Pre Evacuate Collection Set: 0.21ms
[2026-07-01T02:16:16.289+0000][38.815s][info][gc,phases   ] GC(70)   Merge Heap Roots: 0.56ms
[2026-07-01T02:16:16.289+0000][38.815s][info][gc,phases   ] GC(70)   Evacuate Collection Set: 18.08ms
[2026-07-01T02:16:16.289+0000][38.815s][info][gc,phases   ] GC(70)   Post Evacuate Collection Set: 0.65ms
[2026-07-01T02:16:16.289+0000][38.815s][info][gc,phases   ] GC(70)   Other: 0.09ms
[2026-07-01T02:16:16.289+0000][38.815s][info][gc,heap     ] GC(70) Eden regions: 97->0(96)
[2026-07-01T02:16:16.289+0000][38.815s][info][gc,heap     ] GC(70) Survivor regions: 7->7(13)
[2026-07-01T02:16:16.289+0000][38.815s][info][gc,heap     ] GC(70) Old regions: 157->158
[2026-07-01T02:16:16.289+0000][38.815s][info][gc,heap     ] GC(70) Humongous regions: 3->3
[2026-07-01T02:16:16.289+0000][38.815s][info][gc,metaspace] GC(70) Metaspace: 41683K(42432K)->41683K(42432K) NonClass: 36541K(36928K)->36541K(36928K) Class: 5141K(5504K)->5141K(5504K)
[2026-07-01T02:16:16.289+0000][38.815s][info][gc          ] GC(70) Pause Young (Concurrent Start) (G1 Evacuation Pause) 263M->166M(279M) 19.885ms
[2026-07-01T02:16:16.289+0000][38.815s][info][gc,cpu      ] GC(70) User=0.04s Sys=0.00s Real=0.02s
[2026-07-01T02:16:16.290+0000][38.816s][info][gc          ] GC(71) Concurrent Mark Cycle
[2026-07-01T02:16:16.290+0000][38.816s][info][gc,marking  ] GC(71) Concurrent Scan Root Regions
[2026-07-01T02:16:16.309+0000][38.835s][info][gc,marking  ] GC(71) Concurrent Scan Root Regions 18.724ms
[2026-07-01T02:16:16.309+0000][38.835s][info][gc,marking  ] GC(71) Concurrent Mark
[2026-07-01T02:16:16.309+0000][38.835s][info][gc,marking  ] GC(71) Concurrent Mark From Roots
[2026-07-01T02:16:16.309+0000][38.835s][info][gc,task     ] GC(71) Using 1 workers of 1 for marking
[2026-07-01T02:16:16.957+0000][39.484s][info][gc,marking  ] GC(71) Concurrent Mark From Roots 648.483ms
[2026-07-01T02:16:16.957+0000][39.484s][info][gc,marking  ] GC(71) Concurrent Preclean
[2026-07-01T02:16:16.957+0000][39.484s][info][gc,marking  ] GC(71) Concurrent Preclean 0.078ms
[2026-07-01T02:16:16.960+0000][39.486s][info][gc,start    ] GC(71) Pause Remark
[2026-07-01T02:16:16.967+0000][39.493s][info][gc          ] GC(71) Pause Remark 227M->227M(280M) 6.971ms
[2026-07-01T02:16:16.967+0000][39.493s][info][gc,cpu      ] GC(71) User=0.02s Sys=0.00s Real=0.00s
[2026-07-01T02:16:16.977+0000][39.503s][info][gc,marking  ] GC(71) Concurrent Mark 668.302ms
[2026-07-01T02:16:16.977+0000][39.503s][info][gc,marking  ] GC(71) Concurrent Rebuild Remembered Sets and Scrub Regions
[2026-07-01T02:16:17.319+0000][39.845s][info][gc,marking  ] GC(71) Concurrent Rebuild Remembered Sets and Scrub Regions 341.833ms
[2026-07-01T02:16:17.320+0000][39.846s][info][gc,start    ] GC(71) Pause Cleanup
[2026-07-01T02:16:17.320+0000][39.846s][info][gc          ] GC(71) Pause Cleanup 261M->261M(280M) 0.187ms
[2026-07-01T02:16:17.320+0000][39.846s][info][gc,cpu      ] GC(71) User=0.00s Sys=0.00s Real=0.00s
[2026-07-01T02:16:17.322+0000][39.848s][info][gc,marking  ] GC(71) Concurrent Clear Claimed Marks
[2026-07-01T02:16:17.322+0000][39.848s][info][gc,marking  ] GC(71) Concurrent Clear Claimed Marks 0.093ms
[2026-07-01T02:16:17.324+0000][39.850s][info][gc,marking  ] GC(71) Concurrent Cleanup for Next Mark
[2026-07-01T02:16:17.325+0000][39.851s][info][gc,marking  ] GC(71) Concurrent Cleanup for Next Mark 0.600ms
[2026-07-01T02:16:17.325+0000][39.851s][info][gc          ] GC(71) Concurrent Mark Cycle 1034.578ms
[2026-07-01T02:16:17.337+0000][39.863s][info][gc,start    ] GC(72) Pause Young (Prepare Mixed) (G1 Evacuation Pause)
[2026-07-01T02:16:17.337+0000][39.863s][info][gc,task     ] GC(72) Using 2 workers of 2 for evacuation
[2026-07-01T02:16:17.350+0000][39.876s][info][gc,phases   ] GC(72)   Pre Evacuate Collection Set: 0.13ms
[2026-07-01T02:16:17.350+0000][39.876s][info][gc,phases   ] GC(72)   Merge Heap Roots: 0.34ms
[2026-07-01T02:16:17.350+0000][39.876s][info][gc,phases   ] GC(72)   Evacuate Collection Set: 12.15ms
[2026-07-01T02:16:17.350+0000][39.876s][info][gc,phases   ] GC(72)   Post Evacuate Collection Set: 0.39ms
[2026-07-01T02:16:17.350+0000][39.876s][info][gc,phases   ] GC(72)   Other: 0.05ms
[2026-07-01T02:16:17.350+0000][39.877s][info][gc,heap     ] GC(72) Eden regions: 97->0(98)
[2026-07-01T02:16:17.350+0000][39.877s][info][gc,heap     ] GC(72) Survivor regions: 7->7(13)
[2026-07-01T02:16:17.350+0000][39.877s][info][gc,heap     ] GC(72) Old regions: 158->158
[2026-07-01T02:16:17.350+0000][39.877s][info][gc,heap     ] GC(72) Humongous regions: 3->3
[2026-07-01T02:16:17.350+0000][39.877s][info][gc,metaspace] GC(72) Metaspace: 41685K(42432K)->41685K(42432K) NonClass: 36543K(36928K)->36543K(36928K) Class: 5141K(5504K)->5141K(5504K)
[2026-07-01T02:16:17.350+0000][39.877s][info][gc          ] GC(72) Pause Young (Prepare Mixed) (G1 Evacuation Pause) 263M->166M(280M) 13.295ms
[2026-07-01T02:16:17.350+0000][39.877s][info][gc,cpu      ] GC(72) User=0.03s Sys=0.00s Real=0.02s
[2026-07-01T02:16:18.176+0000][40.702s][info][gc,start    ] GC(73) Pause Young (Mixed) (G1 Evacuation Pause)
[2026-07-01T02:16:18.176+0000][40.703s][info][gc,task     ] GC(73) Using 2 workers of 2 for evacuation
[2026-07-01T02:16:18.195+0000][40.721s][info][gc,phases   ] GC(73)   Pre Evacuate Collection Set: 0.19ms
[2026-07-01T02:16:18.195+0000][40.721s][info][gc,phases   ] GC(73)   Merge Heap Roots: 0.25ms
[2026-07-01T02:16:18.195+0000][40.721s][info][gc,phases   ] GC(73)   Evacuate Collection Set: 17.35ms
[2026-07-01T02:16:18.195+0000][40.721s][info][gc,phases   ] GC(73)   Post Evacuate Collection Set: 0.48ms
[2026-07-01T02:16:18.195+0000][40.721s][info][gc,phases   ] GC(73)   Other: 0.07ms
[2026-07-01T02:16:18.195+0000][40.721s][info][gc,heap     ] GC(73) Eden regions: 98->0(98)
[2026-07-01T02:16:18.195+0000][40.721s][info][gc,heap     ] GC(73) Survivor regions: 7->7(14)
[2026-07-01T02:16:18.195+0000][40.721s][info][gc,heap     ] GC(73) Old regions: 158->158
[2026-07-01T02:16:18.195+0000][40.721s][info][gc,heap     ] GC(73) Humongous regions: 3->3
[2026-07-01T02:16:18.195+0000][40.721s][info][gc,metaspace] GC(73) Metaspace: 41685K(42432K)->41685K(42432K) NonClass: 36543K(36928K)->36543K(36928K) Class: 5141K(5504K)->5141K(5504K)
[2026-07-01T02:16:18.195+0000][40.721s][info][gc          ] GC(73) Pause Young (Mixed) (G1 Evacuation Pause) 264M->166M(280M) 18.499ms
[2026-07-01T02:16:18.195+0000][40.721s][info][gc,cpu      ] GC(73) User=0.04s Sys=0.00s Real=0.02s
[2026-07-01T02:16:18.891+0000][41.417s][info][gc,start    ] GC(74) Pause Young (Concurrent Start) (G1 Evacuation Pause)
[2026-07-01T02:16:18.891+0000][41.417s][info][gc,task     ] GC(74) Using 2 workers of 2 for evacuation
[2026-07-01T02:16:18.908+0000][41.434s][info][gc,phases   ] GC(74)   Pre Evacuate Collection Set: 0.18ms
[2026-07-01T02:16:18.908+0000][41.434s][info][gc,phases   ] GC(74)   Merge Heap Roots: 0.29ms
[2026-07-01T02:16:18.908+0000][41.434s][info][gc,phases   ] GC(74)   Evacuate Collection Set: 15.64ms
[2026-07-01T02:16:18.908+0000][41.434s][info][gc,phases   ] GC(74)   Post Evacuate Collection Set: 0.46ms
[2026-07-01T02:16:18.908+0000][41.434s][info][gc,phases   ] GC(74)   Other: 0.08ms
[2026-07-01T02:16:18.908+0000][41.434s][info][gc,heap     ] GC(74) Eden regions: 98->0(98)
[2026-07-01T02:16:18.908+0000][41.434s][info][gc,heap     ] GC(74) Survivor regions: 7->7(14)
[2026-07-01T02:16:18.908+0000][41.434s][info][gc,heap     ] GC(74) Old regions: 158->158
[2026-07-01T02:16:18.908+0000][41.434s][info][gc,heap     ] GC(74) Humongous regions: 3->3
[2026-07-01T02:16:18.908+0000][41.434s][info][gc,metaspace] GC(74) Metaspace: 41685K(42432K)->41685K(42432K) NonClass: 36543K(36928K)->36543K(36928K) Class: 5141K(5504K)->5141K(5504K)
[2026-07-01T02:16:18.908+0000][41.434s][info][gc          ] GC(74) Pause Young (Concurrent Start) (G1 Evacuation Pause) 264M->167M(280M) 16.825ms
[2026-07-01T02:16:18.908+0000][41.434s][info][gc,cpu      ] GC(74) User=0.03s Sys=0.01s Real=0.01s
[2026-07-01T02:16:18.908+0000][41.434s][info][gc          ] GC(75) Concurrent Mark Cycle
[2026-07-01T02:16:18.908+0000][41.434s][info][gc,marking  ] GC(75) Concurrent Scan Root Regions
[2026-07-01T02:16:18.937+0000][41.463s][info][gc,marking  ] GC(75) Concurrent Scan Root Regions 29.268ms
[2026-07-01T02:16:18.937+0000][41.463s][info][gc,marking  ] GC(75) Concurrent Mark
[2026-07-01T02:16:18.937+0000][41.463s][info][gc,marking  ] GC(75) Concurrent Mark From Roots
[2026-07-01T02:16:18.937+0000][41.463s][info][gc,task     ] GC(75) Using 1 workers of 1 for marking
[2026-07-01T02:16:19.664+0000][42.190s][info][gc,marking  ] GC(75) Concurrent Mark From Roots 726.676ms
[2026-07-01T02:16:19.664+0000][42.190s][info][gc,marking  ] GC(75) Concurrent Preclean
[2026-07-01T02:16:19.664+0000][42.190s][info][gc,marking  ] GC(75) Concurrent Preclean 0.085ms
[2026-07-01T02:16:19.664+0000][42.190s][info][gc,start    ] GC(75) Pause Remark
[2026-07-01T02:16:19.672+0000][42.198s][info][gc          ] GC(75) Pause Remark 246M->246M(280M) 7.479ms
[2026-07-01T02:16:19.672+0000][42.198s][info][gc,cpu      ] GC(75) User=0.02s Sys=0.00s Real=0.01s
[2026-07-01T02:16:19.674+0000][42.201s][info][gc,marking  ] GC(75) Concurrent Mark 737.270ms
[2026-07-01T02:16:19.675+0000][42.201s][info][gc,marking  ] GC(75) Concurrent Rebuild Remembered Sets and Scrub Regions
[2026-07-01T02:16:19.857+0000][42.384s][info][gc,marking  ] GC(75) Concurrent Rebuild Remembered Sets and Scrub Regions 182.851ms
[2026-07-01T02:16:19.858+0000][42.384s][info][gc,start    ] GC(75) Pause Cleanup
[2026-07-01T02:16:19.858+0000][42.384s][info][gc          ] GC(75) Pause Cleanup 259M->259M(280M) 0.119ms
[2026-07-01T02:16:19.858+0000][42.384s][info][gc,cpu      ] GC(75) User=0.00s Sys=0.00s Real=0.00s
[2026-07-01T02:16:19.859+0000][42.386s][info][gc,marking  ] GC(75) Concurrent Clear Claimed Marks
[2026-07-01T02:16:19.860+0000][42.386s][info][gc,marking  ] GC(75) Concurrent Clear Claimed Marks 0.098ms
[2026-07-01T02:16:19.860+0000][42.386s][info][gc,marking  ] GC(75) Concurrent Cleanup for Next Mark
[2026-07-01T02:16:19.860+0000][42.386s][info][gc,marking  ] GC(75) Concurrent Cleanup for Next Mark 0.427ms
[2026-07-01T02:16:19.860+0000][42.386s][info][gc          ] GC(75) Concurrent Mark Cycle 952.209ms
[2026-07-01T02:16:19.936+0000][42.462s][info][gc,start    ] GC(76) Pause Young (Prepare Mixed) (G1 Evacuation Pause)
[2026-07-01T02:16:19.936+0000][42.462s][info][gc,task     ] GC(76) Using 2 workers of 2 for evacuation
[2026-07-01T02:16:19.952+0000][42.478s][info][gc,phases   ] GC(76)   Pre Evacuate Collection Set: 0.16ms
[2026-07-01T02:16:19.952+0000][42.478s][info][gc,phases   ] GC(76)   Merge Heap Roots: 0.40ms
[2026-07-01T02:16:19.952+0000][42.478s][info][gc,phases   ] GC(76)   Evacuate Collection Set: 15.29ms
[2026-07-01T02:16:19.952+0000][42.478s][info][gc,phases   ] GC(76)   Post Evacuate Collection Set: 0.58ms
[2026-07-01T02:16:19.952+0000][42.478s][info][gc,phases   ] GC(76)   Other: 0.09ms
[2026-07-01T02:16:19.952+0000][42.479s][info][gc,heap     ] GC(76) Eden regions: 98->0(97)
[2026-07-01T02:16:19.952+0000][42.479s][info][gc,heap     ] GC(76) Survivor regions: 7->7(14)
[2026-07-01T02:16:19.952+0000][42.479s][info][gc,heap     ] GC(76) Old regions: 158->159
[2026-07-01T02:16:19.952+0000][42.479s][info][gc,heap     ] GC(76) Humongous regions: 3->3
[2026-07-01T02:16:19.952+0000][42.479s][info][gc,metaspace] GC(76) Metaspace: 41685K(42432K)->41685K(42432K) NonClass: 36544K(36928K)->36544K(36928K) Class: 5141K(5504K)->5141K(5504K)
[2026-07-01T02:16:19.952+0000][42.479s][info][gc          ] GC(76) Pause Young (Prepare Mixed) (G1 Evacuation Pause) 265M->167M(280M) 16.726ms
[2026-07-01T02:16:19.952+0000][42.479s][info][gc,cpu      ] GC(76) User=0.04s Sys=0.00s Real=0.02s
[2026-07-01T02:16:20.759+0000][43.285s][info][gc,start    ] GC(77) Pause Young (Mixed) (G1 Evacuation Pause)
[2026-07-01T02:16:20.759+0000][43.285s][info][gc,task     ] GC(77) Using 2 workers of 2 for evacuation
[2026-07-01T02:16:20.780+0000][43.306s][info][gc,phases   ] GC(77)   Pre Evacuate Collection Set: 0.17ms
[2026-07-01T02:16:20.780+0000][43.306s][info][gc,phases   ] GC(77)   Merge Heap Roots: 0.27ms
[2026-07-01T02:16:20.780+0000][43.306s][info][gc,phases   ] GC(77)   Evacuate Collection Set: 19.68ms
[2026-07-01T02:16:20.780+0000][43.306s][info][gc,phases   ] GC(77)   Post Evacuate Collection Set: 0.65ms
[2026-07-01T02:16:20.780+0000][43.306s][info][gc,phases   ] GC(77)   Other: 0.08ms
[2026-07-01T02:16:20.780+0000][43.306s][info][gc,heap     ] GC(77) Eden regions: 97->0(97)
[2026-07-01T02:16:20.780+0000][43.306s][info][gc,heap     ] GC(77) Survivor regions: 7->7(13)
[2026-07-01T02:16:20.780+0000][43.306s][info][gc,heap     ] GC(77) Old regions: 159->159
[2026-07-01T02:16:20.780+0000][43.306s][info][gc,heap     ] GC(77) Humongous regions: 3->3
[2026-07-01T02:16:20.780+0000][43.306s][info][gc,metaspace] GC(77) Metaspace: 41687K(42432K)->41687K(42432K) NonClass: 36546K(36928K)->36546K(36928K) Class: 5141K(5504K)->5141K(5504K)
[2026-07-01T02:16:20.780+0000][43.306s][info][gc          ] GC(77) Pause Young (Mixed) (G1 Evacuation Pause) 264M->167M(280M) 20.986ms
[2026-07-01T02:16:20.780+0000][43.306s][info][gc,cpu      ] GC(77) User=0.04s Sys=0.00s Real=0.02s
[2026-07-01T02:16:21.374+0000][43.900s][info][gc,start    ] GC(78) Pause Young (Concurrent Start) (G1 Evacuation Pause)
[2026-07-01T02:16:21.374+0000][43.900s][info][gc,task     ] GC(78) Using 2 workers of 2 for evacuation
[2026-07-01T02:16:21.387+0000][43.913s][info][gc,phases   ] GC(78)   Pre Evacuate Collection Set: 0.27ms
[2026-07-01T02:16:21.387+0000][43.913s][info][gc,phases   ] GC(78)   Merge Heap Roots: 0.30ms
[2026-07-01T02:16:21.387+0000][43.913s][info][gc,phases   ] GC(78)   Evacuate Collection Set: 12.12ms
[2026-07-01T02:16:21.387+0000][43.913s][info][gc,phases   ] GC(78)   Post Evacuate Collection Set: 0.35ms
[2026-07-01T02:16:21.387+0000][43.913s][info][gc,phases   ] GC(78)   Other: 0.07ms
[2026-07-01T02:16:21.387+0000][43.913s][info][gc,heap     ] GC(78) Eden regions: 97->0(97)
[2026-07-01T02:16:21.387+0000][43.913s][info][gc,heap     ] GC(78) Survivor regions: 7->7(13)
[2026-07-01T02:16:21.387+0000][43.913s][info][gc,heap     ] GC(78) Old regions: 159->159
[2026-07-01T02:16:21.387+0000][43.913s][info][gc,heap     ] GC(78) Humongous regions: 3->3
[2026-07-01T02:16:21.387+0000][43.913s][info][gc,metaspace] GC(78) Metaspace: 41687K(42432K)->41687K(42432K) NonClass: 36546K(36928K)->36546K(36928K) Class: 5141K(5504K)->5141K(5504K)
[2026-07-01T02:16:21.387+0000][43.913s][info][gc          ] GC(78) Pause Young (Concurrent Start) (G1 Evacuation Pause) 264M->168M(280M) 13.281ms
[2026-07-01T02:16:21.387+0000][43.913s][info][gc,cpu      ] GC(78) User=0.03s Sys=0.01s Real=0.01s
[2026-07-01T02:16:21.387+0000][43.913s][info][gc          ] GC(79) Concurrent Mark Cycle
[2026-07-01T02:16:21.387+0000][43.913s][info][gc,marking  ] GC(79) Concurrent Scan Root Regions
[2026-07-01T02:16:21.423+0000][43.949s][info][gc,marking  ] GC(79) Concurrent Scan Root Regions 36.077ms
[2026-07-01T02:16:21.424+0000][43.950s][info][gc,marking  ] GC(79) Concurrent Mark
[2026-07-01T02:16:21.424+0000][43.950s][info][gc,marking  ] GC(79) Concurrent Mark From Roots
[2026-07-01T02:16:21.424+0000][43.950s][info][gc,task     ] GC(79) Using 1 workers of 1 for marking
[2026-07-01T02:16:22.048+0000][44.574s][info][gc,marking  ] GC(79) Concurrent Mark From Roots 624.068ms
[2026-07-01T02:16:22.048+0000][44.574s][info][gc,marking  ] GC(79) Concurrent Preclean
[2026-07-01T02:16:22.048+0000][44.574s][info][gc,marking  ] GC(79) Concurrent Preclean 0.090ms
[2026-07-01T02:16:22.048+0000][44.574s][info][gc,start    ] GC(79) Pause Remark
[2026-07-01T02:16:22.056+0000][44.582s][info][gc          ] GC(79) Pause Remark 237M->237M(282M) 7.927ms
[2026-07-01T02:16:22.056+0000][44.582s][info][gc,cpu      ] GC(79) User=0.02s Sys=0.00s Real=0.00s
[2026-07-01T02:16:22.065+0000][44.591s][info][gc,marking  ] GC(79) Concurrent Mark 641.131ms
[2026-07-01T02:16:22.065+0000][44.591s][info][gc,marking  ] GC(79) Concurrent Rebuild Remembered Sets and Scrub Regions
[2026-07-01T02:16:22.249+0000][44.776s][info][gc,marking  ] GC(79) Concurrent Rebuild Remembered Sets and Scrub Regions 184.625ms
[2026-07-01T02:16:22.250+0000][44.776s][info][gc,start    ] GC(79) Pause Cleanup
[2026-07-01T02:16:22.250+0000][44.776s][info][gc          ] GC(79) Pause Cleanup 252M->252M(282M) 0.157ms
[2026-07-01T02:16:22.250+0000][44.776s][info][gc,cpu      ] GC(79) User=0.00s Sys=0.00s Real=0.00s
[2026-07-01T02:16:22.250+0000][44.776s][info][gc,marking  ] GC(79) Concurrent Clear Claimed Marks
[2026-07-01T02:16:22.250+0000][44.776s][info][gc,marking  ] GC(79) Concurrent Clear Claimed Marks 0.093ms
[2026-07-01T02:16:22.250+0000][44.776s][info][gc,marking  ] GC(79) Concurrent Cleanup for Next Mark
[2026-07-01T02:16:22.251+0000][44.777s][info][gc,marking  ] GC(79) Concurrent Cleanup for Next Mark 0.511ms
[2026-07-01T02:16:22.251+0000][44.777s][info][gc          ] GC(79) Concurrent Mark Cycle 863.526ms
[2026-07-01T02:16:22.393+0000][44.919s][info][gc,start    ] GC(80) Pause Young (Prepare Mixed) (G1 Evacuation Pause)
[2026-07-01T02:16:22.393+0000][44.919s][info][gc,task     ] GC(80) Using 2 workers of 2 for evacuation
[2026-07-01T02:16:22.426+0000][44.952s][info][gc,phases   ] GC(80)   Pre Evacuate Collection Set: 0.15ms
[2026-07-01T02:16:22.426+0000][44.952s][info][gc,phases   ] GC(80)   Merge Heap Roots: 0.42ms
[2026-07-01T02:16:22.426+0000][44.952s][info][gc,phases   ] GC(80)   Evacuate Collection Set: 31.74ms
[2026-07-01T02:16:22.426+0000][44.952s][info][gc,phases   ] GC(80)   Post Evacuate Collection Set: 0.81ms
[2026-07-01T02:16:22.426+0000][44.952s][info][gc,phases   ] GC(80)   Other: 0.05ms
[2026-07-01T02:16:22.426+0000][44.952s][info][gc,heap     ] GC(80) Eden regions: 96->0(98)
[2026-07-01T02:16:22.426+0000][44.952s][info][gc,heap     ] GC(80) Survivor regions: 7->7(13)
[2026-07-01T02:16:22.426+0000][44.952s][info][gc,heap     ] GC(80) Old regions: 159->159
[2026-07-01T02:16:22.426+0000][44.952s][info][gc,heap     ] GC(80) Humongous regions: 3->3
[2026-07-01T02:16:22.426+0000][44.952s][info][gc,metaspace] GC(80) Metaspace: 41692K(42432K)->41692K(42432K) NonClass: 36551K(36928K)->36551K(36928K) Class: 5141K(5504K)->5141K(5504K)
[2026-07-01T02:16:22.426+0000][44.952s][info][gc          ] GC(80) Pause Young (Prepare Mixed) (G1 Evacuation Pause) 264M->168M(282M) 33.397ms
[2026-07-01T02:16:22.426+0000][44.952s][info][gc,cpu      ] GC(80) User=0.07s Sys=0.00s Real=0.03s
[2026-07-01T02:16:23.208+0000][45.734s][info][gc,start    ] GC(81) Pause Young (Mixed) (G1 Evacuation Pause)
[2026-07-01T02:16:23.208+0000][45.734s][info][gc,task     ] GC(81) Using 2 workers of 2 for evacuation
[2026-07-01T02:16:23.225+0000][45.751s][info][gc,phases   ] GC(81)   Pre Evacuate Collection Set: 0.20ms
[2026-07-01T02:16:23.225+0000][45.751s][info][gc,phases   ] GC(81)   Merge Heap Roots: 0.85ms
[2026-07-01T02:16:23.225+0000][45.751s][info][gc,phases   ] GC(81)   Evacuate Collection Set: 15.27ms
[2026-07-01T02:16:23.225+0000][45.751s][info][gc,phases   ] GC(81)   Post Evacuate Collection Set: 0.87ms
[2026-07-01T02:16:23.225+0000][45.751s][info][gc,phases   ] GC(81)   Other: 0.06ms
[2026-07-01T02:16:23.225+0000][45.751s][info][gc,heap     ] GC(81) Eden regions: 98->0(154)
[2026-07-01T02:16:23.225+0000][45.751s][info][gc,heap     ] GC(81) Survivor regions: 7->7(14)
[2026-07-01T02:16:23.225+0000][45.751s][info][gc,heap     ] GC(81) Old regions: 159->159
[2026-07-01T02:16:23.225+0000][45.751s][info][gc,heap     ] GC(81) Humongous regions: 3->3
[2026-07-01T02:16:23.225+0000][45.751s][info][gc,metaspace] GC(81) Metaspace: 41692K(42432K)->41692K(42432K) NonClass: 36551K(36928K)->36551K(36928K) Class: 5141K(5504K)->5141K(5504K)
[2026-07-01T02:16:23.225+0000][45.752s][info][gc          ] GC(81) Pause Young (Mixed) (G1 Evacuation Pause) 266M->169M(341M) 17.450ms
[2026-07-01T02:16:23.225+0000][45.752s][info][gc,cpu      ] GC(81) User=0.04s Sys=0.00s Real=0.02s
[2026-07-01T02:16:24.279+0000][46.805s][info][gc,start    ] GC(82) Pause Young (Concurrent Start) (G1 Evacuation Pause)
[2026-07-01T02:16:24.279+0000][46.805s][info][gc,task     ] GC(82) Using 2 workers of 2 for evacuation
[2026-07-01T02:16:24.298+0000][46.824s][info][gc,phases   ] GC(82)   Pre Evacuate Collection Set: 0.85ms
[2026-07-01T02:16:24.298+0000][46.824s][info][gc,phases   ] GC(82)   Merge Heap Roots: 1.32ms
[2026-07-01T02:16:24.298+0000][46.824s][info][gc,phases   ] GC(82)   Evacuate Collection Set: 16.55ms
[2026-07-01T02:16:24.298+0000][46.824s][info][gc,phases   ] GC(82)   Post Evacuate Collection Set: 0.45ms
[2026-07-01T02:16:24.298+0000][46.824s][info][gc,phases   ] GC(82)   Other: 0.11ms
[2026-07-01T02:16:24.298+0000][46.824s][info][gc,heap     ] GC(82) Eden regions: 154->0(153)
[2026-07-01T02:16:24.298+0000][46.824s][info][gc,heap     ] GC(82) Survivor regions: 7->7(21)
[2026-07-01T02:16:24.298+0000][46.824s][info][gc,heap     ] GC(82) Old regions: 159->160
[2026-07-01T02:16:24.298+0000][46.824s][info][gc,heap     ] GC(82) Humongous regions: 3->3
[2026-07-01T02:16:24.298+0000][46.824s][info][gc,metaspace] GC(82) Metaspace: 41692K(42432K)->41692K(42432K) NonClass: 36551K(36928K)->36551K(36928K) Class: 5141K(5504K)->5141K(5504K)
[2026-07-01T02:16:24.298+0000][46.824s][info][gc          ] GC(82) Pause Young (Concurrent Start) (G1 Evacuation Pause) 323M->169M(341M) 19.427ms
[2026-07-01T02:16:24.298+0000][46.824s][info][gc,cpu      ] GC(82) User=0.05s Sys=0.00s Real=0.01s
[2026-07-01T02:16:24.298+0000][46.824s][info][gc          ] GC(83) Concurrent Mark Cycle
[2026-07-01T02:16:24.298+0000][46.824s][info][gc,marking  ] GC(83) Concurrent Scan Root Regions
[2026-07-01T02:16:24.364+0000][46.890s][info][gc,marking  ] GC(83) Concurrent Scan Root Regions 65.917ms
[2026-07-01T02:16:24.364+0000][46.890s][info][gc,marking  ] GC(83) Concurrent Mark
[2026-07-01T02:16:24.364+0000][46.890s][info][gc,marking  ] GC(83) Concurrent Mark From Roots
[2026-07-01T02:16:24.364+0000][46.890s][info][gc,task     ] GC(83) Using 1 workers of 1 for marking
[2026-07-01T02:16:25.130+0000][47.656s][info][gc,marking  ] GC(83) Concurrent Mark From Roots 765.902ms
[2026-07-01T02:16:25.130+0000][47.656s][info][gc,marking  ] GC(83) Concurrent Preclean
[2026-07-01T02:16:25.130+0000][47.656s][info][gc,marking  ] GC(83) Concurrent Preclean 0.093ms
[2026-07-01T02:16:25.135+0000][47.661s][info][gc,start    ] GC(83) Pause Remark
[2026-07-01T02:16:25.141+0000][47.667s][info][gc          ] GC(83) Pause Remark 267M->267M(341M) 6.102ms
[2026-07-01T02:16:25.141+0000][47.667s][info][gc,cpu      ] GC(83) User=0.01s Sys=0.00s Real=0.01s
[2026-07-01T02:16:25.144+0000][47.670s][info][gc,marking  ] GC(83) Concurrent Mark 780.163ms
[2026-07-01T02:16:25.144+0000][47.670s][info][gc,marking  ] GC(83) Concurrent Rebuild Remembered Sets and Scrub Regions
[2026-07-01T02:16:25.398+0000][47.924s][info][gc,marking  ] GC(83) Concurrent Rebuild Remembered Sets and Scrub Regions 254.046ms
[2026-07-01T02:16:25.398+0000][47.925s][info][gc,start    ] GC(83) Pause Cleanup
[2026-07-01T02:16:25.399+0000][47.925s][info][gc          ] GC(83) Pause Cleanup 285M->285M(341M) 0.503ms
[2026-07-01T02:16:25.399+0000][47.925s][info][gc,cpu      ] GC(83) User=0.00s Sys=0.00s Real=0.00s
[2026-07-01T02:16:25.399+0000][47.925s][info][gc,marking  ] GC(83) Concurrent Clear Claimed Marks
[2026-07-01T02:16:25.399+0000][47.926s][info][gc,marking  ] GC(83) Concurrent Clear Claimed Marks 0.097ms
[2026-07-01T02:16:25.399+0000][47.926s][info][gc,marking  ] GC(83) Concurrent Cleanup for Next Mark
[2026-07-01T02:16:25.402+0000][47.928s][info][gc,marking  ] GC(83) Concurrent Cleanup for Next Mark 2.299ms
[2026-07-01T02:16:25.402+0000][47.928s][info][gc          ] GC(83) Concurrent Mark Cycle 1103.675ms
[2026-07-01T02:16:25.769+0000][48.295s][info][gc,start    ] GC(84) Pause Young (Prepare Mixed) (G1 Evacuation Pause)
[2026-07-01T02:16:25.769+0000][48.295s][info][gc,task     ] GC(84) Using 2 workers of 2 for evacuation
[2026-07-01T02:16:25.806+0000][48.332s][info][gc,phases   ] GC(84)   Pre Evacuate Collection Set: 0.21ms
[2026-07-01T02:16:25.806+0000][48.332s][info][gc,phases   ] GC(84)   Merge Heap Roots: 1.39ms
[2026-07-01T02:16:25.806+0000][48.332s][info][gc,phases   ] GC(84)   Evacuate Collection Set: 34.33ms
[2026-07-01T02:16:25.806+0000][48.332s][info][gc,phases   ] GC(84)   Post Evacuate Collection Set: 0.87ms
[2026-07-01T02:16:25.806+0000][48.332s][info][gc,phases   ] GC(84)   Other: 0.08ms
[2026-07-01T02:16:25.806+0000][48.332s][info][gc,heap     ] GC(84) Eden regions: 153->0(153)
[2026-07-01T02:16:25.806+0000][48.332s][info][gc,heap     ] GC(84) Survivor regions: 7->7(20)
[2026-07-01T02:16:25.806+0000][48.332s][info][gc,heap     ] GC(84) Old regions: 160->160
[2026-07-01T02:16:25.806+0000][48.332s][info][gc,heap     ] GC(84) Humongous regions: 3->3
[2026-07-01T02:16:25.806+0000][48.332s][info][gc,metaspace] GC(84) Metaspace: 41694K(42496K)->41694K(42496K) NonClass: 36552K(36992K)->36552K(36992K) Class: 5141K(5504K)->5141K(5504K)
[2026-07-01T02:16:25.806+0000][48.332s][info][gc          ] GC(84) Pause Young (Prepare Mixed) (G1 Evacuation Pause) 322M->169M(341M) 37.054ms
[2026-07-01T02:16:25.806+0000][48.332s][info][gc,cpu      ] GC(84) User=0.03s Sys=0.00s Real=0.03s
[2026-07-01T02:16:27.380+0000][49.906s][info][gc,start    ] GC(85) Pause Young (Mixed) (G1 Evacuation Pause)
[2026-07-01T02:16:27.380+0000][49.906s][info][gc,task     ] GC(85) Using 2 workers of 2 for evacuation
[2026-07-01T02:16:27.399+0000][49.925s][info][gc,phases   ] GC(85)   Pre Evacuate Collection Set: 0.18ms
[2026-07-01T02:16:27.399+0000][49.925s][info][gc,phases   ] GC(85)   Merge Heap Roots: 0.40ms
[2026-07-01T02:16:27.399+0000][49.925s][info][gc,phases   ] GC(85)   Evacuate Collection Set: 17.36ms
[2026-07-01T02:16:27.399+0000][49.925s][info][gc,phases   ] GC(85)   Post Evacuate Collection Set: 0.42ms
[2026-07-01T02:16:27.399+0000][49.925s][info][gc,phases   ] GC(85)   Other: 0.07ms
[2026-07-01T02:16:27.399+0000][49.925s][info][gc,heap     ] GC(85) Eden regions: 153->0(152)
[2026-07-01T02:16:27.399+0000][49.925s][info][gc,heap     ] GC(85) Survivor regions: 7->8(20)
[2026-07-01T02:16:27.399+0000][49.925s][info][gc,heap     ] GC(85) Old regions: 160->160
[2026-07-01T02:16:27.399+0000][49.925s][info][gc,heap     ] GC(85) Humongous regions: 3->3
[2026-07-01T02:16:27.399+0000][49.925s][info][gc,metaspace] GC(85) Metaspace: 41694K(42496K)->41694K(42496K) NonClass: 36552K(36992K)->36552K(36992K) Class: 5141K(5504K)->5141K(5504K)
[2026-07-01T02:16:27.399+0000][49.925s][info][gc          ] GC(85) Pause Young (Mixed) (G1 Evacuation Pause) 322M->170M(341M) 18.619ms
[2026-07-01T02:16:27.399+0000][49.925s][info][gc,cpu      ] GC(85) User=0.04s Sys=0.00s Real=0.02s
[2026-07-01T02:16:28.320+0000][50.846s][info][gc,start    ] GC(86) Pause Young (Concurrent Start) (G1 Evacuation Pause)
[2026-07-01T02:16:28.320+0000][50.846s][info][gc,task     ] GC(86) Using 2 workers of 2 for evacuation
[2026-07-01T02:16:28.334+0000][50.860s][info][gc,phases   ] GC(86)   Pre Evacuate Collection Set: 0.17ms
[2026-07-01T02:16:28.334+0000][50.860s][info][gc,phases   ] GC(86)   Merge Heap Roots: 0.24ms
[2026-07-01T02:16:28.334+0000][50.861s][info][gc,phases   ] GC(86)   Evacuate Collection Set: 13.45ms
[2026-07-01T02:16:28.334+0000][50.861s][info][gc,phases   ] GC(86)   Post Evacuate Collection Set: 0.43ms
[2026-07-01T02:16:28.334+0000][50.861s][info][gc,phases   ] GC(86)   Other: 0.09ms
[2026-07-01T02:16:28.334+0000][50.861s][info][gc,heap     ] GC(86) Eden regions: 152->0(151)
[2026-07-01T02:16:28.334+0000][50.861s][info][gc,heap     ] GC(86) Survivor regions: 8->8(20)
[2026-07-01T02:16:28.334+0000][50.861s][info][gc,heap     ] GC(86) Old regions: 160->161
[2026-07-01T02:16:28.334+0000][50.861s][info][gc,heap     ] GC(86) Humongous regions: 3->3
[2026-07-01T02:16:28.334+0000][50.861s][info][gc,metaspace] GC(86) Metaspace: 41694K(42496K)->41694K(42496K) NonClass: 36552K(36992K)->36552K(36992K) Class: 5141K(5504K)->5141K(5504K)
[2026-07-01T02:16:28.334+0000][50.861s][info][gc          ] GC(86) Pause Young (Concurrent Start) (G1 Evacuation Pause) 322M->170M(341M) 14.534ms
[2026-07-01T02:16:28.334+0000][50.861s][info][gc          ] GC(87) Concurrent Mark Cycle
[2026-07-01T02:16:28.334+0000][50.861s][info][gc,cpu      ] GC(86) User=0.03s Sys=0.01s Real=0.01s
[2026-07-01T02:16:28.334+0000][50.861s][info][gc,marking  ] GC(87) Concurrent Scan Root Regions
[2026-07-01T02:16:28.358+0000][50.885s][info][gc,marking  ] GC(87) Concurrent Scan Root Regions 23.969ms
[2026-07-01T02:16:28.358+0000][50.885s][info][gc,marking  ] GC(87) Concurrent Mark
[2026-07-01T02:16:28.358+0000][50.885s][info][gc,marking  ] GC(87) Concurrent Mark From Roots
[2026-07-01T02:16:28.358+0000][50.885s][info][gc,task     ] GC(87) Using 1 workers of 1 for marking
[2026-07-01T02:16:28.894+0000][51.420s][info][gc,marking  ] GC(87) Concurrent Mark From Roots 535.491ms
[2026-07-01T02:16:28.894+0000][51.420s][info][gc,marking  ] GC(87) Concurrent Preclean
[2026-07-01T02:16:28.894+0000][51.420s][info][gc,marking  ] GC(87) Concurrent Preclean 0.113ms
[2026-07-01T02:16:28.895+0000][51.421s][info][gc,start    ] GC(87) Pause Remark
[2026-07-01T02:16:28.914+0000][51.440s][info][gc          ] GC(87) Pause Remark 238M->238M(341M) 18.781ms
[2026-07-01T02:16:28.914+0000][51.440s][info][gc,cpu      ] GC(87) User=0.02s Sys=0.00s Real=0.02s
[2026-07-01T02:16:28.920+0000][51.446s][info][gc,marking  ] GC(87) Concurrent Mark 561.100ms
[2026-07-01T02:16:28.920+0000][51.446s][info][gc,marking  ] GC(87) Concurrent Rebuild Remembered Sets and Scrub Regions
[2026-07-01T02:16:29.133+0000][51.659s][info][gc,marking  ] GC(87) Concurrent Rebuild Remembered Sets and Scrub Regions 212.898ms
[2026-07-01T02:16:29.135+0000][51.661s][info][gc,start    ] GC(87) Pause Cleanup
[2026-07-01T02:16:29.135+0000][51.662s][info][gc          ] GC(87) Pause Cleanup 266M->266M(341M) 0.189ms
[2026-07-01T02:16:29.135+0000][51.662s][info][gc,cpu      ] GC(87) User=0.00s Sys=0.00s Real=0.00s
[2026-07-01T02:16:29.139+0000][51.666s][info][gc,marking  ] GC(87) Concurrent Clear Claimed Marks
[2026-07-01T02:16:29.140+0000][51.666s][info][gc,marking  ] GC(87) Concurrent Clear Claimed Marks 0.156ms
[2026-07-01T02:16:29.140+0000][51.666s][info][gc,marking  ] GC(87) Concurrent Cleanup for Next Mark
[2026-07-01T02:16:29.142+0000][51.668s][info][gc,marking  ] GC(87) Concurrent Cleanup for Next Mark 2.102ms
[2026-07-01T02:16:29.142+0000][51.668s][info][gc          ] GC(87) Concurrent Mark Cycle 807.369ms
[2026-07-01T02:16:29.455+0000][51.981s][info][gc,start    ] GC(88) Pause Young (Prepare Mixed) (G1 Evacuation Pause)
[2026-07-01T02:16:29.455+0000][51.981s][info][gc,task     ] GC(88) Using 2 workers of 2 for evacuation
[2026-07-01T02:16:29.475+0000][52.001s][info][gc,phases   ] GC(88)   Pre Evacuate Collection Set: 0.38ms
[2026-07-01T02:16:29.475+0000][52.001s][info][gc,phases   ] GC(88)   Merge Heap Roots: 0.51ms
[2026-07-01T02:16:29.475+0000][52.001s][info][gc,phases   ] GC(88)   Evacuate Collection Set: 18.84ms
[2026-07-01T02:16:29.475+0000][52.001s][info][gc,phases   ] GC(88)   Post Evacuate Collection Set: 0.56ms
[2026-07-01T02:16:29.475+0000][52.001s][info][gc,phases   ] GC(88)   Other: 0.06ms
[2026-07-01T02:16:29.475+0000][52.001s][info][gc,heap     ] GC(88) Eden regions: 151->0(151)
[2026-07-01T02:16:29.475+0000][52.001s][info][gc,heap     ] GC(88) Survivor regions: 8->8(20)
[2026-07-01T02:16:29.475+0000][52.001s][info][gc,heap     ] GC(88) Old regions: 161->161
[2026-07-01T02:16:29.475+0000][52.001s][info][gc,heap     ] GC(88) Humongous regions: 3->3
[2026-07-01T02:16:29.475+0000][52.001s][info][gc,metaspace] GC(88) Metaspace: 41695K(42496K)->41695K(42496K) NonClass: 36553K(36992K)->36553K(36992K) Class: 5141K(5504K)->5141K(5504K)
[2026-07-01T02:16:29.475+0000][52.002s][info][gc          ] GC(88) Pause Young (Prepare Mixed) (G1 Evacuation Pause) 321M->171M(341M) 20.562ms
[2026-07-01T02:16:29.475+0000][52.002s][info][gc,cpu      ] GC(88) User=0.06s Sys=0.00s Real=0.02s
[2026-07-01T02:16:30.666+0000][53.193s][info][gc,start    ] GC(89) Pause Young (Mixed) (G1 Evacuation Pause)
[2026-07-01T02:16:30.667+0000][53.193s][info][gc,task     ] GC(89) Using 2 workers of 2 for evacuation
[2026-07-01T02:16:30.708+0000][53.234s][info][gc,phases   ] GC(89)   Pre Evacuate Collection Set: 0.19ms
[2026-07-01T02:16:30.708+0000][53.234s][info][gc,phases   ] GC(89)   Merge Heap Roots: 0.29ms
[2026-07-01T02:16:30.708+0000][53.234s][info][gc,phases   ] GC(89)   Evacuate Collection Set: 40.08ms
[2026-07-01T02:16:30.708+0000][53.234s][info][gc,phases   ] GC(89)   Post Evacuate Collection Set: 0.53ms
[2026-07-01T02:16:30.708+0000][53.234s][info][gc,phases   ] GC(89)   Other: 0.09ms
[2026-07-01T02:16:30.708+0000][53.234s][info][gc,heap     ] GC(89) Eden regions: 151->0(151)
[2026-07-01T02:16:30.708+0000][53.234s][info][gc,heap     ] GC(89) Survivor regions: 8->8(20)
[2026-07-01T02:16:30.708+0000][53.234s][info][gc,heap     ] GC(89) Old regions: 161->161
[2026-07-01T02:16:30.708+0000][53.234s][info][gc,heap     ] GC(89) Humongous regions: 3->3
[2026-07-01T02:16:30.708+0000][53.234s][info][gc,metaspace] GC(89) Metaspace: 41695K(42496K)->41695K(42496K) NonClass: 36553K(36992K)->36553K(36992K) Class: 5141K(5504K)->5141K(5504K)
[2026-07-01T02:16:30.708+0000][53.234s][info][gc          ] GC(89) Pause Young (Mixed) (G1 Evacuation Pause) 322M->171M(341M) 41.364ms
[2026-07-01T02:16:30.708+0000][53.234s][info][gc,cpu      ] GC(89) User=0.05s Sys=0.00s Real=0.04s
[2026-07-01T02:16:32.149+0000][54.675s][info][gc,start    ] GC(90) Pause Young (Concurrent Start) (G1 Evacuation Pause)
[2026-07-01T02:16:32.149+0000][54.675s][info][gc,task     ] GC(90) Using 2 workers of 2 for evacuation
[2026-07-01T02:16:32.170+0000][54.696s][info][gc,phases   ] GC(90)   Pre Evacuate Collection Set: 0.18ms
[2026-07-01T02:16:32.170+0000][54.696s][info][gc,phases   ] GC(90)   Merge Heap Roots: 0.36ms
[2026-07-01T02:16:32.170+0000][54.696s][info][gc,phases   ] GC(90)   Evacuate Collection Set: 19.46ms
[2026-07-01T02:16:32.170+0000][54.696s][info][gc,phases   ] GC(90)   Post Evacuate Collection Set: 0.51ms
[2026-07-01T02:16:32.170+0000][54.696s][info][gc,phases   ] GC(90)   Other: 0.11ms
[2026-07-01T02:16:32.170+0000][54.696s][info][gc,heap     ] GC(90) Eden regions: 151->0(151)
[2026-07-01T02:16:32.170+0000][54.696s][info][gc,heap     ] GC(90) Survivor regions: 8->8(20)
[2026-07-01T02:16:32.170+0000][54.696s][info][gc,heap     ] GC(90) Old regions: 161->161
[2026-07-01T02:16:32.170+0000][54.696s][info][gc,heap     ] GC(90) Humongous regions: 3->3
[2026-07-01T02:16:32.170+0000][54.696s][info][gc,metaspace] GC(90) Metaspace: 41697K(42496K)->41697K(42496K) NonClass: 36555K(36992K)->36555K(36992K) Class: 5141K(5504K)->5141K(5504K)
[2026-07-01T02:16:32.170+0000][54.696s][info][gc          ] GC(90) Pause Young (Concurrent Start) (G1 Evacuation Pause) 322M->171M(341M) 20.803ms
[2026-07-01T02:16:32.170+0000][54.696s][info][gc,cpu      ] GC(90) User=0.04s Sys=0.00s Real=0.02s
[2026-07-01T02:16:32.170+0000][54.696s][info][gc          ] GC(91) Concurrent Mark Cycle
[2026-07-01T02:16:32.170+0000][54.696s][info][gc,marking  ] GC(91) Concurrent Scan Root Regions
[2026-07-01T02:16:32.185+0000][54.711s][info][gc,marking  ] GC(91) Concurrent Scan Root Regions 15.129ms
[2026-07-01T02:16:32.185+0000][54.711s][info][gc,marking  ] GC(91) Concurrent Mark
[2026-07-01T02:16:32.185+0000][54.711s][info][gc,marking  ] GC(91) Concurrent Mark From Roots
[2026-07-01T02:16:32.185+0000][54.711s][info][gc,task     ] GC(91) Using 1 workers of 1 for marking
[2026-07-01T02:16:32.565+0000][55.091s][info][gc,marking  ] GC(91) Concurrent Mark From Roots 379.624ms
[2026-07-01T02:16:32.565+0000][55.091s][info][gc,marking  ] GC(91) Concurrent Preclean
[2026-07-01T02:16:32.565+0000][55.091s][info][gc,marking  ] GC(91) Concurrent Preclean 0.116ms
[2026-07-01T02:16:32.565+0000][55.091s][info][gc,start    ] GC(91) Pause Remark
[2026-07-01T02:16:32.576+0000][55.102s][info][gc          ] GC(91) Pause Remark 197M->197M(341M) 10.937ms
[2026-07-01T02:16:32.576+0000][55.102s][info][gc,cpu      ] GC(91) User=0.01s Sys=0.01s Real=0.01s
[2026-07-01T02:16:32.579+0000][55.105s][info][gc,marking  ] GC(91) Concurrent Mark 394.118ms
[2026-07-01T02:16:32.579+0000][55.105s][info][gc,marking  ] GC(91) Concurrent Rebuild Remembered Sets and Scrub Regions
[2026-07-01T02:16:32.841+0000][55.367s][info][gc,marking  ] GC(91) Concurrent Rebuild Remembered Sets and Scrub Regions 261.564ms
[2026-07-01T02:16:32.841+0000][55.367s][info][gc,start    ] GC(91) Pause Cleanup
[2026-07-01T02:16:32.841+0000][55.367s][info][gc          ] GC(91) Pause Cleanup 229M->229M(341M) 0.181ms
[2026-07-01T02:16:32.841+0000][55.367s][info][gc,cpu      ] GC(91) User=0.00s Sys=0.00s Real=0.00s
[2026-07-01T02:16:32.842+0000][55.368s][info][gc,marking  ] GC(91) Concurrent Clear Claimed Marks
[2026-07-01T02:16:32.842+0000][55.368s][info][gc,marking  ] GC(91) Concurrent Clear Claimed Marks 0.085ms
[2026-07-01T02:16:32.842+0000][55.368s][info][gc,marking  ] GC(91) Concurrent Cleanup for Next Mark
[2026-07-01T02:16:32.843+0000][55.369s][info][gc,marking  ] GC(91) Concurrent Cleanup for Next Mark 0.683ms
[2026-07-01T02:16:32.843+0000][55.369s][info][gc          ] GC(91) Concurrent Mark Cycle 672.612ms
[2026-07-01T02:16:33.389+0000][55.915s][info][gc,start    ] GC(92) Pause Young (Prepare Mixed) (G1 Evacuation Pause)
[2026-07-01T02:16:33.389+0000][55.915s][info][gc,task     ] GC(92) Using 2 workers of 2 for evacuation
[2026-07-01T02:16:33.406+0000][55.933s][info][gc,phases   ] GC(92)   Pre Evacuate Collection Set: 0.16ms
[2026-07-01T02:16:33.406+0000][55.933s][info][gc,phases   ] GC(92)   Merge Heap Roots: 0.61ms
[2026-07-01T02:16:33.406+0000][55.933s][info][gc,phases   ] GC(92)   Evacuate Collection Set: 15.89ms
[2026-07-01T02:16:33.406+0000][55.933s][info][gc,phases   ] GC(92)   Post Evacuate Collection Set: 0.47ms
[2026-07-01T02:16:33.406+0000][55.933s][info][gc,phases   ] GC(92)   Other: 0.09ms
[2026-07-01T02:16:33.406+0000][55.933s][info][gc,heap     ] GC(92) Eden regions: 151->0(150)
[2026-07-01T02:16:33.406+0000][55.933s][info][gc,heap     ] GC(92) Survivor regions: 8->8(20)
[2026-07-01T02:16:33.406+0000][55.933s][info][gc,heap     ] GC(92) Old regions: 161->162
[2026-07-01T02:16:33.406+0000][55.933s][info][gc,heap     ] GC(92) Humongous regions: 3->3
[2026-07-01T02:16:33.406+0000][55.933s][info][gc,metaspace] GC(92) Metaspace: 41712K(42560K)->41712K(42560K) NonClass: 36569K(37056K)->36569K(37056K) Class: 5143K(5504K)->5143K(5504K)
[2026-07-01T02:16:33.406+0000][55.933s][info][gc          ] GC(92) Pause Young (Prepare Mixed) (G1 Evacuation Pause) 322M->172M(341M) 17.377ms
[2026-07-01T02:16:33.406+0000][55.933s][info][gc,cpu      ] GC(92) User=0.04s Sys=0.00s Real=0.01s
[2026-07-01T02:16:34.216+0000][56.742s][info][gc,start    ] GC(93) Pause Young (Mixed) (G1 Evacuation Pause)
[2026-07-01T02:16:34.216+0000][56.742s][info][gc,task     ] GC(93) Using 2 workers of 2 for evacuation
[2026-07-01T02:16:34.239+0000][56.765s][info][gc,phases   ] GC(93)   Pre Evacuate Collection Set: 0.23ms
[2026-07-01T02:16:34.239+0000][56.765s][info][gc,phases   ] GC(93)   Merge Heap Roots: 0.39ms
[2026-07-01T02:16:34.239+0000][56.765s][info][gc,phases   ] GC(93)   Evacuate Collection Set: 21.74ms
[2026-07-01T02:16:34.239+0000][56.765s][info][gc,phases   ] GC(93)   Post Evacuate Collection Set: 0.49ms
[2026-07-01T02:16:34.239+0000][56.765s][info][gc,phases   ] GC(93)   Other: 0.08ms
[2026-07-01T02:16:34.239+0000][56.765s][info][gc,heap     ] GC(93) Eden regions: 150->0(149)
[2026-07-01T02:16:34.239+0000][56.765s][info][gc,heap     ] GC(93) Survivor regions: 8->9(20)
[2026-07-01T02:16:34.239+0000][56.765s][info][gc,heap     ] GC(93) Old regions: 162->162
[2026-07-01T02:16:34.239+0000][56.765s][info][gc,heap     ] GC(93) Humongous regions: 3->3
[2026-07-01T02:16:34.239+0000][56.765s][info][gc,metaspace] GC(93) Metaspace: 41714K(42560K)->41714K(42560K) NonClass: 36571K(37056K)->36571K(37056K) Class: 5143K(5504K)->5143K(5504K)
[2026-07-01T02:16:34.239+0000][56.765s][info][gc          ] GC(93) Pause Young (Mixed) (G1 Evacuation Pause) 322M->173M(341M) 23.116ms
[2026-07-01T02:16:34.239+0000][56.765s][info][gc,cpu      ] GC(93) User=0.04s Sys=0.00s Real=0.03s
[2026-07-01T02:16:34.958+0000][57.484s][info][gc,start    ] GC(94) Pause Young (Concurrent Start) (G1 Evacuation Pause)
[2026-07-01T02:16:34.958+0000][57.484s][info][gc,task     ] GC(94) Using 2 workers of 2 for evacuation
[2026-07-01T02:16:34.980+0000][57.506s][info][gc,phases   ] GC(94)   Pre Evacuate Collection Set: 0.26ms
[2026-07-01T02:16:34.980+0000][57.506s][info][gc,phases   ] GC(94)   Merge Heap Roots: 0.47ms
[2026-07-01T02:16:34.980+0000][57.506s][info][gc,phases   ] GC(94)   Evacuate Collection Set: 20.85ms
[2026-07-01T02:16:34.980+0000][57.506s][info][gc,phases   ] GC(94)   Post Evacuate Collection Set: 0.47ms
[2026-07-01T02:16:34.980+0000][57.506s][info][gc,phases   ] GC(94)   Other: 0.10ms
[2026-07-01T02:16:34.980+0000][57.506s][info][gc,heap     ] GC(94) Eden regions: 149->0(149)
[2026-07-01T02:16:34.980+0000][57.506s][info][gc,heap     ] GC(94) Survivor regions: 9->9(20)
[2026-07-01T02:16:34.980+0000][57.506s][info][gc,heap     ] GC(94) Old regions: 162->162
[2026-07-01T02:16:34.980+0000][57.506s][info][gc,heap     ] GC(94) Humongous regions: 3->3
[2026-07-01T02:16:34.980+0000][57.506s][info][gc,metaspace] GC(94) Metaspace: 41714K(42560K)->41714K(42560K) NonClass: 36571K(37056K)->36571K(37056K) Class: 5143K(5504K)->5143K(5504K)
[2026-07-01T02:16:34.980+0000][57.506s][info][gc          ] GC(94) Pause Young (Concurrent Start) (G1 Evacuation Pause) 322M->173M(341M) 22.340ms
[2026-07-01T02:16:34.980+0000][57.506s][info][gc          ] GC(95) Concurrent Mark Cycle
[2026-07-01T02:16:34.980+0000][57.506s][info][gc,cpu      ] GC(94) User=0.04s Sys=0.00s Real=0.03s
[2026-07-01T02:16:34.980+0000][57.506s][info][gc,marking  ] GC(95) Concurrent Scan Root Regions
[2026-07-01T02:16:35.004+0000][57.530s][info][gc,marking  ] GC(95) Concurrent Scan Root Regions 24.248ms
[2026-07-01T02:16:35.004+0000][57.531s][info][gc,marking  ] GC(95) Concurrent Mark
[2026-07-01T02:16:35.004+0000][57.531s][info][gc,marking  ] GC(95) Concurrent Mark From Roots
[2026-07-01T02:16:35.004+0000][57.531s][info][gc,task     ] GC(95) Using 1 workers of 1 for marking
[2026-07-01T02:16:35.487+0000][58.013s][info][gc,marking  ] GC(95) Concurrent Mark From Roots 482.294ms
[2026-07-01T02:16:35.487+0000][58.013s][info][gc,marking  ] GC(95) Concurrent Preclean
[2026-07-01T02:16:35.487+0000][58.013s][info][gc,marking  ] GC(95) Concurrent Preclean 0.101ms
[2026-07-01T02:16:35.487+0000][58.013s][info][gc,start    ] GC(95) Pause Remark
[2026-07-01T02:16:35.504+0000][58.030s][info][gc          ] GC(95) Pause Remark 259M->259M(341M) 16.971ms
[2026-07-01T02:16:35.504+0000][58.030s][info][gc,cpu      ] GC(95) User=0.01s Sys=0.01s Real=0.02s
[2026-07-01T02:16:35.509+0000][58.035s][info][gc,marking  ] GC(95) Concurrent Mark 504.715ms
[2026-07-01T02:16:35.511+0000][58.037s][info][gc,marking  ] GC(95) Concurrent Rebuild Remembered Sets and Scrub Regions
[2026-07-01T02:16:35.631+0000][58.157s][info][gc,marking  ] GC(95) Concurrent Rebuild Remembered Sets and Scrub Regions 119.895ms
[2026-07-01T02:16:35.631+0000][58.157s][info][gc,start    ] GC(95) Pause Cleanup
[2026-07-01T02:16:35.631+0000][58.157s][info][gc          ] GC(95) Pause Cleanup 271M->271M(341M) 0.195ms
[2026-07-01T02:16:35.631+0000][58.157s][info][gc,cpu      ] GC(95) User=0.00s Sys=0.00s Real=0.00s
[2026-07-01T02:16:35.632+0000][58.158s][info][gc,marking  ] GC(95) Concurrent Clear Claimed Marks
[2026-07-01T02:16:35.632+0000][58.158s][info][gc,marking  ] GC(95) Concurrent Clear Claimed Marks 0.088ms
[2026-07-01T02:16:35.632+0000][58.158s][info][gc,marking  ] GC(95) Concurrent Cleanup for Next Mark
[2026-07-01T02:16:35.633+0000][58.159s][info][gc,marking  ] GC(95) Concurrent Cleanup for Next Mark 0.640ms
[2026-07-01T02:16:35.633+0000][58.159s][info][gc          ] GC(95) Concurrent Mark Cycle 652.814ms
[2026-07-01T02:16:36.025+0000][58.551s][info][gc,start    ] GC(96) Pause Young (Prepare Mixed) (G1 Evacuation Pause)
[2026-07-01T02:16:36.025+0000][58.551s][info][gc,task     ] GC(96) Using 2 workers of 2 for evacuation
[2026-07-01T02:16:36.069+0000][58.595s][info][gc,phases   ] GC(96)   Pre Evacuate Collection Set: 0.21ms
[2026-07-01T02:16:36.069+0000][58.595s][info][gc,phases   ] GC(96)   Merge Heap Roots: 0.98ms
[2026-07-01T02:16:36.069+0000][58.595s][info][gc,phases   ] GC(96)   Evacuate Collection Set: 41.94ms
[2026-07-01T02:16:36.069+0000][58.595s][info][gc,phases   ] GC(96)   Post Evacuate Collection Set: 0.84ms
[2026-07-01T02:16:36.069+0000][58.595s][info][gc,phases   ] GC(96)   Other: 0.08ms
[2026-07-01T02:16:36.069+0000][58.595s][info][gc,heap     ] GC(96) Eden regions: 149->0(148)
[2026-07-01T02:16:36.069+0000][58.595s][info][gc,heap     ] GC(96) Survivor regions: 9->9(20)
[2026-07-01T02:16:36.069+0000][58.595s][info][gc,heap     ] GC(96) Old regions: 162->163
[2026-07-01T02:16:36.069+0000][58.595s][info][gc,heap     ] GC(96) Humongous regions: 3->3
[2026-07-01T02:16:36.069+0000][58.595s][info][gc,metaspace] GC(96) Metaspace: 41721K(42560K)->41721K(42560K) NonClass: 36578K(37056K)->36578K(37056K) Class: 5143K(5504K)->5143K(5504K)
[2026-07-01T02:16:36.069+0000][58.595s][info][gc          ] GC(96) Pause Young (Prepare Mixed) (G1 Evacuation Pause) 322M->173M(341M) 44.277ms
[2026-07-01T02:16:36.069+0000][58.595s][info][gc,cpu      ] GC(96) User=0.04s Sys=0.00s Real=0.05s
[2026-07-01T02:16:37.138+0000][59.664s][info][gc,start    ] GC(97) Pause Young (Mixed) (G1 Evacuation Pause)
[2026-07-01T02:16:37.138+0000][59.664s][info][gc,task     ] GC(97) Using 2 workers of 2 for evacuation
[2026-07-01T02:16:37.197+0000][59.724s][info][gc,phases   ] GC(97)   Pre Evacuate Collection Set: 0.24ms
[2026-07-01T02:16:37.197+0000][59.724s][info][gc,phases   ] GC(97)   Merge Heap Roots: 0.69ms
[2026-07-01T02:16:37.198+0000][59.724s][info][gc,phases   ] GC(97)   Evacuate Collection Set: 57.34ms
[2026-07-01T02:16:37.198+0000][59.724s][info][gc,phases   ] GC(97)   Post Evacuate Collection Set: 0.85ms
[2026-07-01T02:16:37.198+0000][59.724s][info][gc,phases   ] GC(97)   Other: 0.09ms
[2026-07-01T02:16:37.198+0000][59.724s][info][gc,heap     ] GC(97) Eden regions: 148->0(148)
[2026-07-01T02:16:37.198+0000][59.724s][info][gc,heap     ] GC(97) Survivor regions: 9->9(20)
[2026-07-01T02:16:37.198+0000][59.724s][info][gc,heap     ] GC(97) Old regions: 163->163
[2026-07-01T02:16:37.198+0000][59.724s][info][gc,heap     ] GC(97) Humongous regions: 3->3
[2026-07-01T02:16:37.198+0000][59.724s][info][gc,metaspace] GC(97) Metaspace: 41733K(42560K)->41733K(42560K) NonClass: 36590K(37056K)->36590K(37056K) Class: 5143K(5504K)->5143K(5504K)
[2026-07-01T02:16:37.198+0000][59.724s][info][gc          ] GC(97) Pause Young (Mixed) (G1 Evacuation Pause) 321M->174M(341M) 59.386ms
[2026-07-01T02:16:37.198+0000][59.724s][info][gc,cpu      ] GC(97) User=0.05s Sys=0.00s Real=0.05s
[2026-07-01T02:16:38.217+0000][60.743s][info][gc,start    ] GC(98) Pause Young (Concurrent Start) (G1 Evacuation Pause)
[2026-07-01T02:16:38.217+0000][60.743s][info][gc,task     ] GC(98) Using 2 workers of 2 for evacuation
[2026-07-01T02:16:38.259+0000][60.785s][info][gc,phases   ] GC(98)   Pre Evacuate Collection Set: 0.32ms
[2026-07-01T02:16:38.259+0000][60.785s][info][gc,phases   ] GC(98)   Merge Heap Roots: 0.69ms
[2026-07-01T02:16:38.259+0000][60.785s][info][gc,phases   ] GC(98)   Evacuate Collection Set: 40.69ms
[2026-07-01T02:16:38.259+0000][60.785s][info][gc,phases   ] GC(98)   Post Evacuate Collection Set: 0.59ms
[2026-07-01T02:16:38.259+0000][60.785s][info][gc,phases   ] GC(98)   Other: 0.10ms
[2026-07-01T02:16:38.259+0000][60.785s][info][gc,heap     ] GC(98) Eden regions: 148->0(148)
[2026-07-01T02:16:38.259+0000][60.785s][info][gc,heap     ] GC(98) Survivor regions: 9->9(20)
[2026-07-01T02:16:38.259+0000][60.785s][info][gc,heap     ] GC(98) Old regions: 163->163
[2026-07-01T02:16:38.259+0000][60.785s][info][gc,heap     ] GC(98) Humongous regions: 3->3
[2026-07-01T02:16:38.259+0000][60.785s][info][gc,metaspace] GC(98) Metaspace: 41733K(42560K)->41733K(42560K) NonClass: 36590K(37056K)->36590K(37056K) Class: 5143K(5504K)->5143K(5504K)
[2026-07-01T02:16:38.259+0000][60.786s][info][gc          ] GC(98) Pause Young (Concurrent Start) (G1 Evacuation Pause) 322M->174M(341M) 42.603ms
[2026-07-01T02:16:38.259+0000][60.786s][info][gc          ] GC(99) Concurrent Mark Cycle
[2026-07-01T02:16:38.259+0000][60.786s][info][gc,marking  ] GC(99) Concurrent Scan Root Regions
[2026-07-01T02:16:38.259+0000][60.786s][info][gc,cpu      ] GC(98) User=0.04s Sys=0.00s Real=0.05s
[2026-07-01T02:16:38.282+0000][60.808s][info][gc,marking  ] GC(99) Concurrent Scan Root Regions 22.204ms
[2026-07-01T02:16:38.282+0000][60.808s][info][gc,marking  ] GC(99) Concurrent Mark
[2026-07-01T02:16:38.282+0000][60.808s][info][gc,marking  ] GC(99) Concurrent Mark From Roots
[2026-07-01T02:16:38.282+0000][60.808s][info][gc,task     ] GC(99) Using 1 workers of 1 for marking
[2026-07-01T02:16:38.634+0000][61.160s][info][gc,marking  ] GC(99) Concurrent Mark From Roots 352.374ms
[2026-07-01T02:16:38.634+0000][61.160s][info][gc,marking  ] GC(99) Concurrent Preclean
[2026-07-01T02:16:38.634+0000][61.161s][info][gc,marking  ] GC(99) Concurrent Preclean 0.119ms
[2026-07-01T02:16:38.634+0000][61.161s][info][gc,start    ] GC(99) Pause Remark
[2026-07-01T02:16:38.642+0000][61.168s][info][gc          ] GC(99) Pause Remark 226M->226M(341M) 7.255ms
[2026-07-01T02:16:38.642+0000][61.168s][info][gc,cpu      ] GC(99) User=0.01s Sys=0.00s Real=0.01s
[2026-07-01T02:16:38.646+0000][61.172s][info][gc,marking  ] GC(99) Concurrent Mark 363.962ms
[2026-07-01T02:16:38.646+0000][61.172s][info][gc,marking  ] GC(99) Concurrent Rebuild Remembered Sets and Scrub Regions
[2026-07-01T02:16:38.903+0000][61.430s][info][gc,marking  ] GC(99) Concurrent Rebuild Remembered Sets and Scrub Regions 257.789ms
[2026-07-01T02:16:38.904+0000][61.430s][info][gc,start    ] GC(99) Pause Cleanup
[2026-07-01T02:16:38.904+0000][61.430s][info][gc          ] GC(99) Pause Cleanup 277M->277M(341M) 0.178ms
[2026-07-01T02:16:38.904+0000][61.430s][info][gc,cpu      ] GC(99) User=0.00s Sys=0.00s Real=0.00s
[2026-07-01T02:16:38.904+0000][61.430s][info][gc,marking  ] GC(99) Concurrent Clear Claimed Marks
[2026-07-01T02:16:38.904+0000][61.430s][info][gc,marking  ] GC(99) Concurrent Clear Claimed Marks 0.091ms
[2026-07-01T02:16:38.904+0000][61.430s][info][gc,marking  ] GC(99) Concurrent Cleanup for Next Mark
[2026-07-01T02:16:38.905+0000][61.431s][info][gc,marking  ] GC(99) Concurrent Cleanup for Next Mark 0.585ms
[2026-07-01T02:16:38.905+0000][61.431s][info][gc          ] GC(99) Concurrent Mark Cycle 645.200ms
[2026-07-01T02:16:39.115+0000][61.641s][info][gc,start    ] GC(100) Pause Young (Prepare Mixed) (G1 Evacuation Pause)
[2026-07-01T02:16:39.115+0000][61.641s][info][gc,task     ] GC(100) Using 2 workers of 2 for evacuation
[2026-07-01T02:16:39.139+0000][61.665s][info][gc,phases   ] GC(100)   Pre Evacuate Collection Set: 0.13ms
[2026-07-01T02:16:39.139+0000][61.665s][info][gc,phases   ] GC(100)   Merge Heap Roots: 0.53ms
[2026-07-01T02:16:39.139+0000][61.665s][info][gc,phases   ] GC(100)   Evacuate Collection Set: 22.24ms
[2026-07-01T02:16:39.139+0000][61.665s][info][gc,phases   ] GC(100)   Post Evacuate Collection Set: 0.51ms
[2026-07-01T02:16:39.139+0000][61.665s][info][gc,phases   ] GC(100)   Other: 0.05ms
[2026-07-01T02:16:39.139+0000][61.665s][info][gc,heap     ] GC(100) Eden regions: 148->0(146)
[2026-07-01T02:16:39.139+0000][61.665s][info][gc,heap     ] GC(100) Survivor regions: 9->10(20)
[2026-07-01T02:16:39.139+0000][61.665s][info][gc,heap     ] GC(100) Old regions: 163->164
[2026-07-01T02:16:39.139+0000][61.665s][info][gc,heap     ] GC(100) Humongous regions: 3->3
[2026-07-01T02:16:39.139+0000][61.665s][info][gc,metaspace] GC(100) Metaspace: 41733K(42560K)->41733K(42560K) NonClass: 36590K(37056K)->36590K(37056K) Class: 5143K(5504K)->5143K(5504K)
[2026-07-01T02:16:39.139+0000][61.665s][info][gc          ] GC(100) Pause Young (Prepare Mixed) (G1 Evacuation Pause) 322M->175M(341M) 23.636ms
[2026-07-01T02:16:39.139+0000][61.665s][info][gc,cpu      ] GC(100) User=0.04s Sys=0.00s Real=0.03s
[2026-07-01T02:16:39.835+0000][62.361s][info][gc,start    ] GC(101) Pause Young (Mixed) (G1 Evacuation Pause)
[2026-07-01T02:16:39.835+0000][62.361s][info][gc,task     ] GC(101) Using 2 workers of 2 for evacuation
[2026-07-01T02:16:39.859+0000][62.385s][info][gc,phases   ] GC(101)   Pre Evacuate Collection Set: 0.29ms
[2026-07-01T02:16:39.859+0000][62.385s][info][gc,phases   ] GC(101)   Merge Heap Roots: 0.67ms
[2026-07-01T02:16:39.859+0000][62.385s][info][gc,phases   ] GC(101)   Evacuate Collection Set: 21.91ms
[2026-07-01T02:16:39.859+0000][62.385s][info][gc,phases   ] GC(101)   Post Evacuate Collection Set: 0.43ms
[2026-07-01T02:16:39.859+0000][62.385s][info][gc,phases   ] GC(101)   Other: 0.05ms
[2026-07-01T02:16:39.859+0000][62.385s][info][gc,heap     ] GC(101) Eden regions: 146->0(146)
[2026-07-01T02:16:39.859+0000][62.385s][info][gc,heap     ] GC(101) Survivor regions: 10->10(20)
[2026-07-01T02:16:39.859+0000][62.385s][info][gc,heap     ] GC(101) Old regions: 164->164
[2026-07-01T02:16:39.859+0000][62.385s][info][gc,heap     ] GC(101) Humongous regions: 3->3
[2026-07-01T02:16:39.859+0000][62.385s][info][gc,metaspace] GC(101) Metaspace: 41734K(42560K)->41734K(42560K) NonClass: 36590K(37056K)->36590K(37056K) Class: 5143K(5504K)->5143K(5504K)
[2026-07-01T02:16:39.859+0000][62.385s][info][gc          ] GC(101) Pause Young (Mixed) (G1 Evacuation Pause) 321M->175M(341M) 23.500ms
[2026-07-01T02:16:39.859+0000][62.385s][info][gc,cpu      ] GC(101) User=0.04s Sys=0.00s Real=0.03s
[2026-07-01T02:16:40.548+0000][63.074s][info][gc,start    ] GC(102) Pause Young (Concurrent Start) (G1 Evacuation Pause)
[2026-07-01T02:16:40.548+0000][63.074s][info][gc,task     ] GC(102) Using 2 workers of 2 for evacuation
[2026-07-01T02:16:40.565+0000][63.091s][info][gc,phases   ] GC(102)   Pre Evacuate Collection Set: 0.17ms
[2026-07-01T02:16:40.565+0000][63.091s][info][gc,phases   ] GC(102)   Merge Heap Roots: 0.34ms
[2026-07-01T02:16:40.565+0000][63.091s][info][gc,phases   ] GC(102)   Evacuate Collection Set: 15.77ms
[2026-07-01T02:16:40.565+0000][63.091s][info][gc,phases   ] GC(102)   Post Evacuate Collection Set: 0.39ms
[2026-07-01T02:16:40.565+0000][63.091s][info][gc,phases   ] GC(102)   Other: 0.07ms
[2026-07-01T02:16:40.565+0000][63.091s][info][gc,heap     ] GC(102) Eden regions: 146->0(146)
[2026-07-01T02:16:40.565+0000][63.091s][info][gc,heap     ] GC(102) Survivor regions: 10->10(20)
[2026-07-01T02:16:40.565+0000][63.091s][info][gc,heap     ] GC(102) Old regions: 164->164
[2026-07-01T02:16:40.565+0000][63.091s][info][gc,heap     ] GC(102) Humongous regions: 3->3
[2026-07-01T02:16:40.565+0000][63.091s][info][gc,metaspace] GC(102) Metaspace: 41735K(42560K)->41735K(42560K) NonClass: 36591K(37056K)->36591K(37056K) Class: 5143K(5504K)->5143K(5504K)
[2026-07-01T02:16:40.565+0000][63.091s][info][gc          ] GC(102) Pause Young (Concurrent Start) (G1 Evacuation Pause) 321M->176M(341M) 16.912ms
[2026-07-01T02:16:40.565+0000][63.091s][info][gc          ] GC(103) Concurrent Mark Cycle
[2026-07-01T02:16:40.565+0000][63.091s][info][gc,cpu      ] GC(102) User=0.03s Sys=0.00s Real=0.01s
[2026-07-01T02:16:40.565+0000][63.091s][info][gc,marking  ] GC(103) Concurrent Scan Root Regions
[2026-07-01T02:16:40.582+0000][63.108s][info][gc,marking  ] GC(103) Concurrent Scan Root Regions 16.955ms
[2026-07-01T02:16:40.582+0000][63.108s][info][gc,marking  ] GC(103) Concurrent Mark
[2026-07-01T02:16:40.582+0000][63.108s][info][gc,marking  ] GC(103) Concurrent Mark From Roots
[2026-07-01T02:16:40.582+0000][63.108s][info][gc,task     ] GC(103) Using 1 workers of 1 for marking
[2026-07-01T02:16:41.143+0000][63.669s][info][gc,marking  ] GC(103) Concurrent Mark From Roots 560.616ms
[2026-07-01T02:16:41.143+0000][63.669s][info][gc,marking  ] GC(103) Concurrent Preclean
[2026-07-01T02:16:41.143+0000][63.669s][info][gc,marking  ] GC(103) Concurrent Preclean 0.126ms
[2026-07-01T02:16:41.143+0000][63.669s][info][gc,start    ] GC(103) Pause Remark
[2026-07-01T02:16:41.150+0000][63.676s][info][gc          ] GC(103) Pause Remark 283M->283M(341M) 6.502ms
[2026-07-01T02:16:41.150+0000][63.676s][info][gc,cpu      ] GC(103) User=0.01s Sys=0.00s Real=0.01s
[2026-07-01T02:16:41.153+0000][63.679s][info][gc,marking  ] GC(103) Concurrent Mark 571.071ms
[2026-07-01T02:16:41.153+0000][63.679s][info][gc,marking  ] GC(103) Concurrent Rebuild Remembered Sets and Scrub Regions
[2026-07-01T02:16:41.309+0000][63.836s][info][gc,marking  ] GC(103) Concurrent Rebuild Remembered Sets and Scrub Regions 156.285ms
[2026-07-01T02:16:41.310+0000][63.836s][info][gc,start    ] GC(103) Pause Cleanup
[2026-07-01T02:16:41.310+0000][63.836s][info][gc          ] GC(103) Pause Cleanup 314M->314M(341M) 0.153ms
[2026-07-01T02:16:41.310+0000][63.836s][info][gc,cpu      ] GC(103) User=0.00s Sys=0.00s Real=0.00s
[2026-07-01T02:16:41.310+0000][63.836s][info][gc,marking  ] GC(103) Concurrent Clear Claimed Marks
[2026-07-01T02:16:41.310+0000][63.837s][info][gc,marking  ] GC(103) Concurrent Clear Claimed Marks 0.179ms
[2026-07-01T02:16:41.311+0000][63.837s][info][gc,marking  ] GC(103) Concurrent Cleanup for Next Mark
[2026-07-01T02:16:41.314+0000][63.840s][info][gc,marking  ] GC(103) Concurrent Cleanup for Next Mark 3.301ms
[2026-07-01T02:16:41.314+0000][63.840s][info][gc          ] GC(103) Concurrent Mark Cycle 748.881ms
[2026-07-01T02:16:41.351+0000][63.878s][info][gc,start    ] GC(104) Pause Young (Prepare Mixed) (G1 Evacuation Pause)
[2026-07-01T02:16:41.352+0000][63.878s][info][gc,task     ] GC(104) Using 2 workers of 2 for evacuation
[2026-07-01T02:16:41.369+0000][63.895s][info][gc,phases   ] GC(104)   Pre Evacuate Collection Set: 0.18ms
[2026-07-01T02:16:41.369+0000][63.895s][info][gc,phases   ] GC(104)   Merge Heap Roots: 0.65ms
[2026-07-01T02:16:41.369+0000][63.895s][info][gc,phases   ] GC(104)   Evacuate Collection Set: 15.63ms
[2026-07-01T02:16:41.369+0000][63.895s][info][gc,phases   ] GC(104)   Post Evacuate Collection Set: 0.46ms
[2026-07-01T02:16:41.369+0000][63.895s][info][gc,phases   ] GC(104)   Other: 0.05ms
[2026-07-01T02:16:41.369+0000][63.895s][info][gc,heap     ] GC(104) Eden regions: 146->0(146)
[2026-07-01T02:16:41.369+0000][63.895s][info][gc,heap     ] GC(104) Survivor regions: 10->9(20)
[2026-07-01T02:16:41.369+0000][63.895s][info][gc,heap     ] GC(104) Old regions: 164->165
[2026-07-01T02:16:41.369+0000][63.895s][info][gc,heap     ] GC(104) Humongous regions: 3->3
[2026-07-01T02:16:41.369+0000][63.895s][info][gc,metaspace] GC(104) Metaspace: 41740K(42560K)->41740K(42560K) NonClass: 36596K(37056K)->36596K(37056K) Class: 5143K(5504K)->5143K(5504K)
[2026-07-01T02:16:41.369+0000][63.895s][info][gc          ] GC(104) Pause Young (Prepare Mixed) (G1 Evacuation Pause) 322M->176M(341M) 17.119ms
[2026-07-01T02:16:41.369+0000][63.895s][info][gc,cpu      ] GC(104) User=0.04s Sys=0.00s Real=0.02s
[2026-07-01T02:16:42.043+0000][64.569s][info][gc,start    ] GC(105) Pause Young (Mixed) (G1 Evacuation Pause)
[2026-07-01T02:16:42.043+0000][64.569s][info][gc,task     ] GC(105) Using 2 workers of 2 for evacuation
[2026-07-01T02:16:42.068+0000][64.594s][info][gc,phases   ] GC(105)   Pre Evacuate Collection Set: 0.22ms
[2026-07-01T02:16:42.068+0000][64.594s][info][gc,phases   ] GC(105)   Merge Heap Roots: 0.34ms
[2026-07-01T02:16:42.068+0000][64.594s][info][gc,phases   ] GC(105)   Evacuate Collection Set: 23.91ms
[2026-07-01T02:16:42.068+0000][64.594s][info][gc,phases   ] GC(105)   Post Evacuate Collection Set: 0.46ms
[2026-07-01T02:16:42.068+0000][64.594s][info][gc,phases   ] GC(105)   Other: 0.07ms
[2026-07-01T02:16:42.068+0000][64.594s][info][gc,heap     ] GC(105) Eden regions: 146->0(145)
[2026-07-01T02:16:42.068+0000][64.594s][info][gc,heap     ] GC(105) Survivor regions: 9->10(20)
[2026-07-01T02:16:42.068+0000][64.594s][info][gc,heap     ] GC(105) Old regions: 165->165
[2026-07-01T02:16:42.068+0000][64.594s][info][gc,heap     ] GC(105) Humongous regions: 3->3
[2026-07-01T02:16:42.068+0000][64.594s][info][gc,metaspace] GC(105) Metaspace: 41740K(42560K)->41740K(42560K) NonClass: 36596K(37056K)->36596K(37056K) Class: 5143K(5504K)->5143K(5504K)
[2026-07-01T02:16:42.068+0000][64.594s][info][gc          ] GC(105) Pause Young (Mixed) (G1 Evacuation Pause) 322M->177M(341M) 25.165ms
[2026-07-01T02:16:42.068+0000][64.594s][info][gc,cpu      ] GC(105) User=0.05s Sys=0.00s Real=0.02s
[2026-07-01T02:16:43.210+0000][65.737s][info][gc,start    ] GC(106) Pause Young (Concurrent Start) (G1 Evacuation Pause)
[2026-07-01T02:16:43.210+0000][65.737s][info][gc,task     ] GC(106) Using 2 workers of 2 for evacuation
[2026-07-01T02:16:43.258+0000][65.784s][info][gc,phases   ] GC(106)   Pre Evacuate Collection Set: 0.23ms
[2026-07-01T02:16:43.258+0000][65.784s][info][gc,phases   ] GC(106)   Merge Heap Roots: 0.56ms
[2026-07-01T02:16:43.258+0000][65.784s][info][gc,phases   ] GC(106)   Evacuate Collection Set: 45.42ms
[2026-07-01T02:16:43.258+0000][65.784s][info][gc,phases   ] GC(106)   Post Evacuate Collection Set: 0.79ms
[2026-07-01T02:16:43.258+0000][65.784s][info][gc,phases   ] GC(106)   Other: 0.08ms
[2026-07-01T02:16:43.258+0000][65.784s][info][gc,heap     ] GC(106) Eden regions: 145->0(145)
[2026-07-01T02:16:43.258+0000][65.784s][info][gc,heap     ] GC(106) Survivor regions: 10->9(20)
[2026-07-01T02:16:43.258+0000][65.784s][info][gc,heap     ] GC(106) Old regions: 165->166
[2026-07-01T02:16:43.258+0000][65.784s][info][gc,heap     ] GC(106) Humongous regions: 3->3
[2026-07-01T02:16:43.258+0000][65.784s][info][gc,metaspace] GC(106) Metaspace: 41740K(42560K)->41740K(42560K) NonClass: 36596K(37056K)->36596K(37056K) Class: 5143K(5504K)->5143K(5504K)
[2026-07-01T02:16:43.258+0000][65.784s][info][gc          ] GC(106) Pause Young (Concurrent Start) (G1 Evacuation Pause) 322M->177M(341M) 47.274ms
[2026-07-01T02:16:43.258+0000][65.784s][info][gc          ] GC(107) Concurrent Mark Cycle
[2026-07-01T02:16:43.258+0000][65.784s][info][gc,cpu      ] GC(106) User=0.04s Sys=0.00s Real=0.04s
[2026-07-01T02:16:43.258+0000][65.784s][info][gc,marking  ] GC(107) Concurrent Scan Root Regions
[2026-07-01T02:16:43.277+0000][65.803s][info][gc,marking  ] GC(107) Concurrent Scan Root Regions 19.249ms
[2026-07-01T02:16:43.277+0000][65.803s][info][gc,marking  ] GC(107) Concurrent Mark
[2026-07-01T02:16:43.277+0000][65.803s][info][gc,marking  ] GC(107) Concurrent Mark From Roots
[2026-07-01T02:16:43.277+0000][65.803s][info][gc,task     ] GC(107) Using 1 workers of 1 for marking
[2026-07-01T02:16:43.633+0000][66.159s][info][gc,marking  ] GC(107) Concurrent Mark From Roots 355.807ms
[2026-07-01T02:16:43.633+0000][66.159s][info][gc,marking  ] GC(107) Concurrent Preclean
[2026-07-01T02:16:43.633+0000][66.159s][info][gc,marking  ] GC(107) Concurrent Preclean 0.126ms
[2026-07-01T02:16:43.633+0000][66.159s][info][gc,start    ] GC(107) Pause Remark
[2026-07-01T02:16:43.647+0000][66.173s][info][gc          ] GC(107) Pause Remark 216M->216M(341M) 14.203ms
[2026-07-01T02:16:43.647+0000][66.173s][info][gc,cpu      ] GC(107) User=0.02s Sys=0.00s Real=0.01s
[2026-07-01T02:16:43.650+0000][66.177s][info][gc,marking  ] GC(107) Concurrent Mark 373.511ms
[2026-07-01T02:16:43.651+0000][66.177s][info][gc,marking  ] GC(107) Concurrent Rebuild Remembered Sets and Scrub Regions
[2026-07-01T02:16:43.777+0000][66.303s][info][gc,marking  ] GC(107) Concurrent Rebuild Remembered Sets and Scrub Regions 126.069ms
[2026-07-01T02:16:43.777+0000][66.303s][info][gc,start    ] GC(107) Pause Cleanup
[2026-07-01T02:16:43.777+0000][66.303s][info][gc          ] GC(107) Pause Cleanup 229M->229M(341M) 0.157ms
[2026-07-01T02:16:43.777+0000][66.303s][info][gc,cpu      ] GC(107) User=0.00s Sys=0.00s Real=0.00s
[2026-07-01T02:16:43.777+0000][66.304s][info][gc,marking  ] GC(107) Concurrent Clear Claimed Marks
[2026-07-01T02:16:43.777+0000][66.304s][info][gc,marking  ] GC(107) Concurrent Clear Claimed Marks 0.106ms
[2026-07-01T02:16:43.777+0000][66.304s][info][gc,marking  ] GC(107) Concurrent Cleanup for Next Mark
[2026-07-01T02:16:43.778+0000][66.304s][info][gc,marking  ] GC(107) Concurrent Cleanup for Next Mark 0.857ms
[2026-07-01T02:16:43.778+0000][66.305s][info][gc          ] GC(107) Concurrent Mark Cycle 520.715ms
[2026-07-01T02:16:44.512+0000][67.038s][info][gc,start    ] GC(108) Pause Young (Prepare Mixed) (G1 Evacuation Pause)
[2026-07-01T02:16:44.512+0000][67.038s][info][gc,task     ] GC(108) Using 2 workers of 2 for evacuation
[2026-07-01T02:16:44.559+0000][67.085s][info][gc,phases   ] GC(108)   Pre Evacuate Collection Set: 0.21ms
[2026-07-01T02:16:44.559+0000][67.085s][info][gc,phases   ] GC(108)   Merge Heap Roots: 1.05ms
[2026-07-01T02:16:44.559+0000][67.085s][info][gc,phases   ] GC(108)   Evacuate Collection Set: 45.14ms
[2026-07-01T02:16:44.559+0000][67.085s][info][gc,phases   ] GC(108)   Post Evacuate Collection Set: 0.89ms
[2026-07-01T02:16:44.559+0000][67.085s][info][gc,phases   ] GC(108)   Other: 0.08ms
[2026-07-01T02:16:44.559+0000][67.086s][info][gc,heap     ] GC(108) Eden regions: 145->0(145)
[2026-07-01T02:16:44.559+0000][67.086s][info][gc,heap     ] GC(108) Survivor regions: 9->9(20)
[2026-07-01T02:16:44.559+0000][67.086s][info][gc,heap     ] GC(108) Old regions: 166->166
[2026-07-01T02:16:44.559+0000][67.086s][info][gc,heap     ] GC(108) Humongous regions: 3->3
[2026-07-01T02:16:44.559+0000][67.086s][info][gc,metaspace] GC(108) Metaspace: 41740K(42560K)->41740K(42560K) NonClass: 36597K(37056K)->36597K(37056K) Class: 5143K(5504K)->5143K(5504K)
[2026-07-01T02:16:44.559+0000][67.086s][info][gc          ] GC(108) Pause Young (Prepare Mixed) (G1 Evacuation Pause) 322M->177M(341M) 47.566ms
[2026-07-01T02:16:44.559+0000][67.086s][info][gc,cpu      ] GC(108) User=0.05s Sys=0.00s Real=0.05s
[2026-07-01T02:16:45.610+0000][68.136s][info][gc,start    ] GC(109) Pause Young (Mixed) (G1 Evacuation Pause)
[2026-07-01T02:16:45.610+0000][68.136s][info][gc,task     ] GC(109) Using 2 workers of 2 for evacuation
[2026-07-01T02:16:45.636+0000][68.162s][info][gc,phases   ] GC(109)   Pre Evacuate Collection Set: 0.18ms
[2026-07-01T02:16:45.636+0000][68.162s][info][gc,phases   ] GC(109)   Merge Heap Roots: 0.44ms
[2026-07-01T02:16:45.636+0000][68.162s][info][gc,phases   ] GC(109)   Evacuate Collection Set: 25.38ms
[2026-07-01T02:16:45.636+0000][68.162s][info][gc,phases   ] GC(109)   Post Evacuate Collection Set: 0.60ms
[2026-07-01T02:16:45.636+0000][68.162s][info][gc,phases   ] GC(109)   Other: 0.07ms
[2026-07-01T02:16:45.636+0000][68.162s][info][gc,heap     ] GC(109) Eden regions: 145->0(143)
[2026-07-01T02:16:45.636+0000][68.162s][info][gc,heap     ] GC(109) Survivor regions: 9->10(20)
[2026-07-01T02:16:45.636+0000][68.162s][info][gc,heap     ] GC(109) Old regions: 166->167
[2026-07-01T02:16:45.636+0000][68.162s][info][gc,heap     ] GC(109) Humongous regions: 3->3
[2026-07-01T02:16:45.636+0000][68.162s][info][gc,metaspace] GC(109) Metaspace: 41740K(42560K)->41740K(42560K) NonClass: 36597K(37056K)->36597K(37056K) Class: 5143K(5504K)->5143K(5504K)
[2026-07-01T02:16:45.636+0000][68.163s][info][gc          ] GC(109) Pause Young (Mixed) (G1 Evacuation Pause) 322M->178M(341M) 26.845ms
[2026-07-01T02:16:45.636+0000][68.163s][info][gc,cpu      ] GC(109) User=0.05s Sys=0.00s Real=0.02s
[2026-07-01T02:16:46.412+0000][68.938s][info][gc,start    ] GC(110) Pause Young (Concurrent Start) (G1 Evacuation Pause)
[2026-07-01T02:16:46.412+0000][68.938s][info][gc,task     ] GC(110) Using 2 workers of 2 for evacuation
[2026-07-01T02:16:46.430+0000][68.956s][info][gc,phases   ] GC(110)   Pre Evacuate Collection Set: 0.21ms
[2026-07-01T02:16:46.430+0000][68.956s][info][gc,phases   ] GC(110)   Merge Heap Roots: 0.38ms
[2026-07-01T02:16:46.430+0000][68.956s][info][gc,phases   ] GC(110)   Evacuate Collection Set: 16.42ms
[2026-07-01T02:16:46.430+0000][68.956s][info][gc,phases   ] GC(110)   Post Evacuate Collection Set: 0.43ms
[2026-07-01T02:16:46.430+0000][68.956s][info][gc,phases   ] GC(110)   Other: 0.09ms
[2026-07-01T02:16:46.430+0000][68.956s][info][gc,heap     ] GC(110) Eden regions: 143->0(144)
[2026-07-01T02:16:46.430+0000][68.956s][info][gc,heap     ] GC(110) Survivor regions: 10->9(20)
[2026-07-01T02:16:46.430+0000][68.956s][info][gc,heap     ] GC(110) Old regions: 167->167
[2026-07-01T02:16:46.430+0000][68.956s][info][gc,heap     ] GC(110) Humongous regions: 3->3
[2026-07-01T02:16:46.430+0000][68.956s][info][gc,metaspace] GC(110) Metaspace: 41740K(42560K)->41740K(42560K) NonClass: 36597K(37056K)->36597K(37056K) Class: 5143K(5504K)->5143K(5504K)
[2026-07-01T02:16:46.430+0000][68.956s][info][gc          ] GC(110) Pause Young (Concurrent Start) (G1 Evacuation Pause) 321M->178M(341M) 17.708ms
[2026-07-01T02:16:46.430+0000][68.956s][info][gc          ] GC(111) Concurrent Mark Cycle
[2026-07-01T02:16:46.430+0000][68.956s][info][gc,cpu      ] GC(110) User=0.03s Sys=0.00s Real=0.02s
[2026-07-01T02:16:46.430+0000][68.956s][info][gc,marking  ] GC(111) Concurrent Scan Root Regions
[2026-07-01T02:16:46.449+0000][68.975s][info][gc,marking  ] GC(111) Concurrent Scan Root Regions 19.236ms
[2026-07-01T02:16:46.449+0000][68.975s][info][gc,marking  ] GC(111) Concurrent Mark
[2026-07-01T02:16:46.449+0000][68.975s][info][gc,marking  ] GC(111) Concurrent Mark From Roots
[2026-07-01T02:16:46.449+0000][68.975s][info][gc,task     ] GC(111) Using 1 workers of 1 for marking
[2026-07-01T02:16:47.015+0000][69.541s][info][gc,marking  ] GC(111) Concurrent Mark From Roots 566.129ms
[2026-07-01T02:16:47.015+0000][69.541s][info][gc,marking  ] GC(111) Concurrent Preclean
[2026-07-01T02:16:47.016+0000][69.542s][info][gc,marking  ] GC(111) Concurrent Preclean 0.333ms
[2026-07-01T02:16:47.016+0000][69.542s][info][gc,start    ] GC(111) Pause Remark
[2026-07-01T02:16:47.022+0000][69.548s][info][gc          ] GC(111) Pause Remark 284M->284M(341M) 5.880ms
[2026-07-01T02:16:47.022+0000][69.548s][info][gc,cpu      ] GC(111) User=0.02s Sys=0.00s Real=0.01s
[2026-07-01T02:16:47.028+0000][69.554s][info][gc,marking  ] GC(111) Concurrent Mark 579.077ms
[2026-07-01T02:16:47.028+0000][69.554s][info][gc,marking  ] GC(111) Concurrent Rebuild Remembered Sets and Scrub Regions
[2026-07-01T02:16:47.223+0000][69.749s][info][gc,start    ] GC(112) Pause Young (Normal) (G1 Evacuation Pause)
[2026-07-01T02:16:47.223+0000][69.749s][info][gc,task     ] GC(112) Using 2 workers of 2 for evacuation
[2026-07-01T02:16:47.240+0000][69.766s][info][gc,phases   ] GC(112)   Pre Evacuate Collection Set: 0.13ms
[2026-07-01T02:16:47.240+0000][69.766s][info][gc,phases   ] GC(112)   Merge Heap Roots: 0.55ms
[2026-07-01T02:16:47.240+0000][69.766s][info][gc,phases   ] GC(112)   Evacuate Collection Set: 16.32ms
[2026-07-01T02:16:47.240+0000][69.766s][info][gc,phases   ] GC(112)   Post Evacuate Collection Set: 0.47ms
[2026-07-01T02:16:47.240+0000][69.766s][info][gc,phases   ] GC(112)   Other: 0.05ms
[2026-07-01T02:16:47.240+0000][69.766s][info][gc,heap     ] GC(112) Eden regions: 144->0(142)
[2026-07-01T02:16:47.240+0000][69.766s][info][gc,heap     ] GC(112) Survivor regions: 9->10(20)
[2026-07-01T02:16:47.240+0000][69.766s][info][gc,heap     ] GC(112) Old regions: 167->168
[2026-07-01T02:16:47.240+0000][69.766s][info][gc,heap     ] GC(112) Humongous regions: 3->3
[2026-07-01T02:16:47.240+0000][69.766s][info][gc,metaspace] GC(112) Metaspace: 41742K(42560K)->41742K(42560K) NonClass: 36599K(37056K)->36599K(37056K) Class: 5143K(5504K)->5143K(5504K)
[2026-07-01T02:16:47.240+0000][69.767s][info][gc          ] GC(112) Pause Young (Normal) (G1 Evacuation Pause) 322M->179M(341M) 17.672ms
[2026-07-01T02:16:47.240+0000][69.767s][info][gc,cpu      ] GC(112) User=0.04s Sys=0.00s Real=0.02s
[2026-07-01T02:16:47.286+0000][69.812s][info][gc,marking  ] GC(111) Concurrent Rebuild Remembered Sets and Scrub Regions 257.958ms
[2026-07-01T02:16:47.286+0000][69.812s][info][gc,start    ] GC(111) Pause Cleanup
[2026-07-01T02:16:47.286+0000][69.813s][info][gc          ] GC(111) Pause Cleanup 189M->189M(341M) 0.145ms
[2026-07-01T02:16:47.286+0000][69.813s][info][gc,cpu      ] GC(111) User=0.00s Sys=0.00s Real=0.00s
[2026-07-01T02:16:47.287+0000][69.813s][info][gc,marking  ] GC(111) Concurrent Clear Claimed Marks
[2026-07-01T02:16:47.287+0000][69.813s][info][gc,marking  ] GC(111) Concurrent Clear Claimed Marks 0.231ms
[2026-07-01T02:16:47.287+0000][69.813s][info][gc,marking  ] GC(111) Concurrent Cleanup for Next Mark
[2026-07-01T02:16:47.288+0000][69.814s][info][gc,marking  ] GC(111) Concurrent Cleanup for Next Mark 0.767ms
[2026-07-01T02:16:47.288+0000][69.814s][info][gc          ] GC(111) Concurrent Mark Cycle 858.188ms
[2026-07-01T02:16:47.916+0000][70.442s][info][gc,start    ] GC(113) Pause Young (Prepare Mixed) (G1 Evacuation Pause)
[2026-07-01T02:16:47.916+0000][70.442s][info][gc,task     ] GC(113) Using 2 workers of 2 for evacuation
[2026-07-01T02:16:47.934+0000][70.460s][info][gc,phases   ] GC(113)   Pre Evacuate Collection Set: 0.16ms
[2026-07-01T02:16:47.934+0000][70.460s][info][gc,phases   ] GC(113)   Merge Heap Roots: 0.50ms
[2026-07-01T02:16:47.934+0000][70.460s][info][gc,phases   ] GC(113)   Evacuate Collection Set: 17.13ms
[2026-07-01T02:16:47.934+0000][70.460s][info][gc,phases   ] GC(113)   Post Evacuate Collection Set: 0.39ms
[2026-07-01T02:16:47.934+0000][70.460s][info][gc,phases   ] GC(113)   Other: 0.05ms
[2026-07-01T02:16:47.934+0000][70.460s][info][gc,heap     ] GC(113) Eden regions: 142->0(142)
[2026-07-01T02:16:47.934+0000][70.460s][info][gc,heap     ] GC(113) Survivor regions: 10->10(19)
[2026-07-01T02:16:47.934+0000][70.460s][info][gc,heap     ] GC(113) Old regions: 168->168
[2026-07-01T02:16:47.934+0000][70.460s][info][gc,heap     ] GC(113) Humongous regions: 3->3
[2026-07-01T02:16:47.934+0000][70.460s][info][gc,metaspace] GC(113) Metaspace: 41742K(42560K)->41742K(42560K) NonClass: 36599K(37056K)->36599K(37056K) Class: 5143K(5504K)->5143K(5504K)
[2026-07-01T02:16:47.934+0000][70.460s][info][gc          ] GC(113) Pause Young (Prepare Mixed) (G1 Evacuation Pause) 321M->180M(341M) 18.445ms
[2026-07-01T02:16:47.934+0000][70.460s][info][gc,cpu      ] GC(113) User=0.04s Sys=0.00s Real=0.02s
[2026-07-01T02:16:48.612+0000][71.138s][info][gc,start    ] GC(114) Pause Young (Mixed) (G1 Evacuation Pause)
[2026-07-01T02:16:48.612+0000][71.138s][info][gc,task     ] GC(114) Using 2 workers of 2 for evacuation
[2026-07-01T02:16:48.638+0000][71.164s][info][gc,phases   ] GC(114)   Pre Evacuate Collection Set: 0.21ms
[2026-07-01T02:16:48.638+0000][71.164s][info][gc,phases   ] GC(114)   Merge Heap Roots: 0.58ms
[2026-07-01T02:16:48.638+0000][71.164s][info][gc,phases   ] GC(114)   Evacuate Collection Set: 24.93ms
[2026-07-01T02:16:48.638+0000][71.164s][info][gc,phases   ] GC(114)   Post Evacuate Collection Set: 0.52ms
[2026-07-01T02:16:48.638+0000][71.164s][info][gc,phases   ] GC(114)   Other: 0.06ms
[2026-07-01T02:16:48.638+0000][71.164s][info][gc,heap     ] GC(114) Eden regions: 142->0(142)
[2026-07-01T02:16:48.638+0000][71.164s][info][gc,heap     ] GC(114) Survivor regions: 10->9(19)
[2026-07-01T02:16:48.638+0000][71.164s][info][gc,heap     ] GC(114) Old regions: 168->169
[2026-07-01T02:16:48.638+0000][71.164s][info][gc,heap     ] GC(114) Humongous regions: 3->3
[2026-07-01T02:16:48.638+0000][71.164s][info][gc,metaspace] GC(114) Metaspace: 41742K(42560K)->41742K(42560K) NonClass: 36599K(37056K)->36599K(37056K) Class: 5143K(5504K)->5143K(5504K)
[2026-07-01T02:16:48.638+0000][71.164s][info][gc          ] GC(114) Pause Young (Mixed) (G1 Evacuation Pause) 322M->180M(341M) 26.463ms
[2026-07-01T02:16:48.638+0000][71.164s][info][gc,cpu      ] GC(114) User=0.05s Sys=0.00s Real=0.03s
[2026-07-01T02:16:49.305+0000][71.831s][info][gc,start    ] GC(115) Pause Young (Concurrent Start) (G1 Evacuation Pause)
[2026-07-01T02:16:49.305+0000][71.831s][info][gc,task     ] GC(115) Using 2 workers of 2 for evacuation
[2026-07-01T02:16:49.327+0000][71.853s][info][gc,phases   ] GC(115)   Pre Evacuate Collection Set: 0.26ms
[2026-07-01T02:16:49.327+0000][71.853s][info][gc,phases   ] GC(115)   Merge Heap Roots: 0.63ms
[2026-07-01T02:16:49.327+0000][71.853s][info][gc,phases   ] GC(115)   Evacuate Collection Set: 20.24ms
[2026-07-01T02:16:49.327+0000][71.853s][info][gc,phases   ] GC(115)   Post Evacuate Collection Set: 0.78ms
[2026-07-01T02:16:49.327+0000][71.853s][info][gc,phases   ] GC(115)   Other: 0.09ms
[2026-07-01T02:16:49.327+0000][71.853s][info][gc,heap     ] GC(115) Eden regions: 142->0(142)
[2026-07-01T02:16:49.327+0000][71.853s][info][gc,heap     ] GC(115) Survivor regions: 9->9(19)
[2026-07-01T02:16:49.327+0000][71.853s][info][gc,heap     ] GC(115) Old regions: 169->169
[2026-07-01T02:16:49.327+0000][71.853s][info][gc,heap     ] GC(115) Humongous regions: 3->3
[2026-07-01T02:16:49.327+0000][71.853s][info][gc,metaspace] GC(115) Metaspace: 41742K(42560K)->41742K(42560K) NonClass: 36599K(37056K)->36599K(37056K) Class: 5143K(5504K)->5143K(5504K)
[2026-07-01T02:16:49.327+0000][71.853s][info][gc          ] GC(115) Pause Young (Concurrent Start) (G1 Evacuation Pause) 322M->180M(341M) 22.232ms
[2026-07-01T02:16:49.327+0000][71.853s][info][gc,cpu      ] GC(115) User=0.04s Sys=0.00s Real=0.02s
[2026-07-01T02:16:49.327+0000][71.853s][info][gc          ] GC(116) Concurrent Mark Cycle
[2026-07-01T02:16:49.328+0000][71.854s][info][gc,marking  ] GC(116) Concurrent Scan Root Regions
[2026-07-01T02:16:49.359+0000][71.885s][info][gc,marking  ] GC(116) Concurrent Scan Root Regions 30.808ms
[2026-07-01T02:16:49.359+0000][71.885s][info][gc,marking  ] GC(116) Concurrent Mark
[2026-07-01T02:16:49.359+0000][71.885s][info][gc,marking  ] GC(116) Concurrent Mark From Roots
[2026-07-01T02:16:49.360+0000][71.886s][info][gc,task     ] GC(116) Using 1 workers of 1 for marking
[2026-07-01T02:16:49.879+0000][72.405s][info][gc,marking  ] GC(116) Concurrent Mark From Roots 519.737ms
[2026-07-01T02:16:49.879+0000][72.405s][info][gc,marking  ] GC(116) Concurrent Preclean
[2026-07-01T02:16:49.879+0000][72.405s][info][gc,marking  ] GC(116) Concurrent Preclean 0.151ms
[2026-07-01T02:16:49.879+0000][72.406s][info][gc,start    ] GC(116) Pause Remark
[2026-07-01T02:16:49.887+0000][72.413s][info][gc          ] GC(116) Pause Remark 278M->278M(341M) 7.061ms
[2026-07-01T02:16:49.887+0000][72.413s][info][gc,cpu      ] GC(116) User=0.01s Sys=0.00s Real=0.00s
[2026-07-01T02:16:49.888+0000][72.414s][info][gc,marking  ] GC(116) Concurrent Mark 529.039ms
[2026-07-01T02:16:49.888+0000][72.414s][info][gc,marking  ] GC(116) Concurrent Rebuild Remembered Sets and Scrub Regions
[2026-07-01T02:16:50.000+0000][72.526s][info][gc,marking  ] GC(116) Concurrent Rebuild Remembered Sets and Scrub Regions 112.273ms
[2026-07-01T02:16:50.001+0000][72.527s][info][gc,start    ] GC(116) Pause Cleanup
[2026-07-01T02:16:50.001+0000][72.527s][info][gc          ] GC(116) Pause Cleanup 296M->296M(341M) 0.194ms
[2026-07-01T02:16:50.001+0000][72.527s][info][gc,cpu      ] GC(116) User=0.00s Sys=0.00s Real=0.00s
[2026-07-01T02:16:50.002+0000][72.528s][info][gc,marking  ] GC(116) Concurrent Clear Claimed Marks
[2026-07-01T02:16:50.002+0000][72.528s][info][gc,marking  ] GC(116) Concurrent Clear Claimed Marks 0.096ms
[2026-07-01T02:16:50.002+0000][72.528s][info][gc,marking  ] GC(116) Concurrent Cleanup for Next Mark
[2026-07-01T02:16:50.003+0000][72.529s][info][gc,marking  ] GC(116) Concurrent Cleanup for Next Mark 0.939ms
[2026-07-01T02:16:50.003+0000][72.529s][info][gc          ] GC(116) Concurrent Mark Cycle 676.315ms
[2026-07-01T02:16:50.138+0000][72.664s][info][gc,start    ] GC(117) Pause Young (Prepare Mixed) (G1 Evacuation Pause)
[2026-07-01T02:16:50.138+0000][72.664s][info][gc,task     ] GC(117) Using 2 workers of 2 for evacuation
[2026-07-01T02:16:50.155+0000][72.681s][info][gc,phases   ] GC(117)   Pre Evacuate Collection Set: 0.18ms
[2026-07-01T02:16:50.155+0000][72.681s][info][gc,phases   ] GC(117)   Merge Heap Roots: 0.63ms
[2026-07-01T02:16:50.155+0000][72.681s][info][gc,phases   ] GC(117)   Evacuate Collection Set: 15.56ms
[2026-07-01T02:16:50.155+0000][72.681s][info][gc,phases   ] GC(117)   Post Evacuate Collection Set: 0.46ms
[2026-07-01T02:16:50.155+0000][72.681s][info][gc,phases   ] GC(117)   Other: 0.06ms
[2026-07-01T02:16:50.155+0000][72.681s][info][gc,heap     ] GC(117) Eden regions: 142->0(141)
[2026-07-01T02:16:50.155+0000][72.681s][info][gc,heap     ] GC(117) Survivor regions: 9->9(19)
[2026-07-01T02:16:50.155+0000][72.681s][info][gc,heap     ] GC(117) Old regions: 169->170
[2026-07-01T02:16:50.155+0000][72.681s][info][gc,heap     ] GC(117) Humongous regions: 3->3
[2026-07-01T02:16:50.155+0000][72.681s][info][gc,metaspace] GC(117) Metaspace: 41748K(42560K)->41748K(42560K) NonClass: 36604K(37056K)->36604K(37056K) Class: 5144K(5504K)->5144K(5504K)
[2026-07-01T02:16:50.155+0000][72.681s][info][gc          ] GC(117) Pause Young (Prepare Mixed) (G1 Evacuation Pause) 322M->181M(341M) 17.044ms
[2026-07-01T02:16:50.155+0000][72.681s][info][gc,cpu      ] GC(117) User=0.03s Sys=0.00s Real=0.02s
[2026-07-01T02:16:50.964+0000][73.491s][info][gc,start    ] GC(118) Pause Young (Mixed) (G1 Evacuation Pause)
[2026-07-01T02:16:50.964+0000][73.491s][info][gc,task     ] GC(118) Using 2 workers of 2 for evacuation
[2026-07-01T02:16:51.027+0000][73.553s][info][gc,phases   ] GC(118)   Pre Evacuate Collection Set: 0.16ms
[2026-07-01T02:16:51.027+0000][73.553s][info][gc,phases   ] GC(118)   Merge Heap Roots: 0.30ms
[2026-07-01T02:16:51.027+0000][73.553s][info][gc,phases   ] GC(118)   Evacuate Collection Set: 61.17ms
[2026-07-01T02:16:51.027+0000][73.553s][info][gc,phases   ] GC(118)   Post Evacuate Collection Set: 0.79ms
[2026-07-01T02:16:51.027+0000][73.553s][info][gc,phases   ] GC(118)   Other: 0.06ms
[2026-07-01T02:16:51.027+0000][73.553s][info][gc,heap     ] GC(118) Eden regions: 141->0(141)
[2026-07-01T02:16:51.027+0000][73.553s][info][gc,heap     ] GC(118) Survivor regions: 9->9(19)
[2026-07-01T02:16:51.027+0000][73.553s][info][gc,heap     ] GC(118) Old regions: 170->170
[2026-07-01T02:16:51.027+0000][73.553s][info][gc,heap     ] GC(118) Humongous regions: 3->3
[2026-07-01T02:16:51.027+0000][73.553s][info][gc,metaspace] GC(118) Metaspace: 41753K(42560K)->41753K(42560K) NonClass: 36609K(37056K)->36609K(37056K) Class: 5144K(5504K)->5144K(5504K)
[2026-07-01T02:16:51.027+0000][73.553s][info][gc          ] GC(118) Pause Young (Mixed) (G1 Evacuation Pause) 322M->180M(341M) 62.694ms
[2026-07-01T02:16:51.027+0000][73.553s][info][gc,cpu      ] GC(118) User=0.05s Sys=0.00s Real=0.06s
[2026-07-01T02:16:52.077+0000][74.604s][info][gc,start    ] GC(119) Pause Young (Concurrent Start) (G1 Evacuation Pause)
[2026-07-01T02:16:52.077+0000][74.604s][info][gc,task     ] GC(119) Using 2 workers of 2 for evacuation
[2026-07-01T02:16:52.121+0000][74.647s][info][gc,phases   ] GC(119)   Pre Evacuate Collection Set: 0.20ms
[2026-07-01T02:16:52.121+0000][74.647s][info][gc,phases   ] GC(119)   Merge Heap Roots: 0.55ms
[2026-07-01T02:16:52.121+0000][74.647s][info][gc,phases   ] GC(119)   Evacuate Collection Set: 41.83ms
[2026-07-01T02:16:52.121+0000][74.647s][info][gc,phases   ] GC(119)   Post Evacuate Collection Set: 0.48ms
[2026-07-01T02:16:52.121+0000][74.647s][info][gc,phases   ] GC(119)   Other: 0.08ms
[2026-07-01T02:16:52.121+0000][74.647s][info][gc,heap     ] GC(119) Eden regions: 141->0(140)
[2026-07-01T02:16:52.121+0000][74.647s][info][gc,heap     ] GC(119) Survivor regions: 9->9(19)
[2026-07-01T02:16:52.121+0000][74.647s][info][gc,heap     ] GC(119) Old regions: 170->171
[2026-07-01T02:16:52.121+0000][74.647s][info][gc,heap     ] GC(119) Humongous regions: 3->3
[2026-07-01T02:16:52.121+0000][74.647s][info][gc,metaspace] GC(119) Metaspace: 41753K(42560K)->41753K(42560K) NonClass: 36609K(37056K)->36609K(37056K) Class: 5144K(5504K)->5144K(5504K)
[2026-07-01T02:16:52.121+0000][74.647s][info][gc          ] GC(119) Pause Young (Concurrent Start) (G1 Evacuation Pause) 321M->182M(341M) 43.321ms
[2026-07-01T02:16:52.121+0000][74.647s][info][gc          ] GC(120) Concurrent Mark Cycle
[2026-07-01T02:16:52.121+0000][74.647s][info][gc,cpu      ] GC(119) User=0.04s Sys=0.00s Real=0.05s
[2026-07-01T02:16:52.121+0000][74.647s][info][gc,marking  ] GC(120) Concurrent Scan Root Regions
[2026-07-01T02:16:52.138+0000][74.664s][info][gc,marking  ] GC(120) Concurrent Scan Root Regions 17.102ms
[2026-07-01T02:16:52.138+0000][74.664s][info][gc,marking  ] GC(120) Concurrent Mark
[2026-07-01T02:16:52.138+0000][74.664s][info][gc,marking  ] GC(120) Concurrent Mark From Roots
[2026-07-01T02:16:52.138+0000][74.664s][info][gc,task     ] GC(120) Using 1 workers of 1 for marking
[2026-07-01T02:16:52.542+0000][75.068s][info][gc,marking  ] GC(120) Concurrent Mark From Roots 404.011ms
[2026-07-01T02:16:52.542+0000][75.068s][info][gc,marking  ] GC(120) Concurrent Preclean
[2026-07-01T02:16:52.542+0000][75.068s][info][gc,marking  ] GC(120) Concurrent Preclean 0.143ms
[2026-07-01T02:16:52.542+0000][75.068s][info][gc,start    ] GC(120) Pause Remark
[2026-07-01T02:16:52.549+0000][75.075s][info][gc          ] GC(120) Pause Remark 228M->228M(341M) 6.593ms
[2026-07-01T02:16:52.549+0000][75.075s][info][gc,cpu      ] GC(120) User=0.01s Sys=0.01s Real=0.01s
[2026-07-01T02:16:52.551+0000][75.077s][info][gc,marking  ] GC(120) Concurrent Mark 412.949ms
[2026-07-01T02:16:52.551+0000][75.077s][info][gc,marking  ] GC(120) Concurrent Rebuild Remembered Sets and Scrub Regions
[2026-07-01T02:16:52.662+0000][75.188s][info][gc,marking  ] GC(120) Concurrent Rebuild Remembered Sets and Scrub Regions 111.027ms
[2026-07-01T02:16:52.662+0000][75.188s][info][gc,start    ] GC(120) Pause Cleanup
[2026-07-01T02:16:52.662+0000][75.188s][info][gc          ] GC(120) Pause Cleanup 238M->238M(341M) 0.158ms
[2026-07-01T02:16:52.662+0000][75.188s][info][gc,cpu      ] GC(120) User=0.00s Sys=0.00s Real=0.00s
[2026-07-01T02:16:52.662+0000][75.188s][info][gc,marking  ] GC(120) Concurrent Clear Claimed Marks
[2026-07-01T02:16:52.662+0000][75.189s][info][gc,marking  ] GC(120) Concurrent Clear Claimed Marks 0.084ms
[2026-07-01T02:16:52.662+0000][75.189s][info][gc,marking  ] GC(120) Concurrent Cleanup for Next Mark
[2026-07-01T02:16:52.664+0000][75.190s][info][gc,marking  ] GC(120) Concurrent Cleanup for Next Mark 1.099ms
[2026-07-01T02:16:52.664+0000][75.190s][info][gc          ] GC(120) Concurrent Mark Cycle 542.784ms
[2026-07-01T02:16:53.309+0000][75.835s][info][gc,start    ] GC(121) Pause Young (Prepare Mixed) (G1 Evacuation Pause)
[2026-07-01T02:16:53.309+0000][75.835s][info][gc,task     ] GC(121) Using 2 workers of 2 for evacuation
[2026-07-01T02:16:53.332+0000][75.858s][info][gc,phases   ] GC(121)   Pre Evacuate Collection Set: 0.15ms
[2026-07-01T02:16:53.332+0000][75.858s][info][gc,phases   ] GC(121)   Merge Heap Roots: 0.51ms
[2026-07-01T02:16:53.332+0000][75.858s][info][gc,phases   ] GC(121)   Evacuate Collection Set: 21.85ms
[2026-07-01T02:16:53.332+0000][75.858s][info][gc,phases   ] GC(121)   Post Evacuate Collection Set: 0.50ms
[2026-07-01T02:16:53.332+0000][75.858s][info][gc,phases   ] GC(121)   Other: 0.07ms
[2026-07-01T02:16:53.332+0000][75.858s][info][gc,heap     ] GC(121) Eden regions: 140->0(140)
[2026-07-01T02:16:53.332+0000][75.858s][info][gc,heap     ] GC(121) Survivor regions: 9->9(19)
[2026-07-01T02:16:53.332+0000][75.858s][info][gc,heap     ] GC(121) Old regions: 171->171
[2026-07-01T02:16:53.332+0000][75.858s][info][gc,heap     ] GC(121) Humongous regions: 3->3
[2026-07-01T02:16:53.332+0000][75.858s][info][gc,metaspace] GC(121) Metaspace: 41753K(42560K)->41753K(42560K) NonClass: 36609K(37056K)->36609K(37056K) Class: 5144K(5504K)->5144K(5504K)
[2026-07-01T02:16:53.332+0000][75.858s][info][gc          ] GC(121) Pause Young (Prepare Mixed) (G1 Evacuation Pause) 322M->182M(341M) 23.288ms
[2026-07-01T02:16:53.332+0000][75.858s][info][gc,cpu      ] GC(121) User=0.05s Sys=0.00s Real=0.02s
[2026-07-01T02:16:54.405+0000][76.931s][info][gc,start    ] GC(122) Pause Young (Mixed) (G1 Evacuation Pause)
[2026-07-01T02:16:54.405+0000][76.931s][info][gc,task     ] GC(122) Using 2 workers of 2 for evacuation
[2026-07-01T02:16:54.459+0000][76.985s][info][gc,phases   ] GC(122)   Pre Evacuate Collection Set: 0.13ms
[2026-07-01T02:16:54.459+0000][76.985s][info][gc,phases   ] GC(122)   Merge Heap Roots: 0.45ms
[2026-07-01T02:16:54.459+0000][76.985s][info][gc,phases   ] GC(122)   Evacuate Collection Set: 50.45ms
[2026-07-01T02:16:54.459+0000][76.985s][info][gc,phases   ] GC(122)   Post Evacuate Collection Set: 2.85ms
[2026-07-01T02:16:54.459+0000][76.985s][info][gc,phases   ] GC(122)   Other: 0.06ms
[2026-07-01T02:16:54.459+0000][76.985s][info][gc,heap     ] GC(122) Eden regions: 140->0(140)
[2026-07-01T02:16:54.459+0000][76.985s][info][gc,heap     ] GC(122) Survivor regions: 9->9(19)
[2026-07-01T02:16:54.459+0000][76.985s][info][gc,heap     ] GC(122) Old regions: 171->171
[2026-07-01T02:16:54.459+0000][76.985s][info][gc,heap     ] GC(122) Humongous regions: 3->3
[2026-07-01T02:16:54.459+0000][76.985s][info][gc,metaspace] GC(122) Metaspace: 41754K(42560K)->41754K(42560K) NonClass: 36610K(37056K)->36610K(37056K) Class: 5144K(5504K)->5144K(5504K)
[2026-07-01T02:16:54.459+0000][76.985s][info][gc          ] GC(122) Pause Young (Mixed) (G1 Evacuation Pause) 322M->182M(341M) 54.133ms
[2026-07-01T02:16:54.459+0000][76.985s][info][gc,cpu      ] GC(122) User=0.05s Sys=0.00s Real=0.06s
[2026-07-01T02:16:55.426+0000][77.952s][info][gc,start    ] GC(123) Pause Young (Concurrent Start) (G1 Evacuation Pause)
[2026-07-01T02:16:55.426+0000][77.952s][info][gc,task     ] GC(123) Using 2 workers of 2 for evacuation
[2026-07-01T02:16:55.450+0000][77.977s][info][gc,phases   ] GC(123)   Pre Evacuate Collection Set: 0.28ms
[2026-07-01T02:16:55.451+0000][77.977s][info][gc,phases   ] GC(123)   Merge Heap Roots: 0.52ms
[2026-07-01T02:16:55.451+0000][77.977s][info][gc,phases   ] GC(123)   Evacuate Collection Set: 23.34ms
[2026-07-01T02:16:55.451+0000][77.977s][info][gc,phases   ] GC(123)   Post Evacuate Collection Set: 0.45ms
[2026-07-01T02:16:55.451+0000][77.977s][info][gc,phases   ] GC(123)   Other: 0.08ms
[2026-07-01T02:16:55.451+0000][77.977s][info][gc,heap     ] GC(123) Eden regions: 140->0(139)
[2026-07-01T02:16:55.451+0000][77.977s][info][gc,heap     ] GC(123) Survivor regions: 9->9(19)
[2026-07-01T02:16:55.451+0000][77.977s][info][gc,heap     ] GC(123) Old regions: 171->172
[2026-07-01T02:16:55.451+0000][77.977s][info][gc,heap     ] GC(123) Humongous regions: 3->3
[2026-07-01T02:16:55.451+0000][77.977s][info][gc,metaspace] GC(123) Metaspace: 41754K(42560K)->41754K(42560K) NonClass: 36610K(37056K)->36610K(37056K) Class: 5144K(5504K)->5144K(5504K)
[2026-07-01T02:16:55.451+0000][77.977s][info][gc          ] GC(123) Pause Young (Concurrent Start) (G1 Evacuation Pause) 322M->183M(341M) 24.849ms
[2026-07-01T02:16:55.451+0000][77.977s][info][gc,cpu      ] GC(123) User=0.05s Sys=0.00s Real=0.03s
[2026-07-01T02:16:55.451+0000][77.977s][info][gc          ] GC(124) Concurrent Mark Cycle
[2026-07-01T02:16:55.451+0000][77.977s][info][gc,marking  ] GC(124) Concurrent Scan Root Regions
[2026-07-01T02:16:55.473+0000][77.999s][info][gc,marking  ] GC(124) Concurrent Scan Root Regions 22.058ms
[2026-07-01T02:16:55.473+0000][77.999s][info][gc,marking  ] GC(124) Concurrent Mark
[2026-07-01T02:16:55.473+0000][77.999s][info][gc,marking  ] GC(124) Concurrent Mark From Roots
[2026-07-01T02:16:55.473+0000][77.999s][info][gc,task     ] GC(124) Using 1 workers of 1 for marking
[2026-07-01T02:16:56.131+0000][78.657s][info][gc,marking  ] GC(124) Concurrent Mark From Roots 658.338ms
[2026-07-01T02:16:56.131+0000][78.657s][info][gc,marking  ] GC(124) Concurrent Preclean
[2026-07-01T02:16:56.131+0000][78.658s][info][gc,marking  ] GC(124) Concurrent Preclean 0.326ms
[2026-07-01T02:16:56.132+0000][78.658s][info][gc,start    ] GC(124) Pause Remark
[2026-07-01T02:16:56.138+0000][78.664s][info][gc          ] GC(124) Pause Remark 301M->301M(341M) 6.265ms
[2026-07-01T02:16:56.138+0000][78.664s][info][gc,cpu      ] GC(124) User=0.02s Sys=0.00s Real=0.00s
[2026-07-01T02:16:56.141+0000][78.668s][info][gc,marking  ] GC(124) Concurrent Mark 668.648ms
[2026-07-01T02:16:56.141+0000][78.668s][info][gc,marking  ] GC(124) Concurrent Rebuild Remembered Sets and Scrub Regions
[2026-07-01T02:16:56.240+0000][78.766s][info][gc,start    ] GC(125) Pause Young (Normal) (G1 Evacuation Pause)
[2026-07-01T02:16:56.240+0000][78.767s][info][gc,task     ] GC(125) Using 2 workers of 2 for evacuation
[2026-07-01T02:16:56.257+0000][78.783s][info][gc,phases   ] GC(125)   Pre Evacuate Collection Set: 0.14ms
[2026-07-01T02:16:56.257+0000][78.784s][info][gc,phases   ] GC(125)   Merge Heap Roots: 0.43ms
[2026-07-01T02:16:56.257+0000][78.784s][info][gc,phases   ] GC(125)   Evacuate Collection Set: 15.82ms
[2026-07-01T02:16:56.257+0000][78.784s][info][gc,phases   ] GC(125)   Post Evacuate Collection Set: 0.47ms
[2026-07-01T02:16:56.257+0000][78.784s][info][gc,phases   ] GC(125)   Other: 0.06ms
[2026-07-01T02:16:56.257+0000][78.784s][info][gc,heap     ] GC(125) Eden regions: 139->0(138)
[2026-07-01T02:16:56.257+0000][78.784s][info][gc,heap     ] GC(125) Survivor regions: 9->9(19)
[2026-07-01T02:16:56.257+0000][78.784s][info][gc,heap     ] GC(125) Old regions: 172->173
[2026-07-01T02:16:56.257+0000][78.784s][info][gc,heap     ] GC(125) Humongous regions: 3->3
[2026-07-01T02:16:56.257+0000][78.784s][info][gc,metaspace] GC(125) Metaspace: 41754K(42560K)->41754K(42560K) NonClass: 36610K(37056K)->36610K(37056K) Class: 5144K(5504K)->5144K(5504K)
[2026-07-01T02:16:56.257+0000][78.784s][info][gc          ] GC(125) Pause Young (Normal) (G1 Evacuation Pause) 322M->184M(341M) 17.077ms
[2026-07-01T02:16:56.257+0000][78.784s][info][gc,cpu      ] GC(125) User=0.03s Sys=0.01s Real=0.01s
[2026-07-01T02:16:56.367+0000][78.893s][info][gc,marking  ] GC(124) Concurrent Rebuild Remembered Sets and Scrub Regions 225.499ms
[2026-07-01T02:16:56.367+0000][78.893s][info][gc,start    ] GC(124) Pause Cleanup
[2026-07-01T02:16:56.367+0000][78.894s][info][gc          ] GC(124) Pause Cleanup 204M->204M(341M) 0.185ms
[2026-07-01T02:16:56.367+0000][78.894s][info][gc,cpu      ] GC(124) User=0.00s Sys=0.00s Real=0.00s
[2026-07-01T02:16:56.367+0000][78.894s][info][gc,marking  ] GC(124) Concurrent Clear Claimed Marks
[2026-07-01T02:16:56.368+0000][78.894s][info][gc,marking  ] GC(124) Concurrent Clear Claimed Marks 0.092ms
[2026-07-01T02:16:56.368+0000][78.894s][info][gc,marking  ] GC(124) Concurrent Cleanup for Next Mark
[2026-07-01T02:16:56.368+0000][78.894s][info][gc,marking  ] GC(124) Concurrent Cleanup for Next Mark 0.575ms
[2026-07-01T02:16:56.368+0000][78.894s][info][gc          ] GC(124) Concurrent Mark Cycle 917.549ms
[2026-07-01T02:16:56.921+0000][79.447s][info][gc,start    ] GC(126) Pause Young (Prepare Mixed) (G1 Evacuation Pause)
[2026-07-01T02:16:56.921+0000][79.447s][info][gc,task     ] GC(126) Using 2 workers of 2 for evacuation
[2026-07-01T02:16:56.939+0000][79.465s][info][gc,phases   ] GC(126)   Pre Evacuate Collection Set: 0.19ms
[2026-07-01T02:16:56.939+0000][79.465s][info][gc,phases   ] GC(126)   Merge Heap Roots: 0.50ms
[2026-07-01T02:16:56.939+0000][79.465s][info][gc,phases   ] GC(126)   Evacuate Collection Set: 16.42ms
[2026-07-01T02:16:56.939+0000][79.465s][info][gc,phases   ] GC(126)   Post Evacuate Collection Set: 0.42ms
[2026-07-01T02:16:56.939+0000][79.465s][info][gc,phases   ] GC(126)   Other: 0.06ms
[2026-07-01T02:16:56.939+0000][79.465s][info][gc,heap     ] GC(126) Eden regions: 138->0(138)
[2026-07-01T02:16:56.939+0000][79.465s][info][gc,heap     ] GC(126) Survivor regions: 9->9(19)
[2026-07-01T02:16:56.939+0000][79.465s][info][gc,heap     ] GC(126) Old regions: 173->173
[2026-07-01T02:16:56.939+0000][79.465s][info][gc,heap     ] GC(126) Humongous regions: 3->3
[2026-07-01T02:16:56.939+0000][79.465s][info][gc,metaspace] GC(126) Metaspace: 41754K(42560K)->41754K(42560K) NonClass: 36610K(37056K)->36610K(37056K) Class: 5144K(5504K)->5144K(5504K)
[2026-07-01T02:16:56.939+0000][79.465s][info][gc          ] GC(126) Pause Young (Prepare Mixed) (G1 Evacuation Pause) 322M->184M(341M) 17.738ms
[2026-07-01T02:16:56.939+0000][79.465s][info][gc,cpu      ] GC(126) User=0.04s Sys=0.00s Real=0.02s
[2026-07-01T02:16:57.574+0000][80.100s][info][gc,start    ] GC(127) Pause Young (Mixed) (G1 Evacuation Pause)
[2026-07-01T02:16:57.574+0000][80.100s][info][gc,task     ] GC(127) Using 2 workers of 2 for evacuation
[2026-07-01T02:16:57.592+0000][80.118s][info][gc,phases   ] GC(127)   Pre Evacuate Collection Set: 0.15ms
[2026-07-01T02:16:57.592+0000][80.118s][info][gc,phases   ] GC(127)   Merge Heap Roots: 0.42ms
[2026-07-01T02:16:57.592+0000][80.118s][info][gc,phases   ] GC(127)   Evacuate Collection Set: 16.32ms
[2026-07-01T02:16:57.592+0000][80.118s][info][gc,phases   ] GC(127)   Post Evacuate Collection Set: 0.38ms
[2026-07-01T02:16:57.592+0000][80.118s][info][gc,phases   ] GC(127)   Other: 0.06ms
[2026-07-01T02:16:57.592+0000][80.118s][info][gc,heap     ] GC(127) Eden regions: 138->0(138)
[2026-07-01T02:16:57.592+0000][80.118s][info][gc,heap     ] GC(127) Survivor regions: 9->9(19)
[2026-07-01T02:16:57.592+0000][80.118s][info][gc,heap     ] GC(127) Old regions: 173->173
[2026-07-01T02:16:57.592+0000][80.118s][info][gc,heap     ] GC(127) Humongous regions: 3->3
[2026-07-01T02:16:57.592+0000][80.118s][info][gc,metaspace] GC(127) Metaspace: 41754K(42560K)->41754K(42560K) NonClass: 36610K(37056K)->36610K(37056K) Class: 5144K(5504K)->5144K(5504K)
[2026-07-01T02:16:57.592+0000][80.118s][info][gc          ] GC(127) Pause Young (Mixed) (G1 Evacuation Pause) 322M->184M(341M) 17.516ms
[2026-07-01T02:16:57.592+0000][80.118s][info][gc,cpu      ] GC(127) User=0.04s Sys=0.00s Real=0.02s
[2026-07-01T02:16:58.229+0000][80.755s][info][gc,start    ] GC(128) Pause Young (Concurrent Start) (G1 Evacuation Pause)
[2026-07-01T02:16:58.229+0000][80.755s][info][gc,task     ] GC(128) Using 2 workers of 2 for evacuation
[2026-07-01T02:16:58.251+0000][80.777s][info][gc,phases   ] GC(128)   Pre Evacuate Collection Set: 0.16ms
[2026-07-01T02:16:58.251+0000][80.777s][info][gc,phases   ] GC(128)   Merge Heap Roots: 0.30ms
[2026-07-01T02:16:58.251+0000][80.777s][info][gc,phases   ] GC(128)   Evacuate Collection Set: 20.73ms
[2026-07-01T02:16:58.251+0000][80.777s][info][gc,phases   ] GC(128)   Post Evacuate Collection Set: 0.43ms
[2026-07-01T02:16:58.251+0000][80.777s][info][gc,phases   ] GC(128)   Other: 0.09ms
[2026-07-01T02:16:58.251+0000][80.777s][info][gc,heap     ] GC(128) Eden regions: 138->0(137)
[2026-07-01T02:16:58.251+0000][80.777s][info][gc,heap     ] GC(128) Survivor regions: 9->9(19)
[2026-07-01T02:16:58.251+0000][80.777s][info][gc,heap     ] GC(128) Old regions: 173->174
[2026-07-01T02:16:58.251+0000][80.777s][info][gc,heap     ] GC(128) Humongous regions: 3->3
[2026-07-01T02:16:58.251+0000][80.777s][info][gc,metaspace] GC(128) Metaspace: 41754K(42560K)->41754K(42560K) NonClass: 36610K(37056K)->36610K(37056K) Class: 5144K(5504K)->5144K(5504K)
[2026-07-01T02:16:58.251+0000][80.777s][info][gc          ] GC(128) Pause Young (Concurrent Start) (G1 Evacuation Pause) 322M->185M(341M) 21.870ms
[2026-07-01T02:16:58.251+0000][80.777s][info][gc          ] GC(129) Concurrent Mark Cycle
[2026-07-01T02:16:58.251+0000][80.777s][info][gc,marking  ] GC(129) Concurrent Scan Root Regions
[2026-07-01T02:16:58.251+0000][80.777s][info][gc,cpu      ] GC(128) User=0.04s Sys=0.00s Real=0.02s
[2026-07-01T02:16:58.266+0000][80.792s][info][gc,marking  ] GC(129) Concurrent Scan Root Regions 15.290ms
[2026-07-01T02:16:58.266+0000][80.792s][info][gc,marking  ] GC(129) Concurrent Mark
[2026-07-01T02:16:58.266+0000][80.792s][info][gc,marking  ] GC(129) Concurrent Mark From Roots
[2026-07-01T02:16:58.266+0000][80.792s][info][gc,task     ] GC(129) Using 1 workers of 1 for marking
[2026-07-01T02:16:58.825+0000][81.352s][info][gc,marking  ] GC(129) Concurrent Mark From Roots 559.327ms
[2026-07-01T02:16:58.825+0000][81.352s][info][gc,marking  ] GC(129) Concurrent Preclean
[2026-07-01T02:16:58.826+0000][81.352s][info][gc,marking  ] GC(129) Concurrent Preclean 0.128ms
[2026-07-01T02:16:58.826+0000][81.352s][info][gc,start    ] GC(129) Pause Remark
[2026-07-01T02:16:58.833+0000][81.359s][info][gc          ] GC(129) Pause Remark 287M->287M(341M) 7.096ms
[2026-07-01T02:16:58.833+0000][81.359s][info][gc,cpu      ] GC(129) User=0.01s Sys=0.00s Real=0.01s
[2026-07-01T02:16:58.835+0000][81.361s][info][gc,marking  ] GC(129) Concurrent Mark 568.472ms
[2026-07-01T02:16:58.835+0000][81.361s][info][gc,marking  ] GC(129) Concurrent Rebuild Remembered Sets and Scrub Regions
[2026-07-01T02:16:59.013+0000][81.539s][info][gc,marking  ] GC(129) Concurrent Rebuild Remembered Sets and Scrub Regions 178.127ms
[2026-07-01T02:16:59.013+0000][81.539s][info][gc,start    ] GC(129) Pause Cleanup
[2026-07-01T02:16:59.014+0000][81.540s][info][gc          ] GC(129) Pause Cleanup 320M->320M(341M) 0.227ms
[2026-07-01T02:16:59.014+0000][81.540s][info][gc,cpu      ] GC(129) User=0.00s Sys=0.00s Real=0.00s
[2026-07-01T02:16:59.015+0000][81.541s][info][gc,marking  ] GC(129) Concurrent Clear Claimed Marks
[2026-07-01T02:16:59.016+0000][81.542s][info][gc,marking  ] GC(129) Concurrent Clear Claimed Marks 0.383ms
[2026-07-01T02:16:59.016+0000][81.542s][info][gc,marking  ] GC(129) Concurrent Cleanup for Next Mark
[2026-07-01T02:16:59.017+0000][81.543s][info][gc,marking  ] GC(129) Concurrent Cleanup for Next Mark 0.865ms
[2026-07-01T02:16:59.017+0000][81.543s][info][gc          ] GC(129) Concurrent Mark Cycle 765.783ms
[2026-07-01T02:16:59.024+0000][81.551s][info][gc,start    ] GC(130) Pause Young (Prepare Mixed) (G1 Evacuation Pause)
[2026-07-01T02:16:59.024+0000][81.551s][info][gc,task     ] GC(130) Using 2 workers of 2 for evacuation
[2026-07-01T02:16:59.041+0000][81.567s][info][gc,phases   ] GC(130)   Pre Evacuate Collection Set: 0.13ms
[2026-07-01T02:16:59.041+0000][81.567s][info][gc,phases   ] GC(130)   Merge Heap Roots: 0.64ms
[2026-07-01T02:16:59.041+0000][81.567s][info][gc,phases   ] GC(130)   Evacuate Collection Set: 15.34ms
[2026-07-01T02:16:59.041+0000][81.567s][info][gc,phases   ] GC(130)   Post Evacuate Collection Set: 0.45ms
[2026-07-01T02:16:59.041+0000][81.567s][info][gc,phases   ] GC(130)   Other: 0.07ms
[2026-07-01T02:16:59.041+0000][81.567s][info][gc,heap     ] GC(130) Eden regions: 137->0(137)
[2026-07-01T02:16:59.041+0000][81.567s][info][gc,heap     ] GC(130) Survivor regions: 9->9(19)
[2026-07-01T02:16:59.041+0000][81.567s][info][gc,heap     ] GC(130) Old regions: 174->174
[2026-07-01T02:16:59.041+0000][81.567s][info][gc,heap     ] GC(130) Humongous regions: 3->3
[2026-07-01T02:16:59.041+0000][81.567s][info][gc,metaspace] GC(130) Metaspace: 41754K(42560K)->41754K(42560K) NonClass: 36610K(37056K)->36610K(37056K) Class: 5144K(5504K)->5144K(5504K)
[2026-07-01T02:16:59.041+0000][81.567s][info][gc          ] GC(130) Pause Young (Prepare Mixed) (G1 Evacuation Pause) 322M->185M(341M) 16.760ms
[2026-07-01T02:16:59.041+0000][81.567s][info][gc,cpu      ] GC(130) User=0.03s Sys=0.00s Real=0.02s
[2026-07-01T02:16:59.647+0000][82.173s][info][gc,start    ] GC(131) Pause Young (Mixed) (G1 Evacuation Pause)
[2026-07-01T02:16:59.647+0000][82.174s][info][gc,task     ] GC(131) Using 2 workers of 2 for evacuation
[2026-07-01T02:16:59.664+0000][82.191s][info][gc,phases   ] GC(131)   Pre Evacuate Collection Set: 0.18ms
[2026-07-01T02:16:59.664+0000][82.191s][info][gc,phases   ] GC(131)   Merge Heap Roots: 0.31ms
[2026-07-01T02:16:59.664+0000][82.191s][info][gc,phases   ] GC(131)   Evacuate Collection Set: 15.99ms
[2026-07-01T02:16:59.664+0000][82.191s][info][gc,phases   ] GC(131)   Post Evacuate Collection Set: 0.51ms
[2026-07-01T02:16:59.664+0000][82.191s][info][gc,phases   ] GC(131)   Other: 0.06ms
[2026-07-01T02:16:59.664+0000][82.191s][info][gc,heap     ] GC(131) Eden regions: 137->0(136)
[2026-07-01T02:16:59.664+0000][82.191s][info][gc,heap     ] GC(131) Survivor regions: 9->9(19)
[2026-07-01T02:16:59.664+0000][82.191s][info][gc,heap     ] GC(131) Old regions: 174->175
[2026-07-01T02:16:59.664+0000][82.191s][info][gc,heap     ] GC(131) Humongous regions: 3->3
[2026-07-01T02:16:59.664+0000][82.191s][info][gc,metaspace] GC(131) Metaspace: 41754K(42560K)->41754K(42560K) NonClass: 36610K(37056K)->36610K(37056K) Class: 5144K(5504K)->5144K(5504K)
[2026-07-01T02:16:59.665+0000][82.191s][info][gc          ] GC(131) Pause Young (Mixed) (G1 Evacuation Pause) 322M->185M(341M) 17.194ms
[2026-07-01T02:16:59.665+0000][82.191s][info][gc,cpu      ] GC(131) User=0.03s Sys=0.00s Real=0.02s
[2026-07-01T02:17:00.304+0000][82.830s][info][gc,start    ] GC(132) Pause Young (Concurrent Start) (G1 Evacuation Pause)
[2026-07-01T02:17:00.304+0000][82.831s][info][gc,task     ] GC(132) Using 2 workers of 2 for evacuation
[2026-07-01T02:17:00.327+0000][82.853s][info][gc,phases   ] GC(132)   Pre Evacuate Collection Set: 0.19ms
[2026-07-01T02:17:00.327+0000][82.853s][info][gc,phases   ] GC(132)   Merge Heap Roots: 0.52ms
[2026-07-01T02:17:00.327+0000][82.853s][info][gc,phases   ] GC(132)   Evacuate Collection Set: 21.42ms
[2026-07-01T02:17:00.327+0000][82.853s][info][gc,phases   ] GC(132)   Post Evacuate Collection Set: 0.45ms
[2026-07-01T02:17:00.327+0000][82.853s][info][gc,phases   ] GC(132)   Other: 0.10ms
[2026-07-01T02:17:00.327+0000][82.853s][info][gc,heap     ] GC(132) Eden regions: 136->0(136)
[2026-07-01T02:17:00.327+0000][82.853s][info][gc,heap     ] GC(132) Survivor regions: 9->9(19)
[2026-07-01T02:17:00.327+0000][82.853s][info][gc,heap     ] GC(132) Old regions: 175->175
[2026-07-01T02:17:00.327+0000][82.853s][info][gc,heap     ] GC(132) Humongous regions: 3->3
[2026-07-01T02:17:00.327+0000][82.853s][info][gc,metaspace] GC(132) Metaspace: 41754K(42560K)->41754K(42560K) NonClass: 36610K(37056K)->36610K(37056K) Class: 5144K(5504K)->5144K(5504K)
[2026-07-01T02:17:00.327+0000][82.853s][info][gc          ] GC(132) Pause Young (Concurrent Start) (G1 Evacuation Pause) 321M->186M(341M) 22.837ms
[2026-07-01T02:17:00.327+0000][82.853s][info][gc          ] GC(133) Concurrent Mark Cycle
[2026-07-01T02:17:00.327+0000][82.853s][info][gc,marking  ] GC(133) Concurrent Scan Root Regions
[2026-07-01T02:17:00.327+0000][82.853s][info][gc,cpu      ] GC(132) User=0.04s Sys=0.00s Real=0.02s
[2026-07-01T02:17:00.349+0000][82.875s][info][gc,marking  ] GC(133) Concurrent Scan Root Regions 21.827ms
[2026-07-01T02:17:00.349+0000][82.875s][info][gc,marking  ] GC(133) Concurrent Mark
[2026-07-01T02:17:00.349+0000][82.875s][info][gc,marking  ] GC(133) Concurrent Mark From Roots
[2026-07-01T02:17:00.349+0000][82.875s][info][gc,task     ] GC(133) Using 1 workers of 1 for marking
[2026-07-01T02:17:00.942+0000][83.468s][info][gc,marking  ] GC(133) Concurrent Mark From Roots 592.671ms
[2026-07-01T02:17:00.942+0000][83.468s][info][gc,marking  ] GC(133) Concurrent Preclean
[2026-07-01T02:17:00.942+0000][83.468s][info][gc,marking  ] GC(133) Concurrent Preclean 0.087ms
[2026-07-01T02:17:00.942+0000][83.468s][info][gc,start    ] GC(133) Pause Remark
[2026-07-01T02:17:00.949+0000][83.475s][info][gc          ] GC(133) Pause Remark 297M->297M(341M) 6.336ms
[2026-07-01T02:17:00.949+0000][83.475s][info][gc,cpu      ] GC(133) User=0.01s Sys=0.00s Real=0.01s
[2026-07-01T02:17:00.952+0000][83.478s][info][gc,marking  ] GC(133) Concurrent Mark 603.212ms
[2026-07-01T02:17:00.952+0000][83.478s][info][gc,marking  ] GC(133) Concurrent Rebuild Remembered Sets and Scrub Regions
[2026-07-01T02:17:01.094+0000][83.620s][info][gc,start    ] GC(134) Pause Young (Normal) (G1 Evacuation Pause)
[2026-07-01T02:17:01.094+0000][83.620s][info][gc,task     ] GC(134) Using 2 workers of 2 for evacuation
[2026-07-01T02:17:01.111+0000][83.637s][info][gc,phases   ] GC(134)   Pre Evacuate Collection Set: 0.19ms
[2026-07-01T02:17:01.111+0000][83.637s][info][gc,phases   ] GC(134)   Merge Heap Roots: 0.40ms
[2026-07-01T02:17:01.111+0000][83.637s][info][gc,phases   ] GC(134)   Evacuate Collection Set: 16.01ms
[2026-07-01T02:17:01.111+0000][83.637s][info][gc,phases   ] GC(134)   Post Evacuate Collection Set: 0.44ms
[2026-07-01T02:17:01.111+0000][83.637s][info][gc,phases   ] GC(134)   Other: 0.07ms
[2026-07-01T02:17:01.111+0000][83.637s][info][gc,heap     ] GC(134) Eden regions: 136->0(135)
[2026-07-01T02:17:01.111+0000][83.637s][info][gc,heap     ] GC(134) Survivor regions: 9->9(19)
[2026-07-01T02:17:01.111+0000][83.637s][info][gc,heap     ] GC(134) Old regions: 175->176
[2026-07-01T02:17:01.111+0000][83.637s][info][gc,heap     ] GC(134) Humongous regions: 3->3
[2026-07-01T02:17:01.111+0000][83.637s][info][gc,metaspace] GC(134) Metaspace: 41754K(42560K)->41754K(42560K) NonClass: 36610K(37056K)->36610K(37056K) Class: 5144K(5504K)->5144K(5504K)
[2026-07-01T02:17:01.111+0000][83.637s][info][gc          ] GC(134) Pause Young (Normal) (G1 Evacuation Pause) 322M->186M(341M) 17.247ms
[2026-07-01T02:17:01.111+0000][83.637s][info][gc,cpu      ] GC(134) User=0.03s Sys=0.00s Real=0.02s
[2026-07-01T02:17:01.141+0000][83.667s][info][gc,marking  ] GC(133) Concurrent Rebuild Remembered Sets and Scrub Regions 188.866ms
[2026-07-01T02:17:01.141+0000][83.668s][info][gc,start    ] GC(133) Pause Cleanup
[2026-07-01T02:17:01.142+0000][83.668s][info][gc          ] GC(133) Pause Cleanup 192M->192M(341M) 0.180ms
[2026-07-01T02:17:01.142+0000][83.668s][info][gc,cpu      ] GC(133) User=0.00s Sys=0.00s Real=0.00s
[2026-07-01T02:17:01.143+0000][83.669s][info][gc,marking  ] GC(133) Concurrent Clear Claimed Marks
[2026-07-01T02:17:01.143+0000][83.669s][info][gc,marking  ] GC(133) Concurrent Clear Claimed Marks 0.292ms
[2026-07-01T02:17:01.143+0000][83.669s][info][gc,marking  ] GC(133) Concurrent Cleanup for Next Mark
[2026-07-01T02:17:01.144+0000][83.670s][info][gc,marking  ] GC(133) Concurrent Cleanup for Next Mark 0.599ms
[2026-07-01T02:17:01.144+0000][83.670s][info][gc          ] GC(133) Concurrent Mark Cycle 816.572ms
[2026-07-01T02:17:01.721+0000][84.248s][info][gc,start    ] GC(135) Pause Young (Prepare Mixed) (G1 Evacuation Pause)
[2026-07-01T02:17:01.721+0000][84.248s][info][gc,task     ] GC(135) Using 2 workers of 2 for evacuation
[2026-07-01T02:17:01.739+0000][84.265s][info][gc,phases   ] GC(135)   Pre Evacuate Collection Set: 0.18ms
[2026-07-01T02:17:01.739+0000][84.265s][info][gc,phases   ] GC(135)   Merge Heap Roots: 0.51ms
[2026-07-01T02:17:01.739+0000][84.265s][info][gc,phases   ] GC(135)   Evacuate Collection Set: 16.33ms
[2026-07-01T02:17:01.739+0000][84.265s][info][gc,phases   ] GC(135)   Post Evacuate Collection Set: 0.39ms
[2026-07-01T02:17:01.739+0000][84.265s][info][gc,phases   ] GC(135)   Other: 0.08ms
[2026-07-01T02:17:01.739+0000][84.265s][info][gc,heap     ] GC(135) Eden regions: 135->0(135)
[2026-07-01T02:17:01.739+0000][84.265s][info][gc,heap     ] GC(135) Survivor regions: 9->9(18)
[2026-07-01T02:17:01.739+0000][84.265s][info][gc,heap     ] GC(135) Old regions: 176->176
[2026-07-01T02:17:01.739+0000][84.265s][info][gc,heap     ] GC(135) Humongous regions: 3->3
[2026-07-01T02:17:01.739+0000][84.265s][info][gc,metaspace] GC(135) Metaspace: 41754K(42560K)->41754K(42560K) NonClass: 36610K(37056K)->36610K(37056K) Class: 5144K(5504K)->5144K(5504K)
[2026-07-01T02:17:01.739+0000][84.265s][info][gc          ] GC(135) Pause Young (Prepare Mixed) (G1 Evacuation Pause) 321M->187M(341M) 17.682ms
[2026-07-01T02:17:01.739+0000][84.265s][info][gc,cpu      ] GC(135) User=0.04s Sys=0.00s Real=0.02s
[2026-07-01T02:17:02.457+0000][84.983s][info][gc,start    ] GC(136) Pause Young (Mixed) (G1 Evacuation Pause)
[2026-07-01T02:17:02.457+0000][84.983s][info][gc,task     ] GC(136) Using 2 workers of 2 for evacuation
[2026-07-01T02:17:02.482+0000][85.008s][info][gc,phases   ] GC(136)   Pre Evacuate Collection Set: 0.20ms
[2026-07-01T02:17:02.482+0000][85.008s][info][gc,phases   ] GC(136)   Merge Heap Roots: 0.37ms
[2026-07-01T02:17:02.482+0000][85.008s][info][gc,phases   ] GC(136)   Evacuate Collection Set: 23.40ms
[2026-07-01T02:17:02.482+0000][85.008s][info][gc,phases   ] GC(136)   Post Evacuate Collection Set: 0.52ms
[2026-07-01T02:17:02.482+0000][85.008s][info][gc,phases   ] GC(136)   Other: 0.06ms
[2026-07-01T02:17:02.482+0000][85.008s][info][gc,heap     ] GC(136) Eden regions: 135->0(134)
[2026-07-01T02:17:02.482+0000][85.008s][info][gc,heap     ] GC(136) Survivor regions: 9->9(18)
[2026-07-01T02:17:02.482+0000][85.008s][info][gc,heap     ] GC(136) Old regions: 176->177
[2026-07-01T02:17:02.482+0000][85.008s][info][gc,heap     ] GC(136) Humongous regions: 3->3
[2026-07-01T02:17:02.482+0000][85.008s][info][gc,metaspace] GC(136) Metaspace: 41754K(42560K)->41754K(42560K) NonClass: 36610K(37056K)->36610K(37056K) Class: 5144K(5504K)->5144K(5504K)
[2026-07-01T02:17:02.482+0000][85.008s][info][gc          ] GC(136) Pause Young (Mixed) (G1 Evacuation Pause) 322M->187M(341M) 24.743ms
[2026-07-01T02:17:02.482+0000][85.008s][info][gc,cpu      ] GC(136) User=0.04s Sys=0.01s Real=0.03s
[2026-07-01T02:17:03.503+0000][86.029s][info][gc,start    ] GC(137) Pause Young (Concurrent Start) (G1 Evacuation Pause)
[2026-07-01T02:17:03.503+0000][86.029s][info][gc,task     ] GC(137) Using 2 workers of 2 for evacuation
[2026-07-01T02:17:03.526+0000][86.052s][info][gc,phases   ] GC(137)   Pre Evacuate Collection Set: 0.26ms
[2026-07-01T02:17:03.526+0000][86.052s][info][gc,phases   ] GC(137)   Merge Heap Roots: 0.40ms
[2026-07-01T02:17:03.526+0000][86.052s][info][gc,phases   ] GC(137)   Evacuate Collection Set: 21.65ms
[2026-07-01T02:17:03.526+0000][86.052s][info][gc,phases   ] GC(137)   Post Evacuate Collection Set: 0.51ms
[2026-07-01T02:17:03.526+0000][86.052s][info][gc,phases   ] GC(137)   Other: 0.07ms
[2026-07-01T02:17:03.526+0000][86.052s][info][gc,heap     ] GC(137) Eden regions: 134->0(134)
[2026-07-01T02:17:03.526+0000][86.052s][info][gc,heap     ] GC(137) Survivor regions: 9->9(18)
[2026-07-01T02:17:03.526+0000][86.052s][info][gc,heap     ] GC(137) Old regions: 177->177
[2026-07-01T02:17:03.526+0000][86.052s][info][gc,heap     ] GC(137) Humongous regions: 3->3
[2026-07-01T02:17:03.526+0000][86.052s][info][gc,metaspace] GC(137) Metaspace: 41755K(42560K)->41755K(42560K) NonClass: 36611K(37056K)->36611K(37056K) Class: 5144K(5504K)->5144K(5504K)
[2026-07-01T02:17:03.526+0000][86.052s][info][gc          ] GC(137) Pause Young (Concurrent Start) (G1 Evacuation Pause) 321M->188M(341M) 23.096ms
[2026-07-01T02:17:03.526+0000][86.052s][info][gc          ] GC(138) Concurrent Mark Cycle
[2026-07-01T02:17:03.526+0000][86.052s][info][gc,cpu      ] GC(137) User=0.04s Sys=0.00s Real=0.02s
[2026-07-01T02:17:03.526+0000][86.052s][info][gc,marking  ] GC(138) Concurrent Scan Root Regions
[2026-07-01T02:17:03.540+0000][86.066s][info][gc,marking  ] GC(138) Concurrent Scan Root Regions 14.195ms
[2026-07-01T02:17:03.540+0000][86.066s][info][gc,marking  ] GC(138) Concurrent Mark
[2026-07-01T02:17:03.540+0000][86.066s][info][gc,marking  ] GC(138) Concurrent Mark From Roots
[2026-07-01T02:17:03.540+0000][86.067s][info][gc,task     ] GC(138) Using 1 workers of 1 for marking
[2026-07-01T02:17:03.968+0000][86.494s][info][gc,marking  ] GC(138) Concurrent Mark From Roots 427.425ms
[2026-07-01T02:17:03.968+0000][86.494s][info][gc,marking  ] GC(138) Concurrent Preclean
[2026-07-01T02:17:03.968+0000][86.494s][info][gc,marking  ] GC(138) Concurrent Preclean 0.126ms
[2026-07-01T02:17:03.968+0000][86.494s][info][gc,start    ] GC(138) Pause Remark
[2026-07-01T02:17:03.977+0000][86.503s][info][gc          ] GC(138) Pause Remark 236M->236M(341M) 8.822ms
[2026-07-01T02:17:03.977+0000][86.503s][info][gc,cpu      ] GC(138) User=0.01s Sys=0.00s Real=0.00s
[2026-07-01T02:17:03.980+0000][86.506s][info][gc,marking  ] GC(138) Concurrent Mark 439.231ms
[2026-07-01T02:17:03.980+0000][86.506s][info][gc,marking  ] GC(138) Concurrent Rebuild Remembered Sets and Scrub Regions
[2026-07-01T02:17:04.117+0000][86.643s][info][gc,marking  ] GC(138) Concurrent Rebuild Remembered Sets and Scrub Regions 137.358ms
[2026-07-01T02:17:04.117+0000][86.643s][info][gc,start    ] GC(138) Pause Cleanup
[2026-07-01T02:17:04.117+0000][86.643s][info][gc          ] GC(138) Pause Cleanup 251M->251M(341M) 0.187ms
[2026-07-01T02:17:04.117+0000][86.643s][info][gc,cpu      ] GC(138) User=0.00s Sys=0.00s Real=0.00s
[2026-07-01T02:17:04.117+0000][86.644s][info][gc,marking  ] GC(138) Concurrent Clear Claimed Marks
[2026-07-01T02:17:04.117+0000][86.644s][info][gc,marking  ] GC(138) Concurrent Clear Claimed Marks 0.086ms
[2026-07-01T02:17:04.117+0000][86.644s][info][gc,marking  ] GC(138) Concurrent Cleanup for Next Mark
[2026-07-01T02:17:04.119+0000][86.646s][info][gc,marking  ] GC(138) Concurrent Cleanup for Next Mark 2.021ms
[2026-07-01T02:17:04.120+0000][86.646s][info][gc          ] GC(138) Concurrent Mark Cycle 593.438ms
[2026-07-01T02:17:04.671+0000][87.197s][info][gc,start    ] GC(139) Pause Young (Prepare Mixed) (G1 Evacuation Pause)
[2026-07-01T02:17:04.671+0000][87.197s][info][gc,task     ] GC(139) Using 2 workers of 2 for evacuation
[2026-07-01T02:17:04.698+0000][87.224s][info][gc,phases   ] GC(139)   Pre Evacuate Collection Set: 0.18ms
[2026-07-01T02:17:04.698+0000][87.224s][info][gc,phases   ] GC(139)   Merge Heap Roots: 0.51ms
[2026-07-01T02:17:04.698+0000][87.224s][info][gc,phases   ] GC(139)   Evacuate Collection Set: 26.02ms
[2026-07-01T02:17:04.698+0000][87.224s][info][gc,phases   ] GC(139)   Post Evacuate Collection Set: 0.80ms
[2026-07-01T02:17:04.698+0000][87.224s][info][gc,phases   ] GC(139)   Other: 0.08ms
[2026-07-01T02:17:04.698+0000][87.224s][info][gc,heap     ] GC(139) Eden regions: 134->0(133)
[2026-07-01T02:17:04.698+0000][87.224s][info][gc,heap     ] GC(139) Survivor regions: 9->9(18)
[2026-07-01T02:17:04.698+0000][87.224s][info][gc,heap     ] GC(139) Old regions: 177->178
[2026-07-01T02:17:04.698+0000][87.224s][info][gc,heap     ] GC(139) Humongous regions: 3->3
[2026-07-01T02:17:04.698+0000][87.224s][info][gc,metaspace] GC(139) Metaspace: 41755K(42560K)->41755K(42560K) NonClass: 36611K(37056K)->36611K(37056K) Class: 5144K(5504K)->5144K(5504K)
[2026-07-01T02:17:04.698+0000][87.224s][info][gc          ] GC(139) Pause Young (Prepare Mixed) (G1 Evacuation Pause) 322M->188M(341M) 27.772ms
[2026-07-01T02:17:04.698+0000][87.224s][info][gc,cpu      ] GC(139) User=0.04s Sys=0.00s Real=0.03s
[2026-07-01T02:17:05.702+0000][88.228s][info][gc,start    ] GC(140) Pause Young (Mixed) (G1 Evacuation Pause)
[2026-07-01T02:17:05.702+0000][88.228s][info][gc,task     ] GC(140) Using 2 workers of 2 for evacuation
[2026-07-01T02:17:05.726+0000][88.252s][info][gc,phases   ] GC(140)   Pre Evacuate Collection Set: 0.21ms
[2026-07-01T02:17:05.726+0000][88.252s][info][gc,phases   ] GC(140)   Merge Heap Roots: 0.31ms
[2026-07-01T02:17:05.726+0000][88.252s][info][gc,phases   ] GC(140)   Evacuate Collection Set: 22.85ms
[2026-07-01T02:17:05.726+0000][88.252s][info][gc,phases   ] GC(140)   Post Evacuate Collection Set: 0.47ms
[2026-07-01T02:17:05.726+0000][88.252s][info][gc,phases   ] GC(140)   Other: 0.06ms
[2026-07-01T02:17:05.726+0000][88.252s][info][gc,heap     ] GC(140) Eden regions: 133->0(133)
[2026-07-01T02:17:05.726+0000][88.252s][info][gc,heap     ] GC(140) Survivor regions: 9->9(18)
[2026-07-01T02:17:05.726+0000][88.252s][info][gc,heap     ] GC(140) Old regions: 178->178
[2026-07-01T02:17:05.726+0000][88.252s][info][gc,heap     ] GC(140) Humongous regions: 3->3
[2026-07-01T02:17:05.726+0000][88.252s][info][gc,metaspace] GC(140) Metaspace: 41755K(42560K)->41755K(42560K) NonClass: 36611K(37056K)->36611K(37056K) Class: 5144K(5504K)->5144K(5504K)
[2026-07-01T02:17:05.726+0000][88.252s][info][gc          ] GC(140) Pause Young (Mixed) (G1 Evacuation Pause) 321M->188M(341M) 24.098ms
[2026-07-01T02:17:05.726+0000][88.252s][info][gc,cpu      ] GC(140) User=0.05s Sys=0.00s Real=0.02s
[2026-07-01T02:17:06.787+0000][89.313s][info][gc,start    ] GC(141) Pause Young (Concurrent Start) (G1 Evacuation Pause)
[2026-07-01T02:17:06.787+0000][89.313s][info][gc,task     ] GC(141) Using 2 workers of 2 for evacuation
[2026-07-01T02:17:06.810+0000][89.336s][info][gc,phases   ] GC(141)   Pre Evacuate Collection Set: 0.21ms
[2026-07-01T02:17:06.810+0000][89.336s][info][gc,phases   ] GC(141)   Merge Heap Roots: 0.40ms
[2026-07-01T02:17:06.810+0000][89.336s][info][gc,phases   ] GC(141)   Evacuate Collection Set: 21.59ms
[2026-07-01T02:17:06.810+0000][89.336s][info][gc,phases   ] GC(141)   Post Evacuate Collection Set: 0.49ms
[2026-07-01T02:17:06.810+0000][89.336s][info][gc,phases   ] GC(141)   Other: 0.10ms
[2026-07-01T02:17:06.810+0000][89.336s][info][gc,heap     ] GC(141) Eden regions: 133->0(133)
[2026-07-01T02:17:06.810+0000][89.336s][info][gc,heap     ] GC(141) Survivor regions: 9->9(18)
[2026-07-01T02:17:06.810+0000][89.336s][info][gc,heap     ] GC(141) Old regions: 178->178
[2026-07-01T02:17:06.810+0000][89.336s][info][gc,heap     ] GC(141) Humongous regions: 3->3
[2026-07-01T02:17:06.810+0000][89.336s][info][gc,metaspace] GC(141) Metaspace: 41755K(42560K)->41755K(42560K) NonClass: 36611K(37056K)->36611K(37056K) Class: 5144K(5504K)->5144K(5504K)
[2026-07-01T02:17:06.810+0000][89.336s][info][gc          ] GC(141) Pause Young (Concurrent Start) (G1 Evacuation Pause) 321M->189M(341M) 22.992ms
[2026-07-01T02:17:06.810+0000][89.336s][info][gc          ] GC(142) Concurrent Mark Cycle
[2026-07-01T02:17:06.810+0000][89.336s][info][gc,cpu      ] GC(141) User=0.04s Sys=0.00s Real=0.03s
[2026-07-01T02:17:06.810+0000][89.336s][info][gc,marking  ] GC(142) Concurrent Scan Root Regions
[2026-07-01T02:17:06.849+0000][89.375s][info][gc,marking  ] GC(142) Concurrent Scan Root Regions 38.885ms
[2026-07-01T02:17:06.849+0000][89.375s][info][gc,marking  ] GC(142) Concurrent Mark
[2026-07-01T02:17:06.849+0000][89.375s][info][gc,marking  ] GC(142) Concurrent Mark From Roots
[2026-07-01T02:17:06.849+0000][89.375s][info][gc,task     ] GC(142) Using 1 workers of 1 for marking
[2026-07-01T02:17:07.275+0000][89.801s][info][gc,marking  ] GC(142) Concurrent Mark From Roots 425.815ms
[2026-07-01T02:17:07.275+0000][89.801s][info][gc,marking  ] GC(142) Concurrent Preclean
[2026-07-01T02:17:07.275+0000][89.801s][info][gc,marking  ] GC(142) Concurrent Preclean 0.073ms
[2026-07-01T02:17:07.275+0000][89.801s][info][gc,start    ] GC(142) Pause Remark
[2026-07-01T02:17:07.282+0000][89.809s][info][gc          ] GC(142) Pause Remark 234M->234M(341M) 7.486ms
[2026-07-01T02:17:07.282+0000][89.809s][info][gc,cpu      ] GC(142) User=0.02s Sys=0.00s Real=0.01s
[2026-07-01T02:17:07.285+0000][89.811s][info][gc,marking  ] GC(142) Concurrent Mark 435.744ms
[2026-07-01T02:17:07.285+0000][89.811s][info][gc,marking  ] GC(142) Concurrent Rebuild Remembered Sets and Scrub Regions
[2026-07-01T02:17:07.403+0000][89.929s][info][gc,marking  ] GC(142) Concurrent Rebuild Remembered Sets and Scrub Regions 117.954ms
[2026-07-01T02:17:07.403+0000][89.929s][info][gc,start    ] GC(142) Pause Cleanup
[2026-07-01T02:17:07.403+0000][89.929s][info][gc          ] GC(142) Pause Cleanup 245M->245M(341M) 0.164ms
[2026-07-01T02:17:07.403+0000][89.929s][info][gc,cpu      ] GC(142) User=0.00s Sys=0.00s Real=0.00s
[2026-07-01T02:17:07.403+0000][89.929s][info][gc,marking  ] GC(142) Concurrent Clear Claimed Marks
[2026-07-01T02:17:07.403+0000][89.929s][info][gc,marking  ] GC(142) Concurrent Clear Claimed Marks 0.113ms
[2026-07-01T02:17:07.403+0000][89.929s][info][gc,marking  ] GC(142) Concurrent Cleanup for Next Mark
[2026-07-01T02:17:07.404+0000][89.930s][info][gc,marking  ] GC(142) Concurrent Cleanup for Next Mark 0.585ms
[2026-07-01T02:17:07.404+0000][89.930s][info][gc          ] GC(142) Concurrent Mark Cycle 593.943ms
[2026-07-01T02:17:07.986+0000][90.513s][info][gc,start    ] GC(143) Pause Young (Prepare Mixed) (G1 Evacuation Pause)
[2026-07-01T02:17:07.986+0000][90.513s][info][gc,task     ] GC(143) Using 2 workers of 2 for evacuation
[2026-07-01T02:17:08.011+0000][90.537s][info][gc,phases   ] GC(143)   Pre Evacuate Collection Set: 0.17ms
[2026-07-01T02:17:08.011+0000][90.537s][info][gc,phases   ] GC(143)   Merge Heap Roots: 0.59ms
[2026-07-01T02:17:08.011+0000][90.537s][info][gc,phases   ] GC(143)   Evacuate Collection Set: 23.04ms
[2026-07-01T02:17:08.011+0000][90.537s][info][gc,phases   ] GC(143)   Post Evacuate Collection Set: 0.54ms
[2026-07-01T02:17:08.011+0000][90.537s][info][gc,phases   ] GC(143)   Other: 0.08ms
[2026-07-01T02:17:08.011+0000][90.537s][info][gc,heap     ] GC(143) Eden regions: 133->0(132)
[2026-07-01T02:17:08.011+0000][90.537s][info][gc,heap     ] GC(143) Survivor regions: 9->9(18)
[2026-07-01T02:17:08.011+0000][90.537s][info][gc,heap     ] GC(143) Old regions: 178->179
[2026-07-01T02:17:08.011+0000][90.537s][info][gc,heap     ] GC(143) Humongous regions: 3->3
[2026-07-01T02:17:08.011+0000][90.537s][info][gc,metaspace] GC(143) Metaspace: 41755K(42560K)->41755K(42560K) NonClass: 36611K(37056K)->36611K(37056K) Class: 5144K(5504K)->5144K(5504K)
[2026-07-01T02:17:08.011+0000][90.537s][info][gc          ] GC(143) Pause Young (Prepare Mixed) (G1 Evacuation Pause) 322M->189M(341M) 24.593ms
[2026-07-01T02:17:08.011+0000][90.537s][info][gc,cpu      ] GC(143) User=0.05s Sys=0.00s Real=0.03s
[2026-07-01T02:17:08.834+0000][91.360s][info][gc,start    ] GC(144) Pause Young (Mixed) (G1 Evacuation Pause)
[2026-07-01T02:17:08.834+0000][91.360s][info][gc,task     ] GC(144) Using 2 workers of 2 for evacuation
[2026-07-01T02:17:08.869+0000][91.395s][info][gc,phases   ] GC(144)   Pre Evacuate Collection Set: 0.18ms
[2026-07-01T02:17:08.869+0000][91.395s][info][gc,phases   ] GC(144)   Merge Heap Roots: 0.59ms
[2026-07-01T02:17:08.869+0000][91.395s][info][gc,phases   ] GC(144)   Evacuate Collection Set: 32.91ms
[2026-07-01T02:17:08.869+0000][91.395s][info][gc,phases   ] GC(144)   Post Evacuate Collection Set: 0.64ms
[2026-07-01T02:17:08.869+0000][91.395s][info][gc,phases   ] GC(144)   Other: 0.07ms
[2026-07-01T02:17:08.869+0000][91.395s][info][gc,heap     ] GC(144) Eden regions: 132->0(132)
[2026-07-01T02:17:08.869+0000][91.395s][info][gc,heap     ] GC(144) Survivor regions: 9->9(18)
[2026-07-01T02:17:08.869+0000][91.395s][info][gc,heap     ] GC(144) Old regions: 179->179
[2026-07-01T02:17:08.869+0000][91.395s][info][gc,heap     ] GC(144) Humongous regions: 3->3
[2026-07-01T02:17:08.869+0000][91.395s][info][gc,metaspace] GC(144) Metaspace: 41755K(42560K)->41755K(42560K) NonClass: 36611K(37056K)->36611K(37056K) Class: 5144K(5504K)->5144K(5504K)
[2026-07-01T02:17:08.869+0000][91.395s][info][gc          ] GC(144) Pause Young (Mixed) (G1 Evacuation Pause) 321M->190M(341M) 34.549ms
[2026-07-01T02:17:08.869+0000][91.395s][info][gc,cpu      ] GC(144) User=0.05s Sys=0.00s Real=0.04s
[2026-07-01T02:17:09.497+0000][92.023s][info][gc,start    ] GC(145) Pause Young (Concurrent Start) (G1 Evacuation Pause)
[2026-07-01T02:17:09.497+0000][92.023s][info][gc,task     ] GC(145) Using 2 workers of 2 for evacuation
[2026-07-01T02:17:09.519+0000][92.045s][info][gc,phases   ] GC(145)   Pre Evacuate Collection Set: 0.28ms
[2026-07-01T02:17:09.519+0000][92.045s][info][gc,phases   ] GC(145)   Merge Heap Roots: 0.55ms
[2026-07-01T02:17:09.519+0000][92.045s][info][gc,phases   ] GC(145)   Evacuate Collection Set: 20.13ms
[2026-07-01T02:17:09.519+0000][92.045s][info][gc,phases   ] GC(145)   Post Evacuate Collection Set: 0.43ms
[2026-07-01T02:17:09.519+0000][92.045s][info][gc,phases   ] GC(145)   Other: 0.09ms
[2026-07-01T02:17:09.519+0000][92.045s][info][gc,heap     ] GC(145) Eden regions: 132->0(131)
[2026-07-01T02:17:09.519+0000][92.045s][info][gc,heap     ] GC(145) Survivor regions: 9->9(18)
[2026-07-01T02:17:09.519+0000][92.045s][info][gc,heap     ] GC(145) Old regions: 179->180
[2026-07-01T02:17:09.519+0000][92.045s][info][gc,heap     ] GC(145) Humongous regions: 3->3
[2026-07-01T02:17:09.519+0000][92.045s][info][gc,metaspace] GC(145) Metaspace: 41755K(42560K)->41755K(42560K) NonClass: 36611K(37056K)->36611K(37056K) Class: 5144K(5504K)->5144K(5504K)
[2026-07-01T02:17:09.519+0000][92.045s][info][gc          ] GC(145) Pause Young (Concurrent Start) (G1 Evacuation Pause) 322M->190M(341M) 21.643ms
[2026-07-01T02:17:09.519+0000][92.045s][info][gc          ] GC(146) Concurrent Mark Cycle
[2026-07-01T02:17:09.519+0000][92.045s][info][gc,cpu      ] GC(145) User=0.04s Sys=0.00s Real=0.03s
[2026-07-01T02:17:09.519+0000][92.045s][info][gc,marking  ] GC(146) Concurrent Scan Root Regions
[2026-07-01T02:17:09.540+0000][92.067s][info][gc,marking  ] GC(146) Concurrent Scan Root Regions 21.476ms
[2026-07-01T02:17:09.540+0000][92.067s][info][gc,marking  ] GC(146) Concurrent Mark
[2026-07-01T02:17:09.540+0000][92.067s][info][gc,marking  ] GC(146) Concurrent Mark From Roots
[2026-07-01T02:17:09.540+0000][92.067s][info][gc,task     ] GC(146) Using 1 workers of 1 for marking
[2026-07-01T02:17:10.001+0000][92.527s][info][gc,marking  ] GC(146) Concurrent Mark From Roots 460.173ms
[2026-07-01T02:17:10.001+0000][92.527s][info][gc,marking  ] GC(146) Concurrent Preclean
[2026-07-01T02:17:10.001+0000][92.527s][info][gc,marking  ] GC(146) Concurrent Preclean 0.104ms
[2026-07-01T02:17:10.001+0000][92.527s][info][gc,start    ] GC(146) Pause Remark
[2026-07-01T02:17:10.006+0000][92.532s][info][gc          ] GC(146) Pause Remark 266M->266M(341M) 5.447ms
[2026-07-01T02:17:10.006+0000][92.532s][info][gc,cpu      ] GC(146) User=0.01s Sys=0.00s Real=0.00s
[2026-07-01T02:17:10.008+0000][92.534s][info][gc,marking  ] GC(146) Concurrent Mark 467.795ms
[2026-07-01T02:17:10.013+0000][92.539s][info][gc,marking  ] GC(146) Concurrent Rebuild Remembered Sets and Scrub Regions
[2026-07-01T02:17:10.172+0000][92.699s][info][gc,marking  ] GC(146) Concurrent Rebuild Remembered Sets and Scrub Regions 159.320ms
[2026-07-01T02:17:10.173+0000][92.699s][info][gc,start    ] GC(146) Pause Cleanup
[2026-07-01T02:17:10.173+0000][92.699s][info][gc          ] GC(146) Pause Cleanup 294M->294M(341M) 0.132ms
[2026-07-01T02:17:10.173+0000][92.699s][info][gc,cpu      ] GC(146) User=0.00s Sys=0.00s Real=0.00s
[2026-07-01T02:17:10.173+0000][92.699s][info][gc,marking  ] GC(146) Concurrent Clear Claimed Marks
[2026-07-01T02:17:10.173+0000][92.699s][info][gc,marking  ] GC(146) Concurrent Clear Claimed Marks 0.081ms
[2026-07-01T02:17:10.173+0000][92.699s][info][gc,marking  ] GC(146) Concurrent Cleanup for Next Mark
[2026-07-01T02:17:10.173+0000][92.700s][info][gc,marking  ] GC(146) Concurrent Cleanup for Next Mark 0.560ms
[2026-07-01T02:17:10.173+0000][92.700s][info][gc          ] GC(146) Concurrent Mark Cycle 654.543ms
[2026-07-01T02:17:10.296+0000][92.823s][info][gc,start    ] GC(147) Pause Young (Prepare Mixed) (G1 Evacuation Pause)
[2026-07-01T02:17:10.297+0000][92.823s][info][gc,task     ] GC(147) Using 2 workers of 2 for evacuation
[2026-07-01T02:17:10.317+0000][92.843s][info][gc,phases   ] GC(147)   Pre Evacuate Collection Set: 0.16ms
[2026-07-01T02:17:10.317+0000][92.843s][info][gc,phases   ] GC(147)   Merge Heap Roots: 0.77ms
[2026-07-01T02:17:10.317+0000][92.843s][info][gc,phases   ] GC(147)   Evacuate Collection Set: 19.14ms
[2026-07-01T02:17:10.317+0000][92.843s][info][gc,phases   ] GC(147)   Post Evacuate Collection Set: 0.39ms
[2026-07-01T02:17:10.317+0000][92.843s][info][gc,phases   ] GC(147)   Other: 0.09ms
[2026-07-01T02:17:10.317+0000][92.843s][info][gc,heap     ] GC(147) Eden regions: 131->0(131)
[2026-07-01T02:17:10.317+0000][92.843s][info][gc,heap     ] GC(147) Survivor regions: 9->9(18)
[2026-07-01T02:17:10.317+0000][92.843s][info][gc,heap     ] GC(147) Old regions: 180->180
[2026-07-01T02:17:10.317+0000][92.843s][info][gc,heap     ] GC(147) Humongous regions: 3->3
[2026-07-01T02:17:10.317+0000][92.843s][info][gc,metaspace] GC(147) Metaspace: 41755K(42560K)->41755K(42560K) NonClass: 36611K(37056K)->36611K(37056K) Class: 5144K(5504K)->5144K(5504K)
[2026-07-01T02:17:10.317+0000][92.843s][info][gc          ] GC(147) Pause Young (Prepare Mixed) (G1 Evacuation Pause) 321M->191M(341M) 20.703ms
[2026-07-01T02:17:10.317+0000][92.843s][info][gc,cpu      ] GC(147) User=0.04s Sys=0.00s Real=0.02s
[2026-07-01T02:17:10.914+0000][93.440s][info][gc,start    ] GC(148) Pause Young (Mixed) (G1 Evacuation Pause)
[2026-07-01T02:17:10.914+0000][93.440s][info][gc,task     ] GC(148) Using 2 workers of 2 for evacuation
[2026-07-01T02:17:10.932+0000][93.458s][info][gc,phases   ] GC(148)   Pre Evacuate Collection Set: 0.14ms
[2026-07-01T02:17:10.932+0000][93.458s][info][gc,phases   ] GC(148)   Merge Heap Roots: 0.41ms
[2026-07-01T02:17:10.932+0000][93.458s][info][gc,phases   ] GC(148)   Evacuate Collection Set: 16.71ms
[2026-07-01T02:17:10.932+0000][93.458s][info][gc,phases   ] GC(148)   Post Evacuate Collection Set: 0.40ms
[2026-07-01T02:17:10.932+0000][93.458s][info][gc,phases   ] GC(148)   Other: 0.06ms
[2026-07-01T02:17:10.932+0000][93.458s][info][gc,heap     ] GC(148) Eden regions: 131->0(131)
[2026-07-01T02:17:10.932+0000][93.458s][info][gc,heap     ] GC(148) Survivor regions: 9->9(18)
[2026-07-01T02:17:10.932+0000][93.458s][info][gc,heap     ] GC(148) Old regions: 180->180
[2026-07-01T02:17:10.932+0000][93.458s][info][gc,heap     ] GC(148) Humongous regions: 3->3
[2026-07-01T02:17:10.932+0000][93.458s][info][gc,metaspace] GC(148) Metaspace: 41755K(42560K)->41755K(42560K) NonClass: 36611K(37056K)->36611K(37056K) Class: 5144K(5504K)->5144K(5504K)
[2026-07-01T02:17:10.932+0000][93.458s][info][gc          ] GC(148) Pause Young (Mixed) (G1 Evacuation Pause) 322M->191M(341M) 17.880ms
[2026-07-01T02:17:10.932+0000][93.458s][info][gc,cpu      ] GC(148) User=0.04s Sys=0.00s Real=0.02s
[2026-07-01T02:17:11.516+0000][94.042s][info][gc,start    ] GC(149) Pause Young (Concurrent Start) (G1 Evacuation Pause)
[2026-07-01T02:17:11.516+0000][94.042s][info][gc,task     ] GC(149) Using 2 workers of 2 for evacuation
[2026-07-01T02:17:11.532+0000][94.059s][info][gc,phases   ] GC(149)   Pre Evacuate Collection Set: 0.44ms
[2026-07-01T02:17:11.533+0000][94.059s][info][gc,phases   ] GC(149)   Merge Heap Roots: 0.31ms
[2026-07-01T02:17:11.533+0000][94.059s][info][gc,phases   ] GC(149)   Evacuate Collection Set: 15.58ms
[2026-07-01T02:17:11.533+0000][94.059s][info][gc,phases   ] GC(149)   Post Evacuate Collection Set: 0.42ms
[2026-07-01T02:17:11.533+0000][94.059s][info][gc,phases   ] GC(149)   Other: 0.11ms
[2026-07-01T02:17:11.533+0000][94.059s][info][gc,heap     ] GC(149) Eden regions: 131->0(130)
[2026-07-01T02:17:11.533+0000][94.059s][info][gc,heap     ] GC(149) Survivor regions: 9->9(18)
[2026-07-01T02:17:11.533+0000][94.059s][info][gc,heap     ] GC(149) Old regions: 180->181
[2026-07-01T02:17:11.533+0000][94.059s][info][gc,heap     ] GC(149) Humongous regions: 3->3
[2026-07-01T02:17:11.533+0000][94.059s][info][gc,metaspace] GC(149) Metaspace: 41755K(42560K)->41755K(42560K) NonClass: 36611K(37056K)->36611K(37056K) Class: 5144K(5504K)->5144K(5504K)
[2026-07-01T02:17:11.533+0000][94.059s][info][gc          ] GC(149) Pause Young (Concurrent Start) (G1 Evacuation Pause) 322M->191M(341M) 17.006ms
[2026-07-01T02:17:11.533+0000][94.059s][info][gc          ] GC(150) Concurrent Mark Cycle
[2026-07-01T02:17:11.533+0000][94.059s][info][gc,marking  ] GC(150) Concurrent Scan Root Regions
[2026-07-01T02:17:11.533+0000][94.059s][info][gc,cpu      ] GC(149) User=0.04s Sys=0.00s Real=0.02s
[2026-07-01T02:17:11.548+0000][94.074s][info][gc,marking  ] GC(150) Concurrent Scan Root Regions 15.176ms
[2026-07-01T02:17:11.548+0000][94.074s][info][gc,marking  ] GC(150) Concurrent Mark
[2026-07-01T02:17:11.548+0000][94.074s][info][gc,marking  ] GC(150) Concurrent Mark From Roots
[2026-07-01T02:17:11.548+0000][94.074s][info][gc,task     ] GC(150) Using 1 workers of 1 for marking
[2026-07-01T02:17:12.150+0000][94.676s][info][gc,marking  ] GC(150) Concurrent Mark From Roots 601.831ms
[2026-07-01T02:17:12.150+0000][94.676s][info][gc,marking  ] GC(150) Concurrent Preclean
[2026-07-01T02:17:12.150+0000][94.676s][info][gc,marking  ] GC(150) Concurrent Preclean 0.122ms
[2026-07-01T02:17:12.150+0000][94.676s][info][gc,start    ] GC(150) Pause Remark
[2026-07-01T02:17:12.156+0000][94.682s][info][gc          ] GC(150) Pause Remark 304M->304M(341M) 6.053ms
[2026-07-01T02:17:12.156+0000][94.682s][info][gc,cpu      ] GC(150) User=0.01s Sys=0.01s Real=0.00s
[2026-07-01T02:17:12.158+0000][94.684s][info][gc,marking  ] GC(150) Concurrent Mark 610.241ms
[2026-07-01T02:17:12.158+0000][94.684s][info][gc,marking  ] GC(150) Concurrent Rebuild Remembered Sets and Scrub Regions
[2026-07-01T02:17:12.237+0000][94.763s][info][gc,marking  ] GC(150) Concurrent Rebuild Remembered Sets and Scrub Regions 78.913ms
[2026-07-01T02:17:12.237+0000][94.763s][info][gc,start    ] GC(150) Pause Cleanup
[2026-07-01T02:17:12.237+0000][94.763s][info][gc          ] GC(150) Pause Cleanup 304M->304M(341M) 0.126ms
[2026-07-01T02:17:12.237+0000][94.763s][info][gc,cpu      ] GC(150) User=0.00s Sys=0.00s Real=0.00s
[2026-07-01T02:17:12.237+0000][94.763s][info][gc,marking  ] GC(150) Concurrent Clear Claimed Marks
[2026-07-01T02:17:12.237+0000][94.764s][info][gc,marking  ] GC(150) Concurrent Clear Claimed Marks 0.081ms
[2026-07-01T02:17:12.237+0000][94.764s][info][gc,marking  ] GC(150) Concurrent Cleanup for Next Mark
[2026-07-01T02:17:12.238+0000][94.764s][info][gc,marking  ] GC(150) Concurrent Cleanup for Next Mark 0.644ms
[2026-07-01T02:17:12.238+0000][94.764s][info][gc          ] GC(150) Concurrent Mark Cycle 705.489ms
