[2026-07-01T01:41:33.282+0000][0.028s][info][gc,init] CardTable entry size: 512
[2026-07-01T01:41:33.282+0000][0.029s][info][gc     ] Using Serial
[2026-07-01T01:41:33.282+0000][0.029s][info][gc,init] Version: 21.0.11+10-LTS (release)
[2026-07-01T01:41:33.282+0000][0.029s][info][gc,init] CPUs: 4 total, 2 available
[2026-07-01T01:41:33.282+0000][0.029s][info][gc,init] Memory: 1024M
[2026-07-01T01:41:33.282+0000][0.029s][info][gc,init] Large Page Support: Disabled
[2026-07-01T01:41:33.282+0000][0.029s][info][gc,init] NUMA Support: Disabled
[2026-07-01T01:41:33.282+0000][0.029s][info][gc,init] Compressed Oops: Enabled (32-bit)
[2026-07-01T01:41:33.282+0000][0.029s][info][gc,init] Heap Min Capacity: 8M
[2026-07-01T01:41:33.282+0000][0.029s][info][gc,init] Heap Initial Capacity: 16M
[2026-07-01T01:41:33.282+0000][0.029s][info][gc,init] Heap Max Capacity: 256M
[2026-07-01T01:41:33.282+0000][0.029s][info][gc,init] Pre-touch: Disabled
[2026-07-01T01:41:33.289+0000][0.036s][info][gc,metaspace] CDS archive(s) mapped at: [0x00007472ff000000-0x00007472ffc9b000-0x00007472ffc9b000), size 13217792, SharedBaseAddress: 0x00007472ff000000, ArchiveRelocationMode: 1.
[2026-07-01T01:41:33.289+0000][0.036s][info][gc,metaspace] Compressed class space mapped at: 0x0000747300000000-0x0000747340000000, reserved size: 1073741824
[2026-07-01T01:41:33.289+0000][0.036s][info][gc,metaspace] Narrow klass base: 0x00007472ff000000, Narrow klass shift: 0, Narrow klass range: 0x100000000
[2026-07-01T01:41:33.437+0000][0.184s][info][gc,start    ] GC(0) Pause Young (Allocation Failure)
[2026-07-01T01:41:33.439+0000][0.186s][info][gc,heap     ] GC(0) DefNew: 4416K(4928K)->511K(4928K) Eden: 4416K(4416K)->0K(4416K) From: 0K(512K)->511K(512K)
[2026-07-01T01:41:33.439+0000][0.186s][info][gc,heap     ] GC(0) Tenured: 1073K(10944K)->1142K(10944K)
[2026-07-01T01:41:33.439+0000][0.186s][info][gc,metaspace] GC(0) Metaspace: 1654K(1920K)->1654K(1920K) NonClass: 1469K(1600K)->1469K(1600K) Class: 184K(320K)->184K(320K)
[2026-07-01T01:41:33.439+0000][0.186s][info][gc          ] GC(0) Pause Young (Allocation Failure) 5M->1M(15M) 2.483ms
[2026-07-01T01:41:33.439+0000][0.186s][info][gc,cpu      ] GC(0) User=0.01s Sys=0.00s Real=0.01s
[2026-07-01T01:41:33.513+0000][0.260s][info][gc,start    ] GC(1) Pause Young (Allocation Failure)
[2026-07-01T01:41:33.515+0000][0.262s][info][gc,heap     ] GC(1) DefNew: 4927K(4928K)->239K(4928K) Eden: 4416K(4416K)->0K(4416K) From: 511K(512K)->239K(512K)
[2026-07-01T01:41:33.515+0000][0.262s][info][gc,heap     ] GC(1) Tenured: 1142K(10944K)->1645K(10944K)
[2026-07-01T01:41:33.515+0000][0.262s][info][gc,metaspace] GC(1) Metaspace: 2026K(2240K)->2026K(2240K) NonClass: 1807K(1920K)->1807K(1920K) Class: 218K(320K)->218K(320K)
[2026-07-01T01:41:33.515+0000][0.262s][info][gc          ] GC(1) Pause Young (Allocation Failure) 5M->1M(15M) 1.647ms
[2026-07-01T01:41:33.515+0000][0.262s][info][gc,cpu      ] GC(1) User=0.00s Sys=0.00s Real=0.00s
[2026-07-01T01:41:33.562+0000][0.309s][info][gc,start    ] GC(2) Pause Young (Allocation Failure)
[2026-07-01T01:41:33.564+0000][0.310s][info][gc,heap     ] GC(2) DefNew: 4655K(4928K)->512K(4928K) Eden: 4416K(4416K)->0K(4416K) From: 239K(512K)->512K(512K)
[2026-07-01T01:41:33.564+0000][0.311s][info][gc,heap     ] GC(2) Tenured: 1645K(10944K)->1684K(10944K)
[2026-07-01T01:41:33.564+0000][0.311s][info][gc,metaspace] GC(2) Metaspace: 2586K(2880K)->2586K(2880K) NonClass: 2324K(2496K)->2324K(2496K) Class: 262K(384K)->262K(384K)
[2026-07-01T01:41:33.564+0000][0.311s][info][gc          ] GC(2) Pause Young (Allocation Failure) 6M->2M(15M) 1.122ms
[2026-07-01T01:41:33.564+0000][0.311s][info][gc,cpu      ] GC(2) User=0.00s Sys=0.00s Real=0.00s
[2026-07-01T01:41:33.666+0000][0.413s][info][gc,start    ] GC(3) Pause Young (Allocation Failure)
[2026-07-01T01:41:33.668+0000][0.415s][info][gc,heap     ] GC(3) DefNew: 4928K(4928K)->267K(4928K) Eden: 4416K(4416K)->0K(4416K) From: 512K(512K)->267K(512K)
[2026-07-01T01:41:33.668+0000][0.415s][info][gc,heap     ] GC(3) Tenured: 1684K(10944K)->2183K(10944K)
[2026-07-01T01:41:33.668+0000][0.415s][info][gc,metaspace] GC(3) Metaspace: 3657K(3904K)->3657K(3904K) NonClass: 3266K(3392K)->3266K(3392K) Class: 390K(512K)->390K(512K)
[2026-07-01T01:41:33.668+0000][0.415s][info][gc          ] GC(3) Pause Young (Allocation Failure) 6M->2M(15M) 1.410ms
[2026-07-01T01:41:33.668+0000][0.415s][info][gc,cpu      ] GC(3) User=0.01s Sys=0.00s Real=0.00s
[2026-07-01T01:41:33.762+0000][0.509s][info][gc,start    ] GC(4) Pause Young (Allocation Failure)
[2026-07-01T01:41:33.763+0000][0.510s][info][gc,heap     ] GC(4) DefNew: 4683K(4928K)->352K(4928K) Eden: 4416K(4416K)->0K(4416K) From: 267K(512K)->352K(512K)
[2026-07-01T01:41:33.763+0000][0.510s][info][gc,heap     ] GC(4) Tenured: 2183K(10944K)->2430K(10944K)
[2026-07-01T01:41:33.763+0000][0.510s][info][gc,metaspace] GC(4) Metaspace: 4498K(4800K)->4498K(4800K) NonClass: 3994K(4160K)->3994K(4160K) Class: 504K(640K)->504K(640K)
[2026-07-01T01:41:33.763+0000][0.510s][info][gc          ] GC(4) Pause Young (Allocation Failure) 6M->2M(15M) 1.536ms
[2026-07-01T01:41:33.763+0000][0.510s][info][gc,cpu      ] GC(4) User=0.01s Sys=0.00s Real=0.00s
[2026-07-01T01:41:33.836+0000][0.583s][info][gc,start    ] GC(5) Pause Young (Allocation Failure)
[2026-07-01T01:41:33.838+0000][0.585s][info][gc,heap     ] GC(5) DefNew: 4768K(4928K)->241K(4928K) Eden: 4416K(4416K)->0K(4416K) From: 352K(512K)->241K(512K)
[2026-07-01T01:41:33.838+0000][0.585s][info][gc,heap     ] GC(5) Tenured: 2430K(10944K)->2763K(10944K)
[2026-07-01T01:41:33.838+0000][0.585s][info][gc,metaspace] GC(5) Metaspace: 5629K(5888K)->5629K(5888K) NonClass: 4976K(5120K)->4976K(5120K) Class: 653K(768K)->653K(768K)
[2026-07-01T01:41:33.838+0000][0.585s][info][gc          ] GC(5) Pause Young (Allocation Failure) 7M->2M(15M) 1.976ms
[2026-07-01T01:41:33.838+0000][0.585s][info][gc,cpu      ] GC(5) User=0.01s Sys=0.00s Real=0.01s
[2026-07-01T01:41:33.910+0000][0.657s][info][gc,start    ] GC(6) Pause Young (Allocation Failure)
[2026-07-01T01:41:33.912+0000][0.659s][info][gc,heap     ] GC(6) DefNew: 4657K(4928K)->450K(4928K) Eden: 4416K(4416K)->0K(4416K) From: 241K(512K)->450K(512K)
[2026-07-01T01:41:33.912+0000][0.659s][info][gc,heap     ] GC(6) Tenured: 2763K(10944K)->2763K(10944K)
[2026-07-01T01:41:33.912+0000][0.659s][info][gc,metaspace] GC(6) Metaspace: 6603K(6912K)->6603K(6912K) NonClass: 5826K(6016K)->5826K(6016K) Class: 776K(896K)->776K(896K)
[2026-07-01T01:41:33.912+0000][0.659s][info][gc          ] GC(6) Pause Young (Allocation Failure) 7M->3M(15M) 1.330ms
[2026-07-01T01:41:33.912+0000][0.659s][info][gc,cpu      ] GC(6) User=0.00s Sys=0.00s Real=0.00s
[2026-07-01T01:41:33.966+0000][0.713s][info][gc,start    ] GC(7) Pause Young (Allocation Failure)
[2026-07-01T01:41:33.968+0000][0.715s][info][gc,heap     ] GC(7) DefNew: 4866K(4928K)->512K(4928K) Eden: 4416K(4416K)->0K(4416K) From: 450K(512K)->512K(512K)
[2026-07-01T01:41:33.968+0000][0.715s][info][gc,heap     ] GC(7) Tenured: 2763K(10944K)->3215K(10944K)
[2026-07-01T01:41:33.968+0000][0.715s][info][gc,metaspace] GC(7) Metaspace: 7948K(8192K)->7948K(8192K) NonClass: 7011K(7168K)->7011K(7168K) Class: 937K(1024K)->937K(1024K)
[2026-07-01T01:41:33.968+0000][0.715s][info][gc          ] GC(7) Pause Young (Allocation Failure) 7M->3M(15M) 2.282ms
[2026-07-01T01:41:33.968+0000][0.715s][info][gc,cpu      ] GC(7) User=0.00s Sys=0.00s Real=0.01s
[2026-07-01T01:41:34.030+0000][0.777s][info][gc,start    ] GC(8) Pause Young (Allocation Failure)
[2026-07-01T01:41:34.032+0000][0.779s][info][gc,heap     ] GC(8) DefNew: 4928K(4928K)->306K(4928K) Eden: 4416K(4416K)->0K(4416K) From: 512K(512K)->306K(512K)
[2026-07-01T01:41:34.032+0000][0.779s][info][gc,heap     ] GC(8) Tenured: 3215K(10944K)->3723K(10944K)
[2026-07-01T01:41:34.032+0000][0.779s][info][gc,metaspace] GC(8) Metaspace: 8709K(9088K)->8709K(9088K) NonClass: 7653K(7872K)->7653K(7872K) Class: 1055K(1216K)->1055K(1216K)
[2026-07-01T01:41:34.032+0000][0.779s][info][gc          ] GC(8) Pause Young (Allocation Failure) 7M->3M(15M) 1.852ms
[2026-07-01T01:41:34.032+0000][0.779s][info][gc,cpu      ] GC(8) User=0.00s Sys=0.00s Real=0.00s
[2026-07-01T01:41:34.111+0000][0.858s][info][gc,start    ] GC(9) Pause Young (Allocation Failure)
[2026-07-01T01:41:34.112+0000][0.859s][info][gc,heap     ] GC(9) DefNew: 4722K(4928K)->275K(4928K) Eden: 4416K(4416K)->0K(4416K) From: 306K(512K)->275K(512K)
[2026-07-01T01:41:34.112+0000][0.859s][info][gc,heap     ] GC(9) Tenured: 3723K(10944K)->4003K(10944K)
[2026-07-01T01:41:34.112+0000][0.859s][info][gc,metaspace] GC(9) Metaspace: 9367K(9792K)->9367K(9792K) NonClass: 8218K(8448K)->8218K(8448K) Class: 1148K(1344K)->1148K(1344K)
[2026-07-01T01:41:34.112+0000][0.859s][info][gc          ] GC(9) Pause Young (Allocation Failure) 8M->4M(15M) 1.491ms
[2026-07-01T01:41:34.112+0000][0.859s][info][gc,cpu      ] GC(9) User=0.01s Sys=0.00s Real=0.00s
[2026-07-01T01:41:34.158+0000][0.905s][info][gc,start    ] GC(10) Pause Young (Allocation Failure)
[2026-07-01T01:41:34.159+0000][0.906s][info][gc,heap     ] GC(10) DefNew: 4691K(4928K)->244K(4928K) Eden: 4416K(4416K)->0K(4416K) From: 275K(512K)->244K(512K)
[2026-07-01T01:41:34.159+0000][0.906s][info][gc,heap     ] GC(10) Tenured: 4003K(10944K)->4257K(10944K)
[2026-07-01T01:41:34.159+0000][0.906s][info][gc,metaspace] GC(10) Metaspace: 10106K(10496K)->10106K(10496K) NonClass: 8814K(9024K)->8814K(9024K) Class: 1291K(1472K)->1291K(1472K)
[2026-07-01T01:41:34.159+0000][0.906s][info][gc          ] GC(10) Pause Young (Allocation Failure) 8M->4M(15M) 1.615ms
[2026-07-01T01:41:34.159+0000][0.906s][info][gc,cpu      ] GC(10) User=0.00s Sys=0.00s Real=0.01s
[2026-07-01T01:41:34.215+0000][0.962s][info][gc,start    ] GC(11) Pause Young (Allocation Failure)
[2026-07-01T01:41:34.217+0000][0.964s][info][gc,heap     ] GC(11) DefNew: 4626K(4928K)->382K(4928K) Eden: 4382K(4416K)->0K(4416K) From: 244K(512K)->382K(512K)
[2026-07-01T01:41:34.217+0000][0.964s][info][gc,heap     ] GC(11) Tenured: 4257K(10944K)->4257K(10944K)
[2026-07-01T01:41:34.217+0000][0.964s][info][gc,metaspace] GC(11) Metaspace: 11116K(11520K)->11116K(11520K) NonClass: 9698K(9920K)->9698K(9920K) Class: 1418K(1600K)->1418K(1600K)
[2026-07-01T01:41:34.217+0000][0.964s][info][gc          ] GC(11) Pause Young (Allocation Failure) 8M->4M(15M) 1.294ms
[2026-07-01T01:41:34.217+0000][0.964s][info][gc,cpu      ] GC(11) User=0.00s Sys=0.00s Real=0.00s
[2026-07-01T01:41:34.239+0000][0.986s][info][gc,start    ] GC(12) Pause Young (Allocation Failure)
[2026-07-01T01:41:34.241+0000][0.987s][info][gc,heap     ] GC(12) DefNew: 4798K(4928K)->359K(4928K) Eden: 4416K(4416K)->0K(4416K) From: 382K(512K)->359K(512K)
[2026-07-01T01:41:34.241+0000][0.988s][info][gc,heap     ] GC(12) Tenured: 4257K(10944K)->4484K(10944K)
[2026-07-01T01:41:34.241+0000][0.988s][info][gc,metaspace] GC(12) Metaspace: 12129K(12480K)->12129K(12480K) NonClass: 10606K(10816K)->10606K(10816K) Class: 1522K(1664K)->1522K(1664K)
[2026-07-01T01:41:34.241+0000][0.988s][info][gc          ] GC(12) Pause Young (Allocation Failure) 8M->4M(15M) 1.509ms
[2026-07-01T01:41:34.241+0000][0.988s][info][gc,cpu      ] GC(12) User=0.00s Sys=0.00s Real=0.00s
[2026-07-01T01:41:34.314+0000][1.061s][info][gc,start    ] GC(13) Pause Young (Allocation Failure)
[2026-07-01T01:41:34.317+0000][1.064s][info][gc,heap     ] GC(13) DefNew: 4775K(4928K)->512K(4928K) Eden: 4416K(4416K)->0K(4416K) From: 359K(512K)->512K(512K)
[2026-07-01T01:41:34.317+0000][1.064s][info][gc,heap     ] GC(13) Tenured: 4484K(10944K)->5032K(10944K)
[2026-07-01T01:41:34.317+0000][1.064s][info][gc,metaspace] GC(13) Metaspace: 12901K(13312K)->12901K(13312K) NonClass: 11294K(11520K)->11294K(11520K) Class: 1606K(1792K)->1606K(1792K)
[2026-07-01T01:41:34.317+0000][1.064s][info][gc          ] GC(13) Pause Young (Allocation Failure) 9M->5M(15M) 2.604ms
[2026-07-01T01:41:34.317+0000][1.064s][info][gc,cpu      ] GC(13) User=0.00s Sys=0.00s Real=0.00s
[2026-07-01T01:41:34.342+0000][1.089s][info][gc,start    ] GC(14) Pause Young (Allocation Failure)
[2026-07-01T01:41:34.344+0000][1.091s][info][gc,heap     ] GC(14) DefNew: 4928K(4928K)->159K(4928K) Eden: 4416K(4416K)->0K(4416K) From: 512K(512K)->159K(512K)
[2026-07-01T01:41:34.344+0000][1.091s][info][gc,heap     ] GC(14) Tenured: 5032K(10944K)->5537K(10944K)
[2026-07-01T01:41:34.344+0000][1.091s][info][gc,metaspace] GC(14) Metaspace: 13975K(14400K)->13975K(14400K) NonClass: 12239K(12480K)->12239K(12480K) Class: 1736K(1920K)->1736K(1920K)
[2026-07-01T01:41:34.344+0000][1.091s][info][gc          ] GC(14) Pause Young (Allocation Failure) 9M->5M(15M) 1.805ms
[2026-07-01T01:41:34.344+0000][1.091s][info][gc,cpu      ] GC(14) User=0.00s Sys=0.00s Real=0.00s
[2026-07-01T01:41:34.412+0000][1.159s][info][gc,start    ] GC(15) Pause Young (Allocation Failure)
[2026-07-01T01:41:34.413+0000][1.160s][info][gc,heap     ] GC(15) DefNew: 4575K(4928K)->346K(4928K) Eden: 4416K(4416K)->0K(4416K) From: 159K(512K)->346K(512K)
[2026-07-01T01:41:34.413+0000][1.160s][info][gc,heap     ] GC(15) Tenured: 5537K(10944K)->5537K(10944K)
[2026-07-01T01:41:34.413+0000][1.160s][info][gc,metaspace] GC(15) Metaspace: 14811K(15232K)->14811K(15232K) NonClass: 12963K(13184K)->12963K(13184K) Class: 1848K(2048K)->1848K(2048K)
[2026-07-01T01:41:34.413+0000][1.160s][info][gc          ] GC(15) Pause Young (Allocation Failure) 9M->5M(15M) 1.597ms
[2026-07-01T01:41:34.413+0000][1.160s][info][gc,cpu      ] GC(15) User=0.01s Sys=0.00s Real=0.00s
[2026-07-01T01:41:34.439+0000][1.186s][info][gc,start    ] GC(16) Pause Young (Allocation Failure)
[2026-07-01T01:41:34.441+0000][1.188s][info][gc,heap     ] GC(16) DefNew: 4762K(4928K)->455K(4928K) Eden: 4416K(4416K)->0K(4416K) From: 346K(512K)->455K(512K)
[2026-07-01T01:41:34.441+0000][1.188s][info][gc,heap     ] GC(16) Tenured: 5537K(10944K)->5677K(10944K)
[2026-07-01T01:41:34.441+0000][1.188s][info][gc,metaspace] GC(16) Metaspace: 15632K(16064K)->15632K(16064K) NonClass: 13657K(13888K)->13657K(13888K) Class: 1974K(2176K)->1974K(2176K)
[2026-07-01T01:41:34.441+0000][1.188s][info][gc          ] GC(16) Pause Young (Allocation Failure) 10M->5M(15M) 1.621ms
[2026-07-01T01:41:34.441+0000][1.188s][info][gc,cpu      ] GC(16) User=0.01s Sys=0.00s Real=0.00s
[2026-07-01T01:41:34.502+0000][1.249s][info][gc,start    ] GC(17) Pause Young (Allocation Failure)
[2026-07-01T01:41:34.504+0000][1.251s][info][gc,heap     ] GC(17) DefNew: 4871K(4928K)->136K(4928K) Eden: 4416K(4416K)->0K(4416K) From: 455K(512K)->136K(512K)
[2026-07-01T01:41:34.504+0000][1.251s][info][gc,heap     ] GC(17) Tenured: 5677K(10944K)->6019K(10944K)
[2026-07-01T01:41:34.504+0000][1.251s][info][gc,metaspace] GC(17) Metaspace: 16500K(16960K)->16500K(16960K) NonClass: 14409K(14656K)->14409K(14656K) Class: 2090K(2304K)->2090K(2304K)
[2026-07-01T01:41:34.504+0000][1.251s][info][gc          ] GC(17) Pause Young (Allocation Failure) 10M->6M(15M) 1.923ms
[2026-07-01T01:41:34.504+0000][1.251s][info][gc,cpu      ] GC(17) User=0.00s Sys=0.00s Real=0.00s
[2026-07-01T01:41:34.535+0000][1.282s][info][gc,start    ] GC(18) Pause Young (Allocation Failure)
[2026-07-01T01:41:34.537+0000][1.284s][info][gc,heap     ] GC(18) DefNew: 4535K(4928K)->512K(4928K) Eden: 4399K(4416K)->0K(4416K) From: 136K(512K)->512K(512K)
[2026-07-01T01:41:34.537+0000][1.284s][info][gc,heap     ] GC(18) Tenured: 6019K(10944K)->6264K(10944K)
[2026-07-01T01:41:34.537+0000][1.284s][info][gc,metaspace] GC(18) Metaspace: 17498K(17920K)->17498K(17920K) NonClass: 15292K(15552K)->15292K(15552K) Class: 2205K(2368K)->2205K(2368K)
[2026-07-01T01:41:34.537+0000][1.284s][info][gc          ] GC(18) Pause Young (Allocation Failure) 10M->6M(15M) 1.992ms
[2026-07-01T01:41:34.537+0000][1.284s][info][gc,cpu      ] GC(18) User=0.00s Sys=0.00s Real=0.00s
[2026-07-01T01:41:34.612+0000][1.359s][info][gc,start    ] GC(19) Pause Young (Allocation Failure)
[2026-07-01T01:41:34.615+0000][1.362s][info][gc,heap     ] GC(19) DefNew: 4928K(4928K)->512K(4928K) Eden: 4416K(4416K)->0K(4416K) From: 512K(512K)->512K(512K)
[2026-07-01T01:41:34.615+0000][1.362s][info][gc,heap     ] GC(19) Tenured: 6264K(10944K)->6869K(10944K)
[2026-07-01T01:41:34.615+0000][1.362s][info][gc,metaspace] GC(19) Metaspace: 18319K(18752K)->18319K(18752K) NonClass: 16015K(16256K)->16015K(16256K) Class: 2304K(2496K)->2304K(2496K)
[2026-07-01T01:41:34.615+0000][1.362s][info][gc          ] GC(19) Pause Young (Allocation Failure) 10M->7M(15M) 2.953ms
[2026-07-01T01:41:34.615+0000][1.362s][info][gc,cpu      ] GC(19) User=0.00s Sys=0.01s Real=0.00s
[2026-07-01T01:41:34.646+0000][1.393s][info][gc,start    ] GC(20) Pause Young (Allocation Failure)
[2026-07-01T01:41:34.648+0000][1.395s][info][gc,heap     ] GC(20) DefNew: 4891K(4928K)->299K(4928K) Eden: 4379K(4416K)->0K(4416K) From: 512K(512K)->299K(512K)
[2026-07-01T01:41:34.648+0000][1.395s][info][gc,heap     ] GC(20) Tenured: 6869K(10944K)->7373K(10944K)
[2026-07-01T01:41:34.648+0000][1.395s][info][gc,metaspace] GC(20) Metaspace: 18713K(19072K)->18713K(19072K) NonClass: 16368K(16576K)->16368K(16576K) Class: 2345K(2496K)->2345K(2496K)
[2026-07-01T01:41:34.648+0000][1.395s][info][gc          ] GC(20) Pause Young (Allocation Failure) 11M->7M(15M) 1.728ms
[2026-07-01T01:41:34.648+0000][1.395s][info][gc,cpu      ] GC(20) User=0.00s Sys=0.00s Real=0.01s
[2026-07-01T01:41:34.706+0000][1.453s][info][gc,start    ] GC(21) Pause Young (Allocation Failure)
[2026-07-01T01:41:34.708+0000][1.454s][info][gc,heap     ] GC(21) DefNew: 4715K(4928K)->214K(4928K) Eden: 4416K(4416K)->0K(4416K) From: 299K(512K)->214K(512K)
[2026-07-01T01:41:34.708+0000][1.454s][info][gc,heap     ] GC(21) Tenured: 7373K(10944K)->7585K(10944K)
[2026-07-01T01:41:34.708+0000][1.454s][info][gc,metaspace] GC(21) Metaspace: 19177K(19584K)->19177K(19584K) NonClass: 16779K(17024K)->16779K(17024K) Class: 2398K(2560K)->2398K(2560K)
[2026-07-01T01:41:34.708+0000][1.454s][info][gc          ] GC(21) Pause Young (Allocation Failure) 11M->7M(15M) 1.154ms
[2026-07-01T01:41:34.708+0000][1.454s][info][gc,cpu      ] GC(21) User=0.00s Sys=0.00s Real=0.00s
[2026-07-01T01:41:34.757+0000][1.504s][info][gc,start    ] GC(22) Pause Young (Allocation Failure)
[2026-07-01T01:41:34.758+0000][1.505s][info][gc,heap     ] GC(22) DefNew: 4630K(4928K)->467K(4928K) Eden: 4416K(4416K)->0K(4416K) From: 214K(512K)->467K(512K)
[2026-07-01T01:41:34.758+0000][1.505s][info][gc,heap     ] GC(22) Tenured: 7585K(10944K)->7585K(10944K)
[2026-07-01T01:41:34.758+0000][1.505s][info][gc,metaspace] GC(22) Metaspace: 19469K(19904K)->19469K(19904K) NonClass: 17028K(17216K)->17028K(17216K) Class: 2440K(2688K)->2440K(2688K)
[2026-07-01T01:41:34.758+0000][1.505s][info][gc          ] GC(22) Pause Young (Allocation Failure) 11M->7M(15M) 1.577ms
[2026-07-01T01:41:34.758+0000][1.505s][info][gc,cpu      ] GC(22) User=0.00s Sys=0.00s Real=0.01s
[2026-07-01T01:41:34.823+0000][1.570s][info][gc,start    ] GC(23) Pause Young (Allocation Failure)
[2026-07-01T01:41:34.825+0000][1.572s][info][gc,heap     ] GC(23) DefNew: 4883K(4928K)->278K(4928K) Eden: 4416K(4416K)->0K(4416K) From: 467K(512K)->278K(512K)
[2026-07-01T01:41:34.825+0000][1.572s][info][gc,heap     ] GC(23) Tenured: 7585K(10944K)->8034K(10944K)
[2026-07-01T01:41:34.825+0000][1.572s][info][gc,metaspace] GC(23) Metaspace: 19812K(20288K)->19812K(20288K) NonClass: 17324K(17600K)->17324K(17600K) Class: 2487K(2688K)->2487K(2688K)
[2026-07-01T01:41:34.825+0000][1.572s][info][gc          ] GC(23) Pause Young (Allocation Failure) 12M->8M(15M) 2.188ms
[2026-07-01T01:41:34.825+0000][1.572s][info][gc,cpu      ] GC(23) User=0.01s Sys=0.00s Real=0.00s
[2026-07-01T01:41:34.868+0000][1.615s][info][gc,start    ] GC(24) Pause Young (Allocation Failure)
[2026-07-01T01:41:34.870+0000][1.617s][info][gc,heap     ] GC(24) DefNew: 4694K(4928K)->243K(4928K) Eden: 4416K(4416K)->0K(4416K) From: 278K(512K)->243K(512K)
[2026-07-01T01:41:34.870+0000][1.617s][info][gc,heap     ] GC(24) Tenured: 8034K(10944K)->8298K(10944K)
[2026-07-01T01:41:34.870+0000][1.617s][info][gc,metaspace] GC(24) Metaspace: 20011K(20480K)->20011K(20480K) NonClass: 17504K(17728K)->17504K(17728K) Class: 2507K(2752K)->2507K(2752K)
[2026-07-01T01:41:34.870+0000][1.617s][info][gc          ] GC(24) Pause Young (Allocation Failure) 12M->8M(15M) 1.753ms
[2026-07-01T01:41:34.870+0000][1.617s][info][gc,cpu      ] GC(24) User=0.00s Sys=0.00s Real=0.00s
[2026-07-01T01:41:34.932+0000][1.679s][info][gc,start    ] GC(25) Pause Young (Allocation Failure)
[2026-07-01T01:41:34.934+0000][1.681s][info][gc,heap     ] GC(25) DefNew: 4659K(4928K)->512K(4928K) Eden: 4416K(4416K)->0K(4416K) From: 243K(512K)->512K(512K)
[2026-07-01T01:41:34.934+0000][1.681s][info][gc,heap     ] GC(25) Tenured: 8298K(10944K)->8341K(10944K)
[2026-07-01T01:41:34.934+0000][1.681s][info][gc,metaspace] GC(25) Metaspace: 20185K(20672K)->20185K(20672K) NonClass: 17666K(17920K)->17666K(17920K) Class: 2519K(2752K)->2519K(2752K)
[2026-07-01T01:41:34.934+0000][1.681s][info][gc          ] GC(25) Pause Young (Allocation Failure) 12M->8M(15M) 1.968ms
[2026-07-01T01:41:34.934+0000][1.681s][info][gc,cpu      ] GC(25) User=0.00s Sys=0.00s Real=0.00s
[2026-07-01T01:41:34.973+0000][1.720s][info][gc,start    ] GC(26) Pause Young (Allocation Failure)
[2026-07-01T01:41:34.975+0000][1.721s][info][gc,heap     ] GC(26) DefNew: 4928K(4928K)->295K(4928K) Eden: 4416K(4416K)->0K(4416K) From: 512K(512K)->295K(512K)
[2026-07-01T01:41:34.975+0000][1.722s][info][gc,heap     ] GC(26) Tenured: 8341K(10944K)->8846K(10944K)
[2026-07-01T01:41:34.975+0000][1.722s][info][gc,metaspace] GC(26) Metaspace: 20338K(20800K)->20338K(20800K) NonClass: 17805K(18048K)->17805K(18048K) Class: 2532K(2752K)->2532K(2752K)
[2026-07-01T01:41:34.975+0000][1.722s][info][gc          ] GC(26) Pause Young (Allocation Failure) 12M->8M(15M) 1.866ms
[2026-07-01T01:41:34.975+0000][1.722s][info][gc,cpu      ] GC(26) User=0.00s Sys=0.00s Real=0.00s
[2026-07-01T01:41:35.036+0000][1.783s][info][gc,start    ] GC(27) Pause Young (Allocation Failure)
[2026-07-01T01:41:35.038+0000][1.785s][info][gc,heap     ] GC(27) DefNew: 4711K(4928K)->224K(4928K) Eden: 4416K(4416K)->0K(4416K) From: 295K(512K)->224K(512K)
[2026-07-01T01:41:35.038+0000][1.785s][info][gc,heap     ] GC(27) Tenured: 8846K(10944K)->9101K(10944K)
[2026-07-01T01:41:35.038+0000][1.785s][info][gc,metaspace] GC(27) Metaspace: 20787K(21248K)->20787K(21248K) NonClass: 18195K(18432K)->18195K(18432K) Class: 2591K(2816K)->2591K(2816K)
[2026-07-01T01:41:35.038+0000][1.785s][info][gc          ] GC(27) Pause Young (Allocation Failure) 13M->9M(15M) 1.967ms
[2026-07-01T01:41:35.038+0000][1.785s][info][gc,cpu      ] GC(27) User=0.00s Sys=0.00s Real=0.01s
[2026-07-01T01:41:35.053+0000][1.800s][info][gc,start    ] GC(28) Pause Full (Metadata GC Threshold)
[2026-07-01T01:41:35.053+0000][1.800s][info][gc,phases,start] GC(28) Phase 1: Mark live objects
[2026-07-01T01:41:35.066+0000][1.812s][info][gc,phases      ] GC(28) Phase 1: Mark live objects 12.203ms
[2026-07-01T01:41:35.066+0000][1.813s][info][gc,phases,start] GC(28) Phase 2: Compute new object addresses
[2026-07-01T01:41:35.068+0000][1.815s][info][gc,phases      ] GC(28) Phase 2: Compute new object addresses 2.774ms
[2026-07-01T01:41:35.068+0000][1.815s][info][gc,phases,start] GC(28) Phase 3: Adjust pointers
[2026-07-01T01:41:35.075+0000][1.822s][info][gc,phases      ] GC(28) Phase 3: Adjust pointers 6.238ms
[2026-07-01T01:41:35.075+0000][1.822s][info][gc,phases,start] GC(28) Phase 4: Move objects
[2026-07-01T01:41:35.075+0000][1.822s][info][gc,phases      ] GC(28) Phase 4: Move objects 0.442ms
[2026-07-01T01:41:35.075+0000][1.822s][info][gc,heap        ] GC(28) DefNew: 2296K(4928K)->0K(7040K) Eden: 2071K(4416K)->0K(6272K) From: 224K(512K)->0K(768K)
[2026-07-01T01:41:35.075+0000][1.822s][info][gc,heap        ] GC(28) Tenured: 9101K(10944K)->9300K(15504K)
[2026-07-01T01:41:35.075+0000][1.822s][info][gc,metaspace   ] GC(28) Metaspace: 21040K(21504K)->21040K(21504K) NonClass: 18418K(18688K)->18418K(18688K) Class: 2622K(2816K)->2622K(2816K)
[2026-07-01T01:41:35.075+0000][1.822s][info][gc             ] GC(28) Pause Full (Metadata GC Threshold) 11M->9M(22M) 22.136ms
[2026-07-01T01:41:35.075+0000][1.822s][info][gc,cpu         ] GC(28) User=0.03s Sys=0.00s Real=0.02s
[2026-07-01T01:41:35.136+0000][1.883s][info][gc,start       ] GC(29) Pause Young (Allocation Failure)
[2026-07-01T01:41:35.138+0000][1.885s][info][gc,heap        ] GC(29) DefNew: 6272K(7040K)->344K(7040K) Eden: 6272K(6272K)->0K(6272K) From: 0K(768K)->344K(768K)
[2026-07-01T01:41:35.138+0000][1.885s][info][gc,heap        ] GC(29) Tenured: 9300K(15504K)->9300K(15504K)
[2026-07-01T01:41:35.138+0000][1.885s][info][gc,metaspace   ] GC(29) Metaspace: 21600K(22080K)->21600K(22080K) NonClass: 18895K(19136K)->18895K(19136K) Class: 2704K(2944K)->2704K(2944K)
[2026-07-01T01:41:35.138+0000][1.885s][info][gc             ] GC(29) Pause Young (Allocation Failure) 15M->9M(22M) 1.935ms
[2026-07-01T01:41:35.138+0000][1.885s][info][gc,cpu         ] GC(29) User=0.01s Sys=0.00s Real=0.00s
[2026-07-01T01:41:35.210+0000][1.957s][info][gc,start       ] GC(30) Pause Young (Allocation Failure)
[2026-07-01T01:41:35.212+0000][1.959s][info][gc,heap        ] GC(30) DefNew: 6616K(7040K)->715K(7040K) Eden: 6272K(6272K)->0K(6272K) From: 344K(768K)->715K(768K)
[2026-07-01T01:41:35.212+0000][1.959s][info][gc,heap        ] GC(30) Tenured: 9300K(15504K)->9300K(15504K)
[2026-07-01T01:41:35.212+0000][1.959s][info][gc,metaspace   ] GC(30) Metaspace: 22034K(22528K)->22034K(22528K) NonClass: 19265K(19520K)->19265K(19520K) Class: 2769K(3008K)->2769K(3008K)
[2026-07-01T01:41:35.212+0000][1.959s][info][gc             ] GC(30) Pause Young (Allocation Failure) 15M->9M(22M) 2.067ms
[2026-07-01T01:41:35.212+0000][1.959s][info][gc,cpu         ] GC(30) User=0.00s Sys=0.00s Real=0.00s
[2026-07-01T01:41:35.269+0000][2.016s][info][gc,start       ] GC(31) Pause Young (Allocation Failure)
[2026-07-01T01:41:35.271+0000][2.018s][info][gc,heap        ] GC(31) DefNew: 6987K(7040K)->470K(7040K) Eden: 6272K(6272K)->0K(6272K) From: 715K(768K)->470K(768K)
[2026-07-01T01:41:35.271+0000][2.018s][info][gc,heap        ] GC(31) Tenured: 9300K(15504K)->9993K(15504K)
[2026-07-01T01:41:35.271+0000][2.018s][info][gc,metaspace   ] GC(31) Metaspace: 22671K(23168K)->22671K(23168K) NonClass: 19825K(20096K)->19825K(20096K) Class: 2846K(3072K)->2846K(3072K)
[2026-07-01T01:41:35.271+0000][2.018s][info][gc             ] GC(31) Pause Young (Allocation Failure) 15M->10M(22M) 2.607ms
[2026-07-01T01:41:35.271+0000][2.018s][info][gc,cpu         ] GC(31) User=0.00s Sys=0.00s Real=0.00s
[2026-07-01T01:41:35.355+0000][2.102s][info][gc,start       ] GC(32) Pause Young (Allocation Failure)
[2026-07-01T01:41:35.358+0000][2.105s][info][gc,heap        ] GC(32) DefNew: 6742K(7040K)->616K(7040K) Eden: 6272K(6272K)->0K(6272K) From: 470K(768K)->616K(768K)
[2026-07-01T01:41:35.358+0000][2.105s][info][gc,heap        ] GC(32) Tenured: 9993K(15504K)->10403K(15504K)
[2026-07-01T01:41:35.358+0000][2.105s][info][gc,metaspace   ] GC(32) Metaspace: 23703K(24192K)->23703K(24192K) NonClass: 20713K(20992K)->20713K(20992K) Class: 2989K(3200K)->2989K(3200K)
[2026-07-01T01:41:35.358+0000][2.105s][info][gc             ] GC(32) Pause Young (Allocation Failure) 16M->10M(22M) 2.660ms
[2026-07-01T01:41:35.358+0000][2.105s][info][gc,cpu         ] GC(32) User=0.00s Sys=0.00s Real=0.00s
[2026-07-01T01:41:35.430+0000][2.177s][info][gc,start       ] GC(33) Pause Young (Allocation Failure)
[2026-07-01T01:41:35.433+0000][2.180s][info][gc,heap        ] GC(33) DefNew: 6888K(7040K)->670K(7040K) Eden: 6272K(6272K)->0K(6272K) From: 616K(768K)->670K(768K)
[2026-07-01T01:41:35.433+0000][2.180s][info][gc,heap        ] GC(33) Tenured: 10403K(15504K)->10988K(15504K)
[2026-07-01T01:41:35.433+0000][2.180s][info][gc,metaspace   ] GC(33) Metaspace: 24568K(25088K)->24568K(25088K) NonClass: 21405K(21696K)->21405K(21696K) Class: 3163K(3392K)->3163K(3392K)
[2026-07-01T01:41:35.433+0000][2.180s][info][gc             ] GC(33) Pause Young (Allocation Failure) 16M->11M(22M) 3.189ms
[2026-07-01T01:41:35.433+0000][2.180s][info][gc,cpu         ] GC(33) User=0.00s Sys=0.00s Real=0.00s
[2026-07-01T01:41:35.502+0000][2.249s][info][gc,start       ] GC(34) Pause Young (Allocation Failure)
[2026-07-01T01:41:35.506+0000][2.253s][info][gc,heap        ] GC(34) DefNew: 6942K(7040K)->607K(7040K) Eden: 6272K(6272K)->0K(6272K) From: 670K(768K)->607K(768K)
[2026-07-01T01:41:35.506+0000][2.253s][info][gc,heap        ] GC(34) Tenured: 10988K(15504K)->11639K(15504K)
[2026-07-01T01:41:35.506+0000][2.253s][info][gc,metaspace   ] GC(34) Metaspace: 26117K(26624K)->26117K(26624K) NonClass: 22793K(23040K)->22793K(23040K) Class: 3324K(3584K)->3324K(3584K)
[2026-07-01T01:41:35.506+0000][2.253s][info][gc             ] GC(34) Pause Young (Allocation Failure) 17M->11M(22M) 4.159ms
[2026-07-01T01:41:35.506+0000][2.253s][info][gc,cpu         ] GC(34) User=0.00s Sys=0.00s Real=0.00s
[2026-07-01T01:41:35.572+0000][2.319s][info][gc,start       ] GC(35) Pause Young (Allocation Failure)
[2026-07-01T01:41:35.576+0000][2.323s][info][gc,heap        ] GC(35) DefNew: 6879K(7040K)->394K(7040K) Eden: 6272K(6272K)->0K(6272K) From: 607K(768K)->394K(768K)
[2026-07-01T01:41:35.576+0000][2.323s][info][gc,heap        ] GC(35) Tenured: 11639K(15504K)->12224K(15504K)
[2026-07-01T01:41:35.576+0000][2.323s][info][gc,metaspace   ] GC(35) Metaspace: 27137K(27648K)->27137K(27648K) NonClass: 23691K(23936K)->23691K(23936K) Class: 3446K(3712K)->3446K(3712K)
[2026-07-01T01:41:35.576+0000][2.323s][info][gc             ] GC(35) Pause Young (Allocation Failure) 18M->12M(22M) 4.778ms
[2026-07-01T01:41:35.576+0000][2.323s][info][gc,cpu         ] GC(35) User=0.01s Sys=0.00s Real=0.00s
[2026-07-01T01:41:35.629+0000][2.376s][info][gc,start       ] GC(36) Pause Young (Allocation Failure)
[2026-07-01T01:41:35.632+0000][2.379s][info][gc,heap        ] GC(36) DefNew: 6666K(7040K)->225K(7040K) Eden: 6272K(6272K)->0K(6272K) From: 394K(768K)->225K(768K)
[2026-07-01T01:41:35.632+0000][2.379s][info][gc,heap        ] GC(36) Tenured: 12224K(15504K)->12594K(15504K)
[2026-07-01T01:41:35.632+0000][2.379s][info][gc,metaspace   ] GC(36) Metaspace: 27808K(28352K)->27808K(28352K) NonClass: 24267K(24576K)->24267K(24576K) Class: 3540K(3776K)->3540K(3776K)
[2026-07-01T01:41:35.632+0000][2.379s][info][gc             ] GC(36) Pause Young (Allocation Failure) 18M->12M(22M) 2.943ms
[2026-07-01T01:41:35.632+0000][2.379s][info][gc,cpu         ] GC(36) User=0.01s Sys=0.00s Real=0.00s
[2026-07-01T01:41:35.713+0000][2.460s][info][gc,start       ] GC(37) Pause Young (Allocation Failure)
[2026-07-01T01:41:35.716+0000][2.463s][info][gc,heap        ] GC(37) DefNew: 6497K(7040K)->768K(7040K) Eden: 6272K(6272K)->0K(6272K) From: 225K(768K)->768K(768K)
[2026-07-01T01:41:35.716+0000][2.463s][info][gc,heap        ] GC(37) Tenured: 12594K(15504K)->12631K(15504K)
[2026-07-01T01:41:35.716+0000][2.463s][info][gc,metaspace   ] GC(37) Metaspace: 28479K(29056K)->28479K(29056K) NonClass: 24831K(25152K)->24831K(25152K) Class: 3648K(3904K)->3648K(3904K)
[2026-07-01T01:41:35.716+0000][2.463s][info][gc             ] GC(37) Pause Young (Allocation Failure) 18M->13M(22M) 3.423ms
[2026-07-01T01:41:35.716+0000][2.463s][info][gc,cpu         ] GC(37) User=0.00s Sys=0.00s Real=0.00s
[2026-07-01T01:41:35.808+0000][2.555s][info][gc,start       ] GC(38) Pause Young (Allocation Failure)
[2026-07-01T01:41:35.813+0000][2.560s][info][gc,heap        ] GC(38) DefNew: 7040K(7040K)->768K(7040K) Eden: 6272K(6272K)->0K(6272K) From: 768K(768K)->768K(768K)
[2026-07-01T01:41:35.813+0000][2.560s][info][gc,heap        ] GC(38) Tenured: 12631K(15504K)->13386K(15504K)
[2026-07-01T01:41:35.813+0000][2.560s][info][gc,metaspace   ] GC(38) Metaspace: 29296K(29888K)->29296K(29888K) NonClass: 25534K(25856K)->25534K(25856K) Class: 3762K(4032K)->3762K(4032K)
[2026-07-01T01:41:35.813+0000][2.560s][info][gc             ] GC(38) Pause Young (Allocation Failure) 19M->13M(22M) 4.676ms
[2026-07-01T01:41:35.813+0000][2.560s][info][gc,cpu         ] GC(38) User=0.00s Sys=0.00s Real=0.00s
[2026-07-01T01:41:35.875+0000][2.622s][info][gc,start       ] GC(39) Pause Young (Allocation Failure)
[2026-07-01T01:41:35.879+0000][2.626s][info][gc,heap        ] GC(39) DefNew: 7040K(7040K)->540K(7040K) Eden: 6272K(6272K)->0K(6272K) From: 768K(768K)->540K(768K)
[2026-07-01T01:41:35.879+0000][2.626s][info][gc,heap        ] GC(39) Tenured: 13386K(15504K)->14125K(15504K)
[2026-07-01T01:41:35.879+0000][2.626s][info][gc,metaspace   ] GC(39) Metaspace: 30397K(30976K)->30397K(30976K) NonClass: 26483K(26816K)->26483K(26816K) Class: 3914K(4160K)->3914K(4160K)
[2026-07-01T01:41:35.879+0000][2.626s][info][gc             ] GC(39) Pause Young (Allocation Failure) 19M->14M(22M) 3.641ms
[2026-07-01T01:41:35.879+0000][2.626s][info][gc,cpu         ] GC(39) User=0.00s Sys=0.00s Real=0.01s
[2026-07-01T01:41:35.941+0000][2.688s][info][gc,start       ] GC(40) Pause Young (Allocation Failure)
[2026-07-01T01:41:35.943+0000][2.690s][info][gc,heap        ] GC(40) DefNew: 6812K(7040K)->300K(7040K) Eden: 6272K(6272K)->0K(6272K) From: 540K(768K)->300K(768K)
[2026-07-01T01:41:35.943+0000][2.690s][info][gc,heap        ] GC(40) Tenured: 14125K(15504K)->14646K(15504K)
[2026-07-01T01:41:35.943+0000][2.690s][info][gc,metaspace   ] GC(40) Metaspace: 31218K(31808K)->31218K(31808K) NonClass: 27186K(27520K)->27186K(27520K) Class: 4031K(4288K)->4031K(4288K)
[2026-07-01T01:41:35.943+0000][2.690s][info][gc             ] GC(40) Pause Young (Allocation Failure) 20M->14M(22M) 2.299ms
[2026-07-01T01:41:35.943+0000][2.690s][info][gc,cpu         ] GC(40) User=0.01s Sys=0.00s Real=0.00s
[2026-07-01T01:41:36.029+0000][2.776s][info][gc,start       ] GC(41) Pause Young (Allocation Failure)
[2026-07-01T01:41:36.032+0000][2.779s][info][gc,heap        ] GC(41) DefNew: 6572K(7040K)->753K(7040K) Eden: 6272K(6272K)->0K(6272K) From: 300K(768K)->753K(768K)
[2026-07-01T01:41:36.032+0000][2.779s][info][gc,heap        ] GC(41) Tenured: 14646K(15504K)->14646K(15504K)
[2026-07-01T01:41:36.032+0000][2.779s][info][gc,metaspace   ] GC(41) Metaspace: 31803K(32448K)->31803K(32448K) NonClass: 27663K(28032K)->27663K(28032K) Class: 4139K(4416K)->4139K(4416K)
[2026-07-01T01:41:36.032+0000][2.779s][info][gc             ] GC(41) Pause Young (Allocation Failure) 20M->15M(22M) 2.600ms
[2026-07-01T01:41:36.032+0000][2.779s][info][gc,cpu         ] GC(41) User=0.00s Sys=0.00s Real=0.00s
[2026-07-01T01:41:36.134+0000][2.881s][info][gc,start       ] GC(42) Pause Young (Allocation Failure)
[2026-07-01T01:41:36.138+0000][2.885s][info][gc,heap        ] GC(42) DefNew: 7025K(7040K)->590K(7040K) Eden: 6272K(6272K)->0K(6272K) From: 753K(768K)->590K(768K)
[2026-07-01T01:41:36.138+0000][2.885s][info][gc,heap        ] GC(42) Tenured: 14646K(15504K)->15381K(15504K)
[2026-07-01T01:41:36.138+0000][2.885s][info][gc,metaspace   ] GC(42) Metaspace: 33041K(33728K)->33041K(33728K) NonClass: 28727K(29120K)->28727K(29120K) Class: 4313K(4608K)->4313K(4608K)
[2026-07-01T01:41:36.138+0000][2.885s][info][gc             ] GC(42) Pause Young (Allocation Failure) 21M->15M(22M) 3.868ms
[2026-07-01T01:41:36.138+0000][2.885s][info][gc,cpu         ] GC(42) User=0.00s Sys=0.00s Real=0.00s
[2026-07-01T01:41:36.232+0000][2.979s][info][gc,start       ] GC(43) Pause Full (Metadata GC Threshold)
[2026-07-01T01:41:36.232+0000][2.979s][info][gc,phases,start] GC(43) Phase 1: Mark live objects
[2026-07-01T01:41:36.253+0000][3.000s][info][gc,phases      ] GC(43) Phase 1: Mark live objects 20.855ms
[2026-07-01T01:41:36.253+0000][3.000s][info][gc,phases,start] GC(43) Phase 2: Compute new object addresses
[2026-07-01T01:41:36.258+0000][3.005s][info][gc,phases      ] GC(43) Phase 2: Compute new object addresses 4.999ms
[2026-07-01T01:41:36.258+0000][3.005s][info][gc,phases,start] GC(43) Phase 3: Adjust pointers
[2026-07-01T01:41:36.269+0000][3.016s][info][gc,phases      ] GC(43) Phase 3: Adjust pointers 10.562ms
[2026-07-01T01:41:36.269+0000][3.016s][info][gc,phases,start] GC(43) Phase 4: Move objects
[2026-07-01T01:41:36.271+0000][3.018s][info][gc,phases      ] GC(43) Phase 4: Move objects 2.277ms
[2026-07-01T01:41:36.272+0000][3.018s][info][gc,heap        ] GC(43) DefNew: 6271K(7040K)->0K(11584K) Eden: 5680K(6272K)->0K(10304K) From: 590K(768K)->0K(1280K)
[2026-07-01T01:41:36.272+0000][3.018s][info][gc,heap        ] GC(43) Tenured: 15381K(15504K)->15385K(25644K)
[2026-07-01T01:41:36.272+0000][3.018s][info][gc,metaspace   ] GC(43) Metaspace: 35116K(35840K)->35116K(35840K) NonClass: 30543K(30912K)->30543K(30912K) Class: 4573K(4928K)->4573K(4928K)
[2026-07-01T01:41:36.272+0000][3.019s][info][gc             ] GC(43) Pause Full (Metadata GC Threshold) 21M->15M(36M) 39.305ms
[2026-07-01T01:41:36.272+0000][3.019s][info][gc,cpu         ] GC(43) User=0.04s Sys=0.00s Real=0.04s
[2026-07-01T01:41:36.331+0000][3.078s][info][gc,start       ] GC(44) Pause Young (Allocation Failure)
[2026-07-01T01:41:36.337+0000][3.084s][info][gc,heap        ] GC(44) DefNew: 10304K(11584K)->1280K(11584K) Eden: 10304K(10304K)->0K(10304K) From: 0K(1280K)->1280K(1280K)
[2026-07-01T01:41:36.337+0000][3.084s][info][gc,heap        ] GC(44) Tenured: 15385K(25644K)->18066K(25644K)
[2026-07-01T01:41:36.337+0000][3.084s][info][gc,metaspace   ] GC(44) Metaspace: 36316K(37056K)->36316K(37056K) NonClass: 31591K(32000K)->31591K(32000K) Class: 4724K(5056K)->4724K(5056K)
[2026-07-01T01:41:36.337+0000][3.084s][info][gc             ] GC(44) Pause Young (Allocation Failure) 25M->18M(36M) 6.714ms
[2026-07-01T01:41:36.337+0000][3.084s][info][gc,cpu         ] GC(44) User=0.01s Sys=0.00s Real=0.00s
[2026-07-01T01:41:36.356+0000][3.103s][info][gc,start       ] GC(45) Pause Young (Allocation Failure)
[2026-07-01T01:41:36.366+0000][3.113s][info][gc,heap        ] GC(45) DefNew: 11584K(11584K)->1280K(11584K) Eden: 10304K(10304K)->0K(10304K) From: 1280K(1280K)->1280K(1280K)
[2026-07-01T01:41:36.366+0000][3.113s][info][gc,heap        ] GC(45) Tenured: 18066K(25644K)->25231K(25644K)
[2026-07-01T01:41:36.366+0000][3.113s][info][gc,metaspace   ] GC(45) Metaspace: 36561K(37312K)->36561K(37312K) NonClass: 31800K(32256K)->31800K(32256K) Class: 4760K(5056K)->4760K(5056K)
[2026-07-01T01:41:36.366+0000][3.113s][info][gc             ] GC(45) Pause Young (Allocation Failure) 28M->25M(36M) 10.110ms
[2026-07-01T01:41:36.366+0000][3.113s][info][gc,cpu         ] GC(45) User=0.01s Sys=0.01s Real=0.01s
[2026-07-01T01:41:36.402+0000][3.149s][info][gc,start       ] GC(46) Pause Young (Allocation Failure)
[2026-07-01T01:41:36.414+0000][3.161s][info][gc             ] GC(46) Pause Young (Allocation Failure) 35M->33M(43M) 11.863ms
[2026-07-01T01:41:36.414+0000][3.161s][info][gc,cpu         ] GC(46) User=0.01s Sys=0.00s Real=0.01s
[2026-07-01T01:41:36.414+0000][3.161s][info][gc,start       ] GC(47) Pause Full (Allocation Failure)
[2026-07-01T01:41:36.414+0000][3.161s][info][gc,phases,start] GC(47) Phase 1: Mark live objects
[2026-07-01T01:41:36.442+0000][3.189s][info][gc,phases      ] GC(47) Phase 1: Mark live objects 27.710ms
[2026-07-01T01:41:36.442+0000][3.189s][info][gc,phases,start] GC(47) Phase 2: Compute new object addresses
[2026-07-01T01:41:36.450+0000][3.197s][info][gc,phases      ] GC(47) Phase 2: Compute new object addresses 8.128ms
[2026-07-01T01:41:36.450+0000][3.197s][info][gc,phases,start] GC(47) Phase 3: Adjust pointers
[2026-07-01T01:41:36.463+0000][3.210s][info][gc,phases      ] GC(47) Phase 3: Adjust pointers 13.286ms
[2026-07-01T01:41:36.463+0000][3.210s][info][gc,phases,start] GC(47) Phase 4: Move objects
[2026-07-01T01:41:36.464+0000][3.211s][info][gc,phases      ] GC(47) Phase 4: Move objects 0.281ms
[2026-07-01T01:41:36.464+0000][3.211s][info][gc,heap        ] GC(47) DefNew: 11584K(11584K)->1274K(24768K) Eden: 10304K(10304K)->1274K(22016K) From: 1280K(1280K)->0K(2752K)
[2026-07-01T01:41:36.464+0000][3.211s][info][gc,heap        ] GC(47) Tenured: 25231K(25644K)->32975K(54960K)
[2026-07-01T01:41:36.464+0000][3.211s][info][gc,metaspace   ] GC(47) Metaspace: 36682K(37376K)->36682K(37376K) NonClass: 31906K(32320K)->31906K(32320K) Class: 4776K(5056K)->4776K(5056K)
[2026-07-01T01:41:36.464+0000][3.211s][info][gc             ] GC(47) Pause Full (Allocation Failure) 33M->33M(77M) 49.794ms
[2026-07-01T01:41:36.464+0000][3.211s][info][gc,cpu         ] GC(47) User=0.05s Sys=0.00s Real=0.05s
[2026-07-01T01:41:36.485+0000][3.232s][info][gc,start       ] GC(48) Pause Young (Allocation Failure)
[2026-07-01T01:41:36.516+0000][3.263s][info][gc,heap        ] GC(48) DefNew: 22016K(24768K)->2752K(24768K) Eden: 22016K(22016K)->0K(22016K) From: 0K(2752K)->2752K(2752K)
[2026-07-01T01:41:36.516+0000][3.263s][info][gc,heap        ] GC(48) Tenured: 32975K(54960K)->47116K(54960K)
[2026-07-01T01:41:36.516+0000][3.263s][info][gc,metaspace   ] GC(48) Metaspace: 36894K(37632K)->36894K(37632K) NonClass: 32084K(32512K)->32084K(32512K) Class: 4810K(5120K)->4810K(5120K)
[2026-07-01T01:41:36.516+0000][3.263s][info][gc             ] GC(48) Pause Young (Allocation Failure) 53M->48M(77M) 31.320ms
[2026-07-01T01:41:36.516+0000][3.263s][info][gc,cpu         ] GC(48) User=0.03s Sys=0.00s Real=0.03s
[2026-07-01T01:41:36.532+0000][3.279s][info][gc,start       ] GC(49) Pause Young (Allocation Failure)
[2026-07-01T01:41:36.554+0000][3.301s][info][gc             ] GC(49) Pause Young (Allocation Failure) 70M->65M(86M) 21.543ms
[2026-07-01T01:41:36.554+0000][3.301s][info][gc,cpu         ] GC(49) User=0.01s Sys=0.01s Real=0.02s
[2026-07-01T01:41:36.554+0000][3.301s][info][gc,start       ] GC(50) Pause Full (Allocation Failure)
[2026-07-01T01:41:36.554+0000][3.301s][info][gc,phases,start] GC(50) Phase 1: Mark live objects
[2026-07-01T01:41:36.594+0000][3.341s][info][gc,phases      ] GC(50) Phase 1: Mark live objects 40.123ms
[2026-07-01T01:41:36.594+0000][3.341s][info][gc,phases,start] GC(50) Phase 2: Compute new object addresses
[2026-07-01T01:41:36.609+0000][3.356s][info][gc,phases      ] GC(50) Phase 2: Compute new object addresses 14.824ms
[2026-07-01T01:41:36.609+0000][3.356s][info][gc,phases,start] GC(50) Phase 3: Adjust pointers
[2026-07-01T01:41:36.631+0000][3.378s][info][gc,phases      ] GC(50) Phase 3: Adjust pointers 22.251ms
[2026-07-01T01:41:36.631+0000][3.378s][info][gc,phases,start] GC(50) Phase 4: Move objects
[2026-07-01T01:41:36.645+0000][3.392s][info][gc,phases      ] GC(50) Phase 4: Move objects 13.988ms
[2026-07-01T01:41:36.645+0000][3.392s][info][gc,heap        ] GC(50) DefNew: 24768K(24768K)->1291K(48064K) Eden: 22016K(22016K)->1291K(42752K) From: 2752K(2752K)->0K(5312K)
[2026-07-01T01:41:36.645+0000][3.392s][info][gc,heap        ] GC(50) Tenured: 47116K(54960K)->63983K(106640K)
[2026-07-01T01:41:36.645+0000][3.392s][info][gc,metaspace   ] GC(50) Metaspace: 37112K(37760K)->37112K(37760K) NonClass: 32264K(32640K)->32264K(32640K) Class: 4847K(5120K)->4847K(5120K)
[2026-07-01T01:41:36.645+0000][3.392s][info][gc             ] GC(50) Pause Full (Allocation Failure) 65M->63M(151M) 91.707ms
[2026-07-01T01:41:36.645+0000][3.392s][info][gc,cpu         ] GC(50) User=0.10s Sys=0.00s Real=0.09s
[2026-07-01T01:41:36.676+0000][3.423s][info][gc,start       ] GC(51) Pause Young (GCLocker Initiated GC)
[2026-07-01T01:41:36.743+0000][3.490s][info][gc,heap        ] GC(51) DefNew: 42752K(48064K)->5311K(48064K) Eden: 42752K(42752K)->0K(42752K) From: 0K(5312K)->5311K(5312K)
[2026-07-01T01:41:36.743+0000][3.490s][info][gc,heap        ] GC(51) Tenured: 63983K(106640K)->92617K(106640K)
[2026-07-01T01:41:36.743+0000][3.490s][info][gc,metaspace   ] GC(51) Metaspace: 37477K(38208K)->37477K(38208K) NonClass: 32585K(33024K)->32585K(33024K) Class: 4892K(5184K)->4892K(5184K)
[2026-07-01T01:41:36.743+0000][3.490s][info][gc             ] GC(51) Pause Young (GCLocker Initiated GC) 104M->95M(151M) 66.814ms
[2026-07-01T01:41:36.743+0000][3.490s][info][gc,cpu         ] GC(51) User=0.06s Sys=0.01s Real=0.07s
[2026-07-01T01:41:36.773+0000][3.520s][info][gc,start       ] GC(52) Pause Young (Allocation Failure)
[2026-07-01T01:41:36.825+0000][3.572s][info][gc             ] GC(52) Pause Young (Allocation Failure) 137M->128M(170M) 51.905ms
[2026-07-01T01:41:36.825+0000][3.572s][info][gc,cpu         ] GC(52) User=0.04s Sys=0.01s Real=0.05s
[2026-07-01T01:41:36.825+0000][3.572s][info][gc,start       ] GC(53) Pause Full (Allocation Failure)
[2026-07-01T01:41:36.825+0000][3.572s][info][gc,phases,start] GC(53) Phase 1: Mark live objects
[2026-07-01T01:41:36.891+0000][3.638s][info][gc,phases      ] GC(53) Phase 1: Mark live objects 66.140ms
[2026-07-01T01:41:36.891+0000][3.638s][info][gc,phases,start] GC(53) Phase 2: Compute new object addresses
[2026-07-01T01:41:36.920+0000][3.667s][info][gc,phases      ] GC(53) Phase 2: Compute new object addresses 29.140ms
[2026-07-01T01:41:36.920+0000][3.667s][info][gc,phases,start] GC(53) Phase 3: Adjust pointers
[2026-07-01T01:41:36.955+0000][3.702s][info][gc,phases      ] GC(53) Phase 3: Adjust pointers 34.472ms
[2026-07-01T01:41:36.955+0000][3.702s][info][gc,phases,start] GC(53) Phase 4: Move objects
[2026-07-01T01:41:36.956+0000][3.703s][info][gc,phases      ] GC(53) Phase 4: Move objects 0.941ms
[2026-07-01T01:41:36.956+0000][3.703s][info][gc,heap        ] GC(53) DefNew: 48063K(48064K)->5305K(78656K) Eden: 42752K(42752K)->5305K(69952K) From: 5311K(5312K)->0K(8704K)
[2026-07-01T01:41:36.956+0000][3.703s][info][gc,heap        ] GC(53) Tenured: 92617K(106640K)->126415K(174784K)
[2026-07-01T01:41:36.956+0000][3.703s][info][gc,metaspace   ] GC(53) Metaspace: 37919K(38592K)->37919K(38592K) NonClass: 32959K(33344K)->32959K(33344K) Class: 4960K(5248K)->4960K(5248K)
[2026-07-01T01:41:36.956+0000][3.703s][info][gc             ] GC(53) Pause Full (Allocation Failure) 128M->128M(247M) 131.240ms
[2026-07-01T01:41:36.956+0000][3.703s][info][gc,cpu         ] GC(53) User=0.13s Sys=0.00s Real=0.13s
[2026-07-01T01:41:38.747+0000][5.494s][info][gc,start       ] GC(54) Pause Young (Allocation Failure)
[2026-07-01T01:41:38.822+0000][5.569s][info][gc,heap        ] GC(54) DefNew: 69952K(78656K)->8703K(78656K) Eden: 69952K(69952K)->0K(69952K) From: 0K(8704K)->8703K(8704K)
[2026-07-01T01:41:38.822+0000][5.569s][info][gc,heap        ] GC(54) Tenured: 126415K(174784K)->148216K(174784K)
[2026-07-01T01:41:38.822+0000][5.569s][info][gc,metaspace   ] GC(54) Metaspace: 39429K(40256K)->39429K(40256K) NonClass: 34295K(34752K)->34295K(34752K) Class: 5134K(5504K)->5134K(5504K)
[2026-07-01T01:41:38.822+0000][5.569s][info][gc             ] GC(54) Pause Young (Allocation Failure) 191M->153M(247M) 74.698ms
[2026-07-01T01:41:38.822+0000][5.569s][info][gc,cpu         ] GC(54) User=0.07s Sys=0.00s Real=0.08s
[2026-07-01T01:41:40.825+0000][7.572s][info][gc,start       ] GC(55) Pause Young (Allocation Failure)
[2026-07-01T01:41:40.825+0000][7.572s][info][gc             ] GC(55) Pause Young (Allocation Failure) 221M->221M(247M) 0.071ms
[2026-07-01T01:41:40.825+0000][7.572s][info][gc,cpu         ] GC(55) User=0.00s Sys=0.00s Real=0.00s
[2026-07-01T01:41:40.825+0000][7.572s][info][gc,start       ] GC(56) Pause Full (Allocation Failure)
[2026-07-01T01:41:40.825+0000][7.572s][info][gc,phases,start] GC(56) Phase 1: Mark live objects
[2026-07-01T01:41:40.906+0000][7.653s][info][gc,phases      ] GC(56) Phase 1: Mark live objects 80.274ms
[2026-07-01T01:41:40.906+0000][7.653s][info][gc,phases,start] GC(56) Phase 2: Compute new object addresses
[2026-07-01T01:41:40.950+0000][7.697s][info][gc,phases      ] GC(56) Phase 2: Compute new object addresses 44.533ms
[2026-07-01T01:41:40.950+0000][7.697s][info][gc,phases,start] GC(56) Phase 3: Adjust pointers
[2026-07-01T01:41:40.990+0000][7.737s][info][gc,phases      ] GC(56) Phase 3: Adjust pointers 39.680ms
[2026-07-01T01:41:40.990+0000][7.737s][info][gc,phases,start] GC(56) Phase 4: Move objects
[2026-07-01T01:41:40.993+0000][7.740s][info][gc,phases      ] GC(56) Phase 4: Move objects 3.041ms
[2026-07-01T01:41:40.993+0000][7.740s][info][gc,heap        ] GC(56) DefNew: 78655K(78656K)->0K(78656K) Eden: 69952K(69952K)->0K(69952K) From: 8703K(8704K)->0K(8704K)
[2026-07-01T01:41:40.993+0000][7.740s][info][gc,heap        ] GC(56) Tenured: 148216K(174784K)->157204K(174784K)
[2026-07-01T01:41:40.993+0000][7.740s][info][gc,metaspace   ] GC(56) Metaspace: 40432K(41216K)->40387K(41216K) NonClass: 35295K(35712K)->35263K(35712K) Class: 5136K(5504K)->5123K(5504K)
[2026-07-01T01:41:40.993+0000][7.740s][info][gc             ] GC(56) Pause Full (Allocation Failure) 221M->153M(247M) 168.041ms
[2026-07-01T01:41:40.993+0000][7.740s][info][gc,cpu         ] GC(56) User=0.16s Sys=0.00s Real=0.17s
[2026-07-01T01:41:42.842+0000][9.589s][info][gc,start       ] GC(57) Pause Young (Allocation Failure)
[2026-07-01T01:41:42.842+0000][9.589s][info][gc             ] GC(57) Pause Young (Allocation Failure) 221M->221M(247M) 0.079ms
[2026-07-01T01:41:42.842+0000][9.589s][info][gc,cpu         ] GC(57) User=0.00s Sys=0.00s Real=0.00s
[2026-07-01T01:41:42.842+0000][9.589s][info][gc,start       ] GC(58) Pause Full (Allocation Failure)
[2026-07-01T01:41:42.842+0000][9.589s][info][gc,phases,start] GC(58) Phase 1: Mark live objects
[2026-07-01T01:41:42.919+0000][9.666s][info][gc,phases      ] GC(58) Phase 1: Mark live objects 76.780ms
[2026-07-01T01:41:42.919+0000][9.666s][info][gc,phases,start] GC(58) Phase 2: Compute new object addresses
[2026-07-01T01:41:42.964+0000][9.711s][info][gc,phases      ] GC(58) Phase 2: Compute new object addresses 45.431ms
[2026-07-01T01:41:42.964+0000][9.711s][info][gc,phases,start] GC(58) Phase 3: Adjust pointers
[2026-07-01T01:41:43.005+0000][9.752s][info][gc,phases      ] GC(58) Phase 3: Adjust pointers 40.671ms
[2026-07-01T01:41:43.005+0000][9.752s][info][gc,phases,start] GC(58) Phase 4: Move objects
[2026-07-01T01:41:43.005+0000][9.752s][info][gc,phases      ] GC(58) Phase 4: Move objects 0.313ms
[2026-07-01T01:41:43.006+0000][9.752s][info][gc,heap        ] GC(58) DefNew: 69952K(78656K)->0K(78656K) Eden: 69952K(69952K)->0K(69952K) From: 0K(8704K)->0K(8704K)
[2026-07-01T01:41:43.006+0000][9.752s][info][gc,heap        ] GC(58) Tenured: 157204K(174784K)->157593K(174784K)
[2026-07-01T01:41:43.006+0000][9.752s][info][gc,metaspace   ] GC(58) Metaspace: 40671K(41472K)->40671K(41472K) NonClass: 35546K(35968K)->35546K(35968K) Class: 5124K(5504K)->5124K(5504K)
[2026-07-01T01:41:43.006+0000][9.753s][info][gc             ] GC(58) Pause Full (Allocation Failure) 221M->153M(247M) 163.625ms
[2026-07-01T01:41:43.006+0000][9.753s][info][gc,cpu         ] GC(58) User=0.17s Sys=0.00s Real=0.16s
[2026-07-01T01:41:44.537+0000][11.284s][info][gc,start       ] GC(59) Pause Young (Allocation Failure)
[2026-07-01T01:41:44.538+0000][11.284s][info][gc             ] GC(59) Pause Young (Allocation Failure) 222M->222M(247M) 0.101ms
[2026-07-01T01:41:44.538+0000][11.284s][info][gc,cpu         ] GC(59) User=0.00s Sys=0.00s Real=0.00s
[2026-07-01T01:41:44.538+0000][11.284s][info][gc,start       ] GC(60) Pause Full (Allocation Failure)
[2026-07-01T01:41:44.538+0000][11.284s][info][gc,phases,start] GC(60) Phase 1: Mark live objects
[2026-07-01T01:41:44.617+0000][11.364s][info][gc,phases      ] GC(60) Phase 1: Mark live objects 79.405ms
[2026-07-01T01:41:44.617+0000][11.364s][info][gc,phases,start] GC(60) Phase 2: Compute new object addresses
[2026-07-01T01:41:44.662+0000][11.409s][info][gc,phases      ] GC(60) Phase 2: Compute new object addresses 45.103ms
[2026-07-01T01:41:44.662+0000][11.409s][info][gc,phases,start] GC(60) Phase 3: Adjust pointers
[2026-07-01T01:41:44.707+0000][11.454s][info][gc,phases      ] GC(60) Phase 3: Adjust pointers 44.535ms
[2026-07-01T01:41:44.707+0000][11.454s][info][gc,phases,start] GC(60) Phase 4: Move objects
[2026-07-01T01:41:44.739+0000][11.485s][info][gc,phases      ] GC(60) Phase 4: Move objects 31.791ms
[2026-07-01T01:41:44.739+0000][11.486s][info][gc,heap        ] GC(60) DefNew: 69952K(78656K)->0K(78656K) Eden: 69952K(69952K)->0K(69952K) From: 0K(8704K)->0K(8704K)
[2026-07-01T01:41:44.739+0000][11.486s][info][gc,heap        ] GC(60) Tenured: 157593K(174784K)->156219K(174784K)
[2026-07-01T01:41:44.739+0000][11.486s][info][gc,metaspace   ] GC(60) Metaspace: 41052K(41856K)->41052K(41856K) NonClass: 35925K(36352K)->35925K(36352K) Class: 5126K(5504K)->5126K(5504K)
[2026-07-01T01:41:44.739+0000][11.486s][info][gc             ] GC(60) Pause Full (Allocation Failure) 222M->152M(247M) 201.308ms
[2026-07-01T01:41:44.739+0000][11.486s][info][gc,cpu         ] GC(60) User=0.20s Sys=0.00s Real=0.21s
[2026-07-01T01:41:45.839+0000][12.586s][info][gc,start       ] GC(61) Pause Young (Allocation Failure)
[2026-07-01T01:41:45.839+0000][12.586s][info][gc             ] GC(61) Pause Young (Allocation Failure) 220M->220M(247M) 0.127ms
[2026-07-01T01:41:45.839+0000][12.586s][info][gc,cpu         ] GC(61) User=0.00s Sys=0.00s Real=0.00s
[2026-07-01T01:41:45.839+0000][12.586s][info][gc,start       ] GC(62) Pause Full (Allocation Failure)
[2026-07-01T01:41:45.839+0000][12.586s][info][gc,phases,start] GC(62) Phase 1: Mark live objects
[2026-07-01T01:41:45.917+0000][12.664s][info][gc,phases      ] GC(62) Phase 1: Mark live objects 78.516ms
[2026-07-01T01:41:45.917+0000][12.664s][info][gc,phases,start] GC(62) Phase 2: Compute new object addresses
[2026-07-01T01:41:45.963+0000][12.710s][info][gc,phases      ] GC(62) Phase 2: Compute new object addresses 45.773ms
[2026-07-01T01:41:45.963+0000][12.710s][info][gc,phases,start] GC(62) Phase 3: Adjust pointers
[2026-07-01T01:41:46.004+0000][12.751s][info][gc,phases      ] GC(62) Phase 3: Adjust pointers 41.122ms
[2026-07-01T01:41:46.004+0000][12.751s][info][gc,phases,start] GC(62) Phase 4: Move objects
[2026-07-01T01:41:46.005+0000][12.752s][info][gc,phases      ] GC(62) Phase 4: Move objects 0.540ms
[2026-07-01T01:41:46.005+0000][12.752s][info][gc,heap        ] GC(62) DefNew: 69952K(78656K)->0K(78656K) Eden: 69952K(69952K)->0K(69952K) From: 0K(8704K)->0K(8704K)
[2026-07-01T01:41:46.005+0000][12.752s][info][gc,heap        ] GC(62) Tenured: 156219K(174784K)->157971K(174784K)
[2026-07-01T01:41:46.005+0000][12.752s][info][gc,metaspace   ] GC(62) Metaspace: 41224K(41984K)->41224K(41984K) NonClass: 36096K(36480K)->36096K(36480K) Class: 5127K(5504K)->5127K(5504K)
[2026-07-01T01:41:46.005+0000][12.752s][info][gc             ] GC(62) Pause Full (Allocation Failure) 220M->154M(247M) 166.427ms
[2026-07-01T01:41:46.005+0000][12.752s][info][gc,cpu         ] GC(62) User=0.16s Sys=0.00s Real=0.16s
[2026-07-01T01:41:46.771+0000][13.518s][info][gc,start       ] GC(63) Pause Young (Allocation Failure)
[2026-07-01T01:41:46.771+0000][13.518s][info][gc             ] GC(63) Pause Young (Allocation Failure) 222M->222M(247M) 0.098ms
[2026-07-01T01:41:46.771+0000][13.518s][info][gc,cpu         ] GC(63) User=0.00s Sys=0.00s Real=0.00s
[2026-07-01T01:41:46.771+0000][13.518s][info][gc,start       ] GC(64) Pause Full (Allocation Failure)
[2026-07-01T01:41:46.771+0000][13.518s][info][gc,phases,start] GC(64) Phase 1: Mark live objects
[2026-07-01T01:41:46.877+0000][13.624s][info][gc,phases      ] GC(64) Phase 1: Mark live objects 105.542ms
[2026-07-01T01:41:46.877+0000][13.624s][info][gc,phases,start] GC(64) Phase 2: Compute new object addresses
[2026-07-01T01:41:46.923+0000][13.670s][info][gc,phases      ] GC(64) Phase 2: Compute new object addresses 45.887ms
[2026-07-01T01:41:46.923+0000][13.670s][info][gc,phases,start] GC(64) Phase 3: Adjust pointers
[2026-07-01T01:41:46.965+0000][13.711s][info][gc,phases      ] GC(64) Phase 3: Adjust pointers 41.489ms
[2026-07-01T01:41:46.965+0000][13.711s][info][gc,phases,start] GC(64) Phase 4: Move objects
[2026-07-01T01:41:46.965+0000][13.712s][info][gc,phases      ] GC(64) Phase 4: Move objects 0.292ms
[2026-07-01T01:41:46.965+0000][13.712s][info][gc,heap        ] GC(64) DefNew: 69952K(78656K)->0K(78656K) Eden: 69952K(69952K)->0K(69952K) From: 0K(8704K)->0K(8704K)
[2026-07-01T01:41:46.965+0000][13.712s][info][gc,heap        ] GC(64) Tenured: 157971K(174784K)->158383K(174784K)
[2026-07-01T01:41:46.965+0000][13.712s][info][gc,metaspace   ] GC(64) Metaspace: 41391K(42240K)->41391K(42240K) NonClass: 36262K(36736K)->36262K(36736K) Class: 5128K(5504K)->5128K(5504K)
[2026-07-01T01:41:46.965+0000][13.712s][info][gc             ] GC(64) Pause Full (Allocation Failure) 222M->154M(247M) 193.658ms
[2026-07-01T01:41:46.965+0000][13.712s][info][gc,cpu         ] GC(64) User=0.27s Sys=0.00s Real=0.19s
[2026-07-01T01:41:47.613+0000][14.360s][info][gc,start       ] GC(65) Pause Young (Allocation Failure)
[2026-07-01T01:41:47.613+0000][14.360s][info][gc             ] GC(65) Pause Young (Allocation Failure) 222M->222M(247M) 0.111ms
[2026-07-01T01:41:47.613+0000][14.360s][info][gc,cpu         ] GC(65) User=0.00s Sys=0.00s Real=0.00s
[2026-07-01T01:41:47.613+0000][14.360s][info][gc,start       ] GC(66) Pause Full (Allocation Failure)
[2026-07-01T01:41:47.613+0000][14.360s][info][gc,phases,start] GC(66) Phase 1: Mark live objects
[2026-07-01T01:41:47.725+0000][14.472s][info][gc,phases      ] GC(66) Phase 1: Mark live objects 111.700ms
[2026-07-01T01:41:47.725+0000][14.472s][info][gc,phases,start] GC(66) Phase 2: Compute new object addresses
[2026-07-01T01:41:47.771+0000][14.518s][info][gc,phases      ] GC(66) Phase 2: Compute new object addresses 45.783ms
[2026-07-01T01:41:47.771+0000][14.518s][info][gc,phases,start] GC(66) Phase 3: Adjust pointers
[2026-07-01T01:41:47.813+0000][14.560s][info][gc,phases      ] GC(66) Phase 3: Adjust pointers 42.036ms
[2026-07-01T01:41:47.813+0000][14.560s][info][gc,phases,start] GC(66) Phase 4: Move objects
[2026-07-01T01:41:47.814+0000][14.561s][info][gc,phases      ] GC(66) Phase 4: Move objects 0.594ms
[2026-07-01T01:41:47.814+0000][14.561s][info][gc,heap        ] GC(66) DefNew: 69952K(78656K)->0K(78656K) Eden: 69952K(69952K)->0K(69952K) From: 0K(8704K)->0K(8704K)
[2026-07-01T01:41:47.814+0000][14.561s][info][gc,heap        ] GC(66) Tenured: 158383K(174784K)->158937K(174784K)
[2026-07-01T01:41:47.814+0000][14.561s][info][gc,metaspace   ] GC(66) Metaspace: 41462K(42304K)->41462K(42304K) NonClass: 36333K(36800K)->36333K(36800K) Class: 5128K(5504K)->5128K(5504K)
[2026-07-01T01:41:47.814+0000][14.561s][info][gc             ] GC(66) Pause Full (Allocation Failure) 222M->155M(247M) 200.568ms
[2026-07-01T01:41:47.814+0000][14.561s][info][gc,cpu         ] GC(66) User=0.20s Sys=0.00s Real=0.20s
[2026-07-01T01:41:48.459+0000][15.206s][info][gc,start       ] GC(67) Pause Young (Allocation Failure)
[2026-07-01T01:41:48.459+0000][15.206s][info][gc             ] GC(67) Pause Young (Allocation Failure) 223M->223M(247M) 0.097ms
[2026-07-01T01:41:48.459+0000][15.206s][info][gc,cpu         ] GC(67) User=0.00s Sys=0.00s Real=0.00s
[2026-07-01T01:41:48.459+0000][15.206s][info][gc,start       ] GC(68) Pause Full (Allocation Failure)
[2026-07-01T01:41:48.459+0000][15.206s][info][gc,phases,start] GC(68) Phase 1: Mark live objects
[2026-07-01T01:41:48.541+0000][15.288s][info][gc,phases      ] GC(68) Phase 1: Mark live objects 81.267ms
[2026-07-01T01:41:48.541+0000][15.288s][info][gc,phases,start] GC(68) Phase 2: Compute new object addresses
[2026-07-01T01:41:48.586+0000][15.333s][info][gc,phases      ] GC(68) Phase 2: Compute new object addresses 45.472ms
[2026-07-01T01:41:48.586+0000][15.333s][info][gc,phases,start] GC(68) Phase 3: Adjust pointers
[2026-07-01T01:41:48.632+0000][15.379s][info][gc,phases      ] GC(68) Phase 3: Adjust pointers 45.881ms
[2026-07-01T01:41:48.632+0000][15.379s][info][gc,phases,start] GC(68) Phase 4: Move objects
[2026-07-01T01:41:48.660+0000][15.407s][info][gc,phases      ] GC(68) Phase 4: Move objects 28.241ms
[2026-07-01T01:41:48.661+0000][15.408s][info][gc,heap        ] GC(68) DefNew: 69952K(78656K)->0K(78656K) Eden: 69952K(69952K)->0K(69952K) From: 0K(8704K)->0K(8704K)
[2026-07-01T01:41:48.661+0000][15.408s][info][gc,heap        ] GC(68) Tenured: 158937K(174784K)->156840K(174784K)
[2026-07-01T01:41:48.661+0000][15.408s][info][gc,metaspace   ] GC(68) Metaspace: 41495K(42304K)->41495K(42304K) NonClass: 36367K(36800K)->36367K(36800K) Class: 5128K(5504K)->5128K(5504K)
[2026-07-01T01:41:48.661+0000][15.408s][info][gc             ] GC(68) Pause Full (Allocation Failure) 223M->153M(247M) 201.304ms
[2026-07-01T01:41:48.661+0000][15.408s][info][gc,cpu         ] GC(68) User=0.21s Sys=0.00s Real=0.20s
[2026-07-01T01:41:49.271+0000][16.018s][info][gc,start       ] GC(69) Pause Young (Allocation Failure)
[2026-07-01T01:41:49.271+0000][16.018s][info][gc             ] GC(69) Pause Young (Allocation Failure) 221M->221M(247M) 0.092ms
[2026-07-01T01:41:49.271+0000][16.018s][info][gc,cpu         ] GC(69) User=0.00s Sys=0.00s Real=0.00s
[2026-07-01T01:41:49.271+0000][16.018s][info][gc,start       ] GC(70) Pause Full (Allocation Failure)
[2026-07-01T01:41:49.271+0000][16.018s][info][gc,phases,start] GC(70) Phase 1: Mark live objects
[2026-07-01T01:41:49.386+0000][16.133s][info][gc,phases      ] GC(70) Phase 1: Mark live objects 115.108ms
[2026-07-01T01:41:49.386+0000][16.133s][info][gc,phases,start] GC(70) Phase 2: Compute new object addresses
[2026-07-01T01:41:49.432+0000][16.179s][info][gc,phases      ] GC(70) Phase 2: Compute new object addresses 45.996ms
[2026-07-01T01:41:49.432+0000][16.179s][info][gc,phases,start] GC(70) Phase 3: Adjust pointers
[2026-07-01T01:41:49.474+0000][16.221s][info][gc,phases      ] GC(70) Phase 3: Adjust pointers 42.112ms
[2026-07-01T01:41:49.474+0000][16.221s][info][gc,phases,start] GC(70) Phase 4: Move objects
[2026-07-01T01:41:49.475+0000][16.221s][info][gc,phases      ] GC(70) Phase 4: Move objects 0.247ms
[2026-07-01T01:41:49.475+0000][16.222s][info][gc,heap        ] GC(70) DefNew: 69952K(78656K)->0K(78656K) Eden: 69952K(69952K)->0K(69952K) From: 0K(8704K)->0K(8704K)
[2026-07-01T01:41:49.475+0000][16.222s][info][gc,heap        ] GC(70) Tenured: 156840K(174784K)->157158K(174784K)
[2026-07-01T01:41:49.475+0000][16.222s][info][gc,metaspace   ] GC(70) Metaspace: 41496K(42304K)->41496K(42304K) NonClass: 36368K(36800K)->36368K(36800K) Class: 5128K(5504K)->5128K(5504K)
[2026-07-01T01:41:49.475+0000][16.222s][info][gc             ] GC(70) Pause Full (Allocation Failure) 221M->153M(247M) 203.880ms
[2026-07-01T01:41:49.475+0000][16.222s][info][gc,cpu         ] GC(70) User=0.19s Sys=0.00s Real=0.20s
[2026-07-01T01:41:50.149+0000][16.896s][info][gc,start       ] GC(71) Pause Young (Allocation Failure)
[2026-07-01T01:41:50.149+0000][16.896s][info][gc             ] GC(71) Pause Young (Allocation Failure) 221M->221M(247M) 0.073ms
[2026-07-01T01:41:50.149+0000][16.896s][info][gc,cpu         ] GC(71) User=0.00s Sys=0.00s Real=0.00s
[2026-07-01T01:41:50.149+0000][16.896s][info][gc,start       ] GC(72) Pause Full (Allocation Failure)
[2026-07-01T01:41:50.149+0000][16.896s][info][gc,phases,start] GC(72) Phase 1: Mark live objects
[2026-07-01T01:41:50.230+0000][16.977s][info][gc,phases      ] GC(72) Phase 1: Mark live objects 81.521ms
[2026-07-01T01:41:50.231+0000][16.977s][info][gc,phases,start] GC(72) Phase 2: Compute new object addresses
[2026-07-01T01:41:50.277+0000][17.024s][info][gc,phases      ] GC(72) Phase 2: Compute new object addresses 46.263ms
[2026-07-01T01:41:50.277+0000][17.024s][info][gc,phases,start] GC(72) Phase 3: Adjust pointers
[2026-07-01T01:41:50.320+0000][17.067s][info][gc,phases      ] GC(72) Phase 3: Adjust pointers 42.805ms
[2026-07-01T01:41:50.320+0000][17.067s][info][gc,phases,start] GC(72) Phase 4: Move objects
[2026-07-01T01:41:50.320+0000][17.067s][info][gc,phases      ] GC(72) Phase 4: Move objects 0.337ms
[2026-07-01T01:41:50.320+0000][17.067s][info][gc,heap        ] GC(72) DefNew: 69952K(78656K)->0K(78656K) Eden: 69952K(69952K)->0K(69952K) From: 0K(8704K)->0K(8704K)
[2026-07-01T01:41:50.320+0000][17.067s][info][gc,heap        ] GC(72) Tenured: 157158K(174784K)->157749K(174784K)
[2026-07-01T01:41:50.320+0000][17.067s][info][gc,metaspace   ] GC(72) Metaspace: 41499K(42304K)->41499K(42304K) NonClass: 36371K(36800K)->36371K(36800K) Class: 5128K(5504K)->5128K(5504K)
[2026-07-01T01:41:50.320+0000][17.067s][info][gc             ] GC(72) Pause Full (Allocation Failure) 221M->154M(247M) 171.326ms
[2026-07-01T01:41:50.320+0000][17.067s][info][gc,cpu         ] GC(72) User=0.17s Sys=0.00s Real=0.17s
[2026-07-01T01:41:51.002+0000][17.749s][info][gc,start       ] GC(73) Pause Young (Allocation Failure)
[2026-07-01T01:41:51.002+0000][17.749s][info][gc             ] GC(73) Pause Young (Allocation Failure) 222M->222M(247M) 0.104ms
[2026-07-01T01:41:51.002+0000][17.749s][info][gc,cpu         ] GC(73) User=0.00s Sys=0.00s Real=0.00s
[2026-07-01T01:41:51.002+0000][17.749s][info][gc,start       ] GC(74) Pause Full (Allocation Failure)
[2026-07-01T01:41:51.002+0000][17.749s][info][gc,phases,start] GC(74) Phase 1: Mark live objects
[2026-07-01T01:41:51.139+0000][17.886s][info][gc,phases      ] GC(74) Phase 1: Mark live objects 136.972ms
[2026-07-01T01:41:51.139+0000][17.886s][info][gc,phases,start] GC(74) Phase 2: Compute new object addresses
[2026-07-01T01:41:51.186+0000][17.932s][info][gc,phases      ] GC(74) Phase 2: Compute new object addresses 46.180ms
[2026-07-01T01:41:51.186+0000][17.933s][info][gc,phases,start] GC(74) Phase 3: Adjust pointers
[2026-07-01T01:41:51.228+0000][17.975s][info][gc,phases      ] GC(74) Phase 3: Adjust pointers 42.082ms
[2026-07-01T01:41:51.228+0000][17.975s][info][gc,phases,start] GC(74) Phase 4: Move objects
[2026-07-01T01:41:51.228+0000][17.975s][info][gc,phases      ] GC(74) Phase 4: Move objects 0.523ms
[2026-07-01T01:41:51.228+0000][17.975s][info][gc,heap        ] GC(74) DefNew: 69951K(78656K)->0K(78656K) Eden: 69951K(69952K)->0K(69952K) From: 0K(8704K)->0K(8704K)
[2026-07-01T01:41:51.228+0000][17.975s][info][gc,heap        ] GC(74) Tenured: 157749K(174784K)->159449K(174784K)
[2026-07-01T01:41:51.228+0000][17.975s][info][gc,metaspace   ] GC(74) Metaspace: 41538K(42368K)->41538K(42368K) NonClass: 36410K(36864K)->36410K(36864K) Class: 5128K(5504K)->5128K(5504K)
[2026-07-01T01:41:51.229+0000][17.975s][info][gc             ] GC(74) Pause Full (Allocation Failure) 222M->155M(247M) 226.179ms
[2026-07-01T01:41:51.229+0000][17.975s][info][gc,cpu         ] GC(74) User=0.22s Sys=0.00s Real=0.23s
[2026-07-01T01:41:51.842+0000][18.589s][info][gc,start       ] GC(75) Pause Young (Allocation Failure)
[2026-07-01T01:41:51.842+0000][18.589s][info][gc             ] GC(75) Pause Young (Allocation Failure) 224M->224M(247M) 0.188ms
[2026-07-01T01:41:51.842+0000][18.589s][info][gc,cpu         ] GC(75) User=0.00s Sys=0.00s Real=0.00s
[2026-07-01T01:41:51.842+0000][18.589s][info][gc,start       ] GC(76) Pause Full (Allocation Failure)
[2026-07-01T01:41:51.842+0000][18.589s][info][gc,phases,start] GC(76) Phase 1: Mark live objects
[2026-07-01T01:41:51.923+0000][18.670s][info][gc,phases      ] GC(76) Phase 1: Mark live objects 80.608ms
[2026-07-01T01:41:51.923+0000][18.670s][info][gc,phases,start] GC(76) Phase 2: Compute new object addresses
[2026-07-01T01:41:51.969+0000][18.716s][info][gc,phases      ] GC(76) Phase 2: Compute new object addresses 46.816ms
[2026-07-01T01:41:51.970+0000][18.716s][info][gc,phases,start] GC(76) Phase 3: Adjust pointers
[2026-07-01T01:41:52.015+0000][18.762s][info][gc,phases      ] GC(76) Phase 3: Adjust pointers 45.914ms
[2026-07-01T01:41:52.015+0000][18.762s][info][gc,phases,start] GC(76) Phase 4: Move objects
[2026-07-01T01:41:52.043+0000][18.790s][info][gc,phases      ] GC(76) Phase 4: Move objects 27.929ms
[2026-07-01T01:41:52.044+0000][18.791s][info][gc,heap        ] GC(76) DefNew: 69952K(78656K)->0K(78656K) Eden: 69952K(69952K)->0K(69952K) From: 0K(8704K)->0K(8704K)
[2026-07-01T01:41:52.044+0000][18.791s][info][gc,heap        ] GC(76) Tenured: 159449K(174784K)->157492K(174784K)
[2026-07-01T01:41:52.044+0000][18.791s][info][gc,metaspace   ] GC(76) Metaspace: 41544K(42368K)->41544K(42368K) NonClass: 36416K(36864K)->36416K(36864K) Class: 5128K(5504K)->5128K(5504K)
[2026-07-01T01:41:52.044+0000][18.791s][info][gc             ] GC(76) Pause Full (Allocation Failure) 224M->153M(247M) 201.718ms
[2026-07-01T01:41:52.044+0000][18.791s][info][gc,cpu         ] GC(76) User=0.21s Sys=0.00s Real=0.20s
[2026-07-01T01:41:52.641+0000][19.388s][info][gc,start       ] GC(77) Pause Young (Allocation Failure)
[2026-07-01T01:41:52.641+0000][19.388s][info][gc             ] GC(77) Pause Young (Allocation Failure) 222M->222M(247M) 0.099ms
[2026-07-01T01:41:52.641+0000][19.388s][info][gc,cpu         ] GC(77) User=0.00s Sys=0.00s Real=0.00s
[2026-07-01T01:41:52.641+0000][19.388s][info][gc,start       ] GC(78) Pause Full (Allocation Failure)
[2026-07-01T01:41:52.641+0000][19.388s][info][gc,phases,start] GC(78) Phase 1: Mark live objects
[2026-07-01T01:41:52.722+0000][19.469s][info][gc,phases      ] GC(78) Phase 1: Mark live objects 80.596ms
[2026-07-01T01:41:52.722+0000][19.469s][info][gc,phases,start] GC(78) Phase 2: Compute new object addresses
[2026-07-01T01:41:52.768+0000][19.515s][info][gc,phases      ] GC(78) Phase 2: Compute new object addresses 46.210ms
[2026-07-01T01:41:52.768+0000][19.515s][info][gc,phases,start] GC(78) Phase 3: Adjust pointers
[2026-07-01T01:41:52.811+0000][19.558s][info][gc,phases      ] GC(78) Phase 3: Adjust pointers 42.954ms
[2026-07-01T01:41:52.811+0000][19.558s][info][gc,phases,start] GC(78) Phase 4: Move objects
[2026-07-01T01:41:52.812+0000][19.559s][info][gc,phases      ] GC(78) Phase 4: Move objects 0.336ms
[2026-07-01T01:41:52.812+0000][19.559s][info][gc,heap        ] GC(78) DefNew: 69952K(78656K)->0K(78656K) Eden: 69952K(69952K)->0K(69952K) From: 0K(8704K)->0K(8704K)
[2026-07-01T01:41:52.812+0000][19.559s][info][gc,heap        ] GC(78) Tenured: 157492K(174784K)->157996K(174784K)
[2026-07-01T01:41:52.812+0000][19.559s][info][gc,metaspace   ] GC(78) Metaspace: 41545K(42368K)->41545K(42368K) NonClass: 36416K(36864K)->36416K(36864K) Class: 5128K(5504K)->5128K(5504K)
[2026-07-01T01:41:52.812+0000][19.559s][info][gc             ] GC(78) Pause Full (Allocation Failure) 222M->154M(247M) 170.510ms
[2026-07-01T01:41:52.812+0000][19.559s][info][gc,cpu         ] GC(78) User=0.17s Sys=0.00s Real=0.17s
[2026-07-01T01:41:53.625+0000][20.372s][info][gc,start       ] GC(79) Pause Young (Allocation Failure)
[2026-07-01T01:41:53.625+0000][20.372s][info][gc             ] GC(79) Pause Young (Allocation Failure) 222M->222M(247M) 0.093ms
[2026-07-01T01:41:53.625+0000][20.372s][info][gc,cpu         ] GC(79) User=0.00s Sys=0.00s Real=0.00s
[2026-07-01T01:41:53.625+0000][20.372s][info][gc,start       ] GC(80) Pause Full (Allocation Failure)
[2026-07-01T01:41:53.625+0000][20.372s][info][gc,phases,start] GC(80) Phase 1: Mark live objects
[2026-07-01T01:41:53.706+0000][20.453s][info][gc,phases      ] GC(80) Phase 1: Mark live objects 80.988ms
[2026-07-01T01:41:53.706+0000][20.453s][info][gc,phases,start] GC(80) Phase 2: Compute new object addresses
[2026-07-01T01:41:53.753+0000][20.500s][info][gc,phases      ] GC(80) Phase 2: Compute new object addresses 46.238ms
[2026-07-01T01:41:53.753+0000][20.500s][info][gc,phases,start] GC(80) Phase 3: Adjust pointers
[2026-07-01T01:41:53.796+0000][20.543s][info][gc,phases      ] GC(80) Phase 3: Adjust pointers 43.056ms
[2026-07-01T01:41:53.796+0000][20.543s][info][gc,phases,start] GC(80) Phase 4: Move objects
[2026-07-01T01:41:53.796+0000][20.543s][info][gc,phases      ] GC(80) Phase 4: Move objects 0.567ms
[2026-07-01T01:41:53.797+0000][20.544s][info][gc,heap        ] GC(80) DefNew: 69952K(78656K)->0K(78656K) Eden: 69952K(69952K)->0K(69952K) From: 0K(8704K)->0K(8704K)
[2026-07-01T01:41:53.797+0000][20.544s][info][gc,heap        ] GC(80) Tenured: 157996K(174784K)->159761K(174784K)
[2026-07-01T01:41:53.797+0000][20.544s][info][gc,metaspace   ] GC(80) Metaspace: 41579K(42368K)->41579K(42368K) NonClass: 36450K(36864K)->36450K(36864K) Class: 5128K(5504K)->5128K(5504K)
[2026-07-01T01:41:53.797+0000][20.544s][info][gc             ] GC(80) Pause Full (Allocation Failure) 222M->156M(247M) 171.242ms
[2026-07-01T01:41:53.797+0000][20.544s][info][gc,cpu         ] GC(80) User=0.17s Sys=0.00s Real=0.17s
[2026-07-01T01:41:54.404+0000][21.151s][info][gc,start       ] GC(81) Pause Young (Allocation Failure)
[2026-07-01T01:41:54.404+0000][21.151s][info][gc             ] GC(81) Pause Young (Allocation Failure) 224M->224M(247M) 0.080ms
[2026-07-01T01:41:54.404+0000][21.151s][info][gc,cpu         ] GC(81) User=0.00s Sys=0.00s Real=0.00s
[2026-07-01T01:41:54.404+0000][21.151s][info][gc,start       ] GC(82) Pause Full (Allocation Failure)
[2026-07-01T01:41:54.404+0000][21.151s][info][gc,phases,start] GC(82) Phase 1: Mark live objects
[2026-07-01T01:41:54.486+0000][21.233s][info][gc,phases      ] GC(82) Phase 1: Mark live objects 81.964ms
[2026-07-01T01:41:54.486+0000][21.233s][info][gc,phases,start] GC(82) Phase 2: Compute new object addresses
[2026-07-01T01:41:54.533+0000][21.280s][info][gc,phases      ] GC(82) Phase 2: Compute new object addresses 46.558ms
[2026-07-01T01:41:54.533+0000][21.280s][info][gc,phases,start] GC(82) Phase 3: Adjust pointers
[2026-07-01T01:41:54.578+0000][21.325s][info][gc,phases      ] GC(82) Phase 3: Adjust pointers 44.576ms
[2026-07-01T01:41:54.578+0000][21.325s][info][gc,phases,start] GC(82) Phase 4: Move objects
[2026-07-01T01:41:54.578+0000][21.325s][info][gc,phases      ] GC(82) Phase 4: Move objects 0.328ms
[2026-07-01T01:41:54.578+0000][21.325s][info][gc,heap        ] GC(82) DefNew: 69952K(78656K)->0K(78656K) Eden: 69952K(69952K)->0K(69952K) From: 0K(8704K)->0K(8704K)
[2026-07-01T01:41:54.578+0000][21.325s][info][gc,heap        ] GC(82) Tenured: 159761K(174784K)->160355K(174784K)
[2026-07-01T01:41:54.578+0000][21.325s][info][gc,metaspace   ] GC(82) Metaspace: 41579K(42368K)->41579K(42368K) NonClass: 36451K(36864K)->36451K(36864K) Class: 5128K(5504K)->5128K(5504K)
[2026-07-01T01:41:54.578+0000][21.325s][info][gc             ] GC(82) Pause Full (Allocation Failure) 224M->156M(247M) 173.846ms
[2026-07-01T01:41:54.578+0000][21.325s][info][gc,cpu         ] GC(82) User=0.18s Sys=0.00s Real=0.18s
[2026-07-01T01:41:55.144+0000][21.891s][info][gc,start       ] GC(83) Pause Young (Allocation Failure)
[2026-07-01T01:41:55.144+0000][21.891s][info][gc             ] GC(83) Pause Young (Allocation Failure) 224M->224M(247M) 0.068ms
[2026-07-01T01:41:55.144+0000][21.891s][info][gc,cpu         ] GC(83) User=0.00s Sys=0.00s Real=0.00s
[2026-07-01T01:41:55.144+0000][21.891s][info][gc,start       ] GC(84) Pause Full (Allocation Failure)
[2026-07-01T01:41:55.144+0000][21.891s][info][gc,phases,start] GC(84) Phase 1: Mark live objects
[2026-07-01T01:41:55.227+0000][21.973s][info][gc,phases      ] GC(84) Phase 1: Mark live objects 82.660ms
[2026-07-01T01:41:55.227+0000][21.974s][info][gc,phases,start] GC(84) Phase 2: Compute new object addresses
[2026-07-01T01:41:55.273+0000][22.020s][info][gc,phases      ] GC(84) Phase 2: Compute new object addresses 46.244ms
[2026-07-01T01:41:55.273+0000][22.020s][info][gc,phases,start] GC(84) Phase 3: Adjust pointers
[2026-07-01T01:41:55.321+0000][22.068s][info][gc,phases      ] GC(84) Phase 3: Adjust pointers 48.401ms
[2026-07-01T01:41:55.321+0000][22.068s][info][gc,phases,start] GC(84) Phase 4: Move objects
[2026-07-01T01:41:55.350+0000][22.097s][info][gc,phases      ] GC(84) Phase 4: Move objects 29.077ms
[2026-07-01T01:41:55.351+0000][22.098s][info][gc,heap        ] GC(84) DefNew: 69952K(78656K)->0K(78656K) Eden: 69952K(69952K)->0K(69952K) From: 0K(8704K)->0K(8704K)
[2026-07-01T01:41:55.351+0000][22.098s][info][gc,heap        ] GC(84) Tenured: 160355K(174784K)->158284K(174784K)
[2026-07-01T01:41:55.351+0000][22.098s][info][gc,metaspace   ] GC(84) Metaspace: 41583K(42432K)->41583K(42432K) NonClass: 36454K(36928K)->36454K(36928K) Class: 5128K(5504K)->5128K(5504K)
[2026-07-01T01:41:55.351+0000][22.098s][info][gc             ] GC(84) Pause Full (Allocation Failure) 224M->154M(247M) 206.828ms
[2026-07-01T01:41:55.351+0000][22.098s][info][gc,cpu         ] GC(84) User=0.24s Sys=0.00s Real=0.21s
[2026-07-01T01:41:56.102+0000][22.849s][info][gc,start       ] GC(85) Pause Young (Allocation Failure)
[2026-07-01T01:41:56.102+0000][22.849s][info][gc             ] GC(85) Pause Young (Allocation Failure) 222M->222M(247M) 0.103ms
[2026-07-01T01:41:56.102+0000][22.849s][info][gc,cpu         ] GC(85) User=0.00s Sys=0.00s Real=0.00s
[2026-07-01T01:41:56.102+0000][22.849s][info][gc,start       ] GC(86) Pause Full (Allocation Failure)
[2026-07-01T01:41:56.102+0000][22.849s][info][gc,phases,start] GC(86) Phase 1: Mark live objects
[2026-07-01T01:41:56.241+0000][22.988s][info][gc,phases      ] GC(86) Phase 1: Mark live objects 139.083ms
[2026-07-01T01:41:56.241+0000][22.988s][info][gc,phases,start] GC(86) Phase 2: Compute new object addresses
[2026-07-01T01:41:56.296+0000][23.043s][info][gc,phases      ] GC(86) Phase 2: Compute new object addresses 54.105ms
[2026-07-01T01:41:56.296+0000][23.043s][info][gc,phases,start] GC(86) Phase 3: Adjust pointers
[2026-07-01T01:41:56.340+0000][23.087s][info][gc,phases      ] GC(86) Phase 3: Adjust pointers 44.562ms
[2026-07-01T01:41:56.340+0000][23.087s][info][gc,phases,start] GC(86) Phase 4: Move objects
[2026-07-01T01:41:56.341+0000][23.088s][info][gc,phases      ] GC(86) Phase 4: Move objects 0.514ms
[2026-07-01T01:41:56.341+0000][23.088s][info][gc,heap        ] GC(86) DefNew: 69952K(78656K)->0K(78656K) Eden: 69952K(69952K)->0K(69952K) From: 0K(8704K)->0K(8704K)
[2026-07-01T01:41:56.341+0000][23.088s][info][gc,heap        ] GC(86) Tenured: 158284K(174784K)->159889K(174784K)
[2026-07-01T01:41:56.341+0000][23.088s][info][gc,metaspace   ] GC(86) Metaspace: 41607K(42432K)->41607K(42432K) NonClass: 36478K(36928K)->36478K(36928K) Class: 5128K(5504K)->5128K(5504K)
[2026-07-01T01:41:56.341+0000][23.088s][info][gc             ] GC(86) Pause Full (Allocation Failure) 222M->156M(247M) 238.692ms
[2026-07-01T01:41:56.341+0000][23.088s][info][gc,cpu         ] GC(86) User=0.24s Sys=0.00s Real=0.24s
[2026-07-01T01:41:56.922+0000][23.669s][info][gc,start       ] GC(87) Pause Young (Allocation Failure)
[2026-07-01T01:41:56.922+0000][23.669s][info][gc,heap        ] GC(87) DefNew: 69952K(78656K)->69952K(78656K) Eden: 69952K(69952K)->69952K(69952K) From: 0K(8704K)->0K(8704K)
[2026-07-01T01:41:56.922+0000][23.669s][info][gc,heap        ] GC(87) Tenured: 159889K(174784K)->159889K(174784K)
[2026-07-01T01:41:56.922+0000][23.669s][info][gc,metaspace   ] GC(87) Metaspace: 41608K(42432K)->41608K(42432K) NonClass: 36479K(36928K)->36479K(36928K) Class: 5128K(5504K)->5128K(5504K)
[2026-07-01T01:41:56.922+0000][23.669s][info][gc             ] GC(87) Pause Young (Allocation Failure) 224M->224M(247M) 0.147ms
[2026-07-01T01:41:56.922+0000][23.669s][info][gc,cpu         ] GC(87) User=0.00s Sys=0.00s Real=0.00s
[2026-07-01T01:41:56.922+0000][23.669s][info][gc,start       ] GC(88) Pause Full (Allocation Failure)
[2026-07-01T01:41:56.922+0000][23.669s][info][gc,phases,start] GC(88) Phase 1: Mark live objects
[2026-07-01T01:41:57.013+0000][23.760s][info][gc,phases      ] GC(88) Phase 1: Mark live objects 90.927ms
[2026-07-01T01:41:57.013+0000][23.760s][info][gc,phases,start] GC(88) Phase 2: Compute new object addresses
[2026-07-01T01:41:57.059+0000][23.806s][info][gc,phases      ] GC(88) Phase 2: Compute new object addresses 45.831ms
[2026-07-01T01:41:57.059+0000][23.806s][info][gc,phases,start] GC(88) Phase 3: Adjust pointers
[2026-07-01T01:41:57.107+0000][23.853s][info][gc,phases      ] GC(88) Phase 3: Adjust pointers 47.540ms
[2026-07-01T01:41:57.107+0000][23.854s][info][gc,phases,start] GC(88) Phase 4: Move objects
[2026-07-01T01:41:57.138+0000][23.885s][info][gc,phases      ] GC(88) Phase 4: Move objects 31.761ms
[2026-07-01T01:41:57.139+0000][23.886s][info][gc,heap        ] GC(88) DefNew: 69952K(78656K)->0K(78656K) Eden: 69952K(69952K)->0K(69952K) From: 0K(8704K)->0K(8704K)
[2026-07-01T01:41:57.139+0000][23.886s][info][gc,heap        ] GC(88) Tenured: 159889K(174784K)->156173K(174784K)
[2026-07-01T01:41:57.139+0000][23.886s][info][gc,metaspace   ] GC(88) Metaspace: 41608K(42432K)->41209K(42432K) NonClass: 36479K(36928K)->36190K(36928K) Class: 5128K(5504K)->5018K(5504K)
[2026-07-01T01:41:57.139+0000][23.886s][info][gc             ] GC(88) Pause Full (Allocation Failure) 224M->152M(247M) 216.732ms
[2026-07-01T01:41:57.139+0000][23.886s][info][gc,cpu         ] GC(88) User=0.22s Sys=0.00s Real=0.22s
[2026-07-01T01:41:57.814+0000][24.561s][info][gc,start       ] GC(89) Pause Young (Allocation Failure)
[2026-07-01T01:41:57.814+0000][24.561s][info][gc             ] GC(89) Pause Young (Allocation Failure) 220M->220M(247M) 0.078ms
[2026-07-01T01:41:57.814+0000][24.561s][info][gc,cpu         ] GC(89) User=0.00s Sys=0.00s Real=0.00s
[2026-07-01T01:41:57.814+0000][24.561s][info][gc,start       ] GC(90) Pause Full (Allocation Failure)
[2026-07-01T01:41:57.814+0000][24.561s][info][gc,phases,start] GC(90) Phase 1: Mark live objects
[2026-07-01T01:41:57.895+0000][24.642s][info][gc,phases      ] GC(90) Phase 1: Mark live objects 80.833ms
[2026-07-01T01:41:57.895+0000][24.642s][info][gc,phases,start] GC(90) Phase 2: Compute new object addresses
[2026-07-01T01:41:57.941+0000][24.688s][info][gc,phases      ] GC(90) Phase 2: Compute new object addresses 46.039ms
[2026-07-01T01:41:57.941+0000][24.688s][info][gc,phases,start] GC(90) Phase 3: Adjust pointers
[2026-07-01T01:41:57.986+0000][24.733s][info][gc,phases      ] GC(90) Phase 3: Adjust pointers 45.013ms
[2026-07-01T01:41:57.986+0000][24.733s][info][gc,phases,start] GC(90) Phase 4: Move objects
[2026-07-01T01:41:57.987+0000][24.734s][info][gc,phases      ] GC(90) Phase 4: Move objects 0.457ms
[2026-07-01T01:41:57.987+0000][24.734s][info][gc,heap        ] GC(90) DefNew: 69952K(78656K)->0K(78656K) Eden: 69952K(69952K)->0K(69952K) From: 0K(8704K)->0K(8704K)
[2026-07-01T01:41:57.987+0000][24.734s][info][gc,heap        ] GC(90) Tenured: 156173K(174784K)->157012K(174784K)
[2026-07-01T01:41:57.987+0000][24.734s][info][gc,metaspace   ] GC(90) Metaspace: 41226K(42432K)->41226K(42432K) NonClass: 36203K(36928K)->36203K(36928K) Class: 5022K(5504K)->5022K(5504K)
[2026-07-01T01:41:57.987+0000][24.734s][info][gc             ] GC(90) Pause Full (Allocation Failure) 220M->153M(247M) 172.751ms
[2026-07-01T01:41:57.987+0000][24.734s][info][gc,cpu         ] GC(90) User=0.19s Sys=0.00s Real=0.17s
[2026-07-01T01:41:58.578+0000][25.325s][info][gc,start       ] GC(91) Pause Young (Allocation Failure)
[2026-07-01T01:41:58.578+0000][25.325s][info][gc             ] GC(91) Pause Young (Allocation Failure) 221M->221M(247M) 0.081ms
[2026-07-01T01:41:58.578+0000][25.325s][info][gc,cpu         ] GC(91) User=0.00s Sys=0.00s Real=0.00s
[2026-07-01T01:41:58.578+0000][25.325s][info][gc,start       ] GC(92) Pause Full (Allocation Failure)
[2026-07-01T01:41:58.578+0000][25.325s][info][gc,phases,start] GC(92) Phase 1: Mark live objects
[2026-07-01T01:41:58.666+0000][25.413s][info][gc,phases      ] GC(92) Phase 1: Mark live objects 87.845ms
[2026-07-01T01:41:58.666+0000][25.413s][info][gc,phases,start] GC(92) Phase 2: Compute new object addresses
[2026-07-01T01:41:58.712+0000][25.459s][info][gc,phases      ] GC(92) Phase 2: Compute new object addresses 45.673ms
[2026-07-01T01:41:58.712+0000][25.459s][info][gc,phases,start] GC(92) Phase 3: Adjust pointers
[2026-07-01T01:41:58.768+0000][25.515s][info][gc,phases      ] GC(92) Phase 3: Adjust pointers 55.956ms
[2026-07-01T01:41:58.768+0000][25.515s][info][gc,phases,start] GC(92) Phase 4: Move objects
[2026-07-01T01:41:58.807+0000][25.554s][info][gc,phases      ] GC(92) Phase 4: Move objects 38.902ms
[2026-07-01T01:41:58.807+0000][25.554s][info][gc,heap        ] GC(92) DefNew: 69952K(78656K)->0K(78656K) Eden: 69952K(69952K)->0K(69952K) From: 0K(8704K)->0K(8704K)
[2026-07-01T01:41:58.807+0000][25.554s][info][gc,heap        ] GC(92) Tenured: 157012K(174784K)->156745K(174784K)
[2026-07-01T01:41:58.807+0000][25.554s][info][gc,metaspace   ] GC(92) Metaspace: 41233K(42432K)->41233K(42432K) NonClass: 36210K(36928K)->36210K(36928K) Class: 5022K(5504K)->5022K(5504K)
[2026-07-01T01:41:58.807+0000][25.554s][info][gc             ] GC(92) Pause Full (Allocation Failure) 221M->153M(247M) 228.898ms
[2026-07-01T01:41:58.807+0000][25.554s][info][gc,cpu         ] GC(92) User=0.23s Sys=0.00s Real=0.22s
[2026-07-01T01:41:59.614+0000][26.361s][info][gc,start       ] GC(93) Pause Young (Allocation Failure)
[2026-07-01T01:41:59.614+0000][26.361s][info][gc             ] GC(93) Pause Young (Allocation Failure) 221M->221M(247M) 0.121ms
[2026-07-01T01:41:59.614+0000][26.361s][info][gc,cpu         ] GC(93) User=0.00s Sys=0.00s Real=0.00s
[2026-07-01T01:41:59.614+0000][26.361s][info][gc,start       ] GC(94) Pause Full (Allocation Failure)
[2026-07-01T01:41:59.614+0000][26.361s][info][gc,phases,start] GC(94) Phase 1: Mark live objects
[2026-07-01T01:41:59.747+0000][26.493s][info][gc,phases      ] GC(94) Phase 1: Mark live objects 132.096ms
[2026-07-01T01:41:59.747+0000][26.494s][info][gc,phases,start] GC(94) Phase 2: Compute new object addresses
[2026-07-01T01:41:59.793+0000][26.540s][info][gc,phases      ] GC(94) Phase 2: Compute new object addresses 46.324ms
[2026-07-01T01:41:59.793+0000][26.540s][info][gc,phases,start] GC(94) Phase 3: Adjust pointers
[2026-07-01T01:41:59.839+0000][26.586s][info][gc,phases      ] GC(94) Phase 3: Adjust pointers 45.655ms
[2026-07-01T01:41:59.839+0000][26.586s][info][gc,phases,start] GC(94) Phase 4: Move objects
[2026-07-01T01:41:59.839+0000][26.586s][info][gc,phases      ] GC(94) Phase 4: Move objects 0.374ms
[2026-07-01T01:41:59.839+0000][26.586s][info][gc,heap        ] GC(94) DefNew: 69952K(78656K)->0K(78656K) Eden: 69952K(69952K)->0K(69952K) From: 0K(8704K)->0K(8704K)
[2026-07-01T01:41:59.839+0000][26.586s][info][gc,heap        ] GC(94) Tenured: 156745K(174784K)->157444K(174784K)
[2026-07-01T01:41:59.839+0000][26.586s][info][gc,metaspace   ] GC(94) Metaspace: 41255K(42432K)->41255K(42432K) NonClass: 36232K(36928K)->36232K(36928K) Class: 5022K(5504K)->5022K(5504K)
[2026-07-01T01:41:59.839+0000][26.586s][info][gc             ] GC(94) Pause Full (Allocation Failure) 221M->153M(247M) 224.854ms
[2026-07-01T01:41:59.839+0000][26.586s][info][gc,cpu         ] GC(94) User=0.22s Sys=0.00s Real=0.23s
[2026-07-01T01:42:00.405+0000][27.152s][info][gc,start       ] GC(95) Pause Young (Allocation Failure)
[2026-07-01T01:42:00.405+0000][27.152s][info][gc             ] GC(95) Pause Young (Allocation Failure) 222M->222M(247M) 0.087ms
[2026-07-01T01:42:00.405+0000][27.152s][info][gc,cpu         ] GC(95) User=0.00s Sys=0.00s Real=0.00s
[2026-07-01T01:42:00.405+0000][27.152s][info][gc,start       ] GC(96) Pause Full (Allocation Failure)
[2026-07-01T01:42:00.405+0000][27.152s][info][gc,phases,start] GC(96) Phase 1: Mark live objects
[2026-07-01T01:42:00.488+0000][27.235s][info][gc,phases      ] GC(96) Phase 1: Mark live objects 82.792ms
[2026-07-01T01:42:00.488+0000][27.235s][info][gc,phases,start] GC(96) Phase 2: Compute new object addresses
[2026-07-01T01:42:00.534+0000][27.281s][info][gc,phases      ] GC(96) Phase 2: Compute new object addresses 46.472ms
[2026-07-01T01:42:00.534+0000][27.281s][info][gc,phases,start] GC(96) Phase 3: Adjust pointers
[2026-07-01T01:42:00.578+0000][27.325s][info][gc,phases      ] GC(96) Phase 3: Adjust pointers 44.182ms
[2026-07-01T01:42:00.578+0000][27.325s][info][gc,phases,start] GC(96) Phase 4: Move objects
[2026-07-01T01:42:00.579+0000][27.326s][info][gc,phases      ] GC(96) Phase 4: Move objects 0.332ms
[2026-07-01T01:42:00.579+0000][27.326s][info][gc,heap        ] GC(96) DefNew: 69952K(78656K)->0K(78656K) Eden: 69952K(69952K)->0K(69952K) From: 0K(8704K)->0K(8704K)
[2026-07-01T01:42:00.579+0000][27.326s][info][gc,heap        ] GC(96) Tenured: 157444K(174784K)->158016K(174784K)
[2026-07-01T01:42:00.579+0000][27.326s][info][gc,metaspace   ] GC(96) Metaspace: 41259K(42432K)->41259K(42432K) NonClass: 36237K(36928K)->36237K(36928K) Class: 5022K(5504K)->5022K(5504K)
[2026-07-01T01:42:00.579+0000][27.326s][info][gc             ] GC(96) Pause Full (Allocation Failure) 222M->154M(247M) 174.160ms
[2026-07-01T01:42:00.579+0000][27.326s][info][gc,cpu         ] GC(96) User=0.18s Sys=0.00s Real=0.18s
[2026-07-01T01:42:01.125+0000][27.872s][info][gc,start       ] GC(97) Pause Young (Allocation Failure)
[2026-07-01T01:42:01.125+0000][27.872s][info][gc             ] GC(97) Pause Young (Allocation Failure) 222M->222M(247M) 0.103ms
[2026-07-01T01:42:01.125+0000][27.872s][info][gc,cpu         ] GC(97) User=0.00s Sys=0.00s Real=0.00s
[2026-07-01T01:42:01.125+0000][27.872s][info][gc,start       ] GC(98) Pause Full (Allocation Failure)
[2026-07-01T01:42:01.125+0000][27.872s][info][gc,phases,start] GC(98) Phase 1: Mark live objects
[2026-07-01T01:42:01.208+0000][27.955s][info][gc,phases      ] GC(98) Phase 1: Mark live objects 83.146ms
[2026-07-01T01:42:01.208+0000][27.955s][info][gc,phases,start] GC(98) Phase 2: Compute new object addresses
[2026-07-01T01:42:01.255+0000][28.002s][info][gc,phases      ] GC(98) Phase 2: Compute new object addresses 46.532ms
[2026-07-01T01:42:01.255+0000][28.002s][info][gc,phases,start] GC(98) Phase 3: Adjust pointers
[2026-07-01T01:42:01.300+0000][28.047s][info][gc,phases      ] GC(98) Phase 3: Adjust pointers 45.162ms
[2026-07-01T01:42:01.300+0000][28.047s][info][gc,phases,start] GC(98) Phase 4: Move objects
[2026-07-01T01:42:01.301+0000][28.048s][info][gc,phases      ] GC(98) Phase 4: Move objects 0.592ms
[2026-07-01T01:42:01.301+0000][28.048s][info][gc,heap        ] GC(98) DefNew: 69952K(78656K)->0K(78656K) Eden: 69952K(69952K)->0K(69952K) From: 0K(8704K)->0K(8704K)
[2026-07-01T01:42:01.301+0000][28.048s][info][gc,heap        ] GC(98) Tenured: 158016K(174784K)->159772K(174784K)
[2026-07-01T01:42:01.301+0000][28.048s][info][gc,metaspace   ] GC(98) Metaspace: 41260K(42432K)->41260K(42432K) NonClass: 36237K(36928K)->36237K(36928K) Class: 5022K(5504K)->5022K(5504K)
[2026-07-01T01:42:01.301+0000][28.048s][info][gc             ] GC(98) Pause Full (Allocation Failure) 222M->156M(247M) 175.824ms
[2026-07-01T01:42:01.301+0000][28.048s][info][gc,cpu         ] GC(98) User=0.17s Sys=0.00s Real=0.18s
[2026-07-01T01:42:01.807+0000][28.554s][info][gc,start       ] GC(99) Pause Young (Allocation Failure)
[2026-07-01T01:42:01.807+0000][28.554s][info][gc             ] GC(99) Pause Young (Allocation Failure) 224M->224M(247M) 0.102ms
[2026-07-01T01:42:01.807+0000][28.554s][info][gc,cpu         ] GC(99) User=0.00s Sys=0.00s Real=0.00s
[2026-07-01T01:42:01.807+0000][28.554s][info][gc,start       ] GC(100) Pause Full (Allocation Failure)
[2026-07-01T01:42:01.807+0000][28.554s][info][gc,phases,start] GC(100) Phase 1: Mark live objects
[2026-07-01T01:42:01.891+0000][28.638s][info][gc,phases      ] GC(100) Phase 1: Mark live objects 83.328ms
[2026-07-01T01:42:01.891+0000][28.638s][info][gc,phases,start] GC(100) Phase 2: Compute new object addresses
[2026-07-01T01:42:01.937+0000][28.684s][info][gc,phases      ] GC(100) Phase 2: Compute new object addresses 46.051ms
[2026-07-01T01:42:01.937+0000][28.684s][info][gc,phases,start] GC(100) Phase 3: Adjust pointers
[2026-07-01T01:42:01.985+0000][28.732s][info][gc,phases      ] GC(100) Phase 3: Adjust pointers 48.189ms
[2026-07-01T01:42:01.985+0000][28.732s][info][gc,phases,start] GC(100) Phase 4: Move objects
[2026-07-01T01:42:02.014+0000][28.761s][info][gc,phases      ] GC(100) Phase 4: Move objects 28.955ms
[2026-07-01T01:42:02.014+0000][28.761s][info][gc,heap        ] GC(100) DefNew: 69952K(78656K)->0K(78656K) Eden: 69952K(69952K)->0K(69952K) From: 0K(8704K)->0K(8704K)
[2026-07-01T01:42:02.014+0000][28.761s][info][gc,heap        ] GC(100) Tenured: 159772K(174784K)->157278K(174784K)
[2026-07-01T01:42:02.014+0000][28.761s][info][gc,metaspace   ] GC(100) Metaspace: 41261K(42432K)->41261K(42432K) NonClass: 36238K(36928K)->36238K(36928K) Class: 5022K(5504K)->5022K(5504K)
[2026-07-01T01:42:02.014+0000][28.761s][info][gc             ] GC(100) Pause Full (Allocation Failure) 224M->153M(247M) 206.947ms
[2026-07-01T01:42:02.014+0000][28.761s][info][gc,cpu         ] GC(100) User=0.22s Sys=0.00s Real=0.21s
[2026-07-01T01:42:02.563+0000][29.310s][info][gc,start       ] GC(101) Pause Young (Allocation Failure)
[2026-07-01T01:42:02.563+0000][29.310s][info][gc             ] GC(101) Pause Young (Allocation Failure) 221M->221M(247M) 0.068ms
[2026-07-01T01:42:02.563+0000][29.310s][info][gc,cpu         ] GC(101) User=0.00s Sys=0.00s Real=0.00s
[2026-07-01T01:42:02.563+0000][29.310s][info][gc,start       ] GC(102) Pause Full (Allocation Failure)
[2026-07-01T01:42:02.563+0000][29.310s][info][gc,phases,start] GC(102) Phase 1: Mark live objects
[2026-07-01T01:42:02.644+0000][29.391s][info][gc,phases      ] GC(102) Phase 1: Mark live objects 80.996ms
[2026-07-01T01:42:02.644+0000][29.391s][info][gc,phases,start] GC(102) Phase 2: Compute new object addresses
[2026-07-01T01:42:02.690+0000][29.437s][info][gc,phases      ] GC(102) Phase 2: Compute new object addresses 46.380ms
[2026-07-01T01:42:02.690+0000][29.437s][info][gc,phases,start] GC(102) Phase 3: Adjust pointers
[2026-07-01T01:42:02.734+0000][29.481s][info][gc,phases      ] GC(102) Phase 3: Adjust pointers 44.107ms
[2026-07-01T01:42:02.734+0000][29.481s][info][gc,phases,start] GC(102) Phase 4: Move objects
[2026-07-01T01:42:02.735+0000][29.482s][info][gc,phases      ] GC(102) Phase 4: Move objects 0.387ms
[2026-07-01T01:42:02.735+0000][29.482s][info][gc,heap        ] GC(102) DefNew: 69952K(78656K)->0K(78656K) Eden: 69952K(69952K)->0K(69952K) From: 0K(8704K)->0K(8704K)
[2026-07-01T01:42:02.735+0000][29.482s][info][gc,heap        ] GC(102) Tenured: 157278K(174784K)->158086K(174784K)
[2026-07-01T01:42:02.735+0000][29.482s][info][gc,metaspace   ] GC(102) Metaspace: 41262K(42432K)->41262K(42432K) NonClass: 36240K(36928K)->36240K(36928K) Class: 5022K(5504K)->5022K(5504K)
[2026-07-01T01:42:02.735+0000][29.482s][info][gc             ] GC(102) Pause Full (Allocation Failure) 221M->154M(247M) 172.238ms
[2026-07-01T01:42:02.735+0000][29.482s][info][gc,cpu         ] GC(102) User=0.17s Sys=0.00s Real=0.17s
[2026-07-01T01:42:03.325+0000][30.072s][info][gc,start       ] GC(103) Pause Young (Allocation Failure)
[2026-07-01T01:42:03.325+0000][30.072s][info][gc             ] GC(103) Pause Young (Allocation Failure) 222M->222M(247M) 0.101ms
[2026-07-01T01:42:03.325+0000][30.072s][info][gc,cpu         ] GC(103) User=0.00s Sys=0.00s Real=0.00s
[2026-07-01T01:42:03.325+0000][30.072s][info][gc,start       ] GC(104) Pause Full (Allocation Failure)
[2026-07-01T01:42:03.325+0000][30.072s][info][gc,phases,start] GC(104) Phase 1: Mark live objects
[2026-07-01T01:42:03.466+0000][30.213s][info][gc,phases      ] GC(104) Phase 1: Mark live objects 141.057ms
[2026-07-01T01:42:03.467+0000][30.213s][info][gc,phases,start] GC(104) Phase 2: Compute new object addresses
[2026-07-01T01:42:03.534+0000][30.281s][info][gc,phases      ] GC(104) Phase 2: Compute new object addresses 67.202ms
[2026-07-01T01:42:03.534+0000][30.281s][info][gc,phases,start] GC(104) Phase 3: Adjust pointers
[2026-07-01T01:42:03.599+0000][30.346s][info][gc,phases      ] GC(104) Phase 3: Adjust pointers 65.132ms
[2026-07-01T01:42:03.599+0000][30.346s][info][gc,phases,start] GC(104) Phase 4: Move objects
[2026-07-01T01:42:03.600+0000][30.346s][info][gc,phases      ] GC(104) Phase 4: Move objects 0.554ms
[2026-07-01T01:42:03.600+0000][30.347s][info][gc,heap        ] GC(104) DefNew: 69952K(78656K)->0K(78656K) Eden: 69952K(69952K)->0K(69952K) From: 0K(8704K)->0K(8704K)
[2026-07-01T01:42:03.600+0000][30.347s][info][gc,heap        ] GC(104) Tenured: 158086K(174784K)->159529K(174784K)
[2026-07-01T01:42:03.600+0000][30.347s][info][gc,metaspace   ] GC(104) Metaspace: 41263K(42432K)->41263K(42432K) NonClass: 36240K(36928K)->36240K(36928K) Class: 5022K(5504K)->5022K(5504K)
[2026-07-01T01:42:03.600+0000][30.347s][info][gc             ] GC(104) Pause Full (Allocation Failure) 222M->155M(247M) 274.379ms
[2026-07-01T01:42:03.600+0000][30.347s][info][gc,cpu         ] GC(104) User=0.27s Sys=0.00s Real=0.28s
[2026-07-01T01:42:04.219+0000][30.966s][info][gc,start       ] GC(105) Pause Young (Allocation Failure)
[2026-07-01T01:42:04.219+0000][30.966s][info][gc             ] GC(105) Pause Young (Allocation Failure) 224M->224M(247M) 0.082ms
[2026-07-01T01:42:04.219+0000][30.966s][info][gc,cpu         ] GC(105) User=0.00s Sys=0.00s Real=0.00s
[2026-07-01T01:42:04.219+0000][30.966s][info][gc,start       ] GC(106) Pause Full (Allocation Failure)
[2026-07-01T01:42:04.219+0000][30.966s][info][gc,phases,start] GC(106) Phase 1: Mark live objects
[2026-07-01T01:42:04.302+0000][31.049s][info][gc,phases      ] GC(106) Phase 1: Mark live objects 82.947ms
[2026-07-01T01:42:04.302+0000][31.049s][info][gc,phases,start] GC(106) Phase 2: Compute new object addresses
[2026-07-01T01:42:04.348+0000][31.095s][info][gc,phases      ] GC(106) Phase 2: Compute new object addresses 46.512ms
[2026-07-01T01:42:04.348+0000][31.095s][info][gc,phases,start] GC(106) Phase 3: Adjust pointers
[2026-07-01T01:42:04.393+0000][31.140s][info][gc,phases      ] GC(106) Phase 3: Adjust pointers 44.615ms
[2026-07-01T01:42:04.393+0000][31.140s][info][gc,phases,start] GC(106) Phase 4: Move objects
[2026-07-01T01:42:04.393+0000][31.140s][info][gc,phases      ] GC(106) Phase 4: Move objects 0.375ms
[2026-07-01T01:42:04.394+0000][31.140s][info][gc,heap        ] GC(106) DefNew: 69952K(78656K)->0K(78656K) Eden: 69952K(69952K)->0K(69952K) From: 0K(8704K)->0K(8704K)
[2026-07-01T01:42:04.394+0000][31.140s][info][gc,heap        ] GC(106) Tenured: 159529K(174784K)->160197K(174784K)
[2026-07-01T01:42:04.394+0000][31.140s][info][gc,metaspace   ] GC(106) Metaspace: 41264K(42432K)->41264K(42432K) NonClass: 36241K(36928K)->36241K(36928K) Class: 5022K(5504K)->5022K(5504K)
[2026-07-01T01:42:04.394+0000][31.140s][info][gc             ] GC(106) Pause Full (Allocation Failure) 224M->156M(247M) 174.837ms
[2026-07-01T01:42:04.394+0000][31.141s][info][gc,cpu         ] GC(106) User=0.18s Sys=0.01s Real=0.17s
[2026-07-01T01:42:04.883+0000][31.629s][info][gc,start       ] GC(107) Pause Young (Allocation Failure)
[2026-07-01T01:42:04.883+0000][31.630s][info][gc             ] GC(107) Pause Young (Allocation Failure) 224M->224M(247M) 0.092ms
[2026-07-01T01:42:04.883+0000][31.630s][info][gc,cpu         ] GC(107) User=0.00s Sys=0.00s Real=0.00s
[2026-07-01T01:42:04.883+0000][31.630s][info][gc,start       ] GC(108) Pause Full (Allocation Failure)
[2026-07-01T01:42:04.883+0000][31.630s][info][gc,phases,start] GC(108) Phase 1: Mark live objects
[2026-07-01T01:42:04.970+0000][31.717s][info][gc,phases      ] GC(108) Phase 1: Mark live objects 87.263ms
[2026-07-01T01:42:04.970+0000][31.717s][info][gc,phases,start] GC(108) Phase 2: Compute new object addresses
[2026-07-01T01:42:05.016+0000][31.763s][info][gc,phases      ] GC(108) Phase 2: Compute new object addresses 46.003ms
[2026-07-01T01:42:05.016+0000][31.763s][info][gc,phases,start] GC(108) Phase 3: Adjust pointers
[2026-07-01T01:42:05.064+0000][31.811s][info][gc,phases      ] GC(108) Phase 3: Adjust pointers 48.344ms
[2026-07-01T01:42:05.064+0000][31.811s][info][gc,phases,start] GC(108) Phase 4: Move objects
[2026-07-01T01:42:05.093+0000][31.840s][info][gc,phases      ] GC(108) Phase 4: Move objects 28.291ms
[2026-07-01T01:42:05.093+0000][31.840s][info][gc,heap        ] GC(108) DefNew: 69952K(78656K)->0K(78656K) Eden: 69952K(69952K)->0K(69952K) From: 0K(8704K)->0K(8704K)
[2026-07-01T01:42:05.093+0000][31.840s][info][gc,heap        ] GC(108) Tenured: 160197K(174784K)->157894K(174784K)
[2026-07-01T01:42:05.093+0000][31.840s][info][gc,metaspace   ] GC(108) Metaspace: 41266K(42432K)->41266K(42432K) NonClass: 36243K(36928K)->36243K(36928K) Class: 5022K(5504K)->5022K(5504K)
[2026-07-01T01:42:05.093+0000][31.840s][info][gc             ] GC(108) Pause Full (Allocation Failure) 224M->154M(247M) 210.302ms
[2026-07-01T01:42:05.093+0000][31.840s][info][gc,cpu         ] GC(108) User=0.21s Sys=0.00s Real=0.21s
[2026-07-01T01:42:05.608+0000][32.355s][info][gc,start       ] GC(109) Pause Young (Allocation Failure)
[2026-07-01T01:42:05.608+0000][32.355s][info][gc             ] GC(109) Pause Young (Allocation Failure) 222M->222M(247M) 0.090ms
[2026-07-01T01:42:05.608+0000][32.355s][info][gc,cpu         ] GC(109) User=0.00s Sys=0.00s Real=0.00s
[2026-07-01T01:42:05.608+0000][32.355s][info][gc,start       ] GC(110) Pause Full (Allocation Failure)
[2026-07-01T01:42:05.608+0000][32.355s][info][gc,phases,start] GC(110) Phase 1: Mark live objects
[2026-07-01T01:42:05.694+0000][32.441s][info][gc,phases      ] GC(110) Phase 1: Mark live objects 85.892ms
[2026-07-01T01:42:05.694+0000][32.441s][info][gc,phases,start] GC(110) Phase 2: Compute new object addresses
[2026-07-01T01:42:05.742+0000][32.489s][info][gc,phases      ] GC(110) Phase 2: Compute new object addresses 48.425ms
[2026-07-01T01:42:05.742+0000][32.489s][info][gc,phases,start] GC(110) Phase 3: Adjust pointers
[2026-07-01T01:42:05.789+0000][32.535s][info][gc,phases      ] GC(110) Phase 3: Adjust pointers 46.253ms
[2026-07-01T01:42:05.789+0000][32.536s][info][gc,phases,start] GC(110) Phase 4: Move objects
[2026-07-01T01:42:05.789+0000][32.536s][info][gc,phases      ] GC(110) Phase 4: Move objects 0.512ms
[2026-07-01T01:42:05.789+0000][32.536s][info][gc,heap        ] GC(110) DefNew: 69952K(78656K)->0K(78656K) Eden: 69952K(69952K)->0K(69952K) From: 0K(8704K)->0K(8704K)
[2026-07-01T01:42:05.789+0000][32.536s][info][gc,heap        ] GC(110) Tenured: 157894K(174784K)->159405K(174784K)
[2026-07-01T01:42:05.789+0000][32.536s][info][gc,metaspace   ] GC(110) Metaspace: 41267K(42432K)->41267K(42432K) NonClass: 36244K(36928K)->36244K(36928K) Class: 5022K(5504K)->5022K(5504K)
[2026-07-01T01:42:05.789+0000][32.536s][info][gc             ] GC(110) Pause Full (Allocation Failure) 222M->155M(247M) 181.463ms
[2026-07-01T01:42:05.789+0000][32.536s][info][gc,cpu         ] GC(110) User=0.29s Sys=0.00s Real=0.19s
[2026-07-01T01:42:06.269+0000][33.016s][info][gc,start       ] GC(111) Pause Young (Allocation Failure)
[2026-07-01T01:42:06.269+0000][33.016s][info][gc             ] GC(111) Pause Young (Allocation Failure) 223M->223M(247M) 0.085ms
[2026-07-01T01:42:06.269+0000][33.016s][info][gc,cpu         ] GC(111) User=0.00s Sys=0.00s Real=0.00s
[2026-07-01T01:42:06.269+0000][33.016s][info][gc,start       ] GC(112) Pause Full (Allocation Failure)
[2026-07-01T01:42:06.269+0000][33.016s][info][gc,phases,start] GC(112) Phase 1: Mark live objects
[2026-07-01T01:42:06.355+0000][33.102s][info][gc,phases      ] GC(112) Phase 1: Mark live objects 85.838ms
[2026-07-01T01:42:06.355+0000][33.102s][info][gc,phases,start] GC(112) Phase 2: Compute new object addresses
[2026-07-01T01:42:06.402+0000][33.149s][info][gc,phases      ] GC(112) Phase 2: Compute new object addresses 46.831ms
[2026-07-01T01:42:06.402+0000][33.149s][info][gc,phases,start] GC(112) Phase 3: Adjust pointers
[2026-07-01T01:42:06.448+0000][33.195s][info][gc,phases      ] GC(112) Phase 3: Adjust pointers 46.350ms
[2026-07-01T01:42:06.448+0000][33.195s][info][gc,phases,start] GC(112) Phase 4: Move objects
[2026-07-01T01:42:06.448+0000][33.195s][info][gc,phases      ] GC(112) Phase 4: Move objects 0.361ms
[2026-07-01T01:42:06.449+0000][33.196s][info][gc,heap        ] GC(112) DefNew: 69952K(78656K)->0K(78656K) Eden: 69952K(69952K)->0K(69952K) From: 0K(8704K)->0K(8704K)
[2026-07-01T01:42:06.449+0000][33.196s][info][gc,heap        ] GC(112) Tenured: 159405K(174784K)->159945K(174784K)
[2026-07-01T01:42:06.449+0000][33.196s][info][gc,metaspace   ] GC(112) Metaspace: 41268K(42432K)->41268K(42432K) NonClass: 36245K(36928K)->36245K(36928K) Class: 5022K(5504K)->5022K(5504K)
[2026-07-01T01:42:06.449+0000][33.196s][info][gc             ] GC(112) Pause Full (Allocation Failure) 223M->156M(247M) 179.770ms
[2026-07-01T01:42:06.449+0000][33.196s][info][gc,cpu         ] GC(112) User=0.18s Sys=0.00s Real=0.18s
[2026-07-01T01:42:06.957+0000][33.704s][info][gc,start       ] GC(113) Pause Young (Allocation Failure)
[2026-07-01T01:42:06.957+0000][33.704s][info][gc             ] GC(113) Pause Young (Allocation Failure) 224M->224M(247M) 0.097ms
[2026-07-01T01:42:06.957+0000][33.704s][info][gc,cpu         ] GC(113) User=0.01s Sys=0.00s Real=0.00s
[2026-07-01T01:42:06.957+0000][33.704s][info][gc,start       ] GC(114) Pause Full (Allocation Failure)
[2026-07-01T01:42:06.957+0000][33.704s][info][gc,phases,start] GC(114) Phase 1: Mark live objects
[2026-07-01T01:42:07.043+0000][33.790s][info][gc,phases      ] GC(114) Phase 1: Mark live objects 85.220ms
[2026-07-01T01:42:07.043+0000][33.790s][info][gc,phases,start] GC(114) Phase 2: Compute new object addresses
[2026-07-01T01:42:07.090+0000][33.837s][info][gc,phases      ] GC(114) Phase 2: Compute new object addresses 47.000ms
[2026-07-01T01:42:07.090+0000][33.837s][info][gc,phases,start] GC(114) Phase 3: Adjust pointers
[2026-07-01T01:42:07.136+0000][33.883s][info][gc,phases      ] GC(114) Phase 3: Adjust pointers 46.239ms
[2026-07-01T01:42:07.136+0000][33.883s][info][gc,phases,start] GC(114) Phase 4: Move objects
[2026-07-01T01:42:07.137+0000][33.884s][info][gc,phases      ] GC(114) Phase 4: Move objects 0.700ms
[2026-07-01T01:42:07.137+0000][33.884s][info][gc,heap        ] GC(114) DefNew: 69952K(78656K)->0K(78656K) Eden: 69952K(69952K)->0K(69952K) From: 0K(8704K)->0K(8704K)
[2026-07-01T01:42:07.137+0000][33.884s][info][gc,heap        ] GC(114) Tenured: 159945K(174784K)->161012K(174784K)
[2026-07-01T01:42:07.137+0000][33.884s][info][gc,metaspace   ] GC(114) Metaspace: 41270K(42432K)->41270K(42432K) NonClass: 36247K(36928K)->36247K(36928K) Class: 5022K(5504K)->5022K(5504K)
[2026-07-01T01:42:07.137+0000][33.884s][info][gc             ] GC(114) Pause Full (Allocation Failure) 224M->157M(247M) 179.539ms
[2026-07-01T01:42:07.137+0000][33.884s][info][gc,cpu         ] GC(114) User=0.18s Sys=0.00s Real=0.18s
[2026-07-01T01:42:07.606+0000][34.353s][info][gc,start       ] GC(115) Pause Young (Allocation Failure)
[2026-07-01T01:42:07.606+0000][34.353s][info][gc             ] GC(115) Pause Young (Allocation Failure) 225M->225M(247M) 0.080ms
[2026-07-01T01:42:07.606+0000][34.353s][info][gc,cpu         ] GC(115) User=0.00s Sys=0.00s Real=0.00s
[2026-07-01T01:42:07.606+0000][34.353s][info][gc,start       ] GC(116) Pause Full (Allocation Failure)
[2026-07-01T01:42:07.606+0000][34.353s][info][gc,phases,start] GC(116) Phase 1: Mark live objects
[2026-07-01T01:42:07.692+0000][34.439s][info][gc,phases      ] GC(116) Phase 1: Mark live objects 85.803ms
[2026-07-01T01:42:07.692+0000][34.439s][info][gc,phases,start] GC(116) Phase 2: Compute new object addresses
[2026-07-01T01:42:07.738+0000][34.485s][info][gc,phases      ] GC(116) Phase 2: Compute new object addresses 46.358ms
[2026-07-01T01:42:07.738+0000][34.485s][info][gc,phases,start] GC(116) Phase 3: Adjust pointers
[2026-07-01T01:42:07.788+0000][34.535s][info][gc,phases      ] GC(116) Phase 3: Adjust pointers 49.930ms
[2026-07-01T01:42:07.788+0000][34.535s][info][gc,phases,start] GC(116) Phase 4: Move objects
[2026-07-01T01:42:07.817+0000][34.564s][info][gc,phases      ] GC(116) Phase 4: Move objects 28.799ms
[2026-07-01T01:42:07.817+0000][34.564s][info][gc,heap        ] GC(116) DefNew: 69952K(78656K)->0K(78656K) Eden: 69952K(69952K)->0K(69952K) From: 0K(8704K)->0K(8704K)
[2026-07-01T01:42:07.817+0000][34.564s][info][gc,heap        ] GC(116) Tenured: 161012K(174784K)->158618K(174784K)
[2026-07-01T01:42:07.817+0000][34.564s][info][gc,metaspace   ] GC(116) Metaspace: 41284K(42496K)->41284K(42496K) NonClass: 36261K(36992K)->36261K(36992K) Class: 5022K(5504K)->5022K(5504K)
[2026-07-01T01:42:07.817+0000][34.564s][info][gc             ] GC(116) Pause Full (Allocation Failure) 225M->154M(247M) 211.315ms
[2026-07-01T01:42:07.817+0000][34.564s][info][gc,cpu         ] GC(116) User=0.22s Sys=0.00s Real=0.21s
[2026-07-01T01:42:08.655+0000][35.402s][info][gc,start       ] GC(117) Pause Young (Allocation Failure)
[2026-07-01T01:42:08.655+0000][35.402s][info][gc             ] GC(117) Pause Young (Allocation Failure) 223M->223M(247M) 0.103ms
[2026-07-01T01:42:08.655+0000][35.402s][info][gc,cpu         ] GC(117) User=0.00s Sys=0.00s Real=0.00s
[2026-07-01T01:42:08.655+0000][35.402s][info][gc,start       ] GC(118) Pause Full (Allocation Failure)
[2026-07-01T01:42:08.655+0000][35.402s][info][gc,phases,start] GC(118) Phase 1: Mark live objects
[2026-07-01T01:42:08.750+0000][35.497s][info][gc,phases      ] GC(118) Phase 1: Mark live objects 94.821ms
[2026-07-01T01:42:08.750+0000][35.497s][info][gc,phases,start] GC(118) Phase 2: Compute new object addresses
[2026-07-01T01:42:08.797+0000][35.544s][info][gc,phases      ] GC(118) Phase 2: Compute new object addresses 46.535ms
[2026-07-01T01:42:08.797+0000][35.544s][info][gc,phases,start] GC(118) Phase 3: Adjust pointers
[2026-07-01T01:42:08.842+0000][35.589s][info][gc,phases      ] GC(118) Phase 3: Adjust pointers 45.494ms
[2026-07-01T01:42:08.842+0000][35.589s][info][gc,phases,start] GC(118) Phase 4: Move objects
[2026-07-01T01:42:08.843+0000][35.590s][info][gc,phases      ] GC(118) Phase 4: Move objects 0.569ms
[2026-07-01T01:42:08.843+0000][35.590s][info][gc,heap        ] GC(118) DefNew: 69952K(78656K)->0K(78656K) Eden: 69952K(69952K)->0K(69952K) From: 0K(8704K)->0K(8704K)
[2026-07-01T01:42:08.843+0000][35.590s][info][gc,heap        ] GC(118) Tenured: 158618K(174784K)->160654K(174784K)
[2026-07-01T01:42:08.843+0000][35.590s][info][gc,metaspace   ] GC(118) Metaspace: 41284K(42496K)->41284K(42496K) NonClass: 36261K(36992K)->36261K(36992K) Class: 5022K(5504K)->5022K(5504K)
[2026-07-01T01:42:08.843+0000][35.590s][info][gc             ] GC(118) Pause Full (Allocation Failure) 223M->156M(247M) 187.811ms
[2026-07-01T01:42:08.843+0000][35.590s][info][gc,cpu         ] GC(118) User=0.21s Sys=0.00s Real=0.19s
[2026-07-01T01:42:09.375+0000][36.122s][info][gc,start       ] GC(119) Pause Young (Allocation Failure)
[2026-07-01T01:42:09.375+0000][36.122s][info][gc             ] GC(119) Pause Young (Allocation Failure) 225M->225M(247M) 0.144ms
[2026-07-01T01:42:09.375+0000][36.122s][info][gc,cpu         ] GC(119) User=0.00s Sys=0.00s Real=0.00s
[2026-07-01T01:42:09.375+0000][36.122s][info][gc,start       ] GC(120) Pause Full (Allocation Failure)
[2026-07-01T01:42:09.375+0000][36.122s][info][gc,phases,start] GC(120) Phase 1: Mark live objects
[2026-07-01T01:42:09.464+0000][36.211s][info][gc,phases      ] GC(120) Phase 1: Mark live objects 88.361ms
[2026-07-01T01:42:09.464+0000][36.211s][info][gc,phases,start] GC(120) Phase 2: Compute new object addresses
[2026-07-01T01:42:09.511+0000][36.258s][info][gc,phases      ] GC(120) Phase 2: Compute new object addresses 46.974ms
[2026-07-01T01:42:09.511+0000][36.258s][info][gc,phases,start] GC(120) Phase 3: Adjust pointers
[2026-07-01T01:42:09.558+0000][36.305s][info][gc,phases      ] GC(120) Phase 3: Adjust pointers 46.842ms
[2026-07-01T01:42:09.558+0000][36.305s][info][gc,phases,start] GC(120) Phase 4: Move objects
[2026-07-01T01:42:09.558+0000][36.305s][info][gc,phases      ] GC(120) Phase 4: Move objects 0.341ms
[2026-07-01T01:42:09.558+0000][36.305s][info][gc,heap        ] GC(120) DefNew: 69952K(78656K)->0K(78656K) Eden: 69952K(69952K)->0K(69952K) From: 0K(8704K)->0K(8704K)
[2026-07-01T01:42:09.558+0000][36.305s][info][gc,heap        ] GC(120) Tenured: 160654K(174784K)->161058K(174784K)
[2026-07-01T01:42:09.558+0000][36.305s][info][gc,metaspace   ] GC(120) Metaspace: 41285K(42496K)->41285K(42496K) NonClass: 36261K(36992K)->36261K(36992K) Class: 5023K(5504K)->5023K(5504K)
[2026-07-01T01:42:09.558+0000][36.305s][info][gc             ] GC(120) Pause Full (Allocation Failure) 225M->157M(247M) 182.908ms
[2026-07-01T01:42:09.558+0000][36.305s][info][gc,cpu         ] GC(120) User=0.19s Sys=0.00s Real=0.19s
[2026-07-01T01:42:10.060+0000][36.807s][info][gc,start       ] GC(121) Pause Young (Allocation Failure)
[2026-07-01T01:42:10.060+0000][36.807s][info][gc             ] GC(121) Pause Young (Allocation Failure) 225M->225M(247M) 0.211ms
[2026-07-01T01:42:10.060+0000][36.807s][info][gc,cpu         ] GC(121) User=0.00s Sys=0.00s Real=0.00s
[2026-07-01T01:42:10.061+0000][36.807s][info][gc,start       ] GC(122) Pause Full (Allocation Failure)
[2026-07-01T01:42:10.061+0000][36.807s][info][gc,phases,start] GC(122) Phase 1: Mark live objects
[2026-07-01T01:42:10.147+0000][36.894s][info][gc,phases      ] GC(122) Phase 1: Mark live objects 86.713ms
[2026-07-01T01:42:10.147+0000][36.894s][info][gc,phases,start] GC(122) Phase 2: Compute new object addresses
[2026-07-01T01:42:10.194+0000][36.941s][info][gc,phases      ] GC(122) Phase 2: Compute new object addresses 46.913ms
[2026-07-01T01:42:10.194+0000][36.941s][info][gc,phases,start] GC(122) Phase 3: Adjust pointers
[2026-07-01T01:42:10.240+0000][36.987s][info][gc,phases      ] GC(122) Phase 3: Adjust pointers 46.056ms
[2026-07-01T01:42:10.240+0000][36.987s][info][gc,phases,start] GC(122) Phase 4: Move objects
[2026-07-01T01:42:10.241+0000][36.988s][info][gc,phases      ] GC(122) Phase 4: Move objects 0.392ms
[2026-07-01T01:42:10.241+0000][36.988s][info][gc,heap        ] GC(122) DefNew: 69952K(78656K)->0K(78656K) Eden: 69952K(69952K)->0K(69952K) From: 0K(8704K)->0K(8704K)
[2026-07-01T01:42:10.241+0000][36.988s][info][gc,heap        ] GC(122) Tenured: 161058K(174784K)->161981K(174784K)
[2026-07-01T01:42:10.241+0000][36.988s][info][gc,metaspace   ] GC(122) Metaspace: 41285K(42496K)->41285K(42496K) NonClass: 36261K(36992K)->36261K(36992K) Class: 5023K(5504K)->5023K(5504K)
[2026-07-01T01:42:10.241+0000][36.988s][info][gc             ] GC(122) Pause Full (Allocation Failure) 225M->158M(247M) 180.443ms
[2026-07-01T01:42:10.241+0000][36.988s][info][gc,cpu         ] GC(122) User=0.19s Sys=0.00s Real=0.18s
[2026-07-01T01:42:10.836+0000][37.583s][info][gc,start       ] GC(123) Pause Young (Allocation Failure)
[2026-07-01T01:42:10.837+0000][37.583s][info][gc             ] GC(123) Pause Young (Allocation Failure) 226M->226M(247M) 0.094ms
[2026-07-01T01:42:10.837+0000][37.584s][info][gc,cpu         ] GC(123) User=0.00s Sys=0.00s Real=0.00s
[2026-07-01T01:42:10.837+0000][37.584s][info][gc,start       ] GC(124) Pause Full (Allocation Failure)
[2026-07-01T01:42:10.837+0000][37.584s][info][gc,phases,start] GC(124) Phase 1: Mark live objects
[2026-07-01T01:42:10.929+0000][37.676s][info][gc,phases      ] GC(124) Phase 1: Mark live objects 92.083ms
[2026-07-01T01:42:10.929+0000][37.676s][info][gc,phases,start] GC(124) Phase 2: Compute new object addresses
[2026-07-01T01:42:10.975+0000][37.722s][info][gc,phases      ] GC(124) Phase 2: Compute new object addresses 46.422ms
[2026-07-01T01:42:10.975+0000][37.722s][info][gc,phases,start] GC(124) Phase 3: Adjust pointers
[2026-07-01T01:42:11.025+0000][37.772s][info][gc,phases      ] GC(124) Phase 3: Adjust pointers 50.202ms
[2026-07-01T01:42:11.025+0000][37.772s][info][gc,phases,start] GC(124) Phase 4: Move objects
[2026-07-01T01:42:11.054+0000][37.801s][info][gc,phases      ] GC(124) Phase 4: Move objects 28.895ms
[2026-07-01T01:42:11.055+0000][37.802s][info][gc,heap        ] GC(124) DefNew: 69952K(78656K)->0K(78656K) Eden: 69952K(69952K)->0K(69952K) From: 0K(8704K)->0K(8704K)
[2026-07-01T01:42:11.055+0000][37.802s][info][gc,heap        ] GC(124) Tenured: 161981K(174784K)->159280K(174784K)
[2026-07-01T01:42:11.055+0000][37.802s][info][gc,metaspace   ] GC(124) Metaspace: 41290K(42496K)->41290K(42496K) NonClass: 36266K(36992K)->36266K(36992K) Class: 5023K(5504K)->5023K(5504K)
[2026-07-01T01:42:11.055+0000][37.802s][info][gc             ] GC(124) Pause Full (Allocation Failure) 226M->155M(247M) 218.010ms
[2026-07-01T01:42:11.055+0000][37.802s][info][gc,cpu         ] GC(124) User=0.22s Sys=0.00s Real=0.22s
[2026-07-01T01:42:11.643+0000][38.390s][info][gc,start       ] GC(125) Pause Young (Allocation Failure)
[2026-07-01T01:42:11.643+0000][38.390s][info][gc             ] GC(125) Pause Young (Allocation Failure) 223M->223M(247M) 0.102ms
[2026-07-01T01:42:11.643+0000][38.390s][info][gc,cpu         ] GC(125) User=0.00s Sys=0.00s Real=0.00s
[2026-07-01T01:42:11.643+0000][38.390s][info][gc,start       ] GC(126) Pause Full (Allocation Failure)
[2026-07-01T01:42:11.643+0000][38.390s][info][gc,phases,start] GC(126) Phase 1: Mark live objects
[2026-07-01T01:42:11.773+0000][38.520s][info][gc,phases      ] GC(126) Phase 1: Mark live objects 129.602ms
[2026-07-01T01:42:11.773+0000][38.520s][info][gc,phases,start] GC(126) Phase 2: Compute new object addresses
[2026-07-01T01:42:11.820+0000][38.567s][info][gc,phases      ] GC(126) Phase 2: Compute new object addresses 46.861ms
[2026-07-01T01:42:11.820+0000][38.567s][info][gc,phases,start] GC(126) Phase 3: Adjust pointers
[2026-07-01T01:42:11.867+0000][38.613s][info][gc,phases      ] GC(126) Phase 3: Adjust pointers 46.777ms
[2026-07-01T01:42:11.867+0000][38.614s][info][gc,phases,start] GC(126) Phase 4: Move objects
[2026-07-01T01:42:11.867+0000][38.614s][info][gc,phases      ] GC(126) Phase 4: Move objects 0.314ms
[2026-07-01T01:42:11.867+0000][38.614s][info][gc,heap        ] GC(126) DefNew: 69952K(78656K)->0K(78656K) Eden: 69952K(69952K)->0K(69952K) From: 0K(8704K)->0K(8704K)
[2026-07-01T01:42:11.867+0000][38.614s][info][gc,heap        ] GC(126) Tenured: 159280K(174784K)->159693K(174784K)
[2026-07-01T01:42:11.867+0000][38.614s][info][gc,metaspace   ] GC(126) Metaspace: 41290K(42496K)->41290K(42496K) NonClass: 36267K(36992K)->36267K(36992K) Class: 5023K(5504K)->5023K(5504K)
[2026-07-01T01:42:11.867+0000][38.614s][info][gc             ] GC(126) Pause Full (Allocation Failure) 223M->155M(247M) 223.956ms
[2026-07-01T01:42:11.867+0000][38.614s][info][gc,cpu         ] GC(126) User=0.27s Sys=0.00s Real=0.22s
[2026-07-01T01:42:12.304+0000][39.051s][info][gc,start       ] GC(127) Pause Young (Allocation Failure)
[2026-07-01T01:42:12.304+0000][39.051s][info][gc             ] GC(127) Pause Young (Allocation Failure) 224M->224M(247M) 0.426ms
[2026-07-01T01:42:12.304+0000][39.051s][info][gc,cpu         ] GC(127) User=0.00s Sys=0.00s Real=0.00s
[2026-07-01T01:42:12.304+0000][39.051s][info][gc,start       ] GC(128) Pause Full (Allocation Failure)
[2026-07-01T01:42:12.304+0000][39.051s][info][gc,phases,start] GC(128) Phase 1: Mark live objects
[2026-07-01T01:42:12.393+0000][39.140s][info][gc,phases      ] GC(128) Phase 1: Mark live objects 88.963ms
[2026-07-01T01:42:12.393+0000][39.140s][info][gc,phases,start] GC(128) Phase 2: Compute new object addresses
[2026-07-01T01:42:12.440+0000][39.187s][info][gc,phases      ] GC(128) Phase 2: Compute new object addresses 46.866ms
[2026-07-01T01:42:12.440+0000][39.187s][info][gc,phases,start] GC(128) Phase 3: Adjust pointers
[2026-07-01T01:42:12.487+0000][39.234s][info][gc,phases      ] GC(128) Phase 3: Adjust pointers 46.964ms
[2026-07-01T01:42:12.487+0000][39.234s][info][gc,phases,start] GC(128) Phase 4: Move objects
[2026-07-01T01:42:12.488+0000][39.235s][info][gc,phases      ] GC(128) Phase 4: Move objects 0.492ms
[2026-07-01T01:42:12.488+0000][39.235s][info][gc,heap        ] GC(128) DefNew: 69952K(78656K)->0K(78656K) Eden: 69952K(69952K)->0K(69952K) From: 0K(8704K)->0K(8704K)
[2026-07-01T01:42:12.488+0000][39.235s][info][gc,heap        ] GC(128) Tenured: 159693K(174784K)->161210K(174784K)
[2026-07-01T01:42:12.488+0000][39.235s][info][gc,metaspace   ] GC(128) Metaspace: 41291K(42496K)->41291K(42496K) NonClass: 36268K(36992K)->36268K(36992K) Class: 5023K(5504K)->5023K(5504K)
[2026-07-01T01:42:12.488+0000][39.235s][info][gc             ] GC(128) Pause Full (Allocation Failure) 224M->157M(247M) 183.691ms
[2026-07-01T01:42:12.488+0000][39.235s][info][gc,cpu         ] GC(128) User=0.18s Sys=0.00s Real=0.19s
[2026-07-01T01:42:13.060+0000][39.807s][info][gc,start       ] GC(129) Pause Young (Allocation Failure)
[2026-07-01T01:42:13.060+0000][39.807s][info][gc             ] GC(129) Pause Young (Allocation Failure) 225M->225M(247M) 0.104ms
[2026-07-01T01:42:13.060+0000][39.807s][info][gc,cpu         ] GC(129) User=0.00s Sys=0.00s Real=0.00s
[2026-07-01T01:42:13.060+0000][39.807s][info][gc,start       ] GC(130) Pause Full (Allocation Failure)
[2026-07-01T01:42:13.060+0000][39.807s][info][gc,phases,start] GC(130) Phase 1: Mark live objects
[2026-07-01T01:42:13.156+0000][39.903s][info][gc,phases      ] GC(130) Phase 1: Mark live objects 95.653ms
[2026-07-01T01:42:13.156+0000][39.903s][info][gc,phases,start] GC(130) Phase 2: Compute new object addresses
[2026-07-01T01:42:13.203+0000][39.950s][info][gc,phases      ] GC(130) Phase 2: Compute new object addresses 47.125ms
[2026-07-01T01:42:13.203+0000][39.950s][info][gc,phases,start] GC(130) Phase 3: Adjust pointers
[2026-07-01T01:42:13.250+0000][39.997s][info][gc,phases      ] GC(130) Phase 3: Adjust pointers 46.884ms
[2026-07-01T01:42:13.250+0000][39.997s][info][gc,phases,start] GC(130) Phase 4: Move objects
[2026-07-01T01:42:13.251+0000][39.998s][info][gc,phases      ] GC(130) Phase 4: Move objects 0.454ms
[2026-07-01T01:42:13.251+0000][39.998s][info][gc,heap        ] GC(130) DefNew: 69952K(78656K)->0K(78656K) Eden: 69952K(69952K)->0K(69952K) From: 0K(8704K)->0K(8704K)
[2026-07-01T01:42:13.251+0000][39.998s][info][gc,heap        ] GC(130) Tenured: 161210K(174784K)->162204K(174784K)
[2026-07-01T01:42:13.251+0000][39.998s][info][gc,metaspace   ] GC(130) Metaspace: 41296K(42496K)->41296K(42496K) NonClass: 36272K(36992K)->36272K(36992K) Class: 5023K(5504K)->5023K(5504K)
[2026-07-01T01:42:13.251+0000][39.998s][info][gc             ] GC(130) Pause Full (Allocation Failure) 225M->158M(247M) 190.493ms
[2026-07-01T01:42:13.251+0000][39.998s][info][gc,cpu         ] GC(130) User=0.23s Sys=0.00s Real=0.19s
[2026-07-01T01:42:13.723+0000][40.470s][info][gc,start       ] GC(131) Pause Young (Allocation Failure)
[2026-07-01T01:42:13.723+0000][40.470s][info][gc             ] GC(131) Pause Young (Allocation Failure) 226M->226M(247M) 0.098ms
[2026-07-01T01:42:13.723+0000][40.470s][info][gc,cpu         ] GC(131) User=0.00s Sys=0.00s Real=0.00s
[2026-07-01T01:42:13.723+0000][40.470s][info][gc,start       ] GC(132) Pause Full (Allocation Failure)
[2026-07-01T01:42:13.723+0000][40.470s][info][gc,phases,start] GC(132) Phase 1: Mark live objects
[2026-07-01T01:42:13.823+0000][40.570s][info][gc,phases      ] GC(132) Phase 1: Mark live objects 100.112ms
[2026-07-01T01:42:13.823+0000][40.570s][info][gc,phases,start] GC(132) Phase 2: Compute new object addresses
[2026-07-01T01:42:13.870+0000][40.616s][info][gc,phases      ] GC(132) Phase 2: Compute new object addresses 46.630ms
[2026-07-01T01:42:13.870+0000][40.616s][info][gc,phases,start] GC(132) Phase 3: Adjust pointers
[2026-07-01T01:42:13.920+0000][40.667s][info][gc,phases      ] GC(132) Phase 3: Adjust pointers 50.817ms
[2026-07-01T01:42:13.920+0000][40.667s][info][gc,phases,start] GC(132) Phase 4: Move objects
[2026-07-01T01:42:13.949+0000][40.696s][info][gc,phases      ] GC(132) Phase 4: Move objects 29.047ms
[2026-07-01T01:42:13.950+0000][40.697s][info][gc,heap        ] GC(132) DefNew: 69952K(78656K)->0K(78656K) Eden: 69952K(69952K)->0K(69952K) From: 0K(8704K)->0K(8704K)
[2026-07-01T01:42:13.950+0000][40.697s][info][gc,heap        ] GC(132) Tenured: 162204K(174784K)->160081K(174784K)
[2026-07-01T01:42:13.950+0000][40.697s][info][gc,metaspace   ] GC(132) Metaspace: 41296K(42496K)->41296K(42496K) NonClass: 36272K(36992K)->36272K(36992K) Class: 5023K(5504K)->5023K(5504K)
[2026-07-01T01:42:13.950+0000][40.697s][info][gc             ] GC(132) Pause Full (Allocation Failure) 226M->156M(247M) 227.035ms
[2026-07-01T01:42:13.950+0000][40.697s][info][gc,cpu         ] GC(132) User=0.26s Sys=0.00s Real=0.23s
[2026-07-01T01:42:14.558+0000][41.305s][info][gc,start       ] GC(133) Pause Young (Allocation Failure)
[2026-07-01T01:42:14.558+0000][41.305s][info][gc             ] GC(133) Pause Young (Allocation Failure) 224M->224M(247M) 0.095ms
[2026-07-01T01:42:14.558+0000][41.305s][info][gc,cpu         ] GC(133) User=0.00s Sys=0.00s Real=0.00s
[2026-07-01T01:42:14.558+0000][41.305s][info][gc,start       ] GC(134) Pause Full (Allocation Failure)
[2026-07-01T01:42:14.558+0000][41.305s][info][gc,phases,start] GC(134) Phase 1: Mark live objects
[2026-07-01T01:42:14.683+0000][41.430s][info][gc,phases      ] GC(134) Phase 1: Mark live objects 125.491ms
[2026-07-01T01:42:14.683+0000][41.430s][info][gc,phases,start] GC(134) Phase 2: Compute new object addresses
[2026-07-01T01:42:14.730+0000][41.477s][info][gc,phases      ] GC(134) Phase 2: Compute new object addresses 47.053ms
[2026-07-01T01:42:14.730+0000][41.477s][info][gc,phases,start] GC(134) Phase 3: Adjust pointers
[2026-07-01T01:42:14.778+0000][41.525s][info][gc,phases      ] GC(134) Phase 3: Adjust pointers 47.674ms
[2026-07-01T01:42:14.778+0000][41.525s][info][gc,phases,start] GC(134) Phase 4: Move objects
[2026-07-01T01:42:14.779+0000][41.526s][info][gc,phases      ] GC(134) Phase 4: Move objects 0.547ms
[2026-07-01T01:42:14.779+0000][41.526s][info][gc,heap        ] GC(134) DefNew: 69952K(78656K)->0K(78656K) Eden: 69952K(69952K)->0K(69952K) From: 0K(8704K)->0K(8704K)
[2026-07-01T01:42:14.779+0000][41.526s][info][gc,heap        ] GC(134) Tenured: 160081K(174784K)->161998K(174784K)
[2026-07-01T01:42:14.779+0000][41.526s][info][gc,metaspace   ] GC(134) Metaspace: 41296K(42496K)->41296K(42496K) NonClass: 36272K(36992K)->36272K(36992K) Class: 5023K(5504K)->5023K(5504K)
[2026-07-01T01:42:14.779+0000][41.526s][info][gc             ] GC(134) Pause Full (Allocation Failure) 224M->158M(247M) 221.135ms
[2026-07-01T01:42:14.779+0000][41.526s][info][gc,cpu         ] GC(134) User=0.22s Sys=0.00s Real=0.23s
[2026-07-01T01:42:15.185+0000][41.931s][info][gc,start       ] GC(135) Pause Young (Allocation Failure)
[2026-07-01T01:42:15.185+0000][41.932s][info][gc             ] GC(135) Pause Young (Allocation Failure) 226M->226M(247M) 0.095ms
[2026-07-01T01:42:15.185+0000][41.932s][info][gc,cpu         ] GC(135) User=0.00s Sys=0.00s Real=0.00s
[2026-07-01T01:42:15.185+0000][41.932s][info][gc,start       ] GC(136) Pause Full (Allocation Failure)
[2026-07-01T01:42:15.185+0000][41.932s][info][gc,phases,start] GC(136) Phase 1: Mark live objects
[2026-07-01T01:42:15.274+0000][42.021s][info][gc,phases      ] GC(136) Phase 1: Mark live objects 89.150ms
[2026-07-01T01:42:15.274+0000][42.021s][info][gc,phases,start] GC(136) Phase 2: Compute new object addresses
[2026-07-01T01:42:15.321+0000][42.068s][info][gc,phases      ] GC(136) Phase 2: Compute new object addresses 47.114ms
[2026-07-01T01:42:15.321+0000][42.068s][info][gc,phases,start] GC(136) Phase 3: Adjust pointers
[2026-07-01T01:42:15.369+0000][42.116s][info][gc,phases      ] GC(136) Phase 3: Adjust pointers 48.105ms
[2026-07-01T01:42:15.369+0000][42.116s][info][gc,phases,start] GC(136) Phase 4: Move objects
[2026-07-01T01:42:15.370+0000][42.117s][info][gc,phases      ] GC(136) Phase 4: Move objects 0.739ms
[2026-07-01T01:42:15.370+0000][42.117s][info][gc,heap        ] GC(136) DefNew: 69952K(78656K)->0K(78656K) Eden: 69952K(69952K)->0K(69952K) From: 0K(8704K)->0K(8704K)
[2026-07-01T01:42:15.370+0000][42.117s][info][gc,heap        ] GC(136) Tenured: 161998K(174784K)->162569K(174784K)
[2026-07-01T01:42:15.370+0000][42.117s][info][gc,metaspace   ] GC(136) Metaspace: 41298K(42496K)->41298K(42496K) NonClass: 36274K(36992K)->36274K(36992K) Class: 5023K(5504K)->5023K(5504K)
[2026-07-01T01:42:15.370+0000][42.117s][info][gc             ] GC(136) Pause Full (Allocation Failure) 226M->158M(247M) 185.512ms
[2026-07-01T01:42:15.370+0000][42.117s][info][gc,cpu         ] GC(136) User=0.18s Sys=0.00s Real=0.19s
[2026-07-01T01:42:15.803+0000][42.550s][info][gc,start       ] GC(137) Pause Young (Allocation Failure)
[2026-07-01T01:42:15.803+0000][42.550s][info][gc             ] GC(137) Pause Young (Allocation Failure) 227M->227M(247M) 0.111ms
[2026-07-01T01:42:15.803+0000][42.550s][info][gc,cpu         ] GC(137) User=0.00s Sys=0.00s Real=0.00s
[2026-07-01T01:42:15.803+0000][42.550s][info][gc,start       ] GC(138) Pause Full (Allocation Failure)
[2026-07-01T01:42:15.803+0000][42.550s][info][gc,phases,start] GC(138) Phase 1: Mark live objects
[2026-07-01T01:42:15.895+0000][42.642s][info][gc,phases      ] GC(138) Phase 1: Mark live objects 91.536ms
[2026-07-01T01:42:15.895+0000][42.642s][info][gc,phases,start] GC(138) Phase 2: Compute new object addresses
[2026-07-01T01:42:15.942+0000][42.689s][info][gc,phases      ] GC(138) Phase 2: Compute new object addresses 47.350ms
[2026-07-01T01:42:15.942+0000][42.689s][info][gc,phases,start] GC(138) Phase 3: Adjust pointers
[2026-07-01T01:42:15.990+0000][42.737s][info][gc,phases      ] GC(138) Phase 3: Adjust pointers 47.797ms
[2026-07-01T01:42:15.990+0000][42.737s][info][gc,phases,start] GC(138) Phase 4: Move objects
[2026-07-01T01:42:15.990+0000][42.737s][info][gc,phases      ] GC(138) Phase 4: Move objects 0.319ms
[2026-07-01T01:42:15.990+0000][42.737s][info][gc,heap        ] GC(138) DefNew: 69952K(78656K)->0K(78656K) Eden: 69952K(69952K)->0K(69952K) From: 0K(8704K)->0K(8704K)
[2026-07-01T01:42:15.990+0000][42.737s][info][gc,heap        ] GC(138) Tenured: 162569K(174784K)->162997K(174784K)
[2026-07-01T01:42:15.990+0000][42.737s][info][gc,metaspace   ] GC(138) Metaspace: 41298K(42496K)->41298K(42496K) NonClass: 36275K(36992K)->36275K(36992K) Class: 5023K(5504K)->5023K(5504K)
[2026-07-01T01:42:15.990+0000][42.737s][info][gc             ] GC(138) Pause Full (Allocation Failure) 227M->159M(247M) 187.368ms
[2026-07-01T01:42:15.990+0000][42.737s][info][gc,cpu         ] GC(138) User=0.19s Sys=0.00s Real=0.19s
[2026-07-01T01:42:16.665+0000][43.412s][info][gc,start       ] GC(139) Pause Young (Allocation Failure)
[2026-07-01T01:42:16.665+0000][43.412s][info][gc             ] GC(139) Pause Young (Allocation Failure) 227M->227M(247M) 0.134ms
[2026-07-01T01:42:16.665+0000][43.412s][info][gc,cpu         ] GC(139) User=0.00s Sys=0.00s Real=0.00s
[2026-07-01T01:42:16.665+0000][43.412s][info][gc,start       ] GC(140) Pause Full (Allocation Failure)
[2026-07-01T01:42:16.665+0000][43.412s][info][gc,phases,start] GC(140) Phase 1: Mark live objects
[2026-07-01T01:42:16.793+0000][43.540s][info][gc,phases      ] GC(140) Phase 1: Mark live objects 127.685ms
[2026-07-01T01:42:16.793+0000][43.540s][info][gc,phases,start] GC(140) Phase 2: Compute new object addresses
[2026-07-01T01:42:16.840+0000][43.587s][info][gc,phases      ] GC(140) Phase 2: Compute new object addresses 46.904ms
[2026-07-01T01:42:16.840+0000][43.587s][info][gc,phases,start] GC(140) Phase 3: Adjust pointers
[2026-07-01T01:42:16.891+0000][43.638s][info][gc,phases      ] GC(140) Phase 3: Adjust pointers 51.144ms
[2026-07-01T01:42:16.891+0000][43.638s][info][gc,phases,start] GC(140) Phase 4: Move objects
[2026-07-01T01:42:16.920+0000][43.667s][info][gc,phases      ] GC(140) Phase 4: Move objects 29.108ms
[2026-07-01T01:42:16.920+0000][43.667s][info][gc,heap        ] GC(140) DefNew: 69952K(78656K)->0K(78656K) Eden: 69952K(69952K)->0K(69952K) From: 0K(8704K)->0K(8704K)
[2026-07-01T01:42:16.920+0000][43.667s][info][gc,heap        ] GC(140) Tenured: 162997K(174784K)->160630K(174784K)
[2026-07-01T01:42:16.920+0000][43.667s][info][gc,metaspace   ] GC(140) Metaspace: 41300K(42496K)->41300K(42496K) NonClass: 36277K(36992K)->36277K(36992K) Class: 5023K(5504K)->5023K(5504K)
[2026-07-01T01:42:16.920+0000][43.667s][info][gc             ] GC(140) Pause Full (Allocation Failure) 227M->156M(247M) 255.342ms
[2026-07-01T01:42:16.920+0000][43.667s][info][gc,cpu         ] GC(140) User=0.28s Sys=0.00s Real=0.26s
[2026-07-01T01:42:17.383+0000][44.130s][info][gc,start       ] GC(141) Pause Young (Allocation Failure)
[2026-07-01T01:42:17.383+0000][44.130s][info][gc             ] GC(141) Pause Young (Allocation Failure) 225M->225M(247M) 0.111ms
[2026-07-01T01:42:17.383+0000][44.130s][info][gc,cpu         ] GC(141) User=0.00s Sys=0.00s Real=0.00s
[2026-07-01T01:42:17.383+0000][44.130s][info][gc,start       ] GC(142) Pause Full (Allocation Failure)
[2026-07-01T01:42:17.383+0000][44.130s][info][gc,phases,start] GC(142) Phase 1: Mark live objects
[2026-07-01T01:42:17.473+0000][44.220s][info][gc,phases      ] GC(142) Phase 1: Mark live objects 90.389ms
[2026-07-01T01:42:17.473+0000][44.220s][info][gc,phases,start] GC(142) Phase 2: Compute new object addresses
[2026-07-01T01:42:17.521+0000][44.267s][info][gc,phases      ] GC(142) Phase 2: Compute new object addresses 47.265ms
[2026-07-01T01:42:17.521+0000][44.267s][info][gc,phases,start] GC(142) Phase 3: Adjust pointers
[2026-07-01T01:42:17.568+0000][44.315s][info][gc,phases      ] GC(142) Phase 3: Adjust pointers 47.469ms
[2026-07-01T01:42:17.568+0000][44.315s][info][gc,phases,start] GC(142) Phase 4: Move objects
[2026-07-01T01:42:17.568+0000][44.315s][info][gc,phases      ] GC(142) Phase 4: Move objects 0.301ms
[2026-07-01T01:42:17.569+0000][44.315s][info][gc,heap        ] GC(142) DefNew: 69952K(78656K)->0K(78656K) Eden: 69952K(69952K)->0K(69952K) From: 0K(8704K)->0K(8704K)
[2026-07-01T01:42:17.569+0000][44.315s][info][gc,heap        ] GC(142) Tenured: 160630K(174784K)->161039K(174784K)
[2026-07-01T01:42:17.569+0000][44.315s][info][gc,metaspace   ] GC(142) Metaspace: 41300K(42496K)->41300K(42496K) NonClass: 36277K(36992K)->36277K(36992K) Class: 5023K(5504K)->5023K(5504K)
[2026-07-01T01:42:17.569+0000][44.316s][info][gc             ] GC(142) Pause Full (Allocation Failure) 225M->157M(247M) 185.789ms
[2026-07-01T01:42:17.569+0000][44.316s][info][gc,cpu         ] GC(142) User=0.18s Sys=0.01s Real=0.19s
[2026-07-01T01:42:18.028+0000][44.775s][info][gc,start       ] GC(143) Pause Young (Allocation Failure)
[2026-07-01T01:42:18.028+0000][44.775s][info][gc             ] GC(143) Pause Young (Allocation Failure) 225M->225M(247M) 0.097ms
[2026-07-01T01:42:18.028+0000][44.775s][info][gc,cpu         ] GC(143) User=0.00s Sys=0.00s Real=0.00s
[2026-07-01T01:42:18.028+0000][44.775s][info][gc,start       ] GC(144) Pause Full (Allocation Failure)
[2026-07-01T01:42:18.028+0000][44.775s][info][gc,phases,start] GC(144) Phase 1: Mark live objects
[2026-07-01T01:42:18.126+0000][44.873s][info][gc,phases      ] GC(144) Phase 1: Mark live objects 98.107ms
[2026-07-01T01:42:18.126+0000][44.873s][info][gc,phases,start] GC(144) Phase 2: Compute new object addresses
[2026-07-01T01:42:18.174+0000][44.921s][info][gc,phases      ] GC(144) Phase 2: Compute new object addresses 47.513ms
[2026-07-01T01:42:18.174+0000][44.921s][info][gc,phases,start] GC(144) Phase 3: Adjust pointers
[2026-07-01T01:42:18.222+0000][44.969s][info][gc,phases      ] GC(144) Phase 3: Adjust pointers 48.068ms
[2026-07-01T01:42:18.222+0000][44.969s][info][gc,phases,start] GC(144) Phase 4: Move objects
[2026-07-01T01:42:18.222+0000][44.969s][info][gc,phases      ] GC(144) Phase 4: Move objects 0.356ms
[2026-07-01T01:42:18.222+0000][44.969s][info][gc,heap        ] GC(144) DefNew: 69951K(78656K)->0K(78656K) Eden: 69951K(69952K)->0K(69952K) From: 0K(8704K)->0K(8704K)
[2026-07-01T01:42:18.222+0000][44.969s][info][gc,heap        ] GC(144) Tenured: 161039K(174784K)->161757K(174784K)
[2026-07-01T01:42:18.222+0000][44.969s][info][gc,metaspace   ] GC(144) Metaspace: 41301K(42496K)->41301K(42496K) NonClass: 36277K(36992K)->36277K(36992K) Class: 5023K(5504K)->5023K(5504K)
[2026-07-01T01:42:18.222+0000][44.969s][info][gc             ] GC(144) Pause Full (Allocation Failure) 225M->157M(247M) 194.429ms
[2026-07-01T01:42:18.222+0000][44.969s][info][gc,cpu         ] GC(144) User=0.19s Sys=0.00s Real=0.20s
[2026-07-01T01:42:18.739+0000][45.486s][info][gc,start       ] GC(145) Pause Young (Allocation Failure)
[2026-07-01T01:42:18.739+0000][45.486s][info][gc             ] GC(145) Pause Young (Allocation Failure) 226M->226M(247M) 0.125ms
[2026-07-01T01:42:18.739+0000][45.486s][info][gc,cpu         ] GC(145) User=0.00s Sys=0.00s Real=0.00s
[2026-07-01T01:42:18.739+0000][45.486s][info][gc,start       ] GC(146) Pause Full (Allocation Failure)
[2026-07-01T01:42:18.739+0000][45.486s][info][gc,phases,start] GC(146) Phase 1: Mark live objects
[2026-07-01T01:42:18.898+0000][45.645s][info][gc,phases      ] GC(146) Phase 1: Mark live objects 159.620ms
[2026-07-01T01:42:18.898+0000][45.645s][info][gc,phases,start] GC(146) Phase 2: Compute new object addresses
[2026-07-01T01:42:18.966+0000][45.713s][info][gc,phases      ] GC(146) Phase 2: Compute new object addresses 67.428ms
[2026-07-01T01:42:18.966+0000][45.713s][info][gc,phases,start] GC(146) Phase 3: Adjust pointers
[2026-07-01T01:42:19.028+0000][45.775s][info][gc,phases      ] GC(146) Phase 3: Adjust pointers 62.547ms
[2026-07-01T01:42:19.029+0000][45.775s][info][gc,phases,start] GC(146) Phase 4: Move objects
[2026-07-01T01:42:19.029+0000][45.776s][info][gc,phases      ] GC(146) Phase 4: Move objects 0.572ms
[2026-07-01T01:42:19.029+0000][45.776s][info][gc,heap        ] GC(146) DefNew: 69952K(78656K)->0K(78656K) Eden: 69952K(69952K)->0K(69952K) From: 0K(8704K)->0K(8704K)
[2026-07-01T01:42:19.029+0000][45.776s][info][gc,heap        ] GC(146) Tenured: 161757K(174784K)->163502K(174784K)
[2026-07-01T01:42:19.029+0000][45.776s][info][gc,metaspace   ] GC(146) Metaspace: 41301K(42496K)->41301K(42496K) NonClass: 36277K(36992K)->36277K(36992K) Class: 5023K(5504K)->5023K(5504K)
[2026-07-01T01:42:19.029+0000][45.776s][info][gc             ] GC(146) Pause Full (Allocation Failure) 226M->159M(247M) 290.574ms
[2026-07-01T01:42:19.029+0000][45.776s][info][gc,cpu         ] GC(146) User=0.34s Sys=0.00s Real=0.29s
[2026-07-01T01:42:19.461+0000][46.208s][info][gc,start       ] GC(147) Pause Young (Allocation Failure)
[2026-07-01T01:42:19.461+0000][46.208s][info][gc             ] GC(147) Pause Young (Allocation Failure) 227M->227M(247M) 0.119ms
[2026-07-01T01:42:19.461+0000][46.208s][info][gc,cpu         ] GC(147) User=0.00s Sys=0.00s Real=0.00s
[2026-07-01T01:42:19.461+0000][46.208s][info][gc,start       ] GC(148) Pause Full (Allocation Failure)
[2026-07-01T01:42:19.461+0000][46.208s][info][gc,phases,start] GC(148) Phase 1: Mark live objects
[2026-07-01T01:42:19.556+0000][46.303s][info][gc,phases      ] GC(148) Phase 1: Mark live objects 95.253ms
[2026-07-01T01:42:19.556+0000][46.303s][info][gc,phases,start] GC(148) Phase 2: Compute new object addresses
[2026-07-01T01:42:19.603+0000][46.350s][info][gc,phases      ] GC(148) Phase 2: Compute new object addresses 47.089ms
[2026-07-01T01:42:19.603+0000][46.350s][info][gc,phases,start] GC(148) Phase 3: Adjust pointers
[2026-07-01T01:42:19.656+0000][46.403s][info][gc,phases      ] GC(148) Phase 3: Adjust pointers 52.530ms
[2026-07-01T01:42:19.656+0000][46.403s][info][gc,phases,start] GC(148) Phase 4: Move objects
[2026-07-01T01:42:19.685+0000][46.432s][info][gc,phases      ] GC(148) Phase 4: Move objects 29.392ms
[2026-07-01T01:42:19.686+0000][46.433s][info][gc,heap        ] GC(148) DefNew: 69952K(78656K)->0K(78656K) Eden: 69952K(69952K)->0K(69952K) From: 0K(8704K)->0K(8704K)
[2026-07-01T01:42:19.686+0000][46.433s][info][gc,heap        ] GC(148) Tenured: 163502K(174784K)->161512K(174784K)
[2026-07-01T01:42:19.686+0000][46.433s][info][gc,metaspace   ] GC(148) Metaspace: 41301K(42496K)->41301K(42496K) NonClass: 36277K(36992K)->36277K(36992K) Class: 5023K(5504K)->5023K(5504K)
[2026-07-01T01:42:19.686+0000][46.433s][info][gc             ] GC(148) Pause Full (Allocation Failure) 227M->157M(247M) 224.690ms
[2026-07-01T01:42:19.686+0000][46.433s][info][gc,cpu         ] GC(148) User=0.23s Sys=0.00s Real=0.22s
[2026-07-01T01:42:20.130+0000][46.877s][info][gc,start       ] GC(149) Pause Young (Allocation Failure)
[2026-07-01T01:42:20.130+0000][46.877s][info][gc             ] GC(149) Pause Young (Allocation Failure) 226M->226M(247M) 0.133ms
[2026-07-01T01:42:20.130+0000][46.877s][info][gc,cpu         ] GC(149) User=0.00s Sys=0.00s Real=0.00s
[2026-07-01T01:42:20.130+0000][46.877s][info][gc,start       ] GC(150) Pause Full (Allocation Failure)
[2026-07-01T01:42:20.130+0000][46.877s][info][gc,phases,start] GC(150) Phase 1: Mark live objects
[2026-07-01T01:42:20.226+0000][46.973s][info][gc,phases      ] GC(150) Phase 1: Mark live objects 95.752ms
[2026-07-01T01:42:20.226+0000][46.973s][info][gc,phases,start] GC(150) Phase 2: Compute new object addresses
[2026-07-01T01:42:20.274+0000][47.020s][info][gc,phases      ] GC(150) Phase 2: Compute new object addresses 47.518ms
[2026-07-01T01:42:20.274+0000][47.020s][info][gc,phases,start] GC(150) Phase 3: Adjust pointers
[2026-07-01T01:42:20.322+0000][47.069s][info][gc,phases      ] GC(150) Phase 3: Adjust pointers 48.708ms
[2026-07-01T01:42:20.322+0000][47.069s][info][gc,phases,start] GC(150) Phase 4: Move objects
[2026-07-01T01:42:20.323+0000][47.070s][info][gc,phases      ] GC(150) Phase 4: Move objects 0.503ms
[2026-07-01T01:42:20.323+0000][47.070s][info][gc,heap        ] GC(150) DefNew: 69952K(78656K)->0K(78656K) Eden: 69952K(69952K)->0K(69952K) From: 0K(8704K)->0K(8704K)
[2026-07-01T01:42:20.323+0000][47.070s][info][gc,heap        ] GC(150) Tenured: 161512K(174784K)->162915K(174784K)
[2026-07-01T01:42:20.323+0000][47.070s][info][gc,metaspace   ] GC(150) Metaspace: 41301K(42496K)->41301K(42496K) NonClass: 36278K(36992K)->36278K(36992K) Class: 5023K(5504K)->5023K(5504K)
[2026-07-01T01:42:20.323+0000][47.070s][info][gc             ] GC(150) Pause Full (Allocation Failure) 226M->159M(247M) 192.870ms
[2026-07-01T01:42:20.323+0000][47.070s][info][gc,cpu         ] GC(150) User=0.24s Sys=0.00s Real=0.19s
[2026-07-01T01:42:20.896+0000][47.643s][info][gc,start       ] GC(151) Pause Young (Allocation Failure)
[2026-07-01T01:42:20.896+0000][47.643s][info][gc             ] GC(151) Pause Young (Allocation Failure) 227M->227M(247M) 0.172ms
[2026-07-01T01:42:20.896+0000][47.643s][info][gc,cpu         ] GC(151) User=0.00s Sys=0.00s Real=0.00s
[2026-07-01T01:42:20.896+0000][47.643s][info][gc,start       ] GC(152) Pause Full (Allocation Failure)
[2026-07-01T01:42:20.896+0000][47.643s][info][gc,phases,start] GC(152) Phase 1: Mark live objects
[2026-07-01T01:42:21.053+0000][47.800s][info][gc,phases      ] GC(152) Phase 1: Mark live objects 156.869ms
[2026-07-01T01:42:21.053+0000][47.800s][info][gc,phases,start] GC(152) Phase 2: Compute new object addresses
[2026-07-01T01:42:21.121+0000][47.868s][info][gc,phases      ] GC(152) Phase 2: Compute new object addresses 67.755ms
[2026-07-01T01:42:21.121+0000][47.868s][info][gc,phases,start] GC(152) Phase 3: Adjust pointers
[2026-07-01T01:42:21.183+0000][47.930s][info][gc,phases      ] GC(152) Phase 3: Adjust pointers 62.118ms
[2026-07-01T01:42:21.183+0000][47.930s][info][gc,phases,start] GC(152) Phase 4: Move objects
[2026-07-01T01:42:21.184+0000][47.931s][info][gc,phases      ] GC(152) Phase 4: Move objects 0.414ms
[2026-07-01T01:42:21.184+0000][47.931s][info][gc,heap        ] GC(152) DefNew: 69952K(78656K)->0K(78656K) Eden: 69952K(69952K)->0K(69952K) From: 0K(8704K)->0K(8704K)
[2026-07-01T01:42:21.184+0000][47.931s][info][gc,heap        ] GC(152) Tenured: 162915K(174784K)->163962K(174784K)
[2026-07-01T01:42:21.184+0000][47.931s][info][gc,metaspace   ] GC(152) Metaspace: 41304K(42496K)->41304K(42496K) NonClass: 36280K(36992K)->36280K(36992K) Class: 5024K(5504K)->5024K(5504K)
[2026-07-01T01:42:21.184+0000][47.931s][info][gc             ] GC(152) Pause Full (Allocation Failure) 227M->160M(247M) 287.571ms
[2026-07-01T01:42:21.184+0000][47.931s][info][gc,cpu         ] GC(152) User=0.28s Sys=0.00s Real=0.29s
[2026-07-01T01:42:21.621+0000][48.368s][info][gc,start       ] GC(153) Pause Young (Allocation Failure)
[2026-07-01T01:42:21.621+0000][48.368s][info][gc             ] GC(153) Pause Young (Allocation Failure) 228M->228M(247M) 0.093ms
[2026-07-01T01:42:21.621+0000][48.368s][info][gc,cpu         ] GC(153) User=0.00s Sys=0.00s Real=0.00s
[2026-07-01T01:42:21.621+0000][48.368s][info][gc,start       ] GC(154) Pause Full (Allocation Failure)
[2026-07-01T01:42:21.622+0000][48.368s][info][gc,phases,start] GC(154) Phase 1: Mark live objects
[2026-07-01T01:42:21.716+0000][48.463s][info][gc,phases      ] GC(154) Phase 1: Mark live objects 94.080ms
[2026-07-01T01:42:21.716+0000][48.463s][info][gc,phases,start] GC(154) Phase 2: Compute new object addresses
[2026-07-01T01:42:21.763+0000][48.510s][info][gc,phases      ] GC(154) Phase 2: Compute new object addresses 47.741ms
[2026-07-01T01:42:21.763+0000][48.510s][info][gc,phases,start] GC(154) Phase 3: Adjust pointers
[2026-07-01T01:42:21.813+0000][48.560s][info][gc,phases      ] GC(154) Phase 3: Adjust pointers 49.481ms
[2026-07-01T01:42:21.813+0000][48.560s][info][gc,phases,start] GC(154) Phase 4: Move objects
[2026-07-01T01:42:21.813+0000][48.560s][info][gc,phases      ] GC(154) Phase 4: Move objects 0.268ms
[2026-07-01T01:42:21.813+0000][48.560s][info][gc,heap        ] GC(154) DefNew: 69952K(78656K)->0K(78656K) Eden: 69952K(69952K)->0K(69952K) From: 0K(8704K)->0K(8704K)
[2026-07-01T01:42:21.813+0000][48.560s][info][gc,heap        ] GC(154) Tenured: 163962K(174784K)->164307K(174784K)
[2026-07-01T01:42:21.813+0000][48.560s][info][gc,metaspace   ] GC(154) Metaspace: 41305K(42496K)->41305K(42496K) NonClass: 36280K(36992K)->36280K(36992K) Class: 5024K(5504K)->5024K(5504K)
[2026-07-01T01:42:21.813+0000][48.560s][info][gc             ] GC(154) Pause Full (Allocation Failure) 228M->160M(247M) 191.951ms
[2026-07-01T01:42:21.813+0000][48.560s][info][gc,cpu         ] GC(154) User=0.20s Sys=0.00s Real=0.19s
[2026-07-01T01:42:22.222+0000][48.969s][info][gc,start       ] GC(155) Pause Young (Allocation Failure)
[2026-07-01T01:42:22.222+0000][48.969s][info][gc             ] GC(155) Pause Young (Allocation Failure) 228M->228M(247M) 0.105ms
[2026-07-01T01:42:22.222+0000][48.969s][info][gc,cpu         ] GC(155) User=0.00s Sys=0.00s Real=0.00s
[2026-07-01T01:42:22.222+0000][48.969s][info][gc,start       ] GC(156) Pause Full (Allocation Failure)
[2026-07-01T01:42:22.222+0000][48.969s][info][gc,phases,start] GC(156) Phase 1: Mark live objects
[2026-07-01T01:42:22.319+0000][49.066s][info][gc,phases      ] GC(156) Phase 1: Mark live objects 96.112ms
[2026-07-01T01:42:22.319+0000][49.066s][info][gc,phases,start] GC(156) Phase 2: Compute new object addresses
[2026-07-01T01:42:22.366+0000][49.113s][info][gc,phases      ] GC(156) Phase 2: Compute new object addresses 47.207ms
[2026-07-01T01:42:22.366+0000][49.113s][info][gc,phases,start] GC(156) Phase 3: Adjust pointers
[2026-07-01T01:42:22.420+0000][49.166s][info][gc,phases      ] GC(156) Phase 3: Adjust pointers 53.622ms
[2026-07-01T01:42:22.420+0000][49.166s][info][gc,phases,start] GC(156) Phase 4: Move objects
[2026-07-01T01:42:22.450+0000][49.196s][info][gc,phases      ] GC(156) Phase 4: Move objects 29.990ms
[2026-07-01T01:42:22.450+0000][49.197s][info][gc,heap        ] GC(156) DefNew: 69952K(78656K)->0K(78656K) Eden: 69952K(69952K)->0K(69952K) From: 0K(8704K)->0K(8704K)
[2026-07-01T01:42:22.450+0000][49.197s][info][gc,heap        ] GC(156) Tenured: 164307K(174784K)->162209K(174784K)
[2026-07-01T01:42:22.450+0000][49.197s][info][gc,metaspace   ] GC(156) Metaspace: 41305K(42496K)->41305K(42496K) NonClass: 36280K(36992K)->36280K(36992K) Class: 5024K(5504K)->5024K(5504K)
[2026-07-01T01:42:22.450+0000][49.197s][info][gc             ] GC(156) Pause Full (Allocation Failure) 228M->158M(247M) 227.353ms
[2026-07-01T01:42:22.450+0000][49.197s][info][gc,cpu         ] GC(156) User=0.23s Sys=0.00s Real=0.23s
[2026-07-01T01:42:22.882+0000][49.629s][info][gc,start       ] GC(157) Pause Young (Allocation Failure)
[2026-07-01T01:42:22.882+0000][49.629s][info][gc             ] GC(157) Pause Young (Allocation Failure) 226M->226M(247M) 0.112ms
[2026-07-01T01:42:22.882+0000][49.629s][info][gc,cpu         ] GC(157) User=0.00s Sys=0.00s Real=0.00s
[2026-07-01T01:42:22.882+0000][49.629s][info][gc,start       ] GC(158) Pause Full (Allocation Failure)
[2026-07-01T01:42:22.882+0000][49.629s][info][gc,phases,start] GC(158) Phase 1: Mark live objects
[2026-07-01T01:42:22.980+0000][49.727s][info][gc,phases      ] GC(158) Phase 1: Mark live objects 97.797ms
[2026-07-01T01:42:22.980+0000][49.727s][info][gc,phases,start] GC(158) Phase 2: Compute new object addresses
[2026-07-01T01:42:23.028+0000][49.775s][info][gc,phases      ] GC(158) Phase 2: Compute new object addresses 47.804ms
[2026-07-01T01:42:23.028+0000][49.775s][info][gc,phases,start] GC(158) Phase 3: Adjust pointers
[2026-07-01T01:42:23.077+0000][49.824s][info][gc,phases      ] GC(158) Phase 3: Adjust pointers 49.727ms
[2026-07-01T01:42:23.078+0000][49.824s][info][gc,phases,start] GC(158) Phase 4: Move objects
[2026-07-01T01:42:23.078+0000][49.825s][info][gc,phases      ] GC(158) Phase 4: Move objects 0.378ms
[2026-07-01T01:42:23.078+0000][49.825s][info][gc,heap        ] GC(158) DefNew: 69952K(78656K)->0K(78656K) Eden: 69952K(69952K)->0K(69952K) From: 0K(8704K)->0K(8704K)
[2026-07-01T01:42:23.078+0000][49.825s][info][gc,heap        ] GC(158) Tenured: 162209K(174784K)->162916K(174784K)
[2026-07-01T01:42:23.078+0000][49.825s][info][gc,metaspace   ] GC(158) Metaspace: 41308K(42496K)->41308K(42496K) NonClass: 36284K(36992K)->36284K(36992K) Class: 5024K(5504K)->5024K(5504K)
[2026-07-01T01:42:23.078+0000][49.825s][info][gc             ] GC(158) Pause Full (Allocation Failure) 226M->159M(247M) 196.120ms
[2026-07-01T01:42:23.078+0000][49.825s][info][gc,cpu         ] GC(158) User=0.20s Sys=0.00s Real=0.20s
[2026-07-01T01:42:23.577+0000][50.323s][info][gc,start       ] GC(159) Pause Young (Allocation Failure)
[2026-07-01T01:42:23.577+0000][50.324s][info][gc             ] GC(159) Pause Young (Allocation Failure) 227M->227M(247M) 0.119ms
[2026-07-01T01:42:23.577+0000][50.324s][info][gc,cpu         ] GC(159) User=0.00s Sys=0.00s Real=0.00s
[2026-07-01T01:42:23.577+0000][50.324s][info][gc,start       ] GC(160) Pause Full (Allocation Failure)
[2026-07-01T01:42:23.577+0000][50.324s][info][gc,phases,start] GC(160) Phase 1: Mark live objects
[2026-07-01T01:42:23.738+0000][50.485s][info][gc,phases      ] GC(160) Phase 1: Mark live objects 161.728ms
[2026-07-01T01:42:23.738+0000][50.485s][info][gc,phases,start] GC(160) Phase 2: Compute new object addresses
[2026-07-01T01:42:23.806+0000][50.553s][info][gc,phases      ] GC(160) Phase 2: Compute new object addresses 67.672ms
[2026-07-01T01:42:23.806+0000][50.553s][info][gc,phases,start] GC(160) Phase 3: Adjust pointers
[2026-07-01T01:42:23.879+0000][50.626s][info][gc,phases      ] GC(160) Phase 3: Adjust pointers 73.279ms
[2026-07-01T01:42:23.880+0000][50.626s][info][gc,phases,start] GC(160) Phase 4: Move objects
[2026-07-01T01:42:23.880+0000][50.627s][info][gc,phases      ] GC(160) Phase 4: Move objects 0.438ms
[2026-07-01T01:42:23.880+0000][50.627s][info][gc,heap        ] GC(160) DefNew: 69952K(78656K)->0K(78656K) Eden: 69952K(69952K)->0K(69952K) From: 0K(8704K)->0K(8704K)
[2026-07-01T01:42:23.880+0000][50.627s][info][gc,heap        ] GC(160) Tenured: 162916K(174784K)->163601K(174784K)
[2026-07-01T01:42:23.880+0000][50.627s][info][gc,metaspace   ] GC(160) Metaspace: 41308K(42496K)->41308K(42496K) NonClass: 36284K(36992K)->36284K(36992K) Class: 5024K(5504K)->5024K(5504K)
[2026-07-01T01:42:23.880+0000][50.627s][info][gc             ] GC(160) Pause Full (Allocation Failure) 227M->159M(247M) 303.600ms
[2026-07-01T01:42:23.880+0000][50.627s][info][gc,cpu         ] GC(160) User=0.31s Sys=0.00s Real=0.31s
[2026-07-01T01:42:24.372+0000][51.119s][info][gc,start       ] GC(161) Pause Young (Allocation Failure)
[2026-07-01T01:42:24.372+0000][51.119s][info][gc             ] GC(161) Pause Young (Allocation Failure) 228M->228M(247M) 0.096ms
[2026-07-01T01:42:24.372+0000][51.119s][info][gc,cpu         ] GC(161) User=0.00s Sys=0.00s Real=0.00s
[2026-07-01T01:42:24.372+0000][51.119s][info][gc,start       ] GC(162) Pause Full (Allocation Failure)
[2026-07-01T01:42:24.372+0000][51.119s][info][gc,phases,start] GC(162) Phase 1: Mark live objects
[2026-07-01T01:42:24.474+0000][51.221s][info][gc,phases      ] GC(162) Phase 1: Mark live objects 102.271ms
[2026-07-01T01:42:24.474+0000][51.221s][info][gc,phases,start] GC(162) Phase 2: Compute new object addresses
[2026-07-01T01:42:24.522+0000][51.269s][info][gc,phases      ] GC(162) Phase 2: Compute new object addresses 48.009ms
[2026-07-01T01:42:24.522+0000][51.269s][info][gc,phases,start] GC(162) Phase 3: Adjust pointers
[2026-07-01T01:42:24.573+0000][51.320s][info][gc,phases      ] GC(162) Phase 3: Adjust pointers 50.304ms
[2026-07-01T01:42:24.573+0000][51.320s][info][gc,phases,start] GC(162) Phase 4: Move objects
[2026-07-01T01:42:24.574+0000][51.321s][info][gc,phases      ] GC(162) Phase 4: Move objects 0.849ms
[2026-07-01T01:42:24.574+0000][51.321s][info][gc,heap        ] GC(162) DefNew: 69952K(78656K)->0K(78656K) Eden: 69952K(69952K)->0K(69952K) From: 0K(8704K)->0K(8704K)
[2026-07-01T01:42:24.574+0000][51.321s][info][gc,heap        ] GC(162) Tenured: 163601K(174784K)->165341K(174784K)
[2026-07-01T01:42:24.574+0000][51.321s][info][gc,metaspace   ] GC(162) Metaspace: 41308K(42496K)->41308K(42496K) NonClass: 36284K(36992K)->36284K(36992K) Class: 5024K(5504K)->5024K(5504K)
[2026-07-01T01:42:24.574+0000][51.321s][info][gc             ] GC(162) Pause Full (Allocation Failure) 228M->161M(247M) 201.836ms
[2026-07-01T01:42:24.574+0000][51.321s][info][gc,cpu         ] GC(162) User=0.21s Sys=0.00s Real=0.20s
[2026-07-01T01:42:24.975+0000][51.722s][info][gc,start       ] GC(163) Pause Young (Allocation Failure)
[2026-07-01T01:42:24.976+0000][51.722s][info][gc             ] GC(163) Pause Young (Allocation Failure) 229M->229M(247M) 0.119ms
[2026-07-01T01:42:24.976+0000][51.722s][info][gc,cpu         ] GC(163) User=0.00s Sys=0.00s Real=0.00s
[2026-07-01T01:42:24.976+0000][51.723s][info][gc,start       ] GC(164) Pause Full (Allocation Failure)
[2026-07-01T01:42:24.976+0000][51.723s][info][gc,phases,start] GC(164) Phase 1: Mark live objects
[2026-07-01T01:42:25.074+0000][51.821s][info][gc,phases      ] GC(164) Phase 1: Mark live objects 98.716ms
[2026-07-01T01:42:25.074+0000][51.821s][info][gc,phases,start] GC(164) Phase 2: Compute new object addresses
[2026-07-01T01:42:25.122+0000][51.869s][info][gc,phases      ] GC(164) Phase 2: Compute new object addresses 47.838ms
[2026-07-01T01:42:25.122+0000][51.869s][info][gc,phases,start] GC(164) Phase 3: Adjust pointers
[2026-07-01T01:42:25.177+0000][51.924s][info][gc,phases      ] GC(164) Phase 3: Adjust pointers 54.395ms
[2026-07-01T01:42:25.177+0000][51.924s][info][gc,phases,start] GC(164) Phase 4: Move objects
[2026-07-01T01:42:25.206+0000][51.953s][info][gc,phases      ] GC(164) Phase 4: Move objects 29.691ms
[2026-07-01T01:42:25.207+0000][51.954s][info][gc,heap        ] GC(164) DefNew: 69952K(78656K)->0K(78656K) Eden: 69952K(69952K)->0K(69952K) From: 0K(8704K)->0K(8704K)
[2026-07-01T01:42:25.207+0000][51.954s][info][gc,heap        ] GC(164) Tenured: 165341K(174784K)->162922K(174784K)
[2026-07-01T01:42:25.207+0000][51.954s][info][gc,metaspace   ] GC(164) Metaspace: 41308K(42496K)->41308K(42496K) NonClass: 36284K(36992K)->36284K(36992K) Class: 5024K(5504K)->5024K(5504K)
[2026-07-01T01:42:25.207+0000][51.954s][info][gc             ] GC(164) Pause Full (Allocation Failure) 229M->159M(247M) 231.062ms
[2026-07-01T01:42:25.207+0000][51.954s][info][gc,cpu         ] GC(164) User=0.23s Sys=0.00s Real=0.23s
[2026-07-01T01:42:25.652+0000][52.399s][info][gc,start       ] GC(165) Pause Young (Allocation Failure)
[2026-07-01T01:42:25.653+0000][52.399s][info][gc             ] GC(165) Pause Young (Allocation Failure) 227M->227M(247M) 0.094ms
[2026-07-01T01:42:25.653+0000][52.399s][info][gc,cpu         ] GC(165) User=0.00s Sys=0.00s Real=0.00s
[2026-07-01T01:42:25.653+0000][52.399s][info][gc,start       ] GC(166) Pause Full (Allocation Failure)
[2026-07-01T01:42:25.653+0000][52.400s][info][gc,phases,start] GC(166) Phase 1: Mark live objects
[2026-07-01T01:42:25.752+0000][52.499s][info][gc,phases      ] GC(166) Phase 1: Mark live objects 99.305ms
[2026-07-01T01:42:25.752+0000][52.499s][info][gc,phases,start] GC(166) Phase 2: Compute new object addresses
[2026-07-01T01:42:25.800+0000][52.547s][info][gc,phases      ] GC(166) Phase 2: Compute new object addresses 47.989ms
[2026-07-01T01:42:25.800+0000][52.547s][info][gc,phases,start] GC(166) Phase 3: Adjust pointers
[2026-07-01T01:42:25.851+0000][52.598s][info][gc,phases      ] GC(166) Phase 3: Adjust pointers 51.553ms
[2026-07-01T01:42:25.852+0000][52.598s][info][gc,phases,start] GC(166) Phase 4: Move objects
[2026-07-01T01:42:25.852+0000][52.599s][info][gc,phases      ] GC(166) Phase 4: Move objects 0.463ms
[2026-07-01T01:42:25.852+0000][52.599s][info][gc,heap        ] GC(166) DefNew: 69952K(78656K)->0K(78656K) Eden: 69952K(69952K)->0K(69952K) From: 0K(8704K)->0K(8704K)
[2026-07-01T01:42:25.852+0000][52.599s][info][gc,heap        ] GC(166) Tenured: 162922K(174784K)->164170K(174784K)
[2026-07-01T01:42:25.852+0000][52.599s][info][gc,metaspace   ] GC(166) Metaspace: 41308K(42496K)->41308K(42496K) NonClass: 36284K(36992K)->36284K(36992K) Class: 5024K(5504K)->5024K(5504K)
[2026-07-01T01:42:25.852+0000][52.599s][info][gc             ] GC(166) Pause Full (Allocation Failure) 227M->160M(247M) 199.701ms
[2026-07-01T01:42:25.852+0000][52.599s][info][gc,cpu         ] GC(166) User=0.20s Sys=0.00s Real=0.20s
[2026-07-01T01:42:26.277+0000][53.024s][info][gc,start       ] GC(167) Pause Young (Allocation Failure)
[2026-07-01T01:42:26.278+0000][53.024s][info][gc             ] GC(167) Pause Young (Allocation Failure) 228M->228M(247M) 0.117ms
[2026-07-01T01:42:26.278+0000][53.024s][info][gc,cpu         ] GC(167) User=0.00s Sys=0.00s Real=0.00s
[2026-07-01T01:42:26.278+0000][53.024s][info][gc,start       ] GC(168) Pause Full (Allocation Failure)
[2026-07-01T01:42:26.278+0000][53.025s][info][gc,phases,start] GC(168) Phase 1: Mark live objects
[2026-07-01T01:42:26.375+0000][53.122s][info][gc,phases      ] GC(168) Phase 1: Mark live objects 97.303ms
[2026-07-01T01:42:26.375+0000][53.122s][info][gc,phases,start] GC(168) Phase 2: Compute new object addresses
[2026-07-01T01:42:26.423+0000][53.170s][info][gc,phases      ] GC(168) Phase 2: Compute new object addresses 48.239ms
[2026-07-01T01:42:26.423+0000][53.170s][info][gc,phases,start] GC(168) Phase 3: Adjust pointers
[2026-07-01T01:42:26.474+0000][53.221s][info][gc,phases      ] GC(168) Phase 3: Adjust pointers 50.907ms
[2026-07-01T01:42:26.474+0000][53.221s][info][gc,phases,start] GC(168) Phase 4: Move objects
[2026-07-01T01:42:26.475+0000][53.222s][info][gc,phases      ] GC(168) Phase 4: Move objects 0.491ms
[2026-07-01T01:42:26.475+0000][53.222s][info][gc,heap        ] GC(168) DefNew: 69952K(78656K)->0K(78656K) Eden: 69952K(69952K)->0K(69952K) From: 0K(8704K)->0K(8704K)
[2026-07-01T01:42:26.475+0000][53.222s][info][gc,heap        ] GC(168) Tenured: 164170K(174784K)->165496K(174784K)
[2026-07-01T01:42:26.475+0000][53.222s][info][gc,metaspace   ] GC(168) Metaspace: 41308K(42496K)->41308K(42496K) NonClass: 36284K(36992K)->36284K(36992K) Class: 5024K(5504K)->5024K(5504K)
[2026-07-01T01:42:26.475+0000][53.222s][info][gc             ] GC(168) Pause Full (Allocation Failure) 228M->161M(247M) 197.326ms
[2026-07-01T01:42:26.475+0000][53.222s][info][gc,cpu         ] GC(168) User=0.20s Sys=0.00s Real=0.20s
[2026-07-01T01:42:26.888+0000][53.635s][info][gc,start       ] GC(169) Pause Young (Allocation Failure)
[2026-07-01T01:42:26.889+0000][53.635s][info][gc             ] GC(169) Pause Young (Allocation Failure) 229M->229M(247M) 0.201ms
[2026-07-01T01:42:26.889+0000][53.635s][info][gc,cpu         ] GC(169) User=0.00s Sys=0.00s Real=0.00s
[2026-07-01T01:42:26.889+0000][53.636s][info][gc,start       ] GC(170) Pause Full (Allocation Failure)
[2026-07-01T01:42:26.889+0000][53.636s][info][gc,phases,start] GC(170) Phase 1: Mark live objects
[2026-07-01T01:42:26.994+0000][53.740s][info][gc,phases      ] GC(170) Phase 1: Mark live objects 104.928ms
[2026-07-01T01:42:26.994+0000][53.741s][info][gc,phases,start] GC(170) Phase 2: Compute new object addresses
[2026-07-01T01:42:27.042+0000][53.789s][info][gc,phases      ] GC(170) Phase 2: Compute new object addresses 48.199ms
[2026-07-01T01:42:27.042+0000][53.789s][info][gc,phases,start] GC(170) Phase 3: Adjust pointers
[2026-07-01T01:42:27.093+0000][53.840s][info][gc,phases      ] GC(170) Phase 3: Adjust pointers 50.835ms
[2026-07-01T01:42:27.093+0000][53.840s][info][gc,phases,start] GC(170) Phase 4: Move objects
[2026-07-01T01:42:27.093+0000][53.840s][info][gc,phases      ] GC(170) Phase 4: Move objects 0.331ms
[2026-07-01T01:42:27.093+0000][53.840s][info][gc,heap        ] GC(170) DefNew: 69952K(78656K)->0K(78656K) Eden: 69952K(69952K)->0K(69952K) From: 0K(8704K)->0K(8704K)
[2026-07-01T01:42:27.093+0000][53.840s][info][gc,heap        ] GC(170) Tenured: 165496K(174784K)->165938K(174784K)
[2026-07-01T01:42:27.093+0000][53.840s][info][gc,metaspace   ] GC(170) Metaspace: 41310K(42496K)->41310K(42496K) NonClass: 36285K(36992K)->36285K(36992K) Class: 5024K(5504K)->5024K(5504K)
[2026-07-01T01:42:27.093+0000][53.840s][info][gc             ] GC(170) Pause Full (Allocation Failure) 229M->162M(247M) 204.762ms
[2026-07-01T01:42:27.093+0000][53.840s][info][gc,cpu         ] GC(170) User=0.20s Sys=0.00s Real=0.20s
[2026-07-01T01:42:27.651+0000][54.398s][info][gc,start       ] GC(171) Pause Young (Allocation Failure)
[2026-07-01T01:42:27.651+0000][54.398s][info][gc             ] GC(171) Pause Young (Allocation Failure) 230M->230M(247M) 0.100ms
[2026-07-01T01:42:27.651+0000][54.398s][info][gc,cpu         ] GC(171) User=0.00s Sys=0.00s Real=0.00s
[2026-07-01T01:42:27.651+0000][54.398s][info][gc,start       ] GC(172) Pause Full (Allocation Failure)
[2026-07-01T01:42:27.652+0000][54.398s][info][gc,phases,start] GC(172) Phase 1: Mark live objects
[2026-07-01T01:42:27.811+0000][54.557s][info][gc,phases      ] GC(172) Phase 1: Mark live objects 159.006ms
[2026-07-01T01:42:27.811+0000][54.557s][info][gc,phases,start] GC(172) Phase 2: Compute new object addresses
[2026-07-01T01:42:27.875+0000][54.622s][info][gc,phases      ] GC(172) Phase 2: Compute new object addresses 64.449ms
[2026-07-01T01:42:27.875+0000][54.622s][info][gc,phases,start] GC(172) Phase 3: Adjust pointers
[2026-07-01T01:42:27.956+0000][54.703s][info][gc,phases      ] GC(172) Phase 3: Adjust pointers 80.563ms
[2026-07-01T01:42:27.956+0000][54.703s][info][gc,phases,start] GC(172) Phase 4: Move objects
[2026-07-01T01:42:27.993+0000][54.740s][info][gc,phases      ] GC(172) Phase 4: Move objects 37.709ms
[2026-07-01T01:42:27.994+0000][54.741s][info][gc,heap        ] GC(172) DefNew: 69952K(78656K)->0K(78656K) Eden: 69952K(69952K)->0K(69952K) From: 0K(8704K)->0K(8704K)
[2026-07-01T01:42:27.994+0000][54.741s][info][gc,heap        ] GC(172) Tenured: 165938K(174784K)->163478K(174784K)
[2026-07-01T01:42:27.994+0000][54.741s][info][gc,metaspace   ] GC(172) Metaspace: 41310K(42496K)->41310K(42496K) NonClass: 36286K(36992K)->36286K(36992K) Class: 5024K(5504K)->5024K(5504K)
[2026-07-01T01:42:27.994+0000][54.741s][info][gc             ] GC(172) Pause Full (Allocation Failure) 230M->159M(247M) 342.223ms
[2026-07-01T01:42:27.994+0000][54.741s][info][gc,cpu         ] GC(172) User=0.35s Sys=0.00s Real=0.34s
[2026-07-01T01:42:28.626+0000][55.373s][info][gc,start       ] GC(173) Pause Young (Allocation Failure)
[2026-07-01T01:42:28.626+0000][55.373s][info][gc             ] GC(173) Pause Young (Allocation Failure) 227M->227M(247M) 0.129ms
[2026-07-01T01:42:28.626+0000][55.373s][info][gc,cpu         ] GC(173) User=0.00s Sys=0.00s Real=0.00s
[2026-07-01T01:42:28.626+0000][55.373s][info][gc,start       ] GC(174) Pause Full (Allocation Failure)
[2026-07-01T01:42:28.626+0000][55.373s][info][gc,phases,start] GC(174) Phase 1: Mark live objects
[2026-07-01T01:42:28.757+0000][55.504s][info][gc,phases      ] GC(174) Phase 1: Mark live objects 130.853ms
[2026-07-01T01:42:28.757+0000][55.504s][info][gc,phases,start] GC(174) Phase 2: Compute new object addresses
[2026-07-01T01:42:28.805+0000][55.552s][info][gc,phases      ] GC(174) Phase 2: Compute new object addresses 48.176ms
[2026-07-01T01:42:28.805+0000][55.552s][info][gc,phases,start] GC(174) Phase 3: Adjust pointers
[2026-07-01T01:42:28.856+0000][55.602s][info][gc,phases      ] GC(174) Phase 3: Adjust pointers 50.234ms
[2026-07-01T01:42:28.856+0000][55.603s][info][gc,phases,start] GC(174) Phase 4: Move objects
[2026-07-01T01:42:28.856+0000][55.603s][info][gc,phases      ] GC(174) Phase 4: Move objects 0.392ms
[2026-07-01T01:42:28.856+0000][55.603s][info][gc,heap        ] GC(174) DefNew: 69952K(78656K)->0K(78656K) Eden: 69952K(69952K)->0K(69952K) From: 0K(8704K)->0K(8704K)
[2026-07-01T01:42:28.856+0000][55.603s][info][gc,heap        ] GC(174) Tenured: 163478K(174784K)->164414K(174784K)
[2026-07-01T01:42:28.856+0000][55.603s][info][gc,metaspace   ] GC(174) Metaspace: 41310K(42496K)->41310K(42496K) NonClass: 36286K(36992K)->36286K(36992K) Class: 5024K(5504K)->5024K(5504K)
[2026-07-01T01:42:28.856+0000][55.603s][info][gc             ] GC(174) Pause Full (Allocation Failure) 227M->160M(247M) 230.074ms
[2026-07-01T01:42:28.856+0000][55.603s][info][gc,cpu         ] GC(174) User=0.30s Sys=0.01s Real=0.23s
[2026-07-01T01:42:29.256+0000][56.003s][info][gc,start       ] GC(175) Pause Young (Allocation Failure)
[2026-07-01T01:42:29.256+0000][56.003s][info][gc             ] GC(175) Pause Young (Allocation Failure) 228M->228M(247M) 0.091ms
[2026-07-01T01:42:29.256+0000][56.003s][info][gc,cpu         ] GC(175) User=0.00s Sys=0.00s Real=0.00s
[2026-07-01T01:42:29.256+0000][56.003s][info][gc,start       ] GC(176) Pause Full (Allocation Failure)
[2026-07-01T01:42:29.256+0000][56.003s][info][gc,phases,start] GC(176) Phase 1: Mark live objects
[2026-07-01T01:42:29.354+0000][56.101s][info][gc,phases      ] GC(176) Phase 1: Mark live objects 98.241ms
[2026-07-01T01:42:29.354+0000][56.101s][info][gc,phases,start] GC(176) Phase 2: Compute new object addresses
[2026-07-01T01:42:29.403+0000][56.149s][info][gc,phases      ] GC(176) Phase 2: Compute new object addresses 48.255ms
[2026-07-01T01:42:29.403+0000][56.149s][info][gc,phases,start] GC(176) Phase 3: Adjust pointers
[2026-07-01T01:42:29.454+0000][56.201s][info][gc,phases      ] GC(176) Phase 3: Adjust pointers 51.154ms
[2026-07-01T01:42:29.454+0000][56.201s][info][gc,phases,start] GC(176) Phase 4: Move objects
[2026-07-01T01:42:29.454+0000][56.201s][info][gc,phases      ] GC(176) Phase 4: Move objects 0.299ms
[2026-07-01T01:42:29.454+0000][56.201s][info][gc,heap        ] GC(176) DefNew: 69952K(78656K)->0K(78656K) Eden: 69952K(69952K)->0K(69952K) From: 0K(8704K)->0K(8704K)
[2026-07-01T01:42:29.454+0000][56.201s][info][gc,heap        ] GC(176) Tenured: 164414K(174784K)->164990K(174784K)
[2026-07-01T01:42:29.454+0000][56.201s][info][gc,metaspace   ] GC(176) Metaspace: 41312K(42496K)->41312K(42496K) NonClass: 36288K(36992K)->36288K(36992K) Class: 5024K(5504K)->5024K(5504K)
[2026-07-01T01:42:29.454+0000][56.201s][info][gc             ] GC(176) Pause Full (Allocation Failure) 228M->161M(247M) 198.341ms
[2026-07-01T01:42:29.454+0000][56.201s][info][gc,cpu         ] GC(176) User=0.20s Sys=0.00s Real=0.20s
[2026-07-01T01:42:29.843+0000][56.590s][info][gc,start       ] GC(177) Pause Young (Allocation Failure)
[2026-07-01T01:42:29.843+0000][56.590s][info][gc             ] GC(177) Pause Young (Allocation Failure) 229M->229M(247M) 0.280ms
[2026-07-01T01:42:29.843+0000][56.590s][info][gc,cpu         ] GC(177) User=0.00s Sys=0.00s Real=0.00s
[2026-07-01T01:42:29.844+0000][56.591s][info][gc,start       ] GC(178) Pause Full (Allocation Failure)
[2026-07-01T01:42:29.844+0000][56.591s][info][gc,phases,start] GC(178) Phase 1: Mark live objects
[2026-07-01T01:42:29.946+0000][56.693s][info][gc,phases      ] GC(178) Phase 1: Mark live objects 101.971ms
[2026-07-01T01:42:29.946+0000][56.693s][info][gc,phases,start] GC(178) Phase 2: Compute new object addresses
[2026-07-01T01:42:29.995+0000][56.742s][info][gc,phases      ] GC(178) Phase 2: Compute new object addresses 48.901ms
[2026-07-01T01:42:29.995+0000][56.742s][info][gc,phases,start] GC(178) Phase 3: Adjust pointers
[2026-07-01T01:42:30.045+0000][56.792s][info][gc,phases      ] GC(178) Phase 3: Adjust pointers 50.591ms
[2026-07-01T01:42:30.045+0000][56.792s][info][gc,phases,start] GC(178) Phase 4: Move objects
[2026-07-01T01:42:30.046+0000][56.793s][info][gc,phases      ] GC(178) Phase 4: Move objects 0.795ms
[2026-07-01T01:42:30.046+0000][56.793s][info][gc,heap        ] GC(178) DefNew: 69951K(78656K)->0K(78656K) Eden: 69951K(69952K)->0K(69952K) From: 0K(8704K)->0K(8704K)
[2026-07-01T01:42:30.046+0000][56.793s][info][gc,heap        ] GC(178) Tenured: 164990K(174784K)->166775K(174784K)
[2026-07-01T01:42:30.046+0000][56.793s][info][gc,metaspace   ] GC(178) Metaspace: 41324K(42496K)->41324K(42496K) NonClass: 36298K(36992K)->36298K(36992K) Class: 5025K(5504K)->5025K(5504K)
[2026-07-01T01:42:30.046+0000][56.793s][info][gc             ] GC(178) Pause Full (Allocation Failure) 229M->162M(247M) 202.674ms
[2026-07-01T01:42:30.046+0000][56.793s][info][gc,cpu         ] GC(178) User=0.21s Sys=0.01s Real=0.20s
[2026-07-01T01:42:30.414+0000][57.161s][info][gc,start       ] GC(179) Pause Young (Allocation Failure)
[2026-07-01T01:42:30.415+0000][57.161s][info][gc             ] GC(179) Pause Young (Allocation Failure) 231M->231M(247M) 0.092ms
[2026-07-01T01:42:30.415+0000][57.161s][info][gc,cpu         ] GC(179) User=0.00s Sys=0.00s Real=0.00s
[2026-07-01T01:42:30.415+0000][57.161s][info][gc,start       ] GC(180) Pause Full (Allocation Failure)
[2026-07-01T01:42:30.415+0000][57.161s][info][gc,phases,start] GC(180) Phase 1: Mark live objects
[2026-07-01T01:42:30.517+0000][57.264s][info][gc,phases      ] GC(180) Phase 1: Mark live objects 102.810ms
[2026-07-01T01:42:30.517+0000][57.264s][info][gc,phases,start] GC(180) Phase 2: Compute new object addresses
[2026-07-01T01:42:30.566+0000][57.313s][info][gc,phases      ] GC(180) Phase 2: Compute new object addresses 48.160ms
[2026-07-01T01:42:30.566+0000][57.313s][info][gc,phases,start] GC(180) Phase 3: Adjust pointers
[2026-07-01T01:42:30.621+0000][57.368s][info][gc,phases      ] GC(180) Phase 3: Adjust pointers 55.536ms
[2026-07-01T01:42:30.621+0000][57.368s][info][gc,phases,start] GC(180) Phase 4: Move objects
[2026-07-01T01:42:30.651+0000][57.398s][info][gc,phases      ] GC(180) Phase 4: Move objects 29.947ms
[2026-07-01T01:42:30.651+0000][57.398s][info][gc,heap        ] GC(180) DefNew: 69952K(78656K)->0K(78656K) Eden: 69952K(69952K)->0K(69952K) From: 0K(8704K)->0K(8704K)
[2026-07-01T01:42:30.651+0000][57.398s][info][gc,heap        ] GC(180) Tenured: 166775K(174784K)->164280K(174784K)
[2026-07-01T01:42:30.651+0000][57.398s][info][gc,metaspace   ] GC(180) Metaspace: 41324K(42496K)->41324K(42496K) NonClass: 36298K(36992K)->36298K(36992K) Class: 5025K(5504K)->5025K(5504K)
[2026-07-01T01:42:30.651+0000][57.398s][info][gc             ] GC(180) Pause Full (Allocation Failure) 231M->160M(247M) 236.865ms
[2026-07-01T01:42:30.651+0000][57.398s][info][gc,cpu         ] GC(180) User=0.23s Sys=0.00s Real=0.24s
[2026-07-01T01:42:31.049+0000][57.796s][info][gc,start       ] GC(181) Pause Young (Allocation Failure)
[2026-07-01T01:42:31.049+0000][57.796s][info][gc             ] GC(181) Pause Young (Allocation Failure) 228M->228M(247M) 0.108ms
[2026-07-01T01:42:31.049+0000][57.796s][info][gc,cpu         ] GC(181) User=0.00s Sys=0.00s Real=0.00s
[2026-07-01T01:42:31.049+0000][57.796s][info][gc,start       ] GC(182) Pause Full (Allocation Failure)
[2026-07-01T01:42:31.049+0000][57.796s][info][gc,phases,start] GC(182) Phase 1: Mark live objects
[2026-07-01T01:42:31.153+0000][57.900s][info][gc,phases      ] GC(182) Phase 1: Mark live objects 104.295ms
[2026-07-01T01:42:31.153+0000][57.900s][info][gc,phases,start] GC(182) Phase 2: Compute new object addresses
[2026-07-01T01:42:31.202+0000][57.949s][info][gc,phases      ] GC(182) Phase 2: Compute new object addresses 48.417ms
[2026-07-01T01:42:31.202+0000][57.949s][info][gc,phases,start] GC(182) Phase 3: Adjust pointers
[2026-07-01T01:42:31.254+0000][58.001s][info][gc,phases      ] GC(182) Phase 3: Adjust pointers 51.788ms
[2026-07-01T01:42:31.254+0000][58.001s][info][gc,phases,start] GC(182) Phase 4: Move objects
[2026-07-01T01:42:31.254+0000][58.001s][info][gc,phases      ] GC(182) Phase 4: Move objects 0.416ms
[2026-07-01T01:42:31.254+0000][58.001s][info][gc,heap        ] GC(182) DefNew: 69952K(78656K)->0K(78656K) Eden: 69952K(69952K)->0K(69952K) From: 0K(8704K)->0K(8704K)
[2026-07-01T01:42:31.254+0000][58.001s][info][gc,heap        ] GC(182) Tenured: 164280K(174784K)->165322K(174784K)
[2026-07-01T01:42:31.254+0000][58.001s][info][gc,metaspace   ] GC(182) Metaspace: 41324K(42496K)->41324K(42496K) NonClass: 36298K(36992K)->36298K(36992K) Class: 5025K(5504K)->5025K(5504K)
[2026-07-01T01:42:31.254+0000][58.001s][info][gc             ] GC(182) Pause Full (Allocation Failure) 228M->161M(247M) 205.313ms
[2026-07-01T01:42:31.254+0000][58.001s][info][gc,cpu         ] GC(182) User=0.20s Sys=0.00s Real=0.20s
[2026-07-01T01:42:31.589+0000][58.336s][info][gc,start       ] GC(183) Pause Young (Allocation Failure)
[2026-07-01T01:42:31.589+0000][58.336s][info][gc             ] GC(183) Pause Young (Allocation Failure) 229M->229M(247M) 0.115ms
[2026-07-01T01:42:31.589+0000][58.336s][info][gc,cpu         ] GC(183) User=0.00s Sys=0.00s Real=0.00s
[2026-07-01T01:42:31.589+0000][58.336s][info][gc,start       ] GC(184) Pause Full (Allocation Failure)
[2026-07-01T01:42:31.589+0000][58.336s][info][gc,phases,start] GC(184) Phase 1: Mark live objects
[2026-07-01T01:42:31.692+0000][58.439s][info][gc,phases      ] GC(184) Phase 1: Mark live objects 102.712ms
[2026-07-01T01:42:31.692+0000][58.439s][info][gc,phases,start] GC(184) Phase 2: Compute new object addresses
[2026-07-01T01:42:31.740+0000][58.487s][info][gc,phases      ] GC(184) Phase 2: Compute new object addresses 48.793ms
[2026-07-01T01:42:31.741+0000][58.487s][info][gc,phases,start] GC(184) Phase 3: Adjust pointers
[2026-07-01T01:42:31.792+0000][58.539s][info][gc,phases      ] GC(184) Phase 3: Adjust pointers 51.679ms
[2026-07-01T01:42:31.792+0000][58.539s][info][gc,phases,start] GC(184) Phase 4: Move objects
[2026-07-01T01:42:31.793+0000][58.540s][info][gc,phases      ] GC(184) Phase 4: Move objects 0.507ms
[2026-07-01T01:42:31.793+0000][58.540s][info][gc,heap        ] GC(184) DefNew: 69952K(78656K)->0K(78656K) Eden: 69952K(69952K)->0K(69952K) From: 0K(8704K)->0K(8704K)
[2026-07-01T01:42:31.793+0000][58.540s][info][gc,heap        ] GC(184) Tenured: 165322K(174784K)->166732K(174784K)
[2026-07-01T01:42:31.793+0000][58.540s][info][gc,metaspace   ] GC(184) Metaspace: 41324K(42496K)->41324K(42496K) NonClass: 36298K(36992K)->36298K(36992K) Class: 5025K(5504K)->5025K(5504K)
[2026-07-01T01:42:31.793+0000][58.540s][info][gc             ] GC(184) Pause Full (Allocation Failure) 229M->162M(247M) 204.089ms
[2026-07-01T01:42:31.793+0000][58.540s][info][gc,cpu         ] GC(184) User=0.21s Sys=0.00s Real=0.20s
[2026-07-01T01:42:32.311+0000][59.058s][info][gc,start       ] GC(185) Pause Young (Allocation Failure)
[2026-07-01T01:42:32.311+0000][59.058s][info][gc             ] GC(185) Pause Young (Allocation Failure) 231M->231M(247M) 0.090ms
[2026-07-01T01:42:32.311+0000][59.058s][info][gc,cpu         ] GC(185) User=0.00s Sys=0.00s Real=0.00s
[2026-07-01T01:42:32.311+0000][59.058s][info][gc,start       ] GC(186) Pause Full (Allocation Failure)
[2026-07-01T01:42:32.312+0000][59.058s][info][gc,phases,start] GC(186) Phase 1: Mark live objects
[2026-07-01T01:42:32.481+0000][59.228s][info][gc,phases      ] GC(186) Phase 1: Mark live objects 169.181ms
[2026-07-01T01:42:32.481+0000][59.228s][info][gc,phases,start] GC(186) Phase 2: Compute new object addresses
[2026-07-01T01:42:32.550+0000][59.297s][info][gc,phases      ] GC(186) Phase 2: Compute new object addresses 69.605ms
[2026-07-01T01:42:32.550+0000][59.297s][info][gc,phases,start] GC(186) Phase 3: Adjust pointers
[2026-07-01T01:42:32.625+0000][59.372s][info][gc,phases      ] GC(186) Phase 3: Adjust pointers 75.031ms
[2026-07-01T01:42:32.625+0000][59.372s][info][gc,phases,start] GC(186) Phase 4: Move objects
[2026-07-01T01:42:32.626+0000][59.373s][info][gc,phases      ] GC(186) Phase 4: Move objects 0.357ms
[2026-07-01T01:42:32.626+0000][59.373s][info][gc,heap        ] GC(186) DefNew: 69952K(78656K)->0K(78656K) Eden: 69952K(69952K)->0K(69952K) From: 0K(8704K)->0K(8704K)
[2026-07-01T01:42:32.626+0000][59.373s][info][gc,heap        ] GC(186) Tenured: 166732K(174784K)->167147K(174784K)
[2026-07-01T01:42:32.626+0000][59.373s][info][gc,metaspace   ] GC(186) Metaspace: 41324K(42496K)->41324K(42496K) NonClass: 36298K(36992K)->36298K(36992K) Class: 5025K(5504K)->5025K(5504K)
[2026-07-01T01:42:32.626+0000][59.373s][info][gc             ] GC(186) Pause Full (Allocation Failure) 231M->163M(247M) 314.657ms
[2026-07-01T01:42:32.626+0000][59.373s][info][gc,cpu         ] GC(186) User=0.32s Sys=0.00s Real=0.31s
[2026-07-01T01:42:33.080+0000][59.827s][info][gc,start       ] GC(187) Pause Young (Allocation Failure)
[2026-07-01T01:42:33.080+0000][59.827s][info][gc             ] GC(187) Pause Young (Allocation Failure) 231M->231M(247M) 0.097ms
[2026-07-01T01:42:33.080+0000][59.827s][info][gc,cpu         ] GC(187) User=0.00s Sys=0.00s Real=0.00s
[2026-07-01T01:42:33.080+0000][59.827s][info][gc,start       ] GC(188) Pause Full (Allocation Failure)
[2026-07-01T01:42:33.080+0000][59.827s][info][gc,phases,start] GC(188) Phase 1: Mark live objects
[2026-07-01T01:42:33.239+0000][59.986s][info][gc,phases      ] GC(188) Phase 1: Mark live objects 159.165ms
[2026-07-01T01:42:33.239+0000][59.986s][info][gc,phases,start] GC(188) Phase 2: Compute new object addresses
[2026-07-01T01:42:33.288+0000][60.035s][info][gc,phases      ] GC(188) Phase 2: Compute new object addresses 49.214ms
[2026-07-01T01:42:33.288+0000][60.035s][info][gc,phases,start] GC(188) Phase 3: Adjust pointers
[2026-07-01T01:42:33.345+0000][60.092s][info][gc,phases      ] GC(188) Phase 3: Adjust pointers 56.682ms
[2026-07-01T01:42:33.345+0000][60.092s][info][gc,phases,start] GC(188) Phase 4: Move objects
[2026-07-01T01:42:33.375+0000][60.122s][info][gc,phases      ] GC(188) Phase 4: Move objects 30.143ms
[2026-07-01T01:42:33.375+0000][60.122s][info][gc,heap        ] GC(188) DefNew: 69951K(78656K)->0K(78656K) Eden: 69951K(69952K)->0K(69952K) From: 0K(8704K)->0K(8704K)
[2026-07-01T01:42:33.375+0000][60.122s][info][gc,heap        ] GC(188) Tenured: 167147K(174784K)->164969K(174784K)
[2026-07-01T01:42:33.375+0000][60.122s][info][gc,metaspace   ] GC(188) Metaspace: 41325K(42496K)->41325K(42496K) NonClass: 36299K(36992K)->36299K(36992K) Class: 5025K(5504K)->5025K(5504K)
[2026-07-01T01:42:33.375+0000][60.122s][info][gc             ] GC(188) Pause Full (Allocation Failure) 231M->161M(247M) 295.638ms
[2026-07-01T01:42:33.375+0000][60.122s][info][gc,cpu         ] GC(188) User=0.30s Sys=0.00s Real=0.29s
[2026-07-01T01:42:33.696+0000][60.443s][info][gc,start       ] GC(189) Pause Young (Allocation Failure)
[2026-07-01T01:42:33.696+0000][60.443s][info][gc             ] GC(189) Pause Young (Allocation Failure) 229M->229M(247M) 0.079ms
[2026-07-01T01:42:33.696+0000][60.443s][info][gc,cpu         ] GC(189) User=0.00s Sys=0.00s Real=0.00s
[2026-07-01T01:42:33.696+0000][60.443s][info][gc,start       ] GC(190) Pause Full (Allocation Failure)
[2026-07-01T01:42:33.696+0000][60.443s][info][gc,phases,start] GC(190) Phase 1: Mark live objects
[2026-07-01T01:42:33.800+0000][60.547s][info][gc,phases      ] GC(190) Phase 1: Mark live objects 104.050ms
[2026-07-01T01:42:33.800+0000][60.547s][info][gc,phases,start] GC(190) Phase 2: Compute new object addresses
[2026-07-01T01:42:33.848+0000][60.595s][info][gc,phases      ] GC(190) Phase 2: Compute new object addresses 48.530ms
[2026-07-01T01:42:33.848+0000][60.595s][info][gc,phases,start] GC(190) Phase 3: Adjust pointers
[2026-07-01T01:42:33.902+0000][60.648s][info][gc,phases      ] GC(190) Phase 3: Adjust pointers 53.042ms
[2026-07-01T01:42:33.902+0000][60.648s][info][gc,phases,start] GC(190) Phase 4: Move objects
[2026-07-01T01:42:33.902+0000][60.649s][info][gc,phases      ] GC(190) Phase 4: Move objects 0.485ms
[2026-07-01T01:42:33.902+0000][60.649s][info][gc,heap        ] GC(190) DefNew: 69952K(78656K)->0K(78656K) Eden: 69952K(69952K)->0K(69952K) From: 0K(8704K)->0K(8704K)
[2026-07-01T01:42:33.902+0000][60.649s][info][gc,heap        ] GC(190) Tenured: 164969K(174784K)->166188K(174784K)
[2026-07-01T01:42:33.902+0000][60.649s][info][gc,metaspace   ] GC(190) Metaspace: 41325K(42496K)->41325K(42496K) NonClass: 36300K(36992K)->36300K(36992K) Class: 5025K(5504K)->5025K(5504K)
[2026-07-01T01:42:33.902+0000][60.649s][info][gc             ] GC(190) Pause Full (Allocation Failure) 229M->162M(247M) 206.508ms
[2026-07-01T01:42:33.902+0000][60.649s][info][gc,cpu         ] GC(190) User=0.20s Sys=0.00s Real=0.21s
[2026-07-01T01:42:34.233+0000][60.980s][info][gc,start       ] GC(191) Pause Young (Allocation Failure)
[2026-07-01T01:42:34.233+0000][60.980s][info][gc             ] GC(191) Pause Young (Allocation Failure) 230M->230M(247M) 0.091ms
[2026-07-01T01:42:34.233+0000][60.980s][info][gc,cpu         ] GC(191) User=0.00s Sys=0.00s Real=0.00s
[2026-07-01T01:42:34.233+0000][60.980s][info][gc,start       ] GC(192) Pause Full (Allocation Failure)
[2026-07-01T01:42:34.233+0000][60.980s][info][gc,phases,start] GC(192) Phase 1: Mark live objects
[2026-07-01T01:42:34.340+0000][61.087s][info][gc,phases      ] GC(192) Phase 1: Mark live objects 107.537ms
[2026-07-01T01:42:34.340+0000][61.087s][info][gc,phases,start] GC(192) Phase 2: Compute new object addresses
[2026-07-01T01:42:34.389+0000][61.136s][info][gc,phases      ] GC(192) Phase 2: Compute new object addresses 48.992ms
[2026-07-01T01:42:34.389+0000][61.136s][info][gc,phases,start] GC(192) Phase 3: Adjust pointers
[2026-07-01T01:42:34.443+0000][61.190s][info][gc,phases      ] GC(192) Phase 3: Adjust pointers 53.585ms
[2026-07-01T01:42:34.443+0000][61.190s][info][gc,phases,start] GC(192) Phase 4: Move objects
[2026-07-01T01:42:34.443+0000][61.190s][info][gc,phases      ] GC(192) Phase 4: Move objects 0.355ms
[2026-07-01T01:42:34.444+0000][61.191s][info][gc,heap        ] GC(192) DefNew: 69952K(78656K)->0K(78656K) Eden: 69952K(69952K)->0K(69952K) From: 0K(8704K)->0K(8704K)
[2026-07-01T01:42:34.444+0000][61.191s][info][gc,heap        ] GC(192) Tenured: 166188K(174784K)->166742K(174784K)
[2026-07-01T01:42:34.444+0000][61.191s][info][gc,metaspace   ] GC(192) Metaspace: 41329K(42496K)->41329K(42496K) NonClass: 36303K(36992K)->36303K(36992K) Class: 5025K(5504K)->5025K(5504K)
[2026-07-01T01:42:34.444+0000][61.191s][info][gc             ] GC(192) Pause Full (Allocation Failure) 230M->162M(247M) 210.903ms
[2026-07-01T01:42:34.444+0000][61.191s][info][gc,cpu         ] GC(192) User=0.21s Sys=0.00s Real=0.21s
[2026-07-01T01:42:34.758+0000][61.505s][info][gc,start       ] GC(193) Pause Young (Allocation Failure)
[2026-07-01T01:42:34.758+0000][61.505s][info][gc             ] GC(193) Pause Young (Allocation Failure) 231M->231M(247M) 0.109ms
[2026-07-01T01:42:34.758+0000][61.505s][info][gc,cpu         ] GC(193) User=0.00s Sys=0.00s Real=0.01s
[2026-07-01T01:42:34.758+0000][61.505s][info][gc,start       ] GC(194) Pause Full (Allocation Failure)
[2026-07-01T01:42:34.758+0000][61.505s][info][gc,phases,start] GC(194) Phase 1: Mark live objects
[2026-07-01T01:42:34.861+0000][61.608s][info][gc,phases      ] GC(194) Phase 1: Mark live objects 103.320ms
[2026-07-01T01:42:34.861+0000][61.608s][info][gc,phases,start] GC(194) Phase 2: Compute new object addresses
[2026-07-01T01:42:34.910+0000][61.657s][info][gc,phases      ] GC(194) Phase 2: Compute new object addresses 48.819ms
[2026-07-01T01:42:34.910+0000][61.657s][info][gc,phases,start] GC(194) Phase 3: Adjust pointers
[2026-07-01T01:42:34.963+0000][61.710s][info][gc,phases      ] GC(194) Phase 3: Adjust pointers 52.260ms
[2026-07-01T01:42:34.963+0000][61.710s][info][gc,phases,start] GC(194) Phase 4: Move objects
[2026-07-01T01:42:34.963+0000][61.710s][info][gc,phases      ] GC(194) Phase 4: Move objects 0.575ms
[2026-07-01T01:42:34.963+0000][61.710s][info][gc,heap        ] GC(194) DefNew: 69952K(78656K)->0K(78656K) Eden: 69952K(69952K)->0K(69952K) From: 0K(8704K)->0K(8704K)
[2026-07-01T01:42:34.963+0000][61.710s][info][gc,heap        ] GC(194) Tenured: 166742K(174784K)->168401K(174784K)
[2026-07-01T01:42:34.963+0000][61.710s][info][gc,metaspace   ] GC(194) Metaspace: 41329K(42496K)->41329K(42496K) NonClass: 36303K(36992K)->36303K(36992K) Class: 5025K(5504K)->5025K(5504K)
[2026-07-01T01:42:34.963+0000][61.710s][info][gc             ] GC(194) Pause Full (Allocation Failure) 231M->164M(247M) 205.346ms
[2026-07-01T01:42:34.964+0000][61.710s][info][gc,cpu         ] GC(194) User=0.20s Sys=0.00s Real=0.20s
[2026-07-01T01:42:35.271+0000][62.018s][info][gc,start       ] GC(195) Pause Young (Allocation Failure)
[2026-07-01T01:42:35.271+0000][62.018s][info][gc             ] GC(195) Pause Young (Allocation Failure) 232M->232M(247M) 0.088ms
[2026-07-01T01:42:35.271+0000][62.018s][info][gc,cpu         ] GC(195) User=0.00s Sys=0.00s Real=0.00s
[2026-07-01T01:42:35.271+0000][62.018s][info][gc,start       ] GC(196) Pause Full (Allocation Failure)
[2026-07-01T01:42:35.271+0000][62.018s][info][gc,phases,start] GC(196) Phase 1: Mark live objects
[2026-07-01T01:42:35.377+0000][62.124s][info][gc,phases      ] GC(196) Phase 1: Mark live objects 106.320ms
[2026-07-01T01:42:35.377+0000][62.124s][info][gc,phases,start] GC(196) Phase 2: Compute new object addresses
[2026-07-01T01:42:35.426+0000][62.173s][info][gc,phases      ] GC(196) Phase 2: Compute new object addresses 48.490ms
[2026-07-01T01:42:35.426+0000][62.173s][info][gc,phases,start] GC(196) Phase 3: Adjust pointers
[2026-07-01T01:42:35.483+0000][62.230s][info][gc,phases      ] GC(196) Phase 3: Adjust pointers 57.483ms
[2026-07-01T01:42:35.483+0000][62.230s][info][gc,phases,start] GC(196) Phase 4: Move objects
[2026-07-01T01:42:35.517+0000][62.263s][info][gc,phases      ] GC(196) Phase 4: Move objects 33.046ms
[2026-07-01T01:42:35.517+0000][62.264s][info][gc,heap        ] GC(196) DefNew: 69952K(78656K)->0K(78656K) Eden: 69952K(69952K)->0K(69952K) From: 0K(8704K)->0K(8704K)
[2026-07-01T01:42:35.517+0000][62.264s][info][gc,heap        ] GC(196) Tenured: 168401K(174784K)->165795K(174784K)
[2026-07-01T01:42:35.517+0000][62.264s][info][gc,metaspace   ] GC(196) Metaspace: 41329K(42496K)->41329K(42496K) NonClass: 36304K(36992K)->36304K(36992K) Class: 5025K(5504K)->5025K(5504K)
[2026-07-01T01:42:35.517+0000][62.264s][info][gc             ] GC(196) Pause Full (Allocation Failure) 232M->161M(247M) 245.765ms
[2026-07-01T01:42:35.517+0000][62.264s][info][gc,cpu         ] GC(196) User=0.25s Sys=0.00s Real=0.24s
[2026-07-01T01:42:35.831+0000][62.578s][info][gc,start       ] GC(197) Pause Young (Allocation Failure)
[2026-07-01T01:42:35.831+0000][62.578s][info][gc             ] GC(197) Pause Young (Allocation Failure) 230M->230M(247M) 0.104ms
[2026-07-01T01:42:35.831+0000][62.578s][info][gc,cpu         ] GC(197) User=0.00s Sys=0.00s Real=0.00s
[2026-07-01T01:42:35.831+0000][62.578s][info][gc,start       ] GC(198) Pause Full (Allocation Failure)
[2026-07-01T01:42:35.831+0000][62.578s][info][gc,phases,start] GC(198) Phase 1: Mark live objects
[2026-07-01T01:42:35.936+0000][62.683s][info][gc,phases      ] GC(198) Phase 1: Mark live objects 104.684ms
[2026-07-01T01:42:35.936+0000][62.683s][info][gc,phases,start] GC(198) Phase 2: Compute new object addresses
[2026-07-01T01:42:35.985+0000][62.732s][info][gc,phases      ] GC(198) Phase 2: Compute new object addresses 48.916ms
[2026-07-01T01:42:35.985+0000][62.732s][info][gc,phases,start] GC(198) Phase 3: Adjust pointers
[2026-07-01T01:42:36.037+0000][62.784s][info][gc,phases      ] GC(198) Phase 3: Adjust pointers 52.420ms
[2026-07-01T01:42:36.037+0000][62.784s][info][gc,phases,start] GC(198) Phase 4: Move objects
[2026-07-01T01:42:36.038+0000][62.784s][info][gc,phases      ] GC(198) Phase 4: Move objects 0.373ms
[2026-07-01T01:42:36.038+0000][62.785s][info][gc,heap        ] GC(198) DefNew: 69952K(78656K)->0K(78656K) Eden: 69952K(69952K)->0K(69952K) From: 0K(8704K)->0K(8704K)
[2026-07-01T01:42:36.038+0000][62.785s][info][gc,heap        ] GC(198) Tenured: 165795K(174784K)->166604K(174784K)
[2026-07-01T01:42:36.038+0000][62.785s][info][gc,metaspace   ] GC(198) Metaspace: 41330K(42496K)->41330K(42496K) NonClass: 36304K(36992K)->36304K(36992K) Class: 5025K(5504K)->5025K(5504K)
[2026-07-01T01:42:36.038+0000][62.785s][info][gc             ] GC(198) Pause Full (Allocation Failure) 230M->162M(247M) 206.786ms
[2026-07-01T01:42:36.038+0000][62.785s][info][gc,cpu         ] GC(198) User=0.21s Sys=0.00s Real=0.20s
[2026-07-01T01:42:36.358+0000][63.105s][info][gc,start       ] GC(199) Pause Young (Allocation Failure)
[2026-07-01T01:42:36.358+0000][63.105s][info][gc             ] GC(199) Pause Young (Allocation Failure) 231M->231M(247M) 0.124ms
[2026-07-01T01:42:36.358+0000][63.105s][info][gc,cpu         ] GC(199) User=0.00s Sys=0.00s Real=0.00s
[2026-07-01T01:42:36.358+0000][63.105s][info][gc,start       ] GC(200) Pause Full (Allocation Failure)
[2026-07-01T01:42:36.358+0000][63.105s][info][gc,phases,start] GC(200) Phase 1: Mark live objects
[2026-07-01T01:42:36.465+0000][63.212s][info][gc,phases      ] GC(200) Phase 1: Mark live objects 106.530ms
[2026-07-01T01:42:36.465+0000][63.212s][info][gc,phases,start] GC(200) Phase 2: Compute new object addresses
[2026-07-01T01:42:36.514+0000][63.261s][info][gc,phases      ] GC(200) Phase 2: Compute new object addresses 48.934ms
[2026-07-01T01:42:36.514+0000][63.261s][info][gc,phases,start] GC(200) Phase 3: Adjust pointers
[2026-07-01T01:42:36.566+0000][63.313s][info][gc,phases      ] GC(200) Phase 3: Adjust pointers 52.280ms
[2026-07-01T01:42:36.566+0000][63.313s][info][gc,phases,start] GC(200) Phase 4: Move objects
[2026-07-01T01:42:36.567+0000][63.314s][info][gc,phases      ] GC(200) Phase 4: Move objects 0.576ms
[2026-07-01T01:42:36.567+0000][63.314s][info][gc,heap        ] GC(200) DefNew: 69952K(78656K)->0K(78656K) Eden: 69952K(69952K)->0K(69952K) From: 0K(8704K)->0K(8704K)
[2026-07-01T01:42:36.567+0000][63.314s][info][gc,heap        ] GC(200) Tenured: 166604K(174784K)->168337K(174784K)
[2026-07-01T01:42:36.567+0000][63.314s][info][gc,metaspace   ] GC(200) Metaspace: 41336K(42496K)->41336K(42496K) NonClass: 36310K(36992K)->36310K(36992K) Class: 5026K(5504K)->5026K(5504K)
[2026-07-01T01:42:36.567+0000][63.314s][info][gc             ] GC(200) Pause Full (Allocation Failure) 231M->164M(247M) 208.700ms
[2026-07-01T01:42:36.567+0000][63.314s][info][gc,cpu         ] GC(200) User=0.21s Sys=0.00s Real=0.20s
[2026-07-01T01:42:36.874+0000][63.621s][info][gc,start       ] GC(201) Pause Young (Allocation Failure)
[2026-07-01T01:42:36.874+0000][63.621s][info][gc             ] GC(201) Pause Young (Allocation Failure) 232M->232M(247M) 0.118ms
[2026-07-01T01:42:36.874+0000][63.621s][info][gc,cpu         ] GC(201) User=0.00s Sys=0.00s Real=0.00s
[2026-07-01T01:42:36.874+0000][63.621s][info][gc,start       ] GC(202) Pause Full (Allocation Failure)
[2026-07-01T01:42:36.874+0000][63.621s][info][gc,phases,start] GC(202) Phase 1: Mark live objects
[2026-07-01T01:42:36.978+0000][63.725s][info][gc,phases      ] GC(202) Phase 1: Mark live objects 103.955ms
[2026-07-01T01:42:36.978+0000][63.725s][info][gc,phases,start] GC(202) Phase 2: Compute new object addresses
[2026-07-01T01:42:37.027+0000][63.774s][info][gc,phases      ] GC(202) Phase 2: Compute new object addresses 49.213ms
[2026-07-01T01:42:37.027+0000][63.774s][info][gc,phases,start] GC(202) Phase 3: Adjust pointers
[2026-07-01T01:42:37.080+0000][63.827s][info][gc,phases      ] GC(202) Phase 3: Adjust pointers 52.411ms
[2026-07-01T01:42:37.080+0000][63.827s][info][gc,phases,start] GC(202) Phase 4: Move objects
[2026-07-01T01:42:37.080+0000][63.827s][info][gc,phases      ] GC(202) Phase 4: Move objects 0.603ms
[2026-07-01T01:42:37.081+0000][63.828s][info][gc,heap        ] GC(202) DefNew: 69952K(78656K)->0K(78656K) Eden: 69952K(69952K)->0K(69952K) From: 0K(8704K)->0K(8704K)
[2026-07-01T01:42:37.081+0000][63.828s][info][gc,heap        ] GC(202) Tenured: 168337K(174784K)->168831K(174784K)
[2026-07-01T01:42:37.081+0000][63.828s][info][gc,metaspace   ] GC(202) Metaspace: 41337K(42496K)->41337K(42496K) NonClass: 36310K(36992K)->36310K(36992K) Class: 5026K(5504K)->5026K(5504K)
[2026-07-01T01:42:37.081+0000][63.828s][info][gc             ] GC(202) Pause Full (Allocation Failure) 232M->164M(247M) 206.572ms
[2026-07-01T01:42:37.081+0000][63.828s][info][gc,cpu         ] GC(202) User=0.20s Sys=0.00s Real=0.21s
[2026-07-01T01:42:37.550+0000][64.297s][info][gc,start       ] GC(203) Pause Young (Allocation Failure)
[2026-07-01T01:42:37.550+0000][64.297s][info][gc             ] GC(203) Pause Young (Allocation Failure) 233M->233M(247M) 0.108ms
[2026-07-01T01:42:37.550+0000][64.297s][info][gc,cpu         ] GC(203) User=0.00s Sys=0.00s Real=0.00s
[2026-07-01T01:42:37.550+0000][64.297s][info][gc,start       ] GC(204) Pause Full (Allocation Failure)
[2026-07-01T01:42:37.550+0000][64.297s][info][gc,phases,start] GC(204) Phase 1: Mark live objects
[2026-07-01T01:42:37.723+0000][64.470s][info][gc,phases      ] GC(204) Phase 1: Mark live objects 172.298ms
[2026-07-01T01:42:37.723+0000][64.470s][info][gc,phases,start] GC(204) Phase 2: Compute new object addresses
[2026-07-01T01:42:37.790+0000][64.537s][info][gc,phases      ] GC(204) Phase 2: Compute new object addresses 67.622ms
[2026-07-01T01:42:37.790+0000][64.537s][info][gc,phases,start] GC(204) Phase 3: Adjust pointers
[2026-07-01T01:42:37.873+0000][64.620s][info][gc,phases      ] GC(204) Phase 3: Adjust pointers 82.764ms
[2026-07-01T01:42:37.873+0000][64.620s][info][gc,phases,start] GC(204) Phase 4: Move objects
[2026-07-01T01:42:37.912+0000][64.658s][info][gc,phases      ] GC(204) Phase 4: Move objects 38.404ms
[2026-07-01T01:42:37.912+0000][64.659s][info][gc,heap        ] GC(204) DefNew: 69952K(78656K)->0K(78656K) Eden: 69952K(69952K)->0K(69952K) From: 0K(8704K)->0K(8704K)
[2026-07-01T01:42:37.912+0000][64.659s][info][gc,heap        ] GC(204) Tenured: 168831K(174784K)->166425K(174784K)
[2026-07-01T01:42:37.912+0000][64.659s][info][gc,metaspace   ] GC(204) Metaspace: 41337K(42496K)->41337K(42496K) NonClass: 36310K(36992K)->36310K(36992K) Class: 5026K(5504K)->5026K(5504K)
[2026-07-01T01:42:37.912+0000][64.659s][info][gc             ] GC(204) Pause Full (Allocation Failure) 233M->162M(247M) 361.576ms
[2026-07-01T01:42:37.912+0000][64.659s][info][gc,cpu         ] GC(204) User=0.36s Sys=0.00s Real=0.36s
[2026-07-01T01:42:38.369+0000][65.116s][info][gc,start       ] GC(205) Pause Young (Allocation Failure)
[2026-07-01T01:42:38.370+0000][65.117s][info][gc             ] GC(205) Pause Young (Allocation Failure) 230M->230M(247M) 0.120ms
[2026-07-01T01:42:38.370+0000][65.117s][info][gc,cpu         ] GC(205) User=0.00s Sys=0.00s Real=0.00s
[2026-07-01T01:42:38.370+0000][65.117s][info][gc,start       ] GC(206) Pause Full (Allocation Failure)
[2026-07-01T01:42:38.370+0000][65.117s][info][gc,phases,start] GC(206) Phase 1: Mark live objects
[2026-07-01T01:42:38.538+0000][65.285s][info][gc,phases      ] GC(206) Phase 1: Mark live objects 168.559ms
[2026-07-01T01:42:38.538+0000][65.285s][info][gc,phases,start] GC(206) Phase 2: Compute new object addresses
[2026-07-01T01:42:38.604+0000][65.351s][info][gc,phases      ] GC(206) Phase 2: Compute new object addresses 65.484ms
[2026-07-01T01:42:38.604+0000][65.351s][info][gc,phases,start] GC(206) Phase 3: Adjust pointers
[2026-07-01T01:42:38.663+0000][65.410s][info][gc,phases      ] GC(206) Phase 3: Adjust pointers 59.537ms
[2026-07-01T01:42:38.663+0000][65.410s][info][gc,phases,start] GC(206) Phase 4: Move objects
[2026-07-01T01:42:38.664+0000][65.411s][info][gc,phases      ] GC(206) Phase 4: Move objects 0.482ms
[2026-07-01T01:42:38.664+0000][65.411s][info][gc,heap        ] GC(206) DefNew: 69952K(78656K)->0K(78656K) Eden: 69952K(69952K)->0K(69952K) From: 0K(8704K)->0K(8704K)
[2026-07-01T01:42:38.664+0000][65.411s][info][gc,heap        ] GC(206) Tenured: 166425K(174784K)->167657K(174784K)
[2026-07-01T01:42:38.664+0000][65.411s][info][gc,metaspace   ] GC(206) Metaspace: 41339K(42496K)->41339K(42496K) NonClass: 36313K(36992K)->36313K(36992K) Class: 5026K(5504K)->5026K(5504K)
[2026-07-01T01:42:38.664+0000][65.411s][info][gc             ] GC(206) Pause Full (Allocation Failure) 230M->163M(247M) 294.483ms
[2026-07-01T01:42:38.664+0000][65.411s][info][gc,cpu         ] GC(206) User=0.30s Sys=0.00s Real=0.29s
[2026-07-01T01:42:39.008+0000][65.755s][info][gc,start       ] GC(207) Pause Young (Allocation Failure)
[2026-07-01T01:42:39.008+0000][65.755s][info][gc             ] GC(207) Pause Young (Allocation Failure) 232M->232M(247M) 0.094ms
[2026-07-01T01:42:39.008+0000][65.755s][info][gc,cpu         ] GC(207) User=0.00s Sys=0.00s Real=0.00s
[2026-07-01T01:42:39.008+0000][65.755s][info][gc,start       ] GC(208) Pause Full (Allocation Failure)
[2026-07-01T01:42:39.008+0000][65.755s][info][gc,phases,start] GC(208) Phase 1: Mark live objects
[2026-07-01T01:42:39.117+0000][65.864s][info][gc,phases      ] GC(208) Phase 1: Mark live objects 109.014ms
[2026-07-01T01:42:39.117+0000][65.864s][info][gc,phases,start] GC(208) Phase 2: Compute new object addresses
[2026-07-01T01:42:39.166+0000][65.913s][info][gc,phases      ] GC(208) Phase 2: Compute new object addresses 49.323ms
[2026-07-01T01:42:39.166+0000][65.913s][info][gc,phases,start] GC(208) Phase 3: Adjust pointers
[2026-07-01T01:42:39.219+0000][65.966s][info][gc,phases      ] GC(208) Phase 3: Adjust pointers 53.172ms
[2026-07-01T01:42:39.220+0000][65.966s][info][gc,phases,start] GC(208) Phase 4: Move objects
[2026-07-01T01:42:39.220+0000][65.967s][info][gc,phases      ] GC(208) Phase 4: Move objects 0.388ms
[2026-07-01T01:42:39.220+0000][65.967s][info][gc,heap        ] GC(208) DefNew: 69952K(78656K)->0K(78656K) Eden: 69952K(69952K)->0K(69952K) From: 0K(8704K)->0K(8704K)
[2026-07-01T01:42:39.220+0000][65.967s][info][gc,heap        ] GC(208) Tenured: 167657K(174784K)->168313K(174784K)
[2026-07-01T01:42:39.220+0000][65.967s][info][gc,metaspace   ] GC(208) Metaspace: 41339K(42496K)->41339K(42496K) NonClass: 36313K(36992K)->36313K(36992K) Class: 5026K(5504K)->5026K(5504K)
[2026-07-01T01:42:39.220+0000][65.967s][info][gc             ] GC(208) Pause Full (Allocation Failure) 232M->164M(247M) 212.288ms
[2026-07-01T01:42:39.220+0000][65.967s][info][gc,cpu         ] GC(208) User=0.21s Sys=0.00s Real=0.22s
[2026-07-01T01:42:39.543+0000][66.290s][info][gc,start       ] GC(209) Pause Young (Allocation Failure)
[2026-07-01T01:42:39.544+0000][66.290s][info][gc             ] GC(209) Pause Young (Allocation Failure) 232M->232M(247M) 0.114ms
[2026-07-01T01:42:39.544+0000][66.290s][info][gc,cpu         ] GC(209) User=0.00s Sys=0.00s Real=0.00s
[2026-07-01T01:42:39.544+0000][66.291s][info][gc,start       ] GC(210) Pause Full (Allocation Failure)
[2026-07-01T01:42:39.544+0000][66.291s][info][gc,phases,start] GC(210) Phase 1: Mark live objects
[2026-07-01T01:42:39.652+0000][66.399s][info][gc,phases      ] GC(210) Phase 1: Mark live objects 108.021ms
[2026-07-01T01:42:39.652+0000][66.399s][info][gc,phases,start] GC(210) Phase 2: Compute new object addresses
[2026-07-01T01:42:39.701+0000][66.448s][info][gc,phases      ] GC(210) Phase 2: Compute new object addresses 49.287ms
[2026-07-01T01:42:39.701+0000][66.448s][info][gc,phases,start] GC(210) Phase 3: Adjust pointers
[2026-07-01T01:42:39.754+0000][66.501s][info][gc,phases      ] GC(210) Phase 3: Adjust pointers 53.352ms
[2026-07-01T01:42:39.754+0000][66.501s][info][gc,phases,start] GC(210) Phase 4: Move objects
[2026-07-01T01:42:39.755+0000][66.502s][info][gc,phases      ] GC(210) Phase 4: Move objects 0.496ms
[2026-07-01T01:42:39.755+0000][66.502s][info][gc,heap        ] GC(210) DefNew: 69952K(78656K)->0K(78656K) Eden: 69952K(69952K)->0K(69952K) From: 0K(8704K)->0K(8704K)
[2026-07-01T01:42:39.755+0000][66.502s][info][gc,heap        ] GC(210) Tenured: 168313K(174784K)->169811K(174784K)
[2026-07-01T01:42:39.755+0000][66.502s][info][gc,metaspace   ] GC(210) Metaspace: 41344K(42496K)->41344K(42496K) NonClass: 36318K(36992K)->36318K(36992K) Class: 5026K(5504K)->5026K(5504K)
[2026-07-01T01:42:39.755+0000][66.502s][info][gc             ] GC(210) Pause Full (Allocation Failure) 232M->165M(247M) 211.545ms
[2026-07-01T01:42:39.755+0000][66.502s][info][gc,cpu         ] GC(210) User=0.21s Sys=0.00s Real=0.21s
[2026-07-01T01:42:40.067+0000][66.814s][info][gc,start       ] GC(211) Pause Young (Allocation Failure)
[2026-07-01T01:42:40.067+0000][66.814s][info][gc             ] GC(211) Pause Young (Allocation Failure) 234M->234M(247M) 0.095ms
[2026-07-01T01:42:40.067+0000][66.814s][info][gc,cpu         ] GC(211) User=0.00s Sys=0.00s Real=0.00s
[2026-07-01T01:42:40.067+0000][66.814s][info][gc,start       ] GC(212) Pause Full (Allocation Failure)
[2026-07-01T01:42:40.067+0000][66.814s][info][gc,phases,start] GC(212) Phase 1: Mark live objects
[2026-07-01T01:42:40.174+0000][66.921s][info][gc,phases      ] GC(212) Phase 1: Mark live objects 107.456ms
[2026-07-01T01:42:40.174+0000][66.921s][info][gc,phases,start] GC(212) Phase 2: Compute new object addresses
[2026-07-01T01:42:40.223+0000][66.970s][info][gc,phases      ] GC(212) Phase 2: Compute new object addresses 48.921ms
[2026-07-01T01:42:40.223+0000][66.970s][info][gc,phases,start] GC(212) Phase 3: Adjust pointers
[2026-07-01T01:42:40.281+0000][67.028s][info][gc,phases      ] GC(212) Phase 3: Adjust pointers 58.280ms
[2026-07-01T01:42:40.282+0000][67.028s][info][gc,phases,start] GC(212) Phase 4: Move objects
[2026-07-01T01:42:40.312+0000][67.059s][info][gc,phases      ] GC(212) Phase 4: Move objects 30.864ms
[2026-07-01T01:42:40.313+0000][67.060s][info][gc,heap        ] GC(212) DefNew: 69952K(78656K)->0K(78656K) Eden: 69952K(69952K)->0K(69952K) From: 0K(8704K)->0K(8704K)
[2026-07-01T01:42:40.313+0000][67.060s][info][gc,heap        ] GC(212) Tenured: 169811K(174784K)->167206K(174784K)
[2026-07-01T01:42:40.313+0000][67.060s][info][gc,metaspace   ] GC(212) Metaspace: 41346K(42496K)->41346K(42496K) NonClass: 36319K(36992K)->36319K(36992K) Class: 5026K(5504K)->5026K(5504K)
[2026-07-01T01:42:40.313+0000][67.060s][info][gc             ] GC(212) Pause Full (Allocation Failure) 234M->163M(247M) 245.933ms
[2026-07-01T01:42:40.313+0000][67.060s][info][gc,cpu         ] GC(212) User=0.25s Sys=0.00s Real=0.25s
[2026-07-01T01:42:40.621+0000][67.368s][info][gc,start       ] GC(213) Pause Young (Allocation Failure)
[2026-07-01T01:42:40.621+0000][67.368s][info][gc             ] GC(213) Pause Young (Allocation Failure) 231M->231M(247M) 0.107ms
[2026-07-01T01:42:40.621+0000][67.368s][info][gc,cpu         ] GC(213) User=0.00s Sys=0.00s Real=0.00s
[2026-07-01T01:42:40.621+0000][67.368s][info][gc,start       ] GC(214) Pause Full (Allocation Failure)
[2026-07-01T01:42:40.621+0000][67.368s][info][gc,phases,start] GC(214) Phase 1: Mark live objects
[2026-07-01T01:42:40.732+0000][67.479s][info][gc,phases      ] GC(214) Phase 1: Mark live objects 110.758ms
[2026-07-01T01:42:40.732+0000][67.479s][info][gc,phases,start] GC(214) Phase 2: Compute new object addresses
[2026-07-01T01:42:40.782+0000][67.528s][info][gc,phases      ] GC(214) Phase 2: Compute new object addresses 49.414ms
[2026-07-01T01:42:40.782+0000][67.529s][info][gc,phases,start] GC(214) Phase 3: Adjust pointers
[2026-07-01T01:42:40.836+0000][67.583s][info][gc,phases      ] GC(214) Phase 3: Adjust pointers 54.188ms
[2026-07-01T01:42:40.836+0000][67.583s][info][gc,phases,start] GC(214) Phase 4: Move objects
[2026-07-01T01:42:40.836+0000][67.583s][info][gc,phases      ] GC(214) Phase 4: Move objects 0.374ms
[2026-07-01T01:42:40.836+0000][67.583s][info][gc,heap        ] GC(214) DefNew: 69952K(78656K)->0K(78656K) Eden: 69952K(69952K)->0K(69952K) From: 0K(8704K)->0K(8704K)
[2026-07-01T01:42:40.836+0000][67.583s][info][gc,heap        ] GC(214) Tenured: 167206K(174784K)->167911K(174784K)
[2026-07-01T01:42:40.836+0000][67.583s][info][gc,metaspace   ] GC(214) Metaspace: 41346K(42496K)->41346K(42496K) NonClass: 36319K(36992K)->36319K(36992K) Class: 5026K(5504K)->5026K(5504K)
[2026-07-01T01:42:40.836+0000][67.583s][info][gc             ] GC(214) Pause Full (Allocation Failure) 231M->163M(247M) 215.107ms
[2026-07-01T01:42:40.836+0000][67.583s][info][gc,cpu         ] GC(214) User=0.22s Sys=0.00s Real=0.21s
[2026-07-01T01:42:41.147+0000][67.894s][info][gc,start       ] GC(215) Pause Young (Allocation Failure)
[2026-07-01T01:42:41.147+0000][67.894s][info][gc             ] GC(215) Pause Young (Allocation Failure) 232M->232M(247M) 0.107ms
[2026-07-01T01:42:41.147+0000][67.894s][info][gc,cpu         ] GC(215) User=0.00s Sys=0.00s Real=0.00s
[2026-07-01T01:42:41.147+0000][67.894s][info][gc,start       ] GC(216) Pause Full (Allocation Failure)
[2026-07-01T01:42:41.147+0000][67.894s][info][gc,phases,start] GC(216) Phase 1: Mark live objects
[2026-07-01T01:42:41.260+0000][68.007s][info][gc,phases      ] GC(216) Phase 1: Mark live objects 112.551ms
[2026-07-01T01:42:41.260+0000][68.007s][info][gc,phases,start] GC(216) Phase 2: Compute new object addresses
[2026-07-01T01:42:41.309+0000][68.056s][info][gc,phases      ] GC(216) Phase 2: Compute new object addresses 49.407ms
[2026-07-01T01:42:41.309+0000][68.056s][info][gc,phases,start] GC(216) Phase 3: Adjust pointers
[2026-07-01T01:42:41.363+0000][68.110s][info][gc,phases      ] GC(216) Phase 3: Adjust pointers 53.969ms
[2026-07-01T01:42:41.363+0000][68.110s][info][gc,phases,start] GC(216) Phase 4: Move objects
[2026-07-01T01:42:41.364+0000][68.111s][info][gc,phases      ] GC(216) Phase 4: Move objects 0.501ms
[2026-07-01T01:42:41.364+0000][68.111s][info][gc,heap        ] GC(216) DefNew: 69952K(78656K)->0K(78656K) Eden: 69952K(69952K)->0K(69952K) From: 0K(8704K)->0K(8704K)
[2026-07-01T01:42:41.364+0000][68.111s][info][gc,heap        ] GC(216) Tenured: 167911K(174784K)->169467K(174784K)
[2026-07-01T01:42:41.364+0000][68.111s][info][gc,metaspace   ] GC(216) Metaspace: 41347K(42496K)->41347K(42496K) NonClass: 36321K(36992K)->36321K(36992K) Class: 5026K(5504K)->5026K(5504K)
[2026-07-01T01:42:41.364+0000][68.111s][info][gc             ] GC(216) Pause Full (Allocation Failure) 232M->165M(247M) 216.820ms
[2026-07-01T01:42:41.364+0000][68.111s][info][gc,cpu         ] GC(216) User=0.22s Sys=0.00s Real=0.22s
[2026-07-01T01:42:41.668+0000][68.414s][info][gc,start       ] GC(217) Pause Young (Allocation Failure)
[2026-07-01T01:42:41.668+0000][68.415s][info][gc             ] GC(217) Pause Young (Allocation Failure) 233M->233M(247M) 0.101ms
[2026-07-01T01:42:41.668+0000][68.415s][info][gc,cpu         ] GC(217) User=0.00s Sys=0.00s Real=0.00s
[2026-07-01T01:42:41.668+0000][68.415s][info][gc,start       ] GC(218) Pause Full (Allocation Failure)
[2026-07-01T01:42:41.668+0000][68.415s][info][gc,phases,start] GC(218) Phase 1: Mark live objects
[2026-07-01T01:42:41.781+0000][68.528s][info][gc,phases      ] GC(218) Phase 1: Mark live objects 113.732ms
[2026-07-01T01:42:41.781+0000][68.528s][info][gc,phases,start] GC(218) Phase 2: Compute new object addresses
[2026-07-01T01:42:41.831+0000][68.578s][info][gc,phases      ] GC(218) Phase 2: Compute new object addresses 49.694ms
[2026-07-01T01:42:41.831+0000][68.578s][info][gc,phases,start] GC(218) Phase 3: Adjust pointers
[2026-07-01T01:42:41.887+0000][68.633s][info][gc,phases      ] GC(218) Phase 3: Adjust pointers 55.361ms
[2026-07-01T01:42:41.887+0000][68.633s][info][gc,phases,start] GC(218) Phase 4: Move objects
[2026-07-01T01:42:41.887+0000][68.634s][info][gc,phases      ] GC(218) Phase 4: Move objects 0.336ms
[2026-07-01T01:42:41.887+0000][68.634s][info][gc,heap        ] GC(218) DefNew: 69952K(78656K)->0K(78656K) Eden: 69952K(69952K)->0K(69952K) From: 0K(8704K)->0K(8704K)
[2026-07-01T01:42:41.887+0000][68.634s][info][gc,heap        ] GC(218) Tenured: 169467K(174784K)->170036K(174784K)
[2026-07-01T01:42:41.887+0000][68.634s][info][gc,metaspace   ] GC(218) Metaspace: 41347K(42496K)->41347K(42496K) NonClass: 36321K(36992K)->36321K(36992K) Class: 5026K(5504K)->5026K(5504K)
[2026-07-01T01:42:41.887+0000][68.634s][info][gc             ] GC(218) Pause Full (Allocation Failure) 233M->166M(247M) 219.523ms
[2026-07-01T01:42:41.887+0000][68.634s][info][gc,cpu         ] GC(218) User=0.21s Sys=0.00s Real=0.22s
[2026-07-01T01:42:42.211+0000][68.958s][info][gc,start       ] GC(219) Pause Young (Allocation Failure)
[2026-07-01T01:42:42.211+0000][68.958s][info][gc             ] GC(219) Pause Young (Allocation Failure) 234M->234M(247M) 0.099ms
[2026-07-01T01:42:42.211+0000][68.958s][info][gc,cpu         ] GC(219) User=0.00s Sys=0.00s Real=0.00s
[2026-07-01T01:42:42.211+0000][68.958s][info][gc,start       ] GC(220) Pause Full (Allocation Failure)
[2026-07-01T01:42:42.211+0000][68.958s][info][gc,phases,start] GC(220) Phase 1: Mark live objects
[2026-07-01T01:42:42.324+0000][69.071s][info][gc,phases      ] GC(220) Phase 1: Mark live objects 113.151ms
[2026-07-01T01:42:42.324+0000][69.071s][info][gc,phases,start] GC(220) Phase 2: Compute new object addresses
[2026-07-01T01:42:42.374+0000][69.120s][info][gc,phases      ] GC(220) Phase 2: Compute new object addresses 49.070ms
[2026-07-01T01:42:42.374+0000][69.120s][info][gc,phases,start] GC(220) Phase 3: Adjust pointers
[2026-07-01T01:42:42.433+0000][69.180s][info][gc,phases      ] GC(220) Phase 3: Adjust pointers 59.043ms
[2026-07-01T01:42:42.433+0000][69.180s][info][gc,phases,start] GC(220) Phase 4: Move objects
[2026-07-01T01:42:42.464+0000][69.210s][info][gc,phases      ] GC(220) Phase 4: Move objects 30.875ms
[2026-07-01T01:42:42.464+0000][69.211s][info][gc,heap        ] GC(220) DefNew: 69952K(78656K)->0K(78656K) Eden: 69952K(69952K)->0K(69952K) From: 0K(8704K)->0K(8704K)
[2026-07-01T01:42:42.464+0000][69.211s][info][gc,heap        ] GC(220) Tenured: 170036K(174784K)->167909K(174784K)
[2026-07-01T01:42:42.464+0000][69.211s][info][gc,metaspace   ] GC(220) Metaspace: 41350K(42496K)->41350K(42496K) NonClass: 36323K(36992K)->36323K(36992K) Class: 5026K(5504K)->5026K(5504K)
[2026-07-01T01:42:42.464+0000][69.211s][info][gc             ] GC(220) Pause Full (Allocation Failure) 234M->163M(247M) 252.566ms
[2026-07-01T01:42:42.464+0000][69.211s][info][gc,cpu         ] GC(220) User=0.25s Sys=0.00s Real=0.25s
[2026-07-01T01:42:42.773+0000][69.520s][info][gc,start       ] GC(221) Pause Young (Allocation Failure)
[2026-07-01T01:42:42.774+0000][69.520s][info][gc             ] GC(221) Pause Young (Allocation Failure) 232M->232M(247M) 0.141ms
[2026-07-01T01:42:42.774+0000][69.520s][info][gc,cpu         ] GC(221) User=0.00s Sys=0.00s Real=0.00s
[2026-07-01T01:42:42.774+0000][69.520s][info][gc,start       ] GC(222) Pause Full (Allocation Failure)
[2026-07-01T01:42:42.774+0000][69.521s][info][gc,phases,start] GC(222) Phase 1: Mark live objects
[2026-07-01T01:42:42.885+0000][69.632s][info][gc,phases      ] GC(222) Phase 1: Mark live objects 110.996ms
[2026-07-01T01:42:42.885+0000][69.632s][info][gc,phases,start] GC(222) Phase 2: Compute new object addresses
[2026-07-01T01:42:42.934+0000][69.681s][info][gc,phases      ] GC(222) Phase 2: Compute new object addresses 49.598ms
[2026-07-01T01:42:42.934+0000][69.681s][info][gc,phases,start] GC(222) Phase 3: Adjust pointers
[2026-07-01T01:42:42.989+0000][69.736s][info][gc,phases      ] GC(222) Phase 3: Adjust pointers 54.936ms
[2026-07-01T01:42:42.989+0000][69.736s][info][gc,phases,start] GC(222) Phase 4: Move objects
[2026-07-01T01:42:42.990+0000][69.737s][info][gc,phases      ] GC(222) Phase 4: Move objects 0.550ms
[2026-07-01T01:42:42.990+0000][69.737s][info][gc,heap        ] GC(222) DefNew: 69952K(78656K)->0K(78656K) Eden: 69952K(69952K)->0K(69952K) From: 0K(8704K)->0K(8704K)
[2026-07-01T01:42:42.990+0000][69.737s][info][gc,heap        ] GC(222) Tenured: 167909K(174784K)->169375K(174784K)
[2026-07-01T01:42:42.990+0000][69.737s][info][gc,metaspace   ] GC(222) Metaspace: 41350K(42496K)->41350K(42496K) NonClass: 36323K(36992K)->36323K(36992K) Class: 5026K(5504K)->5026K(5504K)
[2026-07-01T01:42:42.990+0000][69.737s][info][gc             ] GC(222) Pause Full (Allocation Failure) 232M->165M(247M) 216.476ms
[2026-07-01T01:42:42.990+0000][69.737s][info][gc,cpu         ] GC(222) User=0.21s Sys=0.00s Real=0.22s
[2026-07-01T01:42:43.296+0000][70.043s][info][gc,start       ] GC(223) Pause Young (Allocation Failure)
[2026-07-01T01:42:43.296+0000][70.043s][info][gc             ] GC(223) Pause Young (Allocation Failure) 233M->233M(247M) 0.096ms
[2026-07-01T01:42:43.296+0000][70.043s][info][gc,cpu         ] GC(223) User=0.00s Sys=0.00s Real=0.00s
[2026-07-01T01:42:43.296+0000][70.043s][info][gc,start       ] GC(224) Pause Full (Allocation Failure)
[2026-07-01T01:42:43.296+0000][70.043s][info][gc,phases,start] GC(224) Phase 1: Mark live objects
[2026-07-01T01:42:43.415+0000][70.162s][info][gc,phases      ] GC(224) Phase 1: Mark live objects 118.207ms
[2026-07-01T01:42:43.415+0000][70.162s][info][gc,phases,start] GC(224) Phase 2: Compute new object addresses
[2026-07-01T01:42:43.465+0000][70.211s][info][gc,phases      ] GC(224) Phase 2: Compute new object addresses 49.807ms
[2026-07-01T01:42:43.465+0000][70.211s][info][gc,phases,start] GC(224) Phase 3: Adjust pointers
[2026-07-01T01:42:43.520+0000][70.267s][info][gc,phases      ] GC(224) Phase 3: Adjust pointers 55.166ms
[2026-07-01T01:42:43.520+0000][70.267s][info][gc,phases,start] GC(224) Phase 4: Move objects
[2026-07-01T01:42:43.520+0000][70.267s][info][gc,phases      ] GC(224) Phase 4: Move objects 0.371ms
[2026-07-01T01:42:43.520+0000][70.267s][info][gc,heap        ] GC(224) DefNew: 69952K(78656K)->0K(78656K) Eden: 69952K(69952K)->0K(69952K) From: 0K(8704K)->0K(8704K)
[2026-07-01T01:42:43.520+0000][70.267s][info][gc,heap        ] GC(224) Tenured: 169375K(174784K)->169977K(174784K)
[2026-07-01T01:42:43.520+0000][70.267s][info][gc,metaspace   ] GC(224) Metaspace: 41350K(42496K)->41350K(42496K) NonClass: 36323K(36992K)->36323K(36992K) Class: 5026K(5504K)->5026K(5504K)
[2026-07-01T01:42:43.520+0000][70.267s][info][gc             ] GC(224) Pause Full (Allocation Failure) 233M->165M(247M) 223.946ms
[2026-07-01T01:42:43.520+0000][70.267s][info][gc,cpu         ] GC(224) User=0.23s Sys=0.00s Real=0.23s
[2026-07-01T01:42:44.062+0000][70.809s][info][gc,start       ] GC(225) Pause Young (Allocation Failure)
[2026-07-01T01:42:44.063+0000][70.809s][info][gc             ] GC(225) Pause Young (Allocation Failure) 234M->234M(247M) 0.121ms
[2026-07-01T01:42:44.063+0000][70.810s][info][gc,cpu         ] GC(225) User=0.00s Sys=0.00s Real=0.00s
[2026-07-01T01:42:44.063+0000][70.810s][info][gc,start       ] GC(226) Pause Full (Allocation Failure)
[2026-07-01T01:42:44.063+0000][70.810s][info][gc,phases,start] GC(226) Phase 1: Mark live objects
[2026-07-01T01:42:44.257+0000][71.004s][info][gc,phases      ] GC(226) Phase 1: Mark live objects 194.068ms
[2026-07-01T01:42:44.257+0000][71.004s][info][gc,phases,start] GC(226) Phase 2: Compute new object addresses
[2026-07-01T01:42:44.326+0000][71.073s][info][gc,phases      ] GC(226) Phase 2: Compute new object addresses 69.606ms
[2026-07-01T01:42:44.326+0000][71.073s][info][gc,phases,start] GC(226) Phase 3: Adjust pointers
[2026-07-01T01:42:44.403+0000][71.150s][info][gc,phases      ] GC(226) Phase 3: Adjust pointers 76.859ms
[2026-07-01T01:42:44.403+0000][71.150s][info][gc,phases,start] GC(226) Phase 4: Move objects
[2026-07-01T01:42:44.404+0000][71.151s][info][gc,phases      ] GC(226) Phase 4: Move objects 0.795ms
[2026-07-01T01:42:44.404+0000][71.151s][info][gc,heap        ] GC(226) DefNew: 69952K(78656K)->0K(78656K) Eden: 69952K(69952K)->0K(69952K) From: 0K(8704K)->0K(8704K)
[2026-07-01T01:42:44.404+0000][71.151s][info][gc,heap        ] GC(226) Tenured: 169977K(174784K)->171259K(174784K)
[2026-07-01T01:42:44.404+0000][71.151s][info][gc,metaspace   ] GC(226) Metaspace: 41350K(42496K)->41350K(42496K) NonClass: 36323K(36992K)->36323K(36992K) Class: 5026K(5504K)->5026K(5504K)
[2026-07-01T01:42:44.404+0000][71.151s][info][gc             ] GC(226) Pause Full (Allocation Failure) 234M->167M(247M) 341.896ms
[2026-07-01T01:42:44.405+0000][71.151s][info][gc,cpu         ] GC(226) User=0.33s Sys=0.00s Real=0.34s
[2026-07-01T01:42:44.836+0000][71.583s][info][gc,start       ] GC(227) Pause Young (Allocation Failure)
[2026-07-01T01:42:44.836+0000][71.583s][info][gc             ] GC(227) Pause Young (Allocation Failure) 235M->235M(247M) 0.101ms
[2026-07-01T01:42:44.836+0000][71.583s][info][gc,cpu         ] GC(227) User=0.00s Sys=0.00s Real=0.00s
[2026-07-01T01:42:44.837+0000][71.583s][info][gc,start       ] GC(228) Pause Full (Allocation Failure)
[2026-07-01T01:42:44.837+0000][71.583s][info][gc,phases,start] GC(228) Phase 1: Mark live objects
[2026-07-01T01:42:45.014+0000][71.760s][info][gc,phases      ] GC(228) Phase 1: Mark live objects 177.020ms
[2026-07-01T01:42:45.014+0000][71.761s][info][gc,phases,start] GC(228) Phase 2: Compute new object addresses
[2026-07-01T01:42:45.081+0000][71.828s][info][gc,phases      ] GC(228) Phase 2: Compute new object addresses 67.692ms
[2026-07-01T01:42:45.081+0000][71.828s][info][gc,phases,start] GC(228) Phase 3: Adjust pointers
[2026-07-01T01:42:45.168+0000][71.915s][info][gc,phases      ] GC(228) Phase 3: Adjust pointers 86.555ms
[2026-07-01T01:42:45.168+0000][71.915s][info][gc,phases,start] GC(228) Phase 4: Move objects
[2026-07-01T01:42:45.207+0000][71.954s][info][gc,phases      ] GC(228) Phase 4: Move objects 38.755ms
[2026-07-01T01:42:45.207+0000][71.954s][info][gc,heap        ] GC(228) DefNew: 69952K(78656K)->0K(78656K) Eden: 69952K(69952K)->0K(69952K) From: 0K(8704K)->0K(8704K)
[2026-07-01T01:42:45.207+0000][71.954s][info][gc,heap        ] GC(228) Tenured: 171259K(174784K)->168574K(174784K)
[2026-07-01T01:42:45.207+0000][71.954s][info][gc,metaspace   ] GC(228) Metaspace: 41350K(42496K)->41350K(42496K) NonClass: 36323K(36992K)->36323K(36992K) Class: 5026K(5504K)->5026K(5504K)
[2026-07-01T01:42:45.207+0000][71.954s][info][gc             ] GC(228) Pause Full (Allocation Failure) 235M->164M(247M) 370.498ms
[2026-07-01T01:42:45.207+0000][71.954s][info][gc,cpu         ] GC(228) User=0.37s Sys=0.00s Real=0.37s
[2026-07-01T01:42:45.616+0000][72.363s][info][gc,start       ] GC(229) Pause Young (Allocation Failure)
[2026-07-01T01:42:45.616+0000][72.363s][info][gc             ] GC(229) Pause Young (Allocation Failure) 232M->232M(247M) 0.095ms
[2026-07-01T01:42:45.616+0000][72.363s][info][gc,cpu         ] GC(229) User=0.00s Sys=0.00s Real=0.00s
[2026-07-01T01:42:45.616+0000][72.363s][info][gc,start       ] GC(230) Pause Full (Allocation Failure)
[2026-07-01T01:42:45.616+0000][72.363s][info][gc,phases,start] GC(230) Phase 1: Mark live objects
[2026-07-01T01:42:45.731+0000][72.478s][info][gc,phases      ] GC(230) Phase 1: Mark live objects 115.108ms
[2026-07-01T01:42:45.731+0000][72.478s][info][gc,phases,start] GC(230) Phase 2: Compute new object addresses
[2026-07-01T01:42:45.781+0000][72.528s][info][gc,phases      ] GC(230) Phase 2: Compute new object addresses 49.872ms
[2026-07-01T01:42:45.781+0000][72.528s][info][gc,phases,start] GC(230) Phase 3: Adjust pointers
[2026-07-01T01:42:45.837+0000][72.584s][info][gc,phases      ] GC(230) Phase 3: Adjust pointers 55.311ms
[2026-07-01T01:42:45.837+0000][72.584s][info][gc,phases,start] GC(230) Phase 4: Move objects
[2026-07-01T01:42:45.837+0000][72.584s][info][gc,phases      ] GC(230) Phase 4: Move objects 0.360ms
[2026-07-01T01:42:45.837+0000][72.584s][info][gc,heap        ] GC(230) DefNew: 69952K(78656K)->0K(78656K) Eden: 69952K(69952K)->0K(69952K) From: 0K(8704K)->0K(8704K)
[2026-07-01T01:42:45.837+0000][72.584s][info][gc,heap        ] GC(230) Tenured: 168574K(174784K)->169186K(174784K)
[2026-07-01T01:42:45.837+0000][72.584s][info][gc,metaspace   ] GC(230) Metaspace: 41350K(42496K)->41350K(42496K) NonClass: 36324K(36992K)->36324K(36992K) Class: 5026K(5504K)->5026K(5504K)
[2026-07-01T01:42:45.837+0000][72.584s][info][gc             ] GC(230) Pause Full (Allocation Failure) 232M->165M(247M) 221.043ms
[2026-07-01T01:42:45.837+0000][72.584s][info][gc,cpu         ] GC(230) User=0.22s Sys=0.00s Real=0.22s
[2026-07-01T01:42:46.155+0000][72.902s][info][gc,start       ] GC(231) Pause Young (Allocation Failure)
[2026-07-01T01:42:46.155+0000][72.902s][info][gc             ] GC(231) Pause Young (Allocation Failure) 233M->233M(247M) 0.098ms
[2026-07-01T01:42:46.155+0000][72.902s][info][gc,cpu         ] GC(231) User=0.00s Sys=0.00s Real=0.00s
[2026-07-01T01:42:46.155+0000][72.902s][info][gc,start       ] GC(232) Pause Full (Allocation Failure)
[2026-07-01T01:42:46.156+0000][72.902s][info][gc,phases,start] GC(232) Phase 1: Mark live objects
[2026-07-01T01:42:46.271+0000][73.018s][info][gc,phases      ] GC(232) Phase 1: Mark live objects 115.594ms
[2026-07-01T01:42:46.271+0000][73.018s][info][gc,phases,start] GC(232) Phase 2: Compute new object addresses
[2026-07-01T01:42:46.321+0000][73.068s][info][gc,phases      ] GC(232) Phase 2: Compute new object addresses 49.940ms
[2026-07-01T01:42:46.321+0000][73.068s][info][gc,phases,start] GC(232) Phase 3: Adjust pointers
[2026-07-01T01:42:46.377+0000][73.124s][info][gc,phases      ] GC(232) Phase 3: Adjust pointers 55.666ms
[2026-07-01T01:42:46.377+0000][73.124s][info][gc,phases,start] GC(232) Phase 4: Move objects
[2026-07-01T01:42:46.377+0000][73.124s][info][gc,phases      ] GC(232) Phase 4: Move objects 0.568ms
[2026-07-01T01:42:46.378+0000][73.125s][info][gc,heap        ] GC(232) DefNew: 69952K(78656K)->0K(78656K) Eden: 69952K(69952K)->0K(69952K) From: 0K(8704K)->0K(8704K)
[2026-07-01T01:42:46.378+0000][73.125s][info][gc,heap        ] GC(232) Tenured: 169186K(174784K)->170870K(174784K)
[2026-07-01T01:42:46.378+0000][73.125s][info][gc,metaspace   ] GC(232) Metaspace: 41350K(42496K)->41350K(42496K) NonClass: 36324K(36992K)->36324K(36992K) Class: 5026K(5504K)->5026K(5504K)
[2026-07-01T01:42:46.378+0000][73.125s][info][gc             ] GC(232) Pause Full (Allocation Failure) 233M->166M(247M) 222.168ms
[2026-07-01T01:42:46.378+0000][73.125s][info][gc,cpu         ] GC(232) User=0.23s Sys=0.00s Real=0.22s
[2026-07-01T01:42:46.693+0000][73.440s][info][gc,start       ] GC(233) Pause Young (Allocation Failure)
[2026-07-01T01:42:46.694+0000][73.440s][info][gc             ] GC(233) Pause Young (Allocation Failure) 235M->235M(247M) 0.094ms
[2026-07-01T01:42:46.694+0000][73.440s][info][gc,cpu         ] GC(233) User=0.00s Sys=0.00s Real=0.00s
[2026-07-01T01:42:46.694+0000][73.440s][info][gc,start       ] GC(234) Pause Full (Allocation Failure)
[2026-07-01T01:42:46.694+0000][73.440s][info][gc,phases,start] GC(234) Phase 1: Mark live objects
[2026-07-01T01:42:46.807+0000][73.554s][info][gc,phases      ] GC(234) Phase 1: Mark live objects 113.268ms
[2026-07-01T01:42:46.807+0000][73.554s][info][gc,phases,start] GC(234) Phase 2: Compute new object addresses
[2026-07-01T01:42:46.857+0000][73.604s][info][gc,phases      ] GC(234) Phase 2: Compute new object addresses 49.986ms
[2026-07-01T01:42:46.857+0000][73.604s][info][gc,phases,start] GC(234) Phase 3: Adjust pointers
[2026-07-01T01:42:46.913+0000][73.660s][info][gc,phases      ] GC(234) Phase 3: Adjust pointers 55.712ms
[2026-07-01T01:42:46.913+0000][73.660s][info][gc,phases,start] GC(234) Phase 4: Move objects
[2026-07-01T01:42:46.913+0000][73.660s][info][gc,phases      ] GC(234) Phase 4: Move objects 0.365ms
[2026-07-01T01:42:46.913+0000][73.660s][info][gc,heap        ] GC(234) DefNew: 69952K(78656K)->0K(78656K) Eden: 69952K(69952K)->0K(69952K) From: 0K(8704K)->0K(8704K)
[2026-07-01T01:42:46.913+0000][73.660s][info][gc,heap        ] GC(234) Tenured: 170870K(174784K)->171562K(174784K)
[2026-07-01T01:42:46.913+0000][73.660s][info][gc,metaspace   ] GC(234) Metaspace: 41352K(42496K)->41352K(42496K) NonClass: 36325K(36992K)->36325K(36992K) Class: 5026K(5504K)->5026K(5504K)
[2026-07-01T01:42:46.913+0000][73.660s][info][gc             ] GC(234) Pause Full (Allocation Failure) 235M->167M(247M) 219.734ms
[2026-07-01T01:42:46.913+0000][73.660s][info][gc,cpu         ] GC(234) User=0.22s Sys=0.00s Real=0.22s
[2026-07-01T01:42:47.220+0000][73.967s][info][gc,start       ] GC(235) Pause Young (Allocation Failure)
[2026-07-01T01:42:47.220+0000][73.967s][info][gc             ] GC(235) Pause Young (Allocation Failure) 235M->235M(247M) 0.093ms
[2026-07-01T01:42:47.220+0000][73.967s][info][gc,cpu         ] GC(235) User=0.00s Sys=0.00s Real=0.00s
[2026-07-01T01:42:47.220+0000][73.967s][info][gc,start       ] GC(236) Pause Full (Allocation Failure)
[2026-07-01T01:42:47.220+0000][73.967s][info][gc,phases,start] GC(236) Phase 1: Mark live objects
[2026-07-01T01:42:47.333+0000][74.080s][info][gc,phases      ] GC(236) Phase 1: Mark live objects 112.816ms
[2026-07-01T01:42:47.333+0000][74.080s][info][gc,phases,start] GC(236) Phase 2: Compute new object addresses
[2026-07-01T01:42:47.382+0000][74.129s][info][gc,phases      ] GC(236) Phase 2: Compute new object addresses 49.556ms
[2026-07-01T01:42:47.382+0000][74.129s][info][gc,phases,start] GC(236) Phase 3: Adjust pointers
[2026-07-01T01:42:47.442+0000][74.189s][info][gc,phases      ] GC(236) Phase 3: Adjust pointers 59.728ms
[2026-07-01T01:42:47.442+0000][74.189s][info][gc,phases,start] GC(236) Phase 4: Move objects
[2026-07-01T01:42:47.473+0000][74.220s][info][gc,phases      ] GC(236) Phase 4: Move objects 31.249ms
[2026-07-01T01:42:47.474+0000][74.221s][info][gc,heap        ] GC(236) DefNew: 69952K(78656K)->0K(78656K) Eden: 69952K(69952K)->0K(69952K) From: 0K(8704K)->0K(8704K)
[2026-07-01T01:42:47.474+0000][74.221s][info][gc,heap        ] GC(236) Tenured: 171562K(174784K)->169357K(174784K)
[2026-07-01T01:42:47.474+0000][74.221s][info][gc,metaspace   ] GC(236) Metaspace: 41364K(42496K)->41364K(42496K) NonClass: 36337K(36992K)->36337K(36992K) Class: 5026K(5504K)->5026K(5504K)
[2026-07-01T01:42:47.474+0000][74.221s][info][gc             ] GC(236) Pause Full (Allocation Failure) 235M->165M(247M) 253.791ms
[2026-07-01T01:42:47.474+0000][74.221s][info][gc,cpu         ] GC(236) User=0.26s Sys=0.00s Real=0.25s
[2026-07-01T01:42:47.785+0000][74.532s][info][gc,start       ] GC(237) Pause Young (Allocation Failure)
[2026-07-01T01:42:47.786+0000][74.532s][info][gc             ] GC(237) Pause Young (Allocation Failure) 233M->233M(247M) 0.131ms
[2026-07-01T01:42:47.786+0000][74.533s][info][gc,cpu         ] GC(237) User=0.00s Sys=0.00s Real=0.00s
[2026-07-01T01:42:47.786+0000][74.533s][info][gc,start       ] GC(238) Pause Full (Allocation Failure)
[2026-07-01T01:42:47.786+0000][74.533s][info][gc,phases,start] GC(238) Phase 1: Mark live objects
[2026-07-01T01:42:47.901+0000][74.648s][info][gc,phases      ] GC(238) Phase 1: Mark live objects 115.515ms
[2026-07-01T01:42:47.901+0000][74.648s][info][gc,phases,start] GC(238) Phase 2: Compute new object addresses
[2026-07-01T01:42:47.951+0000][74.698s][info][gc,phases      ] GC(238) Phase 2: Compute new object addresses 49.930ms
[2026-07-01T01:42:47.951+0000][74.698s][info][gc,phases,start] GC(238) Phase 3: Adjust pointers
[2026-07-01T01:42:48.007+0000][74.754s][info][gc,phases      ] GC(238) Phase 3: Adjust pointers 55.948ms
[2026-07-01T01:42:48.007+0000][74.754s][info][gc,phases,start] GC(238) Phase 4: Move objects
[2026-07-01T01:42:48.008+0000][74.755s][info][gc,phases      ] GC(238) Phase 4: Move objects 0.561ms
[2026-07-01T01:42:48.008+0000][74.755s][info][gc,heap        ] GC(238) DefNew: 69951K(78656K)->0K(78656K) Eden: 69951K(69952K)->0K(69952K) From: 0K(8704K)->0K(8704K)
[2026-07-01T01:42:48.008+0000][74.755s][info][gc,heap        ] GC(238) Tenured: 169357K(174784K)->170922K(174784K)
[2026-07-01T01:42:48.008+0000][74.755s][info][gc,metaspace   ] GC(238) Metaspace: 41364K(42496K)->41364K(42496K) NonClass: 36337K(36992K)->36337K(36992K) Class: 5026K(5504K)->5026K(5504K)
[2026-07-01T01:42:48.008+0000][74.755s][info][gc             ] GC(238) Pause Full (Allocation Failure) 233M->166M(247M) 222.355ms
[2026-07-01T01:42:48.008+0000][74.755s][info][gc,cpu         ] GC(238) User=0.22s Sys=0.00s Real=0.22s
[2026-07-01T01:42:48.321+0000][75.068s][info][gc,start       ] GC(239) Pause Young (Allocation Failure)
[2026-07-01T01:42:48.321+0000][75.068s][info][gc             ] GC(239) Pause Young (Allocation Failure) 235M->235M(247M) 0.079ms
[2026-07-01T01:42:48.321+0000][75.068s][info][gc,cpu         ] GC(239) User=0.01s Sys=0.00s Real=0.00s
[2026-07-01T01:42:48.321+0000][75.068s][info][gc,start       ] GC(240) Pause Full (Allocation Failure)
[2026-07-01T01:42:48.321+0000][75.068s][info][gc,phases,start] GC(240) Phase 1: Mark live objects
[2026-07-01T01:42:48.437+0000][75.184s][info][gc,phases      ] GC(240) Phase 1: Mark live objects 116.158ms
[2026-07-01T01:42:48.437+0000][75.184s][info][gc,phases,start] GC(240) Phase 2: Compute new object addresses
[2026-07-01T01:42:48.487+0000][75.234s][info][gc,phases      ] GC(240) Phase 2: Compute new object addresses 50.203ms
[2026-07-01T01:42:48.487+0000][75.234s][info][gc,phases,start] GC(240) Phase 3: Adjust pointers
[2026-07-01T01:42:48.543+0000][75.290s][info][gc,phases      ] GC(240) Phase 3: Adjust pointers 55.206ms
[2026-07-01T01:42:48.543+0000][75.290s][info][gc,phases,start] GC(240) Phase 4: Move objects
[2026-07-01T01:42:48.543+0000][75.290s][info][gc,phases      ] GC(240) Phase 4: Move objects 0.315ms
[2026-07-01T01:42:48.543+0000][75.290s][info][gc,heap        ] GC(240) DefNew: 69952K(78656K)->0K(78656K) Eden: 69952K(69952K)->0K(69952K) From: 0K(8704K)->0K(8704K)
[2026-07-01T01:42:48.543+0000][75.290s][info][gc,heap        ] GC(240) Tenured: 170922K(174784K)->171441K(174784K)
[2026-07-01T01:42:48.543+0000][75.290s][info][gc,metaspace   ] GC(240) Metaspace: 41364K(42496K)->41364K(42496K) NonClass: 36338K(36992K)->36338K(36992K) Class: 5026K(5504K)->5026K(5504K)
[2026-07-01T01:42:48.543+0000][75.290s][info][gc             ] GC(240) Pause Full (Allocation Failure) 235M->167M(247M) 222.277ms
[2026-07-01T01:42:48.543+0000][75.290s][info][gc,cpu         ] GC(240) User=0.22s Sys=0.00s Real=0.22s
[2026-07-01T01:42:48.851+0000][75.598s][info][gc,start       ] GC(241) Pause Young (Allocation Failure)
[2026-07-01T01:42:48.852+0000][75.599s][info][gc             ] GC(241) Pause Young (Allocation Failure) 235M->235M(247M) 0.125ms
[2026-07-01T01:42:48.852+0000][75.599s][info][gc,cpu         ] GC(241) User=0.00s Sys=0.00s Real=0.00s
[2026-07-01T01:42:48.852+0000][75.599s][info][gc,start       ] GC(242) Pause Full (Allocation Failure)
[2026-07-01T01:42:48.852+0000][75.599s][info][gc,phases,start] GC(242) Phase 1: Mark live objects
[2026-07-01T01:42:48.970+0000][75.717s][info][gc,phases      ] GC(242) Phase 1: Mark live objects 118.592ms
[2026-07-01T01:42:48.970+0000][75.717s][info][gc,phases,start] GC(242) Phase 2: Compute new object addresses
[2026-07-01T01:42:49.021+0000][75.767s][info][gc,phases      ] GC(242) Phase 2: Compute new object addresses 50.246ms
[2026-07-01T01:42:49.021+0000][75.768s][info][gc,phases,start] GC(242) Phase 3: Adjust pointers
[2026-07-01T01:42:49.076+0000][75.823s][info][gc,phases      ] GC(242) Phase 3: Adjust pointers 55.287ms
[2026-07-01T01:42:49.076+0000][75.823s][info][gc,phases,start] GC(242) Phase 4: Move objects
[2026-07-01T01:42:49.076+0000][75.823s][info][gc,phases      ] GC(242) Phase 4: Move objects 0.462ms
[2026-07-01T01:42:49.077+0000][75.824s][info][gc,heap        ] GC(242) DefNew: 69952K(78656K)->0K(78656K) Eden: 69952K(69952K)->0K(69952K) From: 0K(8704K)->0K(8704K)
[2026-07-01T01:42:49.077+0000][75.824s][info][gc,heap        ] GC(242) Tenured: 171441K(174784K)->172602K(174784K)
[2026-07-01T01:42:49.077+0000][75.824s][info][gc,metaspace   ] GC(242) Metaspace: 41364K(42496K)->41364K(42496K) NonClass: 36338K(36992K)->36338K(36992K) Class: 5026K(5504K)->5026K(5504K)
[2026-07-01T01:42:49.077+0000][75.824s][info][gc             ] GC(242) Pause Full (Allocation Failure) 235M->168M(247M) 224.969ms
[2026-07-01T01:42:49.077+0000][75.824s][info][gc,cpu         ] GC(242) User=0.23s Sys=0.01s Real=0.22s
[2026-07-01T01:42:49.390+0000][76.137s][info][gc,start       ] GC(243) Pause Young (Allocation Failure)
[2026-07-01T01:42:49.390+0000][76.137s][info][gc             ] GC(243) Pause Young (Allocation Failure) 236M->236M(247M) 0.094ms
[2026-07-01T01:42:49.390+0000][76.137s][info][gc,cpu         ] GC(243) User=0.00s Sys=0.00s Real=0.00s
[2026-07-01T01:42:49.390+0000][76.137s][info][gc,start       ] GC(244) Pause Full (Allocation Failure)
[2026-07-01T01:42:49.390+0000][76.137s][info][gc,phases,start] GC(244) Phase 1: Mark live objects
[2026-07-01T01:42:49.507+0000][76.254s][info][gc,phases      ] GC(244) Phase 1: Mark live objects 117.603ms
[2026-07-01T01:42:49.507+0000][76.254s][info][gc,phases,start] GC(244) Phase 2: Compute new object addresses
[2026-07-01T01:42:49.557+0000][76.304s][info][gc,phases      ] GC(244) Phase 2: Compute new object addresses 49.892ms
[2026-07-01T01:42:49.557+0000][76.304s][info][gc,phases,start] GC(244) Phase 3: Adjust pointers
[2026-07-01T01:42:49.618+0000][76.365s][info][gc,phases      ] GC(244) Phase 3: Adjust pointers 60.480ms
[2026-07-01T01:42:49.618+0000][76.365s][info][gc,phases,start] GC(244) Phase 4: Move objects
[2026-07-01T01:42:49.649+0000][76.396s][info][gc,phases      ] GC(244) Phase 4: Move objects 31.625ms
[2026-07-01T01:42:49.650+0000][76.397s][info][gc,heap        ] GC(244) DefNew: 69952K(78656K)->0K(78656K) Eden: 69952K(69952K)->0K(69952K) From: 0K(8704K)->0K(8704K)
[2026-07-01T01:42:49.650+0000][76.397s][info][gc,heap        ] GC(244) Tenured: 172602K(174784K)->170059K(174784K)
[2026-07-01T01:42:49.650+0000][76.397s][info][gc,metaspace   ] GC(244) Metaspace: 41364K(42496K)->41364K(42496K) NonClass: 36338K(36992K)->36338K(36992K) Class: 5026K(5504K)->5026K(5504K)
[2026-07-01T01:42:49.650+0000][76.397s][info][gc             ] GC(244) Pause Full (Allocation Failure) 236M->166M(247M) 260.012ms
[2026-07-01T01:42:49.650+0000][76.397s][info][gc,cpu         ] GC(244) User=0.26s Sys=0.00s Real=0.26s
[2026-07-01T01:42:49.959+0000][76.706s][info][gc,start       ] GC(245) Pause Young (Allocation Failure)
[2026-07-01T01:42:49.959+0000][76.706s][info][gc             ] GC(245) Pause Young (Allocation Failure) 234M->234M(247M) 0.096ms
[2026-07-01T01:42:49.959+0000][76.706s][info][gc,cpu         ] GC(245) User=0.00s Sys=0.00s Real=0.00s
[2026-07-01T01:42:49.959+0000][76.706s][info][gc,start       ] GC(246) Pause Full (Allocation Failure)
[2026-07-01T01:42:49.959+0000][76.706s][info][gc,phases,start] GC(246) Phase 1: Mark live objects
[2026-07-01T01:42:50.077+0000][76.824s][info][gc,phases      ] GC(246) Phase 1: Mark live objects 118.038ms
[2026-07-01T01:42:50.077+0000][76.824s][info][gc,phases,start] GC(246) Phase 2: Compute new object addresses
[2026-07-01T01:42:50.127+0000][76.874s][info][gc,phases      ] GC(246) Phase 2: Compute new object addresses 50.246ms
[2026-07-01T01:42:50.127+0000][76.874s][info][gc,phases,start] GC(246) Phase 3: Adjust pointers
[2026-07-01T01:42:50.183+0000][76.930s][info][gc,phases      ] GC(246) Phase 3: Adjust pointers 56.058ms
[2026-07-01T01:42:50.183+0000][76.930s][info][gc,phases,start] GC(246) Phase 4: Move objects
[2026-07-01T01:42:50.184+0000][76.931s][info][gc,phases      ] GC(246) Phase 4: Move objects 0.317ms
[2026-07-01T01:42:50.184+0000][76.931s][info][gc,heap        ] GC(246) DefNew: 69952K(78656K)->0K(78656K) Eden: 69952K(69952K)->0K(69952K) From: 0K(8704K)->0K(8704K)
[2026-07-01T01:42:50.184+0000][76.931s][info][gc,heap        ] GC(246) Tenured: 170059K(174784K)->170685K(174784K)
[2026-07-01T01:42:50.184+0000][76.931s][info][gc,metaspace   ] GC(246) Metaspace: 41364K(42496K)->41364K(42496K) NonClass: 36338K(36992K)->36338K(36992K) Class: 5026K(5504K)->5026K(5504K)
[2026-07-01T01:42:50.184+0000][76.931s][info][gc             ] GC(246) Pause Full (Allocation Failure) 234M->166M(247M) 225.048ms
[2026-07-01T01:42:50.184+0000][76.931s][info][gc,cpu         ] GC(246) User=0.23s Sys=0.00s Real=0.22s
[2026-07-01T01:42:50.478+0000][77.225s][info][gc,start       ] GC(247) Pause Young (Allocation Failure)
[2026-07-01T01:42:50.479+0000][77.226s][info][gc             ] GC(247) Pause Young (Allocation Failure) 234M->234M(247M) 0.096ms
[2026-07-01T01:42:50.479+0000][77.226s][info][gc,cpu         ] GC(247) User=0.00s Sys=0.00s Real=0.00s
[2026-07-01T01:42:50.479+0000][77.226s][info][gc,start       ] GC(248) Pause Full (Allocation Failure)
[2026-07-01T01:42:50.479+0000][77.226s][info][gc,phases,start] GC(248) Phase 1: Mark live objects
[2026-07-01T01:42:50.594+0000][77.341s][info][gc,phases      ] GC(248) Phase 1: Mark live objects 115.573ms
[2026-07-01T01:42:50.594+0000][77.341s][info][gc,phases,start] GC(248) Phase 2: Compute new object addresses
[2026-07-01T01:42:50.645+0000][77.392s][info][gc,phases      ] GC(248) Phase 2: Compute new object addresses 50.327ms
[2026-07-01T01:42:50.645+0000][77.392s][info][gc,phases,start] GC(248) Phase 3: Adjust pointers
[2026-07-01T01:42:50.701+0000][77.447s][info][gc,phases      ] GC(248) Phase 3: Adjust pointers 55.916ms
[2026-07-01T01:42:50.701+0000][77.447s][info][gc,phases,start] GC(248) Phase 4: Move objects
[2026-07-01T01:42:50.701+0000][77.448s][info][gc,phases      ] GC(248) Phase 4: Move objects 0.546ms
[2026-07-01T01:42:50.701+0000][77.448s][info][gc,heap        ] GC(248) DefNew: 69952K(78656K)->0K(78656K) Eden: 69952K(69952K)->0K(69952K) From: 0K(8704K)->0K(8704K)
[2026-07-01T01:42:50.701+0000][77.448s][info][gc,heap        ] GC(248) Tenured: 170685K(174784K)->172202K(174784K)
[2026-07-01T01:42:50.701+0000][77.448s][info][gc,metaspace   ] GC(248) Metaspace: 41366K(42496K)->41366K(42496K) NonClass: 36340K(36992K)->36340K(36992K) Class: 5026K(5504K)->5026K(5504K)
[2026-07-01T01:42:50.701+0000][77.448s][info][gc             ] GC(248) Pause Full (Allocation Failure) 234M->168M(247M) 222.741ms
[2026-07-01T01:42:50.701+0000][77.448s][info][gc,cpu         ] GC(248) User=0.22s Sys=0.00s Real=0.22s
[2026-07-01T01:42:51.001+0000][77.748s][info][gc,start       ] GC(249) Pause Young (Allocation Failure)
[2026-07-01T01:42:51.001+0000][77.748s][info][gc             ] GC(249) Pause Young (Allocation Failure) 236M->236M(247M) 0.102ms
[2026-07-01T01:42:51.001+0000][77.748s][info][gc,cpu         ] GC(249) User=0.00s Sys=0.00s Real=0.00s
[2026-07-01T01:42:51.001+0000][77.748s][info][gc,start       ] GC(250) Pause Full (Allocation Failure)
[2026-07-01T01:42:51.001+0000][77.748s][info][gc,phases,start] GC(250) Phase 1: Mark live objects
[2026-07-01T01:42:51.118+0000][77.865s][info][gc,phases      ] GC(250) Phase 1: Mark live objects 117.038ms
[2026-07-01T01:42:51.118+0000][77.865s][info][gc,phases,start] GC(250) Phase 2: Compute new object addresses
[2026-07-01T01:42:51.168+0000][77.915s][info][gc,phases      ] GC(250) Phase 2: Compute new object addresses 50.458ms
[2026-07-01T01:42:51.168+0000][77.915s][info][gc,phases,start] GC(250) Phase 3: Adjust pointers
[2026-07-01T01:42:51.224+0000][77.971s][info][gc,phases      ] GC(250) Phase 3: Adjust pointers 55.448ms
[2026-07-01T01:42:51.224+0000][77.971s][info][gc,phases,start] GC(250) Phase 4: Move objects
[2026-07-01T01:42:51.224+0000][77.971s][info][gc,phases      ] GC(250) Phase 4: Move objects 0.673ms
[2026-07-01T01:42:51.225+0000][77.972s][info][gc,heap        ] GC(250) DefNew: 69952K(78656K)->0K(78656K) Eden: 69952K(69952K)->0K(69952K) From: 0K(8704K)->0K(8704K)
[2026-07-01T01:42:51.225+0000][77.972s][info][gc,heap        ] GC(250) Tenured: 172202K(174784K)->173193K(174784K)
[2026-07-01T01:42:51.225+0000][77.972s][info][gc,metaspace   ] GC(250) Metaspace: 41366K(42496K)->41366K(42496K) NonClass: 36340K(36992K)->36340K(36992K) Class: 5026K(5504K)->5026K(5504K)
[2026-07-01T01:42:51.225+0000][77.972s][info][gc             ] GC(250) Pause Full (Allocation Failure) 236M->169M(247M) 223.989ms
[2026-07-01T01:42:51.225+0000][77.972s][info][gc,cpu         ] GC(250) User=0.23s Sys=0.00s Real=0.22s
[2026-07-01T01:42:51.620+0000][78.367s][info][gc,start       ] GC(251) Pause Young (Allocation Failure)
[2026-07-01T01:42:51.620+0000][78.367s][info][gc             ] GC(251) Pause Young (Allocation Failure) 237M->237M(247M) 0.104ms
[2026-07-01T01:42:51.620+0000][78.367s][info][gc,cpu         ] GC(251) User=0.00s Sys=0.00s Real=0.00s
[2026-07-01T01:42:51.620+0000][78.367s][info][gc,start       ] GC(252) Pause Full (Allocation Failure)
[2026-07-01T01:42:51.620+0000][78.367s][info][gc,phases,start] GC(252) Phase 1: Mark live objects
[2026-07-01T01:42:51.802+0000][78.549s][info][gc,phases      ] GC(252) Phase 1: Mark live objects 182.203ms
[2026-07-01T01:42:51.802+0000][78.549s][info][gc,phases,start] GC(252) Phase 2: Compute new object addresses
[2026-07-01T01:42:51.869+0000][78.616s][info][gc,phases      ] GC(252) Phase 2: Compute new object addresses 66.376ms
[2026-07-01T01:42:51.869+0000][78.616s][info][gc,phases,start] GC(252) Phase 3: Adjust pointers
[2026-07-01T01:42:51.958+0000][78.705s][info][gc,phases      ] GC(252) Phase 3: Adjust pointers 89.131ms
[2026-07-01T01:42:51.958+0000][78.705s][info][gc,phases,start] GC(252) Phase 4: Move objects
[2026-07-01T01:42:51.998+0000][78.745s][info][gc,phases      ] GC(252) Phase 4: Move objects 40.256ms
[2026-07-01T01:42:51.998+0000][78.745s][info][gc,heap        ] GC(252) DefNew: 69952K(78656K)->0K(78656K) Eden: 69952K(69952K)->0K(69952K) From: 0K(8704K)->0K(8704K)
[2026-07-01T01:42:51.998+0000][78.745s][info][gc,heap        ] GC(252) Tenured: 173193K(174784K)->170700K(174784K)
[2026-07-01T01:42:51.998+0000][78.745s][info][gc,metaspace   ] GC(252) Metaspace: 41366K(42496K)->41366K(42496K) NonClass: 36340K(36992K)->36340K(36992K) Class: 5026K(5504K)->5026K(5504K)
[2026-07-01T01:42:51.999+0000][78.745s][info][gc             ] GC(252) Pause Full (Allocation Failure) 237M->166M(247M) 378.487ms
[2026-07-01T01:42:51.999+0000][78.745s][info][gc,cpu         ] GC(252) User=0.38s Sys=0.00s Real=0.38s
[2026-07-01T01:42:52.426+0000][79.173s][info][gc,start       ] GC(253) Pause Young (Allocation Failure)
[2026-07-01T01:42:52.426+0000][79.173s][info][gc             ] GC(253) Pause Young (Allocation Failure) 235M->235M(247M) 0.126ms
[2026-07-01T01:42:52.426+0000][79.173s][info][gc,cpu         ] GC(253) User=0.00s Sys=0.00s Real=0.00s
[2026-07-01T01:42:52.426+0000][79.173s][info][gc,start       ] GC(254) Pause Full (Allocation Failure)
[2026-07-01T01:42:52.426+0000][79.173s][info][gc,phases,start] GC(254) Phase 1: Mark live objects
[2026-07-01T01:42:52.624+0000][79.371s][info][gc,phases      ] GC(254) Phase 1: Mark live objects 198.457ms
[2026-07-01T01:42:52.624+0000][79.371s][info][gc,phases,start] GC(254) Phase 2: Compute new object addresses
[2026-07-01T01:42:52.694+0000][79.441s][info][gc,phases      ] GC(254) Phase 2: Compute new object addresses 69.728ms
[2026-07-01T01:42:52.694+0000][79.441s][info][gc,phases,start] GC(254) Phase 3: Adjust pointers
[2026-07-01T01:42:52.774+0000][79.521s][info][gc,phases      ] GC(254) Phase 3: Adjust pointers 79.805ms
[2026-07-01T01:42:52.774+0000][79.521s][info][gc,phases,start] GC(254) Phase 4: Move objects
[2026-07-01T01:42:52.775+0000][79.522s][info][gc,phases      ] GC(254) Phase 4: Move objects 0.522ms
[2026-07-01T01:42:52.775+0000][79.522s][info][gc,heap        ] GC(254) DefNew: 69952K(78656K)->0K(78656K) Eden: 69952K(69952K)->0K(69952K) From: 0K(8704K)->0K(8704K)
[2026-07-01T01:42:52.775+0000][79.522s][info][gc,heap        ] GC(254) Tenured: 170700K(174784K)->172174K(174784K)
[2026-07-01T01:42:52.775+0000][79.522s][info][gc,metaspace   ] GC(254) Metaspace: 41368K(42496K)->41368K(42496K) NonClass: 36341K(36992K)->36341K(36992K) Class: 5026K(5504K)->5026K(5504K)
[2026-07-01T01:42:52.775+0000][79.522s][info][gc             ] GC(254) Pause Full (Allocation Failure) 235M->168M(247M) 348.965ms
[2026-07-01T01:42:52.775+0000][79.522s][info][gc,cpu         ] GC(254) User=0.34s Sys=0.00s Real=0.35s
[2026-07-01T01:42:53.212+0000][79.959s][info][gc,start       ] GC(255) Pause Young (Allocation Failure)
[2026-07-01T01:42:53.212+0000][79.959s][info][gc             ] GC(255) Pause Young (Allocation Failure) 236M->236M(247M) 0.093ms
[2026-07-01T01:42:53.212+0000][79.959s][info][gc,cpu         ] GC(255) User=0.00s Sys=0.00s Real=0.00s
[2026-07-01T01:42:53.212+0000][79.959s][info][gc,start       ] GC(256) Pause Full (Allocation Failure)
[2026-07-01T01:42:53.212+0000][79.959s][info][gc,phases,start] GC(256) Phase 1: Mark live objects
[2026-07-01T01:42:53.397+0000][80.144s][info][gc,phases      ] GC(256) Phase 1: Mark live objects 185.046ms
[2026-07-01T01:42:53.397+0000][80.144s][info][gc,phases,start] GC(256) Phase 2: Compute new object addresses
[2026-07-01T01:42:53.469+0000][80.216s][info][gc,phases      ] GC(256) Phase 2: Compute new object addresses 71.226ms
[2026-07-01T01:42:53.469+0000][80.216s][info][gc,phases,start] GC(256) Phase 3: Adjust pointers
[2026-07-01T01:42:53.544+0000][80.291s][info][gc,phases      ] GC(256) Phase 3: Adjust pointers 75.127ms
[2026-07-01T01:42:53.544+0000][80.291s][info][gc,phases,start] GC(256) Phase 4: Move objects
[2026-07-01T01:42:53.544+0000][80.291s][info][gc,phases      ] GC(256) Phase 4: Move objects 0.348ms
[2026-07-01T01:42:53.545+0000][80.291s][info][gc,heap        ] GC(256) DefNew: 69952K(78656K)->0K(78656K) Eden: 69952K(69952K)->0K(69952K) From: 0K(8704K)->0K(8704K)
[2026-07-01T01:42:53.545+0000][80.291s][info][gc,heap        ] GC(256) Tenured: 172174K(174784K)->172779K(174784K)
[2026-07-01T01:42:53.545+0000][80.291s][info][gc,metaspace   ] GC(256) Metaspace: 41368K(42496K)->41368K(42496K) NonClass: 36341K(36992K)->36341K(36992K) Class: 5026K(5504K)->5026K(5504K)
[2026-07-01T01:42:53.545+0000][80.291s][info][gc             ] GC(256) Pause Full (Allocation Failure) 236M->168M(247M) 332.144ms
[2026-07-01T01:42:53.545+0000][80.291s][info][gc,cpu         ] GC(256) User=0.33s Sys=0.00s Real=0.33s
[2026-07-01T01:42:53.885+0000][80.632s][info][gc,start       ] GC(257) Pause Young (Allocation Failure)
[2026-07-01T01:42:53.885+0000][80.632s][info][gc,heap        ] GC(257) DefNew: 69945K(78656K)->69945K(78656K) Eden: 69945K(69952K)->69945K(69952K) From: 0K(8704K)->0K(8704K)
[2026-07-01T01:42:53.885+0000][80.632s][info][gc,heap        ] GC(257) Tenured: 172779K(174784K)->172779K(174784K)
[2026-07-01T01:42:53.885+0000][80.632s][info][gc,metaspace   ] GC(257) Metaspace: 41368K(42496K)->41368K(42496K) NonClass: 36341K(36992K)->36341K(36992K) Class: 5026K(5504K)->5026K(5504K)
[2026-07-01T01:42:53.885+0000][80.632s][info][gc             ] GC(257) Pause Young (Allocation Failure) 237M->237M(247M) 0.148ms
[2026-07-01T01:42:53.885+0000][80.632s][info][gc,cpu         ] GC(257) User=0.00s Sys=0.00s Real=0.00s
[2026-07-01T01:42:53.885+0000][80.632s][info][gc,start       ] GC(258) Pause Full (Allocation Failure)
[2026-07-01T01:42:53.885+0000][80.632s][info][gc,phases,start] GC(258) Phase 1: Mark live objects
[2026-07-01T01:42:54.010+0000][80.757s][info][gc,phases      ] GC(258) Phase 1: Mark live objects 125.266ms
[2026-07-01T01:42:54.010+0000][80.757s][info][gc,phases,start] GC(258) Phase 2: Compute new object addresses
[2026-07-01T01:42:54.060+0000][80.807s][info][gc,phases      ] GC(258) Phase 2: Compute new object addresses 50.039ms
[2026-07-01T01:42:54.060+0000][80.807s][info][gc,phases,start] GC(258) Phase 3: Adjust pointers
[2026-07-01T01:42:54.122+0000][80.869s][info][gc,phases      ] GC(258) Phase 3: Adjust pointers 61.679ms
[2026-07-01T01:42:54.122+0000][80.869s][info][gc,phases,start] GC(258) Phase 4: Move objects
[2026-07-01T01:42:54.155+0000][80.902s][info][gc,phases      ] GC(258) Phase 4: Move objects 32.853ms
[2026-07-01T01:42:54.155+0000][80.902s][info][gc,heap        ] GC(258) DefNew: 69945K(78656K)->0K(78656K) Eden: 69945K(69952K)->0K(69952K) From: 0K(8704K)->0K(8704K)
[2026-07-01T01:42:54.155+0000][80.902s][info][gc,heap        ] GC(258) Tenured: 172779K(174784K)->171085K(174784K)
[2026-07-01T01:42:54.155+0000][80.902s][info][gc,metaspace   ] GC(258) Metaspace: 41368K(42496K)->41348K(42496K) NonClass: 36341K(36992K)->36326K(36992K) Class: 5026K(5504K)->5022K(5504K)
[2026-07-01T01:42:54.155+0000][80.902s][info][gc             ] GC(258) Pause Full (Allocation Failure) 237M->167M(247M) 270.309ms
[2026-07-01T01:42:54.155+0000][80.902s][info][gc,cpu         ] GC(258) User=0.28s Sys=0.00s Real=0.27s
[2026-07-01T01:42:54.473+0000][81.220s][info][gc,start       ] GC(259) Pause Young (Allocation Failure)
[2026-07-01T01:42:54.473+0000][81.220s][info][gc             ] GC(259) Pause Young (Allocation Failure) 235M->235M(247M) 0.098ms
[2026-07-01T01:42:54.473+0000][81.220s][info][gc,cpu         ] GC(259) User=0.00s Sys=0.00s Real=0.00s
[2026-07-01T01:42:54.473+0000][81.220s][info][gc,start       ] GC(260) Pause Full (Allocation Failure)
[2026-07-01T01:42:54.473+0000][81.220s][info][gc,phases,start] GC(260) Phase 1: Mark live objects
[2026-07-01T01:42:54.596+0000][81.342s][info][gc,phases      ] GC(260) Phase 1: Mark live objects 122.525ms
[2026-07-01T01:42:54.596+0000][81.342s][info][gc,phases,start] GC(260) Phase 2: Compute new object addresses
[2026-07-01T01:42:54.646+0000][81.393s][info][gc,phases      ] GC(260) Phase 2: Compute new object addresses 50.024ms
[2026-07-01T01:42:54.646+0000][81.393s][info][gc,phases,start] GC(260) Phase 3: Adjust pointers
[2026-07-01T01:42:54.707+0000][81.454s][info][gc,phases      ] GC(260) Phase 3: Adjust pointers 61.586ms
[2026-07-01T01:42:54.707+0000][81.454s][info][gc,phases,start] GC(260) Phase 4: Move objects
[2026-07-01T01:42:54.739+0000][81.486s][info][gc,phases      ] GC(260) Phase 4: Move objects 31.871ms
[2026-07-01T01:42:54.739+0000][81.486s][info][gc,heap        ] GC(260) DefNew: 69952K(78656K)->0K(78656K) Eden: 69952K(69952K)->0K(69952K) From: 0K(8704K)->0K(8704K)
[2026-07-01T01:42:54.739+0000][81.486s][info][gc,heap        ] GC(260) Tenured: 171085K(174784K)->171389K(174784K)
[2026-07-01T01:42:54.739+0000][81.486s][info][gc,metaspace   ] GC(260) Metaspace: 41371K(42496K)->41369K(42496K) NonClass: 36345K(36992K)->36343K(36992K) Class: 5026K(5504K)->5025K(5504K)
[2026-07-01T01:42:54.739+0000][81.486s][info][gc             ] GC(260) Pause Full (Allocation Failure) 235M->167M(247M) 266.431ms
[2026-07-01T01:42:54.739+0000][81.486s][info][gc,cpu         ] GC(260) User=0.26s Sys=0.00s Real=0.27s
[2026-07-01T01:42:55.049+0000][81.796s][info][gc,start       ] GC(261) Pause Young (Allocation Failure)
[2026-07-01T01:42:55.049+0000][81.796s][info][gc             ] GC(261) Pause Young (Allocation Failure) 235M->235M(247M) 0.095ms
[2026-07-01T01:42:55.049+0000][81.796s][info][gc,cpu         ] GC(261) User=0.00s Sys=0.00s Real=0.00s
[2026-07-01T01:42:55.049+0000][81.796s][info][gc,start       ] GC(262) Pause Full (Allocation Failure)
[2026-07-01T01:42:55.049+0000][81.796s][info][gc,phases,start] GC(262) Phase 1: Mark live objects
[2026-07-01T01:42:55.168+0000][81.915s][info][gc,phases      ] GC(262) Phase 1: Mark live objects 118.798ms
[2026-07-01T01:42:55.168+0000][81.915s][info][gc,phases,start] GC(262) Phase 2: Compute new object addresses
[2026-07-01T01:42:55.218+0000][81.965s][info][gc,phases      ] GC(262) Phase 2: Compute new object addresses 50.541ms
[2026-07-01T01:42:55.218+0000][81.965s][info][gc,phases,start] GC(262) Phase 3: Adjust pointers
[2026-07-01T01:42:55.275+0000][82.022s][info][gc,phases      ] GC(262) Phase 3: Adjust pointers 56.448ms
[2026-07-01T01:42:55.275+0000][82.022s][info][gc,phases,start] GC(262) Phase 4: Move objects
[2026-07-01T01:42:55.275+0000][82.022s][info][gc,phases      ] GC(262) Phase 4: Move objects 0.364ms
[2026-07-01T01:42:55.275+0000][82.022s][info][gc,heap        ] GC(262) DefNew: 69952K(78656K)->0K(78656K) Eden: 69952K(69952K)->0K(69952K) From: 0K(8704K)->0K(8704K)
[2026-07-01T01:42:55.275+0000][82.022s][info][gc,heap        ] GC(262) Tenured: 171389K(174784K)->172027K(174784K)
[2026-07-01T01:42:55.275+0000][82.022s][info][gc,metaspace   ] GC(262) Metaspace: 41369K(42496K)->41369K(42496K) NonClass: 36343K(36992K)->36343K(36992K) Class: 5025K(5504K)->5025K(5504K)
[2026-07-01T01:42:55.276+0000][82.022s][info][gc             ] GC(262) Pause Full (Allocation Failure) 235M->167M(247M) 226.530ms
[2026-07-01T01:42:55.276+0000][82.022s][info][gc,cpu         ] GC(262) User=0.23s Sys=0.00s Real=0.22s
[2026-07-01T01:42:55.586+0000][82.333s][info][gc,start       ] GC(263) Pause Young (Allocation Failure)
[2026-07-01T01:42:55.586+0000][82.333s][info][gc             ] GC(263) Pause Young (Allocation Failure) 236M->236M(247M) 0.154ms
[2026-07-01T01:42:55.586+0000][82.333s][info][gc,cpu         ] GC(263) User=0.00s Sys=0.00s Real=0.00s
[2026-07-01T01:42:55.586+0000][82.333s][info][gc,start       ] GC(264) Pause Full (Allocation Failure)
[2026-07-01T01:42:55.586+0000][82.333s][info][gc,phases,start] GC(264) Phase 1: Mark live objects
[2026-07-01T01:42:55.704+0000][82.451s][info][gc,phases      ] GC(264) Phase 1: Mark live objects 118.036ms
[2026-07-01T01:42:55.704+0000][82.451s][info][gc,phases,start] GC(264) Phase 2: Compute new object addresses
[2026-07-01T01:42:55.755+0000][82.502s][info][gc,phases      ] GC(264) Phase 2: Compute new object addresses 50.759ms
[2026-07-01T01:42:55.755+0000][82.502s][info][gc,phases,start] GC(264) Phase 3: Adjust pointers
[2026-07-01T01:42:55.812+0000][82.559s][info][gc,phases      ] GC(264) Phase 3: Adjust pointers 57.345ms
[2026-07-01T01:42:55.812+0000][82.559s][info][gc,phases,start] GC(264) Phase 4: Move objects
[2026-07-01T01:42:55.813+0000][82.560s][info][gc,phases      ] GC(264) Phase 4: Move objects 0.486ms
[2026-07-01T01:42:55.813+0000][82.560s][info][gc,heap        ] GC(264) DefNew: 69952K(78656K)->0K(78656K) Eden: 69952K(69952K)->0K(69952K) From: 0K(8704K)->0K(8704K)
[2026-07-01T01:42:55.813+0000][82.560s][info][gc,heap        ] GC(264) Tenured: 172027K(174784K)->173280K(174784K)
[2026-07-01T01:42:55.813+0000][82.560s][info][gc,metaspace   ] GC(264) Metaspace: 41369K(42496K)->41369K(42496K) NonClass: 36344K(36992K)->36344K(36992K) Class: 5025K(5504K)->5025K(5504K)
[2026-07-01T01:42:55.813+0000][82.560s][info][gc             ] GC(264) Pause Full (Allocation Failure) 236M->169M(247M) 227.043ms
[2026-07-01T01:42:55.813+0000][82.560s][info][gc,cpu         ] GC(264) User=0.23s Sys=0.00s Real=0.23s
[2026-07-01T01:42:56.117+0000][82.864s][info][gc,start       ] GC(265) Pause Young (Allocation Failure)
[2026-07-01T01:42:56.117+0000][82.864s][info][gc             ] GC(265) Pause Young (Allocation Failure) 237M->237M(247M) 0.122ms
[2026-07-01T01:42:56.117+0000][82.864s][info][gc,cpu         ] GC(265) User=0.00s Sys=0.00s Real=0.00s
[2026-07-01T01:42:56.117+0000][82.864s][info][gc,start       ] GC(266) Pause Full (Allocation Failure)
[2026-07-01T01:42:56.117+0000][82.864s][info][gc,phases,start] GC(266) Phase 1: Mark live objects
[2026-07-01T01:42:56.236+0000][82.983s][info][gc,phases      ] GC(266) Phase 1: Mark live objects 119.047ms
[2026-07-01T01:42:56.236+0000][82.983s][info][gc,phases,start] GC(266) Phase 2: Compute new object addresses
[2026-07-01T01:42:56.287+0000][83.034s][info][gc,phases      ] GC(266) Phase 2: Compute new object addresses 50.786ms
[2026-07-01T01:42:56.287+0000][83.034s][info][gc,phases,start] GC(266) Phase 3: Adjust pointers
[2026-07-01T01:42:56.344+0000][83.091s][info][gc,phases      ] GC(266) Phase 3: Adjust pointers 57.260ms
[2026-07-01T01:42:56.344+0000][83.091s][info][gc,phases,start] GC(266) Phase 4: Move objects
[2026-07-01T01:42:56.345+0000][83.092s][info][gc,phases      ] GC(266) Phase 4: Move objects 0.424ms
[2026-07-01T01:42:56.345+0000][83.092s][info][gc,heap        ] GC(266) DefNew: 69952K(78656K)->0K(78656K) Eden: 69952K(69952K)->0K(69952K) From: 0K(8704K)->0K(8704K)
[2026-07-01T01:42:56.345+0000][83.092s][info][gc,heap        ] GC(266) Tenured: 173280K(174784K)->174353K(174784K)
[2026-07-01T01:42:56.345+0000][83.092s][info][gc,metaspace   ] GC(266) Metaspace: 41369K(42496K)->41369K(42496K) NonClass: 36344K(36992K)->36344K(36992K) Class: 5025K(5504K)->5025K(5504K)
[2026-07-01T01:42:56.345+0000][83.092s][info][gc             ] GC(266) Pause Full (Allocation Failure) 237M->170M(247M) 227.914ms
[2026-07-01T01:42:56.345+0000][83.092s][info][gc,cpu         ] GC(266) User=0.23s Sys=0.00s Real=0.23s
[2026-07-01T01:42:56.654+0000][83.401s][info][gc,start       ] GC(267) Pause Young (Allocation Failure)
[2026-07-01T01:42:56.654+0000][83.401s][info][gc             ] GC(267) Pause Young (Allocation Failure) 238M->238M(247M) 0.093ms
[2026-07-01T01:42:56.654+0000][83.401s][info][gc,cpu         ] GC(267) User=0.00s Sys=0.00s Real=0.00s
[2026-07-01T01:42:56.654+0000][83.401s][info][gc,start       ] GC(268) Pause Full (Allocation Failure)
[2026-07-01T01:42:56.654+0000][83.401s][info][gc,phases,start] GC(268) Phase 1: Mark live objects
[2026-07-01T01:42:56.773+0000][83.519s][info][gc,phases      ] GC(268) Phase 1: Mark live objects 118.587ms
[2026-07-01T01:42:56.773+0000][83.520s][info][gc,phases,start] GC(268) Phase 2: Compute new object addresses
[2026-07-01T01:42:56.824+0000][83.571s][info][gc,phases      ] GC(268) Phase 2: Compute new object addresses 51.328ms
[2026-07-01T01:42:56.824+0000][83.571s][info][gc,phases,start] GC(268) Phase 3: Adjust pointers
[2026-07-01T01:42:56.885+0000][83.632s][info][gc,phases      ] GC(268) Phase 3: Adjust pointers 61.523ms
[2026-07-01T01:42:56.886+0000][83.632s][info][gc,phases,start] GC(268) Phase 4: Move objects
[2026-07-01T01:42:56.918+0000][83.665s][info][gc,phases      ] GC(268) Phase 4: Move objects 32.095ms
[2026-07-01T01:42:56.918+0000][83.665s][info][gc,heap        ] GC(268) DefNew: 69952K(78656K)->0K(78656K) Eden: 69952K(69952K)->0K(69952K) From: 0K(8704K)->0K(8704K)
[2026-07-01T01:42:56.918+0000][83.665s][info][gc,heap        ] GC(268) Tenured: 174353K(174784K)->172109K(174784K)
[2026-07-01T01:42:56.918+0000][83.665s][info][gc,metaspace   ] GC(268) Metaspace: 41369K(42496K)->41369K(42496K) NonClass: 36344K(36992K)->36344K(36992K) Class: 5025K(5504K)->5025K(5504K)
[2026-07-01T01:42:56.918+0000][83.665s][info][gc             ] GC(268) Pause Full (Allocation Failure) 238M->168M(247M) 263.943ms
[2026-07-01T01:42:56.918+0000][83.665s][info][gc,cpu         ] GC(268) User=0.26s Sys=0.00s Real=0.26s
[2026-07-01T01:42:57.230+0000][83.977s][info][gc,start       ] GC(269) Pause Young (Allocation Failure)
[2026-07-01T01:42:57.230+0000][83.977s][info][gc             ] GC(269) Pause Young (Allocation Failure) 236M->236M(247M) 0.111ms
[2026-07-01T01:42:57.230+0000][83.977s][info][gc,cpu         ] GC(269) User=0.00s Sys=0.00s Real=0.00s
[2026-07-01T01:42:57.230+0000][83.977s][info][gc,start       ] GC(270) Pause Full (Allocation Failure)
[2026-07-01T01:42:57.230+0000][83.977s][info][gc,phases,start] GC(270) Phase 1: Mark live objects
[2026-07-01T01:42:57.351+0000][84.098s][info][gc,phases      ] GC(270) Phase 1: Mark live objects 120.899ms
[2026-07-01T01:42:57.351+0000][84.098s][info][gc,phases,start] GC(270) Phase 2: Compute new object addresses
[2026-07-01T01:42:57.403+0000][84.150s][info][gc,phases      ] GC(270) Phase 2: Compute new object addresses 51.573ms
[2026-07-01T01:42:57.403+0000][84.150s][info][gc,phases,start] GC(270) Phase 3: Adjust pointers
[2026-07-01T01:42:57.460+0000][84.207s][info][gc,phases      ] GC(270) Phase 3: Adjust pointers 57.040ms
[2026-07-01T01:42:57.460+0000][84.207s][info][gc,phases,start] GC(270) Phase 4: Move objects
[2026-07-01T01:42:57.460+0000][84.207s][info][gc,phases      ] GC(270) Phase 4: Move objects 0.496ms
[2026-07-01T01:42:57.461+0000][84.208s][info][gc,heap        ] GC(270) DefNew: 69951K(78656K)->0K(78656K) Eden: 69951K(69952K)->0K(69952K) From: 0K(8704K)->0K(8704K)
[2026-07-01T01:42:57.461+0000][84.208s][info][gc,heap        ] GC(270) Tenured: 172109K(174784K)->173588K(174784K)
[2026-07-01T01:42:57.461+0000][84.208s][info][gc,metaspace   ] GC(270) Metaspace: 41369K(42496K)->41369K(42496K) NonClass: 36344K(36992K)->36344K(36992K) Class: 5025K(5504K)->5025K(5504K)
[2026-07-01T01:42:57.461+0000][84.208s][info][gc             ] GC(270) Pause Full (Allocation Failure) 236M->169M(247M) 230.395ms
[2026-07-01T01:42:57.461+0000][84.208s][info][gc,cpu         ] GC(270) User=0.22s Sys=0.00s Real=0.23s
[2026-07-01T01:42:57.764+0000][84.511s][info][gc,start       ] GC(271) Pause Young (Allocation Failure)
[2026-07-01T01:42:57.764+0000][84.511s][info][gc             ] GC(271) Pause Young (Allocation Failure) 237M->237M(247M) 0.123ms
[2026-07-01T01:42:57.764+0000][84.511s][info][gc,cpu         ] GC(271) User=0.00s Sys=0.00s Real=0.00s
[2026-07-01T01:42:57.764+0000][84.511s][info][gc,start       ] GC(272) Pause Full (Allocation Failure)
[2026-07-01T01:42:57.764+0000][84.511s][info][gc,phases,start] GC(272) Phase 1: Mark live objects
[2026-07-01T01:42:57.887+0000][84.634s][info][gc,phases      ] GC(272) Phase 1: Mark live objects 123.214ms
[2026-07-01T01:42:57.887+0000][84.634s][info][gc,phases,start] GC(272) Phase 2: Compute new object addresses
[2026-07-01T01:42:57.938+0000][84.685s][info][gc,phases      ] GC(272) Phase 2: Compute new object addresses 51.145ms
[2026-07-01T01:42:57.938+0000][84.685s][info][gc,phases,start] GC(272) Phase 3: Adjust pointers
[2026-07-01T01:42:57.996+0000][84.743s][info][gc,phases      ] GC(272) Phase 3: Adjust pointers 57.965ms
[2026-07-01T01:42:57.996+0000][84.743s][info][gc,phases,start] GC(272) Phase 4: Move objects
[2026-07-01T01:42:57.997+0000][84.744s][info][gc,phases      ] GC(272) Phase 4: Move objects 0.444ms
[2026-07-01T01:42:57.997+0000][84.744s][info][gc,heap        ] GC(272) DefNew: 69952K(78656K)->0K(78656K) Eden: 69952K(69952K)->0K(69952K) From: 0K(8704K)->0K(8704K)
[2026-07-01T01:42:57.997+0000][84.744s][info][gc,heap        ] GC(272) Tenured: 173588K(174784K)->174489K(174784K)
[2026-07-01T01:42:57.997+0000][84.744s][info][gc,metaspace   ] GC(272) Metaspace: 41369K(42496K)->41369K(42496K) NonClass: 36344K(36992K)->36344K(36992K) Class: 5025K(5504K)->5025K(5504K)
[2026-07-01T01:42:57.997+0000][84.744s][info][gc             ] GC(272) Pause Full (Allocation Failure) 237M->170M(247M) 233.163ms
[2026-07-01T01:42:57.997+0000][84.744s][info][gc,cpu         ] GC(272) User=0.23s Sys=0.00s Real=0.23s
[2026-07-01T01:42:58.293+0000][85.040s][info][gc,start       ] GC(273) Pause Young (Allocation Failure)
[2026-07-01T01:42:58.293+0000][85.040s][info][gc             ] GC(273) Pause Young (Allocation Failure) 238M->238M(247M) 0.107ms
[2026-07-01T01:42:58.293+0000][85.040s][info][gc,cpu         ] GC(273) User=0.00s Sys=0.00s Real=0.00s
[2026-07-01T01:42:58.293+0000][85.040s][info][gc,start       ] GC(274) Pause Full (Allocation Failure)
[2026-07-01T01:42:58.293+0000][85.040s][info][gc,phases,start] GC(274) Phase 1: Mark live objects
[2026-07-01T01:42:58.417+0000][85.164s][info][gc,phases      ] GC(274) Phase 1: Mark live objects 123.363ms
[2026-07-01T01:42:58.417+0000][85.164s][info][gc,phases,start] GC(274) Phase 2: Compute new object addresses
[2026-07-01T01:42:58.468+0000][85.215s][info][gc,phases      ] GC(274) Phase 2: Compute new object addresses 51.259ms
[2026-07-01T01:42:58.468+0000][85.215s][info][gc,phases,start] GC(274) Phase 3: Adjust pointers
[2026-07-01T01:42:58.527+0000][85.274s][info][gc,phases      ] GC(274) Phase 3: Adjust pointers 58.706ms
[2026-07-01T01:42:58.527+0000][85.274s][info][gc,phases,start] GC(274) Phase 4: Move objects
[2026-07-01T01:42:58.527+0000][85.274s][info][gc,phases      ] GC(274) Phase 4: Move objects 0.405ms
[2026-07-01T01:42:58.527+0000][85.274s][info][gc,heap        ] GC(274) DefNew: 69952K(78656K)->541K(78656K) Eden: 69952K(69952K)->541K(69952K) From: 0K(8704K)->0K(8704K)
[2026-07-01T01:42:58.527+0000][85.274s][info][gc,heap        ] GC(274) Tenured: 174489K(174784K)->174784K(174784K)
[2026-07-01T01:42:58.527+0000][85.274s][info][gc,metaspace   ] GC(274) Metaspace: 41369K(42496K)->41369K(42496K) NonClass: 36344K(36992K)->36344K(36992K) Class: 5025K(5504K)->5025K(5504K)
[2026-07-01T01:42:58.527+0000][85.274s][info][gc             ] GC(274) Pause Full (Allocation Failure) 238M->171M(247M) 234.137ms
[2026-07-01T01:42:58.527+0000][85.274s][info][gc,cpu         ] GC(274) User=0.23s Sys=0.00s Real=0.23s
[2026-07-01T01:42:58.933+0000][85.680s][info][gc,start       ] GC(275) Pause Full (Allocation Failure)
[2026-07-01T01:42:58.933+0000][85.680s][info][gc,phases,start] GC(275) Phase 1: Mark live objects
[2026-07-01T01:42:59.059+0000][85.806s][info][gc,phases      ] GC(275) Phase 1: Mark live objects 125.697ms
[2026-07-01T01:42:59.059+0000][85.806s][info][gc,phases,start] GC(275) Phase 2: Compute new object addresses
[2026-07-01T01:42:59.112+0000][85.859s][info][gc,phases      ] GC(275) Phase 2: Compute new object addresses 52.796ms
[2026-07-01T01:42:59.112+0000][85.859s][info][gc,phases,start] GC(275) Phase 3: Adjust pointers
[2026-07-01T01:42:59.175+0000][85.922s][info][gc,phases      ] GC(275) Phase 3: Adjust pointers 63.235ms
[2026-07-01T01:42:59.175+0000][85.922s][info][gc,phases,start] GC(275) Phase 4: Move objects
[2026-07-01T01:42:59.208+0000][85.955s][info][gc,phases      ] GC(275) Phase 4: Move objects 33.215ms
[2026-07-01T01:42:59.209+0000][85.955s][info][gc,heap        ] GC(275) DefNew: 78655K(78656K)->0K(78656K) Eden: 69952K(69952K)->0K(69952K) From: 8703K(8704K)->0K(8704K)
[2026-07-01T01:42:59.209+0000][85.955s][info][gc,heap        ] GC(275) Tenured: 174784K(174784K)->172774K(174784K)
[2026-07-01T01:42:59.209+0000][85.955s][info][gc,metaspace   ] GC(275) Metaspace: 41369K(42496K)->41369K(42496K) NonClass: 36344K(36992K)->36344K(36992K) Class: 5025K(5504K)->5025K(5504K)
[2026-07-01T01:42:59.209+0000][85.955s][info][gc             ] GC(275) Pause Full (Allocation Failure) 247M->168M(247M) 275.425ms
[2026-07-01T01:42:59.209+0000][85.956s][info][gc,cpu         ] GC(275) User=0.28s Sys=0.00s Real=0.28s
[2026-07-01T01:42:59.519+0000][86.266s][info][gc,start       ] GC(276) Pause Young (Allocation Failure)
[2026-07-01T01:42:59.519+0000][86.266s][info][gc             ] GC(276) Pause Young (Allocation Failure) 237M->237M(247M) 0.122ms
[2026-07-01T01:42:59.519+0000][86.266s][info][gc,cpu         ] GC(276) User=0.00s Sys=0.00s Real=0.00s
[2026-07-01T01:42:59.519+0000][86.266s][info][gc,start       ] GC(277) Pause Full (Allocation Failure)
[2026-07-01T01:42:59.519+0000][86.266s][info][gc,phases,start] GC(277) Phase 1: Mark live objects
[2026-07-01T01:42:59.642+0000][86.389s][info][gc,phases      ] GC(277) Phase 1: Mark live objects 122.688ms
[2026-07-01T01:42:59.642+0000][86.389s][info][gc,phases,start] GC(277) Phase 2: Compute new object addresses
[2026-07-01T01:42:59.693+0000][86.440s][info][gc,phases      ] GC(277) Phase 2: Compute new object addresses 50.986ms
[2026-07-01T01:42:59.693+0000][86.440s][info][gc,phases,start] GC(277) Phase 3: Adjust pointers
[2026-07-01T01:42:59.751+0000][86.498s][info][gc,phases      ] GC(277) Phase 3: Adjust pointers 57.936ms
[2026-07-01T01:42:59.751+0000][86.498s][info][gc,phases,start] GC(277) Phase 4: Move objects
[2026-07-01T01:42:59.751+0000][86.498s][info][gc,phases      ] GC(277) Phase 4: Move objects 0.342ms
[2026-07-01T01:42:59.751+0000][86.498s][info][gc,heap        ] GC(277) DefNew: 69952K(78656K)->0K(78656K) Eden: 69952K(69952K)->0K(69952K) From: 0K(8704K)->0K(8704K)
[2026-07-01T01:42:59.751+0000][86.498s][info][gc,heap        ] GC(277) Tenured: 172774K(174784K)->173381K(174784K)
[2026-07-01T01:42:59.751+0000][86.498s][info][gc,metaspace   ] GC(277) Metaspace: 41369K(42496K)->41369K(42496K) NonClass: 36344K(36992K)->36344K(36992K) Class: 5025K(5504K)->5025K(5504K)
[2026-07-01T01:42:59.751+0000][86.498s][info][gc             ] GC(277) Pause Full (Allocation Failure) 237M->169M(247M) 232.330ms
[2026-07-01T01:42:59.751+0000][86.498s][info][gc,cpu         ] GC(277) User=0.23s Sys=0.00s Real=0.23s
[2026-07-01T01:43:00.056+0000][86.803s][info][gc,start       ] GC(278) Pause Young (Allocation Failure)
[2026-07-01T01:43:00.057+0000][86.804s][info][gc             ] GC(278) Pause Young (Allocation Failure) 237M->237M(247M) 0.197ms
[2026-07-01T01:43:00.057+0000][86.804s][info][gc,cpu         ] GC(278) User=0.00s Sys=0.00s Real=0.00s
[2026-07-01T01:43:00.057+0000][86.804s][info][gc,start       ] GC(279) Pause Full (Allocation Failure)
[2026-07-01T01:43:00.057+0000][86.804s][info][gc,phases,start] GC(279) Phase 1: Mark live objects
[2026-07-01T01:43:00.181+0000][86.928s][info][gc,phases      ] GC(279) Phase 1: Mark live objects 124.582ms
[2026-07-01T01:43:00.181+0000][86.928s][info][gc,phases,start] GC(279) Phase 2: Compute new object addresses
[2026-07-01T01:43:00.233+0000][86.980s][info][gc,phases      ] GC(279) Phase 2: Compute new object addresses 51.277ms
[2026-07-01T01:43:00.233+0000][86.980s][info][gc,phases,start] GC(279) Phase 3: Adjust pointers
[2026-07-01T01:43:00.290+0000][87.037s][info][gc,phases      ] GC(279) Phase 3: Adjust pointers 57.000ms
[2026-07-01T01:43:00.290+0000][87.037s][info][gc,phases,start] GC(279) Phase 4: Move objects
[2026-07-01T01:43:00.290+0000][87.037s][info][gc,phases      ] GC(279) Phase 4: Move objects 0.483ms
[2026-07-01T01:43:00.290+0000][87.037s][info][gc,heap        ] GC(279) DefNew: 69952K(78656K)->0K(78656K) Eden: 69952K(69952K)->0K(69952K) From: 0K(8704K)->0K(8704K)
[2026-07-01T01:43:00.290+0000][87.037s][info][gc,heap        ] GC(279) Tenured: 173381K(174784K)->174616K(174784K)
[2026-07-01T01:43:00.290+0000][87.037s][info][gc,metaspace   ] GC(279) Metaspace: 41369K(42496K)->41369K(42496K) NonClass: 36344K(36992K)->36344K(36992K) Class: 5025K(5504K)->5025K(5504K)
[2026-07-01T01:43:00.290+0000][87.037s][info][gc             ] GC(279) Pause Full (Allocation Failure) 237M->170M(247M) 233.717ms
[2026-07-01T01:43:00.290+0000][87.037s][info][gc,cpu         ] GC(279) User=0.24s Sys=0.00s Real=0.24s
[2026-07-01T01:43:00.591+0000][87.338s][info][gc,start       ] GC(280) Pause Young (Allocation Failure)
[2026-07-01T01:43:00.591+0000][87.338s][info][gc             ] GC(280) Pause Young (Allocation Failure) 238M->238M(247M) 0.097ms
[2026-07-01T01:43:00.591+0000][87.338s][info][gc,cpu         ] GC(280) User=0.00s Sys=0.00s Real=0.00s
[2026-07-01T01:43:00.591+0000][87.338s][info][gc,start       ] GC(281) Pause Full (Allocation Failure)
[2026-07-01T01:43:00.591+0000][87.338s][info][gc,phases,start] GC(281) Phase 1: Mark live objects
[2026-07-01T01:43:00.714+0000][87.461s][info][gc,phases      ] GC(281) Phase 1: Mark live objects 123.551ms
[2026-07-01T01:43:00.715+0000][87.461s][info][gc,phases,start] GC(281) Phase 2: Compute new object addresses
[2026-07-01T01:43:00.766+0000][87.513s][info][gc,phases      ] GC(281) Phase 2: Compute new object addresses 51.311ms
[2026-07-01T01:43:00.766+0000][87.513s][info][gc,phases,start] GC(281) Phase 3: Adjust pointers
[2026-07-01T01:43:00.824+0000][87.571s][info][gc,phases      ] GC(281) Phase 3: Adjust pointers 58.523ms
[2026-07-01T01:43:00.824+0000][87.571s][info][gc,phases,start] GC(281) Phase 4: Move objects
[2026-07-01T01:43:00.825+0000][87.572s][info][gc,phases      ] GC(281) Phase 4: Move objects 0.467ms
[2026-07-01T01:43:00.825+0000][87.572s][info][gc,heap        ] GC(281) DefNew: 69951K(78656K)->1011K(78656K) Eden: 69951K(69952K)->1011K(69952K) From: 0K(8704K)->0K(8704K)
[2026-07-01T01:43:00.825+0000][87.572s][info][gc,heap        ] GC(281) Tenured: 174616K(174784K)->174780K(174784K)
[2026-07-01T01:43:00.825+0000][87.572s][info][gc,metaspace   ] GC(281) Metaspace: 41369K(42496K)->41369K(42496K) NonClass: 36344K(36992K)->36344K(36992K) Class: 5025K(5504K)->5025K(5504K)
[2026-07-01T01:43:00.825+0000][87.572s][info][gc             ] GC(281) Pause Full (Allocation Failure) 238M->171M(247M) 234.266ms
[2026-07-01T01:43:00.825+0000][87.572s][info][gc,cpu         ] GC(281) User=0.24s Sys=0.00s Real=0.23s
[2026-07-01T01:43:01.367+0000][88.114s][info][gc,start       ] GC(282) Pause Full (Allocation Failure)
[2026-07-01T01:43:01.367+0000][88.114s][info][gc,phases,start] GC(282) Phase 1: Mark live objects
[2026-07-01T01:43:01.563+0000][88.310s][info][gc,phases      ] GC(282) Phase 1: Mark live objects 195.393ms
[2026-07-01T01:43:01.563+0000][88.310s][info][gc,phases,start] GC(282) Phase 2: Compute new object addresses
[2026-07-01T01:43:01.634+0000][88.381s][info][gc,phases      ] GC(282) Phase 2: Compute new object addresses 70.985ms
[2026-07-01T01:43:01.634+0000][88.381s][info][gc,phases,start] GC(282) Phase 3: Adjust pointers
[2026-07-01T01:43:01.726+0000][88.473s][info][gc,phases      ] GC(282) Phase 3: Adjust pointers 91.718ms
[2026-07-01T01:43:01.726+0000][88.473s][info][gc,phases,start] GC(282) Phase 4: Move objects
[2026-07-01T01:43:01.766+0000][88.513s][info][gc,phases      ] GC(282) Phase 4: Move objects 40.494ms
[2026-07-01T01:43:01.766+0000][88.513s][info][gc,heap        ] GC(282) DefNew: 78655K(78656K)->0K(78656K) Eden: 69952K(69952K)->0K(69952K) From: 8703K(8704K)->0K(8704K)
[2026-07-01T01:43:01.766+0000][88.513s][info][gc,heap        ] GC(282) Tenured: 174783K(174784K)->173406K(174784K)
[2026-07-01T01:43:01.766+0000][88.513s][info][gc,metaspace   ] GC(282) Metaspace: 41370K(42496K)->41370K(42496K) NonClass: 36345K(36992K)->36345K(36992K) Class: 5025K(5504K)->5025K(5504K)
[2026-07-01T01:43:01.766+0000][88.513s][info][gc             ] GC(282) Pause Full (Allocation Failure) 247M->169M(247M) 399.156ms
[2026-07-01T01:43:01.767+0000][88.513s][info][gc,cpu         ] GC(282) User=0.40s Sys=0.01s Real=0.40s
[2026-07-01T01:43:02.183+0000][88.930s][info][gc,start       ] GC(283) Pause Young (Allocation Failure)
[2026-07-01T01:43:02.183+0000][88.930s][info][gc             ] GC(283) Pause Young (Allocation Failure) 237M->237M(247M) 0.112ms
[2026-07-01T01:43:02.183+0000][88.930s][info][gc,cpu         ] GC(283) User=0.00s Sys=0.00s Real=0.00s
[2026-07-01T01:43:02.183+0000][88.930s][info][gc,start       ] GC(284) Pause Full (Allocation Failure)
[2026-07-01T01:43:02.183+0000][88.930s][info][gc,phases,start] GC(284) Phase 1: Mark live objects
[2026-07-01T01:43:02.378+0000][89.125s][info][gc,phases      ] GC(284) Phase 1: Mark live objects 194.883ms
[2026-07-01T01:43:02.378+0000][89.125s][info][gc,phases,start] GC(284) Phase 2: Compute new object addresses
[2026-07-01T01:43:02.450+0000][89.197s][info][gc,phases      ] GC(284) Phase 2: Compute new object addresses 72.053ms
[2026-07-01T01:43:02.450+0000][89.197s][info][gc,phases,start] GC(284) Phase 3: Adjust pointers
[2026-07-01T01:43:02.535+0000][89.282s][info][gc,phases      ] GC(284) Phase 3: Adjust pointers 84.724ms
[2026-07-01T01:43:02.535+0000][89.282s][info][gc,phases,start] GC(284) Phase 4: Move objects
[2026-07-01T01:43:02.536+0000][89.282s][info][gc,phases      ] GC(284) Phase 4: Move objects 0.556ms
[2026-07-01T01:43:02.536+0000][89.283s][info][gc,heap        ] GC(284) DefNew: 69952K(78656K)->74K(78656K) Eden: 69952K(69952K)->74K(69952K) From: 0K(8704K)->0K(8704K)
[2026-07-01T01:43:02.536+0000][89.283s][info][gc,heap        ] GC(284) Tenured: 173406K(174784K)->174783K(174784K)
[2026-07-01T01:43:02.536+0000][89.283s][info][gc,metaspace   ] GC(284) Metaspace: 41370K(42496K)->41370K(42496K) NonClass: 36345K(36992K)->36345K(36992K) Class: 5025K(5504K)->5025K(5504K)
[2026-07-01T01:43:02.536+0000][89.283s][info][gc             ] GC(284) Pause Full (Allocation Failure) 237M->170M(247M) 352.681ms
[2026-07-01T01:43:02.536+0000][89.283s][info][gc,cpu         ] GC(284) User=0.35s Sys=0.00s Real=0.35s
[2026-07-01T01:43:03.056+0000][89.803s][info][gc,start       ] GC(285) Pause Full (Allocation Failure)
[2026-07-01T01:43:03.056+0000][89.803s][info][gc,phases,start] GC(285) Phase 1: Mark live objects
[2026-07-01T01:43:03.251+0000][89.998s][info][gc,phases      ] GC(285) Phase 1: Mark live objects 194.276ms
[2026-07-01T01:43:03.251+0000][89.998s][info][gc,phases,start] GC(285) Phase 2: Compute new object addresses
[2026-07-01T01:43:03.325+0000][90.072s][info][gc,phases      ] GC(285) Phase 2: Compute new object addresses 73.890ms
[2026-07-01T01:43:03.325+0000][90.072s][info][gc,phases,start] GC(285) Phase 3: Adjust pointers
[2026-07-01T01:43:03.408+0000][90.155s][info][gc,phases      ] GC(285) Phase 3: Adjust pointers 83.675ms
[2026-07-01T01:43:03.408+0000][90.155s][info][gc,phases,start] GC(285) Phase 4: Move objects
[2026-07-01T01:43:03.409+0000][90.156s][info][gc,phases      ] GC(285) Phase 4: Move objects 0.483ms
[2026-07-01T01:43:03.409+0000][90.156s][info][gc,heap        ] GC(285) DefNew: 78655K(78656K)->821K(78656K) Eden: 69952K(69952K)->821K(69952K) From: 8703K(8704K)->0K(8704K)
[2026-07-01T01:43:03.409+0000][90.156s][info][gc,heap        ] GC(285) Tenured: 174783K(174784K)->174783K(174784K)
[2026-07-01T01:43:03.409+0000][90.156s][info][gc,metaspace   ] GC(285) Metaspace: 41371K(42496K)->41371K(42496K) NonClass: 36345K(36992K)->36345K(36992K) Class: 5025K(5504K)->5025K(5504K)
[2026-07-01T01:43:03.409+0000][90.156s][info][gc             ] GC(285) Pause Full (Allocation Failure) 247M->171M(247M) 352.883ms
[2026-07-01T01:43:03.409+0000][90.156s][info][gc,cpu         ] GC(285) User=0.35s Sys=0.01s Real=0.36s
[2026-07-01T01:43:03.936+0000][90.683s][info][gc,start       ] GC(286) Pause Full (Allocation Failure)
[2026-07-01T01:43:03.936+0000][90.683s][info][gc,phases,start] GC(286) Phase 1: Mark live objects
[2026-07-01T01:43:04.062+0000][90.809s][info][gc,phases      ] GC(286) Phase 1: Mark live objects 125.966ms
[2026-07-01T01:43:04.062+0000][90.809s][info][gc,phases,start] GC(286) Phase 2: Compute new object addresses
[2026-07-01T01:43:04.116+0000][90.863s][info][gc,phases      ] GC(286) Phase 2: Compute new object addresses 53.814ms
[2026-07-01T01:43:04.116+0000][90.863s][info][gc,phases,start] GC(286) Phase 3: Adjust pointers
[2026-07-01T01:43:04.175+0000][90.922s][info][gc,phases      ] GC(286) Phase 3: Adjust pointers 59.413ms
[2026-07-01T01:43:04.175+0000][90.922s][info][gc,phases,start] GC(286) Phase 4: Move objects
[2026-07-01T01:43:04.176+0000][90.923s][info][gc,phases      ] GC(286) Phase 4: Move objects 0.796ms
[2026-07-01T01:43:04.176+0000][90.923s][info][gc,heap        ] GC(286) DefNew: 78655K(78656K)->2106K(78656K) Eden: 69952K(69952K)->2106K(69952K) From: 8703K(8704K)->0K(8704K)
[2026-07-01T01:43:04.176+0000][90.923s][info][gc,heap        ] GC(286) Tenured: 174783K(174784K)->174783K(174784K)
[2026-07-01T01:43:04.176+0000][90.923s][info][gc,metaspace   ] GC(286) Metaspace: 41371K(42496K)->41371K(42496K) NonClass: 36345K(36992K)->36345K(36992K) Class: 5025K(5504K)->5025K(5504K)
[2026-07-01T01:43:04.176+0000][90.923s][info][gc             ] GC(286) Pause Full (Allocation Failure) 247M->172M(247M) 240.442ms
[2026-07-01T01:43:04.176+0000][90.923s][info][gc,cpu         ] GC(286) User=0.24s Sys=0.00s Real=0.24s
[2026-07-01T01:43:04.565+0000][91.312s][info][gc,start       ] GC(287) Pause Full (Allocation Failure)
[2026-07-01T01:43:04.565+0000][91.312s][info][gc,phases,start] GC(287) Phase 1: Mark live objects
[2026-07-01T01:43:04.692+0000][91.439s][info][gc,phases      ] GC(287) Phase 1: Mark live objects 126.836ms
[2026-07-01T01:43:04.692+0000][91.439s][info][gc,phases,start] GC(287) Phase 2: Compute new object addresses
[2026-07-01T01:43:04.745+0000][91.492s][info][gc,phases      ] GC(287) Phase 2: Compute new object addresses 53.063ms
[2026-07-01T01:43:04.745+0000][91.492s][info][gc,phases,start] GC(287) Phase 3: Adjust pointers
[2026-07-01T01:43:04.809+0000][91.556s][info][gc,phases      ] GC(287) Phase 3: Adjust pointers 64.050ms
[2026-07-01T01:43:04.810+0000][91.556s][info][gc,phases,start] GC(287) Phase 4: Move objects
[2026-07-01T01:43:04.842+0000][91.589s][info][gc,phases      ] GC(287) Phase 4: Move objects 32.353ms
[2026-07-01T01:43:04.842+0000][91.589s][info][gc,heap        ] GC(287) DefNew: 78656K(78656K)->0K(78656K) Eden: 69952K(69952K)->0K(69952K) From: 8704K(8704K)->0K(8704K)
[2026-07-01T01:43:04.842+0000][91.589s][info][gc,heap        ] GC(287) Tenured: 174783K(174784K)->174223K(174784K)
[2026-07-01T01:43:04.842+0000][91.589s][info][gc,metaspace   ] GC(287) Metaspace: 41376K(42496K)->41376K(42496K) NonClass: 36350K(36992K)->36350K(36992K) Class: 5025K(5504K)->5025K(5504K)
[2026-07-01T01:43:04.842+0000][91.589s][info][gc             ] GC(287) Pause Full (Allocation Failure) 247M->170M(247M) 276.822ms
[2026-07-01T01:43:04.842+0000][91.589s][info][gc,cpu         ] GC(287) User=0.28s Sys=0.00s Real=0.28s
[2026-07-01T01:43:05.138+0000][91.885s][info][gc,start       ] GC(288) Pause Young (Allocation Failure)
[2026-07-01T01:43:05.138+0000][91.885s][info][gc             ] GC(288) Pause Young (Allocation Failure) 238M->238M(247M) 0.120ms
[2026-07-01T01:43:05.138+0000][91.885s][info][gc,cpu         ] GC(288) User=0.00s Sys=0.00s Real=0.00s
[2026-07-01T01:43:05.138+0000][91.885s][info][gc,start       ] GC(289) Pause Full (Allocation Failure)
[2026-07-01T01:43:05.138+0000][91.885s][info][gc,phases,start] GC(289) Phase 1: Mark live objects
[2026-07-01T01:43:05.266+0000][92.013s][info][gc,phases      ] GC(289) Phase 1: Mark live objects 127.455ms
[2026-07-01T01:43:05.266+0000][92.013s][info][gc,phases,start] GC(289) Phase 2: Compute new object addresses
[2026-07-01T01:43:05.318+0000][92.064s][info][gc,phases      ] GC(289) Phase 2: Compute new object addresses 51.728ms
[2026-07-01T01:43:05.318+0000][92.065s][info][gc,phases,start] GC(289) Phase 3: Adjust pointers
[2026-07-01T01:43:05.377+0000][92.124s][info][gc,phases      ] GC(289) Phase 3: Adjust pointers 59.521ms
[2026-07-01T01:43:05.377+0000][92.124s][info][gc,phases,start] GC(289) Phase 4: Move objects
[2026-07-01T01:43:05.378+0000][92.124s][info][gc,phases      ] GC(289) Phase 4: Move objects 0.356ms
[2026-07-01T01:43:05.378+0000][92.125s][info][gc,heap        ] GC(289) DefNew: 69952K(78656K)->121K(78656K) Eden: 69952K(69952K)->121K(69952K) From: 0K(8704K)->0K(8704K)
[2026-07-01T01:43:05.378+0000][92.125s][info][gc,heap        ] GC(289) Tenured: 174223K(174784K)->174783K(174784K)
[2026-07-01T01:43:05.378+0000][92.125s][info][gc,metaspace   ] GC(289) Metaspace: 41377K(42496K)->41377K(42496K) NonClass: 36351K(36992K)->36351K(36992K) Class: 5025K(5504K)->5025K(5504K)
[2026-07-01T01:43:05.378+0000][92.125s][info][gc             ] GC(289) Pause Full (Allocation Failure) 238M->170M(247M) 239.445ms
[2026-07-01T01:43:05.378+0000][92.125s][info][gc,cpu         ] GC(289) User=0.24s Sys=0.00s Real=0.23s
[2026-07-01T01:43:05.763+0000][92.510s][info][gc,start       ] GC(290) Pause Full (Allocation Failure)
[2026-07-01T01:43:05.763+0000][92.510s][info][gc,phases,start] GC(290) Phase 1: Mark live objects
[2026-07-01T01:43:05.891+0000][92.637s][info][gc,phases      ] GC(290) Phase 1: Mark live objects 127.918ms
[2026-07-01T01:43:05.891+0000][92.638s][info][gc,phases,start] GC(290) Phase 2: Compute new object addresses
[2026-07-01T01:43:05.945+0000][92.692s][info][gc,phases      ] GC(290) Phase 2: Compute new object addresses 54.174ms
[2026-07-01T01:43:05.945+0000][92.692s][info][gc,phases,start] GC(290) Phase 3: Adjust pointers
[2026-07-01T01:43:06.005+0000][92.752s][info][gc,phases      ] GC(290) Phase 3: Adjust pointers 60.053ms
[2026-07-01T01:43:06.005+0000][92.752s][info][gc,phases,start] GC(290) Phase 4: Move objects
[2026-07-01T01:43:06.006+0000][92.753s][info][gc,phases      ] GC(290) Phase 4: Move objects 0.735ms
[2026-07-01T01:43:06.006+0000][92.753s][info][gc,heap        ] GC(290) DefNew: 78655K(78656K)->1816K(78656K) Eden: 69952K(69952K)->1816K(69952K) From: 8703K(8704K)->0K(8704K)
[2026-07-01T01:43:06.006+0000][92.753s][info][gc,heap        ] GC(290) Tenured: 174783K(174784K)->174783K(174784K)
[2026-07-01T01:43:06.006+0000][92.753s][info][gc,metaspace   ] GC(290) Metaspace: 41377K(42496K)->41377K(42496K) NonClass: 36352K(36992K)->36352K(36992K) Class: 5025K(5504K)->5025K(5504K)
[2026-07-01T01:43:06.006+0000][92.753s][info][gc             ] GC(290) Pause Full (Allocation Failure) 247M->172M(247M) 243.362ms
[2026-07-01T01:43:06.006+0000][92.753s][info][gc,cpu         ] GC(290) User=0.24s Sys=0.00s Real=0.24s
[2026-07-01T01:43:06.410+0000][93.157s][info][gc,start       ] GC(291) Pause Full (Allocation Failure)
[2026-07-01T01:43:06.410+0000][93.157s][info][gc,phases,start] GC(291) Phase 1: Mark live objects
[2026-07-01T01:43:06.540+0000][93.287s][info][gc,phases      ] GC(291) Phase 1: Mark live objects 129.518ms
[2026-07-01T01:43:06.540+0000][93.287s][info][gc,phases,start] GC(291) Phase 2: Compute new object addresses
[2026-07-01T01:43:06.594+0000][93.341s][info][gc,phases      ] GC(291) Phase 2: Compute new object addresses 54.035ms
[2026-07-01T01:43:06.594+0000][93.341s][info][gc,phases,start] GC(291) Phase 3: Adjust pointers
[2026-07-01T01:43:06.654+0000][93.401s][info][gc,phases      ] GC(291) Phase 3: Adjust pointers 59.950ms
[2026-07-01T01:43:06.654+0000][93.401s][info][gc,phases,start] GC(291) Phase 4: Move objects
[2026-07-01T01:43:06.655+0000][93.401s][info][gc,phases      ] GC(291) Phase 4: Move objects 0.760ms
[2026-07-01T01:43:06.655+0000][93.402s][info][gc,heap        ] GC(291) DefNew: 78655K(78656K)->2446K(78656K) Eden: 69952K(69952K)->2446K(69952K) From: 8703K(8704K)->0K(8704K)
[2026-07-01T01:43:06.655+0000][93.402s][info][gc,heap        ] GC(291) Tenured: 174783K(174784K)->174783K(174784K)
[2026-07-01T01:43:06.655+0000][93.402s][info][gc,metaspace   ] GC(291) Metaspace: 41377K(42496K)->41377K(42496K) NonClass: 36352K(36992K)->36352K(36992K) Class: 5025K(5504K)->5025K(5504K)
[2026-07-01T01:43:06.655+0000][93.402s][info][gc             ] GC(291) Pause Full (Allocation Failure) 247M->173M(247M) 244.721ms
[2026-07-01T01:43:06.655+0000][93.402s][info][gc,cpu         ] GC(291) User=0.25s Sys=0.00s Real=0.24s
[2026-07-01T01:43:07.045+0000][93.792s][info][gc,start       ] GC(292) Pause Full (Allocation Failure)
[2026-07-01T01:43:07.045+0000][93.792s][info][gc,phases,start] GC(292) Phase 1: Mark live objects
[2026-07-01T01:43:07.176+0000][93.923s][info][gc,phases      ] GC(292) Phase 1: Mark live objects 131.257ms
[2026-07-01T01:43:07.176+0000][93.923s][info][gc,phases,start] GC(292) Phase 2: Compute new object addresses
[2026-07-01T01:43:07.230+0000][93.977s][info][gc,phases      ] GC(292) Phase 2: Compute new object addresses 53.168ms
[2026-07-01T01:43:07.230+0000][93.977s][info][gc,phases,start] GC(292) Phase 3: Adjust pointers
[2026-07-01T01:43:07.294+0000][94.041s][info][gc,phases      ] GC(292) Phase 3: Adjust pointers 64.802ms
[2026-07-01T01:43:07.295+0000][94.041s][info][gc,phases,start] GC(292) Phase 4: Move objects
[2026-07-01T01:43:07.327+0000][94.074s][info][gc,phases      ] GC(292) Phase 4: Move objects 32.585ms
[2026-07-01T01:43:07.327+0000][94.074s][info][gc,heap        ] GC(292) DefNew: 78655K(78656K)->268K(78656K) Eden: 69952K(69952K)->268K(69952K) From: 8703K(8704K)->0K(8704K)
[2026-07-01T01:43:07.327+0000][94.074s][info][gc,heap        ] GC(292) Tenured: 174784K(174784K)->174781K(174784K)
[2026-07-01T01:43:07.327+0000][94.074s][info][gc,metaspace   ] GC(292) Metaspace: 41377K(42496K)->41377K(42496K) NonClass: 36352K(36992K)->36352K(36992K) Class: 5025K(5504K)->5025K(5504K)
[2026-07-01T01:43:07.327+0000][94.074s][info][gc             ] GC(292) Pause Full (Allocation Failure) 247M->170M(247M) 282.306ms
[2026-07-01T01:43:07.327+0000][94.074s][info][gc,cpu         ] GC(292) User=0.29s Sys=0.01s Real=0.28s
[2026-07-01T01:43:07.724+0000][94.471s][info][gc,start       ] GC(293) Pause Full (Allocation Failure)
[2026-07-01T01:43:07.724+0000][94.471s][info][gc,phases,start] GC(293) Phase 1: Mark live objects
[2026-07-01T01:43:07.851+0000][94.598s][info][gc,phases      ] GC(293) Phase 1: Mark live objects 126.843ms
[2026-07-01T01:43:07.851+0000][94.598s][info][gc,phases,start] GC(293) Phase 2: Compute new object addresses
[2026-07-01T01:43:07.905+0000][94.652s][info][gc,phases      ] GC(293) Phase 2: Compute new object addresses 53.998ms
[2026-07-01T01:43:07.905+0000][94.652s][info][gc,phases,start] GC(293) Phase 3: Adjust pointers
[2026-07-01T01:43:07.964+0000][94.711s][info][gc,phases      ] GC(293) Phase 3: Adjust pointers 59.286ms
[2026-07-01T01:43:07.964+0000][94.711s][info][gc,phases,start] GC(293) Phase 4: Move objects
[2026-07-01T01:43:07.965+0000][94.712s][info][gc,phases      ] GC(293) Phase 4: Move objects 0.680ms
[2026-07-01T01:43:07.965+0000][94.712s][info][gc,heap        ] GC(293) DefNew: 78656K(78656K)->1512K(78656K) Eden: 69952K(69952K)->1512K(69952K) From: 8704K(8704K)->0K(8704K)
[2026-07-01T01:43:07.965+0000][94.712s][info][gc,heap        ] GC(293) Tenured: 174783K(174784K)->174783K(174784K)
[2026-07-01T01:43:07.965+0000][94.712s][info][gc,metaspace   ] GC(293) Metaspace: 41377K(42496K)->41377K(42496K) NonClass: 36352K(36992K)->36352K(36992K) Class: 5025K(5504K)->5025K(5504K)
[2026-07-01T01:43:07.965+0000][94.712s][info][gc             ] GC(293) Pause Full (Allocation Failure) 247M->172M(247M) 241.259ms
[2026-07-01T01:43:07.965+0000][94.712s][info][gc,cpu         ] GC(293) User=0.24s Sys=0.00s Real=0.24s
