[2026-07-01T02:07:23.670+0000][0.007s][info][gc,init] CardTable entry size: 512
[2026-07-01T02:07:23.670+0000][0.008s][info][gc     ] Using G1
[2026-07-01T02:07:23.671+0000][0.008s][info][gc,init] Version: 21.0.11+10-LTS (release)
[2026-07-01T02:07:23.671+0000][0.008s][info][gc,init] CPUs: 4 total, 1 available
[2026-07-01T02:07:23.671+0000][0.008s][info][gc,init] Memory: 2048M
[2026-07-01T02:07:23.671+0000][0.008s][info][gc,init] Large Page Support: Disabled
[2026-07-01T02:07:23.671+0000][0.008s][info][gc,init] NUMA Support: Disabled
[2026-07-01T02:07:23.671+0000][0.008s][info][gc,init] Compressed Oops: Enabled (32-bit)
[2026-07-01T02:07:23.671+0000][0.008s][info][gc,init] Heap Region Size: 1M
[2026-07-01T02:07:23.671+0000][0.008s][info][gc,init] Heap Min Capacity: 8M
[2026-07-01T02:07:23.671+0000][0.008s][info][gc,init] Heap Initial Capacity: 32M
[2026-07-01T02:07:23.671+0000][0.008s][info][gc,init] Heap Max Capacity: 1468M
[2026-07-01T02:07:23.671+0000][0.008s][info][gc,init] Pre-touch: Disabled
[2026-07-01T02:07:23.671+0000][0.008s][info][gc,init] Parallel Workers: 1
[2026-07-01T02:07:23.671+0000][0.008s][info][gc,init] Concurrent Workers: 1
[2026-07-01T02:07:23.671+0000][0.008s][info][gc,init] Concurrent Refinement Workers: 1
[2026-07-01T02:07:23.671+0000][0.008s][info][gc,init] Periodic GC: Enabled
[2026-07-01T02:07:23.671+0000][0.008s][info][gc,init] Periodic GC Interval: 10000ms
[2026-07-01T02:07:23.671+0000][0.008s][info][gc,init] G1 Time-Based Heap Sizing enabled (uncommit-only)
[2026-07-01T02:07:23.671+0000][0.008s][info][gc,init]   evaluation_interval=60000ms, uncommit_delay=300000ms, min_regions_to_uncommit=10
[2026-07-01T02:07:23.678+0000][0.016s][info][gc,metaspace] CDS archive(s) mapped at: [0x0000780ae3000000-0x0000780ae3c9b000-0x0000780ae3c9b000), size 13217792, SharedBaseAddress: 0x0000780ae3000000, ArchiveRelocationMode: 1.
[2026-07-01T02:07:23.678+0000][0.016s][info][gc,metaspace] Compressed class space mapped at: 0x0000780ae4000000-0x0000780b24000000, reserved size: 1073741824
[2026-07-01T02:07:23.678+0000][0.016s][info][gc,metaspace] Narrow klass base: 0x0000780ae3000000, Narrow klass shift: 0, Narrow klass range: 0x100000000
[2026-07-01T02:07:24.216+0000][0.553s][info][gc,start    ] GC(0) Pause Young (Normal) (G1 Evacuation Pause)
[2026-07-01T02:07:24.216+0000][0.553s][info][gc,task     ] GC(0) Using 1 workers of 1 for evacuation
[2026-07-01T02:07:24.219+0000][0.556s][info][gc,phases   ] GC(0)   Pre Evacuate Collection Set: 0.07ms
[2026-07-01T02:07:24.219+0000][0.556s][info][gc,phases   ] GC(0)   Merge Heap Roots: 0.06ms
[2026-07-01T02:07:24.219+0000][0.556s][info][gc,phases   ] GC(0)   Evacuate Collection Set: 2.29ms
[2026-07-01T02:07:24.219+0000][0.556s][info][gc,phases   ] GC(0)   Post Evacuate Collection Set: 0.32ms
[2026-07-01T02:07:24.219+0000][0.556s][info][gc,phases   ] GC(0)   Other: 0.05ms
[2026-07-01T02:07:24.219+0000][0.556s][info][gc,heap     ] GC(0) Eden regions: 2->0(2)
[2026-07-01T02:07:24.219+0000][0.556s][info][gc,heap     ] GC(0) Survivor regions: 0->1(1)
[2026-07-01T02:07:24.219+0000][0.556s][info][gc,heap     ] GC(0) Old regions: 2->2
[2026-07-01T02:07:24.219+0000][0.556s][info][gc,heap     ] GC(0) Humongous regions: 0->0
[2026-07-01T02:07:24.219+0000][0.556s][info][gc,metaspace] GC(0) Metaspace: 863K(1024K)->863K(1024K) NonClass: 768K(832K)->768K(832K) Class: 95K(192K)->95K(192K)
[2026-07-01T02:07:24.219+0000][0.556s][info][gc          ] GC(0) Pause Young (Normal) (G1 Evacuation Pause) 3M->1M(34M) 2.957ms
[2026-07-01T02:07:24.219+0000][0.556s][info][gc,cpu      ] GC(0) User=0.01s Sys=0.00s Real=0.01s
[2026-07-01T02:07:24.609+0000][0.946s][info][gc,start    ] GC(1) Pause Young (Normal) (G1 Evacuation Pause)
[2026-07-01T02:07:24.609+0000][0.946s][info][gc,task     ] GC(1) Using 1 workers of 1 for evacuation
[2026-07-01T02:07:24.611+0000][0.948s][info][gc,phases   ] GC(1)   Pre Evacuate Collection Set: 0.06ms
[2026-07-01T02:07:24.611+0000][0.948s][info][gc,phases   ] GC(1)   Merge Heap Roots: 0.02ms
[2026-07-01T02:07:24.611+0000][0.948s][info][gc,phases   ] GC(1)   Evacuate Collection Set: 2.23ms
[2026-07-01T02:07:24.611+0000][0.948s][info][gc,phases   ] GC(1)   Post Evacuate Collection Set: 0.19ms
[2026-07-01T02:07:24.611+0000][0.948s][info][gc,phases   ] GC(1)   Other: 0.05ms
[2026-07-01T02:07:24.611+0000][0.948s][info][gc,heap     ] GC(1) Eden regions: 3->0(12)
[2026-07-01T02:07:24.611+0000][0.948s][info][gc,heap     ] GC(1) Survivor regions: 1->1(1)
[2026-07-01T02:07:24.611+0000][0.948s][info][gc,heap     ] GC(1) Old regions: 2->2
[2026-07-01T02:07:24.611+0000][0.948s][info][gc,heap     ] GC(1) Humongous regions: 0->0
[2026-07-01T02:07:24.611+0000][0.949s][info][gc,metaspace] GC(1) Metaspace: 1659K(1920K)->1659K(1920K) NonClass: 1474K(1600K)->1474K(1600K) Class: 184K(320K)->184K(320K)
[2026-07-01T02:07:24.611+0000][0.949s][info][gc          ] GC(1) Pause Young (Normal) (G1 Evacuation Pause) 4M->1M(34M) 2.714ms
[2026-07-01T02:07:24.611+0000][0.949s][info][gc,cpu      ] GC(1) User=0.01s Sys=0.00s Real=0.00s
[2026-07-01T02:07:25.403+0000][1.740s][info][gc,start    ] GC(2) Pause Young (Normal) (G1 Evacuation Pause)
[2026-07-01T02:07:25.403+0000][1.740s][info][gc,task     ] GC(2) Using 1 workers of 1 for evacuation
[2026-07-01T02:07:25.406+0000][1.744s][info][gc,phases   ] GC(2)   Pre Evacuate Collection Set: 0.09ms
[2026-07-01T02:07:25.406+0000][1.744s][info][gc,phases   ] GC(2)   Merge Heap Roots: 0.04ms
[2026-07-01T02:07:25.406+0000][1.744s][info][gc,phases   ] GC(2)   Evacuate Collection Set: 2.83ms
[2026-07-01T02:07:25.406+0000][1.744s][info][gc,phases   ] GC(2)   Post Evacuate Collection Set: 0.31ms
[2026-07-01T02:07:25.406+0000][1.744s][info][gc,phases   ] GC(2)   Other: 0.04ms
[2026-07-01T02:07:25.406+0000][1.744s][info][gc,heap     ] GC(2) Eden regions: 13->0(17)
[2026-07-01T02:07:25.406+0000][1.744s][info][gc,heap     ] GC(2) Survivor regions: 1->2(2)
[2026-07-01T02:07:25.406+0000][1.744s][info][gc,heap     ] GC(2) Old regions: 2->2
[2026-07-01T02:07:25.406+0000][1.744s][info][gc,heap     ] GC(2) Humongous regions: 0->0
[2026-07-01T02:07:25.406+0000][1.744s][info][gc,metaspace] GC(2) Metaspace: 3853K(4224K)->3853K(4224K) NonClass: 3436K(3648K)->3436K(3648K) Class: 417K(576K)->417K(576K)
[2026-07-01T02:07:25.406+0000][1.744s][info][gc          ] GC(2) Pause Young (Normal) (G1 Evacuation Pause) 14M->2M(34M) 3.409ms
[2026-07-01T02:07:25.406+0000][1.744s][info][gc,cpu      ] GC(2) User=0.00s Sys=0.00s Real=0.00s
[2026-07-01T02:07:26.008+0000][2.345s][info][gc,start    ] GC(3) Pause Young (Normal) (G1 Evacuation Pause)
[2026-07-01T02:07:26.008+0000][2.345s][info][gc,task     ] GC(3) Using 1 workers of 1 for evacuation
[2026-07-01T02:07:26.013+0000][2.350s][info][gc,phases   ] GC(3)   Pre Evacuate Collection Set: 0.08ms
[2026-07-01T02:07:26.013+0000][2.350s][info][gc,phases   ] GC(3)   Merge Heap Roots: 0.04ms
[2026-07-01T02:07:26.013+0000][2.350s][info][gc,phases   ] GC(3)   Evacuate Collection Set: 4.73ms
[2026-07-01T02:07:26.013+0000][2.350s][info][gc,phases   ] GC(3)   Post Evacuate Collection Set: 0.39ms
[2026-07-01T02:07:26.013+0000][2.350s][info][gc,phases   ] GC(3)   Other: 0.05ms
[2026-07-01T02:07:26.013+0000][2.350s][info][gc,heap     ] GC(3) Eden regions: 17->0(16)
[2026-07-01T02:07:26.013+0000][2.350s][info][gc,heap     ] GC(3) Survivor regions: 2->3(3)
[2026-07-01T02:07:26.013+0000][2.350s][info][gc,heap     ] GC(3) Old regions: 2->2
[2026-07-01T02:07:26.013+0000][2.350s][info][gc,heap     ] GC(3) Humongous regions: 0->0
[2026-07-01T02:07:26.013+0000][2.350s][info][gc,metaspace] GC(3) Metaspace: 8152K(8512K)->8152K(8512K) NonClass: 7184K(7360K)->7184K(7360K) Class: 967K(1152K)->967K(1152K)
[2026-07-01T02:07:26.013+0000][2.350s][info][gc          ] GC(3) Pause Young (Normal) (G1 Evacuation Pause) 19M->3M(34M) 5.447ms
[2026-07-01T02:07:26.013+0000][2.350s][info][gc,cpu      ] GC(3) User=0.01s Sys=0.00s Real=0.01s
[2026-07-01T02:07:26.430+0000][2.768s][info][gc,start    ] GC(4) Pause Young (Normal) (G1 Evacuation Pause)
[2026-07-01T02:07:26.430+0000][2.768s][info][gc,task     ] GC(4) Using 1 workers of 1 for evacuation
[2026-07-01T02:07:26.439+0000][2.776s][info][gc,phases   ] GC(4)   Pre Evacuate Collection Set: 0.38ms
[2026-07-01T02:07:26.439+0000][2.776s][info][gc,phases   ] GC(4)   Merge Heap Roots: 0.05ms
[2026-07-01T02:07:26.439+0000][2.776s][info][gc,phases   ] GC(4)   Evacuate Collection Set: 7.75ms
[2026-07-01T02:07:26.439+0000][2.776s][info][gc,phases   ] GC(4)   Post Evacuate Collection Set: 0.48ms
[2026-07-01T02:07:26.439+0000][2.776s][info][gc,phases   ] GC(4)   Other: 0.06ms
[2026-07-01T02:07:26.439+0000][2.776s][info][gc,heap     ] GC(4) Eden regions: 16->0(16)
[2026-07-01T02:07:26.439+0000][2.776s][info][gc,heap     ] GC(4) Survivor regions: 3->3(3)
[2026-07-01T02:07:26.439+0000][2.776s][info][gc,heap     ] GC(4) Old regions: 2->4
[2026-07-01T02:07:26.439+0000][2.776s][info][gc,heap     ] GC(4) Humongous regions: 0->0
[2026-07-01T02:07:26.439+0000][2.776s][info][gc,metaspace] GC(4) Metaspace: 10942K(11328K)->10942K(11328K) NonClass: 9531K(9728K)->9531K(9728K) Class: 1411K(1600K)->1411K(1600K)
[2026-07-01T02:07:26.439+0000][2.776s][info][gc          ] GC(4) Pause Young (Normal) (G1 Evacuation Pause) 19M->4M(34M) 8.838ms
[2026-07-01T02:07:26.439+0000][2.776s][info][gc,cpu      ] GC(4) User=0.01s Sys=0.00s Real=0.01s
[2026-07-01T02:07:26.827+0000][3.164s][info][gc,start    ] GC(5) Pause Young (Normal) (G1 Evacuation Pause)
[2026-07-01T02:07:26.827+0000][3.164s][info][gc,task     ] GC(5) Using 1 workers of 1 for evacuation
[2026-07-01T02:07:26.833+0000][3.171s][info][gc,phases   ] GC(5)   Pre Evacuate Collection Set: 0.41ms
[2026-07-01T02:07:26.833+0000][3.171s][info][gc,phases   ] GC(5)   Merge Heap Roots: 0.04ms
[2026-07-01T02:07:26.833+0000][3.171s][info][gc,phases   ] GC(5)   Evacuate Collection Set: 5.42ms
[2026-07-01T02:07:26.833+0000][3.171s][info][gc,phases   ] GC(5)   Post Evacuate Collection Set: 0.36ms
[2026-07-01T02:07:26.833+0000][3.171s][info][gc,phases   ] GC(5)   Other: 0.04ms
[2026-07-01T02:07:26.833+0000][3.171s][info][gc,heap     ] GC(5) Eden regions: 16->0(17)
[2026-07-01T02:07:26.833+0000][3.171s][info][gc,heap     ] GC(5) Survivor regions: 3->2(3)
[2026-07-01T02:07:26.833+0000][3.171s][info][gc,heap     ] GC(5) Old regions: 4->5
[2026-07-01T02:07:26.833+0000][3.171s][info][gc,heap     ] GC(5) Humongous regions: 0->0
[2026-07-01T02:07:26.833+0000][3.171s][info][gc,metaspace] GC(5) Metaspace: 13514K(13888K)->13514K(13888K) NonClass: 11765K(11968K)->11765K(11968K) Class: 1748K(1920K)->1748K(1920K)
[2026-07-01T02:07:26.833+0000][3.171s][info][gc          ] GC(5) Pause Young (Normal) (G1 Evacuation Pause) 20M->5M(34M) 6.366ms
[2026-07-01T02:07:26.833+0000][3.171s][info][gc,cpu      ] GC(5) User=0.01s Sys=0.00s Real=0.01s
[2026-07-01T02:07:27.211+0000][3.548s][info][gc,start    ] GC(6) Pause Young (Normal) (G1 Evacuation Pause)
[2026-07-01T02:07:27.211+0000][3.548s][info][gc,task     ] GC(6) Using 1 workers of 1 for evacuation
[2026-07-01T02:07:27.218+0000][3.556s][info][gc,phases   ] GC(6)   Pre Evacuate Collection Set: 0.09ms
[2026-07-01T02:07:27.218+0000][3.556s][info][gc,phases   ] GC(6)   Merge Heap Roots: 0.05ms
[2026-07-01T02:07:27.218+0000][3.556s][info][gc,phases   ] GC(6)   Evacuate Collection Set: 7.19ms
[2026-07-01T02:07:27.218+0000][3.556s][info][gc,phases   ] GC(6)   Post Evacuate Collection Set: 0.43ms
[2026-07-01T02:07:27.218+0000][3.556s][info][gc,phases   ] GC(6)   Other: 0.04ms
[2026-07-01T02:07:27.218+0000][3.556s][info][gc,heap     ] GC(6) Eden regions: 17->0(17)
[2026-07-01T02:07:27.218+0000][3.556s][info][gc,heap     ] GC(6) Survivor regions: 2->2(3)
[2026-07-01T02:07:27.218+0000][3.556s][info][gc,heap     ] GC(6) Old regions: 5->6
[2026-07-01T02:07:27.218+0000][3.556s][info][gc,heap     ] GC(6) Humongous regions: 0->0
[2026-07-01T02:07:27.218+0000][3.556s][info][gc,metaspace] GC(6) Metaspace: 14921K(15360K)->14921K(15360K) NonClass: 13000K(13248K)->13000K(13248K) Class: 1920K(2112K)->1920K(2112K)
[2026-07-01T02:07:27.219+0000][3.556s][info][gc          ] GC(6) Pause Young (Normal) (G1 Evacuation Pause) 22M->6M(34M) 7.897ms
[2026-07-01T02:07:27.219+0000][3.556s][info][gc,cpu      ] GC(6) User=0.01s Sys=0.00s Real=0.01s
[2026-07-01T02:07:27.615+0000][3.952s][info][gc,start    ] GC(7) Pause Young (Normal) (G1 Evacuation Pause)
[2026-07-01T02:07:27.615+0000][3.952s][info][gc,task     ] GC(7) Using 1 workers of 1 for evacuation
[2026-07-01T02:07:27.622+0000][3.959s][info][gc,phases   ] GC(7)   Pre Evacuate Collection Set: 0.09ms
[2026-07-01T02:07:27.622+0000][3.959s][info][gc,phases   ] GC(7)   Merge Heap Roots: 0.05ms
[2026-07-01T02:07:27.622+0000][3.959s][info][gc,phases   ] GC(7)   Evacuate Collection Set: 6.10ms
[2026-07-01T02:07:27.622+0000][3.959s][info][gc,phases   ] GC(7)   Post Evacuate Collection Set: 0.46ms
[2026-07-01T02:07:27.622+0000][3.959s][info][gc,phases   ] GC(7)   Other: 0.04ms
[2026-07-01T02:07:27.622+0000][3.959s][info][gc,heap     ] GC(7) Eden regions: 17->0(17)
[2026-07-01T02:07:27.622+0000][3.959s][info][gc,heap     ] GC(7) Survivor regions: 2->2(3)
[2026-07-01T02:07:27.622+0000][3.959s][info][gc,heap     ] GC(7) Old regions: 6->7
[2026-07-01T02:07:27.622+0000][3.959s][info][gc,heap     ] GC(7) Humongous regions: 0->0
[2026-07-01T02:07:27.622+0000][3.959s][info][gc,metaspace] GC(7) Metaspace: 15963K(16384K)->15963K(16384K) NonClass: 13928K(14144K)->13928K(14144K) Class: 2034K(2240K)->2034K(2240K)
[2026-07-01T02:07:27.622+0000][3.959s][info][gc          ] GC(7) Pause Young (Normal) (G1 Evacuation Pause) 23M->7M(34M) 6.854ms
[2026-07-01T02:07:27.622+0000][3.959s][info][gc,cpu      ] GC(7) User=0.01s Sys=0.00s Real=0.01s
[2026-07-01T02:07:28.021+0000][4.359s][info][gc,start    ] GC(8) Pause Young (Normal) (G1 Evacuation Pause)
[2026-07-01T02:07:28.021+0000][4.359s][info][gc,task     ] GC(8) Using 1 workers of 1 for evacuation
[2026-07-01T02:07:28.026+0000][4.364s][info][gc,phases   ] GC(8)   Pre Evacuate Collection Set: 0.08ms
[2026-07-01T02:07:28.026+0000][4.364s][info][gc,phases   ] GC(8)   Merge Heap Roots: 0.04ms
[2026-07-01T02:07:28.026+0000][4.364s][info][gc,phases   ] GC(8)   Evacuate Collection Set: 4.46ms
[2026-07-01T02:07:28.026+0000][4.364s][info][gc,phases   ] GC(8)   Post Evacuate Collection Set: 0.40ms
[2026-07-01T02:07:28.027+0000][4.364s][info][gc,phases   ] GC(8)   Other: 0.04ms
[2026-07-01T02:07:28.027+0000][4.364s][info][gc,heap     ] GC(8) Eden regions: 17->0(22)
[2026-07-01T02:07:28.027+0000][4.364s][info][gc,heap     ] GC(8) Survivor regions: 2->2(3)
[2026-07-01T02:07:28.027+0000][4.364s][info][gc,heap     ] GC(8) Old regions: 7->8
[2026-07-01T02:07:28.027+0000][4.364s][info][gc,heap     ] GC(8) Humongous regions: 0->0
[2026-07-01T02:07:28.027+0000][4.364s][info][gc,metaspace] GC(8) Metaspace: 17619K(17984K)->17619K(17984K) NonClass: 15367K(15552K)->15367K(15552K) Class: 2252K(2432K)->2252K(2432K)
[2026-07-01T02:07:28.027+0000][4.364s][info][gc          ] GC(8) Pause Young (Normal) (G1 Evacuation Pause) 24M->8M(41M) 5.129ms
[2026-07-01T02:07:28.027+0000][4.364s][info][gc,cpu      ] GC(8) User=0.01s Sys=0.00s Real=0.00s
[2026-07-01T02:07:28.527+0000][4.864s][info][gc,start    ] GC(9) Pause Young (Concurrent Start) (Metadata GC Threshold)
[2026-07-01T02:07:28.527+0000][4.865s][info][gc,task     ] GC(9) Using 1 workers of 1 for evacuation
[2026-07-01T02:07:28.535+0000][4.872s][info][gc,phases   ] GC(9)   Pre Evacuate Collection Set: 0.10ms
[2026-07-01T02:07:28.535+0000][4.872s][info][gc,phases   ] GC(9)   Merge Heap Roots: 0.04ms
[2026-07-01T02:07:28.535+0000][4.872s][info][gc,phases   ] GC(9)   Evacuate Collection Set: 6.89ms
[2026-07-01T02:07:28.535+0000][4.872s][info][gc,phases   ] GC(9)   Post Evacuate Collection Set: 0.41ms
[2026-07-01T02:07:28.535+0000][4.872s][info][gc,phases   ] GC(9)   Other: 0.07ms
[2026-07-01T02:07:28.535+0000][4.872s][info][gc,heap     ] GC(9) Eden regions: 21->0(21)
[2026-07-01T02:07:28.535+0000][4.872s][info][gc,heap     ] GC(9) Survivor regions: 2->3(3)
[2026-07-01T02:07:28.535+0000][4.872s][info][gc,heap     ] GC(9) Old regions: 8->9
[2026-07-01T02:07:28.535+0000][4.872s][info][gc,heap     ] GC(9) Humongous regions: 0->0
[2026-07-01T02:07:28.535+0000][4.872s][info][gc,metaspace] GC(9) Metaspace: 21086K(21504K)->21086K(21504K) NonClass: 18348K(18560K)->18348K(18560K) Class: 2738K(2944K)->2738K(2944K)
[2026-07-01T02:07:28.535+0000][4.872s][info][gc          ] GC(9) Pause Young (Concurrent Start) (Metadata GC Threshold) 29M->10M(41M) 7.640ms
[2026-07-01T02:07:28.535+0000][4.872s][info][gc,cpu      ] GC(9) User=0.00s Sys=0.00s Real=0.01s
[2026-07-01T02:07:28.535+0000][4.872s][info][gc          ] GC(10) Concurrent Mark Cycle
[2026-07-01T02:07:28.535+0000][4.872s][info][gc,marking  ] GC(10) Concurrent Scan Root Regions
[2026-07-01T02:07:28.539+0000][4.876s][info][gc,marking  ] GC(10) Concurrent Scan Root Regions 3.810ms
[2026-07-01T02:07:28.539+0000][4.876s][info][gc,marking  ] GC(10) Concurrent Mark
[2026-07-01T02:07:28.539+0000][4.876s][info][gc,marking  ] GC(10) Concurrent Mark From Roots
[2026-07-01T02:07:28.539+0000][4.876s][info][gc,task     ] GC(10) Using 1 workers of 1 for marking
[2026-07-01T02:07:28.546+0000][4.884s][info][gc,marking  ] GC(10) Concurrent Mark From Roots 7.723ms
[2026-07-01T02:07:28.546+0000][4.884s][info][gc,marking  ] GC(10) Concurrent Preclean
[2026-07-01T02:07:28.547+0000][4.884s][info][gc,marking  ] GC(10) Concurrent Preclean 0.019ms
[2026-07-01T02:07:28.600+0000][4.938s][info][gc,start    ] GC(10) Pause Remark
[2026-07-01T02:07:28.608+0000][4.945s][info][gc,heap     ] GC(10) Heap shrink completed: uncommitted 17 regions (17MB), heap size now 24MB
[2026-07-01T02:07:28.608+0000][4.945s][info][gc          ] GC(10) Pause Remark 10M->10M(24M) 7.270ms
[2026-07-01T02:07:28.608+0000][4.945s][info][gc,cpu      ] GC(10) User=0.01s Sys=0.00s Real=0.00s
[2026-07-01T02:07:28.608+0000][4.945s][info][gc,marking  ] GC(10) Concurrent Mark 69.134ms
[2026-07-01T02:07:28.608+0000][4.945s][info][gc,marking  ] GC(10) Concurrent Rebuild Remembered Sets and Scrub Regions
[2026-07-01T02:07:28.612+0000][4.949s][info][gc,marking  ] GC(10) Concurrent Rebuild Remembered Sets and Scrub Regions 3.980ms
[2026-07-01T02:07:28.612+0000][4.949s][info][gc,start    ] GC(10) Pause Cleanup
[2026-07-01T02:07:28.612+0000][4.950s][info][gc          ] GC(10) Pause Cleanup 11M->11M(24M) 0.342ms
[2026-07-01T02:07:28.612+0000][4.950s][info][gc,cpu      ] GC(10) User=0.00s Sys=0.00s Real=0.00s
[2026-07-01T02:07:28.612+0000][4.950s][info][gc,marking  ] GC(10) Concurrent Clear Claimed Marks
[2026-07-01T02:07:28.612+0000][4.950s][info][gc,marking  ] GC(10) Concurrent Clear Claimed Marks 0.042ms
[2026-07-01T02:07:28.612+0000][4.950s][info][gc,marking  ] GC(10) Concurrent Cleanup for Next Mark
[2026-07-01T02:07:28.613+0000][4.950s][info][gc,marking  ] GC(10) Concurrent Cleanup for Next Mark 0.182ms
[2026-07-01T02:07:28.613+0000][4.950s][info][gc          ] GC(10) Concurrent Mark Cycle 77.718ms
[2026-07-01T02:07:28.917+0000][5.254s][info][gc,start    ] GC(11) Pause Young (Prepare Mixed) (G1 Evacuation Pause)
[2026-07-01T02:07:28.917+0000][5.254s][info][gc,task     ] GC(11) Using 1 workers of 1 for evacuation
[2026-07-01T02:07:28.928+0000][5.265s][info][gc,phases   ] GC(11)   Pre Evacuate Collection Set: 0.09ms
[2026-07-01T02:07:28.928+0000][5.265s][info][gc,phases   ] GC(11)   Merge Heap Roots: 0.07ms
[2026-07-01T02:07:28.928+0000][5.265s][info][gc,phases   ] GC(11)   Evacuate Collection Set: 9.93ms
[2026-07-01T02:07:28.928+0000][5.265s][info][gc,phases   ] GC(11)   Post Evacuate Collection Set: 0.58ms
[2026-07-01T02:07:28.928+0000][5.265s][info][gc,phases   ] GC(11)   Other: 0.05ms
[2026-07-01T02:07:28.928+0000][5.265s][info][gc,heap     ] GC(11) Eden regions: 11->0(10)
[2026-07-01T02:07:28.928+0000][5.265s][info][gc,heap     ] GC(11) Survivor regions: 3->2(2)
[2026-07-01T02:07:28.928+0000][5.265s][info][gc,heap     ] GC(11) Old regions: 9->12
[2026-07-01T02:07:28.928+0000][5.265s][info][gc,heap     ] GC(11) Humongous regions: 0->0
[2026-07-01T02:07:28.928+0000][5.265s][info][gc,metaspace] GC(11) Metaspace: 23144K(23680K)->23144K(23680K) NonClass: 20159K(20416K)->20159K(20416K) Class: 2984K(3264K)->2984K(3264K)
[2026-07-01T02:07:28.928+0000][5.265s][info][gc          ] GC(11) Pause Young (Prepare Mixed) (G1 Evacuation Pause) 21M->12M(28M) 10.835ms
[2026-07-01T02:07:28.928+0000][5.265s][info][gc,cpu      ] GC(11) User=0.01s Sys=0.00s Real=0.01s
[2026-07-01T02:07:29.112+0000][5.450s][info][gc,start    ] GC(12) Pause Young (Mixed) (G1 Evacuation Pause)
[2026-07-01T02:07:29.112+0000][5.450s][info][gc,task     ] GC(12) Using 1 workers of 1 for evacuation
[2026-07-01T02:07:29.118+0000][5.455s][info][gc,phases   ] GC(12)   Pre Evacuate Collection Set: 0.09ms
[2026-07-01T02:07:29.118+0000][5.455s][info][gc,phases   ] GC(12)   Merge Heap Roots: 0.05ms
[2026-07-01T02:07:29.118+0000][5.455s][info][gc,phases   ] GC(12)   Evacuate Collection Set: 4.75ms
[2026-07-01T02:07:29.118+0000][5.455s][info][gc,phases   ] GC(12)   Post Evacuate Collection Set: 0.42ms
[2026-07-01T02:07:29.118+0000][5.455s][info][gc,phases   ] GC(12)   Other: 0.05ms
[2026-07-01T02:07:29.118+0000][5.455s][info][gc,heap     ] GC(12) Eden regions: 10->0(10)
[2026-07-01T02:07:29.118+0000][5.455s][info][gc,heap     ] GC(12) Survivor regions: 2->1(2)
[2026-07-01T02:07:29.118+0000][5.455s][info][gc,heap     ] GC(12) Old regions: 12->13
[2026-07-01T02:07:29.118+0000][5.455s][info][gc,heap     ] GC(12) Humongous regions: 0->0
[2026-07-01T02:07:29.118+0000][5.455s][info][gc,metaspace] GC(12) Metaspace: 24155K(24704K)->24155K(24704K) NonClass: 21018K(21312K)->21018K(21312K) Class: 3137K(3392K)->3137K(3392K)
[2026-07-01T02:07:29.118+0000][5.455s][info][gc          ] GC(12) Pause Young (Mixed) (G1 Evacuation Pause) 22M->13M(28M) 5.515ms
[2026-07-01T02:07:29.118+0000][5.455s][info][gc,cpu      ] GC(12) User=0.01s Sys=0.00s Real=0.00s
[2026-07-01T02:07:29.304+0000][5.641s][info][gc,start    ] GC(13) Pause Young (Concurrent Start) (G1 Evacuation Pause)
[2026-07-01T02:07:29.304+0000][5.641s][info][gc,task     ] GC(13) Using 1 workers of 1 for evacuation
[2026-07-01T02:07:29.310+0000][5.647s][info][gc,phases   ] GC(13)   Pre Evacuate Collection Set: 0.11ms
[2026-07-01T02:07:29.310+0000][5.647s][info][gc,phases   ] GC(13)   Merge Heap Roots: 0.05ms
[2026-07-01T02:07:29.310+0000][5.647s][info][gc,phases   ] GC(13)   Evacuate Collection Set: 4.51ms
[2026-07-01T02:07:29.310+0000][5.647s][info][gc,phases   ] GC(13)   Post Evacuate Collection Set: 0.78ms
[2026-07-01T02:07:29.310+0000][5.647s][info][gc,phases   ] GC(13)   Other: 0.07ms
[2026-07-01T02:07:29.310+0000][5.647s][info][gc,heap     ] GC(13) Eden regions: 10->0(18)
[2026-07-01T02:07:29.310+0000][5.647s][info][gc,heap     ] GC(13) Survivor regions: 1->2(2)
[2026-07-01T02:07:29.310+0000][5.647s][info][gc,heap     ] GC(13) Old regions: 13->13
[2026-07-01T02:07:29.310+0000][5.647s][info][gc,heap     ] GC(13) Humongous regions: 0->0
[2026-07-01T02:07:29.310+0000][5.647s][info][gc,metaspace] GC(13) Metaspace: 26637K(27200K)->26637K(27200K) NonClass: 23234K(23552K)->23234K(23552K) Class: 3403K(3648K)->3403K(3648K)
[2026-07-01T02:07:29.310+0000][5.647s][info][gc          ] GC(13) Pause Young (Concurrent Start) (G1 Evacuation Pause) 23M->13M(38M) 5.611ms
[2026-07-01T02:07:29.310+0000][5.647s][info][gc,cpu      ] GC(13) User=0.01s Sys=0.00s Real=0.01s
[2026-07-01T02:07:29.310+0000][5.647s][info][gc          ] GC(14) Concurrent Mark Cycle
[2026-07-01T02:07:29.310+0000][5.647s][info][gc,marking  ] GC(14) Concurrent Scan Root Regions
[2026-07-01T02:07:29.311+0000][5.648s][info][gc,marking  ] GC(14) Concurrent Scan Root Regions 1.590ms
[2026-07-01T02:07:29.311+0000][5.648s][info][gc,marking  ] GC(14) Concurrent Mark
[2026-07-01T02:07:29.311+0000][5.648s][info][gc,marking  ] GC(14) Concurrent Mark From Roots
[2026-07-01T02:07:29.311+0000][5.648s][info][gc,task     ] GC(14) Using 1 workers of 1 for marking
[2026-07-01T02:07:29.329+0000][5.666s][info][gc,marking  ] GC(14) Concurrent Mark From Roots 17.622ms
[2026-07-01T02:07:29.329+0000][5.666s][info][gc,marking  ] GC(14) Concurrent Preclean
[2026-07-01T02:07:29.329+0000][5.666s][info][gc,marking  ] GC(14) Concurrent Preclean 0.039ms
[2026-07-01T02:07:29.329+0000][5.666s][info][gc,start    ] GC(14) Pause Remark
[2026-07-01T02:07:29.335+0000][5.673s][info][gc,heap     ] GC(14) Heap shrink completed: uncommitted 8 regions (8MB), heap size now 30MB
[2026-07-01T02:07:29.336+0000][5.673s][info][gc          ] GC(14) Pause Remark 15M->15M(30M) 6.446ms
[2026-07-01T02:07:29.336+0000][5.673s][info][gc,cpu      ] GC(14) User=0.01s Sys=0.00s Real=0.00s
[2026-07-01T02:07:29.336+0000][5.673s][info][gc,marking  ] GC(14) Concurrent Mark 24.333ms
[2026-07-01T02:07:29.336+0000][5.673s][info][gc,marking  ] GC(14) Concurrent Rebuild Remembered Sets and Scrub Regions
[2026-07-01T02:07:29.402+0000][5.739s][info][gc,marking  ] GC(14) Concurrent Rebuild Remembered Sets and Scrub Regions 66.582ms
[2026-07-01T02:07:29.402+0000][5.740s][info][gc,start    ] GC(14) Pause Cleanup
[2026-07-01T02:07:29.402+0000][5.740s][info][gc          ] GC(14) Pause Cleanup 17M->17M(30M) 0.091ms
[2026-07-01T02:07:29.402+0000][5.740s][info][gc,cpu      ] GC(14) User=0.00s Sys=0.00s Real=0.00s
[2026-07-01T02:07:29.402+0000][5.740s][info][gc,marking  ] GC(14) Concurrent Clear Claimed Marks
[2026-07-01T02:07:29.402+0000][5.740s][info][gc,marking  ] GC(14) Concurrent Clear Claimed Marks 0.050ms
[2026-07-01T02:07:29.402+0000][5.740s][info][gc,marking  ] GC(14) Concurrent Cleanup for Next Mark
[2026-07-01T02:07:29.403+0000][5.740s][info][gc,marking  ] GC(14) Concurrent Cleanup for Next Mark 0.112ms
[2026-07-01T02:07:29.403+0000][5.740s][info][gc          ] GC(14) Concurrent Mark Cycle 92.969ms
[2026-07-01T02:07:29.725+0000][6.062s][info][gc,start    ] GC(15) Pause Young (Prepare Mixed) (G1 Evacuation Pause)
[2026-07-01T02:07:29.725+0000][6.062s][info][gc,task     ] GC(15) Using 1 workers of 1 for evacuation
[2026-07-01T02:07:29.732+0000][6.069s][info][gc,phases   ] GC(15)   Pre Evacuate Collection Set: 0.46ms
[2026-07-01T02:07:29.732+0000][6.069s][info][gc,phases   ] GC(15)   Merge Heap Roots: 0.07ms
[2026-07-01T02:07:29.732+0000][6.069s][info][gc,phases   ] GC(15)   Evacuate Collection Set: 5.97ms
[2026-07-01T02:07:29.732+0000][6.069s][info][gc,phases   ] GC(15)   Post Evacuate Collection Set: 0.40ms
[2026-07-01T02:07:29.732+0000][6.069s][info][gc,phases   ] GC(15)   Other: 0.05ms
[2026-07-01T02:07:29.732+0000][6.069s][info][gc,heap     ] GC(15) Eden regions: 15->0(13)
[2026-07-01T02:07:29.732+0000][6.069s][info][gc,heap     ] GC(15) Survivor regions: 2->2(3)
[2026-07-01T02:07:29.732+0000][6.069s][info][gc,heap     ] GC(15) Old regions: 13->13
[2026-07-01T02:07:29.732+0000][6.069s][info][gc,heap     ] GC(15) Humongous regions: 0->0
[2026-07-01T02:07:29.732+0000][6.069s][info][gc,metaspace] GC(15) Metaspace: 29223K(29824K)->29223K(29824K) NonClass: 25462K(25792K)->25462K(25792K) Class: 3761K(4032K)->3761K(4032K)
[2026-07-01T02:07:29.732+0000][6.069s][info][gc          ] GC(15) Pause Young (Prepare Mixed) (G1 Evacuation Pause) 28M->14M(32M) 7.053ms
[2026-07-01T02:07:29.732+0000][6.069s][info][gc,cpu      ] GC(15) User=0.00s Sys=0.00s Real=0.01s
[2026-07-01T02:07:30.036+0000][6.373s][info][gc,start    ] GC(16) Pause Young (Mixed) (G1 Evacuation Pause)
[2026-07-01T02:07:30.036+0000][6.373s][info][gc,task     ] GC(16) Using 1 workers of 1 for evacuation
[2026-07-01T02:07:30.043+0000][6.380s][info][gc,phases   ] GC(16)   Pre Evacuate Collection Set: 0.24ms
[2026-07-01T02:07:30.043+0000][6.380s][info][gc,phases   ] GC(16)   Merge Heap Roots: 0.06ms
[2026-07-01T02:07:30.043+0000][6.380s][info][gc,phases   ] GC(16)   Evacuate Collection Set: 6.29ms
[2026-07-01T02:07:30.043+0000][6.380s][info][gc,phases   ] GC(16)   Post Evacuate Collection Set: 0.50ms
[2026-07-01T02:07:30.043+0000][6.380s][info][gc,phases   ] GC(16)   Other: 0.07ms
[2026-07-01T02:07:30.043+0000][6.380s][info][gc,heap     ] GC(16) Eden regions: 13->0(13)
[2026-07-01T02:07:30.043+0000][6.380s][info][gc,heap     ] GC(16) Survivor regions: 2->1(2)
[2026-07-01T02:07:30.043+0000][6.380s][info][gc,heap     ] GC(16) Old regions: 13->15
[2026-07-01T02:07:30.043+0000][6.380s][info][gc,heap     ] GC(16) Humongous regions: 0->0
[2026-07-01T02:07:30.043+0000][6.380s][info][gc,metaspace] GC(16) Metaspace: 31207K(31808K)->31207K(31808K) NonClass: 27172K(27520K)->27172K(27520K) Class: 4034K(4288K)->4034K(4288K)
[2026-07-01T02:07:30.043+0000][6.380s][info][gc          ] GC(16) Pause Young (Mixed) (G1 Evacuation Pause) 27M->14M(32M) 7.327ms
[2026-07-01T02:07:30.043+0000][6.380s][info][gc,cpu      ] GC(16) User=0.01s Sys=0.00s Real=0.01s
[2026-07-01T02:07:30.521+0000][6.859s][info][gc,start    ] GC(17) Pause Young (Concurrent Start) (G1 Evacuation Pause)
[2026-07-01T02:07:30.522+0000][6.859s][info][gc,task     ] GC(17) Using 1 workers of 1 for evacuation
[2026-07-01T02:07:30.527+0000][6.865s][info][gc,phases   ] GC(17)   Pre Evacuate Collection Set: 0.11ms
[2026-07-01T02:07:30.527+0000][6.865s][info][gc,phases   ] GC(17)   Merge Heap Roots: 0.06ms
[2026-07-01T02:07:30.527+0000][6.865s][info][gc,phases   ] GC(17)   Evacuate Collection Set: 5.03ms
[2026-07-01T02:07:30.527+0000][6.865s][info][gc,phases   ] GC(17)   Post Evacuate Collection Set: 0.49ms
[2026-07-01T02:07:30.527+0000][6.865s][info][gc,phases   ] GC(17)   Other: 0.07ms
[2026-07-01T02:07:30.527+0000][6.865s][info][gc,heap     ] GC(17) Eden regions: 13->0(12)
[2026-07-01T02:07:30.527+0000][6.865s][info][gc,heap     ] GC(17) Survivor regions: 1->2(2)
[2026-07-01T02:07:30.527+0000][6.865s][info][gc,heap     ] GC(17) Old regions: 15->15
[2026-07-01T02:07:30.527+0000][6.865s][info][gc,heap     ] GC(17) Humongous regions: 0->0
[2026-07-01T02:07:30.527+0000][6.865s][info][gc,metaspace] GC(17) Metaspace: 33347K(34048K)->33347K(34048K) NonClass: 28963K(29376K)->28963K(29376K) Class: 4384K(4672K)->4384K(4672K)
[2026-07-01T02:07:30.527+0000][6.865s][info][gc          ] GC(17) Pause Young (Concurrent Start) (G1 Evacuation Pause) 27M->15M(32M) 5.893ms
[2026-07-01T02:07:30.527+0000][6.865s][info][gc,cpu      ] GC(17) User=0.01s Sys=0.00s Real=0.00s
[2026-07-01T02:07:30.527+0000][6.865s][info][gc          ] GC(18) Concurrent Mark Cycle
[2026-07-01T02:07:30.527+0000][6.865s][info][gc,marking  ] GC(18) Concurrent Scan Root Regions
[2026-07-01T02:07:30.530+0000][6.868s][info][gc,marking  ] GC(18) Concurrent Scan Root Regions 3.004ms
[2026-07-01T02:07:30.530+0000][6.868s][info][gc,marking  ] GC(18) Concurrent Mark
[2026-07-01T02:07:30.530+0000][6.868s][info][gc,marking  ] GC(18) Concurrent Mark From Roots
[2026-07-01T02:07:30.530+0000][6.868s][info][gc,task     ] GC(18) Using 1 workers of 1 for marking
[2026-07-01T02:07:30.618+0000][6.955s][info][gc,marking  ] GC(18) Concurrent Mark From Roots 87.135ms
[2026-07-01T02:07:30.618+0000][6.955s][info][gc,marking  ] GC(18) Concurrent Preclean
[2026-07-01T02:07:30.618+0000][6.955s][info][gc,marking  ] GC(18) Concurrent Preclean 0.071ms
[2026-07-01T02:07:30.618+0000][6.955s][info][gc,start    ] GC(18) Pause Remark
[2026-07-01T02:07:30.623+0000][6.961s][info][gc          ] GC(18) Pause Remark 18M->18M(32M) 5.526ms
[2026-07-01T02:07:30.623+0000][6.961s][info][gc,cpu      ] GC(18) User=0.01s Sys=0.00s Real=0.01s
[2026-07-01T02:07:30.623+0000][6.961s][info][gc,marking  ] GC(18) Concurrent Mark 92.954ms
[2026-07-01T02:07:30.623+0000][6.961s][info][gc,marking  ] GC(18) Concurrent Rebuild Remembered Sets and Scrub Regions
[2026-07-01T02:07:30.635+0000][6.972s][info][gc,marking  ] GC(18) Concurrent Rebuild Remembered Sets and Scrub Regions 11.438ms
[2026-07-01T02:07:30.701+0000][7.038s][info][gc,start    ] GC(18) Pause Cleanup
[2026-07-01T02:07:30.701+0000][7.038s][info][gc          ] GC(18) Pause Cleanup 18M->18M(32M) 0.134ms
[2026-07-01T02:07:30.701+0000][7.038s][info][gc,cpu      ] GC(18) User=0.00s Sys=0.00s Real=0.00s
[2026-07-01T02:07:30.704+0000][7.041s][info][gc,marking  ] GC(18) Concurrent Clear Claimed Marks
[2026-07-01T02:07:30.704+0000][7.041s][info][gc,marking  ] GC(18) Concurrent Clear Claimed Marks 0.079ms
[2026-07-01T02:07:30.704+0000][7.041s][info][gc,marking  ] GC(18) Concurrent Cleanup for Next Mark
[2026-07-01T02:07:30.704+0000][7.041s][info][gc,marking  ] GC(18) Concurrent Cleanup for Next Mark 0.097ms
[2026-07-01T02:07:30.704+0000][7.042s][info][gc          ] GC(18) Concurrent Mark Cycle 176.869ms
[2026-07-01T02:07:30.921+0000][7.258s][info][gc,start    ] GC(19) Pause Young (Prepare Mixed) (G1 Evacuation Pause)
[2026-07-01T02:07:30.921+0000][7.259s][info][gc,task     ] GC(19) Using 1 workers of 1 for evacuation
[2026-07-01T02:07:30.929+0000][7.266s][info][gc,phases   ] GC(19)   Pre Evacuate Collection Set: 0.23ms
[2026-07-01T02:07:30.929+0000][7.266s][info][gc,phases   ] GC(19)   Merge Heap Roots: 0.08ms
[2026-07-01T02:07:30.929+0000][7.266s][info][gc,phases   ] GC(19)   Evacuate Collection Set: 7.06ms
[2026-07-01T02:07:30.929+0000][7.266s][info][gc,phases   ] GC(19)   Post Evacuate Collection Set: 0.47ms
[2026-07-01T02:07:30.929+0000][7.266s][info][gc,phases   ] GC(19)   Other: 0.05ms
[2026-07-01T02:07:30.929+0000][7.266s][info][gc,heap     ] GC(19) Eden regions: 12->0(11)
[2026-07-01T02:07:30.929+0000][7.266s][info][gc,heap     ] GC(19) Survivor regions: 2->1(2)
[2026-07-01T02:07:30.929+0000][7.266s][info][gc,heap     ] GC(19) Old regions: 15->17
[2026-07-01T02:07:30.929+0000][7.266s][info][gc,heap     ] GC(19) Humongous regions: 0->0
[2026-07-01T02:07:30.929+0000][7.266s][info][gc,metaspace] GC(19) Metaspace: 36595K(37312K)->36595K(37312K) NonClass: 31835K(32256K)->31835K(32256K) Class: 4759K(5056K)->4759K(5056K)
[2026-07-01T02:07:30.929+0000][7.266s][info][gc          ] GC(19) Pause Young (Prepare Mixed) (G1 Evacuation Pause) 27M->16M(32M) 8.017ms
[2026-07-01T02:07:30.929+0000][7.266s][info][gc,cpu      ] GC(19) User=0.01s Sys=0.00s Real=0.01s
[2026-07-01T02:07:31.028+0000][7.365s][info][gc,start    ] GC(20) Pause Young (Mixed) (G1 Evacuation Pause)
[2026-07-01T02:07:31.028+0000][7.365s][info][gc,task     ] GC(20) Using 1 workers of 1 for evacuation
[2026-07-01T02:07:31.112+0000][7.449s][info][gc,phases   ] GC(20)   Pre Evacuate Collection Set: 0.44ms
[2026-07-01T02:07:31.112+0000][7.449s][info][gc,phases   ] GC(20)   Merge Heap Roots: 0.09ms
[2026-07-01T02:07:31.112+0000][7.449s][info][gc,phases   ] GC(20)   Evacuate Collection Set: 82.88ms
[2026-07-01T02:07:31.112+0000][7.449s][info][gc,phases   ] GC(20)   Post Evacuate Collection Set: 1.00ms
[2026-07-01T02:07:31.112+0000][7.449s][info][gc,phases   ] GC(20)   Other: 0.06ms
[2026-07-01T02:07:31.112+0000][7.449s][info][gc,heap     ] GC(20) Eden regions: 11->0(6)
[2026-07-01T02:07:31.112+0000][7.449s][info][gc,heap     ] GC(20) Survivor regions: 1->2(2)
[2026-07-01T02:07:31.112+0000][7.449s][info][gc,heap     ] GC(20) Old regions: 17->22
[2026-07-01T02:07:31.112+0000][7.449s][info][gc,heap     ] GC(20) Humongous regions: 0->0
[2026-07-01T02:07:31.112+0000][7.449s][info][gc,metaspace] GC(20) Metaspace: 37022K(37696K)->37022K(37696K) NonClass: 32193K(32576K)->32193K(32576K) Class: 4828K(5120K)->4828K(5120K)
[2026-07-01T02:07:31.112+0000][7.449s][info][gc          ] GC(20) Pause Young (Mixed) (G1 Evacuation Pause) 27M->24M(37M) 84.609ms
[2026-07-01T02:07:31.112+0000][7.449s][info][gc,cpu      ] GC(20) User=0.02s Sys=0.00s Real=0.09s
[2026-07-01T02:07:31.123+0000][7.460s][info][gc,start    ] GC(21) Pause Young (Concurrent Start) (G1 Evacuation Pause)
[2026-07-01T02:07:31.123+0000][7.460s][info][gc,task     ] GC(21) Using 1 workers of 1 for evacuation
[2026-07-01T02:07:31.136+0000][7.473s][info][gc,phases   ] GC(21)   Pre Evacuate Collection Set: 0.60ms
[2026-07-01T02:07:31.136+0000][7.473s][info][gc,phases   ] GC(21)   Merge Heap Roots: 0.10ms
[2026-07-01T02:07:31.136+0000][7.473s][info][gc,phases   ] GC(21)   Evacuate Collection Set: 10.76ms
[2026-07-01T02:07:31.136+0000][7.473s][info][gc,phases   ] GC(21)   Post Evacuate Collection Set: 1.04ms
[2026-07-01T02:07:31.136+0000][7.473s][info][gc,phases   ] GC(21)   Other: 0.07ms
[2026-07-01T02:07:31.136+0000][7.473s][info][gc,heap     ] GC(21) Eden regions: 6->0(23)
[2026-07-01T02:07:31.136+0000][7.473s][info][gc,heap     ] GC(21) Survivor regions: 2->1(1)
[2026-07-01T02:07:31.136+0000][7.473s][info][gc,heap     ] GC(21) Old regions: 22->28
[2026-07-01T02:07:31.136+0000][7.473s][info][gc,heap     ] GC(21) Humongous regions: 0->0
[2026-07-01T02:07:31.136+0000][7.473s][info][gc,metaspace] GC(21) Metaspace: 37095K(37888K)->37095K(37888K) NonClass: 32251K(32704K)->32251K(32704K) Class: 4843K(5184K)->4843K(5184K)
[2026-07-01T02:07:31.136+0000][7.473s][info][gc          ] GC(21) Pause Young (Concurrent Start) (G1 Evacuation Pause) 30M->28M(77M) 12.685ms
[2026-07-01T02:07:31.136+0000][7.473s][info][gc,cpu      ] GC(21) User=0.01s Sys=0.00s Real=0.01s
[2026-07-01T02:07:31.136+0000][7.473s][info][gc          ] GC(22) Concurrent Mark Cycle
[2026-07-01T02:07:31.136+0000][7.473s][info][gc,marking  ] GC(22) Concurrent Scan Root Regions
[2026-07-01T02:07:31.142+0000][7.479s][info][gc,marking  ] GC(22) Concurrent Scan Root Regions 6.393ms
[2026-07-01T02:07:31.142+0000][7.479s][info][gc,marking  ] GC(22) Concurrent Mark
[2026-07-01T02:07:31.142+0000][7.479s][info][gc,marking  ] GC(22) Concurrent Mark From Roots
[2026-07-01T02:07:31.142+0000][7.479s][info][gc,task     ] GC(22) Using 1 workers of 1 for marking
[2026-07-01T02:07:31.301+0000][7.638s][info][gc,start    ] GC(23) Pause Young (Normal) (G1 Evacuation Pause)
[2026-07-01T02:07:31.301+0000][7.638s][info][gc,task     ] GC(23) Using 1 workers of 1 for evacuation
[2026-07-01T02:07:31.322+0000][7.659s][info][gc,phases   ] GC(23)   Pre Evacuate Collection Set: 0.12ms
[2026-07-01T02:07:31.322+0000][7.659s][info][gc,phases   ] GC(23)   Merge Heap Roots: 0.07ms
[2026-07-01T02:07:31.322+0000][7.659s][info][gc,phases   ] GC(23)   Evacuate Collection Set: 20.08ms
[2026-07-01T02:07:31.322+0000][7.659s][info][gc,phases   ] GC(23)   Post Evacuate Collection Set: 0.68ms
[2026-07-01T02:07:31.322+0000][7.659s][info][gc,phases   ] GC(23)   Other: 0.05ms
[2026-07-01T02:07:31.322+0000][7.659s][info][gc,heap     ] GC(23) Eden regions: 23->0(11)
[2026-07-01T02:07:31.322+0000][7.659s][info][gc,heap     ] GC(23) Survivor regions: 1->3(3)
[2026-07-01T02:07:31.322+0000][7.659s][info][gc,heap     ] GC(23) Old regions: 28->43
[2026-07-01T02:07:31.322+0000][7.660s][info][gc,heap     ] GC(23) Humongous regions: 1->1
[2026-07-01T02:07:31.322+0000][7.660s][info][gc,metaspace] GC(23) Metaspace: 37694K(38400K)->37694K(38400K) NonClass: 32764K(33152K)->32764K(33152K) Class: 4929K(5248K)->4929K(5248K)
[2026-07-01T02:07:31.322+0000][7.660s][info][gc          ] GC(23) Pause Young (Normal) (G1 Evacuation Pause) 52M->46M(77M) 21.138ms
[2026-07-01T02:07:31.322+0000][7.660s][info][gc,cpu      ] GC(23) User=0.01s Sys=0.00s Real=0.02s
[2026-07-01T02:07:31.330+0000][7.668s][info][gc,start    ] GC(24) Pause Young (Normal) (G1 Evacuation Pause)
[2026-07-01T02:07:31.330+0000][7.668s][info][gc,task     ] GC(24) Using 1 workers of 1 for evacuation
[2026-07-01T02:07:31.345+0000][7.682s][info][gc,phases   ] GC(24)   Pre Evacuate Collection Set: 0.08ms
[2026-07-01T02:07:31.345+0000][7.682s][info][gc,phases   ] GC(24)   Merge Heap Roots: 0.04ms
[2026-07-01T02:07:31.345+0000][7.682s][info][gc,phases   ] GC(24)   Evacuate Collection Set: 13.03ms
[2026-07-01T02:07:31.345+0000][7.682s][info][gc,phases   ] GC(24)   Post Evacuate Collection Set: 1.01ms
[2026-07-01T02:07:31.345+0000][7.682s][info][gc,phases   ] GC(24)   Other: 0.04ms
[2026-07-01T02:07:31.345+0000][7.682s][info][gc,heap     ] GC(24) Eden regions: 11->0(7)
[2026-07-01T02:07:31.345+0000][7.682s][info][gc,heap     ] GC(24) Survivor regions: 3->2(2)
[2026-07-01T02:07:31.345+0000][7.682s][info][gc,heap     ] GC(24) Old regions: 43->53
[2026-07-01T02:07:31.345+0000][7.682s][info][gc,heap     ] GC(24) Humongous regions: 1->1
[2026-07-01T02:07:31.345+0000][7.682s][info][gc,metaspace] GC(24) Metaspace: 37795K(38528K)->37795K(38528K) NonClass: 32855K(33280K)->32855K(33280K) Class: 4940K(5248K)->4940K(5248K)
[2026-07-01T02:07:31.345+0000][7.682s][info][gc          ] GC(24) Pause Young (Normal) (G1 Evacuation Pause) 57M->55M(77M) 14.327ms
[2026-07-01T02:07:31.345+0000][7.682s][info][gc,cpu      ] GC(24) User=0.01s Sys=0.00s Real=0.01s
[2026-07-01T02:07:31.347+0000][7.684s][info][gc,marking  ] GC(22) Concurrent Mark From Roots 204.899ms
[2026-07-01T02:07:31.347+0000][7.684s][info][gc,marking  ] GC(22) Concurrent Preclean
[2026-07-01T02:07:31.347+0000][7.684s][info][gc,marking  ] GC(22) Concurrent Preclean 0.124ms
[2026-07-01T02:07:31.347+0000][7.685s][info][gc,start    ] GC(22) Pause Remark
[2026-07-01T02:07:31.354+0000][7.691s][info][gc          ] GC(22) Pause Remark 56M->56M(77M) 6.120ms
[2026-07-01T02:07:31.354+0000][7.691s][info][gc,cpu      ] GC(22) User=0.01s Sys=0.00s Real=0.01s
[2026-07-01T02:07:31.400+0000][7.737s][info][gc,marking  ] GC(22) Concurrent Mark 257.959ms
[2026-07-01T02:07:31.400+0000][7.737s][info][gc,marking  ] GC(22) Concurrent Rebuild Remembered Sets and Scrub Regions
[2026-07-01T02:07:31.414+0000][7.751s][info][gc,start    ] GC(25) Pause Young (Normal) (G1 Evacuation Pause)
[2026-07-01T02:07:31.414+0000][7.752s][info][gc,task     ] GC(25) Using 1 workers of 1 for evacuation
[2026-07-01T02:07:31.425+0000][7.762s][info][gc,phases   ] GC(25)   Pre Evacuate Collection Set: 0.10ms
[2026-07-01T02:07:31.425+0000][7.762s][info][gc,phases   ] GC(25)   Merge Heap Roots: 0.06ms
[2026-07-01T02:07:31.425+0000][7.762s][info][gc,phases   ] GC(25)   Evacuate Collection Set: 10.03ms
[2026-07-01T02:07:31.425+0000][7.762s][info][gc,phases   ] GC(25)   Post Evacuate Collection Set: 0.45ms
[2026-07-01T02:07:31.425+0000][7.762s][info][gc,phases   ] GC(25)   Other: 0.04ms
[2026-07-01T02:07:31.425+0000][7.762s][info][gc,heap     ] GC(25) Eden regions: 7->0(4)
[2026-07-01T02:07:31.425+0000][7.762s][info][gc,heap     ] GC(25) Survivor regions: 2->2(2)
[2026-07-01T02:07:31.425+0000][7.762s][info][gc,heap     ] GC(25) Old regions: 53->58
[2026-07-01T02:07:31.425+0000][7.762s][info][gc,heap     ] GC(25) Humongous regions: 3->3
[2026-07-01T02:07:31.425+0000][7.762s][info][gc,metaspace] GC(25) Metaspace: 37960K(38656K)->37960K(38656K) NonClass: 32993K(33408K)->32993K(33408K) Class: 4967K(5248K)->4967K(5248K)
[2026-07-01T02:07:31.425+0000][7.762s][info][gc          ] GC(25) Pause Young (Normal) (G1 Evacuation Pause) 64M->63M(77M) 10.835ms
[2026-07-01T02:07:31.425+0000][7.762s][info][gc,cpu      ] GC(25) User=0.01s Sys=0.00s Real=0.01s
[2026-07-01T02:07:31.433+0000][7.770s][info][gc,start    ] GC(26) Pause Young (Normal) (G1 Evacuation Pause)
[2026-07-01T02:07:31.433+0000][7.770s][info][gc,task     ] GC(26) Using 1 workers of 1 for evacuation
[2026-07-01T02:07:31.501+0000][7.839s][info][gc,phases   ] GC(26)   Pre Evacuate Collection Set: 0.10ms
[2026-07-01T02:07:31.501+0000][7.839s][info][gc,phases   ] GC(26)   Merge Heap Roots: 0.05ms
[2026-07-01T02:07:31.501+0000][7.839s][info][gc,phases   ] GC(26)   Evacuate Collection Set: 67.09ms
[2026-07-01T02:07:31.501+0000][7.839s][info][gc,phases   ] GC(26)   Post Evacuate Collection Set: 1.51ms
[2026-07-01T02:07:31.501+0000][7.839s][info][gc,phases   ] GC(26)   Other: 0.04ms
[2026-07-01T02:07:31.501+0000][7.839s][info][gc,heap     ] GC(26) Eden regions: 4->0(51)
[2026-07-01T02:07:31.502+0000][7.839s][info][gc,heap     ] GC(26) Survivor regions: 2->1(1)
[2026-07-01T02:07:31.502+0000][7.839s][info][gc,heap     ] GC(26) Old regions: 58->63
[2026-07-01T02:07:31.502+0000][7.839s][info][gc,heap     ] GC(26) Humongous regions: 3->3
[2026-07-01T02:07:31.502+0000][7.839s][info][gc,metaspace] GC(26) Metaspace: 38024K(38784K)->38024K(38784K) NonClass: 33049K(33472K)->33049K(33472K) Class: 4974K(5312K)->4974K(5312K)
[2026-07-01T02:07:31.502+0000][7.839s][info][gc          ] GC(26) Pause Young (Normal) (G1 Evacuation Pause) 67M->66M(231M) 68.912ms
[2026-07-01T02:07:31.502+0000][7.839s][info][gc,cpu      ] GC(26) User=0.01s Sys=0.00s Real=0.07s
[2026-07-01T02:07:31.516+0000][7.853s][info][gc,marking  ] GC(22) Concurrent Rebuild Remembered Sets and Scrub Regions 115.552ms
[2026-07-01T02:07:31.516+0000][7.853s][info][gc,start    ] GC(22) Pause Cleanup
[2026-07-01T02:07:31.516+0000][7.853s][info][gc          ] GC(22) Pause Cleanup 76M->76M(231M) 0.132ms
[2026-07-01T02:07:31.516+0000][7.853s][info][gc,cpu      ] GC(22) User=0.00s Sys=0.00s Real=0.00s
[2026-07-01T02:07:31.516+0000][7.854s][info][gc,marking  ] GC(22) Concurrent Clear Claimed Marks
[2026-07-01T02:07:31.516+0000][7.854s][info][gc,marking  ] GC(22) Concurrent Clear Claimed Marks 0.080ms
[2026-07-01T02:07:31.516+0000][7.854s][info][gc,marking  ] GC(22) Concurrent Cleanup for Next Mark
[2026-07-01T02:07:31.517+0000][7.855s][info][gc,marking  ] GC(22) Concurrent Cleanup for Next Mark 0.985ms
[2026-07-01T02:07:31.517+0000][7.855s][info][gc          ] GC(22) Concurrent Mark Cycle 381.717ms
[2026-07-01T02:07:31.628+0000][7.965s][info][gc,start    ] GC(27) Pause Young (Prepare Mixed) (G1 Evacuation Pause)
[2026-07-01T02:07:31.628+0000][7.965s][info][gc,task     ] GC(27) Using 1 workers of 1 for evacuation
[2026-07-01T02:07:31.732+0000][8.070s][info][gc,phases   ] GC(27)   Pre Evacuate Collection Set: 0.33ms
[2026-07-01T02:07:31.732+0000][8.070s][info][gc,phases   ] GC(27)   Merge Heap Roots: 0.12ms
[2026-07-01T02:07:31.732+0000][8.070s][info][gc,phases   ] GC(27)   Evacuate Collection Set: 103.32ms
[2026-07-01T02:07:31.732+0000][8.070s][info][gc,phases   ] GC(27)   Post Evacuate Collection Set: 0.80ms
[2026-07-01T02:07:31.732+0000][8.070s][info][gc,phases   ] GC(27)   Other: 0.06ms
[2026-07-01T02:07:31.732+0000][8.070s][info][gc,heap     ] GC(27) Eden regions: 55->0(34)
[2026-07-01T02:07:31.732+0000][8.070s][info][gc,heap     ] GC(27) Survivor regions: 1->7(7)
[2026-07-01T02:07:31.732+0000][8.070s][info][gc,heap     ] GC(27) Old regions: 63->101
[2026-07-01T02:07:31.732+0000][8.070s][info][gc,heap     ] GC(27) Humongous regions: 6->6
[2026-07-01T02:07:31.732+0000][8.070s][info][gc,metaspace] GC(27) Metaspace: 38110K(38912K)->38110K(38912K) NonClass: 33126K(33536K)->33126K(33536K) Class: 4983K(5376K)->4983K(5376K)
[2026-07-01T02:07:31.733+0000][8.070s][info][gc          ] GC(27) Pause Young (Prepare Mixed) (G1 Evacuation Pause) 124M->114M(231M) 104.796ms
[2026-07-01T02:07:31.733+0000][8.070s][info][gc,cpu      ] GC(27) User=0.07s Sys=0.01s Real=0.11s
[2026-07-01T02:07:31.754+0000][8.091s][info][gc,start    ] GC(28) Pause Young (Mixed) (G1 Evacuation Pause)
[2026-07-01T02:07:31.754+0000][8.091s][info][gc,task     ] GC(28) Using 1 workers of 1 for evacuation
[2026-07-01T02:07:31.823+0000][8.160s][info][gc,phases   ] GC(28)   Pre Evacuate Collection Set: 0.61ms
[2026-07-01T02:07:31.823+0000][8.160s][info][gc,phases   ] GC(28)   Merge Heap Roots: 0.08ms
[2026-07-01T02:07:31.823+0000][8.160s][info][gc,phases   ] GC(28)   Evacuate Collection Set: 67.79ms
[2026-07-01T02:07:31.823+0000][8.160s][info][gc,phases   ] GC(28)   Post Evacuate Collection Set: 0.49ms
[2026-07-01T02:07:31.823+0000][8.161s][info][gc,phases   ] GC(28)   Other: 0.06ms
[2026-07-01T02:07:31.823+0000][8.161s][info][gc,heap     ] GC(28) Eden regions: 34->0(30)
[2026-07-01T02:07:31.823+0000][8.161s][info][gc,heap     ] GC(28) Survivor regions: 7->6(6)
[2026-07-01T02:07:31.823+0000][8.161s][info][gc,heap     ] GC(28) Old regions: 101->130
[2026-07-01T02:07:31.823+0000][8.161s][info][gc,heap     ] GC(28) Humongous regions: 6->6
[2026-07-01T02:07:31.823+0000][8.161s][info][gc,metaspace] GC(28) Metaspace: 38111K(38912K)->38111K(38912K) NonClass: 33128K(33536K)->33128K(33536K) Class: 4983K(5376K)->4983K(5376K)
[2026-07-01T02:07:31.823+0000][8.161s][info][gc          ] GC(28) Pause Young (Mixed) (G1 Evacuation Pause) 148M->141M(231M) 69.169ms
[2026-07-01T02:07:31.823+0000][8.161s][info][gc,cpu      ] GC(28) User=0.04s Sys=0.00s Real=0.07s
[2026-07-01T02:07:33.117+0000][9.454s][info][gc,start    ] GC(29) Pause Young (Concurrent Start) (G1 Evacuation Pause)
[2026-07-01T02:07:33.117+0000][9.454s][info][gc,task     ] GC(29) Using 1 workers of 1 for evacuation
[2026-07-01T02:07:33.145+0000][9.482s][info][gc,phases   ] GC(29)   Pre Evacuate Collection Set: 0.49ms
[2026-07-01T02:07:33.145+0000][9.482s][info][gc,phases   ] GC(29)   Merge Heap Roots: 0.06ms
[2026-07-01T02:07:33.145+0000][9.482s][info][gc,phases   ] GC(29)   Evacuate Collection Set: 26.94ms
[2026-07-01T02:07:33.145+0000][9.482s][info][gc,phases   ] GC(29)   Post Evacuate Collection Set: 0.46ms
[2026-07-01T02:07:33.145+0000][9.482s][info][gc,phases   ] GC(29)   Other: 0.07ms
[2026-07-01T02:07:33.145+0000][9.482s][info][gc,heap     ] GC(29) Eden regions: 30->0(26)
[2026-07-01T02:07:33.145+0000][9.482s][info][gc,heap     ] GC(29) Survivor regions: 6->5(5)
[2026-07-01T02:07:33.145+0000][9.482s][info][gc,heap     ] GC(29) Old regions: 130->146
[2026-07-01T02:07:33.145+0000][9.482s][info][gc,heap     ] GC(29) Humongous regions: 6->6
[2026-07-01T02:07:33.145+0000][9.482s][info][gc,metaspace] GC(29) Metaspace: 39427K(40256K)->39427K(40256K) NonClass: 34309K(34752K)->34309K(34752K) Class: 5117K(5504K)->5117K(5504K)
[2026-07-01T02:07:33.145+0000][9.482s][info][gc          ] GC(29) Pause Young (Concurrent Start) (G1 Evacuation Pause) 171M->157M(231M) 28.161ms
[2026-07-01T02:07:33.145+0000][9.482s][info][gc          ] GC(30) Concurrent Mark Cycle
[2026-07-01T02:07:33.145+0000][9.482s][info][gc,cpu      ] GC(29) User=0.03s Sys=0.00s Real=0.03s
[2026-07-01T02:07:33.145+0000][9.482s][info][gc,marking  ] GC(30) Concurrent Scan Root Regions
[2026-07-01T02:07:33.205+0000][9.543s][info][gc,marking  ] GC(30) Concurrent Scan Root Regions 60.611ms
[2026-07-01T02:07:33.206+0000][9.543s][info][gc,marking  ] GC(30) Concurrent Mark
[2026-07-01T02:07:33.206+0000][9.543s][info][gc,marking  ] GC(30) Concurrent Mark From Roots
[2026-07-01T02:07:33.206+0000][9.543s][info][gc,task     ] GC(30) Using 1 workers of 1 for marking
[2026-07-01T02:07:34.905+0000][11.243s][info][gc,start    ] GC(31) Pause Young (Normal) (G1 Evacuation Pause)
[2026-07-01T02:07:34.905+0000][11.243s][info][gc,task     ] GC(31) Using 1 workers of 1 for evacuation
[2026-07-01T02:07:34.913+0000][11.250s][info][gc,phases   ] GC(31)   Pre Evacuate Collection Set: 0.14ms
[2026-07-01T02:07:34.913+0000][11.250s][info][gc,phases   ] GC(31)   Merge Heap Roots: 0.07ms
[2026-07-01T02:07:34.913+0000][11.250s][info][gc,phases   ] GC(31)   Evacuate Collection Set: 6.97ms
[2026-07-01T02:07:34.913+0000][11.250s][info][gc,phases   ] GC(31)   Post Evacuate Collection Set: 0.47ms
[2026-07-01T02:07:34.913+0000][11.250s][info][gc,phases   ] GC(31)   Other: 0.05ms
[2026-07-01T02:07:34.913+0000][11.250s][info][gc,heap     ] GC(31) Eden regions: 26->0(28)
[2026-07-01T02:07:34.913+0000][11.250s][info][gc,heap     ] GC(31) Survivor regions: 5->3(4)
[2026-07-01T02:07:34.913+0000][11.250s][info][gc,heap     ] GC(31) Old regions: 146->151
[2026-07-01T02:07:34.913+0000][11.250s][info][gc,heap     ] GC(31) Humongous regions: 6->6
[2026-07-01T02:07:34.913+0000][11.250s][info][gc,metaspace] GC(31) Metaspace: 39609K(40448K)->39609K(40448K) NonClass: 34488K(34944K)->34488K(34944K) Class: 5120K(5504K)->5120K(5504K)
[2026-07-01T02:07:34.913+0000][11.250s][info][gc          ] GC(31) Pause Young (Normal) (G1 Evacuation Pause) 183M->160M(231M) 7.839ms
[2026-07-01T02:07:34.913+0000][11.250s][info][gc,cpu      ] GC(31) User=0.01s Sys=0.00s Real=0.01s
[2026-07-01T02:07:36.927+0000][13.264s][info][gc,start    ] GC(32) Pause Young (Normal) (G1 Evacuation Pause)
[2026-07-01T02:07:36.927+0000][13.264s][info][gc,task     ] GC(32) Using 1 workers of 1 for evacuation
[2026-07-01T02:07:36.933+0000][13.270s][info][gc,phases   ] GC(32)   Pre Evacuate Collection Set: 0.40ms
[2026-07-01T02:07:36.933+0000][13.270s][info][gc,phases   ] GC(32)   Merge Heap Roots: 0.10ms
[2026-07-01T02:07:36.933+0000][13.270s][info][gc,phases   ] GC(32)   Evacuate Collection Set: 5.14ms
[2026-07-01T02:07:36.933+0000][13.270s][info][gc,phases   ] GC(32)   Post Evacuate Collection Set: 0.46ms
[2026-07-01T02:07:36.933+0000][13.270s][info][gc,phases   ] GC(32)   Other: 0.08ms
[2026-07-01T02:07:36.933+0000][13.270s][info][gc,heap     ] GC(32) Eden regions: 28->0(30)
[2026-07-01T02:07:36.933+0000][13.270s][info][gc,heap     ] GC(32) Survivor regions: 3->1(4)
[2026-07-01T02:07:36.933+0000][13.270s][info][gc,heap     ] GC(32) Old regions: 151->154
[2026-07-01T02:07:36.933+0000][13.270s][info][gc,heap     ] GC(32) Humongous regions: 6->6
[2026-07-01T02:07:36.933+0000][13.270s][info][gc,metaspace] GC(32) Metaspace: 40223K(41088K)->40223K(41088K) NonClass: 35101K(35584K)->35101K(35584K) Class: 5122K(5504K)->5122K(5504K)
[2026-07-01T02:07:36.933+0000][13.270s][info][gc          ] GC(32) Pause Young (Normal) (G1 Evacuation Pause) 188M->160M(231M) 6.311ms
[2026-07-01T02:07:36.933+0000][13.270s][info][gc,cpu      ] GC(32) User=0.01s Sys=0.00s Real=0.01s
[2026-07-01T02:07:38.903+0000][15.240s][info][gc,start    ] GC(33) Pause Young (Normal) (G1 Evacuation Pause)
[2026-07-01T02:07:38.903+0000][15.240s][info][gc,task     ] GC(33) Using 1 workers of 1 for evacuation
[2026-07-01T02:07:38.908+0000][15.246s][info][gc,phases   ] GC(33)   Pre Evacuate Collection Set: 0.14ms
[2026-07-01T02:07:38.908+0000][15.246s][info][gc,phases   ] GC(33)   Merge Heap Roots: 0.17ms
[2026-07-01T02:07:38.908+0000][15.246s][info][gc,phases   ] GC(33)   Evacuate Collection Set: 4.83ms
[2026-07-01T02:07:38.908+0000][15.246s][info][gc,phases   ] GC(33)   Post Evacuate Collection Set: 0.40ms
[2026-07-01T02:07:38.908+0000][15.246s][info][gc,phases   ] GC(33)   Other: 0.07ms
[2026-07-01T02:07:38.908+0000][15.246s][info][gc,heap     ] GC(33) Eden regions: 30->0(32)
[2026-07-01T02:07:38.908+0000][15.246s][info][gc,heap     ] GC(33) Survivor regions: 1->1(4)
[2026-07-01T02:07:38.908+0000][15.246s][info][gc,heap     ] GC(33) Old regions: 154->154
[2026-07-01T02:07:38.908+0000][15.246s][info][gc,heap     ] GC(33) Humongous regions: 6->6
[2026-07-01T02:07:38.908+0000][15.246s][info][gc,metaspace] GC(33) Metaspace: 40370K(41216K)->40370K(41216K) NonClass: 35248K(35712K)->35248K(35712K) Class: 5122K(5504K)->5122K(5504K)
[2026-07-01T02:07:38.908+0000][15.246s][info][gc          ] GC(33) Pause Young (Normal) (G1 Evacuation Pause) 189M->160M(231M) 5.759ms
[2026-07-01T02:07:38.908+0000][15.246s][info][gc,cpu      ] GC(33) User=0.01s Sys=0.00s Real=0.01s
[2026-07-01T02:07:40.723+0000][17.060s][info][gc,start    ] GC(34) Pause Young (Normal) (G1 Evacuation Pause)
[2026-07-01T02:07:40.723+0000][17.060s][info][gc,task     ] GC(34) Using 1 workers of 1 for evacuation
[2026-07-01T02:07:40.728+0000][17.066s][info][gc,phases   ] GC(34)   Pre Evacuate Collection Set: 0.12ms
[2026-07-01T02:07:40.728+0000][17.066s][info][gc,phases   ] GC(34)   Merge Heap Roots: 0.15ms
[2026-07-01T02:07:40.728+0000][17.066s][info][gc,phases   ] GC(34)   Evacuate Collection Set: 4.65ms
[2026-07-01T02:07:40.728+0000][17.066s][info][gc,phases   ] GC(34)   Post Evacuate Collection Set: 0.52ms
[2026-07-01T02:07:40.728+0000][17.066s][info][gc,phases   ] GC(34)   Other: 0.04ms
[2026-07-01T02:07:40.728+0000][17.066s][info][gc,heap     ] GC(34) Eden regions: 32->0(34)
[2026-07-01T02:07:40.728+0000][17.066s][info][gc,heap     ] GC(34) Survivor regions: 1->2(5)
[2026-07-01T02:07:40.728+0000][17.066s][info][gc,heap     ] GC(34) Old regions: 154->154
[2026-07-01T02:07:40.728+0000][17.066s][info][gc,heap     ] GC(34) Humongous regions: 6->6
[2026-07-01T02:07:40.728+0000][17.066s][info][gc,metaspace] GC(34) Metaspace: 40612K(41472K)->40612K(41472K) NonClass: 35488K(35968K)->35488K(35968K) Class: 5123K(5504K)->5123K(5504K)
[2026-07-01T02:07:40.728+0000][17.066s][info][gc          ] GC(34) Pause Young (Normal) (G1 Evacuation Pause) 192M->160M(231M) 5.624ms
[2026-07-01T02:07:40.728+0000][17.066s][info][gc,cpu      ] GC(34) User=0.01s Sys=0.00s Real=0.01s
[2026-07-01T02:07:41.816+0000][18.153s][info][gc,marking  ] GC(30) Concurrent Mark From Roots 8610.071ms
[2026-07-01T02:07:41.816+0000][18.153s][info][gc,marking  ] GC(30) Concurrent Preclean
[2026-07-01T02:07:41.816+0000][18.153s][info][gc,marking  ] GC(30) Concurrent Preclean 0.051ms
[2026-07-01T02:07:41.816+0000][18.153s][info][gc,start    ] GC(30) Pause Remark
[2026-07-01T02:07:41.823+0000][18.161s][info][gc          ] GC(30) Pause Remark 181M->178M(231M) 7.704ms
[2026-07-01T02:07:41.823+0000][18.161s][info][gc,cpu      ] GC(30) User=0.00s Sys=0.00s Real=0.01s
[2026-07-01T02:07:41.826+0000][18.163s][info][gc,marking  ] GC(30) Concurrent Mark 8620.200ms
[2026-07-01T02:07:41.826+0000][18.163s][info][gc,marking  ] GC(30) Concurrent Rebuild Remembered Sets and Scrub Regions
[2026-07-01T02:07:42.515+0000][18.852s][info][gc,start    ] GC(35) Pause Young (Normal) (G1 Evacuation Pause)
[2026-07-01T02:07:42.515+0000][18.852s][info][gc,task     ] GC(35) Using 1 workers of 1 for evacuation
[2026-07-01T02:07:42.521+0000][18.858s][info][gc,phases   ] GC(35)   Pre Evacuate Collection Set: 0.12ms
[2026-07-01T02:07:42.521+0000][18.858s][info][gc,phases   ] GC(35)   Merge Heap Roots: 0.12ms
[2026-07-01T02:07:42.521+0000][18.858s][info][gc,phases   ] GC(35)   Evacuate Collection Set: 5.41ms
[2026-07-01T02:07:42.521+0000][18.858s][info][gc,phases   ] GC(35)   Post Evacuate Collection Set: 0.47ms
[2026-07-01T02:07:42.521+0000][18.858s][info][gc,phases   ] GC(35)   Other: 0.05ms
[2026-07-01T02:07:42.521+0000][18.858s][info][gc,heap     ] GC(35) Eden regions: 34->0(37)
[2026-07-01T02:07:42.521+0000][18.858s][info][gc,heap     ] GC(35) Survivor regions: 2->2(5)
[2026-07-01T02:07:42.521+0000][18.858s][info][gc,heap     ] GC(35) Old regions: 154->154
[2026-07-01T02:07:42.521+0000][18.858s][info][gc,heap     ] GC(35) Humongous regions: 3->3
[2026-07-01T02:07:42.521+0000][18.858s][info][gc,metaspace] GC(35) Metaspace: 40658K(41472K)->40658K(41472K) NonClass: 35533K(35968K)->35533K(35968K) Class: 5124K(5504K)->5124K(5504K)
[2026-07-01T02:07:42.521+0000][18.858s][info][gc          ] GC(35) Pause Young (Normal) (G1 Evacuation Pause) 191M->157M(231M) 6.301ms
[2026-07-01T02:07:42.521+0000][18.858s][info][gc,cpu      ] GC(35) User=0.01s Sys=0.00s Real=0.01s
[2026-07-01T02:07:43.302+0000][19.639s][info][gc,marking  ] GC(30) Concurrent Rebuild Remembered Sets and Scrub Regions 1476.085ms
[2026-07-01T02:07:43.303+0000][19.640s][info][gc,start    ] GC(30) Pause Cleanup
[2026-07-01T02:07:43.303+0000][19.640s][info][gc          ] GC(30) Pause Cleanup 170M->170M(231M) 0.189ms
[2026-07-01T02:07:43.303+0000][19.640s][info][gc,cpu      ] GC(30) User=0.00s Sys=0.00s Real=0.00s
[2026-07-01T02:07:43.307+0000][19.645s][info][gc,marking  ] GC(30) Concurrent Clear Claimed Marks
[2026-07-01T02:07:43.308+0000][19.645s][info][gc,marking  ] GC(30) Concurrent Clear Claimed Marks 0.112ms
[2026-07-01T02:07:43.308+0000][19.645s][info][gc,marking  ] GC(30) Concurrent Cleanup for Next Mark
[2026-07-01T02:07:43.308+0000][19.645s][info][gc,marking  ] GC(30) Concurrent Cleanup for Next Mark 0.466ms
[2026-07-01T02:07:43.308+0000][19.645s][info][gc          ] GC(30) Concurrent Mark Cycle 10163.267ms
[2026-07-01T02:07:44.419+0000][20.756s][info][gc,start    ] GC(36) Pause Young (Prepare Mixed) (G1 Evacuation Pause)
[2026-07-01T02:07:44.419+0000][20.756s][info][gc,task     ] GC(36) Using 1 workers of 1 for evacuation
[2026-07-01T02:07:44.426+0000][20.764s][info][gc,phases   ] GC(36)   Pre Evacuate Collection Set: 0.16ms
[2026-07-01T02:07:44.426+0000][20.764s][info][gc,phases   ] GC(36)   Merge Heap Roots: 0.46ms
[2026-07-01T02:07:44.426+0000][20.764s][info][gc,phases   ] GC(36)   Evacuate Collection Set: 6.34ms
[2026-07-01T02:07:44.426+0000][20.764s][info][gc,phases   ] GC(36)   Post Evacuate Collection Set: 0.44ms
[2026-07-01T02:07:44.426+0000][20.764s][info][gc,phases   ] GC(36)   Other: 0.07ms
[2026-07-01T02:07:44.426+0000][20.764s][info][gc,heap     ] GC(36) Eden regions: 37->0(39)
[2026-07-01T02:07:44.426+0000][20.764s][info][gc,heap     ] GC(36) Survivor regions: 2->2(5)
[2026-07-01T02:07:44.426+0000][20.764s][info][gc,heap     ] GC(36) Old regions: 154->154
[2026-07-01T02:07:44.426+0000][20.764s][info][gc,heap     ] GC(36) Humongous regions: 3->3
[2026-07-01T02:07:44.426+0000][20.764s][info][gc,metaspace] GC(36) Metaspace: 40889K(41728K)->40889K(41728K) NonClass: 35764K(36224K)->35764K(36224K) Class: 5125K(5504K)->5125K(5504K)
[2026-07-01T02:07:44.426+0000][20.764s][info][gc          ] GC(36) Pause Young (Prepare Mixed) (G1 Evacuation Pause) 194M->157M(231M) 7.602ms
[2026-07-01T02:07:44.426+0000][20.764s][info][gc,cpu      ] GC(36) User=0.01s Sys=0.00s Real=0.00s
[2026-07-01T02:07:46.010+0000][22.347s][info][gc,start    ] GC(37) Pause Young (Mixed) (G1 Evacuation Pause)
[2026-07-01T02:07:46.010+0000][22.347s][info][gc,task     ] GC(37) Using 1 workers of 1 for evacuation
[2026-07-01T02:07:46.019+0000][22.357s][info][gc,phases   ] GC(37)   Pre Evacuate Collection Set: 0.15ms
[2026-07-01T02:07:46.019+0000][22.357s][info][gc,phases   ] GC(37)   Merge Heap Roots: 0.15ms
[2026-07-01T02:07:46.019+0000][22.357s][info][gc,phases   ] GC(37)   Evacuate Collection Set: 9.13ms
[2026-07-01T02:07:46.019+0000][22.357s][info][gc,phases   ] GC(37)   Post Evacuate Collection Set: 0.33ms
[2026-07-01T02:07:46.019+0000][22.357s][info][gc,phases   ] GC(37)   Other: 0.07ms
[2026-07-01T02:07:46.019+0000][22.357s][info][gc,heap     ] GC(37) Eden regions: 39->0(42)
[2026-07-01T02:07:46.020+0000][22.357s][info][gc,heap     ] GC(37) Survivor regions: 2->3(6)
[2026-07-01T02:07:46.020+0000][22.357s][info][gc,heap     ] GC(37) Old regions: 154->153
[2026-07-01T02:07:46.020+0000][22.357s][info][gc,heap     ] GC(37) Humongous regions: 3->3
[2026-07-01T02:07:46.020+0000][22.357s][info][gc,metaspace] GC(37) Metaspace: 40988K(41792K)->40988K(41792K) NonClass: 35861K(36288K)->35861K(36288K) Class: 5126K(5504K)->5126K(5504K)
[2026-07-01T02:07:46.020+0000][22.357s][info][gc          ] GC(37) Pause Young (Mixed) (G1 Evacuation Pause) 196M->158M(231M) 10.012ms
[2026-07-01T02:07:46.020+0000][22.357s][info][gc,cpu      ] GC(37) User=0.01s Sys=0.00s Real=0.01s
[2026-07-01T02:07:47.602+0000][23.939s][info][gc,start    ] GC(38) Pause Young (Concurrent Start) (G1 Evacuation Pause)
[2026-07-01T02:07:47.602+0000][23.939s][info][gc,task     ] GC(38) Using 1 workers of 1 for evacuation
[2026-07-01T02:07:47.611+0000][23.948s][info][gc,phases   ] GC(38)   Pre Evacuate Collection Set: 0.22ms
[2026-07-01T02:07:47.611+0000][23.948s][info][gc,phases   ] GC(38)   Merge Heap Roots: 0.16ms
[2026-07-01T02:07:47.611+0000][23.948s][info][gc,phases   ] GC(38)   Evacuate Collection Set: 7.82ms
[2026-07-01T02:07:47.611+0000][23.948s][info][gc,phases   ] GC(38)   Post Evacuate Collection Set: 0.51ms
[2026-07-01T02:07:47.611+0000][23.948s][info][gc,phases   ] GC(38)   Other: 0.09ms
[2026-07-01T02:07:47.611+0000][23.948s][info][gc,heap     ] GC(38) Eden regions: 42->0(44)
[2026-07-01T02:07:47.611+0000][23.948s][info][gc,heap     ] GC(38) Survivor regions: 3->4(6)
[2026-07-01T02:07:47.611+0000][23.948s][info][gc,heap     ] GC(38) Old regions: 153->153
[2026-07-01T02:07:47.611+0000][23.948s][info][gc,heap     ] GC(38) Humongous regions: 3->3
[2026-07-01T02:07:47.611+0000][23.948s][info][gc,metaspace] GC(38) Metaspace: 41109K(41920K)->41109K(41920K) NonClass: 35982K(36416K)->35982K(36416K) Class: 5126K(5504K)->5126K(5504K)
[2026-07-01T02:07:47.611+0000][23.948s][info][gc          ] GC(38) Pause Young (Concurrent Start) (G1 Evacuation Pause) 200M->159M(231M) 8.955ms
[2026-07-01T02:07:47.611+0000][23.948s][info][gc          ] GC(39) Concurrent Mark Cycle
[2026-07-01T02:07:47.611+0000][23.948s][info][gc,marking  ] GC(39) Concurrent Scan Root Regions
[2026-07-01T02:07:47.611+0000][23.948s][info][gc,cpu      ] GC(38) User=0.01s Sys=0.00s Real=0.01s
[2026-07-01T02:07:47.626+0000][23.963s][info][gc,marking  ] GC(39) Concurrent Scan Root Regions 15.386ms
[2026-07-01T02:07:47.626+0000][23.964s][info][gc,marking  ] GC(39) Concurrent Mark
[2026-07-01T02:07:47.626+0000][23.964s][info][gc,marking  ] GC(39) Concurrent Mark From Roots
[2026-07-01T02:07:47.626+0000][23.964s][info][gc,task     ] GC(39) Using 1 workers of 1 for marking
[2026-07-01T02:07:49.116+0000][25.453s][info][gc,start    ] GC(40) Pause Young (Normal) (G1 Evacuation Pause)
[2026-07-01T02:07:49.116+0000][25.453s][info][gc,task     ] GC(40) Using 1 workers of 1 for evacuation
[2026-07-01T02:07:49.125+0000][25.462s][info][gc,phases   ] GC(40)   Pre Evacuate Collection Set: 0.27ms
[2026-07-01T02:07:49.125+0000][25.462s][info][gc,phases   ] GC(40)   Merge Heap Roots: 0.15ms
[2026-07-01T02:07:49.125+0000][25.462s][info][gc,phases   ] GC(40)   Evacuate Collection Set: 7.42ms
[2026-07-01T02:07:49.125+0000][25.462s][info][gc,phases   ] GC(40)   Post Evacuate Collection Set: 0.57ms
[2026-07-01T02:07:49.125+0000][25.462s][info][gc,phases   ] GC(40)   Other: 0.07ms
[2026-07-01T02:07:49.125+0000][25.462s][info][gc,heap     ] GC(40) Eden regions: 44->0(46)
[2026-07-01T02:07:49.125+0000][25.462s][info][gc,heap     ] GC(40) Survivor regions: 4->3(6)
[2026-07-01T02:07:49.125+0000][25.462s][info][gc,heap     ] GC(40) Old regions: 153->154
[2026-07-01T02:07:49.125+0000][25.462s][info][gc,heap     ] GC(40) Humongous regions: 3->3
[2026-07-01T02:07:49.125+0000][25.462s][info][gc,metaspace] GC(40) Metaspace: 41163K(41984K)->41163K(41984K) NonClass: 36036K(36480K)->36036K(36480K) Class: 5126K(5504K)->5126K(5504K)
[2026-07-01T02:07:49.125+0000][25.462s][info][gc          ] GC(40) Pause Young (Normal) (G1 Evacuation Pause) 203M->159M(231M) 8.632ms
[2026-07-01T02:07:49.125+0000][25.462s][info][gc,cpu      ] GC(40) User=0.01s Sys=0.01s Real=0.01s
[2026-07-01T02:07:49.728+0000][26.066s][info][gc,marking  ] GC(39) Concurrent Mark From Roots 2101.981ms
[2026-07-01T02:07:49.728+0000][26.066s][info][gc,marking  ] GC(39) Concurrent Preclean
[2026-07-01T02:07:49.728+0000][26.066s][info][gc,marking  ] GC(39) Concurrent Preclean 0.091ms
[2026-07-01T02:07:49.729+0000][26.066s][info][gc,start    ] GC(39) Pause Remark
[2026-07-01T02:07:49.815+0000][26.152s][info][gc          ] GC(39) Pause Remark 178M->178M(231M) 85.996ms
[2026-07-01T02:07:49.815+0000][26.152s][info][gc,cpu      ] GC(39) User=0.03s Sys=0.00s Real=0.08s
[2026-07-01T02:07:49.822+0000][26.159s][info][gc,marking  ] GC(39) Concurrent Mark 2195.911ms
[2026-07-01T02:07:49.822+0000][26.159s][info][gc,marking  ] GC(39) Concurrent Rebuild Remembered Sets and Scrub Regions
[2026-07-01T02:07:50.601+0000][26.938s][info][gc,marking  ] GC(39) Concurrent Rebuild Remembered Sets and Scrub Regions 778.950ms
[2026-07-01T02:07:50.602+0000][26.939s][info][gc,start    ] GC(39) Pause Cleanup
[2026-07-01T02:07:50.602+0000][26.939s][info][gc          ] GC(39) Pause Cleanup 203M->203M(231M) 0.166ms
[2026-07-01T02:07:50.602+0000][26.939s][info][gc,cpu      ] GC(39) User=0.00s Sys=0.00s Real=0.00s
[2026-07-01T02:07:50.602+0000][26.939s][info][gc,marking  ] GC(39) Concurrent Clear Claimed Marks
[2026-07-01T02:07:50.602+0000][26.940s][info][gc,marking  ] GC(39) Concurrent Clear Claimed Marks 0.086ms
[2026-07-01T02:07:50.602+0000][26.940s][info][gc,marking  ] GC(39) Concurrent Cleanup for Next Mark
[2026-07-01T02:07:50.604+0000][26.941s][info][gc,marking  ] GC(39) Concurrent Cleanup for Next Mark 1.505ms
[2026-07-01T02:07:50.604+0000][26.941s][info][gc          ] GC(39) Concurrent Mark Cycle 2992.992ms
[2026-07-01T02:07:50.622+0000][26.959s][info][gc,start    ] GC(41) Pause Young (Prepare Mixed) (G1 Evacuation Pause)
[2026-07-01T02:07:50.622+0000][26.959s][info][gc,task     ] GC(41) Using 1 workers of 1 for evacuation
[2026-07-01T02:07:50.629+0000][26.967s][info][gc,phases   ] GC(41)   Pre Evacuate Collection Set: 0.30ms
[2026-07-01T02:07:50.629+0000][26.967s][info][gc,phases   ] GC(41)   Merge Heap Roots: 0.16ms
[2026-07-01T02:07:50.630+0000][26.967s][info][gc,phases   ] GC(41)   Evacuate Collection Set: 6.55ms
[2026-07-01T02:07:50.630+0000][26.967s][info][gc,phases   ] GC(41)   Post Evacuate Collection Set: 0.47ms
[2026-07-01T02:07:50.630+0000][26.967s][info][gc,phases   ] GC(41)   Other: 0.06ms
[2026-07-01T02:07:50.630+0000][26.967s][info][gc,heap     ] GC(41) Eden regions: 46->0(49)
[2026-07-01T02:07:50.630+0000][26.967s][info][gc,heap     ] GC(41) Survivor regions: 3->3(7)
[2026-07-01T02:07:50.630+0000][26.967s][info][gc,heap     ] GC(41) Old regions: 154->154
[2026-07-01T02:07:50.630+0000][26.967s][info][gc,heap     ] GC(41) Humongous regions: 3->3
[2026-07-01T02:07:50.630+0000][26.967s][info][gc,metaspace] GC(41) Metaspace: 41268K(42112K)->41268K(42112K) NonClass: 36148K(36608K)->36148K(36608K) Class: 5120K(5504K)->5120K(5504K)
[2026-07-01T02:07:50.630+0000][26.967s][info][gc          ] GC(41) Pause Young (Prepare Mixed) (G1 Evacuation Pause) 205M->159M(231M) 7.692ms
[2026-07-01T02:07:50.630+0000][26.967s][info][gc,cpu      ] GC(41) User=0.02s Sys=0.00s Real=0.01s
[2026-07-01T02:07:51.804+0000][28.141s][info][gc,start    ] GC(42) Pause Young (Mixed) (G1 Evacuation Pause)
[2026-07-01T02:07:51.804+0000][28.141s][info][gc,task     ] GC(42) Using 1 workers of 1 for evacuation
[2026-07-01T02:07:51.815+0000][28.152s][info][gc,phases   ] GC(42)   Pre Evacuate Collection Set: 0.14ms
[2026-07-01T02:07:51.815+0000][28.152s][info][gc,phases   ] GC(42)   Merge Heap Roots: 0.16ms
[2026-07-01T02:07:51.815+0000][28.152s][info][gc,phases   ] GC(42)   Evacuate Collection Set: 10.06ms
[2026-07-01T02:07:51.815+0000][28.152s][info][gc,phases   ] GC(42)   Post Evacuate Collection Set: 0.38ms
[2026-07-01T02:07:51.815+0000][28.152s][info][gc,phases   ] GC(42)   Other: 0.05ms
[2026-07-01T02:07:51.815+0000][28.152s][info][gc,heap     ] GC(42) Eden regions: 49->0(51)
[2026-07-01T02:07:51.815+0000][28.152s][info][gc,heap     ] GC(42) Survivor regions: 3->4(7)
[2026-07-01T02:07:51.815+0000][28.152s][info][gc,heap     ] GC(42) Old regions: 154->153
[2026-07-01T02:07:51.815+0000][28.152s][info][gc,heap     ] GC(42) Humongous regions: 3->3
[2026-07-01T02:07:51.815+0000][28.152s][info][gc,metaspace] GC(42) Metaspace: 41354K(42176K)->41354K(42176K) NonClass: 36234K(36672K)->36234K(36672K) Class: 5120K(5504K)->5120K(5504K)
[2026-07-01T02:07:51.815+0000][28.152s][info][gc          ] GC(42) Pause Young (Mixed) (G1 Evacuation Pause) 208M->158M(231M) 10.960ms
[2026-07-01T02:07:51.815+0000][28.152s][info][gc,cpu      ] GC(42) User=0.01s Sys=0.00s Real=0.01s
[2026-07-01T02:07:52.828+0000][29.165s][info][gc,start    ] GC(43) Pause Young (Concurrent Start) (G1 Evacuation Pause)
[2026-07-01T02:07:52.828+0000][29.165s][info][gc,task     ] GC(43) Using 1 workers of 1 for evacuation
[2026-07-01T02:07:52.838+0000][29.175s][info][gc,phases   ] GC(43)   Pre Evacuate Collection Set: 0.81ms
[2026-07-01T02:07:52.838+0000][29.175s][info][gc,phases   ] GC(43)   Merge Heap Roots: 0.14ms
[2026-07-01T02:07:52.838+0000][29.175s][info][gc,phases   ] GC(43)   Evacuate Collection Set: 8.25ms
[2026-07-01T02:07:52.838+0000][29.175s][info][gc,phases   ] GC(43)   Post Evacuate Collection Set: 0.48ms
[2026-07-01T02:07:52.838+0000][29.175s][info][gc,phases   ] GC(43)   Other: 0.07ms
[2026-07-01T02:07:52.838+0000][29.175s][info][gc,heap     ] GC(43) Eden regions: 51->0(53)
[2026-07-01T02:07:52.838+0000][29.175s][info][gc,heap     ] GC(43) Survivor regions: 4->4(7)
[2026-07-01T02:07:52.838+0000][29.175s][info][gc,heap     ] GC(43) Old regions: 153->153
[2026-07-01T02:07:52.838+0000][29.175s][info][gc,heap     ] GC(43) Humongous regions: 3->3
[2026-07-01T02:07:52.838+0000][29.175s][info][gc,metaspace] GC(43) Metaspace: 41411K(42240K)->41411K(42240K) NonClass: 36291K(36736K)->36291K(36736K) Class: 5120K(5504K)->5120K(5504K)
[2026-07-01T02:07:52.838+0000][29.175s][info][gc          ] GC(43) Pause Young (Concurrent Start) (G1 Evacuation Pause) 209M->158M(231M) 9.924ms
[2026-07-01T02:07:52.838+0000][29.175s][info][gc          ] GC(44) Concurrent Mark Cycle
[2026-07-01T02:07:52.838+0000][29.175s][info][gc,marking  ] GC(44) Concurrent Scan Root Regions
[2026-07-01T02:07:52.838+0000][29.175s][info][gc,cpu      ] GC(43) User=0.01s Sys=0.00s Real=0.01s
[2026-07-01T02:07:52.905+0000][29.242s][info][gc,marking  ] GC(44) Concurrent Scan Root Regions 67.322ms
[2026-07-01T02:07:52.905+0000][29.242s][info][gc,marking  ] GC(44) Concurrent Mark
[2026-07-01T02:07:52.905+0000][29.242s][info][gc,marking  ] GC(44) Concurrent Mark From Roots
[2026-07-01T02:07:52.905+0000][29.242s][info][gc,task     ] GC(44) Using 1 workers of 1 for marking
[2026-07-01T02:07:54.120+0000][30.457s][info][gc,start    ] GC(45) Pause Young (Normal) (G1 Evacuation Pause)
[2026-07-01T02:07:54.120+0000][30.457s][info][gc,task     ] GC(45) Using 1 workers of 1 for evacuation
[2026-07-01T02:07:54.130+0000][30.467s][info][gc,phases   ] GC(45)   Pre Evacuate Collection Set: 0.13ms
[2026-07-01T02:07:54.130+0000][30.467s][info][gc,phases   ] GC(45)   Merge Heap Roots: 0.15ms
[2026-07-01T02:07:54.130+0000][30.467s][info][gc,phases   ] GC(45)   Evacuate Collection Set: 8.93ms
[2026-07-01T02:07:54.130+0000][30.467s][info][gc,phases   ] GC(45)   Post Evacuate Collection Set: 0.50ms
[2026-07-01T02:07:54.130+0000][30.467s][info][gc,phases   ] GC(45)   Other: 0.05ms
[2026-07-01T02:07:54.130+0000][30.467s][info][gc,heap     ] GC(45) Eden regions: 53->0(54)
[2026-07-01T02:07:54.130+0000][30.467s][info][gc,heap     ] GC(45) Survivor regions: 4->4(8)
[2026-07-01T02:07:54.130+0000][30.467s][info][gc,heap     ] GC(45) Old regions: 153->153
[2026-07-01T02:07:54.130+0000][30.467s][info][gc,heap     ] GC(45) Humongous regions: 3->3
[2026-07-01T02:07:54.130+0000][30.467s][info][gc,metaspace] GC(45) Metaspace: 41437K(42304K)->41437K(42304K) NonClass: 36317K(36800K)->36317K(36800K) Class: 5120K(5504K)->5120K(5504K)
[2026-07-01T02:07:54.130+0000][30.467s][info][gc          ] GC(45) Pause Young (Normal) (G1 Evacuation Pause) 211M->158M(231M) 9.940ms
[2026-07-01T02:07:54.130+0000][30.467s][info][gc,cpu      ] GC(45) User=0.02s Sys=0.01s Real=0.01s
[2026-07-01T02:07:54.905+0000][31.243s][info][gc,marking  ] GC(44) Concurrent Mark From Roots 2000.429ms
[2026-07-01T02:07:54.906+0000][31.243s][info][gc,marking  ] GC(44) Concurrent Preclean
[2026-07-01T02:07:54.906+0000][31.243s][info][gc,marking  ] GC(44) Concurrent Preclean 0.152ms
[2026-07-01T02:07:54.906+0000][31.243s][info][gc,start    ] GC(44) Pause Remark
[2026-07-01T02:07:54.922+0000][31.259s][info][gc          ] GC(44) Pause Remark 188M->188M(231M) 15.542ms
[2026-07-01T02:07:54.922+0000][31.259s][info][gc,cpu      ] GC(44) User=0.03s Sys=0.00s Real=0.02s
[2026-07-01T02:07:54.922+0000][31.259s][info][gc,marking  ] GC(44) Concurrent Mark 2016.659ms
[2026-07-01T02:07:54.922+0000][31.259s][info][gc,marking  ] GC(44) Concurrent Rebuild Remembered Sets and Scrub Regions
[2026-07-01T02:07:55.419+0000][31.757s][info][gc,start    ] GC(46) Pause Young (Normal) (G1 Evacuation Pause)
[2026-07-01T02:07:55.420+0000][31.757s][info][gc,task     ] GC(46) Using 1 workers of 1 for evacuation
[2026-07-01T02:07:55.432+0000][31.769s][info][gc,phases   ] GC(46)   Pre Evacuate Collection Set: 0.30ms
[2026-07-01T02:07:55.432+0000][31.769s][info][gc,phases   ] GC(46)   Merge Heap Roots: 0.28ms
[2026-07-01T02:07:55.432+0000][31.769s][info][gc,phases   ] GC(46)   Evacuate Collection Set: 10.98ms
[2026-07-01T02:07:55.432+0000][31.769s][info][gc,phases   ] GC(46)   Post Evacuate Collection Set: 0.66ms
[2026-07-01T02:07:55.432+0000][31.769s][info][gc,phases   ] GC(46)   Other: 0.10ms
[2026-07-01T02:07:55.432+0000][31.769s][info][gc,heap     ] GC(46) Eden regions: 54->0(56)
[2026-07-01T02:07:55.432+0000][31.769s][info][gc,heap     ] GC(46) Survivor regions: 4->4(8)
[2026-07-01T02:07:55.432+0000][31.769s][info][gc,heap     ] GC(46) Old regions: 153->153
[2026-07-01T02:07:55.432+0000][31.769s][info][gc,heap     ] GC(46) Humongous regions: 3->3
[2026-07-01T02:07:55.432+0000][31.769s][info][gc,metaspace] GC(46) Metaspace: 41456K(42304K)->41456K(42304K) NonClass: 36336K(36800K)->36336K(36800K) Class: 5120K(5504K)->5120K(5504K)
[2026-07-01T02:07:55.432+0000][31.769s][info][gc          ] GC(46) Pause Young (Normal) (G1 Evacuation Pause) 212M->159M(231M) 12.473ms
[2026-07-01T02:07:55.432+0000][31.769s][info][gc,cpu      ] GC(46) User=0.02s Sys=0.00s Real=0.01s
[2026-07-01T02:07:55.828+0000][32.165s][info][gc,marking  ] GC(44) Concurrent Rebuild Remembered Sets and Scrub Regions 905.941ms
[2026-07-01T02:07:55.828+0000][32.166s][info][gc,start    ] GC(44) Pause Cleanup
[2026-07-01T02:07:55.829+0000][32.166s][info][gc          ] GC(44) Pause Cleanup 177M->177M(231M) 0.214ms
[2026-07-01T02:07:55.829+0000][32.166s][info][gc,cpu      ] GC(44) User=0.00s Sys=0.00s Real=0.00s
[2026-07-01T02:07:55.833+0000][32.170s][info][gc,marking  ] GC(44) Concurrent Clear Claimed Marks
[2026-07-01T02:07:55.833+0000][32.170s][info][gc,marking  ] GC(44) Concurrent Clear Claimed Marks 0.100ms
[2026-07-01T02:07:55.833+0000][32.170s][info][gc,marking  ] GC(44) Concurrent Cleanup for Next Mark
[2026-07-01T02:07:55.900+0000][32.237s][info][gc,marking  ] GC(44) Concurrent Cleanup for Next Mark 66.683ms
[2026-07-01T02:07:55.900+0000][32.237s][info][gc          ] GC(44) Concurrent Mark Cycle 3062.143ms
[2026-07-01T02:07:56.613+0000][32.950s][info][gc,start    ] GC(47) Pause Young (Prepare Mixed) (G1 Evacuation Pause)
[2026-07-01T02:07:56.613+0000][32.950s][info][gc,task     ] GC(47) Using 1 workers of 1 for evacuation
[2026-07-01T02:07:56.625+0000][32.962s][info][gc,phases   ] GC(47)   Pre Evacuate Collection Set: 0.31ms
[2026-07-01T02:07:56.625+0000][32.962s][info][gc,phases   ] GC(47)   Merge Heap Roots: 0.52ms
[2026-07-01T02:07:56.625+0000][32.962s][info][gc,phases   ] GC(47)   Evacuate Collection Set: 10.35ms
[2026-07-01T02:07:56.625+0000][32.962s][info][gc,phases   ] GC(47)   Post Evacuate Collection Set: 0.54ms
[2026-07-01T02:07:56.625+0000][32.962s][info][gc,phases   ] GC(47)   Other: 0.06ms
[2026-07-01T02:07:56.625+0000][32.962s][info][gc,heap     ] GC(47) Eden regions: 56->0(58)
[2026-07-01T02:07:56.625+0000][32.962s][info][gc,heap     ] GC(47) Survivor regions: 4->4(8)
[2026-07-01T02:07:56.625+0000][32.962s][info][gc,heap     ] GC(47) Old regions: 153->153
[2026-07-01T02:07:56.625+0000][32.962s][info][gc,heap     ] GC(47) Humongous regions: 3->3
[2026-07-01T02:07:56.625+0000][32.962s][info][gc,metaspace] GC(47) Metaspace: 41457K(42304K)->41457K(42304K) NonClass: 36337K(36800K)->36337K(36800K) Class: 5120K(5504K)->5120K(5504K)
[2026-07-01T02:07:56.625+0000][32.962s][info][gc          ] GC(47) Pause Young (Prepare Mixed) (G1 Evacuation Pause) 215M->159M(231M) 11.940ms
[2026-07-01T02:07:56.625+0000][32.962s][info][gc,cpu      ] GC(47) User=0.01s Sys=0.00s Real=0.01s
[2026-07-01T02:07:57.734+0000][34.071s][info][gc,start    ] GC(48) Pause Young (Mixed) (G1 Evacuation Pause)
[2026-07-01T02:07:57.734+0000][34.071s][info][gc,task     ] GC(48) Using 1 workers of 1 for evacuation
[2026-07-01T02:07:57.747+0000][34.084s][info][gc,phases   ] GC(48)   Pre Evacuate Collection Set: 0.60ms
[2026-07-01T02:07:57.747+0000][34.084s][info][gc,phases   ] GC(48)   Merge Heap Roots: 0.16ms
[2026-07-01T02:07:57.747+0000][34.084s][info][gc,phases   ] GC(48)   Evacuate Collection Set: 12.19ms
[2026-07-01T02:07:57.747+0000][34.084s][info][gc,phases   ] GC(48)   Post Evacuate Collection Set: 0.61ms
[2026-07-01T02:07:57.747+0000][34.084s][info][gc,phases   ] GC(48)   Other: 0.06ms
[2026-07-01T02:07:57.747+0000][34.084s][info][gc,heap     ] GC(48) Eden regions: 58->0(59)
[2026-07-01T02:07:57.747+0000][34.084s][info][gc,heap     ] GC(48) Survivor regions: 4->4(8)
[2026-07-01T02:07:57.747+0000][34.084s][info][gc,heap     ] GC(48) Old regions: 153->152
[2026-07-01T02:07:57.747+0000][34.084s][info][gc,heap     ] GC(48) Humongous regions: 3->3
[2026-07-01T02:07:57.747+0000][34.084s][info][gc,metaspace] GC(48) Metaspace: 41475K(42304K)->41475K(42304K) NonClass: 36355K(36800K)->36355K(36800K) Class: 5120K(5504K)->5120K(5504K)
[2026-07-01T02:07:57.747+0000][34.085s][info][gc          ] GC(48) Pause Young (Mixed) (G1 Evacuation Pause) 217M->158M(231M) 13.746ms
[2026-07-01T02:07:57.747+0000][34.085s][info][gc,cpu      ] GC(48) User=0.01s Sys=0.00s Real=0.01s
[2026-07-01T02:07:58.921+0000][35.258s][info][gc,start    ] GC(49) Pause Young (Concurrent Start) (G1 Evacuation Pause)
[2026-07-01T02:07:58.921+0000][35.258s][info][gc,task     ] GC(49) Using 1 workers of 1 for evacuation
[2026-07-01T02:07:58.934+0000][35.271s][info][gc,phases   ] GC(49)   Pre Evacuate Collection Set: 0.16ms
[2026-07-01T02:07:58.934+0000][35.271s][info][gc,phases   ] GC(49)   Merge Heap Roots: 0.20ms
[2026-07-01T02:07:58.934+0000][35.271s][info][gc,phases   ] GC(49)   Evacuate Collection Set: 12.09ms
[2026-07-01T02:07:58.934+0000][35.271s][info][gc,phases   ] GC(49)   Post Evacuate Collection Set: 0.60ms
[2026-07-01T02:07:58.934+0000][35.271s][info][gc,phases   ] GC(49)   Other: 0.10ms
[2026-07-01T02:07:58.934+0000][35.271s][info][gc,heap     ] GC(49) Eden regions: 59->0(58)
[2026-07-01T02:07:58.934+0000][35.271s][info][gc,heap     ] GC(49) Survivor regions: 4->5(8)
[2026-07-01T02:07:58.934+0000][35.271s][info][gc,heap     ] GC(49) Old regions: 152->152
[2026-07-01T02:07:58.934+0000][35.271s][info][gc,heap     ] GC(49) Humongous regions: 3->3
[2026-07-01T02:07:58.934+0000][35.271s][info][gc,metaspace] GC(49) Metaspace: 41489K(42304K)->41489K(42304K) NonClass: 36368K(36800K)->36368K(36800K) Class: 5120K(5504K)->5120K(5504K)
[2026-07-01T02:07:58.934+0000][35.271s][info][gc          ] GC(49) Pause Young (Concurrent Start) (G1 Evacuation Pause) 217M->159M(231M) 13.282ms
[2026-07-01T02:07:58.934+0000][35.271s][info][gc,cpu      ] GC(49) User=0.02s Sys=0.00s Real=0.01s
[2026-07-01T02:07:58.934+0000][35.271s][info][gc          ] GC(50) Concurrent Mark Cycle
[2026-07-01T02:07:58.934+0000][35.271s][info][gc,marking  ] GC(50) Concurrent Scan Root Regions
[2026-07-01T02:07:59.118+0000][35.455s][info][gc,marking  ] GC(50) Concurrent Scan Root Regions 184.169ms
[2026-07-01T02:07:59.118+0000][35.455s][info][gc,marking  ] GC(50) Concurrent Mark
[2026-07-01T02:07:59.118+0000][35.456s][info][gc,marking  ] GC(50) Concurrent Mark From Roots
[2026-07-01T02:07:59.118+0000][35.456s][info][gc,task     ] GC(50) Using 1 workers of 1 for marking
[2026-07-01T02:08:00.204+0000][36.541s][info][gc,start    ] GC(51) Pause Young (Normal) (G1 Evacuation Pause)
[2026-07-01T02:08:00.204+0000][36.541s][info][gc,task     ] GC(51) Using 1 workers of 1 for evacuation
[2026-07-01T02:08:00.218+0000][36.555s][info][gc,phases   ] GC(51)   Pre Evacuate Collection Set: 0.96ms
[2026-07-01T02:08:00.218+0000][36.555s][info][gc,phases   ] GC(51)   Merge Heap Roots: 0.26ms
[2026-07-01T02:08:00.218+0000][36.555s][info][gc,phases   ] GC(51)   Evacuate Collection Set: 12.19ms
[2026-07-01T02:08:00.218+0000][36.555s][info][gc,phases   ] GC(51)   Post Evacuate Collection Set: 0.57ms
[2026-07-01T02:08:00.218+0000][36.555s][info][gc,phases   ] GC(51)   Other: 0.05ms
[2026-07-01T02:08:00.218+0000][36.555s][info][gc,heap     ] GC(51) Eden regions: 58->0(59)
[2026-07-01T02:08:00.218+0000][36.555s][info][gc,heap     ] GC(51) Survivor regions: 5->4(8)
[2026-07-01T02:08:00.218+0000][36.555s][info][gc,heap     ] GC(51) Old regions: 152->152
[2026-07-01T02:08:00.218+0000][36.555s][info][gc,heap     ] GC(51) Humongous regions: 3->3
[2026-07-01T02:08:00.218+0000][36.555s][info][gc,metaspace] GC(51) Metaspace: 41512K(42368K)->41512K(42368K) NonClass: 36392K(36864K)->36392K(36864K) Class: 5120K(5504K)->5120K(5504K)
[2026-07-01T02:08:00.218+0000][36.555s][info][gc          ] GC(51) Pause Young (Normal) (G1 Evacuation Pause) 217M->158M(231M) 14.203ms
[2026-07-01T02:08:00.218+0000][36.555s][info][gc,cpu      ] GC(51) User=0.02s Sys=0.00s Real=0.01s
[2026-07-01T02:08:01.530+0000][37.867s][info][gc,start    ] GC(52) Pause Young (Normal) (G1 Evacuation Pause)
[2026-07-01T02:08:01.530+0000][37.867s][info][gc,task     ] GC(52) Using 1 workers of 1 for evacuation
[2026-07-01T02:08:01.543+0000][37.881s][info][gc,phases   ] GC(52)   Pre Evacuate Collection Set: 0.29ms
[2026-07-01T02:08:01.543+0000][37.881s][info][gc,phases   ] GC(52)   Merge Heap Roots: 0.18ms
[2026-07-01T02:08:01.543+0000][37.881s][info][gc,phases   ] GC(52)   Evacuate Collection Set: 12.32ms
[2026-07-01T02:08:01.543+0000][37.881s][info][gc,phases   ] GC(52)   Post Evacuate Collection Set: 0.77ms
[2026-07-01T02:08:01.543+0000][37.881s][info][gc,phases   ] GC(52)   Other: 0.06ms
[2026-07-01T02:08:01.544+0000][37.881s][info][gc,heap     ] GC(52) Eden regions: 59->0(58)
[2026-07-01T02:08:01.544+0000][37.881s][info][gc,heap     ] GC(52) Survivor regions: 4->5(8)
[2026-07-01T02:08:01.544+0000][37.881s][info][gc,heap     ] GC(52) Old regions: 152->152
[2026-07-01T02:08:01.544+0000][37.881s][info][gc,heap     ] GC(52) Humongous regions: 3->3
[2026-07-01T02:08:01.544+0000][37.881s][info][gc,metaspace] GC(52) Metaspace: 41513K(42368K)->41513K(42368K) NonClass: 36392K(36864K)->36392K(36864K) Class: 5120K(5504K)->5120K(5504K)
[2026-07-01T02:08:01.544+0000][37.881s][info][gc          ] GC(52) Pause Young (Normal) (G1 Evacuation Pause) 217M->159M(231M) 13.789ms
[2026-07-01T02:08:01.544+0000][37.881s][info][gc,cpu      ] GC(52) User=0.02s Sys=0.00s Real=0.01s
[2026-07-01T02:08:01.825+0000][38.162s][info][gc,marking  ] GC(50) Concurrent Mark From Roots 2706.821ms
[2026-07-01T02:08:01.825+0000][38.163s][info][gc,marking  ] GC(50) Concurrent Preclean
[2026-07-01T02:08:01.827+0000][38.164s][info][gc,marking  ] GC(50) Concurrent Preclean 1.310ms
[2026-07-01T02:08:01.827+0000][38.165s][info][gc,start    ] GC(50) Pause Remark
[2026-07-01T02:08:01.838+0000][38.175s][info][gc          ] GC(50) Pause Remark 172M->172M(231M) 10.198ms
[2026-07-01T02:08:01.838+0000][38.175s][info][gc,cpu      ] GC(50) User=0.01s Sys=0.00s Real=0.01s
[2026-07-01T02:08:01.900+0000][38.237s][info][gc,marking  ] GC(50) Concurrent Mark 2782.019ms
[2026-07-01T02:08:01.900+0000][38.237s][info][gc,marking  ] GC(50) Concurrent Rebuild Remembered Sets and Scrub Regions
[2026-07-01T02:08:02.638+0000][38.975s][info][gc,marking  ] GC(50) Concurrent Rebuild Remembered Sets and Scrub Regions 737.677ms
[2026-07-01T02:08:02.638+0000][38.975s][info][gc,start    ] GC(50) Pause Cleanup
[2026-07-01T02:08:02.638+0000][38.975s][info][gc          ] GC(50) Pause Cleanup 205M->205M(231M) 0.187ms
[2026-07-01T02:08:02.638+0000][38.975s][info][gc,cpu      ] GC(50) User=0.00s Sys=0.00s Real=0.01s
[2026-07-01T02:08:02.638+0000][38.976s][info][gc,marking  ] GC(50) Concurrent Clear Claimed Marks
[2026-07-01T02:08:02.638+0000][38.976s][info][gc,marking  ] GC(50) Concurrent Clear Claimed Marks 0.079ms
[2026-07-01T02:08:02.638+0000][38.976s][info][gc,marking  ] GC(50) Concurrent Cleanup for Next Mark
[2026-07-01T02:08:02.639+0000][38.976s][info][gc,marking  ] GC(50) Concurrent Cleanup for Next Mark 0.347ms
[2026-07-01T02:08:02.639+0000][38.976s][info][gc          ] GC(50) Concurrent Mark Cycle 3704.865ms
[2026-07-01T02:08:02.918+0000][39.256s][info][gc,start    ] GC(53) Pause Young (Prepare Mixed) (G1 Evacuation Pause)
[2026-07-01T02:08:02.919+0000][39.256s][info][gc,task     ] GC(53) Using 1 workers of 1 for evacuation
[2026-07-01T02:08:02.936+0000][39.274s][info][gc,phases   ] GC(53)   Pre Evacuate Collection Set: 0.35ms
[2026-07-01T02:08:02.936+0000][39.274s][info][gc,phases   ] GC(53)   Merge Heap Roots: 0.43ms
[2026-07-01T02:08:02.936+0000][39.274s][info][gc,phases   ] GC(53)   Evacuate Collection Set: 16.46ms
[2026-07-01T02:08:02.936+0000][39.274s][info][gc,phases   ] GC(53)   Post Evacuate Collection Set: 0.57ms
[2026-07-01T02:08:02.936+0000][39.274s][info][gc,phases   ] GC(53)   Other: 0.05ms
[2026-07-01T02:08:02.936+0000][39.274s][info][gc,heap     ] GC(53) Eden regions: 58->0(57)
[2026-07-01T02:08:02.936+0000][39.274s][info][gc,heap     ] GC(53) Survivor regions: 5->5(8)
[2026-07-01T02:08:02.936+0000][39.274s][info][gc,heap     ] GC(53) Old regions: 152->153
[2026-07-01T02:08:02.936+0000][39.274s][info][gc,heap     ] GC(53) Humongous regions: 3->3
[2026-07-01T02:08:02.936+0000][39.274s][info][gc,metaspace] GC(53) Metaspace: 41542K(42368K)->41542K(42368K) NonClass: 36421K(36864K)->36421K(36864K) Class: 5120K(5504K)->5120K(5504K)
[2026-07-01T02:08:02.937+0000][39.274s][info][gc          ] GC(53) Pause Young (Prepare Mixed) (G1 Evacuation Pause) 217M->159M(231M) 18.038ms
[2026-07-01T02:08:02.937+0000][39.274s][info][gc,cpu      ] GC(53) User=0.03s Sys=0.00s Real=0.01s
[2026-07-01T02:08:04.030+0000][40.367s][info][gc,start    ] GC(54) Pause Young (Mixed) (G1 Evacuation Pause)
[2026-07-01T02:08:04.030+0000][40.367s][info][gc,task     ] GC(54) Using 1 workers of 1 for evacuation
[2026-07-01T02:08:04.044+0000][40.381s][info][gc,phases   ] GC(54)   Pre Evacuate Collection Set: 0.15ms
[2026-07-01T02:08:04.044+0000][40.381s][info][gc,phases   ] GC(54)   Merge Heap Roots: 0.19ms
[2026-07-01T02:08:04.044+0000][40.381s][info][gc,phases   ] GC(54)   Evacuate Collection Set: 13.11ms
[2026-07-01T02:08:04.044+0000][40.381s][info][gc,phases   ] GC(54)   Post Evacuate Collection Set: 0.53ms
[2026-07-01T02:08:04.044+0000][40.381s][info][gc,phases   ] GC(54)   Other: 0.08ms
[2026-07-01T02:08:04.044+0000][40.381s][info][gc,heap     ] GC(54) Eden regions: 57->0(58)
[2026-07-01T02:08:04.044+0000][40.381s][info][gc,heap     ] GC(54) Survivor regions: 5->5(8)
[2026-07-01T02:08:04.044+0000][40.381s][info][gc,heap     ] GC(54) Old regions: 153->152
[2026-07-01T02:08:04.044+0000][40.381s][info][gc,heap     ] GC(54) Humongous regions: 3->3
[2026-07-01T02:08:04.044+0000][40.381s][info][gc,metaspace] GC(54) Metaspace: 41542K(42368K)->41542K(42368K) NonClass: 36422K(36864K)->36422K(36864K) Class: 5120K(5504K)->5120K(5504K)
[2026-07-01T02:08:04.044+0000][40.381s][info][gc          ] GC(54) Pause Young (Mixed) (G1 Evacuation Pause) 216M->159M(231M) 14.210ms
[2026-07-01T02:08:04.044+0000][40.381s][info][gc,cpu      ] GC(54) User=0.01s Sys=0.00s Real=0.01s
[2026-07-01T02:08:05.239+0000][41.576s][info][gc,start    ] GC(55) Pause Young (Concurrent Start) (G1 Evacuation Pause)
[2026-07-01T02:08:05.239+0000][41.576s][info][gc,task     ] GC(55) Using 1 workers of 1 for evacuation
[2026-07-01T02:08:05.313+0000][41.650s][info][gc,phases   ] GC(55)   Pre Evacuate Collection Set: 61.06ms
[2026-07-01T02:08:05.313+0000][41.650s][info][gc,phases   ] GC(55)   Merge Heap Roots: 0.25ms
[2026-07-01T02:08:05.313+0000][41.650s][info][gc,phases   ] GC(55)   Evacuate Collection Set: 11.83ms
[2026-07-01T02:08:05.313+0000][41.650s][info][gc,phases   ] GC(55)   Post Evacuate Collection Set: 0.86ms
[2026-07-01T02:08:05.313+0000][41.650s][info][gc,phases   ] GC(55)   Other: 0.08ms
[2026-07-01T02:08:05.313+0000][41.650s][info][gc,heap     ] GC(55) Eden regions: 58->0(58)
[2026-07-01T02:08:05.313+0000][41.650s][info][gc,heap     ] GC(55) Survivor regions: 5->4(8)
[2026-07-01T02:08:05.313+0000][41.650s][info][gc,heap     ] GC(55) Old regions: 152->153
[2026-07-01T02:08:05.313+0000][41.650s][info][gc,heap     ] GC(55) Humongous regions: 3->3
[2026-07-01T02:08:05.313+0000][41.650s][info][gc,metaspace] GC(55) Metaspace: 41542K(42368K)->41542K(42368K) NonClass: 36422K(36864K)->36422K(36864K) Class: 5120K(5504K)->5120K(5504K)
[2026-07-01T02:08:05.313+0000][41.650s][info][gc          ] GC(55) Pause Young (Concurrent Start) (G1 Evacuation Pause) 217M->159M(231M) 74.258ms
[2026-07-01T02:08:05.313+0000][41.650s][info][gc          ] GC(56) Concurrent Mark Cycle
[2026-07-01T02:08:05.313+0000][41.650s][info][gc,marking  ] GC(56) Concurrent Scan Root Regions
[2026-07-01T02:08:05.313+0000][41.650s][info][gc,cpu      ] GC(55) User=0.01s Sys=0.00s Real=0.07s
[2026-07-01T02:08:05.320+0000][41.657s][info][gc,marking  ] GC(56) Concurrent Scan Root Regions 7.038ms
[2026-07-01T02:08:05.320+0000][41.657s][info][gc,marking  ] GC(56) Concurrent Mark
[2026-07-01T02:08:05.320+0000][41.658s][info][gc,marking  ] GC(56) Concurrent Mark From Roots
[2026-07-01T02:08:05.320+0000][41.658s][info][gc,task     ] GC(56) Using 1 workers of 1 for marking
[2026-07-01T02:08:06.617+0000][42.955s][info][gc,start    ] GC(57) Pause Young (Normal) (G1 Evacuation Pause)
[2026-07-01T02:08:06.617+0000][42.955s][info][gc,task     ] GC(57) Using 1 workers of 1 for evacuation
[2026-07-01T02:08:06.631+0000][42.968s][info][gc,phases   ] GC(57)   Pre Evacuate Collection Set: 0.19ms
[2026-07-01T02:08:06.631+0000][42.968s][info][gc,phases   ] GC(57)   Merge Heap Roots: 0.23ms
[2026-07-01T02:08:06.631+0000][42.968s][info][gc,phases   ] GC(57)   Evacuate Collection Set: 12.83ms
[2026-07-01T02:08:06.631+0000][42.968s][info][gc,phases   ] GC(57)   Post Evacuate Collection Set: 0.51ms
[2026-07-01T02:08:06.631+0000][42.968s][info][gc,phases   ] GC(57)   Other: 0.05ms
[2026-07-01T02:08:06.631+0000][42.968s][info][gc,heap     ] GC(57) Eden regions: 58->0(58)
[2026-07-01T02:08:06.631+0000][42.968s][info][gc,heap     ] GC(57) Survivor regions: 4->4(8)
[2026-07-01T02:08:06.631+0000][42.968s][info][gc,heap     ] GC(57) Old regions: 153->153
[2026-07-01T02:08:06.631+0000][42.968s][info][gc,heap     ] GC(57) Humongous regions: 3->3
[2026-07-01T02:08:06.631+0000][42.968s][info][gc,metaspace] GC(57) Metaspace: 41545K(42368K)->41545K(42368K) NonClass: 36424K(36864K)->36424K(36864K) Class: 5120K(5504K)->5120K(5504K)
[2026-07-01T02:08:06.631+0000][42.968s][info][gc          ] GC(57) Pause Young (Normal) (G1 Evacuation Pause) 217M->159M(231M) 13.967ms
[2026-07-01T02:08:06.631+0000][42.969s][info][gc,cpu      ] GC(57) User=0.03s Sys=0.00s Real=0.02s
[2026-07-01T02:08:07.627+0000][43.964s][info][gc,marking  ] GC(56) Concurrent Mark From Roots 2306.727ms
[2026-07-01T02:08:07.627+0000][43.964s][info][gc,marking  ] GC(56) Concurrent Preclean
[2026-07-01T02:08:07.627+0000][43.965s][info][gc,marking  ] GC(56) Concurrent Preclean 0.255ms
[2026-07-01T02:08:07.628+0000][43.965s][info][gc,start    ] GC(56) Pause Remark
[2026-07-01T02:08:07.638+0000][43.975s][info][gc          ] GC(56) Pause Remark 204M->204M(231M) 10.090ms
[2026-07-01T02:08:07.638+0000][43.975s][info][gc,cpu      ] GC(56) User=0.01s Sys=0.00s Real=0.01s
[2026-07-01T02:08:07.700+0000][44.037s][info][gc,marking  ] GC(56) Concurrent Mark 2379.482ms
[2026-07-01T02:08:07.700+0000][44.037s][info][gc,marking  ] GC(56) Concurrent Rebuild Remembered Sets and Scrub Regions
[2026-07-01T02:08:07.914+0000][44.251s][info][gc,start    ] GC(58) Pause Young (Normal) (G1 Evacuation Pause)
[2026-07-01T02:08:07.914+0000][44.251s][info][gc,task     ] GC(58) Using 1 workers of 1 for evacuation
[2026-07-01T02:08:07.936+0000][44.273s][info][gc,phases   ] GC(58)   Pre Evacuate Collection Set: 2.35ms
[2026-07-01T02:08:07.936+0000][44.274s][info][gc,phases   ] GC(58)   Merge Heap Roots: 0.55ms
[2026-07-01T02:08:07.936+0000][44.274s][info][gc,phases   ] GC(58)   Evacuate Collection Set: 18.58ms
[2026-07-01T02:08:07.936+0000][44.274s][info][gc,phases   ] GC(58)   Post Evacuate Collection Set: 0.74ms
[2026-07-01T02:08:07.936+0000][44.274s][info][gc,phases   ] GC(58)   Other: 0.11ms
[2026-07-01T02:08:07.936+0000][44.274s][info][gc,heap     ] GC(58) Eden regions: 58->0(57)
[2026-07-01T02:08:07.936+0000][44.274s][info][gc,heap     ] GC(58) Survivor regions: 4->5(8)
[2026-07-01T02:08:07.936+0000][44.274s][info][gc,heap     ] GC(58) Old regions: 153->153
[2026-07-01T02:08:07.936+0000][44.274s][info][gc,heap     ] GC(58) Humongous regions: 3->3
[2026-07-01T02:08:07.936+0000][44.274s][info][gc,metaspace] GC(58) Metaspace: 41560K(42368K)->41560K(42368K) NonClass: 36439K(36864K)->36439K(36864K) Class: 5120K(5504K)->5120K(5504K)
[2026-07-01T02:08:07.936+0000][44.274s][info][gc          ] GC(58) Pause Young (Normal) (G1 Evacuation Pause) 217M->159M(231M) 22.478ms
[2026-07-01T02:08:07.936+0000][44.274s][info][gc,cpu      ] GC(58) User=0.05s Sys=0.00s Real=0.02s
[2026-07-01T02:08:08.340+0000][44.677s][info][gc,marking  ] GC(56) Concurrent Rebuild Remembered Sets and Scrub Regions 639.779ms
[2026-07-01T02:08:08.400+0000][44.737s][info][gc,start    ] GC(56) Pause Cleanup
[2026-07-01T02:08:08.400+0000][44.737s][info][gc          ] GC(56) Pause Cleanup 177M->177M(231M) 0.239ms
[2026-07-01T02:08:08.400+0000][44.737s][info][gc,cpu      ] GC(56) User=0.00s Sys=0.00s Real=0.00s
[2026-07-01T02:08:08.403+0000][44.740s][info][gc,marking  ] GC(56) Concurrent Clear Claimed Marks
[2026-07-01T02:08:08.403+0000][44.740s][info][gc,marking  ] GC(56) Concurrent Clear Claimed Marks 0.106ms
[2026-07-01T02:08:08.403+0000][44.740s][info][gc,marking  ] GC(56) Concurrent Cleanup for Next Mark
[2026-07-01T02:08:08.403+0000][44.741s][info][gc,marking  ] GC(56) Concurrent Cleanup for Next Mark 0.450ms
[2026-07-01T02:08:08.403+0000][44.741s][info][gc          ] GC(56) Concurrent Mark Cycle 3090.167ms
[2026-07-01T02:08:09.128+0000][45.465s][info][gc,start    ] GC(59) Pause Young (Prepare Mixed) (G1 Evacuation Pause)
[2026-07-01T02:08:09.128+0000][45.465s][info][gc,task     ] GC(59) Using 1 workers of 1 for evacuation
[2026-07-01T02:08:09.143+0000][45.481s][info][gc,phases   ] GC(59)   Pre Evacuate Collection Set: 0.58ms
[2026-07-01T02:08:09.143+0000][45.481s][info][gc,phases   ] GC(59)   Merge Heap Roots: 0.89ms
[2026-07-01T02:08:09.143+0000][45.481s][info][gc,phases   ] GC(59)   Evacuate Collection Set: 13.68ms
[2026-07-01T02:08:09.143+0000][45.481s][info][gc,phases   ] GC(59)   Post Evacuate Collection Set: 0.50ms
[2026-07-01T02:08:09.143+0000][45.481s][info][gc,phases   ] GC(59)   Other: 0.06ms
[2026-07-01T02:08:09.143+0000][45.481s][info][gc,heap     ] GC(59) Eden regions: 57->0(57)
[2026-07-01T02:08:09.143+0000][45.481s][info][gc,heap     ] GC(59) Survivor regions: 5->5(8)
[2026-07-01T02:08:09.143+0000][45.481s][info][gc,heap     ] GC(59) Old regions: 153->153
[2026-07-01T02:08:09.144+0000][45.481s][info][gc,heap     ] GC(59) Humongous regions: 3->3
[2026-07-01T02:08:09.144+0000][45.481s][info][gc,metaspace] GC(59) Metaspace: 41561K(42368K)->41561K(42368K) NonClass: 36440K(36864K)->36440K(36864K) Class: 5120K(5504K)->5120K(5504K)
[2026-07-01T02:08:09.144+0000][45.481s][info][gc          ] GC(59) Pause Young (Prepare Mixed) (G1 Evacuation Pause) 216M->160M(231M) 15.860ms
[2026-07-01T02:08:09.144+0000][45.481s][info][gc,cpu      ] GC(59) User=0.02s Sys=0.00s Real=0.02s
[2026-07-01T02:08:10.217+0000][46.554s][info][gc,start    ] GC(60) Pause Young (Mixed) (G1 Evacuation Pause)
[2026-07-01T02:08:10.217+0000][46.554s][info][gc,task     ] GC(60) Using 1 workers of 1 for evacuation
[2026-07-01T02:08:10.234+0000][46.572s][info][gc,phases   ] GC(60)   Pre Evacuate Collection Set: 0.15ms
[2026-07-01T02:08:10.234+0000][46.572s][info][gc,phases   ] GC(60)   Merge Heap Roots: 0.47ms
[2026-07-01T02:08:10.234+0000][46.572s][info][gc,phases   ] GC(60)   Evacuate Collection Set: 15.76ms
[2026-07-01T02:08:10.234+0000][46.572s][info][gc,phases   ] GC(60)   Post Evacuate Collection Set: 1.14ms
[2026-07-01T02:08:10.234+0000][46.572s][info][gc,phases   ] GC(60)   Other: 0.05ms
[2026-07-01T02:08:10.234+0000][46.572s][info][gc,heap     ] GC(60) Eden regions: 57->0(57)
[2026-07-01T02:08:10.234+0000][46.572s][info][gc,heap     ] GC(60) Survivor regions: 5->5(8)
[2026-07-01T02:08:10.234+0000][46.572s][info][gc,heap     ] GC(60) Old regions: 153->153
[2026-07-01T02:08:10.234+0000][46.572s][info][gc,heap     ] GC(60) Humongous regions: 3->3
[2026-07-01T02:08:10.234+0000][46.572s][info][gc,metaspace] GC(60) Metaspace: 41568K(42368K)->41568K(42368K) NonClass: 36448K(36864K)->36448K(36864K) Class: 5120K(5504K)->5120K(5504K)
[2026-07-01T02:08:10.234+0000][46.572s][info][gc          ] GC(60) Pause Young (Mixed) (G1 Evacuation Pause) 217M->159M(231M) 17.757ms
[2026-07-01T02:08:10.234+0000][46.572s][info][gc,cpu      ] GC(60) User=0.02s Sys=0.00s Real=0.02s
[2026-07-01T02:08:11.300+0000][47.637s][info][gc,start    ] GC(61) Pause Young (Concurrent Start) (G1 Evacuation Pause)
[2026-07-01T02:08:11.300+0000][47.637s][info][gc,task     ] GC(61) Using 1 workers of 1 for evacuation
[2026-07-01T02:08:11.318+0000][47.655s][info][gc,phases   ] GC(61)   Pre Evacuate Collection Set: 0.24ms
[2026-07-01T02:08:11.318+0000][47.655s][info][gc,phases   ] GC(61)   Merge Heap Roots: 0.30ms
[2026-07-01T02:08:11.318+0000][47.655s][info][gc,phases   ] GC(61)   Evacuate Collection Set: 16.78ms
[2026-07-01T02:08:11.318+0000][47.655s][info][gc,phases   ] GC(61)   Post Evacuate Collection Set: 0.55ms
[2026-07-01T02:08:11.318+0000][47.655s][info][gc,phases   ] GC(61)   Other: 0.07ms
[2026-07-01T02:08:11.318+0000][47.655s][info][gc,heap     ] GC(61) Eden regions: 57->0(58)
[2026-07-01T02:08:11.318+0000][47.655s][info][gc,heap     ] GC(61) Survivor regions: 5->4(8)
[2026-07-01T02:08:11.318+0000][47.655s][info][gc,heap     ] GC(61) Old regions: 153->153
[2026-07-01T02:08:11.318+0000][47.655s][info][gc,heap     ] GC(61) Humongous regions: 3->3
[2026-07-01T02:08:11.318+0000][47.655s][info][gc,metaspace] GC(61) Metaspace: 41569K(42368K)->41569K(42368K) NonClass: 36448K(36864K)->36448K(36864K) Class: 5120K(5504K)->5120K(5504K)
[2026-07-01T02:08:11.318+0000][47.655s][info][gc          ] GC(61) Pause Young (Concurrent Start) (G1 Evacuation Pause) 216M->159M(231M) 18.055ms
[2026-07-01T02:08:11.318+0000][47.655s][info][gc,cpu      ] GC(61) User=0.02s Sys=0.00s Real=0.01s
[2026-07-01T02:08:11.318+0000][47.656s][info][gc          ] GC(62) Concurrent Mark Cycle
[2026-07-01T02:08:11.318+0000][47.656s][info][gc,marking  ] GC(62) Concurrent Scan Root Regions
[2026-07-01T02:08:11.407+0000][47.745s][info][gc,marking  ] GC(62) Concurrent Scan Root Regions 88.981ms
[2026-07-01T02:08:11.408+0000][47.745s][info][gc,marking  ] GC(62) Concurrent Mark
[2026-07-01T02:08:11.408+0000][47.745s][info][gc,marking  ] GC(62) Concurrent Mark From Roots
[2026-07-01T02:08:11.408+0000][47.745s][info][gc,task     ] GC(62) Using 1 workers of 1 for marking
[2026-07-01T02:08:12.544+0000][48.881s][info][gc,start    ] GC(63) Pause Young (Normal) (G1 Evacuation Pause)
[2026-07-01T02:08:12.544+0000][48.881s][info][gc,task     ] GC(63) Using 1 workers of 1 for evacuation
[2026-07-01T02:08:12.611+0000][48.949s][info][gc,phases   ] GC(63)   Pre Evacuate Collection Set: 0.16ms
[2026-07-01T02:08:12.611+0000][48.949s][info][gc,phases   ] GC(63)   Merge Heap Roots: 0.21ms
[2026-07-01T02:08:12.611+0000][48.949s][info][gc,phases   ] GC(63)   Evacuate Collection Set: 66.28ms
[2026-07-01T02:08:12.611+0000][48.949s][info][gc,phases   ] GC(63)   Post Evacuate Collection Set: 0.66ms
[2026-07-01T02:08:12.611+0000][48.949s][info][gc,phases   ] GC(63)   Other: 0.08ms
[2026-07-01T02:08:12.611+0000][48.949s][info][gc,heap     ] GC(63) Eden regions: 58->0(57)
[2026-07-01T02:08:12.611+0000][48.949s][info][gc,heap     ] GC(63) Survivor regions: 4->5(8)
[2026-07-01T02:08:12.611+0000][48.949s][info][gc,heap     ] GC(63) Old regions: 153->153
[2026-07-01T02:08:12.611+0000][48.949s][info][gc,heap     ] GC(63) Humongous regions: 3->3
[2026-07-01T02:08:12.611+0000][48.949s][info][gc,metaspace] GC(63) Metaspace: 41569K(42368K)->41569K(42368K) NonClass: 36448K(36864K)->36448K(36864K) Class: 5120K(5504K)->5120K(5504K)
[2026-07-01T02:08:12.612+0000][48.949s][info][gc          ] GC(63) Pause Young (Normal) (G1 Evacuation Pause) 217M->159M(231M) 67.622ms
[2026-07-01T02:08:12.612+0000][48.949s][info][gc,cpu      ] GC(63) User=0.04s Sys=0.00s Real=0.07s
[2026-07-01T02:08:13.715+0000][50.052s][info][gc,marking  ] GC(62) Concurrent Mark From Roots 2307.092ms
[2026-07-01T02:08:13.715+0000][50.052s][info][gc,marking  ] GC(62) Concurrent Preclean
[2026-07-01T02:08:13.715+0000][50.052s][info][gc,marking  ] GC(62) Concurrent Preclean 0.148ms
[2026-07-01T02:08:13.715+0000][50.052s][info][gc,start    ] GC(62) Pause Remark
[2026-07-01T02:08:13.725+0000][50.063s][info][gc          ] GC(62) Pause Remark 212M->212M(231M) 10.471ms
[2026-07-01T02:08:13.725+0000][50.063s][info][gc,cpu      ] GC(62) User=0.01s Sys=0.00s Real=0.01s
[2026-07-01T02:08:13.729+0000][50.066s][info][gc,marking  ] GC(62) Concurrent Mark 2321.323ms
[2026-07-01T02:08:13.729+0000][50.066s][info][gc,marking  ] GC(62) Concurrent Rebuild Remembered Sets and Scrub Regions
[2026-07-01T02:08:13.819+0000][50.156s][info][gc,start    ] GC(64) Pause Young (Normal) (G1 Evacuation Pause)
[2026-07-01T02:08:13.819+0000][50.156s][info][gc,task     ] GC(64) Using 1 workers of 1 for evacuation
[2026-07-01T02:08:13.835+0000][50.172s][info][gc,phases   ] GC(64)   Pre Evacuate Collection Set: 0.43ms
[2026-07-01T02:08:13.835+0000][50.172s][info][gc,phases   ] GC(64)   Merge Heap Roots: 0.32ms
[2026-07-01T02:08:13.835+0000][50.172s][info][gc,phases   ] GC(64)   Evacuate Collection Set: 14.58ms
[2026-07-01T02:08:13.835+0000][50.172s][info][gc,phases   ] GC(64)   Post Evacuate Collection Set: 0.57ms
[2026-07-01T02:08:13.835+0000][50.172s][info][gc,phases   ] GC(64)   Other: 0.05ms
[2026-07-01T02:08:13.835+0000][50.172s][info][gc,heap     ] GC(64) Eden regions: 57->0(57)
[2026-07-01T02:08:13.835+0000][50.172s][info][gc,heap     ] GC(64) Survivor regions: 5->5(8)
[2026-07-01T02:08:13.835+0000][50.172s][info][gc,heap     ] GC(64) Old regions: 153->153
[2026-07-01T02:08:13.835+0000][50.172s][info][gc,heap     ] GC(64) Humongous regions: 3->3
[2026-07-01T02:08:13.835+0000][50.172s][info][gc,metaspace] GC(64) Metaspace: 41569K(42368K)->41569K(42368K) NonClass: 36448K(36864K)->36448K(36864K) Class: 5120K(5504K)->5120K(5504K)
[2026-07-01T02:08:13.835+0000][50.172s][info][gc          ] GC(64) Pause Young (Normal) (G1 Evacuation Pause) 216M->160M(231M) 16.079ms
[2026-07-01T02:08:13.835+0000][50.172s][info][gc,cpu      ] GC(64) User=0.02s Sys=0.00s Real=0.01s
[2026-07-01T02:08:14.304+0000][50.642s][info][gc,marking  ] GC(62) Concurrent Rebuild Remembered Sets and Scrub Regions 575.597ms
[2026-07-01T02:08:14.308+0000][50.645s][info][gc,start    ] GC(62) Pause Cleanup
[2026-07-01T02:08:14.308+0000][50.646s][info][gc          ] GC(62) Pause Cleanup 179M->179M(231M) 0.167ms
[2026-07-01T02:08:14.308+0000][50.646s][info][gc,cpu      ] GC(62) User=0.00s Sys=0.00s Real=0.00s
[2026-07-01T02:08:14.314+0000][50.651s][info][gc,marking  ] GC(62) Concurrent Clear Claimed Marks
[2026-07-01T02:08:14.314+0000][50.651s][info][gc,marking  ] GC(62) Concurrent Clear Claimed Marks 0.108ms
[2026-07-01T02:08:14.314+0000][50.651s][info][gc,marking  ] GC(62) Concurrent Cleanup for Next Mark
[2026-07-01T02:08:14.318+0000][50.655s][info][gc,marking  ] GC(62) Concurrent Cleanup for Next Mark 3.778ms
[2026-07-01T02:08:14.318+0000][50.655s][info][gc          ] GC(62) Concurrent Mark Cycle 2999.640ms
[2026-07-01T02:08:14.924+0000][51.262s][info][gc,start    ] GC(65) Pause Young (Prepare Mixed) (G1 Evacuation Pause)
[2026-07-01T02:08:14.924+0000][51.262s][info][gc,task     ] GC(65) Using 1 workers of 1 for evacuation
[2026-07-01T02:08:14.939+0000][51.277s][info][gc,phases   ] GC(65)   Pre Evacuate Collection Set: 0.21ms
[2026-07-01T02:08:14.939+0000][51.277s][info][gc,phases   ] GC(65)   Merge Heap Roots: 0.58ms
[2026-07-01T02:08:14.939+0000][51.277s][info][gc,phases   ] GC(65)   Evacuate Collection Set: 13.52ms
[2026-07-01T02:08:14.939+0000][51.277s][info][gc,phases   ] GC(65)   Post Evacuate Collection Set: 0.51ms
[2026-07-01T02:08:14.939+0000][51.277s][info][gc,phases   ] GC(65)   Other: 0.05ms
[2026-07-01T02:08:14.939+0000][51.277s][info][gc,heap     ] GC(65) Eden regions: 57->0(58)
[2026-07-01T02:08:14.939+0000][51.277s][info][gc,heap     ] GC(65) Survivor regions: 5->4(8)
[2026-07-01T02:08:14.939+0000][51.277s][info][gc,heap     ] GC(65) Old regions: 153->153
[2026-07-01T02:08:14.939+0000][51.277s][info][gc,heap     ] GC(65) Humongous regions: 3->3
[2026-07-01T02:08:14.939+0000][51.277s][info][gc,metaspace] GC(65) Metaspace: 41569K(42368K)->41569K(42368K) NonClass: 36448K(36864K)->36448K(36864K) Class: 5120K(5504K)->5120K(5504K)
[2026-07-01T02:08:14.939+0000][51.277s][info][gc          ] GC(65) Pause Young (Prepare Mixed) (G1 Evacuation Pause) 217M->160M(231M) 15.034ms
[2026-07-01T02:08:14.939+0000][51.277s][info][gc,cpu      ] GC(65) User=0.02s Sys=0.00s Real=0.02s
[2026-07-01T02:08:15.929+0000][52.267s][info][gc,start    ] GC(66) Pause Young (Mixed) (G1 Evacuation Pause)
[2026-07-01T02:08:15.929+0000][52.267s][info][gc,task     ] GC(66) Using 1 workers of 1 for evacuation
[2026-07-01T02:08:15.945+0000][52.282s][info][gc,phases   ] GC(66)   Pre Evacuate Collection Set: 0.61ms
[2026-07-01T02:08:15.945+0000][52.282s][info][gc,phases   ] GC(66)   Merge Heap Roots: 0.23ms
[2026-07-01T02:08:15.945+0000][52.282s][info][gc,phases   ] GC(66)   Evacuate Collection Set: 14.01ms
[2026-07-01T02:08:15.945+0000][52.282s][info][gc,phases   ] GC(66)   Post Evacuate Collection Set: 0.55ms
[2026-07-01T02:08:15.945+0000][52.282s][info][gc,phases   ] GC(66)   Other: 0.05ms
[2026-07-01T02:08:15.945+0000][52.282s][info][gc,heap     ] GC(66) Eden regions: 58->0(58)
[2026-07-01T02:08:15.945+0000][52.282s][info][gc,heap     ] GC(66) Survivor regions: 4->4(8)
[2026-07-01T02:08:15.945+0000][52.282s][info][gc,heap     ] GC(66) Old regions: 153->153
[2026-07-01T02:08:15.945+0000][52.282s][info][gc,heap     ] GC(66) Humongous regions: 3->3
[2026-07-01T02:08:15.945+0000][52.282s][info][gc,metaspace] GC(66) Metaspace: 41570K(42368K)->41570K(42368K) NonClass: 36450K(36864K)->36450K(36864K) Class: 5120K(5504K)->5120K(5504K)
[2026-07-01T02:08:15.945+0000][52.282s][info][gc          ] GC(66) Pause Young (Mixed) (G1 Evacuation Pause) 218M->159M(231M) 15.607ms
[2026-07-01T02:08:15.945+0000][52.282s][info][gc,cpu      ] GC(66) User=0.02s Sys=0.00s Real=0.01s
[2026-07-01T02:08:16.919+0000][53.257s][info][gc,start    ] GC(67) Pause Young (Concurrent Start) (G1 Evacuation Pause)
[2026-07-01T02:08:16.920+0000][53.257s][info][gc,task     ] GC(67) Using 1 workers of 1 for evacuation
[2026-07-01T02:08:16.934+0000][53.271s][info][gc,phases   ] GC(67)   Pre Evacuate Collection Set: 0.11ms
[2026-07-01T02:08:16.934+0000][53.271s][info][gc,phases   ] GC(67)   Merge Heap Roots: 0.17ms
[2026-07-01T02:08:16.934+0000][53.271s][info][gc,phases   ] GC(67)   Evacuate Collection Set: 13.60ms
[2026-07-01T02:08:16.934+0000][53.271s][info][gc,phases   ] GC(67)   Post Evacuate Collection Set: 0.44ms
[2026-07-01T02:08:16.934+0000][53.271s][info][gc,phases   ] GC(67)   Other: 0.06ms
[2026-07-01T02:08:16.934+0000][53.271s][info][gc,heap     ] GC(67) Eden regions: 58->0(57)
[2026-07-01T02:08:16.934+0000][53.271s][info][gc,heap     ] GC(67) Survivor regions: 4->5(8)
[2026-07-01T02:08:16.934+0000][53.271s][info][gc,heap     ] GC(67) Old regions: 153->153
[2026-07-01T02:08:16.934+0000][53.271s][info][gc,heap     ] GC(67) Humongous regions: 3->3
[2026-07-01T02:08:16.934+0000][53.271s][info][gc,metaspace] GC(67) Metaspace: 41571K(42368K)->41571K(42368K) NonClass: 36450K(36864K)->36450K(36864K) Class: 5121K(5504K)->5121K(5504K)
[2026-07-01T02:08:16.934+0000][53.271s][info][gc          ] GC(67) Pause Young (Concurrent Start) (G1 Evacuation Pause) 217M->160M(231M) 14.549ms
[2026-07-01T02:08:16.934+0000][53.271s][info][gc          ] GC(68) Concurrent Mark Cycle
[2026-07-01T02:08:16.934+0000][53.271s][info][gc,marking  ] GC(68) Concurrent Scan Root Regions
[2026-07-01T02:08:16.934+0000][53.271s][info][gc,cpu      ] GC(67) User=0.02s Sys=0.00s Real=0.01s
[2026-07-01T02:08:17.019+0000][53.356s][info][gc,marking  ] GC(68) Concurrent Scan Root Regions 84.960ms
[2026-07-01T02:08:17.020+0000][53.357s][info][gc,marking  ] GC(68) Concurrent Mark
[2026-07-01T02:08:17.020+0000][53.357s][info][gc,marking  ] GC(68) Concurrent Mark From Roots
[2026-07-01T02:08:17.020+0000][53.357s][info][gc,task     ] GC(68) Using 1 workers of 1 for marking
[2026-07-01T02:08:18.118+0000][54.455s][info][gc,start    ] GC(69) Pause Young (Normal) (G1 Evacuation Pause)
[2026-07-01T02:08:18.118+0000][54.455s][info][gc,task     ] GC(69) Using 1 workers of 1 for evacuation
[2026-07-01T02:08:18.136+0000][54.473s][info][gc,phases   ] GC(69)   Pre Evacuate Collection Set: 0.48ms
[2026-07-01T02:08:18.136+0000][54.473s][info][gc,phases   ] GC(69)   Merge Heap Roots: 0.71ms
[2026-07-01T02:08:18.136+0000][54.473s][info][gc,phases   ] GC(69)   Evacuate Collection Set: 15.44ms
[2026-07-01T02:08:18.136+0000][54.473s][info][gc,phases   ] GC(69)   Post Evacuate Collection Set: 0.75ms
[2026-07-01T02:08:18.136+0000][54.473s][info][gc,phases   ] GC(69)   Other: 0.08ms
[2026-07-01T02:08:18.136+0000][54.473s][info][gc,heap     ] GC(69) Eden regions: 57->0(56)
[2026-07-01T02:08:18.136+0000][54.473s][info][gc,heap     ] GC(69) Survivor regions: 5->5(8)
[2026-07-01T02:08:18.136+0000][54.473s][info][gc,heap     ] GC(69) Old regions: 153->154
[2026-07-01T02:08:18.136+0000][54.473s][info][gc,heap     ] GC(69) Humongous regions: 3->3
[2026-07-01T02:08:18.136+0000][54.473s][info][gc,metaspace] GC(69) Metaspace: 41572K(42368K)->41572K(42368K) NonClass: 36451K(36864K)->36451K(36864K) Class: 5121K(5504K)->5121K(5504K)
[2026-07-01T02:08:18.136+0000][54.473s][info][gc          ] GC(69) Pause Young (Normal) (G1 Evacuation Pause) 217M->160M(231M) 17.664ms
[2026-07-01T02:08:18.136+0000][54.473s][info][gc,cpu      ] GC(69) User=0.03s Sys=0.00s Real=0.01s
[2026-07-01T02:08:19.005+0000][55.342s][info][gc,marking  ] GC(68) Concurrent Mark From Roots 1984.669ms
[2026-07-01T02:08:19.005+0000][55.342s][info][gc,marking  ] GC(68) Concurrent Preclean
[2026-07-01T02:08:19.005+0000][55.342s][info][gc,marking  ] GC(68) Concurrent Preclean 0.079ms
[2026-07-01T02:08:19.005+0000][55.343s][info][gc,start    ] GC(68) Pause Remark
[2026-07-01T02:08:19.016+0000][55.354s][info][gc          ] GC(68) Pause Remark 198M->198M(231M) 10.853ms
[2026-07-01T02:08:19.016+0000][55.354s][info][gc,cpu      ] GC(68) User=0.01s Sys=0.00s Real=0.01s
[2026-07-01T02:08:19.023+0000][55.361s][info][gc,marking  ] GC(68) Concurrent Mark 2003.632ms
[2026-07-01T02:08:19.024+0000][55.361s][info][gc,marking  ] GC(68) Concurrent Rebuild Remembered Sets and Scrub Regions
[2026-07-01T02:08:19.338+0000][55.675s][info][gc,start    ] GC(70) Pause Young (Normal) (G1 Evacuation Pause)
[2026-07-01T02:08:19.338+0000][55.675s][info][gc,task     ] GC(70) Using 1 workers of 1 for evacuation
[2026-07-01T02:08:19.408+0000][55.746s][info][gc,phases   ] GC(70)   Pre Evacuate Collection Set: 0.12ms
[2026-07-01T02:08:19.408+0000][55.746s][info][gc,phases   ] GC(70)   Merge Heap Roots: 0.25ms
[2026-07-01T02:08:19.408+0000][55.746s][info][gc,phases   ] GC(70)   Evacuate Collection Set: 69.48ms
[2026-07-01T02:08:19.408+0000][55.746s][info][gc,phases   ] GC(70)   Post Evacuate Collection Set: 0.55ms
[2026-07-01T02:08:19.408+0000][55.746s][info][gc,phases   ] GC(70)   Other: 0.04ms
[2026-07-01T02:08:19.408+0000][55.746s][info][gc,heap     ] GC(70) Eden regions: 56->0(56)
[2026-07-01T02:08:19.408+0000][55.746s][info][gc,heap     ] GC(70) Survivor regions: 5->5(8)
[2026-07-01T02:08:19.408+0000][55.746s][info][gc,heap     ] GC(70) Old regions: 154->154
[2026-07-01T02:08:19.409+0000][55.746s][info][gc,heap     ] GC(70) Humongous regions: 3->3
[2026-07-01T02:08:19.409+0000][55.746s][info][gc,metaspace] GC(70) Metaspace: 41573K(42368K)->41573K(42368K) NonClass: 36452K(36864K)->36452K(36864K) Class: 5121K(5504K)->5121K(5504K)
[2026-07-01T02:08:19.409+0000][55.746s][info][gc          ] GC(70) Pause Young (Normal) (G1 Evacuation Pause) 216M->160M(231M) 70.614ms
[2026-07-01T02:08:19.409+0000][55.746s][info][gc,cpu      ] GC(70) User=0.02s Sys=0.00s Real=0.08s
[2026-07-01T02:08:19.738+0000][56.075s][info][gc,marking  ] GC(68) Concurrent Rebuild Remembered Sets and Scrub Regions 714.070ms
[2026-07-01T02:08:19.738+0000][56.075s][info][gc,start    ] GC(68) Pause Cleanup
[2026-07-01T02:08:19.738+0000][56.076s][info][gc          ] GC(68) Pause Cleanup 181M->181M(231M) 0.154ms
[2026-07-01T02:08:19.738+0000][56.076s][info][gc,cpu      ] GC(68) User=0.00s Sys=0.00s Real=0.00s
[2026-07-01T02:08:19.738+0000][56.076s][info][gc,marking  ] GC(68) Concurrent Clear Claimed Marks
[2026-07-01T02:08:19.738+0000][56.076s][info][gc,marking  ] GC(68) Concurrent Clear Claimed Marks 0.080ms
[2026-07-01T02:08:19.738+0000][56.076s][info][gc,marking  ] GC(68) Concurrent Cleanup for Next Mark
[2026-07-01T02:08:19.808+0000][56.145s][info][gc,marking  ] GC(68) Concurrent Cleanup for Next Mark 69.364ms
[2026-07-01T02:08:19.808+0000][56.145s][info][gc          ] GC(68) Concurrent Mark Cycle 2873.855ms
[2026-07-01T02:08:20.338+0000][56.675s][info][gc,start    ] GC(71) Pause Young (Prepare Mixed) (G1 Evacuation Pause)
[2026-07-01T02:08:20.338+0000][56.675s][info][gc,task     ] GC(71) Using 1 workers of 1 for evacuation
[2026-07-01T02:08:20.410+0000][56.748s][info][gc,phases   ] GC(71)   Pre Evacuate Collection Set: 0.14ms
[2026-07-01T02:08:20.410+0000][56.748s][info][gc,phases   ] GC(71)   Merge Heap Roots: 0.35ms
[2026-07-01T02:08:20.410+0000][56.748s][info][gc,phases   ] GC(71)   Evacuate Collection Set: 71.32ms
[2026-07-01T02:08:20.410+0000][56.748s][info][gc,phases   ] GC(71)   Post Evacuate Collection Set: 0.79ms
[2026-07-01T02:08:20.410+0000][56.748s][info][gc,phases   ] GC(71)   Other: 0.05ms
[2026-07-01T02:08:20.410+0000][56.748s][info][gc,heap     ] GC(71) Eden regions: 56->0(56)
[2026-07-01T02:08:20.411+0000][56.748s][info][gc,heap     ] GC(71) Survivor regions: 5->5(8)
[2026-07-01T02:08:20.411+0000][56.748s][info][gc,heap     ] GC(71) Old regions: 154->154
[2026-07-01T02:08:20.411+0000][56.748s][info][gc,heap     ] GC(71) Humongous regions: 3->3
[2026-07-01T02:08:20.411+0000][56.748s][info][gc,metaspace] GC(71) Metaspace: 41576K(42368K)->41576K(42368K) NonClass: 36455K(36864K)->36455K(36864K) Class: 5121K(5504K)->5121K(5504K)
[2026-07-01T02:08:20.411+0000][56.748s][info][gc          ] GC(71) Pause Young (Prepare Mixed) (G1 Evacuation Pause) 216M->161M(231M) 72.901ms
[2026-07-01T02:08:20.411+0000][56.748s][info][gc,cpu      ] GC(71) User=0.03s Sys=0.00s Real=0.08s
[2026-07-01T02:08:21.408+0000][57.746s][info][gc,start    ] GC(72) Pause Young (Mixed) (G1 Evacuation Pause)
[2026-07-01T02:08:21.409+0000][57.746s][info][gc,task     ] GC(72) Using 1 workers of 1 for evacuation
[2026-07-01T02:08:21.424+0000][57.761s][info][gc,phases   ] GC(72)   Pre Evacuate Collection Set: 1.16ms
[2026-07-01T02:08:21.424+0000][57.761s][info][gc,phases   ] GC(72)   Merge Heap Roots: 0.21ms
[2026-07-01T02:08:21.424+0000][57.761s][info][gc,phases   ] GC(72)   Evacuate Collection Set: 13.69ms
[2026-07-01T02:08:21.424+0000][57.761s][info][gc,phases   ] GC(72)   Post Evacuate Collection Set: 0.51ms
[2026-07-01T02:08:21.424+0000][57.761s][info][gc,phases   ] GC(72)   Other: 0.06ms
[2026-07-01T02:08:21.424+0000][57.761s][info][gc,heap     ] GC(72) Eden regions: 56->0(56)
[2026-07-01T02:08:21.424+0000][57.761s][info][gc,heap     ] GC(72) Survivor regions: 5->5(8)
[2026-07-01T02:08:21.424+0000][57.761s][info][gc,heap     ] GC(72) Old regions: 154->154
[2026-07-01T02:08:21.424+0000][57.761s][info][gc,heap     ] GC(72) Humongous regions: 3->3
[2026-07-01T02:08:21.424+0000][57.761s][info][gc,metaspace] GC(72) Metaspace: 41581K(42368K)->41581K(42368K) NonClass: 36459K(36864K)->36459K(36864K) Class: 5121K(5504K)->5121K(5504K)
[2026-07-01T02:08:21.424+0000][57.761s][info][gc          ] GC(72) Pause Young (Mixed) (G1 Evacuation Pause) 217M->161M(231M) 15.797ms
[2026-07-01T02:08:21.424+0000][57.762s][info][gc,cpu      ] GC(72) User=0.02s Sys=0.00s Real=0.01s
[2026-07-01T02:08:22.409+0000][58.746s][info][gc,start    ] GC(73) Pause Young (Concurrent Start) (G1 Evacuation Pause)
[2026-07-01T02:08:22.409+0000][58.746s][info][gc,task     ] GC(73) Using 1 workers of 1 for evacuation
[2026-07-01T02:08:22.425+0000][58.762s][info][gc,phases   ] GC(73)   Pre Evacuate Collection Set: 0.17ms
[2026-07-01T02:08:22.425+0000][58.762s][info][gc,phases   ] GC(73)   Merge Heap Roots: 0.25ms
[2026-07-01T02:08:22.425+0000][58.762s][info][gc,phases   ] GC(73)   Evacuate Collection Set: 14.67ms
[2026-07-01T02:08:22.425+0000][58.762s][info][gc,phases   ] GC(73)   Post Evacuate Collection Set: 0.55ms
[2026-07-01T02:08:22.425+0000][58.762s][info][gc,phases   ] GC(73)   Other: 0.06ms
[2026-07-01T02:08:22.425+0000][58.762s][info][gc,heap     ] GC(73) Eden regions: 56->0(56)
[2026-07-01T02:08:22.425+0000][58.762s][info][gc,heap     ] GC(73) Survivor regions: 5->5(8)
[2026-07-01T02:08:22.425+0000][58.762s][info][gc,heap     ] GC(73) Old regions: 154->154
[2026-07-01T02:08:22.425+0000][58.762s][info][gc,heap     ] GC(73) Humongous regions: 3->3
[2026-07-01T02:08:22.425+0000][58.762s][info][gc,metaspace] GC(73) Metaspace: 41582K(42368K)->41582K(42368K) NonClass: 36461K(36864K)->36461K(36864K) Class: 5121K(5504K)->5121K(5504K)
[2026-07-01T02:08:22.425+0000][58.762s][info][gc          ] GC(73) Pause Young (Concurrent Start) (G1 Evacuation Pause) 217M->161M(231M) 15.893ms
[2026-07-01T02:08:22.425+0000][58.762s][info][gc,cpu      ] GC(73) User=0.01s Sys=0.00s Real=0.01s
[2026-07-01T02:08:22.430+0000][58.768s][info][gc          ] GC(74) Concurrent Mark Cycle
[2026-07-01T02:08:22.430+0000][58.768s][info][gc,marking  ] GC(74) Concurrent Scan Root Regions
[2026-07-01T02:08:22.445+0000][58.782s][info][gc,marking  ] GC(74) Concurrent Scan Root Regions 14.287ms
[2026-07-01T02:08:22.445+0000][58.782s][info][gc,marking  ] GC(74) Concurrent Mark
[2026-07-01T02:08:22.445+0000][58.782s][info][gc,marking  ] GC(74) Concurrent Mark From Roots
[2026-07-01T02:08:22.445+0000][58.782s][info][gc,task     ] GC(74) Using 1 workers of 1 for marking
[2026-07-01T02:08:23.539+0000][59.876s][info][gc,start    ] GC(75) Pause Young (Normal) (G1 Evacuation Pause)
[2026-07-01T02:08:23.539+0000][59.876s][info][gc,task     ] GC(75) Using 1 workers of 1 for evacuation
[2026-07-01T02:08:23.615+0000][59.952s][info][gc,phases   ] GC(75)   Pre Evacuate Collection Set: 60.97ms
[2026-07-01T02:08:23.615+0000][59.952s][info][gc,phases   ] GC(75)   Merge Heap Roots: 0.25ms
[2026-07-01T02:08:23.615+0000][59.952s][info][gc,phases   ] GC(75)   Evacuate Collection Set: 14.03ms
[2026-07-01T02:08:23.615+0000][59.952s][info][gc,phases   ] GC(75)   Post Evacuate Collection Set: 0.52ms
[2026-07-01T02:08:23.615+0000][59.952s][info][gc,phases   ] GC(75)   Other: 0.05ms
[2026-07-01T02:08:23.615+0000][59.952s][info][gc,heap     ] GC(75) Eden regions: 56->0(56)
[2026-07-01T02:08:23.615+0000][59.952s][info][gc,heap     ] GC(75) Survivor regions: 5->5(8)
[2026-07-01T02:08:23.615+0000][59.952s][info][gc,heap     ] GC(75) Old regions: 154->154
[2026-07-01T02:08:23.615+0000][59.952s][info][gc,heap     ] GC(75) Humongous regions: 3->3
[2026-07-01T02:08:23.615+0000][59.952s][info][gc,metaspace] GC(75) Metaspace: 41584K(42368K)->41584K(42368K) NonClass: 36463K(36864K)->36463K(36864K) Class: 5121K(5504K)->5121K(5504K)
[2026-07-01T02:08:23.615+0000][59.952s][info][gc          ] GC(75) Pause Young (Normal) (G1 Evacuation Pause) 217M->161M(231M) 76.007ms
[2026-07-01T02:08:23.615+0000][59.952s][info][gc,cpu      ] GC(75) User=0.03s Sys=0.00s Real=0.07s
[2026-07-01T02:08:24.630+0000][60.967s][info][gc,marking  ] GC(74) Concurrent Mark From Roots 2184.982ms
[2026-07-01T02:08:24.630+0000][60.967s][info][gc,marking  ] GC(74) Concurrent Preclean
[2026-07-01T02:08:24.630+0000][60.967s][info][gc,marking  ] GC(74) Concurrent Preclean 0.145ms
[2026-07-01T02:08:24.633+0000][60.970s][info][gc,start    ] GC(74) Pause Remark
[2026-07-01T02:08:24.705+0000][61.042s][info][gc          ] GC(74) Pause Remark 213M->213M(231M) 72.311ms
[2026-07-01T02:08:24.705+0000][61.043s][info][gc,cpu      ] GC(74) User=0.03s Sys=0.00s Real=0.07s
[2026-07-01T02:08:24.712+0000][61.049s][info][gc,marking  ] GC(74) Concurrent Mark 2267.092ms
[2026-07-01T02:08:24.712+0000][61.049s][info][gc,marking  ] GC(74) Concurrent Rebuild Remembered Sets and Scrub Regions
[2026-07-01T02:08:24.730+0000][61.067s][info][gc,start    ] GC(76) Pause Young (Normal) (G1 Evacuation Pause)
[2026-07-01T02:08:24.730+0000][61.067s][info][gc,task     ] GC(76) Using 1 workers of 1 for evacuation
[2026-07-01T02:08:24.746+0000][61.083s][info][gc,phases   ] GC(76)   Pre Evacuate Collection Set: 0.40ms
[2026-07-01T02:08:24.746+0000][61.084s][info][gc,phases   ] GC(76)   Merge Heap Roots: 0.29ms
[2026-07-01T02:08:24.746+0000][61.084s][info][gc,phases   ] GC(76)   Evacuate Collection Set: 15.38ms
[2026-07-01T02:08:24.746+0000][61.084s][info][gc,phases   ] GC(76)   Post Evacuate Collection Set: 0.53ms
[2026-07-01T02:08:24.746+0000][61.084s][info][gc,phases   ] GC(76)   Other: 0.05ms
[2026-07-01T02:08:24.746+0000][61.084s][info][gc,heap     ] GC(76) Eden regions: 56->0(56)
[2026-07-01T02:08:24.746+0000][61.084s][info][gc,heap     ] GC(76) Survivor regions: 5->4(8)
[2026-07-01T02:08:24.746+0000][61.084s][info][gc,heap     ] GC(76) Old regions: 154->155
[2026-07-01T02:08:24.746+0000][61.084s][info][gc,heap     ] GC(76) Humongous regions: 3->3
[2026-07-01T02:08:24.746+0000][61.084s][info][gc,metaspace] GC(76) Metaspace: 41585K(42368K)->41585K(42368K) NonClass: 36463K(36864K)->36463K(36864K) Class: 5121K(5504K)->5121K(5504K)
[2026-07-01T02:08:24.746+0000][61.084s][info][gc          ] GC(76) Pause Young (Normal) (G1 Evacuation Pause) 217M->161M(231M) 16.797ms
[2026-07-01T02:08:24.746+0000][61.084s][info][gc,cpu      ] GC(76) User=0.01s Sys=0.00s Real=0.01s
[2026-07-01T02:08:25.120+0000][61.458s][info][gc,marking  ] GC(74) Concurrent Rebuild Remembered Sets and Scrub Regions 408.400ms
[2026-07-01T02:08:25.121+0000][61.458s][info][gc,start    ] GC(74) Pause Cleanup
[2026-07-01T02:08:25.121+0000][61.458s][info][gc          ] GC(74) Pause Cleanup 176M->176M(231M) 0.183ms
[2026-07-01T02:08:25.121+0000][61.458s][info][gc,cpu      ] GC(74) User=0.00s Sys=0.00s Real=0.00s
[2026-07-01T02:08:25.121+0000][61.458s][info][gc,marking  ] GC(74) Concurrent Clear Claimed Marks
[2026-07-01T02:08:25.121+0000][61.458s][info][gc,marking  ] GC(74) Concurrent Clear Claimed Marks 0.081ms
[2026-07-01T02:08:25.121+0000][61.458s][info][gc,marking  ] GC(74) Concurrent Cleanup for Next Mark
[2026-07-01T02:08:25.121+0000][61.459s][info][gc,marking  ] GC(74) Concurrent Cleanup for Next Mark 0.546ms
[2026-07-01T02:08:25.121+0000][61.459s][info][gc          ] GC(74) Concurrent Mark Cycle 2691.071ms
[2026-07-01T02:08:25.819+0000][62.156s][info][gc,start    ] GC(77) Pause Young (Prepare Mixed) (G1 Evacuation Pause)
[2026-07-01T02:08:25.819+0000][62.157s][info][gc,task     ] GC(77) Using 1 workers of 1 for evacuation
[2026-07-01T02:08:25.842+0000][62.179s][info][gc,phases   ] GC(77)   Pre Evacuate Collection Set: 0.16ms
[2026-07-01T02:08:25.842+0000][62.179s][info][gc,phases   ] GC(77)   Merge Heap Roots: 0.40ms
[2026-07-01T02:08:25.842+0000][62.179s][info][gc,phases   ] GC(77)   Evacuate Collection Set: 21.26ms
[2026-07-01T02:08:25.842+0000][62.179s][info][gc,phases   ] GC(77)   Post Evacuate Collection Set: 0.58ms
[2026-07-01T02:08:25.842+0000][62.179s][info][gc,phases   ] GC(77)   Other: 0.08ms
[2026-07-01T02:08:25.842+0000][62.179s][info][gc,heap     ] GC(77) Eden regions: 56->0(55)
[2026-07-01T02:08:25.842+0000][62.179s][info][gc,heap     ] GC(77) Survivor regions: 4->5(8)
[2026-07-01T02:08:25.842+0000][62.179s][info][gc,heap     ] GC(77) Old regions: 155->155
[2026-07-01T02:08:25.842+0000][62.179s][info][gc,heap     ] GC(77) Humongous regions: 3->3
[2026-07-01T02:08:25.842+0000][62.179s][info][gc,metaspace] GC(77) Metaspace: 41586K(42368K)->41586K(42368K) NonClass: 36465K(36864K)->36465K(36864K) Class: 5121K(5504K)->5121K(5504K)
[2026-07-01T02:08:25.842+0000][62.179s][info][gc          ] GC(77) Pause Young (Prepare Mixed) (G1 Evacuation Pause) 217M->161M(231M) 22.670ms
[2026-07-01T02:08:25.842+0000][62.179s][info][gc,cpu      ] GC(77) User=0.02s Sys=0.00s Real=0.02s
[2026-07-01T02:08:26.736+0000][63.073s][info][gc,start    ] GC(78) Pause Young (Mixed) (G1 Evacuation Pause)
[2026-07-01T02:08:26.736+0000][63.073s][info][gc,task     ] GC(78) Using 1 workers of 1 for evacuation
[2026-07-01T02:08:26.804+0000][63.141s][info][gc,phases   ] GC(78)   Pre Evacuate Collection Set: 0.22ms
[2026-07-01T02:08:26.804+0000][63.141s][info][gc,phases   ] GC(78)   Merge Heap Roots: 0.41ms
[2026-07-01T02:08:26.804+0000][63.141s][info][gc,phases   ] GC(78)   Evacuate Collection Set: 67.12ms
[2026-07-01T02:08:26.804+0000][63.141s][info][gc,phases   ] GC(78)   Post Evacuate Collection Set: 0.52ms
[2026-07-01T02:08:26.804+0000][63.141s][info][gc,phases   ] GC(78)   Other: 0.06ms
[2026-07-01T02:08:26.804+0000][63.141s][info][gc,heap     ] GC(78) Eden regions: 55->0(55)
[2026-07-01T02:08:26.804+0000][63.141s][info][gc,heap     ] GC(78) Survivor regions: 5->5(8)
[2026-07-01T02:08:26.804+0000][63.141s][info][gc,heap     ] GC(78) Old regions: 155->155
[2026-07-01T02:08:26.804+0000][63.141s][info][gc,heap     ] GC(78) Humongous regions: 3->3
[2026-07-01T02:08:26.804+0000][63.141s][info][gc,metaspace] GC(78) Metaspace: 41586K(42368K)->41586K(42368K) NonClass: 36465K(36864K)->36465K(36864K) Class: 5121K(5504K)->5121K(5504K)
[2026-07-01T02:08:26.804+0000][63.142s][info][gc          ] GC(78) Pause Young (Mixed) (G1 Evacuation Pause) 216M->161M(231M) 68.478ms
[2026-07-01T02:08:26.804+0000][63.142s][info][gc,cpu      ] GC(78) User=0.02s Sys=0.00s Real=0.07s
[2026-07-01T02:08:27.709+0000][64.046s][info][gc,start    ] GC(79) Pause Young (Concurrent Start) (G1 Evacuation Pause)
[2026-07-01T02:08:27.709+0000][64.046s][info][gc,task     ] GC(79) Using 1 workers of 1 for evacuation
[2026-07-01T02:08:27.727+0000][64.064s][info][gc,phases   ] GC(79)   Pre Evacuate Collection Set: 0.22ms
[2026-07-01T02:08:27.727+0000][64.064s][info][gc,phases   ] GC(79)   Merge Heap Roots: 0.29ms
[2026-07-01T02:08:27.727+0000][64.064s][info][gc,phases   ] GC(79)   Evacuate Collection Set: 15.89ms
[2026-07-01T02:08:27.727+0000][64.064s][info][gc,phases   ] GC(79)   Post Evacuate Collection Set: 1.77ms
[2026-07-01T02:08:27.727+0000][64.064s][info][gc,phases   ] GC(79)   Other: 0.08ms
[2026-07-01T02:08:27.727+0000][64.064s][info][gc,heap     ] GC(79) Eden regions: 55->0(184)
[2026-07-01T02:08:27.727+0000][64.064s][info][gc,heap     ] GC(79) Survivor regions: 5->5(8)
[2026-07-01T02:08:27.727+0000][64.064s][info][gc,heap     ] GC(79) Old regions: 155->155
[2026-07-01T02:08:27.727+0000][64.064s][info][gc,heap     ] GC(79) Humongous regions: 3->3
[2026-07-01T02:08:27.727+0000][64.064s][info][gc,metaspace] GC(79) Metaspace: 41586K(42368K)->41586K(42368K) NonClass: 36465K(36864K)->36465K(36864K) Class: 5121K(5504K)->5121K(5504K)
[2026-07-01T02:08:27.727+0000][64.065s][info][gc          ] GC(79) Pause Young (Concurrent Start) (G1 Evacuation Pause) 216M->162M(366M) 18.420ms
[2026-07-01T02:08:27.727+0000][64.065s][info][gc          ] GC(80) Concurrent Mark Cycle
[2026-07-01T02:08:27.727+0000][64.065s][info][gc,cpu      ] GC(79) User=0.02s Sys=0.00s Real=0.01s
[2026-07-01T02:08:27.727+0000][64.065s][info][gc,marking  ] GC(80) Concurrent Scan Root Regions
[2026-07-01T02:08:27.746+0000][64.084s][info][gc,marking  ] GC(80) Concurrent Scan Root Regions 19.141ms
[2026-07-01T02:08:27.747+0000][64.084s][info][gc,marking  ] GC(80) Concurrent Mark
[2026-07-01T02:08:27.747+0000][64.084s][info][gc,marking  ] GC(80) Concurrent Mark From Roots
[2026-07-01T02:08:27.747+0000][64.084s][info][gc,task     ] GC(80) Using 1 workers of 1 for marking
[2026-07-01T02:08:29.631+0000][65.969s][info][gc,marking  ] GC(80) Concurrent Mark From Roots 1884.800ms
[2026-07-01T02:08:29.631+0000][65.969s][info][gc,marking  ] GC(80) Concurrent Preclean
[2026-07-01T02:08:29.632+0000][65.969s][info][gc,marking  ] GC(80) Concurrent Preclean 0.161ms
[2026-07-01T02:08:29.632+0000][65.969s][info][gc,start    ] GC(80) Pause Remark
[2026-07-01T02:08:29.642+0000][65.980s][info][gc,heap     ] GC(80) Heap shrink completed: uncommitted 40 regions (40MB), heap size now 326MB
[2026-07-01T02:08:29.642+0000][65.980s][info][gc          ] GC(80) Pause Remark 257M->257M(326M) 10.848ms
[2026-07-01T02:08:29.642+0000][65.980s][info][gc,cpu      ] GC(80) User=0.01s Sys=0.00s Real=0.01s
[2026-07-01T02:08:29.702+0000][66.039s][info][gc,marking  ] GC(80) Concurrent Mark 1955.499ms
[2026-07-01T02:08:29.702+0000][66.039s][info][gc,marking  ] GC(80) Concurrent Rebuild Remembered Sets and Scrub Regions
[2026-07-01T02:08:30.203+0000][66.540s][info][gc,marking  ] GC(80) Concurrent Rebuild Remembered Sets and Scrub Regions 501.141ms
[2026-07-01T02:08:30.204+0000][66.541s][info][gc,start    ] GC(80) Pause Cleanup
[2026-07-01T02:08:30.204+0000][66.541s][info][gc          ] GC(80) Pause Cleanup 281M->281M(326M) 0.255ms
[2026-07-01T02:08:30.204+0000][66.541s][info][gc,cpu      ] GC(80) User=0.00s Sys=0.01s Real=0.00s
[2026-07-01T02:08:30.206+0000][66.544s][info][gc,marking  ] GC(80) Concurrent Clear Claimed Marks
[2026-07-01T02:08:30.206+0000][66.544s][info][gc,marking  ] GC(80) Concurrent Clear Claimed Marks 0.094ms
[2026-07-01T02:08:30.206+0000][66.544s][info][gc,marking  ] GC(80) Concurrent Cleanup for Next Mark
[2026-07-01T02:08:30.212+0000][66.549s][info][gc,marking  ] GC(80) Concurrent Cleanup for Next Mark 5.133ms
[2026-07-01T02:08:30.212+0000][66.549s][info][gc          ] GC(80) Concurrent Mark Cycle 2484.266ms
[2026-07-01T02:08:31.014+0000][67.351s][info][gc,start    ] GC(81) Pause Young (Prepare Mixed) (G1 Evacuation Pause)
[2026-07-01T02:08:31.014+0000][67.351s][info][gc,task     ] GC(81) Using 1 workers of 1 for evacuation
[2026-07-01T02:08:31.038+0000][67.376s][info][gc,phases   ] GC(81)   Pre Evacuate Collection Set: 1.41ms
[2026-07-01T02:08:31.038+0000][67.376s][info][gc,phases   ] GC(81)   Merge Heap Roots: 0.55ms
[2026-07-01T02:08:31.038+0000][67.376s][info][gc,phases   ] GC(81)   Evacuate Collection Set: 21.80ms
[2026-07-01T02:08:31.038+0000][67.376s][info][gc,phases   ] GC(81)   Post Evacuate Collection Set: 0.64ms
[2026-07-01T02:08:31.038+0000][67.376s][info][gc,phases   ] GC(81)   Other: 0.12ms
[2026-07-01T02:08:31.038+0000][67.376s][info][gc,heap     ] GC(81) Eden regions: 163->0(150)
[2026-07-01T02:08:31.038+0000][67.376s][info][gc,heap     ] GC(81) Survivor regions: 5->5(24)
[2026-07-01T02:08:31.039+0000][67.376s][info][gc,heap     ] GC(81) Old regions: 155->155
[2026-07-01T02:08:31.039+0000][67.376s][info][gc,heap     ] GC(81) Humongous regions: 3->3
[2026-07-01T02:08:31.039+0000][67.376s][info][gc,metaspace] GC(81) Metaspace: 41588K(42368K)->41588K(42368K) NonClass: 36466K(36864K)->36466K(36864K) Class: 5122K(5504K)->5122K(5504K)
[2026-07-01T02:08:31.039+0000][67.376s][info][gc          ] GC(81) Pause Young (Prepare Mixed) (G1 Evacuation Pause) 325M->162M(331M) 24.678ms
[2026-07-01T02:08:31.039+0000][67.376s][info][gc,cpu      ] GC(81) User=0.02s Sys=0.01s Real=0.03s
[2026-07-01T02:08:33.521+0000][69.858s][info][gc,start    ] GC(82) Pause Young (Mixed) (G1 Evacuation Pause)
[2026-07-01T02:08:33.521+0000][69.858s][info][gc,task     ] GC(82) Using 1 workers of 1 for evacuation
[2026-07-01T02:08:33.540+0000][69.877s][info][gc,phases   ] GC(82)   Pre Evacuate Collection Set: 0.13ms
[2026-07-01T02:08:33.540+0000][69.878s][info][gc,phases   ] GC(82)   Merge Heap Roots: 0.22ms
[2026-07-01T02:08:33.540+0000][69.878s][info][gc,phases   ] GC(82)   Evacuate Collection Set: 18.14ms
[2026-07-01T02:08:33.540+0000][69.878s][info][gc,phases   ] GC(82)   Post Evacuate Collection Set: 0.60ms
[2026-07-01T02:08:33.540+0000][69.878s][info][gc,phases   ] GC(82)   Other: 0.06ms
[2026-07-01T02:08:33.540+0000][69.878s][info][gc,heap     ] GC(82) Eden regions: 150->0(150)
[2026-07-01T02:08:33.540+0000][69.878s][info][gc,heap     ] GC(82) Survivor regions: 5->5(20)
[2026-07-01T02:08:33.540+0000][69.878s][info][gc,heap     ] GC(82) Old regions: 155->155
[2026-07-01T02:08:33.540+0000][69.878s][info][gc,heap     ] GC(82) Humongous regions: 3->3
[2026-07-01T02:08:33.540+0000][69.878s][info][gc,metaspace] GC(82) Metaspace: 41597K(42432K)->41597K(42432K) NonClass: 36475K(36928K)->36475K(36928K) Class: 5122K(5504K)->5122K(5504K)
[2026-07-01T02:08:33.540+0000][69.878s][info][gc          ] GC(82) Pause Young (Mixed) (G1 Evacuation Pause) 312M->162M(331M) 19.314ms
[2026-07-01T02:08:33.540+0000][69.878s][info][gc,cpu      ] GC(82) User=0.04s Sys=0.00s Real=0.02s
[2026-07-01T02:08:36.026+0000][72.363s][info][gc,start    ] GC(83) Pause Young (Concurrent Start) (G1 Evacuation Pause)
[2026-07-01T02:08:36.026+0000][72.364s][info][gc,task     ] GC(83) Using 1 workers of 1 for evacuation
[2026-07-01T02:08:36.046+0000][72.383s][info][gc,phases   ] GC(83)   Pre Evacuate Collection Set: 0.18ms
[2026-07-01T02:08:36.046+0000][72.383s][info][gc,phases   ] GC(83)   Merge Heap Roots: 0.29ms
[2026-07-01T02:08:36.046+0000][72.383s][info][gc,phases   ] GC(83)   Evacuate Collection Set: 18.36ms
[2026-07-01T02:08:36.046+0000][72.383s][info][gc,phases   ] GC(83)   Post Evacuate Collection Set: 0.66ms
[2026-07-01T02:08:36.046+0000][72.383s][info][gc,phases   ] GC(83)   Other: 0.08ms
[2026-07-01T02:08:36.046+0000][72.383s][info][gc,heap     ] GC(83) Eden regions: 150->0(149)
[2026-07-01T02:08:36.046+0000][72.383s][info][gc,heap     ] GC(83) Survivor regions: 5->6(20)
[2026-07-01T02:08:36.046+0000][72.383s][info][gc,heap     ] GC(83) Old regions: 155->155
[2026-07-01T02:08:36.046+0000][72.383s][info][gc,heap     ] GC(83) Humongous regions: 3->3
[2026-07-01T02:08:36.046+0000][72.383s][info][gc,metaspace] GC(83) Metaspace: 41604K(42432K)->41604K(42432K) NonClass: 36482K(36928K)->36482K(36928K) Class: 5122K(5504K)->5122K(5504K)
[2026-07-01T02:08:36.046+0000][72.383s][info][gc          ] GC(83) Pause Young (Concurrent Start) (G1 Evacuation Pause) 312M->163M(331M) 19.737ms
[2026-07-01T02:08:36.046+0000][72.383s][info][gc,cpu      ] GC(83) User=0.02s Sys=0.00s Real=0.02s
[2026-07-01T02:08:36.046+0000][72.383s][info][gc          ] GC(84) Concurrent Mark Cycle
[2026-07-01T02:08:36.046+0000][72.384s][info][gc,marking  ] GC(84) Concurrent Scan Root Regions
[2026-07-01T02:08:36.123+0000][72.460s][info][gc,marking  ] GC(84) Concurrent Scan Root Regions 76.493ms
[2026-07-01T02:08:36.123+0000][72.460s][info][gc,marking  ] GC(84) Concurrent Mark
[2026-07-01T02:08:36.123+0000][72.460s][info][gc,marking  ] GC(84) Concurrent Mark From Roots
[2026-07-01T02:08:36.123+0000][72.460s][info][gc,task     ] GC(84) Using 1 workers of 1 for marking
[2026-07-01T02:08:37.701+0000][74.038s][info][gc,marking  ] GC(84) Concurrent Mark From Roots 1578.242ms
[2026-07-01T02:08:37.701+0000][74.038s][info][gc,marking  ] GC(84) Concurrent Preclean
[2026-07-01T02:08:37.702+0000][74.039s][info][gc,marking  ] GC(84) Concurrent Preclean 0.866ms
[2026-07-01T02:08:37.706+0000][74.043s][info][gc,start    ] GC(84) Pause Remark
[2026-07-01T02:08:37.717+0000][74.055s][info][gc,heap     ] GC(84) Heap shrink completed: uncommitted 3 regions (3MB), heap size now 328MB
[2026-07-01T02:08:37.717+0000][74.055s][info][gc          ] GC(84) Pause Remark 233M->233M(328M) 11.174ms
[2026-07-01T02:08:37.717+0000][74.055s][info][gc,cpu      ] GC(84) User=0.01s Sys=0.00s Real=0.01s
[2026-07-01T02:08:37.723+0000][74.060s][info][gc,marking  ] GC(84) Concurrent Mark 1600.113ms
[2026-07-01T02:08:37.723+0000][74.060s][info][gc,marking  ] GC(84) Concurrent Rebuild Remembered Sets and Scrub Regions
[2026-07-01T02:08:38.336+0000][74.673s][info][gc,marking  ] GC(84) Concurrent Rebuild Remembered Sets and Scrub Regions 613.198ms
[2026-07-01T02:08:38.337+0000][74.675s][info][gc,start    ] GC(84) Pause Cleanup
[2026-07-01T02:08:38.338+0000][74.675s][info][gc          ] GC(84) Pause Cleanup 266M->266M(328M) 0.207ms
[2026-07-01T02:08:38.338+0000][74.675s][info][gc,cpu      ] GC(84) User=0.00s Sys=0.00s Real=0.00s
[2026-07-01T02:08:38.402+0000][74.739s][info][gc,marking  ] GC(84) Concurrent Clear Claimed Marks
[2026-07-01T02:08:38.402+0000][74.739s][info][gc,marking  ] GC(84) Concurrent Clear Claimed Marks 0.133ms
[2026-07-01T02:08:38.402+0000][74.739s][info][gc,marking  ] GC(84) Concurrent Cleanup for Next Mark
[2026-07-01T02:08:38.404+0000][74.741s][info][gc,marking  ] GC(84) Concurrent Cleanup for Next Mark 1.868ms
[2026-07-01T02:08:38.404+0000][74.741s][info][gc          ] GC(84) Concurrent Mark Cycle 2357.574ms
[2026-07-01T02:08:39.036+0000][75.373s][info][gc,start    ] GC(85) Pause Young (Prepare Mixed) (G1 Evacuation Pause)
[2026-07-01T02:08:39.036+0000][75.373s][info][gc,task     ] GC(85) Using 1 workers of 1 for evacuation
[2026-07-01T02:08:39.104+0000][75.441s][info][gc,phases   ] GC(85)   Pre Evacuate Collection Set: 0.30ms
[2026-07-01T02:08:39.104+0000][75.441s][info][gc,phases   ] GC(85)   Merge Heap Roots: 0.46ms
[2026-07-01T02:08:39.104+0000][75.441s][info][gc,phases   ] GC(85)   Evacuate Collection Set: 66.57ms
[2026-07-01T02:08:39.104+0000][75.441s][info][gc,phases   ] GC(85)   Post Evacuate Collection Set: 0.67ms
[2026-07-01T02:08:39.104+0000][75.441s][info][gc,phases   ] GC(85)   Other: 0.04ms
[2026-07-01T02:08:39.104+0000][75.441s][info][gc,heap     ] GC(85) Eden regions: 150->0(146)
[2026-07-01T02:08:39.104+0000][75.441s][info][gc,heap     ] GC(85) Survivor regions: 6->6(20)
[2026-07-01T02:08:39.104+0000][75.441s][info][gc,heap     ] GC(85) Old regions: 155->156
[2026-07-01T02:08:39.104+0000][75.441s][info][gc,heap     ] GC(85) Humongous regions: 3->3
[2026-07-01T02:08:39.104+0000][75.441s][info][gc,metaspace] GC(85) Metaspace: 41611K(42432K)->41611K(42432K) NonClass: 36489K(36928K)->36489K(36928K) Class: 5122K(5504K)->5122K(5504K)
[2026-07-01T02:08:39.104+0000][75.441s][info][gc          ] GC(85) Pause Young (Prepare Mixed) (G1 Evacuation Pause) 313M->163M(328M) 68.186ms
[2026-07-01T02:08:39.104+0000][75.441s][info][gc,cpu      ] GC(85) User=0.02s Sys=0.00s Real=0.07s
[2026-07-01T02:08:41.401+0000][77.739s][info][gc,start    ] GC(86) Pause Young (Mixed) (G1 Evacuation Pause)
[2026-07-01T02:08:41.401+0000][77.739s][info][gc,task     ] GC(86) Using 1 workers of 1 for evacuation
[2026-07-01T02:08:41.425+0000][77.763s][info][gc,phases   ] GC(86)   Pre Evacuate Collection Set: 0.27ms
[2026-07-01T02:08:41.425+0000][77.763s][info][gc,phases   ] GC(86)   Merge Heap Roots: 0.60ms
[2026-07-01T02:08:41.425+0000][77.763s][info][gc,phases   ] GC(86)   Evacuate Collection Set: 22.28ms
[2026-07-01T02:08:41.425+0000][77.763s][info][gc,phases   ] GC(86)   Post Evacuate Collection Set: 0.66ms
[2026-07-01T02:08:41.425+0000][77.763s][info][gc,phases   ] GC(86)   Other: 0.05ms
[2026-07-01T02:08:41.425+0000][77.763s][info][gc,heap     ] GC(86) Eden regions: 146->0(146)
[2026-07-01T02:08:41.425+0000][77.763s][info][gc,heap     ] GC(86) Survivor regions: 6->6(19)
[2026-07-01T02:08:41.425+0000][77.763s][info][gc,heap     ] GC(86) Old regions: 156->156
[2026-07-01T02:08:41.425+0000][77.763s][info][gc,heap     ] GC(86) Humongous regions: 3->3
[2026-07-01T02:08:41.425+0000][77.763s][info][gc,metaspace] GC(86) Metaspace: 41611K(42432K)->41611K(42432K) NonClass: 36489K(36928K)->36489K(36928K) Class: 5122K(5504K)->5122K(5504K)
[2026-07-01T02:08:41.425+0000][77.763s][info][gc          ] GC(86) Pause Young (Mixed) (G1 Evacuation Pause) 309M->163M(328M) 24.007ms
[2026-07-01T02:08:41.425+0000][77.763s][info][gc,cpu      ] GC(86) User=0.02s Sys=0.00s Real=0.02s
[2026-07-01T02:08:43.600+0000][79.938s][info][gc,start    ] GC(87) Pause Young (Concurrent Start) (G1 Evacuation Pause)
[2026-07-01T02:08:43.600+0000][79.938s][info][gc,task     ] GC(87) Using 1 workers of 1 for evacuation
[2026-07-01T02:08:43.709+0000][80.046s][info][gc,phases   ] GC(87)   Pre Evacuate Collection Set: 0.20ms
[2026-07-01T02:08:43.709+0000][80.046s][info][gc,phases   ] GC(87)   Merge Heap Roots: 0.38ms
[2026-07-01T02:08:43.709+0000][80.046s][info][gc,phases   ] GC(87)   Evacuate Collection Set: 106.98ms
[2026-07-01T02:08:43.709+0000][80.046s][info][gc,phases   ] GC(87)   Post Evacuate Collection Set: 0.75ms
[2026-07-01T02:08:43.709+0000][80.046s][info][gc,phases   ] GC(87)   Other: 0.07ms
[2026-07-01T02:08:43.709+0000][80.046s][info][gc,heap     ] GC(87) Eden regions: 146->0(146)
[2026-07-01T02:08:43.709+0000][80.046s][info][gc,heap     ] GC(87) Survivor regions: 6->6(19)
[2026-07-01T02:08:43.709+0000][80.046s][info][gc,heap     ] GC(87) Old regions: 156->156
[2026-07-01T02:08:43.709+0000][80.046s][info][gc,heap     ] GC(87) Humongous regions: 3->3
[2026-07-01T02:08:43.709+0000][80.046s][info][gc,metaspace] GC(87) Metaspace: 41611K(42432K)->41611K(42432K) NonClass: 36489K(36928K)->36489K(36928K) Class: 5122K(5504K)->5122K(5504K)
[2026-07-01T02:08:43.709+0000][80.046s][info][gc          ] GC(87) Pause Young (Concurrent Start) (G1 Evacuation Pause) 309M->164M(328M) 108.591ms
[2026-07-01T02:08:43.709+0000][80.046s][info][gc          ] GC(88) Concurrent Mark Cycle
[2026-07-01T02:08:43.709+0000][80.046s][info][gc,marking  ] GC(88) Concurrent Scan Root Regions
[2026-07-01T02:08:43.709+0000][80.046s][info][gc,cpu      ] GC(87) User=0.11s Sys=0.00s Real=0.11s
[2026-07-01T02:08:43.725+0000][80.062s][info][gc,marking  ] GC(88) Concurrent Scan Root Regions 15.850ms
[2026-07-01T02:08:43.725+0000][80.062s][info][gc,marking  ] GC(88) Concurrent Mark
[2026-07-01T02:08:43.725+0000][80.062s][info][gc,marking  ] GC(88) Concurrent Mark From Roots
[2026-07-01T02:08:43.725+0000][80.062s][info][gc,task     ] GC(88) Using 1 workers of 1 for marking
[2026-07-01T02:08:44.628+0000][80.965s][info][gc,marking  ] GC(88) Concurrent Mark From Roots 902.470ms
[2026-07-01T02:08:44.628+0000][80.965s][info][gc,marking  ] GC(88) Concurrent Preclean
[2026-07-01T02:08:44.629+0000][80.966s][info][gc,marking  ] GC(88) Concurrent Preclean 1.129ms
[2026-07-01T02:08:44.631+0000][80.968s][info][gc,start    ] GC(88) Pause Remark
[2026-07-01T02:08:44.703+0000][81.040s][info][gc          ] GC(88) Pause Remark 201M->201M(328M) 71.709ms
[2026-07-01T02:08:44.703+0000][81.040s][info][gc,cpu      ] GC(88) User=0.02s Sys=0.00s Real=0.07s
[2026-07-01T02:08:44.711+0000][81.048s][info][gc,marking  ] GC(88) Concurrent Mark 986.099ms
[2026-07-01T02:08:44.711+0000][81.048s][info][gc,marking  ] GC(88) Concurrent Rebuild Remembered Sets and Scrub Regions
[2026-07-01T02:08:45.340+0000][81.678s][info][gc,marking  ] GC(88) Concurrent Rebuild Remembered Sets and Scrub Regions 629.264ms
[2026-07-01T02:08:45.400+0000][81.737s][info][gc,start    ] GC(88) Pause Cleanup
[2026-07-01T02:08:45.400+0000][81.737s][info][gc          ] GC(88) Pause Cleanup 238M->238M(328M) 0.184ms
[2026-07-01T02:08:45.400+0000][81.737s][info][gc,cpu      ] GC(88) User=0.00s Sys=0.00s Real=0.00s
[2026-07-01T02:08:45.402+0000][81.739s][info][gc,marking  ] GC(88) Concurrent Clear Claimed Marks
[2026-07-01T02:08:45.402+0000][81.739s][info][gc,marking  ] GC(88) Concurrent Clear Claimed Marks 0.115ms
[2026-07-01T02:08:45.402+0000][81.739s][info][gc,marking  ] GC(88) Concurrent Cleanup for Next Mark
[2026-07-01T02:08:45.403+0000][81.740s][info][gc,marking  ] GC(88) Concurrent Cleanup for Next Mark 0.785ms
[2026-07-01T02:08:45.403+0000][81.740s][info][gc          ] GC(88) Concurrent Mark Cycle 1693.942ms
[2026-07-01T02:08:46.513+0000][82.850s][info][gc,start    ] GC(89) Pause Young (Prepare Mixed) (G1 Evacuation Pause)
[2026-07-01T02:08:46.513+0000][82.850s][info][gc,task     ] GC(89) Using 1 workers of 1 for evacuation
[2026-07-01T02:08:46.539+0000][82.876s][info][gc,phases   ] GC(89)   Pre Evacuate Collection Set: 1.52ms
[2026-07-01T02:08:46.539+0000][82.876s][info][gc,phases   ] GC(89)   Merge Heap Roots: 0.49ms
[2026-07-01T02:08:46.539+0000][82.876s][info][gc,phases   ] GC(89)   Evacuate Collection Set: 22.56ms
[2026-07-01T02:08:46.539+0000][82.876s][info][gc,phases   ] GC(89)   Post Evacuate Collection Set: 0.71ms
[2026-07-01T02:08:46.539+0000][82.876s][info][gc,phases   ] GC(89)   Other: 0.06ms
[2026-07-01T02:08:46.539+0000][82.876s][info][gc,heap     ] GC(89) Eden regions: 146->0(145)
[2026-07-01T02:08:46.539+0000][82.876s][info][gc,heap     ] GC(89) Survivor regions: 6->7(19)
[2026-07-01T02:08:46.539+0000][82.876s][info][gc,heap     ] GC(89) Old regions: 156->156
[2026-07-01T02:08:46.539+0000][82.876s][info][gc,heap     ] GC(89) Humongous regions: 3->3
[2026-07-01T02:08:46.539+0000][82.876s][info][gc,metaspace] GC(89) Metaspace: 41612K(42432K)->41612K(42432K) NonClass: 36490K(36928K)->36490K(36928K) Class: 5122K(5504K)->5122K(5504K)
[2026-07-01T02:08:46.539+0000][82.876s][info][gc          ] GC(89) Pause Young (Prepare Mixed) (G1 Evacuation Pause) 310M->164M(328M) 25.509ms
[2026-07-01T02:08:46.539+0000][82.876s][info][gc,cpu      ] GC(89) User=0.03s Sys=0.00s Real=0.03s
[2026-07-01T02:08:48.721+0000][85.058s][info][gc,start    ] GC(90) Pause Young (Mixed) (G1 Evacuation Pause)
[2026-07-01T02:08:48.721+0000][85.058s][info][gc,task     ] GC(90) Using 1 workers of 1 for evacuation
[2026-07-01T02:08:48.746+0000][85.083s][info][gc,phases   ] GC(90)   Pre Evacuate Collection Set: 0.48ms
[2026-07-01T02:08:48.746+0000][85.083s][info][gc,phases   ] GC(90)   Merge Heap Roots: 0.32ms
[2026-07-01T02:08:48.746+0000][85.083s][info][gc,phases   ] GC(90)   Evacuate Collection Set: 23.88ms
[2026-07-01T02:08:48.746+0000][85.083s][info][gc,phases   ] GC(90)   Post Evacuate Collection Set: 0.60ms
[2026-07-01T02:08:48.746+0000][85.083s][info][gc,phases   ] GC(90)   Other: 0.06ms
[2026-07-01T02:08:48.746+0000][85.083s][info][gc,heap     ] GC(90) Eden regions: 145->0(145)
[2026-07-01T02:08:48.746+0000][85.083s][info][gc,heap     ] GC(90) Survivor regions: 7->7(19)
[2026-07-01T02:08:48.746+0000][85.083s][info][gc,heap     ] GC(90) Old regions: 156->156
[2026-07-01T02:08:48.746+0000][85.083s][info][gc,heap     ] GC(90) Humongous regions: 3->3
[2026-07-01T02:08:48.746+0000][85.083s][info][gc,metaspace] GC(90) Metaspace: 41614K(42432K)->41614K(42432K) NonClass: 36492K(36928K)->36492K(36928K) Class: 5122K(5504K)->5122K(5504K)
[2026-07-01T02:08:48.746+0000][85.083s][info][gc          ] GC(90) Pause Young (Mixed) (G1 Evacuation Pause) 309M->165M(328M) 25.539ms
[2026-07-01T02:08:48.746+0000][85.083s][info][gc,cpu      ] GC(90) User=0.03s Sys=0.00s Real=0.02s
[2026-07-01T02:08:50.937+0000][87.274s][info][gc,start    ] GC(91) Pause Young (Concurrent Start) (G1 Evacuation Pause)
[2026-07-01T02:08:50.937+0000][87.275s][info][gc,task     ] GC(91) Using 1 workers of 1 for evacuation
[2026-07-01T02:08:51.019+0000][87.357s][info][gc,phases   ] GC(91)   Pre Evacuate Collection Set: 0.75ms
[2026-07-01T02:08:51.020+0000][87.357s][info][gc,phases   ] GC(91)   Merge Heap Roots: 0.29ms
[2026-07-01T02:08:51.020+0000][87.357s][info][gc,phases   ] GC(91)   Evacuate Collection Set: 79.96ms
[2026-07-01T02:08:51.020+0000][87.357s][info][gc,phases   ] GC(91)   Post Evacuate Collection Set: 1.04ms
[2026-07-01T02:08:51.020+0000][87.357s][info][gc,phases   ] GC(91)   Other: 0.10ms
[2026-07-01T02:08:51.020+0000][87.357s][info][gc,heap     ] GC(91) Eden regions: 145->0(145)
[2026-07-01T02:08:51.020+0000][87.357s][info][gc,heap     ] GC(91) Survivor regions: 7->7(19)
[2026-07-01T02:08:51.020+0000][87.357s][info][gc,heap     ] GC(91) Old regions: 156->156
[2026-07-01T02:08:51.020+0000][87.357s][info][gc,heap     ] GC(91) Humongous regions: 3->3
[2026-07-01T02:08:51.020+0000][87.357s][info][gc,metaspace] GC(91) Metaspace: 41614K(42432K)->41614K(42432K) NonClass: 36492K(36928K)->36492K(36928K) Class: 5122K(5504K)->5122K(5504K)
[2026-07-01T02:08:51.020+0000][87.357s][info][gc          ] GC(91) Pause Young (Concurrent Start) (G1 Evacuation Pause) 310M->165M(328M) 82.364ms
[2026-07-01T02:08:51.020+0000][87.357s][info][gc          ] GC(92) Concurrent Mark Cycle
[2026-07-01T02:08:51.020+0000][87.357s][info][gc,marking  ] GC(92) Concurrent Scan Root Regions
[2026-07-01T02:08:51.020+0000][87.357s][info][gc,cpu      ] GC(91) User=0.06s Sys=0.00s Real=0.09s
[2026-07-01T02:08:51.200+0000][87.537s][info][gc,marking  ] GC(92) Concurrent Scan Root Regions 180.229ms
[2026-07-01T02:08:51.200+0000][87.537s][info][gc,marking  ] GC(92) Concurrent Mark
[2026-07-01T02:08:51.200+0000][87.537s][info][gc,marking  ] GC(92) Concurrent Mark From Roots
[2026-07-01T02:08:51.200+0000][87.537s][info][gc,task     ] GC(92) Using 1 workers of 1 for marking
[2026-07-01T02:08:52.431+0000][88.768s][info][gc,marking  ] GC(92) Concurrent Mark From Roots 1230.819ms
[2026-07-01T02:08:52.431+0000][88.768s][info][gc,marking  ] GC(92) Concurrent Preclean
[2026-07-01T02:08:52.431+0000][88.768s][info][gc,marking  ] GC(92) Concurrent Preclean 0.271ms
[2026-07-01T02:08:52.431+0000][88.769s][info][gc,start    ] GC(92) Pause Remark
[2026-07-01T02:08:52.509+0000][88.846s][info][gc          ] GC(92) Pause Remark 230M->230M(328M) 77.880ms
[2026-07-01T02:08:52.509+0000][88.847s][info][gc,cpu      ] GC(92) User=0.03s Sys=0.00s Real=0.08s
[2026-07-01T02:08:52.516+0000][88.853s][info][gc,marking  ] GC(92) Concurrent Mark 1315.777ms
[2026-07-01T02:08:52.516+0000][88.853s][info][gc,marking  ] GC(92) Concurrent Rebuild Remembered Sets and Scrub Regions
[2026-07-01T02:08:53.120+0000][89.457s][info][gc,marking  ] GC(92) Concurrent Rebuild Remembered Sets and Scrub Regions 603.781ms
[2026-07-01T02:08:53.120+0000][89.457s][info][gc,start    ] GC(92) Pause Cleanup
[2026-07-01T02:08:53.120+0000][89.457s][info][gc          ] GC(92) Pause Cleanup 267M->267M(328M) 0.327ms
[2026-07-01T02:08:53.120+0000][89.457s][info][gc,cpu      ] GC(92) User=0.00s Sys=0.00s Real=0.00s
[2026-07-01T02:08:53.121+0000][89.458s][info][gc,marking  ] GC(92) Concurrent Clear Claimed Marks
[2026-07-01T02:08:53.121+0000][89.458s][info][gc,marking  ] GC(92) Concurrent Clear Claimed Marks 0.105ms
[2026-07-01T02:08:53.121+0000][89.458s][info][gc,marking  ] GC(92) Concurrent Cleanup for Next Mark
[2026-07-01T02:08:53.125+0000][89.462s][info][gc,marking  ] GC(92) Concurrent Cleanup for Next Mark 3.990ms
[2026-07-01T02:08:53.125+0000][89.462s][info][gc          ] GC(92) Concurrent Mark Cycle 2105.348ms
[2026-07-01T02:08:53.816+0000][90.153s][info][gc,start    ] GC(93) Pause Young (Prepare Mixed) (G1 Evacuation Pause)
[2026-07-01T02:08:53.816+0000][90.153s][info][gc,task     ] GC(93) Using 1 workers of 1 for evacuation
[2026-07-01T02:08:53.841+0000][90.179s][info][gc,phases   ] GC(93)   Pre Evacuate Collection Set: 0.75ms
[2026-07-01T02:08:53.841+0000][90.179s][info][gc,phases   ] GC(93)   Merge Heap Roots: 0.52ms
[2026-07-01T02:08:53.841+0000][90.179s][info][gc,phases   ] GC(93)   Evacuate Collection Set: 23.40ms
[2026-07-01T02:08:53.842+0000][90.179s][info][gc,phases   ] GC(93)   Post Evacuate Collection Set: 1.05ms
[2026-07-01T02:08:53.842+0000][90.179s][info][gc,phases   ] GC(93)   Other: 0.05ms
[2026-07-01T02:08:53.842+0000][90.179s][info][gc,heap     ] GC(93) Eden regions: 145->0(144)
[2026-07-01T02:08:53.842+0000][90.179s][info][gc,heap     ] GC(93) Survivor regions: 7->8(19)
[2026-07-01T02:08:53.842+0000][90.179s][info][gc,heap     ] GC(93) Old regions: 156->156
[2026-07-01T02:08:53.842+0000][90.179s][info][gc,heap     ] GC(93) Humongous regions: 3->3
[2026-07-01T02:08:53.842+0000][90.179s][info][gc,metaspace] GC(93) Metaspace: 41614K(42432K)->41614K(42432K) NonClass: 36492K(36928K)->36492K(36928K) Class: 5122K(5504K)->5122K(5504K)
[2026-07-01T02:08:53.842+0000][90.179s][info][gc          ] GC(93) Pause Young (Prepare Mixed) (G1 Evacuation Pause) 310M->166M(328M) 26.018ms
[2026-07-01T02:08:53.842+0000][90.179s][info][gc,cpu      ] GC(93) User=0.03s Sys=0.00s Real=0.03s
[2026-07-01T02:08:55.845+0000][92.182s][info][gc,start    ] GC(94) Pause Young (Mixed) (G1 Evacuation Pause)
[2026-07-01T02:08:55.845+0000][92.182s][info][gc,task     ] GC(94) Using 1 workers of 1 for evacuation
[2026-07-01T02:08:55.918+0000][92.255s][info][gc,phases   ] GC(94)   Pre Evacuate Collection Set: 0.20ms
[2026-07-01T02:08:55.918+0000][92.255s][info][gc,phases   ] GC(94)   Merge Heap Roots: 0.41ms
[2026-07-01T02:08:55.918+0000][92.255s][info][gc,phases   ] GC(94)   Evacuate Collection Set: 71.45ms
[2026-07-01T02:08:55.918+0000][92.255s][info][gc,phases   ] GC(94)   Post Evacuate Collection Set: 1.02ms
[2026-07-01T02:08:55.918+0000][92.255s][info][gc,phases   ] GC(94)   Other: 0.04ms
[2026-07-01T02:08:55.918+0000][92.255s][info][gc,heap     ] GC(94) Eden regions: 144->0(144)
[2026-07-01T02:08:55.918+0000][92.255s][info][gc,heap     ] GC(94) Survivor regions: 8->8(19)
[2026-07-01T02:08:55.918+0000][92.255s][info][gc,heap     ] GC(94) Old regions: 156->156
[2026-07-01T02:08:55.918+0000][92.255s][info][gc,heap     ] GC(94) Humongous regions: 3->3
[2026-07-01T02:08:55.918+0000][92.255s][info][gc,metaspace] GC(94) Metaspace: 41615K(42432K)->41615K(42432K) NonClass: 36493K(36928K)->36493K(36928K) Class: 5122K(5504K)->5122K(5504K)
[2026-07-01T02:08:55.918+0000][92.255s][info][gc          ] GC(94) Pause Young (Mixed) (G1 Evacuation Pause) 310M->166M(328M) 73.286ms
[2026-07-01T02:08:55.918+0000][92.255s][info][gc,cpu      ] GC(94) User=0.03s Sys=0.00s Real=0.07s
[2026-07-01T02:08:57.911+0000][94.248s][info][gc,start    ] GC(95) Pause Young (Concurrent Start) (G1 Evacuation Pause)
[2026-07-01T02:08:57.911+0000][94.248s][info][gc,task     ] GC(95) Using 1 workers of 1 for evacuation
[2026-07-01T02:08:57.938+0000][94.275s][info][gc,phases   ] GC(95)   Pre Evacuate Collection Set: 0.62ms
[2026-07-01T02:08:57.938+0000][94.275s][info][gc,phases   ] GC(95)   Merge Heap Roots: 0.33ms
[2026-07-01T02:08:57.938+0000][94.275s][info][gc,phases   ] GC(95)   Evacuate Collection Set: 25.30ms
[2026-07-01T02:08:57.938+0000][94.275s][info][gc,phases   ] GC(95)   Post Evacuate Collection Set: 0.66ms
[2026-07-01T02:08:57.938+0000][94.275s][info][gc,phases   ] GC(95)   Other: 0.08ms
[2026-07-01T02:08:57.938+0000][94.275s][info][gc,heap     ] GC(95) Eden regions: 144->0(143)
[2026-07-01T02:08:57.938+0000][94.275s][info][gc,heap     ] GC(95) Survivor regions: 8->8(19)
[2026-07-01T02:08:57.938+0000][94.275s][info][gc,heap     ] GC(95) Old regions: 156->157
[2026-07-01T02:08:57.938+0000][94.275s][info][gc,heap     ] GC(95) Humongous regions: 3->3
[2026-07-01T02:08:57.938+0000][94.275s][info][gc,metaspace] GC(95) Metaspace: 41615K(42432K)->41615K(42432K) NonClass: 36493K(36928K)->36493K(36928K) Class: 5122K(5504K)->5122K(5504K)
[2026-07-01T02:08:57.938+0000][94.275s][info][gc          ] GC(95) Pause Young (Concurrent Start) (G1 Evacuation Pause) 310M->167M(328M) 27.163ms
[2026-07-01T02:08:57.938+0000][94.275s][info][gc,cpu      ] GC(95) User=0.03s Sys=0.00s Real=0.03s
[2026-07-01T02:08:57.938+0000][94.275s][info][gc          ] GC(96) Concurrent Mark Cycle
[2026-07-01T02:08:57.938+0000][94.275s][info][gc,marking  ] GC(96) Concurrent Scan Root Regions
[2026-07-01T02:08:58.004+0000][94.341s][info][gc,marking  ] GC(96) Concurrent Scan Root Regions 65.323ms
[2026-07-01T02:08:58.004+0000][94.341s][info][gc,marking  ] GC(96) Concurrent Mark
[2026-07-01T02:08:58.004+0000][94.341s][info][gc,marking  ] GC(96) Concurrent Mark From Roots
[2026-07-01T02:08:58.004+0000][94.341s][info][gc,task     ] GC(96) Using 1 workers of 1 for marking
[2026-07-01T02:08:59.720+0000][96.057s][info][gc,marking  ] GC(96) Concurrent Mark From Roots 1716.145ms
[2026-07-01T02:08:59.720+0000][96.057s][info][gc,marking  ] GC(96) Concurrent Preclean
[2026-07-01T02:08:59.721+0000][96.058s][info][gc,marking  ] GC(96) Concurrent Preclean 1.199ms
[2026-07-01T02:08:59.723+0000][96.060s][info][gc,start    ] GC(96) Pause Remark
[2026-07-01T02:08:59.734+0000][96.071s][info][gc          ] GC(96) Pause Remark 266M->266M(328M) 11.431ms
[2026-07-01T02:08:59.734+0000][96.071s][info][gc,cpu      ] GC(96) User=0.02s Sys=0.00s Real=0.01s
[2026-07-01T02:08:59.739+0000][96.076s][info][gc,marking  ] GC(96) Concurrent Mark 1735.352ms
[2026-07-01T02:08:59.740+0000][96.077s][info][gc,marking  ] GC(96) Concurrent Rebuild Remembered Sets and Scrub Regions
[2026-07-01T02:09:00.322+0000][96.660s][info][gc,marking  ] GC(96) Concurrent Rebuild Remembered Sets and Scrub Regions 582.289ms
[2026-07-01T02:09:00.323+0000][96.661s][info][gc,start    ] GC(96) Pause Cleanup
[2026-07-01T02:09:00.324+0000][96.661s][info][gc          ] GC(96) Pause Cleanup 296M->296M(328M) 0.405ms
[2026-07-01T02:09:00.324+0000][96.661s][info][gc,cpu      ] GC(96) User=0.00s Sys=0.00s Real=0.00s
[2026-07-01T02:09:00.327+0000][96.664s][info][gc,marking  ] GC(96) Concurrent Clear Claimed Marks
[2026-07-01T02:09:00.327+0000][96.665s][info][gc,marking  ] GC(96) Concurrent Clear Claimed Marks 0.371ms
[2026-07-01T02:09:00.327+0000][96.665s][info][gc,marking  ] GC(96) Concurrent Cleanup for Next Mark
[2026-07-01T02:09:00.329+0000][96.666s][info][gc,marking  ] GC(96) Concurrent Cleanup for Next Mark 1.527ms
[2026-07-01T02:09:00.329+0000][96.666s][info][gc          ] GC(96) Concurrent Mark Cycle 2390.639ms
[2026-07-01T02:09:00.506+0000][96.843s][info][gc,start    ] GC(97) Pause Young (Prepare Mixed) (G1 Evacuation Pause)
[2026-07-01T02:09:00.506+0000][96.843s][info][gc,task     ] GC(97) Using 1 workers of 1 for evacuation
[2026-07-01T02:09:00.534+0000][96.871s][info][gc,phases   ] GC(97)   Pre Evacuate Collection Set: 0.57ms
[2026-07-01T02:09:00.534+0000][96.871s][info][gc,phases   ] GC(97)   Merge Heap Roots: 0.68ms
[2026-07-01T02:09:00.534+0000][96.871s][info][gc,phases   ] GC(97)   Evacuate Collection Set: 25.72ms
[2026-07-01T02:09:00.534+0000][96.871s][info][gc,phases   ] GC(97)   Post Evacuate Collection Set: 0.69ms
[2026-07-01T02:09:00.534+0000][96.871s][info][gc,phases   ] GC(97)   Other: 0.06ms
[2026-07-01T02:09:00.534+0000][96.871s][info][gc,heap     ] GC(97) Eden regions: 143->0(143)
[2026-07-01T02:09:00.534+0000][96.871s][info][gc,heap     ] GC(97) Survivor regions: 8->8(19)
[2026-07-01T02:09:00.534+0000][96.871s][info][gc,heap     ] GC(97) Old regions: 157->157
[2026-07-01T02:09:00.534+0000][96.871s][info][gc,heap     ] GC(97) Humongous regions: 3->3
[2026-07-01T02:09:00.534+0000][96.871s][info][gc,metaspace] GC(97) Metaspace: 41625K(42432K)->41625K(42432K) NonClass: 36503K(36928K)->36503K(36928K) Class: 5122K(5504K)->5122K(5504K)
[2026-07-01T02:09:00.534+0000][96.871s][info][gc          ] GC(97) Pause Young (Prepare Mixed) (G1 Evacuation Pause) 310M->167M(328M) 27.873ms
[2026-07-01T02:09:00.534+0000][96.871s][info][gc,cpu      ] GC(97) User=0.03s Sys=0.00s Real=0.03s
[2026-07-01T02:09:02.605+0000][98.942s][info][gc,start    ] GC(98) Pause Young (Mixed) (G1 Evacuation Pause)
[2026-07-01T02:09:02.605+0000][98.942s][info][gc,task     ] GC(98) Using 1 workers of 1 for evacuation
[2026-07-01T02:09:02.651+0000][98.988s][info][gc,phases   ] GC(98)   Pre Evacuate Collection Set: 0.20ms
[2026-07-01T02:09:02.651+0000][98.988s][info][gc,phases   ] GC(98)   Merge Heap Roots: 0.53ms
[2026-07-01T02:09:02.651+0000][98.988s][info][gc,phases   ] GC(98)   Evacuate Collection Set: 43.31ms
[2026-07-01T02:09:02.651+0000][98.988s][info][gc,phases   ] GC(98)   Post Evacuate Collection Set: 1.85ms
[2026-07-01T02:09:02.651+0000][98.988s][info][gc,phases   ] GC(98)   Other: 0.07ms
[2026-07-01T02:09:02.651+0000][98.988s][info][gc,heap     ] GC(98) Eden regions: 143->0(251)
[2026-07-01T02:09:02.651+0000][98.988s][info][gc,heap     ] GC(98) Survivor regions: 8->9(19)
[2026-07-01T02:09:02.651+0000][98.988s][info][gc,heap     ] GC(98) Old regions: 157->157
[2026-07-01T02:09:02.651+0000][98.988s][info][gc,heap     ] GC(98) Humongous regions: 3->3
[2026-07-01T02:09:02.651+0000][98.988s][info][gc,metaspace] GC(98) Metaspace: 41627K(42432K)->41627K(42432K) NonClass: 36505K(36928K)->36505K(36928K) Class: 5122K(5504K)->5122K(5504K)
[2026-07-01T02:09:02.651+0000][98.988s][info][gc          ] GC(98) Pause Young (Mixed) (G1 Evacuation Pause) 310M->167M(443M) 46.146ms
[2026-07-01T02:09:02.651+0000][98.988s][info][gc,cpu      ] GC(98) User=0.04s Sys=0.00s Real=0.05s
