[2026-07-01T02:26:47.564+0000][0.007s][info][gc,init] CardTable entry size: 512
[2026-07-01T02:26:47.564+0000][0.007s][info][gc     ] Using G1
[2026-07-01T02:26:47.565+0000][0.008s][info][gc,init] Version: 21.0.11+10-LTS (release)
[2026-07-01T02:26:47.565+0000][0.008s][info][gc,init] CPUs: 4 total, 2 available
[2026-07-01T02:26:47.565+0000][0.008s][info][gc,init] Memory: 2048M
[2026-07-01T02:26:47.565+0000][0.008s][info][gc,init] Large Page Support: Disabled
[2026-07-01T02:26:47.565+0000][0.008s][info][gc,init] NUMA Support: Disabled
[2026-07-01T02:26:47.565+0000][0.008s][info][gc,init] Compressed Oops: Enabled (32-bit)
[2026-07-01T02:26:47.565+0000][0.008s][info][gc,init] Heap Region Size: 1M
[2026-07-01T02:26:47.565+0000][0.008s][info][gc,init] Heap Min Capacity: 8M
[2026-07-01T02:26:47.565+0000][0.008s][info][gc,init] Heap Initial Capacity: 32M
[2026-07-01T02:26:47.565+0000][0.008s][info][gc,init] Heap Max Capacity: 1470M
[2026-07-01T02:26:47.565+0000][0.008s][info][gc,init] Pre-touch: Disabled
[2026-07-01T02:26:47.565+0000][0.008s][info][gc,init] Parallel Workers: 2
[2026-07-01T02:26:47.565+0000][0.008s][info][gc,init] Concurrent Workers: 1
[2026-07-01T02:26:47.565+0000][0.008s][info][gc,init] Concurrent Refinement Workers: 2
[2026-07-01T02:26:47.565+0000][0.008s][info][gc,init] Periodic GC: Enabled
[2026-07-01T02:26:47.565+0000][0.008s][info][gc,init] Periodic GC Interval: 10000ms
[2026-07-01T02:26:47.565+0000][0.008s][info][gc,init] G1 Time-Based Heap Sizing enabled (uncommit-only)
[2026-07-01T02:26:47.565+0000][0.008s][info][gc,init]   evaluation_interval=60000ms, uncommit_delay=300000ms, min_regions_to_uncommit=10
[2026-07-01T02:26:47.573+0000][0.017s][info][gc,metaspace] CDS archive(s) mapped at: [0x0000782f73000000-0x0000782f73c9b000-0x0000782f73c9b000), size 13217792, SharedBaseAddress: 0x0000782f73000000, ArchiveRelocationMode: 1.
[2026-07-01T02:26:47.573+0000][0.017s][info][gc,metaspace] Compressed class space mapped at: 0x0000782f74000000-0x0000782fb4000000, reserved size: 1073741824
[2026-07-01T02:26:47.573+0000][0.017s][info][gc,metaspace] Narrow klass base: 0x0000782f73000000, Narrow klass shift: 0, Narrow klass range: 0x100000000
[2026-07-01T02:26:48.066+0000][0.510s][info][gc,start    ] GC(0) Pause Young (Normal) (G1 Evacuation Pause)
[2026-07-01T02:26:48.066+0000][0.510s][info][gc,task     ] GC(0) Using 2 workers of 2 for evacuation
[2026-07-01T02:26:48.070+0000][0.513s][info][gc,phases   ] GC(0)   Pre Evacuate Collection Set: 0.08ms
[2026-07-01T02:26:48.070+0000][0.513s][info][gc,phases   ] GC(0)   Merge Heap Roots: 0.06ms
[2026-07-01T02:26:48.070+0000][0.513s][info][gc,phases   ] GC(0)   Evacuate Collection Set: 2.99ms
[2026-07-01T02:26:48.070+0000][0.513s][info][gc,phases   ] GC(0)   Post Evacuate Collection Set: 0.21ms
[2026-07-01T02:26:48.070+0000][0.513s][info][gc,phases   ] GC(0)   Other: 0.15ms
[2026-07-01T02:26:48.070+0000][0.513s][info][gc,heap     ] GC(0) Eden regions: 6->0(10)
[2026-07-01T02:26:48.070+0000][0.513s][info][gc,heap     ] GC(0) Survivor regions: 0->1(1)
[2026-07-01T02:26:48.070+0000][0.513s][info][gc,heap     ] GC(0) Old regions: 2->2
[2026-07-01T02:26:48.070+0000][0.513s][info][gc,heap     ] GC(0) Humongous regions: 0->0
[2026-07-01T02:26:48.070+0000][0.513s][info][gc,metaspace] GC(0) Metaspace: 1695K(1984K)->1695K(1984K) NonClass: 1507K(1664K)->1507K(1664K) Class: 187K(320K)->187K(320K)
[2026-07-01T02:26:48.070+0000][0.513s][info][gc          ] GC(0) Pause Young (Normal) (G1 Evacuation Pause) 7M->1M(34M) 3.693ms
[2026-07-01T02:26:48.070+0000][0.513s][info][gc,cpu      ] GC(0) User=0.01s Sys=0.00s Real=0.01s
[2026-07-01T02:26:48.400+0000][0.844s][info][gc,start    ] GC(1) Pause Young (Normal) (G1 Evacuation Pause)
[2026-07-01T02:26:48.400+0000][0.844s][info][gc,task     ] GC(1) Using 2 workers of 2 for evacuation
[2026-07-01T02:26:48.404+0000][0.847s][info][gc,phases   ] GC(1)   Pre Evacuate Collection Set: 0.81ms
[2026-07-01T02:26:48.404+0000][0.847s][info][gc,phases   ] GC(1)   Merge Heap Roots: 0.03ms
[2026-07-01T02:26:48.404+0000][0.847s][info][gc,phases   ] GC(1)   Evacuate Collection Set: 2.62ms
[2026-07-01T02:26:48.404+0000][0.847s][info][gc,phases   ] GC(1)   Post Evacuate Collection Set: 0.20ms
[2026-07-01T02:26:48.404+0000][0.847s][info][gc,phases   ] GC(1)   Other: 0.08ms
[2026-07-01T02:26:48.404+0000][0.847s][info][gc,heap     ] GC(1) Eden regions: 10->0(17)
[2026-07-01T02:26:48.404+0000][0.847s][info][gc,heap     ] GC(1) Survivor regions: 1->2(2)
[2026-07-01T02:26:48.404+0000][0.847s][info][gc,heap     ] GC(1) Old regions: 2->2
[2026-07-01T02:26:48.404+0000][0.847s][info][gc,heap     ] GC(1) Humongous regions: 0->0
[2026-07-01T02:26:48.404+0000][0.847s][info][gc,metaspace] GC(1) Metaspace: 3398K(3648K)->3398K(3648K) NonClass: 3031K(3136K)->3031K(3136K) Class: 366K(512K)->366K(512K)
[2026-07-01T02:26:48.404+0000][0.848s][info][gc          ] GC(1) Pause Young (Normal) (G1 Evacuation Pause) 11M->2M(34M) 3.876ms
[2026-07-01T02:26:48.404+0000][0.848s][info][gc,cpu      ] GC(1) User=0.00s Sys=0.00s Real=0.00s
[2026-07-01T02:26:48.886+0000][1.329s][info][gc,start    ] GC(2) Pause Young (Normal) (G1 Evacuation Pause)
[2026-07-01T02:26:48.886+0000][1.329s][info][gc,task     ] GC(2) Using 2 workers of 2 for evacuation
[2026-07-01T02:26:48.890+0000][1.333s][info][gc,phases   ] GC(2)   Pre Evacuate Collection Set: 0.09ms
[2026-07-01T02:26:48.890+0000][1.333s][info][gc,phases   ] GC(2)   Merge Heap Roots: 0.04ms
[2026-07-01T02:26:48.890+0000][1.333s][info][gc,phases   ] GC(2)   Evacuate Collection Set: 3.11ms
[2026-07-01T02:26:48.890+0000][1.333s][info][gc,phases   ] GC(2)   Post Evacuate Collection Set: 0.61ms
[2026-07-01T02:26:48.890+0000][1.333s][info][gc,phases   ] GC(2)   Other: 0.04ms
[2026-07-01T02:26:48.890+0000][1.333s][info][gc,heap     ] GC(2) Eden regions: 17->0(16)
[2026-07-01T02:26:48.890+0000][1.333s][info][gc,heap     ] GC(2) Survivor regions: 2->3(3)
[2026-07-01T02:26:48.890+0000][1.333s][info][gc,heap     ] GC(2) Old regions: 2->2
[2026-07-01T02:26:48.890+0000][1.333s][info][gc,heap     ] GC(2) Humongous regions: 0->0
[2026-07-01T02:26:48.890+0000][1.333s][info][gc,metaspace] GC(2) Metaspace: 7254K(7552K)->7254K(7552K) NonClass: 6403K(6528K)->6403K(6528K) Class: 850K(1024K)->850K(1024K)
[2026-07-01T02:26:48.890+0000][1.333s][info][gc          ] GC(2) Pause Young (Normal) (G1 Evacuation Pause) 19M->3M(34M) 3.978ms
[2026-07-01T02:26:48.890+0000][1.333s][info][gc,cpu      ] GC(2) User=0.01s Sys=0.00s Real=0.01s
[2026-07-01T02:26:49.186+0000][1.630s][info][gc,start    ] GC(3) Pause Young (Normal) (G1 Evacuation Pause)
[2026-07-01T02:26:49.186+0000][1.630s][info][gc,task     ] GC(3) Using 2 workers of 2 for evacuation
[2026-07-01T02:26:49.192+0000][1.635s][info][gc,phases   ] GC(3)   Pre Evacuate Collection Set: 0.10ms
[2026-07-01T02:26:49.192+0000][1.635s][info][gc,phases   ] GC(3)   Merge Heap Roots: 0.04ms
[2026-07-01T02:26:49.192+0000][1.635s][info][gc,phases   ] GC(3)   Evacuate Collection Set: 4.84ms
[2026-07-01T02:26:49.192+0000][1.635s][info][gc,phases   ] GC(3)   Post Evacuate Collection Set: 0.45ms
[2026-07-01T02:26:49.192+0000][1.635s][info][gc,phases   ] GC(3)   Other: 0.05ms
[2026-07-01T02:26:49.192+0000][1.635s][info][gc,heap     ] GC(3) Eden regions: 16->0(16)
[2026-07-01T02:26:49.192+0000][1.635s][info][gc,heap     ] GC(3) Survivor regions: 3->3(3)
[2026-07-01T02:26:49.192+0000][1.635s][info][gc,heap     ] GC(3) Old regions: 2->4
[2026-07-01T02:26:49.192+0000][1.635s][info][gc,heap     ] GC(3) Humongous regions: 0->0
[2026-07-01T02:26:49.192+0000][1.635s][info][gc,metaspace] GC(3) Metaspace: 10299K(10624K)->10299K(10624K) NonClass: 8970K(9152K)->8970K(9152K) Class: 1328K(1472K)->1328K(1472K)
[2026-07-01T02:26:49.192+0000][1.635s][info][gc          ] GC(3) Pause Young (Normal) (G1 Evacuation Pause) 19M->4M(34M) 5.639ms
[2026-07-01T02:26:49.192+0000][1.635s][info][gc,cpu      ] GC(3) User=0.01s Sys=0.00s Real=0.01s
[2026-07-01T02:26:49.369+0000][1.813s][info][gc,start    ] GC(4) Pause Young (Normal) (G1 Evacuation Pause)
[2026-07-01T02:26:49.369+0000][1.813s][info][gc,task     ] GC(4) Using 2 workers of 2 for evacuation
[2026-07-01T02:26:49.373+0000][1.817s][info][gc,phases   ] GC(4)   Pre Evacuate Collection Set: 0.08ms
[2026-07-01T02:26:49.373+0000][1.817s][info][gc,phases   ] GC(4)   Merge Heap Roots: 0.04ms
[2026-07-01T02:26:49.373+0000][1.817s][info][gc,phases   ] GC(4)   Evacuate Collection Set: 3.02ms
[2026-07-01T02:26:49.373+0000][1.817s][info][gc,phases   ] GC(4)   Post Evacuate Collection Set: 0.30ms
[2026-07-01T02:26:49.373+0000][1.817s][info][gc,phases   ] GC(4)   Other: 0.05ms
[2026-07-01T02:26:49.373+0000][1.817s][info][gc,heap     ] GC(4) Eden regions: 16->0(16)
[2026-07-01T02:26:49.373+0000][1.817s][info][gc,heap     ] GC(4) Survivor regions: 3->3(3)
[2026-07-01T02:26:49.373+0000][1.817s][info][gc,heap     ] GC(4) Old regions: 4->5
[2026-07-01T02:26:49.373+0000][1.817s][info][gc,heap     ] GC(4) Humongous regions: 0->0
[2026-07-01T02:26:49.373+0000][1.817s][info][gc,metaspace] GC(4) Metaspace: 13944K(14336K)->13944K(14336K) NonClass: 12206K(12416K)->12206K(12416K) Class: 1737K(1920K)->1737K(1920K)
[2026-07-01T02:26:49.373+0000][1.817s][info][gc          ] GC(4) Pause Young (Normal) (G1 Evacuation Pause) 20M->5M(34M) 3.610ms
[2026-07-01T02:26:49.373+0000][1.817s][info][gc,cpu      ] GC(4) User=0.01s Sys=0.00s Real=0.00s
[2026-07-01T02:26:49.511+0000][1.955s][info][gc,start    ] GC(5) Pause Young (Normal) (G1 Evacuation Pause)
[2026-07-01T02:26:49.511+0000][1.955s][info][gc,task     ] GC(5) Using 2 workers of 2 for evacuation
[2026-07-01T02:26:49.515+0000][1.958s][info][gc,phases   ] GC(5)   Pre Evacuate Collection Set: 0.09ms
[2026-07-01T02:26:49.515+0000][1.958s][info][gc,phases   ] GC(5)   Merge Heap Roots: 0.05ms
[2026-07-01T02:26:49.515+0000][1.958s][info][gc,phases   ] GC(5)   Evacuate Collection Set: 2.88ms
[2026-07-01T02:26:49.515+0000][1.958s][info][gc,phases   ] GC(5)   Post Evacuate Collection Set: 0.28ms
[2026-07-01T02:26:49.515+0000][1.958s][info][gc,phases   ] GC(5)   Other: 0.05ms
[2026-07-01T02:26:49.515+0000][1.958s][info][gc,heap     ] GC(5) Eden regions: 16->0(17)
[2026-07-01T02:26:49.515+0000][1.958s][info][gc,heap     ] GC(5) Survivor regions: 3->2(3)
[2026-07-01T02:26:49.515+0000][1.958s][info][gc,heap     ] GC(5) Old regions: 5->6
[2026-07-01T02:26:49.515+0000][1.958s][info][gc,heap     ] GC(5) Humongous regions: 0->0
[2026-07-01T02:26:49.515+0000][1.958s][info][gc,metaspace] GC(5) Metaspace: 17308K(17792K)->17308K(17792K) NonClass: 15136K(15424K)->15136K(15424K) Class: 2171K(2368K)->2171K(2368K)
[2026-07-01T02:26:49.515+0000][1.958s][info][gc          ] GC(5) Pause Young (Normal) (G1 Evacuation Pause) 21M->6M(34M) 3.456ms
[2026-07-01T02:26:49.515+0000][1.958s][info][gc,cpu      ] GC(5) User=0.00s Sys=0.00s Real=0.00s
[2026-07-01T02:26:49.725+0000][2.169s][info][gc,start    ] GC(6) Pause Young (Normal) (G1 Evacuation Pause)
[2026-07-01T02:26:49.725+0000][2.169s][info][gc,task     ] GC(6) Using 2 workers of 2 for evacuation
[2026-07-01T02:26:49.729+0000][2.173s][info][gc,phases   ] GC(6)   Pre Evacuate Collection Set: 0.10ms
[2026-07-01T02:26:49.729+0000][2.173s][info][gc,phases   ] GC(6)   Merge Heap Roots: 0.05ms
[2026-07-01T02:26:49.729+0000][2.173s][info][gc,phases   ] GC(6)   Evacuate Collection Set: 3.54ms
[2026-07-01T02:26:49.729+0000][2.173s][info][gc,phases   ] GC(6)   Post Evacuate Collection Set: 0.44ms
[2026-07-01T02:26:49.729+0000][2.173s][info][gc,phases   ] GC(6)   Other: 0.05ms
[2026-07-01T02:26:49.729+0000][2.173s][info][gc,heap     ] GC(6) Eden regions: 17->0(21)
[2026-07-01T02:26:49.729+0000][2.173s][info][gc,heap     ] GC(6) Survivor regions: 2->3(3)
[2026-07-01T02:26:49.729+0000][2.173s][info][gc,heap     ] GC(6) Old regions: 6->7
[2026-07-01T02:26:49.729+0000][2.173s][info][gc,heap     ] GC(6) Humongous regions: 0->0
[2026-07-01T02:26:49.729+0000][2.173s][info][gc,metaspace] GC(6) Metaspace: 19392K(19776K)->19392K(19776K) NonClass: 16965K(17216K)->16965K(17216K) Class: 2427K(2560K)->2427K(2560K)
[2026-07-01T02:26:49.729+0000][2.173s][info][gc          ] GC(6) Pause Young (Normal) (G1 Evacuation Pause) 23M->8M(41M) 4.287ms
[2026-07-01T02:26:49.729+0000][2.173s][info][gc,cpu      ] GC(6) User=0.01s Sys=0.00s Real=0.01s
[2026-07-01T02:26:49.985+0000][2.428s][info][gc,start    ] GC(7) Pause Young (Normal) (G1 Evacuation Pause)
[2026-07-01T02:26:49.985+0000][2.428s][info][gc,task     ] GC(7) Using 2 workers of 2 for evacuation
[2026-07-01T02:26:49.988+0000][2.432s][info][gc,phases   ] GC(7)   Pre Evacuate Collection Set: 0.09ms
[2026-07-01T02:26:49.988+0000][2.432s][info][gc,phases   ] GC(7)   Merge Heap Roots: 0.06ms
[2026-07-01T02:26:49.988+0000][2.432s][info][gc,phases   ] GC(7)   Evacuate Collection Set: 3.07ms
[2026-07-01T02:26:49.988+0000][2.432s][info][gc,phases   ] GC(7)   Post Evacuate Collection Set: 0.35ms
[2026-07-01T02:26:49.988+0000][2.432s][info][gc,phases   ] GC(7)   Other: 0.05ms
[2026-07-01T02:26:49.988+0000][2.432s][info][gc,heap     ] GC(7) Eden regions: 21->0(21)
[2026-07-01T02:26:49.988+0000][2.432s][info][gc,heap     ] GC(7) Survivor regions: 3->3(3)
[2026-07-01T02:26:49.988+0000][2.432s][info][gc,heap     ] GC(7) Old regions: 7->8
[2026-07-01T02:26:49.988+0000][2.432s][info][gc,heap     ] GC(7) Humongous regions: 0->0
[2026-07-01T02:26:49.988+0000][2.432s][info][gc,metaspace] GC(7) Metaspace: 20573K(21056K)->20573K(21056K) NonClass: 18010K(18240K)->18010K(18240K) Class: 2562K(2816K)->2562K(2816K)
[2026-07-01T02:26:49.988+0000][2.432s][info][gc          ] GC(7) Pause Young (Normal) (G1 Evacuation Pause) 29M->9M(41M) 3.729ms
[2026-07-01T02:26:49.988+0000][2.432s][info][gc,cpu      ] GC(7) User=0.01s Sys=0.00s Real=0.01s
[2026-07-01T02:26:50.023+0000][2.466s][info][gc,start    ] GC(8) Pause Young (Concurrent Start) (Metadata GC Threshold)
[2026-07-01T02:26:50.023+0000][2.466s][info][gc,task     ] GC(8) Using 2 workers of 2 for evacuation
[2026-07-01T02:26:50.026+0000][2.469s][info][gc,phases   ] GC(8)   Pre Evacuate Collection Set: 0.10ms
[2026-07-01T02:26:50.026+0000][2.469s][info][gc,phases   ] GC(8)   Merge Heap Roots: 0.04ms
[2026-07-01T02:26:50.026+0000][2.469s][info][gc,phases   ] GC(8)   Evacuate Collection Set: 2.45ms
[2026-07-01T02:26:50.026+0000][2.469s][info][gc,phases   ] GC(8)   Post Evacuate Collection Set: 0.28ms
[2026-07-01T02:26:50.026+0000][2.469s][info][gc,phases   ] GC(8)   Other: 0.07ms
[2026-07-01T02:26:50.026+0000][2.469s][info][gc,heap     ] GC(8) Eden regions: 5->0(22)
[2026-07-01T02:26:50.026+0000][2.469s][info][gc,heap     ] GC(8) Survivor regions: 3->2(3)
[2026-07-01T02:26:50.026+0000][2.469s][info][gc,heap     ] GC(8) Old regions: 8->9
[2026-07-01T02:26:50.026+0000][2.469s][info][gc,heap     ] GC(8) Humongous regions: 0->0
[2026-07-01T02:26:50.026+0000][2.469s][info][gc,metaspace] GC(8) Metaspace: 21051K(21504K)->21051K(21504K) NonClass: 18429K(18688K)->18429K(18688K) Class: 2622K(2816K)->2622K(2816K)
[2026-07-01T02:26:50.026+0000][2.469s][info][gc          ] GC(8) Pause Young (Concurrent Start) (Metadata GC Threshold) 13M->9M(41M) 3.051ms
[2026-07-01T02:26:50.026+0000][2.469s][info][gc,cpu      ] GC(8) User=0.01s Sys=0.00s Real=0.00s
[2026-07-01T02:26:50.026+0000][2.469s][info][gc          ] GC(9) Concurrent Mark Cycle
[2026-07-01T02:26:50.026+0000][2.469s][info][gc,marking  ] GC(9) Concurrent Scan Root Regions
[2026-07-01T02:26:50.028+0000][2.472s][info][gc,marking  ] GC(9) Concurrent Scan Root Regions 2.194ms
[2026-07-01T02:26:50.028+0000][2.472s][info][gc,marking  ] GC(9) Concurrent Mark
[2026-07-01T02:26:50.028+0000][2.472s][info][gc,marking  ] GC(9) Concurrent Mark From Roots
[2026-07-01T02:26:50.028+0000][2.472s][info][gc,task     ] GC(9) Using 1 workers of 1 for marking
[2026-07-01T02:26:50.067+0000][2.511s][info][gc,marking  ] GC(9) Concurrent Mark From Roots 39.361ms
[2026-07-01T02:26:50.067+0000][2.511s][info][gc,marking  ] GC(9) Concurrent Preclean
[2026-07-01T02:26:50.067+0000][2.511s][info][gc,marking  ] GC(9) Concurrent Preclean 0.039ms
[2026-07-01T02:26:50.067+0000][2.511s][info][gc,start    ] GC(9) Pause Remark
[2026-07-01T02:26:50.070+0000][2.514s][info][gc,heap     ] GC(9) Heap shrink completed: uncommitted 19 regions (19MB), heap size now 22MB
[2026-07-01T02:26:50.070+0000][2.514s][info][gc          ] GC(9) Pause Remark 11M->11M(22M) 3.096ms
[2026-07-01T02:26:50.070+0000][2.514s][info][gc,cpu      ] GC(9) User=0.01s Sys=0.00s Real=0.01s
[2026-07-01T02:26:50.071+0000][2.514s][info][gc,marking  ] GC(9) Concurrent Mark 42.811ms
[2026-07-01T02:26:50.071+0000][2.514s][info][gc,marking  ] GC(9) Concurrent Rebuild Remembered Sets and Scrub Regions
[2026-07-01T02:26:50.075+0000][2.518s][info][gc,marking  ] GC(9) Concurrent Rebuild Remembered Sets and Scrub Regions 4.080ms
[2026-07-01T02:26:50.075+0000][2.519s][info][gc,start    ] GC(9) Pause Cleanup
[2026-07-01T02:26:50.075+0000][2.519s][info][gc          ] GC(9) Pause Cleanup 11M->11M(22M) 0.079ms
[2026-07-01T02:26:50.075+0000][2.519s][info][gc,cpu      ] GC(9) User=0.00s Sys=0.00s Real=0.00s
[2026-07-01T02:26:50.075+0000][2.519s][info][gc,marking  ] GC(9) Concurrent Clear Claimed Marks
[2026-07-01T02:26:50.075+0000][2.519s][info][gc,marking  ] GC(9) Concurrent Clear Claimed Marks 0.042ms
[2026-07-01T02:26:50.075+0000][2.519s][info][gc,marking  ] GC(9) Concurrent Cleanup for Next Mark
[2026-07-01T02:26:50.075+0000][2.519s][info][gc,marking  ] GC(9) Concurrent Cleanup for Next Mark 0.158ms
[2026-07-01T02:26:50.075+0000][2.519s][info][gc          ] GC(9) Concurrent Mark Cycle 49.618ms
[2026-07-01T02:26:50.199+0000][2.643s][info][gc,start    ] GC(10) Pause Young (Prepare Mixed) (G1 Evacuation Pause)
[2026-07-01T02:26:50.199+0000][2.643s][info][gc,task     ] GC(10) Using 2 workers of 2 for evacuation
[2026-07-01T02:26:50.203+0000][2.647s][info][gc,phases   ] GC(10)   Pre Evacuate Collection Set: 0.10ms
[2026-07-01T02:26:50.203+0000][2.647s][info][gc,phases   ] GC(10)   Merge Heap Roots: 0.06ms
[2026-07-01T02:26:50.203+0000][2.647s][info][gc,phases   ] GC(10)   Evacuate Collection Set: 3.44ms
[2026-07-01T02:26:50.203+0000][2.647s][info][gc,phases   ] GC(10)   Post Evacuate Collection Set: 0.34ms
[2026-07-01T02:26:50.203+0000][2.647s][info][gc,phases   ] GC(10)   Other: 0.05ms
[2026-07-01T02:26:50.203+0000][2.647s][info][gc,heap     ] GC(10) Eden regions: 11->0(11)
[2026-07-01T02:26:50.203+0000][2.647s][info][gc,heap     ] GC(10) Survivor regions: 2->1(2)
[2026-07-01T02:26:50.203+0000][2.647s][info][gc,heap     ] GC(10) Old regions: 9->11
[2026-07-01T02:26:50.203+0000][2.647s][info][gc,heap     ] GC(10) Humongous regions: 0->0
[2026-07-01T02:26:50.203+0000][2.647s][info][gc,metaspace] GC(10) Metaspace: 21982K(22464K)->21982K(22464K) NonClass: 19220K(19456K)->19220K(19456K) Class: 2761K(3008K)->2761K(3008K)
[2026-07-01T02:26:50.203+0000][2.647s][info][gc          ] GC(10) Pause Young (Prepare Mixed) (G1 Evacuation Pause) 20M->10M(25M) 4.110ms
[2026-07-01T02:26:50.203+0000][2.647s][info][gc,cpu      ] GC(10) User=0.00s Sys=0.00s Real=0.00s
[2026-07-01T02:26:50.378+0000][2.822s][info][gc,start    ] GC(11) Pause Young (Mixed) (G1 Evacuation Pause)
[2026-07-01T02:26:50.378+0000][2.822s][info][gc,task     ] GC(11) Using 2 workers of 2 for evacuation
[2026-07-01T02:26:50.382+0000][2.825s][info][gc,phases   ] GC(11)   Pre Evacuate Collection Set: 0.10ms
[2026-07-01T02:26:50.382+0000][2.825s][info][gc,phases   ] GC(11)   Merge Heap Roots: 0.05ms
[2026-07-01T02:26:50.382+0000][2.825s][info][gc,phases   ] GC(11)   Evacuate Collection Set: 3.06ms
[2026-07-01T02:26:50.382+0000][2.825s][info][gc,phases   ] GC(11)   Post Evacuate Collection Set: 0.41ms
[2026-07-01T02:26:50.382+0000][2.825s][info][gc,phases   ] GC(11)   Other: 0.05ms
[2026-07-01T02:26:50.382+0000][2.825s][info][gc,heap     ] GC(11) Eden regions: 11->0(15)
[2026-07-01T02:26:50.382+0000][2.825s][info][gc,heap     ] GC(11) Survivor regions: 1->2(2)
[2026-07-01T02:26:50.382+0000][2.825s][info][gc,heap     ] GC(11) Old regions: 11->10
[2026-07-01T02:26:50.382+0000][2.825s][info][gc,heap     ] GC(11) Humongous regions: 0->0
[2026-07-01T02:26:50.382+0000][2.825s][info][gc,metaspace] GC(11) Metaspace: 23206K(23680K)->23206K(23680K) NonClass: 20272K(20544K)->20272K(20544K) Class: 2933K(3136K)->2933K(3136K)
[2026-07-01T02:26:50.382+0000][2.825s][info][gc          ] GC(11) Pause Young (Mixed) (G1 Evacuation Pause) 21M->10M(30M) 3.813ms
[2026-07-01T02:26:50.382+0000][2.826s][info][gc,cpu      ] GC(11) User=0.01s Sys=0.00s Real=0.01s
[2026-07-01T02:26:50.584+0000][3.028s][info][gc,start    ] GC(12) Pause Young (Normal) (G1 Evacuation Pause)
[2026-07-01T02:26:50.584+0000][3.028s][info][gc,task     ] GC(12) Using 2 workers of 2 for evacuation
[2026-07-01T02:26:50.589+0000][3.033s][info][gc,phases   ] GC(12)   Pre Evacuate Collection Set: 0.09ms
[2026-07-01T02:26:50.589+0000][3.033s][info][gc,phases   ] GC(12)   Merge Heap Roots: 0.05ms
[2026-07-01T02:26:50.589+0000][3.033s][info][gc,phases   ] GC(12)   Evacuate Collection Set: 4.51ms
[2026-07-01T02:26:50.589+0000][3.033s][info][gc,phases   ] GC(12)   Post Evacuate Collection Set: 0.39ms
[2026-07-01T02:26:50.589+0000][3.033s][info][gc,phases   ] GC(12)   Other: 0.05ms
[2026-07-01T02:26:50.589+0000][3.033s][info][gc,heap     ] GC(12) Eden regions: 15->0(13)
[2026-07-01T02:26:50.589+0000][3.033s][info][gc,heap     ] GC(12) Survivor regions: 2->3(3)
[2026-07-01T02:26:50.589+0000][3.033s][info][gc,heap     ] GC(12) Old regions: 10->10
[2026-07-01T02:26:50.589+0000][3.033s][info][gc,heap     ] GC(12) Humongous regions: 0->0
[2026-07-01T02:26:50.590+0000][3.033s][info][gc,metaspace] GC(12) Metaspace: 26243K(26816K)->26243K(26816K) NonClass: 22911K(23232K)->22911K(23232K) Class: 3332K(3584K)->3332K(3584K)
[2026-07-01T02:26:50.590+0000][3.033s][info][gc          ] GC(12) Pause Young (Normal) (G1 Evacuation Pause) 25M->12M(30M) 5.201ms
[2026-07-01T02:26:50.590+0000][3.033s][info][gc,cpu      ] GC(12) User=0.01s Sys=0.00s Real=0.01s
[2026-07-01T02:26:50.708+0000][3.152s][info][gc,start    ] GC(13) Pause Young (Normal) (G1 Evacuation Pause)
[2026-07-01T02:26:50.708+0000][3.152s][info][gc,task     ] GC(13) Using 2 workers of 2 for evacuation
[2026-07-01T02:26:50.713+0000][3.157s][info][gc,phases   ] GC(13)   Pre Evacuate Collection Set: 0.09ms
[2026-07-01T02:26:50.713+0000][3.157s][info][gc,phases   ] GC(13)   Merge Heap Roots: 0.05ms
[2026-07-01T02:26:50.713+0000][3.157s][info][gc,phases   ] GC(13)   Evacuate Collection Set: 4.52ms
[2026-07-01T02:26:50.713+0000][3.157s][info][gc,phases   ] GC(13)   Post Evacuate Collection Set: 0.39ms
[2026-07-01T02:26:50.713+0000][3.157s][info][gc,phases   ] GC(13)   Other: 0.05ms
[2026-07-01T02:26:50.713+0000][3.157s][info][gc,heap     ] GC(13) Eden regions: 13->0(13)
[2026-07-01T02:26:50.713+0000][3.157s][info][gc,heap     ] GC(13) Survivor regions: 3->1(2)
[2026-07-01T02:26:50.713+0000][3.157s][info][gc,heap     ] GC(13) Old regions: 10->13
[2026-07-01T02:26:50.713+0000][3.157s][info][gc,heap     ] GC(13) Humongous regions: 0->0
[2026-07-01T02:26:50.713+0000][3.157s][info][gc,metaspace] GC(13) Metaspace: 27958K(28544K)->27958K(28544K) NonClass: 24391K(24704K)->24391K(24704K) Class: 3566K(3840K)->3566K(3840K)
[2026-07-01T02:26:50.713+0000][3.157s][info][gc          ] GC(13) Pause Young (Normal) (G1 Evacuation Pause) 25M->13M(30M) 5.205ms
[2026-07-01T02:26:50.713+0000][3.157s][info][gc,cpu      ] GC(13) User=0.02s Sys=0.00s Real=0.01s
[2026-07-01T02:26:50.903+0000][3.347s][info][gc,start    ] GC(14) Pause Young (Normal) (G1 Evacuation Pause)
[2026-07-01T02:26:50.903+0000][3.347s][info][gc,task     ] GC(14) Using 2 workers of 2 for evacuation
[2026-07-01T02:26:50.906+0000][3.350s][info][gc,phases   ] GC(14)   Pre Evacuate Collection Set: 0.09ms
[2026-07-01T02:26:50.906+0000][3.350s][info][gc,phases   ] GC(14)   Merge Heap Roots: 0.05ms
[2026-07-01T02:26:50.906+0000][3.350s][info][gc,phases   ] GC(14)   Evacuate Collection Set: 2.77ms
[2026-07-01T02:26:50.906+0000][3.350s][info][gc,phases   ] GC(14)   Post Evacuate Collection Set: 0.34ms
[2026-07-01T02:26:50.906+0000][3.350s][info][gc,phases   ] GC(14)   Other: 0.06ms
[2026-07-01T02:26:50.906+0000][3.350s][info][gc,heap     ] GC(14) Eden regions: 13->0(12)
[2026-07-01T02:26:50.906+0000][3.350s][info][gc,heap     ] GC(14) Survivor regions: 1->2(2)
[2026-07-01T02:26:50.906+0000][3.350s][info][gc,heap     ] GC(14) Old regions: 13->13
[2026-07-01T02:26:50.906+0000][3.350s][info][gc,heap     ] GC(14) Humongous regions: 0->0
[2026-07-01T02:26:50.906+0000][3.350s][info][gc,metaspace] GC(14) Metaspace: 29613K(30208K)->29613K(30208K) NonClass: 25808K(26176K)->25808K(26176K) Class: 3804K(4032K)->3804K(4032K)
[2026-07-01T02:26:50.906+0000][3.350s][info][gc          ] GC(14) Pause Young (Normal) (G1 Evacuation Pause) 26M->14M(30M) 3.429ms
[2026-07-01T02:26:50.906+0000][3.350s][info][gc,cpu      ] GC(14) User=0.01s Sys=0.00s Real=0.00s
[2026-07-01T02:26:51.038+0000][3.482s][info][gc,start    ] GC(15) Pause Young (Normal) (G1 Evacuation Pause)
[2026-07-01T02:26:51.038+0000][3.482s][info][gc,task     ] GC(15) Using 2 workers of 2 for evacuation
[2026-07-01T02:26:51.043+0000][3.486s][info][gc,phases   ] GC(15)   Pre Evacuate Collection Set: 0.11ms
[2026-07-01T02:26:51.043+0000][3.486s][info][gc,phases   ] GC(15)   Merge Heap Roots: 0.06ms
[2026-07-01T02:26:51.043+0000][3.486s][info][gc,phases   ] GC(15)   Evacuate Collection Set: 4.10ms
[2026-07-01T02:26:51.043+0000][3.487s][info][gc,phases   ] GC(15)   Post Evacuate Collection Set: 0.55ms
[2026-07-01T02:26:51.043+0000][3.487s][info][gc,phases   ] GC(15)   Other: 0.06ms
[2026-07-01T02:26:51.043+0000][3.487s][info][gc,heap     ] GC(15) Eden regions: 12->0(16)
[2026-07-01T02:26:51.043+0000][3.487s][info][gc,heap     ] GC(15) Survivor regions: 2->1(2)
[2026-07-01T02:26:51.043+0000][3.487s][info][gc,heap     ] GC(15) Old regions: 13->15
[2026-07-01T02:26:51.043+0000][3.487s][info][gc,heap     ] GC(15) Humongous regions: 0->0
[2026-07-01T02:26:51.043+0000][3.487s][info][gc,metaspace] GC(15) Metaspace: 31401K(32000K)->31401K(32000K) NonClass: 27349K(27712K)->27349K(27712K) Class: 4051K(4288K)->4051K(4288K)
[2026-07-01T02:26:51.043+0000][3.487s][info][gc          ] GC(15) Pause Young (Normal) (G1 Evacuation Pause) 26M->15M(37M) 5.042ms
[2026-07-01T02:26:51.043+0000][3.487s][info][gc,cpu      ] GC(15) User=0.01s Sys=0.00s Real=0.01s
[2026-07-01T02:26:51.294+0000][3.738s][info][gc,start    ] GC(16) Pause Young (Normal) (G1 Evacuation Pause)
[2026-07-01T02:26:51.294+0000][3.738s][info][gc,task     ] GC(16) Using 2 workers of 2 for evacuation
[2026-07-01T02:26:51.299+0000][3.743s][info][gc,phases   ] GC(16)   Pre Evacuate Collection Set: 0.12ms
[2026-07-01T02:26:51.299+0000][3.743s][info][gc,phases   ] GC(16)   Merge Heap Roots: 0.05ms
[2026-07-01T02:26:51.299+0000][3.743s][info][gc,phases   ] GC(16)   Evacuate Collection Set: 4.23ms
[2026-07-01T02:26:51.299+0000][3.743s][info][gc,phases   ] GC(16)   Post Evacuate Collection Set: 0.58ms
[2026-07-01T02:26:51.299+0000][3.743s][info][gc,phases   ] GC(16)   Other: 0.05ms
[2026-07-01T02:26:51.299+0000][3.743s][info][gc,heap     ] GC(16) Eden regions: 16->0(15)
[2026-07-01T02:26:51.299+0000][3.743s][info][gc,heap     ] GC(16) Survivor regions: 1->3(3)
[2026-07-01T02:26:51.299+0000][3.743s][info][gc,heap     ] GC(16) Old regions: 15->15
[2026-07-01T02:26:51.299+0000][3.743s][info][gc,heap     ] GC(16) Humongous regions: 0->0
[2026-07-01T02:26:51.299+0000][3.743s][info][gc,metaspace] GC(16) Metaspace: 34772K(35456K)->34772K(35456K) NonClass: 30232K(30592K)->30232K(30592K) Class: 4540K(4864K)->4540K(4864K)
[2026-07-01T02:26:51.299+0000][3.743s][info][gc          ] GC(16) Pause Young (Normal) (G1 Evacuation Pause) 31M->17M(37M) 5.168ms
[2026-07-01T02:26:51.299+0000][3.743s][info][gc,cpu      ] GC(16) User=0.01s Sys=0.00s Real=0.01s
[2026-07-01T02:26:51.386+0000][3.830s][info][gc,start    ] GC(17) Pause Young (Normal) (G1 Evacuation Pause)
[2026-07-01T02:26:51.386+0000][3.830s][info][gc,task     ] GC(17) Using 2 workers of 2 for evacuation
[2026-07-01T02:26:51.402+0000][3.846s][info][gc,phases   ] GC(17)   Pre Evacuate Collection Set: 0.10ms
[2026-07-01T02:26:51.402+0000][3.846s][info][gc,phases   ] GC(17)   Merge Heap Roots: 0.06ms
[2026-07-01T02:26:51.402+0000][3.846s][info][gc,phases   ] GC(17)   Evacuate Collection Set: 15.13ms
[2026-07-01T02:26:51.402+0000][3.846s][info][gc,phases   ] GC(17)   Post Evacuate Collection Set: 0.48ms
[2026-07-01T02:26:51.402+0000][3.846s][info][gc,phases   ] GC(17)   Other: 0.04ms
[2026-07-01T02:26:51.402+0000][3.846s][info][gc,heap     ] GC(17) Eden regions: 15->0(8)
[2026-07-01T02:26:51.402+0000][3.846s][info][gc,heap     ] GC(17) Survivor regions: 3->3(3)
[2026-07-01T02:26:51.402+0000][3.846s][info][gc,heap     ] GC(17) Old regions: 15->24
[2026-07-01T02:26:51.402+0000][3.846s][info][gc,heap     ] GC(17) Humongous regions: 0->0
[2026-07-01T02:26:51.402+0000][3.846s][info][gc,metaspace] GC(17) Metaspace: 35488K(36224K)->35488K(36224K) NonClass: 30864K(31296K)->30864K(31296K) Class: 4623K(4928K)->4623K(4928K)
[2026-07-01T02:26:51.402+0000][3.846s][info][gc          ] GC(17) Pause Young (Normal) (G1 Evacuation Pause) 32M->26M(45M) 15.988ms
[2026-07-01T02:26:51.402+0000][3.846s][info][gc,cpu      ] GC(17) User=0.03s Sys=0.00s Real=0.02s
[2026-07-01T02:26:51.411+0000][3.854s][info][gc,start    ] GC(18) Pause Young (Concurrent Start) (G1 Evacuation Pause)
[2026-07-01T02:26:51.411+0000][3.854s][info][gc,task     ] GC(18) Using 2 workers of 2 for evacuation
[2026-07-01T02:26:51.420+0000][3.864s][info][gc,phases   ] GC(18)   Pre Evacuate Collection Set: 0.11ms
[2026-07-01T02:26:51.420+0000][3.864s][info][gc,phases   ] GC(18)   Merge Heap Roots: 0.08ms
[2026-07-01T02:26:51.420+0000][3.864s][info][gc,phases   ] GC(18)   Evacuate Collection Set: 9.10ms
[2026-07-01T02:26:51.420+0000][3.864s][info][gc,phases   ] GC(18)   Post Evacuate Collection Set: 0.30ms
[2026-07-01T02:26:51.420+0000][3.864s][info][gc,phases   ] GC(18)   Other: 0.08ms
[2026-07-01T02:26:51.420+0000][3.864s][info][gc,heap     ] GC(18) Eden regions: 8->0(3)
[2026-07-01T02:26:51.420+0000][3.864s][info][gc,heap     ] GC(18) Survivor regions: 3->2(2)
[2026-07-01T02:26:51.420+0000][3.864s][info][gc,heap     ] GC(18) Old regions: 24->32
[2026-07-01T02:26:51.420+0000][3.864s][info][gc,heap     ] GC(18) Humongous regions: 0->0
[2026-07-01T02:26:51.420+0000][3.864s][info][gc,metaspace] GC(18) Metaspace: 35490K(36224K)->35490K(36224K) NonClass: 30867K(31296K)->30867K(31296K) Class: 4623K(4928K)->4623K(4928K)
[2026-07-01T02:26:51.420+0000][3.864s][info][gc          ] GC(18) Pause Young (Concurrent Start) (G1 Evacuation Pause) 34M->33M(45M) 9.807ms
[2026-07-01T02:26:51.420+0000][3.864s][info][gc,cpu      ] GC(18) User=0.03s Sys=0.00s Real=0.01s
[2026-07-01T02:26:51.420+0000][3.864s][info][gc          ] GC(19) Concurrent Mark Cycle
[2026-07-01T02:26:51.420+0000][3.864s][info][gc,marking  ] GC(19) Concurrent Scan Root Regions
[2026-07-01T02:26:51.425+0000][3.869s][info][gc,start    ] GC(20) Pause Young (Normal) (G1 Evacuation Pause)
[2026-07-01T02:26:51.425+0000][3.869s][info][gc,task     ] GC(20) Using 2 workers of 2 for evacuation
[2026-07-01T02:26:51.427+0000][3.870s][info][gc,marking  ] GC(19) Concurrent Scan Root Regions 6.271ms
[2026-07-01T02:26:51.427+0000][3.870s][info][gc,marking  ] GC(19) Concurrent Mark
[2026-07-01T02:26:51.427+0000][3.870s][info][gc,marking  ] GC(19) Concurrent Mark From Roots
[2026-07-01T02:26:51.427+0000][3.870s][info][gc,task     ] GC(19) Using 1 workers of 1 for marking
[2026-07-01T02:26:51.432+0000][3.875s][info][gc,phases   ] GC(20)   Pre Evacuate Collection Set: 0.10ms
[2026-07-01T02:26:51.432+0000][3.875s][info][gc,phases   ] GC(20)   Merge Heap Roots: 0.04ms
[2026-07-01T02:26:51.432+0000][3.875s][info][gc,phases   ] GC(20)   Evacuate Collection Set: 4.04ms
[2026-07-01T02:26:51.432+0000][3.875s][info][gc,phases   ] GC(20)   Post Evacuate Collection Set: 0.71ms
[2026-07-01T02:26:51.432+0000][3.875s][info][gc,phases   ] GC(20)   Other: 0.03ms
[2026-07-01T02:26:51.432+0000][3.875s][info][gc,heap     ] GC(20) Eden regions: 3->0(33)
[2026-07-01T02:26:51.432+0000][3.875s][info][gc,heap     ] GC(20) Survivor regions: 2->1(1)
[2026-07-01T02:26:51.432+0000][3.875s][info][gc,heap     ] GC(20) Old regions: 32->36
[2026-07-01T02:26:51.432+0000][3.875s][info][gc,heap     ] GC(20) Humongous regions: 0->0
[2026-07-01T02:26:51.432+0000][3.875s][info][gc,metaspace] GC(20) Metaspace: 35492K(36224K)->35492K(36224K) NonClass: 30869K(31296K)->30869K(31296K) Class: 4623K(4928K)->4623K(4928K)
[2026-07-01T02:26:51.432+0000][3.875s][info][gc          ] GC(20) Pause Young (Normal) (G1 Evacuation Pause) 36M->36M(108M) 6.560ms
[2026-07-01T02:26:51.432+0000][3.875s][info][gc,cpu      ] GC(20) User=0.01s Sys=0.00s Real=0.01s
[2026-07-01T02:26:51.486+0000][3.929s][info][gc,start    ] GC(21) Pause Young (Normal) (G1 Evacuation Pause)
[2026-07-01T02:26:51.486+0000][3.929s][info][gc,task     ] GC(21) Using 2 workers of 2 for evacuation
[2026-07-01T02:26:51.513+0000][3.957s][info][gc,phases   ] GC(21)   Pre Evacuate Collection Set: 0.46ms
[2026-07-01T02:26:51.513+0000][3.957s][info][gc,phases   ] GC(21)   Merge Heap Roots: 0.07ms
[2026-07-01T02:26:51.513+0000][3.957s][info][gc,phases   ] GC(21)   Evacuate Collection Set: 26.19ms
[2026-07-01T02:26:51.513+0000][3.957s][info][gc,phases   ] GC(21)   Post Evacuate Collection Set: 0.31ms
[2026-07-01T02:26:51.513+0000][3.957s][info][gc,phases   ] GC(21)   Other: 0.07ms
[2026-07-01T02:26:51.513+0000][3.957s][info][gc,heap     ] GC(21) Eden regions: 33->0(15)
[2026-07-01T02:26:51.513+0000][3.957s][info][gc,heap     ] GC(21) Survivor regions: 1->5(5)
[2026-07-01T02:26:51.513+0000][3.957s][info][gc,heap     ] GC(21) Old regions: 36->59
[2026-07-01T02:26:51.513+0000][3.957s][info][gc,heap     ] GC(21) Humongous regions: 3->3
[2026-07-01T02:26:51.513+0000][3.957s][info][gc,metaspace] GC(21) Metaspace: 35495K(36224K)->35495K(36224K) NonClass: 30871K(31296K)->30871K(31296K) Class: 4624K(4928K)->4624K(4928K)
[2026-07-01T02:26:51.513+0000][3.957s][info][gc          ] GC(21) Pause Young (Normal) (G1 Evacuation Pause) 72M->66M(108M) 27.238ms
[2026-07-01T02:26:51.513+0000][3.957s][info][gc,cpu      ] GC(21) User=0.05s Sys=0.00s Real=0.03s
[2026-07-01T02:26:51.515+0000][3.959s][info][gc,marking  ] GC(19) Concurrent Mark From Roots 88.376ms
[2026-07-01T02:26:51.515+0000][3.959s][info][gc,marking  ] GC(19) Concurrent Preclean
[2026-07-01T02:26:51.515+0000][3.959s][info][gc,marking  ] GC(19) Concurrent Preclean 0.052ms
[2026-07-01T02:26:51.515+0000][3.959s][info][gc,start    ] GC(19) Pause Remark
[2026-07-01T02:26:51.520+0000][3.964s][info][gc          ] GC(19) Pause Remark 68M->68M(108M) 4.799ms
[2026-07-01T02:26:51.520+0000][3.964s][info][gc,cpu      ] GC(19) User=0.01s Sys=0.00s Real=0.01s
[2026-07-01T02:26:51.520+0000][3.964s][info][gc,marking  ] GC(19) Concurrent Mark 93.435ms
[2026-07-01T02:26:51.520+0000][3.964s][info][gc,marking  ] GC(19) Concurrent Rebuild Remembered Sets and Scrub Regions
[2026-07-01T02:26:51.529+0000][3.973s][info][gc,start    ] GC(22) Pause Young (Normal) (G1 Evacuation Pause)
[2026-07-01T02:26:51.529+0000][3.973s][info][gc,task     ] GC(22) Using 2 workers of 2 for evacuation
[2026-07-01T02:26:51.540+0000][3.984s][info][gc,phases   ] GC(22)   Pre Evacuate Collection Set: 0.09ms
[2026-07-01T02:26:51.540+0000][3.984s][info][gc,phases   ] GC(22)   Merge Heap Roots: 0.05ms
[2026-07-01T02:26:51.540+0000][3.984s][info][gc,phases   ] GC(22)   Evacuate Collection Set: 10.54ms
[2026-07-01T02:26:51.540+0000][3.984s][info][gc,phases   ] GC(22)   Post Evacuate Collection Set: 0.30ms
[2026-07-01T02:26:51.540+0000][3.984s][info][gc,phases   ] GC(22)   Other: 0.04ms
[2026-07-01T02:26:51.540+0000][3.984s][info][gc,heap     ] GC(22) Eden regions: 15->0(9)
[2026-07-01T02:26:51.540+0000][3.984s][info][gc,heap     ] GC(22) Survivor regions: 5->3(3)
[2026-07-01T02:26:51.540+0000][3.984s][info][gc,heap     ] GC(22) Old regions: 59->73
[2026-07-01T02:26:51.540+0000][3.984s][info][gc,heap     ] GC(22) Humongous regions: 3->3
[2026-07-01T02:26:51.540+0000][3.984s][info][gc,metaspace] GC(22) Metaspace: 35496K(36224K)->35496K(36224K) NonClass: 30872K(31296K)->30872K(31296K) Class: 4624K(4928K)->4624K(4928K)
[2026-07-01T02:26:51.540+0000][3.984s][info][gc          ] GC(22) Pause Young (Normal) (G1 Evacuation Pause) 81M->78M(108M) 11.113ms
[2026-07-01T02:26:51.540+0000][3.984s][info][gc,cpu      ] GC(22) User=0.02s Sys=0.01s Real=0.01s
[2026-07-01T02:26:51.562+0000][4.006s][info][gc,start    ] GC(23) Pause Young (Normal) (G1 Evacuation Pause)
[2026-07-01T02:26:51.562+0000][4.006s][info][gc,task     ] GC(23) Using 2 workers of 2 for evacuation
[2026-07-01T02:26:51.570+0000][4.014s][info][gc,phases   ] GC(23)   Pre Evacuate Collection Set: 0.09ms
[2026-07-01T02:26:51.570+0000][4.014s][info][gc,phases   ] GC(23)   Merge Heap Roots: 0.17ms
[2026-07-01T02:26:51.570+0000][4.014s][info][gc,phases   ] GC(23)   Evacuate Collection Set: 7.85ms
[2026-07-01T02:26:51.570+0000][4.014s][info][gc,phases   ] GC(23)   Post Evacuate Collection Set: 0.30ms
[2026-07-01T02:26:51.570+0000][4.014s][info][gc,phases   ] GC(23)   Other: 0.04ms
[2026-07-01T02:26:51.570+0000][4.014s][info][gc,heap     ] GC(23) Eden regions: 9->0(6)
[2026-07-01T02:26:51.570+0000][4.014s][info][gc,heap     ] GC(23) Survivor regions: 3->2(2)
[2026-07-01T02:26:51.570+0000][4.014s][info][gc,heap     ] GC(23) Old regions: 73->82
[2026-07-01T02:26:51.570+0000][4.014s][info][gc,heap     ] GC(23) Humongous regions: 3->3
[2026-07-01T02:26:51.570+0000][4.014s][info][gc,metaspace] GC(23) Metaspace: 35509K(36224K)->35509K(36224K) NonClass: 30880K(31296K)->30880K(31296K) Class: 4628K(4928K)->4628K(4928K)
[2026-07-01T02:26:51.571+0000][4.014s][info][gc          ] GC(23) Pause Young (Normal) (G1 Evacuation Pause) 87M->86M(108M) 8.579ms
[2026-07-01T02:26:51.571+0000][4.014s][info][gc,cpu      ] GC(23) User=0.02s Sys=0.00s Real=0.01s
[2026-07-01T02:26:51.576+0000][4.020s][info][gc,start    ] GC(24) Pause Young (Normal) (G1 Evacuation Pause)
[2026-07-01T02:26:51.576+0000][4.020s][info][gc,task     ] GC(24) Using 2 workers of 2 for evacuation
[2026-07-01T02:26:51.586+0000][4.030s][info][gc,phases   ] GC(24)   Pre Evacuate Collection Set: 0.08ms
[2026-07-01T02:26:51.586+0000][4.030s][info][gc,phases   ] GC(24)   Merge Heap Roots: 0.16ms
[2026-07-01T02:26:51.586+0000][4.030s][info][gc,phases   ] GC(24)   Evacuate Collection Set: 7.52ms
[2026-07-01T02:26:51.586+0000][4.030s][info][gc,phases   ] GC(24)   Post Evacuate Collection Set: 1.77ms
[2026-07-01T02:26:51.586+0000][4.030s][info][gc,phases   ] GC(24)   Other: 0.04ms
[2026-07-01T02:26:51.586+0000][4.030s][info][gc,heap     ] GC(24) Eden regions: 6->0(75)
[2026-07-01T02:26:51.586+0000][4.030s][info][gc,heap     ] GC(24) Survivor regions: 2->1(1)
[2026-07-01T02:26:51.586+0000][4.030s][info][gc,heap     ] GC(24) Old regions: 82->88
[2026-07-01T02:26:51.586+0000][4.030s][info][gc,heap     ] GC(24) Humongous regions: 3->3
[2026-07-01T02:26:51.586+0000][4.030s][info][gc,metaspace] GC(24) Metaspace: 35612K(36288K)->35612K(36288K) NonClass: 30971K(31360K)->30971K(31360K) Class: 4641K(4928K)->4641K(4928K)
[2026-07-01T02:26:51.586+0000][4.030s][info][gc          ] GC(24) Pause Young (Normal) (G1 Evacuation Pause) 92M->91M(324M) 9.689ms
[2026-07-01T02:26:51.586+0000][4.030s][info][gc,cpu      ] GC(24) User=0.02s Sys=0.00s Real=0.01s
[2026-07-01T02:26:51.603+0000][4.047s][info][gc,marking  ] GC(19) Concurrent Rebuild Remembered Sets and Scrub Regions 82.992ms
[2026-07-01T02:26:51.603+0000][4.047s][info][gc,start    ] GC(19) Pause Cleanup
[2026-07-01T02:26:51.603+0000][4.047s][info][gc          ] GC(19) Pause Cleanup 104M->104M(324M) 0.144ms
[2026-07-01T02:26:51.603+0000][4.047s][info][gc,cpu      ] GC(19) User=0.00s Sys=0.00s Real=0.00s
[2026-07-01T02:26:51.603+0000][4.047s][info][gc,marking  ] GC(19) Concurrent Clear Claimed Marks
[2026-07-01T02:26:51.605+0000][4.048s][info][gc,marking  ] GC(19) Concurrent Clear Claimed Marks 1.211ms
[2026-07-01T02:26:51.605+0000][4.048s][info][gc,marking  ] GC(19) Concurrent Cleanup for Next Mark
[2026-07-01T02:26:51.607+0000][4.050s][info][gc,marking  ] GC(19) Concurrent Cleanup for Next Mark 1.823ms
[2026-07-01T02:26:51.607+0000][4.050s][info][gc          ] GC(19) Concurrent Mark Cycle 186.185ms
[2026-07-01T02:26:51.719+0000][4.163s][info][gc,start    ] GC(25) Pause Young (Prepare Mixed) (G1 Evacuation Pause)
[2026-07-01T02:26:51.719+0000][4.163s][info][gc,task     ] GC(25) Using 2 workers of 2 for evacuation
[2026-07-01T02:26:51.808+0000][4.252s][info][gc,phases   ] GC(25)   Pre Evacuate Collection Set: 0.16ms
[2026-07-01T02:26:51.808+0000][4.252s][info][gc,phases   ] GC(25)   Merge Heap Roots: 0.34ms
[2026-07-01T02:26:51.808+0000][4.252s][info][gc,phases   ] GC(25)   Evacuate Collection Set: 87.48ms
[2026-07-01T02:26:51.808+0000][4.252s][info][gc,phases   ] GC(25)   Post Evacuate Collection Set: 0.49ms
[2026-07-01T02:26:51.808+0000][4.252s][info][gc,phases   ] GC(25)   Other: 0.07ms
[2026-07-01T02:26:51.808+0000][4.252s][info][gc,heap     ] GC(25) Eden regions: 75->0(57)
[2026-07-01T02:26:51.808+0000][4.252s][info][gc,heap     ] GC(25) Survivor regions: 1->10(10)
[2026-07-01T02:26:51.808+0000][4.252s][info][gc,heap     ] GC(25) Old regions: 88->135
[2026-07-01T02:26:51.808+0000][4.252s][info][gc,heap     ] GC(25) Humongous regions: 6->6
[2026-07-01T02:26:51.808+0000][4.252s][info][gc,metaspace] GC(25) Metaspace: 37015K(37760K)->37015K(37760K) NonClass: 32187K(32640K)->32187K(32640K) Class: 4828K(5120K)->4828K(5120K)
[2026-07-01T02:26:51.808+0000][4.252s][info][gc          ] GC(25) Pause Young (Prepare Mixed) (G1 Evacuation Pause) 169M->150M(324M) 88.693ms
[2026-07-01T02:26:51.808+0000][4.252s][info][gc,cpu      ] GC(25) User=0.11s Sys=0.02s Real=0.09s
[2026-07-01T02:26:53.094+0000][5.537s][info][gc,start    ] GC(26) Pause Young (Mixed) (G1 Evacuation Pause)
[2026-07-01T02:26:53.094+0000][5.537s][info][gc,task     ] GC(26) Using 2 workers of 2 for evacuation
[2026-07-01T02:26:53.113+0000][5.556s][info][gc,phases   ] GC(26)   Pre Evacuate Collection Set: 0.39ms
[2026-07-01T02:26:53.113+0000][5.556s][info][gc,phases   ] GC(26)   Merge Heap Roots: 0.18ms
[2026-07-01T02:26:53.113+0000][5.556s][info][gc,phases   ] GC(26)   Evacuate Collection Set: 17.88ms
[2026-07-01T02:26:53.113+0000][5.556s][info][gc,phases   ] GC(26)   Post Evacuate Collection Set: 0.45ms
[2026-07-01T02:26:53.113+0000][5.556s][info][gc,phases   ] GC(26)   Other: 0.07ms
[2026-07-01T02:26:53.113+0000][5.556s][info][gc,heap     ] GC(26) Eden regions: 57->0(56)
[2026-07-01T02:26:53.113+0000][5.556s][info][gc,heap     ] GC(26) Survivor regions: 10->9(9)
[2026-07-01T02:26:53.113+0000][5.556s][info][gc,heap     ] GC(26) Old regions: 135->147
[2026-07-01T02:26:53.113+0000][5.556s][info][gc,heap     ] GC(26) Humongous regions: 6->6
[2026-07-01T02:26:53.113+0000][5.556s][info][gc,metaspace] GC(26) Metaspace: 39628K(40448K)->39628K(40448K) NonClass: 34497K(34944K)->34497K(34944K) Class: 5131K(5504K)->5131K(5504K)
[2026-07-01T02:26:53.113+0000][5.556s][info][gc          ] GC(26) Pause Young (Mixed) (G1 Evacuation Pause) 207M->161M(324M) 19.108ms
[2026-07-01T02:26:53.113+0000][5.556s][info][gc,cpu      ] GC(26) User=0.04s Sys=0.00s Real=0.02s
[2026-07-01T02:26:54.960+0000][7.404s][info][gc,start    ] GC(27) Pause Young (Concurrent Start) (G1 Evacuation Pause)
[2026-07-01T02:26:54.960+0000][7.404s][info][gc,task     ] GC(27) Using 2 workers of 2 for evacuation
[2026-07-01T02:26:54.966+0000][7.410s][info][gc,phases   ] GC(27)   Pre Evacuate Collection Set: 0.17ms
[2026-07-01T02:26:54.966+0000][7.410s][info][gc,phases   ] GC(27)   Merge Heap Roots: 0.08ms
[2026-07-01T02:26:54.966+0000][7.410s][info][gc,phases   ] GC(27)   Evacuate Collection Set: 5.10ms
[2026-07-01T02:26:54.966+0000][7.410s][info][gc,phases   ] GC(27)   Post Evacuate Collection Set: 0.38ms
[2026-07-01T02:26:54.966+0000][7.410s][info][gc,phases   ] GC(27)   Other: 0.06ms
[2026-07-01T02:26:54.966+0000][7.410s][info][gc,heap     ] GC(27) Eden regions: 56->0(66)
[2026-07-01T02:26:54.966+0000][7.410s][info][gc,heap     ] GC(27) Survivor regions: 9->1(9)
[2026-07-01T02:26:54.966+0000][7.410s][info][gc,heap     ] GC(27) Old regions: 147->157
[2026-07-01T02:26:54.966+0000][7.410s][info][gc,heap     ] GC(27) Humongous regions: 6->6
[2026-07-01T02:26:54.966+0000][7.410s][info][gc,metaspace] GC(27) Metaspace: 40396K(41216K)->40396K(41216K) NonClass: 35264K(35712K)->35264K(35712K) Class: 5131K(5504K)->5131K(5504K)
[2026-07-01T02:26:54.966+0000][7.410s][info][gc          ] GC(27) Pause Young (Concurrent Start) (G1 Evacuation Pause) 217M->163M(324M) 5.914ms
[2026-07-01T02:26:54.966+0000][7.410s][info][gc          ] GC(28) Concurrent Mark Cycle
[2026-07-01T02:26:54.966+0000][7.410s][info][gc,cpu      ] GC(27) User=0.01s Sys=0.00s Real=0.00s
[2026-07-01T02:26:54.966+0000][7.410s][info][gc,marking  ] GC(28) Concurrent Scan Root Regions
[2026-07-01T02:26:54.975+0000][7.418s][info][gc,marking  ] GC(28) Concurrent Scan Root Regions 8.733ms
[2026-07-01T02:26:54.975+0000][7.418s][info][gc,marking  ] GC(28) Concurrent Mark
[2026-07-01T02:26:54.975+0000][7.418s][info][gc,marking  ] GC(28) Concurrent Mark From Roots
[2026-07-01T02:26:54.975+0000][7.418s][info][gc,task     ] GC(28) Using 1 workers of 1 for marking
[2026-07-01T02:26:56.473+0000][8.917s][info][gc,marking  ] GC(28) Concurrent Mark From Roots 1498.525ms
[2026-07-01T02:26:56.473+0000][8.917s][info][gc,marking  ] GC(28) Concurrent Preclean
[2026-07-01T02:26:56.474+0000][8.917s][info][gc,marking  ] GC(28) Concurrent Preclean 0.160ms
[2026-07-01T02:26:56.481+0000][8.925s][info][gc,start    ] GC(28) Pause Remark
[2026-07-01T02:26:56.488+0000][8.931s][info][gc,heap     ] GC(28) Heap shrink completed: uncommitted 2 regions (2MB), heap size now 322MB
[2026-07-01T02:26:56.488+0000][8.931s][info][gc          ] GC(28) Pause Remark 217M->214M(322M) 6.893ms
[2026-07-01T02:26:56.488+0000][8.931s][info][gc,cpu      ] GC(28) User=0.02s Sys=0.00s Real=0.00s
[2026-07-01T02:26:56.495+0000][8.939s][info][gc,marking  ] GC(28) Concurrent Mark 1520.225ms
[2026-07-01T02:26:56.495+0000][8.939s][info][gc,marking  ] GC(28) Concurrent Rebuild Remembered Sets and Scrub Regions
[2026-07-01T02:26:56.800+0000][9.244s][info][gc,start    ] GC(29) Pause Young (Normal) (G1 Evacuation Pause)
[2026-07-01T02:26:56.800+0000][9.244s][info][gc,task     ] GC(29) Using 2 workers of 2 for evacuation
[2026-07-01T02:26:56.805+0000][9.248s][info][gc,phases   ] GC(29)   Pre Evacuate Collection Set: 0.13ms
[2026-07-01T02:26:56.805+0000][9.248s][info][gc,phases   ] GC(29)   Merge Heap Roots: 0.15ms
[2026-07-01T02:26:56.805+0000][9.248s][info][gc,phases   ] GC(29)   Evacuate Collection Set: 3.72ms
[2026-07-01T02:26:56.805+0000][9.248s][info][gc,phases   ] GC(29)   Post Evacuate Collection Set: 0.41ms
[2026-07-01T02:26:56.805+0000][9.248s][info][gc,phases   ] GC(29)   Other: 0.05ms
[2026-07-01T02:26:56.805+0000][9.249s][info][gc,heap     ] GC(29) Eden regions: 66->0(74)
[2026-07-01T02:26:56.805+0000][9.249s][info][gc,heap     ] GC(29) Survivor regions: 1->2(9)
[2026-07-01T02:26:56.805+0000][9.249s][info][gc,heap     ] GC(29) Old regions: 157->157
[2026-07-01T02:26:56.805+0000][9.249s][info][gc,heap     ] GC(29) Humongous regions: 3->3
[2026-07-01T02:26:56.805+0000][9.249s][info][gc,metaspace] GC(29) Metaspace: 40682K(41472K)->40682K(41472K) NonClass: 35549K(35968K)->35549K(35968K) Class: 5132K(5504K)->5132K(5504K)
[2026-07-01T02:26:56.805+0000][9.249s][info][gc          ] GC(29) Pause Young (Normal) (G1 Evacuation Pause) 226M->160M(322M) 4.583ms
[2026-07-01T02:26:56.805+0000][9.249s][info][gc,cpu      ] GC(29) User=0.01s Sys=0.00s Real=0.00s
[2026-07-01T02:26:57.414+0000][9.858s][info][gc,marking  ] GC(28) Concurrent Rebuild Remembered Sets and Scrub Regions 918.938ms
[2026-07-01T02:26:57.415+0000][9.859s][info][gc,start    ] GC(28) Pause Cleanup
[2026-07-01T02:26:57.416+0000][9.859s][info][gc          ] GC(28) Pause Cleanup 188M->188M(322M) 0.182ms
[2026-07-01T02:26:57.416+0000][9.859s][info][gc,cpu      ] GC(28) User=0.00s Sys=0.00s Real=0.00s
[2026-07-01T02:26:57.470+0000][9.913s][info][gc,marking  ] GC(28) Concurrent Clear Claimed Marks
[2026-07-01T02:26:57.470+0000][9.914s][info][gc,marking  ] GC(28) Concurrent Clear Claimed Marks 0.105ms
[2026-07-01T02:26:57.470+0000][9.914s][info][gc,marking  ] GC(28) Concurrent Cleanup for Next Mark
[2026-07-01T02:26:57.474+0000][9.918s][info][gc,marking  ] GC(28) Concurrent Cleanup for Next Mark 4.432ms
[2026-07-01T02:26:57.474+0000][9.918s][info][gc          ] GC(28) Concurrent Mark Cycle 2508.346ms
[2026-07-01T02:26:58.462+0000][10.905s][info][gc,start    ] GC(30) Pause Young (Prepare Mixed) (G1 Evacuation Pause)
[2026-07-01T02:26:58.462+0000][10.905s][info][gc,task     ] GC(30) Using 2 workers of 2 for evacuation
[2026-07-01T02:26:58.466+0000][10.910s][info][gc,phases   ] GC(30)   Pre Evacuate Collection Set: 0.15ms
[2026-07-01T02:26:58.466+0000][10.910s][info][gc,phases   ] GC(30)   Merge Heap Roots: 0.13ms
[2026-07-01T02:26:58.466+0000][10.910s][info][gc,phases   ] GC(30)   Evacuate Collection Set: 3.49ms
[2026-07-01T02:26:58.466+0000][10.910s][info][gc,phases   ] GC(30)   Post Evacuate Collection Set: 0.31ms
[2026-07-01T02:26:58.466+0000][10.910s][info][gc,phases   ] GC(30)   Other: 0.04ms
[2026-07-01T02:26:58.466+0000][10.910s][info][gc,heap     ] GC(30) Eden regions: 74->0(84)
[2026-07-01T02:26:58.466+0000][10.910s][info][gc,heap     ] GC(30) Survivor regions: 2->2(10)
[2026-07-01T02:26:58.466+0000][10.910s][info][gc,heap     ] GC(30) Old regions: 157->157
[2026-07-01T02:26:58.466+0000][10.910s][info][gc,heap     ] GC(30) Humongous regions: 3->3
[2026-07-01T02:26:58.466+0000][10.910s][info][gc,metaspace] GC(30) Metaspace: 41038K(41856K)->41038K(41856K) NonClass: 35903K(36352K)->35903K(36352K) Class: 5135K(5504K)->5135K(5504K)
[2026-07-01T02:26:58.466+0000][10.910s][info][gc          ] GC(30) Pause Young (Prepare Mixed) (G1 Evacuation Pause) 234M->161M(322M) 4.251ms
[2026-07-01T02:26:58.466+0000][10.910s][info][gc,cpu      ] GC(30) User=0.01s Sys=0.00s Real=0.00s
[2026-07-01T02:26:59.842+0000][12.285s][info][gc,start    ] GC(31) Pause Young (Mixed) (G1 Evacuation Pause)
[2026-07-01T02:26:59.842+0000][12.285s][info][gc,task     ] GC(31) Using 2 workers of 2 for evacuation
[2026-07-01T02:26:59.847+0000][12.291s][info][gc,phases   ] GC(31)   Pre Evacuate Collection Set: 0.13ms
[2026-07-01T02:26:59.847+0000][12.291s][info][gc,phases   ] GC(31)   Merge Heap Roots: 0.14ms
[2026-07-01T02:26:59.847+0000][12.291s][info][gc,phases   ] GC(31)   Evacuate Collection Set: 4.89ms
[2026-07-01T02:26:59.847+0000][12.291s][info][gc,phases   ] GC(31)   Post Evacuate Collection Set: 0.32ms
[2026-07-01T02:26:59.847+0000][12.291s][info][gc,phases   ] GC(31)   Other: 0.07ms
[2026-07-01T02:26:59.847+0000][12.291s][info][gc,heap     ] GC(31) Eden regions: 84->0(107)
[2026-07-01T02:26:59.847+0000][12.291s][info][gc,heap     ] GC(31) Survivor regions: 2->4(11)
[2026-07-01T02:26:59.847+0000][12.291s][info][gc,heap     ] GC(31) Old regions: 157->155
[2026-07-01T02:26:59.847+0000][12.291s][info][gc,heap     ] GC(31) Humongous regions: 3->3
[2026-07-01T02:26:59.847+0000][12.291s][info][gc,metaspace] GC(31) Metaspace: 41356K(42176K)->41356K(42176K) NonClass: 36220K(36672K)->36220K(36672K) Class: 5136K(5504K)->5136K(5504K)
[2026-07-01T02:26:59.847+0000][12.291s][info][gc          ] GC(31) Pause Young (Mixed) (G1 Evacuation Pause) 245M->161M(322M) 5.682ms
[2026-07-01T02:26:59.847+0000][12.291s][info][gc,cpu      ] GC(31) User=0.01s Sys=0.00s Real=0.00s
[2026-07-01T02:27:01.022+0000][13.466s][info][gc,start    ] GC(32) Pause Young (Concurrent Start) (G1 Evacuation Pause)
[2026-07-01T02:27:01.022+0000][13.466s][info][gc,task     ] GC(32) Using 2 workers of 2 for evacuation
[2026-07-01T02:27:01.028+0000][13.472s][info][gc,phases   ] GC(32)   Pre Evacuate Collection Set: 0.16ms
[2026-07-01T02:27:01.028+0000][13.472s][info][gc,phases   ] GC(32)   Merge Heap Roots: 0.12ms
[2026-07-01T02:27:01.028+0000][13.472s][info][gc,phases   ] GC(32)   Evacuate Collection Set: 5.34ms
[2026-07-01T02:27:01.028+0000][13.472s][info][gc,phases   ] GC(32)   Post Evacuate Collection Set: 0.43ms
[2026-07-01T02:27:01.028+0000][13.472s][info][gc,phases   ] GC(32)   Other: 0.06ms
[2026-07-01T02:27:01.028+0000][13.472s][info][gc,heap     ] GC(32) Eden regions: 107->0(118)
[2026-07-01T02:27:01.028+0000][13.472s][info][gc,heap     ] GC(32) Survivor regions: 4->4(14)
[2026-07-01T02:27:01.028+0000][13.472s][info][gc,heap     ] GC(32) Old regions: 155->155
[2026-07-01T02:27:01.028+0000][13.472s][info][gc,heap     ] GC(32) Humongous regions: 3->3
[2026-07-01T02:27:01.028+0000][13.472s][info][gc,metaspace] GC(32) Metaspace: 41472K(42304K)->41472K(42304K) NonClass: 36335K(36800K)->36335K(36800K) Class: 5137K(5504K)->5137K(5504K)
[2026-07-01T02:27:01.028+0000][13.472s][info][gc          ] GC(32) Pause Young (Concurrent Start) (G1 Evacuation Pause) 268M->161M(322M) 6.261ms
[2026-07-01T02:27:01.028+0000][13.472s][info][gc          ] GC(33) Concurrent Mark Cycle
[2026-07-01T02:27:01.028+0000][13.472s][info][gc,marking  ] GC(33) Concurrent Scan Root Regions
[2026-07-01T02:27:01.028+0000][13.472s][info][gc,cpu      ] GC(32) User=0.02s Sys=0.00s Real=0.01s
[2026-07-01T02:27:01.061+0000][13.504s][info][gc,marking  ] GC(33) Concurrent Scan Root Regions 32.336ms
[2026-07-01T02:27:01.061+0000][13.504s][info][gc,marking  ] GC(33) Concurrent Mark
[2026-07-01T02:27:01.061+0000][13.504s][info][gc,marking  ] GC(33) Concurrent Mark From Roots
[2026-07-01T02:27:01.061+0000][13.504s][info][gc,task     ] GC(33) Using 1 workers of 1 for marking
[2026-07-01T02:27:01.668+0000][14.112s][info][gc,marking  ] GC(33) Concurrent Mark From Roots 607.517ms
[2026-07-01T02:27:01.668+0000][14.112s][info][gc,marking  ] GC(33) Concurrent Preclean
[2026-07-01T02:27:01.668+0000][14.112s][info][gc,marking  ] GC(33) Concurrent Preclean 0.136ms
[2026-07-01T02:27:01.670+0000][14.114s][info][gc,start    ] GC(33) Pause Remark
[2026-07-01T02:27:01.680+0000][14.124s][info][gc          ] GC(33) Pause Remark 210M->210M(322M) 10.470ms
[2026-07-01T02:27:01.680+0000][14.124s][info][gc,cpu      ] GC(33) User=0.03s Sys=0.00s Real=0.01s
[2026-07-01T02:27:01.685+0000][14.129s][info][gc,marking  ] GC(33) Concurrent Mark 624.558ms
[2026-07-01T02:27:01.685+0000][14.129s][info][gc,marking  ] GC(33) Concurrent Rebuild Remembered Sets and Scrub Regions
[2026-07-01T02:27:01.993+0000][14.437s][info][gc,marking  ] GC(33) Concurrent Rebuild Remembered Sets and Scrub Regions 307.930ms
[2026-07-01T02:27:01.994+0000][14.437s][info][gc,start    ] GC(33) Pause Cleanup
[2026-07-01T02:27:01.994+0000][14.437s][info][gc          ] GC(33) Pause Cleanup 236M->236M(322M) 0.216ms
[2026-07-01T02:27:01.994+0000][14.437s][info][gc,cpu      ] GC(33) User=0.00s Sys=0.00s Real=0.00s
[2026-07-01T02:27:01.995+0000][14.439s][info][gc,marking  ] GC(33) Concurrent Clear Claimed Marks
[2026-07-01T02:27:01.995+0000][14.439s][info][gc,marking  ] GC(33) Concurrent Clear Claimed Marks 0.097ms
[2026-07-01T02:27:01.995+0000][14.439s][info][gc,marking  ] GC(33) Concurrent Cleanup for Next Mark
[2026-07-01T02:27:02.000+0000][14.444s][info][gc,marking  ] GC(33) Concurrent Cleanup for Next Mark 4.736ms
[2026-07-01T02:27:02.000+0000][14.444s][info][gc          ] GC(33) Concurrent Mark Cycle 971.768ms
[2026-07-01T02:27:02.494+0000][14.938s][info][gc,start    ] GC(34) Pause Young (Prepare Mixed) (G1 Evacuation Pause)
[2026-07-01T02:27:02.495+0000][14.938s][info][gc,task     ] GC(34) Using 2 workers of 2 for evacuation
[2026-07-01T02:27:02.503+0000][14.947s][info][gc,phases   ] GC(34)   Pre Evacuate Collection Set: 0.17ms
[2026-07-01T02:27:02.503+0000][14.947s][info][gc,phases   ] GC(34)   Merge Heap Roots: 0.24ms
[2026-07-01T02:27:02.503+0000][14.947s][info][gc,phases   ] GC(34)   Evacuate Collection Set: 7.39ms
[2026-07-01T02:27:02.503+0000][14.947s][info][gc,phases   ] GC(34)   Post Evacuate Collection Set: 0.54ms
[2026-07-01T02:27:02.503+0000][14.947s][info][gc,phases   ] GC(34)   Other: 0.09ms
[2026-07-01T02:27:02.503+0000][14.947s][info][gc,heap     ] GC(34) Eden regions: 118->0(125)
[2026-07-01T02:27:02.503+0000][14.947s][info][gc,heap     ] GC(34) Survivor regions: 4->4(16)
[2026-07-01T02:27:02.503+0000][14.947s][info][gc,heap     ] GC(34) Old regions: 155->155
[2026-07-01T02:27:02.503+0000][14.947s][info][gc,heap     ] GC(34) Humongous regions: 3->3
[2026-07-01T02:27:02.503+0000][14.947s][info][gc,metaspace] GC(34) Metaspace: 41466K(42304K)->41466K(42304K) NonClass: 36339K(36800K)->36339K(36800K) Class: 5126K(5504K)->5126K(5504K)
[2026-07-01T02:27:02.503+0000][14.947s][info][gc          ] GC(34) Pause Young (Prepare Mixed) (G1 Evacuation Pause) 279M->161M(322M) 8.602ms
[2026-07-01T02:27:02.503+0000][14.947s][info][gc,cpu      ] GC(34) User=0.02s Sys=0.00s Real=0.01s
[2026-07-01T02:27:03.684+0000][16.128s][info][gc,start    ] GC(35) Pause Young (Mixed) (G1 Evacuation Pause)
[2026-07-01T02:27:03.684+0000][16.128s][info][gc,task     ] GC(35) Using 2 workers of 2 for evacuation
[2026-07-01T02:27:03.694+0000][16.137s][info][gc,phases   ] GC(35)   Pre Evacuate Collection Set: 0.20ms
[2026-07-01T02:27:03.694+0000][16.137s][info][gc,phases   ] GC(35)   Merge Heap Roots: 0.19ms
[2026-07-01T02:27:03.694+0000][16.137s][info][gc,phases   ] GC(35)   Evacuate Collection Set: 8.31ms
[2026-07-01T02:27:03.694+0000][16.137s][info][gc,phases   ] GC(35)   Post Evacuate Collection Set: 0.53ms
[2026-07-01T02:27:03.694+0000][16.137s][info][gc,phases   ] GC(35)   Other: 0.08ms
[2026-07-01T02:27:03.694+0000][16.137s][info][gc,heap     ] GC(35) Eden regions: 125->0(132)
[2026-07-01T02:27:03.694+0000][16.137s][info][gc,heap     ] GC(35) Survivor regions: 4->5(17)
[2026-07-01T02:27:03.694+0000][16.137s][info][gc,heap     ] GC(35) Old regions: 155->154
[2026-07-01T02:27:03.694+0000][16.137s][info][gc,heap     ] GC(35) Humongous regions: 3->3
[2026-07-01T02:27:03.694+0000][16.137s][info][gc,metaspace] GC(35) Metaspace: 41483K(42304K)->41483K(42304K) NonClass: 36355K(36800K)->36355K(36800K) Class: 5127K(5504K)->5127K(5504K)
[2026-07-01T02:27:03.694+0000][16.138s][info][gc          ] GC(35) Pause Young (Mixed) (G1 Evacuation Pause) 286M->161M(322M) 9.471ms
[2026-07-01T02:27:03.694+0000][16.138s][info][gc,cpu      ] GC(35) User=0.02s Sys=0.01s Real=0.01s
[2026-07-01T02:27:04.992+0000][17.435s][info][gc,start    ] GC(36) Pause Young (Concurrent Start) (G1 Evacuation Pause)
[2026-07-01T02:27:04.992+0000][17.435s][info][gc,task     ] GC(36) Using 2 workers of 2 for evacuation
[2026-07-01T02:27:05.000+0000][17.444s][info][gc,phases   ] GC(36)   Pre Evacuate Collection Set: 0.17ms
[2026-07-01T02:27:05.001+0000][17.444s][info][gc,phases   ] GC(36)   Merge Heap Roots: 0.20ms
[2026-07-01T02:27:05.001+0000][17.444s][info][gc,phases   ] GC(36)   Evacuate Collection Set: 7.90ms
[2026-07-01T02:27:05.001+0000][17.444s][info][gc,phases   ] GC(36)   Post Evacuate Collection Set: 0.47ms
[2026-07-01T02:27:05.001+0000][17.444s][info][gc,phases   ] GC(36)   Other: 0.10ms
[2026-07-01T02:27:05.001+0000][17.444s][info][gc,heap     ] GC(36) Eden regions: 132->0(136)
[2026-07-01T02:27:05.001+0000][17.444s][info][gc,heap     ] GC(36) Survivor regions: 5->5(18)
[2026-07-01T02:27:05.001+0000][17.444s][info][gc,heap     ] GC(36) Old regions: 154->154
[2026-07-01T02:27:05.001+0000][17.444s][info][gc,heap     ] GC(36) Humongous regions: 3->3
[2026-07-01T02:27:05.001+0000][17.444s][info][gc,metaspace] GC(36) Metaspace: 41503K(42304K)->41503K(42304K) NonClass: 36376K(36800K)->36376K(36800K) Class: 5127K(5504K)->5127K(5504K)
[2026-07-01T02:27:05.001+0000][17.444s][info][gc          ] GC(36) Pause Young (Concurrent Start) (G1 Evacuation Pause) 293M->161M(322M) 9.000ms
[2026-07-01T02:27:05.001+0000][17.444s][info][gc          ] GC(37) Concurrent Mark Cycle
[2026-07-01T02:27:05.001+0000][17.444s][info][gc,cpu      ] GC(36) User=0.02s Sys=0.00s Real=0.01s
[2026-07-01T02:27:05.001+0000][17.444s][info][gc,marking  ] GC(37) Concurrent Scan Root Regions
[2026-07-01T02:27:05.013+0000][17.457s][info][gc,marking  ] GC(37) Concurrent Scan Root Regions 12.338ms
[2026-07-01T02:27:05.013+0000][17.457s][info][gc,marking  ] GC(37) Concurrent Mark
[2026-07-01T02:27:05.013+0000][17.457s][info][gc,marking  ] GC(37) Concurrent Mark From Roots
[2026-07-01T02:27:05.013+0000][17.457s][info][gc,task     ] GC(37) Using 1 workers of 1 for marking
[2026-07-01T02:27:05.873+0000][18.317s][info][gc,marking  ] GC(37) Concurrent Mark From Roots 859.994ms
[2026-07-01T02:27:05.873+0000][18.317s][info][gc,marking  ] GC(37) Concurrent Preclean
[2026-07-01T02:27:05.873+0000][18.317s][info][gc,marking  ] GC(37) Concurrent Preclean 0.142ms
[2026-07-01T02:27:05.876+0000][18.319s][info][gc,start    ] GC(37) Pause Remark
[2026-07-01T02:27:05.882+0000][18.325s][info][gc          ] GC(37) Pause Remark 241M->241M(322M) 5.862ms
[2026-07-01T02:27:05.882+0000][18.325s][info][gc,cpu      ] GC(37) User=0.01s Sys=0.00s Real=0.01s
[2026-07-01T02:27:05.889+0000][18.333s][info][gc,marking  ] GC(37) Concurrent Mark 876.140ms
[2026-07-01T02:27:05.889+0000][18.333s][info][gc,marking  ] GC(37) Concurrent Rebuild Remembered Sets and Scrub Regions
[2026-07-01T02:27:06.412+0000][18.855s][info][gc,marking  ] GC(37) Concurrent Rebuild Remembered Sets and Scrub Regions 522.640ms
[2026-07-01T02:27:06.413+0000][18.857s][info][gc,start    ] GC(37) Pause Cleanup
[2026-07-01T02:27:06.413+0000][18.857s][info][gc          ] GC(37) Pause Cleanup 292M->292M(322M) 0.229ms
[2026-07-01T02:27:06.413+0000][18.857s][info][gc,cpu      ] GC(37) User=0.01s Sys=0.00s Real=0.00s
[2026-07-01T02:27:06.413+0000][18.857s][info][gc,marking  ] GC(37) Concurrent Clear Claimed Marks
[2026-07-01T02:27:06.414+0000][18.857s][info][gc,marking  ] GC(37) Concurrent Clear Claimed Marks 0.094ms
[2026-07-01T02:27:06.414+0000][18.857s][info][gc,marking  ] GC(37) Concurrent Cleanup for Next Mark
[2026-07-01T02:27:06.415+0000][18.859s][info][gc,marking  ] GC(37) Concurrent Cleanup for Next Mark 1.568ms
[2026-07-01T02:27:06.415+0000][18.859s][info][gc          ] GC(37) Concurrent Mark Cycle 1414.567ms
[2026-07-01T02:27:06.471+0000][18.915s][info][gc,start    ] GC(38) Pause Young (Prepare Mixed) (G1 Evacuation Pause)
[2026-07-01T02:27:06.471+0000][18.915s][info][gc,task     ] GC(38) Using 2 workers of 2 for evacuation
[2026-07-01T02:27:06.520+0000][18.964s][info][gc,phases   ] GC(38)   Pre Evacuate Collection Set: 0.16ms
[2026-07-01T02:27:06.520+0000][18.964s][info][gc,phases   ] GC(38)   Merge Heap Roots: 0.34ms
[2026-07-01T02:27:06.520+0000][18.964s][info][gc,phases   ] GC(38)   Evacuate Collection Set: 23.11ms
[2026-07-01T02:27:06.520+0000][18.964s][info][gc,phases   ] GC(38)   Post Evacuate Collection Set: 25.48ms
[2026-07-01T02:27:06.520+0000][18.964s][info][gc,phases   ] GC(38)   Other: 0.12ms
[2026-07-01T02:27:06.520+0000][18.964s][info][gc,heap     ] GC(38) Eden regions: 136->0(139)
[2026-07-01T02:27:06.520+0000][18.964s][info][gc,heap     ] GC(38) Survivor regions: 5->5(18)
[2026-07-01T02:27:06.520+0000][18.964s][info][gc,heap     ] GC(38) Old regions: 154->154
[2026-07-01T02:27:06.520+0000][18.964s][info][gc,heap     ] GC(38) Humongous regions: 3->3
[2026-07-01T02:27:06.520+0000][18.964s][info][gc,metaspace] GC(38) Metaspace: 41528K(42368K)->41528K(42368K) NonClass: 36400K(36864K)->36400K(36864K) Class: 5127K(5504K)->5127K(5504K)
[2026-07-01T02:27:06.520+0000][18.964s][info][gc          ] GC(38) Pause Young (Prepare Mixed) (G1 Evacuation Pause) 297M->161M(322M) 49.404ms
[2026-07-01T02:27:06.520+0000][18.964s][info][gc,cpu      ] GC(38) User=0.03s Sys=0.00s Real=0.05s
[2026-07-01T02:27:07.819+0000][20.263s][info][gc,start    ] GC(39) Pause Young (Mixed) (G1 Evacuation Pause)
[2026-07-01T02:27:07.819+0000][20.263s][info][gc,task     ] GC(39) Using 2 workers of 2 for evacuation
[2026-07-01T02:27:07.835+0000][20.278s][info][gc,phases   ] GC(39)   Pre Evacuate Collection Set: 0.79ms
[2026-07-01T02:27:07.835+0000][20.278s][info][gc,phases   ] GC(39)   Merge Heap Roots: 0.18ms
[2026-07-01T02:27:07.835+0000][20.278s][info][gc,phases   ] GC(39)   Evacuate Collection Set: 13.91ms
[2026-07-01T02:27:07.835+0000][20.278s][info][gc,phases   ] GC(39)   Post Evacuate Collection Set: 0.78ms
[2026-07-01T02:27:07.835+0000][20.278s][info][gc,phases   ] GC(39)   Other: 0.07ms
[2026-07-01T02:27:07.835+0000][20.278s][info][gc,heap     ] GC(39) Eden regions: 139->0(142)
[2026-07-01T02:27:07.835+0000][20.278s][info][gc,heap     ] GC(39) Survivor regions: 5->6(18)
[2026-07-01T02:27:07.835+0000][20.278s][info][gc,heap     ] GC(39) Old regions: 154->153
[2026-07-01T02:27:07.835+0000][20.278s][info][gc,heap     ] GC(39) Humongous regions: 3->3
[2026-07-01T02:27:07.835+0000][20.278s][info][gc,metaspace] GC(39) Metaspace: 41535K(42368K)->41535K(42368K) NonClass: 36407K(36864K)->36407K(36864K) Class: 5127K(5504K)->5127K(5504K)
[2026-07-01T02:27:07.835+0000][20.279s][info][gc          ] GC(39) Pause Young (Mixed) (G1 Evacuation Pause) 300M->161M(322M) 15.921ms
[2026-07-01T02:27:07.835+0000][20.279s][info][gc,cpu      ] GC(39) User=0.04s Sys=0.01s Real=0.01s
[2026-07-01T02:27:09.164+0000][21.607s][info][gc,start    ] GC(40) Pause Young (Concurrent Start) (G1 Evacuation Pause)
[2026-07-01T02:27:09.164+0000][21.607s][info][gc,task     ] GC(40) Using 2 workers of 2 for evacuation
[2026-07-01T02:27:09.179+0000][21.623s][info][gc,phases   ] GC(40)   Pre Evacuate Collection Set: 0.65ms
[2026-07-01T02:27:09.179+0000][21.623s][info][gc,phases   ] GC(40)   Merge Heap Roots: 0.36ms
[2026-07-01T02:27:09.179+0000][21.623s][info][gc,phases   ] GC(40)   Evacuate Collection Set: 13.78ms
[2026-07-01T02:27:09.179+0000][21.623s][info][gc,phases   ] GC(40)   Post Evacuate Collection Set: 0.85ms
[2026-07-01T02:27:09.179+0000][21.623s][info][gc,phases   ] GC(40)   Other: 0.10ms
[2026-07-01T02:27:09.179+0000][21.623s][info][gc,heap     ] GC(40) Eden regions: 142->0(143)
[2026-07-01T02:27:09.179+0000][21.623s][info][gc,heap     ] GC(40) Survivor regions: 6->6(19)
[2026-07-01T02:27:09.179+0000][21.623s][info][gc,heap     ] GC(40) Old regions: 153->153
[2026-07-01T02:27:09.179+0000][21.623s][info][gc,heap     ] GC(40) Humongous regions: 3->3
[2026-07-01T02:27:09.179+0000][21.623s][info][gc,metaspace] GC(40) Metaspace: 41541K(42368K)->41541K(42368K) NonClass: 36414K(36864K)->36414K(36864K) Class: 5127K(5504K)->5127K(5504K)
[2026-07-01T02:27:09.179+0000][21.623s][info][gc          ] GC(40) Pause Young (Concurrent Start) (G1 Evacuation Pause) 303M->162M(322M) 15.922ms
[2026-07-01T02:27:09.179+0000][21.623s][info][gc          ] GC(41) Concurrent Mark Cycle
[2026-07-01T02:27:09.179+0000][21.623s][info][gc,cpu      ] GC(40) User=0.03s Sys=0.00s Real=0.02s
[2026-07-01T02:27:09.179+0000][21.623s][info][gc,marking  ] GC(41) Concurrent Scan Root Regions
[2026-07-01T02:27:09.205+0000][21.649s][info][gc,marking  ] GC(41) Concurrent Scan Root Regions 25.855ms
[2026-07-01T02:27:09.205+0000][21.649s][info][gc,marking  ] GC(41) Concurrent Mark
[2026-07-01T02:27:09.205+0000][21.649s][info][gc,marking  ] GC(41) Concurrent Mark From Roots
[2026-07-01T02:27:09.205+0000][21.649s][info][gc,task     ] GC(41) Using 1 workers of 1 for marking
[2026-07-01T02:27:09.764+0000][22.208s][info][gc,marking  ] GC(41) Concurrent Mark From Roots 559.042ms
[2026-07-01T02:27:09.764+0000][22.208s][info][gc,marking  ] GC(41) Concurrent Preclean
[2026-07-01T02:27:09.765+0000][22.208s][info][gc,marking  ] GC(41) Concurrent Preclean 0.062ms
[2026-07-01T02:27:09.765+0000][22.208s][info][gc,start    ] GC(41) Pause Remark
[2026-07-01T02:27:09.779+0000][22.222s][info][gc          ] GC(41) Pause Remark 201M->201M(322M) 13.996ms
[2026-07-01T02:27:09.779+0000][22.222s][info][gc,cpu      ] GC(41) User=0.01s Sys=0.00s Real=0.02s
[2026-07-01T02:27:09.782+0000][22.225s][info][gc,marking  ] GC(41) Concurrent Mark 576.406ms
[2026-07-01T02:27:09.782+0000][22.225s][info][gc,marking  ] GC(41) Concurrent Rebuild Remembered Sets and Scrub Regions
[2026-07-01T02:27:09.980+0000][22.424s][info][gc,marking  ] GC(41) Concurrent Rebuild Remembered Sets and Scrub Regions 198.328ms
[2026-07-01T02:27:09.982+0000][22.426s][info][gc,start    ] GC(41) Pause Cleanup
[2026-07-01T02:27:09.982+0000][22.426s][info][gc          ] GC(41) Pause Cleanup 213M->213M(322M) 0.253ms
[2026-07-01T02:27:09.982+0000][22.426s][info][gc,cpu      ] GC(41) User=0.00s Sys=0.00s Real=0.00s
[2026-07-01T02:27:09.992+0000][22.436s][info][gc,marking  ] GC(41) Concurrent Clear Claimed Marks
[2026-07-01T02:27:09.992+0000][22.436s][info][gc,marking  ] GC(41) Concurrent Clear Claimed Marks 0.094ms
[2026-07-01T02:27:09.992+0000][22.436s][info][gc,marking  ] GC(41) Concurrent Cleanup for Next Mark
[2026-07-01T02:27:09.993+0000][22.437s][info][gc,marking  ] GC(41) Concurrent Cleanup for Next Mark 0.529ms
[2026-07-01T02:27:09.993+0000][22.437s][info][gc          ] GC(41) Concurrent Mark Cycle 813.601ms
[2026-07-01T02:27:10.820+0000][23.264s][info][gc,start    ] GC(42) Pause Young (Prepare Mixed) (G1 Evacuation Pause)
[2026-07-01T02:27:10.820+0000][23.264s][info][gc,task     ] GC(42) Using 2 workers of 2 for evacuation
[2026-07-01T02:27:10.836+0000][23.279s][info][gc,phases   ] GC(42)   Pre Evacuate Collection Set: 0.17ms
[2026-07-01T02:27:10.836+0000][23.279s][info][gc,phases   ] GC(42)   Merge Heap Roots: 0.64ms
[2026-07-01T02:27:10.836+0000][23.279s][info][gc,phases   ] GC(42)   Evacuate Collection Set: 13.94ms
[2026-07-01T02:27:10.836+0000][23.279s][info][gc,phases   ] GC(42)   Post Evacuate Collection Set: 0.52ms
[2026-07-01T02:27:10.836+0000][23.279s][info][gc,phases   ] GC(42)   Other: 0.07ms
[2026-07-01T02:27:10.836+0000][23.279s][info][gc,heap     ] GC(42) Eden regions: 143->0(142)
[2026-07-01T02:27:10.836+0000][23.279s][info][gc,heap     ] GC(42) Survivor regions: 6->7(19)
[2026-07-01T02:27:10.836+0000][23.279s][info][gc,heap     ] GC(42) Old regions: 153->153
[2026-07-01T02:27:10.836+0000][23.279s][info][gc,heap     ] GC(42) Humongous regions: 3->3
[2026-07-01T02:27:10.836+0000][23.279s][info][gc,metaspace] GC(42) Metaspace: 41574K(42368K)->41574K(42368K) NonClass: 36447K(36864K)->36447K(36864K) Class: 5127K(5504K)->5127K(5504K)
[2026-07-01T02:27:10.836+0000][23.279s][info][gc          ] GC(42) Pause Young (Prepare Mixed) (G1 Evacuation Pause) 305M->162M(322M) 15.502ms
[2026-07-01T02:27:10.836+0000][23.280s][info][gc,cpu      ] GC(42) User=0.03s Sys=0.00s Real=0.01s
[2026-07-01T02:27:12.134+0000][24.578s][info][gc,start    ] GC(43) Pause Young (Mixed) (G1 Evacuation Pause)
[2026-07-01T02:27:12.134+0000][24.578s][info][gc,task     ] GC(43) Using 2 workers of 2 for evacuation
[2026-07-01T02:27:12.169+0000][24.613s][info][gc,phases   ] GC(43)   Pre Evacuate Collection Set: 0.13ms
[2026-07-01T02:27:12.169+0000][24.613s][info][gc,phases   ] GC(43)   Merge Heap Roots: 0.24ms
[2026-07-01T02:27:12.169+0000][24.613s][info][gc,phases   ] GC(43)   Evacuate Collection Set: 34.11ms
[2026-07-01T02:27:12.169+0000][24.613s][info][gc,phases   ] GC(43)   Post Evacuate Collection Set: 0.56ms
[2026-07-01T02:27:12.169+0000][24.613s][info][gc,phases   ] GC(43)   Other: 0.05ms
[2026-07-01T02:27:12.169+0000][24.613s][info][gc,heap     ] GC(43) Eden regions: 142->0(142)
[2026-07-01T02:27:12.169+0000][24.613s][info][gc,heap     ] GC(43) Survivor regions: 7->7(19)
[2026-07-01T02:27:12.169+0000][24.613s][info][gc,heap     ] GC(43) Old regions: 153->153
[2026-07-01T02:27:12.169+0000][24.613s][info][gc,heap     ] GC(43) Humongous regions: 3->3
[2026-07-01T02:27:12.169+0000][24.613s][info][gc,metaspace] GC(43) Metaspace: 41582K(42368K)->41582K(42368K) NonClass: 36454K(36864K)->36454K(36864K) Class: 5127K(5504K)->5127K(5504K)
[2026-07-01T02:27:12.169+0000][24.613s][info][gc          ] GC(43) Pause Young (Mixed) (G1 Evacuation Pause) 304M->162M(322M) 35.232ms
[2026-07-01T02:27:12.169+0000][24.613s][info][gc,cpu      ] GC(43) User=0.04s Sys=0.00s Real=0.04s
[2026-07-01T02:27:13.768+0000][26.212s][info][gc,start    ] GC(44) Pause Young (Concurrent Start) (G1 Evacuation Pause)
[2026-07-01T02:27:13.768+0000][26.212s][info][gc,task     ] GC(44) Using 2 workers of 2 for evacuation
[2026-07-01T02:27:13.788+0000][26.232s][info][gc,phases   ] GC(44)   Pre Evacuate Collection Set: 0.43ms
[2026-07-01T02:27:13.788+0000][26.232s][info][gc,phases   ] GC(44)   Merge Heap Roots: 1.07ms
[2026-07-01T02:27:13.788+0000][26.232s][info][gc,phases   ] GC(44)   Evacuate Collection Set: 17.44ms
[2026-07-01T02:27:13.788+0000][26.232s][info][gc,phases   ] GC(44)   Post Evacuate Collection Set: 0.63ms
[2026-07-01T02:27:13.788+0000][26.232s][info][gc,phases   ] GC(44)   Other: 0.12ms
[2026-07-01T02:27:13.788+0000][26.232s][info][gc,heap     ] GC(44) Eden regions: 142->0(141)
[2026-07-01T02:27:13.788+0000][26.232s][info][gc,heap     ] GC(44) Survivor regions: 7->8(19)
[2026-07-01T02:27:13.788+0000][26.232s][info][gc,heap     ] GC(44) Old regions: 153->153
[2026-07-01T02:27:13.788+0000][26.232s][info][gc,heap     ] GC(44) Humongous regions: 3->3
[2026-07-01T02:27:13.788+0000][26.232s][info][gc,metaspace] GC(44) Metaspace: 41583K(42368K)->41583K(42368K) NonClass: 36456K(36864K)->36456K(36864K) Class: 5127K(5504K)->5127K(5504K)
[2026-07-01T02:27:13.788+0000][26.232s][info][gc          ] GC(44) Pause Young (Concurrent Start) (G1 Evacuation Pause) 304M->162M(322M) 19.910ms
[2026-07-01T02:27:13.788+0000][26.232s][info][gc          ] GC(45) Concurrent Mark Cycle
[2026-07-01T02:27:13.788+0000][26.232s][info][gc,marking  ] GC(45) Concurrent Scan Root Regions
[2026-07-01T02:27:13.788+0000][26.232s][info][gc,cpu      ] GC(44) User=0.04s Sys=0.00s Real=0.02s
[2026-07-01T02:27:13.799+0000][26.243s][info][gc,marking  ] GC(45) Concurrent Scan Root Regions 10.766ms
[2026-07-01T02:27:13.799+0000][26.243s][info][gc,marking  ] GC(45) Concurrent Mark
[2026-07-01T02:27:13.799+0000][26.243s][info][gc,marking  ] GC(45) Concurrent Mark From Roots
[2026-07-01T02:27:13.799+0000][26.243s][info][gc,task     ] GC(45) Using 1 workers of 1 for marking
[2026-07-01T02:27:14.811+0000][27.255s][info][gc,marking  ] GC(45) Concurrent Mark From Roots 1011.971ms
[2026-07-01T02:27:14.811+0000][27.255s][info][gc,marking  ] GC(45) Concurrent Preclean
[2026-07-01T02:27:14.812+0000][27.255s][info][gc,marking  ] GC(45) Concurrent Preclean 0.424ms
[2026-07-01T02:27:14.814+0000][27.258s][info][gc,start    ] GC(45) Pause Remark
[2026-07-01T02:27:14.820+0000][27.264s][info][gc          ] GC(45) Pause Remark 264M->264M(322M) 6.043ms
[2026-07-01T02:27:14.820+0000][27.264s][info][gc,cpu      ] GC(45) User=0.02s Sys=0.00s Real=0.01s
[2026-07-01T02:27:14.826+0000][27.269s][info][gc,marking  ] GC(45) Concurrent Mark 1026.641ms
[2026-07-01T02:27:14.826+0000][27.269s][info][gc,marking  ] GC(45) Concurrent Rebuild Remembered Sets and Scrub Regions
[2026-07-01T02:27:15.168+0000][27.611s][info][gc,marking  ] GC(45) Concurrent Rebuild Remembered Sets and Scrub Regions 341.832ms
[2026-07-01T02:27:15.168+0000][27.611s][info][gc,start    ] GC(45) Pause Cleanup
[2026-07-01T02:27:15.168+0000][27.612s][info][gc          ] GC(45) Pause Cleanup 294M->294M(322M) 0.181ms
[2026-07-01T02:27:15.168+0000][27.612s][info][gc,cpu      ] GC(45) User=0.00s Sys=0.00s Real=0.00s
[2026-07-01T02:27:15.168+0000][27.612s][info][gc,marking  ] GC(45) Concurrent Clear Claimed Marks
[2026-07-01T02:27:15.168+0000][27.612s][info][gc,marking  ] GC(45) Concurrent Clear Claimed Marks 0.078ms
[2026-07-01T02:27:15.168+0000][27.612s][info][gc,marking  ] GC(45) Concurrent Cleanup for Next Mark
[2026-07-01T02:27:15.169+0000][27.612s][info][gc,marking  ] GC(45) Concurrent Cleanup for Next Mark 0.561ms
[2026-07-01T02:27:15.169+0000][27.612s][info][gc          ] GC(45) Concurrent Mark Cycle 1380.429ms
[2026-07-01T02:27:15.234+0000][27.678s][info][gc,start    ] GC(46) Pause Young (Prepare Mixed) (G1 Evacuation Pause)
[2026-07-01T02:27:15.234+0000][27.678s][info][gc,task     ] GC(46) Using 2 workers of 2 for evacuation
[2026-07-01T02:27:15.264+0000][27.708s][info][gc,phases   ] GC(46)   Pre Evacuate Collection Set: 0.16ms
[2026-07-01T02:27:15.264+0000][27.708s][info][gc,phases   ] GC(46)   Merge Heap Roots: 0.38ms
[2026-07-01T02:27:15.264+0000][27.708s][info][gc,phases   ] GC(46)   Evacuate Collection Set: 28.56ms
[2026-07-01T02:27:15.264+0000][27.708s][info][gc,phases   ] GC(46)   Post Evacuate Collection Set: 0.53ms
[2026-07-01T02:27:15.264+0000][27.708s][info][gc,phases   ] GC(46)   Other: 0.06ms
[2026-07-01T02:27:15.264+0000][27.708s][info][gc,heap     ] GC(46) Eden regions: 141->0(141)
[2026-07-01T02:27:15.264+0000][27.708s][info][gc,heap     ] GC(46) Survivor regions: 8->8(19)
[2026-07-01T02:27:15.264+0000][27.708s][info][gc,heap     ] GC(46) Old regions: 153->153
[2026-07-01T02:27:15.264+0000][27.708s][info][gc,heap     ] GC(46) Humongous regions: 3->3
[2026-07-01T02:27:15.264+0000][27.708s][info][gc,metaspace] GC(46) Metaspace: 41583K(42368K)->41583K(42368K) NonClass: 36456K(36864K)->36456K(36864K) Class: 5127K(5504K)->5127K(5504K)
[2026-07-01T02:27:15.264+0000][27.708s][info][gc          ] GC(46) Pause Young (Prepare Mixed) (G1 Evacuation Pause) 303M->163M(322M) 29.825ms
[2026-07-01T02:27:15.264+0000][27.708s][info][gc,cpu      ] GC(46) User=0.04s Sys=0.00s Real=0.03s
[2026-07-01T02:27:16.361+0000][28.804s][info][gc,start    ] GC(47) Pause Young (Mixed) (G1 Evacuation Pause)
[2026-07-01T02:27:16.361+0000][28.804s][info][gc,task     ] GC(47) Using 2 workers of 2 for evacuation
[2026-07-01T02:27:16.379+0000][28.822s][info][gc,phases   ] GC(47)   Pre Evacuate Collection Set: 0.16ms
[2026-07-01T02:27:16.379+0000][28.823s][info][gc,phases   ] GC(47)   Merge Heap Roots: 0.29ms
[2026-07-01T02:27:16.379+0000][28.823s][info][gc,phases   ] GC(47)   Evacuate Collection Set: 17.01ms
[2026-07-01T02:27:16.379+0000][28.823s][info][gc,phases   ] GC(47)   Post Evacuate Collection Set: 0.59ms
[2026-07-01T02:27:16.379+0000][28.823s][info][gc,phases   ] GC(47)   Other: 0.05ms
[2026-07-01T02:27:16.379+0000][28.823s][info][gc,heap     ] GC(47) Eden regions: 141->0(142)
[2026-07-01T02:27:16.379+0000][28.823s][info][gc,heap     ] GC(47) Survivor regions: 8->8(19)
[2026-07-01T02:27:16.379+0000][28.823s][info][gc,heap     ] GC(47) Old regions: 153->152
[2026-07-01T02:27:16.379+0000][28.823s][info][gc,heap     ] GC(47) Humongous regions: 3->3
[2026-07-01T02:27:16.379+0000][28.823s][info][gc,metaspace] GC(47) Metaspace: 41583K(42368K)->41583K(42368K) NonClass: 36456K(36864K)->36456K(36864K) Class: 5127K(5504K)->5127K(5504K)
[2026-07-01T02:27:16.379+0000][28.823s][info][gc          ] GC(47) Pause Young (Mixed) (G1 Evacuation Pause) 304M->162M(322M) 18.241ms
[2026-07-01T02:27:16.379+0000][28.823s][info][gc,cpu      ] GC(47) User=0.05s Sys=0.00s Real=0.02s
[2026-07-01T02:27:17.755+0000][30.199s][info][gc,start    ] GC(48) Pause Young (Concurrent Start) (G1 Evacuation Pause)
[2026-07-01T02:27:17.755+0000][30.199s][info][gc,task     ] GC(48) Using 2 workers of 2 for evacuation
[2026-07-01T02:27:17.777+0000][30.220s][info][gc,phases   ] GC(48)   Pre Evacuate Collection Set: 0.19ms
[2026-07-01T02:27:17.777+0000][30.220s][info][gc,phases   ] GC(48)   Merge Heap Roots: 0.45ms
[2026-07-01T02:27:17.777+0000][30.220s][info][gc,phases   ] GC(48)   Evacuate Collection Set: 20.00ms
[2026-07-01T02:27:17.777+0000][30.220s][info][gc,phases   ] GC(48)   Post Evacuate Collection Set: 0.64ms
[2026-07-01T02:27:17.777+0000][30.220s][info][gc,phases   ] GC(48)   Other: 0.08ms
[2026-07-01T02:27:17.777+0000][30.220s][info][gc,heap     ] GC(48) Eden regions: 142->0(141)
[2026-07-01T02:27:17.777+0000][30.220s][info][gc,heap     ] GC(48) Survivor regions: 8->8(19)
[2026-07-01T02:27:17.777+0000][30.220s][info][gc,heap     ] GC(48) Old regions: 152->153
[2026-07-01T02:27:17.777+0000][30.220s][info][gc,heap     ] GC(48) Humongous regions: 3->3
[2026-07-01T02:27:17.777+0000][30.220s][info][gc,metaspace] GC(48) Metaspace: 41589K(42368K)->41589K(42368K) NonClass: 36461K(36864K)->36461K(36864K) Class: 5127K(5504K)->5127K(5504K)
[2026-07-01T02:27:17.777+0000][30.220s][info][gc          ] GC(48) Pause Young (Concurrent Start) (G1 Evacuation Pause) 304M->163M(322M) 21.547ms
[2026-07-01T02:27:17.777+0000][30.220s][info][gc          ] GC(49) Concurrent Mark Cycle
[2026-07-01T02:27:17.777+0000][30.220s][info][gc,cpu      ] GC(48) User=0.04s Sys=0.00s Real=0.02s
[2026-07-01T02:27:17.777+0000][30.220s][info][gc,marking  ] GC(49) Concurrent Scan Root Regions
[2026-07-01T02:27:17.823+0000][30.266s][info][gc,marking  ] GC(49) Concurrent Scan Root Regions 46.016ms
[2026-07-01T02:27:17.823+0000][30.267s][info][gc,marking  ] GC(49) Concurrent Mark
[2026-07-01T02:27:17.823+0000][30.267s][info][gc,marking  ] GC(49) Concurrent Mark From Roots
[2026-07-01T02:27:17.823+0000][30.267s][info][gc,task     ] GC(49) Using 1 workers of 1 for marking
[2026-07-01T02:27:18.366+0000][30.809s][info][gc,marking  ] GC(49) Concurrent Mark From Roots 542.852ms
[2026-07-01T02:27:18.366+0000][30.809s][info][gc,marking  ] GC(49) Concurrent Preclean
[2026-07-01T02:27:18.366+0000][30.810s][info][gc,marking  ] GC(49) Concurrent Preclean 0.136ms
[2026-07-01T02:27:18.366+0000][30.810s][info][gc,start    ] GC(49) Pause Remark
[2026-07-01T02:27:18.374+0000][30.818s][info][gc          ] GC(49) Pause Remark 203M->203M(322M) 8.375ms
[2026-07-01T02:27:18.374+0000][30.818s][info][gc,cpu      ] GC(49) User=0.02s Sys=0.00s Real=0.01s
[2026-07-01T02:27:18.381+0000][30.825s][info][gc,marking  ] GC(49) Concurrent Mark 558.130ms
[2026-07-01T02:27:18.381+0000][30.825s][info][gc,marking  ] GC(49) Concurrent Rebuild Remembered Sets and Scrub Regions
[2026-07-01T02:27:18.619+0000][31.063s][info][gc,marking  ] GC(49) Concurrent Rebuild Remembered Sets and Scrub Regions 238.384ms
[2026-07-01T02:27:18.620+0000][31.063s][info][gc,start    ] GC(49) Pause Cleanup
[2026-07-01T02:27:18.620+0000][31.064s][info][gc          ] GC(49) Pause Cleanup 222M->222M(322M) 0.213ms
[2026-07-01T02:27:18.620+0000][31.064s][info][gc,cpu      ] GC(49) User=0.00s Sys=0.00s Real=0.00s
[2026-07-01T02:27:18.620+0000][31.064s][info][gc,marking  ] GC(49) Concurrent Clear Claimed Marks
[2026-07-01T02:27:18.621+0000][31.064s][info][gc,marking  ] GC(49) Concurrent Clear Claimed Marks 0.173ms
[2026-07-01T02:27:18.621+0000][31.064s][info][gc,marking  ] GC(49) Concurrent Cleanup for Next Mark
[2026-07-01T02:27:18.622+0000][31.065s][info][gc,marking  ] GC(49) Concurrent Cleanup for Next Mark 0.929ms
[2026-07-01T02:27:18.622+0000][31.065s][info][gc          ] GC(49) Concurrent Mark Cycle 844.812ms
[2026-07-01T02:27:19.399+0000][31.843s][info][gc,start    ] GC(50) Pause Young (Prepare Mixed) (G1 Evacuation Pause)
[2026-07-01T02:27:19.399+0000][31.843s][info][gc,task     ] GC(50) Using 2 workers of 2 for evacuation
[2026-07-01T02:27:19.418+0000][31.862s][info][gc,phases   ] GC(50)   Pre Evacuate Collection Set: 2.07ms
[2026-07-01T02:27:19.418+0000][31.862s][info][gc,phases   ] GC(50)   Merge Heap Roots: 0.48ms
[2026-07-01T02:27:19.418+0000][31.862s][info][gc,phases   ] GC(50)   Evacuate Collection Set: 15.16ms
[2026-07-01T02:27:19.418+0000][31.862s][info][gc,phases   ] GC(50)   Post Evacuate Collection Set: 0.60ms
[2026-07-01T02:27:19.418+0000][31.862s][info][gc,phases   ] GC(50)   Other: 0.07ms
[2026-07-01T02:27:19.418+0000][31.862s][info][gc,heap     ] GC(50) Eden regions: 141->0(140)
[2026-07-01T02:27:19.418+0000][31.862s][info][gc,heap     ] GC(50) Survivor regions: 8->9(19)
[2026-07-01T02:27:19.418+0000][31.862s][info][gc,heap     ] GC(50) Old regions: 153->153
[2026-07-01T02:27:19.418+0000][31.862s][info][gc,heap     ] GC(50) Humongous regions: 3->3
[2026-07-01T02:27:19.418+0000][31.862s][info][gc,metaspace] GC(50) Metaspace: 41590K(42368K)->41590K(42368K) NonClass: 36462K(36864K)->36462K(36864K) Class: 5127K(5504K)->5127K(5504K)
[2026-07-01T02:27:19.418+0000][31.862s][info][gc          ] GC(50) Pause Young (Prepare Mixed) (G1 Evacuation Pause) 304M->164M(322M) 18.536ms
[2026-07-01T02:27:19.418+0000][31.862s][info][gc,cpu      ] GC(50) User=0.05s Sys=0.00s Real=0.01s
[2026-07-01T02:27:20.492+0000][32.935s][info][gc,start    ] GC(51) Pause Young (Mixed) (G1 Evacuation Pause)
[2026-07-01T02:27:20.492+0000][32.935s][info][gc,task     ] GC(51) Using 2 workers of 2 for evacuation
[2026-07-01T02:27:20.509+0000][32.953s][info][gc,phases   ] GC(51)   Pre Evacuate Collection Set: 0.23ms
[2026-07-01T02:27:20.509+0000][32.953s][info][gc,phases   ] GC(51)   Merge Heap Roots: 0.51ms
[2026-07-01T02:27:20.509+0000][32.953s][info][gc,phases   ] GC(51)   Evacuate Collection Set: 16.42ms
[2026-07-01T02:27:20.509+0000][32.953s][info][gc,phases   ] GC(51)   Post Evacuate Collection Set: 0.58ms
[2026-07-01T02:27:20.509+0000][32.953s][info][gc,phases   ] GC(51)   Other: 0.07ms
[2026-07-01T02:27:20.509+0000][32.953s][info][gc,heap     ] GC(51) Eden regions: 140->0(140)
[2026-07-01T02:27:20.509+0000][32.953s][info][gc,heap     ] GC(51) Survivor regions: 9->9(19)
[2026-07-01T02:27:20.509+0000][32.953s][info][gc,heap     ] GC(51) Old regions: 153->153
[2026-07-01T02:27:20.509+0000][32.953s][info][gc,heap     ] GC(51) Humongous regions: 3->3
[2026-07-01T02:27:20.509+0000][32.953s][info][gc,metaspace] GC(51) Metaspace: 41590K(42368K)->41590K(42368K) NonClass: 36462K(36864K)->36462K(36864K) Class: 5127K(5504K)->5127K(5504K)
[2026-07-01T02:27:20.510+0000][32.953s][info][gc          ] GC(51) Pause Young (Mixed) (G1 Evacuation Pause) 304M->164M(322M) 17.952ms
[2026-07-01T02:27:20.510+0000][32.953s][info][gc,cpu      ] GC(51) User=0.05s Sys=0.00s Real=0.02s
[2026-07-01T02:27:21.567+0000][34.010s][info][gc,start    ] GC(52) Pause Young (Concurrent Start) (G1 Evacuation Pause)
[2026-07-01T02:27:21.567+0000][34.011s][info][gc,task     ] GC(52) Using 2 workers of 2 for evacuation
[2026-07-01T02:27:21.584+0000][34.028s][info][gc,phases   ] GC(52)   Pre Evacuate Collection Set: 0.21ms
[2026-07-01T02:27:21.584+0000][34.028s][info][gc,phases   ] GC(52)   Merge Heap Roots: 0.27ms
[2026-07-01T02:27:21.584+0000][34.028s][info][gc,phases   ] GC(52)   Evacuate Collection Set: 16.16ms
[2026-07-01T02:27:21.584+0000][34.028s][info][gc,phases   ] GC(52)   Post Evacuate Collection Set: 0.56ms
[2026-07-01T02:27:21.584+0000][34.028s][info][gc,phases   ] GC(52)   Other: 0.07ms
[2026-07-01T02:27:21.584+0000][34.028s][info][gc,heap     ] GC(52) Eden regions: 140->0(140)
[2026-07-01T02:27:21.584+0000][34.028s][info][gc,heap     ] GC(52) Survivor regions: 9->8(19)
[2026-07-01T02:27:21.584+0000][34.028s][info][gc,heap     ] GC(52) Old regions: 153->154
[2026-07-01T02:27:21.584+0000][34.028s][info][gc,heap     ] GC(52) Humongous regions: 3->3
[2026-07-01T02:27:21.584+0000][34.028s][info][gc,metaspace] GC(52) Metaspace: 41593K(42368K)->41593K(42368K) NonClass: 36465K(36864K)->36465K(36864K) Class: 5127K(5504K)->5127K(5504K)
[2026-07-01T02:27:21.584+0000][34.028s][info][gc          ] GC(52) Pause Young (Concurrent Start) (G1 Evacuation Pause) 304M->164M(322M) 17.469ms
[2026-07-01T02:27:21.584+0000][34.028s][info][gc          ] GC(53) Concurrent Mark Cycle
[2026-07-01T02:27:21.584+0000][34.028s][info][gc,cpu      ] GC(52) User=0.05s Sys=0.00s Real=0.02s
[2026-07-01T02:27:21.584+0000][34.028s][info][gc,marking  ] GC(53) Concurrent Scan Root Regions
[2026-07-01T02:27:21.606+0000][34.050s][info][gc,marking  ] GC(53) Concurrent Scan Root Regions 22.131ms
[2026-07-01T02:27:21.606+0000][34.050s][info][gc,marking  ] GC(53) Concurrent Mark
[2026-07-01T02:27:21.606+0000][34.050s][info][gc,marking  ] GC(53) Concurrent Mark From Roots
[2026-07-01T02:27:21.606+0000][34.050s][info][gc,task     ] GC(53) Using 1 workers of 1 for marking
[2026-07-01T02:27:22.128+0000][34.571s][info][gc,marking  ] GC(53) Concurrent Mark From Roots 521.115ms
[2026-07-01T02:27:22.128+0000][34.571s][info][gc,marking  ] GC(53) Concurrent Preclean
[2026-07-01T02:27:22.128+0000][34.571s][info][gc,marking  ] GC(53) Concurrent Preclean 0.130ms
[2026-07-01T02:27:22.129+0000][34.573s][info][gc,start    ] GC(53) Pause Remark
[2026-07-01T02:27:22.135+0000][34.579s][info][gc          ] GC(53) Pause Remark 199M->199M(322M) 6.029ms
[2026-07-01T02:27:22.135+0000][34.579s][info][gc,cpu      ] GC(53) User=0.02s Sys=0.00s Real=0.00s
[2026-07-01T02:27:22.139+0000][34.583s][info][gc,marking  ] GC(53) Concurrent Mark 532.724ms
[2026-07-01T02:27:22.139+0000][34.583s][info][gc,marking  ] GC(53) Concurrent Rebuild Remembered Sets and Scrub Regions
[2026-07-01T02:27:22.519+0000][34.963s][info][gc,marking  ] GC(53) Concurrent Rebuild Remembered Sets and Scrub Regions 380.011ms
[2026-07-01T02:27:22.519+0000][34.963s][info][gc,start    ] GC(53) Pause Cleanup
[2026-07-01T02:27:22.520+0000][34.963s][info][gc          ] GC(53) Pause Cleanup 239M->239M(322M) 0.184ms
[2026-07-01T02:27:22.520+0000][34.963s][info][gc,cpu      ] GC(53) User=0.00s Sys=0.00s Real=0.00s
[2026-07-01T02:27:22.520+0000][34.963s][info][gc,marking  ] GC(53) Concurrent Clear Claimed Marks
[2026-07-01T02:27:22.520+0000][34.963s][info][gc,marking  ] GC(53) Concurrent Clear Claimed Marks 0.086ms
[2026-07-01T02:27:22.520+0000][34.963s][info][gc,marking  ] GC(53) Concurrent Cleanup for Next Mark
[2026-07-01T02:27:22.520+0000][34.964s][info][gc,marking  ] GC(53) Concurrent Cleanup for Next Mark 0.585ms
[2026-07-01T02:27:22.520+0000][34.964s][info][gc          ] GC(53) Concurrent Mark Cycle 936.164ms
[2026-07-01T02:27:23.065+0000][35.509s][info][gc,start    ] GC(54) Pause Young (Prepare Mixed) (G1 Evacuation Pause)
[2026-07-01T02:27:23.065+0000][35.509s][info][gc,task     ] GC(54) Using 2 workers of 2 for evacuation
[2026-07-01T02:27:23.080+0000][35.524s][info][gc,phases   ] GC(54)   Pre Evacuate Collection Set: 0.20ms
[2026-07-01T02:27:23.080+0000][35.524s][info][gc,phases   ] GC(54)   Merge Heap Roots: 0.85ms
[2026-07-01T02:27:23.080+0000][35.524s][info][gc,phases   ] GC(54)   Evacuate Collection Set: 13.48ms
[2026-07-01T02:27:23.080+0000][35.524s][info][gc,phases   ] GC(54)   Post Evacuate Collection Set: 0.42ms
[2026-07-01T02:27:23.080+0000][35.524s][info][gc,phases   ] GC(54)   Other: 0.07ms
[2026-07-01T02:27:23.081+0000][35.524s][info][gc,heap     ] GC(54) Eden regions: 140->0(139)
[2026-07-01T02:27:23.081+0000][35.524s][info][gc,heap     ] GC(54) Survivor regions: 8->9(19)
[2026-07-01T02:27:23.081+0000][35.524s][info][gc,heap     ] GC(54) Old regions: 154->154
[2026-07-01T02:27:23.081+0000][35.524s][info][gc,heap     ] GC(54) Humongous regions: 3->3
[2026-07-01T02:27:23.081+0000][35.524s][info][gc,metaspace] GC(54) Metaspace: 41595K(42368K)->41595K(42368K) NonClass: 36467K(36864K)->36467K(36864K) Class: 5127K(5504K)->5127K(5504K)
[2026-07-01T02:27:23.081+0000][35.524s][info][gc          ] GC(54) Pause Young (Prepare Mixed) (G1 Evacuation Pause) 304M->165M(322M) 15.191ms
[2026-07-01T02:27:23.081+0000][35.524s][info][gc,cpu      ] GC(54) User=0.03s Sys=0.00s Real=0.02s
[2026-07-01T02:27:24.262+0000][36.706s][info][gc,start    ] GC(55) Pause Young (Mixed) (G1 Evacuation Pause)
[2026-07-01T02:27:24.262+0000][36.706s][info][gc,task     ] GC(55) Using 2 workers of 2 for evacuation
[2026-07-01T02:27:24.281+0000][36.724s][info][gc,phases   ] GC(55)   Pre Evacuate Collection Set: 0.16ms
[2026-07-01T02:27:24.281+0000][36.724s][info][gc,phases   ] GC(55)   Merge Heap Roots: 0.28ms
[2026-07-01T02:27:24.281+0000][36.724s][info][gc,phases   ] GC(55)   Evacuate Collection Set: 17.74ms
[2026-07-01T02:27:24.281+0000][36.724s][info][gc,phases   ] GC(55)   Post Evacuate Collection Set: 0.42ms
[2026-07-01T02:27:24.281+0000][36.724s][info][gc,phases   ] GC(55)   Other: 0.06ms
[2026-07-01T02:27:24.281+0000][36.724s][info][gc,heap     ] GC(55) Eden regions: 139->0(139)
[2026-07-01T02:27:24.281+0000][36.724s][info][gc,heap     ] GC(55) Survivor regions: 9->9(19)
[2026-07-01T02:27:24.281+0000][36.724s][info][gc,heap     ] GC(55) Old regions: 154->154
[2026-07-01T02:27:24.281+0000][36.724s][info][gc,heap     ] GC(55) Humongous regions: 3->3
[2026-07-01T02:27:24.281+0000][36.724s][info][gc,metaspace] GC(55) Metaspace: 41595K(42368K)->41595K(42368K) NonClass: 36467K(36864K)->36467K(36864K) Class: 5127K(5504K)->5127K(5504K)
[2026-07-01T02:27:24.281+0000][36.724s][info][gc          ] GC(55) Pause Young (Mixed) (G1 Evacuation Pause) 304M->164M(322M) 18.846ms
[2026-07-01T02:27:24.281+0000][36.725s][info][gc,cpu      ] GC(55) User=0.05s Sys=0.00s Real=0.02s
[2026-07-01T02:27:25.441+0000][37.885s][info][gc,start    ] GC(56) Pause Young (Concurrent Start) (G1 Evacuation Pause)
[2026-07-01T02:27:25.441+0000][37.885s][info][gc,task     ] GC(56) Using 2 workers of 2 for evacuation
[2026-07-01T02:27:25.460+0000][37.904s][info][gc,phases   ] GC(56)   Pre Evacuate Collection Set: 0.24ms
[2026-07-01T02:27:25.460+0000][37.904s][info][gc,phases   ] GC(56)   Merge Heap Roots: 0.38ms
[2026-07-01T02:27:25.460+0000][37.904s][info][gc,phases   ] GC(56)   Evacuate Collection Set: 17.62ms
[2026-07-01T02:27:25.460+0000][37.904s][info][gc,phases   ] GC(56)   Post Evacuate Collection Set: 0.42ms
[2026-07-01T02:27:25.460+0000][37.904s][info][gc,phases   ] GC(56)   Other: 0.11ms
[2026-07-01T02:27:25.460+0000][37.904s][info][gc,heap     ] GC(56) Eden regions: 139->0(139)
[2026-07-01T02:27:25.460+0000][37.904s][info][gc,heap     ] GC(56) Survivor regions: 9->9(19)
[2026-07-01T02:27:25.460+0000][37.904s][info][gc,heap     ] GC(56) Old regions: 154->154
[2026-07-01T02:27:25.460+0000][37.904s][info][gc,heap     ] GC(56) Humongous regions: 3->3
[2026-07-01T02:27:25.460+0000][37.904s][info][gc,metaspace] GC(56) Metaspace: 41595K(42368K)->41595K(42368K) NonClass: 36467K(36864K)->36467K(36864K) Class: 5127K(5504K)->5127K(5504K)
[2026-07-01T02:27:25.460+0000][37.904s][info][gc          ] GC(56) Pause Young (Concurrent Start) (G1 Evacuation Pause) 303M->165M(322M) 18.921ms
[2026-07-01T02:27:25.460+0000][37.904s][info][gc          ] GC(57) Concurrent Mark Cycle
[2026-07-01T02:27:25.460+0000][37.904s][info][gc,marking  ] GC(57) Concurrent Scan Root Regions
[2026-07-01T02:27:25.460+0000][37.904s][info][gc,cpu      ] GC(56) User=0.03s Sys=0.00s Real=0.02s
[2026-07-01T02:27:25.506+0000][37.950s][info][gc,marking  ] GC(57) Concurrent Scan Root Regions 45.943ms
[2026-07-01T02:27:25.506+0000][37.950s][info][gc,marking  ] GC(57) Concurrent Mark
[2026-07-01T02:27:25.506+0000][37.950s][info][gc,marking  ] GC(57) Concurrent Mark From Roots
[2026-07-01T02:27:25.506+0000][37.950s][info][gc,task     ] GC(57) Using 1 workers of 1 for marking
[2026-07-01T02:27:26.096+0000][38.539s][info][gc,marking  ] GC(57) Concurrent Mark From Roots 589.394ms
[2026-07-01T02:27:26.096+0000][38.539s][info][gc,marking  ] GC(57) Concurrent Preclean
[2026-07-01T02:27:26.096+0000][38.539s][info][gc,marking  ] GC(57) Concurrent Preclean 0.136ms
[2026-07-01T02:27:26.096+0000][38.540s][info][gc,start    ] GC(57) Pause Remark
[2026-07-01T02:27:26.104+0000][38.548s][info][gc          ] GC(57) Pause Remark 226M->226M(322M) 8.538ms
[2026-07-01T02:27:26.105+0000][38.548s][info][gc,cpu      ] GC(57) User=0.02s Sys=0.00s Real=0.01s
[2026-07-01T02:27:26.109+0000][38.553s][info][gc,marking  ] GC(57) Concurrent Mark 602.709ms
[2026-07-01T02:27:26.109+0000][38.553s][info][gc,marking  ] GC(57) Concurrent Rebuild Remembered Sets and Scrub Regions
[2026-07-01T02:27:26.502+0000][38.945s][info][gc,marking  ] GC(57) Concurrent Rebuild Remembered Sets and Scrub Regions 392.624ms
[2026-07-01T02:27:26.502+0000][38.945s][info][gc,start    ] GC(57) Pause Cleanup
[2026-07-01T02:27:26.502+0000][38.946s][info][gc          ] GC(57) Pause Cleanup 270M->270M(322M) 0.162ms
[2026-07-01T02:27:26.502+0000][38.946s][info][gc,cpu      ] GC(57) User=0.00s Sys=0.00s Real=0.00s
[2026-07-01T02:27:26.503+0000][38.947s][info][gc,marking  ] GC(57) Concurrent Clear Claimed Marks
[2026-07-01T02:27:26.503+0000][38.947s][info][gc,marking  ] GC(57) Concurrent Clear Claimed Marks 0.092ms
[2026-07-01T02:27:26.503+0000][38.947s][info][gc,marking  ] GC(57) Concurrent Cleanup for Next Mark
[2026-07-01T02:27:26.504+0000][38.948s][info][gc,marking  ] GC(57) Concurrent Cleanup for Next Mark 0.765ms
[2026-07-01T02:27:26.504+0000][38.948s][info][gc          ] GC(57) Concurrent Mark Cycle 1044.039ms
[2026-07-01T02:27:26.724+0000][39.167s][info][gc,start    ] GC(58) Pause Young (Prepare Mixed) (G1 Evacuation Pause)
[2026-07-01T02:27:26.724+0000][39.167s][info][gc,task     ] GC(58) Using 2 workers of 2 for evacuation
[2026-07-01T02:27:26.743+0000][39.186s][info][gc,phases   ] GC(58)   Pre Evacuate Collection Set: 0.21ms
[2026-07-01T02:27:26.743+0000][39.186s][info][gc,phases   ] GC(58)   Merge Heap Roots: 0.62ms
[2026-07-01T02:27:26.743+0000][39.186s][info][gc,phases   ] GC(58)   Evacuate Collection Set: 17.70ms
[2026-07-01T02:27:26.743+0000][39.186s][info][gc,phases   ] GC(58)   Post Evacuate Collection Set: 0.42ms
[2026-07-01T02:27:26.743+0000][39.186s][info][gc,phases   ] GC(58)   Other: 0.07ms
[2026-07-01T02:27:26.743+0000][39.186s][info][gc,heap     ] GC(58) Eden regions: 139->0(138)
[2026-07-01T02:27:26.743+0000][39.186s][info][gc,heap     ] GC(58) Survivor regions: 9->9(19)
[2026-07-01T02:27:26.743+0000][39.186s][info][gc,heap     ] GC(58) Old regions: 154->155
[2026-07-01T02:27:26.743+0000][39.186s][info][gc,heap     ] GC(58) Humongous regions: 3->3
[2026-07-01T02:27:26.743+0000][39.186s][info][gc,metaspace] GC(58) Metaspace: 41596K(42368K)->41596K(42368K) NonClass: 36468K(36864K)->36468K(36864K) Class: 5127K(5504K)->5127K(5504K)
[2026-07-01T02:27:26.743+0000][39.186s][info][gc          ] GC(58) Pause Young (Prepare Mixed) (G1 Evacuation Pause) 304M->165M(322M) 19.180ms
[2026-07-01T02:27:26.743+0000][39.187s][info][gc,cpu      ] GC(58) User=0.03s Sys=0.00s Real=0.02s
[2026-07-01T02:27:28.013+0000][40.456s][info][gc,start    ] GC(59) Pause Young (Mixed) (G1 Evacuation Pause)
[2026-07-01T02:27:28.013+0000][40.456s][info][gc,task     ] GC(59) Using 2 workers of 2 for evacuation
[2026-07-01T02:27:28.031+0000][40.474s][info][gc,phases   ] GC(59)   Pre Evacuate Collection Set: 0.19ms
[2026-07-01T02:27:28.031+0000][40.474s][info][gc,phases   ] GC(59)   Merge Heap Roots: 0.38ms
[2026-07-01T02:27:28.031+0000][40.474s][info][gc,phases   ] GC(59)   Evacuate Collection Set: 16.69ms
[2026-07-01T02:27:28.031+0000][40.474s][info][gc,phases   ] GC(59)   Post Evacuate Collection Set: 0.43ms
[2026-07-01T02:27:28.031+0000][40.474s][info][gc,phases   ] GC(59)   Other: 0.06ms
[2026-07-01T02:27:28.031+0000][40.474s][info][gc,heap     ] GC(59) Eden regions: 138->0(138)
[2026-07-01T02:27:28.031+0000][40.474s][info][gc,heap     ] GC(59) Survivor regions: 9->9(19)
[2026-07-01T02:27:28.031+0000][40.474s][info][gc,heap     ] GC(59) Old regions: 155->155
[2026-07-01T02:27:28.031+0000][40.474s][info][gc,heap     ] GC(59) Humongous regions: 3->3
[2026-07-01T02:27:28.031+0000][40.474s][info][gc,metaspace] GC(59) Metaspace: 41596K(42368K)->41596K(42368K) NonClass: 36468K(36864K)->36468K(36864K) Class: 5127K(5504K)->5127K(5504K)
[2026-07-01T02:27:28.031+0000][40.474s][info][gc          ] GC(59) Pause Young (Mixed) (G1 Evacuation Pause) 303M->166M(322M) 17.912ms
[2026-07-01T02:27:28.031+0000][40.474s][info][gc,cpu      ] GC(59) User=0.04s Sys=0.00s Real=0.02s
[2026-07-01T02:27:29.152+0000][41.596s][info][gc,start    ] GC(60) Pause Young (Concurrent Start) (G1 Evacuation Pause)
[2026-07-01T02:27:29.152+0000][41.596s][info][gc,task     ] GC(60) Using 2 workers of 2 for evacuation
[2026-07-01T02:27:29.194+0000][41.638s][info][gc,phases   ] GC(60)   Pre Evacuate Collection Set: 0.22ms
[2026-07-01T02:27:29.194+0000][41.638s][info][gc,phases   ] GC(60)   Merge Heap Roots: 0.56ms
[2026-07-01T02:27:29.194+0000][41.638s][info][gc,phases   ] GC(60)   Evacuate Collection Set: 40.38ms
[2026-07-01T02:27:29.194+0000][41.638s][info][gc,phases   ] GC(60)   Post Evacuate Collection Set: 0.47ms
[2026-07-01T02:27:29.194+0000][41.638s][info][gc,phases   ] GC(60)   Other: 0.09ms
[2026-07-01T02:27:29.194+0000][41.638s][info][gc,heap     ] GC(60) Eden regions: 138->0(138)
[2026-07-01T02:27:29.194+0000][41.638s][info][gc,heap     ] GC(60) Survivor regions: 9->9(19)
[2026-07-01T02:27:29.194+0000][41.638s][info][gc,heap     ] GC(60) Old regions: 155->155
[2026-07-01T02:27:29.194+0000][41.638s][info][gc,heap     ] GC(60) Humongous regions: 3->3
[2026-07-01T02:27:29.194+0000][41.638s][info][gc,metaspace] GC(60) Metaspace: 41597K(42368K)->41597K(42368K) NonClass: 36469K(36864K)->36469K(36864K) Class: 5127K(5504K)->5127K(5504K)
[2026-07-01T02:27:29.194+0000][41.638s][info][gc          ] GC(60) Pause Young (Concurrent Start) (G1 Evacuation Pause) 304M->166M(322M) 41.997ms
[2026-07-01T02:27:29.194+0000][41.638s][info][gc          ] GC(61) Concurrent Mark Cycle
[2026-07-01T02:27:29.194+0000][41.638s][info][gc,cpu      ] GC(60) User=0.05s Sys=0.00s Real=0.04s
[2026-07-01T02:27:29.194+0000][41.638s][info][gc,marking  ] GC(61) Concurrent Scan Root Regions
[2026-07-01T02:27:29.229+0000][41.673s][info][gc,marking  ] GC(61) Concurrent Scan Root Regions 34.983ms
[2026-07-01T02:27:29.229+0000][41.673s][info][gc,marking  ] GC(61) Concurrent Mark
[2026-07-01T02:27:29.229+0000][41.673s][info][gc,marking  ] GC(61) Concurrent Mark From Roots
[2026-07-01T02:27:29.229+0000][41.673s][info][gc,task     ] GC(61) Using 1 workers of 1 for marking
[2026-07-01T02:27:29.703+0000][42.147s][info][gc,marking  ] GC(61) Concurrent Mark From Roots 474.162ms
[2026-07-01T02:27:29.704+0000][42.147s][info][gc,marking  ] GC(61) Concurrent Preclean
[2026-07-01T02:27:29.704+0000][42.147s][info][gc,marking  ] GC(61) Concurrent Preclean 0.135ms
[2026-07-01T02:27:29.704+0000][42.148s][info][gc,start    ] GC(61) Pause Remark
[2026-07-01T02:27:29.712+0000][42.155s][info][gc          ] GC(61) Pause Remark 208M->208M(322M) 7.577ms
[2026-07-01T02:27:29.712+0000][42.155s][info][gc,cpu      ] GC(61) User=0.01s Sys=0.00s Real=0.01s
[2026-07-01T02:27:29.716+0000][42.160s][info][gc,marking  ] GC(61) Concurrent Mark 486.770ms
[2026-07-01T02:27:29.716+0000][42.160s][info][gc,marking  ] GC(61) Concurrent Rebuild Remembered Sets and Scrub Regions
[2026-07-01T02:27:30.101+0000][42.545s][info][gc,marking  ] GC(61) Concurrent Rebuild Remembered Sets and Scrub Regions 385.163ms
[2026-07-01T02:27:30.102+0000][42.545s][info][gc,start    ] GC(61) Pause Cleanup
[2026-07-01T02:27:30.102+0000][42.545s][info][gc          ] GC(61) Pause Cleanup 261M->261M(322M) 0.179ms
[2026-07-01T02:27:30.102+0000][42.545s][info][gc,cpu      ] GC(61) User=0.00s Sys=0.00s Real=0.00s
[2026-07-01T02:27:30.102+0000][42.546s][info][gc,marking  ] GC(61) Concurrent Clear Claimed Marks
[2026-07-01T02:27:30.103+0000][42.546s][info][gc,marking  ] GC(61) Concurrent Clear Claimed Marks 0.103ms
[2026-07-01T02:27:30.103+0000][42.546s][info][gc,marking  ] GC(61) Concurrent Cleanup for Next Mark
[2026-07-01T02:27:30.103+0000][42.547s][info][gc,marking  ] GC(61) Concurrent Cleanup for Next Mark 0.590ms
[2026-07-01T02:27:30.103+0000][42.547s][info][gc          ] GC(61) Concurrent Mark Cycle 908.991ms
[2026-07-01T02:27:30.383+0000][42.827s][info][gc,start    ] GC(62) Pause Young (Prepare Mixed) (G1 Evacuation Pause)
[2026-07-01T02:27:30.383+0000][42.827s][info][gc,task     ] GC(62) Using 2 workers of 2 for evacuation
[2026-07-01T02:27:30.405+0000][42.848s][info][gc,phases   ] GC(62)   Pre Evacuate Collection Set: 0.18ms
[2026-07-01T02:27:30.405+0000][42.848s][info][gc,phases   ] GC(62)   Merge Heap Roots: 0.62ms
[2026-07-01T02:27:30.405+0000][42.848s][info][gc,phases   ] GC(62)   Evacuate Collection Set: 20.42ms
[2026-07-01T02:27:30.405+0000][42.848s][info][gc,phases   ] GC(62)   Post Evacuate Collection Set: 0.47ms
[2026-07-01T02:27:30.405+0000][42.848s][info][gc,phases   ] GC(62)   Other: 0.06ms
[2026-07-01T02:27:30.405+0000][42.848s][info][gc,heap     ] GC(62) Eden regions: 138->0(137)
[2026-07-01T02:27:30.405+0000][42.848s][info][gc,heap     ] GC(62) Survivor regions: 9->9(19)
[2026-07-01T02:27:30.405+0000][42.848s][info][gc,heap     ] GC(62) Old regions: 155->156
[2026-07-01T02:27:30.405+0000][42.848s][info][gc,heap     ] GC(62) Humongous regions: 3->3
[2026-07-01T02:27:30.405+0000][42.848s][info][gc,metaspace] GC(62) Metaspace: 41597K(42368K)->41597K(42368K) NonClass: 36469K(36864K)->36469K(36864K) Class: 5127K(5504K)->5127K(5504K)
[2026-07-01T02:27:30.405+0000][42.849s][info][gc          ] GC(62) Pause Young (Prepare Mixed) (G1 Evacuation Pause) 304M->167M(322M) 21.921ms
[2026-07-01T02:27:30.405+0000][42.849s][info][gc,cpu      ] GC(62) User=0.04s Sys=0.00s Real=0.02s
[2026-07-01T02:27:31.464+0000][43.908s][info][gc,start    ] GC(63) Pause Young (Mixed) (G1 Evacuation Pause)
[2026-07-01T02:27:31.464+0000][43.908s][info][gc,task     ] GC(63) Using 2 workers of 2 for evacuation
[2026-07-01T02:27:31.509+0000][43.953s][info][gc,phases   ] GC(63)   Pre Evacuate Collection Set: 0.67ms
[2026-07-01T02:27:31.509+0000][43.953s][info][gc,phases   ] GC(63)   Merge Heap Roots: 0.78ms
[2026-07-01T02:27:31.509+0000][43.953s][info][gc,phases   ] GC(63)   Evacuate Collection Set: 42.68ms
[2026-07-01T02:27:31.509+0000][43.953s][info][gc,phases   ] GC(63)   Post Evacuate Collection Set: 0.82ms
[2026-07-01T02:27:31.509+0000][43.953s][info][gc,phases   ] GC(63)   Other: 0.07ms
[2026-07-01T02:27:31.509+0000][43.953s][info][gc,heap     ] GC(63) Eden regions: 137->0(137)
[2026-07-01T02:27:31.509+0000][43.953s][info][gc,heap     ] GC(63) Survivor regions: 9->9(19)
[2026-07-01T02:27:31.509+0000][43.953s][info][gc,heap     ] GC(63) Old regions: 156->156
[2026-07-01T02:27:31.509+0000][43.953s][info][gc,heap     ] GC(63) Humongous regions: 3->3
[2026-07-01T02:27:31.509+0000][43.953s][info][gc,metaspace] GC(63) Metaspace: 41598K(42368K)->41598K(42368K) NonClass: 36470K(36864K)->36470K(36864K) Class: 5127K(5504K)->5127K(5504K)
[2026-07-01T02:27:31.509+0000][43.953s][info][gc          ] GC(63) Pause Young (Mixed) (G1 Evacuation Pause) 304M->167M(322M) 45.207ms
[2026-07-01T02:27:31.509+0000][43.953s][info][gc,cpu      ] GC(63) User=0.04s Sys=0.00s Real=0.05s
[2026-07-01T02:27:32.599+0000][45.043s][info][gc,start    ] GC(64) Pause Young (Concurrent Start) (G1 Evacuation Pause)
[2026-07-01T02:27:32.599+0000][45.043s][info][gc,task     ] GC(64) Using 2 workers of 2 for evacuation
[2026-07-01T02:27:32.622+0000][45.066s][info][gc,phases   ] GC(64)   Pre Evacuate Collection Set: 0.23ms
[2026-07-01T02:27:32.622+0000][45.066s][info][gc,phases   ] GC(64)   Merge Heap Roots: 0.57ms
[2026-07-01T02:27:32.622+0000][45.066s][info][gc,phases   ] GC(64)   Evacuate Collection Set: 21.43ms
[2026-07-01T02:27:32.622+0000][45.066s][info][gc,phases   ] GC(64)   Post Evacuate Collection Set: 0.49ms
[2026-07-01T02:27:32.622+0000][45.066s][info][gc,phases   ] GC(64)   Other: 0.10ms
[2026-07-01T02:27:32.622+0000][45.066s][info][gc,heap     ] GC(64) Eden regions: 137->0(136)
[2026-07-01T02:27:32.622+0000][45.066s][info][gc,heap     ] GC(64) Survivor regions: 9->9(19)
[2026-07-01T02:27:32.622+0000][45.066s][info][gc,heap     ] GC(64) Old regions: 156->157
[2026-07-01T02:27:32.622+0000][45.066s][info][gc,heap     ] GC(64) Humongous regions: 3->3
[2026-07-01T02:27:32.622+0000][45.066s][info][gc,metaspace] GC(64) Metaspace: 41598K(42368K)->41598K(42368K) NonClass: 36470K(36864K)->36470K(36864K) Class: 5127K(5504K)->5127K(5504K)
[2026-07-01T02:27:32.622+0000][45.066s][info][gc          ] GC(64) Pause Young (Concurrent Start) (G1 Evacuation Pause) 304M->167M(322M) 23.005ms
[2026-07-01T02:27:32.622+0000][45.066s][info][gc          ] GC(65) Concurrent Mark Cycle
[2026-07-01T02:27:32.622+0000][45.066s][info][gc,marking  ] GC(65) Concurrent Scan Root Regions
[2026-07-01T02:27:32.622+0000][45.066s][info][gc,cpu      ] GC(64) User=0.05s Sys=0.00s Real=0.02s
[2026-07-01T02:27:32.675+0000][45.119s][info][gc,marking  ] GC(65) Concurrent Scan Root Regions 52.763ms
[2026-07-01T02:27:32.676+0000][45.119s][info][gc,marking  ] GC(65) Concurrent Mark
[2026-07-01T02:27:32.676+0000][45.119s][info][gc,marking  ] GC(65) Concurrent Mark From Roots
[2026-07-01T02:27:32.676+0000][45.119s][info][gc,task     ] GC(65) Using 1 workers of 1 for marking
[2026-07-01T02:27:33.318+0000][45.762s][info][gc,marking  ] GC(65) Concurrent Mark From Roots 642.686ms
[2026-07-01T02:27:33.318+0000][45.762s][info][gc,marking  ] GC(65) Concurrent Preclean
[2026-07-01T02:27:33.318+0000][45.762s][info][gc,marking  ] GC(65) Concurrent Preclean 0.144ms
[2026-07-01T02:27:33.319+0000][45.762s][info][gc,start    ] GC(65) Pause Remark
[2026-07-01T02:27:33.328+0000][45.771s][info][gc          ] GC(65) Pause Remark 257M->257M(322M) 8.899ms
[2026-07-01T02:27:33.328+0000][45.771s][info][gc,cpu      ] GC(65) User=0.02s Sys=0.00s Real=0.00s
[2026-07-01T02:27:33.330+0000][45.774s][info][gc,marking  ] GC(65) Concurrent Mark 654.660ms
[2026-07-01T02:27:33.330+0000][45.774s][info][gc,marking  ] GC(65) Concurrent Rebuild Remembered Sets and Scrub Regions
[2026-07-01T02:27:33.607+0000][46.051s][info][gc,marking  ] GC(65) Concurrent Rebuild Remembered Sets and Scrub Regions 276.708ms
[2026-07-01T02:27:33.607+0000][46.051s][info][gc,start    ] GC(65) Pause Cleanup
[2026-07-01T02:27:33.607+0000][46.051s][info][gc          ] GC(65) Pause Cleanup 287M->287M(322M) 0.195ms
[2026-07-01T02:27:33.607+0000][46.051s][info][gc,cpu      ] GC(65) User=0.00s Sys=0.00s Real=0.00s
[2026-07-01T02:27:33.608+0000][46.051s][info][gc,marking  ] GC(65) Concurrent Clear Claimed Marks
[2026-07-01T02:27:33.608+0000][46.051s][info][gc,marking  ] GC(65) Concurrent Clear Claimed Marks 0.082ms
[2026-07-01T02:27:33.608+0000][46.051s][info][gc,marking  ] GC(65) Concurrent Cleanup for Next Mark
[2026-07-01T02:27:33.609+0000][46.052s][info][gc,marking  ] GC(65) Concurrent Cleanup for Next Mark 0.919ms
[2026-07-01T02:27:33.609+0000][46.052s][info][gc          ] GC(65) Concurrent Mark Cycle 986.257ms
[2026-07-01T02:27:33.736+0000][46.180s][info][gc,start    ] GC(66) Pause Young (Prepare Mixed) (G1 Evacuation Pause)
[2026-07-01T02:27:33.736+0000][46.180s][info][gc,task     ] GC(66) Using 2 workers of 2 for evacuation
[2026-07-01T02:27:33.762+0000][46.206s][info][gc,phases   ] GC(66)   Pre Evacuate Collection Set: 0.17ms
[2026-07-01T02:27:33.762+0000][46.206s][info][gc,phases   ] GC(66)   Merge Heap Roots: 0.64ms
[2026-07-01T02:27:33.762+0000][46.206s][info][gc,phases   ] GC(66)   Evacuate Collection Set: 24.27ms
[2026-07-01T02:27:33.762+0000][46.206s][info][gc,phases   ] GC(66)   Post Evacuate Collection Set: 0.46ms
[2026-07-01T02:27:33.762+0000][46.206s][info][gc,phases   ] GC(66)   Other: 0.06ms
[2026-07-01T02:27:33.762+0000][46.206s][info][gc,heap     ] GC(66) Eden regions: 136->0(136)
[2026-07-01T02:27:33.762+0000][46.206s][info][gc,heap     ] GC(66) Survivor regions: 9->9(19)
[2026-07-01T02:27:33.762+0000][46.206s][info][gc,heap     ] GC(66) Old regions: 157->157
[2026-07-01T02:27:33.762+0000][46.206s][info][gc,heap     ] GC(66) Humongous regions: 3->3
[2026-07-01T02:27:33.762+0000][46.206s][info][gc,metaspace] GC(66) Metaspace: 41602K(42368K)->41602K(42368K) NonClass: 36474K(36864K)->36474K(36864K) Class: 5127K(5504K)->5127K(5504K)
[2026-07-01T02:27:33.762+0000][46.206s][info][gc          ] GC(66) Pause Young (Prepare Mixed) (G1 Evacuation Pause) 303M->168M(322M) 25.777ms
[2026-07-01T02:27:33.762+0000][46.206s][info][gc,cpu      ] GC(66) User=0.05s Sys=0.00s Real=0.03s
[2026-07-01T02:27:35.044+0000][47.488s][info][gc,start    ] GC(67) Pause Young (Mixed) (G1 Evacuation Pause)
[2026-07-01T02:27:35.044+0000][47.488s][info][gc,task     ] GC(67) Using 2 workers of 2 for evacuation
[2026-07-01T02:27:35.067+0000][47.510s][info][gc,phases   ] GC(67)   Pre Evacuate Collection Set: 0.27ms
[2026-07-01T02:27:35.067+0000][47.510s][info][gc,phases   ] GC(67)   Merge Heap Roots: 0.37ms
[2026-07-01T02:27:35.067+0000][47.510s][info][gc,phases   ] GC(67)   Evacuate Collection Set: 21.29ms
[2026-07-01T02:27:35.067+0000][47.510s][info][gc,phases   ] GC(67)   Post Evacuate Collection Set: 0.62ms
[2026-07-01T02:27:35.067+0000][47.510s][info][gc,phases   ] GC(67)   Other: 0.06ms
[2026-07-01T02:27:35.067+0000][47.510s][info][gc,heap     ] GC(67) Eden regions: 136->0(136)
[2026-07-01T02:27:35.067+0000][47.510s][info][gc,heap     ] GC(67) Survivor regions: 9->9(19)
[2026-07-01T02:27:35.067+0000][47.510s][info][gc,heap     ] GC(67) Old regions: 157->157
[2026-07-01T02:27:35.067+0000][47.510s][info][gc,heap     ] GC(67) Humongous regions: 3->3
[2026-07-01T02:27:35.067+0000][47.510s][info][gc,metaspace] GC(67) Metaspace: 41606K(42368K)->41606K(42368K) NonClass: 36478K(36864K)->36478K(36864K) Class: 5128K(5504K)->5128K(5504K)
[2026-07-01T02:27:35.067+0000][47.510s][info][gc          ] GC(67) Pause Young (Mixed) (G1 Evacuation Pause) 304M->168M(322M) 22.804ms
[2026-07-01T02:27:35.067+0000][47.510s][info][gc,cpu      ] GC(67) User=0.04s Sys=0.00s Real=0.02s
[2026-07-01T02:27:36.056+0000][48.500s][info][gc,start    ] GC(68) Pause Young (Concurrent Start) (G1 Evacuation Pause)
[2026-07-01T02:27:36.056+0000][48.500s][info][gc,task     ] GC(68) Using 2 workers of 2 for evacuation
[2026-07-01T02:27:36.071+0000][48.515s][info][gc,phases   ] GC(68)   Pre Evacuate Collection Set: 0.22ms
[2026-07-01T02:27:36.072+0000][48.515s][info][gc,phases   ] GC(68)   Merge Heap Roots: 0.36ms
[2026-07-01T02:27:36.072+0000][48.515s][info][gc,phases   ] GC(68)   Evacuate Collection Set: 14.32ms
[2026-07-01T02:27:36.072+0000][48.515s][info][gc,phases   ] GC(68)   Post Evacuate Collection Set: 0.44ms
[2026-07-01T02:27:36.072+0000][48.515s][info][gc,phases   ] GC(68)   Other: 0.08ms
[2026-07-01T02:27:36.072+0000][48.515s][info][gc,heap     ] GC(68) Eden regions: 136->0(135)
[2026-07-01T02:27:36.072+0000][48.515s][info][gc,heap     ] GC(68) Survivor regions: 9->9(19)
[2026-07-01T02:27:36.072+0000][48.515s][info][gc,heap     ] GC(68) Old regions: 157->158
[2026-07-01T02:27:36.072+0000][48.515s][info][gc,heap     ] GC(68) Humongous regions: 3->3
[2026-07-01T02:27:36.072+0000][48.515s][info][gc,metaspace] GC(68) Metaspace: 41608K(42368K)->41608K(42368K) NonClass: 36480K(36864K)->36480K(36864K) Class: 5128K(5504K)->5128K(5504K)
[2026-07-01T02:27:36.072+0000][48.515s][info][gc          ] GC(68) Pause Young (Concurrent Start) (G1 Evacuation Pause) 304M->168M(322M) 15.590ms
[2026-07-01T02:27:36.072+0000][48.515s][info][gc          ] GC(69) Concurrent Mark Cycle
[2026-07-01T02:27:36.072+0000][48.515s][info][gc,marking  ] GC(69) Concurrent Scan Root Regions
[2026-07-01T02:27:36.072+0000][48.515s][info][gc,cpu      ] GC(68) User=0.03s Sys=0.00s Real=0.02s
[2026-07-01T02:27:36.114+0000][48.557s][info][gc,marking  ] GC(69) Concurrent Scan Root Regions 41.872ms
[2026-07-01T02:27:36.114+0000][48.557s][info][gc,marking  ] GC(69) Concurrent Mark
[2026-07-01T02:27:36.114+0000][48.557s][info][gc,marking  ] GC(69) Concurrent Mark From Roots
[2026-07-01T02:27:36.114+0000][48.557s][info][gc,task     ] GC(69) Using 1 workers of 1 for marking
[2026-07-01T02:27:36.769+0000][49.212s][info][gc,marking  ] GC(69) Concurrent Mark From Roots 655.063ms
[2026-07-01T02:27:36.770+0000][49.213s][info][gc,marking  ] GC(69) Concurrent Preclean
[2026-07-01T02:27:36.770+0000][49.213s][info][gc,marking  ] GC(69) Concurrent Preclean 0.174ms
[2026-07-01T02:27:36.770+0000][49.214s][info][gc,start    ] GC(69) Pause Remark
[2026-07-01T02:27:36.780+0000][49.224s][info][gc          ] GC(69) Pause Remark 261M->261M(322M) 9.743ms
[2026-07-01T02:27:36.780+0000][49.224s][info][gc,cpu      ] GC(69) User=0.03s Sys=0.00s Real=0.01s
[2026-07-01T02:27:36.783+0000][49.227s][info][gc,marking  ] GC(69) Concurrent Mark 669.323ms
[2026-07-01T02:27:36.783+0000][49.227s][info][gc,marking  ] GC(69) Concurrent Rebuild Remembered Sets and Scrub Regions
[2026-07-01T02:27:37.068+0000][49.511s][info][gc,start    ] GC(70) Pause Young (Normal) (G1 Evacuation Pause)
[2026-07-01T02:27:37.068+0000][49.511s][info][gc,task     ] GC(70) Using 2 workers of 2 for evacuation
[2026-07-01T02:27:37.084+0000][49.528s][info][gc,phases   ] GC(70)   Pre Evacuate Collection Set: 0.15ms
[2026-07-01T02:27:37.084+0000][49.528s][info][gc,phases   ] GC(70)   Merge Heap Roots: 0.50ms
[2026-07-01T02:27:37.084+0000][49.528s][info][gc,phases   ] GC(70)   Evacuate Collection Set: 15.49ms
[2026-07-01T02:27:37.084+0000][49.528s][info][gc,phases   ] GC(70)   Post Evacuate Collection Set: 0.51ms
[2026-07-01T02:27:37.085+0000][49.528s][info][gc,phases   ] GC(70)   Other: 0.07ms
[2026-07-01T02:27:37.085+0000][49.528s][info][gc,heap     ] GC(70) Eden regions: 135->0(135)
[2026-07-01T02:27:37.085+0000][49.528s][info][gc,heap     ] GC(70) Survivor regions: 9->9(18)
[2026-07-01T02:27:37.085+0000][49.528s][info][gc,heap     ] GC(70) Old regions: 158->158
[2026-07-01T02:27:37.085+0000][49.528s][info][gc,heap     ] GC(70) Humongous regions: 3->3
[2026-07-01T02:27:37.085+0000][49.528s][info][gc,metaspace] GC(70) Metaspace: 41612K(42368K)->41612K(42368K) NonClass: 36483K(36864K)->36483K(36864K) Class: 5128K(5504K)->5128K(5504K)
[2026-07-01T02:27:37.085+0000][49.528s][info][gc          ] GC(70) Pause Young (Normal) (G1 Evacuation Pause) 303M->169M(322M) 16.864ms
[2026-07-01T02:27:37.085+0000][49.528s][info][gc,cpu      ] GC(70) User=0.04s Sys=0.00s Real=0.02s
[2026-07-01T02:27:37.098+0000][49.542s][info][gc,marking  ] GC(69) Concurrent Rebuild Remembered Sets and Scrub Regions 315.282ms
[2026-07-01T02:27:37.099+0000][49.542s][info][gc,start    ] GC(69) Pause Cleanup
[2026-07-01T02:27:37.099+0000][49.543s][info][gc          ] GC(69) Pause Cleanup 172M->172M(322M) 0.226ms
[2026-07-01T02:27:37.099+0000][49.543s][info][gc,cpu      ] GC(69) User=0.00s Sys=0.00s Real=0.00s
[2026-07-01T02:27:37.099+0000][49.543s][info][gc,marking  ] GC(69) Concurrent Clear Claimed Marks
[2026-07-01T02:27:37.099+0000][49.543s][info][gc,marking  ] GC(69) Concurrent Clear Claimed Marks 0.089ms
[2026-07-01T02:27:37.099+0000][49.543s][info][gc,marking  ] GC(69) Concurrent Cleanup for Next Mark
[2026-07-01T02:27:37.103+0000][49.547s][info][gc,marking  ] GC(69) Concurrent Cleanup for Next Mark 4.082ms
[2026-07-01T02:27:37.103+0000][49.547s][info][gc          ] GC(69) Concurrent Mark Cycle 1031.663ms
[2026-07-01T02:27:37.819+0000][50.263s][info][gc,start    ] GC(71) Pause Young (Prepare Mixed) (G1 Evacuation Pause)
[2026-07-01T02:27:37.819+0000][50.263s][info][gc,task     ] GC(71) Using 2 workers of 2 for evacuation
[2026-07-01T02:27:37.843+0000][50.286s][info][gc,phases   ] GC(71)   Pre Evacuate Collection Set: 0.17ms
[2026-07-01T02:27:37.843+0000][50.286s][info][gc,phases   ] GC(71)   Merge Heap Roots: 1.15ms
[2026-07-01T02:27:37.843+0000][50.286s][info][gc,phases   ] GC(71)   Evacuate Collection Set: 21.29ms
[2026-07-01T02:27:37.843+0000][50.286s][info][gc,phases   ] GC(71)   Post Evacuate Collection Set: 0.52ms
[2026-07-01T02:27:37.843+0000][50.286s][info][gc,phases   ] GC(71)   Other: 0.06ms
[2026-07-01T02:27:37.843+0000][50.286s][info][gc,heap     ] GC(71) Eden regions: 135->0(134)
[2026-07-01T02:27:37.843+0000][50.286s][info][gc,heap     ] GC(71) Survivor regions: 9->9(18)
[2026-07-01T02:27:37.843+0000][50.286s][info][gc,heap     ] GC(71) Old regions: 158->159
[2026-07-01T02:27:37.843+0000][50.286s][info][gc,heap     ] GC(71) Humongous regions: 3->3
[2026-07-01T02:27:37.843+0000][50.286s][info][gc,metaspace] GC(71) Metaspace: 41624K(42432K)->41624K(42432K) NonClass: 36494K(36928K)->36494K(36928K) Class: 5130K(5504K)->5130K(5504K)
[2026-07-01T02:27:37.843+0000][50.286s][info][gc          ] GC(71) Pause Young (Prepare Mixed) (G1 Evacuation Pause) 304M->169M(322M) 23.378ms
[2026-07-01T02:27:37.843+0000][50.286s][info][gc,cpu      ] GC(71) User=0.04s Sys=0.00s Real=0.02s
[2026-07-01T02:27:38.921+0000][51.365s][info][gc,start    ] GC(72) Pause Young (Mixed) (G1 Evacuation Pause)
[2026-07-01T02:27:38.922+0000][51.365s][info][gc,task     ] GC(72) Using 2 workers of 2 for evacuation
[2026-07-01T02:27:38.943+0000][51.387s][info][gc,phases   ] GC(72)   Pre Evacuate Collection Set: 0.20ms
[2026-07-01T02:27:38.943+0000][51.387s][info][gc,phases   ] GC(72)   Merge Heap Roots: 0.38ms
[2026-07-01T02:27:38.943+0000][51.387s][info][gc,phases   ] GC(72)   Evacuate Collection Set: 20.58ms
[2026-07-01T02:27:38.943+0000][51.387s][info][gc,phases   ] GC(72)   Post Evacuate Collection Set: 0.63ms
[2026-07-01T02:27:38.943+0000][51.387s][info][gc,phases   ] GC(72)   Other: 0.09ms
[2026-07-01T02:27:38.943+0000][51.387s][info][gc,heap     ] GC(72) Eden regions: 134->0(134)
[2026-07-01T02:27:38.943+0000][51.387s][info][gc,heap     ] GC(72) Survivor regions: 9->9(18)
[2026-07-01T02:27:38.944+0000][51.387s][info][gc,heap     ] GC(72) Old regions: 159->159
[2026-07-01T02:27:38.944+0000][51.387s][info][gc,heap     ] GC(72) Humongous regions: 3->3
[2026-07-01T02:27:38.944+0000][51.387s][info][gc,metaspace] GC(72) Metaspace: 41624K(42432K)->41624K(42432K) NonClass: 36494K(36928K)->36494K(36928K) Class: 5130K(5504K)->5130K(5504K)
[2026-07-01T02:27:38.944+0000][51.387s][info][gc          ] GC(72) Pause Young (Mixed) (G1 Evacuation Pause) 303M->170M(322M) 22.060ms
[2026-07-01T02:27:38.944+0000][51.387s][info][gc,cpu      ] GC(72) User=0.05s Sys=0.00s Real=0.02s
[2026-07-01T02:27:39.984+0000][52.427s][info][gc,start    ] GC(73) Pause Young (Concurrent Start) (G1 Evacuation Pause)
[2026-07-01T02:27:39.984+0000][52.427s][info][gc,task     ] GC(73) Using 2 workers of 2 for evacuation
[2026-07-01T02:27:39.999+0000][52.443s][info][gc,phases   ] GC(73)   Pre Evacuate Collection Set: 0.19ms
[2026-07-01T02:27:40.000+0000][52.443s][info][gc,phases   ] GC(73)   Merge Heap Roots: 0.38ms
[2026-07-01T02:27:40.000+0000][52.443s][info][gc,phases   ] GC(73)   Evacuate Collection Set: 14.60ms
[2026-07-01T02:27:40.000+0000][52.443s][info][gc,phases   ] GC(73)   Post Evacuate Collection Set: 0.50ms
[2026-07-01T02:27:40.000+0000][52.443s][info][gc,phases   ] GC(73)   Other: 0.10ms
[2026-07-01T02:27:40.000+0000][52.443s][info][gc,heap     ] GC(73) Eden regions: 134->0(133)
[2026-07-01T02:27:40.000+0000][52.443s][info][gc,heap     ] GC(73) Survivor regions: 9->9(18)
[2026-07-01T02:27:40.000+0000][52.443s][info][gc,heap     ] GC(73) Old regions: 159->160
[2026-07-01T02:27:40.000+0000][52.443s][info][gc,heap     ] GC(73) Humongous regions: 3->3
[2026-07-01T02:27:40.000+0000][52.443s][info][gc,metaspace] GC(73) Metaspace: 41624K(42432K)->41624K(42432K) NonClass: 36494K(36928K)->36494K(36928K) Class: 5130K(5504K)->5130K(5504K)
[2026-07-01T02:27:40.000+0000][52.443s][info][gc          ] GC(73) Pause Young (Concurrent Start) (G1 Evacuation Pause) 304M->170M(322M) 15.960ms
[2026-07-01T02:27:40.000+0000][52.443s][info][gc          ] GC(74) Concurrent Mark Cycle
[2026-07-01T02:27:40.000+0000][52.443s][info][gc,marking  ] GC(74) Concurrent Scan Root Regions
[2026-07-01T02:27:40.000+0000][52.443s][info][gc,cpu      ] GC(73) User=0.03s Sys=0.00s Real=0.02s
[2026-07-01T02:27:40.016+0000][52.460s][info][gc,marking  ] GC(74) Concurrent Scan Root Regions 16.774ms
[2026-07-01T02:27:40.016+0000][52.460s][info][gc,marking  ] GC(74) Concurrent Mark
[2026-07-01T02:27:40.016+0000][52.460s][info][gc,marking  ] GC(74) Concurrent Mark From Roots
[2026-07-01T02:27:40.016+0000][52.460s][info][gc,task     ] GC(74) Using 1 workers of 1 for marking
[2026-07-01T02:27:40.628+0000][53.071s][info][gc,marking  ] GC(74) Concurrent Mark From Roots 611.143ms
[2026-07-01T02:27:40.628+0000][53.071s][info][gc,marking  ] GC(74) Concurrent Preclean
[2026-07-01T02:27:40.628+0000][53.071s][info][gc,marking  ] GC(74) Concurrent Preclean 0.105ms
[2026-07-01T02:27:40.628+0000][53.071s][info][gc,start    ] GC(74) Pause Remark
[2026-07-01T02:27:40.636+0000][53.080s][info][gc          ] GC(74) Pause Remark 280M->280M(322M) 8.568ms
[2026-07-01T02:27:40.636+0000][53.080s][info][gc,cpu      ] GC(74) User=0.02s Sys=0.00s Real=0.01s
[2026-07-01T02:27:40.638+0000][53.082s][info][gc,marking  ] GC(74) Concurrent Mark 621.902ms
[2026-07-01T02:27:40.638+0000][53.082s][info][gc,marking  ] GC(74) Concurrent Rebuild Remembered Sets and Scrub Regions
[2026-07-01T02:27:40.770+0000][53.214s][info][gc,start    ] GC(75) Pause Young (Normal) (G1 Evacuation Pause)
[2026-07-01T02:27:40.770+0000][53.214s][info][gc,task     ] GC(75) Using 2 workers of 2 for evacuation
[2026-07-01T02:27:40.789+0000][53.233s][info][gc,phases   ] GC(75)   Pre Evacuate Collection Set: 0.16ms
[2026-07-01T02:27:40.789+0000][53.233s][info][gc,phases   ] GC(75)   Merge Heap Roots: 0.46ms
[2026-07-01T02:27:40.789+0000][53.233s][info][gc,phases   ] GC(75)   Evacuate Collection Set: 17.32ms
[2026-07-01T02:27:40.789+0000][53.233s][info][gc,phases   ] GC(75)   Post Evacuate Collection Set: 0.64ms
[2026-07-01T02:27:40.789+0000][53.233s][info][gc,phases   ] GC(75)   Other: 0.06ms
[2026-07-01T02:27:40.789+0000][53.233s][info][gc,heap     ] GC(75) Eden regions: 133->0(133)
[2026-07-01T02:27:40.789+0000][53.233s][info][gc,heap     ] GC(75) Survivor regions: 9->9(18)
[2026-07-01T02:27:40.789+0000][53.233s][info][gc,heap     ] GC(75) Old regions: 160->160
[2026-07-01T02:27:40.789+0000][53.233s][info][gc,heap     ] GC(75) Humongous regions: 3->3
[2026-07-01T02:27:40.789+0000][53.233s][info][gc,metaspace] GC(75) Metaspace: 41625K(42432K)->41625K(42432K) NonClass: 36495K(36928K)->36495K(36928K) Class: 5130K(5504K)->5130K(5504K)
[2026-07-01T02:27:40.789+0000][53.233s][info][gc          ] GC(75) Pause Young (Normal) (G1 Evacuation Pause) 303M->170M(322M) 18.822ms
[2026-07-01T02:27:40.789+0000][53.233s][info][gc,cpu      ] GC(75) User=0.03s Sys=0.00s Real=0.02s
[2026-07-01T02:27:40.902+0000][53.346s][info][gc,marking  ] GC(74) Concurrent Rebuild Remembered Sets and Scrub Regions 263.689ms
[2026-07-01T02:27:40.902+0000][53.346s][info][gc,start    ] GC(74) Pause Cleanup
[2026-07-01T02:27:40.903+0000][53.346s][info][gc          ] GC(74) Pause Cleanup 193M->193M(322M) 0.215ms
[2026-07-01T02:27:40.903+0000][53.346s][info][gc,cpu      ] GC(74) User=0.00s Sys=0.00s Real=0.00s
[2026-07-01T02:27:40.903+0000][53.347s][info][gc,marking  ] GC(74) Concurrent Clear Claimed Marks
[2026-07-01T02:27:40.903+0000][53.347s][info][gc,marking  ] GC(74) Concurrent Clear Claimed Marks 0.228ms
[2026-07-01T02:27:40.903+0000][53.347s][info][gc,marking  ] GC(74) Concurrent Cleanup for Next Mark
[2026-07-01T02:27:40.904+0000][53.347s][info][gc,marking  ] GC(74) Concurrent Cleanup for Next Mark 0.556ms
[2026-07-01T02:27:40.904+0000][53.348s][info][gc          ] GC(74) Concurrent Mark Cycle 904.262ms
[2026-07-01T02:27:41.427+0000][53.871s][info][gc,start    ] GC(76) Pause Young (Prepare Mixed) (G1 Evacuation Pause)
[2026-07-01T02:27:41.428+0000][53.871s][info][gc,task     ] GC(76) Using 2 workers of 2 for evacuation
[2026-07-01T02:27:41.445+0000][53.889s][info][gc,phases   ] GC(76)   Pre Evacuate Collection Set: 0.19ms
[2026-07-01T02:27:41.445+0000][53.889s][info][gc,phases   ] GC(76)   Merge Heap Roots: 0.70ms
[2026-07-01T02:27:41.445+0000][53.889s][info][gc,phases   ] GC(76)   Evacuate Collection Set: 16.44ms
[2026-07-01T02:27:41.445+0000][53.889s][info][gc,phases   ] GC(76)   Post Evacuate Collection Set: 0.51ms
[2026-07-01T02:27:41.445+0000][53.889s][info][gc,phases   ] GC(76)   Other: 0.05ms
[2026-07-01T02:27:41.445+0000][53.889s][info][gc,heap     ] GC(76) Eden regions: 133->0(133)
[2026-07-01T02:27:41.445+0000][53.889s][info][gc,heap     ] GC(76) Survivor regions: 9->9(18)
[2026-07-01T02:27:41.445+0000][53.889s][info][gc,heap     ] GC(76) Old regions: 160->160
[2026-07-01T02:27:41.445+0000][53.889s][info][gc,heap     ] GC(76) Humongous regions: 3->3
[2026-07-01T02:27:41.445+0000][53.889s][info][gc,metaspace] GC(76) Metaspace: 41626K(42432K)->41626K(42432K) NonClass: 36495K(36928K)->36495K(36928K) Class: 5130K(5504K)->5130K(5504K)
[2026-07-01T02:27:41.446+0000][53.889s][info][gc          ] GC(76) Pause Young (Prepare Mixed) (G1 Evacuation Pause) 303M->171M(322M) 18.055ms
[2026-07-01T02:27:41.446+0000][53.889s][info][gc,cpu      ] GC(76) User=0.03s Sys=0.00s Real=0.02s
[2026-07-01T02:27:42.063+0000][54.507s][info][gc,start    ] GC(77) Pause Young (Mixed) (G1 Evacuation Pause)
[2026-07-01T02:27:42.063+0000][54.507s][info][gc,task     ] GC(77) Using 2 workers of 2 for evacuation
[2026-07-01T02:27:42.086+0000][54.530s][info][gc,phases   ] GC(77)   Pre Evacuate Collection Set: 0.23ms
[2026-07-01T02:27:42.086+0000][54.530s][info][gc,phases   ] GC(77)   Merge Heap Roots: 0.55ms
[2026-07-01T02:27:42.086+0000][54.530s][info][gc,phases   ] GC(77)   Evacuate Collection Set: 21.49ms
[2026-07-01T02:27:42.086+0000][54.530s][info][gc,phases   ] GC(77)   Post Evacuate Collection Set: 0.55ms
[2026-07-01T02:27:42.086+0000][54.530s][info][gc,phases   ] GC(77)   Other: 0.07ms
[2026-07-01T02:27:42.086+0000][54.530s][info][gc,heap     ] GC(77) Eden regions: 133->0(132)
[2026-07-01T02:27:42.086+0000][54.530s][info][gc,heap     ] GC(77) Survivor regions: 9->9(18)
[2026-07-01T02:27:42.086+0000][54.530s][info][gc,heap     ] GC(77) Old regions: 160->161
[2026-07-01T02:27:42.086+0000][54.530s][info][gc,heap     ] GC(77) Humongous regions: 3->3
[2026-07-01T02:27:42.086+0000][54.530s][info][gc,metaspace] GC(77) Metaspace: 41627K(42432K)->41627K(42432K) NonClass: 36497K(36928K)->36497K(36928K) Class: 5130K(5504K)->5130K(5504K)
[2026-07-01T02:27:42.086+0000][54.530s][info][gc          ] GC(77) Pause Young (Mixed) (G1 Evacuation Pause) 304M->172M(322M) 23.103ms
[2026-07-01T02:27:42.086+0000][54.530s][info][gc,cpu      ] GC(77) User=0.05s Sys=0.00s Real=0.02s
[2026-07-01T02:27:43.025+0000][55.469s][info][gc,start    ] GC(78) Pause Young (Concurrent Start) (G1 Evacuation Pause)
[2026-07-01T02:27:43.025+0000][55.469s][info][gc,task     ] GC(78) Using 2 workers of 2 for evacuation
[2026-07-01T02:27:43.047+0000][55.491s][info][gc,phases   ] GC(78)   Pre Evacuate Collection Set: 0.23ms
[2026-07-01T02:27:43.047+0000][55.491s][info][gc,phases   ] GC(78)   Merge Heap Roots: 0.30ms
[2026-07-01T02:27:43.047+0000][55.491s][info][gc,phases   ] GC(78)   Evacuate Collection Set: 20.96ms
[2026-07-01T02:27:43.047+0000][55.491s][info][gc,phases   ] GC(78)   Post Evacuate Collection Set: 0.53ms
[2026-07-01T02:27:43.047+0000][55.491s][info][gc,phases   ] GC(78)   Other: 0.08ms
[2026-07-01T02:27:43.047+0000][55.491s][info][gc,heap     ] GC(78) Eden regions: 132->0(132)
[2026-07-01T02:27:43.047+0000][55.491s][info][gc,heap     ] GC(78) Survivor regions: 9->9(18)
[2026-07-01T02:27:43.047+0000][55.491s][info][gc,heap     ] GC(78) Old regions: 161->161
[2026-07-01T02:27:43.047+0000][55.491s][info][gc,heap     ] GC(78) Humongous regions: 3->3
[2026-07-01T02:27:43.047+0000][55.491s][info][gc,metaspace] GC(78) Metaspace: 41627K(42432K)->41627K(42432K) NonClass: 36497K(36928K)->36497K(36928K) Class: 5130K(5504K)->5130K(5504K)
[2026-07-01T02:27:43.047+0000][55.491s][info][gc          ] GC(78) Pause Young (Concurrent Start) (G1 Evacuation Pause) 304M->172M(322M) 22.313ms
[2026-07-01T02:27:43.047+0000][55.491s][info][gc,cpu      ] GC(78) User=0.05s Sys=0.00s Real=0.02s
[2026-07-01T02:27:43.047+0000][55.491s][info][gc          ] GC(79) Concurrent Mark Cycle
[2026-07-01T02:27:43.047+0000][55.491s][info][gc,marking  ] GC(79) Concurrent Scan Root Regions
[2026-07-01T02:27:43.088+0000][55.531s][info][gc,marking  ] GC(79) Concurrent Scan Root Regions 40.312ms
[2026-07-01T02:27:43.088+0000][55.531s][info][gc,marking  ] GC(79) Concurrent Mark
[2026-07-01T02:27:43.088+0000][55.531s][info][gc,marking  ] GC(79) Concurrent Mark From Roots
[2026-07-01T02:27:43.088+0000][55.531s][info][gc,task     ] GC(79) Using 1 workers of 1 for marking
[2026-07-01T02:27:43.416+0000][55.860s][info][gc,marking  ] GC(79) Concurrent Mark From Roots 328.317ms
[2026-07-01T02:27:43.416+0000][55.860s][info][gc,marking  ] GC(79) Concurrent Preclean
[2026-07-01T02:27:43.416+0000][55.860s][info][gc,marking  ] GC(79) Concurrent Preclean 0.413ms
[2026-07-01T02:27:43.417+0000][55.860s][info][gc,start    ] GC(79) Pause Remark
[2026-07-01T02:27:43.424+0000][55.868s][info][gc          ] GC(79) Pause Remark 209M->209M(322M) 7.365ms
[2026-07-01T02:27:43.424+0000][55.868s][info][gc,cpu      ] GC(79) User=0.01s Sys=0.01s Real=0.01s
[2026-07-01T02:27:43.428+0000][55.872s][info][gc,marking  ] GC(79) Concurrent Mark 340.778ms
[2026-07-01T02:27:43.428+0000][55.872s][info][gc,marking  ] GC(79) Concurrent Rebuild Remembered Sets and Scrub Regions
[2026-07-01T02:27:43.583+0000][56.027s][info][gc,marking  ] GC(79) Concurrent Rebuild Remembered Sets and Scrub Regions 154.552ms
[2026-07-01T02:27:43.583+0000][56.027s][info][gc,start    ] GC(79) Pause Cleanup
[2026-07-01T02:27:43.583+0000][56.027s][info][gc          ] GC(79) Pause Cleanup 225M->225M(322M) 0.209ms
[2026-07-01T02:27:43.583+0000][56.027s][info][gc,cpu      ] GC(79) User=0.00s Sys=0.00s Real=0.00s
[2026-07-01T02:27:43.584+0000][56.028s][info][gc,marking  ] GC(79) Concurrent Clear Claimed Marks
[2026-07-01T02:27:43.584+0000][56.028s][info][gc,marking  ] GC(79) Concurrent Clear Claimed Marks 0.086ms
[2026-07-01T02:27:43.584+0000][56.028s][info][gc,marking  ] GC(79) Concurrent Cleanup for Next Mark
[2026-07-01T02:27:43.585+0000][56.028s][info][gc,marking  ] GC(79) Concurrent Cleanup for Next Mark 0.764ms
[2026-07-01T02:27:43.585+0000][56.028s][info][gc          ] GC(79) Concurrent Mark Cycle 537.616ms
[2026-07-01T02:27:44.218+0000][56.661s][info][gc,start    ] GC(80) Pause Young (Prepare Mixed) (G1 Evacuation Pause)
[2026-07-01T02:27:44.218+0000][56.661s][info][gc,task     ] GC(80) Using 2 workers of 2 for evacuation
[2026-07-01T02:27:44.267+0000][56.710s][info][gc,phases   ] GC(80)   Pre Evacuate Collection Set: 0.21ms
[2026-07-01T02:27:44.267+0000][56.710s][info][gc,phases   ] GC(80)   Merge Heap Roots: 1.19ms
[2026-07-01T02:27:44.267+0000][56.710s][info][gc,phases   ] GC(80)   Evacuate Collection Set: 46.66ms
[2026-07-01T02:27:44.267+0000][56.710s][info][gc,phases   ] GC(80)   Post Evacuate Collection Set: 0.95ms
[2026-07-01T02:27:44.267+0000][56.710s][info][gc,phases   ] GC(80)   Other: 0.07ms
[2026-07-01T02:27:44.267+0000][56.710s][info][gc,heap     ] GC(80) Eden regions: 132->0(131)
[2026-07-01T02:27:44.267+0000][56.710s][info][gc,heap     ] GC(80) Survivor regions: 9->9(18)
[2026-07-01T02:27:44.267+0000][56.710s][info][gc,heap     ] GC(80) Old regions: 161->162
[2026-07-01T02:27:44.267+0000][56.710s][info][gc,heap     ] GC(80) Humongous regions: 3->3
[2026-07-01T02:27:44.267+0000][56.710s][info][gc,metaspace] GC(80) Metaspace: 41627K(42432K)->41627K(42432K) NonClass: 36497K(36928K)->36497K(36928K) Class: 5130K(5504K)->5130K(5504K)
[2026-07-01T02:27:44.267+0000][56.711s][info][gc          ] GC(80) Pause Young (Prepare Mixed) (G1 Evacuation Pause) 304M->172M(322M) 49.291ms
[2026-07-01T02:27:44.267+0000][56.711s][info][gc,cpu      ] GC(80) User=0.04s Sys=0.00s Real=0.05s
[2026-07-01T02:27:45.097+0000][57.541s][info][gc,start    ] GC(81) Pause Young (Mixed) (G1 Evacuation Pause)
[2026-07-01T02:27:45.098+0000][57.541s][info][gc,task     ] GC(81) Using 2 workers of 2 for evacuation
[2026-07-01T02:27:45.114+0000][57.558s][info][gc,phases   ] GC(81)   Pre Evacuate Collection Set: 0.24ms
[2026-07-01T02:27:45.114+0000][57.558s][info][gc,phases   ] GC(81)   Merge Heap Roots: 0.44ms
[2026-07-01T02:27:45.114+0000][57.558s][info][gc,phases   ] GC(81)   Evacuate Collection Set: 15.23ms
[2026-07-01T02:27:45.114+0000][57.558s][info][gc,phases   ] GC(81)   Post Evacuate Collection Set: 0.49ms
[2026-07-01T02:27:45.114+0000][57.558s][info][gc,phases   ] GC(81)   Other: 0.05ms
[2026-07-01T02:27:45.114+0000][57.558s][info][gc,heap     ] GC(81) Eden regions: 131->0(131)
[2026-07-01T02:27:45.114+0000][57.558s][info][gc,heap     ] GC(81) Survivor regions: 9->9(18)
[2026-07-01T02:27:45.114+0000][57.558s][info][gc,heap     ] GC(81) Old regions: 162->162
[2026-07-01T02:27:45.114+0000][57.558s][info][gc,heap     ] GC(81) Humongous regions: 3->3
[2026-07-01T02:27:45.114+0000][57.558s][info][gc,metaspace] GC(81) Metaspace: 41629K(42432K)->41629K(42432K) NonClass: 36499K(36928K)->36499K(36928K) Class: 5130K(5504K)->5130K(5504K)
[2026-07-01T02:27:45.114+0000][57.558s][info][gc          ] GC(81) Pause Young (Mixed) (G1 Evacuation Pause) 303M->173M(322M) 16.619ms
[2026-07-01T02:27:45.114+0000][57.558s][info][gc,cpu      ] GC(81) User=0.03s Sys=0.00s Real=0.02s
[2026-07-01T02:27:45.727+0000][58.171s][info][gc,start    ] GC(82) Pause Young (Concurrent Start) (G1 Evacuation Pause)
[2026-07-01T02:27:45.727+0000][58.171s][info][gc,task     ] GC(82) Using 2 workers of 2 for evacuation
[2026-07-01T02:27:45.743+0000][58.187s][info][gc,phases   ] GC(82)   Pre Evacuate Collection Set: 0.24ms
[2026-07-01T02:27:45.743+0000][58.187s][info][gc,phases   ] GC(82)   Merge Heap Roots: 0.38ms
[2026-07-01T02:27:45.743+0000][58.187s][info][gc,phases   ] GC(82)   Evacuate Collection Set: 14.59ms
[2026-07-01T02:27:45.743+0000][58.187s][info][gc,phases   ] GC(82)   Post Evacuate Collection Set: 0.49ms
[2026-07-01T02:27:45.743+0000][58.187s][info][gc,phases   ] GC(82)   Other: 0.09ms
[2026-07-01T02:27:45.743+0000][58.187s][info][gc,heap     ] GC(82) Eden regions: 131->0(130)
[2026-07-01T02:27:45.743+0000][58.187s][info][gc,heap     ] GC(82) Survivor regions: 9->9(18)
[2026-07-01T02:27:45.743+0000][58.187s][info][gc,heap     ] GC(82) Old regions: 162->163
[2026-07-01T02:27:45.743+0000][58.187s][info][gc,heap     ] GC(82) Humongous regions: 3->3
[2026-07-01T02:27:45.743+0000][58.187s][info][gc,metaspace] GC(82) Metaspace: 41634K(42432K)->41634K(42432K) NonClass: 36504K(36928K)->36504K(36928K) Class: 5130K(5504K)->5130K(5504K)
[2026-07-01T02:27:45.743+0000][58.187s][info][gc          ] GC(82) Pause Young (Concurrent Start) (G1 Evacuation Pause) 304M->173M(322M) 15.941ms
[2026-07-01T02:27:45.743+0000][58.187s][info][gc          ] GC(83) Concurrent Mark Cycle
[2026-07-01T02:27:45.743+0000][58.187s][info][gc,marking  ] GC(83) Concurrent Scan Root Regions
[2026-07-01T02:27:45.743+0000][58.187s][info][gc,cpu      ] GC(82) User=0.03s Sys=0.00s Real=0.02s
[2026-07-01T02:27:45.771+0000][58.214s][info][gc,marking  ] GC(83) Concurrent Scan Root Regions 27.662ms
[2026-07-01T02:27:45.771+0000][58.214s][info][gc,marking  ] GC(83) Concurrent Mark
[2026-07-01T02:27:45.771+0000][58.214s][info][gc,marking  ] GC(83) Concurrent Mark From Roots
[2026-07-01T02:27:45.771+0000][58.214s][info][gc,task     ] GC(83) Using 1 workers of 1 for marking
[2026-07-01T02:27:46.267+0000][58.710s][info][gc,marking  ] GC(83) Concurrent Mark From Roots 495.970ms
[2026-07-01T02:27:46.267+0000][58.710s][info][gc,marking  ] GC(83) Concurrent Preclean
[2026-07-01T02:27:46.267+0000][58.711s][info][gc,marking  ] GC(83) Concurrent Preclean 0.144ms
[2026-07-01T02:27:46.267+0000][58.711s][info][gc,start    ] GC(83) Pause Remark
[2026-07-01T02:27:46.273+0000][58.716s][info][gc          ] GC(83) Pause Remark 265M->265M(322M) 5.563ms
[2026-07-01T02:27:46.273+0000][58.716s][info][gc,cpu      ] GC(83) User=0.01s Sys=0.00s Real=0.01s
[2026-07-01T02:27:46.279+0000][58.723s][info][gc,marking  ] GC(83) Concurrent Mark 508.140ms
[2026-07-01T02:27:46.279+0000][58.723s][info][gc,marking  ] GC(83) Concurrent Rebuild Remembered Sets and Scrub Regions
[2026-07-01T02:27:46.469+0000][58.913s][info][gc,start    ] GC(84) Pause Young (Normal) (G1 Evacuation Pause)
[2026-07-01T02:27:46.470+0000][58.913s][info][gc,task     ] GC(84) Using 2 workers of 2 for evacuation
[2026-07-01T02:27:46.487+0000][58.930s][info][gc,phases   ] GC(84)   Pre Evacuate Collection Set: 0.16ms
[2026-07-01T02:27:46.487+0000][58.930s][info][gc,phases   ] GC(84)   Merge Heap Roots: 0.41ms
[2026-07-01T02:27:46.487+0000][58.930s][info][gc,phases   ] GC(84)   Evacuate Collection Set: 15.88ms
[2026-07-01T02:27:46.487+0000][58.930s][info][gc,phases   ] GC(84)   Post Evacuate Collection Set: 0.61ms
[2026-07-01T02:27:46.487+0000][58.930s][info][gc,phases   ] GC(84)   Other: 0.05ms
[2026-07-01T02:27:46.487+0000][58.930s][info][gc,heap     ] GC(84) Eden regions: 130->0(130)
[2026-07-01T02:27:46.487+0000][58.930s][info][gc,heap     ] GC(84) Survivor regions: 9->9(18)
[2026-07-01T02:27:46.487+0000][58.930s][info][gc,heap     ] GC(84) Old regions: 163->163
[2026-07-01T02:27:46.487+0000][58.930s][info][gc,heap     ] GC(84) Humongous regions: 3->3
[2026-07-01T02:27:46.487+0000][58.930s][info][gc,metaspace] GC(84) Metaspace: 41634K(42432K)->41634K(42432K) NonClass: 36504K(36928K)->36504K(36928K) Class: 5130K(5504K)->5130K(5504K)
[2026-07-01T02:27:46.487+0000][58.930s][info][gc          ] GC(84) Pause Young (Normal) (G1 Evacuation Pause) 303M->174M(322M) 17.259ms
[2026-07-01T02:27:46.487+0000][58.930s][info][gc,cpu      ] GC(84) User=0.03s Sys=0.00s Real=0.01s
[2026-07-01T02:27:46.615+0000][59.059s][info][gc,marking  ] GC(83) Concurrent Rebuild Remembered Sets and Scrub Regions 335.903ms
[2026-07-01T02:27:46.615+0000][59.059s][info][gc,start    ] GC(83) Pause Cleanup
[2026-07-01T02:27:46.615+0000][59.059s][info][gc          ] GC(83) Pause Cleanup 199M->199M(322M) 0.141ms
[2026-07-01T02:27:46.615+0000][59.059s][info][gc,cpu      ] GC(83) User=0.00s Sys=0.00s Real=0.00s
[2026-07-01T02:27:46.615+0000][59.059s][info][gc,marking  ] GC(83) Concurrent Clear Claimed Marks
[2026-07-01T02:27:46.616+0000][59.059s][info][gc,marking  ] GC(83) Concurrent Clear Claimed Marks 0.206ms
[2026-07-01T02:27:46.616+0000][59.059s][info][gc,marking  ] GC(83) Concurrent Cleanup for Next Mark
[2026-07-01T02:27:46.617+0000][59.060s][info][gc,marking  ] GC(83) Concurrent Cleanup for Next Mark 0.916ms
[2026-07-01T02:27:46.617+0000][59.060s][info][gc          ] GC(83) Concurrent Mark Cycle 873.661ms
[2026-07-01T02:27:47.113+0000][59.557s][info][gc,start    ] GC(85) Pause Young (Prepare Mixed) (G1 Evacuation Pause)
[2026-07-01T02:27:47.113+0000][59.557s][info][gc,task     ] GC(85) Using 2 workers of 2 for evacuation
[2026-07-01T02:27:47.138+0000][59.582s][info][gc,phases   ] GC(85)   Pre Evacuate Collection Set: 0.18ms
[2026-07-01T02:27:47.138+0000][59.582s][info][gc,phases   ] GC(85)   Merge Heap Roots: 1.04ms
[2026-07-01T02:27:47.138+0000][59.582s][info][gc,phases   ] GC(85)   Evacuate Collection Set: 23.44ms
[2026-07-01T02:27:47.138+0000][59.582s][info][gc,phases   ] GC(85)   Post Evacuate Collection Set: 0.56ms
[2026-07-01T02:27:47.139+0000][59.582s][info][gc,phases   ] GC(85)   Other: 0.06ms
[2026-07-01T02:27:47.139+0000][59.582s][info][gc,heap     ] GC(85) Eden regions: 130->0(129)
[2026-07-01T02:27:47.139+0000][59.582s][info][gc,heap     ] GC(85) Survivor regions: 9->9(18)
[2026-07-01T02:27:47.139+0000][59.582s][info][gc,heap     ] GC(85) Old regions: 163->164
[2026-07-01T02:27:47.139+0000][59.582s][info][gc,heap     ] GC(85) Humongous regions: 3->3
[2026-07-01T02:27:47.139+0000][59.582s][info][gc,metaspace] GC(85) Metaspace: 41635K(42432K)->41635K(42432K) NonClass: 36504K(36928K)->36504K(36928K) Class: 5130K(5504K)->5130K(5504K)
[2026-07-01T02:27:47.139+0000][59.582s][info][gc          ] GC(85) Pause Young (Prepare Mixed) (G1 Evacuation Pause) 304M->174M(322M) 25.418ms
[2026-07-01T02:27:47.139+0000][59.582s][info][gc,cpu      ] GC(85) User=0.05s Sys=0.00s Real=0.03s
[2026-07-01T02:27:47.715+0000][60.159s][info][gc,start    ] GC(86) Pause Young (Mixed) (G1 Evacuation Pause)
[2026-07-01T02:27:47.715+0000][60.159s][info][gc,task     ] GC(86) Using 2 workers of 2 for evacuation
[2026-07-01T02:27:47.737+0000][60.181s][info][gc,phases   ] GC(86)   Pre Evacuate Collection Set: 0.17ms
[2026-07-01T02:27:47.737+0000][60.181s][info][gc,phases   ] GC(86)   Merge Heap Roots: 0.42ms
[2026-07-01T02:27:47.737+0000][60.181s][info][gc,phases   ] GC(86)   Evacuate Collection Set: 21.00ms
[2026-07-01T02:27:47.737+0000][60.181s][info][gc,phases   ] GC(86)   Post Evacuate Collection Set: 0.45ms
[2026-07-01T02:27:47.737+0000][60.181s][info][gc,phases   ] GC(86)   Other: 0.07ms
[2026-07-01T02:27:47.737+0000][60.181s][info][gc,heap     ] GC(86) Eden regions: 129->0(129)
[2026-07-01T02:27:47.737+0000][60.181s][info][gc,heap     ] GC(86) Survivor regions: 9->9(18)
[2026-07-01T02:27:47.737+0000][60.181s][info][gc,heap     ] GC(86) Old regions: 164->164
[2026-07-01T02:27:47.737+0000][60.181s][info][gc,heap     ] GC(86) Humongous regions: 3->3
[2026-07-01T02:27:47.737+0000][60.181s][info][gc,metaspace] GC(86) Metaspace: 41635K(42432K)->41635K(42432K) NonClass: 36504K(36928K)->36504K(36928K) Class: 5130K(5504K)->5130K(5504K)
[2026-07-01T02:27:47.737+0000][60.181s][info][gc          ] GC(86) Pause Young (Mixed) (G1 Evacuation Pause) 303M->174M(322M) 22.271ms
[2026-07-01T02:27:47.737+0000][60.181s][info][gc,cpu      ] GC(86) User=0.04s Sys=0.00s Real=0.02s
[2026-07-01T02:27:48.317+0000][60.761s][info][gc,start    ] GC(87) Pause Young (Concurrent Start) (G1 Evacuation Pause)
[2026-07-01T02:27:48.317+0000][60.761s][info][gc,task     ] GC(87) Using 2 workers of 2 for evacuation
[2026-07-01T02:27:48.340+0000][60.784s][info][gc,phases   ] GC(87)   Pre Evacuate Collection Set: 0.22ms
[2026-07-01T02:27:48.340+0000][60.784s][info][gc,phases   ] GC(87)   Merge Heap Roots: 0.36ms
[2026-07-01T02:27:48.340+0000][60.784s][info][gc,phases   ] GC(87)   Evacuate Collection Set: 21.38ms
[2026-07-01T02:27:48.340+0000][60.784s][info][gc,phases   ] GC(87)   Post Evacuate Collection Set: 1.01ms
[2026-07-01T02:27:48.340+0000][60.784s][info][gc,phases   ] GC(87)   Other: 0.08ms
[2026-07-01T02:27:48.340+0000][60.784s][info][gc,heap     ] GC(87) Eden regions: 129->0(173)
[2026-07-01T02:27:48.340+0000][60.784s][info][gc,heap     ] GC(87) Survivor regions: 9->9(18)
[2026-07-01T02:27:48.340+0000][60.784s][info][gc,heap     ] GC(87) Old regions: 164->164
[2026-07-01T02:27:48.340+0000][60.784s][info][gc,heap     ] GC(87) Humongous regions: 3->3
[2026-07-01T02:27:48.340+0000][60.784s][info][gc,metaspace] GC(87) Metaspace: 41637K(42432K)->41637K(42432K) NonClass: 36507K(36928K)->36507K(36928K) Class: 5130K(5504K)->5130K(5504K)
[2026-07-01T02:27:48.340+0000][60.784s][info][gc          ] GC(87) Pause Young (Concurrent Start) (G1 Evacuation Pause) 303M->175M(368M) 23.208ms
[2026-07-01T02:27:48.340+0000][60.784s][info][gc,cpu      ] GC(87) User=0.05s Sys=0.01s Real=0.03s
[2026-07-01T02:27:48.340+0000][60.784s][info][gc          ] GC(88) Concurrent Mark Cycle
[2026-07-01T02:27:48.340+0000][60.784s][info][gc,marking  ] GC(88) Concurrent Scan Root Regions
[2026-07-01T02:27:48.364+0000][60.808s][info][gc,marking  ] GC(88) Concurrent Scan Root Regions 23.931ms
[2026-07-01T02:27:48.364+0000][60.808s][info][gc,marking  ] GC(88) Concurrent Mark
[2026-07-01T02:27:48.364+0000][60.808s][info][gc,marking  ] GC(88) Concurrent Mark From Roots
[2026-07-01T02:27:48.364+0000][60.808s][info][gc,task     ] GC(88) Using 1 workers of 1 for marking
[2026-07-01T02:27:48.722+0000][61.166s][info][gc,marking  ] GC(88) Concurrent Mark From Roots 357.829ms
[2026-07-01T02:27:48.722+0000][61.166s][info][gc,marking  ] GC(88) Concurrent Preclean
[2026-07-01T02:27:48.722+0000][61.166s][info][gc,marking  ] GC(88) Concurrent Preclean 0.052ms
[2026-07-01T02:27:48.722+0000][61.166s][info][gc,start    ] GC(88) Pause Remark
[2026-07-01T02:27:48.736+0000][61.179s][info][gc,heap     ] GC(88) Heap shrink completed: uncommitted 16 regions (16MB), heap size now 352MB
[2026-07-01T02:27:48.736+0000][61.179s][info][gc          ] GC(88) Pause Remark 210M->210M(352M) 13.108ms
[2026-07-01T02:27:48.736+0000][61.179s][info][gc,cpu      ] GC(88) User=0.02s Sys=0.00s Real=0.01s
[2026-07-01T02:27:48.736+0000][61.180s][info][gc,marking  ] GC(88) Concurrent Mark 371.456ms
[2026-07-01T02:27:48.736+0000][61.180s][info][gc,marking  ] GC(88) Concurrent Rebuild Remembered Sets and Scrub Regions
[2026-07-01T02:27:48.992+0000][61.436s][info][gc,marking  ] GC(88) Concurrent Rebuild Remembered Sets and Scrub Regions 256.525ms
[2026-07-01T02:27:48.993+0000][61.436s][info][gc,start    ] GC(88) Pause Cleanup
[2026-07-01T02:27:48.993+0000][61.437s][info][gc          ] GC(88) Pause Cleanup 238M->238M(352M) 0.222ms
[2026-07-01T02:27:48.993+0000][61.437s][info][gc,cpu      ] GC(88) User=0.00s Sys=0.00s Real=0.00s
[2026-07-01T02:27:48.993+0000][61.437s][info][gc,marking  ] GC(88) Concurrent Clear Claimed Marks
[2026-07-01T02:27:48.993+0000][61.437s][info][gc,marking  ] GC(88) Concurrent Clear Claimed Marks 0.081ms
[2026-07-01T02:27:48.993+0000][61.437s][info][gc,marking  ] GC(88) Concurrent Cleanup for Next Mark
[2026-07-01T02:27:48.996+0000][61.439s][info][gc,marking  ] GC(88) Concurrent Cleanup for Next Mark 2.694ms
[2026-07-01T02:27:48.996+0000][61.439s][info][gc          ] GC(88) Concurrent Mark Cycle 655.308ms
[2026-07-01T02:27:49.869+0000][62.312s][info][gc,start    ] GC(89) Pause Young (Prepare Mixed) (G1 Evacuation Pause)
[2026-07-01T02:27:49.869+0000][62.312s][info][gc,task     ] GC(89) Using 2 workers of 2 for evacuation
[2026-07-01T02:27:49.926+0000][62.369s][info][gc,phases   ] GC(89)   Pre Evacuate Collection Set: 0.22ms
[2026-07-01T02:27:49.926+0000][62.369s][info][gc,phases   ] GC(89)   Merge Heap Roots: 0.99ms
[2026-07-01T02:27:49.926+0000][62.370s][info][gc,phases   ] GC(89)   Evacuate Collection Set: 55.25ms
[2026-07-01T02:27:49.926+0000][62.370s][info][gc,phases   ] GC(89)   Post Evacuate Collection Set: 0.64ms
[2026-07-01T02:27:49.926+0000][62.370s][info][gc,phases   ] GC(89)   Other: 0.08ms
[2026-07-01T02:27:49.926+0000][62.370s][info][gc,heap     ] GC(89) Eden regions: 173->0(163)
[2026-07-01T02:27:49.926+0000][62.370s][info][gc,heap     ] GC(89) Survivor regions: 9->9(23)
[2026-07-01T02:27:49.926+0000][62.370s][info][gc,heap     ] GC(89) Old regions: 164->165
[2026-07-01T02:27:49.926+0000][62.370s][info][gc,heap     ] GC(89) Humongous regions: 3->3
[2026-07-01T02:27:49.926+0000][62.370s][info][gc,metaspace] GC(89) Metaspace: 41637K(42432K)->41637K(42432K) NonClass: 36507K(36928K)->36507K(36928K) Class: 5130K(5504K)->5130K(5504K)
[2026-07-01T02:27:49.926+0000][62.370s][info][gc          ] GC(89) Pause Young (Prepare Mixed) (G1 Evacuation Pause) 348M->175M(359M) 57.387ms
[2026-07-01T02:27:49.926+0000][62.370s][info][gc,cpu      ] GC(89) User=0.04s Sys=0.01s Real=0.05s
[2026-07-01T02:27:51.146+0000][63.590s][info][gc,start    ] GC(90) Pause Young (Mixed) (G1 Evacuation Pause)
[2026-07-01T02:27:51.146+0000][63.590s][info][gc,task     ] GC(90) Using 2 workers of 2 for evacuation
[2026-07-01T02:27:51.170+0000][63.614s][info][gc,phases   ] GC(90)   Pre Evacuate Collection Set: 0.25ms
[2026-07-01T02:27:51.170+0000][63.614s][info][gc,phases   ] GC(90)   Merge Heap Roots: 0.35ms
[2026-07-01T02:27:51.170+0000][63.614s][info][gc,phases   ] GC(90)   Evacuate Collection Set: 22.24ms
[2026-07-01T02:27:51.170+0000][63.614s][info][gc,phases   ] GC(90)   Post Evacuate Collection Set: 0.87ms
[2026-07-01T02:27:51.170+0000][63.614s][info][gc,phases   ] GC(90)   Other: 0.07ms
[2026-07-01T02:27:51.170+0000][63.614s][info][gc,heap     ] GC(90) Eden regions: 163->0(163)
[2026-07-01T02:27:51.170+0000][63.614s][info][gc,heap     ] GC(90) Survivor regions: 9->9(22)
[2026-07-01T02:27:51.170+0000][63.614s][info][gc,heap     ] GC(90) Old regions: 165->165
[2026-07-01T02:27:51.170+0000][63.614s][info][gc,heap     ] GC(90) Humongous regions: 3->3
[2026-07-01T02:27:51.170+0000][63.614s][info][gc,metaspace] GC(90) Metaspace: 41642K(42496K)->41642K(42496K) NonClass: 36512K(36992K)->36512K(36992K) Class: 5130K(5504K)->5130K(5504K)
[2026-07-01T02:27:51.170+0000][63.614s][info][gc          ] GC(90) Pause Young (Mixed) (G1 Evacuation Pause) 338M->176M(359M) 23.982ms
[2026-07-01T02:27:51.170+0000][63.614s][info][gc,cpu      ] GC(90) User=0.05s Sys=0.00s Real=0.03s
[2026-07-01T02:27:52.213+0000][64.656s][info][gc,start    ] GC(91) Pause Young (Concurrent Start) (G1 Evacuation Pause)
[2026-07-01T02:27:52.213+0000][64.656s][info][gc,task     ] GC(91) Using 2 workers of 2 for evacuation
[2026-07-01T02:27:52.237+0000][64.680s][info][gc,phases   ] GC(91)   Pre Evacuate Collection Set: 0.36ms
[2026-07-01T02:27:52.237+0000][64.680s][info][gc,phases   ] GC(91)   Merge Heap Roots: 0.51ms
[2026-07-01T02:27:52.237+0000][64.680s][info][gc,phases   ] GC(91)   Evacuate Collection Set: 22.43ms
[2026-07-01T02:27:52.237+0000][64.680s][info][gc,phases   ] GC(91)   Post Evacuate Collection Set: 0.46ms
[2026-07-01T02:27:52.237+0000][64.680s][info][gc,phases   ] GC(91)   Other: 0.09ms
[2026-07-01T02:27:52.237+0000][64.680s][info][gc,heap     ] GC(91) Eden regions: 163->0(162)
[2026-07-01T02:27:52.237+0000][64.680s][info][gc,heap     ] GC(91) Survivor regions: 9->9(22)
[2026-07-01T02:27:52.237+0000][64.680s][info][gc,heap     ] GC(91) Old regions: 165->166
[2026-07-01T02:27:52.237+0000][64.680s][info][gc,heap     ] GC(91) Humongous regions: 3->3
[2026-07-01T02:27:52.237+0000][64.680s][info][gc,metaspace] GC(91) Metaspace: 41644K(42496K)->41644K(42496K) NonClass: 36513K(36992K)->36513K(36992K) Class: 5130K(5504K)->5130K(5504K)
[2026-07-01T02:27:52.237+0000][64.680s][info][gc          ] GC(91) Pause Young (Concurrent Start) (G1 Evacuation Pause) 339M->176M(359M) 24.032ms
[2026-07-01T02:27:52.237+0000][64.680s][info][gc,cpu      ] GC(91) User=0.04s Sys=0.00s Real=0.02s
[2026-07-01T02:27:52.240+0000][64.684s][info][gc          ] GC(92) Concurrent Mark Cycle
[2026-07-01T02:27:52.240+0000][64.684s][info][gc,marking  ] GC(92) Concurrent Scan Root Regions
[2026-07-01T02:27:52.258+0000][64.702s][info][gc,marking  ] GC(92) Concurrent Scan Root Regions 18.437ms
[2026-07-01T02:27:52.258+0000][64.702s][info][gc,marking  ] GC(92) Concurrent Mark
[2026-07-01T02:27:52.258+0000][64.702s][info][gc,marking  ] GC(92) Concurrent Mark From Roots
[2026-07-01T02:27:52.258+0000][64.702s][info][gc,task     ] GC(92) Using 1 workers of 1 for marking
[2026-07-01T02:27:52.796+0000][65.240s][info][gc,marking  ] GC(92) Concurrent Mark From Roots 537.839ms
[2026-07-01T02:27:52.796+0000][65.240s][info][gc,marking  ] GC(92) Concurrent Preclean
[2026-07-01T02:27:52.796+0000][65.240s][info][gc,marking  ] GC(92) Concurrent Preclean 0.058ms
[2026-07-01T02:27:52.797+0000][65.240s][info][gc,start    ] GC(92) Pause Remark
[2026-07-01T02:27:52.804+0000][65.248s][info][gc,heap     ] GC(92) Heap shrink completed: uncommitted 3 regions (3MB), heap size now 356MB
[2026-07-01T02:27:52.804+0000][65.248s][info][gc          ] GC(92) Pause Remark 260M->260M(356M) 7.559ms
[2026-07-01T02:27:52.804+0000][65.248s][info][gc,cpu      ] GC(92) User=0.01s Sys=0.00s Real=0.01s
[2026-07-01T02:27:52.810+0000][65.254s][info][gc,marking  ] GC(92) Concurrent Mark 551.895ms
[2026-07-01T02:27:52.810+0000][65.254s][info][gc,marking  ] GC(92) Concurrent Rebuild Remembered Sets and Scrub Regions
[2026-07-01T02:27:53.087+0000][65.531s][info][gc,marking  ] GC(92) Concurrent Rebuild Remembered Sets and Scrub Regions 276.621ms
[2026-07-01T02:27:53.087+0000][65.531s][info][gc,start    ] GC(92) Pause Cleanup
[2026-07-01T02:27:53.087+0000][65.531s][info][gc          ] GC(92) Pause Cleanup 310M->310M(356M) 0.201ms
[2026-07-01T02:27:53.087+0000][65.531s][info][gc,cpu      ] GC(92) User=0.00s Sys=0.00s Real=0.00s
[2026-07-01T02:27:53.087+0000][65.531s][info][gc,marking  ] GC(92) Concurrent Clear Claimed Marks
[2026-07-01T02:27:53.087+0000][65.531s][info][gc,marking  ] GC(92) Concurrent Clear Claimed Marks 0.097ms
[2026-07-01T02:27:53.088+0000][65.531s][info][gc,marking  ] GC(92) Concurrent Cleanup for Next Mark
[2026-07-01T02:27:53.090+0000][65.534s][info][gc,marking  ] GC(92) Concurrent Cleanup for Next Mark 2.463ms
[2026-07-01T02:27:53.090+0000][65.534s][info][gc          ] GC(92) Concurrent Mark Cycle 850.058ms
[2026-07-01T02:27:53.218+0000][65.662s][info][gc,start    ] GC(93) Pause Young (Prepare Mixed) (G1 Evacuation Pause)
[2026-07-01T02:27:53.218+0000][65.662s][info][gc,task     ] GC(93) Using 2 workers of 2 for evacuation
[2026-07-01T02:27:53.242+0000][65.685s][info][gc,phases   ] GC(93)   Pre Evacuate Collection Set: 0.22ms
[2026-07-01T02:27:53.242+0000][65.685s][info][gc,phases   ] GC(93)   Merge Heap Roots: 0.96ms
[2026-07-01T02:27:53.242+0000][65.685s][info][gc,phases   ] GC(93)   Evacuate Collection Set: 21.42ms
[2026-07-01T02:27:53.242+0000][65.685s][info][gc,phases   ] GC(93)   Post Evacuate Collection Set: 0.72ms
[2026-07-01T02:27:53.242+0000][65.685s][info][gc,phases   ] GC(93)   Other: 0.06ms
[2026-07-01T02:27:53.242+0000][65.685s][info][gc,heap     ] GC(93) Eden regions: 162->0(158)
[2026-07-01T02:27:53.242+0000][65.685s][info][gc,heap     ] GC(93) Survivor regions: 9->9(22)
[2026-07-01T02:27:53.242+0000][65.685s][info][gc,heap     ] GC(93) Old regions: 166->167
[2026-07-01T02:27:53.242+0000][65.685s][info][gc,heap     ] GC(93) Humongous regions: 3->3
[2026-07-01T02:27:53.242+0000][65.685s][info][gc,metaspace] GC(93) Metaspace: 41647K(42496K)->41647K(42496K) NonClass: 36516K(36992K)->36516K(36992K) Class: 5130K(5504K)->5130K(5504K)
[2026-07-01T02:27:53.242+0000][65.685s][info][gc          ] GC(93) Pause Young (Prepare Mixed) (G1 Evacuation Pause) 338M->177M(356M) 23.542ms
[2026-07-01T02:27:53.242+0000][65.685s][info][gc,cpu      ] GC(93) User=0.04s Sys=0.00s Real=0.02s
[2026-07-01T02:27:53.989+0000][66.432s][info][gc,start    ] GC(94) Pause Young (Mixed) (G1 Evacuation Pause)
[2026-07-01T02:27:53.989+0000][66.432s][info][gc,task     ] GC(94) Using 2 workers of 2 for evacuation
[2026-07-01T02:27:54.011+0000][66.455s][info][gc,phases   ] GC(94)   Pre Evacuate Collection Set: 0.23ms
[2026-07-01T02:27:54.011+0000][66.455s][info][gc,phases   ] GC(94)   Merge Heap Roots: 0.73ms
[2026-07-01T02:27:54.011+0000][66.455s][info][gc,phases   ] GC(94)   Evacuate Collection Set: 20.88ms
[2026-07-01T02:27:54.011+0000][66.455s][info][gc,phases   ] GC(94)   Post Evacuate Collection Set: 0.48ms
[2026-07-01T02:27:54.011+0000][66.455s][info][gc,phases   ] GC(94)   Other: 0.10ms
[2026-07-01T02:27:54.011+0000][66.455s][info][gc,heap     ] GC(94) Eden regions: 158->0(158)
[2026-07-01T02:27:54.011+0000][66.455s][info][gc,heap     ] GC(94) Survivor regions: 9->9(21)
[2026-07-01T02:27:54.011+0000][66.455s][info][gc,heap     ] GC(94) Old regions: 167->167
[2026-07-01T02:27:54.011+0000][66.455s][info][gc,heap     ] GC(94) Humongous regions: 3->3
[2026-07-01T02:27:54.011+0000][66.455s][info][gc,metaspace] GC(94) Metaspace: 41647K(42496K)->41647K(42496K) NonClass: 36516K(36992K)->36516K(36992K) Class: 5130K(5504K)->5130K(5504K)
[2026-07-01T02:27:54.011+0000][66.455s][info][gc          ] GC(94) Pause Young (Mixed) (G1 Evacuation Pause) 335M->178M(356M) 22.563ms
[2026-07-01T02:27:54.011+0000][66.455s][info][gc,cpu      ] GC(94) User=0.04s Sys=0.00s Real=0.02s
[2026-07-01T02:27:54.747+0000][67.191s][info][gc,start    ] GC(95) Pause Young (Concurrent Start) (G1 Evacuation Pause)
[2026-07-01T02:27:54.747+0000][67.191s][info][gc,task     ] GC(95) Using 2 workers of 2 for evacuation
[2026-07-01T02:27:54.771+0000][67.215s][info][gc,phases   ] GC(95)   Pre Evacuate Collection Set: 0.21ms
[2026-07-01T02:27:54.771+0000][67.215s][info][gc,phases   ] GC(95)   Merge Heap Roots: 0.57ms
[2026-07-01T02:27:54.771+0000][67.215s][info][gc,phases   ] GC(95)   Evacuate Collection Set: 22.25ms
[2026-07-01T02:27:54.771+0000][67.215s][info][gc,phases   ] GC(95)   Post Evacuate Collection Set: 0.45ms
[2026-07-01T02:27:54.771+0000][67.215s][info][gc,phases   ] GC(95)   Other: 0.09ms
[2026-07-01T02:27:54.771+0000][67.215s][info][gc,heap     ] GC(95) Eden regions: 158->0(158)
[2026-07-01T02:27:54.771+0000][67.215s][info][gc,heap     ] GC(95) Survivor regions: 9->9(21)
[2026-07-01T02:27:54.771+0000][67.215s][info][gc,heap     ] GC(95) Old regions: 167->167
[2026-07-01T02:27:54.771+0000][67.215s][info][gc,heap     ] GC(95) Humongous regions: 3->3
[2026-07-01T02:27:54.771+0000][67.215s][info][gc,metaspace] GC(95) Metaspace: 41649K(42496K)->41649K(42496K) NonClass: 36518K(36992K)->36518K(36992K) Class: 5130K(5504K)->5130K(5504K)
[2026-07-01T02:27:54.771+0000][67.215s][info][gc          ] GC(95) Pause Young (Concurrent Start) (G1 Evacuation Pause) 336M->178M(356M) 23.741ms
[2026-07-01T02:27:54.771+0000][67.215s][info][gc          ] GC(96) Concurrent Mark Cycle
[2026-07-01T02:27:54.771+0000][67.215s][info][gc,marking  ] GC(96) Concurrent Scan Root Regions
[2026-07-01T02:27:54.771+0000][67.215s][info][gc,cpu      ] GC(95) User=0.05s Sys=0.00s Real=0.03s
[2026-07-01T02:27:54.796+0000][67.240s][info][gc,marking  ] GC(96) Concurrent Scan Root Regions 24.948ms
[2026-07-01T02:27:54.796+0000][67.240s][info][gc,marking  ] GC(96) Concurrent Mark
[2026-07-01T02:27:54.796+0000][67.240s][info][gc,marking  ] GC(96) Concurrent Mark From Roots
[2026-07-01T02:27:54.796+0000][67.240s][info][gc,task     ] GC(96) Using 1 workers of 1 for marking
[2026-07-01T02:27:55.507+0000][67.951s][info][gc,marking  ] GC(96) Concurrent Mark From Roots 711.014ms
[2026-07-01T02:27:55.507+0000][67.951s][info][gc,marking  ] GC(96) Concurrent Preclean
[2026-07-01T02:27:55.507+0000][67.951s][info][gc,marking  ] GC(96) Concurrent Preclean 0.140ms
[2026-07-01T02:27:55.508+0000][67.952s][info][gc,start    ] GC(96) Pause Remark
[2026-07-01T02:27:55.514+0000][67.957s][info][gc          ] GC(96) Pause Remark 314M->314M(356M) 5.404ms
[2026-07-01T02:27:55.514+0000][67.957s][info][gc,cpu      ] GC(96) User=0.01s Sys=0.00s Real=0.00s
[2026-07-01T02:27:55.516+0000][67.960s][info][gc,marking  ] GC(96) Concurrent Mark 719.755ms
[2026-07-01T02:27:55.516+0000][67.960s][info][gc,marking  ] GC(96) Concurrent Rebuild Remembered Sets and Scrub Regions
[2026-07-01T02:27:55.625+0000][68.068s][info][gc,start    ] GC(97) Pause Young (Normal) (G1 Evacuation Pause)
[2026-07-01T02:27:55.625+0000][68.068s][info][gc,task     ] GC(97) Using 2 workers of 2 for evacuation
[2026-07-01T02:27:55.643+0000][68.087s][info][gc,phases   ] GC(97)   Pre Evacuate Collection Set: 0.16ms
[2026-07-01T02:27:55.643+0000][68.087s][info][gc,phases   ] GC(97)   Merge Heap Roots: 0.45ms
[2026-07-01T02:27:55.643+0000][68.087s][info][gc,phases   ] GC(97)   Evacuate Collection Set: 17.27ms
[2026-07-01T02:27:55.643+0000][68.087s][info][gc,phases   ] GC(97)   Post Evacuate Collection Set: 0.58ms
[2026-07-01T02:27:55.643+0000][68.087s][info][gc,phases   ] GC(97)   Other: 0.05ms
[2026-07-01T02:27:55.643+0000][68.087s][info][gc,heap     ] GC(97) Eden regions: 158->0(157)
[2026-07-01T02:27:55.643+0000][68.087s][info][gc,heap     ] GC(97) Survivor regions: 9->9(21)
[2026-07-01T02:27:55.643+0000][68.087s][info][gc,heap     ] GC(97) Old regions: 167->168
[2026-07-01T02:27:55.643+0000][68.087s][info][gc,heap     ] GC(97) Humongous regions: 3->3
[2026-07-01T02:27:55.643+0000][68.087s][info][gc,metaspace] GC(97) Metaspace: 41661K(42496K)->41661K(42496K) NonClass: 36530K(36992K)->36530K(36992K) Class: 5130K(5504K)->5130K(5504K)
[2026-07-01T02:27:55.643+0000][68.087s][info][gc          ] GC(97) Pause Young (Normal) (G1 Evacuation Pause) 336M->178M(356M) 18.656ms
[2026-07-01T02:27:55.643+0000][68.087s][info][gc,cpu      ] GC(97) User=0.04s Sys=0.00s Real=0.02s
[2026-07-01T02:27:55.842+0000][68.285s][info][gc,marking  ] GC(96) Concurrent Rebuild Remembered Sets and Scrub Regions 325.778ms
[2026-07-01T02:27:55.843+0000][68.287s][info][gc,start    ] GC(96) Pause Cleanup
[2026-07-01T02:27:55.843+0000][68.287s][info][gc          ] GC(96) Pause Cleanup 216M->216M(356M) 0.214ms
[2026-07-01T02:27:55.843+0000][68.287s][info][gc,cpu      ] GC(96) User=0.00s Sys=0.00s Real=0.00s
[2026-07-01T02:27:55.845+0000][68.289s][info][gc,marking  ] GC(96) Concurrent Clear Claimed Marks
[2026-07-01T02:27:55.845+0000][68.289s][info][gc,marking  ] GC(96) Concurrent Clear Claimed Marks 0.096ms
[2026-07-01T02:27:55.845+0000][68.289s][info][gc,marking  ] GC(96) Concurrent Cleanup for Next Mark
[2026-07-01T02:27:55.846+0000][68.290s][info][gc,marking  ] GC(96) Concurrent Cleanup for Next Mark 0.902ms
[2026-07-01T02:27:55.846+0000][68.290s][info][gc          ] GC(96) Concurrent Mark Cycle 1075.085ms
[2026-07-01T02:27:56.407+0000][68.850s][info][gc,start    ] GC(98) Pause Young (Prepare Mixed) (G1 Evacuation Pause)
[2026-07-01T02:27:56.407+0000][68.851s][info][gc,task     ] GC(98) Using 2 workers of 2 for evacuation
[2026-07-01T02:27:56.425+0000][68.868s][info][gc,phases   ] GC(98)   Pre Evacuate Collection Set: 0.21ms
[2026-07-01T02:27:56.425+0000][68.868s][info][gc,phases   ] GC(98)   Merge Heap Roots: 0.51ms
[2026-07-01T02:27:56.425+0000][68.868s][info][gc,phases   ] GC(98)   Evacuate Collection Set: 16.39ms
[2026-07-01T02:27:56.425+0000][68.868s][info][gc,phases   ] GC(98)   Post Evacuate Collection Set: 0.60ms
[2026-07-01T02:27:56.425+0000][68.868s][info][gc,phases   ] GC(98)   Other: 0.09ms
[2026-07-01T02:27:56.425+0000][68.868s][info][gc,heap     ] GC(98) Eden regions: 157->0(157)
[2026-07-01T02:27:56.425+0000][68.868s][info][gc,heap     ] GC(98) Survivor regions: 9->9(21)
[2026-07-01T02:27:56.425+0000][68.868s][info][gc,heap     ] GC(98) Old regions: 168->168
[2026-07-01T02:27:56.425+0000][68.868s][info][gc,heap     ] GC(98) Humongous regions: 3->3
[2026-07-01T02:27:56.425+0000][68.868s][info][gc,metaspace] GC(98) Metaspace: 41666K(42496K)->41666K(42496K) NonClass: 36535K(36992K)->36535K(36992K) Class: 5130K(5504K)->5130K(5504K)
[2026-07-01T02:27:56.425+0000][68.868s][info][gc          ] GC(98) Pause Young (Prepare Mixed) (G1 Evacuation Pause) 335M->179M(356M) 18.013ms
[2026-07-01T02:27:56.425+0000][68.869s][info][gc,cpu      ] GC(98) User=0.04s Sys=0.00s Real=0.02s
[2026-07-01T02:27:57.658+0000][70.102s][info][gc,start    ] GC(99) Pause Young (Mixed) (G1 Evacuation Pause)
[2026-07-01T02:27:57.658+0000][70.102s][info][gc,task     ] GC(99) Using 2 workers of 2 for evacuation
[2026-07-01T02:27:57.691+0000][70.134s][info][gc,phases   ] GC(99)   Pre Evacuate Collection Set: 0.21ms
[2026-07-01T02:27:57.691+0000][70.134s][info][gc,phases   ] GC(99)   Merge Heap Roots: 0.56ms
[2026-07-01T02:27:57.691+0000][70.134s][info][gc,phases   ] GC(99)   Evacuate Collection Set: 31.17ms
[2026-07-01T02:27:57.691+0000][70.134s][info][gc,phases   ] GC(99)   Post Evacuate Collection Set: 0.48ms
[2026-07-01T02:27:57.691+0000][70.134s][info][gc,phases   ] GC(99)   Other: 0.06ms
[2026-07-01T02:27:57.691+0000][70.134s][info][gc,heap     ] GC(99) Eden regions: 157->0(157)
[2026-07-01T02:27:57.691+0000][70.134s][info][gc,heap     ] GC(99) Survivor regions: 9->9(21)
[2026-07-01T02:27:57.691+0000][70.134s][info][gc,heap     ] GC(99) Old regions: 168->168
[2026-07-01T02:27:57.691+0000][70.134s][info][gc,heap     ] GC(99) Humongous regions: 3->3
[2026-07-01T02:27:57.691+0000][70.134s][info][gc,metaspace] GC(99) Metaspace: 41667K(42496K)->41667K(42496K) NonClass: 36537K(36992K)->36537K(36992K) Class: 5130K(5504K)->5130K(5504K)
[2026-07-01T02:27:57.691+0000][70.134s][info][gc          ] GC(99) Pause Young (Mixed) (G1 Evacuation Pause) 336M->179M(356M) 32.683ms
[2026-07-01T02:27:57.691+0000][70.134s][info][gc,cpu      ] GC(99) User=0.05s Sys=0.00s Real=0.04s
[2026-07-01T02:27:58.962+0000][71.406s][info][gc,start    ] GC(100) Pause Young (Concurrent Start) (G1 Evacuation Pause)
[2026-07-01T02:27:58.962+0000][71.406s][info][gc,task     ] GC(100) Using 2 workers of 2 for evacuation
[2026-07-01T02:27:59.000+0000][71.444s][info][gc,phases   ] GC(100)   Pre Evacuate Collection Set: 0.22ms
[2026-07-01T02:27:59.000+0000][71.444s][info][gc,phases   ] GC(100)   Merge Heap Roots: 0.55ms
[2026-07-01T02:27:59.000+0000][71.444s][info][gc,phases   ] GC(100)   Evacuate Collection Set: 36.72ms
[2026-07-01T02:27:59.000+0000][71.444s][info][gc,phases   ] GC(100)   Post Evacuate Collection Set: 0.56ms
[2026-07-01T02:27:59.000+0000][71.444s][info][gc,phases   ] GC(100)   Other: 0.08ms
[2026-07-01T02:27:59.000+0000][71.444s][info][gc,heap     ] GC(100) Eden regions: 157->0(156)
[2026-07-01T02:27:59.000+0000][71.444s][info][gc,heap     ] GC(100) Survivor regions: 9->9(21)
[2026-07-01T02:27:59.000+0000][71.444s][info][gc,heap     ] GC(100) Old regions: 168->169
[2026-07-01T02:27:59.000+0000][71.444s][info][gc,heap     ] GC(100) Humongous regions: 3->3
[2026-07-01T02:27:59.000+0000][71.444s][info][gc,metaspace] GC(100) Metaspace: 41667K(42496K)->41667K(42496K) NonClass: 36537K(36992K)->36537K(36992K) Class: 5130K(5504K)->5130K(5504K)
[2026-07-01T02:27:59.001+0000][71.444s][info][gc          ] GC(100) Pause Young (Concurrent Start) (G1 Evacuation Pause) 336M->180M(356M) 38.340ms
[2026-07-01T02:27:59.001+0000][71.444s][info][gc          ] GC(101) Concurrent Mark Cycle
[2026-07-01T02:27:59.001+0000][71.444s][info][gc,marking  ] GC(101) Concurrent Scan Root Regions
[2026-07-01T02:27:59.001+0000][71.444s][info][gc,cpu      ] GC(100) User=0.05s Sys=0.00s Real=0.04s
[2026-07-01T02:27:59.024+0000][71.468s][info][gc,marking  ] GC(101) Concurrent Scan Root Regions 23.390ms
[2026-07-01T02:27:59.024+0000][71.468s][info][gc,marking  ] GC(101) Concurrent Mark
[2026-07-01T02:27:59.024+0000][71.468s][info][gc,marking  ] GC(101) Concurrent Mark From Roots
[2026-07-01T02:27:59.024+0000][71.468s][info][gc,task     ] GC(101) Using 1 workers of 1 for marking
[2026-07-01T02:27:59.399+0000][71.843s][info][gc,marking  ] GC(101) Concurrent Mark From Roots 374.938ms
[2026-07-01T02:27:59.399+0000][71.843s][info][gc,marking  ] GC(101) Concurrent Preclean
[2026-07-01T02:27:59.399+0000][71.843s][info][gc,marking  ] GC(101) Concurrent Preclean 0.106ms
[2026-07-01T02:27:59.399+0000][71.843s][info][gc,start    ] GC(101) Pause Remark
[2026-07-01T02:27:59.406+0000][71.850s][info][gc          ] GC(101) Pause Remark 224M->224M(356M) 6.768ms
[2026-07-01T02:27:59.406+0000][71.850s][info][gc,cpu      ] GC(101) User=0.01s Sys=0.00s Real=0.00s
[2026-07-01T02:27:59.408+0000][71.851s][info][gc,marking  ] GC(101) Concurrent Mark 383.601ms
[2026-07-01T02:27:59.408+0000][71.851s][info][gc,marking  ] GC(101) Concurrent Rebuild Remembered Sets and Scrub Regions
[2026-07-01T02:27:59.607+0000][72.051s][info][gc,marking  ] GC(101) Concurrent Rebuild Remembered Sets and Scrub Regions 199.560ms
[2026-07-01T02:27:59.607+0000][72.051s][info][gc,start    ] GC(101) Pause Cleanup
[2026-07-01T02:27:59.607+0000][72.051s][info][gc          ] GC(101) Pause Cleanup 243M->243M(356M) 0.134ms
[2026-07-01T02:27:59.607+0000][72.051s][info][gc,cpu      ] GC(101) User=0.00s Sys=0.00s Real=0.00s
[2026-07-01T02:27:59.607+0000][72.051s][info][gc,marking  ] GC(101) Concurrent Clear Claimed Marks
[2026-07-01T02:27:59.608+0000][72.051s][info][gc,marking  ] GC(101) Concurrent Clear Claimed Marks 0.079ms
[2026-07-01T02:27:59.608+0000][72.051s][info][gc,marking  ] GC(101) Concurrent Cleanup for Next Mark
[2026-07-01T02:27:59.609+0000][72.052s][info][gc,marking  ] GC(101) Concurrent Cleanup for Next Mark 0.823ms
[2026-07-01T02:27:59.609+0000][72.052s][info][gc          ] GC(101) Concurrent Mark Cycle 608.042ms
[2026-07-01T02:28:00.263+0000][72.707s][info][gc,start    ] GC(102) Pause Young (Prepare Mixed) (G1 Evacuation Pause)
[2026-07-01T02:28:00.263+0000][72.707s][info][gc,task     ] GC(102) Using 2 workers of 2 for evacuation
[2026-07-01T02:28:00.287+0000][72.731s][info][gc,phases   ] GC(102)   Pre Evacuate Collection Set: 0.20ms
[2026-07-01T02:28:00.287+0000][72.731s][info][gc,phases   ] GC(102)   Merge Heap Roots: 0.55ms
[2026-07-01T02:28:00.288+0000][72.731s][info][gc,phases   ] GC(102)   Evacuate Collection Set: 22.66ms
[2026-07-01T02:28:00.288+0000][72.731s][info][gc,phases   ] GC(102)   Post Evacuate Collection Set: 0.75ms
[2026-07-01T02:28:00.288+0000][72.731s][info][gc,phases   ] GC(102)   Other: 0.06ms
[2026-07-01T02:28:00.288+0000][72.731s][info][gc,heap     ] GC(102) Eden regions: 156->0(156)
[2026-07-01T02:28:00.288+0000][72.731s][info][gc,heap     ] GC(102) Survivor regions: 9->9(21)
[2026-07-01T02:28:00.288+0000][72.731s][info][gc,heap     ] GC(102) Old regions: 169->169
[2026-07-01T02:28:00.288+0000][72.731s][info][gc,heap     ] GC(102) Humongous regions: 3->3
[2026-07-01T02:28:00.288+0000][72.731s][info][gc,metaspace] GC(102) Metaspace: 41667K(42496K)->41667K(42496K) NonClass: 36537K(36992K)->36537K(36992K) Class: 5130K(5504K)->5130K(5504K)
[2026-07-01T02:28:00.288+0000][72.731s][info][gc          ] GC(102) Pause Young (Prepare Mixed) (G1 Evacuation Pause) 336M->180M(356M) 24.415ms
[2026-07-01T02:28:00.288+0000][72.731s][info][gc,cpu      ] GC(102) User=0.05s Sys=0.00s Real=0.02s
[2026-07-01T02:28:01.275+0000][73.719s][info][gc,start    ] GC(103) Pause Young (Mixed) (G1 Evacuation Pause)
[2026-07-01T02:28:01.275+0000][73.719s][info][gc,task     ] GC(103) Using 2 workers of 2 for evacuation
[2026-07-01T02:28:01.299+0000][73.743s][info][gc,phases   ] GC(103)   Pre Evacuate Collection Set: 0.22ms
[2026-07-01T02:28:01.299+0000][73.743s][info][gc,phases   ] GC(103)   Merge Heap Roots: 0.36ms
[2026-07-01T02:28:01.299+0000][73.743s][info][gc,phases   ] GC(103)   Evacuate Collection Set: 22.92ms
[2026-07-01T02:28:01.299+0000][73.743s][info][gc,phases   ] GC(103)   Post Evacuate Collection Set: 0.46ms
[2026-07-01T02:28:01.299+0000][73.743s][info][gc,phases   ] GC(103)   Other: 0.06ms
[2026-07-01T02:28:01.299+0000][73.743s][info][gc,heap     ] GC(103) Eden regions: 156->0(155)
[2026-07-01T02:28:01.299+0000][73.743s][info][gc,heap     ] GC(103) Survivor regions: 9->10(21)
[2026-07-01T02:28:01.299+0000][73.743s][info][gc,heap     ] GC(103) Old regions: 169->169
[2026-07-01T02:28:01.299+0000][73.743s][info][gc,heap     ] GC(103) Humongous regions: 3->3
[2026-07-01T02:28:01.299+0000][73.743s][info][gc,metaspace] GC(103) Metaspace: 41667K(42496K)->41667K(42496K) NonClass: 36537K(36992K)->36537K(36992K) Class: 5130K(5504K)->5130K(5504K)
[2026-07-01T02:28:01.299+0000][73.743s][info][gc          ] GC(103) Pause Young (Mixed) (G1 Evacuation Pause) 336M->181M(356M) 24.201ms
[2026-07-01T02:28:01.299+0000][73.743s][info][gc,cpu      ] GC(103) User=0.05s Sys=0.00s Real=0.03s
[2026-07-01T02:28:02.019+0000][74.463s][info][gc,start    ] GC(104) Pause Young (Concurrent Start) (G1 Evacuation Pause)
[2026-07-01T02:28:02.019+0000][74.463s][info][gc,task     ] GC(104) Using 2 workers of 2 for evacuation
[2026-07-01T02:28:02.037+0000][74.481s][info][gc,phases   ] GC(104)   Pre Evacuate Collection Set: 0.23ms
[2026-07-01T02:28:02.037+0000][74.481s][info][gc,phases   ] GC(104)   Merge Heap Roots: 0.46ms
[2026-07-01T02:28:02.037+0000][74.481s][info][gc,phases   ] GC(104)   Evacuate Collection Set: 16.84ms
[2026-07-01T02:28:02.037+0000][74.481s][info][gc,phases   ] GC(104)   Post Evacuate Collection Set: 0.42ms
[2026-07-01T02:28:02.037+0000][74.481s][info][gc,phases   ] GC(104)   Other: 0.08ms
[2026-07-01T02:28:02.037+0000][74.481s][info][gc,heap     ] GC(104) Eden regions: 155->0(155)
[2026-07-01T02:28:02.037+0000][74.481s][info][gc,heap     ] GC(104) Survivor regions: 10->9(21)
[2026-07-01T02:28:02.037+0000][74.481s][info][gc,heap     ] GC(104) Old regions: 169->170
[2026-07-01T02:28:02.037+0000][74.481s][info][gc,heap     ] GC(104) Humongous regions: 3->3
[2026-07-01T02:28:02.037+0000][74.481s][info][gc,metaspace] GC(104) Metaspace: 41667K(42496K)->41667K(42496K) NonClass: 36537K(36992K)->36537K(36992K) Class: 5130K(5504K)->5130K(5504K)
[2026-07-01T02:28:02.037+0000][74.481s][info][gc          ] GC(104) Pause Young (Concurrent Start) (G1 Evacuation Pause) 336M->181M(356M) 18.171ms
[2026-07-01T02:28:02.037+0000][74.481s][info][gc          ] GC(105) Concurrent Mark Cycle
[2026-07-01T02:28:02.037+0000][74.481s][info][gc,marking  ] GC(105) Concurrent Scan Root Regions
[2026-07-01T02:28:02.037+0000][74.481s][info][gc,cpu      ] GC(104) User=0.03s Sys=0.00s Real=0.01s
[2026-07-01T02:28:02.079+0000][74.523s][info][gc,marking  ] GC(105) Concurrent Scan Root Regions 41.954ms
[2026-07-01T02:28:02.079+0000][74.523s][info][gc,marking  ] GC(105) Concurrent Mark
[2026-07-01T02:28:02.079+0000][74.523s][info][gc,marking  ] GC(105) Concurrent Mark From Roots
[2026-07-01T02:28:02.080+0000][74.523s][info][gc,task     ] GC(105) Using 1 workers of 1 for marking
[2026-07-01T02:28:02.759+0000][75.202s][info][gc,marking  ] GC(105) Concurrent Mark From Roots 679.137ms
[2026-07-01T02:28:02.759+0000][75.202s][info][gc,marking  ] GC(105) Concurrent Preclean
[2026-07-01T02:28:02.759+0000][75.202s][info][gc,marking  ] GC(105) Concurrent Preclean 0.140ms
[2026-07-01T02:28:02.759+0000][75.203s][info][gc,start    ] GC(105) Pause Remark
[2026-07-01T02:28:02.765+0000][75.209s][info][gc          ] GC(105) Pause Remark 311M->311M(356M) 6.191ms
[2026-07-01T02:28:02.765+0000][75.209s][info][gc,cpu      ] GC(105) User=0.01s Sys=0.00s Real=0.00s
[2026-07-01T02:28:02.770+0000][75.214s][info][gc,marking  ] GC(105) Concurrent Mark 690.950ms
[2026-07-01T02:28:02.770+0000][75.214s][info][gc,marking  ] GC(105) Concurrent Rebuild Remembered Sets and Scrub Regions
[2026-07-01T02:28:02.907+0000][75.351s][info][gc,start    ] GC(106) Pause Young (Normal) (G1 Evacuation Pause)
[2026-07-01T02:28:02.907+0000][75.351s][info][gc,task     ] GC(106) Using 2 workers of 2 for evacuation
[2026-07-01T02:28:02.934+0000][75.377s][info][gc,phases   ] GC(106)   Pre Evacuate Collection Set: 0.19ms
[2026-07-01T02:28:02.934+0000][75.377s][info][gc,phases   ] GC(106)   Merge Heap Roots: 0.48ms
[2026-07-01T02:28:02.934+0000][75.377s][info][gc,phases   ] GC(106)   Evacuate Collection Set: 24.85ms
[2026-07-01T02:28:02.934+0000][75.377s][info][gc,phases   ] GC(106)   Post Evacuate Collection Set: 0.73ms
[2026-07-01T02:28:02.934+0000][75.377s][info][gc,phases   ] GC(106)   Other: 0.07ms
[2026-07-01T02:28:02.934+0000][75.377s][info][gc,heap     ] GC(106) Eden regions: 155->0(154)
[2026-07-01T02:28:02.934+0000][75.377s][info][gc,heap     ] GC(106) Survivor regions: 9->10(21)
[2026-07-01T02:28:02.934+0000][75.377s][info][gc,heap     ] GC(106) Old regions: 170->170
[2026-07-01T02:28:02.934+0000][75.377s][info][gc,heap     ] GC(106) Humongous regions: 3->3
[2026-07-01T02:28:02.934+0000][75.377s][info][gc,metaspace] GC(106) Metaspace: 41668K(42496K)->41668K(42496K) NonClass: 36537K(36992K)->36537K(36992K) Class: 5130K(5504K)->5130K(5504K)
[2026-07-01T02:28:02.934+0000][75.377s][info][gc          ] GC(106) Pause Young (Normal) (G1 Evacuation Pause) 336M->182M(356M) 26.536ms
[2026-07-01T02:28:02.934+0000][75.377s][info][gc,cpu      ] GC(106) User=0.05s Sys=0.00s Real=0.03s
[2026-07-01T02:28:03.030+0000][75.474s][info][gc,marking  ] GC(105) Concurrent Rebuild Remembered Sets and Scrub Regions 259.455ms
[2026-07-01T02:28:03.031+0000][75.475s][info][gc,start    ] GC(105) Pause Cleanup
[2026-07-01T02:28:03.031+0000][75.475s][info][gc          ] GC(105) Pause Cleanup 199M->199M(356M) 0.182ms
[2026-07-01T02:28:03.031+0000][75.475s][info][gc,cpu      ] GC(105) User=0.00s Sys=0.00s Real=0.00s
[2026-07-01T02:28:03.032+0000][75.476s][info][gc,marking  ] GC(105) Concurrent Clear Claimed Marks
[2026-07-01T02:28:03.032+0000][75.476s][info][gc,marking  ] GC(105) Concurrent Clear Claimed Marks 0.252ms
[2026-07-01T02:28:03.032+0000][75.476s][info][gc,marking  ] GC(105) Concurrent Cleanup for Next Mark
[2026-07-01T02:28:03.033+0000][75.477s][info][gc,marking  ] GC(105) Concurrent Cleanup for Next Mark 0.850ms
[2026-07-01T02:28:03.033+0000][75.477s][info][gc          ] GC(105) Concurrent Mark Cycle 995.614ms
[2026-07-01T02:28:03.666+0000][76.110s][info][gc,start    ] GC(107) Pause Young (Prepare Mixed) (G1 Evacuation Pause)
[2026-07-01T02:28:03.666+0000][76.110s][info][gc,task     ] GC(107) Using 2 workers of 2 for evacuation
[2026-07-01T02:28:03.690+0000][76.133s][info][gc,phases   ] GC(107)   Pre Evacuate Collection Set: 0.19ms
[2026-07-01T02:28:03.690+0000][76.133s][info][gc,phases   ] GC(107)   Merge Heap Roots: 0.57ms
[2026-07-01T02:28:03.690+0000][76.133s][info][gc,phases   ] GC(107)   Evacuate Collection Set: 22.46ms
[2026-07-01T02:28:03.690+0000][76.133s][info][gc,phases   ] GC(107)   Post Evacuate Collection Set: 0.49ms
[2026-07-01T02:28:03.690+0000][76.133s][info][gc,phases   ] GC(107)   Other: 0.09ms
[2026-07-01T02:28:03.690+0000][76.133s][info][gc,heap     ] GC(107) Eden regions: 154->0(153)
[2026-07-01T02:28:03.690+0000][76.133s][info][gc,heap     ] GC(107) Survivor regions: 10->10(21)
[2026-07-01T02:28:03.690+0000][76.133s][info][gc,heap     ] GC(107) Old regions: 170->171
[2026-07-01T02:28:03.690+0000][76.133s][info][gc,heap     ] GC(107) Humongous regions: 3->3
[2026-07-01T02:28:03.690+0000][76.133s][info][gc,metaspace] GC(107) Metaspace: 41668K(42496K)->41668K(42496K) NonClass: 36538K(36992K)->36538K(36992K) Class: 5130K(5504K)->5130K(5504K)
[2026-07-01T02:28:03.690+0000][76.133s][info][gc          ] GC(107) Pause Young (Prepare Mixed) (G1 Evacuation Pause) 336M->182M(356M) 23.974ms
[2026-07-01T02:28:03.690+0000][76.134s][info][gc,cpu      ] GC(107) User=0.05s Sys=0.00s Real=0.03s
[2026-07-01T02:28:04.395+0000][76.839s][info][gc,start    ] GC(108) Pause Young (Mixed) (G1 Evacuation Pause)
[2026-07-01T02:28:04.395+0000][76.839s][info][gc,task     ] GC(108) Using 2 workers of 2 for evacuation
[2026-07-01T02:28:04.414+0000][76.858s][info][gc,phases   ] GC(108)   Pre Evacuate Collection Set: 0.19ms
[2026-07-01T02:28:04.414+0000][76.858s][info][gc,phases   ] GC(108)   Merge Heap Roots: 0.64ms
[2026-07-01T02:28:04.414+0000][76.858s][info][gc,phases   ] GC(108)   Evacuate Collection Set: 17.10ms
[2026-07-01T02:28:04.414+0000][76.858s][info][gc,phases   ] GC(108)   Post Evacuate Collection Set: 0.41ms
[2026-07-01T02:28:04.414+0000][76.858s][info][gc,phases   ] GC(108)   Other: 0.06ms
[2026-07-01T02:28:04.414+0000][76.858s][info][gc,heap     ] GC(108) Eden regions: 153->0(154)
[2026-07-01T02:28:04.414+0000][76.858s][info][gc,heap     ] GC(108) Survivor regions: 10->9(21)
[2026-07-01T02:28:04.414+0000][76.858s][info][gc,heap     ] GC(108) Old regions: 171->171
[2026-07-01T02:28:04.414+0000][76.858s][info][gc,heap     ] GC(108) Humongous regions: 3->3
[2026-07-01T02:28:04.414+0000][76.858s][info][gc,metaspace] GC(108) Metaspace: 41668K(42496K)->41668K(42496K) NonClass: 36538K(36992K)->36538K(36992K) Class: 5130K(5504K)->5130K(5504K)
[2026-07-01T02:28:04.414+0000][76.858s][info][gc          ] GC(108) Pause Young (Mixed) (G1 Evacuation Pause) 335M->182M(356M) 18.570ms
[2026-07-01T02:28:04.414+0000][76.858s][info][gc,cpu      ] GC(108) User=0.03s Sys=0.00s Real=0.02s
[2026-07-01T02:28:05.111+0000][77.555s][info][gc,start    ] GC(109) Pause Young (Concurrent Start) (G1 Evacuation Pause)
[2026-07-01T02:28:05.111+0000][77.555s][info][gc,task     ] GC(109) Using 2 workers of 2 for evacuation
[2026-07-01T02:28:05.129+0000][77.572s][info][gc,phases   ] GC(109)   Pre Evacuate Collection Set: 0.27ms
[2026-07-01T02:28:05.129+0000][77.572s][info][gc,phases   ] GC(109)   Merge Heap Roots: 0.33ms
[2026-07-01T02:28:05.129+0000][77.572s][info][gc,phases   ] GC(109)   Evacuate Collection Set: 16.11ms
[2026-07-01T02:28:05.129+0000][77.572s][info][gc,phases   ] GC(109)   Post Evacuate Collection Set: 0.45ms
[2026-07-01T02:28:05.129+0000][77.572s][info][gc,phases   ] GC(109)   Other: 0.12ms
[2026-07-01T02:28:05.129+0000][77.572s][info][gc,heap     ] GC(109) Eden regions: 154->0(152)
[2026-07-01T02:28:05.129+0000][77.572s][info][gc,heap     ] GC(109) Survivor regions: 9->10(21)
[2026-07-01T02:28:05.129+0000][77.572s][info][gc,heap     ] GC(109) Old regions: 171->172
[2026-07-01T02:28:05.129+0000][77.572s][info][gc,heap     ] GC(109) Humongous regions: 3->3
[2026-07-01T02:28:05.129+0000][77.572s][info][gc,metaspace] GC(109) Metaspace: 41668K(42496K)->41668K(42496K) NonClass: 36538K(36992K)->36538K(36992K) Class: 5130K(5504K)->5130K(5504K)
[2026-07-01T02:28:05.129+0000][77.572s][info][gc          ] GC(109) Pause Young (Concurrent Start) (G1 Evacuation Pause) 336M->183M(356M) 17.452ms
[2026-07-01T02:28:05.129+0000][77.572s][info][gc          ] GC(110) Concurrent Mark Cycle
[2026-07-01T02:28:05.129+0000][77.572s][info][gc,marking  ] GC(110) Concurrent Scan Root Regions
[2026-07-01T02:28:05.129+0000][77.572s][info][gc,cpu      ] GC(109) User=0.04s Sys=0.00s Real=0.02s
[2026-07-01T02:28:05.149+0000][77.592s][info][gc,marking  ] GC(110) Concurrent Scan Root Regions 20.050ms
[2026-07-01T02:28:05.149+0000][77.593s][info][gc,marking  ] GC(110) Concurrent Mark
[2026-07-01T02:28:05.149+0000][77.593s][info][gc,marking  ] GC(110) Concurrent Mark From Roots
[2026-07-01T02:28:05.149+0000][77.593s][info][gc,task     ] GC(110) Using 1 workers of 1 for marking
[2026-07-01T02:28:05.739+0000][78.183s][info][gc,marking  ] GC(110) Concurrent Mark From Roots 590.571ms
[2026-07-01T02:28:05.739+0000][78.183s][info][gc,marking  ] GC(110) Concurrent Preclean
[2026-07-01T02:28:05.740+0000][78.183s][info][gc,marking  ] GC(110) Concurrent Preclean 0.157ms
[2026-07-01T02:28:05.740+0000][78.183s][info][gc,start    ] GC(110) Pause Remark
[2026-07-01T02:28:05.747+0000][78.191s][info][gc          ] GC(110) Pause Remark 294M->294M(356M) 7.233ms
[2026-07-01T02:28:05.747+0000][78.191s][info][gc,cpu      ] GC(110) User=0.01s Sys=0.00s Real=0.00s
[2026-07-01T02:28:05.749+0000][78.193s][info][gc,marking  ] GC(110) Concurrent Mark 600.280ms
[2026-07-01T02:28:05.749+0000][78.193s][info][gc,marking  ] GC(110) Concurrent Rebuild Remembered Sets and Scrub Regions
[2026-07-01T02:28:05.958+0000][78.401s][info][gc,start    ] GC(111) Pause Young (Normal) (G1 Evacuation Pause)
[2026-07-01T02:28:05.958+0000][78.401s][info][gc,task     ] GC(111) Using 2 workers of 2 for evacuation
[2026-07-01T02:28:05.977+0000][78.421s][info][gc,phases   ] GC(111)   Pre Evacuate Collection Set: 0.18ms
[2026-07-01T02:28:05.977+0000][78.421s][info][gc,phases   ] GC(111)   Merge Heap Roots: 0.62ms
[2026-07-01T02:28:05.977+0000][78.421s][info][gc,phases   ] GC(111)   Evacuate Collection Set: 17.83ms
[2026-07-01T02:28:05.977+0000][78.421s][info][gc,phases   ] GC(111)   Post Evacuate Collection Set: 0.73ms
[2026-07-01T02:28:05.977+0000][78.421s][info][gc,phases   ] GC(111)   Other: 0.08ms
[2026-07-01T02:28:05.977+0000][78.421s][info][gc,heap     ] GC(111) Eden regions: 152->0(152)
[2026-07-01T02:28:05.977+0000][78.421s][info][gc,heap     ] GC(111) Survivor regions: 10->10(21)
[2026-07-01T02:28:05.977+0000][78.421s][info][gc,heap     ] GC(111) Old regions: 172->172
[2026-07-01T02:28:05.977+0000][78.421s][info][gc,heap     ] GC(111) Humongous regions: 3->3
[2026-07-01T02:28:05.977+0000][78.421s][info][gc,metaspace] GC(111) Metaspace: 41668K(42496K)->41668K(42496K) NonClass: 36538K(36992K)->36538K(36992K) Class: 5130K(5504K)->5130K(5504K)
[2026-07-01T02:28:05.977+0000][78.421s][info][gc          ] GC(111) Pause Young (Normal) (G1 Evacuation Pause) 335M->184M(356M) 19.597ms
[2026-07-01T02:28:05.977+0000][78.421s][info][gc,cpu      ] GC(111) User=0.04s Sys=0.00s Real=0.02s
[2026-07-01T02:28:06.071+0000][78.515s][info][gc,marking  ] GC(110) Concurrent Rebuild Remembered Sets and Scrub Regions 322.109ms
[2026-07-01T02:28:06.071+0000][78.515s][info][gc,start    ] GC(110) Pause Cleanup
[2026-07-01T02:28:06.072+0000][78.515s][info][gc          ] GC(110) Pause Cleanup 203M->203M(356M) 0.188ms
[2026-07-01T02:28:06.072+0000][78.515s][info][gc,cpu      ] GC(110) User=0.00s Sys=0.00s Real=0.00s
[2026-07-01T02:28:06.072+0000][78.516s][info][gc,marking  ] GC(110) Concurrent Clear Claimed Marks
[2026-07-01T02:28:06.072+0000][78.516s][info][gc,marking  ] GC(110) Concurrent Clear Claimed Marks 0.075ms
[2026-07-01T02:28:06.072+0000][78.516s][info][gc,marking  ] GC(110) Concurrent Cleanup for Next Mark
[2026-07-01T02:28:06.073+0000][78.516s][info][gc,marking  ] GC(110) Concurrent Cleanup for Next Mark 0.661ms
[2026-07-01T02:28:06.073+0000][78.516s][info][gc          ] GC(110) Concurrent Mark Cycle 943.871ms
[2026-07-01T02:28:06.670+0000][79.114s][info][gc,start    ] GC(112) Pause Young (Prepare Mixed) (G1 Evacuation Pause)
[2026-07-01T02:28:06.670+0000][79.114s][info][gc,task     ] GC(112) Using 2 workers of 2 for evacuation
[2026-07-01T02:28:06.689+0000][79.133s][info][gc,phases   ] GC(112)   Pre Evacuate Collection Set: 0.19ms
[2026-07-01T02:28:06.689+0000][79.133s][info][gc,phases   ] GC(112)   Merge Heap Roots: 0.68ms
[2026-07-01T02:28:06.689+0000][79.133s][info][gc,phases   ] GC(112)   Evacuate Collection Set: 17.14ms
[2026-07-01T02:28:06.689+0000][79.133s][info][gc,phases   ] GC(112)   Post Evacuate Collection Set: 0.48ms
[2026-07-01T02:28:06.689+0000][79.133s][info][gc,phases   ] GC(112)   Other: 0.06ms
[2026-07-01T02:28:06.689+0000][79.133s][info][gc,heap     ] GC(112) Eden regions: 152->0(151)
[2026-07-01T02:28:06.689+0000][79.133s][info][gc,heap     ] GC(112) Survivor regions: 10->10(21)
[2026-07-01T02:28:06.689+0000][79.133s][info][gc,heap     ] GC(112) Old regions: 172->173
[2026-07-01T02:28:06.689+0000][79.133s][info][gc,heap     ] GC(112) Humongous regions: 3->3
[2026-07-01T02:28:06.689+0000][79.133s][info][gc,metaspace] GC(112) Metaspace: 41668K(42496K)->41668K(42496K) NonClass: 36538K(36992K)->36538K(36992K) Class: 5130K(5504K)->5130K(5504K)
[2026-07-01T02:28:06.689+0000][79.133s][info][gc          ] GC(112) Pause Young (Prepare Mixed) (G1 Evacuation Pause) 336M->184M(356M) 18.708ms
[2026-07-01T02:28:06.689+0000][79.133s][info][gc,cpu      ] GC(112) User=0.04s Sys=0.00s Real=0.02s
[2026-07-01T02:28:07.379+0000][79.823s][info][gc,start    ] GC(113) Pause Young (Mixed) (G1 Evacuation Pause)
[2026-07-01T02:28:07.379+0000][79.823s][info][gc,task     ] GC(113) Using 2 workers of 2 for evacuation
[2026-07-01T02:28:07.404+0000][79.848s][info][gc,phases   ] GC(113)   Pre Evacuate Collection Set: 0.18ms
[2026-07-01T02:28:07.404+0000][79.848s][info][gc,phases   ] GC(113)   Merge Heap Roots: 0.64ms
[2026-07-01T02:28:07.404+0000][79.848s][info][gc,phases   ] GC(113)   Evacuate Collection Set: 23.61ms
[2026-07-01T02:28:07.404+0000][79.848s][info][gc,phases   ] GC(113)   Post Evacuate Collection Set: 0.47ms
[2026-07-01T02:28:07.404+0000][79.848s][info][gc,phases   ] GC(113)   Other: 0.06ms
[2026-07-01T02:28:07.404+0000][79.848s][info][gc,heap     ] GC(113) Eden regions: 151->0(151)
[2026-07-01T02:28:07.404+0000][79.848s][info][gc,heap     ] GC(113) Survivor regions: 10->10(21)
[2026-07-01T02:28:07.404+0000][79.848s][info][gc,heap     ] GC(113) Old regions: 173->173
[2026-07-01T02:28:07.404+0000][79.848s][info][gc,heap     ] GC(113) Humongous regions: 3->3
[2026-07-01T02:28:07.404+0000][79.848s][info][gc,metaspace] GC(113) Metaspace: 41668K(42496K)->41668K(42496K) NonClass: 36538K(36992K)->36538K(36992K) Class: 5130K(5504K)->5130K(5504K)
[2026-07-01T02:28:07.404+0000][79.848s][info][gc          ] GC(113) Pause Young (Mixed) (G1 Evacuation Pause) 335M->185M(356M) 25.157ms
[2026-07-01T02:28:07.404+0000][79.848s][info][gc,cpu      ] GC(113) User=0.05s Sys=0.00s Real=0.02s
[2026-07-01T02:28:08.489+0000][80.933s][info][gc,start    ] GC(114) Pause Young (Concurrent Start) (G1 Evacuation Pause)
[2026-07-01T02:28:08.489+0000][80.933s][info][gc,task     ] GC(114) Using 2 workers of 2 for evacuation
[2026-07-01T02:28:08.527+0000][80.970s][info][gc,phases   ] GC(114)   Pre Evacuate Collection Set: 0.23ms
[2026-07-01T02:28:08.527+0000][80.970s][info][gc,phases   ] GC(114)   Merge Heap Roots: 0.39ms
[2026-07-01T02:28:08.527+0000][80.970s][info][gc,phases   ] GC(114)   Evacuate Collection Set: 36.17ms
[2026-07-01T02:28:08.527+0000][80.970s][info][gc,phases   ] GC(114)   Post Evacuate Collection Set: 0.49ms
[2026-07-01T02:28:08.527+0000][80.970s][info][gc,phases   ] GC(114)   Other: 0.08ms
[2026-07-01T02:28:08.527+0000][80.970s][info][gc,heap     ] GC(114) Eden regions: 151->0(151)
[2026-07-01T02:28:08.527+0000][80.970s][info][gc,heap     ] GC(114) Survivor regions: 10->9(21)
[2026-07-01T02:28:08.527+0000][80.970s][info][gc,heap     ] GC(114) Old regions: 173->174
[2026-07-01T02:28:08.527+0000][80.970s][info][gc,heap     ] GC(114) Humongous regions: 3->3
[2026-07-01T02:28:08.527+0000][80.970s][info][gc,metaspace] GC(114) Metaspace: 41668K(42496K)->41668K(42496K) NonClass: 36538K(36992K)->36538K(36992K) Class: 5130K(5504K)->5130K(5504K)
[2026-07-01T02:28:08.527+0000][80.970s][info][gc          ] GC(114) Pause Young (Concurrent Start) (G1 Evacuation Pause) 336M->185M(356M) 37.535ms
[2026-07-01T02:28:08.527+0000][80.970s][info][gc          ] GC(115) Concurrent Mark Cycle
[2026-07-01T02:28:08.527+0000][80.970s][info][gc,cpu      ] GC(114) User=0.05s Sys=0.00s Real=0.03s
[2026-07-01T02:28:08.527+0000][80.970s][info][gc,marking  ] GC(115) Concurrent Scan Root Regions
[2026-07-01T02:28:08.545+0000][80.989s][info][gc,marking  ] GC(115) Concurrent Scan Root Regions 18.490ms
[2026-07-01T02:28:08.546+0000][80.989s][info][gc,marking  ] GC(115) Concurrent Mark
[2026-07-01T02:28:08.546+0000][80.989s][info][gc,marking  ] GC(115) Concurrent Mark From Roots
[2026-07-01T02:28:08.546+0000][80.989s][info][gc,task     ] GC(115) Using 1 workers of 1 for marking
[2026-07-01T02:28:08.909+0000][81.353s][info][gc,marking  ] GC(115) Concurrent Mark From Roots 363.752ms
[2026-07-01T02:28:08.909+0000][81.353s][info][gc,marking  ] GC(115) Concurrent Preclean
[2026-07-01T02:28:08.910+0000][81.353s][info][gc,marking  ] GC(115) Concurrent Preclean 0.115ms
[2026-07-01T02:28:08.910+0000][81.353s][info][gc,start    ] GC(115) Pause Remark
[2026-07-01T02:28:08.916+0000][81.360s][info][gc          ] GC(115) Pause Remark 226M->226M(356M) 6.596ms
[2026-07-01T02:28:08.916+0000][81.360s][info][gc,cpu      ] GC(115) User=0.02s Sys=0.00s Real=0.00s
[2026-07-01T02:28:08.920+0000][81.364s][info][gc,marking  ] GC(115) Concurrent Mark 374.504ms
[2026-07-01T02:28:08.920+0000][81.364s][info][gc,marking  ] GC(115) Concurrent Rebuild Remembered Sets and Scrub Regions
[2026-07-01T02:28:09.141+0000][81.584s][info][gc,marking  ] GC(115) Concurrent Rebuild Remembered Sets and Scrub Regions 220.492ms
[2026-07-01T02:28:09.141+0000][81.584s][info][gc,start    ] GC(115) Pause Cleanup
[2026-07-01T02:28:09.141+0000][81.585s][info][gc          ] GC(115) Pause Cleanup 250M->250M(356M) 0.194ms
[2026-07-01T02:28:09.141+0000][81.585s][info][gc,cpu      ] GC(115) User=0.00s Sys=0.00s Real=0.00s
[2026-07-01T02:28:09.141+0000][81.585s][info][gc,marking  ] GC(115) Concurrent Clear Claimed Marks
[2026-07-01T02:28:09.141+0000][81.585s][info][gc,marking  ] GC(115) Concurrent Clear Claimed Marks 0.088ms
[2026-07-01T02:28:09.141+0000][81.585s][info][gc,marking  ] GC(115) Concurrent Cleanup for Next Mark
[2026-07-01T02:28:09.143+0000][81.587s][info][gc,marking  ] GC(115) Concurrent Cleanup for Next Mark 1.811ms
[2026-07-01T02:28:09.143+0000][81.587s][info][gc          ] GC(115) Concurrent Mark Cycle 616.356ms
[2026-07-01T02:28:09.768+0000][82.212s][info][gc,start    ] GC(116) Pause Young (Prepare Mixed) (G1 Evacuation Pause)
[2026-07-01T02:28:09.768+0000][82.212s][info][gc,task     ] GC(116) Using 2 workers of 2 for evacuation
[2026-07-01T02:28:09.825+0000][82.268s][info][gc,phases   ] GC(116)   Pre Evacuate Collection Set: 0.19ms
[2026-07-01T02:28:09.825+0000][82.268s][info][gc,phases   ] GC(116)   Merge Heap Roots: 1.04ms
[2026-07-01T02:28:09.825+0000][82.268s][info][gc,phases   ] GC(116)   Evacuate Collection Set: 54.59ms
[2026-07-01T02:28:09.825+0000][82.268s][info][gc,phases   ] GC(116)   Post Evacuate Collection Set: 0.55ms
[2026-07-01T02:28:09.825+0000][82.268s][info][gc,phases   ] GC(116)   Other: 0.06ms
[2026-07-01T02:28:09.825+0000][82.268s][info][gc,heap     ] GC(116) Eden regions: 151->0(151)
[2026-07-01T02:28:09.825+0000][82.268s][info][gc,heap     ] GC(116) Survivor regions: 9->9(20)
[2026-07-01T02:28:09.825+0000][82.268s][info][gc,heap     ] GC(116) Old regions: 174->174
[2026-07-01T02:28:09.825+0000][82.268s][info][gc,heap     ] GC(116) Humongous regions: 3->3
[2026-07-01T02:28:09.825+0000][82.268s][info][gc,metaspace] GC(116) Metaspace: 41668K(42496K)->41668K(42496K) NonClass: 36538K(36992K)->36538K(36992K) Class: 5130K(5504K)->5130K(5504K)
[2026-07-01T02:28:09.825+0000][82.268s][info][gc          ] GC(116) Pause Young (Prepare Mixed) (G1 Evacuation Pause) 336M->185M(356M) 56.652ms
[2026-07-01T02:28:09.825+0000][82.268s][info][gc,cpu      ] GC(116) User=0.04s Sys=0.00s Real=0.05s
[2026-07-01T02:28:10.931+0000][83.375s][info][gc,start    ] GC(117) Pause Young (Mixed) (G1 Evacuation Pause)
[2026-07-01T02:28:10.931+0000][83.375s][info][gc,task     ] GC(117) Using 2 workers of 2 for evacuation
[2026-07-01T02:28:10.989+0000][83.433s][info][gc,phases   ] GC(117)   Pre Evacuate Collection Set: 0.21ms
[2026-07-01T02:28:10.989+0000][83.433s][info][gc,phases   ] GC(117)   Merge Heap Roots: 0.66ms
[2026-07-01T02:28:10.989+0000][83.433s][info][gc,phases   ] GC(117)   Evacuate Collection Set: 55.81ms
[2026-07-01T02:28:10.989+0000][83.433s][info][gc,phases   ] GC(117)   Post Evacuate Collection Set: 0.83ms
[2026-07-01T02:28:10.989+0000][83.433s][info][gc,phases   ] GC(117)   Other: 0.07ms
[2026-07-01T02:28:10.989+0000][83.433s][info][gc,heap     ] GC(117) Eden regions: 151->0(150)
[2026-07-01T02:28:10.989+0000][83.433s][info][gc,heap     ] GC(117) Survivor regions: 9->9(20)
[2026-07-01T02:28:10.989+0000][83.433s][info][gc,heap     ] GC(117) Old regions: 174->175
[2026-07-01T02:28:10.989+0000][83.433s][info][gc,heap     ] GC(117) Humongous regions: 3->3
[2026-07-01T02:28:10.989+0000][83.433s][info][gc,metaspace] GC(117) Metaspace: 41668K(42496K)->41668K(42496K) NonClass: 36538K(36992K)->36538K(36992K) Class: 5130K(5504K)->5130K(5504K)
[2026-07-01T02:28:10.989+0000][83.433s][info][gc          ] GC(117) Pause Young (Mixed) (G1 Evacuation Pause) 336M->186M(356M) 57.790ms
[2026-07-01T02:28:10.989+0000][83.433s][info][gc,cpu      ] GC(117) User=0.05s Sys=0.00s Real=0.06s
[2026-07-01T02:28:12.119+0000][84.562s][info][gc,start    ] GC(118) Pause Young (Concurrent Start) (G1 Evacuation Pause)
[2026-07-01T02:28:12.119+0000][84.562s][info][gc,task     ] GC(118) Using 2 workers of 2 for evacuation
[2026-07-01T02:28:12.143+0000][84.587s][info][gc,phases   ] GC(118)   Pre Evacuate Collection Set: 0.17ms
[2026-07-01T02:28:12.143+0000][84.587s][info][gc,phases   ] GC(118)   Merge Heap Roots: 0.38ms
[2026-07-01T02:28:12.143+0000][84.587s][info][gc,phases   ] GC(118)   Evacuate Collection Set: 22.95ms
[2026-07-01T02:28:12.143+0000][84.587s][info][gc,phases   ] GC(118)   Post Evacuate Collection Set: 0.52ms
[2026-07-01T02:28:12.143+0000][84.587s][info][gc,phases   ] GC(118)   Other: 0.10ms
[2026-07-01T02:28:12.143+0000][84.587s][info][gc,heap     ] GC(118) Eden regions: 150->0(150)
[2026-07-01T02:28:12.143+0000][84.587s][info][gc,heap     ] GC(118) Survivor regions: 9->9(20)
[2026-07-01T02:28:12.143+0000][84.587s][info][gc,heap     ] GC(118) Old regions: 175->175
[2026-07-01T02:28:12.143+0000][84.587s][info][gc,heap     ] GC(118) Humongous regions: 3->3
[2026-07-01T02:28:12.143+0000][84.587s][info][gc,metaspace] GC(118) Metaspace: 41668K(42496K)->41668K(42496K) NonClass: 36538K(36992K)->36538K(36992K) Class: 5130K(5504K)->5130K(5504K)
[2026-07-01T02:28:12.143+0000][84.587s][info][gc          ] GC(118) Pause Young (Concurrent Start) (G1 Evacuation Pause) 336M->186M(356M) 24.320ms
[2026-07-01T02:28:12.143+0000][84.587s][info][gc          ] GC(119) Concurrent Mark Cycle
[2026-07-01T02:28:12.143+0000][84.587s][info][gc,cpu      ] GC(118) User=0.05s Sys=0.00s Real=0.02s
[2026-07-01T02:28:12.143+0000][84.587s][info][gc,marking  ] GC(119) Concurrent Scan Root Regions
[2026-07-01T02:28:12.163+0000][84.606s][info][gc,marking  ] GC(119) Concurrent Scan Root Regions 19.647ms
[2026-07-01T02:28:12.163+0000][84.606s][info][gc,marking  ] GC(119) Concurrent Mark
[2026-07-01T02:28:12.163+0000][84.606s][info][gc,marking  ] GC(119) Concurrent Mark From Roots
[2026-07-01T02:28:12.163+0000][84.606s][info][gc,task     ] GC(119) Using 1 workers of 1 for marking
[2026-07-01T02:28:12.516+0000][84.959s][info][gc,marking  ] GC(119) Concurrent Mark From Roots 352.743ms
[2026-07-01T02:28:12.516+0000][84.959s][info][gc,marking  ] GC(119) Concurrent Preclean
[2026-07-01T02:28:12.516+0000][84.959s][info][gc,marking  ] GC(119) Concurrent Preclean 0.242ms
[2026-07-01T02:28:12.516+0000][84.960s][info][gc,start    ] GC(119) Pause Remark
[2026-07-01T02:28:12.522+0000][84.966s][info][gc          ] GC(119) Pause Remark 227M->227M(356M) 6.470ms
[2026-07-01T02:28:12.522+0000][84.966s][info][gc,cpu      ] GC(119) User=0.01s Sys=0.00s Real=0.01s
[2026-07-01T02:28:12.524+0000][84.968s][info][gc,marking  ] GC(119) Concurrent Mark 361.309ms
[2026-07-01T02:28:12.524+0000][84.968s][info][gc,marking  ] GC(119) Concurrent Rebuild Remembered Sets and Scrub Regions
[2026-07-01T02:28:12.690+0000][85.134s][info][gc,marking  ] GC(119) Concurrent Rebuild Remembered Sets and Scrub Regions 166.099ms
[2026-07-01T02:28:12.690+0000][85.134s][info][gc,start    ] GC(119) Pause Cleanup
[2026-07-01T02:28:12.691+0000][85.134s][info][gc          ] GC(119) Pause Cleanup 244M->244M(356M) 0.151ms
[2026-07-01T02:28:12.691+0000][85.134s][info][gc,cpu      ] GC(119) User=0.00s Sys=0.00s Real=0.00s
[2026-07-01T02:28:12.691+0000][85.134s][info][gc,marking  ] GC(119) Concurrent Clear Claimed Marks
[2026-07-01T02:28:12.691+0000][85.134s][info][gc,marking  ] GC(119) Concurrent Clear Claimed Marks 0.094ms
[2026-07-01T02:28:12.691+0000][85.134s][info][gc,marking  ] GC(119) Concurrent Cleanup for Next Mark
[2026-07-01T02:28:12.691+0000][85.135s][info][gc,marking  ] GC(119) Concurrent Cleanup for Next Mark 0.616ms
[2026-07-01T02:28:12.691+0000][85.135s][info][gc          ] GC(119) Concurrent Mark Cycle 548.413ms
[2026-07-01T02:28:13.383+0000][85.827s][info][gc,start    ] GC(120) Pause Young (Prepare Mixed) (G1 Evacuation Pause)
[2026-07-01T02:28:13.383+0000][85.827s][info][gc,task     ] GC(120) Using 2 workers of 2 for evacuation
[2026-07-01T02:28:13.407+0000][85.851s][info][gc,phases   ] GC(120)   Pre Evacuate Collection Set: 0.20ms
[2026-07-01T02:28:13.407+0000][85.851s][info][gc,phases   ] GC(120)   Merge Heap Roots: 0.58ms
[2026-07-01T02:28:13.407+0000][85.851s][info][gc,phases   ] GC(120)   Evacuate Collection Set: 22.63ms
[2026-07-01T02:28:13.407+0000][85.851s][info][gc,phases   ] GC(120)   Post Evacuate Collection Set: 0.54ms
[2026-07-01T02:28:13.407+0000][85.851s][info][gc,phases   ] GC(120)   Other: 0.08ms
[2026-07-01T02:28:13.407+0000][85.851s][info][gc,heap     ] GC(120) Eden regions: 150->0(149)
[2026-07-01T02:28:13.407+0000][85.851s][info][gc,heap     ] GC(120) Survivor regions: 9->9(20)
[2026-07-01T02:28:13.407+0000][85.851s][info][gc,heap     ] GC(120) Old regions: 175->176
[2026-07-01T02:28:13.407+0000][85.851s][info][gc,heap     ] GC(120) Humongous regions: 3->3
[2026-07-01T02:28:13.407+0000][85.851s][info][gc,metaspace] GC(120) Metaspace: 41673K(42496K)->41673K(42496K) NonClass: 36542K(36992K)->36542K(36992K) Class: 5130K(5504K)->5130K(5504K)
[2026-07-01T02:28:13.407+0000][85.851s][info][gc          ] GC(120) Pause Young (Prepare Mixed) (G1 Evacuation Pause) 336M->187M(356M) 24.231ms
[2026-07-01T02:28:13.407+0000][85.851s][info][gc,cpu      ] GC(120) User=0.05s Sys=0.00s Real=0.02s
[2026-07-01T02:28:14.320+0000][86.763s][info][gc,start    ] GC(121) Pause Young (Mixed) (G1 Evacuation Pause)
[2026-07-01T02:28:14.320+0000][86.763s][info][gc,task     ] GC(121) Using 2 workers of 2 for evacuation
[2026-07-01T02:28:14.346+0000][86.790s][info][gc,phases   ] GC(121)   Pre Evacuate Collection Set: 0.35ms
[2026-07-01T02:28:14.346+0000][86.790s][info][gc,phases   ] GC(121)   Merge Heap Roots: 0.41ms
[2026-07-01T02:28:14.346+0000][86.790s][info][gc,phases   ] GC(121)   Evacuate Collection Set: 25.43ms
[2026-07-01T02:28:14.346+0000][86.790s][info][gc,phases   ] GC(121)   Post Evacuate Collection Set: 0.49ms
[2026-07-01T02:28:14.346+0000][86.790s][info][gc,phases   ] GC(121)   Other: 0.06ms
[2026-07-01T02:28:14.346+0000][86.790s][info][gc,heap     ] GC(121) Eden regions: 149->0(149)
[2026-07-01T02:28:14.346+0000][86.790s][info][gc,heap     ] GC(121) Survivor regions: 9->9(20)
[2026-07-01T02:28:14.346+0000][86.790s][info][gc,heap     ] GC(121) Old regions: 176->176
[2026-07-01T02:28:14.346+0000][86.790s][info][gc,heap     ] GC(121) Humongous regions: 3->3
[2026-07-01T02:28:14.346+0000][86.790s][info][gc,metaspace] GC(121) Metaspace: 41675K(42496K)->41675K(42496K) NonClass: 36544K(36992K)->36544K(36992K) Class: 5131K(5504K)->5131K(5504K)
[2026-07-01T02:28:14.347+0000][86.790s][info][gc          ] GC(121) Pause Young (Mixed) (G1 Evacuation Pause) 336M->187M(356M) 26.889ms
[2026-07-01T02:28:14.347+0000][86.790s][info][gc,cpu      ] GC(121) User=0.05s Sys=0.00s Real=0.02s
[2026-07-01T02:28:15.037+0000][87.481s][info][gc,start    ] GC(122) Pause Young (Concurrent Start) (G1 Evacuation Pause)
[2026-07-01T02:28:15.037+0000][87.481s][info][gc,task     ] GC(122) Using 2 workers of 2 for evacuation
[2026-07-01T02:28:15.054+0000][87.498s][info][gc,phases   ] GC(122)   Pre Evacuate Collection Set: 0.20ms
[2026-07-01T02:28:15.054+0000][87.498s][info][gc,phases   ] GC(122)   Merge Heap Roots: 0.42ms
[2026-07-01T02:28:15.054+0000][87.498s][info][gc,phases   ] GC(122)   Evacuate Collection Set: 15.89ms
[2026-07-01T02:28:15.054+0000][87.498s][info][gc,phases   ] GC(122)   Post Evacuate Collection Set: 0.46ms
[2026-07-01T02:28:15.054+0000][87.498s][info][gc,phases   ] GC(122)   Other: 0.10ms
[2026-07-01T02:28:15.054+0000][87.498s][info][gc,heap     ] GC(122) Eden regions: 149->0(148)
[2026-07-01T02:28:15.054+0000][87.498s][info][gc,heap     ] GC(122) Survivor regions: 9->9(20)
[2026-07-01T02:28:15.054+0000][87.498s][info][gc,heap     ] GC(122) Old regions: 176->177
[2026-07-01T02:28:15.054+0000][87.498s][info][gc,heap     ] GC(122) Humongous regions: 3->3
[2026-07-01T02:28:15.054+0000][87.498s][info][gc,metaspace] GC(122) Metaspace: 41675K(42496K)->41675K(42496K) NonClass: 36544K(36992K)->36544K(36992K) Class: 5131K(5504K)->5131K(5504K)
[2026-07-01T02:28:15.055+0000][87.498s][info][gc          ] GC(122) Pause Young (Concurrent Start) (G1 Evacuation Pause) 336M->188M(356M) 17.230ms
[2026-07-01T02:28:15.055+0000][87.498s][info][gc          ] GC(123) Concurrent Mark Cycle
[2026-07-01T02:28:15.055+0000][87.498s][info][gc,marking  ] GC(123) Concurrent Scan Root Regions
[2026-07-01T02:28:15.055+0000][87.498s][info][gc,cpu      ] GC(122) User=0.03s Sys=0.00s Real=0.02s
[2026-07-01T02:28:15.083+0000][87.527s][info][gc,marking  ] GC(123) Concurrent Scan Root Regions 28.546ms
[2026-07-01T02:28:15.083+0000][87.527s][info][gc,marking  ] GC(123) Concurrent Mark
[2026-07-01T02:28:15.083+0000][87.527s][info][gc,marking  ] GC(123) Concurrent Mark From Roots
[2026-07-01T02:28:15.083+0000][87.527s][info][gc,task     ] GC(123) Using 1 workers of 1 for marking
[2026-07-01T02:28:15.598+0000][88.042s][info][gc,marking  ] GC(123) Concurrent Mark From Roots 514.792ms
[2026-07-01T02:28:15.598+0000][88.042s][info][gc,marking  ] GC(123) Concurrent Preclean
[2026-07-01T02:28:15.598+0000][88.042s][info][gc,marking  ] GC(123) Concurrent Preclean 0.153ms
[2026-07-01T02:28:15.598+0000][88.042s][info][gc,start    ] GC(123) Pause Remark
[2026-07-01T02:28:15.604+0000][88.048s][info][gc          ] GC(123) Pause Remark 279M->279M(356M) 6.035ms
[2026-07-01T02:28:15.604+0000][88.048s][info][gc,cpu      ] GC(123) User=0.01s Sys=0.00s Real=0.00s
[2026-07-01T02:28:15.607+0000][88.050s][info][gc,marking  ] GC(123) Concurrent Mark 523.542ms
[2026-07-01T02:28:15.607+0000][88.050s][info][gc,marking  ] GC(123) Concurrent Rebuild Remembered Sets and Scrub Regions
[2026-07-01T02:28:15.903+0000][88.347s][info][gc,start    ] GC(124) Pause Young (Normal) (G1 Evacuation Pause)
[2026-07-01T02:28:15.903+0000][88.347s][info][gc,task     ] GC(124) Using 2 workers of 2 for evacuation
[2026-07-01T02:28:15.921+0000][88.365s][info][gc,phases   ] GC(124)   Pre Evacuate Collection Set: 0.17ms
[2026-07-01T02:28:15.921+0000][88.365s][info][gc,phases   ] GC(124)   Merge Heap Roots: 0.47ms
[2026-07-01T02:28:15.921+0000][88.365s][info][gc,phases   ] GC(124)   Evacuate Collection Set: 16.53ms
[2026-07-01T02:28:15.921+0000][88.365s][info][gc,phases   ] GC(124)   Post Evacuate Collection Set: 0.57ms
[2026-07-01T02:28:15.921+0000][88.365s][info][gc,phases   ] GC(124)   Other: 0.05ms
[2026-07-01T02:28:15.921+0000][88.365s][info][gc,heap     ] GC(124) Eden regions: 148->0(148)
[2026-07-01T02:28:15.921+0000][88.365s][info][gc,heap     ] GC(124) Survivor regions: 9->9(20)
[2026-07-01T02:28:15.921+0000][88.365s][info][gc,heap     ] GC(124) Old regions: 177->177
[2026-07-01T02:28:15.921+0000][88.365s][info][gc,heap     ] GC(124) Humongous regions: 3->3
[2026-07-01T02:28:15.921+0000][88.365s][info][gc,metaspace] GC(124) Metaspace: 41675K(42496K)->41675K(42496K) NonClass: 36544K(36992K)->36544K(36992K) Class: 5131K(5504K)->5131K(5504K)
[2026-07-01T02:28:15.921+0000][88.365s][info][gc          ] GC(124) Pause Young (Normal) (G1 Evacuation Pause) 336M->188M(356M) 17.955ms
[2026-07-01T02:28:15.921+0000][88.365s][info][gc,cpu      ] GC(124) User=0.03s Sys=0.00s Real=0.02s
[2026-07-01T02:28:16.020+0000][88.464s][info][gc,marking  ] GC(123) Concurrent Rebuild Remembered Sets and Scrub Regions 413.264ms
[2026-07-01T02:28:16.020+0000][88.464s][info][gc,start    ] GC(123) Pause Cleanup
[2026-07-01T02:28:16.021+0000][88.464s][info][gc          ] GC(123) Pause Cleanup 209M->209M(356M) 0.221ms
[2026-07-01T02:28:16.021+0000][88.464s][info][gc,cpu      ] GC(123) User=0.00s Sys=0.00s Real=0.00s
[2026-07-01T02:28:16.022+0000][88.465s][info][gc,marking  ] GC(123) Concurrent Clear Claimed Marks
[2026-07-01T02:28:16.022+0000][88.466s][info][gc,marking  ] GC(123) Concurrent Clear Claimed Marks 0.476ms
[2026-07-01T02:28:16.022+0000][88.466s][info][gc,marking  ] GC(123) Concurrent Cleanup for Next Mark
[2026-07-01T02:28:16.027+0000][88.470s][info][gc,marking  ] GC(123) Concurrent Cleanup for Next Mark 4.517ms
[2026-07-01T02:28:16.027+0000][88.470s][info][gc          ] GC(123) Concurrent Mark Cycle 972.264ms
[2026-07-01T02:28:16.613+0000][89.057s][info][gc,start    ] GC(125) Pause Young (Prepare Mixed) (G1 Evacuation Pause)
[2026-07-01T02:28:16.613+0000][89.057s][info][gc,task     ] GC(125) Using 2 workers of 2 for evacuation
[2026-07-01T02:28:16.635+0000][89.079s][info][gc,phases   ] GC(125)   Pre Evacuate Collection Set: 0.18ms
[2026-07-01T02:28:16.635+0000][89.079s][info][gc,phases   ] GC(125)   Merge Heap Roots: 0.80ms
[2026-07-01T02:28:16.635+0000][89.079s][info][gc,phases   ] GC(125)   Evacuate Collection Set: 20.25ms
[2026-07-01T02:28:16.635+0000][89.079s][info][gc,phases   ] GC(125)   Post Evacuate Collection Set: 0.43ms
[2026-07-01T02:28:16.635+0000][89.079s][info][gc,phases   ] GC(125)   Other: 0.06ms
[2026-07-01T02:28:16.635+0000][89.079s][info][gc,heap     ] GC(125) Eden regions: 148->0(147)
[2026-07-01T02:28:16.635+0000][89.079s][info][gc,heap     ] GC(125) Survivor regions: 9->9(20)
[2026-07-01T02:28:16.635+0000][89.079s][info][gc,heap     ] GC(125) Old regions: 177->178
[2026-07-01T02:28:16.635+0000][89.079s][info][gc,heap     ] GC(125) Humongous regions: 3->3
[2026-07-01T02:28:16.635+0000][89.079s][info][gc,metaspace] GC(125) Metaspace: 41675K(42496K)->41675K(42496K) NonClass: 36544K(36992K)->36544K(36992K) Class: 5131K(5504K)->5131K(5504K)
[2026-07-01T02:28:16.635+0000][89.079s][info][gc          ] GC(125) Pause Young (Prepare Mixed) (G1 Evacuation Pause) 336M->189M(356M) 21.947ms
[2026-07-01T02:28:16.635+0000][89.079s][info][gc,cpu      ] GC(125) User=0.04s Sys=0.00s Real=0.02s
[2026-07-01T02:28:17.312+0000][89.756s][info][gc,start    ] GC(126) Pause Young (Mixed) (G1 Evacuation Pause)
[2026-07-01T02:28:17.312+0000][89.756s][info][gc,task     ] GC(126) Using 2 workers of 2 for evacuation
[2026-07-01T02:28:17.334+0000][89.778s][info][gc,phases   ] GC(126)   Pre Evacuate Collection Set: 0.25ms
[2026-07-01T02:28:17.334+0000][89.778s][info][gc,phases   ] GC(126)   Merge Heap Roots: 0.40ms
[2026-07-01T02:28:17.334+0000][89.778s][info][gc,phases   ] GC(126)   Evacuate Collection Set: 20.24ms
[2026-07-01T02:28:17.334+0000][89.778s][info][gc,phases   ] GC(126)   Post Evacuate Collection Set: 0.53ms
[2026-07-01T02:28:17.334+0000][89.778s][info][gc,phases   ] GC(126)   Other: 0.06ms
[2026-07-01T02:28:17.334+0000][89.778s][info][gc,heap     ] GC(126) Eden regions: 147->0(147)
[2026-07-01T02:28:17.334+0000][89.778s][info][gc,heap     ] GC(126) Survivor regions: 9->9(20)
[2026-07-01T02:28:17.334+0000][89.778s][info][gc,heap     ] GC(126) Old regions: 178->178
[2026-07-01T02:28:17.334+0000][89.778s][info][gc,heap     ] GC(126) Humongous regions: 3->3
[2026-07-01T02:28:17.334+0000][89.778s][info][gc,metaspace] GC(126) Metaspace: 41675K(42496K)->41675K(42496K) NonClass: 36544K(36992K)->36544K(36992K) Class: 5131K(5504K)->5131K(5504K)
[2026-07-01T02:28:17.334+0000][89.778s][info][gc          ] GC(126) Pause Young (Mixed) (G1 Evacuation Pause) 336M->189M(356M) 21.660ms
[2026-07-01T02:28:17.334+0000][89.778s][info][gc,cpu      ] GC(126) User=0.04s Sys=0.00s Real=0.02s
[2026-07-01T02:28:18.001+0000][90.445s][info][gc,start    ] GC(127) Pause Young (Concurrent Start) (G1 Evacuation Pause)
[2026-07-01T02:28:18.001+0000][90.445s][info][gc,task     ] GC(127) Using 2 workers of 2 for evacuation
[2026-07-01T02:28:18.026+0000][90.469s][info][gc,phases   ] GC(127)   Pre Evacuate Collection Set: 0.20ms
[2026-07-01T02:28:18.026+0000][90.469s][info][gc,phases   ] GC(127)   Merge Heap Roots: 0.34ms
[2026-07-01T02:28:18.026+0000][90.469s][info][gc,phases   ] GC(127)   Evacuate Collection Set: 23.39ms
[2026-07-01T02:28:18.026+0000][90.469s][info][gc,phases   ] GC(127)   Post Evacuate Collection Set: 0.52ms
[2026-07-01T02:28:18.026+0000][90.469s][info][gc,phases   ] GC(127)   Other: 0.11ms
[2026-07-01T02:28:18.026+0000][90.469s][info][gc,heap     ] GC(127) Eden regions: 147->0(146)
[2026-07-01T02:28:18.026+0000][90.469s][info][gc,heap     ] GC(127) Survivor regions: 9->9(20)
[2026-07-01T02:28:18.026+0000][90.469s][info][gc,heap     ] GC(127) Old regions: 178->179
[2026-07-01T02:28:18.026+0000][90.469s][info][gc,heap     ] GC(127) Humongous regions: 3->3
[2026-07-01T02:28:18.026+0000][90.469s][info][gc,metaspace] GC(127) Metaspace: 41675K(42496K)->41675K(42496K) NonClass: 36544K(36992K)->36544K(36992K) Class: 5131K(5504K)->5131K(5504K)
[2026-07-01T02:28:18.026+0000][90.469s][info][gc          ] GC(127) Pause Young (Concurrent Start) (G1 Evacuation Pause) 336M->190M(356M) 24.766ms
[2026-07-01T02:28:18.026+0000][90.469s][info][gc          ] GC(128) Concurrent Mark Cycle
[2026-07-01T02:28:18.026+0000][90.469s][info][gc,marking  ] GC(128) Concurrent Scan Root Regions
[2026-07-01T02:28:18.026+0000][90.469s][info][gc,cpu      ] GC(127) User=0.05s Sys=0.00s Real=0.02s
[2026-07-01T02:28:18.044+0000][90.488s][info][gc,marking  ] GC(128) Concurrent Scan Root Regions 18.044ms
[2026-07-01T02:28:18.044+0000][90.488s][info][gc,marking  ] GC(128) Concurrent Mark
[2026-07-01T02:28:18.044+0000][90.488s][info][gc,marking  ] GC(128) Concurrent Mark From Roots
[2026-07-01T02:28:18.044+0000][90.488s][info][gc,task     ] GC(128) Using 1 workers of 1 for marking
[2026-07-01T02:28:18.788+0000][91.232s][info][gc,start    ] GC(129) Pause Young (Normal) (G1 Evacuation Pause)
[2026-07-01T02:28:18.788+0000][91.232s][info][gc,task     ] GC(129) Using 2 workers of 2 for evacuation
[2026-07-01T02:28:18.812+0000][91.256s][info][gc,phases   ] GC(129)   Pre Evacuate Collection Set: 0.21ms
[2026-07-01T02:28:18.812+0000][91.256s][info][gc,phases   ] GC(129)   Merge Heap Roots: 0.46ms
[2026-07-01T02:28:18.812+0000][91.256s][info][gc,phases   ] GC(129)   Evacuate Collection Set: 22.28ms
[2026-07-01T02:28:18.812+0000][91.256s][info][gc,phases   ] GC(129)   Post Evacuate Collection Set: 0.54ms
[2026-07-01T02:28:18.812+0000][91.256s][info][gc,phases   ] GC(129)   Other: 0.06ms
[2026-07-01T02:28:18.812+0000][91.256s][info][gc,heap     ] GC(129) Eden regions: 146->0(146)
[2026-07-01T02:28:18.812+0000][91.256s][info][gc,heap     ] GC(129) Survivor regions: 9->9(20)
[2026-07-01T02:28:18.812+0000][91.256s][info][gc,heap     ] GC(129) Old regions: 179->179
[2026-07-01T02:28:18.812+0000][91.256s][info][gc,heap     ] GC(129) Humongous regions: 3->3
[2026-07-01T02:28:18.812+0000][91.256s][info][gc,metaspace] GC(129) Metaspace: 41675K(42496K)->41675K(42496K) NonClass: 36544K(36992K)->36544K(36992K) Class: 5131K(5504K)->5131K(5504K)
[2026-07-01T02:28:18.812+0000][91.256s][info][gc          ] GC(129) Pause Young (Normal) (G1 Evacuation Pause) 336M->190M(356M) 23.732ms
[2026-07-01T02:28:18.812+0000][91.256s][info][gc,cpu      ] GC(129) User=0.04s Sys=0.00s Real=0.02s
[2026-07-01T02:28:18.840+0000][91.283s][info][gc,marking  ] GC(128) Concurrent Mark From Roots 795.602ms
[2026-07-01T02:28:18.840+0000][91.283s][info][gc,marking  ] GC(128) Concurrent Preclean
[2026-07-01T02:28:18.840+0000][91.283s][info][gc,marking  ] GC(128) Concurrent Preclean 0.082ms
[2026-07-01T02:28:18.840+0000][91.283s][info][gc,start    ] GC(128) Pause Remark
[2026-07-01T02:28:18.847+0000][91.291s][info][gc          ] GC(128) Pause Remark 196M->196M(356M) 7.153ms
[2026-07-01T02:28:18.847+0000][91.291s][info][gc,cpu      ] GC(128) User=0.02s Sys=0.00s Real=0.00s
[2026-07-01T02:28:18.850+0000][91.293s][info][gc,marking  ] GC(128) Concurrent Mark 805.891ms
[2026-07-01T02:28:18.850+0000][91.293s][info][gc,marking  ] GC(128) Concurrent Rebuild Remembered Sets and Scrub Regions
[2026-07-01T02:28:19.155+0000][91.599s][info][gc,marking  ] GC(128) Concurrent Rebuild Remembered Sets and Scrub Regions 305.174ms
[2026-07-01T02:28:19.155+0000][91.599s][info][gc,start    ] GC(128) Pause Cleanup
[2026-07-01T02:28:19.155+0000][91.599s][info][gc          ] GC(128) Pause Cleanup 252M->252M(356M) 0.216ms
[2026-07-01T02:28:19.155+0000][91.599s][info][gc,cpu      ] GC(128) User=0.00s Sys=0.00s Real=0.00s
[2026-07-01T02:28:19.157+0000][91.601s][info][gc,marking  ] GC(128) Concurrent Clear Claimed Marks
[2026-07-01T02:28:19.157+0000][91.601s][info][gc,marking  ] GC(128) Concurrent Clear Claimed Marks 0.183ms
[2026-07-01T02:28:19.157+0000][91.601s][info][gc,marking  ] GC(128) Concurrent Cleanup for Next Mark
[2026-07-01T02:28:19.158+0000][91.602s][info][gc,marking  ] GC(128) Concurrent Cleanup for Next Mark 0.973ms
[2026-07-01T02:28:19.158+0000][91.602s][info][gc          ] GC(128) Concurrent Mark Cycle 1132.571ms
[2026-07-01T02:28:19.541+0000][91.985s][info][gc,start    ] GC(130) Pause Young (Prepare Mixed) (G1 Evacuation Pause)
[2026-07-01T02:28:19.541+0000][91.985s][info][gc,task     ] GC(130) Using 2 workers of 2 for evacuation
[2026-07-01T02:28:19.564+0000][92.008s][info][gc,phases   ] GC(130)   Pre Evacuate Collection Set: 0.23ms
[2026-07-01T02:28:19.565+0000][92.008s][info][gc,phases   ] GC(130)   Merge Heap Roots: 1.05ms
[2026-07-01T02:28:19.565+0000][92.008s][info][gc,phases   ] GC(130)   Evacuate Collection Set: 21.77ms
[2026-07-01T02:28:19.565+0000][92.008s][info][gc,phases   ] GC(130)   Post Evacuate Collection Set: 0.44ms
[2026-07-01T02:28:19.565+0000][92.008s][info][gc,phases   ] GC(130)   Other: 0.08ms
[2026-07-01T02:28:19.565+0000][92.008s][info][gc,heap     ] GC(130) Eden regions: 146->0(145)
[2026-07-01T02:28:19.565+0000][92.008s][info][gc,heap     ] GC(130) Survivor regions: 9->9(20)
[2026-07-01T02:28:19.565+0000][92.008s][info][gc,heap     ] GC(130) Old regions: 179->180
[2026-07-01T02:28:19.565+0000][92.008s][info][gc,heap     ] GC(130) Humongous regions: 3->3
[2026-07-01T02:28:19.565+0000][92.008s][info][gc,metaspace] GC(130) Metaspace: 41675K(42496K)->41675K(42496K) NonClass: 36544K(36992K)->36544K(36992K) Class: 5131K(5504K)->5131K(5504K)
[2026-07-01T02:28:19.565+0000][92.008s][info][gc          ] GC(130) Pause Young (Prepare Mixed) (G1 Evacuation Pause) 336M->191M(356M) 23.737ms
[2026-07-01T02:28:19.565+0000][92.008s][info][gc,cpu      ] GC(130) User=0.05s Sys=0.00s Real=0.02s
[2026-07-01T02:28:20.226+0000][92.670s][info][gc,start    ] GC(131) Pause Young (Mixed) (G1 Evacuation Pause)
[2026-07-01T02:28:20.226+0000][92.670s][info][gc,task     ] GC(131) Using 2 workers of 2 for evacuation
[2026-07-01T02:28:20.250+0000][92.694s][info][gc,phases   ] GC(131)   Pre Evacuate Collection Set: 0.27ms
[2026-07-01T02:28:20.250+0000][92.694s][info][gc,phases   ] GC(131)   Merge Heap Roots: 0.70ms
[2026-07-01T02:28:20.250+0000][92.694s][info][gc,phases   ] GC(131)   Evacuate Collection Set: 22.28ms
[2026-07-01T02:28:20.250+0000][92.694s][info][gc,phases   ] GC(131)   Post Evacuate Collection Set: 0.45ms
[2026-07-01T02:28:20.250+0000][92.694s][info][gc,phases   ] GC(131)   Other: 0.07ms
[2026-07-01T02:28:20.250+0000][92.694s][info][gc,heap     ] GC(131) Eden regions: 145->0(145)
[2026-07-01T02:28:20.250+0000][92.694s][info][gc,heap     ] GC(131) Survivor regions: 9->9(20)
[2026-07-01T02:28:20.250+0000][92.694s][info][gc,heap     ] GC(131) Old regions: 180->180
[2026-07-01T02:28:20.250+0000][92.694s][info][gc,heap     ] GC(131) Humongous regions: 3->3
[2026-07-01T02:28:20.250+0000][92.694s][info][gc,metaspace] GC(131) Metaspace: 41676K(42496K)->41676K(42496K) NonClass: 36545K(36992K)->36545K(36992K) Class: 5131K(5504K)->5131K(5504K)
[2026-07-01T02:28:20.250+0000][92.694s][info][gc          ] GC(131) Pause Young (Mixed) (G1 Evacuation Pause) 336M->191M(356M) 23.924ms
[2026-07-01T02:28:20.250+0000][92.694s][info][gc,cpu      ] GC(131) User=0.04s Sys=0.00s Real=0.03s
[2026-07-01T02:28:20.927+0000][93.371s][info][gc,start    ] GC(132) Pause Young (Concurrent Start) (G1 Evacuation Pause)
[2026-07-01T02:28:20.927+0000][93.371s][info][gc,task     ] GC(132) Using 2 workers of 2 for evacuation
[2026-07-01T02:28:20.944+0000][93.388s][info][gc,phases   ] GC(132)   Pre Evacuate Collection Set: 0.23ms
[2026-07-01T02:28:20.944+0000][93.388s][info][gc,phases   ] GC(132)   Merge Heap Roots: 0.40ms
[2026-07-01T02:28:20.944+0000][93.388s][info][gc,phases   ] GC(132)   Evacuate Collection Set: 16.24ms
[2026-07-01T02:28:20.944+0000][93.388s][info][gc,phases   ] GC(132)   Post Evacuate Collection Set: 0.45ms
[2026-07-01T02:28:20.944+0000][93.388s][info][gc,phases   ] GC(132)   Other: 0.08ms
[2026-07-01T02:28:20.944+0000][93.388s][info][gc,heap     ] GC(132) Eden regions: 145->0(144)
[2026-07-01T02:28:20.944+0000][93.388s][info][gc,heap     ] GC(132) Survivor regions: 9->9(20)
[2026-07-01T02:28:20.944+0000][93.388s][info][gc,heap     ] GC(132) Old regions: 180->181
[2026-07-01T02:28:20.944+0000][93.388s][info][gc,heap     ] GC(132) Humongous regions: 3->3
[2026-07-01T02:28:20.944+0000][93.388s][info][gc,metaspace] GC(132) Metaspace: 41676K(42496K)->41676K(42496K) NonClass: 36545K(36992K)->36545K(36992K) Class: 5131K(5504K)->5131K(5504K)
[2026-07-01T02:28:20.945+0000][93.388s][info][gc          ] GC(132) Pause Young (Concurrent Start) (G1 Evacuation Pause) 336M->192M(356M) 17.567ms
[2026-07-01T02:28:20.945+0000][93.388s][info][gc          ] GC(133) Concurrent Mark Cycle
[2026-07-01T02:28:20.945+0000][93.388s][info][gc,cpu      ] GC(132) User=0.03s Sys=0.00s Real=0.02s
[2026-07-01T02:28:20.945+0000][93.388s][info][gc,marking  ] GC(133) Concurrent Scan Root Regions
[2026-07-01T02:28:20.962+0000][93.406s][info][gc,marking  ] GC(133) Concurrent Scan Root Regions 17.800ms
[2026-07-01T02:28:20.962+0000][93.406s][info][gc,marking  ] GC(133) Concurrent Mark
[2026-07-01T02:28:20.962+0000][93.406s][info][gc,marking  ] GC(133) Concurrent Mark From Roots
[2026-07-01T02:28:20.962+0000][93.406s][info][gc,task     ] GC(133) Using 1 workers of 1 for marking
[2026-07-01T02:28:21.541+0000][93.984s][info][gc,marking  ] GC(133) Concurrent Mark From Roots 578.119ms
[2026-07-01T02:28:21.541+0000][93.984s][info][gc,marking  ] GC(133) Concurrent Preclean
[2026-07-01T02:28:21.541+0000][93.985s][info][gc,marking  ] GC(133) Concurrent Preclean 0.183ms
[2026-07-01T02:28:21.541+0000][93.985s][info][gc,start    ] GC(133) Pause Remark
[2026-07-01T02:28:21.549+0000][93.993s][info][gc          ] GC(133) Pause Remark 296M->296M(356M) 7.917ms
[2026-07-01T02:28:21.549+0000][93.993s][info][gc,cpu      ] GC(133) User=0.02s Sys=0.00s Real=0.01s
[2026-07-01T02:28:21.552+0000][93.996s][info][gc,marking  ] GC(133) Concurrent Mark 589.624ms
[2026-07-01T02:28:21.552+0000][93.996s][info][gc,marking  ] GC(133) Concurrent Rebuild Remembered Sets and Scrub Regions
[2026-07-01T02:28:21.768+0000][94.212s][info][gc,start    ] GC(134) Pause Young (Normal) (G1 Evacuation Pause)
[2026-07-01T02:28:21.768+0000][94.212s][info][gc,task     ] GC(134) Using 2 workers of 2 for evacuation
[2026-07-01T02:28:21.793+0000][94.237s][info][gc,phases   ] GC(134)   Pre Evacuate Collection Set: 0.14ms
[2026-07-01T02:28:21.793+0000][94.237s][info][gc,phases   ] GC(134)   Merge Heap Roots: 0.50ms
[2026-07-01T02:28:21.793+0000][94.237s][info][gc,phases   ] GC(134)   Evacuate Collection Set: 23.70ms
[2026-07-01T02:28:21.793+0000][94.237s][info][gc,phases   ] GC(134)   Post Evacuate Collection Set: 0.69ms
[2026-07-01T02:28:21.793+0000][94.237s][info][gc,phases   ] GC(134)   Other: 0.06ms
[2026-07-01T02:28:21.793+0000][94.237s][info][gc,heap     ] GC(134) Eden regions: 144->0(144)
[2026-07-01T02:28:21.793+0000][94.237s][info][gc,heap     ] GC(134) Survivor regions: 9->9(20)
[2026-07-01T02:28:21.793+0000][94.237s][info][gc,heap     ] GC(134) Old regions: 181->181
[2026-07-01T02:28:21.793+0000][94.237s][info][gc,heap     ] GC(134) Humongous regions: 3->3
[2026-07-01T02:28:21.793+0000][94.237s][info][gc,metaspace] GC(134) Metaspace: 41681K(42496K)->41681K(42496K) NonClass: 36550K(36992K)->36550K(36992K) Class: 5131K(5504K)->5131K(5504K)
[2026-07-01T02:28:21.793+0000][94.237s][info][gc          ] GC(134) Pause Young (Normal) (G1 Evacuation Pause) 336M->192M(356M) 25.231ms
[2026-07-01T02:28:21.793+0000][94.237s][info][gc,cpu      ] GC(134) User=0.05s Sys=0.00s Real=0.02s
[2026-07-01T02:28:21.850+0000][94.294s][info][gc,marking  ] GC(133) Concurrent Rebuild Remembered Sets and Scrub Regions 298.195ms
[2026-07-01T02:28:21.850+0000][94.294s][info][gc,start    ] GC(133) Pause Cleanup
[2026-07-01T02:28:21.851+0000][94.294s][info][gc          ] GC(133) Pause Cleanup 205M->205M(356M) 0.156ms
[2026-07-01T02:28:21.851+0000][94.294s][info][gc,cpu      ] GC(133) User=0.00s Sys=0.00s Real=0.00s
[2026-07-01T02:28:21.852+0000][94.296s][info][gc,marking  ] GC(133) Concurrent Clear Claimed Marks
[2026-07-01T02:28:21.853+0000][94.296s][info][gc,marking  ] GC(133) Concurrent Clear Claimed Marks 0.166ms
[2026-07-01T02:28:21.853+0000][94.296s][info][gc,marking  ] GC(133) Concurrent Cleanup for Next Mark
[2026-07-01T02:28:21.858+0000][94.302s][info][gc,marking  ] GC(133) Concurrent Cleanup for Next Mark 5.282ms
[2026-07-01T02:28:21.858+0000][94.302s][info][gc          ] GC(133) Concurrent Mark Cycle 913.384ms
